  Determining projects to restore...
  All projects are up-to-date for restore.
  Urbeat.Domain -> C:\Projetos\urbeat\backend\src\Urbeat.Domain\bin\Debug\net9.0\Urbeat.Domain.dll
  Urbeat.Application -> C:\Projetos\urbeat\backend\src\Urbeat.Application\bin\Debug\net9.0\Urbeat.Application.dll
  CommonTestUtilities -> C:\Projetos\urbeat\backend\tests\CommonTestUtilities\bin\Debug\net9.0\CommonTestUtilities.dll
  Urbeat.Infrastructure -> C:\Projetos\urbeat\backend\src\Urbeat.Infrastructure\bin\Debug\net9.0\Urbeat.Infrastructure.dll
  Urbeat.UnitTests -> C:\Projetos\urbeat\backend\tests\Urbeat.UnitTests\bin\Debug\net9.0\Urbeat.UnitTests.dll
Test run for C:\Projetos\urbeat\backend\tests\Urbeat.UnitTests\bin\Debug\net9.0\Urbeat.UnitTests.dll (.NETCoreApp,Version=v9.0)
VSTest version 17.14.1 (x64)

  Urbeat.WebApi -> C:\Projetos\urbeat\backend\src\Urbeat.WebApi\bin\Debug\net9.0\Urbeat.WebApi.dll
Starting test execution, please wait...
A total of 1 test files matched the specified pattern.
C:\Projetos\urbeat\backend\tests\Urbeat.UnitTests\bin\Debug\net9.0\Urbeat.UnitTests.dll
C:\Program Files\dotnet\sdk\9.0.310\Microsoft.Common.CurrentVersion.targets(2433,5): warning MSB3277: Found conflicts between different versions of "Microsoft.EntityFrameworkCore" that could not be resolved. [C:\Projetos\urbeat\backend\tests\Urbeat.IntegrationTests\Urbeat.IntegrationTests.csproj]
C:\Program Files\dotnet\sdk\9.0.310\Microsoft.Common.CurrentVersion.targets(2433,5): warning MSB3277: There was a conflict between "Microsoft.EntityFrameworkCore, Version=9.0.4.0, Culture=neutral, PublicKeyToken=adb9793829ddae60" and "Microsoft.EntityFrameworkCore, Version=9.0.12.0, Culture=neutral, PublicKeyToken=adb9793829ddae60". [C:\Projetos\urbeat\backend\tests\Urbeat.IntegrationTests\Urbeat.IntegrationTests.csproj]
C:\Program Files\dotnet\sdk\9.0.310\Microsoft.Common.CurrentVersion.targets(2433,5): warning MSB3277:     "Microsoft.EntityFrameworkCore, Version=9.0.4.0, Culture=neutral, PublicKeyToken=adb9793829ddae60" was chosen because it was primary and "Microsoft.EntityFrameworkCore, Version=9.0.12.0, Culture=neutral, PublicKeyToken=adb9793829ddae60" was not. [C:\Projetos\urbeat\backend\tests\Urbeat.IntegrationTests\Urbeat.IntegrationTests.csproj]
C:\Program Files\dotnet\sdk\9.0.310\Microsoft.Common.CurrentVersion.targets(2433,5): warning MSB3277:     References which depend on "Microsoft.EntityFrameworkCore, Version=9.0.4.0, Culture=neutral, PublicKeyToken=adb9793829ddae60" [C:\Users\intfa\.nuget\packages\microsoft.entityframeworkcore\9.0.4\lib\net8.0\Microsoft.EntityFrameworkCore.dll]. [C:\Projetos\urbeat\backend\tests\Urbeat.IntegrationTests\Urbeat.IntegrationTests.csproj]
C:\Program Files\dotnet\sdk\9.0.310\Microsoft.Common.CurrentVersion.targets(2433,5): warning MSB3277:         C:\Users\intfa\.nuget\packages\microsoft.entityframeworkcore\9.0.4\lib\net8.0\Microsoft.EntityFrameworkCore.dll [C:\Projetos\urbeat\backend\tests\Urbeat.IntegrationTests\Urbeat.IntegrationTests.csproj]
C:\Program Files\dotnet\sdk\9.0.310\Microsoft.Common.CurrentVersion.targets(2433,5): warning MSB3277:           Project file item includes which caused reference "C:\Users\intfa\.nuget\packages\microsoft.entityframeworkcore\9.0.4\lib\net8.0\Microsoft.EntityFrameworkCore.dll". [C:\Projetos\urbeat\backend\tests\Urbeat.IntegrationTests\Urbeat.IntegrationTests.csproj]
C:\Program Files\dotnet\sdk\9.0.310\Microsoft.Common.CurrentVersion.targets(2433,5): warning MSB3277:             C:\Users\intfa\.nuget\packages\microsoft.entityframeworkcore\9.0.4\lib\net8.0\Microsoft.EntityFrameworkCore.dll [C:\Projetos\urbeat\backend\tests\Urbeat.IntegrationTests\Urbeat.IntegrationTests.csproj]
C:\Program Files\dotnet\sdk\9.0.310\Microsoft.Common.CurrentVersion.targets(2433,5): warning MSB3277:     References which depend on or have been unified to "Microsoft.EntityFrameworkCore, Version=9.0.12.0, Culture=neutral, PublicKeyToken=adb9793829ddae60" []. [C:\Projetos\urbeat\backend\tests\Urbeat.IntegrationTests\Urbeat.IntegrationTests.csproj]
C:\Program Files\dotnet\sdk\9.0.310\Microsoft.Common.CurrentVersion.targets(2433,5): warning MSB3277:         C:\Projetos\urbeat\backend\src\Urbeat.WebApi\bin\Debug\net9.0\Urbeat.WebApi.dll [C:\Projetos\urbeat\backend\tests\Urbeat.IntegrationTests\Urbeat.IntegrationTests.csproj]
C:\Program Files\dotnet\sdk\9.0.310\Microsoft.Common.CurrentVersion.targets(2433,5): warning MSB3277:           Project file item includes which caused reference "C:\Projetos\urbeat\backend\src\Urbeat.WebApi\bin\Debug\net9.0\Urbeat.WebApi.dll". [C:\Projetos\urbeat\backend\tests\Urbeat.IntegrationTests\Urbeat.IntegrationTests.csproj]
C:\Program Files\dotnet\sdk\9.0.310\Microsoft.Common.CurrentVersion.targets(2433,5): warning MSB3277:             C:\Projetos\urbeat\backend\src\Urbeat.WebApi\bin\Debug\net9.0\Urbeat.WebApi.dll [C:\Projetos\urbeat\backend\tests\Urbeat.IntegrationTests\Urbeat.IntegrationTests.csproj]
C:\Program Files\dotnet\sdk\9.0.310\Microsoft.Common.CurrentVersion.targets(2433,5): warning MSB3277:         C:\Projetos\urbeat\backend\src\Urbeat.Infrastructure\bin\Debug\net9.0\Urbeat.Infrastructure.dll [C:\Projetos\urbeat\backend\tests\Urbeat.IntegrationTests\Urbeat.IntegrationTests.csproj]
C:\Program Files\dotnet\sdk\9.0.310\Microsoft.Common.CurrentVersion.targets(2433,5): warning MSB3277:           Project file item includes which caused reference "C:\Projetos\urbeat\backend\src\Urbeat.Infrastructure\bin\Debug\net9.0\Urbeat.Infrastructure.dll". [C:\Projetos\urbeat\backend\tests\Urbeat.IntegrationTests\Urbeat.IntegrationTests.csproj]
C:\Program Files\dotnet\sdk\9.0.310\Microsoft.Common.CurrentVersion.targets(2433,5): warning MSB3277:             C:\Projetos\urbeat\backend\src\Urbeat.Infrastructure\bin\Debug\net9.0\Urbeat.Infrastructure.dll [C:\Projetos\urbeat\backend\tests\Urbeat.IntegrationTests\Urbeat.IntegrationTests.csproj]
C:\Program Files\dotnet\sdk\9.0.310\Microsoft.Common.CurrentVersion.targets(2433,5): warning MSB3277:             C:\Projetos\urbeat\backend\src\Urbeat.WebApi\bin\Debug\net9.0\Urbeat.WebApi.dll [C:\Projetos\urbeat\backend\tests\Urbeat.IntegrationTests\Urbeat.IntegrationTests.csproj]
C:\Program Files\dotnet\sdk\9.0.310\Microsoft.Common.CurrentVersion.targets(2433,5): warning MSB3277: Found conflicts between different versions of "Microsoft.EntityFrameworkCore.Relational" that could not be resolved. [C:\Projetos\urbeat\backend\tests\Urbeat.IntegrationTests\Urbeat.IntegrationTests.csproj]
C:\Program Files\dotnet\sdk\9.0.310\Microsoft.Common.CurrentVersion.targets(2433,5): warning MSB3277: There was a conflict between "Microsoft.EntityFrameworkCore.Relational, Version=9.0.1.0, Culture=neutral, PublicKeyToken=adb9793829ddae60" and "Microsoft.EntityFrameworkCore.Relational, Version=9.0.12.0, Culture=neutral, PublicKeyToken=adb9793829ddae60". [C:\Projetos\urbeat\backend\tests\Urbeat.IntegrationTests\Urbeat.IntegrationTests.csproj]
C:\Program Files\dotnet\sdk\9.0.310\Microsoft.Common.CurrentVersion.targets(2433,5): warning MSB3277:     "Microsoft.EntityFrameworkCore.Relational, Version=9.0.1.0, Culture=neutral, PublicKeyToken=adb9793829ddae60" was chosen because it was primary and "Microsoft.EntityFrameworkCore.Relational, Version=9.0.12.0, Culture=neutral, PublicKeyToken=adb9793829ddae60" was not. [C:\Projetos\urbeat\backend\tests\Urbeat.IntegrationTests\Urbeat.IntegrationTests.csproj]
C:\Program Files\dotnet\sdk\9.0.310\Microsoft.Common.CurrentVersion.targets(2433,5): warning MSB3277:     References which depend on "Microsoft.EntityFrameworkCore.Relational, Version=9.0.1.0, Culture=neutral, PublicKeyToken=adb9793829ddae60" [C:\Users\intfa\.nuget\packages\microsoft.entityframeworkcore.relational\9.0.1\lib\net8.0\Microsoft.EntityFrameworkCore.Relational.dll]. [C:\Projetos\urbeat\backend\tests\Urbeat.IntegrationTests\Urbeat.IntegrationTests.csproj]
C:\Program Files\dotnet\sdk\9.0.310\Microsoft.Common.CurrentVersion.targets(2433,5): warning MSB3277:         C:\Users\intfa\.nuget\packages\microsoft.entityframeworkcore.relational\9.0.1\lib\net8.0\Microsoft.EntityFrameworkCore.Relational.dll [C:\Projetos\urbeat\backend\tests\Urbeat.IntegrationTests\Urbeat.IntegrationTests.csproj]
C:\Program Files\dotnet\sdk\9.0.310\Microsoft.Common.CurrentVersion.targets(2433,5): warning MSB3277:           Project file item includes which caused reference "C:\Users\intfa\.nuget\packages\microsoft.entityframeworkcore.relational\9.0.1\lib\net8.0\Microsoft.EntityFrameworkCore.Relational.dll". [C:\Projetos\urbeat\backend\tests\Urbeat.IntegrationTests\Urbeat.IntegrationTests.csproj]
C:\Program Files\dotnet\sdk\9.0.310\Microsoft.Common.CurrentVersion.targets(2433,5): warning MSB3277:             C:\Users\intfa\.nuget\packages\microsoft.entityframeworkcore.relational\9.0.1\lib\net8.0\Microsoft.EntityFrameworkCore.Relational.dll [C:\Projetos\urbeat\backend\tests\Urbeat.IntegrationTests\Urbeat.IntegrationTests.csproj]
C:\Program Files\dotnet\sdk\9.0.310\Microsoft.Common.CurrentVersion.targets(2433,5): warning MSB3277:     References which depend on or have been unified to "Microsoft.EntityFrameworkCore.Relational, Version=9.0.12.0, Culture=neutral, PublicKeyToken=adb9793829ddae60" []. [C:\Projetos\urbeat\backend\tests\Urbeat.IntegrationTests\Urbeat.IntegrationTests.csproj]
C:\Program Files\dotnet\sdk\9.0.310\Microsoft.Common.CurrentVersion.targets(2433,5): warning MSB3277:         C:\Projetos\urbeat\backend\src\Urbeat.WebApi\bin\Debug\net9.0\Urbeat.WebApi.dll [C:\Projetos\urbeat\backend\tests\Urbeat.IntegrationTests\Urbeat.IntegrationTests.csproj]
C:\Program Files\dotnet\sdk\9.0.310\Microsoft.Common.CurrentVersion.targets(2433,5): warning MSB3277:           Project file item includes which caused reference "C:\Projetos\urbeat\backend\src\Urbeat.WebApi\bin\Debug\net9.0\Urbeat.WebApi.dll". [C:\Projetos\urbeat\backend\tests\Urbeat.IntegrationTests\Urbeat.IntegrationTests.csproj]
C:\Program Files\dotnet\sdk\9.0.310\Microsoft.Common.CurrentVersion.targets(2433,5): warning MSB3277:             C:\Projetos\urbeat\backend\src\Urbeat.WebApi\bin\Debug\net9.0\Urbeat.WebApi.dll [C:\Projetos\urbeat\backend\tests\Urbeat.IntegrationTests\Urbeat.IntegrationTests.csproj]
C:\Program Files\dotnet\sdk\9.0.310\Microsoft.Common.CurrentVersion.targets(2433,5): warning MSB3277:         C:\Projetos\urbeat\backend\src\Urbeat.Infrastructure\bin\Debug\net9.0\Urbeat.Infrastructure.dll [C:\Projetos\urbeat\backend\tests\Urbeat.IntegrationTests\Urbeat.IntegrationTests.csproj]
C:\Program Files\dotnet\sdk\9.0.310\Microsoft.Common.CurrentVersion.targets(2433,5): warning MSB3277:           Project file item includes which caused reference "C:\Projetos\urbeat\backend\src\Urbeat.Infrastructure\bin\Debug\net9.0\Urbeat.Infrastructure.dll". [C:\Projetos\urbeat\backend\tests\Urbeat.IntegrationTests\Urbeat.IntegrationTests.csproj]
C:\Program Files\dotnet\sdk\9.0.310\Microsoft.Common.CurrentVersion.targets(2433,5): warning MSB3277:             C:\Projetos\urbeat\backend\src\Urbeat.Infrastructure\bin\Debug\net9.0\Urbeat.Infrastructure.dll [C:\Projetos\urbeat\backend\tests\Urbeat.IntegrationTests\Urbeat.IntegrationTests.csproj]
C:\Program Files\dotnet\sdk\9.0.310\Microsoft.Common.CurrentVersion.targets(2433,5): warning MSB3277:             C:\Projetos\urbeat\backend\src\Urbeat.WebApi\bin\Debug\net9.0\Urbeat.WebApi.dll [C:\Projetos\urbeat\backend\tests\Urbeat.IntegrationTests\Urbeat.IntegrationTests.csproj]
  Urbeat.IntegrationTests -> C:\Projetos\urbeat\backend\tests\Urbeat.IntegrationTests\bin\Debug\net9.0\Urbeat.IntegrationTests.dll
[xUnit.net 00:00:00.00] xUnit.net VSTest Adapter v2.8.2+699d445a1a (64-bit .NET 9.0.14)
Test run for C:\Projetos\urbeat\backend\tests\Urbeat.IntegrationTests\bin\Debug\net9.0\Urbeat.IntegrationTests.dll (.NETCoreApp,Version=v9.0)
[xUnit.net 00:00:00.10]   Discovering: Urbeat.UnitTests
[xUnit.net 00:00:00.16]   Discovered:  Urbeat.UnitTests
[xUnit.net 00:00:00.16]   Starting:    Urbeat.UnitTests
VSTest version 17.14.1 (x64)

     Warning:
     The component "Fluent Assertions" is governed by the rules defined in the Xceed License Agreement and
     the Xceed Fluent Assertions Community License. You may use Fluent Assertions free of charge for
     non-commercial use only. An active subscription is required to use Fluent Assertions for commercial use.
     Please contact Xceed Sales mailto:sales@xceed.com to acquire a subscription at a very low cost.
     A paid commercial license supports the development and continued increasing support of
     Fluent Assertions users under both commercial and community licenses. Help us
     keep Fluent Assertions at the forefront of unit testing.
     For more information, visit https://xceed.com/products/unit-testing/fluent-assertions/
  Passed Urbeat.UnitTests.Domain.CreateProductCategoryRequestDtoValidatorTests.ValidateAsync_ShouldReturnValidResult_WhenRequestIsValid [70 ms]
  Passed Urbeat.UnitTests.Domain.UpdateProductCategoryRequestDtoValidatorTests.ValidateAsync_ShouldReturnValidResult_WhenRequestIsValid [70 ms]
  Passed Urbeat.UnitTests.Domain.ConfirmEmailRequestDtoValidatorTests.ValidateAsync_ShouldReturnValid_WhenAllFieldsAreProvided [66 ms]
  Passed Urbeat.UnitTests.Domain.CreateProductCategoryRequestDtoValidatorTests.ValidateAsync_ShouldReturnInvalidResult_WhenNameIsEmpty [2 ms]
  Passed Urbeat.UnitTests.Domain.ResendEmailConfirmationRequestDtoValidatorTests.ValidateAsync_ShouldReturnInvalid_WhenEmailIsInvalid(email: "") [72 ms]
  Passed Urbeat.UnitTests.Domain.ConfirmEmailRequestDtoValidatorTests.ValidateAsync_ShouldFail_WhenTokenIsNullOrWhitespace(token: "   ") [2 ms]
  Passed Urbeat.UnitTests.Domain.UpdateProductCategoryRequestDtoValidatorTests.ValidateAsync_ShouldReturnInvalidResult_WhenNameIsEmpty [2 ms]
  Passed Urbeat.UnitTests.Domain.ResendEmailConfirmationRequestDtoValidatorTests.ValidateAsync_ShouldReturnInvalid_WhenEmailIsInvalid(email: "@urbeat.local") [< 1 ms]
  Passed Urbeat.UnitTests.Domain.ConfirmEmailRequestDtoValidatorTests.ValidateAsync_ShouldFail_WhenTokenIsNullOrWhitespace(token: "") [< 1 ms]
  Passed Urbeat.UnitTests.Domain.ResendEmailConfirmationRequestDtoValidatorTests.ValidateAsync_ShouldReturnInvalid_WhenEmailIsInvalid(email: "not-an-email") [< 1 ms]
  Passed Urbeat.UnitTests.Domain.UpdateProductCategoryRequestDtoValidatorTests.ValidateAsync_ShouldReturnInvalidResult_WhenNameExceedsMaxLength [1 ms]
  Passed Urbeat.UnitTests.Domain.CreateProductCategoryRequestDtoValidatorTests.ValidateAsync_ShouldReturnInvalidResult_WhenNameExceedsMaxLength [1 ms]
  Passed Urbeat.UnitTests.Domain.ResendEmailConfirmationRequestDtoValidatorTests.ValidateAsync_ShouldReturnInvalid_WhenEmailIsInvalid(email: "user@") [< 1 ms]
  Passed Urbeat.UnitTests.Domain.ResendEmailConfirmationRequestDtoValidatorTests.ValidateAsync_ShouldReturnValid_WhenEmailIsValid [< 1 ms]
  Passed Urbeat.UnitTests.Domain.ConfirmEmailRequestDtoValidatorTests.ValidateAsync_ShouldFail_WhenTokenExceedsMaximumLength [1 ms]
  Passed Urbeat.UnitTests.Domain.UpdateProductCategoryRequestDtoValidatorTests.ValidateAsync_ShouldReturnInvalidResult_WhenDisplayOrderIsNegative [2 ms]
  Passed Urbeat.UnitTests.Domain.CreateProductCategoryRequestDtoValidatorTests.ValidateAsync_ShouldReturnInvalidResult_WhenDisplayOrderIsNegative [2 ms]
  Passed Urbeat.UnitTests.Domain.ConfirmEmailRequestDtoValidatorTests.ValidateAsync_ShouldFail_WhenUserIdIsEmpty [2 ms]
  Passed Urbeat.UnitTests.Domain.CreateProductRequestDtoValidatorTests.ValidateAsync_ShouldReturnValidResult_WhenDescriptionAndImageUrlAreNull [88 ms]
  Passed Urbeat.UnitTests.Domain.UpdateProductRequestDtoValidatorTests.ValidateAsync_ShouldReturnInvalidResult_WhenNameExceedsMaxLength [89 ms]
  Passed Urbeat.UnitTests.Domain.UpdateProductRequestDtoValidatorTests.ValidateAsync_ShouldReturnInvalidResult_WhenCategoryIdIsEmpty [1 ms]
  Passed Urbeat.UnitTests.Domain.CreateProductRequestDtoValidatorTests.ValidateAsync_ShouldReturnInvalidResult_WhenDisplayOrderIsNegative [1 ms]
  Passed Urbeat.UnitTests.Domain.UpdateProductRequestDtoValidatorTests.ValidateAsync_ShouldReturnInvalidResult_WhenNameIsEmpty [1 ms]
  Passed Urbeat.UnitTests.Domain.CreateProductRequestDtoValidatorTests.ValidateAsync_ShouldReturnInvalidResult_WhenNameExceedsMaxLength [1 ms]
  Passed Urbeat.UnitTests.Domain.UpdateProductRequestDtoValidatorTests.ValidateAsync_ShouldReturnValidResult_WhenRequestIsValid [1 ms]
  Passed Urbeat.UnitTests.Domain.CreateProductRequestDtoValidatorTests.ValidateAsync_ShouldReturnInvalidResult_WhenNameIsEmpty [1 ms]
  Passed Urbeat.UnitTests.Domain.CreateProductRequestDtoValidatorTests.ValidateAsync_ShouldReturnInvalidResult_WhenDescriptionExceedsMaxLength [1 ms]
  Passed Urbeat.UnitTests.Domain.UpdateProductRequestDtoValidatorTests.ValidateAsync_ShouldReturnInvalidResult_WhenPriceIsZero [19 ms]
  Passed Urbeat.UnitTests.Domain.CreateProductRequestDtoValidatorTests.ValidateAsync_ShouldReturnInvalidResult_WhenPriceIsZero [17 ms]
  Passed Urbeat.UnitTests.Domain.CreateProductRequestDtoValidatorTests.ValidateAsync_ShouldReturnValidResult_WhenRequestIsValid [< 1 ms]
  Passed Urbeat.UnitTests.Domain.UpdateProductRequestDtoValidatorTests.ValidateAsync_ShouldReturnInvalidResult_WhenDisplayOrderIsNegative [2 ms]
  Passed Urbeat.UnitTests.Domain.CreateProductRequestDtoValidatorTests.ValidateAsync_ShouldReturnInvalidResult_WhenCategoryIdIsEmpty [1 ms]
  Passed Urbeat.UnitTests.Domain.CreateProductRequestDtoValidatorTests.ValidateAsync_ShouldReturnInvalidResult_WhenPriceIsNegative [1 ms]
  Passed Urbeat.UnitTests.Domain.LoginRequestDtoValidatorTests.ValidateAsync_ShouldReturnValidResult_WhenRequestIsValid [118 ms]
  Passed Urbeat.UnitTests.Domain.LoginRequestDtoValidatorTests.ValidateAsync_ShouldReturnInvalidResult_WhenEmailIsInvalid [4 ms]
  Passed Urbeat.UnitTests.Domain.RegisterUserRequestDtoValidatorTests.ValidateAsync_ShouldReturnInvalidResult_WhenPasswordIsTooShort [132 ms]
  Passed Urbeat.UnitTests.Domain.RegisterUserRequestDtoValidatorTests.ValidateAsync_ShouldReturnValidResult_WhenRequestIsValid [2 ms]
  Passed Urbeat.UnitTests.Infrastructure.SendEmailConfirmationJobTests.ExecuteAsync_ShouldPropagateExceptionFromService [155 ms]
Starting test execution, please wait...
A total of 1 test files matched the specified pattern.
C:\Projetos\urbeat\backend\tests\Urbeat.IntegrationTests\bin\Debug\net9.0\Urbeat.IntegrationTests.dll
[xUnit.net 00:00:00.00] xUnit.net VSTest Adapter v2.8.2+699d445a1a (64-bit .NET 9.0.14)
[xUnit.net 00:00:00.08]   Discovering: Urbeat.IntegrationTests
[xUnit.net 00:00:00.13]   Discovered:  Urbeat.IntegrationTests
[xUnit.net 00:00:00.13]   Starting:    Urbeat.IntegrationTests
  Passed Urbeat.UnitTests.Infrastructure.SendEmailConfirmationJobTests.ExecuteAsync_ShouldDelegateToEmailConfirmationService [9 ms]
  Passed Urbeat.UnitTests.Infrastructure.EmailConfirmationServiceShortCodeTests.ConfirmByShortCodeAsync_ValidToken_CallsConfirmAsync [728 ms]
  Passed Urbeat.UnitTests.Infrastructure.EmailConfirmationServiceShortCodeTests.ConfirmByShortCodeAsync_InvalidToken_ReturnsError [3 ms]
  Passed Urbeat.UnitTests.Infrastructure.EmailConfirmationServiceTests.ConfirmAsync_ShouldSucceed_WhenIdentityAcceptsToken [886 ms]
  Passed Urbeat.UnitTests.Infrastructure.LandingPageContentServiceTests.GetBySectionAsync_ShouldReturnOrderedEntities [893 ms]
  Passed Urbeat.UnitTests.Infrastructure.EmailConfirmationServiceTests.SendConfirmationEmailAsync_ShouldSkip_WhenEmailAlreadyConfirmed [3 ms]
  Passed Urbeat.UnitTests.Infrastructure.EmailConfirmationServiceTests.ConfirmAsync_ShouldReturnAlreadyConfirmed_WhenEmailIsAlreadyConfirmed [2 ms]
  Passed Urbeat.UnitTests.Infrastructure.EmailConfirmationServiceTests.ConfirmAsync_ShouldReturnInvalidToken_WhenIdentityRejectsToken [30 ms]
  Passed Urbeat.UnitTests.Infrastructure.EmailConfirmationServiceTests.ResendAsync_ShouldReturnSuccessWithoutSendingEmail_WhenUserNotFound [3 ms]
  Passed Urbeat.UnitTests.Infrastructure.EmailConfirmationServiceTests.ResendAsync_ShouldTriggerSendConfirmationEmail_WhenUserExistsAndNotConfirmed [9 ms]
  Passed Urbeat.UnitTests.Infrastructure.LandingPageContentServiceTests.UpdateAsync_ShouldThrowKeyNotFoundException_WhenEntityDoesNotExist [51 ms]
  Passed Urbeat.UnitTests.Infrastructure.LandingPageContentServiceTests.DeleteAsync_ShouldReturnFalse_WhenEntityDoesNotExist [4 ms]
  Passed Urbeat.UnitTests.Infrastructure.EmailConfirmationServiceTests.SendConfirmationEmailAsync_ShouldStillAudit_WhenEmailDeliveryFails [10 ms]
  Passed Urbeat.UnitTests.Infrastructure.EmailConfirmationServiceTests.ResendAsync_ShouldReturnAlreadyConfirmed_WhenEmailIsConfirmed [1 ms]
  Passed Urbeat.UnitTests.Infrastructure.EmailConfirmationServiceTests.SendConfirmationEmailAsync_ShouldSendCustomerTemplate_WhenUserHasCustomerRole [4 ms]
  Passed Urbeat.UnitTests.Infrastructure.LandingPageContentServiceTests.GetAllAsync_ShouldReturnOnlyActiveEntities [8 ms]
[xUnit.net 00:00:01.19]   Finished:    Urbeat.UnitTests
  Passed Urbeat.UnitTests.Infrastructure.EmailConfirmationServiceTests.SendConfirmationEmailAsync_ShouldSendSellerTemplate_WhenUserHasSellerRole [3 ms]
  Passed Urbeat.UnitTests.Infrastructure.EmailConfirmationServiceTests.SendConfirmationEmailAsync_ShouldDoNothing_WhenUserNotFound [3 ms]
  Passed Urbeat.UnitTests.Infrastructure.LandingPageContentServiceTests.UpdateAsync_ShouldUpdateEntityAndMarkAsUpdated [6 ms]
  Passed Urbeat.UnitTests.Infrastructure.EmailConfirmationServiceTests.ConfirmAsync_ShouldReturnUserNotFound_WhenUserDoesNotExist [1 ms]
  Passed Urbeat.UnitTests.Infrastructure.EmailConfirmationServiceTests.ConfirmAsync_ShouldReturnInvalidToken_WhenTokenIsNotBase64Url [3 ms]
  Passed Urbeat.UnitTests.Infrastructure.LandingPageContentServiceTests.CreateAsync_ShouldAddEntityAndReturnDto [4 ms]
  Passed Urbeat.UnitTests.Infrastructure.LandingPageContentServiceTests.DeleteAsync_ShouldRemoveEntity [11 ms]

Test Run Successful.
Total tests: 61
     Passed: 61
 Total time: 1,7869 Seconds
[22:29:03 WRN] Admin seeding skipped because the data store is unavailable.
System.InvalidOperationException: Relational-specific methods can only be used when the context is using a relational database provider.
   at Microsoft.EntityFrameworkCore.RelationalDatabaseFacadeExtensions.GetRelationalService[TService](IInfrastructure`1 databaseFacade)
   at Microsoft.EntityFrameworkCore.RelationalDatabaseFacadeExtensions.MigrateAsync(DatabaseFacade databaseFacade, CancellationToken cancellationToken)
   at Program.<Main>$(String[] args) in C:\Projetos\urbeat\backend\src\Urbeat.WebApi\Program.cs:line 42
[22:29:03 WRN] Admin seeding skipped because the data store is unavailable.
System.InvalidOperationException: Relational-specific methods can only be used when the context is using a relational database provider.
   at Microsoft.EntityFrameworkCore.RelationalDatabaseFacadeExtensions.GetRelationalService[TService](IInfrastructure`1 databaseFacade)
   at Microsoft.EntityFrameworkCore.RelationalDatabaseFacadeExtensions.MigrateAsync(DatabaseFacade databaseFacade, CancellationToken cancellationToken)
   at Program.<Main>$(String[] args) in C:\Projetos\urbeat\backend\src\Urbeat.WebApi\Program.cs:line 42
[22:29:03 WRN] Admin seeding skipped because the data store is unavailable.
System.InvalidOperationException: Relational-specific methods can only be used when the context is using a relational database provider.
   at Microsoft.EntityFrameworkCore.RelationalDatabaseFacadeExtensions.GetRelationalService[TService](IInfrastructure`1 databaseFacade)
   at Microsoft.EntityFrameworkCore.RelationalDatabaseFacadeExtensions.MigrateAsync(DatabaseFacade databaseFacade, CancellationToken cancellationToken)
   at Program.<Main>$(String[] args) in C:\Projetos\urbeat\backend\src\Urbeat.WebApi\Program.cs:line 42
[22:29:03 WRN] Admin seeding skipped because the data store is unavailable.
System.InvalidOperationException: Relational-specific methods can only be used when the context is using a relational database provider.
   at Microsoft.EntityFrameworkCore.RelationalDatabaseFacadeExtensions.GetRelationalService[TService](IInfrastructure`1 databaseFacade)
   at Microsoft.EntityFrameworkCore.RelationalDatabaseFacadeExtensions.MigrateAsync(DatabaseFacade databaseFacade, CancellationToken cancellationToken)
   at Program.<Main>$(String[] args) in C:\Projetos\urbeat\backend\src\Urbeat.WebApi\Program.cs:line 42
[22:29:03 WRN] Admin seeding skipped because the data store is unavailable.
System.InvalidOperationException: Relational-specific methods can only be used when the context is using a relational database provider.
   at Microsoft.EntityFrameworkCore.RelationalDatabaseFacadeExtensions.GetRelationalService[TService](IInfrastructure`1 databaseFacade)
   at Microsoft.EntityFrameworkCore.RelationalDatabaseFacadeExtensions.MigrateAsync(DatabaseFacade databaseFacade, CancellationToken cancellationToken)
   at Program.<Main>$(String[] args) in C:\Projetos\urbeat\backend\src\Urbeat.WebApi\Program.cs:line 42
[22:29:03 WRN] Admin seeding skipped because the data store is unavailable.
System.InvalidOperationException: Relational-specific methods can only be used when the context is using a relational database provider.
   at Microsoft.EntityFrameworkCore.RelationalDatabaseFacadeExtensions.GetRelationalService[TService](IInfrastructure`1 databaseFacade)
   at Microsoft.EntityFrameworkCore.RelationalDatabaseFacadeExtensions.MigrateAsync(DatabaseFacade databaseFacade, CancellationToken cancellationToken)
   at Program.<Main>$(String[] args) in C:\Projetos\urbeat\backend\src\Urbeat.WebApi\Program.cs:line 42
[22:29:03 WRN] Admin seeding skipped because the data store is unavailable.
System.InvalidOperationException: Relational-specific methods can only be used when the context is using a relational database provider.
   at Microsoft.EntityFrameworkCore.RelationalDatabaseFacadeExtensions.GetRelationalService[TService](IInfrastructure`1 databaseFacade)
   at Microsoft.EntityFrameworkCore.RelationalDatabaseFacadeExtensions.MigrateAsync(DatabaseFacade databaseFacade, CancellationToken cancellationToken)
   at Program.<Main>$(String[] args) in C:\Projetos\urbeat\backend\src\Urbeat.WebApi\Program.cs:line 42
[22:29:03 WRN] Admin seeding skipped because the data store is unavailable.
System.InvalidOperationException: Relational-specific methods can only be used when the context is using a relational database provider.
   at Microsoft.EntityFrameworkCore.RelationalDatabaseFacadeExtensions.GetRelationalService[TService](IInfrastructure`1 databaseFacade)
   at Microsoft.EntityFrameworkCore.RelationalDatabaseFacadeExtensions.MigrateAsync(DatabaseFacade databaseFacade, CancellationToken cancellationToken)
   at Program.<Main>$(String[] args) in C:\Projetos\urbeat\backend\src\Urbeat.WebApi\Program.cs:line 42
[22:29:03 WRN] Admin seeding skipped because the data store is unavailable.
System.InvalidOperationException: Relational-specific methods can only be used when the context is using a relational database provider.
   at Microsoft.EntityFrameworkCore.RelationalDatabaseFacadeExtensions.GetRelationalService[TService](IInfrastructure`1 databaseFacade)
   at Microsoft.EntityFrameworkCore.RelationalDatabaseFacadeExtensions.MigrateAsync(DatabaseFacade databaseFacade, CancellationToken cancellationToken)
   at Program.<Main>$(String[] args) in C:\Projetos\urbeat\backend\src\Urbeat.WebApi\Program.cs:line 42
[22:29:03 WRN] Admin seeding skipped because the data store is unavailable.
System.InvalidOperationException: Relational-specific methods can only be used when the context is using a relational database provider.
   at Microsoft.EntityFrameworkCore.RelationalDatabaseFacadeExtensions.GetRelationalService[TService](IInfrastructure`1 databaseFacade)
   at Microsoft.EntityFrameworkCore.RelationalDatabaseFacadeExtensions.MigrateAsync(DatabaseFacade databaseFacade, CancellationToken cancellationToken)
   at Program.<Main>$(String[] args) in C:\Projetos\urbeat\backend\src\Urbeat.WebApi\Program.cs:line 42
[22:29:03 WRN] Admin seeding skipped because the data store is unavailable.
System.InvalidOperationException: Relational-specific methods can only be used when the context is using a relational database provider.
   at Microsoft.EntityFrameworkCore.RelationalDatabaseFacadeExtensions.GetRelationalService[TService](IInfrastructure`1 databaseFacade)
   at Microsoft.EntityFrameworkCore.RelationalDatabaseFacadeExtensions.MigrateAsync(DatabaseFacade databaseFacade, CancellationToken cancellationToken)
   at Program.<Main>$(String[] args) in C:\Projetos\urbeat\backend\src\Urbeat.WebApi\Program.cs:line 42
[22:29:03 WRN] Admin seeding skipped because the data store is unavailable.
System.InvalidOperationException: Relational-specific methods can only be used when the context is using a relational database provider.
   at Microsoft.EntityFrameworkCore.RelationalDatabaseFacadeExtensions.GetRelationalService[TService](IInfrastructure`1 databaseFacade)
   at Microsoft.EntityFrameworkCore.RelationalDatabaseFacadeExtensions.MigrateAsync(DatabaseFacade databaseFacade, CancellationToken cancellationToken)
   at Program.<Main>$(String[] args) in C:\Projetos\urbeat\backend\src\Urbeat.WebApi\Program.cs:line 42
[22:29:04 INF] User profile is available. Using 'C:\Users\intfa\AppData\Local\ASP.NET\DataProtection-Keys' as key repository and Windows DPAPI to encrypt keys at rest.
[22:29:04 INF] User profile is available. Using 'C:\Users\intfa\AppData\Local\ASP.NET\DataProtection-Keys' as key repository and Windows DPAPI to encrypt keys at rest.
[22:29:04 INF] User profile is available. Using 'C:\Users\intfa\AppData\Local\ASP.NET\DataProtection-Keys' as key repository and Windows DPAPI to encrypt keys at rest.
[22:29:04 INF] User profile is available. Using 'C:\Users\intfa\AppData\Local\ASP.NET\DataProtection-Keys' as key repository and Windows DPAPI to encrypt keys at rest.
[22:29:04 INF] User profile is available. Using 'C:\Users\intfa\AppData\Local\ASP.NET\DataProtection-Keys' as key repository and Windows DPAPI to encrypt keys at rest.
[22:29:04 INF] User profile is available. Using 'C:\Users\intfa\AppData\Local\ASP.NET\DataProtection-Keys' as key repository and Windows DPAPI to encrypt keys at rest.
[22:29:04 INF] User profile is available. Using 'C:\Users\intfa\AppData\Local\ASP.NET\DataProtection-Keys' as key repository and Windows DPAPI to encrypt keys at rest.
[22:29:04 INF] User profile is available. Using 'C:\Users\intfa\AppData\Local\ASP.NET\DataProtection-Keys' as key repository and Windows DPAPI to encrypt keys at rest.
[22:29:04 INF] User profile is available. Using 'C:\Users\intfa\AppData\Local\ASP.NET\DataProtection-Keys' as key repository and Windows DPAPI to encrypt keys at rest.
[22:29:04 INF] User profile is available. Using 'C:\Users\intfa\AppData\Local\ASP.NET\DataProtection-Keys' as key repository and Windows DPAPI to encrypt keys at rest.
[22:29:04 INF] User profile is available. Using 'C:\Users\intfa\AppData\Local\ASP.NET\DataProtection-Keys' as key repository and Windows DPAPI to encrypt keys at rest.
[22:29:04 INF] User profile is available. Using 'C:\Users\intfa\AppData\Local\ASP.NET\DataProtection-Keys' as key repository and Windows DPAPI to encrypt keys at rest.
[22:29:05 WRN] The WebRootPath was not found: C:\Projetos\urbeat\backend\src\Urbeat.WebApi\wwwroot. Static files may be unavailable.
[22:29:05 WRN] The WebRootPath was not found: C:\Projetos\urbeat\backend\src\Urbeat.WebApi\wwwroot. Static files may be unavailable.
[22:29:05 WRN] The WebRootPath was not found: C:\Projetos\urbeat\backend\src\Urbeat.WebApi\wwwroot. Static files may be unavailable.
[22:29:05 WRN] The WebRootPath was not found: C:\Projetos\urbeat\backend\src\Urbeat.WebApi\wwwroot. Static files may be unavailable.
[22:29:05 WRN] The WebRootPath was not found: C:\Projetos\urbeat\backend\src\Urbeat.WebApi\wwwroot. Static files may be unavailable.
[22:29:05 WRN] The WebRootPath was not found: C:\Projetos\urbeat\backend\src\Urbeat.WebApi\wwwroot. Static files may be unavailable.
[22:29:05 WRN] The WebRootPath was not found: C:\Projetos\urbeat\backend\src\Urbeat.WebApi\wwwroot. Static files may be unavailable.
[22:29:05 WRN] The WebRootPath was not found: C:\Projetos\urbeat\backend\src\Urbeat.WebApi\wwwroot. Static files may be unavailable.
[22:29:05 WRN] The WebRootPath was not found: C:\Projetos\urbeat\backend\src\Urbeat.WebApi\wwwroot. Static files may be unavailable.
[22:29:05 WRN] The WebRootPath was not found: C:\Projetos\urbeat\backend\src\Urbeat.WebApi\wwwroot. Static files may be unavailable.
[22:29:05 WRN] The WebRootPath was not found: C:\Projetos\urbeat\backend\src\Urbeat.WebApi\wwwroot. Static files may be unavailable.
[22:29:05 WRN] The WebRootPath was not found: C:\Projetos\urbeat\backend\src\Urbeat.WebApi\wwwroot. Static files may be unavailable.
[22:29:06 INF] Saved 1 entities to in-memory store.
[22:29:06 INF] Saved 1 entities to in-memory store.
[22:29:06 INF] Saved 1 entities to in-memory store.
[22:29:06 INF] Saved 1 entities to in-memory store.
[22:29:06 INF] Saved 1 entities to in-memory store.
[22:29:06 INF] Saved 1 entities to in-memory store.
[22:29:06 INF] Saved 1 entities to in-memory store.
[22:29:06 INF] Saved 1 entities to in-memory store.
[22:29:06 INF] Saved 1 entities to in-memory store.
[22:29:06 INF] Saved 1 entities to in-memory store.
[22:29:06 INF] Saved 1 entities to in-memory store.
[22:29:06 INF] Saved 1 entities to in-memory store.
[22:29:06 INF] Saved 1 entities to in-memory store.
[22:29:06 INF] Saved 1 entities to in-memory store.
[22:29:06 INF] Saved 1 entities to in-memory store.
[22:29:06 INF] Saved 1 entities to in-memory store.
[22:29:06 INF] Saved 1 entities to in-memory store.
[22:29:06 INF] Saved 1 entities to in-memory store.
[22:29:06 INF] Saved 1 entities to in-memory store.
[22:29:06 INF] Saved 1 entities to in-memory store.
[22:29:06 INF] Saved 1 entities to in-memory store.
[22:29:06 INF] Saved 1 entities to in-memory store.
[22:29:06 INF] Saved 1 entities to in-memory store.
[22:29:06 INF] Saved 1 entities to in-memory store.
[22:29:06 INF] Saved 1 entities to in-memory store.
[22:29:06 INF] Saved 1 entities to in-memory store.
[22:29:06 INF] Saved 1 entities to in-memory store.
[22:29:06 INF] Saved 1 entities to in-memory store.
[22:29:06 INF] Saved 1 entities to in-memory store.
[22:29:06 INF] Saved 1 entities to in-memory store.
[22:29:06 INF] Saved 1 entities to in-memory store.
[22:29:06 INF] Saved 1 entities to in-memory store.
[22:29:06 INF] Saved 1 entities to in-memory store.
[22:29:06 INF] Saved 1 entities to in-memory store.
[22:29:06 INF] Saved 1 entities to in-memory store.
[22:29:06 INF] Saved 1 entities to in-memory store.
[22:29:06 INF] Saved 7 entities to in-memory store.
[22:29:06 INF] Saved 7 entities to in-memory store.
[22:29:06 INF] Saved 7 entities to in-memory store.
[22:29:06 INF] Saved 7 entities to in-memory store.
[22:29:06 INF] Saved 7 entities to in-memory store.
[22:29:06 INF] Saved 7 entities to in-memory store.
[22:29:06 INF] Saved 7 entities to in-memory store.
[22:29:06 INF] Saved 7 entities to in-memory store.
[22:29:06 INF] Saved 7 entities to in-memory store.
[22:29:06 INF] Saved 7 entities to in-memory store.
[22:29:06 INF] Saved 7 entities to in-memory store.
[22:29:06 INF] Saved 7 entities to in-memory store.
[22:29:06 INF] Saved 1 entities to in-memory store.
[22:29:06 INF] Saved 1 entities to in-memory store.
[22:29:06 INF] Saved 1 entities to in-memory store.
[22:29:06 INF] Saved 1 entities to in-memory store.
[22:29:06 INF] Saved 1 entities to in-memory store.
[22:29:06 INF] Saved 1 entities to in-memory store.
[22:29:06 INF] Saved 1 entities to in-memory store.
[22:29:06 INF] Saved 1 entities to in-memory store.
[22:29:06 INF] Saved 1 entities to in-memory store.
[22:29:06 INF] Saved 1 entities to in-memory store.
[22:29:06 INF] Saved 1 entities to in-memory store.
[22:29:06 INF] Saved 1 entities to in-memory store.
[22:29:06 INF] Saved 2 entities to in-memory store.
[22:29:06 INF] Saved 2 entities to in-memory store.
[22:29:06 INF] Saved 2 entities to in-memory store.
[22:29:06 INF] Saved 2 entities to in-memory store.
[22:29:06 INF] Saved 2 entities to in-memory store.
[22:29:06 INF] Saved 2 entities to in-memory store.
[22:29:06 INF] Saved 2 entities to in-memory store.
[22:29:06 INF] Saved 2 entities to in-memory store.
[22:29:06 INF] Saved 2 entities to in-memory store.
[22:29:06 INF] Saved 2 entities to in-memory store.
[22:29:06 INF] Saved 2 entities to in-memory store.
[22:29:06 INF] Saved 2 entities to in-memory store.
[22:29:06 INF] Starting Hangfire Server using job storage: 'In-Memory Storage'
[22:29:06 INF] Starting Hangfire Server using job storage: 'In-Memory Storage'
[22:29:06 INF] Starting Hangfire Server using job storage: 'In-Memory Storage'
[22:29:06 INF] Starting Hangfire Server using job storage: 'In-Memory Storage'
[22:29:06 INF] Starting Hangfire Server using job storage: 'In-Memory Storage'
[22:29:06 INF] Starting Hangfire Server using job storage: 'In-Memory Storage'
[22:29:06 INF] Starting Hangfire Server using job storage: 'In-Memory Storage'
[22:29:06 INF] Starting Hangfire Server using job storage: 'In-Memory Storage'
[22:29:06 INF] Starting Hangfire Server using job storage: 'In-Memory Storage'
[22:29:06 INF] Starting Hangfire Server using job storage: 'In-Memory Storage'
[22:29:06 INF] Starting Hangfire Server using job storage: 'In-Memory Storage'
[22:29:06 INF] Starting Hangfire Server using job storage: 'In-Memory Storage'
[22:29:06 INF] Using the following options for Hangfire Server:
    Worker count: 2
    Listening queues: 'default'
    Shutdown timeout: 00:00:15
    Schedule polling interval: 00:00:15
[22:29:06 INF] Using the following options for Hangfire Server:
    Worker count: 2
    Listening queues: 'default'
    Shutdown timeout: 00:00:15
    Schedule polling interval: 00:00:15
[22:29:06 INF] Using the following options for Hangfire Server:
    Worker count: 2
    Listening queues: 'default'
    Shutdown timeout: 00:00:15
    Schedule polling interval: 00:00:15
[22:29:06 INF] Using the following options for Hangfire Server:
    Worker count: 2
    Listening queues: 'default'
    Shutdown timeout: 00:00:15
    Schedule polling interval: 00:00:15
[22:29:06 INF] Using the following options for Hangfire Server:
    Worker count: 2
    Listening queues: 'default'
    Shutdown timeout: 00:00:15
    Schedule polling interval: 00:00:15
[22:29:06 INF] Using the following options for Hangfire Server:
    Worker count: 2
    Listening queues: 'default'
    Shutdown timeout: 00:00:15
    Schedule polling interval: 00:00:15
[22:29:06 INF] Using the following options for Hangfire Server:
    Worker count: 2
    Listening queues: 'default'
    Shutdown timeout: 00:00:15
    Schedule polling interval: 00:00:15
[22:29:06 INF] Using the following options for Hangfire Server:
    Worker count: 2
    Listening queues: 'default'
    Shutdown timeout: 00:00:15
    Schedule polling interval: 00:00:15
[22:29:06 INF] Using the following options for Hangfire Server:
    Worker count: 2
    Listening queues: 'default'
    Shutdown timeout: 00:00:15
    Schedule polling interval: 00:00:15
[22:29:06 INF] Using the following options for Hangfire Server:
    Worker count: 2
    Listening queues: 'default'
    Shutdown timeout: 00:00:15
    Schedule polling interval: 00:00:15
[22:29:06 INF] Using the following options for Hangfire Server:
    Worker count: 2
    Listening queues: 'default'
    Shutdown timeout: 00:00:15
    Schedule polling interval: 00:00:15
[22:29:06 INF] Using the following options for Hangfire Server:
    Worker count: 2
    Listening queues: 'default'
    Shutdown timeout: 00:00:15
    Schedule polling interval: 00:00:15
[22:29:06 INF] Server fabio-mobile:44964:45267c46 successfully announced in 2,0367 ms
[22:29:06 INF] Server fabio-mobile:44964:34962fb4 successfully announced in 1,9942 ms
[22:29:06 INF] Server fabio-mobile:44964:85d12282 successfully announced in 1,9403 ms
[22:29:06 INF] Server fabio-mobile:44964:576a6a59 successfully announced in 2,0166 ms
[22:29:06 INF] Server fabio-mobile:44964:380a3d04 successfully announced in 2,0077 ms
[22:29:06 INF] Server fabio-mobile:44964:c0ea29c7 successfully announced in 1,8311 ms
[22:29:06 INF] Server fabio-mobile:44964:0ca7afeb successfully announced in 1,9796 ms
[22:29:06 INF] Server fabio-mobile:44964:0edc7e94 successfully announced in 1,8284 ms
[22:29:06 INF] Server fabio-mobile:44964:871e12bc successfully announced in 1,8999 ms
[22:29:06 INF] Server fabio-mobile:44964:f48c2ade successfully announced in 1,8306 ms
[22:29:06 INF] Server fabio-mobile:44964:8733ab84 successfully announced in 1,9977 ms
[22:29:06 INF] Server fabio-mobile:44964:38b5ff1b successfully announced in 2,0372 ms
[22:29:06 INF] Server fabio-mobile:44964:0ca7afeb is starting the registered dispatchers: ServerWatchdog, ServerJobCancellationWatcher, Worker, DelayedJobScheduler, RecurringJobScheduler...
[22:29:06 INF] Server fabio-mobile:44964:c0ea29c7 is starting the registered dispatchers: ServerWatchdog, ServerJobCancellationWatcher, Worker, DelayedJobScheduler, RecurringJobScheduler...
[22:29:06 INF] Server fabio-mobile:44964:45267c46 is starting the registered dispatchers: ServerWatchdog, ServerJobCancellationWatcher, Worker, DelayedJobScheduler, RecurringJobScheduler...
[22:29:06 INF] Server fabio-mobile:44964:871e12bc is starting the registered dispatchers: ServerWatchdog, ServerJobCancellationWatcher, Worker, DelayedJobScheduler, RecurringJobScheduler...
[22:29:06 INF] Server fabio-mobile:44964:38b5ff1b is starting the registered dispatchers: ServerWatchdog, ServerJobCancellationWatcher, Worker, DelayedJobScheduler, RecurringJobScheduler...
[22:29:06 INF] Server fabio-mobile:44964:85d12282 is starting the registered dispatchers: ServerWatchdog, ServerJobCancellationWatcher, Worker, DelayedJobScheduler, RecurringJobScheduler...
[22:29:06 INF] Server fabio-mobile:44964:8733ab84 is starting the registered dispatchers: ServerWatchdog, ServerJobCancellationWatcher, Worker, DelayedJobScheduler, RecurringJobScheduler...
[22:29:06 INF] Server fabio-mobile:44964:f48c2ade is starting the registered dispatchers: ServerWatchdog, ServerJobCancellationWatcher, Worker, DelayedJobScheduler, RecurringJobScheduler...
[22:29:06 INF] Server fabio-mobile:44964:34962fb4 is starting the registered dispatchers: ServerWatchdog, ServerJobCancellationWatcher, Worker, DelayedJobScheduler, RecurringJobScheduler...
[22:29:06 INF] Server fabio-mobile:44964:380a3d04 is starting the registered dispatchers: ServerWatchdog, ServerJobCancellationWatcher, Worker, DelayedJobScheduler, RecurringJobScheduler...
[22:29:06 INF] Server fabio-mobile:44964:576a6a59 is starting the registered dispatchers: ServerWatchdog, ServerJobCancellationWatcher, Worker, DelayedJobScheduler, RecurringJobScheduler...
[22:29:06 INF] Server fabio-mobile:44964:0edc7e94 is starting the registered dispatchers: ServerWatchdog, ServerJobCancellationWatcher, Worker, DelayedJobScheduler, RecurringJobScheduler...
[22:29:06 INF] Server fabio-mobile:44964:85d12282 all the dispatchers started
[22:29:06 INF] Server fabio-mobile:44964:45267c46 all the dispatchers started
[22:29:06 INF] Server fabio-mobile:44964:c0ea29c7 all the dispatchers started
[22:29:06 INF] Server fabio-mobile:44964:576a6a59 all the dispatchers started
[22:29:06 INF] Server fabio-mobile:44964:34962fb4 all the dispatchers started
[22:29:06 INF] Server fabio-mobile:44964:0ca7afeb all the dispatchers started
[22:29:06 INF] Server fabio-mobile:44964:f48c2ade all the dispatchers started
[22:29:06 INF] Server fabio-mobile:44964:8733ab84 all the dispatchers started
[22:29:06 INF] Server fabio-mobile:44964:871e12bc all the dispatchers started
[22:29:06 INF] Server fabio-mobile:44964:380a3d04 all the dispatchers started
[22:29:06 INF] Server fabio-mobile:44964:38b5ff1b all the dispatchers started
[22:29:06 INF] Server fabio-mobile:44964:0edc7e94 all the dispatchers started
[22:29:06 INF] Request starting HTTP/1.1 GET http://localhost/api/customer/home - null null
[22:29:06 INF] Request starting HTTP/1.1 POST http://localhost/api/auth/register/seller - application/json; charset=utf-8 null
[22:29:06 INF] Request starting HTTP/1.1 GET http://localhost/api/address-lookup/cep/123 - null null
[22:29:06 INF] Request starting HTTP/1.1 POST http://localhost/api/auth/register/seller - application/json; charset=utf-8 null
[22:29:06 INF] Request starting HTTP/1.1 POST http://localhost/api/auth/register/seller - application/json; charset=utf-8 null
[22:29:06 INF] Request starting HTTP/1.1 GET http://localhost/api/stores/7c23dd8d-b993-4126-baeb-2dd5ddbc76b1/categories - null null
[22:29:06 INF] Request starting HTTP/1.1 POST http://localhost/api/auth/register/seller - application/json; charset=utf-8 null
[22:29:06 INF] Request starting HTTP/1.1 POST http://localhost/api/auth/register/seller - application/json; charset=utf-8 null
[22:29:06 INF] Request starting HTTP/1.1 POST http://localhost/api/auth/register/seller - application/json; charset=utf-8 null
[22:29:06 INF] Request starting HTTP/1.1 POST http://localhost/api/auth/register/seller - application/json; charset=utf-8 null
[22:29:06 INF] Request starting HTTP/1.1 POST http://localhost/api/auth/register/customer - application/json; charset=utf-8 null
[22:29:06 INF] Request starting HTTP/1.1 POST http://localhost/api/auth/login/admin - application/json; charset=utf-8 null
[22:29:06 WRN] Failed to determine the https port for redirect.
[22:29:06 WRN] Failed to determine the https port for redirect.
[22:29:06 WRN] Failed to determine the https port for redirect.
[22:29:06 WRN] Failed to determine the https port for redirect.
[22:29:06 WRN] Failed to determine the https port for redirect.
[22:29:06 WRN] Failed to determine the https port for redirect.
[22:29:06 WRN] Failed to determine the https port for redirect.
[22:29:06 WRN] Failed to determine the https port for redirect.
[22:29:06 WRN] Failed to determine the https port for redirect.
[22:29:06 WRN] Failed to determine the https port for redirect.
[22:29:06 WRN] Failed to determine the https port for redirect.
[22:29:06 WRN] Failed to determine the https port for redirect.
[22:29:06 INF] Executing endpoint 'Urbeat.WebApi.Controllers.AddressLookupController.LookupByCep (Urbeat.WebApi)'
[22:29:06 INF] Executing endpoint 'Urbeat.WebApi.Controllers.AuthController.RegisterSeller (Urbeat.WebApi)'
[22:29:06 INF] Executing endpoint 'Urbeat.WebApi.Controllers.AuthController.RegisterSeller (Urbeat.WebApi)'
[22:29:06 INF] Executing endpoint 'Urbeat.WebApi.Controllers.AuthController.RegisterSeller (Urbeat.WebApi)'
[22:29:06 INF] Executing endpoint 'Urbeat.WebApi.Controllers.AuthController.RegisterSeller (Urbeat.WebApi)'
[22:29:06 INF] Executing endpoint 'Urbeat.WebApi.Controllers.AuthController.RegisterSeller (Urbeat.WebApi)'
[22:29:06 INF] Executing endpoint 'Urbeat.WebApi.Controllers.AuthController.RegisterSeller (Urbeat.WebApi)'
[22:29:06 INF] Executing endpoint 'Urbeat.WebApi.Controllers.AuthController.RegisterCustomer (Urbeat.WebApi)'
[22:29:06 INF] Executing endpoint 'Urbeat.WebApi.Controllers.AuthController.LoginAdmin (Urbeat.WebApi)'
[22:29:06 INF] Executing endpoint 'Urbeat.WebApi.Controllers.AuthController.RegisterSeller (Urbeat.WebApi)'
[22:29:06 INF] Authorization failed. These requirements were not met:
RolesAuthorizationRequirement:User.IsInRole must be true for one of the following roles: (Seller)
[22:29:06 INF] AuthenticationScheme: Bearer was challenged.
[22:29:06 INF] Route matched with {action = "RegisterSeller", controller = "Auth"}. Executing controller action with signature System.Threading.Tasks.Task`1[Microsoft.AspNetCore.Mvc.IActionResult] RegisterSeller(Urbeat.Application.DTOs.RegisterUserRequestDto, System.Threading.CancellationToken) on controller Urbeat.WebApi.Controllers.AuthController (Urbeat.WebApi).
[22:29:06 INF] Route matched with {action = "RegisterSeller", controller = "Auth"}. Executing controller action with signature System.Threading.Tasks.Task`1[Microsoft.AspNetCore.Mvc.IActionResult] RegisterSeller(Urbeat.Application.DTOs.RegisterUserRequestDto, System.Threading.CancellationToken) on controller Urbeat.WebApi.Controllers.AuthController (Urbeat.WebApi).
[22:29:06 INF] Route matched with {action = "RegisterSeller", controller = "Auth"}. Executing controller action with signature System.Threading.Tasks.Task`1[Microsoft.AspNetCore.Mvc.IActionResult] RegisterSeller(Urbeat.Application.DTOs.RegisterUserRequestDto, System.Threading.CancellationToken) on controller Urbeat.WebApi.Controllers.AuthController (Urbeat.WebApi).
[22:29:06 INF] Route matched with {action = "RegisterSeller", controller = "Auth"}. Executing controller action with signature System.Threading.Tasks.Task`1[Microsoft.AspNetCore.Mvc.IActionResult] RegisterSeller(Urbeat.Application.DTOs.RegisterUserRequestDto, System.Threading.CancellationToken) on controller Urbeat.WebApi.Controllers.AuthController (Urbeat.WebApi).
[22:29:06 INF] Route matched with {action = "LookupByCep", controller = "AddressLookup"}. Executing controller action with signature System.Threading.Tasks.Task`1[Microsoft.AspNetCore.Mvc.IActionResult] LookupByCep(System.String, System.Threading.CancellationToken) on controller Urbeat.WebApi.Controllers.AddressLookupController (Urbeat.WebApi).
[22:29:06 INF] Route matched with {action = "RegisterSeller", controller = "Auth"}. Executing controller action with signature System.Threading.Tasks.Task`1[Microsoft.AspNetCore.Mvc.IActionResult] RegisterSeller(Urbeat.Application.DTOs.RegisterUserRequestDto, System.Threading.CancellationToken) on controller Urbeat.WebApi.Controllers.AuthController (Urbeat.WebApi).
[22:29:06 INF] Route matched with {action = "LoginAdmin", controller = "Auth"}. Executing controller action with signature System.Threading.Tasks.Task`1[Microsoft.AspNetCore.Mvc.IActionResult] LoginAdmin(Urbeat.Application.DTOs.LoginRequestDto, System.Threading.CancellationToken) on controller Urbeat.WebApi.Controllers.AuthController (Urbeat.WebApi).
[22:29:06 INF] Route matched with {action = "RegisterCustomer", controller = "Auth"}. Executing controller action with signature System.Threading.Tasks.Task`1[Microsoft.AspNetCore.Mvc.IActionResult] RegisterCustomer(Urbeat.Application.DTOs.RegisterUserRequestDto, System.Threading.CancellationToken) on controller Urbeat.WebApi.Controllers.AuthController (Urbeat.WebApi).
[22:29:06 INF] Route matched with {action = "RegisterSeller", controller = "Auth"}. Executing controller action with signature System.Threading.Tasks.Task`1[Microsoft.AspNetCore.Mvc.IActionResult] RegisterSeller(Urbeat.Application.DTOs.RegisterUserRequestDto, System.Threading.CancellationToken) on controller Urbeat.WebApi.Controllers.AuthController (Urbeat.WebApi).
[22:29:06 INF] Route matched with {action = "RegisterSeller", controller = "Auth"}. Executing controller action with signature System.Threading.Tasks.Task`1[Microsoft.AspNetCore.Mvc.IActionResult] RegisterSeller(Urbeat.Application.DTOs.RegisterUserRequestDto, System.Threading.CancellationToken) on controller Urbeat.WebApi.Controllers.AuthController (Urbeat.WebApi).
[22:29:06 INF] Authorization failed. These requirements were not met:
RolesAuthorizationRequirement:User.IsInRole must be true for one of the following roles: (Customer)
[22:29:06 INF] AuthenticationScheme: Bearer was forbidden.
[22:29:06 INF] Executing action method Urbeat.WebApi.Controllers.AddressLookupController.LookupByCep (Urbeat.WebApi) - Validation state: Valid
[22:29:06 INF] HTTP GET /api/customer/home responded 403 in 88.8466 ms
[22:29:06 INF] HTTP GET /api/stores/7c23dd8d-b993-4126-baeb-2dd5ddbc76b1/categories responded 401 in 88.8641 ms
[22:29:06 INF] Executed action method Urbeat.WebApi.Controllers.AddressLookupController.LookupByCep (Urbeat.WebApi), returned result Microsoft.AspNetCore.Mvc.ObjectResult in 2.0011ms.
[22:29:06 INF] Executing ObjectResult, writing value of type 'Microsoft.AspNetCore.Mvc.ProblemDetails'.
[22:29:06 INF] Request finished HTTP/1.1 GET http://localhost/api/stores/7c23dd8d-b993-4126-baeb-2dd5ddbc76b1/categories - 401 null application/problem+json; charset=utf-8 188.7134ms
[22:29:06 INF] Request finished HTTP/1.1 GET http://localhost/api/customer/home - 403 null application/problem+json; charset=utf-8 179.4913ms
[22:29:06 INF] Executed action Urbeat.WebApi.Controllers.AddressLookupController.LookupByCep (Urbeat.WebApi) in 48.3392ms
[22:29:06 INF] Executed endpoint 'Urbeat.WebApi.Controllers.AddressLookupController.LookupByCep (Urbeat.WebApi)'
Activity.TraceId:            567fa13ccabe643b3a0cd8a99d3d43ad
Activity.SpanId:             4817409b1a10f297
[22:29:06 INF] Executing action method Urbeat.WebApi.Controllers.AuthController.RegisterSeller (Urbeat.WebApi) - Validation state: Valid
[22:29:06 INF] Executing action method Urbeat.WebApi.Controllers.AuthController.RegisterSeller (Urbeat.WebApi) - Validation state: Valid
[22:29:06 INF] Executing action method Urbeat.WebApi.Controllers.AuthController.RegisterSeller (Urbeat.WebApi) - Validation state: Valid
[22:29:06 INF] Executing action method Urbeat.WebApi.Controllers.AuthController.RegisterSeller (Urbeat.WebApi) - Validation state: Valid
[22:29:06 INF] Executing action method Urbeat.WebApi.Controllers.AuthController.RegisterSeller (Urbeat.WebApi) - Validation state: Valid
[22:29:06 INF] Executing action method Urbeat.WebApi.Controllers.AuthController.RegisterSeller (Urbeat.WebApi) - Validation state: Valid
[22:29:06 INF] Executing action method Urbeat.WebApi.Controllers.AuthController.LoginAdmin (Urbeat.WebApi) - Validation state: Valid
[22:29:06 INF] Executing action method Urbeat.WebApi.Controllers.AuthController.RegisterCustomer (Urbeat.WebApi) - Validation state: Valid
[22:29:06 INF] Executing action method Urbeat.WebApi.Controllers.AuthController.RegisterSeller (Urbeat.WebApi) - Validation state: Valid
[22:29:06 INF] HTTP GET /api/address-lookup/cep/123 responded 400 in 129.3823 ms
[22:29:06 INF] Request finished HTTP/1.1 GET http://localhost/api/address-lookup/cep/123 - 400 null application/problem+json; charset=utf-8 214.077ms
Activity.TraceFlags:         Recorded
Activity.DisplayName:        GET api/customer/home
Activity.Kind:               Server
Activity.StartTime:          2026-06-08T01:29:06.4268477Z
Activity.Duration:           00:00:00.1807255
Activity.Tags:
    server.address: localhost
    http.request.method: GET
    url.scheme: http
    url.path: /api/customer/home
    network.protocol.version: 1.1
    http.route: api/customer/home
    http.response.status_code: 403
Instrumentation scope (ActivitySource):
    Name: Microsoft.AspNetCore
Resource associated with Activity:
    telemetry.sdk.name: opentelemetry
    telemetry.sdk.language: dotnet
    telemetry.sdk.version: 1.14.0
    service.name: unknown_service:testhost
[22:29:06 INF] Request starting HTTP/1.1 GET http://localhost/api/admin/dashboard - null null
Activity.TraceId:            567fa13ccabe643b3a0cd8a99d3d43ad
Activity.TraceId:            1e69bed482b2ea8a44ff21bb3f9eb98b
Activity.SpanId:             e9f01659ea30d7ff
Activity.TraceFlags:         Recorded
Activity.DisplayName:        GET api/stores/{storeId}/categories
Activity.Kind:               Server
Activity.SpanId:             4817409b1a10f297
Activity.StartTime:          2026-06-08T01:29:06.4262832Z
Activity.TraceFlags:         Recorded
Activity.Duration:           00:00:00.1813107
Activity.DisplayName:        GET api/customer/home
Activity.Kind:               Server
Activity.StartTime:          2026-06-08T01:29:06.4268477Z
Activity.Duration:           00:00:00.1807255
Activity.Tags:
Activity.Tags:
    server.address: localhost
    http.request.method: GET
    url.scheme: http
    server.address: localhost
    url.path: /api/customer/home
    http.request.method: GET
    network.protocol.version: 1.1
    url.scheme: http
    http.route: api/customer/home
    url.path: /api/stores/7c23dd8d-b993-4126-baeb-2dd5ddbc76b1/categories
    network.protocol.version: 1.1
    http.route: api/stores/{storeId}/categories
    http.response.status_code: 401
    http.response.status_code: 403
Instrumentation scope (ActivitySource):
    Name: Microsoft.AspNetCore
Instrumentation scope (ActivitySource):
Resource associated with Activity:
    Name: Microsoft.AspNetCore
    telemetry.sdk.name: opentelemetry
Resource associated with Activity:
    telemetry.sdk.language: dotnet
    telemetry.sdk.name: opentelemetry
    telemetry.sdk.version: 1.14.0
    telemetry.sdk.language: dotnet
    telemetry.sdk.version: 1.14.0
    service.name: unknown_service:testhost
    service.name: unknown_service:testhost
Activity.TraceId:            567fa13ccabe643b3a0cd8a99d3d43ad
Activity.SpanId:             4817409b1a10f297
Activity.TraceFlags:         Recorded
Activity.DisplayName:        GET api/customer/home
Activity.Kind:               Server
Activity.TraceId:            1e69bed482b2ea8a44ff21bb3f9eb98b
Activity.TraceId:            d02195cba5a5498bfddb70e98d16653f
Activity.SpanId:             e9f01659ea30d7ff
Activity.StartTime:          2026-06-08T01:29:06.4268477Z
Activity.SpanId:             bf4f256ff571600c
Activity.Duration:           00:00:00.1807255
Activity.TraceFlags:         Recorded
Activity.TraceFlags:         Recorded
Activity.DisplayName:        GET api/stores/{storeId}/categories
Activity.Tags:
Activity.DisplayName:        GET api/address-lookup/cep/{cep}
    server.address: localhost
Activity.Kind:               Server
Activity.Kind:               Server
Activity.StartTime:          2026-06-08T01:29:06.4262831Z
Activity.Duration:           00:00:00.2057013
Activity.StartTime:          2026-06-08T01:29:06.4262832Z
    http.request.method: GET
Activity.Duration:           00:00:00.1813107
Activity.Tags:
Activity.Tags:
    url.scheme: http
    server.address: localhost
    url.path: /api/customer/home
    http.request.method: GET
    network.protocol.version: 1.1
    url.scheme: http
    http.route: api/customer/home
    server.address: localhost
    url.path: /api/stores/7c23dd8d-b993-4126-baeb-2dd5ddbc76b1/categories
    http.response.status_code: 403
    network.protocol.version: 1.1
    http.request.method: GET
    http.route: api/stores/{storeId}/categories
Instrumentation scope (ActivitySource):
    url.scheme: http
    Name: Microsoft.AspNetCore
    http.response.status_code: 401
Resource associated with Activity:
    url.path: /api/address-lookup/cep/123
Instrumentation scope (ActivitySource):
    network.protocol.version: 1.1
    Name: Microsoft.AspNetCore
    http.route: api/address-lookup/cep/{cep}
    telemetry.sdk.name: opentelemetry
Resource associated with Activity:
    http.response.status_code: 400
    telemetry.sdk.name: opentelemetry
    telemetry.sdk.language: dotnet
Instrumentation scope (ActivitySource):
    telemetry.sdk.version: 1.14.0
    telemetry.sdk.language: dotnet
    service.name: unknown_service:testhost
    Name: Microsoft.AspNetCore
    telemetry.sdk.version: 1.14.0
Resource associated with Activity:
    telemetry.sdk.name: opentelemetry
    service.name: unknown_service:testhost
    telemetry.sdk.language: dotnet
    telemetry.sdk.version: 1.14.0
    service.name: unknown_service:testhost
Activity.TraceId:            567fa13ccabe643b3a0cd8a99d3d43ad
Activity.TraceId:            1e69bed482b2ea8a44ff21bb3f9eb98b
Activity.SpanId:             4817409b1a10f297
Activity.SpanId:             e9f01659ea30d7ff
Activity.TraceId:            d02195cba5a5498bfddb70e98d16653f
Activity.TraceFlags:         Recorded
Activity.SpanId:             bf4f256ff571600c
Activity.TraceFlags:         Recorded
Activity.TraceFlags:         Recorded
Activity.DisplayName:        GET api/stores/{storeId}/categories
Activity.DisplayName:        GET api/address-lookup/cep/{cep}
Activity.Kind:               Server
Activity.Kind:               Server
Activity.DisplayName:        GET api/customer/home
Activity.StartTime:          2026-06-08T01:29:06.4262831Z
Activity.Kind:               Server
Activity.Duration:           00:00:00.2057013
Activity.StartTime:          2026-06-08T01:29:06.4262832Z
Activity.Tags:
Activity.Duration:           00:00:00.1813107
    server.address: localhost
Activity.Tags:
Activity.StartTime:          2026-06-08T01:29:06.4268477Z
    server.address: localhost
    http.request.method: GET
    http.request.method: GET
Activity.Duration:           00:00:00.1807255
    url.scheme: http
    url.scheme: http
Activity.Tags:
    url.path: /api/stores/7c23dd8d-b993-4126-baeb-2dd5ddbc76b1/categories
    url.path: /api/address-lookup/cep/123
    server.address: localhost
    network.protocol.version: 1.1
    http.request.method: GET
    network.protocol.version: 1.1
    url.scheme: http
    http.route: api/address-lookup/cep/{cep}
    url.path: /api/customer/home
    http.response.status_code: 400
    network.protocol.version: 1.1
    http.route: api/customer/home
    http.route: api/stores/{storeId}/categories
    http.response.status_code: 403
    http.response.status_code: 401
Instrumentation scope (ActivitySource):
Instrumentation scope (ActivitySource):
    Name: Microsoft.AspNetCore
Instrumentation scope (ActivitySource):
    Name: Microsoft.AspNetCore
    Name: Microsoft.AspNetCore
Resource associated with Activity:
Resource associated with Activity:
Resource associated with Activity:
    telemetry.sdk.name: opentelemetry
    telemetry.sdk.name: opentelemetry
    telemetry.sdk.language: dotnet
    telemetry.sdk.name: opentelemetry
    telemetry.sdk.version: 1.14.0
    telemetry.sdk.language: dotnet
    telemetry.sdk.version: 1.14.0
    service.name: unknown_service:testhost
    service.name: unknown_service:testhost
    telemetry.sdk.language: dotnet
    telemetry.sdk.version: 1.14.0
    service.name: unknown_service:testhost
Activity.TraceId:            567fa13ccabe643b3a0cd8a99d3d43ad
Activity.TraceId:            1e69bed482b2ea8a44ff21bb3f9eb98b
Activity.SpanId:             4817409b1a10f297
Activity.SpanId:             e9f01659ea30d7ff
Activity.TraceFlags:         Recorded
Activity.TraceFlags:         Recorded
Activity.DisplayName:        GET api/customer/home
Activity.DisplayName:        GET api/stores/{storeId}/categories
Activity.Kind:               Server
Activity.Kind:               Server
Activity.StartTime:          2026-06-08T01:29:06.4262832Z
Activity.StartTime:          2026-06-08T01:29:06.4268477Z
Activity.Duration:           00:00:00.1813107
Activity.Duration:           00:00:00.1807255
Activity.Tags:
Activity.Tags:
    server.address: localhost
    server.address: localhost
    http.request.method: GET
    http.request.method: GET
    url.scheme: http
    url.scheme: http
    url.path: /api/stores/7c23dd8d-b993-4126-baeb-2dd5ddbc76b1/categories
    url.path: /api/customer/home
    network.protocol.version: 1.1
    network.protocol.version: 1.1
    http.route: api/stores/{storeId}/categories
    http.route: api/customer/home
    http.response.status_code: 401
Instrumentation scope (ActivitySource):
    http.response.status_code: 403
    Name: Microsoft.AspNetCore
Instrumentation scope (ActivitySource):
Resource associated with Activity:
    Name: Microsoft.AspNetCore
    telemetry.sdk.name: opentelemetry
Resource associated with Activity:
    telemetry.sdk.language: dotnet
Activity.TraceId:            d02195cba5a5498bfddb70e98d16653f
    telemetry.sdk.name: opentelemetry
    telemetry.sdk.language: dotnet
    telemetry.sdk.version: 1.14.0
Activity.SpanId:             bf4f256ff571600c
    service.name: unknown_service:testhost
Activity.TraceFlags:         Recorded
Activity.DisplayName:        GET api/address-lookup/cep/{cep}
Activity.Kind:               Server
    telemetry.sdk.version: 1.14.0
Activity.TraceId:            567fa13ccabe643b3a0cd8a99d3d43ad
    service.name: unknown_service:testhost
Activity.SpanId:             4817409b1a10f297
Activity.TraceFlags:         Recorded
Activity.TraceId:            1e69bed482b2ea8a44ff21bb3f9eb98b
Activity.DisplayName:        GET api/customer/home
Activity.SpanId:             e9f01659ea30d7ff
Activity.Kind:               Server
Activity.TraceFlags:         Recorded
Activity.DisplayName:        GET api/stores/{storeId}/categories
Activity.Kind:               Server
Activity.StartTime:          2026-06-08T01:29:06.4268477Z
Activity.StartTime:          2026-06-08T01:29:06.4262832Z
Activity.Duration:           00:00:00.1807255
Activity.Duration:           00:00:00.1813107
Activity.Tags:
Activity.Tags:
    server.address: localhost
    server.address: localhost
Activity.StartTime:          2026-06-08T01:29:06.4262831Z
    http.request.method: GET
    http.request.method: GET
    url.scheme: http
    url.scheme: http
    url.path: /api/stores/7c23dd8d-b993-4126-baeb-2dd5ddbc76b1/categories
    url.path: /api/customer/home
    network.protocol.version: 1.1
    network.protocol.version: 1.1
    http.route: api/stores/{storeId}/categories
    http.route: api/customer/home
    http.response.status_code: 401
Activity.Duration:           00:00:00.2057013
Activity.Tags:
    server.address: localhost
    http.response.status_code: 403
Instrumentation scope (ActivitySource):
Instrumentation scope (ActivitySource):
    Name: Microsoft.AspNetCore
    Name: Microsoft.AspNetCore
Resource associated with Activity:
Resource associated with Activity:
    telemetry.sdk.name: opentelemetry
    telemetry.sdk.name: opentelemetry
    telemetry.sdk.language: dotnet
    telemetry.sdk.language: dotnet
    telemetry.sdk.version: 1.14.0
    telemetry.sdk.version: 1.14.0
    service.name: unknown_service:testhost
    service.name: unknown_service:testhost
Activity.TraceId:            1e69bed482b2ea8a44ff21bb3f9eb98b
Activity.TraceId:            567fa13ccabe643b3a0cd8a99d3d43ad
Activity.SpanId:             e9f01659ea30d7ff
Activity.SpanId:             4817409b1a10f297
Activity.TraceFlags:         Recorded
Activity.TraceFlags:         Recorded
Activity.DisplayName:        GET api/stores/{storeId}/categories
Activity.DisplayName:        GET api/customer/home
Activity.Kind:               Server
Activity.Kind:               Server
Activity.StartTime:          2026-06-08T01:29:06.4262832Z
Activity.StartTime:          2026-06-08T01:29:06.4268477Z
Activity.Duration:           00:00:00.1813107
Activity.Duration:           00:00:00.1807255
Activity.Tags:
Activity.Tags:
    server.address: localhost
    server.address: localhost
    http.request.method: GET
    http.request.method: GET
    url.scheme: http
    url.path: /api/stores/7c23dd8d-b993-4126-baeb-2dd5ddbc76b1/categories
    network.protocol.version: 1.1
    http.route: api/stores/{storeId}/categories
    http.request.method: GET
    url.scheme: http
    http.response.status_code: 401
    url.scheme: http
Instrumentation scope (ActivitySource):
    url.path: /api/customer/home
    Name: Microsoft.AspNetCore
    network.protocol.version: 1.1
Resource associated with Activity:
    http.route: api/customer/home
    telemetry.sdk.name: opentelemetry
    telemetry.sdk.language: dotnet
    telemetry.sdk.version: 1.14.0
    http.response.status_code: 403
    service.name: unknown_service:testhost
Instrumentation scope (ActivitySource):
    url.path: /api/address-lookup/cep/123
    network.protocol.version: 1.1
    http.route: api/address-lookup/cep/{cep}
    http.response.status_code: 400
    Name: Microsoft.AspNetCore
Resource associated with Activity:
Instrumentation scope (ActivitySource):
    Name: Microsoft.AspNetCore
Resource associated with Activity:
    telemetry.sdk.name: opentelemetry
    telemetry.sdk.name: opentelemetry
    telemetry.sdk.language: dotnet
    telemetry.sdk.language: dotnet
    telemetry.sdk.version: 1.14.0
    telemetry.sdk.version: 1.14.0
    service.name: unknown_service:testhost
    service.name: unknown_service:testhost
Activity.TraceId:            567fa13ccabe643b3a0cd8a99d3d43ad
Activity.TraceId:            d02195cba5a5498bfddb70e98d16653f
Activity.SpanId:             4817409b1a10f297
Activity.SpanId:             bf4f256ff571600c
Activity.TraceId:            1e69bed482b2ea8a44ff21bb3f9eb98b
Activity.TraceFlags:         Recorded
Activity.TraceFlags:         Recorded
Activity.SpanId:             e9f01659ea30d7ff
Activity.DisplayName:        GET api/customer/home
Activity.DisplayName:        GET api/address-lookup/cep/{cep}
Activity.Kind:               Server
Activity.Kind:               Server
Activity.TraceFlags:         Recorded
Activity.StartTime:          2026-06-08T01:29:06.4268477Z
Activity.DisplayName:        GET api/stores/{storeId}/categories
Activity.Duration:           00:00:00.1807255
Activity.Kind:               Server
Activity.Tags:
Activity.StartTime:          2026-06-08T01:29:06.4262831Z
    server.address: localhost
Activity.StartTime:          2026-06-08T01:29:06.4262832Z
Activity.Duration:           00:00:00.2057013
Activity.Duration:           00:00:00.1813107
    http.request.method: GET
Activity.Tags:
Activity.Tags:
    url.scheme: http
    server.address: localhost
    server.address: localhost
    url.path: /api/customer/home
    http.request.method: GET
    http.request.method: GET
    url.scheme: http
    url.scheme: http
    network.protocol.version: 1.1
    url.path: /api/stores/7c23dd8d-b993-4126-baeb-2dd5ddbc76b1/categories
    url.path: /api/address-lookup/cep/123
    http.route: api/customer/home
    network.protocol.version: 1.1
    network.protocol.version: 1.1
    http.route: api/address-lookup/cep/{cep}
    http.route: api/stores/{storeId}/categories
    http.response.status_code: 403
    http.response.status_code: 401
    http.response.status_code: 400
Instrumentation scope (ActivitySource):
Instrumentation scope (ActivitySource):
Instrumentation scope (ActivitySource):
    Name: Microsoft.AspNetCore
    Name: Microsoft.AspNetCore
    Name: Microsoft.AspNetCore
Resource associated with Activity:
Resource associated with Activity:
Resource associated with Activity:
    telemetry.sdk.name: opentelemetry
    telemetry.sdk.name: opentelemetry
    telemetry.sdk.language: dotnet
    telemetry.sdk.name: opentelemetry
    telemetry.sdk.language: dotnet
    telemetry.sdk.language: dotnet
    telemetry.sdk.version: 1.14.0
    telemetry.sdk.version: 1.14.0
    service.name: unknown_service:testhost
    service.name: unknown_service:testhost
Activity.TraceId:            567fa13ccabe643b3a0cd8a99d3d43ad
Activity.TraceId:            d02195cba5a5498bfddb70e98d16653f
Activity.SpanId:             4817409b1a10f297
Activity.SpanId:             bf4f256ff571600c
    telemetry.sdk.version: 1.14.0
Activity.TraceFlags:         Recorded
Activity.TraceFlags:         Recorded
    service.name: unknown_service:testhost
Activity.DisplayName:        GET api/address-lookup/cep/{cep}
Activity.Kind:               Server
Activity.DisplayName:        GET api/customer/home
Activity.TraceId:            1e69bed482b2ea8a44ff21bb3f9eb98b
Activity.Kind:               Server
Activity.SpanId:             e9f01659ea30d7ff
Activity.StartTime:          2026-06-08T01:29:06.4262831Z
Activity.StartTime:          2026-06-08T01:29:06.4268477Z
Activity.Duration:           00:00:00.2057013
Activity.Duration:           00:00:00.1807255
Activity.Tags:
Activity.TraceFlags:         Recorded
    server.address: localhost
Activity.DisplayName:        GET api/stores/{storeId}/categories
Activity.Tags:
    http.request.method: GET
Activity.Kind:               Server
    server.address: localhost
    url.scheme: http
    http.request.method: GET
    url.path: /api/address-lookup/cep/123
    url.scheme: http
Activity.StartTime:          2026-06-08T01:29:06.4262832Z
    url.path: /api/customer/home
    network.protocol.version: 1.1
    http.route: api/customer/home
    http.response.status_code: 403
Instrumentation scope (ActivitySource):
    network.protocol.version: 1.1
    Name: Microsoft.AspNetCore
    http.route: api/address-lookup/cep/{cep}
Resource associated with Activity:
    http.response.status_code: 400
    telemetry.sdk.name: opentelemetry
    telemetry.sdk.language: dotnet
Instrumentation scope (ActivitySource):
    telemetry.sdk.version: 1.14.0
    Name: Microsoft.AspNetCore
    service.name: unknown_service:testhost
Activity.Duration:           00:00:00.1813107
Activity.Tags:
Resource associated with Activity:
    server.address: localhost
    telemetry.sdk.name: opentelemetry
    telemetry.sdk.language: dotnet
    telemetry.sdk.version: 1.14.0
    service.name: unknown_service:testhost
Activity.TraceId:            567fa13ccabe643b3a0cd8a99d3d43ad
Activity.SpanId:             4817409b1a10f297
    http.request.method: GET
Activity.TraceFlags:         Recorded
Activity.TraceId:            d02195cba5a5498bfddb70e98d16653f
Activity.DisplayName:        GET api/customer/home
    url.scheme: http
Activity.SpanId:             bf4f256ff571600c
Activity.Kind:               Server
Activity.TraceFlags:         Recorded
    url.path: /api/stores/7c23dd8d-b993-4126-baeb-2dd5ddbc76b1/categories
Activity.DisplayName:        GET api/address-lookup/cep/{cep}
    network.protocol.version: 1.1
Activity.Kind:               Server
Activity.StartTime:          2026-06-08T01:29:06.4268477Z
    http.route: api/stores/{storeId}/categories
Activity.StartTime:          2026-06-08T01:29:06.4262831Z
Activity.Duration:           00:00:00.1807255
Activity.Tags:
    http.response.status_code: 401
    server.address: localhost
Instrumentation scope (ActivitySource):
    http.request.method: GET
Activity.Duration:           00:00:00.2057013
    url.scheme: http
    Name: Microsoft.AspNetCore
    url.path: /api/customer/home
Resource associated with Activity:
    network.protocol.version: 1.1
    telemetry.sdk.name: opentelemetry
    http.route: api/customer/home
Activity.Tags:
    telemetry.sdk.language: dotnet
    http.response.status_code: 403
    server.address: localhost
Instrumentation scope (ActivitySource):
    http.request.method: GET
    Name: Microsoft.AspNetCore
    url.scheme: http
Resource associated with Activity:
    url.path: /api/address-lookup/cep/123
    telemetry.sdk.version: 1.14.0
    telemetry.sdk.name: opentelemetry
    network.protocol.version: 1.1
    http.route: api/address-lookup/cep/{cep}
    telemetry.sdk.language: dotnet
    service.name: unknown_service:testhost
    http.response.status_code: 400
    telemetry.sdk.version: 1.14.0
    service.name: unknown_service:testhost
Instrumentation scope (ActivitySource):
Activity.TraceId:            1e69bed482b2ea8a44ff21bb3f9eb98b
    Name: Microsoft.AspNetCore
Activity.SpanId:             e9f01659ea30d7ff
Resource associated with Activity:
Activity.TraceFlags:         Recorded
    telemetry.sdk.name: opentelemetry
Activity.TraceId:            567fa13ccabe643b3a0cd8a99d3d43ad
    telemetry.sdk.language: dotnet
Activity.DisplayName:        GET api/stores/{storeId}/categories
Activity.SpanId:             4817409b1a10f297
[22:29:06 INF] Request starting HTTP/1.1 POST http://localhost/api/auth/register/customer - application/json; charset=utf-8 null
Activity.TraceFlags:         Recorded
Activity.Kind:               Server
Activity.DisplayName:        GET api/customer/home
Activity.StartTime:          2026-06-08T01:29:06.4262832Z
Activity.Kind:               Server
    telemetry.sdk.version: 1.14.0
Activity.StartTime:          2026-06-08T01:29:06.4268477Z
    service.name: unknown_service:testhost
Activity.Duration:           00:00:00.1807255
Activity.Tags:
Activity.Duration:           00:00:00.1813107
    server.address: localhost
Activity.Tags:
    http.request.method: GET
    url.scheme: http
Activity.TraceId:            d02195cba5a5498bfddb70e98d16653f
    url.path: /api/customer/home
Activity.SpanId:             bf4f256ff571600c
    network.protocol.version: 1.1
Activity.TraceFlags:         Recorded
    http.route: api/customer/home
    server.address: localhost
    http.response.status_code: 403
    http.request.method: GET
Instrumentation scope (ActivitySource):
    url.scheme: http
    Name: Microsoft.AspNetCore
    url.path: /api/stores/7c23dd8d-b993-4126-baeb-2dd5ddbc76b1/categories
Resource associated with Activity:
    network.protocol.version: 1.1
    telemetry.sdk.name: opentelemetry
    http.route: api/stores/{storeId}/categories
    telemetry.sdk.language: dotnet
    telemetry.sdk.version: 1.14.0
    http.response.status_code: 401
    service.name: unknown_service:testhost
Activity.DisplayName:        GET api/address-lookup/cep/{cep}
Instrumentation scope (ActivitySource):
Activity.Kind:               Server
    Name: Microsoft.AspNetCore
Activity.TraceId:            567fa13ccabe643b3a0cd8a99d3d43ad
Resource associated with Activity:
Activity.SpanId:             4817409b1a10f297
Activity.StartTime:          2026-06-08T01:29:06.4262831Z
    telemetry.sdk.name: opentelemetry
Activity.Duration:           00:00:00.2057013
    telemetry.sdk.language: dotnet
Activity.Tags:
    telemetry.sdk.version: 1.14.0
    server.address: localhost
    service.name: unknown_service:testhost
    http.request.method: GET
    url.scheme: http
Activity.TraceId:            1e69bed482b2ea8a44ff21bb3f9eb98b
    url.path: /api/address-lookup/cep/123
Activity.SpanId:             e9f01659ea30d7ff
    network.protocol.version: 1.1
Activity.TraceFlags:         Recorded
    http.route: api/address-lookup/cep/{cep}
Activity.DisplayName:        GET api/customer/home
Activity.Kind:               Server
    http.response.status_code: 400
Instrumentation scope (ActivitySource):
Activity.TraceFlags:         Recorded
Activity.StartTime:          2026-06-08T01:29:06.4268477Z
Activity.DisplayName:        GET api/stores/{storeId}/categories
Activity.Duration:           00:00:00.1807255
Activity.Kind:               Server
Activity.Tags:
    Name: Microsoft.AspNetCore
    server.address: localhost
Activity.StartTime:          2026-06-08T01:29:06.4262832Z
    http.request.method: GET
Activity.Duration:           00:00:00.1813107
Resource associated with Activity:
    url.scheme: http
Activity.Tags:
    url.path: /api/customer/home
    server.address: localhost
    telemetry.sdk.name: opentelemetry
    network.protocol.version: 1.1
    http.request.method: GET
    telemetry.sdk.language: dotnet
    http.route: api/customer/home
    telemetry.sdk.version: 1.14.0
    url.scheme: http
    http.response.status_code: 403
    url.path: /api/stores/7c23dd8d-b993-4126-baeb-2dd5ddbc76b1/categories
    service.name: unknown_service:testhost
Instrumentation scope (ActivitySource):
    network.protocol.version: 1.1
    Name: Microsoft.AspNetCore
    http.route: api/stores/{storeId}/categories
Resource associated with Activity:
    http.response.status_code: 401
    telemetry.sdk.name: opentelemetry
Instrumentation scope (ActivitySource):
    telemetry.sdk.language: dotnet
    Name: Microsoft.AspNetCore
Activity.TraceId:            d02195cba5a5498bfddb70e98d16653f
Resource associated with Activity:
    telemetry.sdk.version: 1.14.0
Activity.SpanId:             bf4f256ff571600c
    service.name: unknown_service:testhost
Activity.TraceFlags:         Recorded
    telemetry.sdk.name: opentelemetry
Activity.DisplayName:        GET api/address-lookup/cep/{cep}
    telemetry.sdk.language: dotnet
Activity.Kind:               Server
    telemetry.sdk.version: 1.14.0
    service.name: unknown_service:testhost
Activity.StartTime:          2026-06-08T01:29:06.4262831Z
Activity.Duration:           00:00:00.2057013
Activity.Tags:
    server.address: localhost
Activity.TraceId:            1e69bed482b2ea8a44ff21bb3f9eb98b
    http.request.method: GET
Activity.SpanId:             e9f01659ea30d7ff
    url.scheme: http
    url.path: /api/address-lookup/cep/123
Activity.TraceFlags:         Recorded
    network.protocol.version: 1.1
Activity.DisplayName:        GET api/stores/{storeId}/categories
    http.route: api/address-lookup/cep/{cep}
Activity.Kind:               Server
    http.response.status_code: 400
Activity.StartTime:          2026-06-08T01:29:06.4262832Z
Instrumentation scope (ActivitySource):
[22:29:06 INF] Request starting HTTP/1.1 POST http://localhost/api/auth/register/seller - application/json; charset=utf-8 null
    Name: Microsoft.AspNetCore
Resource associated with Activity:
Activity.Duration:           00:00:00.1813107
[22:29:06 INF] Executing endpoint 'Urbeat.WebApi.Controllers.AuthController.RegisterCustomer (Urbeat.WebApi)'
    telemetry.sdk.name: opentelemetry
Activity.Tags:
    telemetry.sdk.language: dotnet
    telemetry.sdk.version: 1.14.0
    server.address: localhost
    service.name: unknown_service:testhost
    http.request.method: GET
    url.scheme: http
    url.path: /api/stores/7c23dd8d-b993-4126-baeb-2dd5ddbc76b1/categories
    network.protocol.version: 1.1
    http.route: api/stores/{storeId}/categories
Activity.TraceId:            d02195cba5a5498bfddb70e98d16653f
    http.response.status_code: 401
Activity.SpanId:             bf4f256ff571600c
Instrumentation scope (ActivitySource):
Activity.TraceFlags:         Recorded
    Name: Microsoft.AspNetCore
Activity.DisplayName:        GET api/address-lookup/cep/{cep}
Resource associated with Activity:
Activity.Kind:               Server
    telemetry.sdk.name: opentelemetry
    telemetry.sdk.language: dotnet
    telemetry.sdk.version: 1.14.0
    service.name: unknown_service:testhost
Activity.StartTime:          2026-06-08T01:29:06.4262831Z
Activity.Duration:           00:00:00.2057013
Activity.Tags:
Activity.TraceId:            1e69bed482b2ea8a44ff21bb3f9eb98b
    server.address: localhost
Activity.SpanId:             e9f01659ea30d7ff
    http.request.method: GET
Activity.TraceFlags:         Recorded
    url.scheme: http
Activity.DisplayName:        GET api/stores/{storeId}/categories
    url.path: /api/address-lookup/cep/123
Activity.Kind:               Server
    network.protocol.version: 1.1
    http.route: api/address-lookup/cep/{cep}
    http.response.status_code: 400
Activity.StartTime:          2026-06-08T01:29:06.4262832Z
Instrumentation scope (ActivitySource):
Activity.Duration:           00:00:00.1813107
    Name: Microsoft.AspNetCore
Activity.Tags:
Resource associated with Activity:
    server.address: localhost
    telemetry.sdk.name: opentelemetry
    http.request.method: GET
    telemetry.sdk.language: dotnet
    telemetry.sdk.version: 1.14.0
    url.scheme: http
    service.name: unknown_service:testhost
    url.path: /api/stores/7c23dd8d-b993-4126-baeb-2dd5ddbc76b1/categories
    network.protocol.version: 1.1
    http.route: api/stores/{storeId}/categories
Activity.TraceId:            d02195cba5a5498bfddb70e98d16653f
    http.response.status_code: 401
Activity.SpanId:             bf4f256ff571600c
Instrumentation scope (ActivitySource):
Activity.TraceFlags:         Recorded
    Name: Microsoft.AspNetCore
Activity.DisplayName:        GET api/address-lookup/cep/{cep}
Resource associated with Activity:
Activity.Kind:               Server
    telemetry.sdk.name: opentelemetry
    telemetry.sdk.language: dotnet
Activity.StartTime:          2026-06-08T01:29:06.4262831Z
    telemetry.sdk.version: 1.14.0
Activity.Duration:           00:00:00.2057013
    service.name: unknown_service:testhost
Activity.Tags:
    server.address: localhost
    http.request.method: GET
    url.scheme: http
    url.path: /api/address-lookup/cep/123
    network.protocol.version: 1.1
    http.route: api/address-lookup/cep/{cep}
    http.response.status_code: 400
Instrumentation scope (ActivitySource):
    Name: Microsoft.AspNetCore
Resource associated with Activity:
    telemetry.sdk.name: opentelemetry
    telemetry.sdk.language: dotnet
    telemetry.sdk.version: 1.14.0
    service.name: unknown_service:testhost
Activity.TraceId:            d02195cba5a5498bfddb70e98d16653f
Activity.SpanId:             bf4f256ff571600c
Activity.TraceFlags:         Recorded
Activity.DisplayName:        GET api/address-lookup/cep/{cep}
Activity.Kind:               Server
Activity.StartTime:          2026-06-08T01:29:06.4262831Z
Activity.Duration:           00:00:00.2057013
Activity.Tags:
    server.address: localhost
    http.request.method: GET
    url.scheme: http
    url.path: /api/address-lookup/cep/123
    network.protocol.version: 1.1
    http.route: api/address-lookup/cep/{cep}
    http.response.status_code: 400
Instrumentation scope (ActivitySource):
    Name: Microsoft.AspNetCore
Resource associated with Activity:
    telemetry.sdk.name: opentelemetry
    telemetry.sdk.language: dotnet
    telemetry.sdk.version: 1.14.0
    service.name: unknown_service:testhost
Activity.TraceId:            d02195cba5a5498bfddb70e98d16653f
Activity.SpanId:             bf4f256ff571600c
Activity.TraceFlags:         Recorded
Activity.DisplayName:        GET api/address-lookup/cep/{cep}
Activity.Kind:               Server
Activity.StartTime:          2026-06-08T01:29:06.4262831Z
Activity.Duration:           00:00:00.2057013
Activity.Tags:
    server.address: localhost
    http.request.method: GET
    url.scheme: http
    url.path: /api/address-lookup/cep/123
    network.protocol.version: 1.1
    http.route: api/address-lookup/cep/{cep}
    http.response.status_code: 400
Instrumentation scope (ActivitySource):
    Name: Microsoft.AspNetCore
Resource associated with Activity:
    telemetry.sdk.name: opentelemetry
    telemetry.sdk.language: dotnet
    telemetry.sdk.version: 1.14.0
    service.name: unknown_service:testhost
[22:29:06 INF] Authorization failed. These requirements were not met:
RolesAuthorizationRequirement:User.IsInRole must be true for one of the following roles: (Admin)
[22:29:06 INF] AuthenticationScheme: Bearer was forbidden.
[22:29:06 INF] HTTP GET /api/admin/dashboard responded 403 in 2.6337 ms
[22:29:06 INF] Request finished HTTP/1.1 GET http://localhost/api/admin/dashboard - 403 null application/problem+json; charset=utf-8 6.2894ms
Activity.TraceId:            66eb1a1c0673619f1af9a24a1775edd2
Activity.SpanId:             07b3def60d82939c
Activity.TraceFlags:         Recorded
Activity.DisplayName:        GET api/admin/dashboard
Activity.Kind:               Server
Activity.StartTime:          2026-06-08T01:29:06.6378003Z
Activity.Duration:           00:00:00.0065730
Activity.Tags:
    server.address: localhost
    http.request.method: GET
    url.scheme: http
    url.path: /api/admin/dashboard
    network.protocol.version: 1.1
    http.route: api/admin/dashboard
    http.response.status_code: 403
Instrumentation scope (ActivitySource):
    Name: Microsoft.AspNetCore
Resource associated with Activity:
    telemetry.sdk.name: opentelemetry
    telemetry.sdk.language: dotnet
    telemetry.sdk.version: 1.14.0
    service.name: unknown_service:testhost
Activity.TraceId:            66eb1a1c0673619f1af9a24a1775edd2
Activity.SpanId:             07b3def60d82939c
Activity.TraceFlags:         Recorded
Activity.DisplayName:        GET api/admin/dashboard
Activity.Kind:               Server
Activity.StartTime:          2026-06-08T01:29:06.6378003Z
Activity.Duration:           00:00:00.0065730
Activity.Tags:
    server.address: localhost
    http.request.method: GET
    url.scheme: http
    url.path: /api/admin/dashboard
    network.protocol.version: 1.1
    http.route: api/admin/dashboard
    http.response.status_code: 403
Instrumentation scope (ActivitySource):
    Name: Microsoft.AspNetCore
Resource associated with Activity:
    telemetry.sdk.name: opentelemetry
    telemetry.sdk.language: dotnet
    telemetry.sdk.version: 1.14.0
    service.name: unknown_service:testhost
Activity.TraceId:            66eb1a1c0673619f1af9a24a1775edd2
Activity.SpanId:             07b3def60d82939c
Activity.TraceFlags:         Recorded
Activity.DisplayName:        GET api/admin/dashboard
Activity.Kind:               Server
Activity.StartTime:          2026-06-08T01:29:06.6378003Z
Activity.Duration:           00:00:00.0065730
Activity.Tags:
    server.address: localhost
    http.request.method: GET
    url.scheme: http
    url.path: /api/admin/dashboard
    network.protocol.version: 1.1
    http.route: api/admin/dashboard
    http.response.status_code: 403
Instrumentation scope (ActivitySource):
    Name: Microsoft.AspNetCore
Resource associated with Activity:
    telemetry.sdk.name: opentelemetry
    telemetry.sdk.language: dotnet
    telemetry.sdk.version: 1.14.0
    service.name: unknown_service:testhost
Activity.TraceId:            66eb1a1c0673619f1af9a24a1775edd2
Activity.SpanId:             07b3def60d82939c
Activity.TraceFlags:         Recorded
Activity.DisplayName:        GET api/admin/dashboard
Activity.Kind:               Server
Activity.StartTime:          2026-06-08T01:29:06.6378003Z
Activity.Duration:           00:00:00.0065730
Activity.Tags:
    server.address: localhost
    http.request.method: GET
    url.scheme: http
    url.path: /api/admin/dashboard
    network.protocol.version: 1.1
    http.route: api/admin/dashboard
    http.response.status_code: 403
Instrumentation scope (ActivitySource):
    Name: Microsoft.AspNetCore
Resource associated with Activity:
    telemetry.sdk.name: opentelemetry
    telemetry.sdk.language: dotnet
    telemetry.sdk.version: 1.14.0
    service.name: unknown_service:testhost
Activity.TraceId:            66eb1a1c0673619f1af9a24a1775edd2
Activity.SpanId:             07b3def60d82939c
Activity.TraceFlags:         Recorded
Activity.DisplayName:        GET api/admin/dashboard
Activity.Kind:               Server
Activity.StartTime:          2026-06-08T01:29:06.6378003Z
Activity.Duration:           00:00:00.0065730
Activity.Tags:
    server.address: localhost
    http.request.method: GET
    url.scheme: http
    url.path: /api/admin/dashboard
    network.protocol.version: 1.1
    http.route: api/admin/dashboard
    http.response.status_code: 403
Instrumentation scope (ActivitySource):
    Name: Microsoft.AspNetCore
Resource associated with Activity:
    telemetry.sdk.name: opentelemetry
    telemetry.sdk.language: dotnet
    telemetry.sdk.version: 1.14.0
    service.name: unknown_service:testhost
Activity.TraceId:            66eb1a1c0673619f1af9a24a1775edd2
Activity.SpanId:             07b3def60d82939c
Activity.TraceFlags:         Recorded
Activity.DisplayName:        GET api/admin/dashboard
Activity.Kind:               Server
Activity.StartTime:          2026-06-08T01:29:06.6378003Z
Activity.Duration:           00:00:00.0065730
Activity.Tags:
    server.address: localhost
    http.request.method: GET
    url.scheme: http
    url.path: /api/admin/dashboard
    network.protocol.version: 1.1
    http.route: api/admin/dashboard
    http.response.status_code: 403
Instrumentation scope (ActivitySource):
    Name: Microsoft.AspNetCore
Resource associated with Activity:
    telemetry.sdk.name: opentelemetry
    telemetry.sdk.language: dotnet
    telemetry.sdk.version: 1.14.0
    service.name: unknown_service:testhost
Activity.TraceId:            66eb1a1c0673619f1af9a24a1775edd2
Activity.SpanId:             07b3def60d82939c
Activity.TraceFlags:         Recorded
Activity.DisplayName:        GET api/admin/dashboard
Activity.Kind:               Server
Activity.StartTime:          2026-06-08T01:29:06.6378003Z
Activity.Duration:           00:00:00.0065730
Activity.Tags:
    server.address: localhost
    http.request.method: GET
    url.scheme: http
    url.path: /api/admin/dashboard
    network.protocol.version: 1.1
    http.route: api/admin/dashboard
    http.response.status_code: 403
Instrumentation scope (ActivitySource):
    Name: Microsoft.AspNetCore
Resource associated with Activity:
    telemetry.sdk.name: opentelemetry
    telemetry.sdk.language: dotnet
    telemetry.sdk.version: 1.14.0
    service.name: unknown_service:testhost
Activity.TraceId:            66eb1a1c0673619f1af9a24a1775edd2
Activity.SpanId:             07b3def60d82939c
Activity.TraceFlags:         Recorded
Activity.DisplayName:        GET api/admin/dashboard
Activity.Kind:               Server
Activity.StartTime:          2026-06-08T01:29:06.6378003Z
Activity.Duration:           00:00:00.0065730
Activity.Tags:
    server.address: localhost
    http.request.method: GET
    url.scheme: http
    url.path: /api/admin/dashboard
    network.protocol.version: 1.1
    http.route: api/admin/dashboard
    http.response.status_code: 403
Instrumentation scope (ActivitySource):
    Name: Microsoft.AspNetCore
Resource associated with Activity:
    telemetry.sdk.name: opentelemetry
    telemetry.sdk.language: dotnet
    telemetry.sdk.version: 1.14.0
    service.name: unknown_service:testhost
Activity.TraceId:            66eb1a1c0673619f1af9a24a1775edd2
Activity.SpanId:             07b3def60d82939c
Activity.TraceFlags:         Recorded
Activity.DisplayName:        GET api/admin/dashboard
Activity.Kind:               Server
Activity.StartTime:          2026-06-08T01:29:06.6378003Z
Activity.Duration:           00:00:00.0065730
Activity.Tags:
    server.address: localhost
    http.request.method: GET
    url.scheme: http
    url.path: /api/admin/dashboard
    network.protocol.version: 1.1
    http.route: api/admin/dashboard
    http.response.status_code: 403
Instrumentation scope (ActivitySource):
    Name: Microsoft.AspNetCore
Resource associated with Activity:
    telemetry.sdk.name: opentelemetry
    telemetry.sdk.language: dotnet
    telemetry.sdk.version: 1.14.0
    service.name: unknown_service:testhost
Activity.TraceId:            66eb1a1c0673619f1af9a24a1775edd2
Activity.SpanId:             07b3def60d82939c
Activity.TraceFlags:         Recorded
Activity.DisplayName:        GET api/admin/dashboard
Activity.Kind:               Server
Activity.StartTime:          2026-06-08T01:29:06.6378003Z
Activity.Duration:           00:00:00.0065730
Activity.Tags:
    server.address: localhost
    http.request.method: GET
    url.scheme: http
    url.path: /api/admin/dashboard
    network.protocol.version: 1.1
    http.route: api/admin/dashboard
    http.response.status_code: 403
Instrumentation scope (ActivitySource):
    Name: Microsoft.AspNetCore
Resource associated with Activity:
    telemetry.sdk.name: opentelemetry
    telemetry.sdk.language: dotnet
    telemetry.sdk.version: 1.14.0
    service.name: unknown_service:testhost
Activity.TraceId:            66eb1a1c0673619f1af9a24a1775edd2
Activity.SpanId:             07b3def60d82939c
Activity.TraceFlags:         Recorded
Activity.DisplayName:        GET api/admin/dashboard
Activity.Kind:               Server
Activity.StartTime:          2026-06-08T01:29:06.6378003Z
Activity.Duration:           00:00:00.0065730
Activity.Tags:
    server.address: localhost
    http.request.method: GET
    url.scheme: http
    url.path: /api/admin/dashboard
    network.protocol.version: 1.1
    http.route: api/admin/dashboard
    http.response.status_code: 403
Instrumentation scope (ActivitySource):
    Name: Microsoft.AspNetCore
Resource associated with Activity:
    telemetry.sdk.name: opentelemetry
    telemetry.sdk.language: dotnet
    telemetry.sdk.version: 1.14.0
    service.name: unknown_service:testhost
Activity.TraceId:            66eb1a1c0673619f1af9a24a1775edd2
Activity.SpanId:             07b3def60d82939c
Activity.TraceFlags:         Recorded
Activity.DisplayName:        GET api/admin/dashboard
Activity.Kind:               Server
Activity.StartTime:          2026-06-08T01:29:06.6378003Z
Activity.Duration:           00:00:00.0065730
Activity.Tags:
    server.address: localhost
    http.request.method: GET
    url.scheme: http
    url.path: /api/admin/dashboard
    network.protocol.version: 1.1
    http.route: api/admin/dashboard
    http.response.status_code: 403
Instrumentation scope (ActivitySource):
    Name: Microsoft.AspNetCore
Resource associated with Activity:
    telemetry.sdk.name: opentelemetry
    telemetry.sdk.language: dotnet
    telemetry.sdk.version: 1.14.0
    service.name: unknown_service:testhost
[22:29:06 INF] Route matched with {action = "RegisterCustomer", controller = "Auth"}. Executing controller action with signature System.Threading.Tasks.Task`1[Microsoft.AspNetCore.Mvc.IActionResult] RegisterCustomer(Urbeat.Application.DTOs.RegisterUserRequestDto, System.Threading.CancellationToken) on controller Urbeat.WebApi.Controllers.AuthController (Urbeat.WebApi).
[22:29:06 INF] Executing endpoint 'Urbeat.WebApi.Controllers.AuthController.RegisterSeller (Urbeat.WebApi)'
[22:29:06 INF] Route matched with {action = "RegisterSeller", controller = "Auth"}. Executing controller action with signature System.Threading.Tasks.Task`1[Microsoft.AspNetCore.Mvc.IActionResult] RegisterSeller(Urbeat.Application.DTOs.RegisterUserRequestDto, System.Threading.CancellationToken) on controller Urbeat.WebApi.Controllers.AuthController (Urbeat.WebApi).
[22:29:06 INF] Executing action method Urbeat.WebApi.Controllers.AuthController.RegisterCustomer (Urbeat.WebApi) - Validation state: Valid
[22:29:06 INF] Executing action method Urbeat.WebApi.Controllers.AuthController.RegisterSeller (Urbeat.WebApi) - Validation state: Valid
[22:29:06 INF] Request starting HTTP/1.1 GET http://localhost/api/seller/panel - null null
[22:29:06 INF] Authorization failed. These requirements were not met:
RolesAuthorizationRequirement:User.IsInRole must be true for one of the following roles: (Seller)
[22:29:06 INF] AuthenticationScheme: Bearer was forbidden.
[22:29:06 INF] HTTP GET /api/seller/panel responded 403 in 6.8322 ms
[22:29:06 INF] Request finished HTTP/1.1 GET http://localhost/api/seller/panel - 403 null application/problem+json; charset=utf-8 8.1006ms
Activity.TraceId:            76cca09a1ee2233e510976a6de04c3d7
Activity.SpanId:             f2857beef88ce080
Activity.TraceFlags:         Recorded
Activity.DisplayName:        GET api/seller/panel
Activity.Kind:               Server
Activity.StartTime:          2026-06-08T01:29:06.6566314Z
Activity.Duration:           00:00:00.0082943
Activity.Tags:
    server.address: localhost
    http.request.method: GET
    url.scheme: http
    url.path: /api/seller/panel
    network.protocol.version: 1.1
    http.route: api/seller/panel
    http.response.status_code: 403
Instrumentation scope (ActivitySource):
    Name: Microsoft.AspNetCore
Resource associated with Activity:
    telemetry.sdk.name: opentelemetry
    telemetry.sdk.language: dotnet
    telemetry.sdk.version: 1.14.0
    service.name: unknown_service:testhost
Activity.TraceId:            76cca09a1ee2233e510976a6de04c3d7
Activity.SpanId:             f2857beef88ce080
Activity.TraceFlags:         Recorded
Activity.DisplayName:        GET api/seller/panel
Activity.Kind:               Server
Activity.StartTime:          2026-06-08T01:29:06.6566314Z
Activity.Duration:           00:00:00.0082943
Activity.Tags:
    server.address: localhost
    http.request.method: GET
    url.scheme: http
    url.path: /api/seller/panel
    network.protocol.version: 1.1
    http.route: api/seller/panel
    http.response.status_code: 403
Instrumentation scope (ActivitySource):
    Name: Microsoft.AspNetCore
Resource associated with Activity:
    telemetry.sdk.name: opentelemetry
    telemetry.sdk.language: dotnet
    telemetry.sdk.version: 1.14.0
    service.name: unknown_service:testhost
Activity.TraceId:            76cca09a1ee2233e510976a6de04c3d7
Activity.SpanId:             f2857beef88ce080
Activity.TraceFlags:         Recorded
Activity.DisplayName:        GET api/seller/panel
Activity.Kind:               Server
Activity.StartTime:          2026-06-08T01:29:06.6566314Z
Activity.Duration:           00:00:00.0082943
Activity.Tags:
    server.address: localhost
    http.request.method: GET
    url.scheme: http
    url.path: /api/seller/panel
    network.protocol.version: 1.1
    http.route: api/seller/panel
    http.response.status_code: 403
Instrumentation scope (ActivitySource):
    Name: Microsoft.AspNetCore
Resource associated with Activity:
    telemetry.sdk.name: opentelemetry
    telemetry.sdk.language: dotnet
    telemetry.sdk.version: 1.14.0
    service.name: unknown_service:testhost
[22:29:06 INF] Request starting HTTP/1.1 GET http://localhost/api/customer/home - null null
Activity.TraceId:            76cca09a1ee2233e510976a6de04c3d7
[22:29:06 INF] Saved 1 entities to in-memory store.
Activity.SpanId:             f2857beef88ce080
Activity.TraceFlags:         Recorded
Activity.DisplayName:        GET api/seller/panel
Activity.Kind:               Server
[22:29:06 INF] Saved 1 entities to in-memory store.
Activity.StartTime:          2026-06-08T01:29:06.6566314Z
Activity.Duration:           00:00:00.0082943
Activity.Tags:
    server.address: localhost
[22:29:06 INF] Saved 1 entities to in-memory store.
    http.request.method: GET
[22:29:06 INF] Saved 1 entities to in-memory store.
    url.scheme: http
    url.path: /api/seller/panel
    network.protocol.version: 1.1
    http.route: api/seller/panel
[22:29:06 INF] Saved 1 entities to in-memory store.
    http.response.status_code: 403
Instrumentation scope (ActivitySource):
    Name: Microsoft.AspNetCore
Resource associated with Activity:
    telemetry.sdk.name: opentelemetry
    telemetry.sdk.language: dotnet
    telemetry.sdk.version: 1.14.0
[22:29:06 INF] Saved 1 entities to in-memory store.
    service.name: unknown_service:testhost
Activity.TraceId:            76cca09a1ee2233e510976a6de04c3d7
Activity.SpanId:             f2857beef88ce080
Activity.TraceFlags:         Recorded
Activity.DisplayName:        GET api/seller/panel
Activity.Kind:               Server
Activity.StartTime:          2026-06-08T01:29:06.6566314Z
Activity.Duration:           00:00:00.0082943
Activity.Tags:
    server.address: localhost
    http.request.method: GET
    url.scheme: http
    url.path: /api/seller/panel
    network.protocol.version: 1.1
    http.route: api/seller/panel
    http.response.status_code: 403
Instrumentation scope (ActivitySource):
    Name: Microsoft.AspNetCore
Resource associated with Activity:
    telemetry.sdk.name: opentelemetry
    telemetry.sdk.language: dotnet
    telemetry.sdk.version: 1.14.0
    service.name: unknown_service:testhost
Activity.TraceId:            76cca09a1ee2233e510976a6de04c3d7
Activity.SpanId:             f2857beef88ce080
Activity.TraceFlags:         Recorded
Activity.DisplayName:        GET api/seller/panel
Activity.Kind:               Server
Activity.StartTime:          2026-06-08T01:29:06.6566314Z
Activity.Duration:           00:00:00.0082943
Activity.Tags:
    server.address: localhost
    http.request.method: GET
    url.scheme: http
    url.path: /api/seller/panel
    network.protocol.version: 1.1
    http.route: api/seller/panel
    http.response.status_code: 403
Instrumentation scope (ActivitySource):
    Name: Microsoft.AspNetCore
Resource associated with Activity:
    telemetry.sdk.name: opentelemetry
    telemetry.sdk.language: dotnet
    telemetry.sdk.version: 1.14.0
    service.name: unknown_service:testhost
Activity.TraceId:            76cca09a1ee2233e510976a6de04c3d7
Activity.SpanId:             f2857beef88ce080
Activity.TraceFlags:         Recorded
Activity.DisplayName:        GET api/seller/panel
Activity.Kind:               Server
[22:29:06 INF] Saved 1 entities to in-memory store.
Activity.StartTime:          2026-06-08T01:29:06.6566314Z
Activity.Duration:           00:00:00.0082943
Activity.Tags:
    server.address: localhost
    http.request.method: GET
    url.scheme: http
    url.path: /api/seller/panel
    network.protocol.version: 1.1
    http.route: api/seller/panel
    http.response.status_code: 403
Instrumentation scope (ActivitySource):
[22:29:06 INF] Saved 1 entities to in-memory store.
    Name: Microsoft.AspNetCore
Resource associated with Activity:
    telemetry.sdk.name: opentelemetry
    telemetry.sdk.language: dotnet
    telemetry.sdk.version: 1.14.0
    service.name: unknown_service:testhost
Activity.TraceId:            76cca09a1ee2233e510976a6de04c3d7
Activity.SpanId:             f2857beef88ce080
Activity.TraceFlags:         Recorded
Activity.DisplayName:        GET api/seller/panel
Activity.Kind:               Server
Activity.StartTime:          2026-06-08T01:29:06.6566314Z
Activity.Duration:           00:00:00.0082943
Activity.Tags:
    server.address: localhost
    http.request.method: GET
    url.scheme: http
    url.path: /api/seller/panel
    network.protocol.version: 1.1
    http.route: api/seller/panel
    http.response.status_code: 403
Instrumentation scope (ActivitySource):
    Name: Microsoft.AspNetCore
Resource associated with Activity:
    telemetry.sdk.name: opentelemetry
    telemetry.sdk.language: dotnet
    telemetry.sdk.version: 1.14.0
    service.name: unknown_service:testhost
Activity.TraceId:            76cca09a1ee2233e510976a6de04c3d7
Activity.SpanId:             f2857beef88ce080
Activity.TraceFlags:         Recorded
Activity.DisplayName:        GET api/seller/panel
Activity.Kind:               Server
Activity.StartTime:          2026-06-08T01:29:06.6566314Z
Activity.Duration:           00:00:00.0082943
Activity.Tags:
    server.address: localhost
    http.request.method: GET
    url.scheme: http
    url.path: /api/seller/panel
    network.protocol.version: 1.1
    http.route: api/seller/panel
    http.response.status_code: 403
Instrumentation scope (ActivitySource):
    Name: Microsoft.AspNetCore
Resource associated with Activity:
    telemetry.sdk.name: opentelemetry
    telemetry.sdk.language: dotnet
    telemetry.sdk.version: 1.14.0
    service.name: unknown_service:testhost
Activity.TraceId:            76cca09a1ee2233e510976a6de04c3d7
Activity.SpanId:             f2857beef88ce080
Activity.TraceFlags:         Recorded
Activity.DisplayName:        GET api/seller/panel
Activity.Kind:               Server
Activity.StartTime:          2026-06-08T01:29:06.6566314Z
Activity.Duration:           00:00:00.0082943
Activity.Tags:
    server.address: localhost
    http.request.method: GET
    url.scheme: http
    url.path: /api/seller/panel
    network.protocol.version: 1.1
    http.route: api/seller/panel
    http.response.status_code: 403
Instrumentation scope (ActivitySource):
    Name: Microsoft.AspNetCore
Resource associated with Activity:
    telemetry.sdk.name: opentelemetry
    telemetry.sdk.language: dotnet
    telemetry.sdk.version: 1.14.0
    service.name: unknown_service:testhost
Activity.TraceId:            76cca09a1ee2233e510976a6de04c3d7
Activity.SpanId:             f2857beef88ce080
[22:29:06 INF] Saved 1 entities to in-memory store.
Activity.TraceFlags:         Recorded
Activity.DisplayName:        GET api/seller/panel
[22:29:06 INF] Saved 1 entities to in-memory store.
Activity.Kind:               Server
Activity.StartTime:          2026-06-08T01:29:06.6566314Z
Activity.Duration:           00:00:00.0082943
Activity.Tags:
    server.address: localhost
    http.request.method: GET
    url.scheme: http
    url.path: /api/seller/panel
    network.protocol.version: 1.1
    http.route: api/seller/panel
    http.response.status_code: 403
Instrumentation scope (ActivitySource):
    Name: Microsoft.AspNetCore
Resource associated with Activity:
    telemetry.sdk.name: opentelemetry
    telemetry.sdk.language: dotnet
    telemetry.sdk.version: 1.14.0
    service.name: unknown_service:testhost
Activity.TraceId:            76cca09a1ee2233e510976a6de04c3d7
Activity.SpanId:             f2857beef88ce080
Activity.TraceFlags:         Recorded
Activity.DisplayName:        GET api/seller/panel
Activity.Kind:               Server
Activity.StartTime:          2026-06-08T01:29:06.6566314Z
Activity.Duration:           00:00:00.0082943
Activity.Tags:
    server.address: localhost
    http.request.method: GET
    url.scheme: http
    url.path: /api/seller/panel
    network.protocol.version: 1.1
    http.route: api/seller/panel
    http.response.status_code: 403
Instrumentation scope (ActivitySource):
    Name: Microsoft.AspNetCore
Resource associated with Activity:
    telemetry.sdk.name: opentelemetry
    telemetry.sdk.language: dotnet
    telemetry.sdk.version: 1.14.0
    service.name: unknown_service:testhost
[22:29:06 INF] Executing endpoint 'Urbeat.WebApi.Controllers.CustomerController.GetHome (Urbeat.WebApi)'
[22:29:06 INF] Saved 2 entities to in-memory store.
[22:29:06 INF] Saved 2 entities to in-memory store.
[22:29:06 INF] Saved 2 entities to in-memory store.
[22:29:06 INF] Saved 2 entities to in-memory store.
[22:29:06 INF] Saved 2 entities to in-memory store.
[22:29:06 INF] Saved 2 entities to in-memory store.
[22:29:06 INF] Saved 2 entities to in-memory store.
[22:29:06 INF] Saved 2 entities to in-memory store.
[22:29:06 INF] Saved 2 entities to in-memory store.
[22:29:06 INF] Saved 2 entities to in-memory store.
[22:29:06 INF] Route matched with {action = "GetHome", controller = "Customer"}. Executing controller action with signature Microsoft.AspNetCore.Mvc.IActionResult GetHome() on controller Urbeat.WebApi.Controllers.CustomerController (Urbeat.WebApi).
[22:29:06 INF] Executing action method Urbeat.WebApi.Controllers.CustomerController.GetHome (Urbeat.WebApi) - Validation state: Valid
[22:29:06 INF] Executed action method Urbeat.WebApi.Controllers.CustomerController.GetHome (Urbeat.WebApi), returned result Microsoft.AspNetCore.Mvc.OkObjectResult in 0.2868ms.
[22:29:06 INF] Executing OkObjectResult, writing value of type '<>f__AnonymousType0`2[[System.String, System.Private.CoreLib, Version=9.0.0.0, Culture=neutral, PublicKeyToken=7cec85d7bea7798e],[System.String, System.Private.CoreLib, Version=9.0.0.0, Culture=neutral, PublicKeyToken=7cec85d7bea7798e]]'.
[22:29:06 INF] Executed action Urbeat.WebApi.Controllers.CustomerController.GetHome (Urbeat.WebApi) in 5.486ms
[22:29:06 INF] Executed endpoint 'Urbeat.WebApi.Controllers.CustomerController.GetHome (Urbeat.WebApi)'
[22:29:06 INF] HTTP GET /api/customer/home responded 200 in 7.3694 ms
[22:29:06 INF] Request finished HTTP/1.1 GET http://localhost/api/customer/home - 200 null application/json; charset=utf-8 83.5938ms
Activity.TraceId:            79cbe1b8b5497ca206c245324b619323
Activity.SpanId:             164c7b78dc18974d
Activity.TraceFlags:         Recorded
Activity.DisplayName:        GET api/customer/home
Activity.Kind:               Server
Activity.StartTime:          2026-06-08T01:29:06.6923179Z
Activity.Duration:           00:00:00.0838008
Activity.Tags:
    server.address: localhost
    http.request.method: GET
    url.scheme: http
    url.path: /api/customer/home
    network.protocol.version: 1.1
    http.route: api/customer/home
    http.response.status_code: 200
Instrumentation scope (ActivitySource):
    Name: Microsoft.AspNetCore
Resource associated with Activity:
    telemetry.sdk.name: opentelemetry
    telemetry.sdk.language: dotnet
    telemetry.sdk.version: 1.14.0
    service.name: unknown_service:testhost
Activity.TraceId:            79cbe1b8b5497ca206c245324b619323
Activity.SpanId:             164c7b78dc18974d
Activity.TraceFlags:         Recorded
Activity.DisplayName:        GET api/customer/home
Activity.Kind:               Server
Activity.StartTime:          2026-06-08T01:29:06.6923179Z
Activity.Duration:           00:00:00.0838008
Activity.Tags:
    server.address: localhost
    http.request.method: GET
    url.scheme: http
    url.path: /api/customer/home
    network.protocol.version: 1.1
    http.route: api/customer/home
    http.response.status_code: 200
Instrumentation scope (ActivitySource):
    Name: Microsoft.AspNetCore
Resource associated with Activity:
    telemetry.sdk.name: opentelemetry
    telemetry.sdk.language: dotnet
    telemetry.sdk.version: 1.14.0
    service.name: unknown_service:testhost
Activity.TraceId:            79cbe1b8b5497ca206c245324b619323
Activity.SpanId:             164c7b78dc18974d
Activity.TraceFlags:         Recorded
Activity.DisplayName:        GET api/customer/home
Activity.Kind:               Server
Activity.StartTime:          2026-06-08T01:29:06.6923179Z
Activity.Duration:           00:00:00.0838008
Activity.Tags:
    server.address: localhost
    http.request.method: GET
    url.scheme: http
    url.path: /api/customer/home
    network.protocol.version: 1.1
    http.route: api/customer/home
    http.response.status_code: 200
Instrumentation scope (ActivitySource):
    Name: Microsoft.AspNetCore
Resource associated with Activity:
    telemetry.sdk.name: opentelemetry
    telemetry.sdk.language: dotnet
    telemetry.sdk.version: 1.14.0
    service.name: unknown_service:testhost
Activity.TraceId:            79cbe1b8b5497ca206c245324b619323
Activity.SpanId:             164c7b78dc18974d
Activity.TraceFlags:         Recorded
Activity.DisplayName:        GET api/customer/home
Activity.Kind:               Server
Activity.StartTime:          2026-06-08T01:29:06.6923179Z
Activity.Duration:           00:00:00.0838008
Activity.Tags:
    server.address: localhost
    http.request.method: GET
    url.scheme: http
    url.path: /api/customer/home
    network.protocol.version: 1.1
    http.route: api/customer/home
    http.response.status_code: 200
Instrumentation scope (ActivitySource):
    Name: Microsoft.AspNetCore
Resource associated with Activity:
    telemetry.sdk.name: opentelemetry
    telemetry.sdk.language: dotnet
    telemetry.sdk.version: 1.14.0
    service.name: unknown_service:testhost
Activity.TraceId:            79cbe1b8b5497ca206c245324b619323
Activity.SpanId:             164c7b78dc18974d
Activity.TraceFlags:         Recorded
Activity.DisplayName:        GET api/customer/home
Activity.Kind:               Server
Activity.StartTime:          2026-06-08T01:29:06.6923179Z
Activity.Duration:           00:00:00.0838008
Activity.Tags:
    server.address: localhost
    http.request.method: GET
    url.scheme: http
    url.path: /api/customer/home
    network.protocol.version: 1.1
    http.route: api/customer/home
    http.response.status_code: 200
Instrumentation scope (ActivitySource):
    Name: Microsoft.AspNetCore
Resource associated with Activity:
    telemetry.sdk.name: opentelemetry
    telemetry.sdk.language: dotnet
    telemetry.sdk.version: 1.14.0
    service.name: unknown_service:testhost
Activity.TraceId:            79cbe1b8b5497ca206c245324b619323
Activity.SpanId:             164c7b78dc18974d
Activity.TraceFlags:         Recorded
Activity.DisplayName:        GET api/customer/home
Activity.Kind:               Server
Activity.StartTime:          2026-06-08T01:29:06.6923179Z
Activity.Duration:           00:00:00.0838008
Activity.Tags:
    server.address: localhost
    http.request.method: GET
    url.scheme: http
    url.path: /api/customer/home
    network.protocol.version: 1.1
    http.route: api/customer/home
    http.response.status_code: 200
Instrumentation scope (ActivitySource):
    Name: Microsoft.AspNetCore
Resource associated with Activity:
    telemetry.sdk.name: opentelemetry
    telemetry.sdk.language: dotnet
    telemetry.sdk.version: 1.14.0
    service.name: unknown_service:testhost
Activity.TraceId:            79cbe1b8b5497ca206c245324b619323
Activity.SpanId:             164c7b78dc18974d
Activity.TraceFlags:         Recorded
Activity.DisplayName:        GET api/customer/home
Activity.Kind:               Server
Activity.StartTime:          2026-06-08T01:29:06.6923179Z
Activity.Duration:           00:00:00.0838008
Activity.Tags:
    server.address: localhost
    http.request.method: GET
    url.scheme: http
    url.path: /api/customer/home
    network.protocol.version: 1.1
    http.route: api/customer/home
    http.response.status_code: 200
Instrumentation scope (ActivitySource):
    Name: Microsoft.AspNetCore
Resource associated with Activity:
    telemetry.sdk.name: opentelemetry
    telemetry.sdk.language: dotnet
    telemetry.sdk.version: 1.14.0
    service.name: unknown_service:testhost
Activity.TraceId:            79cbe1b8b5497ca206c245324b619323
Activity.SpanId:             164c7b78dc18974d
Activity.TraceFlags:         Recorded
Activity.DisplayName:        GET api/customer/home
Activity.Kind:               Server
Activity.StartTime:          2026-06-08T01:29:06.6923179Z
Activity.Duration:           00:00:00.0838008
Activity.Tags:
    server.address: localhost
    http.request.method: GET
    url.scheme: http
    url.path: /api/customer/home
    network.protocol.version: 1.1
    http.route: api/customer/home
    http.response.status_code: 200
Instrumentation scope (ActivitySource):
    Name: Microsoft.AspNetCore
Resource associated with Activity:
    telemetry.sdk.name: opentelemetry
    telemetry.sdk.language: dotnet
    telemetry.sdk.version: 1.14.0
    service.name: unknown_service:testhost
Activity.TraceId:            79cbe1b8b5497ca206c245324b619323
Activity.SpanId:             164c7b78dc18974d
Activity.TraceFlags:         Recorded
Activity.DisplayName:        GET api/customer/home
Activity.Kind:               Server
Activity.StartTime:          2026-06-08T01:29:06.6923179Z
Activity.Duration:           00:00:00.0838008
Activity.Tags:
    server.address: localhost
    http.request.method: GET
    url.scheme: http
    url.path: /api/customer/home
    network.protocol.version: 1.1
    http.route: api/customer/home
    http.response.status_code: 200
Instrumentation scope (ActivitySource):
    Name: Microsoft.AspNetCore
Resource associated with Activity:
    telemetry.sdk.name: opentelemetry
    telemetry.sdk.language: dotnet
    telemetry.sdk.version: 1.14.0
    service.name: unknown_service:testhost
Activity.TraceId:            79cbe1b8b5497ca206c245324b619323
Activity.SpanId:             164c7b78dc18974d
Activity.TraceFlags:         Recorded
Activity.DisplayName:        GET api/customer/home
Activity.Kind:               Server
Activity.StartTime:          2026-06-08T01:29:06.6923179Z
Activity.Duration:           00:00:00.0838008
Activity.Tags:
    server.address: localhost
    http.request.method: GET
    url.scheme: http
    url.path: /api/customer/home
    network.protocol.version: 1.1
    http.route: api/customer/home
    http.response.status_code: 200
Instrumentation scope (ActivitySource):
    Name: Microsoft.AspNetCore
Resource associated with Activity:
    telemetry.sdk.name: opentelemetry
    telemetry.sdk.language: dotnet
    telemetry.sdk.version: 1.14.0
    service.name: unknown_service:testhost
Activity.TraceId:            79cbe1b8b5497ca206c245324b619323
Activity.SpanId:             164c7b78dc18974d
Activity.TraceFlags:         Recorded
Activity.DisplayName:        GET api/customer/home
Activity.Kind:               Server
Activity.StartTime:          2026-06-08T01:29:06.6923179Z
Activity.Duration:           00:00:00.0838008
Activity.Tags:
    server.address: localhost
    http.request.method: GET
    url.scheme: http
    url.path: /api/customer/home
    network.protocol.version: 1.1
    http.route: api/customer/home
    http.response.status_code: 200
Instrumentation scope (ActivitySource):
    Name: Microsoft.AspNetCore
Resource associated with Activity:
    telemetry.sdk.name: opentelemetry
    telemetry.sdk.language: dotnet
    telemetry.sdk.version: 1.14.0
    service.name: unknown_service:testhost
Activity.TraceId:            79cbe1b8b5497ca206c245324b619323
Activity.SpanId:             164c7b78dc18974d
Activity.TraceFlags:         Recorded
Activity.DisplayName:        GET api/customer/home
Activity.Kind:               Server
Activity.StartTime:          2026-06-08T01:29:06.6923179Z
Activity.Duration:           00:00:00.0838008
Activity.Tags:
    server.address: localhost
    http.request.method: GET
    url.scheme: http
    url.path: /api/customer/home
    network.protocol.version: 1.1
    http.route: api/customer/home
    http.response.status_code: 200
Instrumentation scope (ActivitySource):
    Name: Microsoft.AspNetCore
Resource associated with Activity:
    telemetry.sdk.name: opentelemetry
    telemetry.sdk.language: dotnet
    telemetry.sdk.version: 1.14.0
    service.name: unknown_service:testhost
[22:29:06 INF] Request starting HTTP/1.1 GET http://localhost/api/admin/dashboard - null null
[22:29:06 INF] Executing endpoint 'Urbeat.WebApi.Controllers.AdminController.GetDashboard (Urbeat.WebApi)'
[22:29:06 INF] Route matched with {action = "GetDashboard", controller = "Admin"}. Executing controller action with signature Microsoft.AspNetCore.Mvc.IActionResult GetDashboard() on controller Urbeat.WebApi.Controllers.AdminController (Urbeat.WebApi).
[22:29:06 INF] Executing action method Urbeat.WebApi.Controllers.AdminController.GetDashboard (Urbeat.WebApi) - Validation state: Valid
[22:29:06 INF] Executed action method Urbeat.WebApi.Controllers.AdminController.GetDashboard (Urbeat.WebApi), returned result Microsoft.AspNetCore.Mvc.OkObjectResult in 0.1967ms.
[22:29:06 INF] Executing OkObjectResult, writing value of type '<>f__AnonymousType0`2[[System.String, System.Private.CoreLib, Version=9.0.0.0, Culture=neutral, PublicKeyToken=7cec85d7bea7798e],[System.String, System.Private.CoreLib, Version=9.0.0.0, Culture=neutral, PublicKeyToken=7cec85d7bea7798e]]'.
[22:29:06 INF] Executed action Urbeat.WebApi.Controllers.AdminController.GetDashboard (Urbeat.WebApi) in 6.9356ms
[22:29:06 INF] Saved 1 entities to in-memory store.
[22:29:06 INF] Saved 1 entities to in-memory store.
[22:29:06 INF] Saved 1 entities to in-memory store.
[22:29:06 INF] Saved 1 entities to in-memory store.
[22:29:06 INF] Executed endpoint 'Urbeat.WebApi.Controllers.AdminController.GetDashboard (Urbeat.WebApi)'
[22:29:06 INF] Saved 1 entities to in-memory store.
[22:29:06 INF] Saved 1 entities to in-memory store.
[22:29:06 INF] Saved 1 entities to in-memory store.
[22:29:06 INF] Saved 1 entities to in-memory store.
[22:29:06 INF] Saved 1 entities to in-memory store.
[22:29:06 INF] Saved 1 entities to in-memory store.
[22:29:06 INF] Saved 1 entities to in-memory store.
[22:29:06 INF] HTTP GET /api/admin/dashboard responded 200 in 66.2038 ms
[22:29:06 INF] SellerRegistered | Registration succeeded | UserId=019ea4d9-0555-7d68-be12-6b31c9645746 | Email=subscription.seller.99fc9a975a034b139ec9271cfb730b9b@urbeat.local | Role=Seller
[22:29:06 INF] SellerRegistered | Registration succeeded | UserId=019ea4d9-0555-7490-9885-bd4ba833c9fc | Email=subscription.contract.seller.c892596817684a43839e59f6a7395013@urbeat.local | Role=Seller
[22:29:06 INF] SellerRegistered | Registration succeeded | UserId=019ea4d9-0555-7414-81f0-1d2e24e953f0 | Email=store.management.80edac284434491389280e555faaa04f@urbeat.local | Role=Seller
[22:29:06 INF] SellerRegistered | Registration succeeded | UserId=019ea4d9-0555-7d90-96ef-e3ba38c1c7fd | Email=payments.seller.714af0b23e3c4024bf3329e7afada19e@urbeat.local | Role=Seller
[22:29:06 INF] SellerRegistered | Registration succeeded | UserId=019ea4d9-055d-7bd9-89eb-40be1ffcab64 | Email=categories.flow.e37c2c2e7c0147b48b86fb032cd43587@urbeat.local | Role=Seller
[22:29:06 INF] SellerRegistered | Registration succeeded | UserId=019ea4d9-0555-701f-9269-baa2b2d9577b | Email=store.seller.4a2d9f6ceafa4633a409f9f36eaa9f75@urbeat.local | Role=Seller
[22:29:06 INF] SellerRegistered | Registration succeeded | UserId=019ea4d9-0555-72ec-a4dd-32838a5f4410 | Email=double.c0ea47f3eafb4db8a559f95d54e202df@urbeat.test | Role=Seller
[22:29:06 INF] CustomerRegistered | Registration succeeded | UserId=019ea4d9-0555-737e-833b-60a1172889fb | Email=resend.confirmed.109fc7c2a3594817800cccc3e02a8f2d@urbeat.test | Role=Customer
[22:29:06 INF] CustomerRegistered | Registration succeeded | UserId=019ea4d9-055b-72d2-8f89-c3604828a3b9 | Email=customer.address.19ab829438434d0893d880217c4dfe86@urbeat.local | Role=Customer
[22:29:06 INF] USER_LOGGED_IN | Login succeeded | UserId=7c2d4184-c321-4d26-afd5-d4eb1f0325b8 | Email=admin@urbeat.local | Role=Admin | IP=null
[22:29:06 INF] SellerRegistered | Registration succeeded | UserId=019ea4d9-0555-754d-a533-7cf2fd369faf | Email=checkout.seller.f4bec65756de400688f7dcba801aca1b@urbeat.local | Role=Seller
[22:29:06 INF] Saved 1 entities to in-memory store.
[22:29:06 INF] Request starting HTTP/1.1 GET http://localhost/api/seller/panel - null null
[22:29:06 INF] Request finished HTTP/1.1 GET http://localhost/api/admin/dashboard - 200 null application/json; charset=utf-8 70.2009ms
Activity.TraceId:            5d60b47444d1a56db7e504049686f13d
Activity.SpanId:             b13636bccef3c74b
Activity.TraceFlags:         Recorded
Activity.DisplayName:        GET api/admin/dashboard
Activity.Kind:               Server
Activity.StartTime:          2026-06-08T01:29:06.7801222Z
Activity.Duration:           00:00:00.0703073
Activity.Tags:
    server.address: localhost
    http.request.method: GET
    url.scheme: http
    url.path: /api/admin/dashboard
    network.protocol.version: 1.1
    http.route: api/admin/dashboard
    http.response.status_code: 200
Instrumentation scope (ActivitySource):
    Name: Microsoft.AspNetCore
Resource associated with Activity:
    telemetry.sdk.name: opentelemetry
    telemetry.sdk.language: dotnet
    telemetry.sdk.version: 1.14.0
    service.name: unknown_service:testhost
Activity.TraceId:            5d60b47444d1a56db7e504049686f13d
Activity.SpanId:             b13636bccef3c74b
Activity.TraceFlags:         Recorded
Activity.DisplayName:        GET api/admin/dashboard
Activity.Kind:               Server
Activity.StartTime:          2026-06-08T01:29:06.7801222Z
Activity.Duration:           00:00:00.0703073
Activity.Tags:
    server.address: localhost
    http.request.method: GET
    url.scheme: http
    url.path: /api/admin/dashboard
    network.protocol.version: 1.1
    http.route: api/admin/dashboard
    http.response.status_code: 200
Instrumentation scope (ActivitySource):
    Name: Microsoft.AspNetCore
Resource associated with Activity:
    telemetry.sdk.name: opentelemetry
    telemetry.sdk.language: dotnet
    telemetry.sdk.version: 1.14.0
    service.name: unknown_service:testhost
Activity.TraceId:            5d60b47444d1a56db7e504049686f13d
Activity.SpanId:             b13636bccef3c74b
Activity.TraceFlags:         Recorded
Activity.DisplayName:        GET api/admin/dashboard
Activity.Kind:               Server
Activity.StartTime:          2026-06-08T01:29:06.7801222Z
Activity.Duration:           00:00:00.0703073
Activity.Tags:
    server.address: localhost
    http.request.method: GET
    url.scheme: http
    url.path: /api/admin/dashboard
    network.protocol.version: 1.1
    http.route: api/admin/dashboard
    http.response.status_code: 200
Instrumentation scope (ActivitySource):
    Name: Microsoft.AspNetCore
Resource associated with Activity:
    telemetry.sdk.name: opentelemetry
    telemetry.sdk.language: dotnet
    telemetry.sdk.version: 1.14.0
    service.name: unknown_service:testhost
Activity.TraceId:            5d60b47444d1a56db7e504049686f13d
Activity.SpanId:             b13636bccef3c74b
Activity.TraceFlags:         Recorded
Activity.DisplayName:        GET api/admin/dashboard
Activity.Kind:               Server
Activity.StartTime:          2026-06-08T01:29:06.7801222Z
Activity.Duration:           00:00:00.0703073
Activity.Tags:
    server.address: localhost
    http.request.method: GET
    url.scheme: http
    url.path: /api/admin/dashboard
    network.protocol.version: 1.1
    http.route: api/admin/dashboard
    http.response.status_code: 200
Instrumentation scope (ActivitySource):
    Name: Microsoft.AspNetCore
Resource associated with Activity:
    telemetry.sdk.name: opentelemetry
    telemetry.sdk.language: dotnet
    telemetry.sdk.version: 1.14.0
    service.name: unknown_service:testhost
Activity.TraceId:            5d60b47444d1a56db7e504049686f13d
Activity.SpanId:             b13636bccef3c74b
Activity.TraceFlags:         Recorded
Activity.DisplayName:        GET api/admin/dashboard
Activity.Kind:               Server
Activity.StartTime:          2026-06-08T01:29:06.7801222Z
Activity.Duration:           00:00:00.0703073
Activity.Tags:
    server.address: localhost
    http.request.method: GET
    url.scheme: http
    url.path: /api/admin/dashboard
    network.protocol.version: 1.1
    http.route: api/admin/dashboard
    http.response.status_code: 200
Instrumentation scope (ActivitySource):
    Name: Microsoft.AspNetCore
Resource associated with Activity:
    telemetry.sdk.name: opentelemetry
    telemetry.sdk.language: dotnet
    telemetry.sdk.version: 1.14.0
    service.name: unknown_service:testhost
Activity.TraceId:            5d60b47444d1a56db7e504049686f13d
Activity.SpanId:             b13636bccef3c74b
Activity.TraceFlags:         Recorded
Activity.DisplayName:        GET api/admin/dashboard
Activity.Kind:               Server
Activity.StartTime:          2026-06-08T01:29:06.7801222Z
Activity.Duration:           00:00:00.0703073
Activity.Tags:
    server.address: localhost
    http.request.method: GET
    url.scheme: http
    url.path: /api/admin/dashboard
    network.protocol.version: 1.1
    http.route: api/admin/dashboard
    http.response.status_code: 200
Instrumentation scope (ActivitySource):
    Name: Microsoft.AspNetCore
Resource associated with Activity:
    telemetry.sdk.name: opentelemetry
    telemetry.sdk.language: dotnet
    telemetry.sdk.version: 1.14.0
    service.name: unknown_service:testhost
Activity.TraceId:            5d60b47444d1a56db7e504049686f13d
Activity.SpanId:             b13636bccef3c74b
Activity.TraceFlags:         Recorded
Activity.DisplayName:        GET api/admin/dashboard
Activity.Kind:               Server
Activity.StartTime:          2026-06-08T01:29:06.7801222Z
Activity.Duration:           00:00:00.0703073
Activity.Tags:
    server.address: localhost
    http.request.method: GET
    url.scheme: http
    url.path: /api/admin/dashboard
    network.protocol.version: 1.1
    http.route: api/admin/dashboard
    http.response.status_code: 200
Instrumentation scope (ActivitySource):
    Name: Microsoft.AspNetCore
Resource associated with Activity:
    telemetry.sdk.name: opentelemetry
    telemetry.sdk.language: dotnet
    telemetry.sdk.version: 1.14.0
    service.name: unknown_service:testhost
Activity.TraceId:            5d60b47444d1a56db7e504049686f13d
Activity.SpanId:             b13636bccef3c74b
Activity.TraceFlags:         Recorded
Activity.DisplayName:        GET api/admin/dashboard
Activity.Kind:               Server
Activity.StartTime:          2026-06-08T01:29:06.7801222Z
Activity.Duration:           00:00:00.0703073
Activity.Tags:
    server.address: localhost
    http.request.method: GET
    url.scheme: http
    url.path: /api/admin/dashboard
    network.protocol.version: 1.1
    http.route: api/admin/dashboard
    http.response.status_code: 200
Instrumentation scope (ActivitySource):
    Name: Microsoft.AspNetCore
Resource associated with Activity:
    telemetry.sdk.name: opentelemetry
    telemetry.sdk.language: dotnet
    telemetry.sdk.version: 1.14.0
    service.name: unknown_service:testhost
Activity.TraceId:            5d60b47444d1a56db7e504049686f13d
Activity.SpanId:             b13636bccef3c74b
Activity.TraceFlags:         Recorded
Activity.DisplayName:        GET api/admin/dashboard
Activity.Kind:               Server
Activity.StartTime:          2026-06-08T01:29:06.7801222Z
Activity.Duration:           00:00:00.0703073
Activity.Tags:
    server.address: localhost
    http.request.method: GET
    url.scheme: http
    url.path: /api/admin/dashboard
    network.protocol.version: 1.1
    http.route: api/admin/dashboard
    http.response.status_code: 200
Instrumentation scope (ActivitySource):
    Name: Microsoft.AspNetCore
Resource associated with Activity:
    telemetry.sdk.name: opentelemetry
    telemetry.sdk.language: dotnet
    telemetry.sdk.version: 1.14.0
    service.name: unknown_service:testhost
Activity.TraceId:            5d60b47444d1a56db7e504049686f13d
Activity.SpanId:             b13636bccef3c74b
Activity.TraceFlags:         Recorded
Activity.DisplayName:        GET api/admin/dashboard
Activity.Kind:               Server
Activity.StartTime:          2026-06-08T01:29:06.7801222Z
Activity.Duration:           00:00:00.0703073
Activity.Tags:
    server.address: localhost
    http.request.method: GET
    url.scheme: http
    url.path: /api/admin/dashboard
    network.protocol.version: 1.1
    http.route: api/admin/dashboard
    http.response.status_code: 200
Instrumentation scope (ActivitySource):
    Name: Microsoft.AspNetCore
Resource associated with Activity:
    telemetry.sdk.name: opentelemetry
    telemetry.sdk.language: dotnet
    telemetry.sdk.version: 1.14.0
    service.name: unknown_service:testhost
Activity.TraceId:            5d60b47444d1a56db7e504049686f13d
Activity.SpanId:             b13636bccef3c74b
Activity.TraceFlags:         Recorded
Activity.DisplayName:        GET api/admin/dashboard
Activity.Kind:               Server
Activity.StartTime:          2026-06-08T01:29:06.7801222Z
Activity.Duration:           00:00:00.0703073
Activity.Tags:
    server.address: localhost
    http.request.method: GET
    url.scheme: http
    url.path: /api/admin/dashboard
    network.protocol.version: 1.1
    http.route: api/admin/dashboard
    http.response.status_code: 200
Instrumentation scope (ActivitySource):
    Name: Microsoft.AspNetCore
Resource associated with Activity:
    telemetry.sdk.name: opentelemetry
    telemetry.sdk.language: dotnet
    telemetry.sdk.version: 1.14.0
    service.name: unknown_service:testhost
Activity.TraceId:            5d60b47444d1a56db7e504049686f13d
Activity.SpanId:             b13636bccef3c74b
Activity.TraceFlags:         Recorded
Activity.DisplayName:        GET api/admin/dashboard
Activity.Kind:               Server
Activity.StartTime:          2026-06-08T01:29:06.7801222Z
Activity.Duration:           00:00:00.0703073
Activity.Tags:
    server.address: localhost
    http.request.method: GET
    url.scheme: http
    url.path: /api/admin/dashboard
    network.protocol.version: 1.1
    http.route: api/admin/dashboard
    http.response.status_code: 200
Instrumentation scope (ActivitySource):
    Name: Microsoft.AspNetCore
Resource associated with Activity:
[22:29:06 INF] Executing endpoint 'Urbeat.WebApi.Controllers.SellerController.GetPanel (Urbeat.WebApi)'
    telemetry.sdk.name: opentelemetry
    telemetry.sdk.language: dotnet
    telemetry.sdk.version: 1.14.0
    service.name: unknown_service:testhost
[22:29:06 INF] Route matched with {action = "GetPanel", controller = "Seller"}. Executing controller action with signature Microsoft.AspNetCore.Mvc.IActionResult GetPanel() on controller Urbeat.WebApi.Controllers.SellerController (Urbeat.WebApi).
[22:29:06 INF] Executed action method Urbeat.WebApi.Controllers.AuthController.LoginAdmin (Urbeat.WebApi), returned result Microsoft.AspNetCore.Mvc.OkObjectResult in 221.0426ms.
[22:29:06 INF] Executing action method Urbeat.WebApi.Controllers.SellerController.GetPanel (Urbeat.WebApi) - Validation state: Valid
[22:29:06 INF] Executed action method Urbeat.WebApi.Controllers.SellerController.GetPanel (Urbeat.WebApi), returned result Microsoft.AspNetCore.Mvc.OkObjectResult in 0.0732ms.
[22:29:06 INF] Executing OkObjectResult, writing value of type 'Urbeat.Application.DTOs.AuthTokenResponseDto'.
[22:29:06 INF] Executing OkObjectResult, writing value of type '<>f__AnonymousType0`2[[System.String, System.Private.CoreLib, Version=9.0.0.0, Culture=neutral, PublicKeyToken=7cec85d7bea7798e],[System.String, System.Private.CoreLib, Version=9.0.0.0, Culture=neutral, PublicKeyToken=7cec85d7bea7798e]]'.
[22:29:06 INF] Executed action Urbeat.WebApi.Controllers.SellerController.GetPanel (Urbeat.WebApi) in 0.4644ms
[22:29:06 INF] Executed endpoint 'Urbeat.WebApi.Controllers.SellerController.GetPanel (Urbeat.WebApi)'
[22:29:06 INF] HTTP GET /api/seller/panel responded 200 in 2.0751 ms
[22:29:06 INF] Request finished HTTP/1.1 GET http://localhost/api/seller/panel - 200 null application/json; charset=utf-8 3.9645ms
Activity.TraceId:            66b49b17e76d8cabfb9aa1afe35d29b2
Activity.SpanId:             0d1570f014547f86
Activity.TraceFlags:         Recorded
Activity.DisplayName:        GET api/seller/panel
Activity.Kind:               Server
Activity.StartTime:          2026-06-08T01:29:06.8494685Z
Activity.Duration:           00:00:00.0039604
Activity.Tags:
    server.address: localhost
    http.request.method: GET
    url.scheme: http
    url.path: /api/seller/panel
    network.protocol.version: 1.1
    http.route: api/seller/panel
    http.response.status_code: 200
Instrumentation scope (ActivitySource):
    Name: Microsoft.AspNetCore
Resource associated with Activity:
    telemetry.sdk.name: opentelemetry
    telemetry.sdk.language: dotnet
    telemetry.sdk.version: 1.14.0
    service.name: unknown_service:testhost
Activity.TraceId:            66b49b17e76d8cabfb9aa1afe35d29b2
Activity.SpanId:             0d1570f014547f86
Activity.TraceFlags:         Recorded
Activity.DisplayName:        GET api/seller/panel
Activity.Kind:               Server
Activity.StartTime:          2026-06-08T01:29:06.8494685Z
Activity.Duration:           00:00:00.0039604
Activity.Tags:
    server.address: localhost
    http.request.method: GET
    url.scheme: http
    url.path: /api/seller/panel
    network.protocol.version: 1.1
    http.route: api/seller/panel
    http.response.status_code: 200
Instrumentation scope (ActivitySource):
    Name: Microsoft.AspNetCore
Resource associated with Activity:
    telemetry.sdk.name: opentelemetry
    telemetry.sdk.language: dotnet
    telemetry.sdk.version: 1.14.0
    service.name: unknown_service:testhost
Activity.TraceId:            66b49b17e76d8cabfb9aa1afe35d29b2
Activity.SpanId:             0d1570f014547f86
Activity.TraceFlags:         Recorded
Activity.DisplayName:        GET api/seller/panel
Activity.Kind:               Server
Activity.StartTime:          2026-06-08T01:29:06.8494685Z
Activity.Duration:           00:00:00.0039604
Activity.Tags:
    server.address: localhost
    http.request.method: GET
    url.scheme: http
    url.path: /api/seller/panel
    network.protocol.version: 1.1
    http.route: api/seller/panel
    http.response.status_code: 200
Instrumentation scope (ActivitySource):
    Name: Microsoft.AspNetCore
Resource associated with Activity:
    telemetry.sdk.name: opentelemetry
    telemetry.sdk.language: dotnet
    telemetry.sdk.version: 1.14.0
    service.name: unknown_service:testhost
Activity.TraceId:            66b49b17e76d8cabfb9aa1afe35d29b2
Activity.SpanId:             0d1570f014547f86
Activity.TraceFlags:         Recorded
Activity.DisplayName:        GET api/seller/panel
Activity.Kind:               Server
Activity.StartTime:          2026-06-08T01:29:06.8494685Z
Activity.Duration:           00:00:00.0039604
Activity.Tags:
    server.address: localhost
    http.request.method: GET
    url.scheme: http
    url.path: /api/seller/panel
    network.protocol.version: 1.1
    http.route: api/seller/panel
    http.response.status_code: 200
Instrumentation scope (ActivitySource):
    Name: Microsoft.AspNetCore
Resource associated with Activity:
    telemetry.sdk.name: opentelemetry
    telemetry.sdk.language: dotnet
    telemetry.sdk.version: 1.14.0
    service.name: unknown_service:testhost
Activity.TraceId:            66b49b17e76d8cabfb9aa1afe35d29b2
Activity.SpanId:             0d1570f014547f86
Activity.TraceFlags:         Recorded
Activity.DisplayName:        GET api/seller/panel
Activity.Kind:               Server
Activity.StartTime:          2026-06-08T01:29:06.8494685Z
Activity.Duration:           00:00:00.0039604
Activity.Tags:
    server.address: localhost
    http.request.method: GET
    url.scheme: http
    url.path: /api/seller/panel
    network.protocol.version: 1.1
    http.route: api/seller/panel
    http.response.status_code: 200
Instrumentation scope (ActivitySource):
    Name: Microsoft.AspNetCore
Resource associated with Activity:
    telemetry.sdk.name: opentelemetry
    telemetry.sdk.language: dotnet
    telemetry.sdk.version: 1.14.0
    service.name: unknown_service:testhost
Activity.TraceId:            66b49b17e76d8cabfb9aa1afe35d29b2
  Passed Urbeat.IntegrationTests.Api.StoreCategoriesFlowTests.UnauthenticatedRequest_ShouldReturnUnauthorized [3 s]
  Passed Urbeat.IntegrationTests.Api.CustomerAddressFlowTests.CepLookup_ShouldReturnBadRequest_ForInvalidCep [3 s]
  Passed Urbeat.IntegrationTests.Api.AuthorizationPoliciesTests.Endpoint_ShouldReturnForbidden_WhenTokenRoleIsDifferent(url: "/api/customer/home", wrongRole: "Admin") [3 s]
  Passed Urbeat.IntegrationTests.Api.AuthorizationPoliciesTests.Endpoint_ShouldReturnForbidden_WhenTokenRoleIsDifferent(url: "/api/admin/dashboard", wrongRole: "Seller") [8 ms]
  Passed Urbeat.IntegrationTests.Api.AuthorizationPoliciesTests.Endpoint_ShouldReturnForbidden_WhenTokenRoleIsDifferent(url: "/api/seller/panel", wrongRole: "Customer") [24 ms]
  Passed Urbeat.IntegrationTests.Api.AuthorizationPoliciesTests.Endpoint_ShouldReturnOk_WhenTokenHasRequiredRole(url: "/api/customer/home", role: "Customer") [88 ms]
  Passed Urbeat.IntegrationTests.Api.AuthorizationPoliciesTests.Endpoint_ShouldReturnOk_WhenTokenHasRequiredRole(url: "/api/admin/dashboard", role: "Admin") [68 ms]
Activity.SpanId:             0d1570f014547f86
Activity.TraceFlags:         Recorded
Activity.DisplayName:        GET api/seller/panel
Activity.Kind:               Server
Activity.StartTime:          2026-06-08T01:29:06.8494685Z
Activity.Duration:           00:00:00.0039604
Activity.Tags:
    server.address: localhost
    http.request.method: GET
    url.scheme: http
    url.path: /api/seller/panel
    network.protocol.version: 1.1
    http.route: api/seller/panel
    http.response.status_code: 200
Instrumentation scope (ActivitySource):
    Name: Microsoft.AspNetCore
Resource associated with Activity:
    telemetry.sdk.name: opentelemetry
    telemetry.sdk.language: dotnet
    telemetry.sdk.version: 1.14.0
    service.name: unknown_service:testhost
Activity.TraceId:            66b49b17e76d8cabfb9aa1afe35d29b2
Activity.SpanId:             0d1570f014547f86
Activity.TraceFlags:         Recorded
Activity.DisplayName:        GET api/seller/panel
Activity.Kind:               Server
Activity.StartTime:          2026-06-08T01:29:06.8494685Z
Activity.Duration:           00:00:00.0039604
Activity.Tags:
    server.address: localhost
    http.request.method: GET
    url.scheme: http
    url.path: /api/seller/panel
    network.protocol.version: 1.1
    http.route: api/seller/panel
    http.response.status_code: 200
Instrumentation scope (ActivitySource):
    Name: Microsoft.AspNetCore
Resource associated with Activity:
    telemetry.sdk.name: opentelemetry
    telemetry.sdk.language: dotnet
    telemetry.sdk.version: 1.14.0
    service.name: unknown_service:testhost
Activity.TraceId:            66b49b17e76d8cabfb9aa1afe35d29b2
Activity.SpanId:             0d1570f014547f86
Activity.TraceFlags:         Recorded
Activity.DisplayName:        GET api/seller/panel
Activity.Kind:               Server
Activity.StartTime:          2026-06-08T01:29:06.8494685Z
Activity.Duration:           00:00:00.0039604
Activity.Tags:
    server.address: localhost
    http.request.method: GET
    url.scheme: http
    url.path: /api/seller/panel
    network.protocol.version: 1.1
    http.route: api/seller/panel
    http.response.status_code: 200
Instrumentation scope (ActivitySource):
    Name: Microsoft.AspNetCore
Resource associated with Activity:
    telemetry.sdk.name: opentelemetry
    telemetry.sdk.language: dotnet
    telemetry.sdk.version: 1.14.0
    service.name: unknown_service:testhost
Activity.TraceId:            66b49b17e76d8cabfb9aa1afe35d29b2
Activity.SpanId:             0d1570f014547f86
Activity.TraceFlags:         Recorded
Activity.DisplayName:        GET api/seller/panel
Activity.Kind:               Server
Activity.StartTime:          2026-06-08T01:29:06.8494685Z
Activity.Duration:           00:00:00.0039604
Activity.Tags:
    server.address: localhost
    http.request.method: GET
    url.scheme: http
    url.path: /api/seller/panel
    network.protocol.version: 1.1
    http.route: api/seller/panel
    http.response.status_code: 200
Instrumentation scope (ActivitySource):
    Name: Microsoft.AspNetCore
Resource associated with Activity:
    telemetry.sdk.name: opentelemetry
    telemetry.sdk.language: dotnet
    telemetry.sdk.version: 1.14.0
    service.name: unknown_service:testhost
Activity.TraceId:            66b49b17e76d8cabfb9aa1afe35d29b2
Activity.SpanId:             0d1570f014547f86
Activity.TraceFlags:         Recorded
Activity.DisplayName:        GET api/seller/panel
Activity.Kind:               Server
Activity.StartTime:          2026-06-08T01:29:06.8494685Z
Activity.Duration:           00:00:00.0039604
Activity.Tags:
    server.address: localhost
    http.request.method: GET
    url.scheme: http
    url.path: /api/seller/panel
    network.protocol.version: 1.1
    http.route: api/seller/panel
    http.response.status_code: 200
Instrumentation scope (ActivitySource):
    Name: Microsoft.AspNetCore
Resource associated with Activity:
    telemetry.sdk.name: opentelemetry
    telemetry.sdk.language: dotnet
    telemetry.sdk.version: 1.14.0
[22:29:06 INF] Request starting HTTP/1.1 GET http://localhost/api/seller/panel - null null
    service.name: unknown_service:testhost
[22:29:06 INF] Executed action Urbeat.WebApi.Controllers.AuthController.LoginAdmin (Urbeat.WebApi) in 296.4278ms
Activity.TraceId:            66b49b17e76d8cabfb9aa1afe35d29b2
[22:29:06 INF] EMAIL_CONFIRM_JOB_STARTED | Sending confirmation email | UserId=019ea4d9-0555-72ec-a4dd-32838a5f4410
Activity.SpanId:             0d1570f014547f86
Activity.TraceFlags:         Recorded
Activity.DisplayName:        GET api/seller/panel
[22:29:06 INF] EMAIL_CONFIRM_JOB_STARTED | Sending confirmation email | UserId=019ea4d9-0555-737e-833b-60a1172889fb
Activity.Kind:               Server
[22:29:06 INF] Executed action method Urbeat.WebApi.Controllers.AuthController.RegisterSeller (Urbeat.WebApi), returned result Microsoft.AspNetCore.Mvc.ObjectResult in 247.8111ms.
[22:29:06 INF] Executed endpoint 'Urbeat.WebApi.Controllers.AuthController.LoginAdmin (Urbeat.WebApi)'
[22:29:06 INF] Executed action method Urbeat.WebApi.Controllers.AuthController.RegisterSeller (Urbeat.WebApi), returned result Microsoft.AspNetCore.Mvc.ObjectResult in 247.8353ms.
Activity.StartTime:          2026-06-08T01:29:06.8494685Z
Activity.Duration:           00:00:00.0039604
Activity.Tags:
[22:29:06 INF] Executed action method Urbeat.WebApi.Controllers.AuthController.RegisterSeller (Urbeat.WebApi), returned result Microsoft.AspNetCore.Mvc.ObjectResult in 247.8367ms.
    server.address: localhost
    http.request.method: GET
    url.scheme: http
    url.path: /api/seller/panel
[22:29:06 INF] Executed action method Urbeat.WebApi.Controllers.AuthController.RegisterCustomer (Urbeat.WebApi), returned result Microsoft.AspNetCore.Mvc.ObjectResult in 228.3774ms.
    network.protocol.version: 1.1
[22:29:06 INF] Executed action method Urbeat.WebApi.Controllers.AuthController.RegisterSeller (Urbeat.WebApi), returned result Microsoft.AspNetCore.Mvc.ObjectResult in 247.8134ms.
    http.route: api/seller/panel
    http.response.status_code: 200
Instrumentation scope (ActivitySource):
    Name: Microsoft.AspNetCore
Resource associated with Activity:
    telemetry.sdk.name: opentelemetry
    telemetry.sdk.language: dotnet
    telemetry.sdk.version: 1.14.0
    service.name: unknown_service:testhost
[22:29:06 INF] Executed action method Urbeat.WebApi.Controllers.AuthController.RegisterSeller (Urbeat.WebApi), returned result Microsoft.AspNetCore.Mvc.ObjectResult in 225.6748ms.
Activity.TraceId:            66b49b17e76d8cabfb9aa1afe35d29b2
Activity.SpanId:             0d1570f014547f86
Activity.TraceFlags:         Recorded
Activity.DisplayName:        GET api/seller/panel
[22:29:06 INF] Executed action method Urbeat.WebApi.Controllers.AuthController.RegisterSeller (Urbeat.WebApi), returned result Microsoft.AspNetCore.Mvc.ObjectResult in 247.8523ms.
Activity.Kind:               Server
Activity.StartTime:          2026-06-08T01:29:06.8494685Z
[22:29:06 INF] Executed action method Urbeat.WebApi.Controllers.AuthController.RegisterSeller (Urbeat.WebApi), returned result Microsoft.AspNetCore.Mvc.ObjectResult in 247.6851ms.
Activity.Duration:           00:00:00.0039604
Activity.Tags:
    server.address: localhost
    http.request.method: GET
    url.scheme: http
    url.path: /api/seller/panel
    network.protocol.version: 1.1
    http.route: api/seller/panel
    http.response.status_code: 200
Instrumentation scope (ActivitySource):
    Name: Microsoft.AspNetCore
Resource associated with Activity:
    telemetry.sdk.name: opentelemetry
    telemetry.sdk.language: dotnet
    telemetry.sdk.version: 1.14.0
    service.name: unknown_service:testhost
[22:29:06 INF] EMAIL_CONFIRM_JOB_STARTED | Sending confirmation email | UserId=019ea4d9-0555-7d68-be12-6b31c9645746
[22:29:06 INF] EMAIL_CONFIRM_JOB_STARTED | Sending confirmation email | UserId=019ea4d9-0555-7414-81f0-1d2e24e953f0
[22:29:06 INF] Authorization failed. These requirements were not met:
RolesAuthorizationRequirement:User.IsInRole must be true for one of the following roles: (Seller)
[22:29:06 INF] AuthenticationScheme: Bearer was challenged.
[22:29:06 INF] Executing ObjectResult, writing value of type '<>f__AnonymousType2`3[[System.Nullable`1[[System.Guid, System.Private.CoreLib, Version=9.0.0.0, Culture=neutral, PublicKeyToken=7cec85d7bea7798e]], System.Private.CoreLib, Version=9.0.0.0, Culture=neutral, PublicKeyToken=7cec85d7bea7798e],[System.Boolean, System.Private.CoreLib, Version=9.0.0.0, Culture=neutral, PublicKeyToken=7cec85d7bea7798e],[System.String, System.Private.CoreLib, Version=9.0.0.0, Culture=neutral, PublicKeyToken=7cec85d7bea7798e]]'.
[22:29:06 INF] Executing ObjectResult, writing value of type '<>f__AnonymousType2`3[[System.Nullable`1[[System.Guid, System.Private.CoreLib, Version=9.0.0.0, Culture=neutral, PublicKeyToken=7cec85d7bea7798e]], System.Private.CoreLib, Version=9.0.0.0, Culture=neutral, PublicKeyToken=7cec85d7bea7798e],[System.Boolean, System.Private.CoreLib, Version=9.0.0.0, Culture=neutral, PublicKeyToken=7cec85d7bea7798e],[System.String, System.Private.CoreLib, Version=9.0.0.0, Culture=neutral, PublicKeyToken=7cec85d7bea7798e]]'.
[22:29:06 INF] Executing ObjectResult, writing value of type '<>f__AnonymousType2`3[[System.Nullable`1[[System.Guid, System.Private.CoreLib, Version=9.0.0.0, Culture=neutral, PublicKeyToken=7cec85d7bea7798e]], System.Private.CoreLib, Version=9.0.0.0, Culture=neutral, PublicKeyToken=7cec85d7bea7798e],[System.Boolean, System.Private.CoreLib, Version=9.0.0.0, Culture=neutral, PublicKeyToken=7cec85d7bea7798e],[System.String, System.Private.CoreLib, Version=9.0.0.0, Culture=neutral, PublicKeyToken=7cec85d7bea7798e]]'.
[22:29:06 INF] Executing ObjectResult, writing value of type '<>f__AnonymousType2`3[[System.Nullable`1[[System.Guid, System.Private.CoreLib, Version=9.0.0.0, Culture=neutral, PublicKeyToken=7cec85d7bea7798e]], System.Private.CoreLib, Version=9.0.0.0, Culture=neutral, PublicKeyToken=7cec85d7bea7798e],[System.Boolean, System.Private.CoreLib, Version=9.0.0.0, Culture=neutral, PublicKeyToken=7cec85d7bea7798e],[System.String, System.Private.CoreLib, Version=9.0.0.0, Culture=neutral, PublicKeyToken=7cec85d7bea7798e]]'.
[22:29:06 INF] Executing ObjectResult, writing value of type '<>f__AnonymousType2`3[[System.Nullable`1[[System.Guid, System.Private.CoreLib, Version=9.0.0.0, Culture=neutral, PublicKeyToken=7cec85d7bea7798e]], System.Private.CoreLib, Version=9.0.0.0, Culture=neutral, PublicKeyToken=7cec85d7bea7798e],[System.Boolean, System.Private.CoreLib, Version=9.0.0.0, Culture=neutral, PublicKeyToken=7cec85d7bea7798e],[System.String, System.Private.CoreLib, Version=9.0.0.0, Culture=neutral, PublicKeyToken=7cec85d7bea7798e]]'.
[22:29:06 INF] Executing ObjectResult, writing value of type '<>f__AnonymousType2`3[[System.Nullable`1[[System.Guid, System.Private.CoreLib, Version=9.0.0.0, Culture=neutral, PublicKeyToken=7cec85d7bea7798e]], System.Private.CoreLib, Version=9.0.0.0, Culture=neutral, PublicKeyToken=7cec85d7bea7798e],[System.Boolean, System.Private.CoreLib, Version=9.0.0.0, Culture=neutral, PublicKeyToken=7cec85d7bea7798e],[System.String, System.Private.CoreLib, Version=9.0.0.0, Culture=neutral, PublicKeyToken=7cec85d7bea7798e]]'.
[22:29:06 INF] Executing ObjectResult, writing value of type '<>f__AnonymousType2`3[[System.Nullable`1[[System.Guid, System.Private.CoreLib, Version=9.0.0.0, Culture=neutral, PublicKeyToken=7cec85d7bea7798e]], System.Private.CoreLib, Version=9.0.0.0, Culture=neutral, PublicKeyToken=7cec85d7bea7798e],[System.Boolean, System.Private.CoreLib, Version=9.0.0.0, Culture=neutral, PublicKeyToken=7cec85d7bea7798e],[System.String, System.Private.CoreLib, Version=9.0.0.0, Culture=neutral, PublicKeyToken=7cec85d7bea7798e]]'.
[22:29:06 INF] Executing ObjectResult, writing value of type '<>f__AnonymousType2`3[[System.Nullable`1[[System.Guid, System.Private.CoreLib, Version=9.0.0.0, Culture=neutral, PublicKeyToken=7cec85d7bea7798e]], System.Private.CoreLib, Version=9.0.0.0, Culture=neutral, PublicKeyToken=7cec85d7bea7798e],[System.Boolean, System.Private.CoreLib, Version=9.0.0.0, Culture=neutral, PublicKeyToken=7cec85d7bea7798e],[System.String, System.Private.CoreLib, Version=9.0.0.0, Culture=neutral, PublicKeyToken=7cec85d7bea7798e]]'.
[22:29:06 INF] HTTP POST /api/auth/login/admin responded 200 in 400.9311 ms
[22:29:06 INF] HTTP GET /api/seller/panel responded 401 in 0.8097 ms
[22:29:06 INF] Request finished HTTP/1.1 GET http://localhost/api/seller/panel - 401 null application/problem+json; charset=utf-8 47.5293ms
Activity.TraceId:            b7b7b9c648eca513d82ffa7b872c68b6
Activity.SpanId:             9c816479039c2835
Activity.TraceFlags:         Recorded
Activity.DisplayName:        GET api/seller/panel
Activity.Kind:               Server
Activity.StartTime:          2026-06-08T01:29:06.8557067Z
Activity.Duration:           00:00:00.0478349
Activity.Tags:
    server.address: localhost
    http.request.method: GET
    url.scheme: http
    url.path: /api/seller/panel
    network.protocol.version: 1.1
    http.route: api/seller/panel
    http.response.status_code: 401
Instrumentation scope (ActivitySource):
    Name: Microsoft.AspNetCore
Resource associated with Activity:
    telemetry.sdk.name: opentelemetry
    telemetry.sdk.language: dotnet
    telemetry.sdk.version: 1.14.0
    service.name: unknown_service:testhost
Activity.TraceId:            b7b7b9c648eca513d82ffa7b872c68b6
Activity.SpanId:             9c816479039c2835
Activity.TraceFlags:         Recorded
[22:29:06 INF] Request finished HTTP/1.1 POST http://localhost/api/auth/login/admin - 200 null application/json; charset=utf-8 476.6453ms
Activity.DisplayName:        GET api/seller/panel
Activity.Kind:               Server
Activity.StartTime:          2026-06-08T01:29:06.8557067Z
Activity.Duration:           00:00:00.0478349
Activity.Tags:
    server.address: localhost
    http.request.method: GET
    url.scheme: http
    url.path: /api/seller/panel
    network.protocol.version: 1.1
    http.route: api/seller/panel
    http.response.status_code: 401
Instrumentation scope (ActivitySource):
    Name: Microsoft.AspNetCore
Resource associated with Activity:
    telemetry.sdk.name: opentelemetry
    telemetry.sdk.language: dotnet
    telemetry.sdk.version: 1.14.0
    service.name: unknown_service:testhost
Activity.TraceId:            b7b7b9c648eca513d82ffa7b872c68b6
Activity.SpanId:             9c816479039c2835
Activity.TraceFlags:         Recorded
Activity.DisplayName:        GET api/seller/panel
Activity.Kind:               Server
Activity.StartTime:          2026-06-08T01:29:06.8557067Z
Activity.Duration:           00:00:00.0478349
Activity.Tags:
    server.address: localhost
    http.request.method: GET
    url.scheme: http
    url.path: /api/seller/panel
    network.protocol.version: 1.1
    http.route: api/seller/panel
    http.response.status_code: 401
Instrumentation scope (ActivitySource):
    Name: Microsoft.AspNetCore
Resource associated with Activity:
    telemetry.sdk.name: opentelemetry
    telemetry.sdk.language: dotnet
    telemetry.sdk.version: 1.14.0
    service.name: unknown_service:testhost
Activity.TraceId:            b7b7b9c648eca513d82ffa7b872c68b6
Activity.SpanId:             9c816479039c2835
Activity.TraceFlags:         Recorded
Activity.DisplayName:        GET api/seller/panel
Activity.Kind:               Server
Activity.StartTime:          2026-06-08T01:29:06.8557067Z
Activity.Duration:           00:00:00.0478349
Activity.Tags:
    server.address: localhost
    http.request.method: GET
    url.scheme: http
    url.path: /api/seller/panel
    network.protocol.version: 1.1
    http.route: api/seller/panel
    http.response.status_code: 401
Instrumentation scope (ActivitySource):
    Name: Microsoft.AspNetCore
Resource associated with Activity:
    telemetry.sdk.name: opentelemetry
    telemetry.sdk.language: dotnet
    telemetry.sdk.version: 1.14.0
    service.name: unknown_service:testhost
Activity.TraceId:            b7b7b9c648eca513d82ffa7b872c68b6
Activity.SpanId:             9c816479039c2835
Activity.TraceFlags:         Recorded
Activity.DisplayName:        GET api/seller/panel
Activity.Kind:               Server
Activity.StartTime:          2026-06-08T01:29:06.8557067Z
Activity.Duration:           00:00:00.0478349
Activity.Tags:
    server.address: localhost
    http.request.method: GET
    url.scheme: http
    url.path: /api/seller/panel
    network.protocol.version: 1.1
    http.route: api/seller/panel
    http.response.status_code: 401
Instrumentation scope (ActivitySource):
    Name: Microsoft.AspNetCore
Resource associated with Activity:
    telemetry.sdk.name: opentelemetry
    telemetry.sdk.language: dotnet
    telemetry.sdk.version: 1.14.0
    service.name: unknown_service:testhost
Activity.TraceId:            b7b7b9c648eca513d82ffa7b872c68b6
Activity.SpanId:             9c816479039c2835
Activity.TraceFlags:         Recorded
Activity.DisplayName:        GET api/seller/panel
Activity.Kind:               Server
Activity.StartTime:          2026-06-08T01:29:06.8557067Z
Activity.Duration:           00:00:00.0478349
Activity.Tags:
    server.address: localhost
    http.request.method: GET
    url.scheme: http
    url.path: /api/seller/panel
    network.protocol.version: 1.1
    http.route: api/seller/panel
    http.response.status_code: 401
Activity.TraceId:            20a99ccb805692a6348f14a7c8937494
Activity.SpanId:             fb7e1babdfd40846
Instrumentation scope (ActivitySource):
Activity.TraceFlags:         Recorded
    Name: Microsoft.AspNetCore
Activity.DisplayName:        POST api/auth/login/admin
Resource associated with Activity:
Activity.Kind:               Server
    telemetry.sdk.name: opentelemetry
    telemetry.sdk.language: dotnet
    telemetry.sdk.version: 1.14.0
    service.name: unknown_service:testhost
Activity.StartTime:          2026-06-08T01:29:06.4268489Z
Activity.TraceId:            b7b7b9c648eca513d82ffa7b872c68b6
Activity.SpanId:             9c816479039c2835
Activity.Duration:           00:00:00.4771582
Activity.TraceFlags:         Recorded
Activity.Tags:
Activity.DisplayName:        GET api/seller/panel
    server.address: localhost
Activity.Kind:               Server
    http.request.method: POST
Activity.StartTime:          2026-06-08T01:29:06.8557067Z
    url.scheme: http
Activity.Duration:           00:00:00.0478349
    url.path: /api/auth/login/admin
Activity.Tags:
    network.protocol.version: 1.1
    server.address: localhost
    http.route: api/auth/login/admin
    http.request.method: GET
    url.scheme: http
    http.response.status_code: 200
    url.path: /api/seller/panel
Instrumentation scope (ActivitySource):
    network.protocol.version: 1.1
    Name: Microsoft.AspNetCore
    http.route: api/seller/panel
Resource associated with Activity:
    http.response.status_code: 401
    telemetry.sdk.name: opentelemetry
Instrumentation scope (ActivitySource):
    telemetry.sdk.language: dotnet
    Name: Microsoft.AspNetCore
    telemetry.sdk.version: 1.14.0
Resource associated with Activity:
    service.name: unknown_service:testhost
    telemetry.sdk.name: opentelemetry
    telemetry.sdk.language: dotnet
    telemetry.sdk.version: 1.14.0
    service.name: unknown_service:testhost
Activity.TraceId:            20a99ccb805692a6348f14a7c8937494
Activity.SpanId:             fb7e1babdfd40846
Activity.TraceId:            b7b7b9c648eca513d82ffa7b872c68b6
Activity.TraceFlags:         Recorded
Activity.SpanId:             9c816479039c2835
Activity.DisplayName:        POST api/auth/login/admin
Activity.TraceFlags:         Recorded
Activity.Kind:               Server
Activity.DisplayName:        GET api/seller/panel
Activity.Kind:               Server
Activity.StartTime:          2026-06-08T01:29:06.4268489Z
Activity.StartTime:          2026-06-08T01:29:06.8557067Z
Activity.Duration:           00:00:00.4771582
Activity.Duration:           00:00:00.0478349
Activity.Tags:
Activity.Tags:
    server.address: localhost
    server.address: localhost
    http.request.method: POST
    http.request.method: GET
    url.scheme: http
    url.scheme: http
    url.path: /api/auth/login/admin
    url.path: /api/seller/panel
    network.protocol.version: 1.1
    http.route: api/seller/panel
    network.protocol.version: 1.1
    http.response.status_code: 401
    http.route: api/auth/login/admin
Instrumentation scope (ActivitySource):
    http.response.status_code: 200
    Name: Microsoft.AspNetCore
Instrumentation scope (ActivitySource):
Resource associated with Activity:
    Name: Microsoft.AspNetCore
    telemetry.sdk.name: opentelemetry
    telemetry.sdk.language: dotnet
Resource associated with Activity:
    telemetry.sdk.version: 1.14.0
    telemetry.sdk.name: opentelemetry
    service.name: unknown_service:testhost
    telemetry.sdk.language: dotnet
Activity.TraceId:            b7b7b9c648eca513d82ffa7b872c68b6
    telemetry.sdk.version: 1.14.0
Activity.SpanId:             9c816479039c2835
    service.name: unknown_service:testhost
Activity.TraceFlags:         Recorded
Activity.DisplayName:        GET api/seller/panel
Activity.Kind:               Server
Activity.TraceId:            20a99ccb805692a6348f14a7c8937494
Activity.SpanId:             fb7e1babdfd40846
Activity.StartTime:          2026-06-08T01:29:06.8557067Z
Activity.TraceFlags:         Recorded
Activity.Duration:           00:00:00.0478349
Activity.DisplayName:        POST api/auth/login/admin
Activity.Tags:
Activity.Kind:               Server
    server.address: localhost
    http.request.method: GET
Activity.StartTime:          2026-06-08T01:29:06.4268489Z
    url.scheme: http
Activity.Duration:           00:00:00.4771582
    url.path: /api/seller/panel
Activity.Tags:
    network.protocol.version: 1.1
    http.route: api/seller/panel
    server.address: localhost
    http.response.status_code: 401
    http.request.method: POST
Instrumentation scope (ActivitySource):
    url.scheme: http
    Name: Microsoft.AspNetCore
    url.path: /api/auth/login/admin
Resource associated with Activity:
    network.protocol.version: 1.1
    telemetry.sdk.name: opentelemetry
    http.route: api/auth/login/admin
    telemetry.sdk.language: dotnet
    telemetry.sdk.version: 1.14.0
    service.name: unknown_service:testhost
    http.response.status_code: 200
Instrumentation scope (ActivitySource):
Activity.TraceId:            b7b7b9c648eca513d82ffa7b872c68b6
    Name: Microsoft.AspNetCore
Activity.SpanId:             9c816479039c2835
Resource associated with Activity:
Activity.TraceFlags:         Recorded
Activity.DisplayName:        GET api/seller/panel
    telemetry.sdk.name: opentelemetry
Activity.Kind:               Server
    telemetry.sdk.language: dotnet
    telemetry.sdk.version: 1.14.0
Activity.StartTime:          2026-06-08T01:29:06.8557067Z
    service.name: unknown_service:testhost
Activity.Duration:           00:00:00.0478349
Activity.Tags:
    server.address: localhost
Activity.TraceId:            20a99ccb805692a6348f14a7c8937494
    http.request.method: GET
Activity.SpanId:             fb7e1babdfd40846
    url.scheme: http
Activity.TraceFlags:         Recorded
    url.path: /api/seller/panel
Activity.DisplayName:        POST api/auth/login/admin
    network.protocol.version: 1.1
Activity.Kind:               Server
    http.route: api/seller/panel
    http.response.status_code: 401
Instrumentation scope (ActivitySource):
    Name: Microsoft.AspNetCore
Resource associated with Activity:
Activity.StartTime:          2026-06-08T01:29:06.4268489Z
    telemetry.sdk.name: opentelemetry
Activity.Duration:           00:00:00.4771582
    telemetry.sdk.language: dotnet
Activity.Tags:
    telemetry.sdk.version: 1.14.0
    server.address: localhost
    service.name: unknown_service:testhost
    http.request.method: POST
    url.scheme: http
Activity.TraceId:            b7b7b9c648eca513d82ffa7b872c68b6
    url.path: /api/auth/login/admin
Activity.SpanId:             9c816479039c2835
    network.protocol.version: 1.1
Activity.TraceFlags:         Recorded
Activity.DisplayName:        GET api/seller/panel
    http.route: api/auth/login/admin
Activity.Kind:               Server
    http.response.status_code: 200
Activity.StartTime:          2026-06-08T01:29:06.8557067Z
Instrumentation scope (ActivitySource):
Activity.Duration:           00:00:00.0478349
    Name: Microsoft.AspNetCore
Activity.Tags:
Resource associated with Activity:
    server.address: localhost
    telemetry.sdk.name: opentelemetry
    http.request.method: GET
    telemetry.sdk.language: dotnet
    url.scheme: http
    telemetry.sdk.version: 1.14.0
    url.path: /api/seller/panel
    service.name: unknown_service:testhost
    network.protocol.version: 1.1
    http.route: api/seller/panel
    http.response.status_code: 401
Instrumentation scope (ActivitySource):
Activity.TraceId:            20a99ccb805692a6348f14a7c8937494
    Name: Microsoft.AspNetCore
Activity.SpanId:             fb7e1babdfd40846
Resource associated with Activity:
Activity.TraceFlags:         Recorded
    telemetry.sdk.name: opentelemetry
Activity.DisplayName:        POST api/auth/login/admin
    telemetry.sdk.language: dotnet
Activity.Kind:               Server
    telemetry.sdk.version: 1.14.0
    service.name: unknown_service:testhost
Activity.StartTime:          2026-06-08T01:29:06.4268489Z
Activity.Duration:           00:00:00.4771582
Activity.TraceId:            b7b7b9c648eca513d82ffa7b872c68b6
Activity.Tags:
Activity.SpanId:             9c816479039c2835
    server.address: localhost
Activity.TraceFlags:         Recorded
    http.request.method: POST
Activity.DisplayName:        GET api/seller/panel
    url.scheme: http
Activity.Kind:               Server
    url.path: /api/auth/login/admin
    network.protocol.version: 1.1
Activity.StartTime:          2026-06-08T01:29:06.8557067Z
    http.route: api/auth/login/admin
Activity.Duration:           00:00:00.0478349
Activity.Tags:
    http.response.status_code: 200
    server.address: localhost
Instrumentation scope (ActivitySource):
    http.request.method: GET
    Name: Microsoft.AspNetCore
    url.scheme: http
Resource associated with Activity:
    url.path: /api/seller/panel
    network.protocol.version: 1.1
    telemetry.sdk.name: opentelemetry
    http.route: api/seller/panel
    telemetry.sdk.language: dotnet
    http.response.status_code: 401
    telemetry.sdk.version: 1.14.0
Instrumentation scope (ActivitySource):
    service.name: unknown_service:testhost
    Name: Microsoft.AspNetCore
Resource associated with Activity:
    telemetry.sdk.name: opentelemetry
    telemetry.sdk.language: dotnet
    telemetry.sdk.version: 1.14.0
Activity.TraceId:            20a99ccb805692a6348f14a7c8937494
    service.name: unknown_service:testhost
Activity.SpanId:             fb7e1babdfd40846
Activity.TraceFlags:         Recorded
Activity.DisplayName:        POST api/auth/login/admin
Activity.Kind:               Server
Activity.StartTime:          2026-06-08T01:29:06.4268489Z
Activity.Duration:           00:00:00.4771582
Activity.Tags:
    server.address: localhost
    http.request.method: POST
    url.scheme: http
    url.path: /api/auth/login/admin
    network.protocol.version: 1.1
    http.route: api/auth/login/admin
    http.response.status_code: 200
Instrumentation scope (ActivitySource):
    Name: Microsoft.AspNetCore
Resource associated with Activity:
    telemetry.sdk.name: opentelemetry
    telemetry.sdk.language: dotnet
    telemetry.sdk.version: 1.14.0
    service.name: unknown_service:testhost
Activity.TraceId:            20a99ccb805692a6348f14a7c8937494
Activity.SpanId:             fb7e1babdfd40846
[22:29:06 INF] EMAIL_CONFIRM_JOB_STARTED | Sending confirmation email | UserId=019ea4d9-0555-7490-9885-bd4ba833c9fc
Activity.TraceFlags:         Recorded
Activity.DisplayName:        POST api/auth/login/admin
Activity.Kind:               Server
Activity.StartTime:          2026-06-08T01:29:06.4268489Z
Activity.Duration:           00:00:00.4771582
Activity.Tags:
    server.address: localhost
    http.request.method: POST
    url.scheme: http
    url.path: /api/auth/login/admin
    network.protocol.version: 1.1
    http.route: api/auth/login/admin
    http.response.status_code: 200
Instrumentation scope (ActivitySource):
    Name: Microsoft.AspNetCore
Resource associated with Activity:
    telemetry.sdk.name: opentelemetry
    telemetry.sdk.language: dotnet
    telemetry.sdk.version: 1.14.0
    service.name: unknown_service:testhost
Activity.TraceId:            20a99ccb805692a6348f14a7c8937494
Activity.SpanId:             fb7e1babdfd40846
Activity.TraceFlags:         Recorded
Activity.DisplayName:        POST api/auth/login/admin
Activity.Kind:               Server
Activity.StartTime:          2026-06-08T01:29:06.4268489Z
Activity.Duration:           00:00:00.4771582
Activity.Tags:
    server.address: localhost
    http.request.method: POST
[22:29:06 INF] Executed action Urbeat.WebApi.Controllers.AuthController.RegisterSeller (Urbeat.WebApi) in 349.6921ms
    url.scheme: http
    url.path: /api/auth/login/admin
    network.protocol.version: 1.1
    http.route: api/auth/login/admin
     Warning:
     The component "Fluent Assertions" is governed by the rules defined in the Xceed License Agreement and
     the Xceed Fluent Assertions Community License. You may use Fluent Assertions free of charge for
     non-commercial use only. An active subscription is required to use Fluent Assertions for commercial use.
     Please contact Xceed Sales mailto:sales@xceed.com to acquire a subscription at a very low cost.
     A paid commercial license supports the development and continued increasing support of
     Fluent Assertions users under both commercial and community licenses. Help us
     keep Fluent Assertions at the forefront of unit testing.
     For more information, visit https://xceed.com/products/unit-testing/fluent-assertions/
    http.response.status_code: 200
[22:29:06 INF] Executed action Urbeat.WebApi.Controllers.AuthController.RegisterSeller (Urbeat.WebApi) in 349.7349ms
Instrumentation scope (ActivitySource):
    Name: Microsoft.AspNetCore
Resource associated with Activity:
    telemetry.sdk.name: opentelemetry
    telemetry.sdk.language: dotnet
    telemetry.sdk.version: 1.14.0
    service.name: unknown_service:testhost
[22:29:06 INF] Executed action Urbeat.WebApi.Controllers.AuthController.RegisterSeller (Urbeat.WebApi) in 261.1724ms
Activity.TraceId:            20a99ccb805692a6348f14a7c8937494
Activity.SpanId:             fb7e1babdfd40846
[22:29:06 INF] Executed action Urbeat.WebApi.Controllers.AuthController.RegisterSeller (Urbeat.WebApi) in 349.6901ms
[22:29:06 INF] Executed action Urbeat.WebApi.Controllers.AuthController.RegisterSeller (Urbeat.WebApi) in 349.7261ms
Activity.TraceFlags:         Recorded
[22:29:06 INF] Executed endpoint 'Urbeat.WebApi.Controllers.AuthController.RegisterSeller (Urbeat.WebApi)'
Activity.DisplayName:        POST api/auth/login/admin
[22:29:06 INF] Executed endpoint 'Urbeat.WebApi.Controllers.AuthController.RegisterSeller (Urbeat.WebApi)'
Activity.Kind:               Server
[22:29:06 INF] Executed action Urbeat.WebApi.Controllers.AuthController.RegisterSeller (Urbeat.WebApi) in 349.5565ms
[22:29:06 INF] Executed endpoint 'Urbeat.WebApi.Controllers.AuthController.RegisterSeller (Urbeat.WebApi)'
Activity.StartTime:          2026-06-08T01:29:06.4268489Z
[22:29:06 INF] Executed action Urbeat.WebApi.Controllers.AuthController.RegisterSeller (Urbeat.WebApi) in 349.6827ms
[22:29:06 INF] Executed endpoint 'Urbeat.WebApi.Controllers.AuthController.RegisterSeller (Urbeat.WebApi)'
Activity.Duration:           00:00:00.4771582
Activity.Tags:
    server.address: localhost
    http.request.method: POST
    url.scheme: http
    url.path: /api/auth/login/admin
    network.protocol.version: 1.1
[22:29:06 INF] Executed action Urbeat.WebApi.Controllers.AuthController.RegisterCustomer (Urbeat.WebApi) in 265.6682ms
    http.route: api/auth/login/admin
[22:29:06 INF] Executed endpoint 'Urbeat.WebApi.Controllers.AuthController.RegisterSeller (Urbeat.WebApi)'
    http.response.status_code: 200
Instrumentation scope (ActivitySource):
    Name: Microsoft.AspNetCore
Resource associated with Activity:
[22:29:06 INF] Executed endpoint 'Urbeat.WebApi.Controllers.AuthController.RegisterSeller (Urbeat.WebApi)'
    telemetry.sdk.name: opentelemetry
[22:29:06 INF] EMAIL_ALREADY_CONFIRMED | Already confirmed | UserId=019ea4d9-0555-737e-833b-60a1172889fb
    telemetry.sdk.language: dotnet
    telemetry.sdk.version: 1.14.0
    service.name: unknown_service:testhost
Activity.TraceId:            20a99ccb805692a6348f14a7c8937494
[22:29:06 INF] Executed endpoint 'Urbeat.WebApi.Controllers.AuthController.RegisterSeller (Urbeat.WebApi)'
Activity.SpanId:             fb7e1babdfd40846
Activity.TraceFlags:         Recorded
Activity.DisplayName:        POST api/auth/login/admin
Activity.Kind:               Server
[22:29:06 INF] Executed endpoint 'Urbeat.WebApi.Controllers.AuthController.RegisterCustomer (Urbeat.WebApi)'
Activity.StartTime:          2026-06-08T01:29:06.4268489Z
[22:29:06 WRN] EMAIL_CONFIRM_USER_NOT_FOUND | User not found | UserId=019ea4d9-0555-7414-81f0-1d2e24e953f0
Activity.Duration:           00:00:00.4771582
Activity.Tags:
    server.address: localhost
    http.request.method: POST
    url.scheme: http
    url.path: /api/auth/login/admin
    network.protocol.version: 1.1
    http.route: api/auth/login/admin
    http.response.status_code: 200
[22:29:06 INF] EMAIL_CONFIRM_JOB_COMPLETED | Job completed | UserId=019ea4d9-0555-737e-833b-60a1172889fb
Instrumentation scope (ActivitySource):
[22:29:06 WRN] EMAIL_CONFIRM_USER_NOT_FOUND | User not found | UserId=019ea4d9-0555-7d68-be12-6b31c9645746
    Name: Microsoft.AspNetCore
Resource associated with Activity:
    telemetry.sdk.name: opentelemetry
[22:29:06 WRN] EMAIL_CONFIRM_USER_NOT_FOUND | User not found | UserId=019ea4d9-0555-7490-9885-bd4ba833c9fc
    telemetry.sdk.language: dotnet
[22:29:06 INF] EMAIL_CONFIRM_JOB_COMPLETED | Job completed | UserId=019ea4d9-0555-7414-81f0-1d2e24e953f0
    telemetry.sdk.version: 1.14.0
    service.name: unknown_service:testhost
Activity.TraceId:            20a99ccb805692a6348f14a7c8937494
Activity.SpanId:             fb7e1babdfd40846
[22:29:06 INF] EMAIL_CONFIRM_JOB_COMPLETED | Job completed | UserId=019ea4d9-0555-7d68-be12-6b31c9645746
Activity.TraceFlags:         Recorded
[22:29:06 INF] EMAIL_CONFIRM_JOB_COMPLETED | Job completed | UserId=019ea4d9-0555-7490-9885-bd4ba833c9fc
Activity.DisplayName:        POST api/auth/login/admin
Activity.Kind:               Server
Activity.StartTime:          2026-06-08T01:29:06.4268489Z
Activity.Duration:           00:00:00.4771582
Activity.Tags:
    server.address: localhost
    http.request.method: POST
    url.scheme: http
    url.path: /api/auth/login/admin
    network.protocol.version: 1.1
[22:29:06 INF] EMAIL_CONFIRM_JOB_STARTED | Sending confirmation email | UserId=019ea4d9-0555-754d-a533-7cf2fd369faf
    http.route: api/auth/login/admin
[22:29:06 INF] EMAIL_CONFIRM_JOB_STARTED | Sending confirmation email | UserId=019ea4d9-0555-701f-9269-baa2b2d9577b
    http.response.status_code: 200
[22:29:06 INF] EMAIL_CONFIRM_JOB_STARTED | Sending confirmation email | UserId=019ea4d9-055b-72d2-8f89-c3604828a3b9
Instrumentation scope (ActivitySource):
    Name: Microsoft.AspNetCore
Resource associated with Activity:
    telemetry.sdk.name: opentelemetry
    telemetry.sdk.language: dotnet
    telemetry.sdk.version: 1.14.0
    service.name: unknown_service:testhost
Activity.TraceId:            20a99ccb805692a6348f14a7c8937494
Activity.SpanId:             fb7e1babdfd40846
Activity.TraceFlags:         Recorded
Activity.DisplayName:        POST api/auth/login/admin
Activity.Kind:               Server
Activity.StartTime:          2026-06-08T01:29:06.4268489Z
Activity.Duration:           00:00:00.4771582
Activity.Tags:
    server.address: localhost
    http.request.method: POST
    url.scheme: http
    url.path: /api/auth/login/admin
    network.protocol.version: 1.1
    http.route: api/auth/login/admin
    http.response.status_code: 200
Instrumentation scope (ActivitySource):
    Name: Microsoft.AspNetCore
Resource associated with Activity:
    telemetry.sdk.name: opentelemetry
    telemetry.sdk.language: dotnet
    telemetry.sdk.version: 1.14.0
    service.name: unknown_service:testhost
[22:29:06 INF] EMAIL_CONFIRM_JOB_STARTED | Sending confirmation email | UserId=019ea4d9-055d-7bd9-89eb-40be1ffcab64
[22:29:06 WRN] EMAIL_CONFIRM_USER_NOT_FOUND | User not found | UserId=019ea4d9-055d-7bd9-89eb-40be1ffcab64
[22:29:06 WRN] EMAIL_CONFIRM_USER_NOT_FOUND | User not found | UserId=019ea4d9-0555-754d-a533-7cf2fd369faf
[22:29:06 WRN] EMAIL_CONFIRM_USER_NOT_FOUND | User not found | UserId=019ea4d9-0555-701f-9269-baa2b2d9577b
[22:29:06 INF] EMAIL_CONFIRM_JOB_COMPLETED | Job completed | UserId=019ea4d9-0555-754d-a533-7cf2fd369faf
[22:29:06 WRN] EMAIL_CONFIRM_USER_NOT_FOUND | User not found | UserId=019ea4d9-055b-72d2-8f89-c3604828a3b9
[22:29:06 INF] EMAIL_CONFIRM_JOB_COMPLETED | Job completed | UserId=019ea4d9-055d-7bd9-89eb-40be1ffcab64
[22:29:06 INF] EMAIL_CONFIRM_JOB_COMPLETED | Job completed | UserId=019ea4d9-0555-701f-9269-baa2b2d9577b
[22:29:06 INF] EMAIL_CONFIRM_JOB_STARTED | Sending confirmation email | UserId=019ea4d9-0555-7d90-96ef-e3ba38c1c7fd
[22:29:06 INF] EMAIL_CONFIRM_JOB_COMPLETED | Job completed | UserId=019ea4d9-055b-72d2-8f89-c3604828a3b9
[22:29:06 INF] HTTP POST /api/auth/register/seller responded 201 in 453.4855 ms
[22:29:06 INF] HTTP POST /api/auth/register/seller responded 201 in 453.5081 ms
[22:29:06 INF] HTTP POST /api/auth/register/seller responded 201 in 453.5890 ms
[22:29:06 INF] HTTP POST /api/auth/register/customer responded 201 in 313.9206 ms
[22:29:06 INF] HTTP POST /api/auth/register/seller responded 201 in 310.9422 ms
[22:29:06 INF] Request starting HTTP/1.1 GET http://localhost/api/admin/dashboard - null null
[22:29:06 INF] Request finished HTTP/1.1 POST http://localhost/api/auth/register/seller - 201 null application/json; charset=utf-8 528.9627ms
[22:29:06 INF] Request finished HTTP/1.1 POST http://localhost/api/auth/register/seller - 201 null application/json; charset=utf-8 528.9989ms
[22:29:06 INF] Request finished HTTP/1.1 POST http://localhost/api/auth/register/seller - 201 null application/json; charset=utf-8 528.9684ms
[22:29:06 INF] Request finished HTTP/1.1 POST http://localhost/api/auth/register/customer - 201 null application/json; charset=utf-8 315.9467ms
[22:29:06 INF] HTTP POST /api/auth/register/seller responded 201 in 453.8049 ms
[22:29:06 INF] HTTP POST /api/auth/register/seller responded 201 in 453.9709 ms
[22:29:06 WRN] EMAIL_CONFIRM_USER_NOT_FOUND | User not found | UserId=019ea4d9-0555-7d90-96ef-e3ba38c1c7fd
[22:29:06 INF] EMAIL_CONFIRM_JOB_COMPLETED | Job completed | UserId=019ea4d9-0555-7d90-96ef-e3ba38c1c7fd
[22:29:06 INF] Authorization failed. These requirements were not met:
RolesAuthorizationRequirement:User.IsInRole must be true for one of the following roles: (Admin)
[22:29:06 INF] Request finished HTTP/1.1 POST http://localhost/api/auth/register/seller - 201 null application/json; charset=utf-8 529.2759ms
[22:29:06 INF] AuthenticationScheme: Bearer was challenged.
[22:29:06 INF] Request finished HTTP/1.1 POST http://localhost/api/auth/register/seller - 201 null application/json; charset=utf-8 315.0469ms
Activity.TraceId:            c0a313128b52d1ff8eeb63381d315926
Activity.SpanId:             a3bb435630d3667d
Activity.TraceFlags:         Recorded
Activity.DisplayName:        POST api/auth/register/seller
Activity.Kind:               Server
[22:29:06 INF] Request finished HTTP/1.1 POST http://localhost/api/auth/register/seller - 201 null application/json; charset=utf-8 529.4702ms
Activity.StartTime:          2026-06-08T01:29:06.4268472Z
Activity.Duration:           00:00:00.5292252
Activity.Tags:
    server.address: localhost
    http.request.method: POST
    url.scheme: http
    url.path: /api/auth/register/seller
    network.protocol.version: 1.1
    http.route: api/auth/register/seller
    http.response.status_code: 201
[22:29:06 INF] HTTP POST /api/auth/register/seller responded 201 in 454.3118 ms
Instrumentation scope (ActivitySource):
    Name: Microsoft.AspNetCore
Resource associated with Activity:
    telemetry.sdk.name: opentelemetry
    telemetry.sdk.language: dotnet
    telemetry.sdk.version: 1.14.0
    service.name: unknown_service:testhost
Activity.TraceId:            c0a313128b52d1ff8eeb63381d315926
Activity.SpanId:             a3bb435630d3667d
Activity.TraceFlags:         Recorded
Activity.DisplayName:        POST api/auth/register/seller
Activity.Kind:               Server
Activity.TraceId:            2874764ec983a6b4d25a929bb11cf7d1
Activity.StartTime:          2026-06-08T01:29:06.4268472Z
Activity.SpanId:             fc0b50300300eb7e
Activity.Duration:           00:00:00.5292252
Activity.TraceFlags:         Recorded
Activity.Tags:
Activity.DisplayName:        POST api/auth/register/seller
    server.address: localhost
Activity.Kind:               Server
    http.request.method: POST
    url.scheme: http
    url.path: /api/auth/register/seller
    network.protocol.version: 1.1
Activity.StartTime:          2026-06-08T01:29:06.4268473Z
    http.route: api/auth/register/seller
Activity.Duration:           00:00:00.5292643
Activity.Tags:
    http.response.status_code: 201
    server.address: localhost
    http.request.method: POST
Instrumentation scope (ActivitySource):
    url.scheme: http
    Name: Microsoft.AspNetCore
[22:29:06 INF] Request finished HTTP/1.1 POST http://localhost/api/auth/register/seller - 201 null application/json; charset=utf-8 529.6395ms
Resource associated with Activity:
    url.path: /api/auth/register/seller
    telemetry.sdk.name: opentelemetry
    telemetry.sdk.language: dotnet
    telemetry.sdk.version: 1.14.0
    service.name: unknown_service:testhost
    network.protocol.version: 1.1
    http.route: api/auth/register/seller
    http.response.status_code: 201
Activity.TraceId:            c0a313128b52d1ff8eeb63381d315926
Instrumentation scope (ActivitySource):
Activity.SpanId:             a3bb435630d3667d
    Name: Microsoft.AspNetCore
Activity.TraceFlags:         Recorded
Resource associated with Activity:
Activity.DisplayName:        POST api/auth/register/seller
    telemetry.sdk.name: opentelemetry
Activity.Kind:               Server
    telemetry.sdk.language: dotnet
    telemetry.sdk.version: 1.14.0
    service.name: unknown_service:testhost
Activity.StartTime:          2026-06-08T01:29:06.4268472Z
Activity.Duration:           00:00:00.5292252
Activity.Tags:
Activity.TraceId:            2874764ec983a6b4d25a929bb11cf7d1
    server.address: localhost
Activity.SpanId:             fc0b50300300eb7e
    http.request.method: POST
Activity.TraceFlags:         Recorded
    url.scheme: http
Activity.DisplayName:        POST api/auth/register/seller
    url.path: /api/auth/register/seller
Activity.Kind:               Server
    network.protocol.version: 1.1
    http.route: api/auth/register/seller
    http.response.status_code: 201
Activity.StartTime:          2026-06-08T01:29:06.4268473Z
Instrumentation scope (ActivitySource):
Activity.Duration:           00:00:00.5292643
    Name: Microsoft.AspNetCore
Activity.TraceId:            cadb867cbae7075f4d0050df0b17cfc1
Resource associated with Activity:
Activity.SpanId:             5389327d4991f95f
Activity.Tags:
    telemetry.sdk.name: opentelemetry
    server.address: localhost
Activity.TraceFlags:         Recorded
    telemetry.sdk.language: dotnet
    http.request.method: POST
Activity.DisplayName:        POST api/auth/register/customer
    url.scheme: http
Activity.Kind:               Server
    telemetry.sdk.version: 1.14.0
    url.path: /api/auth/register/seller
    service.name: unknown_service:testhost
    network.protocol.version: 1.1
    http.route: api/auth/register/seller
Activity.StartTime:          2026-06-08T01:29:06.6397900Z
    http.response.status_code: 201
Activity.TraceId:            c0a313128b52d1ff8eeb63381d315926
Activity.Duration:           00:00:00.3163659
Activity.SpanId:             a3bb435630d3667d
Activity.Tags:
Instrumentation scope (ActivitySource):
Activity.TraceFlags:         Recorded
    Name: Microsoft.AspNetCore
    server.address: localhost
Resource associated with Activity:
    http.request.method: POST
    telemetry.sdk.name: opentelemetry
    url.scheme: http
Activity.DisplayName:        POST api/auth/register/seller
    url.path: /api/auth/register/customer
    telemetry.sdk.language: dotnet
    network.protocol.version: 1.1
    telemetry.sdk.version: 1.14.0
Activity.Kind:               Server
    http.route: api/auth/register/customer
    service.name: unknown_service:testhost
Activity.StartTime:          2026-06-08T01:29:06.4268472Z
Activity.TraceId:            2874764ec983a6b4d25a929bb11cf7d1
Activity.Duration:           00:00:00.5292252
Activity.SpanId:             fc0b50300300eb7e
Activity.Tags:
    server.address: localhost
Activity.TraceFlags:         Recorded
    http.request.method: POST
Activity.DisplayName:        POST api/auth/register/seller
    url.scheme: http
Activity.Kind:               Server
    url.path: /api/auth/register/seller
    http.response.status_code: 201
    network.protocol.version: 1.1
Activity.StartTime:          2026-06-08T01:29:06.4268473Z
Instrumentation scope (ActivitySource):
    http.route: api/auth/register/seller
    Name: Microsoft.AspNetCore
    http.response.status_code: 201
Resource associated with Activity:
Instrumentation scope (ActivitySource):
Activity.Duration:           00:00:00.5292643
    Name: Microsoft.AspNetCore
    telemetry.sdk.name: opentelemetry
Resource associated with Activity:
    telemetry.sdk.language: dotnet
Activity.Tags:
    telemetry.sdk.version: 1.14.0
    telemetry.sdk.name: opentelemetry
    server.address: localhost
    telemetry.sdk.language: dotnet
    http.request.method: POST
    service.name: unknown_service:testhost
    url.scheme: http
    telemetry.sdk.version: 1.14.0
    service.name: unknown_service:testhost
    url.path: /api/auth/register/seller
    network.protocol.version: 1.1
Activity.TraceId:            c0a313128b52d1ff8eeb63381d315926
    http.route: api/auth/register/seller
Activity.TraceId:            a85ed30725a102006ae0b97eff343143
Activity.SpanId:             a3bb435630d3667d
    http.response.status_code: 201
Activity.TraceFlags:         Recorded
Instrumentation scope (ActivitySource):
Activity.SpanId:             3cfd3249dbf6f49b
    Name: Microsoft.AspNetCore
Activity.DisplayName:        POST api/auth/register/seller
Resource associated with Activity:
Activity.Kind:               Server
Activity.TraceFlags:         Recorded
    telemetry.sdk.name: opentelemetry
Activity.StartTime:          2026-06-08T01:29:06.4268472Z
    telemetry.sdk.language: dotnet
Activity.DisplayName:        POST api/auth/register/seller
Activity.Duration:           00:00:00.5292252
Activity.Kind:               Server
    telemetry.sdk.version: 1.14.0
Activity.Tags:
    service.name: unknown_service:testhost
    server.address: localhost
    http.request.method: POST
Activity.StartTime:          2026-06-08T01:29:06.4268473Z
    url.scheme: http
Activity.Duration:           00:00:00.5292637
Activity.TraceId:            2874764ec983a6b4d25a929bb11cf7d1
Activity.Tags:
    url.path: /api/auth/register/seller
Activity.SpanId:             fc0b50300300eb7e
    server.address: localhost
Activity.TraceFlags:         Recorded
    http.request.method: POST
Activity.DisplayName:        POST api/auth/register/seller
    network.protocol.version: 1.1
Activity.Kind:               Server
    http.route: api/auth/register/seller
    url.scheme: http
    http.response.status_code: 201
Activity.StartTime:          2026-06-08T01:29:06.4268473Z
    url.path: /api/auth/register/seller
Instrumentation scope (ActivitySource):
Activity.Duration:           00:00:00.5292643
    network.protocol.version: 1.1
    Name: Microsoft.AspNetCore
    http.route: api/auth/register/seller
Resource associated with Activity:
Activity.Tags:
    telemetry.sdk.name: opentelemetry
    server.address: localhost
    http.response.status_code: 201
    http.request.method: POST
    telemetry.sdk.language: dotnet
    url.scheme: http
    telemetry.sdk.version: 1.14.0
    url.path: /api/auth/register/seller
    service.name: unknown_service:testhost
Instrumentation scope (ActivitySource):
    network.protocol.version: 1.1
    Name: Microsoft.AspNetCore
    http.route: api/auth/register/seller
Resource associated with Activity:
    http.response.status_code: 201
Activity.TraceId:            c0a313128b52d1ff8eeb63381d315926
Instrumentation scope (ActivitySource):
    Name: Microsoft.AspNetCore
    telemetry.sdk.name: opentelemetry
Activity.SpanId:             a3bb435630d3667d
Resource associated with Activity:
Activity.TraceFlags:         Recorded
    telemetry.sdk.language: dotnet
Activity.DisplayName:        POST api/auth/register/seller
    telemetry.sdk.name: opentelemetry
Activity.Kind:               Server
    telemetry.sdk.language: dotnet
    telemetry.sdk.version: 1.14.0
    telemetry.sdk.version: 1.14.0
    service.name: unknown_service:testhost
    service.name: unknown_service:testhost
Activity.StartTime:          2026-06-08T01:29:06.4268472Z
Activity.TraceId:            cadb867cbae7075f4d0050df0b17cfc1
Activity.TraceId:            213057db730b9f2be31dfbe2e537fa0a
Activity.Duration:           00:00:00.5292252
Activity.SpanId:             5389327d4991f95f
Activity.SpanId:             21645c9893ca93e5
Activity.Tags:
Activity.TraceFlags:         Recorded
Activity.TraceFlags:         Recorded
Activity.DisplayName:        POST api/auth/register/customer
    server.address: localhost
Activity.Kind:               Server
Activity.DisplayName:        POST api/auth/register/seller
    http.request.method: POST
Activity.Kind:               Server
    url.scheme: http
    url.path: /api/auth/register/seller
Activity.StartTime:          2026-06-08T01:29:06.6397900Z
Activity.StartTime:          2026-06-08T01:29:06.4268472Z
    network.protocol.version: 1.1
Activity.Duration:           00:00:00.3163659
    http.route: api/auth/register/seller
Activity.Duration:           00:00:00.5292251
    http.response.status_code: 201
Activity.Tags:
Instrumentation scope (ActivitySource):
Activity.Tags:
    server.address: localhost
    server.address: localhost
    Name: Microsoft.AspNetCore
    http.request.method: POST
    http.request.method: POST
Resource associated with Activity:
    url.scheme: http
    url.scheme: http
    url.path: /api/auth/register/customer
    url.path: /api/auth/register/seller
    network.protocol.version: 1.1
    network.protocol.version: 1.1
    http.route: api/auth/register/customer
    telemetry.sdk.name: opentelemetry
    http.route: api/auth/register/seller
    http.response.status_code: 201
    http.response.status_code: 201
    telemetry.sdk.language: dotnet
Instrumentation scope (ActivitySource):
Instrumentation scope (ActivitySource):
    Name: Microsoft.AspNetCore
    Name: Microsoft.AspNetCore
Resource associated with Activity:
Resource associated with Activity:
    telemetry.sdk.version: 1.14.0
    telemetry.sdk.name: opentelemetry
    service.name: unknown_service:testhost
    telemetry.sdk.language: dotnet
    telemetry.sdk.version: 1.14.0
    telemetry.sdk.name: opentelemetry
    service.name: unknown_service:testhost
Activity.TraceId:            c0a313128b52d1ff8eeb63381d315926
    telemetry.sdk.language: dotnet
Activity.SpanId:             a3bb435630d3667d
Activity.TraceId:            2874764ec983a6b4d25a929bb11cf7d1
    telemetry.sdk.version: 1.14.0
Activity.SpanId:             fc0b50300300eb7e
Activity.TraceFlags:         Recorded
    service.name: unknown_service:testhost
Activity.DisplayName:        POST api/auth/register/seller
Activity.Kind:               Server
Activity.TraceId:            cadb867cbae7075f4d0050df0b17cfc1
Activity.TraceId:            a85ed30725a102006ae0b97eff343143
Activity.StartTime:          2026-06-08T01:29:06.4268472Z
Activity.TraceFlags:         Recorded
Activity.Duration:           00:00:00.5292252
Activity.DisplayName:        POST api/auth/register/seller
Activity.Tags:
Activity.SpanId:             5389327d4991f95f
    server.address: localhost
Activity.Kind:               Server
    http.request.method: POST
Activity.TraceFlags:         Recorded
    url.scheme: http
Activity.StartTime:          2026-06-08T01:29:06.4268473Z
Activity.Duration:           00:00:00.5292643
    url.path: /api/auth/register/seller
    network.protocol.version: 1.1
[22:29:06 INF] HTTP GET /api/admin/dashboard responded 401 in 1.4868 ms
    http.route: api/auth/register/seller
    http.response.status_code: 201
Activity.TraceId:            2c11deac9897037a0290b1e38a7d1591
Instrumentation scope (ActivitySource):
Activity.SpanId:             a60f2d6b83522aa5
    Name: Microsoft.AspNetCore
Activity.TraceFlags:         Recorded
Resource associated with Activity:
Activity.DisplayName:        POST api/auth/register/seller
Activity.Kind:               Server
    telemetry.sdk.name: opentelemetry
    telemetry.sdk.language: dotnet
    telemetry.sdk.version: 1.14.0
Activity.StartTime:          2026-06-08T01:29:06.4268473Z
    service.name: unknown_service:testhost
Activity.Duration:           00:00:00.5294111
Activity.DisplayName:        POST api/auth/register/customer
[22:29:06 INF] Executed action method Urbeat.WebApi.Controllers.AuthController.RegisterCustomer (Urbeat.WebApi), returned result Microsoft.AspNetCore.Mvc.ObjectResult in 327.858ms.
Activity.Kind:               Server
Activity.StartTime:          2026-06-08T01:29:06.6397900Z
Activity.Duration:           00:00:00.3163659
Activity.Tags:
Activity.TraceId:            c0a313128b52d1ff8eeb63381d315926
Activity.Tags:
    server.address: localhost
Activity.SpanId:             a3bb435630d3667d
    http.request.method: POST
Activity.TraceFlags:         Recorded
    server.address: localhost
Activity.DisplayName:        POST api/auth/register/seller
    url.scheme: http
    http.request.method: POST
Activity.Kind:               Server
    url.scheme: http
    url.path: /api/auth/register/customer
    url.path: /api/auth/register/seller
Activity.StartTime:          2026-06-08T01:29:06.4268472Z
    network.protocol.version: 1.1
Activity.Duration:           00:00:00.5292252
    http.route: api/auth/register/seller
Activity.Tags:
    network.protocol.version: 1.1
    server.address: localhost
    http.response.status_code: 201
    http.route: api/auth/register/customer
    http.request.method: POST
Instrumentation scope (ActivitySource):
    url.scheme: http
    Name: Microsoft.AspNetCore
    http.response.status_code: 201
Instrumentation scope (ActivitySource):
Activity.SpanId:             3cfd3249dbf6f49b
    Name: Microsoft.AspNetCore
Activity.TraceFlags:         Recorded
Resource associated with Activity:
Activity.DisplayName:        POST api/auth/register/seller
Activity.Tags:
    telemetry.sdk.name: opentelemetry
Activity.Kind:               Server
    telemetry.sdk.language: dotnet
    server.address: localhost
    telemetry.sdk.version: 1.14.0
    http.request.method: POST
Activity.StartTime:          2026-06-08T01:29:06.4268473Z
    url.scheme: http
    service.name: unknown_service:testhost
Activity.Duration:           00:00:00.5292637
    url.path: /api/auth/register/seller
    network.protocol.version: 1.1
Activity.Tags:
    http.route: api/auth/register/seller
Activity.TraceId:            cadb867cbae7075f4d0050df0b17cfc1
    server.address: localhost
    http.response.status_code: 201
    http.request.method: POST
Instrumentation scope (ActivitySource):
    url.scheme: http
    Name: Microsoft.AspNetCore
Activity.SpanId:             5389327d4991f95f
    url.path: /api/auth/register/seller
Resource associated with Activity:
    network.protocol.version: 1.1
Activity.TraceFlags:         Recorded
    http.route: api/auth/register/seller
    telemetry.sdk.name: opentelemetry
Activity.DisplayName:        POST api/auth/register/customer
    telemetry.sdk.language: dotnet
    http.response.status_code: 201
Activity.Kind:               Server
Instrumentation scope (ActivitySource):
    telemetry.sdk.version: 1.14.0
Activity.StartTime:          2026-06-08T01:29:06.6397900Z
    service.name: unknown_service:testhost
Activity.Duration:           00:00:00.3163659
Activity.Tags:
    server.address: localhost
Resource associated with Activity:
    http.request.method: POST
    telemetry.sdk.name: opentelemetry
    telemetry.sdk.language: dotnet
    url.scheme: http
    telemetry.sdk.version: 1.14.0
    url.path: /api/auth/register/customer
Activity.TraceId:            8b72b2eb2acd85593ea43d0e737aee95
    url.path: /api/auth/register/seller
    service.name: unknown_service:testhost
Activity.SpanId:             d34940a17cb1f5c6
    network.protocol.version: 1.1
Activity.TraceFlags:         Recorded
    http.route: api/auth/register/seller
Activity.DisplayName:        POST api/auth/register/seller
    http.response.status_code: 201
Activity.Kind:               Server
Instrumentation scope (ActivitySource):
    Name: Microsoft.AspNetCore
Activity.StartTime:          2026-06-08T01:29:06.6406828Z
Resource associated with Activity:
Activity.TraceId:            2874764ec983a6b4d25a929bb11cf7d1
    telemetry.sdk.name: opentelemetry
Activity.SpanId:             fc0b50300300eb7e
    telemetry.sdk.language: dotnet
Activity.TraceFlags:         Recorded
[22:29:06 INF] Saved 1 entities to in-memory store.
    telemetry.sdk.version: 1.14.0
    service.name: unknown_service:testhost
    Name: Microsoft.AspNetCore
Activity.TraceId:            c0a313128b52d1ff8eeb63381d315926
Resource associated with Activity:
Activity.SpanId:             a3bb435630d3667d
    network.protocol.version: 1.1
    telemetry.sdk.name: opentelemetry
    http.route: api/auth/register/customer
    telemetry.sdk.language: dotnet
Activity.TraceFlags:         Recorded
    telemetry.sdk.version: 1.14.0
    http.response.status_code: 201
Activity.DisplayName:        POST api/auth/register/seller
    service.name: unknown_service:testhost
Activity.Kind:               Server
Instrumentation scope (ActivitySource):
Activity.StartTime:          2026-06-08T01:29:06.4268472Z
    Name: Microsoft.AspNetCore
Activity.Duration:           00:00:00.5292252
Resource associated with Activity:
Activity.Duration:           00:00:00.3155893
Activity.TraceId:            a85ed30725a102006ae0b97eff343143
Activity.Tags:
Activity.TraceId:            213057db730b9f2be31dfbe2e537fa0a
Activity.SpanId:             3cfd3249dbf6f49b
Activity.Tags:
Activity.SpanId:             21645c9893ca93e5
Activity.TraceFlags:         Recorded
    server.address: localhost
Activity.DisplayName:        POST api/auth/register/seller
    http.request.method: POST
Activity.Kind:               Server
    server.address: localhost
    url.scheme: http
Activity.TraceFlags:         Recorded
    http.request.method: POST
Activity.StartTime:          2026-06-08T01:29:06.4268473Z
    url.scheme: http
Activity.DisplayName:        POST api/auth/register/seller
Activity.Duration:           00:00:00.5292637
    url.path: /api/auth/register/seller
Activity.Tags:
    network.protocol.version: 1.1
    url.path: /api/auth/register/seller
    http.route: api/auth/register/seller
Activity.Kind:               Server
    server.address: localhost
    http.response.status_code: 201
Activity.StartTime:          2026-06-08T01:29:06.4268472Z
    http.request.method: POST
Instrumentation scope (ActivitySource):
    url.scheme: http
    Name: Microsoft.AspNetCore
    url.path: /api/auth/register/seller
Activity.Duration:           00:00:00.5292251
    network.protocol.version: 1.1
Activity.Tags:
    http.route: api/auth/register/seller
    server.address: localhost
Resource associated with Activity:
    http.response.status_code: 201
    telemetry.sdk.name: opentelemetry
Instrumentation scope (ActivitySource):
    http.request.method: POST
    telemetry.sdk.language: dotnet
    Name: Microsoft.AspNetCore
    url.scheme: http
Resource associated with Activity:
    url.path: /api/auth/register/seller
    telemetry.sdk.version: 1.14.0
    network.protocol.version: 1.1
    telemetry.sdk.name: opentelemetry
    service.name: unknown_service:testhost
    telemetry.sdk.language: dotnet
    http.route: api/auth/register/seller
    telemetry.sdk.version: 1.14.0
Activity.TraceId:            c0a313128b52d1ff8eeb63381d315926
    service.name: unknown_service:testhost
    http.response.status_code: 201
Activity.SpanId:             a3bb435630d3667d
Instrumentation scope (ActivitySource):
Activity.TraceFlags:         Recorded
    Name: Microsoft.AspNetCore
Activity.DisplayName:        POST api/auth/register/seller
Resource associated with Activity:
Activity.Kind:               Server
    telemetry.sdk.name: opentelemetry
    telemetry.sdk.language: dotnet
    telemetry.sdk.version: 1.14.0
    service.name: unknown_service:testhost
Activity.StartTime:          2026-06-08T01:29:06.4268472Z
Activity.Duration:           00:00:00.5292252
Activity.DisplayName:        POST api/auth/register/seller
Activity.Tags:
Activity.TraceId:            213057db730b9f2be31dfbe2e537fa0a
    server.address: localhost
Activity.TraceId:            2c11deac9897037a0290b1e38a7d1591
Activity.Kind:               Server
Activity.SpanId:             a60f2d6b83522aa5
    http.request.method: POST
Activity.StartTime:          2026-06-08T01:29:06.4268473Z
Activity.TraceFlags:         Recorded
Activity.Duration:           00:00:00.5292643
Activity.DisplayName:        POST api/auth/register/seller
Activity.Tags:
Activity.Kind:               Server
    server.address: localhost
    url.scheme: http
    url.path: /api/auth/register/seller
    network.protocol.version: 1.1
Activity.StartTime:          2026-06-08T01:29:06.4268473Z
    http.route: api/auth/register/seller
    http.request.method: POST
Activity.Duration:           00:00:00.5294111
    http.response.status_code: 201
Activity.Tags:
Instrumentation scope (ActivitySource):
    url.scheme: http
    server.address: localhost
    Name: Microsoft.AspNetCore
    http.request.method: POST
Resource associated with Activity:
    url.scheme: http
    telemetry.sdk.name: opentelemetry
    url.path: /api/auth/register/seller
    telemetry.sdk.language: dotnet
    network.protocol.version: 1.1
    http.route: api/auth/register/seller
    telemetry.sdk.version: 1.14.0
    telemetry.sdk.name: opentelemetry
    http.response.status_code: 201
    service.name: unknown_service:testhost
Instrumentation scope (ActivitySource):
    telemetry.sdk.language: dotnet
    Name: Microsoft.AspNetCore
    telemetry.sdk.version: 1.14.0
Activity.TraceId:            c0a313128b52d1ff8eeb63381d315926
Resource associated with Activity:
Activity.SpanId:             a3bb435630d3667d
    service.name: unknown_service:testhost
    telemetry.sdk.name: opentelemetry
Activity.TraceFlags:         Recorded
Activity.DisplayName:        POST api/auth/register/seller
    telemetry.sdk.language: dotnet
Activity.Kind:               Server
    telemetry.sdk.version: 1.14.0
Activity.StartTime:          2026-06-08T01:29:06.4268472Z
    service.name: unknown_service:testhost
    network.protocol.version: 1.1
Activity.Duration:           00:00:00.5292252
Activity.TraceId:            a85ed30725a102006ae0b97eff343143
    http.route: api/auth/register/seller
Activity.SpanId:             3cfd3249dbf6f49b
Activity.Tags:
    http.response.status_code: 201
    server.address: localhost
Activity.TraceFlags:         Recorded
Instrumentation scope (ActivitySource):
Activity.DisplayName:        POST api/auth/register/seller
    http.request.method: POST
    Name: Microsoft.AspNetCore
    url.scheme: http
Resource associated with Activity:
Activity.Kind:               Server
    telemetry.sdk.name: opentelemetry
    url.path: /api/auth/register/seller
    telemetry.sdk.language: dotnet
    network.protocol.version: 1.1
    telemetry.sdk.version: 1.14.0
Activity.StartTime:          2026-06-08T01:29:06.4268473Z
    http.route: api/auth/register/seller
    service.name: unknown_service:testhost
Activity.Duration:           00:00:00.5292637
    http.response.status_code: 201
Activity.Tags:
Instrumentation scope (ActivitySource):
    server.address: localhost
    Name: Microsoft.AspNetCore
    http.request.method: POST
Resource associated with Activity:
    url.scheme: http
    telemetry.sdk.name: opentelemetry
    url.path: /api/auth/register/seller
Activity.TraceId:            b0a39efe79c0336472cd00a48ca5d1c5
    network.protocol.version: 1.1
Activity.SpanId:             e92957817da25a1b
    telemetry.sdk.language: dotnet
Activity.TraceFlags:         Recorded
    http.route: api/auth/register/seller
Activity.DisplayName:        POST api/auth/register/seller
    telemetry.sdk.version: 1.14.0
Activity.Kind:               Server
    http.response.status_code: 201
    service.name: unknown_service:testhost
Instrumentation scope (ActivitySource):
Activity.StartTime:          2026-06-08T01:29:06.4268473Z
    Name: Microsoft.AspNetCore
Activity.Duration:           00:00:00.5296474
Resource associated with Activity:
Activity.Tags:
Activity.TraceId:            c0a313128b52d1ff8eeb63381d315926
    telemetry.sdk.name: opentelemetry
    server.address: localhost
Activity.SpanId:             a3bb435630d3667d
    http.request.method: POST
Activity.TraceFlags:         Recorded
    url.scheme: http
Activity.DisplayName:        POST api/auth/register/seller
    telemetry.sdk.language: dotnet
    url.path: /api/auth/register/seller
Activity.Kind:               Server
    network.protocol.version: 1.1
    telemetry.sdk.version: 1.14.0
    http.route: api/auth/register/seller
Activity.StartTime:          2026-06-08T01:29:06.4268472Z
    service.name: unknown_service:testhost
Activity.Duration:           00:00:00.5292252
    http.response.status_code: 201
Instrumentation scope (ActivitySource):
Activity.SpanId:             21645c9893ca93e5
Activity.Tags:
    Name: Microsoft.AspNetCore
    server.address: localhost
Activity.TraceFlags:         Recorded
    http.request.method: POST
Activity.DisplayName:        POST api/auth/register/seller
Resource associated with Activity:
Activity.Kind:               Server
    telemetry.sdk.name: opentelemetry
    url.scheme: http
    telemetry.sdk.language: dotnet
    url.path: /api/auth/register/seller
    telemetry.sdk.version: 1.14.0
    network.protocol.version: 1.1
Activity.StartTime:          2026-06-08T01:29:06.4268472Z
    http.route: api/auth/register/seller
    service.name: unknown_service:testhost
Activity.Duration:           00:00:00.5292251
Activity.Tags:
    http.response.status_code: 201
    server.address: localhost
    http.request.method: POST
    url.scheme: http
    url.path: /api/auth/register/seller
Instrumentation scope (ActivitySource):
    network.protocol.version: 1.1
    Name: Microsoft.AspNetCore
[22:29:06 INF] Saved 1 entities to in-memory store.
    http.route: api/auth/register/seller
    http.response.status_code: 201
    url.path: /api/auth/register/seller
Instrumentation scope (ActivitySource):
    network.protocol.version: 1.1
    http.route: api/auth/register/seller
    Name: Microsoft.AspNetCore
    http.response.status_code: 201
Resource associated with Activity:
Instrumentation scope (ActivitySource):
    telemetry.sdk.name: opentelemetry
    Name: Microsoft.AspNetCore
    telemetry.sdk.language: dotnet
Resource associated with Activity:
    telemetry.sdk.version: 1.14.0
    telemetry.sdk.name: opentelemetry
    telemetry.sdk.language: dotnet
    telemetry.sdk.version: 1.14.0
    service.name: unknown_service:testhost
    service.name: unknown_service:testhost
Resource associated with Activity:
Activity.TraceId:            2c11deac9897037a0290b1e38a7d1591
Activity.TraceId:            8b72b2eb2acd85593ea43d0e737aee95
Activity.SpanId:             a60f2d6b83522aa5
Activity.TraceId:            cadb867cbae7075f4d0050df0b17cfc1
Activity.SpanId:             d34940a17cb1f5c6
Activity.SpanId:             5389327d4991f95f
Activity.TraceFlags:         Recorded
Activity.TraceFlags:         Recorded
Activity.DisplayName:        POST api/auth/register/seller
Activity.DisplayName:        POST api/auth/register/seller
Activity.TraceFlags:         Recorded
Activity.Kind:               Server
Activity.Kind:               Server
Activity.DisplayName:        POST api/auth/register/customer
Activity.StartTime:          2026-06-08T01:29:06.6406828Z
Activity.Kind:               Server
Activity.Duration:           00:00:00.3155893
Activity.StartTime:          2026-06-08T01:29:06.4268473Z
Activity.StartTime:          2026-06-08T01:29:06.6397900Z
Activity.Duration:           00:00:00.5294111
Activity.Tags:
Activity.Tags:
[22:29:06 INF] Saved 1 entities to in-memory store.
    server.address: localhost
    server.address: localhost
    http.request.method: POST
    http.request.method: POST
[22:29:06 INF] Saved 1 entities to in-memory store.
    url.scheme: http
    url.scheme: http
    url.path: /api/auth/register/seller
    url.path: /api/auth/register/seller
    network.protocol.version: 1.1
    network.protocol.version: 1.1
    http.route: api/auth/register/seller
    http.route: api/auth/register/seller
    http.response.status_code: 201
    http.response.status_code: 201
Activity.TraceId:            213057db730b9f2be31dfbe2e537fa0a
Instrumentation scope (ActivitySource):
[22:29:06 INF] Saved 1 entities to in-memory store.
Activity.SpanId:             21645c9893ca93e5
Activity.TraceFlags:         Recorded
    telemetry.sdk.name: opentelemetry
Activity.DisplayName:        POST api/auth/register/seller
    telemetry.sdk.language: dotnet
[22:29:06 INF] Saved 1 entities to in-memory store.
    telemetry.sdk.version: 1.14.0
    service.name: unknown_service:testhost
Activity.TraceId:            2874764ec983a6b4d25a929bb11cf7d1
[22:29:06 INF] Saved 1 entities to in-memory store.
Activity.SpanId:             fc0b50300300eb7e
Activity.TraceFlags:         Recorded
Activity.DisplayName:        POST api/auth/register/seller
Activity.Kind:               Server
Activity.Duration:           00:00:00.3163659
[22:29:06 INF] Request starting HTTP/1.1 POST http://localhost/api/admin/plans - application/json; charset=utf-8 null
Activity.StartTime:          2026-06-08T01:29:06.4268473Z
Activity.Tags:
Activity.Duration:           00:00:00.5292643
    server.address: localhost
    http.request.method: POST
    url.scheme: http
Activity.Tags:
    url.path: /api/auth/register/customer
    network.protocol.version: 1.1
    server.address: localhost
Instrumentation scope (ActivitySource):
    http.request.method: POST
    http.route: api/auth/register/customer
    Name: Microsoft.AspNetCore
    http.response.status_code: 201
Resource associated with Activity:
Instrumentation scope (ActivitySource):
    url.scheme: http
    Name: Microsoft.AspNetCore
    telemetry.sdk.name: opentelemetry
Resource associated with Activity:
    url.path: /api/auth/register/seller
    telemetry.sdk.language: dotnet
    network.protocol.version: 1.1
    telemetry.sdk.version: 1.14.0
    telemetry.sdk.name: opentelemetry
    service.name: unknown_service:testhost
    telemetry.sdk.language: dotnet
    http.route: api/auth/register/seller
    telemetry.sdk.version: 1.14.0
    http.response.status_code: 201
    Name: Microsoft.AspNetCore
Instrumentation scope (ActivitySource):
Resource associated with Activity:
    Name: Microsoft.AspNetCore
Resource associated with Activity:
    telemetry.sdk.name: opentelemetry
    telemetry.sdk.name: opentelemetry
    telemetry.sdk.language: dotnet
    telemetry.sdk.language: dotnet
    telemetry.sdk.version: 1.14.0
    telemetry.sdk.version: 1.14.0
    service.name: unknown_service:testhost
    service.name: unknown_service:testhost
Activity.Kind:               Server
[22:29:06 INF] Request starting HTTP/1.1 POST http://localhost/api/auth/login/customer - application/json; charset=utf-8 null
Activity.StartTime:          2026-06-08T01:29:06.4268472Z
Activity.Duration:           00:00:00.5292251
    service.name: unknown_service:testhost
[22:29:06 INF] Saved 1 entities to in-memory store.
Activity.Tags:
    server.address: localhost
    http.request.method: POST
Activity.TraceId:            b0a39efe79c0336472cd00a48ca5d1c5
    url.scheme: http
[22:29:07 INF] Request finished HTTP/1.1 GET http://localhost/api/admin/dashboard - 401 null application/problem+json; charset=utf-8 47.2334ms
    url.path: /api/auth/register/seller
    network.protocol.version: 1.1
Activity.SpanId:             e92957817da25a1b
    http.route: api/auth/register/seller
Activity.TraceFlags:         Recorded
[22:29:07 INF] Executing ObjectResult, writing value of type '<>f__AnonymousType2`3[[System.Nullable`1[[System.Guid, System.Private.CoreLib, Version=9.0.0.0, Culture=neutral, PublicKeyToken=7cec85d7bea7798e]], System.Private.CoreLib, Version=9.0.0.0, Culture=neutral, PublicKeyToken=7cec85d7bea7798e],[System.Boolean, System.Private.CoreLib, Version=9.0.0.0, Culture=neutral, PublicKeyToken=7cec85d7bea7798e],[System.String, System.Private.CoreLib, Version=9.0.0.0, Culture=neutral, PublicKeyToken=7cec85d7bea7798e]]'.
[22:29:07 INF] Request starting HTTP/1.1 POST http://localhost/api/auth/login/seller - application/json; charset=utf-8 null
Activity.DisplayName:        POST api/auth/register/seller
    http.response.status_code: 201
[22:29:07 INF] Request starting HTTP/1.1 GET http://localhost/api/customer/home - null null
Instrumentation scope (ActivitySource):
Activity.TraceId:            8b72b2eb2acd85593ea43d0e737aee95
    Name: Microsoft.AspNetCore
[22:29:07 INF] Executing endpoint 'Urbeat.WebApi.Controllers.AdminController.CreatePlan (Urbeat.WebApi)'
[22:29:07 INF] EMAIL_CONFIRM_JOB_COMPLETED | Job completed | UserId=019ea4d9-0555-72ec-a4dd-32838a5f4410
Activity.TraceId:            cadb867cbae7075f4d0050df0b17cfc1
Activity.Kind:               Server
Activity.SpanId:             5389327d4991f95f
Activity.TraceFlags:         Recorded
Activity.StartTime:          2026-06-08T01:29:06.4268473Z
Activity.DisplayName:        POST api/auth/register/customer
Activity.Duration:           00:00:00.5296474
Activity.Kind:               Server
Activity.Tags:
    server.address: localhost
    http.request.method: POST
    url.scheme: http
Activity.StartTime:          2026-06-08T01:29:06.6397900Z
    url.path: /api/auth/register/seller
    network.protocol.version: 1.1
Activity.Duration:           00:00:00.3163659
    http.route: api/auth/register/seller
Activity.Tags:
    http.response.status_code: 201
Instrumentation scope (ActivitySource):
    server.address: localhost
    Name: Microsoft.AspNetCore
    http.request.method: POST
Resource associated with Activity:
    url.scheme: http
Activity.TraceId:            d48e09a4e0c147fa1ebbd293b7869def
    telemetry.sdk.name: opentelemetry
Activity.SpanId:             949065ba9990d10a
    telemetry.sdk.language: dotnet
Activity.TraceFlags:         Recorded
    telemetry.sdk.version: 1.14.0
Activity.DisplayName:        GET api/admin/dashboard
Activity.Kind:               Server
[22:29:07 INF] Executed action method Urbeat.WebApi.Controllers.AuthController.RegisterSeller (Urbeat.WebApi), returned result Microsoft.AspNetCore.Mvc.ObjectResult in 409.7842ms.
Activity.StartTime:          2026-06-08T01:29:06.9554675Z
Activity.Duration:           00:00:00.0852901
Activity.Tags:
    server.address: localhost
    http.request.method: GET
    url.scheme: http
    url.path: /api/admin/dashboard
    network.protocol.version: 1.1
    http.route: api/admin/dashboard
    http.response.status_code: 401
Instrumentation scope (ActivitySource):
    Name: Microsoft.AspNetCore
Resource associated with Activity:
    telemetry.sdk.name: opentelemetry
    telemetry.sdk.language: dotnet
    telemetry.sdk.version: 1.14.0
    service.name: unknown_service:testhost
Activity.SpanId:             d34940a17cb1f5c6
Activity.TraceId:            a85ed30725a102006ae0b97eff343143
Activity.TraceFlags:         Recorded
Activity.SpanId:             3cfd3249dbf6f49b
Activity.DisplayName:        POST api/auth/register/seller
Activity.TraceFlags:         Recorded
Activity.Kind:               Server
Activity.DisplayName:        POST api/auth/register/seller
Activity.TraceId:            2874764ec983a6b4d25a929bb11cf7d1
Activity.Kind:               Server
Activity.StartTime:          2026-06-08T01:29:06.6406828Z
[22:29:07 INF] Authorization failed. These requirements were not met:
RolesAuthorizationRequirement:User.IsInRole must be true for one of the following roles: (Customer)
Activity.Duration:           00:00:00.3155893
Activity.SpanId:             fc0b50300300eb7e
Activity.Tags:
Activity.TraceFlags:         Recorded
Activity.StartTime:          2026-06-08T01:29:06.4268473Z
    server.address: localhost
Activity.DisplayName:        POST api/auth/register/seller
    http.request.method: POST
Activity.Duration:           00:00:00.5292637
    url.scheme: http
Activity.Kind:               Server
Activity.Tags:
    url.path: /api/auth/register/seller
    server.address: localhost
    network.protocol.version: 1.1
Activity.StartTime:          2026-06-08T01:29:06.4268473Z
    http.request.method: POST
[22:29:07 INF] Executing ObjectResult, writing value of type '<>f__AnonymousType2`3[[System.Nullable`1[[System.Guid, System.Private.CoreLib, Version=9.0.0.0, Culture=neutral, PublicKeyToken=7cec85d7bea7798e]], System.Private.CoreLib, Version=9.0.0.0, Culture=neutral, PublicKeyToken=7cec85d7bea7798e],[System.Boolean, System.Private.CoreLib, Version=9.0.0.0, Culture=neutral, PublicKeyToken=7cec85d7bea7798e],[System.String, System.Private.CoreLib, Version=9.0.0.0, Culture=neutral, PublicKeyToken=7cec85d7bea7798e]]'.
Activity.Duration:           00:00:00.5292643
    url.scheme: http
Activity.Tags:
[22:29:07 INF] AuthenticationScheme: Bearer was challenged.
    server.address: localhost
    url.path: /api/auth/register/seller
    http.request.method: POST
    network.protocol.version: 1.1
    url.scheme: http
    http.route: api/auth/register/seller
    url.path: /api/auth/register/seller
    http.response.status_code: 201
Instrumentation scope (ActivitySource):
    network.protocol.version: 1.1
    Name: Microsoft.AspNetCore
    http.route: api/auth/register/seller
    url.path: /api/auth/register/customer
    http.response.status_code: 201
Resource associated with Activity:
Instrumentation scope (ActivitySource):
    telemetry.sdk.name: opentelemetry
    network.protocol.version: 1.1
    telemetry.sdk.language: dotnet
    Name: Microsoft.AspNetCore
    http.route: api/auth/register/customer
Resource associated with Activity:
    telemetry.sdk.version: 1.14.0
    telemetry.sdk.name: opentelemetry
    http.response.status_code: 201
    service.name: unknown_service:testhost
    telemetry.sdk.language: dotnet
Instrumentation scope (ActivitySource):
    telemetry.sdk.version: 1.14.0
    Name: Microsoft.AspNetCore
    service.name: unknown_service:testhost
Resource associated with Activity:
    service.name: unknown_service:testhost
    telemetry.sdk.name: opentelemetry
Activity.TraceId:            2874764ec983a6b4d25a929bb11cf7d1
    telemetry.sdk.language: dotnet
Activity.SpanId:             fc0b50300300eb7e
    telemetry.sdk.version: 1.14.0
Activity.TraceFlags:         Recorded
    service.name: unknown_service:testhost
Activity.DisplayName:        POST api/auth/register/seller
Resource associated with Activity:
Activity.Kind:               Server
    telemetry.sdk.name: opentelemetry
    telemetry.sdk.language: dotnet
    telemetry.sdk.version: 1.14.0
    service.name: unknown_service:testhost
Activity.StartTime:          2026-06-08T01:29:06.4268473Z
    http.route: api/auth/register/seller
Activity.Duration:           00:00:00.5292643
Activity.Tags:
    server.address: localhost
Activity.TraceId:            2c11deac9897037a0290b1e38a7d1591
    http.request.method: POST
    http.response.status_code: 201
    url.scheme: http
Activity.SpanId:             a60f2d6b83522aa5
    url.path: /api/auth/register/seller
Instrumentation scope (ActivitySource):
Activity.TraceFlags:         Recorded
    Name: Microsoft.AspNetCore
Activity.DisplayName:        POST api/auth/register/seller
Activity.Kind:               Server
Activity.StartTime:          2026-06-08T01:29:06.4268473Z
Activity.Duration:           00:00:00.5294111
Activity.TraceId:            cadb867cbae7075f4d0050df0b17cfc1
Activity.TraceId:            d48e09a4e0c147fa1ebbd293b7869def
Activity.Tags:
Activity.TraceId:            a85ed30725a102006ae0b97eff343143
Activity.TraceId:            213057db730b9f2be31dfbe2e537fa0a
Activity.SpanId:             949065ba9990d10a
Activity.SpanId:             3cfd3249dbf6f49b
Activity.SpanId:             21645c9893ca93e5
Activity.TraceFlags:         Recorded
Activity.TraceFlags:         Recorded
Activity.DisplayName:        POST api/auth/register/seller
Activity.DisplayName:        GET api/admin/dashboard
Activity.Kind:               Server
Activity.Kind:               Server
Activity.StartTime:          2026-06-08T01:29:06.4268473Z
Activity.TraceFlags:         Recorded
Activity.Duration:           00:00:00.5292637
Activity.DisplayName:        POST api/auth/register/seller
Activity.Tags:
Activity.StartTime:          2026-06-08T01:29:06.9554675Z
    server.address: localhost
Activity.Kind:               Server
Activity.Duration:           00:00:00.0852901
    http.request.method: POST
Activity.StartTime:          2026-06-08T01:29:06.4268472Z
    url.scheme: http
    network.protocol.version: 1.1
Activity.Duration:           00:00:00.5292251
    url.path: /api/auth/register/seller
Activity.Tags:
    network.protocol.version: 1.1
    http.route: api/auth/register/seller
    http.route: api/auth/register/seller
    http.response.status_code: 201
    http.response.status_code: 201
    server.address: localhost
Instrumentation scope (ActivitySource):
    http.request.method: POST
[22:29:07 INF] Executed action Urbeat.WebApi.Controllers.AuthController.RegisterCustomer (Urbeat.WebApi) in 479.6017ms
Instrumentation scope (ActivitySource):
    url.scheme: http
    url.path: /api/auth/register/seller
    Name: Microsoft.AspNetCore
    Name: Microsoft.AspNetCore
    network.protocol.version: 1.1
Resource associated with Activity:
    http.route: api/auth/register/seller
    telemetry.sdk.name: opentelemetry
Resource associated with Activity:
    telemetry.sdk.language: dotnet
    telemetry.sdk.name: opentelemetry
    http.response.status_code: 201
    telemetry.sdk.language: dotnet
Instrumentation scope (ActivitySource):
    telemetry.sdk.version: 1.14.0
    telemetry.sdk.version: 1.14.0
    Name: Microsoft.AspNetCore
    service.name: unknown_service:testhost
    service.name: unknown_service:testhost
[22:29:07 INF] Executed endpoint 'Urbeat.WebApi.Controllers.AuthController.RegisterCustomer (Urbeat.WebApi)'
Resource associated with Activity:
    telemetry.sdk.name: opentelemetry
    telemetry.sdk.language: dotnet
    telemetry.sdk.version: 1.14.0
    service.name: unknown_service:testhost
Activity.TraceId:            2874764ec983a6b4d25a929bb11cf7d1
Activity.TraceId:            213057db730b9f2be31dfbe2e537fa0a
Resource associated with Activity:
Activity.SpanId:             fc0b50300300eb7e
Activity.SpanId:             21645c9893ca93e5
Activity.TraceFlags:         Recorded
Activity.TraceFlags:         Recorded
    telemetry.sdk.name: opentelemetry
Activity.DisplayName:        POST api/auth/register/seller
    telemetry.sdk.language: dotnet
Activity.Kind:               Server
    telemetry.sdk.version: 1.14.0
Activity.DisplayName:        POST api/auth/register/seller
    service.name: unknown_service:testhost
Activity.StartTime:          2026-06-08T01:29:06.4268473Z
Activity.Kind:               Server
Activity.Duration:           00:00:00.5292643
Activity.StartTime:          2026-06-08T01:29:06.4268472Z
Activity.Tags:
    server.address: localhost
    http.request.method: POST
    url.scheme: http
Activity.Duration:           00:00:00.5292251
Activity.TraceId:            b0a39efe79c0336472cd00a48ca5d1c5
Activity.Tags:
Activity.SpanId:             e92957817da25a1b
    url.path: /api/auth/register/seller
    network.protocol.version: 1.1
    server.address: localhost
Activity.TraceFlags:         Recorded
    http.route: api/auth/register/seller
Activity.DisplayName:        POST api/auth/register/seller
    http.response.status_code: 201
Activity.Kind:               Server
    http.request.method: POST
Instrumentation scope (ActivitySource):
    Name: Microsoft.AspNetCore
Activity.StartTime:          2026-06-08T01:29:06.4268473Z
Resource associated with Activity:
Activity.Duration:           00:00:00.5296474
    telemetry.sdk.name: opentelemetry
Activity.Tags:
    url.scheme: http
    server.address: localhost
    url.path: /api/auth/register/seller
    http.request.method: POST
    network.protocol.version: 1.1
    telemetry.sdk.language: dotnet
    url.scheme: http
    http.route: api/auth/register/seller
    url.path: /api/auth/register/seller
    telemetry.sdk.version: 1.14.0
    http.response.status_code: 201
    service.name: unknown_service:testhost
Instrumentation scope (ActivitySource):
    network.protocol.version: 1.1
    Name: Microsoft.AspNetCore
Resource associated with Activity:
Activity.TraceId:            2874764ec983a6b4d25a929bb11cf7d1
    telemetry.sdk.name: opentelemetry
    http.route: api/auth/register/seller
    telemetry.sdk.language: dotnet
Activity.SpanId:             fc0b50300300eb7e
    http.response.status_code: 201
Activity.TraceFlags:         Recorded
    telemetry.sdk.version: 1.14.0
Instrumentation scope (ActivitySource):
    service.name: unknown_service:testhost
Activity.DisplayName:        POST api/auth/register/seller
[22:29:07 INF] HTTP GET /api/customer/home responded 401 in 0.6817 ms
    Name: Microsoft.AspNetCore
Resource associated with Activity:
Activity.Kind:               Server
    telemetry.sdk.name: opentelemetry
Activity.StartTime:          2026-06-08T01:29:06.4268473Z
Activity.Duration:           00:00:00.5292643
Activity.Tags:
    telemetry.sdk.language: dotnet
Activity.SpanId:             5389327d4991f95f
    telemetry.sdk.version: 1.14.0
    server.address: localhost
    service.name: unknown_service:testhost
Activity.TraceFlags:         Recorded
Activity.DisplayName:        POST api/auth/register/customer
    http.request.method: POST
Activity.Kind:               Server
    url.scheme: http
    url.path: /api/auth/register/seller
Activity.StartTime:          2026-06-08T01:29:06.6397900Z
    network.protocol.version: 1.1
Activity.Duration:           00:00:00.3163659
    http.route: api/auth/register/seller
Activity.Tags:
    server.address: localhost
    server.address: localhost
[22:29:07 INF] Executed action Urbeat.WebApi.Controllers.AuthController.RegisterSeller (Urbeat.WebApi) in 479.9983ms
    http.request.method: POST
    http.request.method: POST
    url.scheme: http
    url.scheme: http
    url.path: /api/auth/register/customer
    url.path: /api/auth/register/seller
Activity.Tags:
    network.protocol.version: 1.1
[22:29:07 INF] Executed endpoint 'Urbeat.WebApi.Controllers.AuthController.RegisterSeller (Urbeat.WebApi)'
    http.route: api/auth/register/seller
    server.address: localhost
    http.response.status_code: 201
    http.request.method: GET
    http.response.status_code: 201
    url.scheme: http
Instrumentation scope (ActivitySource):
    url.path: /api/admin/dashboard
Instrumentation scope (ActivitySource):
    network.protocol.version: 1.1
    Name: Microsoft.AspNetCore
    http.route: api/admin/dashboard
    Name: Microsoft.AspNetCore
[22:29:07 INF] Request finished HTTP/1.1 GET http://localhost/api/customer/home - 401 null application/problem+json; charset=utf-8 37.6968ms
    http.response.status_code: 401
Resource associated with Activity:
Resource associated with Activity:
Instrumentation scope (ActivitySource):
    telemetry.sdk.name: opentelemetry
    Name: Microsoft.AspNetCore
    telemetry.sdk.language: dotnet
Resource associated with Activity:
    telemetry.sdk.version: 1.14.0
    telemetry.sdk.name: opentelemetry
    service.name: unknown_service:testhost
    telemetry.sdk.language: dotnet
    telemetry.sdk.name: opentelemetry
    telemetry.sdk.version: 1.14.0
    telemetry.sdk.language: dotnet
    service.name: unknown_service:testhost
    telemetry.sdk.version: 1.14.0
    service.name: unknown_service:testhost
Activity.TraceId:            2874764ec983a6b4d25a929bb11cf7d1
Activity.SpanId:             fc0b50300300eb7e
Activity.TraceFlags:         Recorded
    network.protocol.version: 1.1
Activity.DisplayName:        POST api/auth/register/seller
    http.route: api/auth/register/customer
    http.response.status_code: 201
Activity.Kind:               Server
Instrumentation scope (ActivitySource):
Activity.TraceId:            2c11deac9897037a0290b1e38a7d1591
Activity.StartTime:          2026-06-08T01:29:06.4268473Z
    Name: Microsoft.AspNetCore
Activity.Duration:           00:00:00.5292643
Activity.TraceId:            d48e09a4e0c147fa1ebbd293b7869def
Activity.SpanId:             a60f2d6b83522aa5
Activity.TraceId:            b0a39efe79c0336472cd00a48ca5d1c5
Activity.SpanId:             949065ba9990d10a
Activity.TraceFlags:         Recorded
Activity.SpanId:             e92957817da25a1b
Activity.TraceFlags:         Recorded
Activity.TraceFlags:         Recorded
Activity.DisplayName:        POST api/auth/register/seller
Activity.DisplayName:        GET api/admin/dashboard
Activity.DisplayName:        POST api/auth/register/seller
Activity.Kind:               Server
Activity.Kind:               Server
Activity.Kind:               Server
Activity.StartTime:          2026-06-08T01:29:06.4268473Z
Activity.StartTime:          2026-06-08T01:29:06.9554675Z
Resource associated with Activity:
Activity.StartTime:          2026-06-08T01:29:06.4268473Z
Activity.Duration:           00:00:00.0852901
Activity.Duration:           00:00:00.5296474
Activity.Tags:
    telemetry.sdk.name: opentelemetry
    server.address: localhost
[22:29:07 INF] HTTP POST /api/auth/register/customer responded 201 in 539.9546 ms
Activity.Tags:
    telemetry.sdk.language: dotnet
    http.request.method: GET
    server.address: localhost
    url.scheme: http
    http.request.method: POST
    url.path: /api/admin/dashboard
    url.scheme: http
    network.protocol.version: 1.1
    url.path: /api/auth/register/seller
    http.route: api/admin/dashboard
    network.protocol.version: 1.1
    http.response.status_code: 401
    http.route: api/auth/register/seller
Instrumentation scope (ActivitySource):
    http.response.status_code: 201
    Name: Microsoft.AspNetCore
Activity.Tags:
Resource associated with Activity:
    server.address: localhost
Instrumentation scope (ActivitySource):
    telemetry.sdk.name: opentelemetry
    http.request.method: POST
    telemetry.sdk.language: dotnet
    url.scheme: http
    Name: Microsoft.AspNetCore
    telemetry.sdk.version: 1.14.0
Resource associated with Activity:
    service.name: unknown_service:testhost
    telemetry.sdk.name: opentelemetry
    url.path: /api/auth/register/seller
    telemetry.sdk.language: dotnet
    network.protocol.version: 1.1
    telemetry.sdk.version: 1.14.0
    http.route: api/auth/register/seller
    service.name: unknown_service:testhost
    http.response.status_code: 201
Instrumentation scope (ActivitySource):
    Name: Microsoft.AspNetCore
Activity.Duration:           00:00:00.5294111
Resource associated with Activity:
Activity.Tags:
    server.address: localhost
    telemetry.sdk.name: opentelemetry
    http.request.method: POST
    telemetry.sdk.language: dotnet
    telemetry.sdk.version: 1.14.0
    url.scheme: http
    telemetry.sdk.version: 1.14.0
    url.path: /api/auth/register/seller
    service.name: unknown_service:testhost
[xUnit.net 00:00:04.18]       System.NullReferenceException : Object reference not set to an instance of an object.
    service.name: unknown_service:testhost
    network.protocol.version: 1.1
    http.route: api/auth/register/seller
    http.response.status_code: 201
Instrumentation scope (ActivitySource):
    Name: Microsoft.AspNetCore
Resource associated with Activity:
    telemetry.sdk.name: opentelemetry
Activity.TraceId:            a8cf6ce1de60d45ee37506b47704b5f3
Activity.TraceId:            cadb867cbae7075f4d0050df0b17cfc1
    telemetry.sdk.language: dotnet
Activity.SpanId:             5389327d4991f95f
Activity.TraceId:            a85ed30725a102006ae0b97eff343143
Activity.TraceFlags:         Recorded
    telemetry.sdk.version: 1.14.0
Activity.SpanId:             8cf30e520b9d580e
Activity.DisplayName:        POST api/auth/register/customer
    service.name: unknown_service:testhost
Activity.TraceFlags:         Recorded
Activity.Kind:               Server
Activity.DisplayName:        GET api/customer/home
Activity.SpanId:             3cfd3249dbf6f49b
Activity.Kind:               Server
[xUnit.net 00:00:04.18]       Stack Trace:
Activity.TraceFlags:         Recorded
Activity.StartTime:          2026-06-08T01:29:06.6397900Z
Activity.TraceId:            2c11deac9897037a0290b1e38a7d1591
Activity.Duration:           00:00:00.3163659
Activity.SpanId:             a60f2d6b83522aa5
Activity.Tags:
Activity.TraceFlags:         Recorded
Activity.DisplayName:        POST api/auth/register/seller
[xUnit.net 00:00:04.18]         C:\Projetos\urbeat\backend\tests\Urbeat.IntegrationTests\Api\ResendEmailConfirmationFlowTests.cs(74,0): at Urbeat.IntegrationTests.Api.ResendEmailConfirmationFlowTests.Resend_ShouldReturn200_AndNotSendEmail_WhenUserIsAlreadyConfirmed()
[xUnit.net 00:00:04.18]         --- End of stack trace from previous location ---
Activity.StartTime:          2026-06-08T01:29:07.0040337Z
Activity.Duration:           00:00:00.0380046
Activity.TraceId:            b0a39efe79c0336472cd00a48ca5d1c5
Activity.Tags:
Activity.SpanId:             e92957817da25a1b
    server.address: localhost
[22:29:07 INF] Request finished HTTP/1.1 POST http://localhost/api/auth/register/customer - 201 null application/json; charset=utf-8 615.1793ms
    http.request.method: GET
Activity.TraceFlags:         Recorded
    url.scheme: http
Activity.DisplayName:        POST api/auth/register/seller
    url.path: /api/customer/home
Activity.Kind:               Server
    network.protocol.version: 1.1
    http.route: api/customer/home
[22:29:07 INF] Request starting HTTP/1.1 POST http://localhost/api/auth/login/seller - application/json; charset=utf-8 null
    http.response.status_code: 401
Activity.TraceId:            d48e09a4e0c147fa1ebbd293b7869def
Instrumentation scope (ActivitySource):
Activity.StartTime:          2026-06-08T01:29:06.4268473Z
[22:29:07 INF] HTTP POST /api/auth/register/seller responded 201 in 540.2798 ms
    Name: Microsoft.AspNetCore
Activity.Duration:           00:00:00.5296474
Activity.SpanId:             949065ba9990d10a
Activity.Tags:
Activity.TraceFlags:         Recorded
Resource associated with Activity:
Activity.DisplayName:        GET api/admin/dashboard
    server.address: localhost
Activity.Kind:               Server
    telemetry.sdk.name: opentelemetry
    http.request.method: POST
    telemetry.sdk.language: dotnet
    url.scheme: http
[22:29:07 INF] Executing endpoint 'Urbeat.WebApi.Controllers.AuthController.LoginSeller (Urbeat.WebApi)'
    url.path: /api/auth/register/seller
    network.protocol.version: 1.1
    telemetry.sdk.version: 1.14.0
Activity.StartTime:          2026-06-08T01:29:06.9554675Z
    http.route: api/auth/register/seller
Activity.Duration:           00:00:00.0852901
    service.name: unknown_service:testhost
Activity.Tags:
    http.response.status_code: 201
[22:29:07 INF] Executing endpoint 'Urbeat.WebApi.Controllers.AuthController.LoginCustomer (Urbeat.WebApi)'
    server.address: localhost
Activity.TraceId:            a8cf6ce1de60d45ee37506b47704b5f3
    http.request.method: GET
Activity.SpanId:             8cf30e520b9d580e
    url.scheme: http
Activity.TraceFlags:         Recorded
Instrumentation scope (ActivitySource):
    url.path: /api/admin/dashboard
    Name: Microsoft.AspNetCore
Activity.DisplayName:        GET api/customer/home
    network.protocol.version: 1.1
Activity.Kind:               Server
Resource associated with Activity:
    http.route: api/admin/dashboard
    telemetry.sdk.name: opentelemetry
Activity.StartTime:          2026-06-08T01:29:07.0040337Z
    http.response.status_code: 401
Activity.Duration:           00:00:00.0380046
Activity.DisplayName:        POST api/auth/register/seller
[22:29:07 INF] Route matched with {action = "CreatePlan", controller = "Admin"}. Executing controller action with signature System.Threading.Tasks.Task`1[Microsoft.AspNetCore.Mvc.IActionResult] CreatePlan(Urbeat.Application.DTOs.CreatePlanRequestDto, System.Threading.CancellationToken) on controller Urbeat.WebApi.Controllers.AdminController (Urbeat.WebApi).
Activity.Kind:               Server
    telemetry.sdk.language: dotnet
    telemetry.sdk.version: 1.14.0
Activity.StartTime:          2026-06-08T01:29:06.4268473Z
    service.name: unknown_service:testhost
    server.address: localhost
Activity.TraceId:            72a0cb7b631d53f1a1a3355c04e9dcf6
Activity.Duration:           00:00:00.5292637
Activity.SpanId:             dbed94e83eb6554b
Activity.Tags:
Activity.TraceFlags:         Recorded
    server.address: localhost
Activity.DisplayName:        POST api/auth/register/customer
    http.request.method: POST
Activity.Kind:               Server
    url.scheme: http
Activity.StartTime:          2026-06-08T01:29:06.4269171Z
    url.path: /api/auth/register/seller
Activity.Duration:           00:00:00.6479243
Activity.Kind:               Server
Activity.Tags:
    network.protocol.version: 1.1
Activity.StartTime:          2026-06-08T01:29:06.4268473Z
    server.address: localhost
    http.route: api/auth/register/seller
    http.request.method: POST
Activity.Duration:           00:00:00.5294111
    http.response.status_code: 201
    url.scheme: http
Instrumentation scope (ActivitySource):
    url.path: /api/auth/register/customer
    Name: Microsoft.AspNetCore
    network.protocol.version: 1.1
Resource associated with Activity:
Activity.Tags:
    http.route: api/auth/register/customer
    telemetry.sdk.name: opentelemetry
    server.address: localhost
    telemetry.sdk.language: dotnet
    http.response.status_code: 201
    telemetry.sdk.version: 1.14.0
Instrumentation scope (ActivitySource):
    service.name: unknown_service:testhost
    http.request.method: POST
    url.scheme: http
    Name: Microsoft.AspNetCore
    url.path: /api/auth/register/seller
Resource associated with Activity:
    network.protocol.version: 1.1
    telemetry.sdk.name: opentelemetry
    http.route: api/auth/register/seller
    telemetry.sdk.language: dotnet
    http.response.status_code: 201
    telemetry.sdk.version: 1.14.0
Activity.TraceId:            213057db730b9f2be31dfbe2e537fa0a
    service.name: unknown_service:testhost
Instrumentation scope (ActivitySource):
Activity.SpanId:             21645c9893ca93e5
    Name: Microsoft.AspNetCore
Activity.TraceFlags:         Recorded
Activity.DisplayName:        POST api/auth/register/seller
Activity.Kind:               Server
Resource associated with Activity:
    telemetry.sdk.name: opentelemetry
Instrumentation scope (ActivitySource):
Activity.StartTime:          2026-06-08T01:29:06.4268472Z
    telemetry.sdk.language: dotnet
    Name: Microsoft.AspNetCore
Activity.Duration:           00:00:00.5292251
Resource associated with Activity:
    telemetry.sdk.version: 1.14.0
Activity.Tags:
    service.name: unknown_service:testhost
    server.address: localhost
    telemetry.sdk.name: opentelemetry
    http.request.method: POST
    telemetry.sdk.language: dotnet
Activity.Tags:
    telemetry.sdk.version: 1.14.0
Activity.TraceId:            b0a39efe79c0336472cd00a48ca5d1c5
    url.scheme: http
    server.address: localhost
    service.name: unknown_service:testhost
    http.request.method: GET
Activity.SpanId:             e92957817da25a1b
    url.scheme: http
Activity.TraceFlags:         Recorded
    url.path: /api/auth/register/seller
    url.path: /api/customer/home
    network.protocol.version: 1.1
    network.protocol.version: 1.1
Activity.DisplayName:        POST api/auth/register/seller
    http.route: api/auth/register/seller
    http.route: api/customer/home
    http.response.status_code: 201
    http.response.status_code: 401
Instrumentation scope (ActivitySource):
[22:29:07 INF] Server fabio-mobile:44964:85d12282 caught stopping signal...
    Name: Microsoft.AspNetCore
Resource associated with Activity:
    telemetry.sdk.name: opentelemetry
    telemetry.sdk.language: dotnet
    telemetry.sdk.version: 1.14.0
    service.name: unknown_service:testhost
    http.request.method: POST
Activity.TraceId:            a8cf6ce1de60d45ee37506b47704b5f3
[22:29:07 INF] Request finished HTTP/1.1 POST http://localhost/api/auth/register/seller - 201 null application/json; charset=utf-8 648.0225ms
    url.scheme: http
Activity.TraceId:            72a0cb7b631d53f1a1a3355c04e9dcf6
    url.path: /api/auth/register/customer
Activity.SpanId:             dbed94e83eb6554b
    network.protocol.version: 1.1
Activity.TraceFlags:         Recorded
    http.route: api/auth/register/customer
Activity.DisplayName:        POST api/auth/register/customer
    http.response.status_code: 201
Activity.Kind:               Server
Instrumentation scope (ActivitySource):
Activity.TraceId:            d48e09a4e0c147fa1ebbd293b7869def
Activity.StartTime:          2026-06-08T01:29:06.4269171Z
Activity.SpanId:             949065ba9990d10a
Activity.TraceFlags:         Recorded
Activity.DisplayName:        GET api/admin/dashboard
Activity.Kind:               Server
Activity.StartTime:          2026-06-08T01:29:06.9554675Z
Activity.Kind:               Server
Activity.TraceId:            8b72b2eb2acd85593ea43d0e737aee95
Activity.StartTime:          2026-06-08T01:29:06.4268473Z
Activity.SpanId:             d34940a17cb1f5c6
Activity.Duration:           00:00:00.5296474
Activity.TraceFlags:         Recorded
Activity.Tags:
Instrumentation scope (ActivitySource):
    server.address: localhost
    Name: Microsoft.AspNetCore
    http.request.method: POST
Resource associated with Activity:
    url.scheme: http
    telemetry.sdk.name: opentelemetry
    url.path: /api/auth/register/seller
    telemetry.sdk.language: dotnet
    network.protocol.version: 1.1
    telemetry.sdk.version: 1.14.0
    http.route: api/auth/register/seller
    service.name: unknown_service:testhost
    http.response.status_code: 201
Instrumentation scope (ActivitySource):
    Name: Microsoft.AspNetCore
Activity.SpanId:             8cf30e520b9d580e
Activity.TraceId:            2c11deac9897037a0290b1e38a7d1591
Activity.TraceFlags:         Recorded
Activity.SpanId:             a60f2d6b83522aa5
Activity.DisplayName:        GET api/customer/home
Activity.TraceFlags:         Recorded
Activity.Kind:               Server
Activity.DisplayName:        POST api/auth/register/seller
Activity.Kind:               Server
Activity.StartTime:          2026-06-08T01:29:07.0040337Z
    Name: Microsoft.AspNetCore
Activity.Duration:           00:00:00.0380046
Activity.StartTime:          2026-06-08T01:29:06.4268473Z
Resource associated with Activity:
Activity.Duration:           00:00:00.5294111
Activity.Tags:
Activity.Tags:
    telemetry.sdk.name: opentelemetry
    server.address: localhost
    server.address: localhost
    telemetry.sdk.language: dotnet
    http.request.method: GET
    http.request.method: POST
    telemetry.sdk.version: 1.14.0
    url.scheme: http
    service.name: unknown_service:testhost
    url.scheme: http
    url.path: /api/customer/home
    url.path: /api/auth/register/seller
    network.protocol.version: 1.1
    network.protocol.version: 1.1
    http.route: api/customer/home
    http.route: api/auth/register/seller
    http.response.status_code: 401
Activity.TraceId:            cadb867cbae7075f4d0050df0b17cfc1
Instrumentation scope (ActivitySource):
Activity.SpanId:             5389327d4991f95f
    Name: Microsoft.AspNetCore
Activity.TraceFlags:         Recorded
Resource associated with Activity:
    telemetry.sdk.name: opentelemetry
Activity.DisplayName:        POST api/auth/register/customer
    telemetry.sdk.language: dotnet
Activity.Kind:               Server
    telemetry.sdk.version: 1.14.0
    service.name: unknown_service:testhost
Activity.StartTime:          2026-06-08T01:29:06.6397900Z
Activity.Duration:           00:00:00.3163659
Activity.Tags:
    server.address: localhost
    http.request.method: POST
    url.scheme: http
Activity.TraceId:            90841337b54461e0a7b26b9d4d267c41
    url.path: /api/auth/register/customer
Activity.SpanId:             33da7505b384d0e6
    network.protocol.version: 1.1
Activity.TraceFlags:         Recorded
Activity.DisplayName:        POST api/auth/register/seller
Activity.Duration:           00:00:00.0852901
Activity.Kind:               Server
Activity.Tags:
Activity.StartTime:          2026-06-08T01:29:06.4269197Z
    server.address: localhost
Activity.Duration:           00:00:00.6486545
    http.request.method: GET
Activity.Tags:
    url.scheme: http
    server.address: localhost
    url.path: /api/admin/dashboard
    http.request.method: POST
Activity.DisplayName:        POST api/auth/register/seller
    url.scheme: http
    url.path: /api/auth/register/seller
Activity.Kind:               Server
    network.protocol.version: 1.1
    http.route: api/auth/register/seller
    http.response.status_code: 201
Activity.StartTime:          2026-06-08T01:29:06.6406828Z
Instrumentation scope (ActivitySource):
Activity.Duration:           00:00:00.3155893
Resource associated with Activity:
Activity.Tags:
    Name: Microsoft.AspNetCore
    telemetry.sdk.name: opentelemetry
    server.address: localhost
    telemetry.sdk.language: dotnet
Activity.TraceId:            213057db730b9f2be31dfbe2e537fa0a
    telemetry.sdk.version: 1.14.0
    http.response.status_code: 201
    service.name: unknown_service:testhost
Instrumentation scope (ActivitySource):
Activity.SpanId:             21645c9893ca93e5
    Name: Microsoft.AspNetCore
    http.route: api/auth/register/customer
Resource associated with Activity:
Activity.TraceFlags:         Recorded
    network.protocol.version: 1.1
Activity.DisplayName:        POST api/auth/register/seller
Activity.Kind:               Server
Resource associated with Activity:
Activity.StartTime:          2026-06-08T01:29:06.4268472Z
Activity.Duration:           00:00:00.5292251
Activity.Tags:
    telemetry.sdk.name: opentelemetry
    http.response.status_code: 201
    server.address: localhost
    telemetry.sdk.language: dotnet
Instrumentation scope (ActivitySource):
    http.request.method: POST
    telemetry.sdk.name: opentelemetry
    telemetry.sdk.language: dotnet
    telemetry.sdk.version: 1.14.0
Activity.Duration:           00:00:00.6479243
    service.name: unknown_service:testhost
Activity.Tags:
    server.address: localhost
    http.route: api/admin/dashboard
    http.request.method: POST
    url.scheme: http
    http.response.status_code: 401
    http.request.method: POST
Instrumentation scope (ActivitySource):
    url.path: /api/auth/register/customer
    Name: Microsoft.AspNetCore
    url.scheme: http
Resource associated with Activity:
    url.path: /api/auth/register/seller
    network.protocol.version: 1.1
    network.protocol.version: 1.1
    telemetry.sdk.name: opentelemetry
    http.route: api/auth/register/seller
    telemetry.sdk.language: dotnet
    http.response.status_code: 201
    http.route: api/auth/register/customer
    telemetry.sdk.version: 1.14.0
Instrumentation scope (ActivitySource):
    service.name: unknown_service:testhost
    Name: Microsoft.AspNetCore
Resource associated with Activity:
    telemetry.sdk.name: opentelemetry
    telemetry.sdk.language: dotnet
    telemetry.sdk.version: 1.14.0
    service.name: unknown_service:testhost
Activity.TraceId:            8b72b2eb2acd85593ea43d0e737aee95
Activity.SpanId:             d34940a17cb1f5c6
Activity.TraceFlags:         Recorded
Activity.DisplayName:        POST api/auth/register/seller
Activity.Kind:               Server
Activity.StartTime:          2026-06-08T01:29:06.6406828Z
Activity.Duration:           00:00:00.3155893
Activity.Tags:
    server.address: localhost
    http.request.method: POST
    url.scheme: http
    url.path: /api/auth/register/seller
    network.protocol.version: 1.1
    http.route: api/auth/register/seller
    http.response.status_code: 201
Instrumentation scope (ActivitySource):
    telemetry.sdk.version: 1.14.0
    Name: Microsoft.AspNetCore
    service.name: unknown_service:testhost
Resource associated with Activity:
    telemetry.sdk.name: opentelemetry
    telemetry.sdk.language: dotnet
    telemetry.sdk.version: 1.14.0
    service.name: unknown_service:testhost
    http.response.status_code: 201
Instrumentation scope (ActivitySource):
    Name: Microsoft.AspNetCore
Resource associated with Activity:
Activity.TraceId:            d48e09a4e0c147fa1ebbd293b7869def
    telemetry.sdk.name: opentelemetry
Activity.SpanId:             949065ba9990d10a
    telemetry.sdk.language: dotnet
Activity.TraceFlags:         Recorded
    telemetry.sdk.version: 1.14.0
    Name: Microsoft.AspNetCore
    service.name: unknown_service:testhost
Resource associated with Activity:
    telemetry.sdk.name: opentelemetry
Activity.DisplayName:        GET api/admin/dashboard
Activity.TraceId:            72a0cb7b631d53f1a1a3355c04e9dcf6
Activity.SpanId:             dbed94e83eb6554b
Activity.Kind:               Server
Activity.TraceFlags:         Recorded
Activity.DisplayName:        POST api/auth/register/customer
Activity.Kind:               Server
Activity.StartTime:          2026-06-08T01:29:06.9554675Z
Activity.Duration:           00:00:00.0852901
Activity.StartTime:          2026-06-08T01:29:06.4269171Z
Activity.Tags:
Activity.Duration:           00:00:00.6479243
    server.address: localhost
    telemetry.sdk.language: dotnet
Activity.Tags:
    telemetry.sdk.version: 1.14.0
    http.request.method: GET
    service.name: unknown_service:testhost
    url.scheme: http
    server.address: localhost
    http.request.method: POST
    url.path: /api/admin/dashboard
    url.scheme: http
    network.protocol.version: 1.1
Activity.TraceId:            cadb867cbae7075f4d0050df0b17cfc1
    http.route: api/admin/dashboard
    url.path: /api/auth/register/customer
Activity.SpanId:             5389327d4991f95f
    http.response.status_code: 401
Activity.TraceFlags:         Recorded
    network.protocol.version: 1.1
Activity.DisplayName:        POST api/auth/register/customer
Instrumentation scope (ActivitySource):
Activity.Kind:               Server
    Name: Microsoft.AspNetCore
    http.route: api/auth/register/customer
Resource associated with Activity:
    http.response.status_code: 201
Activity.StartTime:          2026-06-08T01:29:06.6397900Z
    telemetry.sdk.name: opentelemetry
Instrumentation scope (ActivitySource):
    telemetry.sdk.language: dotnet
Activity.Duration:           00:00:00.3163659
    telemetry.sdk.version: 1.14.0
Activity.Tags:
    service.name: unknown_service:testhost
    server.address: localhost
    http.request.method: POST
    url.scheme: http
Activity.TraceId:            d48e09a4e0c147fa1ebbd293b7869def
    url.path: /api/auth/register/customer
Activity.SpanId:             949065ba9990d10a
Activity.TraceFlags:         Recorded
Activity.DisplayName:        GET api/admin/dashboard
Activity.Kind:               Server
Activity.StartTime:          2026-06-08T01:29:06.9554675Z
Activity.Duration:           00:00:00.0852901
    network.protocol.version: 1.1
    Name: Microsoft.AspNetCore
    http.route: api/auth/register/customer
Resource associated with Activity:
    http.response.status_code: 201
    telemetry.sdk.name: opentelemetry
Instrumentation scope (ActivitySource):
    telemetry.sdk.language: dotnet
Activity.Tags:
    telemetry.sdk.version: 1.14.0
    server.address: localhost
    service.name: unknown_service:testhost
    Name: Microsoft.AspNetCore
    http.request.method: GET
Resource associated with Activity:
    url.scheme: http
    telemetry.sdk.name: opentelemetry
    url.scheme: http
    url.path: /api/admin/dashboard
    telemetry.sdk.language: dotnet
Activity.TraceId:            8b72b2eb2acd85593ea43d0e737aee95
    url.path: /api/auth/register/seller
Activity.SpanId:             d34940a17cb1f5c6
Activity.TraceFlags:         Recorded
Activity.DisplayName:        POST api/auth/register/seller
Activity.TraceId:            72a0cb7b631d53f1a1a3355c04e9dcf6
Activity.Kind:               Server
Activity.SpanId:             dbed94e83eb6554b
Activity.TraceFlags:         Recorded
Activity.StartTime:          2026-06-08T01:29:06.6406828Z
Activity.DisplayName:        POST api/auth/register/customer
    telemetry.sdk.version: 1.14.0
    network.protocol.version: 1.1
Activity.Kind:               Server
    network.protocol.version: 1.1
Activity.StartTime:          2026-06-08T01:29:06.4269171Z
Activity.Duration:           00:00:00.6479243
Activity.Duration:           00:00:00.3155893
    service.name: unknown_service:testhost
Activity.Tags:
    server.address: localhost
    http.route: api/auth/register/seller
    http.request.method: POST
Activity.TraceId:            cadb867cbae7075f4d0050df0b17cfc1
    http.response.status_code: 201
    url.scheme: http
Instrumentation scope (ActivitySource):
    url.path: /api/auth/register/seller
Activity.SpanId:             5389327d4991f95f
    network.protocol.version: 1.1
    Name: Microsoft.AspNetCore
    http.route: api/auth/register/seller
Activity.TraceFlags:         Recorded
Resource associated with Activity:
Activity.DisplayName:        POST api/auth/register/customer
    http.response.status_code: 201
    telemetry.sdk.name: opentelemetry
Activity.Kind:               Server
Activity.TraceId:            90841337b54461e0a7b26b9d4d267c41
Instrumentation scope (ActivitySource):
Activity.SpanId:             33da7505b384d0e6
Activity.StartTime:          2026-06-08T01:29:06.6397900Z
    Name: Microsoft.AspNetCore
Activity.Duration:           00:00:00.3163659
Activity.TraceFlags:         Recorded
Activity.Tags:
Resource associated with Activity:
    server.address: localhost
Activity.DisplayName:        POST api/auth/register/seller
    telemetry.sdk.name: opentelemetry
Activity.Kind:               Server
    telemetry.sdk.language: dotnet
    http.request.method: POST
Activity.StartTime:          2026-06-08T01:29:06.4269197Z
    telemetry.sdk.version: 1.14.0
    url.scheme: http
Activity.Duration:           00:00:00.6486545
    service.name: unknown_service:testhost
Activity.Tags:
    server.address: localhost
[22:29:07 INF] Executing endpoint 'Urbeat.WebApi.Controllers.AuthController.LoginSeller (Urbeat.WebApi)'
    http.request.method: POST
    url.scheme: http
    url.path: /api/auth/register/seller
    network.protocol.version: 1.1
    http.route: api/admin/dashboard
    http.route: api/auth/register/seller
    http.response.status_code: 401
Instrumentation scope (ActivitySource):
    Name: Microsoft.AspNetCore
    http.response.status_code: 201
[22:29:07 INF] Route matched with {action = "LoginCustomer", controller = "Auth"}. Executing controller action with signature System.Threading.Tasks.Task`1[Microsoft.AspNetCore.Mvc.IActionResult] LoginCustomer(Urbeat.Application.DTOs.LoginRequestDto, System.Threading.CancellationToken) on controller Urbeat.WebApi.Controllers.AuthController (Urbeat.WebApi).
Activity.Tags:
Instrumentation scope (ActivitySource):
    server.address: localhost
    Name: Microsoft.AspNetCore
    http.request.method: POST
    telemetry.sdk.language: dotnet
[22:29:07 INF] Route matched with {action = "LoginSeller", controller = "Auth"}. Executing controller action with signature System.Threading.Tasks.Task`1[Microsoft.AspNetCore.Mvc.IActionResult] LoginSeller(Urbeat.Application.DTOs.LoginRequestDto, System.Threading.CancellationToken) on controller Urbeat.WebApi.Controllers.AuthController (Urbeat.WebApi).
    telemetry.sdk.version: 1.14.0
    service.name: unknown_service:testhost
[22:29:07 INF] Executing action method Urbeat.WebApi.Controllers.AdminController.CreatePlan (Urbeat.WebApi) - Validation state: Valid
    url.path: /api/auth/register/customer
Activity.TraceId:            213057db730b9f2be31dfbe2e537fa0a
    network.protocol.version: 1.1
Activity.TraceId:            a85ed30725a102006ae0b97eff343143
    http.route: api/auth/register/customer
Activity.SpanId:             21645c9893ca93e5
Resource associated with Activity:
Activity.TraceFlags:         Recorded
    http.response.status_code: 201
Activity.DisplayName:        POST api/auth/register/seller
    telemetry.sdk.name: opentelemetry
Instrumentation scope (ActivitySource):
    telemetry.sdk.language: dotnet
Activity.Kind:               Server
    telemetry.sdk.version: 1.14.0
    url.scheme: http
    service.name: unknown_service:testhost
    url.path: /api/auth/register/customer
Activity.StartTime:          2026-06-08T01:29:06.4268472Z
    network.protocol.version: 1.1
Activity.Duration:           00:00:00.5292251
    http.route: api/auth/register/customer
Resource associated with Activity:
    telemetry.sdk.name: opentelemetry
Activity.SpanId:             3cfd3249dbf6f49b
    telemetry.sdk.language: dotnet
    telemetry.sdk.version: 1.14.0
Activity.TraceFlags:         Recorded
    service.name: unknown_service:testhost
Activity.DisplayName:        POST api/auth/register/seller
    Name: Microsoft.AspNetCore
Activity.Kind:               Server
Resource associated with Activity:
Activity.StartTime:          2026-06-08T01:29:06.4268473Z
Activity.TraceId:            90841337b54461e0a7b26b9d4d267c41
Activity.Duration:           00:00:00.5292637
    telemetry.sdk.name: opentelemetry
Activity.Tags:
    telemetry.sdk.language: dotnet
Activity.SpanId:             33da7505b384d0e6
    telemetry.sdk.version: 1.14.0
    server.address: localhost
    service.name: unknown_service:testhost
    http.request.method: POST
Activity.TraceFlags:         Recorded
    url.scheme: http
Activity.DisplayName:        POST api/auth/register/seller
    url.path: /api/auth/register/seller
Activity.Kind:               Server
Activity.TraceId:            cadb867cbae7075f4d0050df0b17cfc1
    network.protocol.version: 1.1
Activity.SpanId:             5389327d4991f95f
Activity.StartTime:          2026-06-08T01:29:06.4269197Z
    http.route: api/auth/register/seller
Activity.TraceFlags:         Recorded
    http.response.status_code: 201
Activity.Duration:           00:00:00.6486545
Activity.DisplayName:        POST api/auth/register/customer
Activity.Tags:
Activity.Kind:               Server
    server.address: localhost
Instrumentation scope (ActivitySource):
    http.request.method: POST
Activity.StartTime:          2026-06-08T01:29:06.6397900Z
    url.scheme: http
Activity.Duration:           00:00:00.3163659
    url.path: /api/auth/register/seller
Activity.Tags:
    Name: Microsoft.AspNetCore
    network.protocol.version: 1.1
    server.address: localhost
    http.route: api/auth/register/seller
    http.request.method: POST
Resource associated with Activity:
    url.scheme: http
    telemetry.sdk.name: opentelemetry
    url.path: /api/auth/register/customer
    telemetry.sdk.language: dotnet
    network.protocol.version: 1.1
    telemetry.sdk.version: 1.14.0
    http.route: api/auth/register/customer
    http.response.status_code: 201
    service.name: unknown_service:testhost
Instrumentation scope (ActivitySource):
    Name: Microsoft.AspNetCore
Activity.TraceId:            b0a39efe79c0336472cd00a48ca5d1c5
Resource associated with Activity:
Activity.TraceId:            213057db730b9f2be31dfbe2e537fa0a
    telemetry.sdk.name: opentelemetry
Activity.SpanId:             e92957817da25a1b
    telemetry.sdk.language: dotnet
Activity.SpanId:             21645c9893ca93e5
Activity.TraceFlags:         Recorded
    telemetry.sdk.version: 1.14.0
Activity.TraceFlags:         Recorded
    service.name: unknown_service:testhost
Activity.DisplayName:        POST api/auth/register/seller
Activity.DisplayName:        POST api/auth/register/seller
Activity.Kind:               Server
Activity.Kind:               Server
Activity.StartTime:          2026-06-08T01:29:06.4268473Z
    http.response.status_code: 201
Activity.Duration:           00:00:00.5296474
Activity.StartTime:          2026-06-08T01:29:06.4268472Z
Instrumentation scope (ActivitySource):
Activity.Duration:           00:00:00.5292251
Activity.Tags:
    Name: Microsoft.AspNetCore
Activity.Tags:
Resource associated with Activity:
    server.address: localhost
    server.address: localhost
    http.request.method: POST
    http.request.method: POST
    telemetry.sdk.name: opentelemetry
    url.scheme: http
    telemetry.sdk.language: dotnet
    url.path: /api/auth/register/seller
    telemetry.sdk.version: 1.14.0
    network.protocol.version: 1.1
    service.name: unknown_service:testhost
    http.route: api/auth/register/seller
    http.response.status_code: 201
Instrumentation scope (ActivitySource):
    Name: Microsoft.AspNetCore
Resource associated with Activity:
Activity.TraceId:            72a0cb7b631d53f1a1a3355c04e9dcf6
    telemetry.sdk.name: opentelemetry
Activity.TraceId:            a8cf6ce1de60d45ee37506b47704b5f3
Activity.Tags:
Activity.SpanId:             8cf30e520b9d580e
Activity.SpanId:             dbed94e83eb6554b
Activity.TraceFlags:         Recorded
    server.address: localhost
Activity.TraceFlags:         Recorded
    http.request.method: POST
Activity.DisplayName:        POST api/auth/register/customer
    url.scheme: http
Activity.DisplayName:        GET api/customer/home
    url.path: /api/auth/register/seller
Activity.Kind:               Server
    network.protocol.version: 1.1
Activity.Kind:               Server
    http.route: api/auth/register/seller
Activity.StartTime:          2026-06-08T01:29:06.4269171Z
Activity.StartTime:          2026-06-08T01:29:07.0040337Z
Activity.Duration:           00:00:00.6479243
    http.response.status_code: 201
Activity.Duration:           00:00:00.0380046
Instrumentation scope (ActivitySource):
Activity.Tags:
Activity.Tags:
    Name: Microsoft.AspNetCore
    server.address: localhost
    server.address: localhost
Resource associated with Activity:
    http.response.status_code: 201
    http.request.method: GET
    telemetry.sdk.name: opentelemetry
    http.request.method: POST
    telemetry.sdk.language: dotnet
Instrumentation scope (ActivitySource):
    telemetry.sdk.version: 1.14.0
    Name: Microsoft.AspNetCore
    service.name: unknown_service:testhost
    url.scheme: http
    url.scheme: http
Resource associated with Activity:
    url.path: /api/auth/register/customer
    url.path: /api/customer/home
    telemetry.sdk.name: opentelemetry
    network.protocol.version: 1.1
    network.protocol.version: 1.1
    telemetry.sdk.language: dotnet
Activity.TraceId:            2c11deac9897037a0290b1e38a7d1591
    telemetry.sdk.version: 1.14.0
    service.name: unknown_service:testhost
Activity.SpanId:             a60f2d6b83522aa5
Activity.TraceFlags:         Recorded
    url.scheme: http
Activity.DisplayName:        POST api/auth/register/seller
    url.path: /api/auth/register/seller
    network.protocol.version: 1.1
    http.route: api/auth/register/seller
Activity.Kind:               Server
    telemetry.sdk.language: dotnet
Activity.StartTime:          2026-06-08T01:29:06.4268473Z
    http.response.status_code: 201
    telemetry.sdk.version: 1.14.0
Instrumentation scope (ActivitySource):
    service.name: unknown_service:testhost
Activity.Duration:           00:00:00.5294111
Activity.Tags:
    Name: Microsoft.AspNetCore
    server.address: localhost
    http.request.method: POST
Resource associated with Activity:
    url.scheme: http
Activity.TraceId:            a85ed30725a102006ae0b97eff343143
Activity.TraceId:            8b72b2eb2acd85593ea43d0e737aee95
Activity.SpanId:             3cfd3249dbf6f49b
    url.path: /api/auth/register/seller
Activity.SpanId:             d34940a17cb1f5c6
Activity.TraceFlags:         Recorded
    network.protocol.version: 1.1
Activity.TraceFlags:         Recorded
    http.route: api/auth/register/seller
Activity.DisplayName:        POST api/auth/register/seller
    http.response.status_code: 201
Activity.Kind:               Server
Activity.DisplayName:        POST api/auth/register/seller
Instrumentation scope (ActivitySource):
Activity.Kind:               Server
    Name: Microsoft.AspNetCore
Activity.StartTime:          2026-06-08T01:29:06.6406828Z
Resource associated with Activity:
    http.route: api/auth/register/customer
Activity.Duration:           00:00:00.3155893
    http.response.status_code: 201
Activity.StartTime:          2026-06-08T01:29:06.4268473Z
    telemetry.sdk.name: opentelemetry
Activity.Tags:
Instrumentation scope (ActivitySource):
Activity.Duration:           00:00:00.5292637
    Name: Microsoft.AspNetCore
    telemetry.sdk.language: dotnet
    server.address: localhost
Resource associated with Activity:
    http.request.method: POST
    telemetry.sdk.version: 1.14.0
    url.scheme: http
    service.name: unknown_service:testhost
    url.path: /api/auth/register/seller
    telemetry.sdk.name: opentelemetry
    network.protocol.version: 1.1
    telemetry.sdk.language: dotnet
    telemetry.sdk.version: 1.14.0
    http.route: api/auth/register/seller
    service.name: unknown_service:testhost
    http.response.status_code: 201
Instrumentation scope (ActivitySource):
Activity.TraceId:            d48e09a4e0c147fa1ebbd293b7869def
Activity.TraceId:            72a0cb7b631d53f1a1a3355c04e9dcf6
    http.route: api/customer/home
Activity.SpanId:             949065ba9990d10a
Activity.SpanId:             dbed94e83eb6554b
    http.response.status_code: 401
Activity.TraceFlags:         Recorded
Activity.TraceFlags:         Recorded
Activity.DisplayName:        GET api/admin/dashboard
Instrumentation scope (ActivitySource):
Activity.DisplayName:        POST api/auth/register/customer
    Name: Microsoft.AspNetCore
Activity.Kind:               Server
Resource associated with Activity:
Activity.Kind:               Server
    telemetry.sdk.name: opentelemetry
    telemetry.sdk.language: dotnet
    telemetry.sdk.name: opentelemetry
Activity.StartTime:          2026-06-08T01:29:06.9554675Z
Activity.StartTime:          2026-06-08T01:29:06.4269171Z
Activity.Duration:           00:00:00.0852901
    telemetry.sdk.version: 1.14.0
Activity.Duration:           00:00:00.6479243
    service.name: unknown_service:testhost
Activity.Tags:
    server.address: localhost
    http.request.method: POST
Activity.Tags:
    url.scheme: http
    server.address: localhost
Activity.TraceId:            90841337b54461e0a7b26b9d4d267c41
    url.path: /api/auth/register/customer
    Name: Microsoft.AspNetCore
    network.protocol.version: 1.1
Activity.SpanId:             33da7505b384d0e6
    http.route: api/auth/register/customer
Resource associated with Activity:
Activity.TraceFlags:         Recorded
    http.response.status_code: 201
    telemetry.sdk.name: opentelemetry
Activity.DisplayName:        POST api/auth/register/seller
    telemetry.sdk.language: dotnet
Activity.Kind:               Server
    telemetry.sdk.version: 1.14.0
Instrumentation scope (ActivitySource):
    service.name: unknown_service:testhost
Activity.StartTime:          2026-06-08T01:29:06.4269197Z
    Name: Microsoft.AspNetCore
Activity.Duration:           00:00:00.6486545
Resource associated with Activity:
Activity.Tags:
    telemetry.sdk.name: opentelemetry
    server.address: localhost
    http.request.method: POST
    telemetry.sdk.language: dotnet
    telemetry.sdk.language: dotnet
    telemetry.sdk.version: 1.14.0
    url.scheme: http
    service.name: unknown_service:testhost
    telemetry.sdk.version: 1.14.0
    url.path: /api/auth/register/seller
    service.name: unknown_service:testhost
    network.protocol.version: 1.1
Activity.TraceId:            213057db730b9f2be31dfbe2e537fa0a
    http.route: api/auth/register/seller
Activity.SpanId:             21645c9893ca93e5
    http.response.status_code: 201
Activity.TraceFlags:         Recorded
Instrumentation scope (ActivitySource):
Activity.TraceId:            72a0cb7b631d53f1a1a3355c04e9dcf6
    Name: Microsoft.AspNetCore
Activity.SpanId:             dbed94e83eb6554b
Activity.DisplayName:        POST api/auth/register/seller
Resource associated with Activity:
Activity.Kind:               Server
    telemetry.sdk.name: opentelemetry
Activity.TraceFlags:         Recorded
Activity.TraceId:            a8cf6ce1de60d45ee37506b47704b5f3
    telemetry.sdk.language: dotnet
Activity.StartTime:          2026-06-08T01:29:06.4268472Z
Activity.SpanId:             8cf30e520b9d580e
    telemetry.sdk.version: 1.14.0
Activity.Duration:           00:00:00.5292251
    service.name: unknown_service:testhost
Activity.Tags:
Activity.TraceFlags:         Recorded
    server.address: localhost
Activity.DisplayName:        GET api/customer/home
    http.request.method: POST
    url.scheme: http
Activity.Kind:               Server
    url.path: /api/auth/register/seller
Activity.TraceId:            90841337b54461e0a7b26b9d4d267c41
    network.protocol.version: 1.1
Activity.SpanId:             33da7505b384d0e6
    http.route: api/auth/register/seller
Activity.TraceFlags:         Recorded
Activity.StartTime:          2026-06-08T01:29:07.0040337Z
    http.response.status_code: 201
Activity.Duration:           00:00:00.0380046
Instrumentation scope (ActivitySource):
Activity.DisplayName:        POST api/auth/register/seller
    Name: Microsoft.AspNetCore
Activity.Tags:
Activity.Kind:               Server
Resource associated with Activity:
    server.address: localhost
    telemetry.sdk.name: opentelemetry
Activity.StartTime:          2026-06-08T01:29:06.4269197Z
    http.request.method: GET
    telemetry.sdk.language: dotnet
    url.scheme: http
    telemetry.sdk.version: 1.14.0
Activity.Duration:           00:00:00.6486545
    url.path: /api/customer/home
    service.name: unknown_service:testhost
Activity.Tags:
    network.protocol.version: 1.1
    server.address: localhost
    http.route: api/customer/home
    http.request.method: POST
    http.response.status_code: 401
Activity.TraceId:            213057db730b9f2be31dfbe2e537fa0a
Instrumentation scope (ActivitySource):
    url.scheme: http
Activity.SpanId:             21645c9893ca93e5
    Name: Microsoft.AspNetCore
    url.path: /api/auth/register/seller
Resource associated with Activity:
Activity.TraceFlags:         Recorded
    network.protocol.version: 1.1
Activity.DisplayName:        POST api/auth/register/seller
    telemetry.sdk.name: opentelemetry
Activity.Kind:               Server
    http.route: api/auth/register/seller
    telemetry.sdk.language: dotnet
Activity.StartTime:          2026-06-08T01:29:06.4268472Z
    telemetry.sdk.version: 1.14.0
Activity.Duration:           00:00:00.5292251
    service.name: unknown_service:testhost
Activity.Tags:
    http.response.status_code: 201
    server.address: localhost
Instrumentation scope (ActivitySource):
    http.request.method: POST
    Name: Microsoft.AspNetCore
    url.scheme: http
Resource associated with Activity:
    url.path: /api/auth/register/seller
    telemetry.sdk.name: opentelemetry
    telemetry.sdk.language: dotnet
    network.protocol.version: 1.1
    telemetry.sdk.version: 1.14.0
    http.route: api/auth/register/seller
Activity.Tags:
    http.response.status_code: 201
    service.name: unknown_service:testhost
Instrumentation scope (ActivitySource):
    server.address: localhost
    Name: Microsoft.AspNetCore
    http.request.method: GET
[22:29:07 INF] Executing action method Urbeat.WebApi.Controllers.AuthController.LoginCustomer (Urbeat.WebApi) - Validation state: Valid
Activity.TraceId:            90841337b54461e0a7b26b9d4d267c41
Resource associated with Activity:
Activity.TraceId:            a8cf6ce1de60d45ee37506b47704b5f3
    telemetry.sdk.name: opentelemetry
Activity.SpanId:             8cf30e520b9d580e
Activity.SpanId:             33da7505b384d0e6
    telemetry.sdk.language: dotnet
Activity.TraceFlags:         Recorded
    telemetry.sdk.version: 1.14.0
Activity.TraceFlags:         Recorded
Activity.DisplayName:        GET api/customer/home
Activity.DisplayName:        POST api/auth/register/seller
    service.name: unknown_service:testhost
Activity.Kind:               Server
Activity.Kind:               Server
Activity.StartTime:          2026-06-08T01:29:06.4269197Z
Activity.Duration:           00:00:00.6486545
Activity.Tags:
    server.address: localhost
    http.request.method: POST
Activity.DisplayName:        POST api/auth/register/customer
    url.scheme: http
Activity.Kind:               Server
Activity.StartTime:          2026-06-08T01:29:07.0040337Z
Activity.StartTime:          2026-06-08T01:29:06.4269171Z
    url.path: /api/auth/register/seller
Activity.Duration:           00:00:00.0380046
Activity.Duration:           00:00:00.6479243
    network.protocol.version: 1.1
Activity.Tags:
Activity.Tags:
    http.route: api/auth/register/seller
    server.address: localhost
    server.address: localhost
    http.response.status_code: 201
    http.request.method: GET
    http.request.method: POST
    url.scheme: http
    url.scheme: http
    url.path: /api/admin/dashboard
    http.request.method: POST
    network.protocol.version: 1.1
    url.scheme: http
    http.route: api/admin/dashboard
    url.path: /api/auth/register/seller
    http.response.status_code: 401
    network.protocol.version: 1.1
Instrumentation scope (ActivitySource):
    http.route: api/auth/register/seller
    Name: Microsoft.AspNetCore
Resource associated with Activity:
    http.response.status_code: 201
    telemetry.sdk.name: opentelemetry
    telemetry.sdk.language: dotnet
    url.scheme: http
[22:29:07 INF] Executing action method Urbeat.WebApi.Controllers.AuthController.LoginSeller (Urbeat.WebApi) - Validation state: Valid
    url.path: /api/customer/home
    network.protocol.version: 1.1
    http.route: api/customer/home
Instrumentation scope (ActivitySource):
    http.response.status_code: 401
[22:29:07 INF] Server fabio-mobile:44964:85d12282 All dispatchers stopped
Instrumentation scope (ActivitySource):
    Name: Microsoft.AspNetCore
    Name: Microsoft.AspNetCore
Resource associated with Activity:
    url.path: /api/auth/register/customer
[22:29:07 INF] Request starting HTTP/1.1 POST http://localhost/api/auth/login/seller - application/json; charset=utf-8 null
    network.protocol.version: 1.1
    telemetry.sdk.name: opentelemetry
    http.route: api/auth/register/customer
    telemetry.sdk.language: dotnet
    http.response.status_code: 201
Instrumentation scope (ActivitySource):
[22:29:07 INF] Request starting HTTP/1.1 POST http://localhost/api/auth/login/seller - application/json; charset=utf-8 null
    telemetry.sdk.version: 1.14.0
    Name: Microsoft.AspNetCore
Instrumentation scope (ActivitySource):
Resource associated with Activity:
    service.name: unknown_service:testhost
    telemetry.sdk.name: opentelemetry
    telemetry.sdk.language: dotnet
    Name: Microsoft.AspNetCore
    telemetry.sdk.version: 1.14.0
Resource associated with Activity:
    service.name: unknown_service:testhost
    telemetry.sdk.name: opentelemetry
[22:29:07 INF] Route matched with {action = "LoginSeller", controller = "Auth"}. Executing controller action with signature System.Threading.Tasks.Task`1[Microsoft.AspNetCore.Mvc.IActionResult] LoginSeller(Urbeat.Application.DTOs.LoginRequestDto, System.Threading.CancellationToken) on controller Urbeat.WebApi.Controllers.AuthController (Urbeat.WebApi).
    telemetry.sdk.language: dotnet
    telemetry.sdk.version: 1.14.0
    telemetry.sdk.version: 1.14.0
Activity.TraceId:            a85ed30725a102006ae0b97eff343143
    service.name: unknown_service:testhost
Activity.SpanId:             3cfd3249dbf6f49b
    service.name: unknown_service:testhost
Activity.TraceFlags:         Recorded
Activity.DisplayName:        POST api/auth/register/seller
Activity.Kind:               Server
Activity.TraceId:            72a0cb7b631d53f1a1a3355c04e9dcf6
[22:29:07 INF] Saved 1 entities to in-memory store.
Activity.TraceId:            d48e09a4e0c147fa1ebbd293b7869def
Activity.SpanId:             dbed94e83eb6554b
Activity.SpanId:             949065ba9990d10a
Activity.TraceFlags:         Recorded
Activity.TraceFlags:         Recorded
Activity.DisplayName:        POST api/auth/register/customer
Activity.StartTime:          2026-06-08T01:29:06.4268473Z
Activity.Kind:               Server
Activity.DisplayName:        GET api/admin/dashboard
Activity.Duration:           00:00:00.5292637
Activity.Kind:               Server
Activity.Tags:
Activity.StartTime:          2026-06-08T01:29:06.4269171Z
    server.address: localhost
Activity.Duration:           00:00:00.6479243
    http.request.method: POST
Activity.Tags:
    url.scheme: http
Activity.StartTime:          2026-06-08T01:29:06.9554675Z
    url.path: /api/auth/register/seller
    server.address: localhost
Activity.Duration:           00:00:00.0852901
Resource associated with Activity:
Activity.Tags:
    telemetry.sdk.name: opentelemetry
    server.address: localhost
    telemetry.sdk.language: dotnet
    http.request.method: GET
    network.protocol.version: 1.1
    telemetry.sdk.version: 1.14.0
    url.scheme: http
    http.route: api/auth/register/seller
    service.name: unknown_service:testhost
Activity.TraceId:            90841337b54461e0a7b26b9d4d267c41
    url.path: /api/admin/dashboard
    http.response.status_code: 201
    network.protocol.version: 1.1
Instrumentation scope (ActivitySource):
    http.route: api/admin/dashboard
    Name: Microsoft.AspNetCore
Activity.SpanId:             33da7505b384d0e6
    http.response.status_code: 401
Resource associated with Activity:
Activity.TraceFlags:         Recorded
Instrumentation scope (ActivitySource):
    telemetry.sdk.name: opentelemetry
    Name: Microsoft.AspNetCore
Activity.DisplayName:        POST api/auth/register/seller
Resource associated with Activity:
    telemetry.sdk.language: dotnet
Activity.Kind:               Server
    telemetry.sdk.name: opentelemetry
Activity.StartTime:          2026-06-08T01:29:06.4269197Z
    telemetry.sdk.language: dotnet
    telemetry.sdk.version: 1.14.0
    telemetry.sdk.version: 1.14.0
    service.name: unknown_service:testhost
Activity.Duration:           00:00:00.6486545
    service.name: unknown_service:testhost
Activity.TraceId:            a85ed30725a102006ae0b97eff343143
Activity.Tags:
Activity.SpanId:             3cfd3249dbf6f49b
    server.address: localhost
Activity.TraceId:            d48e09a4e0c147fa1ebbd293b7869def
Activity.TraceFlags:         Recorded
Activity.SpanId:             949065ba9990d10a
Activity.DisplayName:        POST api/auth/register/seller
    http.request.method: POST
Activity.TraceFlags:         Recorded
Activity.DisplayName:        GET api/admin/dashboard
    http.request.method: POST
Activity.Kind:               Server
    url.scheme: http
    url.path: /api/auth/register/customer
    network.protocol.version: 1.1
    http.route: api/auth/register/customer
Activity.Kind:               Server
Activity.StartTime:          2026-06-08T01:29:06.9554675Z
    http.response.status_code: 201
Activity.Duration:           00:00:00.0852901
Activity.StartTime:          2026-06-08T01:29:06.4268473Z
Instrumentation scope (ActivitySource):
Activity.Tags:
    Name: Microsoft.AspNetCore
Activity.Duration:           00:00:00.5292637
    server.address: localhost
    url.scheme: http
    http.request.method: GET
Resource associated with Activity:
    url.scheme: http
    telemetry.sdk.name: opentelemetry
Activity.Tags:
    url.path: /api/admin/dashboard
    server.address: localhost
    network.protocol.version: 1.1
    url.path: /api/auth/register/seller
    http.route: api/admin/dashboard
    http.request.method: POST
    telemetry.sdk.language: dotnet
    http.response.status_code: 401
    telemetry.sdk.version: 1.14.0
    url.scheme: http
Instrumentation scope (ActivitySource):
    network.protocol.version: 1.1
    Name: Microsoft.AspNetCore
    service.name: unknown_service:testhost
Resource associated with Activity:
    url.path: /api/auth/register/seller
    http.route: api/auth/register/seller
    telemetry.sdk.name: opentelemetry
    network.protocol.version: 1.1
    telemetry.sdk.language: dotnet
    http.route: api/auth/register/seller
    telemetry.sdk.version: 1.14.0
    http.response.status_code: 201
    service.name: unknown_service:testhost
    http.response.status_code: 201
Instrumentation scope (ActivitySource):
Instrumentation scope (ActivitySource):
Activity.TraceId:            8b72b2eb2acd85593ea43d0e737aee95
    Name: Microsoft.AspNetCore
Activity.TraceId:            2c11deac9897037a0290b1e38a7d1591
Resource associated with Activity:
Activity.SpanId:             a60f2d6b83522aa5
    telemetry.sdk.name: opentelemetry
    telemetry.sdk.language: dotnet
    telemetry.sdk.version: 1.14.0
    service.name: unknown_service:testhost
    Name: Microsoft.AspNetCore
Resource associated with Activity:
Activity.TraceId:            a85ed30725a102006ae0b97eff343143
    telemetry.sdk.name: opentelemetry
Activity.SpanId:             d34940a17cb1f5c6
Activity.SpanId:             3cfd3249dbf6f49b
    telemetry.sdk.language: dotnet
Activity.TraceFlags:         Recorded
    telemetry.sdk.version: 1.14.0
Activity.DisplayName:        POST api/auth/register/seller
    service.name: unknown_service:testhost
Activity.Kind:               Server
Activity.TraceFlags:         Recorded
Activity.StartTime:          2026-06-08T01:29:06.4268473Z
Activity.DisplayName:        POST api/auth/register/seller
Activity.Duration:           00:00:00.5292637
Activity.TraceId:            a8cf6ce1de60d45ee37506b47704b5f3
Activity.Kind:               Server
Activity.Tags:
Activity.SpanId:             8cf30e520b9d580e
    server.address: localhost
Activity.TraceFlags:         Recorded
    http.request.method: POST
Activity.DisplayName:        GET api/customer/home
    url.scheme: http
Activity.Kind:               Server
    url.path: /api/auth/register/seller
Activity.StartTime:          2026-06-08T01:29:07.0040337Z
    network.protocol.version: 1.1
Activity.Duration:           00:00:00.0380046
    http.route: api/auth/register/seller
Activity.Tags:
Activity.TraceFlags:         Recorded
    server.address: localhost
    http.response.status_code: 201
Activity.DisplayName:        POST api/auth/register/seller
Instrumentation scope (ActivitySource):
Activity.Kind:               Server
    Name: Microsoft.AspNetCore
    http.request.method: GET
Activity.StartTime:          2026-06-08T01:29:06.4268473Z
Activity.TraceId:            d48e09a4e0c147fa1ebbd293b7869def
Activity.Duration:           00:00:00.5294111
Activity.SpanId:             949065ba9990d10a
Activity.Tags:
Activity.TraceFlags:         Recorded
Activity.StartTime:          2026-06-08T01:29:06.6406828Z
Activity.DisplayName:        GET api/admin/dashboard
    server.address: localhost
Activity.Kind:               Server
Activity.Duration:           00:00:00.3155893
    http.request.method: POST
Activity.Tags:
    url.scheme: http
    server.address: localhost
Activity.StartTime:          2026-06-08T01:29:06.9554675Z
    http.request.method: POST
    url.path: /api/auth/register/seller
Activity.Duration:           00:00:00.0852901
    network.protocol.version: 1.1
    url.scheme: http
Activity.Tags:
    url.path: /api/auth/register/seller
    http.route: api/auth/register/seller
    server.address: localhost
    http.request.method: GET
    url.scheme: http
    url.path: /api/admin/dashboard
    network.protocol.version: 1.1
Resource associated with Activity:
    http.route: api/admin/dashboard
    telemetry.sdk.name: opentelemetry
    telemetry.sdk.language: dotnet
    telemetry.sdk.version: 1.14.0
    service.name: unknown_service:testhost
    url.scheme: http
    http.response.status_code: 401
    url.path: /api/customer/home
    network.protocol.version: 1.1
Instrumentation scope (ActivitySource):
    http.route: api/customer/home
    Name: Microsoft.AspNetCore
    http.response.status_code: 401
Resource associated with Activity:
Instrumentation scope (ActivitySource):
    telemetry.sdk.name: opentelemetry
    Name: Microsoft.AspNetCore
    telemetry.sdk.language: dotnet
Resource associated with Activity:
    network.protocol.version: 1.1
    telemetry.sdk.name: opentelemetry
    telemetry.sdk.language: dotnet
    http.route: api/auth/register/seller
    telemetry.sdk.version: 1.14.0
    service.name: unknown_service:testhost
    http.response.status_code: 201
    http.response.status_code: 201
Instrumentation scope (ActivitySource):
Instrumentation scope (ActivitySource):
    Name: Microsoft.AspNetCore
    Name: Microsoft.AspNetCore
Resource associated with Activity:
Resource associated with Activity:
    telemetry.sdk.name: opentelemetry
    telemetry.sdk.name: opentelemetry
    telemetry.sdk.language: dotnet
    telemetry.sdk.language: dotnet
    telemetry.sdk.version: 1.14.0
    telemetry.sdk.version: 1.14.0
    service.name: unknown_service:testhost
    service.name: unknown_service:testhost
Activity.TraceId:            8b72b2eb2acd85593ea43d0e737aee95
Activity.TraceId:            2c11deac9897037a0290b1e38a7d1591
Activity.SpanId:             d34940a17cb1f5c6
Activity.SpanId:             a60f2d6b83522aa5
Activity.TraceFlags:         Recorded
Activity.DisplayName:        POST api/auth/register/seller
Activity.TraceFlags:         Recorded
Activity.Kind:               Server
    telemetry.sdk.version: 1.14.0
Activity.DisplayName:        POST api/auth/register/seller
    service.name: unknown_service:testhost
Activity.Kind:               Server
Activity.StartTime:          2026-06-08T01:29:06.4268473Z
Activity.StartTime:          2026-06-08T01:29:06.6406828Z
Activity.Duration:           00:00:00.5294111
Activity.TraceId:            d48e09a4e0c147fa1ebbd293b7869def
Activity.Duration:           00:00:00.3155893
Activity.SpanId:             949065ba9990d10a
Activity.Tags:
Activity.Tags:
Activity.TraceFlags:         Recorded
    server.address: localhost
Activity.DisplayName:        GET api/admin/dashboard
    http.request.method: POST
Activity.Kind:               Server
    server.address: localhost
    url.scheme: http
    http.request.method: POST
    url.path: /api/auth/register/seller
Activity.StartTime:          2026-06-08T01:29:06.9554675Z
[22:29:07 INF] Executed action method Urbeat.WebApi.Controllers.AdminController.CreatePlan (Urbeat.WebApi), returned result Microsoft.AspNetCore.Mvc.ObjectResult in 39.2233ms.
Activity.TraceId:            a8cf6ce1de60d45ee37506b47704b5f3
Activity.SpanId:             8cf30e520b9d580e
    network.protocol.version: 1.1
Activity.TraceFlags:         Recorded
[22:29:07 INF] Request starting HTTP/1.1 POST http://localhost/api/auth/login/seller - application/json; charset=utf-8 null
    http.route: api/auth/register/seller
Activity.DisplayName:        GET api/customer/home
    http.response.status_code: 201
Activity.Kind:               Server
Instrumentation scope (ActivitySource):
Activity.Duration:           00:00:00.0852901
Activity.StartTime:          2026-06-08T01:29:07.0040337Z
Activity.Tags:
    url.scheme: http
    server.address: localhost
    url.path: /api/auth/register/seller
    Name: Microsoft.AspNetCore
    network.protocol.version: 1.1
Resource associated with Activity:
    http.route: api/auth/register/seller
    http.request.method: GET
    http.response.status_code: 201
    url.scheme: http
Instrumentation scope (ActivitySource):
    url.path: /api/admin/dashboard
    Name: Microsoft.AspNetCore
    network.protocol.version: 1.1
Resource associated with Activity:
    http.route: api/admin/dashboard
Activity.Duration:           00:00:00.0380046
    http.response.status_code: 401
Activity.Tags:
    telemetry.sdk.name: opentelemetry
Instrumentation scope (ActivitySource):
    server.address: localhost
    Name: Microsoft.AspNetCore
    telemetry.sdk.language: dotnet
    http.request.method: GET
    telemetry.sdk.version: 1.14.0
Resource associated with Activity:
    url.scheme: http
    service.name: unknown_service:testhost
    telemetry.sdk.name: opentelemetry
    url.path: /api/customer/home
    telemetry.sdk.language: dotnet
    network.protocol.version: 1.1
    telemetry.sdk.version: 1.14.0
    http.route: api/customer/home
    service.name: unknown_service:testhost
    http.response.status_code: 401
[22:29:07 INF] Executing action method Urbeat.WebApi.Controllers.AuthController.LoginSeller (Urbeat.WebApi) - Validation state: Valid
Instrumentation scope (ActivitySource):
    Name: Microsoft.AspNetCore
[22:29:07 INF] Executing ObjectResult, writing value of type 'Urbeat.Application.DTOs.PlanResponseDto'.
Resource associated with Activity:
    telemetry.sdk.name: opentelemetry
    telemetry.sdk.name: opentelemetry
    telemetry.sdk.language: dotnet
    telemetry.sdk.version: 1.14.0
Activity.TraceId:            2c11deac9897037a0290b1e38a7d1591
    service.name: unknown_service:testhost
Activity.SpanId:             a60f2d6b83522aa5
Activity.TraceFlags:         Recorded
Activity.DisplayName:        POST api/auth/register/seller
Activity.Kind:               Server
Activity.TraceId:            8b72b2eb2acd85593ea43d0e737aee95
Activity.SpanId:             d34940a17cb1f5c6
Activity.StartTime:          2026-06-08T01:29:06.4268473Z
Activity.TraceFlags:         Recorded
Activity.Duration:           00:00:00.5294111
Activity.DisplayName:        POST api/auth/register/seller
Activity.Tags:
Activity.Kind:               Server
    server.address: localhost
    http.request.method: POST
    url.scheme: http
    url.path: /api/auth/register/seller
Activity.StartTime:          2026-06-08T01:29:06.6406828Z
    network.protocol.version: 1.1
Activity.Duration:           00:00:00.3155893
    http.route: api/auth/register/seller
Activity.Tags:
    http.response.status_code: 201
    server.address: localhost
Instrumentation scope (ActivitySource):
    Name: Microsoft.AspNetCore
Resource associated with Activity:
    http.request.method: POST
    telemetry.sdk.name: opentelemetry
    url.scheme: http
    telemetry.sdk.language: dotnet
    url.path: /api/auth/register/seller
    telemetry.sdk.version: 1.14.0
    network.protocol.version: 1.1
    service.name: unknown_service:testhost
    http.route: api/auth/register/seller
    http.response.status_code: 201
Activity.TraceId:            2c11deac9897037a0290b1e38a7d1591
Instrumentation scope (ActivitySource):
Activity.SpanId:             a60f2d6b83522aa5
    Name: Microsoft.AspNetCore
Activity.TraceFlags:         Recorded
Resource associated with Activity:
Activity.DisplayName:        POST api/auth/register/seller
    telemetry.sdk.name: opentelemetry
Activity.Kind:               Server
    telemetry.sdk.language: dotnet
Activity.StartTime:          2026-06-08T01:29:06.4268473Z
    telemetry.sdk.version: 1.14.0
Activity.Duration:           00:00:00.5294111
    service.name: unknown_service:testhost
Activity.Tags:
    server.address: localhost
    http.request.method: POST
Activity.TraceId:            8b72b2eb2acd85593ea43d0e737aee95
    url.scheme: http
Activity.SpanId:             d34940a17cb1f5c6
    url.path: /api/auth/register/seller
Activity.TraceFlags:         Recorded
    network.protocol.version: 1.1
Activity.DisplayName:        POST api/auth/register/seller
    http.route: api/auth/register/seller
Activity.Kind:               Server
    http.response.status_code: 201
Instrumentation scope (ActivitySource):
    Name: Microsoft.AspNetCore
Activity.StartTime:          2026-06-08T01:29:06.6406828Z
Resource associated with Activity:
Activity.Duration:           00:00:00.3155893
    telemetry.sdk.name: opentelemetry
Activity.Tags:
    telemetry.sdk.language: dotnet
    server.address: localhost
    telemetry.sdk.version: 1.14.0
    http.request.method: POST
    service.name: unknown_service:testhost
    url.scheme: http
    url.path: /api/auth/register/seller
    network.protocol.version: 1.1
    http.route: api/auth/register/seller
    http.response.status_code: 201
Instrumentation scope (ActivitySource):
    Name: Microsoft.AspNetCore
Resource associated with Activity:
    telemetry.sdk.name: opentelemetry
    telemetry.sdk.language: dotnet
    telemetry.sdk.version: 1.14.0
    service.name: unknown_service:testhost
Activity.TraceId:            8b72b2eb2acd85593ea43d0e737aee95
Activity.SpanId:             d34940a17cb1f5c6
Activity.TraceFlags:         Recorded
Activity.DisplayName:        POST api/auth/register/seller
Activity.Kind:               Server
Activity.StartTime:          2026-06-08T01:29:06.6406828Z
Activity.Duration:           00:00:00.3155893
Activity.Tags:
    server.address: localhost
    http.request.method: POST
    url.scheme: http
    url.path: /api/auth/register/seller
[22:29:07 INF] Request starting HTTP/1.1 POST http://localhost/api/auth/login/seller - application/json; charset=utf-8 null
    network.protocol.version: 1.1
    http.route: api/auth/register/seller
Activity.TraceId:            72a0cb7b631d53f1a1a3355c04e9dcf6
[22:29:07 INF] Request starting HTTP/1.1 POST http://localhost/api/auth/login/seller - application/json; charset=utf-8 null
    http.response.status_code: 201
Activity.SpanId:             dbed94e83eb6554b
Instrumentation scope (ActivitySource):
    telemetry.sdk.language: dotnet
[22:29:07 INF] Server fabio-mobile:44964:85d12282 successfully reported itself as stopped in 0,3698 ms
    Name: Microsoft.AspNetCore
    telemetry.sdk.version: 1.14.0
Resource associated with Activity:
    telemetry.sdk.name: opentelemetry
    telemetry.sdk.language: dotnet
Activity.TraceFlags:         Recorded
    telemetry.sdk.version: 1.14.0
Activity.DisplayName:        POST api/auth/register/customer
    service.name: unknown_service:testhost
Activity.Kind:               Server
[22:29:07 INF] Executing endpoint 'Urbeat.WebApi.Controllers.AuthController.LoginSeller (Urbeat.WebApi)'
Activity.StartTime:          2026-06-08T01:29:06.4269171Z
    service.name: unknown_service:testhost
Activity.Duration:           00:00:00.6479243
Activity.Tags:
[22:29:07 INF] Executing endpoint 'Urbeat.WebApi.Controllers.AuthController.LoginSeller (Urbeat.WebApi)'
    server.address: localhost
    http.request.method: POST
    url.scheme: http
    url.path: /api/auth/register/customer
    network.protocol.version: 1.1
Activity.TraceId:            b0a39efe79c0336472cd00a48ca5d1c5
    http.route: api/auth/register/customer
[22:29:07 INF] Executing endpoint 'Urbeat.WebApi.Controllers.AuthController.LoginSeller (Urbeat.WebApi)'
Activity.SpanId:             e92957817da25a1b
    http.response.status_code: 201
Activity.TraceFlags:         Recorded
Instrumentation scope (ActivitySource):
Activity.DisplayName:        POST api/auth/register/seller
    Name: Microsoft.AspNetCore
Activity.Kind:               Server
Resource associated with Activity:
[22:29:07 INF] Executed action Urbeat.WebApi.Controllers.AdminController.CreatePlan (Urbeat.WebApi) in 81.9804ms
Activity.StartTime:          2026-06-08T01:29:06.4268473Z
[22:29:07 INF] Server fabio-mobile:44964:85d12282 has been stopped in total 122,2141 ms
    telemetry.sdk.name: opentelemetry
Activity.Duration:           00:00:00.5296474
Activity.Tags:
    telemetry.sdk.language: dotnet
    telemetry.sdk.version: 1.14.0
    server.address: localhost
    service.name: unknown_service:testhost
    http.request.method: POST
    url.scheme: http
    url.path: /api/auth/register/seller
    network.protocol.version: 1.1
    http.route: api/auth/register/seller
    http.response.status_code: 201
Instrumentation scope (ActivitySource):
    Name: Microsoft.AspNetCore
Resource associated with Activity:
[22:29:07 INF] Executed endpoint 'Urbeat.WebApi.Controllers.AdminController.CreatePlan (Urbeat.WebApi)'
    telemetry.sdk.name: opentelemetry
Activity.TraceId:            72a0cb7b631d53f1a1a3355c04e9dcf6
Activity.TraceId:            a8cf6ce1de60d45ee37506b47704b5f3
Activity.SpanId:             dbed94e83eb6554b
Activity.SpanId:             8cf30e520b9d580e
Activity.TraceFlags:         Recorded
Activity.TraceFlags:         Recorded
Activity.DisplayName:        POST api/auth/register/customer
Activity.DisplayName:        GET api/customer/home
Activity.Kind:               Server
Activity.Kind:               Server
Activity.StartTime:          2026-06-08T01:29:06.4269171Z
Activity.StartTime:          2026-06-08T01:29:07.0040337Z
Activity.Duration:           00:00:00.6479243
Activity.Duration:           00:00:00.0380046
Activity.Tags:
Activity.Tags:
    server.address: localhost
    server.address: localhost
    http.request.method: POST
    http.request.method: GET
    url.scheme: http
    url.scheme: http
    url.path: /api/auth/register/customer
    url.path: /api/customer/home
    network.protocol.version: 1.1
    network.protocol.version: 1.1
    http.route: api/auth/register/customer
    http.route: api/customer/home
[22:29:07 INF] HTTP POST /api/admin/plans responded 201 in 190.7205 ms
    http.response.status_code: 401
    http.response.status_code: 201
Instrumentation scope (ActivitySource):
Instrumentation scope (ActivitySource):
    Name: Microsoft.AspNetCore
    Name: Microsoft.AspNetCore
Resource associated with Activity:
Resource associated with Activity:
    telemetry.sdk.name: opentelemetry
    telemetry.sdk.name: opentelemetry
    telemetry.sdk.language: dotnet
    telemetry.sdk.language: dotnet
    telemetry.sdk.version: 1.14.0
    telemetry.sdk.version: 1.14.0
    service.name: unknown_service:testhost
    service.name: unknown_service:testhost
Activity.TraceId:            a8cf6ce1de60d45ee37506b47704b5f3
Activity.SpanId:             8cf30e520b9d580e
Activity.TraceId:            72a0cb7b631d53f1a1a3355c04e9dcf6
Activity.TraceFlags:         Recorded
Activity.SpanId:             dbed94e83eb6554b
Activity.DisplayName:        GET api/customer/home
Activity.TraceFlags:         Recorded
Activity.Kind:               Server
Activity.DisplayName:        POST api/auth/register/customer
Activity.StartTime:          2026-06-08T01:29:07.0040337Z
Activity.Kind:               Server
Activity.Duration:           00:00:00.0380046
Activity.Tags:
Activity.StartTime:          2026-06-08T01:29:06.4269171Z
    server.address: localhost
Activity.Duration:           00:00:00.6479243
    http.request.method: GET
Activity.Tags:
    url.scheme: http
    server.address: localhost
    url.path: /api/customer/home
    http.request.method: POST
    network.protocol.version: 1.1
    url.scheme: http
    http.route: api/customer/home
    url.path: /api/auth/register/customer
    http.response.status_code: 401
    network.protocol.version: 1.1
Instrumentation scope (ActivitySource):
    http.route: api/auth/register/customer
    Name: Microsoft.AspNetCore
    http.response.status_code: 201
Resource associated with Activity:
Instrumentation scope (ActivitySource):
    Name: Microsoft.AspNetCore
    telemetry.sdk.name: opentelemetry
Resource associated with Activity:
    telemetry.sdk.language: dotnet
    telemetry.sdk.name: opentelemetry
    telemetry.sdk.version: 1.14.0
    telemetry.sdk.language: dotnet
    service.name: unknown_service:testhost
    telemetry.sdk.version: 1.14.0
    service.name: unknown_service:testhost
    telemetry.sdk.language: dotnet
Activity.TraceId:            72a0cb7b631d53f1a1a3355c04e9dcf6
    telemetry.sdk.version: 1.14.0
Activity.SpanId:             dbed94e83eb6554b
    service.name: unknown_service:testhost
Activity.TraceFlags:         Recorded
Activity.DisplayName:        POST api/auth/register/customer
Activity.Kind:               Server
Activity.TraceId:            b0a39efe79c0336472cd00a48ca5d1c5
Activity.StartTime:          2026-06-08T01:29:06.4269171Z
Activity.SpanId:             e92957817da25a1b
Activity.Duration:           00:00:00.6479243
Activity.TraceFlags:         Recorded
Activity.Tags:
Activity.DisplayName:        POST api/auth/register/seller
    server.address: localhost
Activity.TraceId:            90841337b54461e0a7b26b9d4d267c41
    http.request.method: POST
Activity.Kind:               Server
[22:29:07 INF] Request finished HTTP/1.1 POST http://localhost/api/admin/plans - 201 null application/json; charset=utf-8 235.8555ms
Activity.SpanId:             33da7505b384d0e6
    url.scheme: http
Activity.StartTime:          2026-06-08T01:29:06.4268473Z
    url.path: /api/auth/register/customer
Activity.TraceFlags:         Recorded
    network.protocol.version: 1.1
Activity.Duration:           00:00:00.5296474
Activity.DisplayName:        POST api/auth/register/seller
    http.route: api/auth/register/customer
Activity.Kind:               Server
    http.response.status_code: 201
Activity.Tags:
Activity.StartTime:          2026-06-08T01:29:06.4269197Z
    server.address: localhost
Activity.Duration:           00:00:00.6486545
Instrumentation scope (ActivitySource):
    http.request.method: POST
    Name: Microsoft.AspNetCore
Activity.Tags:
Resource associated with Activity:
    server.address: localhost
    telemetry.sdk.name: opentelemetry
    url.scheme: http
    http.request.method: POST
    telemetry.sdk.language: dotnet
    url.scheme: http
    telemetry.sdk.version: 1.14.0
    url.path: /api/auth/register/seller
    service.name: unknown_service:testhost
    url.path: /api/auth/register/seller
    network.protocol.version: 1.1
    network.protocol.version: 1.1
    http.route: api/auth/register/seller
    http.route: api/auth/register/seller
    http.response.status_code: 201
    http.response.status_code: 201
Instrumentation scope (ActivitySource):
    Name: Microsoft.AspNetCore
Instrumentation scope (ActivitySource):
    Name: Microsoft.AspNetCore
Resource associated with Activity:
Resource associated with Activity:
    telemetry.sdk.name: opentelemetry
    telemetry.sdk.name: opentelemetry
    telemetry.sdk.language: dotnet
    telemetry.sdk.language: dotnet
    telemetry.sdk.version: 1.14.0
    telemetry.sdk.version: 1.14.0
    service.name: unknown_service:testhost
    service.name: unknown_service:testhost
Activity.TraceId:            b0a39efe79c0336472cd00a48ca5d1c5
Activity.SpanId:             e92957817da25a1b
Activity.TraceId:            90841337b54461e0a7b26b9d4d267c41
Activity.TraceFlags:         Recorded
Activity.SpanId:             33da7505b384d0e6
Activity.DisplayName:        POST api/auth/register/seller
Activity.TraceFlags:         Recorded
Activity.Kind:               Server
Activity.DisplayName:        POST api/auth/register/seller
Activity.StartTime:          2026-06-08T01:29:06.4268473Z
Activity.Kind:               Server
Activity.Duration:           00:00:00.5296474
Activity.Tags:
Activity.StartTime:          2026-06-08T01:29:06.4269197Z
    server.address: localhost
Activity.Duration:           00:00:00.6486545
    http.request.method: POST
Activity.Tags:
    url.scheme: http
    server.address: localhost
    url.path: /api/auth/register/seller
    http.request.method: POST
    network.protocol.version: 1.1
    http.route: api/auth/register/seller
    url.scheme: http
    http.response.status_code: 201
    url.path: /api/auth/register/seller
Instrumentation scope (ActivitySource):
    network.protocol.version: 1.1
    Name: Microsoft.AspNetCore
Resource associated with Activity:
    http.route: api/auth/register/seller
    telemetry.sdk.name: opentelemetry
    http.response.status_code: 201
    telemetry.sdk.language: dotnet
Instrumentation scope (ActivitySource):
    Name: Microsoft.AspNetCore
    telemetry.sdk.version: 1.14.0
Resource associated with Activity:
    service.name: unknown_service:testhost
    telemetry.sdk.name: opentelemetry
    telemetry.sdk.language: dotnet
    telemetry.sdk.version: 1.14.0
Activity.TraceId:            b0a39efe79c0336472cd00a48ca5d1c5
    service.name: unknown_service:testhost
Activity.SpanId:             e92957817da25a1b
Activity.TraceFlags:         Recorded
Activity.DisplayName:        POST api/auth/register/seller
Activity.TraceId:            90841337b54461e0a7b26b9d4d267c41
Activity.Kind:               Server
Activity.SpanId:             33da7505b384d0e6
Activity.TraceId:            d4562247bee10e2828f609065373c468
Activity.TraceFlags:         Recorded
Activity.SpanId:             4cf80240cdc2c9a1
Activity.DisplayName:        POST api/auth/register/seller
Activity.TraceFlags:         Recorded
Activity.Kind:               Server
Activity.StartTime:          2026-06-08T01:29:06.4269197Z
Activity.StartTime:          2026-06-08T01:29:06.4268473Z
Activity.Duration:           00:00:00.6486545
Activity.DisplayName:        POST api/admin/plans
Activity.Duration:           00:00:00.5296474
Activity.Kind:               Server
Activity.Tags:
Activity.Tags:
    server.address: localhost
    server.address: localhost
    http.request.method: POST
Activity.StartTime:          2026-06-08T01:29:06.9623387Z
Activity.Duration:           00:00:00.2360774
    http.request.method: POST
Activity.Tags:
    url.scheme: http
    url.path: /api/auth/register/seller
    network.protocol.version: 1.1
    http.route: api/auth/register/seller
    http.response.status_code: 201
    url.scheme: http
Instrumentation scope (ActivitySource):
    url.path: /api/auth/register/seller
    network.protocol.version: 1.1
    Name: Microsoft.AspNetCore
    http.route: api/auth/register/seller
Resource associated with Activity:
    http.response.status_code: 201
    server.address: localhost
Instrumentation scope (ActivitySource):
    http.request.method: POST
    Name: Microsoft.AspNetCore
    telemetry.sdk.name: opentelemetry
    url.scheme: http
Resource associated with Activity:
    url.path: /api/admin/plans
    telemetry.sdk.language: dotnet
    telemetry.sdk.name: opentelemetry
    network.protocol.version: 1.1
    telemetry.sdk.language: dotnet
    telemetry.sdk.version: 1.14.0
    http.route: api/admin/plans
    service.name: unknown_service:testhost
    http.response.status_code: 201
    telemetry.sdk.version: 1.14.0
Instrumentation scope (ActivitySource):
    service.name: unknown_service:testhost
    Name: Microsoft.AspNetCore
Resource associated with Activity:
    telemetry.sdk.name: opentelemetry
    telemetry.sdk.language: dotnet
    telemetry.sdk.version: 1.14.0
Activity.TraceId:            90841337b54461e0a7b26b9d4d267c41
    service.name: unknown_service:testhost
Activity.SpanId:             33da7505b384d0e6
Activity.TraceFlags:         Recorded
Activity.TraceId:            b0a39efe79c0336472cd00a48ca5d1c5
Activity.DisplayName:        POST api/auth/register/seller
Activity.SpanId:             e92957817da25a1b
Activity.Kind:               Server
Activity.TraceFlags:         Recorded
Activity.TraceId:            d4562247bee10e2828f609065373c468
Activity.DisplayName:        POST api/auth/register/seller
Activity.SpanId:             4cf80240cdc2c9a1
Activity.StartTime:          2026-06-08T01:29:06.4269197Z
Activity.TraceFlags:         Recorded
Activity.Duration:           00:00:00.6486545
Activity.DisplayName:        POST api/admin/plans
Activity.Tags:
Activity.Kind:               Server
    server.address: localhost
Activity.Kind:               Server
    http.request.method: POST
Activity.StartTime:          2026-06-08T01:29:06.9623387Z
Activity.StartTime:          2026-06-08T01:29:06.4268473Z
Activity.Duration:           00:00:00.2360774
Activity.Duration:           00:00:00.5296474
    url.scheme: http
Activity.Tags:
    url.path: /api/auth/register/seller
    server.address: localhost
    network.protocol.version: 1.1
Activity.Tags:
    http.request.method: POST
    http.route: api/auth/register/seller
    server.address: localhost
    http.response.status_code: 201
    http.request.method: POST
Instrumentation scope (ActivitySource):
    url.scheme: http
    Name: Microsoft.AspNetCore
Resource associated with Activity:
    url.path: /api/auth/register/seller
    telemetry.sdk.name: opentelemetry
    url.scheme: http
    telemetry.sdk.language: dotnet
    url.path: /api/admin/plans
    telemetry.sdk.version: 1.14.0
    network.protocol.version: 1.1
    service.name: unknown_service:testhost
    http.route: api/auth/register/seller
    network.protocol.version: 1.1
    http.response.status_code: 201
    http.route: api/admin/plans
Instrumentation scope (ActivitySource):
    http.response.status_code: 201
Instrumentation scope (ActivitySource):
    Name: Microsoft.AspNetCore
Resource associated with Activity:
    telemetry.sdk.name: opentelemetry
    Name: Microsoft.AspNetCore
    telemetry.sdk.language: dotnet
Resource associated with Activity:
    telemetry.sdk.version: 1.14.0
    telemetry.sdk.name: opentelemetry
    telemetry.sdk.language: dotnet
    telemetry.sdk.version: 1.14.0
    service.name: unknown_service:testhost
    service.name: unknown_service:testhost
Activity.TraceId:            a8cf6ce1de60d45ee37506b47704b5f3
Activity.TraceId:            d4562247bee10e2828f609065373c468
Activity.SpanId:             8cf30e520b9d580e
Activity.SpanId:             4cf80240cdc2c9a1
Activity.TraceFlags:         Recorded
Activity.TraceFlags:         Recorded
Activity.DisplayName:        GET api/customer/home
Activity.DisplayName:        POST api/admin/plans
Activity.TraceId:            90841337b54461e0a7b26b9d4d267c41
Activity.Kind:               Server
Activity.SpanId:             33da7505b384d0e6
Activity.StartTime:          2026-06-08T01:29:06.9623387Z
Activity.TraceFlags:         Recorded
Activity.Duration:           00:00:00.2360774
Activity.DisplayName:        POST api/auth/register/seller
Activity.Tags:
Activity.Kind:               Server
    server.address: localhost
    http.request.method: POST
    url.scheme: http
    url.path: /api/admin/plans
Activity.StartTime:          2026-06-08T01:29:06.4269197Z
    network.protocol.version: 1.1
Activity.Duration:           00:00:00.6486545
    http.route: api/admin/plans
Activity.Tags:
    http.response.status_code: 201
    server.address: localhost
    http.request.method: POST
Instrumentation scope (ActivitySource):
    Name: Microsoft.AspNetCore
    url.scheme: http
Resource associated with Activity:
    url.path: /api/auth/register/seller
    telemetry.sdk.name: opentelemetry
    network.protocol.version: 1.1
    telemetry.sdk.language: dotnet
    http.route: api/auth/register/seller
    telemetry.sdk.version: 1.14.0
    http.response.status_code: 201
    service.name: unknown_service:testhost
Instrumentation scope (ActivitySource):
    Name: Microsoft.AspNetCore
Resource associated with Activity:
Activity.TraceId:            d4562247bee10e2828f609065373c468
    telemetry.sdk.name: opentelemetry
Activity.SpanId:             4cf80240cdc2c9a1
    telemetry.sdk.language: dotnet
Activity.TraceFlags:         Recorded
    telemetry.sdk.version: 1.14.0
Activity.DisplayName:        POST api/admin/plans
    service.name: unknown_service:testhost
Activity.Kind:               Server
Activity.StartTime:          2026-06-08T01:29:06.9623387Z
Activity.Duration:           00:00:00.2360774
Activity.Kind:               Server
Activity.Tags:
    server.address: localhost
    http.request.method: POST
[22:29:07 INF] Request starting HTTP/1.1 POST http://localhost/api/auth/email/resend-confirmation - application/json; charset=utf-8 null
    url.scheme: http
Activity.StartTime:          2026-06-08T01:29:07.0040337Z
    url.path: /api/admin/plans
    network.protocol.version: 1.1
Activity.Duration:           00:00:00.0380046
    http.route: api/admin/plans
Activity.Tags:
    http.response.status_code: 201
    server.address: localhost
Instrumentation scope (ActivitySource):
    http.request.method: GET
    Name: Microsoft.AspNetCore
    url.scheme: http
Resource associated with Activity:
    url.path: /api/customer/home
    telemetry.sdk.name: opentelemetry
    network.protocol.version: 1.1
    telemetry.sdk.language: dotnet
    http.route: api/customer/home
    telemetry.sdk.version: 1.14.0
    service.name: unknown_service:testhost
    http.response.status_code: 401
Instrumentation scope (ActivitySource):
    Name: Microsoft.AspNetCore
Resource associated with Activity:
Activity.TraceId:            d4562247bee10e2828f609065373c468
    telemetry.sdk.name: opentelemetry
Activity.SpanId:             4cf80240cdc2c9a1
    telemetry.sdk.language: dotnet
Activity.TraceFlags:         Recorded
    telemetry.sdk.version: 1.14.0
Activity.DisplayName:        POST api/admin/plans
    service.name: unknown_service:testhost
Activity.Kind:               Server
Activity.TraceId:            a8cf6ce1de60d45ee37506b47704b5f3
Activity.StartTime:          2026-06-08T01:29:06.9623387Z
Activity.SpanId:             8cf30e520b9d580e
Activity.Duration:           00:00:00.2360774
Activity.TraceFlags:         Recorded
Activity.Tags:
Activity.DisplayName:        GET api/customer/home
    server.address: localhost
Activity.Kind:               Server
    http.request.method: POST
    url.scheme: http
    url.path: /api/admin/plans
Activity.StartTime:          2026-06-08T01:29:07.0040337Z
    network.protocol.version: 1.1
Activity.Duration:           00:00:00.0380046
    http.route: api/admin/plans
Activity.Tags:
    http.response.status_code: 201
    server.address: localhost
Instrumentation scope (ActivitySource):
    Name: Microsoft.AspNetCore
Resource associated with Activity:
    http.request.method: GET
    telemetry.sdk.name: opentelemetry
    url.scheme: http
    telemetry.sdk.language: dotnet
    url.path: /api/customer/home
    telemetry.sdk.version: 1.14.0
    network.protocol.version: 1.1
    service.name: unknown_service:testhost
    http.route: api/customer/home
    http.response.status_code: 401
Instrumentation scope (ActivitySource):
[22:29:07 INF] Executing endpoint 'Urbeat.WebApi.Controllers.AuthController.LoginSeller (Urbeat.WebApi)'
Activity.TraceId:            d4562247bee10e2828f609065373c468
    Name: Microsoft.AspNetCore
Activity.SpanId:             4cf80240cdc2c9a1
Resource associated with Activity:
Activity.TraceFlags:         Recorded
    telemetry.sdk.name: opentelemetry
[22:29:07 INF] Executing endpoint 'Urbeat.WebApi.Controllers.AuthController.LoginSeller (Urbeat.WebApi)'
Activity.DisplayName:        POST api/admin/plans
Resource associated with Metrics:
Activity.Kind:               Server
    telemetry.sdk.language: dotnet
	telemetry.sdk.name: opentelemetry
Activity.StartTime:          2026-06-08T01:29:06.9623387Z
    telemetry.sdk.version: 1.14.0
	telemetry.sdk.language: dotnet
Activity.Duration:           00:00:00.2360774
	telemetry.sdk.version: 1.14.0
    service.name: unknown_service:testhost
	service.name: unknown_service:testhost
Activity.Tags:
    server.address: localhost
    http.request.method: POST
    url.scheme: http
[22:29:07 INF] Route matched with {action = "LoginSeller", controller = "Auth"}. Executing controller action with signature System.Threading.Tasks.Task`1[Microsoft.AspNetCore.Mvc.IActionResult] LoginSeller(Urbeat.Application.DTOs.LoginRequestDto, System.Threading.CancellationToken) on controller Urbeat.WebApi.Controllers.AuthController (Urbeat.WebApi).
    url.path: /api/admin/plans
    network.protocol.version: 1.1
    http.route: api/admin/plans
    http.response.status_code: 201
Instrumentation scope (ActivitySource):
[22:29:07 INF] Route matched with {action = "LoginSeller", controller = "Auth"}. Executing controller action with signature System.Threading.Tasks.Task`1[Microsoft.AspNetCore.Mvc.IActionResult] LoginSeller(Urbeat.Application.DTOs.LoginRequestDto, System.Threading.CancellationToken) on controller Urbeat.WebApi.Controllers.AuthController (Urbeat.WebApi).
    Name: Microsoft.AspNetCore
Resource associated with Activity:
    telemetry.sdk.name: opentelemetry
    telemetry.sdk.language: dotnet
[22:29:07 INF] Request starting HTTP/1.1 POST http://localhost/api/auth/email/confirm/xbzzvk547jVB9UKz8pMLSeLnD - null null
    telemetry.sdk.version: 1.14.0
    service.name: unknown_service:testhost
[22:29:07 INF] Request starting HTTP/1.1 POST http://localhost/api/admin/plans - application/json; charset=utf-8 null
Activity.TraceId:            d4562247bee10e2828f609065373c468
Activity.SpanId:             4cf80240cdc2c9a1
Activity.TraceFlags:         Recorded
Activity.DisplayName:        POST api/admin/plans
Activity.Kind:               Server
[22:29:07 INF] Route matched with {action = "LoginSeller", controller = "Auth"}. Executing controller action with signature System.Threading.Tasks.Task`1[Microsoft.AspNetCore.Mvc.IActionResult] LoginSeller(Urbeat.Application.DTOs.LoginRequestDto, System.Threading.CancellationToken) on controller Urbeat.WebApi.Controllers.AuthController (Urbeat.WebApi).
Activity.StartTime:          2026-06-08T01:29:06.9623387Z
[22:29:07 INF] Executing endpoint 'Urbeat.WebApi.Controllers.AuthController.ResendEmailConfirmation (Urbeat.WebApi)'
Activity.Duration:           00:00:00.2360774
Activity.Tags:
    server.address: localhost
    http.request.method: POST
[22:29:07 INF] Saved 1 entities to in-memory store.
    url.scheme: http
    url.path: /api/admin/plans
    network.protocol.version: 1.1
    http.route: api/admin/plans
    http.response.status_code: 201
Instrumentation scope (ActivitySource):
    Name: Microsoft.AspNetCore
Resource associated with Activity:
    telemetry.sdk.name: opentelemetry
    telemetry.sdk.language: dotnet
    telemetry.sdk.version: 1.14.0
    service.name: unknown_service:testhost
[22:29:07 INF] Saved 1 entities to in-memory store.
[22:29:07 INF] USER_LOGGED_IN | Login succeeded | UserId=019ea4d9-0555-7490-9885-bd4ba833c9fc | Email=subscription.contract.seller.c892596817684a43839e59f6a7395013@urbeat.local | Role=Seller | IP=null
[22:29:07 INF] USER_LOGGED_IN | Login succeeded | UserId=019ea4d9-0555-7d90-96ef-e3ba38c1c7fd | Email=payments.seller.714af0b23e3c4024bf3329e7afada19e@urbeat.local | Role=Seller | IP=null
Activity.TraceId:            d4562247bee10e2828f609065373c468
Activity.SpanId:             4cf80240cdc2c9a1
Activity.TraceFlags:         Recorded
Activity.DisplayName:        POST api/admin/plans
Activity.Kind:               Server
[22:29:07 INF] Saved 1 entities to in-memory store.
Activity.StartTime:          2026-06-08T01:29:06.9623387Z
Activity.Duration:           00:00:00.2360774
Activity.Tags:
    server.address: localhost
    http.request.method: POST
    url.scheme: http
    url.path: /api/admin/plans
    network.protocol.version: 1.1
    http.route: api/admin/plans
    http.response.status_code: 201
Instrumentation scope (ActivitySource):
    Name: Microsoft.AspNetCore
Resource associated with Activity:
    telemetry.sdk.name: opentelemetry
    telemetry.sdk.language: dotnet
    telemetry.sdk.version: 1.14.0
    service.name: unknown_service:testhost
Activity.TraceId:            d4562247bee10e2828f609065373c468
Activity.SpanId:             4cf80240cdc2c9a1
[22:29:07 INF] USER_LOGGED_IN | Login succeeded | UserId=019ea4d9-055b-72d2-8f89-c3604828a3b9 | Email=customer.address.19ab829438434d0893d880217c4dfe86@urbeat.local | Role=Customer | IP=null
Activity.TraceFlags:         Recorded
Activity.DisplayName:        POST api/admin/plans
Activity.Kind:               Server
Activity.StartTime:          2026-06-08T01:29:06.9623387Z
Activity.Duration:           00:00:00.2360774
Activity.Tags:
    server.address: localhost
    http.request.method: POST
    url.scheme: http
    url.path: /api/admin/plans
[22:29:07 INF] Saved 1 entities to in-memory store.
    network.protocol.version: 1.1
    http.route: api/admin/plans
    http.response.status_code: 201
Instrumentation scope (ActivitySource):
    Name: Microsoft.AspNetCore
Resource associated with Activity:
    telemetry.sdk.name: opentelemetry
    telemetry.sdk.language: dotnet
    telemetry.sdk.version: 1.14.0
    service.name: unknown_service:testhost
Activity.TraceId:            d4562247bee10e2828f609065373c468
Activity.SpanId:             4cf80240cdc2c9a1
Activity.TraceFlags:         Recorded
Activity.DisplayName:        POST api/admin/plans
Activity.Kind:               Server
Activity.StartTime:          2026-06-08T01:29:06.9623387Z
Activity.Duration:           00:00:00.2360774
Activity.Tags:
    server.address: localhost
    http.request.method: POST
    url.scheme: http
    url.path: /api/admin/plans
    network.protocol.version: 1.1
    http.route: api/admin/plans
    http.response.status_code: 201
Instrumentation scope (ActivitySource):
    Name: Microsoft.AspNetCore
Resource associated with Activity:
    telemetry.sdk.name: opentelemetry
    telemetry.sdk.language: dotnet
    telemetry.sdk.version: 1.14.0
    service.name: unknown_service:testhost
Activity.TraceId:            d4562247bee10e2828f609065373c468
Activity.SpanId:             4cf80240cdc2c9a1
Activity.TraceFlags:         Recorded
Activity.DisplayName:        POST api/admin/plans
Activity.Kind:               Server
Activity.StartTime:          2026-06-08T01:29:06.9623387Z
Activity.Duration:           00:00:00.2360774
Activity.Tags:
    server.address: localhost
    http.request.method: POST
    url.scheme: http
    url.path: /api/admin/plans
    network.protocol.version: 1.1
    http.route: api/admin/plans
    http.response.status_code: 201
Instrumentation scope (ActivitySource):
    Name: Microsoft.AspNetCore
Resource associated with Activity:
    telemetry.sdk.name: opentelemetry
    telemetry.sdk.language: dotnet
    telemetry.sdk.version: 1.14.0
    service.name: unknown_service:testhost
[22:29:07 INF] Saved 1 entities to in-memory store.
[22:29:07 INF] Executed action method Urbeat.WebApi.Controllers.AuthController.LoginCustomer (Urbeat.WebApi), returned result Microsoft.AspNetCore.Mvc.OkObjectResult in 94.8661ms.
[22:29:07 INF] Executed action method Urbeat.WebApi.Controllers.AuthController.LoginSeller (Urbeat.WebApi), returned result Microsoft.AspNetCore.Mvc.OkObjectResult in 94.8349ms.
[22:29:07 INF] Executing OkObjectResult, writing value of type 'Urbeat.Application.DTOs.AuthTokenResponseDto'.
Metric Name: http.server.active_requests, Description: Number of active HTTP server requests., Unit: {request}, Metric Type: LongSumNonMonotonic
[22:29:07 INF] Executing OkObjectResult, writing value of type 'Urbeat.Application.DTOs.AuthTokenResponseDto'.
Instrumentation scope (Meter):
	Name: Microsoft.AspNetCore.Hosting
[22:29:07 INF] Executed action Urbeat.WebApi.Controllers.AuthController.LoginCustomer (Urbeat.WebApi) in 133.7058ms
[22:29:07 INF] Executing action method Urbeat.WebApi.Controllers.AuthController.LoginSeller (Urbeat.WebApi) - Validation state: Valid
[22:29:07 INF] Saved 1 entities to in-memory store.
[22:29:07 INF] Executed endpoint 'Urbeat.WebApi.Controllers.AuthController.LoginCustomer (Urbeat.WebApi)'
[22:29:07 INF] Executed action Urbeat.WebApi.Controllers.AuthController.LoginSeller (Urbeat.WebApi) in 133.7825ms
[22:29:07 INF] Executing action method Urbeat.WebApi.Controllers.AuthController.LoginSeller (Urbeat.WebApi) - Validation state: Valid
[22:29:07 INF] Executed action method Urbeat.WebApi.Controllers.AuthController.LoginSeller (Urbeat.WebApi), returned result Microsoft.AspNetCore.Mvc.OkObjectResult in 94.2397ms.
[22:29:07 INF] HTTP POST /api/auth/login/customer responded 200 in 205.5029 ms
[22:29:07 INF] Executed endpoint 'Urbeat.WebApi.Controllers.AuthController.LoginSeller (Urbeat.WebApi)'
[22:29:07 INF] Executing action method Urbeat.WebApi.Controllers.AuthController.LoginSeller (Urbeat.WebApi) - Validation state: Valid
[22:29:07 INF] HTTP POST /api/auth/login/seller responded 200 in 204.2308 ms
[22:29:07 INF] Executing OkObjectResult, writing value of type 'Urbeat.Application.DTOs.AuthTokenResponseDto'.
[22:29:07 INF] Request finished HTTP/1.1 POST http://localhost/api/auth/login/customer - 200 null application/json; charset=utf-8 285.4274ms
[22:29:07 INF] Request finished HTTP/1.1 POST http://localhost/api/auth/login/seller - 200 null application/json; charset=utf-8 244.6323ms
[22:29:07 INF] Executed action Urbeat.WebApi.Controllers.AuthController.LoginSeller (Urbeat.WebApi) in 95.9115ms
[22:29:07 INF] Executed endpoint 'Urbeat.WebApi.Controllers.AuthController.LoginSeller (Urbeat.WebApi)'
Activity.TraceId:            6d2b5b35fe38975012d965f92dbd2018
Activity.SpanId:             43d3b20159b3a106
Activity.TraceFlags:         Recorded
Activity.DisplayName:        POST api/auth/login/customer
Activity.Kind:               Server
Activity.StartTime:          2026-06-08T01:29:06.9623392Z
[22:29:07 INF] HTTP POST /api/auth/login/seller responded 200 in 170.8620 ms
Activity.Duration:           00:00:00.2856775
Activity.Tags:
    server.address: localhost
    http.request.method: POST
    url.scheme: http
    url.path: /api/auth/login/customer
    network.protocol.version: 1.1
    http.route: api/auth/login/customer
    http.response.status_code: 200
Instrumentation scope (ActivitySource):
    Name: Microsoft.AspNetCore
Resource associated with Activity:
    telemetry.sdk.name: opentelemetry
    telemetry.sdk.language: dotnet
    telemetry.sdk.version: 1.14.0
    service.name: unknown_service:testhost
Activity.TraceId:            6d2b5b35fe38975012d965f92dbd2018
Activity.SpanId:             43d3b20159b3a106
Activity.TraceFlags:         Recorded
Activity.DisplayName:        POST api/auth/login/customer
Activity.Kind:               Server
Activity.StartTime:          2026-06-08T01:29:06.9623392Z
Activity.Duration:           00:00:00.2856775
Activity.Tags:
    server.address: localhost
Activity.TraceId:            0e0e98367c9484275f1e9aa31399e9f5
    http.request.method: POST
Activity.SpanId:             9095b26ba75ba20e
    url.scheme: http
Activity.TraceFlags:         Recorded
    url.path: /api/auth/login/customer
Activity.DisplayName:        POST api/auth/login/seller
    network.protocol.version: 1.1
Activity.Kind:               Server
    http.route: api/auth/login/customer
    http.response.status_code: 200
Instrumentation scope (ActivitySource):
    Name: Microsoft.AspNetCore
[22:29:07 INF] Request finished HTTP/1.1 POST http://localhost/api/auth/login/seller - 200 null application/json; charset=utf-8 206.0767ms
Activity.StartTime:          2026-06-08T01:29:07.0032568Z
Resource associated with Activity:
Activity.Duration:           00:00:00.2448532
    telemetry.sdk.name: opentelemetry
Activity.Tags:
    telemetry.sdk.language: dotnet
    telemetry.sdk.version: 1.14.0
    server.address: localhost
    service.name: unknown_service:testhost
    http.request.method: POST
    url.scheme: http
Activity.TraceId:            6d2b5b35fe38975012d965f92dbd2018
    url.path: /api/auth/login/seller
    network.protocol.version: 1.1
    http.route: api/auth/login/seller
    http.response.status_code: 200
Instrumentation scope (ActivitySource):
    Name: Microsoft.AspNetCore
Resource associated with Activity:
    telemetry.sdk.name: opentelemetry
    telemetry.sdk.language: dotnet
    telemetry.sdk.version: 1.14.0
    service.name: unknown_service:testhost
Activity.TraceId:            0e0e98367c9484275f1e9aa31399e9f5
Activity.SpanId:             9095b26ba75ba20e
Activity.TraceFlags:         Recorded
Activity.DisplayName:        POST api/auth/login/seller
Activity.Kind:               Server
Activity.TraceId:            67dc6198ce958483156e7468474da0e2
Activity.StartTime:          2026-06-08T01:29:07.0032568Z
Activity.SpanId:             33525bdb4ec6fcd9
Activity.Duration:           00:00:00.2448532
Activity.TraceFlags:         Recorded
Activity.Tags:
Activity.DisplayName:        POST api/auth/login/seller
    server.address: localhost
Activity.Kind:               Server
    http.request.method: POST
    url.scheme: http
    url.path: /api/auth/login/seller
Activity.StartTime:          2026-06-08T01:29:07.0421386Z
    network.protocol.version: 1.1
Activity.Duration:           00:00:00.2061510
    http.route: api/auth/login/seller
Activity.Tags:
    http.response.status_code: 200
    server.address: localhost
Instrumentation scope (ActivitySource):
    http.request.method: POST
    Name: Microsoft.AspNetCore
    url.scheme: http
Resource associated with Activity:
    url.path: /api/auth/login/seller
    telemetry.sdk.name: opentelemetry
    network.protocol.version: 1.1
    telemetry.sdk.language: dotnet
    http.route: api/auth/login/seller
    telemetry.sdk.version: 1.14.0
    http.response.status_code: 200
    service.name: unknown_service:testhost
Instrumentation scope (ActivitySource):
    Name: Microsoft.AspNetCore
Resource associated with Activity:
    telemetry.sdk.name: opentelemetry
    telemetry.sdk.language: dotnet
    telemetry.sdk.version: 1.14.0
    service.name: unknown_service:testhost
Activity.SpanId:             43d3b20159b3a106
Activity.TraceFlags:         Recorded
Activity.TraceId:            67dc6198ce958483156e7468474da0e2
Activity.DisplayName:        POST api/auth/login/customer
Activity.SpanId:             33525bdb4ec6fcd9
Activity.Kind:               Server
Activity.TraceFlags:         Recorded
Activity.DisplayName:        POST api/auth/login/seller
Activity.StartTime:          2026-06-08T01:29:06.9623392Z
Activity.Kind:               Server
Activity.Duration:           00:00:00.2856775
(2026-06-08T01:29:04.1528812Z, 2026-06-08T01:29:07.2088857Z] http.request.method: GET url.scheme: http
Value: 0
Activity.StartTime:          2026-06-08T01:29:07.0421386Z
[22:29:07 INF] Executing endpoint 'Urbeat.WebApi.Controllers.AuthController.ConfirmEmailByCode (Urbeat.WebApi)'
(2026-06-08T01:29:04.1528812Z, 2026-06-08T01:29:07.2088857Z] http.request.method: POST url.scheme: http
Value: 11
Activity.Duration:           00:00:00.2061510
Activity.Tags:
    server.address: localhost
Activity.Tags:
    http.request.method: POST
    url.scheme: http
    server.address: localhost
    url.path: /api/auth/login/seller
    http.request.method: POST
    network.protocol.version: 1.1
    url.scheme: http
    http.route: api/auth/login/seller
Metric Name: http.server.request.duration, Description: Duration of HTTP server requests., Unit: s, Metric Type: Histogram
Instrumentation scope (Meter):
    url.path: /api/auth/login/customer
    network.protocol.version: 1.1
    http.route: api/auth/login/customer
    http.response.status_code: 200
Instrumentation scope (ActivitySource):
    Name: Microsoft.AspNetCore
Resource associated with Activity:
    http.response.status_code: 200
    telemetry.sdk.name: opentelemetry
Instrumentation scope (ActivitySource):
    Name: Microsoft.AspNetCore
    telemetry.sdk.language: dotnet
	Name: Microsoft.AspNetCore.Hosting
Resource associated with Activity:
    telemetry.sdk.version: 1.14.0
    service.name: unknown_service:testhost
    telemetry.sdk.name: opentelemetry
    telemetry.sdk.language: dotnet
    telemetry.sdk.version: 1.14.0
    service.name: unknown_service:testhost
Activity.TraceId:            6d2b5b35fe38975012d965f92dbd2018
Activity.SpanId:             43d3b20159b3a106
Activity.TraceId:            67dc6198ce958483156e7468474da0e2
Activity.TraceFlags:         Recorded
Activity.SpanId:             33525bdb4ec6fcd9
Activity.DisplayName:        POST api/auth/login/customer
Activity.TraceFlags:         Recorded
Activity.Kind:               Server
Activity.DisplayName:        POST api/auth/login/seller
Activity.Kind:               Server
Activity.StartTime:          2026-06-08T01:29:06.9623392Z
Activity.StartTime:          2026-06-08T01:29:07.0421386Z
Activity.Duration:           00:00:00.2856775
Activity.Duration:           00:00:00.2061510
Activity.Tags:
Activity.Tags:
    server.address: localhost
    server.address: localhost
    http.request.method: POST
    http.request.method: POST
    url.scheme: http
    url.scheme: http
    url.path: /api/auth/login/customer
    url.path: /api/auth/login/seller
    network.protocol.version: 1.1
    network.protocol.version: 1.1
    http.route: api/auth/login/customer
    http.route: api/auth/login/seller
    http.response.status_code: 200
    http.response.status_code: 200
Instrumentation scope (ActivitySource):
    Name: Microsoft.AspNetCore
Instrumentation scope (ActivitySource):
Resource associated with Activity:
    Name: Microsoft.AspNetCore
    telemetry.sdk.name: opentelemetry
Resource associated with Activity:
    telemetry.sdk.language: dotnet
    telemetry.sdk.name: opentelemetry
    telemetry.sdk.version: 1.14.0
    telemetry.sdk.language: dotnet
    service.name: unknown_service:testhost
    telemetry.sdk.version: 1.14.0
    service.name: unknown_service:testhost
Activity.TraceId:            6d2b5b35fe38975012d965f92dbd2018
Activity.TraceId:            67dc6198ce958483156e7468474da0e2
Activity.SpanId:             43d3b20159b3a106
Activity.SpanId:             33525bdb4ec6fcd9
Activity.TraceFlags:         Recorded
Activity.TraceFlags:         Recorded
Activity.DisplayName:        POST api/auth/login/customer
Activity.DisplayName:        POST api/auth/login/seller
Activity.Kind:               Server
Activity.Kind:               Server
Activity.StartTime:          2026-06-08T01:29:06.9623392Z
Activity.StartTime:          2026-06-08T01:29:07.0421386Z
Activity.Duration:           00:00:00.2856775
Activity.Duration:           00:00:00.2061510
Activity.Tags:
Activity.Tags:
    server.address: localhost
    server.address: localhost
    http.request.method: POST
    http.request.method: POST
    url.scheme: http
    url.scheme: http
    url.path: /api/auth/login/customer
    url.path: /api/auth/login/seller
    network.protocol.version: 1.1
    network.protocol.version: 1.1
    http.route: api/auth/login/customer
    http.route: api/auth/login/seller
    http.response.status_code: 200
    http.response.status_code: 200
Instrumentation scope (ActivitySource):
    Name: Microsoft.AspNetCore
Instrumentation scope (ActivitySource):
Resource associated with Activity:
    Name: Microsoft.AspNetCore
    telemetry.sdk.name: opentelemetry
Resource associated with Activity:
    telemetry.sdk.language: dotnet
    telemetry.sdk.name: opentelemetry
    telemetry.sdk.version: 1.14.0
    telemetry.sdk.language: dotnet
    service.name: unknown_service:testhost
    telemetry.sdk.version: 1.14.0
    service.name: unknown_service:testhost
Activity.TraceId:            6d2b5b35fe38975012d965f92dbd2018
Activity.TraceId:            67dc6198ce958483156e7468474da0e2
Activity.SpanId:             43d3b20159b3a106
Activity.SpanId:             33525bdb4ec6fcd9
Activity.TraceFlags:         Recorded
Activity.TraceFlags:         Recorded
Activity.DisplayName:        POST api/auth/login/customer
Activity.DisplayName:        POST api/auth/login/seller
Activity.Kind:               Server
Activity.Kind:               Server
Activity.StartTime:          2026-06-08T01:29:06.9623392Z
Activity.StartTime:          2026-06-08T01:29:07.0421386Z
Activity.Duration:           00:00:00.2856775
Activity.Duration:           00:00:00.2061510
Activity.Tags:
Activity.Tags:
    server.address: localhost
    server.address: localhost
    http.request.method: POST
    http.request.method: POST
    url.scheme: http
    url.scheme: http
    url.path: /api/auth/login/customer
    url.path: /api/auth/login/seller
    network.protocol.version: 1.1
    network.protocol.version: 1.1
    http.route: api/auth/login/customer
    http.route: api/auth/login/seller
    http.response.status_code: 200
    http.response.status_code: 200
Instrumentation scope (ActivitySource):
Instrumentation scope (ActivitySource):
    Name: Microsoft.AspNetCore
    Name: Microsoft.AspNetCore
Resource associated with Activity:
Resource associated with Activity:
    telemetry.sdk.name: opentelemetry
    telemetry.sdk.name: opentelemetry
    telemetry.sdk.language: dotnet
    telemetry.sdk.version: 1.14.0
    telemetry.sdk.language: dotnet
    telemetry.sdk.version: 1.14.0
    service.name: unknown_service:testhost
    service.name: unknown_service:testhost
Activity.TraceId:            6d2b5b35fe38975012d965f92dbd2018
Activity.TraceId:            67dc6198ce958483156e7468474da0e2
Activity.TraceId:            0e0e98367c9484275f1e9aa31399e9f5
Activity.SpanId:             33525bdb4ec6fcd9
Activity.SpanId:             9095b26ba75ba20e
Activity.TraceFlags:         Recorded
Activity.TraceFlags:         Recorded
Activity.DisplayName:        POST api/auth/login/seller
Activity.Kind:               Server
Activity.SpanId:             43d3b20159b3a106
Activity.TraceFlags:         Recorded
[22:29:07 INF] Route matched with {action = "ResendEmailConfirmation", controller = "Auth"}. Executing controller action with signature System.Threading.Tasks.Task`1[Microsoft.AspNetCore.Mvc.IActionResult] ResendEmailConfirmation(Urbeat.Application.DTOs.ResendEmailConfirmationRequestDto, System.Threading.CancellationToken) on controller Urbeat.WebApi.Controllers.AuthController (Urbeat.WebApi).
(2026-06-08T01:29:04.1528917Z, 2026-06-08T01:29:07.2089794Z] http.request.method: GET http.response.status_code: 401 http.route: api/stores/{storeId}/categories network.protocol.version: 1.1 url.scheme: http
Value: Sum: 0.1887134 Count: 1 Min: 0.1887134 Max: 0.1887134 
(-Infinity,0,005]:0
(0,005,0,01]:0
(0,01,0,025]:0
(0,025,0,05]:0
(0,05,0,075]:0
(0,075,0,1]:0
(0,1,0,25]:1
(0,25,0,5]:0
(0,5,0,75]:0
(0,75,1]:0
(1,2,5]:0
(2,5,5]:0
(5,7,5]:0
(7,5,10]:0
(10,+Infinity]:0
[22:29:07 INF] Executing endpoint 'Urbeat.WebApi.Controllers.AdminController.CreatePlan (Urbeat.WebApi)'
Activity.DisplayName:        POST api/auth/login/seller
[22:29:07 INF] Route matched with {action = "LoginSeller", controller = "Auth"}. Executing controller action with signature System.Threading.Tasks.Task`1[Microsoft.AspNetCore.Mvc.IActionResult] LoginSeller(Urbeat.Application.DTOs.LoginRequestDto, System.Threading.CancellationToken) on controller Urbeat.WebApi.Controllers.AuthController (Urbeat.WebApi).
Activity.DisplayName:        POST api/auth/login/customer
[22:29:07 INF] Route matched with {action = "LoginSeller", controller = "Auth"}. Executing controller action with signature System.Threading.Tasks.Task`1[Microsoft.AspNetCore.Mvc.IActionResult] LoginSeller(Urbeat.Application.DTOs.LoginRequestDto, System.Threading.CancellationToken) on controller Urbeat.WebApi.Controllers.AuthController (Urbeat.WebApi).
Activity.Kind:               Server
Activity.Kind:               Server
[22:29:07 INF] Route matched with {action = "ConfirmEmailByCode", controller = "Auth"}. Executing controller action with signature System.Threading.Tasks.Task`1[Microsoft.AspNetCore.Mvc.IActionResult] ConfirmEmailByCode(System.String, System.Threading.CancellationToken) on controller Urbeat.WebApi.Controllers.AuthController (Urbeat.WebApi).
Activity.StartTime:          2026-06-08T01:29:07.0032568Z
[22:29:07 WRN] Admin seeding skipped because the data store is unavailable.
System.InvalidOperationException: Relational-specific methods can only be used when the context is using a relational database provider.
   at Microsoft.EntityFrameworkCore.RelationalDatabaseFacadeExtensions.GetRelationalService[TService](IInfrastructure`1 databaseFacade)
   at Microsoft.EntityFrameworkCore.RelationalDatabaseFacadeExtensions.MigrateAsync(DatabaseFacade databaseFacade, CancellationToken cancellationToken)
   at Program.<Main>$(String[] args) in C:\Projetos\urbeat\backend\src\Urbeat.WebApi\Program.cs:line 42
Activity.Duration:           00:00:00.2448532
Activity.Tags:
(2026-06-08T01:29:04.1528917Z, 2026-06-08T01:29:07.2089794Z] http.request.method: GET http.response.status_code: 403 http.route: api/customer/home network.protocol.version: 1.1 url.scheme: http
Value: Sum: 0.1794913 Count: 1 Min: 0.1794913 Max: 0.1794913 
(-Infinity,0,005]:0
(0,005,0,01]:0
(0,01,0,025]:0
(0,025,0,05]:0
(0,05,0,075]:0
(0,075,0,1]:0
(0,1,0,25]:1
(0,25,0,5]:0
(0,5,0,75]:0
(0,75,1]:0
(1,2,5]:0
(2,5,5]:0
(5,7,5]:0
(7,5,10]:0
(10,+Infinity]:0
    server.address: localhost
    http.request.method: POST
Activity.StartTime:          2026-06-08T01:29:07.0421386Z
    url.scheme: http
Activity.Duration:           00:00:00.2061510
    url.path: /api/auth/login/seller
Activity.Tags:
Activity.StartTime:          2026-06-08T01:29:06.9623392Z
    network.protocol.version: 1.1
    server.address: localhost
Activity.Duration:           00:00:00.2856775
    http.request.method: POST
Activity.Tags:
    http.route: api/auth/login/seller
    server.address: localhost
(2026-06-08T01:29:04.1528917Z, 2026-06-08T01:29:07.2089794Z] http.request.method: GET http.response.status_code: 400 http.route: api/address-lookup/cep/{cep} network.protocol.version: 1.1 url.scheme: http
Value: Sum: 0.214077 Count: 1 Min: 0.214077 Max: 0.214077 
(-Infinity,0,005]:0
(0,005,0,01]:0
(0,01,0,025]:0
(0,025,0,05]:0
(0,05,0,075]:0
(0,075,0,1]:0
(0,1,0,25]:1
(0,25,0,5]:0
(0,5,0,75]:0
(0,75,1]:0
(1,2,5]:0
(2,5,5]:0
(5,7,5]:0
(7,5,10]:0
(10,+Infinity]:0
    url.scheme: http
    http.response.status_code: 200
    url.path: /api/auth/login/seller
    http.request.method: POST
Instrumentation scope (ActivitySource):
    network.protocol.version: 1.1
    url.scheme: http
(2026-06-08T01:29:04.1528917Z, 2026-06-08T01:29:07.2089794Z] http.request.method: GET http.response.status_code: 403 http.route: api/admin/dashboard network.protocol.version: 1.1 url.scheme: http
Value: Sum: 0.0062894 Count: 1 Min: 0.0062894 Max: 0.0062894 
(-Infinity,0,005]:0
(0,005,0,01]:1
(0,01,0,025]:0
(0,025,0,05]:0
(0,05,0,075]:0
(0,075,0,1]:0
(0,1,0,25]:0
(0,25,0,5]:0
(0,5,0,75]:0
(0,75,1]:0
(1,2,5]:0
(2,5,5]:0
(5,7,5]:0
(7,5,10]:0
(10,+Infinity]:0
    http.route: api/auth/login/seller
    Name: Microsoft.AspNetCore
[22:29:07 INF] Route matched with {action = "CreatePlan", controller = "Admin"}. Executing controller action with signature System.Threading.Tasks.Task`1[Microsoft.AspNetCore.Mvc.IActionResult] CreatePlan(Urbeat.Application.DTOs.CreatePlanRequestDto, System.Threading.CancellationToken) on controller Urbeat.WebApi.Controllers.AdminController (Urbeat.WebApi).
(2026-06-08T01:29:04.1528917Z, 2026-06-08T01:29:07.2089794Z] http.request.method: GET http.response.status_code: 403 http.route: api/seller/panel network.protocol.version: 1.1 url.scheme: http
Value: Sum: 0.0081006 Count: 1 Min: 0.0081006 Max: 0.0081006 
(-Infinity,0,005]:0
(0,005,0,01]:1
(0,01,0,025]:0
(0,025,0,05]:0
(0,05,0,075]:0
(0,075,0,1]:0
(0,1,0,25]:0
(0,25,0,5]:0
(0,5,0,75]:0
(0,75,1]:0
(1,2,5]:0
(2,5,5]:0
(5,7,5]:0
(7,5,10]:0
(10,+Infinity]:0
    url.path: /api/auth/login/customer
    network.protocol.version: 1.1
    http.response.status_code: 200
    http.route: api/auth/login/customer
(2026-06-08T01:29:04.1528917Z, 2026-06-08T01:29:07.2089794Z] http.request.method: GET http.response.status_code: 200 http.route: api/customer/home network.protocol.version: 1.1 url.scheme: http
Value: Sum: 0.0835938 Count: 1 Min: 0.0835938 Max: 0.0835938 
(-Infinity,0,005]:0
(0,005,0,01]:0
(0,01,0,025]:0
(0,025,0,05]:0
(0,05,0,075]:0
(0,075,0,1]:1
(0,1,0,25]:0
(0,25,0,5]:0
(0,5,0,75]:0
(0,75,1]:0
(1,2,5]:0
(2,5,5]:0
(5,7,5]:0
(7,5,10]:0
(10,+Infinity]:0
    http.response.status_code: 200
Instrumentation scope (ActivitySource):
Instrumentation scope (ActivitySource):
    Name: Microsoft.AspNetCore
    Name: Microsoft.AspNetCore
Resource associated with Activity:
Resource associated with Activity:
(2026-06-08T01:29:04.1528917Z, 2026-06-08T01:29:07.2089794Z] http.request.method: GET http.response.status_code: 200 http.route: api/admin/dashboard network.protocol.version: 1.1 url.scheme: http
Value: Sum: 0.0702009 Count: 1 Min: 0.0702009 Max: 0.0702009 
(-Infinity,0,005]:0
(0,005,0,01]:0
(0,01,0,025]:0
(0,025,0,05]:0
(0,05,0,075]:1
(0,075,0,1]:0
(0,1,0,25]:0
(0,25,0,5]:0
(0,5,0,75]:0
(0,75,1]:0
(1,2,5]:0
(2,5,5]:0
(5,7,5]:0
(7,5,10]:0
(10,+Infinity]:0
    telemetry.sdk.name: opentelemetry
    telemetry.sdk.name: opentelemetry
    telemetry.sdk.language: dotnet
    telemetry.sdk.language: dotnet
    telemetry.sdk.version: 1.14.0
(2026-06-08T01:29:04.1528917Z, 2026-06-08T01:29:07.2089794Z] http.request.method: GET http.response.status_code: 200 http.route: api/seller/panel network.protocol.version: 1.1 url.scheme: http
Value: Sum: 0.0039645 Count: 1 Min: 0.0039645 Max: 0.0039645 
(-Infinity,0,005]:1
(0,005,0,01]:0
(0,01,0,025]:0
(0,025,0,05]:0
(0,05,0,075]:0
(0,075,0,1]:0
(0,1,0,25]:0
(0,25,0,5]:0
(0,5,0,75]:0
(0,75,1]:0
(1,2,5]:0
(2,5,5]:0
(5,7,5]:0
(7,5,10]:0
(10,+Infinity]:0
    service.name: unknown_service:testhost
    telemetry.sdk.version: 1.14.0
    service.name: unknown_service:testhost
(2026-06-08T01:29:04.1528917Z, 2026-06-08T01:29:07.2089794Z] http.request.method: GET http.response.status_code: 401 http.route: api/seller/panel network.protocol.version: 1.1 url.scheme: http
Value: Sum: 0.0475293 Count: 1 Min: 0.0475293 Max: 0.0475293 
(-Infinity,0,005]:0
(0,005,0,01]:0
(0,01,0,025]:0
(0,025,0,05]:1
(0,05,0,075]:0
(0,075,0,1]:0
(0,1,0,25]:0
(0,25,0,5]:0
(0,5,0,75]:0
(0,75,1]:0
(1,2,5]:0
(2,5,5]:0
(5,7,5]:0
(7,5,10]:0
(10,+Infinity]:0
Activity.TraceId:            67dc6198ce958483156e7468474da0e2
Activity.TraceId:            6d2b5b35fe38975012d965f92dbd2018
Activity.SpanId:             33525bdb4ec6fcd9
Activity.SpanId:             43d3b20159b3a106
Resource associated with Activity:
Activity.TraceFlags:         Recorded
    telemetry.sdk.name: opentelemetry
Activity.DisplayName:        POST api/auth/login/customer
    telemetry.sdk.language: dotnet
Activity.Kind:               Server
    telemetry.sdk.version: 1.14.0
    service.name: unknown_service:testhost
Activity.StartTime:          2026-06-08T01:29:06.9623392Z
Activity.TraceFlags:         Recorded
Activity.Duration:           00:00:00.2856775
Activity.DisplayName:        POST api/auth/login/seller
Activity.TraceId:            0e0e98367c9484275f1e9aa31399e9f5
Activity.Tags:
Activity.SpanId:             9095b26ba75ba20e
    server.address: localhost
Activity.TraceFlags:         Recorded
Activity.Kind:               Server
Activity.DisplayName:        POST api/auth/login/seller
    http.request.method: POST
Activity.Kind:               Server
    url.scheme: http
Activity.StartTime:          2026-06-08T01:29:07.0421386Z
    url.path: /api/auth/login/customer
Activity.Duration:           00:00:00.2061510
Activity.StartTime:          2026-06-08T01:29:07.0032568Z
Activity.Tags:
Activity.Duration:           00:00:00.2448532
    server.address: localhost
Activity.Tags:
    http.request.method: POST
    url.scheme: http
    url.path: /api/auth/login/seller
    network.protocol.version: 1.1
    server.address: localhost
    http.route: api/auth/login/seller
(2026-06-08T01:29:04.1528917Z, 2026-06-08T01:29:07.2089794Z] http.request.method: POST http.response.status_code: 200 http.route: api/auth/login/admin network.protocol.version: 1.1 url.scheme: http
Value: Sum: 0.4766453 Count: 1 Min: 0.4766453 Max: 0.4766453 
(-Infinity,0,005]:0
(0,005,0,01]:0
(0,01,0,025]:0
(0,025,0,05]:0
(0,05,0,075]:0
(0,075,0,1]:0
(0,1,0,25]:0
(0,25,0,5]:1
(0,5,0,75]:0
(0,75,1]:0
(1,2,5]:0
(2,5,5]:0
(5,7,5]:0
(7,5,10]:0
(10,+Infinity]:0
    http.response.status_code: 200
    http.request.method: POST
Instrumentation scope (ActivitySource):
    Name: Microsoft.AspNetCore
    url.scheme: http
Resource associated with Activity:
    url.path: /api/auth/login/seller
    network.protocol.version: 1.1
    network.protocol.version: 1.1
    http.route: api/auth/login/customer
    telemetry.sdk.name: opentelemetry
    http.route: api/auth/login/seller
    http.response.status_code: 200
    http.response.status_code: 200
Instrumentation scope (ActivitySource):
Instrumentation scope (ActivitySource):
    Name: Microsoft.AspNetCore
    telemetry.sdk.language: dotnet
Resource associated with Activity:
    Name: Microsoft.AspNetCore
    telemetry.sdk.name: opentelemetry
    telemetry.sdk.version: 1.14.0
    telemetry.sdk.language: dotnet
Resource associated with Activity:
    service.name: unknown_service:testhost
    telemetry.sdk.name: opentelemetry
    telemetry.sdk.version: 1.14.0
    telemetry.sdk.language: dotnet
    service.name: unknown_service:testhost
    telemetry.sdk.version: 1.14.0
    service.name: unknown_service:testhost
Activity.TraceId:            67dc6198ce958483156e7468474da0e2
Activity.TraceId:            6d2b5b35fe38975012d965f92dbd2018
Activity.SpanId:             33525bdb4ec6fcd9
Activity.TraceId:            0e0e98367c9484275f1e9aa31399e9f5
Activity.TraceFlags:         Recorded
Activity.SpanId:             9095b26ba75ba20e
Activity.SpanId:             43d3b20159b3a106
Activity.DisplayName:        POST api/auth/login/seller
Activity.TraceFlags:         Recorded
Activity.Kind:               Server
Activity.DisplayName:        POST api/auth/login/customer
Activity.StartTime:          2026-06-08T01:29:07.0421386Z
Activity.Kind:               Server
Activity.Duration:           00:00:00.2061510
Activity.StartTime:          2026-06-08T01:29:06.9623392Z
Activity.Duration:           00:00:00.2856775
Activity.Tags:
Activity.Tags:
    server.address: localhost
(2026-06-08T01:29:04.1528917Z, 2026-06-08T01:29:07.2089794Z] http.request.method: POST http.response.status_code: 201 http.route: api/auth/register/seller network.protocol.version: 1.1 url.scheme: http
Value: Sum: 4.138385 Count: 8 Min: 0.3150469 Max: 0.6480225 
(-Infinity,0,005]:0
(0,005,0,01]:0
(0,01,0,025]:0
(0,025,0,05]:0
(0,05,0,075]:0
(0,075,0,1]:0
(0,1,0,25]:0
(0,25,0,5]:1
(0,5,0,75]:7
(0,75,1]:0
(1,2,5]:0
(2,5,5]:0
(5,7,5]:0
(7,5,10]:0
(10,+Infinity]:0
    server.address: localhost
    http.request.method: POST
    http.request.method: POST
    url.scheme: http
    url.scheme: http
    url.path: /api/auth/login/seller
(2026-06-08T01:29:04.1528917Z, 2026-06-08T01:29:07.2089794Z] http.request.method: POST http.response.status_code: 201 http.route: api/auth/register/customer network.protocol.version: 1.1 url.scheme: http
Value: Sum: 0.931126 Count: 2 Min: 0.3159467 Max: 0.6151793 
(-Infinity,0,005]:0
(0,005,0,01]:0
(0,01,0,025]:0
(0,025,0,05]:0
(0,05,0,075]:0
(0,075,0,1]:0
(0,1,0,25]:0
(0,25,0,5]:1
(0,5,0,75]:1
(0,75,1]:0
(1,2,5]:0
(2,5,5]:0
(5,7,5]:0
(7,5,10]:0
(10,+Infinity]:0
    url.path: /api/auth/login/customer
    network.protocol.version: 1.1
    network.protocol.version: 1.1
    http.route: api/auth/login/seller
    http.route: api/auth/login/customer
    http.response.status_code: 200
    http.response.status_code: 200
Instrumentation scope (ActivitySource):
Instrumentation scope (ActivitySource):
(2026-06-08T01:29:04.1528917Z, 2026-06-08T01:29:07.2089794Z] http.request.method: GET http.response.status_code: 401 http.route: api/admin/dashboard network.protocol.version: 1.1 url.scheme: http
Value: Sum: 0.0472334 Count: 1 Min: 0.0472334 Max: 0.0472334 
(-Infinity,0,005]:0
(0,005,0,01]:0
(0,01,0,025]:0
(0,025,0,05]:1
(0,05,0,075]:0
(0,075,0,1]:0
(0,1,0,25]:0
(0,25,0,5]:0
(0,5,0,75]:0
(0,75,1]:0
(1,2,5]:0
(2,5,5]:0
(5,7,5]:0
(7,5,10]:0
(10,+Infinity]:0
Activity.TraceFlags:         Recorded
    Name: Microsoft.AspNetCore
Activity.DisplayName:        POST api/auth/login/seller
Resource associated with Activity:
Activity.Kind:               Server
    telemetry.sdk.name: opentelemetry
(2026-06-08T01:29:04.1528917Z, 2026-06-08T01:29:07.2089794Z] http.request.method: GET http.response.status_code: 401 http.route: api/customer/home network.protocol.version: 1.1 url.scheme: http
Value: Sum: 0.0376968 Count: 1 Min: 0.0376968 Max: 0.0376968 
(-Infinity,0,005]:0
(0,005,0,01]:0
(0,01,0,025]:0
(0,025,0,05]:1
(0,05,0,075]:0
(0,075,0,1]:0
(0,1,0,25]:0
(0,25,0,5]:0
(0,5,0,75]:0
(0,75,1]:0
(1,2,5]:0
(2,5,5]:0
(5,7,5]:0
(7,5,10]:0
(10,+Infinity]:0
    telemetry.sdk.language: dotnet
Activity.StartTime:          2026-06-08T01:29:07.0032568Z
    telemetry.sdk.version: 1.14.0
Activity.Duration:           00:00:00.2448532
    service.name: unknown_service:testhost
(2026-06-08T01:29:04.1528917Z, 2026-06-08T01:29:07.2089794Z] http.request.method: POST http.response.status_code: 201 http.route: api/admin/plans network.protocol.version: 1.1 url.scheme: http
Value: Sum: 0.2358555 Count: 1 Min: 0.2358555 Max: 0.2358555 
(-Infinity,0,005]:0
(0,005,0,01]:0
(0,01,0,025]:0
(0,025,0,05]:0
(0,05,0,075]:0
(0,075,0,1]:0
(0,1,0,25]:1
(0,25,0,5]:0
(0,5,0,75]:0
(0,75,1]:0
(1,2,5]:0
(2,5,5]:0
(5,7,5]:0
(7,5,10]:0
(10,+Infinity]:0
Activity.Tags:
    server.address: localhost
Metric Name: dotnet.gc.collections, Description: The number of garbage collections that have occurred since the process has started., Unit: {collection}, Metric Type: LongSum
Instrumentation scope (Meter):
Activity.TraceId:            6d2b5b35fe38975012d965f92dbd2018
	Name: System.Runtime
Activity.SpanId:             43d3b20159b3a106
    http.request.method: POST
Activity.TraceFlags:         Recorded
(2026-06-08T01:29:04.1530629Z, 2026-06-08T01:29:07.2089806Z] gc.heap.generation: gen2
Value: 5
    url.scheme: http
Activity.DisplayName:        POST api/auth/login/customer
    url.path: /api/auth/login/seller
(2026-06-08T01:29:04.1530629Z, 2026-06-08T01:29:07.2089806Z] gc.heap.generation: gen1
Value: 7
    network.protocol.version: 1.1
Activity.Kind:               Server
    http.route: api/auth/login/seller
(2026-06-08T01:29:04.1530629Z, 2026-06-08T01:29:07.2089806Z] gc.heap.generation: gen0
Value: 19
    http.response.status_code: 200
Activity.StartTime:          2026-06-08T01:29:06.9623392Z
Instrumentation scope (ActivitySource):
Activity.Duration:           00:00:00.2856775
    Name: Microsoft.AspNetCore
Activity.Tags:
Metric Name: dotnet.process.memory.working_set, Description: The number of bytes of physical memory mapped to the process context., Unit: By, Metric Type: LongSumNonMonotonic
Instrumentation scope (Meter):
Resource associated with Activity:
    server.address: localhost
    telemetry.sdk.name: opentelemetry
	Name: System.Runtime
    telemetry.sdk.language: dotnet
    http.request.method: POST
    telemetry.sdk.version: 1.14.0
    url.scheme: http
(2026-06-08T01:29:04.1530724Z, 2026-06-08T01:29:07.2089811Z]  
Value: 252174336
    Name: Microsoft.AspNetCore
Metric Name: dotnet.gc.heap.total_allocated, Description: The approximate number of bytes allocated on the managed GC heap since the process has started. The returned value does not include any native allocations., Unit: By, Metric Type: LongSum
Resource associated with Activity:
    url.path: /api/auth/login/customer
    telemetry.sdk.name: opentelemetry
    network.protocol.version: 1.1
    telemetry.sdk.language: dotnet
    http.route: api/auth/login/customer
Instrumentation scope (Meter):
    http.response.status_code: 200
    telemetry.sdk.version: 1.14.0
Instrumentation scope (ActivitySource):
    service.name: unknown_service:testhost
	Name: System.Runtime
    Name: Microsoft.AspNetCore
(2026-06-08T01:29:04.1530818Z, 2026-06-08T01:29:07.2089814Z]  
Value: 218128488
Resource associated with Activity:
Metric Name: dotnet.gc.last_collection.memory.committed_size, Description: The amount of committed virtual memory in use by the .NET GC, as observed during the latest garbage collection., Unit: By, Metric Type: LongSumNonMonotonic
    telemetry.sdk.name: opentelemetry
Activity.TraceId:            67dc6198ce958483156e7468474da0e2
Instrumentation scope (Meter):
    service.name: unknown_service:testhost
Activity.SpanId:             33525bdb4ec6fcd9
	Name: System.Runtime
    telemetry.sdk.language: dotnet
Activity.TraceFlags:         Recorded
    telemetry.sdk.version: 1.14.0
Activity.DisplayName:        POST api/auth/login/seller
    service.name: unknown_service:testhost
Activity.TraceId:            0e0e98367c9484275f1e9aa31399e9f5
Activity.TraceId:            6d2b5b35fe38975012d965f92dbd2018
Activity.SpanId:             43d3b20159b3a106
(2026-06-08T01:29:04.1530923Z, 2026-06-08T01:29:07.2089819Z]  
Value: 94670848
Activity.Kind:               Server
[22:29:07 INF] Executing action method Urbeat.WebApi.Controllers.AuthController.ConfirmEmailByCode (Urbeat.WebApi) - Validation state: Valid
Activity.StartTime:          2026-06-08T01:29:07.0421386Z
Activity.TraceFlags:         Recorded
Activity.Duration:           00:00:00.2061510
Activity.DisplayName:        POST api/auth/login/customer
Activity.Kind:               Server
Activity.Tags:
Activity.SpanId:             9095b26ba75ba20e
[22:29:07 INF] Executing action method Urbeat.WebApi.Controllers.AdminController.CreatePlan (Urbeat.WebApi) - Validation state: Valid
Activity.StartTime:          2026-06-08T01:29:06.9623392Z
Activity.TraceFlags:         Recorded
Activity.Duration:           00:00:00.2856775
Activity.DisplayName:        POST api/auth/login/seller
    server.address: localhost
Activity.Tags:
    http.request.method: POST
Activity.Kind:               Server
    server.address: localhost
    url.scheme: http
    http.request.method: POST
    url.path: /api/auth/login/seller
    url.scheme: http
Activity.StartTime:          2026-06-08T01:29:07.0032568Z
    url.path: /api/auth/login/customer
    network.protocol.version: 1.1
Activity.Duration:           00:00:00.2448532
    http.route: api/auth/login/seller
Activity.Tags:
    network.protocol.version: 1.1
    server.address: localhost
    http.response.status_code: 200
    http.route: api/auth/login/customer
    http.request.method: POST
[22:29:07 INF] Executing action method Urbeat.WebApi.Controllers.AuthController.LoginSeller (Urbeat.WebApi) - Validation state: Valid
Instrumentation scope (ActivitySource):
    url.scheme: http
    Name: Microsoft.AspNetCore
    http.response.status_code: 200
Resource associated with Activity:
    url.path: /api/auth/login/seller
Instrumentation scope (ActivitySource):
    network.protocol.version: 1.1
[22:29:07 INF] Executing action method Urbeat.WebApi.Controllers.AuthController.ResendEmailConfirmation (Urbeat.WebApi) - Validation state: Valid
    Name: Microsoft.AspNetCore
    telemetry.sdk.name: opentelemetry
    http.route: api/auth/login/seller
Resource associated with Activity:
    telemetry.sdk.language: dotnet
    http.response.status_code: 200
    telemetry.sdk.name: opentelemetry
Instrumentation scope (ActivitySource):
    telemetry.sdk.version: 1.14.0
    telemetry.sdk.language: dotnet
    service.name: unknown_service:testhost
    telemetry.sdk.version: 1.14.0
    service.name: unknown_service:testhost
    Name: Microsoft.AspNetCore
Resource associated with Activity:
Activity.TraceId:            67dc6198ce958483156e7468474da0e2
    telemetry.sdk.name: opentelemetry
    telemetry.sdk.language: dotnet
Activity.SpanId:             33525bdb4ec6fcd9
    telemetry.sdk.version: 1.14.0
Activity.TraceFlags:         Recorded
    service.name: unknown_service:testhost
Activity.DisplayName:        POST api/auth/login/seller
Activity.Kind:               Server
[22:29:07 INF] Executing action method Urbeat.WebApi.Controllers.AuthController.LoginSeller (Urbeat.WebApi) - Validation state: Valid
Activity.StartTime:          2026-06-08T01:29:07.0421386Z
Activity.Duration:           00:00:00.2061510
Activity.Tags:
[22:29:07 INF] Saved 1 entities to in-memory store.
Activity.TraceId:            0e0e98367c9484275f1e9aa31399e9f5
    server.address: localhost
Activity.SpanId:             9095b26ba75ba20e
    http.request.method: POST
Activity.TraceFlags:         Recorded
    url.scheme: http
Activity.DisplayName:        POST api/auth/login/seller
    url.path: /api/auth/login/seller
Activity.Kind:               Server
    network.protocol.version: 1.1
    http.route: api/auth/login/seller
    http.response.status_code: 200
Activity.StartTime:          2026-06-08T01:29:07.0032568Z
Instrumentation scope (ActivitySource):
Activity.Duration:           00:00:00.2448532
    Name: Microsoft.AspNetCore
Activity.Tags:
[22:29:07 INF] Saved 1 entities to in-memory store.
Resource associated with Activity:
    server.address: localhost
    telemetry.sdk.name: opentelemetry
    http.request.method: POST
    telemetry.sdk.language: dotnet
    url.scheme: http
    telemetry.sdk.version: 1.14.0
    url.path: /api/auth/login/seller
    service.name: unknown_service:testhost
[22:29:07 INF] Saved 1 entities to in-memory store.
    network.protocol.version: 1.1
    http.route: api/auth/login/seller
Metric Name: dotnet.gc.last_collection.heap.size, Description: The managed GC heap size (including fragmentation), as observed during the latest garbage collection., Unit: By, Metric Type: LongSumNonMonotonic
Activity.TraceId:            67dc6198ce958483156e7468474da0e2
Instrumentation scope (Meter):
Activity.SpanId:             33525bdb4ec6fcd9
    http.response.status_code: 200
Activity.TraceFlags:         Recorded
Instrumentation scope (ActivitySource):
	Name: System.Runtime
    Name: Microsoft.AspNetCore
Activity.DisplayName:        POST api/auth/login/seller
Resource associated with Activity:
Activity.Kind:               Server
    telemetry.sdk.name: opentelemetry
    telemetry.sdk.language: dotnet
    telemetry.sdk.version: 1.14.0
    service.name: unknown_service:testhost
Activity.StartTime:          2026-06-08T01:29:07.0421386Z
Activity.Duration:           00:00:00.2061510
(2026-06-08T01:29:04.1531012Z, 2026-06-08T01:29:07.2089826Z] gc.heap.generation: gen0
Value: 0
Activity.TraceId:            0e0e98367c9484275f1e9aa31399e9f5
Activity.Tags:
(2026-06-08T01:29:04.1531012Z, 2026-06-08T01:29:07.2089826Z] gc.heap.generation: gen1
Value: 1557016
Activity.SpanId:             9095b26ba75ba20e
    server.address: localhost
(2026-06-08T01:29:04.1531012Z, 2026-06-08T01:29:07.2089826Z] gc.heap.generation: gen2
Value: 37497640
    http.request.method: POST
Activity.TraceFlags:         Recorded
    url.scheme: http
(2026-06-08T01:29:04.1531012Z, 2026-06-08T01:29:07.2089826Z] gc.heap.generation: loh
Value: 46268936
Activity.DisplayName:        POST api/auth/login/seller
[22:29:07 INF] USER_LOGGED_IN | Login succeeded | UserId=019ea4d9-055d-7bd9-89eb-40be1ffcab64 | Email=categories.flow.e37c2c2e7c0147b48b86fb032cd43587@urbeat.local | Role=Seller | IP=null
(2026-06-08T01:29:04.1531012Z, 2026-06-08T01:29:07.2089826Z] gc.heap.generation: poh
Value: 123736
    url.path: /api/auth/login/seller
    network.protocol.version: 1.1
[22:29:07 INF] USER_LOGGED_IN | Login succeeded | UserId=019ea4d9-0555-7d68-be12-6b31c9645746 | Email=subscription.seller.99fc9a975a034b139ec9271cfb730b9b@urbeat.local | Role=Seller | IP=null
Metric Name: dotnet.gc.last_collection.heap.fragmentation.size, Description: The heap fragmentation, as observed during the latest garbage collection., Unit: By, Metric Type: LongSumNonMonotonic
Instrumentation scope (Meter):
Activity.Kind:               Server
	Name: System.Runtime
[22:29:07 INF] USER_LOGGED_IN | Login succeeded | UserId=019ea4d9-0555-7414-81f0-1d2e24e953f0 | Email=store.management.80edac284434491389280e555faaa04f@urbeat.local | Role=Seller | IP=null
Activity.StartTime:          2026-06-08T01:29:07.0032568Z
(2026-06-08T01:29:04.1531134Z, 2026-06-08T01:29:07.2089833Z] gc.heap.generation: gen0
Value: 0
Activity.Duration:           00:00:00.2448532
[22:29:07 INF] User profile is available. Using 'C:\Users\intfa\AppData\Local\ASP.NET\DataProtection-Keys' as key repository and Windows DPAPI to encrypt keys at rest.
(2026-06-08T01:29:04.1531134Z, 2026-06-08T01:29:07.2089833Z] gc.heap.generation: gen1
Value: 27240
Activity.Tags:
(2026-06-08T01:29:04.1531134Z, 2026-06-08T01:29:07.2089833Z] gc.heap.generation: gen2
Value: 1693648
    server.address: localhost
    http.route: api/auth/login/seller
    http.request.method: POST
    http.response.status_code: 200
(2026-06-08T01:29:04.1531134Z, 2026-06-08T01:29:07.2089833Z] gc.heap.generation: loh
Value: 10304
Instrumentation scope (ActivitySource):
    url.scheme: http
    Name: Microsoft.AspNetCore
    url.path: /api/auth/login/seller
(2026-06-08T01:29:04.1531134Z, 2026-06-08T01:29:07.2089833Z] gc.heap.generation: poh
Value: 0
Resource associated with Activity:
Metric Name: dotnet.gc.pause.time, Description: The total amount of time paused in GC since the process has started., Unit: s, Metric Type: DoubleSum
    telemetry.sdk.name: opentelemetry
Instrumentation scope (Meter):
    telemetry.sdk.language: dotnet
	Name: System.Runtime
    telemetry.sdk.version: 1.14.0
    service.name: unknown_service:testhost
(2026-06-08T01:29:04.1532834Z, 2026-06-08T01:29:07.2090138Z]  
Value: 0.24265
[22:29:07 INF] Saved 1 entities to in-memory store.
Metric Name: dotnet.jit.compiled_il.size, Description: Count of bytes of intermediate language that have been compiled since the process has started., Unit: By, Metric Type: LongSum
Instrumentation scope (Meter):
[22:29:07 INF] Saved 1 entities to in-memory store.
	Name: System.Runtime
[22:29:07 INF] Saved 1 entities to in-memory store.
    network.protocol.version: 1.1
(2026-06-08T01:29:04.1533199Z, 2026-06-08T01:29:07.2090144Z]  
Value: 1429892
    http.route: api/auth/login/seller
    http.response.status_code: 200
Metric Name: dotnet.jit.compiled_methods, Description: The number of times the JIT compiler (re)compiled methods since the process has started., Unit: {method}, Metric Type: LongSum
Instrumentation scope (ActivitySource):
Instrumentation scope (Meter):
    Name: Microsoft.AspNetCore
	Name: System.Runtime
Resource associated with Activity:
    telemetry.sdk.name: opentelemetry
    telemetry.sdk.language: dotnet
[22:29:07 INF] Saved 1 entities to in-memory store.
    telemetry.sdk.version: 1.14.0
(2026-06-08T01:29:04.1548346Z, 2026-06-08T01:29:07.2090148Z]  
Value: 23209
    service.name: unknown_service:testhost
Metric Name: dotnet.jit.compilation.time, Description: The number of times the JIT compiler (re)compiled methods since the process has started., Unit: s, Metric Type: DoubleSum
Instrumentation scope (Meter):
	Name: System.Runtime
[22:29:07 INF] Executed action method Urbeat.WebApi.Controllers.AuthController.LoginSeller (Urbeat.WebApi), returned result Microsoft.AspNetCore.Mvc.OkObjectResult in 85.1942ms.
[22:29:07 INF] Executed action method Urbeat.WebApi.Controllers.AdminController.CreatePlan (Urbeat.WebApi), returned result Microsoft.AspNetCore.Mvc.ObjectResult in 0.8432ms.
Activity.TraceId:            0e0e98367c9484275f1e9aa31399e9f5
[22:29:07 INF] Executed action method Urbeat.WebApi.Controllers.AuthController.LoginSeller (Urbeat.WebApi), returned result Microsoft.AspNetCore.Mvc.OkObjectResult in 85.3137ms.
Activity.SpanId:             9095b26ba75ba20e
Activity.TraceFlags:         Recorded
(2026-06-08T01:29:04.1548495Z, 2026-06-08T01:29:07.2090154Z]  
Value: 3.4040611
[22:29:07 INF] Executed action method Urbeat.WebApi.Controllers.AuthController.LoginSeller (Urbeat.WebApi), returned result Microsoft.AspNetCore.Mvc.OkObjectResult in 85.1328ms.
Activity.DisplayName:        POST api/auth/login/seller
Metric Name: dotnet.monitor.lock_contentions, Description: The number of times there was contention when trying to acquire a monitor lock since the process has started., Unit: {contention}, Metric Type: LongSum
Instrumentation scope (Meter):
Activity.Kind:               Server
	Name: System.Runtime
Activity.StartTime:          2026-06-08T01:29:07.0032568Z
Activity.Duration:           00:00:00.2448532
Activity.Tags:
(2026-06-08T01:29:04.1548676Z, 2026-06-08T01:29:07.2090159Z]  
Value: 1129
    server.address: localhost
    http.request.method: POST
Metric Name: dotnet.thread_pool.thread.count, Description: The number of thread pool threads that currently exist., Unit: {thread}, Metric Type: LongSum
    url.scheme: http
    url.path: /api/auth/login/seller
Instrumentation scope (Meter):
	Name: System.Runtime
    network.protocol.version: 1.1
    http.route: api/auth/login/seller
(2026-06-08T01:29:04.1548860Z, 2026-06-08T01:29:07.2090163Z]  
Value: 17
    http.response.status_code: 200
Metric Name: dotnet.thread_pool.work_item.count, Description: The number of work items that the thread pool has completed since the process has started., Unit: {work_item}, Metric Type: LongSum
Instrumentation scope (Meter):
Instrumentation scope (ActivitySource):
	Name: System.Runtime
    Name: Microsoft.AspNetCore
Resource associated with Activity:
    telemetry.sdk.name: opentelemetry
    telemetry.sdk.language: dotnet
    telemetry.sdk.version: 1.14.0
(2026-06-08T01:29:04.1549730Z, 2026-06-08T01:29:07.2090167Z]  
Value: 402
    service.name: unknown_service:testhost
Metric Name: dotnet.thread_pool.queue.length, Description: The number of work items that are currently queued to be processed by the thread pool., Unit: {work_item}, Metric Type: LongSum
Instrumentation scope (Meter):
	Name: System.Runtime
Activity.TraceId:            0e0e98367c9484275f1e9aa31399e9f5
(2026-06-08T01:29:04.1552560Z, 2026-06-08T01:29:07.2090172Z]  
Value: 8
Activity.SpanId:             9095b26ba75ba20e
Metric Name: dotnet.timer.count, Description: The number of timer instances that are currently active. An active timer is registered to tick at some point in the future and has not yet been canceled., Unit: {timer}, Metric Type: LongSumNonMonotonic
[22:29:07 INF] Executing OkObjectResult, writing value of type 'Urbeat.Application.DTOs.AuthTokenResponseDto'.
Instrumentation scope (Meter):
[22:29:07 INF] Executing ObjectResult, writing value of type 'Urbeat.Application.DTOs.PlanResponseDto'.
	Name: System.Runtime
[22:29:07 INF] Executing OkObjectResult, writing value of type 'Urbeat.Application.DTOs.AuthTokenResponseDto'.
Activity.TraceFlags:         Recorded
Activity.DisplayName:        POST api/auth/login/seller
(2026-06-08T01:29:04.1650485Z, 2026-06-08T01:29:07.2090177Z]  
Value: 29
Activity.Kind:               Server
Metric Name: dotnet.assembly.count, Description: The number of .NET assemblies that are currently loaded., Unit: {assembly}, Metric Type: LongSumNonMonotonic
Instrumentation scope (Meter):
	Name: System.Runtime
Activity.StartTime:          2026-06-08T01:29:07.0032568Z
[22:29:07 INF] Executing OkObjectResult, writing value of type 'Urbeat.Application.DTOs.AuthTokenResponseDto'.
(2026-06-08T01:29:04.1872950Z, 2026-06-08T01:29:07.2090180Z]  
Value: 261
Activity.Duration:           00:00:00.2448532
[22:29:07 INF] Executed action Urbeat.WebApi.Controllers.AdminController.CreatePlan (Urbeat.WebApi) in 49.2171ms
Activity.Tags:
Metric Name: dotnet.exceptions, Description: The number of exceptions that have been thrown in managed code., Unit: {exception}, Metric Type: LongSum
    server.address: localhost
Instrumentation scope (Meter):
	Name: System.Runtime
    http.request.method: POST
    url.scheme: http
    url.path: /api/auth/login/seller
(2026-06-08T01:29:04.1873310Z, 2026-06-08T01:29:07.2090187Z] error.type: SocketException
Value: 6
    network.protocol.version: 1.1
    http.route: api/auth/login/seller
(2026-06-08T01:29:04.1873310Z, 2026-06-08T01:29:07.2090187Z] error.type: NullReferenceException
Value: 4
    http.response.status_code: 200
(2026-06-08T01:29:04.1873310Z, 2026-06-08T01:29:07.2090187Z] error.type: OperationCanceledException
Value: 7
Instrumentation scope (ActivitySource):
Metric Name: dotnet.process.cpu.count, Description: The number of processors available to the process., Unit: {cpu}, Metric Type: LongSumNonMonotonic
    Name: Microsoft.AspNetCore
Instrumentation scope (Meter):
Resource associated with Activity:
	Name: System.Runtime
    telemetry.sdk.name: opentelemetry
    telemetry.sdk.language: dotnet
    telemetry.sdk.version: 1.14.0
    service.name: unknown_service:testhost
(2026-06-08T01:29:04.1873923Z, 2026-06-08T01:29:07.2090198Z]  
Value: 12
Activity.TraceId:            0e0e98367c9484275f1e9aa31399e9f5
Metric Name: dotnet.process.cpu.time, Description: CPU time used by the process., Unit: s, Metric Type: DoubleSum
Instrumentation scope (Meter):
	Name: System.Runtime
Activity.SpanId:             9095b26ba75ba20e
Activity.TraceFlags:         Recorded
(2026-06-08T01:29:04.1875029Z, 2026-06-08T01:29:07.2090202Z] cpu.mode: user
Value: 8.28125
Activity.DisplayName:        POST api/auth/login/seller
(2026-06-08T01:29:04.1875029Z, 2026-06-08T01:29:07.2090202Z] cpu.mode: system
Value: 2.015625
Activity.Kind:               Server
Metric Name: dns.lookup.duration, Description: Measures the time taken to perform a DNS lookup., Unit: s, Metric Type: Histogram
Instrumentation scope (Meter):
	Name: System.Net.NameResolution
Activity.StartTime:          2026-06-08T01:29:07.0032568Z
Activity.Duration:           00:00:00.2448532
Activity.Tags:
    server.address: localhost
    http.request.method: POST
    url.scheme: http
    url.path: /api/auth/login/seller
    network.protocol.version: 1.1
    http.route: api/auth/login/seller
    http.response.status_code: 200
Instrumentation scope (ActivitySource):
    Name: Microsoft.AspNetCore
(2026-06-08T01:29:04.2010742Z, 2026-06-08T01:29:07.2090213Z] dns.question.name: localhost
Value: Sum: 0.004122300000000001 Count: 2 Min: 0.0006343 Max: 0.003488 
(-Infinity,0,005]:2
(0,005,0,01]:0
(0,01,0,025]:0
(0,025,0,05]:0
(0,05,0,075]:0
(0,075,0,1]:0
(0,1,0,25]:0
(0,25,0,5]:0
(0,5,0,75]:0
(0,75,1]:0
(1,2,5]:0
(2,5,5]:0
(5,7,5]:0
(7,5,10]:0
(10,+Infinity]:0
Resource associated with Activity:
Metric Name: aspnetcore.routing.match_attempts, Description: Number of requests that were attempted to be matched to an endpoint., Unit: {match_attempt}, Metric Type: LongSum
Instrumentation scope (Meter):
[22:29:07 INF] Executed endpoint 'Urbeat.WebApi.Controllers.AdminController.CreatePlan (Urbeat.WebApi)'
	Name: Microsoft.AspNetCore.Routing
    telemetry.sdk.name: opentelemetry
    telemetry.sdk.language: dotnet
[22:29:07 INF] Executed action Urbeat.WebApi.Controllers.AuthController.LoginSeller (Urbeat.WebApi) in 96.7231ms
    telemetry.sdk.version: 1.14.0
    service.name: unknown_service:testhost
[22:29:07 INF] Executed endpoint 'Urbeat.WebApi.Controllers.AuthController.LoginSeller (Urbeat.WebApi)'
[22:29:07 INF] HTTP POST /api/admin/plans responded 201 in 85.8423 ms
(2026-06-08T01:29:05.8087622Z, 2026-06-08T01:29:07.2090222Z] aspnetcore.routing.is_fallback: false aspnetcore.routing.match_status: success http.route: api/auth/login/admin
Value: 1
(2026-06-08T01:29:05.8087622Z, 2026-06-08T01:29:07.2090222Z] aspnetcore.routing.is_fallback: false aspnetcore.routing.match_status: success http.route: api/auth/register/customer
Value: 2
(2026-06-08T01:29:05.8087622Z, 2026-06-08T01:29:07.2090222Z] aspnetcore.routing.is_fallback: false aspnetcore.routing.match_status: success http.route: api/address-lookup/cep/{cep}
Value: 1
[22:29:07 INF] HTTP POST /api/auth/login/seller responded 200 in 179.2183 ms
(2026-06-08T01:29:05.8087622Z, 2026-06-08T01:29:07.2090222Z] aspnetcore.routing.is_fallback: false aspnetcore.routing.match_status: success http.route: api/auth/register/seller
Value: 8
(2026-06-08T01:29:05.8087622Z, 2026-06-08T01:29:07.2090222Z] aspnetcore.routing.is_fallback: false aspnetcore.routing.match_status: success http.route: api/stores/{storeId}/categories
Value: 1
(2026-06-08T01:29:05.8087622Z, 2026-06-08T01:29:07.2090222Z] aspnetcore.routing.is_fallback: false aspnetcore.routing.match_status: success http.route: api/customer/home
Value: 3
[22:29:07 INF] Executed action Urbeat.WebApi.Controllers.AuthController.LoginSeller (Urbeat.WebApi) in 96.7074ms
(2026-06-08T01:29:05.8087622Z, 2026-06-08T01:29:07.2090222Z] aspnetcore.routing.is_fallback: false aspnetcore.routing.match_status: success http.route: api/admin/dashboard
Value: 3
[22:29:07 INF] Executed action Urbeat.WebApi.Controllers.AuthController.LoginSeller (Urbeat.WebApi) in 96.8897ms
(2026-06-08T01:29:05.8087622Z, 2026-06-08T01:29:07.2090222Z] aspnetcore.routing.is_fallback: false aspnetcore.routing.match_status: success http.route: api/seller/panel
Value: 3
(2026-06-08T01:29:05.8087622Z, 2026-06-08T01:29:07.2090222Z] aspnetcore.routing.is_fallback: false aspnetcore.routing.match_status: success http.route: api/admin/plans
Value: 1
[22:29:07 INF] Request finished HTTP/1.1 POST http://localhost/api/auth/login/seller - 200 null application/json; charset=utf-8 180.9994ms
(2026-06-08T01:29:05.8087622Z, 2026-06-08T01:29:07.2090222Z] aspnetcore.routing.is_fallback: false aspnetcore.routing.match_status: success http.route: api/auth/login/customer
Value: 1
[22:29:07 INF] Request finished HTTP/1.1 POST http://localhost/api/admin/plans - 201 null application/json; charset=utf-8 132.102ms
(2026-06-08T01:29:05.8087622Z, 2026-06-08T01:29:07.2090222Z] aspnetcore.routing.is_fallback: false aspnetcore.routing.match_status: success http.route: api/auth/login/seller
Value: 7
[22:29:07 INF] Executed endpoint 'Urbeat.WebApi.Controllers.AuthController.LoginSeller (Urbeat.WebApi)'
(2026-06-08T01:29:05.8087622Z, 2026-06-08T01:29:07.2090222Z] aspnetcore.routing.is_fallback: false aspnetcore.routing.match_status: success http.route: api/auth/email/resend-confirmation
Value: 1
[22:29:07 INF] Executed endpoint 'Urbeat.WebApi.Controllers.AuthController.LoginSeller (Urbeat.WebApi)'
[22:29:07 INF] HTTP POST /api/auth/login/seller responded 200 in 179.2251 ms
Activity.TraceId:            d1b0dde2080d06a24bb4c8ae91d103c6
[22:29:07 INF] HTTP POST /api/auth/login/seller responded 200 in 179.7029 ms
Activity.SpanId:             e68214748e3c4d0f
Activity.TraceFlags:         Recorded
Activity.DisplayName:        POST api/admin/plans
Activity.Kind:               Server
Activity.StartTime:          2026-06-08T01:29:07.2018146Z
Activity.Duration:           00:00:00.1324070
Activity.Tags:
    server.address: localhost
    http.request.method: POST
    url.scheme: http
    url.path: /api/admin/plans
    network.protocol.version: 1.1
    http.route: api/admin/plans
    http.response.status_code: 201
Instrumentation scope (ActivitySource):
    Name: Microsoft.AspNetCore
Resource associated with Activity:
    telemetry.sdk.name: opentelemetry
    telemetry.sdk.language: dotnet
    telemetry.sdk.version: 1.14.0
    service.name: unknown_service:testhost
Activity.TraceId:            d1b0dde2080d06a24bb4c8ae91d103c6
Activity.SpanId:             e68214748e3c4d0f
Activity.TraceFlags:         Recorded
Activity.DisplayName:        POST api/admin/plans
Activity.Kind:               Server
Activity.StartTime:          2026-06-08T01:29:07.2018146Z
Activity.Duration:           00:00:00.1324070
[22:29:07 INF] Request finished HTTP/1.1 POST http://localhost/api/auth/login/seller - 200 null application/json; charset=utf-8 219.1269ms
Activity.Tags:
    server.address: localhost
    http.request.method: POST
    url.scheme: http
    url.path: /api/admin/plans
    network.protocol.version: 1.1
    http.route: api/admin/plans
    http.response.status_code: 201
[22:29:07 INF] Request finished HTTP/1.1 POST http://localhost/api/auth/login/seller - 200 null application/json; charset=utf-8 219.1407ms
Instrumentation scope (ActivitySource):
    Name: Microsoft.AspNetCore
Resource associated with Activity:
Activity.TraceId:            fa386ccac22b911b14270d7fb9d9120c
    telemetry.sdk.name: opentelemetry
    telemetry.sdk.language: dotnet
    telemetry.sdk.version: 1.14.0
    service.name: unknown_service:testhost
Activity.TraceId:            d1b0dde2080d06a24bb4c8ae91d103c6
Activity.SpanId:             e68214748e3c4d0f
Activity.TraceFlags:         Recorded
Activity.DisplayName:        POST api/admin/plans
Activity.Kind:               Server
Activity.StartTime:          2026-06-08T01:29:07.2018146Z
Activity.Duration:           00:00:00.1324070
Activity.Tags:
    server.address: localhost
    http.request.method: POST
    url.scheme: http
    url.path: /api/admin/plans
    network.protocol.version: 1.1
    http.route: api/admin/plans
    http.response.status_code: 201
Instrumentation scope (ActivitySource):
    Name: Microsoft.AspNetCore
Resource associated with Activity:
Activity.SpanId:             5e96715992a3f4b4
    telemetry.sdk.name: opentelemetry
Activity.TraceFlags:         Recorded
    telemetry.sdk.language: dotnet
Activity.DisplayName:        POST api/auth/login/seller
    telemetry.sdk.version: 1.14.0
Activity.Kind:               Server
    service.name: unknown_service:testhost
Activity.StartTime:          2026-06-08T01:29:07.1529408Z
Activity.Duration:           00:00:00.1812852
[22:29:07 INF] Executed action method Urbeat.WebApi.Controllers.AuthController.ConfirmEmailByCode (Urbeat.WebApi), returned result Microsoft.AspNetCore.Mvc.BadRequestObjectResult in 2.8017ms.
Activity.TraceId:            d1b0dde2080d06a24bb4c8ae91d103c6
Activity.SpanId:             e68214748e3c4d0f
Activity.Tags:
Activity.TraceFlags:         Recorded
[22:29:07 INF] Request starting HTTP/1.1 POST http://localhost/api/stores - application/json; charset=utf-8 null
Activity.DisplayName:        POST api/admin/plans
    server.address: localhost
Activity.Kind:               Server
    http.request.method: POST
[22:29:07 INF] Request starting HTTP/1.1 POST http://localhost/api/stores - application/json; charset=utf-8 null
Activity.StartTime:          2026-06-08T01:29:07.2018146Z
    url.scheme: http
Activity.Duration:           00:00:00.1324070
    url.path: /api/auth/login/seller
Activity.Tags:
    network.protocol.version: 1.1
    http.route: api/auth/login/seller
    server.address: localhost
[22:29:07 INF] Executed action method Urbeat.WebApi.Controllers.AuthController.ResendEmailConfirmation (Urbeat.WebApi), returned result Microsoft.AspNetCore.Mvc.BadRequestObjectResult in 9.0741ms.
    http.request.method: POST
    http.response.status_code: 200
Instrumentation scope (ActivitySource):
    Name: Microsoft.AspNetCore
Resource associated with Activity:
    url.scheme: http
    telemetry.sdk.name: opentelemetry
    url.path: /api/admin/plans
    telemetry.sdk.language: dotnet
    network.protocol.version: 1.1
    telemetry.sdk.version: 1.14.0
    http.route: api/admin/plans
    service.name: unknown_service:testhost
    http.response.status_code: 201
Instrumentation scope (ActivitySource):
    Name: Microsoft.AspNetCore
Resource associated with Activity:
    telemetry.sdk.name: opentelemetry
Activity.TraceId:            fa386ccac22b911b14270d7fb9d9120c
    telemetry.sdk.language: dotnet
Activity.TraceId:            1ca5080a7480eea3baef386b1f793355
    telemetry.sdk.version: 1.14.0
Activity.SpanId:             a22fad7b1d81b46a
    service.name: unknown_service:testhost
Activity.TraceFlags:         Recorded
Activity.DisplayName:        POST api/auth/login/seller
Activity.TraceId:            d1b0dde2080d06a24bb4c8ae91d103c6
Activity.Kind:               Server
Activity.SpanId:             5e96715992a3f4b4
Activity.SpanId:             e68214748e3c4d0f
Activity.TraceFlags:         Recorded
Activity.TraceFlags:         Recorded
Activity.DisplayName:        POST api/auth/login/seller
Activity.DisplayName:        POST api/admin/plans
Activity.StartTime:          2026-06-08T01:29:07.1154071Z
Activity.Kind:               Server
Activity.Duration:           00:00:00.2192065
Activity.Kind:               Server
Activity.Tags:
Activity.StartTime:          2026-06-08T01:29:07.2018146Z
    server.address: localhost
Activity.Duration:           00:00:00.1324070
Activity.StartTime:          2026-06-08T01:29:07.1529408Z
Activity.Tags:
    http.request.method: POST
    server.address: localhost
Activity.Duration:           00:00:00.1812852
    http.request.method: POST
    url.scheme: http
    url.scheme: http
Activity.Tags:
    url.path: /api/admin/plans
    server.address: localhost
    network.protocol.version: 1.1
    url.path: /api/auth/login/seller
    http.route: api/admin/plans
    http.request.method: POST
    url.scheme: http
    http.response.status_code: 201
    url.path: /api/auth/login/seller
Instrumentation scope (ActivitySource):
    network.protocol.version: 1.1
    Name: Microsoft.AspNetCore
    network.protocol.version: 1.1
Resource associated with Activity:
    http.route: api/auth/login/seller
    telemetry.sdk.name: opentelemetry
    http.response.status_code: 200
Instrumentation scope (ActivitySource):
    Name: Microsoft.AspNetCore
Resource associated with Activity:
    http.route: api/auth/login/seller
    telemetry.sdk.name: opentelemetry
    telemetry.sdk.language: dotnet
    telemetry.sdk.version: 1.14.0
    http.response.status_code: 200
    telemetry.sdk.language: dotnet
Instrumentation scope (ActivitySource):
    service.name: unknown_service:testhost
    telemetry.sdk.version: 1.14.0
    Name: Microsoft.AspNetCore
    service.name: unknown_service:testhost
Activity.TraceId:            fa386ccac22b911b14270d7fb9d9120c
Activity.SpanId:             5e96715992a3f4b4
[22:29:07 INF] Executing BadRequestObjectResult, writing value of type 'Microsoft.AspNetCore.Mvc.ValidationProblemDetails'.
Activity.TraceId:            d1b0dde2080d06a24bb4c8ae91d103c6
Activity.TraceFlags:         Recorded
Activity.SpanId:             e68214748e3c4d0f
Activity.DisplayName:        POST api/auth/login/seller
Activity.TraceFlags:         Recorded
Activity.Kind:               Server
Activity.DisplayName:        POST api/admin/plans
Activity.StartTime:          2026-06-08T01:29:07.1529408Z
Activity.Duration:           00:00:00.1812852
Activity.Tags:
    server.address: localhost
Resource associated with Activity:
    http.request.method: POST
    telemetry.sdk.name: opentelemetry
    url.scheme: http
    telemetry.sdk.language: dotnet
    url.path: /api/auth/login/seller
    telemetry.sdk.version: 1.14.0
    network.protocol.version: 1.1
    service.name: unknown_service:testhost
    http.route: api/auth/login/seller
[22:29:07 INF] Executing BadRequestObjectResult, writing value of type '<>f__AnonymousType4`2[[System.String, System.Private.CoreLib, Version=9.0.0.0, Culture=neutral, PublicKeyToken=7cec85d7bea7798e],[System.Collections.Generic.IReadOnlyCollection`1[[System.String, System.Private.CoreLib, Version=9.0.0.0, Culture=neutral, PublicKeyToken=7cec85d7bea7798e]], System.Private.CoreLib, Version=9.0.0.0, Culture=neutral, PublicKeyToken=7cec85d7bea7798e]]'.
    http.response.status_code: 200
Instrumentation scope (ActivitySource):
    Name: Microsoft.AspNetCore
Resource associated with Activity:
    telemetry.sdk.name: opentelemetry
    telemetry.sdk.language: dotnet
Activity.Kind:               Server
    telemetry.sdk.version: 1.14.0
    service.name: unknown_service:testhost
Activity.StartTime:          2026-06-08T01:29:07.2018146Z
Activity.Duration:           00:00:00.1324070
Activity.TraceId:            fa386ccac22b911b14270d7fb9d9120c
Activity.Tags:
Activity.SpanId:             5e96715992a3f4b4
    server.address: localhost
Activity.TraceFlags:         Recorded
    http.request.method: POST
Activity.TraceId:            1ca5080a7480eea3baef386b1f793355
Activity.TraceId:            deb908da7b1e746788b510f90128f3e3
Activity.DisplayName:        POST api/auth/login/seller
Activity.SpanId:             a22fad7b1d81b46a
    url.scheme: http
Activity.Kind:               Server
Activity.TraceFlags:         Recorded
    url.path: /api/admin/plans
Activity.DisplayName:        POST api/auth/login/seller
    network.protocol.version: 1.1
Activity.Kind:               Server
Activity.StartTime:          2026-06-08T01:29:07.1529408Z
    http.route: api/admin/plans
Activity.Duration:           00:00:00.1812852
    http.response.status_code: 201
Activity.StartTime:          2026-06-08T01:29:07.1154071Z
Activity.Tags:
Activity.SpanId:             089f55d9c4c4dc84
Instrumentation scope (ActivitySource):
    server.address: localhost
    Name: Microsoft.AspNetCore
Activity.TraceFlags:         Recorded
Resource associated with Activity:
Activity.DisplayName:        POST api/auth/login/seller
    telemetry.sdk.name: opentelemetry
Activity.Kind:               Server
    telemetry.sdk.language: dotnet
Activity.StartTime:          2026-06-08T01:29:07.1154266Z
Activity.Duration:           00:00:00.2192065
Activity.Duration:           00:00:00.2192239
Activity.Tags:
Activity.Tags:
    telemetry.sdk.version: 1.14.0
    server.address: localhost
    server.address: localhost
    service.name: unknown_service:testhost
    http.request.method: POST
Activity.TraceId:            d1b0dde2080d06a24bb4c8ae91d103c6
Activity.SpanId:             e68214748e3c4d0f
    url.scheme: http
Activity.TraceFlags:         Recorded
    url.path: /api/auth/login/seller
Activity.DisplayName:        POST api/admin/plans
    http.request.method: POST
Activity.Kind:               Server
    network.protocol.version: 1.1
    url.scheme: http
    http.route: api/auth/login/seller
Activity.StartTime:          2026-06-08T01:29:07.2018146Z
    http.response.status_code: 200
    url.path: /api/auth/login/seller
Activity.Duration:           00:00:00.1324070
    network.protocol.version: 1.1
    http.request.method: POST
    http.route: api/auth/login/seller
    url.scheme: http
    http.response.status_code: 200
    url.path: /api/auth/login/seller
Instrumentation scope (ActivitySource):
    network.protocol.version: 1.1
    Name: Microsoft.AspNetCore
    http.route: api/auth/login/seller
Resource associated with Activity:
    http.response.status_code: 200
Instrumentation scope (ActivitySource):
Instrumentation scope (ActivitySource):
    telemetry.sdk.name: opentelemetry
    Name: Microsoft.AspNetCore
    Name: Microsoft.AspNetCore
    telemetry.sdk.language: dotnet
Resource associated with Activity:
Resource associated with Activity:
    telemetry.sdk.version: 1.14.0
    telemetry.sdk.name: opentelemetry
    service.name: unknown_service:testhost
    telemetry.sdk.name: opentelemetry
    telemetry.sdk.language: dotnet
    telemetry.sdk.language: dotnet
    telemetry.sdk.version: 1.14.0
    telemetry.sdk.version: 1.14.0
    service.name: unknown_service:testhost
    service.name: unknown_service:testhost
Activity.TraceId:            fa386ccac22b911b14270d7fb9d9120c
Activity.Tags:
Activity.SpanId:             5e96715992a3f4b4
Activity.TraceId:            1ca5080a7480eea3baef386b1f793355
Activity.TraceFlags:         Recorded
Activity.SpanId:             a22fad7b1d81b46a
Activity.DisplayName:        POST api/auth/login/seller
Activity.TraceFlags:         Recorded
Activity.Kind:               Server
Activity.DisplayName:        POST api/auth/login/seller
    server.address: localhost
Activity.Kind:               Server
    http.request.method: POST
Activity.StartTime:          2026-06-08T01:29:07.1529408Z
    url.scheme: http
Activity.Duration:           00:00:00.1812852
Activity.StartTime:          2026-06-08T01:29:07.1154071Z
Activity.Tags:
    url.path: /api/admin/plans
Activity.Duration:           00:00:00.2192065
    server.address: localhost
Activity.Tags:
    network.protocol.version: 1.1
    server.address: localhost
    http.request.method: POST
    http.route: api/admin/plans
    url.scheme: http
    http.request.method: POST
    http.response.status_code: 201
    url.path: /api/auth/login/seller
    url.scheme: http
Instrumentation scope (ActivitySource):
    url.path: /api/auth/login/seller
    Name: Microsoft.AspNetCore
    network.protocol.version: 1.1
Resource associated with Activity:
    http.route: api/auth/login/seller
    telemetry.sdk.name: opentelemetry
    network.protocol.version: 1.1
    telemetry.sdk.language: dotnet
    http.response.status_code: 200
    http.route: api/auth/login/seller
Instrumentation scope (ActivitySource):
    Name: Microsoft.AspNetCore
    http.response.status_code: 200
    telemetry.sdk.version: 1.14.0
Instrumentation scope (ActivitySource):
Activity.TraceId:            deb908da7b1e746788b510f90128f3e3
    Name: Microsoft.AspNetCore
Resource associated with Activity:
Resource associated with Activity:
    telemetry.sdk.name: opentelemetry
    telemetry.sdk.language: dotnet
    telemetry.sdk.version: 1.14.0
    service.name: unknown_service:testhost
    telemetry.sdk.name: opentelemetry
    telemetry.sdk.language: dotnet
    service.name: unknown_service:testhost
    telemetry.sdk.version: 1.14.0
Activity.TraceId:            1ca5080a7480eea3baef386b1f793355
    service.name: unknown_service:testhost
Activity.SpanId:             a22fad7b1d81b46a
Activity.TraceId:            d1b0dde2080d06a24bb4c8ae91d103c6
Activity.TraceFlags:         Recorded
Activity.SpanId:             e68214748e3c4d0f
Activity.DisplayName:        POST api/auth/login/seller
Activity.TraceId:            fa386ccac22b911b14270d7fb9d9120c
Activity.TraceFlags:         Recorded
Activity.Kind:               Server
Activity.DisplayName:        POST api/admin/plans
Activity.SpanId:             5e96715992a3f4b4
Activity.Kind:               Server
Activity.StartTime:          2026-06-08T01:29:07.1154071Z
Activity.TraceFlags:         Recorded
Activity.SpanId:             089f55d9c4c4dc84
Activity.Duration:           00:00:00.2192065
Activity.DisplayName:        POST api/auth/login/seller
Activity.TraceFlags:         Recorded
Activity.Kind:               Server
Activity.Tags:
Activity.DisplayName:        POST api/auth/login/seller
    server.address: localhost
Activity.Kind:               Server
Activity.StartTime:          2026-06-08T01:29:07.1529408Z
    http.request.method: POST
Activity.Duration:           00:00:00.1812852
    url.scheme: http
Activity.StartTime:          2026-06-08T01:29:07.1154266Z
    url.path: /api/auth/login/seller
Activity.Tags:
Activity.Duration:           00:00:00.2192239
    server.address: localhost
    network.protocol.version: 1.1
Activity.Tags:
    http.request.method: POST
    server.address: localhost
    http.route: api/auth/login/seller
    http.request.method: POST
    http.response.status_code: 200
    url.scheme: http
Instrumentation scope (ActivitySource):
    url.path: /api/auth/login/seller
    Name: Microsoft.AspNetCore
    network.protocol.version: 1.1
Resource associated with Activity:
    http.route: api/auth/login/seller
    telemetry.sdk.name: opentelemetry
    http.response.status_code: 200
Instrumentation scope (ActivitySource):
    telemetry.sdk.language: dotnet
Activity.StartTime:          2026-06-08T01:29:07.2018146Z
    Name: Microsoft.AspNetCore
    telemetry.sdk.version: 1.14.0
Resource associated with Activity:
    service.name: unknown_service:testhost
    telemetry.sdk.name: opentelemetry
Activity.Duration:           00:00:00.1324070
    telemetry.sdk.language: dotnet
Activity.Tags:
    server.address: localhost
    telemetry.sdk.version: 1.14.0
Activity.TraceId:            1ca5080a7480eea3baef386b1f793355
    http.request.method: POST
Activity.SpanId:             a22fad7b1d81b46a
    url.scheme: http
Activity.TraceFlags:         Recorded
Activity.DisplayName:        POST api/auth/login/seller
    url.path: /api/admin/plans
Activity.Kind:               Server
    url.scheme: http
    network.protocol.version: 1.1
Activity.StartTime:          2026-06-08T01:29:07.1154071Z
    http.route: api/admin/plans
Activity.Duration:           00:00:00.2192065
    http.response.status_code: 201
    url.path: /api/auth/login/seller
Instrumentation scope (ActivitySource):
Activity.Tags:
    network.protocol.version: 1.1
    server.address: localhost
    Name: Microsoft.AspNetCore
    http.request.method: POST
Resource associated with Activity:
    url.scheme: http
    telemetry.sdk.name: opentelemetry
    http.route: api/auth/login/seller
    telemetry.sdk.language: dotnet
    http.response.status_code: 200
    url.path: /api/auth/login/seller
    telemetry.sdk.version: 1.14.0
Instrumentation scope (ActivitySource):
    service.name: unknown_service:testhost
    Name: Microsoft.AspNetCore
    network.protocol.version: 1.1
Resource associated with Activity:
    http.route: api/auth/login/seller
Activity.TraceId:            d1b0dde2080d06a24bb4c8ae91d103c6
    http.response.status_code: 200
Activity.SpanId:             e68214748e3c4d0f
    telemetry.sdk.name: opentelemetry
Activity.TraceFlags:         Recorded
Instrumentation scope (ActivitySource):
    telemetry.sdk.language: dotnet
Activity.DisplayName:        POST api/admin/plans
    Name: Microsoft.AspNetCore
    telemetry.sdk.version: 1.14.0
Resource associated with Activity:
Activity.Kind:               Server
    service.name: unknown_service:testhost
    telemetry.sdk.name: opentelemetry
Activity.StartTime:          2026-06-08T01:29:07.2018146Z
Activity.TraceId:            fa386ccac22b911b14270d7fb9d9120c
Activity.Duration:           00:00:00.1324070
Activity.SpanId:             5e96715992a3f4b4
    telemetry.sdk.language: dotnet
Activity.TraceFlags:         Recorded
    service.name: unknown_service:testhost
Activity.Tags:
Activity.DisplayName:        POST api/auth/login/seller
    telemetry.sdk.version: 1.14.0
    server.address: localhost
Activity.Kind:               Server
    service.name: unknown_service:testhost
Activity.TraceId:            deb908da7b1e746788b510f90128f3e3
Activity.StartTime:          2026-06-08T01:29:07.1529408Z
Activity.SpanId:             089f55d9c4c4dc84
Activity.Duration:           00:00:00.1812852
    http.request.method: POST
Activity.TraceFlags:         Recorded
Activity.Tags:
Activity.TraceId:            1ca5080a7480eea3baef386b1f793355
    server.address: localhost
Activity.SpanId:             a22fad7b1d81b46a
    http.request.method: POST
Activity.DisplayName:        POST api/auth/login/seller
Activity.TraceFlags:         Recorded
    url.scheme: http
Activity.Kind:               Server
Activity.DisplayName:        POST api/auth/login/seller
    url.path: /api/auth/login/seller
Activity.Kind:               Server
    network.protocol.version: 1.1
Activity.StartTime:          2026-06-08T01:29:07.1154266Z
    http.route: api/auth/login/seller
Activity.StartTime:          2026-06-08T01:29:07.1154071Z
Activity.Duration:           00:00:00.2192239
    http.response.status_code: 200
Activity.Duration:           00:00:00.2192065
Instrumentation scope (ActivitySource):
Activity.Tags:
    Name: Microsoft.AspNetCore
Activity.Tags:
    url.scheme: http
    server.address: localhost
    server.address: localhost
    url.path: /api/admin/plans
    http.request.method: POST
    http.request.method: POST
    url.scheme: http
    network.protocol.version: 1.1
    url.scheme: http
    url.path: /api/auth/login/seller
    network.protocol.version: 1.1
Resource associated with Activity:
    url.path: /api/auth/login/seller
    http.route: api/admin/plans
    network.protocol.version: 1.1
    telemetry.sdk.name: opentelemetry
    http.route: api/auth/login/seller
    telemetry.sdk.language: dotnet
    http.response.status_code: 201
    telemetry.sdk.version: 1.14.0
    http.response.status_code: 200
    http.route: api/auth/login/seller
Instrumentation scope (ActivitySource):
Instrumentation scope (ActivitySource):
    http.response.status_code: 200
    Name: Microsoft.AspNetCore
    Name: Microsoft.AspNetCore
Resource associated with Activity:
Instrumentation scope (ActivitySource):
    Name: Microsoft.AspNetCore
Resource associated with Activity:
    telemetry.sdk.name: opentelemetry
    telemetry.sdk.name: opentelemetry
    telemetry.sdk.language: dotnet
Resource associated with Activity:
    telemetry.sdk.language: dotnet
    telemetry.sdk.version: 1.14.0
    telemetry.sdk.version: 1.14.0
    service.name: unknown_service:testhost
    telemetry.sdk.name: opentelemetry
    telemetry.sdk.language: dotnet
    service.name: unknown_service:testhost
    telemetry.sdk.version: 1.14.0
Activity.TraceId:            deb908da7b1e746788b510f90128f3e3
    service.name: unknown_service:testhost
Activity.TraceId:            d1b0dde2080d06a24bb4c8ae91d103c6
Activity.SpanId:             089f55d9c4c4dc84
Activity.SpanId:             e68214748e3c4d0f
Activity.TraceFlags:         Recorded
Activity.DisplayName:        POST api/auth/login/seller
    service.name: unknown_service:testhost
Activity.Kind:               Server
Activity.TraceFlags:         Recorded
Activity.DisplayName:        POST api/admin/plans
Activity.StartTime:          2026-06-08T01:29:07.1154266Z
Activity.Kind:               Server
Activity.Duration:           00:00:00.2192239
Activity.TraceId:            fa386ccac22b911b14270d7fb9d9120c
Activity.TraceId:            1ca5080a7480eea3baef386b1f793355
Activity.SpanId:             5e96715992a3f4b4
Activity.Tags:
Activity.StartTime:          2026-06-08T01:29:07.2018146Z
    server.address: localhost
Activity.Duration:           00:00:00.1324070
    http.request.method: POST
Activity.TraceFlags:         Recorded
    url.scheme: http
Activity.Tags:
    url.path: /api/auth/login/seller
    server.address: localhost
    network.protocol.version: 1.1
    http.request.method: POST
    http.route: api/auth/login/seller
    url.scheme: http
Activity.DisplayName:        POST api/auth/login/seller
    url.path: /api/admin/plans
Activity.Kind:               Server
Activity.SpanId:             a22fad7b1d81b46a
    http.response.status_code: 200
Activity.TraceFlags:         Recorded
Instrumentation scope (ActivitySource):
Activity.DisplayName:        POST api/auth/login/seller
    Name: Microsoft.AspNetCore
Activity.Kind:               Server
    network.protocol.version: 1.1
Activity.StartTime:          2026-06-08T01:29:07.1154071Z
Resource associated with Activity:
Activity.Duration:           00:00:00.2192065
    http.route: api/admin/plans
Activity.Tags:
[22:29:07 INF] Executed action Urbeat.WebApi.Controllers.AuthController.ConfirmEmailByCode (Urbeat.WebApi) in 92.1621ms
    telemetry.sdk.name: opentelemetry
    telemetry.sdk.language: dotnet
    telemetry.sdk.version: 1.14.0
    service.name: unknown_service:testhost
Activity.StartTime:          2026-06-08T01:29:07.1529408Z
[22:29:07 INF] Executed action Urbeat.WebApi.Controllers.AuthController.ResendEmailConfirmation (Urbeat.WebApi) in 93.9046ms
Activity.Duration:           00:00:00.1812852
Activity.TraceId:            deb908da7b1e746788b510f90128f3e3
    http.response.status_code: 201
Activity.SpanId:             089f55d9c4c4dc84
Activity.Tags:
Instrumentation scope (ActivitySource):
    server.address: localhost
    Name: Microsoft.AspNetCore
Activity.TraceFlags:         Recorded
    http.request.method: POST
Resource associated with Activity:
Activity.DisplayName:        POST api/auth/login/seller
    url.scheme: http
    telemetry.sdk.name: opentelemetry
    url.path: /api/auth/login/seller
    telemetry.sdk.language: dotnet
Activity.Kind:               Server
    telemetry.sdk.version: 1.14.0
    server.address: localhost
    service.name: unknown_service:testhost
Activity.StartTime:          2026-06-08T01:29:07.1154266Z
    network.protocol.version: 1.1
    http.route: api/auth/login/seller
Activity.Duration:           00:00:00.2192239
    http.request.method: POST
    http.response.status_code: 200
    url.scheme: http
Activity.Tags:
Activity.TraceId:            d1b0dde2080d06a24bb4c8ae91d103c6
    server.address: localhost
    url.path: /api/auth/login/seller
Activity.SpanId:             e68214748e3c4d0f
    network.protocol.version: 1.1
Instrumentation scope (ActivitySource):
Activity.TraceFlags:         Recorded
    http.route: api/auth/login/seller
Activity.DisplayName:        POST api/admin/plans
    Name: Microsoft.AspNetCore
Activity.Kind:               Server
Resource associated with Activity:
    telemetry.sdk.name: opentelemetry
[22:29:07 INF] Executing endpoint 'Urbeat.WebApi.Controllers.StoresController.Create (Urbeat.WebApi)'
    telemetry.sdk.language: dotnet
    telemetry.sdk.version: 1.14.0
    service.name: unknown_service:testhost
    http.request.method: POST
Activity.TraceId:            fa386ccac22b911b14270d7fb9d9120c
[22:29:07 INF] Executing endpoint 'Urbeat.WebApi.Controllers.StoresController.Create (Urbeat.WebApi)'
    url.scheme: http
    url.path: /api/auth/login/seller
    network.protocol.version: 1.1
Activity.SpanId:             5e96715992a3f4b4
    http.route: api/auth/login/seller
Activity.TraceFlags:         Recorded
    http.response.status_code: 200
    http.response.status_code: 200
Instrumentation scope (ActivitySource):
[22:29:07 INF] Saved 1 entities to in-memory store.
Instrumentation scope (ActivitySource):
    Name: Microsoft.AspNetCore
Resource associated with Activity:
    Name: Microsoft.AspNetCore
    telemetry.sdk.name: opentelemetry
Resource associated with Activity:
    telemetry.sdk.language: dotnet
    telemetry.sdk.name: opentelemetry
    telemetry.sdk.version: 1.14.0
    telemetry.sdk.language: dotnet
Activity.StartTime:          2026-06-08T01:29:07.2018146Z
    telemetry.sdk.version: 1.14.0
    service.name: unknown_service:testhost
    service.name: unknown_service:testhost
Activity.Duration:           00:00:00.1324070
Activity.Tags:
Activity.TraceId:            1ca5080a7480eea3baef386b1f793355
    server.address: localhost
Activity.SpanId:             a22fad7b1d81b46a
Activity.TraceId:            deb908da7b1e746788b510f90128f3e3
Activity.TraceFlags:         Recorded
Activity.SpanId:             089f55d9c4c4dc84
Activity.DisplayName:        POST api/auth/login/seller
Activity.TraceFlags:         Recorded
Activity.DisplayName:        POST api/auth/login/seller
Activity.Kind:               Server
Activity.DisplayName:        POST api/auth/login/seller
Activity.Kind:               Server
Activity.Kind:               Server
Activity.StartTime:          2026-06-08T01:29:07.1529408Z
Activity.StartTime:          2026-06-08T01:29:07.1154071Z
Activity.StartTime:          2026-06-08T01:29:07.1154266Z
Activity.Duration:           00:00:00.1812852
Activity.Duration:           00:00:00.2192239
[22:29:07 INF] Saved 1 entities to in-memory store.
Activity.Tags:
Activity.Duration:           00:00:00.2192065
    server.address: localhost
    http.request.method: POST
Activity.Tags:
    url.scheme: http
    server.address: localhost
    url.path: /api/auth/login/seller
    http.request.method: POST
[22:29:07 INF] Executed endpoint 'Urbeat.WebApi.Controllers.AuthController.ResendEmailConfirmation (Urbeat.WebApi)'
    network.protocol.version: 1.1
    http.route: api/auth/login/seller
    url.scheme: http
    http.response.status_code: 200
    url.path: /api/auth/login/seller
Instrumentation scope (ActivitySource):
    network.protocol.version: 1.1
    http.request.method: POST
    http.route: api/auth/login/seller
    Name: Microsoft.AspNetCore
    url.scheme: http
Resource associated with Activity:
    url.path: /api/admin/plans
    http.response.status_code: 200
    network.protocol.version: 1.1
Instrumentation scope (ActivitySource):
    telemetry.sdk.name: opentelemetry
    Name: Microsoft.AspNetCore
    telemetry.sdk.language: dotnet
    http.route: api/admin/plans
    telemetry.sdk.version: 1.14.0
Resource associated with Activity:
    service.name: unknown_service:testhost
    http.response.status_code: 201
    telemetry.sdk.name: opentelemetry
Instrumentation scope (ActivitySource):
    telemetry.sdk.language: dotnet
    telemetry.sdk.version: 1.14.0
    service.name: unknown_service:testhost
Activity.TraceId:            fa386ccac22b911b14270d7fb9d9120c
    Name: Microsoft.AspNetCore
Resource associated with Activity:
Activity.SpanId:             5e96715992a3f4b4
    telemetry.sdk.name: opentelemetry
Activity.TraceId:            1ca5080a7480eea3baef386b1f793355
Activity.TraceFlags:         Recorded
    telemetry.sdk.language: dotnet
Activity.DisplayName:        POST api/auth/login/seller
Activity.SpanId:             a22fad7b1d81b46a
    telemetry.sdk.version: 1.14.0
Activity.TraceFlags:         Recorded
    service.name: unknown_service:testhost
Activity.DisplayName:        POST api/auth/login/seller
Activity.Kind:               Server
Activity.Kind:               Server
Activity.StartTime:          2026-06-08T01:29:07.1529408Z
Activity.Duration:           00:00:00.1812852
Activity.Tags:
Activity.StartTime:          2026-06-08T01:29:07.1154071Z
Activity.Tags:
Activity.Duration:           00:00:00.2192065
    server.address: localhost
Activity.Tags:
    server.address: localhost
    server.address: localhost
    http.request.method: POST
    http.request.method: POST
    url.scheme: http
    url.scheme: http
    url.path: /api/auth/login/seller
    network.protocol.version: 1.1
[22:29:07 INF] Executed endpoint 'Urbeat.WebApi.Controllers.AuthController.ConfirmEmailByCode (Urbeat.WebApi)'
    url.path: /api/auth/login/seller
    http.route: api/auth/login/seller
    network.protocol.version: 1.1
    http.response.status_code: 200
    http.request.method: POST
Instrumentation scope (ActivitySource):
    url.scheme: http
    Name: Microsoft.AspNetCore
    http.route: api/auth/login/seller
    url.path: /api/auth/login/seller
Resource associated with Activity:
    network.protocol.version: 1.1
    http.response.status_code: 200
    telemetry.sdk.name: opentelemetry
    http.route: api/auth/login/seller
    telemetry.sdk.language: dotnet
    http.response.status_code: 200
Instrumentation scope (ActivitySource):
Instrumentation scope (ActivitySource):
    Name: Microsoft.AspNetCore
    Name: Microsoft.AspNetCore
Resource associated with Activity:
Resource associated with Activity:
    telemetry.sdk.version: 1.14.0
    telemetry.sdk.name: opentelemetry
    service.name: unknown_service:testhost
    telemetry.sdk.language: dotnet
    telemetry.sdk.version: 1.14.0
    telemetry.sdk.name: opentelemetry
    service.name: unknown_service:testhost
    telemetry.sdk.language: dotnet
Activity.TraceId:            deb908da7b1e746788b510f90128f3e3
Activity.SpanId:             089f55d9c4c4dc84
    telemetry.sdk.version: 1.14.0
Activity.TraceFlags:         Recorded
    service.name: unknown_service:testhost
Activity.DisplayName:        POST api/auth/login/seller
[22:29:07 INF] Saved 1 entities to in-memory store.
Activity.TraceId:            fa386ccac22b911b14270d7fb9d9120c
Activity.TraceId:            1ca5080a7480eea3baef386b1f793355
Activity.SpanId:             5e96715992a3f4b4
Activity.SpanId:             a22fad7b1d81b46a
Activity.TraceFlags:         Recorded
Activity.TraceFlags:         Recorded
Activity.DisplayName:        POST api/auth/login/seller
Activity.DisplayName:        POST api/auth/login/seller
Activity.Kind:               Server
Activity.Kind:               Server
Activity.Kind:               Server
[22:29:07 INF] Saved 1 entities to in-memory store.
Activity.StartTime:          2026-06-08T01:29:07.1154071Z
Activity.StartTime:          2026-06-08T01:29:07.1154266Z
Activity.Duration:           00:00:00.2192065
Activity.Duration:           00:00:00.2192239
Activity.Tags:
Activity.StartTime:          2026-06-08T01:29:07.1529408Z
    server.address: localhost
Activity.Tags:
Activity.Duration:           00:00:00.1812852
    http.request.method: POST
    server.address: localhost
    url.scheme: http
    http.request.method: POST
Activity.Tags:
    url.scheme: http
    server.address: localhost
    url.path: /api/auth/login/seller
    url.path: /api/auth/login/seller
    http.request.method: POST
    network.protocol.version: 1.1
    url.scheme: http
    http.route: api/auth/login/seller
    url.path: /api/auth/login/seller
    network.protocol.version: 1.1
    http.response.status_code: 200
    http.route: api/auth/login/seller
    network.protocol.version: 1.1
Instrumentation scope (ActivitySource):
    http.response.status_code: 200
    http.route: api/auth/login/seller
    Name: Microsoft.AspNetCore
    http.response.status_code: 200
Resource associated with Activity:
Instrumentation scope (ActivitySource):
Instrumentation scope (ActivitySource):
[22:29:07 INF] Executed action method Urbeat.WebApi.Controllers.AuthController.LoginSeller (Urbeat.WebApi), returned result Microsoft.AspNetCore.Mvc.OkObjectResult in 81.2332ms.
    telemetry.sdk.name: opentelemetry
    Name: Microsoft.AspNetCore
    Name: Microsoft.AspNetCore
Resource associated with Activity:
Resource associated with Activity:
    telemetry.sdk.name: opentelemetry
    telemetry.sdk.name: opentelemetry
    telemetry.sdk.language: dotnet
    telemetry.sdk.language: dotnet
    telemetry.sdk.version: 1.14.0
    telemetry.sdk.version: 1.14.0
    service.name: unknown_service:testhost
[22:29:07 INF] Executed action method Urbeat.WebApi.Controllers.AuthController.LoginSeller (Urbeat.WebApi), returned result Microsoft.AspNetCore.Mvc.OkObjectResult in 81.1496ms.
    service.name: unknown_service:testhost
    telemetry.sdk.language: dotnet
    telemetry.sdk.version: 1.14.0
    service.name: unknown_service:testhost
Activity.TraceId:            deb908da7b1e746788b510f90128f3e3
Activity.SpanId:             089f55d9c4c4dc84
Activity.TraceFlags:         Recorded
Activity.DisplayName:        POST api/auth/login/seller
Activity.Kind:               Server
Activity.StartTime:          2026-06-08T01:29:07.1154266Z
Activity.Duration:           00:00:00.2192239
Activity.Tags:
Activity.TraceId:            1ca5080a7480eea3baef386b1f793355
    server.address: localhost
Activity.SpanId:             a22fad7b1d81b46a
    http.request.method: POST
Activity.TraceFlags:         Recorded
    url.scheme: http
Activity.DisplayName:        POST api/auth/login/seller
Activity.Kind:               Server
    url.path: /api/auth/login/seller
Activity.StartTime:          2026-06-08T01:29:07.1154071Z
Activity.Duration:           00:00:00.2192065
    network.protocol.version: 1.1
Activity.Tags:
    server.address: localhost
    http.request.method: POST
    http.route: api/auth/login/seller
[22:29:07 INF] Executing OkObjectResult, writing value of type 'Urbeat.Application.DTOs.AuthTokenResponseDto'.
    http.response.status_code: 200
Instrumentation scope (ActivitySource):
    Name: Microsoft.AspNetCore
[22:29:07 INF] Executing OkObjectResult, writing value of type 'Urbeat.Application.DTOs.AuthTokenResponseDto'.
Resource associated with Activity:
    url.scheme: http
    telemetry.sdk.name: opentelemetry
    url.path: /api/auth/login/seller
    telemetry.sdk.language: dotnet
    network.protocol.version: 1.1
    telemetry.sdk.version: 1.14.0
    http.route: api/auth/login/seller
    service.name: unknown_service:testhost
    http.response.status_code: 200
Instrumentation scope (ActivitySource):
    Name: Microsoft.AspNetCore
Activity.TraceId:            deb908da7b1e746788b510f90128f3e3
Resource associated with Activity:
Activity.SpanId:             089f55d9c4c4dc84
    telemetry.sdk.name: opentelemetry
    telemetry.sdk.language: dotnet
Activity.TraceFlags:         Recorded
    telemetry.sdk.version: 1.14.0
Activity.DisplayName:        POST api/auth/login/seller
[22:29:07 INF] Request finished HTTP/1.1 POST http://localhost/api/auth/email/confirm/xbzzvk547jVB9UKz8pMLSeLnD - 400 null application/problem+json; charset=utf-8 212.4374ms
Activity.Kind:               Server
[22:29:07 INF] Request finished HTTP/1.1 POST http://localhost/api/auth/email/resend-confirmation - 400 null application/problem+json; charset=utf-8 214.7626ms
    service.name: unknown_service:testhost
Activity.StartTime:          2026-06-08T01:29:07.1154266Z
Activity.Duration:           00:00:00.2192239
Activity.Tags:
    server.address: localhost
    http.request.method: POST
    url.scheme: http
    url.path: /api/auth/login/seller
    network.protocol.version: 1.1
    http.route: api/auth/login/seller
    http.response.status_code: 200
Instrumentation scope (ActivitySource):
    Name: Microsoft.AspNetCore
Resource associated with Activity:
    telemetry.sdk.name: opentelemetry
    telemetry.sdk.language: dotnet
    telemetry.sdk.version: 1.14.0
    service.name: unknown_service:testhost
Activity.TraceId:            deb908da7b1e746788b510f90128f3e3
Activity.SpanId:             089f55d9c4c4dc84
Activity.TraceFlags:         Recorded
Activity.DisplayName:        POST api/auth/login/seller
Activity.Kind:               Server
Activity.StartTime:          2026-06-08T01:29:07.1154266Z
Activity.Duration:           00:00:00.2192239
Activity.Tags:
    server.address: localhost
    http.request.method: POST
    url.scheme: http
    url.path: /api/auth/login/seller
    network.protocol.version: 1.1
    http.route: api/auth/login/seller
    http.response.status_code: 200
Instrumentation scope (ActivitySource):
    Name: Microsoft.AspNetCore
Resource associated with Activity:
    telemetry.sdk.name: opentelemetry
    telemetry.sdk.language: dotnet
    telemetry.sdk.version: 1.14.0
    service.name: unknown_service:testhost
Activity.TraceId:            deb908da7b1e746788b510f90128f3e3
Activity.SpanId:             089f55d9c4c4dc84
Activity.TraceFlags:         Recorded
Activity.DisplayName:        POST api/auth/login/seller
Activity.Kind:               Server
Activity.StartTime:          2026-06-08T01:29:07.1154266Z
Activity.Duration:           00:00:00.2192239
[22:29:07 INF] Executed action Urbeat.WebApi.Controllers.AuthController.LoginSeller (Urbeat.WebApi) in 130.0557ms
Activity.Tags:
    server.address: localhost
    http.request.method: POST
    url.scheme: http
    url.path: /api/auth/login/seller
    network.protocol.version: 1.1
    http.route: api/auth/login/seller
Activity.TraceId:            fea080365f52ea72956b81a04b640038
    http.response.status_code: 200
[22:29:07 INF] Executed endpoint 'Urbeat.WebApi.Controllers.AuthController.LoginSeller (Urbeat.WebApi)'
Instrumentation scope (ActivitySource):
Activity.SpanId:             943c3bb801365307
    Name: Microsoft.AspNetCore
Activity.TraceFlags:         Recorded
Resource associated with Activity:
Activity.DisplayName:        POST api/auth/email/resend-confirmation
    telemetry.sdk.name: opentelemetry
Activity.Kind:               Server
    telemetry.sdk.language: dotnet
    telemetry.sdk.version: 1.14.0
Activity.StartTime:          2026-06-08T01:29:07.1989626Z
    service.name: unknown_service:testhost
Activity.Duration:           00:00:00.2150046
Activity.Tags:
    server.address: localhost
    http.request.method: POST
    url.scheme: http
    url.path: /api/auth/email/resend-confirmation
    network.protocol.version: 1.1
    http.route: api/auth/email/resend-confirmation
    http.response.status_code: 400
Instrumentation scope (ActivitySource):
    Name: Microsoft.AspNetCore
Resource associated with Activity:
    telemetry.sdk.name: opentelemetry
    telemetry.sdk.language: dotnet
    telemetry.sdk.version: 1.14.0
    service.name: unknown_service:testhost
Activity.TraceId:            fea080365f52ea72956b81a04b640038
Activity.TraceId:            0016e7ff03cad60c91713015993b1f92
Activity.SpanId:             943c3bb801365307
Activity.SpanId:             fc947fc3b4ce70d8
Activity.TraceFlags:         Recorded
Activity.TraceFlags:         Recorded
Activity.DisplayName:        POST api/auth/email/resend-confirmation
Activity.DisplayName:        POST api/auth/email/confirm/{code}
Activity.Kind:               Server
Activity.Kind:               Server
Activity.StartTime:          2026-06-08T01:29:07.1989626Z
Activity.Duration:           00:00:00.2150046
Activity.StartTime:          2026-06-08T01:29:07.2013104Z
Activity.Tags:
    server.address: localhost
    http.request.method: POST
Activity.Duration:           00:00:00.2126508
    url.scheme: http
Activity.Tags:
    url.path: /api/auth/email/resend-confirmation
    server.address: localhost
    network.protocol.version: 1.1
    http.request.method: POST
    http.route: api/auth/email/resend-confirmation
    url.scheme: http
    http.response.status_code: 400
    url.path: /api/auth/email/confirm/xbzzvk547jVB9UKz8pMLSeLnD
Instrumentation scope (ActivitySource):
    Name: Microsoft.AspNetCore
Resource associated with Activity:
    network.protocol.version: 1.1
    telemetry.sdk.name: opentelemetry
    http.route: api/auth/email/confirm/{code}
    telemetry.sdk.language: dotnet
    http.response.status_code: 400
    telemetry.sdk.version: 1.14.0
Instrumentation scope (ActivitySource):
    service.name: unknown_service:testhost
    Name: Microsoft.AspNetCore
[22:29:07 INF] Executed action Urbeat.WebApi.Controllers.AuthController.LoginSeller (Urbeat.WebApi) in 130.1942ms
Resource associated with Activity:
    telemetry.sdk.name: opentelemetry
Activity.TraceId:            fea080365f52ea72956b81a04b640038
    telemetry.sdk.language: dotnet
Activity.SpanId:             943c3bb801365307
    telemetry.sdk.version: 1.14.0
Activity.TraceFlags:         Recorded
    service.name: unknown_service:testhost
Activity.DisplayName:        POST api/auth/email/resend-confirmation
Activity.TraceId:            0016e7ff03cad60c91713015993b1f92
Activity.Kind:               Server
Activity.SpanId:             fc947fc3b4ce70d8
Activity.StartTime:          2026-06-08T01:29:07.1989626Z
Activity.TraceFlags:         Recorded
Activity.Duration:           00:00:00.2150046
Activity.Tags:
Activity.DisplayName:        POST api/auth/email/confirm/{code}
    server.address: localhost
Activity.Kind:               Server
    http.request.method: POST
Activity.StartTime:          2026-06-08T01:29:07.2013104Z
    url.scheme: http
Activity.Duration:           00:00:00.2126508
    url.path: /api/auth/email/resend-confirmation
    network.protocol.version: 1.1
Activity.Tags:
[22:29:07 INF] Request finished HTTP/1.1 POST http://localhost/api/auth/login/seller - 200 null application/json; charset=utf-8 260.6147ms
    http.route: api/auth/email/resend-confirmation
[22:29:07 INF] Executed endpoint 'Urbeat.WebApi.Controllers.AuthController.LoginSeller (Urbeat.WebApi)'
    server.address: localhost
    http.request.method: POST
    http.response.status_code: 400
    url.scheme: http
Instrumentation scope (ActivitySource):
    url.path: /api/auth/email/confirm/xbzzvk547jVB9UKz8pMLSeLnD
    network.protocol.version: 1.1
    Name: Microsoft.AspNetCore
    http.route: api/auth/email/confirm/{code}
Resource associated with Activity:
    http.response.status_code: 400
[22:29:07 INF] Request starting HTTP/1.1 POST http://localhost/api/customer/addresses - application/json; charset=utf-8 null
    telemetry.sdk.name: opentelemetry
Instrumentation scope (ActivitySource):
    telemetry.sdk.language: dotnet
    Name: Microsoft.AspNetCore
    telemetry.sdk.version: 1.14.0
[22:29:07 INF] Request starting HTTP/1.1 POST http://localhost/api/stores - application/json; charset=utf-8 null
Resource associated with Activity:
    telemetry.sdk.name: opentelemetry
    telemetry.sdk.language: dotnet
    telemetry.sdk.version: 1.14.0
    service.name: unknown_service:testhost
    service.name: unknown_service:testhost
[22:29:07 INF] Request starting HTTP/1.1 POST http://localhost/api/stores - application/json; charset=utf-8 null
Activity.TraceId:            fea080365f52ea72956b81a04b640038
Activity.SpanId:             943c3bb801365307
Activity.TraceFlags:         Recorded
Activity.DisplayName:        POST api/auth/email/resend-confirmation
Activity.Kind:               Server
Activity.TraceId:            0016e7ff03cad60c91713015993b1f92
Activity.SpanId:             fc947fc3b4ce70d8
Activity.StartTime:          2026-06-08T01:29:07.1989626Z
Activity.TraceFlags:         Recorded
Activity.Duration:           00:00:00.2150046
Activity.DisplayName:        POST api/auth/email/confirm/{code}
[22:29:07 INF] Request starting HTTP/1.1 POST http://localhost/api/stores - application/json; charset=utf-8 null
Activity.Tags:
Activity.Kind:               Server
    server.address: localhost
Activity.TraceId:            6b6487e36dfbe1a15487686a15649973
Activity.StartTime:          2026-06-08T01:29:07.2013104Z
[22:29:07 INF] Route matched with {action = "Create", controller = "Stores"}. Executing controller action with signature System.Threading.Tasks.Task`1[Microsoft.AspNetCore.Mvc.IActionResult] Create(Urbeat.Application.DTOs.CreateStoreRequestDto, System.Threading.CancellationToken) on controller Urbeat.WebApi.Controllers.StoresController (Urbeat.WebApi).
Activity.Duration:           00:00:00.2126508
Activity.SpanId:             b787a3da9f0edb80
Activity.Tags:
Activity.TraceFlags:         Recorded
Activity.DisplayName:        POST api/auth/login/seller
    server.address: localhost
[22:29:07 INF] Route matched with {action = "Create", controller = "Stores"}. Executing controller action with signature System.Threading.Tasks.Task`1[Microsoft.AspNetCore.Mvc.IActionResult] Create(Urbeat.Application.DTOs.CreateStoreRequestDto, System.Threading.CancellationToken) on controller Urbeat.WebApi.Controllers.StoresController (Urbeat.WebApi).
    http.request.method: POST
    http.request.method: POST
[22:29:07 INF] Saved 1 entities to in-memory store.
    url.scheme: http
    url.scheme: http
    url.path: /api/auth/email/confirm/xbzzvk547jVB9UKz8pMLSeLnD
    url.path: /api/auth/email/resend-confirmation
    network.protocol.version: 1.1
    network.protocol.version: 1.1
    http.route: api/auth/email/confirm/{code}
    http.route: api/auth/email/resend-confirmation
    http.response.status_code: 400
Instrumentation scope (ActivitySource):
    Name: Microsoft.AspNetCore
Resource associated with Activity:
    http.response.status_code: 400
    telemetry.sdk.name: opentelemetry
Instrumentation scope (ActivitySource):
    telemetry.sdk.language: dotnet
    Name: Microsoft.AspNetCore
    telemetry.sdk.version: 1.14.0
Resource associated with Activity:
    service.name: unknown_service:testhost
    telemetry.sdk.name: opentelemetry
Activity.Kind:               Server
    telemetry.sdk.language: dotnet
    telemetry.sdk.version: 1.14.0
    service.name: unknown_service:testhost
Activity.TraceId:            fea080365f52ea72956b81a04b640038
Activity.StartTime:          2026-06-08T01:29:07.1535910Z
Activity.SpanId:             943c3bb801365307
Activity.TraceId:            0016e7ff03cad60c91713015993b1f92
Activity.TraceFlags:         Recorded
Activity.SpanId:             fc947fc3b4ce70d8
Activity.Duration:           00:00:00.2973319
Activity.DisplayName:        POST api/auth/email/resend-confirmation
Activity.TraceFlags:         Recorded
Activity.Tags:
Activity.DisplayName:        POST api/auth/email/confirm/{code}
Activity.Kind:               Server
    server.address: localhost
Activity.Kind:               Server
    http.request.method: POST
Activity.StartTime:          2026-06-08T01:29:07.1989626Z
[22:29:07 INF] Request finished HTTP/1.1 POST http://localhost/api/auth/login/seller - 200 null application/json; charset=utf-8 297.6963ms
Activity.Duration:           00:00:00.2150046
Activity.StartTime:          2026-06-08T01:29:07.2013104Z
Activity.Tags:
Activity.Duration:           00:00:00.2126508
    server.address: localhost
Activity.Tags:
    http.request.method: POST
    server.address: localhost
    http.request.method: POST
    url.scheme: http
    url.scheme: http
    url.path: /api/auth/email/resend-confirmation
    url.path: /api/auth/email/confirm/xbzzvk547jVB9UKz8pMLSeLnD
    network.protocol.version: 1.1
    url.scheme: http
    http.route: api/auth/email/resend-confirmation
    network.protocol.version: 1.1
    url.path: /api/auth/login/seller
    http.route: api/auth/email/confirm/{code}
    http.response.status_code: 400
Instrumentation scope (ActivitySource):
    http.response.status_code: 400
    Name: Microsoft.AspNetCore
    network.protocol.version: 1.1
Instrumentation scope (ActivitySource):
Resource associated with Activity:
    Name: Microsoft.AspNetCore
    http.route: api/auth/login/seller
Resource associated with Activity:
    telemetry.sdk.name: opentelemetry
    http.response.status_code: 200
    telemetry.sdk.name: opentelemetry
Instrumentation scope (ActivitySource):
    telemetry.sdk.language: dotnet
    Name: Microsoft.AspNetCore
    telemetry.sdk.version: 1.14.0
Resource associated with Activity:
    service.name: unknown_service:testhost
    telemetry.sdk.name: opentelemetry
    telemetry.sdk.language: dotnet
    telemetry.sdk.version: 1.14.0
    service.name: unknown_service:testhost
Activity.TraceId:            bf3882134f07619e28514bb116683a61
Activity.TraceId:            6b6487e36dfbe1a15487686a15649973
Activity.SpanId:             2b70f5a358f0aa1f
Activity.SpanId:             b787a3da9f0edb80
Activity.TraceFlags:         Recorded
Activity.TraceFlags:         Recorded
Activity.DisplayName:        POST api/auth/login/seller
Activity.DisplayName:        POST api/auth/login/seller
Activity.Kind:               Server
Activity.Kind:               Server
Activity.StartTime:          2026-06-08T01:29:07.1534405Z
Activity.Duration:           00:00:00.2978415
Activity.StartTime:          2026-06-08T01:29:07.1535910Z
    telemetry.sdk.language: dotnet
Activity.Duration:           00:00:00.2973319
    telemetry.sdk.version: 1.14.0
Activity.Tags:
Activity.Tags:
    service.name: unknown_service:testhost
    server.address: localhost
    http.request.method: POST
    server.address: localhost
    url.scheme: http
    http.request.method: POST
Activity.TraceId:            fea080365f52ea72956b81a04b640038
    url.path: /api/auth/login/seller
Activity.SpanId:             943c3bb801365307
    network.protocol.version: 1.1
Activity.TraceFlags:         Recorded
    url.scheme: http
    http.route: api/auth/login/seller
Activity.DisplayName:        POST api/auth/email/resend-confirmation
    http.response.status_code: 200
Activity.Kind:               Server
    url.path: /api/auth/login/seller
Instrumentation scope (ActivitySource):
Activity.StartTime:          2026-06-08T01:29:07.1989626Z
    Name: Microsoft.AspNetCore
Resource associated with Activity:
Activity.Duration:           00:00:00.2150046
    telemetry.sdk.name: opentelemetry
    telemetry.sdk.language: dotnet
Activity.TraceId:            0016e7ff03cad60c91713015993b1f92
    telemetry.sdk.version: 1.14.0
    service.name: unknown_service:testhost
Activity.SpanId:             fc947fc3b4ce70d8
[22:29:07 INF] Executing endpoint 'Urbeat.WebApi.Controllers.StoresController.Create (Urbeat.WebApi)'
Activity.TraceFlags:         Recorded
    network.protocol.version: 1.1
Activity.DisplayName:        POST api/auth/email/confirm/{code}
    http.route: api/auth/login/seller
Activity.Kind:               Server
    http.response.status_code: 200
Activity.Tags:
    server.address: localhost
    http.request.method: POST
Activity.TraceId:            6b6487e36dfbe1a15487686a15649973
Activity.SpanId:             b787a3da9f0edb80
Activity.TraceFlags:         Recorded
Instrumentation scope (ActivitySource):
Activity.DisplayName:        POST api/auth/login/seller
    Name: Microsoft.AspNetCore
[22:29:07 INF] Saved 1 entities to in-memory store.
Activity.StartTime:          2026-06-08T01:29:07.2013104Z
Activity.Kind:               Server
Activity.Duration:           00:00:00.2126508
Activity.Tags:
[22:29:07 INF] Executing endpoint 'Urbeat.WebApi.Controllers.CustomerAddressesController.Create (Urbeat.WebApi)'
    server.address: localhost
    http.request.method: POST
    url.scheme: http
Activity.StartTime:          2026-06-08T01:29:07.1535910Z
    url.path: /api/auth/email/confirm/xbzzvk547jVB9UKz8pMLSeLnD
Activity.Duration:           00:00:00.2973319
    network.protocol.version: 1.1
Activity.Tags:
    http.route: api/auth/email/confirm/{code}
    server.address: localhost
    http.response.status_code: 400
    http.request.method: POST
    url.scheme: http
Instrumentation scope (ActivitySource):
    url.path: /api/auth/login/seller
    url.scheme: http
    network.protocol.version: 1.1
    Name: Microsoft.AspNetCore
    http.route: api/auth/login/seller
Resource associated with Activity:
    url.path: /api/auth/email/resend-confirmation
    telemetry.sdk.name: opentelemetry
    http.response.status_code: 200
    network.protocol.version: 1.1
Instrumentation scope (ActivitySource):
    telemetry.sdk.language: dotnet
    http.route: api/auth/email/resend-confirmation
    telemetry.sdk.version: 1.14.0
    Name: Microsoft.AspNetCore
    http.response.status_code: 400
Resource associated with Activity:
    service.name: unknown_service:testhost
[22:29:07 INF] Executing endpoint 'Urbeat.WebApi.Controllers.StoresController.Create (Urbeat.WebApi)'
    telemetry.sdk.name: opentelemetry
    telemetry.sdk.language: dotnet
    telemetry.sdk.version: 1.14.0
    service.name: unknown_service:testhost
Resource associated with Activity:
Activity.TraceId:            6b6487e36dfbe1a15487686a15649973
Activity.SpanId:             b787a3da9f0edb80
    telemetry.sdk.name: opentelemetry
Activity.TraceFlags:         Recorded
    telemetry.sdk.language: dotnet
Activity.DisplayName:        POST api/auth/login/seller
    telemetry.sdk.version: 1.14.0
Activity.Kind:               Server
    service.name: unknown_service:testhost
[22:29:07 INF] Executing endpoint 'Urbeat.WebApi.Controllers.StoresController.Create (Urbeat.WebApi)'
Activity.StartTime:          2026-06-08T01:29:07.1535910Z
Activity.Duration:           00:00:00.2973319
Activity.Tags:
    server.address: localhost
    http.request.method: POST
    url.scheme: http
    url.path: /api/auth/login/seller
    network.protocol.version: 1.1
    http.route: api/auth/login/seller
Instrumentation scope (ActivitySource):
    http.response.status_code: 200
    Name: Microsoft.AspNetCore
Instrumentation scope (ActivitySource):
    Name: Microsoft.AspNetCore
Resource associated with Activity:
Resource associated with Activity:
    telemetry.sdk.name: opentelemetry
    telemetry.sdk.name: opentelemetry
    telemetry.sdk.language: dotnet
    telemetry.sdk.language: dotnet
    telemetry.sdk.version: 1.14.0
Activity.TraceId:            bf3882134f07619e28514bb116683a61
    service.name: unknown_service:testhost
Activity.SpanId:             2b70f5a358f0aa1f
    telemetry.sdk.version: 1.14.0
    service.name: unknown_service:testhost
Activity.TraceFlags:         Recorded
Activity.DisplayName:        POST api/auth/login/seller
Activity.Kind:               Server
Activity.TraceId:            0016e7ff03cad60c91713015993b1f92
Activity.TraceId:            fea080365f52ea72956b81a04b640038
Activity.SpanId:             fc947fc3b4ce70d8
Activity.SpanId:             943c3bb801365307
Activity.TraceFlags:         Recorded
Activity.TraceFlags:         Recorded
Activity.DisplayName:        POST api/auth/email/confirm/{code}
Activity.DisplayName:        POST api/auth/email/resend-confirmation
Activity.StartTime:          2026-06-08T01:29:07.1534405Z
Activity.Duration:           00:00:00.2978415
Activity.Kind:               Server
Activity.Tags:
Activity.StartTime:          2026-06-08T01:29:07.2013104Z
Activity.Kind:               Server
Activity.Duration:           00:00:00.2126508
Activity.Tags:
    server.address: localhost
    server.address: localhost
    http.request.method: POST
Activity.StartTime:          2026-06-08T01:29:07.1989626Z
    url.scheme: http
Activity.Duration:           00:00:00.2150046
    url.path: /api/auth/email/confirm/xbzzvk547jVB9UKz8pMLSeLnD
Activity.Tags:
    http.request.method: POST
    network.protocol.version: 1.1
    http.route: api/auth/email/confirm/{code}
    http.response.status_code: 400
    server.address: localhost
Instrumentation scope (ActivitySource):
    http.request.method: POST
    Name: Microsoft.AspNetCore
    url.scheme: http
    url.scheme: http
    url.path: /api/auth/email/resend-confirmation
    url.path: /api/auth/login/seller
    network.protocol.version: 1.1
    network.protocol.version: 1.1
    http.route: api/auth/email/resend-confirmation
    http.route: api/auth/login/seller
    http.response.status_code: 400
Instrumentation scope (ActivitySource):
    http.response.status_code: 200
Resource associated with Activity:
Instrumentation scope (ActivitySource):
    telemetry.sdk.name: opentelemetry
    telemetry.sdk.language: dotnet
    Name: Microsoft.AspNetCore
    telemetry.sdk.version: 1.14.0
Resource associated with Activity:
    Name: Microsoft.AspNetCore
    service.name: unknown_service:testhost
Resource associated with Activity:
    telemetry.sdk.name: opentelemetry
    telemetry.sdk.name: opentelemetry
[22:29:07 INF] Saved 1 entities to in-memory store.
    telemetry.sdk.language: dotnet
    telemetry.sdk.version: 1.14.0
    service.name: unknown_service:testhost
    telemetry.sdk.language: dotnet
    telemetry.sdk.version: 1.14.0
Activity.TraceId:            bf3882134f07619e28514bb116683a61
    service.name: unknown_service:testhost
Activity.SpanId:             2b70f5a358f0aa1f
Activity.TraceFlags:         Recorded
Activity.DisplayName:        POST api/auth/login/seller
Activity.TraceId:            fea080365f52ea72956b81a04b640038
Activity.Kind:               Server
Activity.SpanId:             943c3bb801365307
Activity.TraceFlags:         Recorded
Activity.DisplayName:        POST api/auth/email/resend-confirmation
Activity.Kind:               Server
Activity.StartTime:          2026-06-08T01:29:07.1534405Z
Activity.Duration:           00:00:00.2978415
Activity.StartTime:          2026-06-08T01:29:07.1989626Z
Activity.Tags:
Activity.Duration:           00:00:00.2150046
    server.address: localhost
Activity.Tags:
    http.request.method: POST
    server.address: localhost
    url.scheme: http
    url.path: /api/auth/login/seller
    network.protocol.version: 1.1
    http.request.method: POST
    http.route: api/auth/login/seller
    url.scheme: http
    url.path: /api/auth/email/resend-confirmation
    network.protocol.version: 1.1
    http.response.status_code: 200
Activity.TraceId:            6b6487e36dfbe1a15487686a15649973
Instrumentation scope (ActivitySource):
Activity.SpanId:             b787a3da9f0edb80
    Name: Microsoft.AspNetCore
    http.route: api/auth/email/resend-confirmation
Resource associated with Activity:
Activity.TraceFlags:         Recorded
    http.response.status_code: 400
Activity.DisplayName:        POST api/auth/login/seller
    telemetry.sdk.name: opentelemetry
Activity.Kind:               Server
Instrumentation scope (ActivitySource):
    telemetry.sdk.language: dotnet
    Name: Microsoft.AspNetCore
    telemetry.sdk.version: 1.14.0
Resource associated with Activity:
Activity.StartTime:          2026-06-08T01:29:07.1535910Z
    telemetry.sdk.name: opentelemetry
Activity.Duration:           00:00:00.2973319
Activity.Tags:
    server.address: localhost
    service.name: unknown_service:testhost
    http.request.method: POST
    url.scheme: http
    telemetry.sdk.language: dotnet
    url.path: /api/auth/login/seller
Activity.TraceId:            bf3882134f07619e28514bb116683a61
    network.protocol.version: 1.1
Activity.SpanId:             2b70f5a358f0aa1f
    http.route: api/auth/login/seller
    telemetry.sdk.version: 1.14.0
Activity.TraceFlags:         Recorded
    http.response.status_code: 200
    service.name: unknown_service:testhost
Activity.DisplayName:        POST api/auth/login/seller
Instrumentation scope (ActivitySource):
    Name: Microsoft.AspNetCore
Activity.Kind:               Server
Resource associated with Activity:
Activity.TraceId:            fea080365f52ea72956b81a04b640038
    telemetry.sdk.name: opentelemetry
Activity.SpanId:             943c3bb801365307
    telemetry.sdk.language: dotnet
Activity.TraceFlags:         Recorded
    telemetry.sdk.version: 1.14.0
Activity.DisplayName:        POST api/auth/email/resend-confirmation
Activity.StartTime:          2026-06-08T01:29:07.1534405Z
Activity.Kind:               Server
    service.name: unknown_service:testhost
Activity.Duration:           00:00:00.2978415
Activity.StartTime:          2026-06-08T01:29:07.1989626Z
Activity.Tags:
Activity.Duration:           00:00:00.2150046
Activity.TraceId:            6b6487e36dfbe1a15487686a15649973
    server.address: localhost
Activity.SpanId:             b787a3da9f0edb80
    http.request.method: POST
Activity.TraceFlags:         Recorded
    url.scheme: http
Activity.DisplayName:        POST api/auth/login/seller
    url.path: /api/auth/login/seller
Activity.Tags:
Activity.Kind:               Server
    network.protocol.version: 1.1
    server.address: localhost
Activity.StartTime:          2026-06-08T01:29:07.1535910Z
    http.route: api/auth/login/seller
Activity.Duration:           00:00:00.2973319
    http.request.method: POST
Activity.Tags:
    http.response.status_code: 200
    server.address: localhost
    url.scheme: http
Instrumentation scope (ActivitySource):
    url.path: /api/auth/email/resend-confirmation
    http.request.method: POST
    Name: Microsoft.AspNetCore
    url.scheme: http
Resource associated with Activity:
    network.protocol.version: 1.1
    url.path: /api/auth/login/seller
    telemetry.sdk.name: opentelemetry
    network.protocol.version: 1.1
    http.route: api/auth/email/resend-confirmation
    http.route: api/auth/login/seller
    http.response.status_code: 400
    telemetry.sdk.language: dotnet
Instrumentation scope (ActivitySource):
    http.response.status_code: 200
    telemetry.sdk.version: 1.14.0
    Name: Microsoft.AspNetCore
    service.name: unknown_service:testhost
Instrumentation scope (ActivitySource):
Resource associated with Activity:
    Name: Microsoft.AspNetCore
    telemetry.sdk.name: opentelemetry
    telemetry.sdk.language: dotnet
    telemetry.sdk.version: 1.14.0
    service.name: unknown_service:testhost
Activity.TraceId:            fea080365f52ea72956b81a04b640038
Resource associated with Activity:
Activity.TraceId:            0016e7ff03cad60c91713015993b1f92
Activity.SpanId:             943c3bb801365307
    telemetry.sdk.name: opentelemetry
    telemetry.sdk.language: dotnet
Activity.SpanId:             fc947fc3b4ce70d8
Activity.TraceFlags:         Recorded
    telemetry.sdk.version: 1.14.0
Activity.TraceFlags:         Recorded
    service.name: unknown_service:testhost
Activity.DisplayName:        POST api/auth/email/resend-confirmation
Activity.DisplayName:        POST api/auth/email/confirm/{code}
Activity.Kind:               Server
Activity.Kind:               Server
Activity.StartTime:          2026-06-08T01:29:07.1989626Z
Activity.Duration:           00:00:00.2150046
Activity.Tags:
    server.address: localhost
    http.request.method: POST
    url.scheme: http
    url.path: /api/auth/email/resend-confirmation
Activity.StartTime:          2026-06-08T01:29:07.2013104Z
    network.protocol.version: 1.1
Activity.TraceId:            bf3882134f07619e28514bb116683a61
Activity.Duration:           00:00:00.2126508
Activity.Tags:
    http.route: api/auth/email/resend-confirmation
    server.address: localhost
    http.response.status_code: 400
    http.request.method: POST
Instrumentation scope (ActivitySource):
[22:29:07 INF] Saved 7 entities to in-memory store.
Activity.SpanId:             2b70f5a358f0aa1f
[22:29:07 INF] Route matched with {action = "Create", controller = "Stores"}. Executing controller action with signature System.Threading.Tasks.Task`1[Microsoft.AspNetCore.Mvc.IActionResult] Create(Urbeat.Application.DTOs.CreateStoreRequestDto, System.Threading.CancellationToken) on controller Urbeat.WebApi.Controllers.StoresController (Urbeat.WebApi).
    url.scheme: http
[22:29:07 INF] Route matched with {action = "Create", controller = "Stores"}. Executing controller action with signature System.Threading.Tasks.Task`1[Microsoft.AspNetCore.Mvc.IActionResult] Create(Urbeat.Application.DTOs.CreateStoreRequestDto, System.Threading.CancellationToken) on controller Urbeat.WebApi.Controllers.StoresController (Urbeat.WebApi).
    url.path: /api/auth/email/confirm/xbzzvk547jVB9UKz8pMLSeLnD
Activity.TraceFlags:         Recorded
    network.protocol.version: 1.1
Activity.DisplayName:        POST api/auth/login/seller
    http.route: api/auth/email/confirm/{code}
[22:29:07 INF] Route matched with {action = "Create", controller = "Stores"}. Executing controller action with signature System.Threading.Tasks.Task`1[Microsoft.AspNetCore.Mvc.IActionResult] Create(Urbeat.Application.DTOs.CreateStoreRequestDto, System.Threading.CancellationToken) on controller Urbeat.WebApi.Controllers.StoresController (Urbeat.WebApi).
Activity.Kind:               Server
    Name: Microsoft.AspNetCore
[22:29:07 INF] Route matched with {action = "Create", controller = "CustomerAddresses"}. Executing controller action with signature System.Threading.Tasks.Task`1[Microsoft.AspNetCore.Mvc.IActionResult] Create(Urbeat.Application.DTOs.UpsertCustomerAddressRequestDto, System.Threading.CancellationToken) on controller Urbeat.WebApi.Controllers.CustomerAddressesController (Urbeat.WebApi).
Resource associated with Activity:
    telemetry.sdk.name: opentelemetry
    telemetry.sdk.language: dotnet
    telemetry.sdk.version: 1.14.0
    service.name: unknown_service:testhost
    http.response.status_code: 400
Activity.TraceId:            fea080365f52ea72956b81a04b640038
Activity.SpanId:             943c3bb801365307
Activity.TraceFlags:         Recorded
Instrumentation scope (ActivitySource):
Activity.StartTime:          2026-06-08T01:29:07.1534405Z
Activity.DisplayName:        POST api/auth/email/resend-confirmation
Activity.Kind:               Server
    Name: Microsoft.AspNetCore
Activity.StartTime:          2026-06-08T01:29:07.1989626Z
Resource associated with Activity:
Activity.Duration:           00:00:00.2150046
    telemetry.sdk.name: opentelemetry
Activity.Tags:
    telemetry.sdk.language: dotnet
Activity.Duration:           00:00:00.2978415
    telemetry.sdk.version: 1.14.0
Activity.Tags:
    service.name: unknown_service:testhost
    server.address: localhost
    http.request.method: POST
    url.scheme: http
    server.address: localhost
    url.path: /api/auth/login/seller
    http.request.method: POST
    network.protocol.version: 1.1
    url.scheme: http
    http.route: api/auth/login/seller
Activity.TraceId:            0016e7ff03cad60c91713015993b1f92
    http.response.status_code: 200
Activity.SpanId:             fc947fc3b4ce70d8
Instrumentation scope (ActivitySource):
Activity.TraceFlags:         Recorded
    Name: Microsoft.AspNetCore
Activity.DisplayName:        POST api/auth/email/confirm/{code}
Resource associated with Activity:
Activity.Kind:               Server
    telemetry.sdk.name: opentelemetry
    telemetry.sdk.language: dotnet
    telemetry.sdk.version: 1.14.0
    service.name: unknown_service:testhost
Activity.StartTime:          2026-06-08T01:29:07.2013104Z
Activity.Duration:           00:00:00.2126508
Activity.Tags:
Activity.TraceId:            6b6487e36dfbe1a15487686a15649973
Activity.TraceId:            bf3882134f07619e28514bb116683a61
Activity.SpanId:             b787a3da9f0edb80
Activity.SpanId:             2b70f5a358f0aa1f
Activity.TraceFlags:         Recorded
Activity.TraceFlags:         Recorded
Activity.DisplayName:        POST api/auth/login/seller
Activity.DisplayName:        POST api/auth/login/seller
Activity.Kind:               Server
Activity.Kind:               Server
Activity.StartTime:          2026-06-08T01:29:07.1535910Z
Activity.Duration:           00:00:00.2973319
Activity.StartTime:          2026-06-08T01:29:07.1534405Z
Activity.Tags:
Activity.Duration:           00:00:00.2978415
    url.path: /api/auth/email/resend-confirmation
    server.address: localhost
    network.protocol.version: 1.1
    http.route: api/auth/email/resend-confirmation
    server.address: localhost
    http.request.method: POST
    http.response.status_code: 400
    http.request.method: POST
Instrumentation scope (ActivitySource):
    url.scheme: http
    Name: Microsoft.AspNetCore
    url.scheme: http
    url.path: /api/auth/email/confirm/xbzzvk547jVB9UKz8pMLSeLnD
    url.path: /api/auth/login/seller
Resource associated with Activity:
    network.protocol.version: 1.1
    telemetry.sdk.name: opentelemetry
    http.route: api/auth/email/confirm/{code}
    telemetry.sdk.language: dotnet
    network.protocol.version: 1.1
    http.route: api/auth/login/seller
Activity.Tags:
    http.response.status_code: 200
    server.address: localhost
Instrumentation scope (ActivitySource):
    http.request.method: POST
    http.response.status_code: 400
    url.scheme: http
Instrumentation scope (ActivitySource):
    url.path: /api/auth/login/seller
    Name: Microsoft.AspNetCore
    network.protocol.version: 1.1
Resource associated with Activity:
    Name: Microsoft.AspNetCore
    http.route: api/auth/login/seller
    telemetry.sdk.name: opentelemetry
Resource associated with Activity:
    telemetry.sdk.language: dotnet
    http.response.status_code: 200
    telemetry.sdk.version: 1.14.0
    telemetry.sdk.name: opentelemetry
Instrumentation scope (ActivitySource):
    service.name: unknown_service:testhost
    Name: Microsoft.AspNetCore
    telemetry.sdk.language: dotnet
Resource associated with Activity:
    telemetry.sdk.version: 1.14.0
    telemetry.sdk.name: opentelemetry
    service.name: unknown_service:testhost
    telemetry.sdk.language: dotnet
    telemetry.sdk.version: 1.14.0
    telemetry.sdk.version: 1.14.0
    service.name: unknown_service:testhost
    service.name: unknown_service:testhost
Activity.TraceId:            fea080365f52ea72956b81a04b640038
Activity.SpanId:             943c3bb801365307
Activity.TraceFlags:         Recorded
Activity.DisplayName:        POST api/auth/email/resend-confirmation
Activity.TraceId:            0016e7ff03cad60c91713015993b1f92
Activity.Kind:               Server
Activity.SpanId:             fc947fc3b4ce70d8
Activity.TraceFlags:         Recorded
Activity.StartTime:          2026-06-08T01:29:07.1989626Z
Activity.DisplayName:        POST api/auth/email/confirm/{code}
Activity.Duration:           00:00:00.2150046
Activity.Kind:               Server
Activity.Tags:
Activity.TraceId:            bf3882134f07619e28514bb116683a61
    server.address: localhost
Activity.StartTime:          2026-06-08T01:29:07.2013104Z
    http.request.method: POST
Activity.Duration:           00:00:00.2126508
Activity.SpanId:             2b70f5a358f0aa1f
    url.scheme: http
Activity.Tags:
Activity.TraceFlags:         Recorded
Activity.DisplayName:        POST api/auth/login/seller
    url.path: /api/auth/email/resend-confirmation
Activity.Kind:               Server
    network.protocol.version: 1.1
    http.route: api/auth/email/resend-confirmation
Activity.StartTime:          2026-06-08T01:29:07.1534405Z
Activity.TraceId:            6b6487e36dfbe1a15487686a15649973
Activity.Duration:           00:00:00.2978415
Activity.SpanId:             b787a3da9f0edb80
Activity.Tags:
    http.response.status_code: 400
    server.address: localhost
    server.address: localhost
Activity.TraceFlags:         Recorded
    http.request.method: POST
Activity.DisplayName:        POST api/auth/login/seller
    url.scheme: http
Activity.Kind:               Server
    url.path: /api/auth/login/seller
    network.protocol.version: 1.1
Instrumentation scope (ActivitySource):
    http.route: api/auth/login/seller
    Name: Microsoft.AspNetCore
    http.response.status_code: 200
Resource associated with Activity:
Instrumentation scope (ActivitySource):
    telemetry.sdk.name: opentelemetry
    Name: Microsoft.AspNetCore
    telemetry.sdk.language: dotnet
Resource associated with Activity:
    telemetry.sdk.version: 1.14.0
    service.name: unknown_service:testhost
    telemetry.sdk.name: opentelemetry
    telemetry.sdk.language: dotnet
    telemetry.sdk.version: 1.14.0
    service.name: unknown_service:testhost
Activity.StartTime:          2026-06-08T01:29:07.1535910Z
Activity.Duration:           00:00:00.2973319
Activity.Tags:
    http.request.method: POST
    server.address: localhost
    url.scheme: http
    http.request.method: POST
    url.path: /api/auth/email/confirm/xbzzvk547jVB9UKz8pMLSeLnD
    url.scheme: http
    network.protocol.version: 1.1
    url.path: /api/auth/login/seller
    http.route: api/auth/email/confirm/{code}
    network.protocol.version: 1.1
    http.response.status_code: 400
    http.route: api/auth/login/seller
Instrumentation scope (ActivitySource):
    Name: Microsoft.AspNetCore
Resource associated with Activity:
    http.response.status_code: 200
    telemetry.sdk.name: opentelemetry
Instrumentation scope (ActivitySource):
    telemetry.sdk.language: dotnet
    telemetry.sdk.version: 1.14.0
    Name: Microsoft.AspNetCore
    service.name: unknown_service:testhost
Resource associated with Activity:
    telemetry.sdk.name: opentelemetry
    telemetry.sdk.language: dotnet
Activity.TraceId:            0016e7ff03cad60c91713015993b1f92
    telemetry.sdk.version: 1.14.0
    service.name: unknown_service:testhost
Activity.SpanId:             fc947fc3b4ce70d8
Activity.TraceFlags:         Recorded
Activity.DisplayName:        POST api/auth/email/confirm/{code}
Activity.Kind:               Server
Activity.TraceId:            6b6487e36dfbe1a15487686a15649973
Activity.StartTime:          2026-06-08T01:29:07.2013104Z
Activity.SpanId:             b787a3da9f0edb80
Activity.Duration:           00:00:00.2126508
Activity.TraceFlags:         Recorded
Activity.Tags:
Activity.DisplayName:        POST api/auth/login/seller
Activity.TraceId:            bf3882134f07619e28514bb116683a61
    server.address: localhost
Activity.SpanId:             2b70f5a358f0aa1f
    http.request.method: POST
Activity.Kind:               Server
Activity.TraceFlags:         Recorded
    url.scheme: http
Activity.DisplayName:        POST api/auth/login/seller
Activity.StartTime:          2026-06-08T01:29:07.1535910Z
Activity.Kind:               Server
    url.path: /api/auth/email/confirm/xbzzvk547jVB9UKz8pMLSeLnD
Activity.Duration:           00:00:00.2973319
    network.protocol.version: 1.1
Activity.Tags:
    http.route: api/auth/email/confirm/{code}
    server.address: localhost
Activity.StartTime:          2026-06-08T01:29:07.1534405Z
    http.response.status_code: 400
    http.request.method: POST
Instrumentation scope (ActivitySource):
Activity.Duration:           00:00:00.2978415
    url.scheme: http
    Name: Microsoft.AspNetCore
Resource associated with Activity:
Activity.Tags:
    telemetry.sdk.name: opentelemetry
    url.path: /api/auth/login/seller
    telemetry.sdk.language: dotnet
    network.protocol.version: 1.1
    server.address: localhost
    telemetry.sdk.version: 1.14.0
    http.route: api/auth/login/seller
    service.name: unknown_service:testhost
    http.request.method: POST
    http.response.status_code: 200
    url.scheme: http
Instrumentation scope (ActivitySource):
    Name: Microsoft.AspNetCore
Activity.TraceId:            0016e7ff03cad60c91713015993b1f92
    url.path: /api/auth/login/seller
Activity.SpanId:             fc947fc3b4ce70d8
    network.protocol.version: 1.1
Resource associated with Activity:
    http.route: api/auth/login/seller
    telemetry.sdk.name: opentelemetry
Activity.TraceFlags:         Recorded
    telemetry.sdk.language: dotnet
    http.response.status_code: 200
Activity.DisplayName:        POST api/auth/email/confirm/{code}
    telemetry.sdk.version: 1.14.0
Instrumentation scope (ActivitySource):
Activity.Kind:               Server
    Name: Microsoft.AspNetCore
    service.name: unknown_service:testhost
Activity.StartTime:          2026-06-08T01:29:07.2013104Z
Resource associated with Activity:
Activity.Duration:           00:00:00.2126508
Activity.Tags:
    telemetry.sdk.name: opentelemetry
Activity.TraceId:            6b6487e36dfbe1a15487686a15649973
    telemetry.sdk.language: dotnet
Activity.SpanId:             b787a3da9f0edb80
    telemetry.sdk.version: 1.14.0
    server.address: localhost
    service.name: unknown_service:testhost
Activity.TraceFlags:         Recorded
    http.request.method: POST
Activity.DisplayName:        POST api/auth/login/seller
    url.scheme: http
Activity.Kind:               Server
Activity.TraceId:            bf3882134f07619e28514bb116683a61
    url.path: /api/auth/email/confirm/xbzzvk547jVB9UKz8pMLSeLnD
Activity.SpanId:             2b70f5a358f0aa1f
Activity.StartTime:          2026-06-08T01:29:07.1535910Z
Activity.TraceFlags:         Recorded
    network.protocol.version: 1.1
Activity.Duration:           00:00:00.2973319
Activity.DisplayName:        POST api/auth/login/seller
    http.route: api/auth/email/confirm/{code}
Activity.Tags:
    http.response.status_code: 400
Activity.Kind:               Server
Instrumentation scope (ActivitySource):
    Name: Microsoft.AspNetCore
Resource associated with Activity:
    server.address: localhost
Activity.StartTime:          2026-06-08T01:29:07.1534405Z
    telemetry.sdk.name: opentelemetry
    http.request.method: POST
    telemetry.sdk.language: dotnet
Activity.Duration:           00:00:00.2978415
    url.scheme: http
Activity.Tags:
    url.path: /api/auth/login/seller
    server.address: localhost
    network.protocol.version: 1.1
    http.request.method: POST
    telemetry.sdk.version: 1.14.0
    url.scheme: http
    http.route: api/auth/login/seller
    service.name: unknown_service:testhost
    url.path: /api/auth/login/seller
    http.response.status_code: 200
    network.protocol.version: 1.1
Instrumentation scope (ActivitySource):
    http.route: api/auth/login/seller
    Name: Microsoft.AspNetCore
Activity.TraceId:            0016e7ff03cad60c91713015993b1f92
Resource associated with Activity:
    http.response.status_code: 200
    telemetry.sdk.name: opentelemetry
Instrumentation scope (ActivitySource):
Activity.SpanId:             fc947fc3b4ce70d8
    Name: Microsoft.AspNetCore
    telemetry.sdk.language: dotnet
Activity.TraceFlags:         Recorded
    telemetry.sdk.version: 1.14.0
Resource associated with Activity:
    service.name: unknown_service:testhost
Activity.TraceId:            6b6487e36dfbe1a15487686a15649973
    telemetry.sdk.name: opentelemetry
Activity.SpanId:             b787a3da9f0edb80
    telemetry.sdk.language: dotnet
Activity.DisplayName:        POST api/auth/email/confirm/{code}
    telemetry.sdk.version: 1.14.0
Activity.TraceFlags:         Recorded
Activity.Kind:               Server
    service.name: unknown_service:testhost
Activity.DisplayName:        POST api/auth/login/seller
Activity.StartTime:          2026-06-08T01:29:07.2013104Z
Activity.Kind:               Server
Activity.Duration:           00:00:00.2126508
Activity.Tags:
Activity.StartTime:          2026-06-08T01:29:07.1535910Z
Activity.TraceId:            bf3882134f07619e28514bb116683a61
Activity.Duration:           00:00:00.2973319
    server.address: localhost
Activity.SpanId:             2b70f5a358f0aa1f
Activity.Tags:
    http.request.method: POST
    server.address: localhost
    url.scheme: http
Activity.TraceFlags:         Recorded
    http.request.method: POST
Activity.DisplayName:        POST api/auth/login/seller
    url.scheme: http
Activity.Kind:               Server
    url.path: /api/auth/login/seller
    network.protocol.version: 1.1
    http.route: api/auth/login/seller
    http.response.status_code: 200
Instrumentation scope (ActivitySource):
Activity.StartTime:          2026-06-08T01:29:07.1534405Z
    Name: Microsoft.AspNetCore
    url.path: /api/auth/email/confirm/xbzzvk547jVB9UKz8pMLSeLnD
Activity.Duration:           00:00:00.2978415
Resource associated with Activity:
    network.protocol.version: 1.1
Activity.Tags:
[22:29:07 INF] Request starting HTTP/1.1 POST http://localhost/api/auth/email/resend-confirmation - application/json; charset=utf-8 null
    server.address: localhost
    http.request.method: POST
    telemetry.sdk.name: opentelemetry
    url.scheme: http
    telemetry.sdk.language: dotnet
    url.path: /api/auth/login/seller
    telemetry.sdk.version: 1.14.0
    network.protocol.version: 1.1
    http.route: api/auth/email/confirm/{code}
    http.route: api/auth/login/seller
    service.name: unknown_service:testhost
    http.response.status_code: 400
    http.response.status_code: 200
Instrumentation scope (ActivitySource):
    Name: Microsoft.AspNetCore
Instrumentation scope (ActivitySource):
Resource associated with Activity:
    Name: Microsoft.AspNetCore
    telemetry.sdk.name: opentelemetry
Resource associated with Activity:
    telemetry.sdk.language: dotnet
    telemetry.sdk.version: 1.14.0
    telemetry.sdk.name: opentelemetry
    service.name: unknown_service:testhost
    telemetry.sdk.language: dotnet
    telemetry.sdk.version: 1.14.0
    service.name: unknown_service:testhost
Activity.TraceId:            bf3882134f07619e28514bb116683a61
Activity.SpanId:             2b70f5a358f0aa1f
Activity.TraceFlags:         Recorded
Activity.DisplayName:        POST api/auth/login/seller
Activity.TraceId:            6b6487e36dfbe1a15487686a15649973
Activity.Kind:               Server
Activity.SpanId:             b787a3da9f0edb80
Activity.TraceFlags:         Recorded
Activity.DisplayName:        POST api/auth/login/seller
Activity.StartTime:          2026-06-08T01:29:07.1534405Z
Activity.Kind:               Server
Activity.Duration:           00:00:00.2978415
Activity.Tags:
Activity.StartTime:          2026-06-08T01:29:07.1535910Z
    server.address: localhost
Activity.Duration:           00:00:00.2973319
    http.request.method: POST
Activity.Tags:
    url.scheme: http
    server.address: localhost
    url.path: /api/auth/login/seller
    http.request.method: POST
    network.protocol.version: 1.1
    url.scheme: http
    http.route: api/auth/login/seller
    url.path: /api/auth/login/seller
    network.protocol.version: 1.1
    http.route: api/auth/login/seller
    http.response.status_code: 200
    http.response.status_code: 200
Instrumentation scope (ActivitySource):
Instrumentation scope (ActivitySource):
    Name: Microsoft.AspNetCore
    Name: Microsoft.AspNetCore
Resource associated with Activity:
Resource associated with Activity:
    telemetry.sdk.name: opentelemetry
    telemetry.sdk.language: dotnet
    telemetry.sdk.name: opentelemetry
    telemetry.sdk.version: 1.14.0
    telemetry.sdk.language: dotnet
    service.name: unknown_service:testhost
    telemetry.sdk.version: 1.14.0
    service.name: unknown_service:testhost
Activity.TraceId:            bf3882134f07619e28514bb116683a61
Activity.SpanId:             2b70f5a358f0aa1f
Activity.TraceFlags:         Recorded
Activity.DisplayName:        POST api/auth/login/seller
Activity.Kind:               Server
Activity.StartTime:          2026-06-08T01:29:07.1534405Z
Activity.Duration:           00:00:00.2978415
Activity.Tags:
    server.address: localhost
    http.request.method: POST
    url.scheme: http
    url.path: /api/auth/login/seller
    network.protocol.version: 1.1
    http.route: api/auth/login/seller
    http.response.status_code: 200
Instrumentation scope (ActivitySource):
    Name: Microsoft.AspNetCore
Resource associated with Activity:
    telemetry.sdk.name: opentelemetry
    telemetry.sdk.language: dotnet
    telemetry.sdk.version: 1.14.0
    service.name: unknown_service:testhost
[22:29:07 INF] Request starting HTTP/1.1 PUT http://localhost/api/admin/plans/019ea4d9-0730-7d81-856f-651bc48f8b2c - application/json; charset=utf-8 null
[22:29:07 INF] Request starting HTTP/1.1 GET http://localhost/api/stores/cuisine-types - null null
[22:29:07 INF] Executing endpoint 'Urbeat.WebApi.Controllers.AuthController.ResendEmailConfirmation (Urbeat.WebApi)'
[22:29:07 INF] Executing endpoint 'Urbeat.WebApi.Controllers.AdminController.UpdatePlan (Urbeat.WebApi)'
[22:29:07 INF] Route matched with {action = "ResendEmailConfirmation", controller = "Auth"}. Executing controller action with signature System.Threading.Tasks.Task`1[Microsoft.AspNetCore.Mvc.IActionResult] ResendEmailConfirmation(Urbeat.Application.DTOs.ResendEmailConfirmationRequestDto, System.Threading.CancellationToken) on controller Urbeat.WebApi.Controllers.AuthController (Urbeat.WebApi).
[22:29:07 INF] Executing endpoint 'Urbeat.WebApi.Controllers.StoresController.GetCuisineTypes (Urbeat.WebApi)'
[22:29:07 INF] Route matched with {action = "UpdatePlan", controller = "Admin"}. Executing controller action with signature System.Threading.Tasks.Task`1[Microsoft.AspNetCore.Mvc.IActionResult] UpdatePlan(System.Guid, Urbeat.Application.DTOs.UpdatePlanRequestDto, System.Threading.CancellationToken) on controller Urbeat.WebApi.Controllers.AdminController (Urbeat.WebApi).
[22:29:07 INF] Request starting HTTP/1.1 POST http://localhost/api/stores - application/json; charset=utf-8 null
[xUnit.net 00:00:04.64]       Expected first.StatusCode to be HttpStatusCode.OK {value: 200}, but found HttpStatusCode.BadRequest {value: 400}.
[xUnit.net 00:00:04.64]       Stack Trace:
[xUnit.net 00:00:04.64]            at FluentAssertions.Execution.LateBoundTestFramework.Throw(String message)
[xUnit.net 00:00:04.64]            at FluentAssertions.Execution.DefaultAssertionStrategy.HandleFailure(String message)
[xUnit.net 00:00:04.64]            at FluentAssertions.Execution.AssertionScope.AddPreFormattedFailure(String formattedFailureMessage)
[xUnit.net 00:00:04.64]            at FluentAssertions.Execution.AssertionChain.FailWith(Func`1 getFailureReason)
[xUnit.net 00:00:04.64]            at FluentAssertions.Execution.AssertionChain.FailWith(Func`1 getFailureReason)
[xUnit.net 00:00:04.64]            at FluentAssertions.Execution.AssertionChain.FailWith(String message, Object[] args)
[xUnit.net 00:00:04.64]            at FluentAssertions.Primitives.EnumAssertions`2.Be(TEnum expected, String because, Object[] becauseArgs)
[xUnit.net 00:00:04.65]         C:\Projetos\urbeat\backend\tests\Urbeat.IntegrationTests\Api\EmailConfirmationFlowTests.cs(158,0): at Urbeat.IntegrationTests.Api.EmailConfirmationFlowTests.ConfirmEmail_WhenCalledTwice_ShouldReportAlreadyConfirmedOnSecondCall()
[xUnit.net 00:00:04.65]         --- End of stack trace from previous location ---
  Passed Urbeat.IntegrationTests.Api.AuthorizationPoliciesTests.Endpoint_ShouldReturnOk_WhenTokenHasRequiredRole(url: "/api/seller/panel", role: "Seller") [5 ms]
  Passed Urbeat.IntegrationTests.Api.AuthorizationPoliciesTests.Endpoint_ShouldReturnUnauthorized_WhenNoTokenIsProvided(url: "/api/seller/panel") [49 ms]
  Passed Urbeat.IntegrationTests.Api.AuthorizationPoliciesTests.Endpoint_ShouldReturnUnauthorized_WhenNoTokenIsProvided(url: "/api/admin/dashboard") [98 ms]
  Passed Urbeat.IntegrationTests.Api.AuthorizationPoliciesTests.Endpoint_ShouldReturnUnauthorized_WhenNoTokenIsProvided(url: "/api/customer/home") [39 ms]
  Failed Urbeat.IntegrationTests.Api.ResendEmailConfirmationFlowTests.Resend_ShouldReturn200_AndNotSendEmail_WhenUserIsAlreadyConfirmed [3 s]
  Error Message:
   System.NullReferenceException : Object reference not set to an instance of an object.
  Stack Trace:
     at Urbeat.IntegrationTests.Api.ResendEmailConfirmationFlowTests.Resend_ShouldReturn200_AndNotSendEmail_WhenUserIsAlreadyConfirmed() in C:\Projetos\urbeat\backend\tests\Urbeat.IntegrationTests\Api\ResendEmailConfirmationFlowTests.cs:line 74
--- End of stack trace from previous location ---
  Passed Urbeat.IntegrationTests.Api.ResendEmailConfirmationFlowTests.Resend_ShouldReturnBadRequest_WhenEmailIsInvalid(email: "") [366 ms]
  Failed Urbeat.IntegrationTests.Api.EmailConfirmationFlowTests.ConfirmEmail_WhenCalledTwice_ShouldReportAlreadyConfirmedOnSecondCall [4 s]
  Error Message:
   Expected first.StatusCode to be HttpStatusCode.OK {value: 200}, but found HttpStatusCode.BadRequest {value: 400}.
  Stack Trace:
     at FluentAssertions.Execution.LateBoundTestFramework.Throw(String message)
   at FluentAssertions.Execution.DefaultAssertionStrategy.HandleFailure(String message)
   at FluentAssertions.Execution.AssertionScope.AddPreFormattedFailure(String formattedFailureMessage)
   at FluentAssertions.Execution.AssertionChain.FailWith(Func`1 getFailureReason)
   at FluentAssertions.Execution.AssertionChain.FailWith(Func`1 getFailureReason)
   at FluentAssertions.Execution.AssertionChain.FailWith(String message, Object[] args)
   at FluentAssertions.Primitives.EnumAssertions`2.Be(TEnum expected, String because, Object[] becauseArgs)
   at Urbeat.IntegrationTests.Api.EmailConfirmationFlowTests.ConfirmEmail_WhenCalledTwice_ShouldReportAlreadyConfirmedOnSecondCall() in C:\Projetos\urbeat\backend\tests\Urbeat.IntegrationTests\Api\EmailConfirmationFlowTests.cs:line 158
--- End of stack trace from previous location ---
[22:29:07 INF] Executing endpoint 'Urbeat.WebApi.Controllers.StoresController.Create (Urbeat.WebApi)'
[22:29:07 INF] Route matched with {action = "GetCuisineTypes", controller = "Stores"}. Executing controller action with signature System.Threading.Tasks.Task`1[Microsoft.AspNetCore.Mvc.IActionResult] GetCuisineTypes(System.Threading.CancellationToken) on controller Urbeat.WebApi.Controllers.StoresController (Urbeat.WebApi).
[22:29:07 INF] Executing action method Urbeat.WebApi.Controllers.AdminController.UpdatePlan (Urbeat.WebApi) - Validation state: Valid
[22:29:07 INF] Route matched with {action = "Create", controller = "Stores"}. Executing controller action with signature System.Threading.Tasks.Task`1[Microsoft.AspNetCore.Mvc.IActionResult] Create(Urbeat.Application.DTOs.CreateStoreRequestDto, System.Threading.CancellationToken) on controller Urbeat.WebApi.Controllers.StoresController (Urbeat.WebApi).
[22:29:07 INF] Executing action method Urbeat.WebApi.Controllers.CustomerAddressesController.Create (Urbeat.WebApi) - Validation state: Valid
[22:29:07 INF] Saved 1 entities to in-memory store.
[22:29:07 INF] Saved 2 entities to in-memory store.
[22:29:07 INF] Executing action method Urbeat.WebApi.Controllers.AuthController.ResendEmailConfirmation (Urbeat.WebApi) - Validation state: Valid
[22:29:07 INF] Executed action method Urbeat.WebApi.Controllers.AuthController.ResendEmailConfirmation (Urbeat.WebApi), returned result Microsoft.AspNetCore.Mvc.BadRequestObjectResult in 0.158ms.
[22:29:07 INF] Executing BadRequestObjectResult, writing value of type 'Microsoft.AspNetCore.Mvc.ValidationProblemDetails'.
[22:29:07 INF] Executed action Urbeat.WebApi.Controllers.AuthController.ResendEmailConfirmation (Urbeat.WebApi) in 25.3982ms
[22:29:07 INF] Executed endpoint 'Urbeat.WebApi.Controllers.AuthController.ResendEmailConfirmation (Urbeat.WebApi)'
[22:29:07 INF] Request finished HTTP/1.1 POST http://localhost/api/auth/email/resend-confirmation - 400 null application/problem+json; charset=utf-8 77.1669ms
Activity.TraceId:            9216973169a9f2ef7e200ff35dd8b0e7
Activity.SpanId:             c19376fbc9bc3983
Activity.TraceFlags:         Recorded
Activity.DisplayName:        POST api/auth/email/resend-confirmation
Activity.Kind:               Server
Activity.StartTime:          2026-06-08T01:29:07.4887574Z
Activity.Duration:           00:00:00.0773196
Activity.Tags:
    server.address: localhost
    http.request.method: POST
    url.scheme: http
    url.path: /api/auth/email/resend-confirmation
    network.protocol.version: 1.1
    http.route: api/auth/email/resend-confirmation
    http.response.status_code: 400
Instrumentation scope (ActivitySource):
    Name: Microsoft.AspNetCore
Resource associated with Activity:
    telemetry.sdk.name: opentelemetry
    telemetry.sdk.language: dotnet
    telemetry.sdk.version: 1.14.0
    service.name: unknown_service:testhost
Activity.TraceId:            9216973169a9f2ef7e200ff35dd8b0e7
Activity.SpanId:             c19376fbc9bc3983
Activity.TraceFlags:         Recorded
Activity.DisplayName:        POST api/auth/email/resend-confirmation
Activity.Kind:               Server
Activity.StartTime:          2026-06-08T01:29:07.4887574Z
Activity.Duration:           00:00:00.0773196
Activity.Tags:
    server.address: localhost
    http.request.method: POST
    url.scheme: http
    url.path: /api/auth/email/resend-confirmation
    network.protocol.version: 1.1
    http.route: api/auth/email/resend-confirmation
    http.response.status_code: 400
Instrumentation scope (ActivitySource):
    Name: Microsoft.AspNetCore
Resource associated with Activity:
    telemetry.sdk.name: opentelemetry
    telemetry.sdk.language: dotnet
    telemetry.sdk.version: 1.14.0
    service.name: unknown_service:testhost
Activity.TraceId:            9216973169a9f2ef7e200ff35dd8b0e7
Activity.SpanId:             c19376fbc9bc3983
Activity.TraceFlags:         Recorded
Activity.DisplayName:        POST api/auth/email/resend-confirmation
Activity.Kind:               Server
Activity.StartTime:          2026-06-08T01:29:07.4887574Z
Activity.Duration:           00:00:00.0773196
Activity.Tags:
    server.address: localhost
    http.request.method: POST
    url.scheme: http
    url.path: /api/auth/email/resend-confirmation
    network.protocol.version: 1.1
    http.route: api/auth/email/resend-confirmation
    http.response.status_code: 400
Instrumentation scope (ActivitySource):
    Name: Microsoft.AspNetCore
Resource associated with Activity:
    telemetry.sdk.name: opentelemetry
    telemetry.sdk.language: dotnet
    telemetry.sdk.version: 1.14.0
    service.name: unknown_service:testhost
Activity.TraceId:            9216973169a9f2ef7e200ff35dd8b0e7
Activity.SpanId:             c19376fbc9bc3983
Activity.TraceFlags:         Recorded
Activity.DisplayName:        POST api/auth/email/resend-confirmation
Activity.Kind:               Server
Activity.StartTime:          2026-06-08T01:29:07.4887574Z
Activity.Duration:           00:00:00.0773196
Activity.Tags:
    server.address: localhost
    http.request.method: POST
    url.scheme: http
    url.path: /api/auth/email/resend-confirmation
    network.protocol.version: 1.1
    http.route: api/auth/email/resend-confirmation
    http.response.status_code: 400
Instrumentation scope (ActivitySource):
    Name: Microsoft.AspNetCore
Resource associated with Activity:
    telemetry.sdk.name: opentelemetry
    telemetry.sdk.language: dotnet
    telemetry.sdk.version: 1.14.0
    service.name: unknown_service:testhost
Activity.TraceId:            9216973169a9f2ef7e200ff35dd8b0e7
Activity.SpanId:             c19376fbc9bc3983
Activity.TraceFlags:         Recorded
Activity.DisplayName:        POST api/auth/email/resend-confirmation
Activity.Kind:               Server
Activity.StartTime:          2026-06-08T01:29:07.4887574Z
Activity.Duration:           00:00:00.0773196
Activity.Tags:
    server.address: localhost
    http.request.method: POST
    url.scheme: http
    url.path: /api/auth/email/resend-confirmation
    network.protocol.version: 1.1
    http.route: api/auth/email/resend-confirmation
    http.response.status_code: 400
Instrumentation scope (ActivitySource):
    Name: Microsoft.AspNetCore
Resource associated with Activity:
    telemetry.sdk.name: opentelemetry
    telemetry.sdk.language: dotnet
    telemetry.sdk.version: 1.14.0
    service.name: unknown_service:testhost
Activity.TraceId:            9216973169a9f2ef7e200ff35dd8b0e7
Activity.SpanId:             c19376fbc9bc3983
Activity.TraceFlags:         Recorded
Activity.DisplayName:        POST api/auth/email/resend-confirmation
Activity.Kind:               Server
Activity.StartTime:          2026-06-08T01:29:07.4887574Z
Activity.Duration:           00:00:00.0773196
Activity.Tags:
    server.address: localhost
    http.request.method: POST
    url.scheme: http
    url.path: /api/auth/email/resend-confirmation
    network.protocol.version: 1.1
    http.route: api/auth/email/resend-confirmation
    http.response.status_code: 400
Instrumentation scope (ActivitySource):
    Name: Microsoft.AspNetCore
Resource associated with Activity:
    telemetry.sdk.name: opentelemetry
    telemetry.sdk.language: dotnet
    telemetry.sdk.version: 1.14.0
    service.name: unknown_service:testhost
Activity.TraceId:            9216973169a9f2ef7e200ff35dd8b0e7
Activity.SpanId:             c19376fbc9bc3983
Activity.TraceFlags:         Recorded
Activity.DisplayName:        POST api/auth/email/resend-confirmation
Activity.Kind:               Server
Activity.StartTime:          2026-06-08T01:29:07.4887574Z
Activity.Duration:           00:00:00.0773196
Activity.Tags:
    server.address: localhost
    http.request.method: POST
    url.scheme: http
    url.path: /api/auth/email/resend-confirmation
    network.protocol.version: 1.1
    http.route: api/auth/email/resend-confirmation
    http.response.status_code: 400
Instrumentation scope (ActivitySource):
    Name: Microsoft.AspNetCore
Resource associated with Activity:
    telemetry.sdk.name: opentelemetry
    telemetry.sdk.language: dotnet
    telemetry.sdk.version: 1.14.0
    service.name: unknown_service:testhost
Activity.TraceId:            9216973169a9f2ef7e200ff35dd8b0e7
Activity.SpanId:             c19376fbc9bc3983
Activity.TraceFlags:         Recorded
Activity.DisplayName:        POST api/auth/email/resend-confirmation
Activity.Kind:               Server
Activity.StartTime:          2026-06-08T01:29:07.4887574Z
Activity.Duration:           00:00:00.0773196
Activity.Tags:
    server.address: localhost
    http.request.method: POST
    url.scheme: http
    url.path: /api/auth/email/resend-confirmation
    network.protocol.version: 1.1
    http.route: api/auth/email/resend-confirmation
    http.response.status_code: 400
Instrumentation scope (ActivitySource):
    Name: Microsoft.AspNetCore
Resource associated with Activity:
    telemetry.sdk.name: opentelemetry
    telemetry.sdk.language: dotnet
    telemetry.sdk.version: 1.14.0
    service.name: unknown_service:testhost
Activity.TraceId:            9216973169a9f2ef7e200ff35dd8b0e7
Activity.SpanId:             c19376fbc9bc3983
Activity.TraceFlags:         Recorded
Activity.DisplayName:        POST api/auth/email/resend-confirmation
Activity.Kind:               Server
Activity.StartTime:          2026-06-08T01:29:07.4887574Z
Activity.Duration:           00:00:00.0773196
Activity.Tags:
    server.address: localhost
    http.request.method: POST
    url.scheme: http
    url.path: /api/auth/email/resend-confirmation
    network.protocol.version: 1.1
    http.route: api/auth/email/resend-confirmation
    http.response.status_code: 400
Instrumentation scope (ActivitySource):
    Name: Microsoft.AspNetCore
Resource associated with Activity:
    telemetry.sdk.name: opentelemetry
    telemetry.sdk.language: dotnet
    telemetry.sdk.version: 1.14.0
    service.name: unknown_service:testhost
Activity.TraceId:            9216973169a9f2ef7e200ff35dd8b0e7
Activity.SpanId:             c19376fbc9bc3983
Activity.TraceFlags:         Recorded
Activity.DisplayName:        POST api/auth/email/resend-confirmation
Activity.Kind:               Server
Activity.StartTime:          2026-06-08T01:29:07.4887574Z
Activity.Duration:           00:00:00.0773196
Activity.Tags:
    server.address: localhost
    http.request.method: POST
    url.scheme: http
    url.path: /api/auth/email/resend-confirmation
    network.protocol.version: 1.1
    http.route: api/auth/email/resend-confirmation
    http.response.status_code: 400
Instrumentation scope (ActivitySource):
    Name: Microsoft.AspNetCore
Resource associated with Activity:
    telemetry.sdk.name: opentelemetry
    telemetry.sdk.language: dotnet
    telemetry.sdk.version: 1.14.0
    service.name: unknown_service:testhost
Activity.TraceId:            9216973169a9f2ef7e200ff35dd8b0e7
Activity.SpanId:             c19376fbc9bc3983
Activity.TraceFlags:         Recorded
Activity.DisplayName:        POST api/auth/email/resend-confirmation
Activity.Kind:               Server
Activity.StartTime:          2026-06-08T01:29:07.4887574Z
Activity.Duration:           00:00:00.0773196
Activity.Tags:
    server.address: localhost
    http.request.method: POST
    url.scheme: http
    url.path: /api/auth/email/resend-confirmation
    network.protocol.version: 1.1
    http.route: api/auth/email/resend-confirmation
    http.response.status_code: 400
Instrumentation scope (ActivitySource):
    Name: Microsoft.AspNetCore
Resource associated with Activity:
    telemetry.sdk.name: opentelemetry
    telemetry.sdk.language: dotnet
    telemetry.sdk.version: 1.14.0
    service.name: unknown_service:testhost
Activity.TraceId:            9216973169a9f2ef7e200ff35dd8b0e7
Activity.SpanId:             c19376fbc9bc3983
Activity.TraceFlags:         Recorded
Activity.DisplayName:        POST api/auth/email/resend-confirmation
Activity.Kind:               Server
Activity.StartTime:          2026-06-08T01:29:07.4887574Z
Activity.Duration:           00:00:00.0773196
Activity.Tags:
    server.address: localhost
    http.request.method: POST
    url.scheme: http
    url.path: /api/auth/email/resend-confirmation
    network.protocol.version: 1.1
    http.route: api/auth/email/resend-confirmation
    http.response.status_code: 400
Instrumentation scope (ActivitySource):
    Name: Microsoft.AspNetCore
Resource associated with Activity:
    telemetry.sdk.name: opentelemetry
    telemetry.sdk.language: dotnet
    telemetry.sdk.version: 1.14.0
    service.name: unknown_service:testhost
[22:29:07 INF] Request starting HTTP/1.1 POST http://localhost/api/auth/email/confirm/VG9rZW4tcXV - null null
[22:29:07 INF] Saved 1 entities to in-memory store.
[22:29:07 INF] Executed action method Urbeat.WebApi.Controllers.AdminController.UpdatePlan (Urbeat.WebApi), returned result Microsoft.AspNetCore.Mvc.OkObjectResult in 23.5186ms.
[22:29:07 INF] Executing OkObjectResult, writing value of type 'Urbeat.Application.DTOs.PlanResponseDto'.
[22:29:07 INF] Executing endpoint 'Urbeat.WebApi.Controllers.AuthController.ConfirmEmailByCode (Urbeat.WebApi)'
[22:29:07 INF] Route matched with {action = "ConfirmEmailByCode", controller = "Auth"}. Executing controller action with signature System.Threading.Tasks.Task`1[Microsoft.AspNetCore.Mvc.IActionResult] ConfirmEmailByCode(System.String, System.Threading.CancellationToken) on controller Urbeat.WebApi.Controllers.AuthController (Urbeat.WebApi).
[22:29:07 INF] Executed action Urbeat.WebApi.Controllers.AdminController.UpdatePlan (Urbeat.WebApi) in 30.381ms
[22:29:07 INF] Executed endpoint 'Urbeat.WebApi.Controllers.AdminController.UpdatePlan (Urbeat.WebApi)'
[22:29:07 INF] Request finished HTTP/1.1 PUT http://localhost/api/admin/plans/019ea4d9-0730-7d81-856f-651bc48f8b2c - 200 null application/json; charset=utf-8 80.9147ms
Activity.TraceId:            a2b3e3b8c31a24c1269ae78a7a305b71
Activity.SpanId:             ee117fcbe7fbff6c
Activity.TraceFlags:         Recorded
Activity.DisplayName:        PUT api/admin/plans/{planId}
Activity.Kind:               Server
Activity.StartTime:          2026-06-08T01:29:07.4897519Z
Activity.Duration:           00:00:00.0810401
Activity.Tags:
    server.address: localhost
    http.request.method: PUT
    url.scheme: http
    url.path: /api/admin/plans/019ea4d9-0730-7d81-856f-651bc48f8b2c
    network.protocol.version: 1.1
    http.route: api/admin/plans/{planId}
    http.response.status_code: 200
Instrumentation scope (ActivitySource):
    Name: Microsoft.AspNetCore
Resource associated with Activity:
    telemetry.sdk.name: opentelemetry
    telemetry.sdk.language: dotnet
    telemetry.sdk.version: 1.14.0
    service.name: unknown_service:testhost
Activity.TraceId:            a2b3e3b8c31a24c1269ae78a7a305b71
Activity.SpanId:             ee117fcbe7fbff6c
Activity.TraceFlags:         Recorded
Activity.DisplayName:        PUT api/admin/plans/{planId}
Activity.Kind:               Server
Activity.StartTime:          2026-06-08T01:29:07.4897519Z
Activity.Duration:           00:00:00.0810401
Activity.Tags:
    server.address: localhost
    http.request.method: PUT
    url.scheme: http
    url.path: /api/admin/plans/019ea4d9-0730-7d81-856f-651bc48f8b2c
    network.protocol.version: 1.1
    http.route: api/admin/plans/{planId}
    http.response.status_code: 200
Instrumentation scope (ActivitySource):
    Name: Microsoft.AspNetCore
Resource associated with Activity:
    telemetry.sdk.name: opentelemetry
    telemetry.sdk.language: dotnet
    telemetry.sdk.version: 1.14.0
    service.name: unknown_service:testhost
Activity.TraceId:            a2b3e3b8c31a24c1269ae78a7a305b71
Activity.SpanId:             ee117fcbe7fbff6c
Activity.TraceFlags:         Recorded
Activity.DisplayName:        PUT api/admin/plans/{planId}
Activity.Kind:               Server
Activity.StartTime:          2026-06-08T01:29:07.4897519Z
Activity.Duration:           00:00:00.0810401
Activity.Tags:
    server.address: localhost
    http.request.method: PUT
    url.scheme: http
    url.path: /api/admin/plans/019ea4d9-0730-7d81-856f-651bc48f8b2c
    network.protocol.version: 1.1
    http.route: api/admin/plans/{planId}
    http.response.status_code: 200
Instrumentation scope (ActivitySource):
    Name: Microsoft.AspNetCore
Resource associated with Activity:
    telemetry.sdk.name: opentelemetry
    telemetry.sdk.language: dotnet
    telemetry.sdk.version: 1.14.0
    service.name: unknown_service:testhost
Activity.TraceId:            a2b3e3b8c31a24c1269ae78a7a305b71
Activity.SpanId:             ee117fcbe7fbff6c
Activity.TraceFlags:         Recorded
Activity.DisplayName:        PUT api/admin/plans/{planId}
Activity.Kind:               Server
Activity.StartTime:          2026-06-08T01:29:07.4897519Z
Activity.Duration:           00:00:00.0810401
Activity.Tags:
    server.address: localhost
    http.request.method: PUT
    url.scheme: http
    url.path: /api/admin/plans/019ea4d9-0730-7d81-856f-651bc48f8b2c
    network.protocol.version: 1.1
    http.route: api/admin/plans/{planId}
    http.response.status_code: 200
Instrumentation scope (ActivitySource):
    Name: Microsoft.AspNetCore
Resource associated with Activity:
    telemetry.sdk.name: opentelemetry
    telemetry.sdk.language: dotnet
    telemetry.sdk.version: 1.14.0
    service.name: unknown_service:testhost
Activity.TraceId:            a2b3e3b8c31a24c1269ae78a7a305b71
Activity.SpanId:             ee117fcbe7fbff6c
Activity.TraceFlags:         Recorded
Activity.DisplayName:        PUT api/admin/plans/{planId}
Activity.Kind:               Server
Activity.StartTime:          2026-06-08T01:29:07.4897519Z
Activity.Duration:           00:00:00.0810401
Activity.Tags:
    server.address: localhost
    http.request.method: PUT
    url.scheme: http
    url.path: /api/admin/plans/019ea4d9-0730-7d81-856f-651bc48f8b2c
    network.protocol.version: 1.1
    http.route: api/admin/plans/{planId}
    http.response.status_code: 200
Instrumentation scope (ActivitySource):
    Name: Microsoft.AspNetCore
Resource associated with Activity:
    telemetry.sdk.name: opentelemetry
    telemetry.sdk.language: dotnet
    telemetry.sdk.version: 1.14.0
    service.name: unknown_service:testhost
Activity.TraceId:            a2b3e3b8c31a24c1269ae78a7a305b71
Activity.SpanId:             ee117fcbe7fbff6c
Activity.TraceFlags:         Recorded
Activity.DisplayName:        PUT api/admin/plans/{planId}
Activity.Kind:               Server
Activity.StartTime:          2026-06-08T01:29:07.4897519Z
Activity.Duration:           00:00:00.0810401
Activity.Tags:
    server.address: localhost
    http.request.method: PUT
    url.scheme: http
    url.path: /api/admin/plans/019ea4d9-0730-7d81-856f-651bc48f8b2c
    network.protocol.version: 1.1
    http.route: api/admin/plans/{planId}
    http.response.status_code: 200
Instrumentation scope (ActivitySource):
    Name: Microsoft.AspNetCore
Resource associated with Activity:
    telemetry.sdk.name: opentelemetry
    telemetry.sdk.language: dotnet
    telemetry.sdk.version: 1.14.0
    service.name: unknown_service:testhost
Activity.TraceId:            a2b3e3b8c31a24c1269ae78a7a305b71
Activity.SpanId:             ee117fcbe7fbff6c
Activity.TraceFlags:         Recorded
Activity.DisplayName:        PUT api/admin/plans/{planId}
Activity.Kind:               Server
Activity.StartTime:          2026-06-08T01:29:07.4897519Z
Activity.Duration:           00:00:00.0810401
Activity.Tags:
    server.address: localhost
    http.request.method: PUT
    url.scheme: http
    url.path: /api/admin/plans/019ea4d9-0730-7d81-856f-651bc48f8b2c
    network.protocol.version: 1.1
    http.route: api/admin/plans/{planId}
    http.response.status_code: 200
Instrumentation scope (ActivitySource):
    Name: Microsoft.AspNetCore
Resource associated with Activity:
    telemetry.sdk.name: opentelemetry
    telemetry.sdk.language: dotnet
    telemetry.sdk.version: 1.14.0
    service.name: unknown_service:testhost
Activity.TraceId:            a2b3e3b8c31a24c1269ae78a7a305b71
Activity.SpanId:             ee117fcbe7fbff6c
Activity.TraceFlags:         Recorded
Activity.DisplayName:        PUT api/admin/plans/{planId}
Activity.Kind:               Server
Activity.StartTime:          2026-06-08T01:29:07.4897519Z
Activity.Duration:           00:00:00.0810401
Activity.Tags:
    server.address: localhost
    http.request.method: PUT
    url.scheme: http
    url.path: /api/admin/plans/019ea4d9-0730-7d81-856f-651bc48f8b2c
    network.protocol.version: 1.1
    http.route: api/admin/plans/{planId}
    http.response.status_code: 200
Instrumentation scope (ActivitySource):
    Name: Microsoft.AspNetCore
Resource associated with Activity:
    telemetry.sdk.name: opentelemetry
    telemetry.sdk.language: dotnet
    telemetry.sdk.version: 1.14.0
    service.name: unknown_service:testhost
Activity.TraceId:            a2b3e3b8c31a24c1269ae78a7a305b71
Activity.SpanId:             ee117fcbe7fbff6c
Activity.TraceFlags:         Recorded
Activity.DisplayName:        PUT api/admin/plans/{planId}
Activity.Kind:               Server
Activity.StartTime:          2026-06-08T01:29:07.4897519Z
Activity.Duration:           00:00:00.0810401
Activity.Tags:
    server.address: localhost
    http.request.method: PUT
    url.scheme: http
    url.path: /api/admin/plans/019ea4d9-0730-7d81-856f-651bc48f8b2c
    network.protocol.version: 1.1
    http.route: api/admin/plans/{planId}
    http.response.status_code: 200
Instrumentation scope (ActivitySource):
    Name: Microsoft.AspNetCore
Resource associated with Activity:
    telemetry.sdk.name: opentelemetry
    telemetry.sdk.language: dotnet
    telemetry.sdk.version: 1.14.0
    service.name: unknown_service:testhost
Activity.TraceId:            a2b3e3b8c31a24c1269ae78a7a305b71
Activity.SpanId:             ee117fcbe7fbff6c
Activity.TraceFlags:         Recorded
Activity.DisplayName:        PUT api/admin/plans/{planId}
Activity.Kind:               Server
Activity.StartTime:          2026-06-08T01:29:07.4897519Z
Activity.Duration:           00:00:00.0810401
Activity.Tags:
    server.address: localhost
[22:29:07 INF] Executing action method Urbeat.WebApi.Controllers.StoresController.GetCuisineTypes (Urbeat.WebApi) - Validation state: Valid
    http.request.method: PUT
[22:29:07 INF] Executing action method Urbeat.WebApi.Controllers.AuthController.ConfirmEmailByCode (Urbeat.WebApi) - Validation state: Valid
    url.scheme: http
    url.path: /api/admin/plans/019ea4d9-0730-7d81-856f-651bc48f8b2c
[22:29:07 INF] Executing action method Urbeat.WebApi.Controllers.StoresController.Create (Urbeat.WebApi) - Validation state: Valid
    network.protocol.version: 1.1
    http.route: api/admin/plans/{planId}
[22:29:07 INF] Executing action method Urbeat.WebApi.Controllers.StoresController.Create (Urbeat.WebApi) - Validation state: Valid
    http.response.status_code: 200
Instrumentation scope (ActivitySource):
    Name: Microsoft.AspNetCore
Resource associated with Activity:
[22:29:07 INF] Executing action method Urbeat.WebApi.Controllers.StoresController.Create (Urbeat.WebApi) - Validation state: Valid
    telemetry.sdk.name: opentelemetry
    telemetry.sdk.language: dotnet
    telemetry.sdk.version: 1.14.0
    service.name: unknown_service:testhost
[22:29:07 INF] Executing action method Urbeat.WebApi.Controllers.StoresController.Create (Urbeat.WebApi) - Validation state: Valid
Activity.TraceId:            a2b3e3b8c31a24c1269ae78a7a305b71
Activity.SpanId:             ee117fcbe7fbff6c
[22:29:07 INF] Executing action method Urbeat.WebApi.Controllers.StoresController.Create (Urbeat.WebApi) - Validation state: Valid
Activity.TraceFlags:         Recorded
Activity.DisplayName:        PUT api/admin/plans/{planId}
[22:29:07 INF] Executing action method Urbeat.WebApi.Controllers.StoresController.Create (Urbeat.WebApi) - Validation state: Valid
Activity.Kind:               Server
Activity.StartTime:          2026-06-08T01:29:07.4897519Z
Activity.Duration:           00:00:00.0810401
Activity.Tags:
    server.address: localhost
    http.request.method: PUT
    url.scheme: http
    url.path: /api/admin/plans/019ea4d9-0730-7d81-856f-651bc48f8b2c
    network.protocol.version: 1.1
    http.route: api/admin/plans/{planId}
    http.response.status_code: 200
Instrumentation scope (ActivitySource):
    Name: Microsoft.AspNetCore
Resource associated with Activity:
    telemetry.sdk.name: opentelemetry
    telemetry.sdk.language: dotnet
    telemetry.sdk.version: 1.14.0
    service.name: unknown_service:testhost
Activity.TraceId:            a2b3e3b8c31a24c1269ae78a7a305b71
Activity.SpanId:             ee117fcbe7fbff6c
Activity.TraceFlags:         Recorded
Activity.DisplayName:        PUT api/admin/plans/{planId}
Activity.Kind:               Server
Activity.StartTime:          2026-06-08T01:29:07.4897519Z
Activity.Duration:           00:00:00.0810401
Activity.Tags:
    server.address: localhost
    http.request.method: PUT
    url.scheme: http
    url.path: /api/admin/plans/019ea4d9-0730-7d81-856f-651bc48f8b2c
    network.protocol.version: 1.1
    http.route: api/admin/plans/{planId}
    http.response.status_code: 200
Instrumentation scope (ActivitySource):
    Name: Microsoft.AspNetCore
Resource associated with Activity:
    telemetry.sdk.name: opentelemetry
    telemetry.sdk.language: dotnet
    telemetry.sdk.version: 1.14.0
    service.name: unknown_service:testhost
[22:29:07 INF] Executed action method Urbeat.WebApi.Controllers.AuthController.ConfirmEmailByCode (Urbeat.WebApi), returned result Microsoft.AspNetCore.Mvc.BadRequestObjectResult in 0.351ms.
[22:29:07 INF] Executing BadRequestObjectResult, writing value of type '<>f__AnonymousType4`2[[System.String, System.Private.CoreLib, Version=9.0.0.0, Culture=neutral, PublicKeyToken=7cec85d7bea7798e],[System.Collections.Generic.IReadOnlyCollection`1[[System.String, System.Private.CoreLib, Version=9.0.0.0, Culture=neutral, PublicKeyToken=7cec85d7bea7798e]], System.Private.CoreLib, Version=9.0.0.0, Culture=neutral, PublicKeyToken=7cec85d7bea7798e]]'.
[22:29:07 INF] Executed action Urbeat.WebApi.Controllers.AuthController.ConfirmEmailByCode (Urbeat.WebApi) in 23.7581ms
[22:29:07 INF] Executed endpoint 'Urbeat.WebApi.Controllers.AuthController.ConfirmEmailByCode (Urbeat.WebApi)'
[22:29:07 INF] Request starting HTTP/1.1 POST http://localhost/api/auth/register/customer - application/json; charset=utf-8 null
[22:29:07 INF] Request finished HTTP/1.1 POST http://localhost/api/auth/email/confirm/VG9rZW4tcXV - 400 null application/problem+json; charset=utf-8 28.0381ms
Activity.TraceId:            dbb724a8edc314901563b03bb753fecf
Activity.SpanId:             cfef40aa206ab1b7
Activity.TraceFlags:         Recorded
Activity.DisplayName:        POST api/auth/email/confirm/{code}
Activity.Kind:               Server
Activity.StartTime:          2026-06-08T01:29:07.5672277Z
Activity.Duration:           00:00:00.0282174
Activity.Tags:
    server.address: localhost
    http.request.method: POST
    url.scheme: http
    url.path: /api/auth/email/confirm/VG9rZW4tcXV
    network.protocol.version: 1.1
    http.route: api/auth/email/confirm/{code}
    http.response.status_code: 400
Instrumentation scope (ActivitySource):
    Name: Microsoft.AspNetCore
Resource associated with Activity:
    telemetry.sdk.name: opentelemetry
    telemetry.sdk.language: dotnet
    telemetry.sdk.version: 1.14.0
    service.name: unknown_service:testhost
Activity.TraceId:            dbb724a8edc314901563b03bb753fecf
Activity.SpanId:             cfef40aa206ab1b7
Activity.TraceFlags:         Recorded
Activity.DisplayName:        POST api/auth/email/confirm/{code}
Activity.Kind:               Server
Activity.StartTime:          2026-06-08T01:29:07.5672277Z
Activity.Duration:           00:00:00.0282174
Activity.Tags:
    server.address: localhost
    http.request.method: POST
    url.scheme: http
    url.path: /api/auth/email/confirm/VG9rZW4tcXV
    network.protocol.version: 1.1
    http.route: api/auth/email/confirm/{code}
    http.response.status_code: 400
Instrumentation scope (ActivitySource):
    Name: Microsoft.AspNetCore
Resource associated with Activity:
    telemetry.sdk.name: opentelemetry
    telemetry.sdk.language: dotnet
    telemetry.sdk.version: 1.14.0
[22:29:07 INF] Executing endpoint 'Urbeat.WebApi.Controllers.AuthController.RegisterCustomer (Urbeat.WebApi)'
    service.name: unknown_service:testhost
Activity.TraceId:            dbb724a8edc314901563b03bb753fecf
Activity.SpanId:             cfef40aa206ab1b7
Activity.TraceFlags:         Recorded
Activity.DisplayName:        POST api/auth/email/confirm/{code}
Activity.Kind:               Server
Activity.StartTime:          2026-06-08T01:29:07.5672277Z
Activity.Duration:           00:00:00.0282174
Activity.Tags:
    server.address: localhost
    http.request.method: POST
    url.scheme: http
    url.path: /api/auth/email/confirm/VG9rZW4tcXV
    network.protocol.version: 1.1
    http.route: api/auth/email/confirm/{code}
    http.response.status_code: 400
Instrumentation scope (ActivitySource):
    Name: Microsoft.AspNetCore
Resource associated with Activity:
    telemetry.sdk.name: opentelemetry
    telemetry.sdk.language: dotnet
    telemetry.sdk.version: 1.14.0
    service.name: unknown_service:testhost
[22:29:07 INF] Route matched with {action = "RegisterCustomer", controller = "Auth"}. Executing controller action with signature System.Threading.Tasks.Task`1[Microsoft.AspNetCore.Mvc.IActionResult] RegisterCustomer(Urbeat.Application.DTOs.RegisterUserRequestDto, System.Threading.CancellationToken) on controller Urbeat.WebApi.Controllers.AuthController (Urbeat.WebApi).
Activity.TraceId:            dbb724a8edc314901563b03bb753fecf
Activity.SpanId:             cfef40aa206ab1b7
Activity.TraceFlags:         Recorded
Activity.DisplayName:        POST api/auth/email/confirm/{code}
Activity.Kind:               Server
Activity.StartTime:          2026-06-08T01:29:07.5672277Z
Activity.Duration:           00:00:00.0282174
Activity.Tags:
    server.address: localhost
    http.request.method: POST
    url.scheme: http
    url.path: /api/auth/email/confirm/VG9rZW4tcXV
    network.protocol.version: 1.1
    http.route: api/auth/email/confirm/{code}
    http.response.status_code: 400
Instrumentation scope (ActivitySource):
    Name: Microsoft.AspNetCore
Resource associated with Activity:
    telemetry.sdk.name: opentelemetry
    telemetry.sdk.language: dotnet
    telemetry.sdk.version: 1.14.0
    service.name: unknown_service:testhost
Activity.TraceId:            dbb724a8edc314901563b03bb753fecf
Activity.SpanId:             cfef40aa206ab1b7
Activity.TraceFlags:         Recorded
Activity.DisplayName:        POST api/auth/email/confirm/{code}
Activity.Kind:               Server
Activity.StartTime:          2026-06-08T01:29:07.5672277Z
Activity.Duration:           00:00:00.0282174
Activity.Tags:
    server.address: localhost
    http.request.method: POST
    url.scheme: http
    url.path: /api/auth/email/confirm/VG9rZW4tcXV
    network.protocol.version: 1.1
[22:29:07 INF] Request starting HTTP/1.1 PATCH http://localhost/api/admin/plans/019ea4d9-0804-7b74-9921-01f6c74659af/status - application/json; charset=utf-8 null
    http.route: api/auth/email/confirm/{code}
    http.response.status_code: 400
Instrumentation scope (ActivitySource):
    Name: Microsoft.AspNetCore
Resource associated with Activity:
    telemetry.sdk.name: opentelemetry
    telemetry.sdk.language: dotnet
    telemetry.sdk.version: 1.14.0
    service.name: unknown_service:testhost
Activity.TraceId:            dbb724a8edc314901563b03bb753fecf
Activity.SpanId:             cfef40aa206ab1b7
Activity.TraceFlags:         Recorded
Activity.DisplayName:        POST api/auth/email/confirm/{code}
Activity.Kind:               Server
Activity.StartTime:          2026-06-08T01:29:07.5672277Z
Activity.Duration:           00:00:00.0282174
Activity.Tags:
    server.address: localhost
    http.request.method: POST
    url.scheme: http
    url.path: /api/auth/email/confirm/VG9rZW4tcXV
    network.protocol.version: 1.1
    http.route: api/auth/email/confirm/{code}
    http.response.status_code: 400
Instrumentation scope (ActivitySource):
    Name: Microsoft.AspNetCore
Resource associated with Activity:
    telemetry.sdk.name: opentelemetry
    telemetry.sdk.language: dotnet
    telemetry.sdk.version: 1.14.0
    service.name: unknown_service:testhost
Activity.TraceId:            dbb724a8edc314901563b03bb753fecf
Activity.SpanId:             cfef40aa206ab1b7
Activity.TraceFlags:         Recorded
Activity.DisplayName:        POST api/auth/email/confirm/{code}
Activity.Kind:               Server
Activity.StartTime:          2026-06-08T01:29:07.5672277Z
Activity.Duration:           00:00:00.0282174
Activity.Tags:
    server.address: localhost
    http.request.method: POST
    url.scheme: http
    url.path: /api/auth/email/confirm/VG9rZW4tcXV
    network.protocol.version: 1.1
    http.route: api/auth/email/confirm/{code}
    http.response.status_code: 400
Instrumentation scope (ActivitySource):
    Name: Microsoft.AspNetCore
Resource associated with Activity:
    telemetry.sdk.name: opentelemetry
    telemetry.sdk.language: dotnet
    telemetry.sdk.version: 1.14.0
    service.name: unknown_service:testhost
Activity.TraceId:            dbb724a8edc314901563b03bb753fecf
Activity.SpanId:             cfef40aa206ab1b7
Activity.TraceFlags:         Recorded
Activity.DisplayName:        POST api/auth/email/confirm/{code}
Activity.Kind:               Server
Activity.StartTime:          2026-06-08T01:29:07.5672277Z
Activity.Duration:           00:00:00.0282174
Activity.Tags:
    server.address: localhost
    http.request.method: POST
    url.scheme: http
    url.path: /api/auth/email/confirm/VG9rZW4tcXV
    network.protocol.version: 1.1
    http.route: api/auth/email/confirm/{code}
    http.response.status_code: 400
Instrumentation scope (ActivitySource):
    Name: Microsoft.AspNetCore
Resource associated with Activity:
    telemetry.sdk.name: opentelemetry
    telemetry.sdk.language: dotnet
    telemetry.sdk.version: 1.14.0
    service.name: unknown_service:testhost
Activity.TraceId:            dbb724a8edc314901563b03bb753fecf
Activity.SpanId:             cfef40aa206ab1b7
Activity.TraceFlags:         Recorded
Activity.DisplayName:        POST api/auth/email/confirm/{code}
Activity.Kind:               Server
Activity.StartTime:          2026-06-08T01:29:07.5672277Z
Activity.Duration:           00:00:00.0282174
Activity.Tags:
    server.address: localhost
    http.request.method: POST
    url.scheme: http
    url.path: /api/auth/email/confirm/VG9rZW4tcXV
    network.protocol.version: 1.1
    http.route: api/auth/email/confirm/{code}
    http.response.status_code: 400
Instrumentation scope (ActivitySource):
    Name: Microsoft.AspNetCore
Resource associated with Activity:
    telemetry.sdk.name: opentelemetry
    telemetry.sdk.language: dotnet
    telemetry.sdk.version: 1.14.0
    service.name: unknown_service:testhost
[22:29:07 INF] Executing action method Urbeat.WebApi.Controllers.AuthController.RegisterCustomer (Urbeat.WebApi) - Validation state: Valid
Activity.TraceId:            dbb724a8edc314901563b03bb753fecf
Activity.SpanId:             cfef40aa206ab1b7
Activity.TraceFlags:         Recorded
Activity.DisplayName:        POST api/auth/email/confirm/{code}
Activity.Kind:               Server
Activity.StartTime:          2026-06-08T01:29:07.5672277Z
Activity.Duration:           00:00:00.0282174
Activity.Tags:
    server.address: localhost
    http.request.method: POST
    url.scheme: http
    url.path: /api/auth/email/confirm/VG9rZW4tcXV
    network.protocol.version: 1.1
    http.route: api/auth/email/confirm/{code}
    http.response.status_code: 400
Instrumentation scope (ActivitySource):
    Name: Microsoft.AspNetCore
Resource associated with Activity:
    telemetry.sdk.name: opentelemetry
    telemetry.sdk.language: dotnet
    telemetry.sdk.version: 1.14.0
    service.name: unknown_service:testhost
Activity.TraceId:            dbb724a8edc314901563b03bb753fecf
Activity.SpanId:             cfef40aa206ab1b7
Activity.TraceFlags:         Recorded
Activity.DisplayName:        POST api/auth/email/confirm/{code}
Activity.Kind:               Server
Activity.StartTime:          2026-06-08T01:29:07.5672277Z
Activity.Duration:           00:00:00.0282174
Activity.Tags:
    server.address: localhost
    http.request.method: POST
    url.scheme: http
    url.path: /api/auth/email/confirm/VG9rZW4tcXV
    network.protocol.version: 1.1
    http.route: api/auth/email/confirm/{code}
    http.response.status_code: 400
Instrumentation scope (ActivitySource):
    Name: Microsoft.AspNetCore
Resource associated with Activity:
    telemetry.sdk.name: opentelemetry
    telemetry.sdk.language: dotnet
    telemetry.sdk.version: 1.14.0
    service.name: unknown_service:testhost
Activity.TraceId:            dbb724a8edc314901563b03bb753fecf
Activity.SpanId:             cfef40aa206ab1b7
Activity.TraceFlags:         Recorded
Activity.DisplayName:        POST api/auth/email/confirm/{code}
Activity.Kind:               Server
Activity.StartTime:          2026-06-08T01:29:07.5672277Z
Activity.Duration:           00:00:00.0282174
Activity.Tags:
    server.address: localhost
    http.request.method: POST
    url.scheme: http
    url.path: /api/auth/email/confirm/VG9rZW4tcXV
    network.protocol.version: 1.1
    http.route: api/auth/email/confirm/{code}
    http.response.status_code: 400
Instrumentation scope (ActivitySource):
    Name: Microsoft.AspNetCore
Resource associated with Activity:
    telemetry.sdk.name: opentelemetry
    telemetry.sdk.language: dotnet
    telemetry.sdk.version: 1.14.0
    service.name: unknown_service:testhost
[22:29:07 INF] Executing endpoint 'Urbeat.WebApi.Controllers.AdminController.UpdatePlanStatus (Urbeat.WebApi)'
[22:29:07 INF] Request starting HTTP/1.1 GET http://localhost/health - null null
[xUnit.net 00:00:04.73]       Expected response.StatusCode to be HttpStatusCode.NotFound {value: 404}, but found HttpStatusCode.BadRequest {value: 400}.
[xUnit.net 00:00:04.73]       Stack Trace:
[xUnit.net 00:00:04.73]            at FluentAssertions.Execution.LateBoundTestFramework.Throw(String message)
[xUnit.net 00:00:04.73]            at FluentAssertions.Execution.DefaultAssertionStrategy.HandleFailure(String message)
[xUnit.net 00:00:04.73]            at FluentAssertions.Execution.AssertionScope.AddPreFormattedFailure(String formattedFailureMessage)
[xUnit.net 00:00:04.73]            at FluentAssertions.Execution.AssertionChain.FailWith(Func`1 getFailureReason)
[xUnit.net 00:00:04.73]            at FluentAssertions.Execution.AssertionChain.FailWith(Func`1 getFailureReason)
[xUnit.net 00:00:04.73]            at FluentAssertions.Execution.AssertionChain.FailWith(String message, Object[] args)
[xUnit.net 00:00:04.73]            at FluentAssertions.Primitives.EnumAssertions`2.Be(TEnum expected, String because, Object[] becauseArgs)
[xUnit.net 00:00:04.73]         C:\Projetos\urbeat\backend\tests\Urbeat.IntegrationTests\Api\EmailConfirmationFlowTests.cs(173,0): at Urbeat.IntegrationTests.Api.EmailConfirmationFlowTests.ConfirmEmail_WithUnknownUserId_ShouldReturnNotFound()
[xUnit.net 00:00:04.73]         --- End of stack trace from previous location ---
[22:29:07 INF] Route matched with {action = "UpdatePlanStatus", controller = "Admin"}. Executing controller action with signature System.Threading.Tasks.Task`1[Microsoft.AspNetCore.Mvc.IActionResult] UpdatePlanStatus(System.Guid, Urbeat.Application.DTOs.UpdatePlanStatusRequestDto, System.Threading.CancellationToken) on controller Urbeat.WebApi.Controllers.AdminController (Urbeat.WebApi).
[22:29:07 INF] Executing action method Urbeat.WebApi.Controllers.AdminController.UpdatePlanStatus (Urbeat.WebApi) - Validation state: Valid
[22:29:07 INF] Saved 1 entities to in-memory store.
[22:29:07 INF] Executed action method Urbeat.WebApi.Controllers.AdminController.UpdatePlanStatus (Urbeat.WebApi), returned result Microsoft.AspNetCore.Mvc.OkObjectResult in 1.5412ms.
[22:29:07 INF] Executing OkObjectResult, writing value of type 'Urbeat.Application.DTOs.PlanResponseDto'.
[22:29:07 INF] Executed action Urbeat.WebApi.Controllers.AdminController.UpdatePlanStatus (Urbeat.WebApi) in 2.9498ms
[22:29:07 INF] Executed endpoint 'Urbeat.WebApi.Controllers.AdminController.UpdatePlanStatus (Urbeat.WebApi)'
[22:29:07 INF] Request finished HTTP/1.1 PATCH http://localhost/api/admin/plans/019ea4d9-0804-7b74-9921-01f6c74659af/status - 200 null application/json; charset=utf-8 7.7534ms
Activity.TraceId:            a5768694a545a7d3521eb73154609a0f
Activity.SpanId:             03cdbde2cd677706
Activity.TraceFlags:         Recorded
Activity.DisplayName:        PATCH api/admin/plans/{planId}/status
Activity.Kind:               Server
Activity.StartTime:          2026-06-08T01:29:07.5958879Z
Activity.Duration:           00:00:00.0078970
Activity.Tags:
    server.address: localhost
    http.request.method: PATCH
    url.scheme: http
    url.path: /api/admin/plans/019ea4d9-0804-7b74-9921-01f6c74659af/status
    network.protocol.version: 1.1
    http.route: api/admin/plans/{planId}/status
    http.response.status_code: 200
Instrumentation scope (ActivitySource):
    Name: Microsoft.AspNetCore
Resource associated with Activity:
    telemetry.sdk.name: opentelemetry
    telemetry.sdk.language: dotnet
    telemetry.sdk.version: 1.14.0
    service.name: unknown_service:testhost
Activity.TraceId:            a5768694a545a7d3521eb73154609a0f
Activity.SpanId:             03cdbde2cd677706
Activity.TraceFlags:         Recorded
Activity.DisplayName:        PATCH api/admin/plans/{planId}/status
Activity.Kind:               Server
Activity.StartTime:          2026-06-08T01:29:07.5958879Z
Activity.Duration:           00:00:00.0078970
Activity.Tags:
    server.address: localhost
    http.request.method: PATCH
    url.scheme: http
    url.path: /api/admin/plans/019ea4d9-0804-7b74-9921-01f6c74659af/status
    network.protocol.version: 1.1
    http.route: api/admin/plans/{planId}/status
    http.response.status_code: 200
Instrumentation scope (ActivitySource):
    Name: Microsoft.AspNetCore
Resource associated with Activity:
    telemetry.sdk.name: opentelemetry
    telemetry.sdk.language: dotnet
    telemetry.sdk.version: 1.14.0
    service.name: unknown_service:testhost
Activity.TraceId:            a5768694a545a7d3521eb73154609a0f
Activity.SpanId:             03cdbde2cd677706
Activity.TraceFlags:         Recorded
Activity.DisplayName:        PATCH api/admin/plans/{planId}/status
Activity.Kind:               Server
Activity.StartTime:          2026-06-08T01:29:07.5958879Z
Activity.Duration:           00:00:00.0078970
Activity.Tags:
    server.address: localhost
    http.request.method: PATCH
    url.scheme: http
    url.path: /api/admin/plans/019ea4d9-0804-7b74-9921-01f6c74659af/status
    network.protocol.version: 1.1
    http.route: api/admin/plans/{planId}/status
    http.response.status_code: 200
Instrumentation scope (ActivitySource):
    Name: Microsoft.AspNetCore
Resource associated with Activity:
    telemetry.sdk.name: opentelemetry
    telemetry.sdk.language: dotnet
    telemetry.sdk.version: 1.14.0
    service.name: unknown_service:testhost
Activity.TraceId:            a5768694a545a7d3521eb73154609a0f
Activity.SpanId:             03cdbde2cd677706
Activity.TraceFlags:         Recorded
Activity.DisplayName:        PATCH api/admin/plans/{planId}/status
Activity.Kind:               Server
Activity.StartTime:          2026-06-08T01:29:07.5958879Z
Activity.Duration:           00:00:00.0078970
Activity.Tags:
    server.address: localhost
    http.request.method: PATCH
    url.scheme: http
    url.path: /api/admin/plans/019ea4d9-0804-7b74-9921-01f6c74659af/status
    network.protocol.version: 1.1
    http.route: api/admin/plans/{planId}/status
    http.response.status_code: 200
Instrumentation scope (ActivitySource):
    Name: Microsoft.AspNetCore
Resource associated with Activity:
    telemetry.sdk.name: opentelemetry
    telemetry.sdk.language: dotnet
    telemetry.sdk.version: 1.14.0
    service.name: unknown_service:testhost
Activity.TraceId:            a5768694a545a7d3521eb73154609a0f
Activity.SpanId:             03cdbde2cd677706
Activity.TraceFlags:         Recorded
Activity.DisplayName:        PATCH api/admin/plans/{planId}/status
Activity.Kind:               Server
Activity.StartTime:          2026-06-08T01:29:07.5958879Z
Activity.Duration:           00:00:00.0078970
Activity.Tags:
    server.address: localhost
    http.request.method: PATCH
    url.scheme: http
    url.path: /api/admin/plans/019ea4d9-0804-7b74-9921-01f6c74659af/status
    network.protocol.version: 1.1
    http.route: api/admin/plans/{planId}/status
    http.response.status_code: 200
Instrumentation scope (ActivitySource):
    Name: Microsoft.AspNetCore
Resource associated with Activity:
    telemetry.sdk.name: opentelemetry
    telemetry.sdk.language: dotnet
    telemetry.sdk.version: 1.14.0
    service.name: unknown_service:testhost
Activity.TraceId:            a5768694a545a7d3521eb73154609a0f
Activity.SpanId:             03cdbde2cd677706
Activity.TraceFlags:         Recorded
Activity.DisplayName:        PATCH api/admin/plans/{planId}/status
Activity.Kind:               Server
Activity.StartTime:          2026-06-08T01:29:07.5958879Z
Activity.Duration:           00:00:00.0078970
Activity.Tags:
    server.address: localhost
    http.request.method: PATCH
    url.scheme: http
    url.path: /api/admin/plans/019ea4d9-0804-7b74-9921-01f6c74659af/status
    network.protocol.version: 1.1
    http.route: api/admin/plans/{planId}/status
    http.response.status_code: 200
Instrumentation scope (ActivitySource):
[22:29:07 INF] Request finished HTTP/1.1 GET http://localhost/health - 200 null text/plain 9.3709ms
    Name: Microsoft.AspNetCore
Resource associated with Activity:
    telemetry.sdk.name: opentelemetry
    telemetry.sdk.language: dotnet
    telemetry.sdk.version: 1.14.0
    service.name: unknown_service:testhost
[22:29:07 INF] Executed action method Urbeat.WebApi.Controllers.StoresController.Create (Urbeat.WebApi), returned result Microsoft.AspNetCore.Mvc.BadRequestObjectResult in 19.4513ms.
Activity.TraceId:            a5768694a545a7d3521eb73154609a0f
[22:29:07 INF] Executed action method Urbeat.WebApi.Controllers.StoresController.GetCuisineTypes (Urbeat.WebApi), returned result Microsoft.AspNetCore.Mvc.OkObjectResult in 22.3509ms.
Activity.SpanId:             03cdbde2cd677706
[22:29:07 INF] Saved 2 entities to in-memory store.
Activity.TraceFlags:         Recorded
Activity.DisplayName:        PATCH api/admin/plans/{planId}/status
Activity.Kind:               Server
Activity.StartTime:          2026-06-08T01:29:07.5958879Z
Activity.Duration:           00:00:00.0078970
Activity.Tags:
    server.address: localhost
    http.request.method: PATCH
    url.scheme: http
    url.path: /api/admin/plans/019ea4d9-0804-7b74-9921-01f6c74659af/status
    network.protocol.version: 1.1
    http.route: api/admin/plans/{planId}/status
    http.response.status_code: 200
Instrumentation scope (ActivitySource):
    Name: Microsoft.AspNetCore
Resource associated with Activity:
    telemetry.sdk.name: opentelemetry
    telemetry.sdk.language: dotnet
    telemetry.sdk.version: 1.14.0
    service.name: unknown_service:testhost
Activity.TraceId:            a5768694a545a7d3521eb73154609a0f
Activity.SpanId:             03cdbde2cd677706
Activity.TraceFlags:         Recorded
Activity.DisplayName:        PATCH api/admin/plans/{planId}/status
Activity.Kind:               Server
Activity.StartTime:          2026-06-08T01:29:07.5958879Z
Activity.Duration:           00:00:00.0078970
Activity.Tags:
    server.address: localhost
    http.request.method: PATCH
    url.scheme: http
    url.path: /api/admin/plans/019ea4d9-0804-7b74-9921-01f6c74659af/status
    network.protocol.version: 1.1
    http.route: api/admin/plans/{planId}/status
    http.response.status_code: 200
Instrumentation scope (ActivitySource):
    Name: Microsoft.AspNetCore
Resource associated with Activity:
    telemetry.sdk.name: opentelemetry
    telemetry.sdk.language: dotnet
    telemetry.sdk.version: 1.14.0
    service.name: unknown_service:testhost
Activity.TraceId:            9990ccc76d0bc71ea98bd470a99dd229
Activity.SpanId:             35e586713aeb824d
Activity.TraceId:            a5768694a545a7d3521eb73154609a0f
Activity.TraceFlags:         Recorded
Activity.SpanId:             03cdbde2cd677706
[22:29:07 INF] Executing BadRequestObjectResult, writing value of type '<>f__AnonymousType1`1[[System.String, System.Private.CoreLib, Version=9.0.0.0, Culture=neutral, PublicKeyToken=7cec85d7bea7798e]]'.
Activity.DisplayName:        GET /health
Activity.TraceFlags:         Recorded
Activity.Kind:               Server
Activity.DisplayName:        PATCH api/admin/plans/{planId}/status
Activity.Kind:               Server
Activity.StartTime:          2026-06-08T01:29:07.5968088Z
Activity.Duration:           00:00:00.0642375
Activity.StartTime:          2026-06-08T01:29:07.5958879Z
[22:29:07 INF] Executing OkObjectResult, writing value of type 'System.Collections.Generic.List`1[[Urbeat.Application.DTOs.CuisineTypeResponseDto, Urbeat.Application, Version=1.0.0.0, Culture=neutral, PublicKeyToken=null]]'.
Activity.Duration:           00:00:00.0078970
Activity.Tags:
Activity.Tags:
    server.address: localhost
    http.request.method: PATCH
    server.address: localhost
    url.scheme: http
    http.request.method: GET
    url.path: /api/admin/plans/019ea4d9-0804-7b74-9921-01f6c74659af/status
    url.scheme: http
    network.protocol.version: 1.1
    url.path: /health
    http.route: api/admin/plans/{planId}/status
    network.protocol.version: 1.1
    http.route: /health
    http.response.status_code: 200
    http.response.status_code: 200
Instrumentation scope (ActivitySource):
    Name: Microsoft.AspNetCore
Instrumentation scope (ActivitySource):
Resource associated with Activity:
    Name: Microsoft.AspNetCore
    telemetry.sdk.name: opentelemetry
    telemetry.sdk.language: dotnet
Resource associated with Activity:
    telemetry.sdk.version: 1.14.0
    telemetry.sdk.name: opentelemetry
    service.name: unknown_service:testhost
    telemetry.sdk.language: dotnet
    telemetry.sdk.version: 1.14.0
    service.name: unknown_service:testhost
Activity.TraceId:            9990ccc76d0bc71ea98bd470a99dd229
Activity.SpanId:             35e586713aeb824d
Activity.TraceFlags:         Recorded
Activity.DisplayName:        GET /health
Activity.Kind:               Server
Activity.StartTime:          2026-06-08T01:29:07.5968088Z
Activity.Duration:           00:00:00.0642375
Activity.Tags:
    server.address: localhost
    http.request.method: GET
    url.scheme: http
    url.path: /health
    network.protocol.version: 1.1
    http.route: /health
    http.response.status_code: 200
Instrumentation scope (ActivitySource):
    Name: Microsoft.AspNetCore
Resource associated with Activity:
    telemetry.sdk.name: opentelemetry
    telemetry.sdk.language: dotnet
    telemetry.sdk.version: 1.14.0
    service.name: unknown_service:testhost
Activity.TraceId:            9990ccc76d0bc71ea98bd470a99dd229
Activity.SpanId:             35e586713aeb824d
Activity.TraceFlags:         Recorded
Activity.DisplayName:        GET /health
Activity.Kind:               Server
Activity.StartTime:          2026-06-08T01:29:07.5968088Z
Activity.Duration:           00:00:00.0642375
Activity.Tags:
    server.address: localhost
    http.request.method: GET
Activity.TraceId:            a5768694a545a7d3521eb73154609a0f
    url.scheme: http
Activity.SpanId:             03cdbde2cd677706
    url.path: /health
    network.protocol.version: 1.1
Activity.TraceFlags:         Recorded
Activity.DisplayName:        PATCH api/admin/plans/{planId}/status
Activity.Kind:               Server
    http.route: /health
    http.response.status_code: 200
Instrumentation scope (ActivitySource):
    Name: Microsoft.AspNetCore
Activity.StartTime:          2026-06-08T01:29:07.5958879Z
Resource associated with Activity:
Activity.Duration:           00:00:00.0078970
    telemetry.sdk.name: opentelemetry
Activity.Tags:
    telemetry.sdk.language: dotnet
    telemetry.sdk.version: 1.14.0
    server.address: localhost
    service.name: unknown_service:testhost
    http.request.method: PATCH
    url.scheme: http
Activity.TraceId:            9990ccc76d0bc71ea98bd470a99dd229
    url.path: /api/admin/plans/019ea4d9-0804-7b74-9921-01f6c74659af/status
Activity.SpanId:             35e586713aeb824d
    network.protocol.version: 1.1
Activity.TraceFlags:         Recorded
    http.route: api/admin/plans/{planId}/status
Activity.DisplayName:        GET /health
    http.response.status_code: 200
Activity.Kind:               Server
Instrumentation scope (ActivitySource):
    Name: Microsoft.AspNetCore
Activity.StartTime:          2026-06-08T01:29:07.5968088Z
Resource associated with Activity:
Activity.Duration:           00:00:00.0642375
    telemetry.sdk.name: opentelemetry
Activity.Tags:
    telemetry.sdk.language: dotnet
    server.address: localhost
    telemetry.sdk.version: 1.14.0
    http.request.method: GET
    service.name: unknown_service:testhost
    url.scheme: http
    url.path: /health
    network.protocol.version: 1.1
Activity.TraceId:            a5768694a545a7d3521eb73154609a0f
    http.route: /health
Activity.SpanId:             03cdbde2cd677706
    http.response.status_code: 200
Activity.TraceFlags:         Recorded
Instrumentation scope (ActivitySource):
Activity.DisplayName:        PATCH api/admin/plans/{planId}/status
    Name: Microsoft.AspNetCore
Activity.Kind:               Server
Resource associated with Activity:
    telemetry.sdk.name: opentelemetry
Activity.StartTime:          2026-06-08T01:29:07.5958879Z
    telemetry.sdk.language: dotnet
Activity.Duration:           00:00:00.0078970
    telemetry.sdk.version: 1.14.0
Activity.Tags:
    service.name: unknown_service:testhost
    server.address: localhost
Activity.TraceId:            9990ccc76d0bc71ea98bd470a99dd229
Activity.SpanId:             35e586713aeb824d
Activity.TraceFlags:         Recorded
Activity.DisplayName:        GET /health
Activity.Kind:               Server
    http.request.method: PATCH
Activity.StartTime:          2026-06-08T01:29:07.5968088Z
Activity.Duration:           00:00:00.0642375
    url.scheme: http
Activity.Tags:
    url.path: /api/admin/plans/019ea4d9-0804-7b74-9921-01f6c74659af/status
    server.address: localhost
    network.protocol.version: 1.1
    http.request.method: GET
    http.route: api/admin/plans/{planId}/status
    url.scheme: http
    url.path: /health
    network.protocol.version: 1.1
    http.response.status_code: 200
    http.route: /health
Instrumentation scope (ActivitySource):
    http.response.status_code: 200
    Name: Microsoft.AspNetCore
Instrumentation scope (ActivitySource):
Resource associated with Activity:
    Name: Microsoft.AspNetCore
Resource associated with Activity:
    telemetry.sdk.name: opentelemetry
    telemetry.sdk.name: opentelemetry
    telemetry.sdk.language: dotnet
    telemetry.sdk.language: dotnet
    telemetry.sdk.version: 1.14.0
    telemetry.sdk.version: 1.14.0
    service.name: unknown_service:testhost
    service.name: unknown_service:testhost
Activity.TraceId:            9990ccc76d0bc71ea98bd470a99dd229
Activity.SpanId:             35e586713aeb824d
Activity.TraceId:            a5768694a545a7d3521eb73154609a0f
Activity.TraceFlags:         Recorded
Activity.SpanId:             03cdbde2cd677706
Activity.DisplayName:        GET /health
Activity.Kind:               Server
Activity.TraceFlags:         Recorded
Activity.StartTime:          2026-06-08T01:29:07.5968088Z
Activity.DisplayName:        PATCH api/admin/plans/{planId}/status
Activity.Duration:           00:00:00.0642375
Activity.Kind:               Server
Activity.Tags:
    server.address: localhost
    http.request.method: GET
    url.scheme: http
    url.path: /health
    network.protocol.version: 1.1
Activity.StartTime:          2026-06-08T01:29:07.5958879Z
    http.route: /health
Activity.Duration:           00:00:00.0078970
    http.response.status_code: 200
Activity.Tags:
Instrumentation scope (ActivitySource):
    Name: Microsoft.AspNetCore
    server.address: localhost
Resource associated with Activity:
    http.request.method: PATCH
    url.scheme: http
    telemetry.sdk.name: opentelemetry
    url.path: /api/admin/plans/019ea4d9-0804-7b74-9921-01f6c74659af/status
    network.protocol.version: 1.1
    telemetry.sdk.language: dotnet
    http.route: api/admin/plans/{planId}/status
    telemetry.sdk.version: 1.14.0
    http.response.status_code: 200
    service.name: unknown_service:testhost
Instrumentation scope (ActivitySource):
    Name: Microsoft.AspNetCore
Resource associated with Activity:
    telemetry.sdk.name: opentelemetry
    telemetry.sdk.language: dotnet
Activity.TraceId:            9990ccc76d0bc71ea98bd470a99dd229
    telemetry.sdk.version: 1.14.0
Activity.SpanId:             35e586713aeb824d
    service.name: unknown_service:testhost
Activity.TraceFlags:         Recorded
Activity.DisplayName:        GET /health
Activity.Kind:               Server
Activity.StartTime:          2026-06-08T01:29:07.5968088Z
Activity.Duration:           00:00:00.0642375
Activity.Tags:
    server.address: localhost
    http.request.method: GET
    url.scheme: http
    url.path: /health
    network.protocol.version: 1.1
    http.route: /health
    http.response.status_code: 200
Instrumentation scope (ActivitySource):
    Name: Microsoft.AspNetCore
Resource associated with Activity:
    telemetry.sdk.name: opentelemetry
    telemetry.sdk.language: dotnet
    telemetry.sdk.version: 1.14.0
    service.name: unknown_service:testhost
Activity.TraceId:            9990ccc76d0bc71ea98bd470a99dd229
Activity.SpanId:             35e586713aeb824d
Activity.TraceFlags:         Recorded
Activity.DisplayName:        GET /health
Activity.Kind:               Server
Activity.StartTime:          2026-06-08T01:29:07.5968088Z
Activity.Duration:           00:00:00.0642375
Activity.Tags:
    server.address: localhost
    http.request.method: GET
    url.scheme: http
    url.path: /health
    network.protocol.version: 1.1
    http.route: /health
    http.response.status_code: 200
Instrumentation scope (ActivitySource):
    Name: Microsoft.AspNetCore
Resource associated with Activity:
    telemetry.sdk.name: opentelemetry
    telemetry.sdk.language: dotnet
    telemetry.sdk.version: 1.14.0
    service.name: unknown_service:testhost
Activity.TraceId:            9990ccc76d0bc71ea98bd470a99dd229
Activity.SpanId:             35e586713aeb824d
Activity.TraceFlags:         Recorded
Activity.DisplayName:        GET /health
Activity.Kind:               Server
Activity.StartTime:          2026-06-08T01:29:07.5968088Z
Activity.Duration:           00:00:00.0642375
Activity.Tags:
    server.address: localhost
    http.request.method: GET
    url.scheme: http
    url.path: /health
    network.protocol.version: 1.1
    http.route: /health
    http.response.status_code: 200
Instrumentation scope (ActivitySource):
    Name: Microsoft.AspNetCore
Resource associated with Activity:
    telemetry.sdk.name: opentelemetry
    telemetry.sdk.language: dotnet
    telemetry.sdk.version: 1.14.0
    service.name: unknown_service:testhost
Activity.TraceId:            9990ccc76d0bc71ea98bd470a99dd229
Activity.SpanId:             35e586713aeb824d
Activity.TraceFlags:         Recorded
Activity.DisplayName:        GET /health
Activity.Kind:               Server
Activity.StartTime:          2026-06-08T01:29:07.5968088Z
Activity.Duration:           00:00:00.0642375
Activity.Tags:
    server.address: localhost
    http.request.method: GET
    url.scheme: http
    url.path: /health
    network.protocol.version: 1.1
    http.route: /health
    http.response.status_code: 200
Instrumentation scope (ActivitySource):
    Name: Microsoft.AspNetCore
Resource associated with Activity:
    telemetry.sdk.name: opentelemetry
    telemetry.sdk.language: dotnet
    telemetry.sdk.version: 1.14.0
    service.name: unknown_service:testhost
Activity.TraceId:            9990ccc76d0bc71ea98bd470a99dd229
Activity.SpanId:             35e586713aeb824d
Activity.TraceFlags:         Recorded
Activity.DisplayName:        GET /health
Activity.Kind:               Server
Activity.StartTime:          2026-06-08T01:29:07.5968088Z
Activity.Duration:           00:00:00.0642375
Activity.Tags:
    server.address: localhost
    http.request.method: GET
    url.scheme: http
    url.path: /health
    network.protocol.version: 1.1
    http.route: /health
    http.response.status_code: 200
Instrumentation scope (ActivitySource):
    Name: Microsoft.AspNetCore
Resource associated with Activity:
    telemetry.sdk.name: opentelemetry
    telemetry.sdk.language: dotnet
    telemetry.sdk.version: 1.14.0
    service.name: unknown_service:testhost
Activity.TraceId:            9990ccc76d0bc71ea98bd470a99dd229
Activity.SpanId:             35e586713aeb824d
Activity.TraceFlags:         Recorded
Activity.DisplayName:        GET /health
Activity.Kind:               Server
Activity.StartTime:          2026-06-08T01:29:07.5968088Z
Activity.Duration:           00:00:00.0642375
Activity.Tags:
    server.address: localhost
    http.request.method: GET
    url.scheme: http
    url.path: /health
    network.protocol.version: 1.1
    http.route: /health
    http.response.status_code: 200
Instrumentation scope (ActivitySource):
    Name: Microsoft.AspNetCore
Resource associated with Activity:
    telemetry.sdk.name: opentelemetry
    telemetry.sdk.language: dotnet
    telemetry.sdk.version: 1.14.0
    service.name: unknown_service:testhost
[22:29:07 INF] Executed action Urbeat.WebApi.Controllers.StoresController.Create (Urbeat.WebApi) in 174.7431ms
[22:29:07 INF] Executed action Urbeat.WebApi.Controllers.StoresController.GetCuisineTypes (Urbeat.WebApi) in 118.5121ms
[22:29:07 INF] Executed endpoint 'Urbeat.WebApi.Controllers.StoresController.Create (Urbeat.WebApi)'
[22:29:07 INF] Executed endpoint 'Urbeat.WebApi.Controllers.StoresController.GetCuisineTypes (Urbeat.WebApi)'
[22:29:07 INF] Request starting HTTP/1.1 POST http://localhost/api/auth/email/confirm/ - null null
[22:29:07 INF] Request finished HTTP/1.1 POST http://localhost/api/stores - 400 null application/problem+json; charset=utf-8 247.6041ms
Activity.TraceId:            483395bf2c61f528aefad4a362957d37
Activity.SpanId:             6946c326dd3df652
Activity.TraceFlags:         Recorded
Activity.DisplayName:        POST api/stores
Activity.Kind:               Server
Activity.StartTime:          2026-06-08T01:29:07.4159900Z
Activity.Duration:           00:00:00.2478174
Activity.Tags:
    server.address: localhost
    http.request.method: POST
    url.scheme: http
    url.path: /api/stores
    network.protocol.version: 1.1
    http.route: api/stores
    http.response.status_code: 400
Instrumentation scope (ActivitySource):
    Name: Microsoft.AspNetCore
[22:29:07 INF] Executing endpoint 'Urbeat.WebApi.Controllers.AuthController.ConfirmEmail (Urbeat.WebApi)'
Resource associated with Activity:
    telemetry.sdk.name: opentelemetry
    telemetry.sdk.language: dotnet
    telemetry.sdk.version: 1.14.0
    service.name: unknown_service:testhost
Activity.TraceId:            483395bf2c61f528aefad4a362957d37
Activity.SpanId:             6946c326dd3df652
Activity.TraceFlags:         Recorded
Activity.DisplayName:        POST api/stores
Activity.Kind:               Server
Activity.StartTime:          2026-06-08T01:29:07.4159900Z
Activity.Duration:           00:00:00.2478174
Activity.Tags:
    server.address: localhost
    http.request.method: POST
    url.scheme: http
    url.path: /api/stores
    network.protocol.version: 1.1
    http.route: api/stores
    http.response.status_code: 400
Instrumentation scope (ActivitySource):
    Name: Microsoft.AspNetCore
Resource associated with Activity:
    telemetry.sdk.name: opentelemetry
    telemetry.sdk.language: dotnet
    telemetry.sdk.version: 1.14.0
    service.name: unknown_service:testhost
Activity.TraceId:            483395bf2c61f528aefad4a362957d37
Activity.SpanId:             6946c326dd3df652
Activity.TraceFlags:         Recorded
Activity.DisplayName:        POST api/stores
Activity.Kind:               Server
Activity.StartTime:          2026-06-08T01:29:07.4159900Z
Activity.Duration:           00:00:00.2478174
Activity.Tags:
    server.address: localhost
    http.request.method: POST
    url.scheme: http
    url.path: /api/stores
    network.protocol.version: 1.1
    http.route: api/stores
    http.response.status_code: 400
Instrumentation scope (ActivitySource):
    Name: Microsoft.AspNetCore
Resource associated with Activity:
    telemetry.sdk.name: opentelemetry
    telemetry.sdk.language: dotnet
    telemetry.sdk.version: 1.14.0
    service.name: unknown_service:testhost
Activity.TraceId:            483395bf2c61f528aefad4a362957d37
Activity.SpanId:             6946c326dd3df652
Activity.TraceFlags:         Recorded
Activity.DisplayName:        POST api/stores
Activity.Kind:               Server
Activity.StartTime:          2026-06-08T01:29:07.4159900Z
Activity.Duration:           00:00:00.2478174
Activity.Tags:
    server.address: localhost
    http.request.method: POST
    url.scheme: http
    url.path: /api/stores
    network.protocol.version: 1.1
    http.route: api/stores
    http.response.status_code: 400
Instrumentation scope (ActivitySource):
    Name: Microsoft.AspNetCore
Resource associated with Activity:
    telemetry.sdk.name: opentelemetry
    telemetry.sdk.language: dotnet
    telemetry.sdk.version: 1.14.0
[22:29:07 INF] Request starting HTTP/1.1 GET http://localhost/api/admin/plans - null null
    service.name: unknown_service:testhost
[22:29:07 INF] Executed action method Urbeat.WebApi.Controllers.CustomerAddressesController.Create (Urbeat.WebApi), returned result Microsoft.AspNetCore.Mvc.ObjectResult in 113.5702ms.
Activity.TraceId:            483395bf2c61f528aefad4a362957d37
Activity.SpanId:             6946c326dd3df652
[22:29:07 INF] Request finished HTTP/1.1 GET http://localhost/api/stores/cuisine-types - 200 null application/json; charset=utf-8 173.4619ms
Activity.TraceFlags:         Recorded
Activity.DisplayName:        POST api/stores
Activity.Kind:               Server
[22:29:07 INF] Route matched with {action = "ConfirmEmail", controller = "Auth"}. Executing controller action with signature System.Threading.Tasks.Task`1[Microsoft.AspNetCore.Mvc.IActionResult] ConfirmEmail(Urbeat.Application.DTOs.ConfirmEmailRequestDto, System.Threading.CancellationToken) on controller Urbeat.WebApi.Controllers.AuthController (Urbeat.WebApi).
Activity.StartTime:          2026-06-08T01:29:07.4159900Z
Activity.Duration:           00:00:00.2478174
[22:29:07 INF] Saved 1 entities to in-memory store.
Activity.Tags:
    server.address: localhost
    http.request.method: POST
    url.scheme: http
    url.path: /api/stores
    network.protocol.version: 1.1
[22:29:07 INF] Saved 1 entities to in-memory store.
    http.route: api/stores
    http.response.status_code: 400
Instrumentation scope (ActivitySource):
    Name: Microsoft.AspNetCore
Resource associated with Activity:
    telemetry.sdk.name: opentelemetry
    telemetry.sdk.language: dotnet
    telemetry.sdk.version: 1.14.0
    service.name: unknown_service:testhost
Activity.TraceId:            483395bf2c61f528aefad4a362957d37
Activity.SpanId:             6946c326dd3df652
Activity.TraceFlags:         Recorded
Activity.DisplayName:        POST api/stores
Activity.Kind:               Server
Activity.StartTime:          2026-06-08T01:29:07.4159900Z
Activity.Duration:           00:00:00.2478174
Activity.Tags:
    server.address: localhost
    http.request.method: POST
    url.scheme: http
    url.path: /api/stores
    network.protocol.version: 1.1
    http.route: api/stores
    http.response.status_code: 400
Instrumentation scope (ActivitySource):
    Name: Microsoft.AspNetCore
Resource associated with Activity:
    telemetry.sdk.name: opentelemetry
    telemetry.sdk.language: dotnet
    telemetry.sdk.version: 1.14.0
    service.name: unknown_service:testhost
Activity.TraceId:            483395bf2c61f528aefad4a362957d37
Activity.SpanId:             6946c326dd3df652
Activity.TraceFlags:         Recorded
Activity.DisplayName:        POST api/stores
Activity.Kind:               Server
Activity.StartTime:          2026-06-08T01:29:07.4159900Z
Activity.Duration:           00:00:00.2478174
Activity.Tags:
    server.address: localhost
    http.request.method: POST
    url.scheme: http
    url.path: /api/stores
    network.protocol.version: 1.1
    http.route: api/stores
    http.response.status_code: 400
Instrumentation scope (ActivitySource):
[22:29:07 INF] Executing ObjectResult, writing value of type 'Urbeat.Application.DTOs.CustomerAddressResponseDto'.
    Name: Microsoft.AspNetCore
Resource associated with Activity:
    telemetry.sdk.name: opentelemetry
    telemetry.sdk.language: dotnet
    telemetry.sdk.version: 1.14.0
    service.name: unknown_service:testhost
Activity.TraceId:            483395bf2c61f528aefad4a362957d37
Activity.SpanId:             6946c326dd3df652
Activity.TraceFlags:         Recorded
Activity.DisplayName:        POST api/stores
Activity.Kind:               Server
Activity.StartTime:          2026-06-08T01:29:07.4159900Z
Activity.Duration:           00:00:00.2478174
Activity.Tags:
    server.address: localhost
    http.request.method: POST
    url.scheme: http
    url.path: /api/stores
    network.protocol.version: 1.1
    http.route: api/stores
    http.response.status_code: 400
Instrumentation scope (ActivitySource):
    Name: Microsoft.AspNetCore
Resource associated with Activity:
    telemetry.sdk.name: opentelemetry
    telemetry.sdk.language: dotnet
    telemetry.sdk.version: 1.14.0
    service.name: unknown_service:testhost
Activity.TraceId:            483395bf2c61f528aefad4a362957d37
Activity.SpanId:             6946c326dd3df652
Activity.TraceFlags:         Recorded
Activity.DisplayName:        POST api/stores
Activity.Kind:               Server
Activity.StartTime:          2026-06-08T01:29:07.4159900Z
Activity.Duration:           00:00:00.2478174
Activity.Tags:
    server.address: localhost
    http.request.method: POST
    url.scheme: http
    url.path: /api/stores
    network.protocol.version: 1.1
    http.route: api/stores
    http.response.status_code: 400
Instrumentation scope (ActivitySource):
    Name: Microsoft.AspNetCore
Resource associated with Activity:
    telemetry.sdk.name: opentelemetry
    telemetry.sdk.language: dotnet
    telemetry.sdk.version: 1.14.0
    service.name: unknown_service:testhost
Activity.TraceId:            483395bf2c61f528aefad4a362957d37
Activity.SpanId:             6946c326dd3df652
Activity.TraceFlags:         Recorded
Activity.DisplayName:        POST api/stores
Activity.Kind:               Server
Activity.StartTime:          2026-06-08T01:29:07.4159900Z
Activity.Duration:           00:00:00.2478174
Activity.Tags:
    server.address: localhost
    http.request.method: POST
    url.scheme: http
    url.path: /api/stores
    network.protocol.version: 1.1
    http.route: api/stores
    http.response.status_code: 400
Activity.TraceId:            f50bce256ba05d9c16c9f8ade7a4b965
Instrumentation scope (ActivitySource):
Activity.SpanId:             2a06385ed25808d6
    Name: Microsoft.AspNetCore
Resource associated with Activity:
Activity.TraceFlags:         Recorded
    telemetry.sdk.name: opentelemetry
Activity.DisplayName:        GET api/stores/cuisine-types
    telemetry.sdk.language: dotnet
Activity.Kind:               Server
    telemetry.sdk.version: 1.14.0
    service.name: unknown_service:testhost
Activity.TraceId:            483395bf2c61f528aefad4a362957d37
Activity.SpanId:             6946c326dd3df652
Activity.TraceFlags:         Recorded
Activity.StartTime:          2026-06-08T01:29:07.4900520Z
Activity.DisplayName:        POST api/stores
Activity.Kind:               Server
Activity.Duration:           00:00:00.2317946
Activity.StartTime:          2026-06-08T01:29:07.4159900Z
Activity.Tags:
Activity.Duration:           00:00:00.2478174
Activity.Tags:
    server.address: localhost
    server.address: localhost
    http.request.method: GET
    http.request.method: POST
    url.scheme: http
    url.scheme: http
    url.path: /api/stores/cuisine-types
    network.protocol.version: 1.1
    url.path: /api/stores
    http.route: api/stores/cuisine-types
    network.protocol.version: 1.1
    http.route: api/stores
    http.response.status_code: 200
    http.response.status_code: 400
Instrumentation scope (ActivitySource):
Instrumentation scope (ActivitySource):
    Name: Microsoft.AspNetCore
    Name: Microsoft.AspNetCore
Resource associated with Activity:
Resource associated with Activity:
    telemetry.sdk.name: opentelemetry
    telemetry.sdk.language: dotnet
    telemetry.sdk.name: opentelemetry
    telemetry.sdk.version: 1.14.0
    telemetry.sdk.language: dotnet
    service.name: unknown_service:testhost
    telemetry.sdk.version: 1.14.0
Activity.TraceId:            483395bf2c61f528aefad4a362957d37
    service.name: unknown_service:testhost
Activity.SpanId:             6946c326dd3df652
Activity.TraceFlags:         Recorded
Activity.DisplayName:        POST api/stores
Activity.Kind:               Server
Activity.TraceId:            f50bce256ba05d9c16c9f8ade7a4b965
Activity.StartTime:          2026-06-08T01:29:07.4159900Z
Activity.SpanId:             2a06385ed25808d6
Activity.Duration:           00:00:00.2478174
Activity.TraceFlags:         Recorded
Activity.Tags:
Activity.DisplayName:        GET api/stores/cuisine-types
    server.address: localhost
Activity.Kind:               Server
    http.request.method: POST
    url.scheme: http
    url.path: /api/stores
    network.protocol.version: 1.1
Activity.StartTime:          2026-06-08T01:29:07.4900520Z
    http.route: api/stores
Activity.Duration:           00:00:00.2317946
    http.response.status_code: 400
Activity.Tags:
Instrumentation scope (ActivitySource):
    Name: Microsoft.AspNetCore
    server.address: localhost
Resource associated with Activity:
    http.request.method: GET
    telemetry.sdk.name: opentelemetry
    url.scheme: http
    telemetry.sdk.language: dotnet
    url.path: /api/stores/cuisine-types
    telemetry.sdk.version: 1.14.0
    network.protocol.version: 1.1
    service.name: unknown_service:testhost
    http.route: api/stores/cuisine-types
    http.response.status_code: 200
Instrumentation scope (ActivitySource):
    Name: Microsoft.AspNetCore
Resource associated with Activity:
    telemetry.sdk.name: opentelemetry
    telemetry.sdk.language: dotnet
    telemetry.sdk.version: 1.14.0
    service.name: unknown_service:testhost
Activity.TraceId:            f50bce256ba05d9c16c9f8ade7a4b965
Activity.SpanId:             2a06385ed25808d6
Activity.TraceFlags:         Recorded
Activity.DisplayName:        GET api/stores/cuisine-types
Activity.Kind:               Server
Activity.StartTime:          2026-06-08T01:29:07.4900520Z
Activity.Duration:           00:00:00.2317946
Activity.Tags:
    server.address: localhost
    http.request.method: GET
    url.scheme: http
    url.path: /api/stores/cuisine-types
    network.protocol.version: 1.1
    http.route: api/stores/cuisine-types
    http.response.status_code: 200
Instrumentation scope (ActivitySource):
    Name: Microsoft.AspNetCore
Resource associated with Activity:
    telemetry.sdk.name: opentelemetry
    telemetry.sdk.language: dotnet
    telemetry.sdk.version: 1.14.0
    service.name: unknown_service:testhost
Activity.TraceId:            f50bce256ba05d9c16c9f8ade7a4b965
Activity.SpanId:             2a06385ed25808d6
Activity.TraceFlags:         Recorded
Activity.DisplayName:        GET api/stores/cuisine-types
Activity.Kind:               Server
Activity.StartTime:          2026-06-08T01:29:07.4900520Z
Activity.Duration:           00:00:00.2317946
Activity.Tags:
    server.address: localhost
    http.request.method: GET
    url.scheme: http
    url.path: /api/stores/cuisine-types
[22:29:07 INF] Saved 1 entities to in-memory store.
    network.protocol.version: 1.1
    http.route: api/stores/cuisine-types
    http.response.status_code: 200
Instrumentation scope (ActivitySource):
    Name: Microsoft.AspNetCore
Resource associated with Activity:
    telemetry.sdk.name: opentelemetry
    telemetry.sdk.language: dotnet
    telemetry.sdk.version: 1.14.0
    service.name: unknown_service:testhost
Activity.TraceId:            f50bce256ba05d9c16c9f8ade7a4b965
Activity.SpanId:             2a06385ed25808d6
Activity.TraceFlags:         Recorded
Activity.DisplayName:        GET api/stores/cuisine-types
Activity.Kind:               Server
Activity.StartTime:          2026-06-08T01:29:07.4900520Z
Activity.Duration:           00:00:00.2317946
Activity.Tags:
    server.address: localhost
    http.request.method: GET
    url.scheme: http
    url.path: /api/stores/cuisine-types
    network.protocol.version: 1.1
    http.route: api/stores/cuisine-types
    http.response.status_code: 200
Instrumentation scope (ActivitySource):
    Name: Microsoft.AspNetCore
Resource associated with Activity:
    telemetry.sdk.name: opentelemetry
    telemetry.sdk.language: dotnet
    telemetry.sdk.version: 1.14.0
    service.name: unknown_service:testhost
Activity.TraceId:            f50bce256ba05d9c16c9f8ade7a4b965
Activity.SpanId:             2a06385ed25808d6
Activity.TraceFlags:         Recorded
Activity.DisplayName:        GET api/stores/cuisine-types
Activity.Kind:               Server
Activity.StartTime:          2026-06-08T01:29:07.4900520Z
Activity.Duration:           00:00:00.2317946
Activity.Tags:
    server.address: localhost
    http.request.method: GET
    url.scheme: http
    url.path: /api/stores/cuisine-types
    network.protocol.version: 1.1
    http.route: api/stores/cuisine-types
    http.response.status_code: 200
Instrumentation scope (ActivitySource):
    Name: Microsoft.AspNetCore
Resource associated with Activity:
    telemetry.sdk.name: opentelemetry
    telemetry.sdk.language: dotnet
    telemetry.sdk.version: 1.14.0
    service.name: unknown_service:testhost
Activity.TraceId:            f50bce256ba05d9c16c9f8ade7a4b965
Activity.SpanId:             2a06385ed25808d6
[22:29:07 INF] Saved 1 entities to in-memory store.
Activity.TraceFlags:         Recorded
Activity.DisplayName:        GET api/stores/cuisine-types
Activity.Kind:               Server
Activity.StartTime:          2026-06-08T01:29:07.4900520Z
Activity.Duration:           00:00:00.2317946
Activity.Tags:
    server.address: localhost
    http.request.method: GET
    url.scheme: http
    url.path: /api/stores/cuisine-types
    network.protocol.version: 1.1
    http.route: api/stores/cuisine-types
    http.response.status_code: 200
Instrumentation scope (ActivitySource):
    Name: Microsoft.AspNetCore
Resource associated with Activity:
    telemetry.sdk.name: opentelemetry
    telemetry.sdk.language: dotnet
[22:29:07 INF] Saved 1 entities to in-memory store.
    telemetry.sdk.version: 1.14.0
    service.name: unknown_service:testhost
Activity.TraceId:            f50bce256ba05d9c16c9f8ade7a4b965
Activity.SpanId:             2a06385ed25808d6
Activity.TraceFlags:         Recorded
Activity.DisplayName:        GET api/stores/cuisine-types
Activity.Kind:               Server
Activity.StartTime:          2026-06-08T01:29:07.4900520Z
Activity.Duration:           00:00:00.2317946
Activity.Tags:
    server.address: localhost
    http.request.method: GET
    url.scheme: http
    url.path: /api/stores/cuisine-types
    network.protocol.version: 1.1
[22:29:07 INF] Saved 1 entities to in-memory store.
    http.route: api/stores/cuisine-types
    http.response.status_code: 200
Instrumentation scope (ActivitySource):
    Name: Microsoft.AspNetCore
Resource associated with Activity:
    telemetry.sdk.name: opentelemetry
    telemetry.sdk.language: dotnet
    telemetry.sdk.version: 1.14.0
    service.name: unknown_service:testhost
[22:29:07 INF] Executing endpoint 'Urbeat.WebApi.Controllers.AdminController.ListPlans (Urbeat.WebApi)'
Activity.TraceId:            f50bce256ba05d9c16c9f8ade7a4b965
[22:29:07 INF] Saved 2 entities to in-memory store.
Activity.SpanId:             2a06385ed25808d6
Activity.TraceFlags:         Recorded
Activity.DisplayName:        GET api/stores/cuisine-types
Activity.Kind:               Server
Activity.StartTime:          2026-06-08T01:29:07.4900520Z
Activity.Duration:           00:00:00.2317946
Activity.Tags:
    server.address: localhost
    http.request.method: GET
    url.scheme: http
    url.path: /api/stores/cuisine-types
    network.protocol.version: 1.1
    http.route: api/stores/cuisine-types
    http.response.status_code: 200
Instrumentation scope (ActivitySource):
    Name: Microsoft.AspNetCore
Resource associated with Activity:
    telemetry.sdk.name: opentelemetry
    telemetry.sdk.language: dotnet
    telemetry.sdk.version: 1.14.0
    service.name: unknown_service:testhost
Activity.TraceId:            f50bce256ba05d9c16c9f8ade7a4b965
Activity.SpanId:             2a06385ed25808d6
Activity.TraceFlags:         Recorded
Activity.DisplayName:        GET api/stores/cuisine-types
Activity.Kind:               Server
Activity.StartTime:          2026-06-08T01:29:07.4900520Z
Activity.Duration:           00:00:00.2317946
Activity.Tags:
    server.address: localhost
    http.request.method: GET
    url.scheme: http
    url.path: /api/stores/cuisine-types
    network.protocol.version: 1.1
    http.route: api/stores/cuisine-types
    http.response.status_code: 200
Instrumentation scope (ActivitySource):
    Name: Microsoft.AspNetCore
Resource associated with Activity:
    telemetry.sdk.name: opentelemetry
    telemetry.sdk.language: dotnet
    telemetry.sdk.version: 1.14.0
    service.name: unknown_service:testhost
Activity.TraceId:            f50bce256ba05d9c16c9f8ade7a4b965
Activity.SpanId:             2a06385ed25808d6
Activity.TraceFlags:         Recorded
Activity.DisplayName:        GET api/stores/cuisine-types
[22:29:07 INF] Saved 1 entities to in-memory store.
Activity.Kind:               Server
Activity.StartTime:          2026-06-08T01:29:07.4900520Z
Activity.Duration:           00:00:00.2317946
Activity.Tags:
    server.address: localhost
    http.request.method: GET
    url.scheme: http
    url.path: /api/stores/cuisine-types
    network.protocol.version: 1.1
    http.route: api/stores/cuisine-types
    http.response.status_code: 200
Instrumentation scope (ActivitySource):
    Name: Microsoft.AspNetCore
Resource associated with Activity:
    telemetry.sdk.name: opentelemetry
    telemetry.sdk.language: dotnet
    telemetry.sdk.version: 1.14.0
    service.name: unknown_service:testhost
Activity.TraceId:            f50bce256ba05d9c16c9f8ade7a4b965
Activity.SpanId:             2a06385ed25808d6
Activity.TraceFlags:         Recorded
Activity.DisplayName:        GET api/stores/cuisine-types
Activity.Kind:               Server
Activity.StartTime:          2026-06-08T01:29:07.4900520Z
Activity.Duration:           00:00:00.2317946
Activity.Tags:
    server.address: localhost
    http.request.method: GET
    url.scheme: http
    url.path: /api/stores/cuisine-types
    network.protocol.version: 1.1
    http.route: api/stores/cuisine-types
    http.response.status_code: 200
Instrumentation scope (ActivitySource):
    Name: Microsoft.AspNetCore
Resource associated with Activity:
    telemetry.sdk.name: opentelemetry
    telemetry.sdk.language: dotnet
    telemetry.sdk.version: 1.14.0
    service.name: unknown_service:testhost
[22:29:07 INF] Saved 1 entities to in-memory store.
[22:29:07 INF] Saved 1 entities to in-memory store.
[22:29:07 INF] Saved 1 entities to in-memory store.
[22:29:07 INF] EMAIL_CONFIRM_JOB_STARTED | Sending confirmation email | UserId=019ea4d9-090c-7235-81db-90b8231d5771
[22:29:07 INF] Executing ObjectResult, writing value of type 'Microsoft.AspNetCore.Mvc.ProblemDetails'.
[22:29:07 INF] Saved 1 entities to in-memory store.
[22:29:07 INF] Saved 1 entities to in-memory store.
[22:29:07 INF] Executed action Urbeat.WebApi.Controllers.CustomerAddressesController.Create (Urbeat.WebApi) in 236.0856ms
[22:29:07 INF] Executed endpoint 'Urbeat.WebApi.Controllers.CustomerAddressesController.Create (Urbeat.WebApi)'
[22:29:07 INF] EMAIL_ALREADY_CONFIRMED | Already confirmed | UserId=019ea4d9-090c-7235-81db-90b8231d5771
[22:29:07 INF] EMAIL_CONFIRM_JOB_COMPLETED | Job completed | UserId=019ea4d9-090c-7235-81db-90b8231d5771
[22:29:07 INF] Executed action method Urbeat.WebApi.Controllers.AuthController.RegisterCustomer (Urbeat.WebApi), returned result Microsoft.AspNetCore.Mvc.ObjectResult in 127.6217ms.
[22:29:07 INF] Executing ObjectResult, writing value of type '<>f__AnonymousType2`3[[System.Nullable`1[[System.Guid, System.Private.CoreLib, Version=9.0.0.0, Culture=neutral, PublicKeyToken=7cec85d7bea7798e]], System.Private.CoreLib, Version=9.0.0.0, Culture=neutral, PublicKeyToken=7cec85d7bea7798e],[System.Boolean, System.Private.CoreLib, Version=9.0.0.0, Culture=neutral, PublicKeyToken=7cec85d7bea7798e],[System.String, System.Private.CoreLib, Version=9.0.0.0, Culture=neutral, PublicKeyToken=7cec85d7bea7798e]]'.
[22:29:07 INF] Executed action Urbeat.WebApi.Controllers.AuthController.RegisterCustomer (Urbeat.WebApi) in 128.4777ms
[22:29:07 INF] Executed endpoint 'Urbeat.WebApi.Controllers.AuthController.RegisterCustomer (Urbeat.WebApi)'
[22:29:07 INF] Request finished HTTP/1.1 POST http://localhost/api/customer/addresses - 201 null application/json; charset=utf-8 310.0963ms
Resource associated with Metrics:
	telemetry.sdk.name: opentelemetry
[22:29:07 INF] Executed action Urbeat.WebApi.Controllers.AuthController.ConfirmEmail (Urbeat.WebApi) in 3.1873ms
	telemetry.sdk.language: dotnet
	telemetry.sdk.version: 1.14.0
	service.name: unknown_service:testhost
[22:29:07 INF] Request finished HTTP/1.1 POST http://localhost/api/auth/register/customer - 201 null application/json; charset=utf-8 130.6088ms
[22:29:07 INF] Route matched with {action = "ListPlans", controller = "Admin"}. Executing controller action with signature System.Threading.Tasks.Task`1[Microsoft.AspNetCore.Mvc.IActionResult] ListPlans(System.Threading.CancellationToken) on controller Urbeat.WebApi.Controllers.AdminController (Urbeat.WebApi).
Metric Name: http.server.active_requests, Description: Number of active HTTP server requests., Unit: {request}, Metric Type: LongSumNonMonotonic
Instrumentation scope (Meter):
	Name: Microsoft.AspNetCore.Hosting
[22:29:07 INF] Executed action method Urbeat.WebApi.Controllers.StoresController.Create (Urbeat.WebApi), returned result Microsoft.AspNetCore.Mvc.ObjectResult in 134.9276ms.
[22:29:07 INF] Executed action method Urbeat.WebApi.Controllers.StoresController.Create (Urbeat.WebApi), returned result Microsoft.AspNetCore.Mvc.ObjectResult in 134.9597ms.
(2026-06-08T01:29:07.3357732Z, 2026-06-08T01:29:07.7298579Z] http.request.method: POST url.scheme: http
Value: 2
(2026-06-08T01:29:07.3357732Z, 2026-06-08T01:29:07.7298579Z] http.request.method: PUT url.scheme: http
Value: 0
(2026-06-08T01:29:07.3357732Z, 2026-06-08T01:29:07.7298579Z] http.request.method: GET url.scheme: http
Value: 1
[22:29:07 INF] Executed action method Urbeat.WebApi.Controllers.StoresController.Create (Urbeat.WebApi), returned result Microsoft.AspNetCore.Mvc.ObjectResult in 134.8804ms.
(2026-06-08T01:29:07.3357732Z, 2026-06-08T01:29:07.7298579Z] http.request.method: PATCH url.scheme: http
Value: 0
[22:29:07 INF] Executed endpoint 'Urbeat.WebApi.Controllers.AuthController.ConfirmEmail (Urbeat.WebApi)'
Metric Name: http.server.request.duration, Description: Duration of HTTP server requests., Unit: s, Metric Type: Histogram
Instrumentation scope (Meter):
[22:29:07 INF] Executed action method Urbeat.WebApi.Controllers.StoresController.Create (Urbeat.WebApi), returned result Microsoft.AspNetCore.Mvc.ObjectResult in 134.9483ms.
	Name: Microsoft.AspNetCore.Hosting
Activity.TraceId:            9b2e296b1fd2663c2f42995787eefd21
Activity.SpanId:             a426b6041ca1ffe5
Activity.TraceFlags:         Recorded
Activity.DisplayName:        POST api/auth/register/customer
Activity.Kind:               Server
[22:29:07 INF] Executed action method Urbeat.WebApi.Controllers.StoresController.Create (Urbeat.WebApi), returned result Microsoft.AspNetCore.Mvc.ObjectResult in 135.3657ms.
Activity.StartTime:          2026-06-08T01:29:07.5946677Z
Activity.Duration:           00:00:00.1732856
[22:29:07 INF] Request starting HTTP/1.1 POST http://localhost/api/auth/email/resend-confirmation - application/json; charset=utf-8 null
Activity.Tags:
(2026-06-08T01:29:07.3357944Z, 2026-06-08T01:29:07.7298627Z] http.request.method: POST http.response.status_code: 400 http.route: api/auth/email/confirm/{code} network.protocol.version: 1.1 url.scheme: http
Value: Sum: 0.2404755 Count: 2 Min: 0.0280381 Max: 0.2124374 
(-Infinity,0,005]:0
(0,005,0,01]:0
(0,01,0,025]:0
(0,025,0,05]:1
(0,05,0,075]:0
(0,075,0,1]:0
(0,1,0,25]:1
(0,25,0,5]:0
(0,5,0,75]:0
(0,75,1]:0
(1,2,5]:0
(2,5,5]:0
(5,7,5]:0
(7,5,10]:0
(10,+Infinity]:0
    server.address: localhost
    http.request.method: POST
    url.scheme: http
    url.path: /api/auth/register/customer
    network.protocol.version: 1.1
    http.route: api/auth/register/customer
    http.response.status_code: 201
Instrumentation scope (ActivitySource):
    Name: Microsoft.AspNetCore
(2026-06-08T01:29:07.3357944Z, 2026-06-08T01:29:07.7298627Z] http.request.method: POST http.response.status_code: 400 http.route: api/auth/email/resend-confirmation network.protocol.version: 1.1 url.scheme: http
Value: Sum: 0.2919295 Count: 2 Min: 0.0771669 Max: 0.2147626 
(-Infinity,0,005]:0
(0,005,0,01]:0
(0,01,0,025]:0
(0,025,0,05]:0
(0,05,0,075]:0
(0,075,0,1]:1
(0,1,0,25]:1
(0,25,0,5]:0
(0,5,0,75]:0
(0,75,1]:0
(1,2,5]:0
(2,5,5]:0
(5,7,5]:0
(7,5,10]:0
(10,+Infinity]:0
Resource associated with Activity:
    telemetry.sdk.name: opentelemetry
    telemetry.sdk.language: dotnet
    telemetry.sdk.version: 1.14.0
    service.name: unknown_service:testhost
[22:29:07 INF] Executing ObjectResult, writing value of type 'Urbeat.Application.DTOs.StoreResponseDto'.
Activity.TraceId:            04f539745098b0c007721edcf6f04692
Activity.SpanId:             29d06e51018bd1fa
[22:29:07 INF] Executing ObjectResult, writing value of type 'Urbeat.Application.DTOs.StoreResponseDto'.
Activity.TraceId:            9b2e296b1fd2663c2f42995787eefd21
Activity.SpanId:             a426b6041ca1ffe5
(2026-06-08T01:29:07.3357944Z, 2026-06-08T01:29:07.7298627Z] http.request.method: POST http.response.status_code: 200 http.route: api/auth/login/seller network.protocol.version: 1.1 url.scheme: http
Value: Sum: 0.558311 Count: 2 Min: 0.2606147 Max: 0.2976963 
(-Infinity,0,005]:0
(0,005,0,01]:0
(0,01,0,025]:0
(0,025,0,05]:0
(0,05,0,075]:0
(0,075,0,1]:0
(0,1,0,25]:0
(0,25,0,5]:2
(0,5,0,75]:0
(0,75,1]:0
(1,2,5]:0
(2,5,5]:0
(5,7,5]:0
(7,5,10]:0
(10,+Infinity]:0
Activity.TraceFlags:         Recorded
Activity.DisplayName:        POST api/auth/register/customer
Activity.TraceFlags:         Recorded
Activity.Kind:               Server
Activity.DisplayName:        POST api/customer/addresses
[22:29:07 INF] Executing ObjectResult, writing value of type 'Urbeat.Application.DTOs.StoreResponseDto'.
Activity.Kind:               Server
(2026-06-08T01:29:07.3357944Z, 2026-06-08T01:29:07.7298627Z] http.request.method: PUT http.response.status_code: 200 http.route: api/admin/plans/{planId} network.protocol.version: 1.1 url.scheme: http
Value: Sum: 0.0809147 Count: 1 Min: 0.0809147 Max: 0.0809147 
(-Infinity,0,005]:0
(0,005,0,01]:0
(0,01,0,025]:0
(0,025,0,05]:0
(0,05,0,075]:0
(0,075,0,1]:1
(0,1,0,25]:0
(0,25,0,5]:0
(0,5,0,75]:0
(0,75,1]:0
(1,2,5]:0
(2,5,5]:0
(5,7,5]:0
(7,5,10]:0
(10,+Infinity]:0
Activity.StartTime:          2026-06-08T01:29:07.5946677Z
Activity.StartTime:          2026-06-08T01:29:07.4141445Z
Activity.Duration:           00:00:00.1732856
Activity.Duration:           00:00:00.3538598
Activity.Tags:
Activity.Tags:
[22:29:07 INF] Executing ObjectResult, writing value of type 'Urbeat.Application.DTOs.StoreResponseDto'.
    server.address: localhost
[22:29:07 INF] Executing ObjectResult, writing value of type 'Urbeat.Application.DTOs.StoreResponseDto'.
    http.request.method: POST
    url.scheme: http
    url.path: /api/customer/addresses
    network.protocol.version: 1.1
    http.route: api/customer/addresses
    server.address: localhost
    http.response.status_code: 201
    http.request.method: POST
    url.scheme: http
    url.path: /api/auth/register/customer
Instrumentation scope (ActivitySource):
    network.protocol.version: 1.1
    Name: Microsoft.AspNetCore
    http.route: api/auth/register/customer
Resource associated with Activity:
    http.response.status_code: 201
    telemetry.sdk.name: opentelemetry
Instrumentation scope (ActivitySource):
    telemetry.sdk.language: dotnet
    Name: Microsoft.AspNetCore
(2026-06-08T01:29:07.3357944Z, 2026-06-08T01:29:07.7298627Z] http.request.method: PATCH http.response.status_code: 200 http.route: api/admin/plans/{planId}/status network.protocol.version: 1.1 url.scheme: http
Value: Sum: 0.0077534 Count: 1 Min: 0.0077534 Max: 0.0077534 
(-Infinity,0,005]:0
(0,005,0,01]:1
(0,01,0,025]:0
(0,025,0,05]:0
(0,05,0,075]:0
(0,075,0,1]:0
(0,1,0,25]:0
(0,25,0,5]:0
(0,5,0,75]:0
(0,75,1]:0
(1,2,5]:0
(2,5,5]:0
(5,7,5]:0
(7,5,10]:0
(10,+Infinity]:0
Resource associated with Activity:
    telemetry.sdk.name: opentelemetry
    telemetry.sdk.version: 1.14.0
    telemetry.sdk.language: dotnet
    telemetry.sdk.version: 1.14.0
    service.name: unknown_service:testhost
    service.name: unknown_service:testhost
Activity.TraceId:            04f539745098b0c007721edcf6f04692
Activity.SpanId:             29d06e51018bd1fa
Activity.TraceId:            9b2e296b1fd2663c2f42995787eefd21
(2026-06-08T01:29:07.3357944Z, 2026-06-08T01:29:07.7298627Z] http.request.method: GET http.response.status_code: 200 http.route: /health network.protocol.version: 1.1 url.scheme: http
Value: Sum: 0.0093709 Count: 1 Min: 0.0093709 Max: 0.0093709 
(-Infinity,0,005]:0
(0,005,0,01]:1
(0,01,0,025]:0
(0,025,0,05]:0
(0,05,0,075]:0
(0,075,0,1]:0
(0,1,0,25]:0
(0,25,0,5]:0
(0,5,0,75]:0
(0,75,1]:0
(1,2,5]:0
(2,5,5]:0
(5,7,5]:0
(7,5,10]:0
(10,+Infinity]:0
Activity.TraceFlags:         Recorded
Activity.SpanId:             a426b6041ca1ffe5
Activity.DisplayName:        POST api/customer/addresses
Activity.TraceFlags:         Recorded
Activity.Kind:               Server
Activity.DisplayName:        POST api/auth/register/customer
Activity.Kind:               Server
Activity.StartTime:          2026-06-08T01:29:07.4141445Z
Activity.Duration:           00:00:00.3538598
Activity.StartTime:          2026-06-08T01:29:07.5946677Z
(2026-06-08T01:29:07.3357944Z, 2026-06-08T01:29:07.7298627Z] http.request.method: POST http.response.status_code: 400 http.route: api/stores network.protocol.version: 1.1 url.scheme: http
Value: Sum: 0.2476041 Count: 1 Min: 0.2476041 Max: 0.2476041 
(-Infinity,0,005]:0
(0,005,0,01]:0
(0,01,0,025]:0
(0,025,0,05]:0
(0,05,0,075]:0
(0,075,0,1]:0
(0,1,0,25]:1
(0,25,0,5]:0
(0,5,0,75]:0
(0,75,1]:0
(1,2,5]:0
(2,5,5]:0
(5,7,5]:0
(7,5,10]:0
(10,+Infinity]:0
[22:29:07 INF] Executing action method Urbeat.WebApi.Controllers.AdminController.ListPlans (Urbeat.WebApi) - Validation state: Valid
Activity.Tags:
Activity.Duration:           00:00:00.1732856
    server.address: localhost
Activity.Tags:
    http.request.method: POST
    server.address: localhost
    url.scheme: http
    http.request.method: POST
(2026-06-08T01:29:07.3357944Z, 2026-06-08T01:29:07.7298627Z] http.request.method: GET http.response.status_code: 200 http.route: api/stores/cuisine-types network.protocol.version: 1.1 url.scheme: http
Value: Sum: 0.1734619 Count: 1 Min: 0.1734619 Max: 0.1734619 
(-Infinity,0,005]:0
(0,005,0,01]:0
(0,01,0,025]:0
(0,025,0,05]:0
(0,05,0,075]:0
(0,075,0,1]:0
(0,1,0,25]:1
(0,25,0,5]:0
(0,5,0,75]:0
(0,75,1]:0
(1,2,5]:0
(2,5,5]:0
(5,7,5]:0
(7,5,10]:0
(10,+Infinity]:0
[22:29:07 INF] Executing endpoint 'Urbeat.WebApi.Controllers.AuthController.ResendEmailConfirmation (Urbeat.WebApi)'
Metric Name: dotnet.gc.collections, Description: The number of garbage collections that have occurred since the process has started., Unit: {collection}, Metric Type: LongSum
Instrumentation scope (Meter):
	Name: System.Runtime
    url.path: /api/customer/addresses
    network.protocol.version: 1.1
    url.scheme: http
    http.route: api/customer/addresses
    url.path: /api/auth/register/customer
    http.response.status_code: 201
    network.protocol.version: 1.1
Instrumentation scope (ActivitySource):
    http.route: api/auth/register/customer
    Name: Microsoft.AspNetCore
    http.response.status_code: 201
Resource associated with Activity:
Instrumentation scope (ActivitySource):
    telemetry.sdk.name: opentelemetry
    Name: Microsoft.AspNetCore
    telemetry.sdk.language: dotnet
Resource associated with Activity:
    telemetry.sdk.version: 1.14.0
    telemetry.sdk.name: opentelemetry
    service.name: unknown_service:testhost
    telemetry.sdk.language: dotnet
    telemetry.sdk.version: 1.14.0
    service.name: unknown_service:testhost
(2026-06-08T01:29:07.3359562Z, 2026-06-08T01:29:07.7298639Z] gc.heap.generation: gen2
Value: 5
Activity.TraceId:            9b2e296b1fd2663c2f42995787eefd21
Activity.TraceId:            04f539745098b0c007721edcf6f04692
(2026-06-08T01:29:07.3359562Z, 2026-06-08T01:29:07.7298639Z] gc.heap.generation: gen1
Value: 8
Activity.SpanId:             29d06e51018bd1fa
Activity.SpanId:             a426b6041ca1ffe5
Activity.TraceFlags:         Recorded
Activity.TraceFlags:         Recorded
Activity.DisplayName:        POST api/customer/addresses
(2026-06-08T01:29:07.3359562Z, 2026-06-08T01:29:07.7298639Z] gc.heap.generation: gen0
Value: 24
Activity.Kind:               Server
Metric Name: dotnet.process.memory.working_set, Description: The number of bytes of physical memory mapped to the process context., Unit: By, Metric Type: LongSumNonMonotonic
Activity.DisplayName:        POST api/auth/register/customer
Instrumentation scope (Meter):
Activity.StartTime:          2026-06-08T01:29:07.4141445Z
Activity.Kind:               Server
Activity.Duration:           00:00:00.3538598
	Name: System.Runtime
Activity.Tags:
Activity.StartTime:          2026-06-08T01:29:07.5946677Z
(2026-06-08T01:29:07.3359747Z, 2026-06-08T01:29:07.7298642Z]  
Value: 266600448
Activity.Duration:           00:00:00.1732856
Metric Name: dotnet.gc.heap.total_allocated, Description: The approximate number of bytes allocated on the managed GC heap since the process has started. The returned value does not include any native allocations., Unit: By, Metric Type: LongSum
Instrumentation scope (Meter):
	Name: System.Runtime
Activity.Tags:
    server.address: localhost
    server.address: localhost
[22:29:07 INF] Route matched with {action = "ResendEmailConfirmation", controller = "Auth"}. Executing controller action with signature System.Threading.Tasks.Task`1[Microsoft.AspNetCore.Mvc.IActionResult] ResendEmailConfirmation(Urbeat.Application.DTOs.ResendEmailConfirmationRequestDto, System.Threading.CancellationToken) on controller Urbeat.WebApi.Controllers.AuthController (Urbeat.WebApi).
    http.request.method: POST
    url.scheme: http
    url.path: /api/auth/register/customer
    network.protocol.version: 1.1
    http.route: api/auth/register/customer
(2026-06-08T01:29:07.3359946Z, 2026-06-08T01:29:07.7298645Z]  
Value: 259596712
    http.response.status_code: 201
Instrumentation scope (ActivitySource):
Metric Name: dotnet.gc.last_collection.memory.committed_size, Description: The amount of committed virtual memory in use by the .NET GC, as observed during the latest garbage collection., Unit: By, Metric Type: LongSumNonMonotonic
    Name: Microsoft.AspNetCore
    http.request.method: POST
Resource associated with Activity:
Instrumentation scope (Meter):
    url.scheme: http
	Name: System.Runtime
    telemetry.sdk.name: opentelemetry
    url.path: /api/customer/addresses
    telemetry.sdk.language: dotnet
    network.protocol.version: 1.1
    telemetry.sdk.version: 1.14.0
(2026-06-08T01:29:07.3360065Z, 2026-06-08T01:29:07.7298648Z]  
Value: 113287168
    http.route: api/customer/addresses
    http.response.status_code: 201
    service.name: unknown_service:testhost
Instrumentation scope (ActivitySource):
    Name: Microsoft.AspNetCore
Resource associated with Activity:
Activity.TraceId:            9b2e296b1fd2663c2f42995787eefd21
Activity.SpanId:             a426b6041ca1ffe5
Metric Name: dotnet.gc.last_collection.heap.size, Description: The managed GC heap size (including fragmentation), as observed during the latest garbage collection., Unit: By, Metric Type: LongSumNonMonotonic
Activity.TraceFlags:         Recorded
Instrumentation scope (Meter):
Activity.DisplayName:        POST api/auth/register/customer
    telemetry.sdk.name: opentelemetry
	Name: System.Runtime
Activity.Kind:               Server
    telemetry.sdk.language: dotnet
    telemetry.sdk.version: 1.14.0
    service.name: unknown_service:testhost
[22:29:07 INF] Request finished HTTP/1.1 POST http://localhost/api/auth/email/confirm/ - 415 null application/problem+json; charset=utf-8 105.4365ms
Activity.StartTime:          2026-06-08T01:29:07.5946677Z
(2026-06-08T01:29:07.3360196Z, 2026-06-08T01:29:07.7298654Z] gc.heap.generation: gen0
Value: 0
Activity.Duration:           00:00:00.1732856
(2026-06-08T01:29:07.3360196Z, 2026-06-08T01:29:07.7298654Z] gc.heap.generation: gen1
Value: 7721392
Activity.Tags:
    server.address: localhost
(2026-06-08T01:29:07.3360196Z, 2026-06-08T01:29:07.7298654Z] gc.heap.generation: gen2
Value: 41078976
    http.request.method: POST
(2026-06-08T01:29:07.3360196Z, 2026-06-08T01:29:07.7298654Z] gc.heap.generation: loh
Value: 56494880
Activity.TraceId:            04f539745098b0c007721edcf6f04692
(2026-06-08T01:29:07.3360196Z, 2026-06-08T01:29:07.7298654Z] gc.heap.generation: poh
Value: 123736
    url.scheme: http
Activity.SpanId:             29d06e51018bd1fa
    url.path: /api/auth/register/customer
Metric Name: dotnet.gc.last_collection.heap.fragmentation.size, Description: The heap fragmentation, as observed during the latest garbage collection., Unit: By, Metric Type: LongSumNonMonotonic
    network.protocol.version: 1.1
Instrumentation scope (Meter):
    http.route: api/auth/register/customer
Activity.TraceFlags:         Recorded
	Name: System.Runtime
Activity.DisplayName:        POST api/customer/addresses
    http.response.status_code: 201
Activity.Kind:               Server
Instrumentation scope (ActivitySource):
(2026-06-08T01:29:07.3360320Z, 2026-06-08T01:29:07.7298659Z] gc.heap.generation: gen0
Value: 0
    Name: Microsoft.AspNetCore
Activity.StartTime:          2026-06-08T01:29:07.4141445Z
Resource associated with Activity:
Activity.Duration:           00:00:00.3538598
(2026-06-08T01:29:07.3360320Z, 2026-06-08T01:29:07.7298659Z] gc.heap.generation: gen1
Value: 776112
    telemetry.sdk.name: opentelemetry
Activity.Tags:
(2026-06-08T01:29:07.3360320Z, 2026-06-08T01:29:07.7298659Z] gc.heap.generation: gen2
Value: 1607496
    telemetry.sdk.language: dotnet
(2026-06-08T01:29:07.3360320Z, 2026-06-08T01:29:07.7298659Z] gc.heap.generation: loh
Value: 12640
    telemetry.sdk.version: 1.14.0
    server.address: localhost
    service.name: unknown_service:testhost
(2026-06-08T01:29:07.3360320Z, 2026-06-08T01:29:07.7298659Z] gc.heap.generation: poh
Value: 0
Activity.TraceId:            9b2e296b1fd2663c2f42995787eefd21
Metric Name: dotnet.gc.pause.time, Description: The total amount of time paused in GC since the process has started., Unit: s, Metric Type: DoubleSum
Instrumentation scope (Meter):
Activity.SpanId:             a426b6041ca1ffe5
	Name: System.Runtime
Activity.TraceFlags:         Recorded
(2026-06-08T01:29:07.3360482Z, 2026-06-08T01:29:07.7298664Z]  
Value: 0.305056
Activity.DisplayName:        POST api/auth/register/customer
Metric Name: dotnet.jit.compiled_il.size, Description: Count of bytes of intermediate language that have been compiled since the process has started., Unit: By, Metric Type: LongSum
Activity.Kind:               Server
Instrumentation scope (Meter):
	Name: System.Runtime
    http.request.method: POST
Activity.StartTime:          2026-06-08T01:29:07.5946677Z
    url.scheme: http
Activity.Duration:           00:00:00.1732856
(2026-06-08T01:29:07.3360597Z, 2026-06-08T01:29:07.7298666Z]  
Value: 1624897
    url.path: /api/customer/addresses
Metric Name: dotnet.jit.compiled_methods, Description: The number of times the JIT compiler (re)compiled methods since the process has started., Unit: {method}, Metric Type: LongSum
Instrumentation scope (Meter):
	Name: System.Runtime
Activity.Tags:
    network.protocol.version: 1.1
    server.address: localhost
    http.route: api/customer/addresses
    http.request.method: POST
    http.response.status_code: 201
    url.scheme: http
Instrumentation scope (ActivitySource):
(2026-06-08T01:29:07.3360752Z, 2026-06-08T01:29:07.7298672Z]  
Value: 27044
    Name: Microsoft.AspNetCore
Metric Name: dotnet.jit.compilation.time, Description: The number of times the JIT compiler (re)compiled methods since the process has started., Unit: s, Metric Type: DoubleSum
Instrumentation scope (Meter):
    url.path: /api/auth/register/customer
	Name: System.Runtime
    network.protocol.version: 1.1
    http.route: api/auth/register/customer
    http.response.status_code: 201
Instrumentation scope (ActivitySource):
Resource associated with Activity:
    Name: Microsoft.AspNetCore
(2026-06-08T01:29:07.3360865Z, 2026-06-08T01:29:07.7298677Z]  
Value: 4.08167
Resource associated with Activity:
    telemetry.sdk.name: opentelemetry
Metric Name: dotnet.monitor.lock_contentions, Description: The number of times there was contention when trying to acquire a monitor lock since the process has started., Unit: {contention}, Metric Type: LongSum
    telemetry.sdk.language: dotnet
Instrumentation scope (Meter):
    telemetry.sdk.version: 1.14.0
	Name: System.Runtime
    service.name: unknown_service:testhost
    telemetry.sdk.name: opentelemetry
(2026-06-08T01:29:07.3360970Z, 2026-06-08T01:29:07.7298679Z]  
Value: 1482
Metric Name: dotnet.thread_pool.thread.count, Description: The number of thread pool threads that currently exist., Unit: {thread}, Metric Type: LongSum
    telemetry.sdk.language: dotnet
Activity.TraceId:            ddbb206a57ceb4715f932669203b91de
Instrumentation scope (Meter):
Activity.SpanId:             9d6fb81ed3b9a040
	Name: System.Runtime
    telemetry.sdk.version: 1.14.0
Activity.TraceFlags:         Recorded
    service.name: unknown_service:testhost
Activity.DisplayName:        POST api/auth/email/confirm
Activity.Kind:               Server
[22:29:07 INF] Executing action method Urbeat.WebApi.Controllers.AuthController.ResendEmailConfirmation (Urbeat.WebApi) - Validation state: Valid
Activity.StartTime:          2026-06-08T01:29:07.6633786Z
Activity.TraceId:            9b2e296b1fd2663c2f42995787eefd21
Activity.Duration:           00:00:00.1056758
(2026-06-08T01:29:07.3361109Z, 2026-06-08T01:29:07.7298682Z]  
Value: 17
Activity.Tags:
Activity.SpanId:             a426b6041ca1ffe5
Metric Name: dotnet.thread_pool.work_item.count, Description: The number of work items that the thread pool has completed since the process has started., Unit: {work_item}, Metric Type: LongSum
    server.address: localhost
Instrumentation scope (Meter):
    http.request.method: POST
Activity.TraceFlags:         Recorded
Activity.TraceId:            04f539745098b0c007721edcf6f04692
Activity.DisplayName:        POST api/auth/register/customer
Activity.SpanId:             29d06e51018bd1fa
[xUnit.net 00:00:04.90]       Expected response.StatusCode to be HttpStatusCode.MethodNotAllowed {value: 405}, but found HttpStatusCode.UnsupportedMediaType {value: 415}.
Activity.Kind:               Server
Activity.TraceFlags:         Recorded
Activity.DisplayName:        POST api/customer/addresses
Activity.StartTime:          2026-06-08T01:29:07.5946677Z
    url.scheme: http
Activity.Duration:           00:00:00.1732856
Activity.Kind:               Server
Activity.Tags:
    url.path: /api/auth/email/confirm/
    server.address: localhost
    network.protocol.version: 1.1
    http.request.method: POST
    http.route: api/auth/email/confirm
    url.scheme: http
Activity.StartTime:          2026-06-08T01:29:07.4141445Z
    url.path: /api/auth/register/customer
[xUnit.net 00:00:04.90]       Stack Trace:
Activity.Duration:           00:00:00.3538598
    network.protocol.version: 1.1
Activity.Tags:
    http.response.status_code: 415
    server.address: localhost
    http.route: api/auth/register/customer
Instrumentation scope (ActivitySource):
    http.request.method: POST
    Name: Microsoft.AspNetCore
    http.response.status_code: 201
Resource associated with Activity:
Instrumentation scope (ActivitySource):
    Name: Microsoft.AspNetCore
	Name: System.Runtime
    url.scheme: http
[xUnit.net 00:00:04.90]            at FluentAssertions.Execution.LateBoundTestFramework.Throw(String message)
[xUnit.net 00:00:04.90]            at FluentAssertions.Execution.DefaultAssertionStrategy.HandleFailure(String message)
[xUnit.net 00:00:04.90]            at FluentAssertions.Execution.AssertionScope.AddPreFormattedFailure(String formattedFailureMessage)
[xUnit.net 00:00:04.90]            at FluentAssertions.Execution.AssertionChain.FailWith(Func`1 getFailureReason)
    telemetry.sdk.name: opentelemetry
[xUnit.net 00:00:04.90]            at FluentAssertions.Execution.AssertionChain.FailWith(Func`1 getFailureReason)
    url.path: /api/customer/addresses
[xUnit.net 00:00:04.90]            at FluentAssertions.Execution.AssertionChain.FailWith(String message, Object[] args)
(2026-06-08T01:29:07.3361200Z, 2026-06-08T01:29:07.7298685Z]  
Value: 526
    network.protocol.version: 1.1
    telemetry.sdk.language: dotnet
    http.route: api/customer/addresses
    telemetry.sdk.version: 1.14.0
Metric Name: dotnet.thread_pool.queue.length, Description: The number of work items that are currently queued to be processed by the thread pool., Unit: {work_item}, Metric Type: LongSum
    http.response.status_code: 201
[xUnit.net 00:00:04.90]            at FluentAssertions.Primitives.EnumAssertions`2.Be(TEnum expected, String because, Object[] becauseArgs)
[22:29:07 INF] Executed action method Urbeat.WebApi.Controllers.AuthController.ResendEmailConfirmation (Urbeat.WebApi), returned result Microsoft.AspNetCore.Mvc.OkObjectResult in 1.2941ms.
Instrumentation scope (ActivitySource):
    Name: Microsoft.AspNetCore
Resource associated with Activity:
    telemetry.sdk.name: opentelemetry
Resource associated with Activity:
[22:29:07 INF] Executed action Urbeat.WebApi.Controllers.StoresController.Create (Urbeat.WebApi) in 286.0133ms
    telemetry.sdk.name: opentelemetry
    telemetry.sdk.language: dotnet
    telemetry.sdk.version: 1.14.0
    service.name: unknown_service:testhost
Instrumentation scope (Meter):
[22:29:07 INF] Executed action Urbeat.WebApi.Controllers.StoresController.Create (Urbeat.WebApi) in 225.2748ms
	Name: System.Runtime
Activity.TraceId:            9b2e296b1fd2663c2f42995787eefd21
[22:29:07 INF] Executed action Urbeat.WebApi.Controllers.StoresController.Create (Urbeat.WebApi) in 322.653ms
    service.name: unknown_service:testhost
[xUnit.net 00:00:04.90]         C:\Projetos\urbeat\backend\tests\Urbeat.IntegrationTests\Api\EmailConfirmationFlowTests.cs(203,0): at Urbeat.IntegrationTests.Api.EmailConfirmationFlowTests.ConfirmEmail_WithEmptyToken_ShouldReturnValidationError()
(2026-06-08T01:29:07.3361300Z, 2026-06-08T01:29:07.7298688Z]  
Value: 7
    telemetry.sdk.language: dotnet
Metric Name: dotnet.timer.count, Description: The number of timer instances that are currently active. An active timer is registered to tick at some point in the future and has not yet been canceled., Unit: {timer}, Metric Type: LongSumNonMonotonic
Activity.TraceId:            ddbb206a57ceb4715f932669203b91de
    telemetry.sdk.version: 1.14.0
Activity.SpanId:             9d6fb81ed3b9a040
    service.name: unknown_service:testhost
Instrumentation scope (Meter):
Activity.TraceFlags:         Recorded
	Name: System.Runtime
Activity.DisplayName:        POST api/auth/email/confirm
Activity.Kind:               Server
[22:29:07 INF] Executed action Urbeat.WebApi.Controllers.StoresController.Create (Urbeat.WebApi) in 322.6214ms
Activity.StartTime:          2026-06-08T01:29:07.6633786Z
[xUnit.net 00:00:04.90]         --- End of stack trace from previous location ---
Activity.SpanId:             a426b6041ca1ffe5
Activity.Duration:           00:00:00.1056758
Activity.TraceFlags:         Recorded
Activity.Tags:
Activity.DisplayName:        POST api/auth/register/customer
    server.address: localhost
Activity.Kind:               Server
[22:29:07 INF] Executed action Urbeat.WebApi.Controllers.StoresController.Create (Urbeat.WebApi) in 285.993ms
    http.request.method: POST
    url.scheme: http
Activity.TraceId:            04f539745098b0c007721edcf6f04692
    url.path: /api/auth/email/confirm/
Activity.StartTime:          2026-06-08T01:29:07.5946677Z
[22:29:07 INF] Executed endpoint 'Urbeat.WebApi.Controllers.StoresController.Create (Urbeat.WebApi)'
Activity.SpanId:             29d06e51018bd1fa
    network.protocol.version: 1.1
Activity.Duration:           00:00:00.1732856
Activity.TraceFlags:         Recorded
    http.route: api/auth/email/confirm
Activity.Tags:
Activity.DisplayName:        POST api/customer/addresses
    http.response.status_code: 415
Activity.Kind:               Server
[22:29:07 INF] Executed action method Urbeat.WebApi.Controllers.AdminController.ListPlans (Urbeat.WebApi), returned result Microsoft.AspNetCore.Mvc.OkObjectResult in 8.906ms.
Instrumentation scope (ActivitySource):
Activity.StartTime:          2026-06-08T01:29:07.4141445Z
[22:29:07 INF] Executed endpoint 'Urbeat.WebApi.Controllers.StoresController.Create (Urbeat.WebApi)'
Activity.Duration:           00:00:00.3538598
    Name: Microsoft.AspNetCore
Activity.Tags:
Resource associated with Activity:
    server.address: localhost
    telemetry.sdk.name: opentelemetry
[22:29:07 INF] Executed endpoint 'Urbeat.WebApi.Controllers.StoresController.Create (Urbeat.WebApi)'
    http.request.method: POST
    telemetry.sdk.language: dotnet
    url.scheme: http
    telemetry.sdk.version: 1.14.0
    url.path: /api/customer/addresses
(2026-06-08T01:29:07.3361497Z, 2026-06-08T01:29:07.7298692Z]  
Value: 30
    network.protocol.version: 1.1
Metric Name: dotnet.assembly.count, Description: The number of .NET assemblies that are currently loaded., Unit: {assembly}, Metric Type: LongSumNonMonotonic
    http.route: api/customer/addresses
    server.address: localhost
Instrumentation scope (Meter):
    http.response.status_code: 201
	Name: System.Runtime
    http.request.method: POST
Instrumentation scope (ActivitySource):
    url.scheme: http
    Name: Microsoft.AspNetCore
    url.path: /api/auth/register/customer
(2026-06-08T01:29:07.3361611Z, 2026-06-08T01:29:07.7298695Z]  
Value: 262
Resource associated with Activity:
    network.protocol.version: 1.1
Metric Name: dotnet.exceptions, Description: The number of exceptions that have been thrown in managed code., Unit: {exception}, Metric Type: LongSum
    telemetry.sdk.name: opentelemetry
Instrumentation scope (Meter):
    telemetry.sdk.language: dotnet
	Name: System.Runtime
    http.route: api/auth/register/customer
    telemetry.sdk.version: 1.14.0
(2026-06-08T01:29:07.3361719Z, 2026-06-08T01:29:07.7298699Z] error.type: FileNotFoundException
Value: 1
    service.name: unknown_service:testhost
(2026-06-08T01:29:07.3361719Z, 2026-06-08T01:29:07.7298699Z] error.type: XunitException
Value: 8
    http.response.status_code: 201
(2026-06-08T01:29:07.3361719Z, 2026-06-08T01:29:07.7298699Z] error.type: OperationCanceledException
Value: 7
Instrumentation scope (ActivitySource):
Metric Name: dotnet.process.cpu.count, Description: The number of processors available to the process., Unit: {cpu}, Metric Type: LongSumNonMonotonic
Instrumentation scope (Meter):
Activity.TraceId:            04f539745098b0c007721edcf6f04692
    Name: Microsoft.AspNetCore
	Name: System.Runtime
Activity.SpanId:             29d06e51018bd1fa
Resource associated with Activity:
(2026-06-08T01:29:07.3361849Z, 2026-06-08T01:29:07.7298701Z]  
Value: 12
    telemetry.sdk.name: opentelemetry
Activity.TraceFlags:         Recorded
Metric Name: dotnet.process.cpu.time, Description: CPU time used by the process., Unit: s, Metric Type: DoubleSum
    telemetry.sdk.language: dotnet
Activity.DisplayName:        POST api/customer/addresses
    telemetry.sdk.version: 1.14.0
Activity.Kind:               Server
    service.name: unknown_service:testhost
Instrumentation scope (Meter):
Activity.StartTime:          2026-06-08T01:29:07.4141445Z
	Name: System.Runtime
Activity.Duration:           00:00:00.3538598
Activity.TraceId:            9b2e296b1fd2663c2f42995787eefd21
Activity.Tags:
Activity.SpanId:             a426b6041ca1ffe5
    server.address: localhost
(2026-06-08T01:29:07.3361966Z, 2026-06-08T01:29:07.7298704Z] cpu.mode: user
Value: 9.78125
    http.request.method: POST
(2026-06-08T01:29:07.3361966Z, 2026-06-08T01:29:07.7298704Z] cpu.mode: system
Value: 2.109375
[22:29:07 INF] Request finished HTTP/1.1 POST http://localhost/api/stores - 201 null application/json; charset=utf-8 471.6465ms
    url.scheme: http
Metric Name: aspnetcore.routing.match_attempts, Description: Number of requests that were attempted to be matched to an endpoint., Unit: {match_attempt}, Metric Type: LongSum
    url.path: /api/customer/addresses
Instrumentation scope (Meter):
    network.protocol.version: 1.1
	Name: Microsoft.AspNetCore.Routing
    http.route: api/customer/addresses
    http.response.status_code: 201
(2026-06-08T01:29:07.3362268Z, 2026-06-08T01:29:07.7298714Z] aspnetcore.routing.is_fallback: false aspnetcore.routing.match_status: success http.route: api/stores
Value: 6
Instrumentation scope (ActivitySource):
(2026-06-08T01:29:07.3362268Z, 2026-06-08T01:29:07.7298714Z] aspnetcore.routing.is_fallback: false aspnetcore.routing.match_status: success http.route: api/customer/addresses
Value: 1
    service.name: unknown_service:testhost
(2026-06-08T01:29:07.3362268Z, 2026-06-08T01:29:07.7298714Z] aspnetcore.routing.is_fallback: false aspnetcore.routing.match_status: success http.route: api/auth/email/resend-confirmation
Value: 1
(2026-06-08T01:29:07.3362268Z, 2026-06-08T01:29:07.7298714Z] aspnetcore.routing.is_fallback: false aspnetcore.routing.match_status: success http.route: api/stores/cuisine-types
Value: 1
(2026-06-08T01:29:07.3362268Z, 2026-06-08T01:29:07.7298714Z] aspnetcore.routing.is_fallback: false aspnetcore.routing.match_status: success http.route: api/admin/plans/{planId}
Value: 1
Activity.TraceFlags:         Recorded
Activity.TraceId:            ddbb206a57ceb4715f932669203b91de
(2026-06-08T01:29:07.3362268Z, 2026-06-08T01:29:07.7298714Z] aspnetcore.routing.is_fallback: false aspnetcore.routing.match_status: success http.route: api/auth/email/confirm/{code}
Value: 1
Activity.SpanId:             9d6fb81ed3b9a040
Activity.DisplayName:        POST api/auth/register/customer
Activity.TraceFlags:         Recorded
(2026-06-08T01:29:07.3362268Z, 2026-06-08T01:29:07.7298714Z] aspnetcore.routing.is_fallback: false aspnetcore.routing.match_status: success http.route: api/auth/register/customer
Value: 1
Activity.Kind:               Server
Activity.DisplayName:        POST api/auth/email/confirm
(2026-06-08T01:29:07.3362268Z, 2026-06-08T01:29:07.7298714Z] aspnetcore.routing.is_fallback: false aspnetcore.routing.match_status: success http.route: api/admin/plans/{planId}/status
Value: 1
Activity.Kind:               Server
Activity.StartTime:          2026-06-08T01:29:07.5946677Z
(2026-06-08T01:29:07.3362268Z, 2026-06-08T01:29:07.7298714Z] aspnetcore.routing.is_fallback: false aspnetcore.routing.match_status: success http.route: api/auth/email/confirm
Value: 1
Activity.Duration:           00:00:00.1732856
(2026-06-08T01:29:07.3362268Z, 2026-06-08T01:29:07.7298714Z] aspnetcore.routing.is_fallback: false aspnetcore.routing.match_status: success http.route: api/admin/plans
Value: 1
Activity.Tags:
Activity.StartTime:          2026-06-08T01:29:07.6633786Z
Metric Name: aspnetcore.routing.match_attempts, Description: Number of requests that were attempted to be matched to an endpoint., Unit: {match_attempt}, Metric Type: LongSum
Instrumentation scope (Meter):
    server.address: localhost
Activity.Duration:           00:00:00.1056758
    http.request.method: POST
Activity.Tags:
    url.scheme: http
	Name: Microsoft.AspNetCore.Routing
    server.address: localhost
    url.path: /api/auth/register/customer
(2026-06-08T01:29:07.4205295Z, 2026-06-08T01:29:07.7298732Z] aspnetcore.routing.is_fallback: false aspnetcore.routing.match_status: success http.route: /health
Value: 1
    http.request.method: POST
    network.protocol.version: 1.1
    url.scheme: http
    http.route: api/auth/register/customer
    url.path: /api/auth/email/confirm/
    network.protocol.version: 1.1
    http.response.status_code: 201
    Name: Microsoft.AspNetCore
    http.route: api/auth/email/confirm
Resource associated with Activity:
    http.response.status_code: 415
Instrumentation scope (ActivitySource):
    Name: Microsoft.AspNetCore
Resource associated with Activity:
    telemetry.sdk.name: opentelemetry
    telemetry.sdk.name: opentelemetry
    telemetry.sdk.language: dotnet
    telemetry.sdk.language: dotnet
    telemetry.sdk.version: 1.14.0
    telemetry.sdk.version: 1.14.0
    service.name: unknown_service:testhost
[22:29:07 INF] Executed endpoint 'Urbeat.WebApi.Controllers.StoresController.Create (Urbeat.WebApi)'
    service.name: unknown_service:testhost
Activity.TraceId:            ddbb206a57ceb4715f932669203b91de
Activity.SpanId:             9d6fb81ed3b9a040
[22:29:07 INF] Executing OkObjectResult, writing value of type '<>f__AnonymousType7`3[[System.Boolean, System.Private.CoreLib, Version=9.0.0.0, Culture=neutral, PublicKeyToken=7cec85d7bea7798e],[System.Boolean, System.Private.CoreLib, Version=9.0.0.0, Culture=neutral, PublicKeyToken=7cec85d7bea7798e],[System.String, System.Private.CoreLib, Version=9.0.0.0, Culture=neutral, PublicKeyToken=7cec85d7bea7798e]]'.
Activity.TraceFlags:         Recorded
Activity.DisplayName:        POST api/auth/email/confirm
Instrumentation scope (ActivitySource):
Activity.Kind:               Server
    Name: Microsoft.AspNetCore
[22:29:07 INF] Executing OkObjectResult, writing value of type 'System.Collections.Generic.List`1[[Urbeat.Application.DTOs.PlanResponseDto, Urbeat.Application, Version=1.0.0.0, Culture=neutral, PublicKeyToken=null]]'.
Resource associated with Activity:
Activity.StartTime:          2026-06-08T01:29:07.6633786Z
    telemetry.sdk.name: opentelemetry
    telemetry.sdk.language: dotnet
    telemetry.sdk.version: 1.14.0
Activity.Duration:           00:00:00.1056758
Activity.TraceId:            04f539745098b0c007721edcf6f04692
[22:29:07 INF] Executed endpoint 'Urbeat.WebApi.Controllers.StoresController.Create (Urbeat.WebApi)'
    service.name: unknown_service:testhost
Activity.SpanId:             29d06e51018bd1fa
Activity.Tags:
Activity.TraceFlags:         Recorded
    server.address: localhost
Activity.TraceId:            9b2e296b1fd2663c2f42995787eefd21
Activity.DisplayName:        POST api/customer/addresses
Activity.SpanId:             a426b6041ca1ffe5
[22:29:07 INF] Request finished HTTP/1.1 POST http://localhost/api/stores - 201 null application/json; charset=utf-8 471.6885ms
    http.request.method: POST
Activity.Kind:               Server
    url.scheme: http
    url.path: /api/auth/email/confirm/
    network.protocol.version: 1.1
    http.route: api/auth/email/confirm
Activity.StartTime:          2026-06-08T01:29:07.4141445Z
Activity.TraceFlags:         Recorded
Activity.Duration:           00:00:00.3538598
Activity.DisplayName:        POST api/auth/register/customer
Activity.Tags:
Activity.Kind:               Server
    http.response.status_code: 415
[22:29:07 INF] Request finished HTTP/1.1 POST http://localhost/api/stores - 201 null application/json; charset=utf-8 391.0863ms
    server.address: localhost
Activity.StartTime:          2026-06-08T01:29:07.5946677Z
    http.request.method: POST
Activity.Duration:           00:00:00.1732856
    url.scheme: http
    url.path: /api/customer/addresses
[22:29:07 INF] Request finished HTTP/1.1 POST http://localhost/api/stores - 201 null application/json; charset=utf-8 294.8365ms
    network.protocol.version: 1.1
Activity.Tags:
    http.route: api/customer/addresses
    server.address: localhost
    http.request.method: POST
    http.response.status_code: 201
Instrumentation scope (ActivitySource):
Instrumentation scope (ActivitySource):
    Name: Microsoft.AspNetCore
    Name: Microsoft.AspNetCore
Resource associated with Activity:
Resource associated with Activity:
    url.scheme: http
    telemetry.sdk.name: opentelemetry
    telemetry.sdk.name: opentelemetry
    telemetry.sdk.language: dotnet
    telemetry.sdk.language: dotnet
    url.path: /api/auth/register/customer
    telemetry.sdk.version: 1.14.0
    telemetry.sdk.version: 1.14.0
    network.protocol.version: 1.1
    service.name: unknown_service:testhost
    http.route: api/auth/register/customer
    service.name: unknown_service:testhost
    http.response.status_code: 201
Instrumentation scope (ActivitySource):
[22:29:07 INF] Request finished HTTP/1.1 POST http://localhost/api/stores - 201 null application/json; charset=utf-8 393.1317ms
Activity.TraceId:            ddbb206a57ceb4715f932669203b91de
    Name: Microsoft.AspNetCore
Activity.SpanId:             9d6fb81ed3b9a040
Resource associated with Activity:
Activity.TraceFlags:         Recorded
Activity.DisplayName:        POST api/auth/email/confirm
    telemetry.sdk.name: opentelemetry
Activity.TraceId:            04f539745098b0c007721edcf6f04692
Activity.Kind:               Server
    telemetry.sdk.language: dotnet
Activity.SpanId:             29d06e51018bd1fa
    telemetry.sdk.version: 1.14.0
Activity.TraceFlags:         Recorded
Activity.StartTime:          2026-06-08T01:29:07.6633786Z
    service.name: unknown_service:testhost
Activity.Duration:           00:00:00.1056758
Activity.Tags:
Activity.DisplayName:        POST api/customer/addresses
    server.address: localhost
Activity.TraceId:            9b2e296b1fd2663c2f42995787eefd21
    http.request.method: POST
Activity.Kind:               Server
    url.scheme: http
Activity.SpanId:             a426b6041ca1ffe5
    url.path: /api/auth/email/confirm/
Activity.StartTime:          2026-06-08T01:29:07.4141445Z
    network.protocol.version: 1.1
Activity.TraceFlags:         Recorded
Activity.Duration:           00:00:00.3538598
    http.route: api/auth/email/confirm
Activity.Tags:
Activity.DisplayName:        POST api/auth/register/customer
    http.response.status_code: 415
    server.address: localhost
Activity.Kind:               Server
Instrumentation scope (ActivitySource):
    http.request.method: POST
Activity.StartTime:          2026-06-08T01:29:07.5946677Z
    url.scheme: http
Activity.Duration:           00:00:00.1732856
    Name: Microsoft.AspNetCore
Activity.Tags:
    url.path: /api/customer/addresses
Resource associated with Activity:
    network.protocol.version: 1.1
    server.address: localhost
    http.route: api/customer/addresses
    telemetry.sdk.name: opentelemetry
    http.response.status_code: 201
    http.request.method: POST
Instrumentation scope (ActivitySource):
    telemetry.sdk.language: dotnet
    Name: Microsoft.AspNetCore
    telemetry.sdk.version: 1.14.0
Resource associated with Activity:
    telemetry.sdk.name: opentelemetry
Activity.TraceId:            080abc856914e6f1138b9764feed92e4
    url.scheme: http
    telemetry.sdk.language: dotnet
Activity.SpanId:             60fa6d608166d8e2
    url.path: /api/auth/register/customer
Activity.TraceFlags:         Recorded
    telemetry.sdk.version: 1.14.0
    network.protocol.version: 1.1
    service.name: unknown_service:testhost
Activity.DisplayName:        POST api/stores
Activity.Kind:               Server
    http.route: api/auth/register/customer
Activity.TraceId:            04f539745098b0c007721edcf6f04692
Activity.StartTime:          2026-06-08T01:29:07.5127892Z
Activity.SpanId:             29d06e51018bd1fa
    http.response.status_code: 201
Activity.TraceFlags:         Recorded
Instrumentation scope (ActivitySource):
    service.name: unknown_service:testhost
    Name: Microsoft.AspNetCore
Activity.DisplayName:        POST api/customer/addresses
Activity.Duration:           00:00:00.2949724
Activity.Kind:               Server
Activity.Tags:
Resource associated with Activity:
Activity.TraceId:            ddbb206a57ceb4715f932669203b91de
Activity.StartTime:          2026-06-08T01:29:07.4141445Z
    server.address: localhost
Activity.SpanId:             9d6fb81ed3b9a040
    http.request.method: POST
Activity.TraceFlags:         Recorded
    telemetry.sdk.name: opentelemetry
Activity.DisplayName:        POST api/auth/email/confirm
    url.scheme: http
    telemetry.sdk.language: dotnet
    url.path: /api/stores
Activity.Kind:               Server
    telemetry.sdk.version: 1.14.0
    service.name: unknown_service:testhost
    network.protocol.version: 1.1
Activity.StartTime:          2026-06-08T01:29:07.6633786Z
    http.route: api/stores
Activity.Duration:           00:00:00.1056758
Activity.Tags:
    http.response.status_code: 201
    server.address: localhost
Instrumentation scope (ActivitySource):
    http.request.method: POST
    Name: Microsoft.AspNetCore
    url.scheme: http
Resource associated with Activity:
    url.path: /api/auth/email/confirm/
    telemetry.sdk.name: opentelemetry
    telemetry.sdk.language: dotnet
    network.protocol.version: 1.1
    telemetry.sdk.version: 1.14.0
    http.route: api/auth/email/confirm
    service.name: unknown_service:testhost
Activity.Duration:           00:00:00.3538598
    http.response.status_code: 415
Activity.Tags:
Instrumentation scope (ActivitySource):
    Name: Microsoft.AspNetCore
    server.address: localhost
Resource associated with Activity:
    http.request.method: POST
Activity.TraceId:            080abc856914e6f1138b9764feed92e4
    url.scheme: http
    telemetry.sdk.name: opentelemetry
Activity.SpanId:             60fa6d608166d8e2
    telemetry.sdk.language: dotnet
Activity.TraceFlags:         Recorded
    telemetry.sdk.version: 1.14.0
Activity.DisplayName:        POST api/stores
    service.name: unknown_service:testhost
Activity.TraceId:            13b174136782895e467155e71ea7d4be
Activity.Kind:               Server
Activity.SpanId:             972c6d0b18b0bd85
[22:29:07 INF] Executed action Urbeat.WebApi.Controllers.AdminController.ListPlans (Urbeat.WebApi) in 40.087ms
Activity.TraceFlags:         Recorded
Activity.StartTime:          2026-06-08T01:29:07.5127892Z
Activity.DisplayName:        POST api/stores
Activity.TraceId:            ddbb206a57ceb4715f932669203b91de
Activity.Kind:               Server
Activity.SpanId:             9d6fb81ed3b9a040
Activity.Duration:           00:00:00.2949724
Activity.TraceFlags:         Recorded
Activity.Tags:
    url.path: /api/customer/addresses
Activity.StartTime:          2026-06-08T01:29:07.4162974Z
    server.address: localhost
Activity.DisplayName:        POST api/auth/email/confirm
    http.request.method: POST
Activity.Duration:           00:00:00.3914645
Activity.Kind:               Server
    network.protocol.version: 1.1
Activity.Tags:
[22:29:07 INF] Executed endpoint 'Urbeat.WebApi.Controllers.AdminController.ListPlans (Urbeat.WebApi)'
    url.scheme: http
    server.address: localhost
    url.path: /api/stores
    http.request.method: POST
Activity.StartTime:          2026-06-08T01:29:07.6633786Z
    url.scheme: http
Activity.Duration:           00:00:00.1056758
    network.protocol.version: 1.1
    url.path: /api/stores
    http.route: api/stores
Activity.Tags:
    network.protocol.version: 1.1
    http.response.status_code: 201
    server.address: localhost
Instrumentation scope (ActivitySource):
    http.route: api/stores
    http.request.method: POST
    Name: Microsoft.AspNetCore
    url.scheme: http
    http.response.status_code: 201
[22:29:07 INF] Request starting HTTP/1.1 POST http://localhost/api/stores - application/json; charset=utf-8 null
Resource associated with Activity:
Instrumentation scope (ActivitySource):
    url.path: /api/auth/email/confirm/
    Name: Microsoft.AspNetCore
    telemetry.sdk.name: opentelemetry
Resource associated with Activity:
    network.protocol.version: 1.1
    telemetry.sdk.language: dotnet
    http.route: api/auth/email/confirm
    telemetry.sdk.name: opentelemetry
    http.response.status_code: 415
    telemetry.sdk.version: 1.14.0
    telemetry.sdk.language: dotnet
Instrumentation scope (ActivitySource):
    service.name: unknown_service:testhost
    telemetry.sdk.version: 1.14.0
    Name: Microsoft.AspNetCore
Resource associated with Activity:
    service.name: unknown_service:testhost
Activity.TraceId:            080abc856914e6f1138b9764feed92e4
Activity.SpanId:             60fa6d608166d8e2
    telemetry.sdk.name: opentelemetry
Activity.TraceFlags:         Recorded
    telemetry.sdk.language: dotnet
    telemetry.sdk.version: 1.14.0
    http.route: api/customer/addresses
    service.name: unknown_service:testhost
    http.response.status_code: 201
Instrumentation scope (ActivitySource):
Activity.TraceId:            13b174136782895e467155e71ea7d4be
Activity.TraceId:            ddbb206a57ceb4715f932669203b91de
    Name: Microsoft.AspNetCore
Activity.SpanId:             972c6d0b18b0bd85
Resource associated with Activity:
Activity.SpanId:             9d6fb81ed3b9a040
Activity.TraceFlags:         Recorded
    telemetry.sdk.name: opentelemetry
Activity.DisplayName:        POST api/stores
Activity.TraceFlags:         Recorded
Activity.Kind:               Server
Activity.DisplayName:        POST api/stores
Activity.DisplayName:        POST api/auth/email/confirm
Activity.StartTime:          2026-06-08T01:29:07.4162974Z
Activity.Duration:           00:00:00.3914645
Activity.Kind:               Server
Activity.Kind:               Server
Activity.TraceId:            64190915d5a30f29cfb5b8378226f779
[22:29:07 INF] Request finished HTTP/1.1 GET http://localhost/api/admin/plans - 200 null application/json; charset=utf-8 144.0776ms
Activity.SpanId:             0812d869a2a24d6b
Activity.TraceFlags:         Recorded
Activity.DisplayName:        POST api/stores
Activity.Kind:               Server
[22:29:07 INF] Request starting HTTP/1.1 POST http://localhost/api/auth/login/admin - application/json; charset=utf-8 null
    telemetry.sdk.language: dotnet
Activity.StartTime:          2026-06-08T01:29:07.4145947Z
    telemetry.sdk.version: 1.14.0
Activity.Duration:           00:00:00.3931719
    service.name: unknown_service:testhost
Activity.Tags:
    server.address: localhost
Activity.Tags:
    http.request.method: POST
    server.address: localhost
    http.request.method: POST
    url.scheme: http
    url.scheme: http
Activity.StartTime:          2026-06-08T01:29:07.6633786Z
Activity.TraceId:            04f539745098b0c007721edcf6f04692
Activity.Duration:           00:00:00.1056758
    url.path: /api/stores
Activity.SpanId:             29d06e51018bd1fa
    network.protocol.version: 1.1
Activity.Tags:
Activity.TraceFlags:         Recorded
    server.address: localhost
    http.request.method: POST
Activity.StartTime:          2026-06-08T01:29:07.5127892Z
    url.scheme: http
Activity.Duration:           00:00:00.2949724
    url.path: /api/auth/email/confirm/
Activity.Tags:
    network.protocol.version: 1.1
    server.address: localhost
    http.request.method: POST
    http.route: api/auth/email/confirm
    url.scheme: http
    url.path: /api/stores
    http.response.status_code: 415
[22:29:07 INF] Executing endpoint 'Urbeat.WebApi.Controllers.StoresController.Create (Urbeat.WebApi)'
Instrumentation scope (ActivitySource):
    Name: Microsoft.AspNetCore
Activity.DisplayName:        POST api/customer/addresses
Resource associated with Activity:
Activity.Kind:               Server
    telemetry.sdk.name: opentelemetry
    telemetry.sdk.language: dotnet
    telemetry.sdk.version: 1.14.0
    http.route: api/stores
    service.name: unknown_service:testhost
    http.response.status_code: 201
Activity.StartTime:          2026-06-08T01:29:07.4141445Z
Instrumentation scope (ActivitySource):
Activity.Duration:           00:00:00.3538598
    Name: Microsoft.AspNetCore
Activity.TraceId:            ddbb206a57ceb4715f932669203b91de
    url.path: /api/stores
Resource associated with Activity:
Activity.SpanId:             9d6fb81ed3b9a040
    telemetry.sdk.name: opentelemetry
    network.protocol.version: 1.1
Activity.TraceFlags:         Recorded
    telemetry.sdk.language: dotnet
    http.route: api/stores
Activity.DisplayName:        POST api/auth/email/confirm
    telemetry.sdk.version: 1.14.0
    network.protocol.version: 1.1
    service.name: unknown_service:testhost
    http.route: api/stores
Activity.Kind:               Server
    http.response.status_code: 201
Activity.StartTime:          2026-06-08T01:29:07.6633786Z
Instrumentation scope (ActivitySource):
Activity.Duration:           00:00:00.1056758
    Name: Microsoft.AspNetCore
Activity.Tags:
Resource associated with Activity:
    server.address: localhost
    telemetry.sdk.name: opentelemetry
    http.request.method: POST
[22:29:07 INF] Executed action Urbeat.WebApi.Controllers.AuthController.ResendEmailConfirmation (Urbeat.WebApi) in 40.4549ms
    telemetry.sdk.language: dotnet
    telemetry.sdk.version: 1.14.0
    service.name: unknown_service:testhost
    url.scheme: http
    url.path: /api/auth/email/confirm/
    network.protocol.version: 1.1
    http.route: api/auth/email/confirm
    http.response.status_code: 415
Instrumentation scope (ActivitySource):
Activity.TraceId:            080abc856914e6f1138b9764feed92e4
    Name: Microsoft.AspNetCore
Activity.SpanId:             60fa6d608166d8e2
Resource associated with Activity:
Activity.TraceFlags:         Recorded
Activity.Tags:
    telemetry.sdk.name: opentelemetry
    server.address: localhost
    telemetry.sdk.language: dotnet
Activity.DisplayName:        POST api/stores
    http.request.method: POST
    telemetry.sdk.version: 1.14.0
Activity.Kind:               Server
    service.name: unknown_service:testhost
    url.scheme: http
Activity.TraceId:            ddbb206a57ceb4715f932669203b91de
Activity.StartTime:          2026-06-08T01:29:07.5127892Z
    url.path: /api/customer/addresses
Activity.SpanId:             9d6fb81ed3b9a040
    network.protocol.version: 1.1
Activity.Duration:           00:00:00.2949724
    http.route: api/customer/addresses
Activity.Tags:
Activity.TraceFlags:         Recorded
    http.response.status_code: 201
    server.address: localhost
Activity.TraceId:            13b174136782895e467155e71ea7d4be
Instrumentation scope (ActivitySource):
Activity.SpanId:             972c6d0b18b0bd85
    Name: Microsoft.AspNetCore
[22:29:07 INF] Executed endpoint 'Urbeat.WebApi.Controllers.AuthController.ResendEmailConfirmation (Urbeat.WebApi)'
Activity.TraceFlags:         Recorded
Resource associated with Activity:
Activity.DisplayName:        POST api/stores
    telemetry.sdk.name: opentelemetry
Activity.Kind:               Server
    telemetry.sdk.language: dotnet
    telemetry.sdk.version: 1.14.0
    service.name: unknown_service:testhost
    http.request.method: POST
    url.scheme: http
    url.path: /api/stores
    network.protocol.version: 1.1
    http.route: api/stores
    http.response.status_code: 201
Instrumentation scope (ActivitySource):
    Name: Microsoft.AspNetCore
Resource associated with Activity:
    telemetry.sdk.name: opentelemetry
    telemetry.sdk.language: dotnet
    telemetry.sdk.version: 1.14.0
    service.name: unknown_service:testhost
Activity.DisplayName:        POST api/auth/email/confirm
Activity.Kind:               Server
Activity.StartTime:          2026-06-08T01:29:07.6633786Z
Activity.Duration:           00:00:00.1056758
Activity.Tags:
    server.address: localhost
    http.request.method: POST
    url.scheme: http
    url.path: /api/auth/email/confirm/
    network.protocol.version: 1.1
    http.route: api/auth/email/confirm
    http.response.status_code: 415
Instrumentation scope (ActivitySource):
    Name: Microsoft.AspNetCore
Resource associated with Activity:
    telemetry.sdk.name: opentelemetry
    telemetry.sdk.language: dotnet
    telemetry.sdk.version: 1.14.0
    service.name: unknown_service:testhost
Activity.TraceId:            ddbb206a57ceb4715f932669203b91de
Activity.SpanId:             9d6fb81ed3b9a040
Activity.TraceFlags:         Recorded
Activity.DisplayName:        POST api/auth/email/confirm
Activity.Kind:               Server
Activity.StartTime:          2026-06-08T01:29:07.6633786Z
Activity.Duration:           00:00:00.1056758
Activity.Tags:
    server.address: localhost
    http.request.method: POST
    url.scheme: http
    url.path: /api/auth/email/confirm/
    network.protocol.version: 1.1
    http.route: api/auth/email/confirm
    http.response.status_code: 415
Instrumentation scope (ActivitySource):
    Name: Microsoft.AspNetCore
Resource associated with Activity:
    telemetry.sdk.name: opentelemetry
    telemetry.sdk.language: dotnet
    telemetry.sdk.version: 1.14.0
    service.name: unknown_service:testhost
[22:29:07 INF] Request finished HTTP/1.1 POST http://localhost/api/auth/email/resend-confirmation - 200 null application/json; charset=utf-8 103.7306ms
Activity.StartTime:          2026-06-08T01:29:07.4162974Z
Activity.TraceId:            080abc856914e6f1138b9764feed92e4
Activity.Duration:           00:00:00.3914645
Activity.SpanId:             60fa6d608166d8e2
Activity.Tags:
Activity.TraceFlags:         Recorded
    server.address: localhost
    http.request.method: POST
Activity.DisplayName:        POST api/stores
    url.scheme: http
    http.response.status_code: 201
    url.path: /api/stores
    network.protocol.version: 1.1
Instrumentation scope (ActivitySource):
    http.route: api/stores
    Name: Microsoft.AspNetCore
    http.response.status_code: 201
Resource associated with Activity:
Instrumentation scope (ActivitySource):
    Name: Microsoft.AspNetCore
    telemetry.sdk.name: opentelemetry
Resource associated with Activity:
    telemetry.sdk.language: dotnet
    telemetry.sdk.name: opentelemetry
    telemetry.sdk.version: 1.14.0
    telemetry.sdk.language: dotnet
    service.name: unknown_service:testhost
    telemetry.sdk.version: 1.14.0
    service.name: unknown_service:testhost
Activity.TraceId:            13b174136782895e467155e71ea7d4be
Activity.TraceId:            64190915d5a30f29cfb5b8378226f779
Activity.SpanId:             972c6d0b18b0bd85
Activity.SpanId:             0812d869a2a24d6b
Activity.TraceFlags:         Recorded
Activity.TraceFlags:         Recorded
Activity.DisplayName:        POST api/stores
Activity.DisplayName:        POST api/stores
[22:29:07 INF] Request starting HTTP/1.1 POST http://localhost/api/auth/register/seller - application/json; charset=utf-8 null
Activity.Kind:               Server
Activity.Kind:               Server
Activity.TraceId:            b863e2036e436e4917561c50a25b3bcd
Activity.StartTime:          2026-06-08T01:29:07.4162974Z
Activity.Kind:               Server
Activity.Duration:           00:00:00.3914645
Activity.SpanId:             baad21395b02fa25
Activity.Tags:
Activity.TraceFlags:         Recorded
Activity.StartTime:          2026-06-08T01:29:07.4145947Z
Activity.DisplayName:        POST api/auth/email/resend-confirmation
    server.address: localhost
Activity.Duration:           00:00:00.3931719
    http.request.method: POST
Activity.Tags:
    url.scheme: http
    server.address: localhost
    url.path: /api/stores
    http.request.method: POST
    network.protocol.version: 1.1
    url.scheme: http
    http.route: api/stores
    http.response.status_code: 201
    url.path: /api/stores
Instrumentation scope (ActivitySource):
    Name: Microsoft.AspNetCore
    network.protocol.version: 1.1
Resource associated with Activity:
    http.route: api/stores
    telemetry.sdk.name: opentelemetry
    http.response.status_code: 201
    telemetry.sdk.language: dotnet
Instrumentation scope (ActivitySource):
    telemetry.sdk.version: 1.14.0
    Name: Microsoft.AspNetCore
    service.name: unknown_service:testhost
Resource associated with Activity:
    telemetry.sdk.name: opentelemetry
[22:29:07 INF] Executing endpoint 'Urbeat.WebApi.Controllers.AuthController.LoginAdmin (Urbeat.WebApi)'
    telemetry.sdk.language: dotnet
    telemetry.sdk.version: 1.14.0
    service.name: unknown_service:testhost
Activity.TraceId:            64190915d5a30f29cfb5b8378226f779
Activity.SpanId:             0812d869a2a24d6b
Activity.TraceFlags:         Recorded
Activity.DisplayName:        POST api/stores
Activity.Kind:               Server
Activity.StartTime:          2026-06-08T01:29:07.5127892Z
Activity.StartTime:          2026-06-08T01:29:07.4145947Z
Activity.Duration:           00:00:00.2949724
Activity.Duration:           00:00:00.3931719
Activity.Tags:
    server.address: localhost
Activity.Tags:
    http.request.method: POST
    server.address: localhost
    url.scheme: http
    http.request.method: POST
    url.path: /api/stores
    url.scheme: http
    url.path: /api/stores
    network.protocol.version: 1.1
    network.protocol.version: 1.1
    http.route: api/stores
    http.route: api/stores
    http.response.status_code: 201
    http.response.status_code: 201
Activity.Kind:               Server
Instrumentation scope (ActivitySource):
Activity.TraceId:            13b174136782895e467155e71ea7d4be
Activity.StartTime:          2026-06-08T01:29:07.7339207Z
Activity.SpanId:             972c6d0b18b0bd85
Activity.Duration:           00:00:00.1038854
Activity.TraceFlags:         Recorded
Activity.Tags:
Activity.DisplayName:        POST api/stores
    server.address: localhost
Activity.Kind:               Server
Activity.StartTime:          2026-06-08T01:29:07.4162974Z
Activity.Duration:           00:00:00.3914645
    Name: Microsoft.AspNetCore
Activity.Tags:
Resource associated with Activity:
    server.address: localhost
    telemetry.sdk.name: opentelemetry
    telemetry.sdk.language: dotnet
Instrumentation scope (ActivitySource):
    telemetry.sdk.version: 1.14.0
    Name: Microsoft.AspNetCore
    service.name: unknown_service:testhost
Resource associated with Activity:
    telemetry.sdk.name: opentelemetry
    telemetry.sdk.language: dotnet
    telemetry.sdk.version: 1.14.0
    service.name: unknown_service:testhost
    http.request.method: POST
    http.request.method: POST
    url.scheme: http
    url.scheme: http
    url.path: /api/stores
    network.protocol.version: 1.1
    url.path: /api/auth/email/resend-confirmation
    http.route: api/stores
    network.protocol.version: 1.1
Activity.TraceId:            64190915d5a30f29cfb5b8378226f779
    http.route: api/auth/email/resend-confirmation
Activity.SpanId:             0812d869a2a24d6b
    http.response.status_code: 200
Activity.TraceFlags:         Recorded
Instrumentation scope (ActivitySource):
    http.response.status_code: 201
Activity.DisplayName:        POST api/stores
    Name: Microsoft.AspNetCore
Instrumentation scope (ActivitySource):
Resource associated with Activity:
    Name: Microsoft.AspNetCore
    telemetry.sdk.name: opentelemetry
Resource associated with Activity:
    telemetry.sdk.language: dotnet
    telemetry.sdk.name: opentelemetry
    telemetry.sdk.version: 1.14.0
    telemetry.sdk.language: dotnet
Activity.Kind:               Server
    service.name: unknown_service:testhost
    telemetry.sdk.version: 1.14.0
    service.name: unknown_service:testhost
Activity.StartTime:          2026-06-08T01:29:07.4145947Z
Activity.TraceId:            b863e2036e436e4917561c50a25b3bcd
Activity.Duration:           00:00:00.3931719
Activity.SpanId:             baad21395b02fa25
Activity.TraceId:            13b174136782895e467155e71ea7d4be
Activity.Tags:
Activity.SpanId:             972c6d0b18b0bd85
    server.address: localhost
Activity.TraceFlags:         Recorded
    http.request.method: POST
Activity.TraceFlags:         Recorded
Activity.DisplayName:        POST api/auth/email/resend-confirmation
Activity.TraceId:            df9d9aec94ca253350f38d1773f538ad
Activity.Kind:               Server
Activity.SpanId:             62d391200204303f
Activity.DisplayName:        POST api/stores
Activity.TraceFlags:         Recorded
Activity.StartTime:          2026-06-08T01:29:07.7339207Z
Activity.DisplayName:        POST api/stores
Activity.Kind:               Server
Activity.Kind:               Server
Activity.Duration:           00:00:00.1038854
Activity.StartTime:          2026-06-08T01:29:07.4162974Z
Activity.Tags:
Activity.StartTime:          2026-06-08T01:29:07.3355647Z
    server.address: localhost
    url.scheme: http
Activity.Duration:           00:00:00.4721968
Activity.Duration:           00:00:00.3914645
Activity.Tags:
Activity.Tags:
    url.path: /api/stores
    server.address: localhost
    http.request.method: POST
    url.scheme: http
    url.path: /api/stores
    network.protocol.version: 1.1
    http.route: api/stores
Activity.TraceId:            080abc856914e6f1138b9764feed92e4
    http.response.status_code: 201
Activity.SpanId:             60fa6d608166d8e2
Instrumentation scope (ActivitySource):
    Name: Microsoft.AspNetCore
Activity.TraceFlags:         Recorded
Resource associated with Activity:
Activity.DisplayName:        POST api/stores
    telemetry.sdk.name: opentelemetry
Activity.Kind:               Server
    http.request.method: POST
Activity.StartTime:          2026-06-08T01:29:07.5127892Z
    telemetry.sdk.language: dotnet
    url.scheme: http
Activity.Duration:           00:00:00.2949724
    url.path: /api/auth/email/resend-confirmation
Activity.Tags:
    network.protocol.version: 1.1
    server.address: localhost
    http.route: api/auth/email/resend-confirmation
    http.response.status_code: 200
Instrumentation scope (ActivitySource):
    Name: Microsoft.AspNetCore
Resource associated with Activity:
    network.protocol.version: 1.1
    telemetry.sdk.name: opentelemetry
    http.route: api/stores
    telemetry.sdk.language: dotnet
    telemetry.sdk.version: 1.14.0
    service.name: unknown_service:testhost
    http.response.status_code: 201
Instrumentation scope (ActivitySource):
    server.address: localhost
Activity.TraceId:            b863e2036e436e4917561c50a25b3bcd
    Name: Microsoft.AspNetCore
    http.request.method: POST
Activity.SpanId:             baad21395b02fa25
Resource associated with Activity:
Activity.TraceFlags:         Recorded
    url.scheme: http
    telemetry.sdk.name: opentelemetry
Activity.DisplayName:        POST api/auth/email/resend-confirmation
    url.path: /api/stores
    telemetry.sdk.language: dotnet
    network.protocol.version: 1.1
    telemetry.sdk.version: 1.14.0
    http.route: api/stores
    service.name: unknown_service:testhost
    http.response.status_code: 201
    telemetry.sdk.version: 1.14.0
Instrumentation scope (ActivitySource):
    service.name: unknown_service:testhost
    Name: Microsoft.AspNetCore
Resource associated with Activity:
Activity.TraceId:            df9d9aec94ca253350f38d1773f538ad
    telemetry.sdk.name: opentelemetry
Activity.SpanId:             62d391200204303f
    telemetry.sdk.language: dotnet
Activity.TraceId:            875ca1108fa0380bd6b73cc76bb54815
    telemetry.sdk.version: 1.14.0
Activity.TraceFlags:         Recorded
    service.name: unknown_service:testhost
Activity.SpanId:             5b4c94cf6bdde329
Activity.TraceFlags:         Recorded
Activity.DisplayName:        POST api/stores
Activity.DisplayName:        GET api/admin/plans
Activity.TraceId:            13b174136782895e467155e71ea7d4be
Activity.Kind:               Server
[22:29:07 INF] Executing endpoint 'Urbeat.WebApi.Controllers.AuthController.RegisterSeller (Urbeat.WebApi)'
Activity.Kind:               Server
Activity.StartTime:          2026-06-08T01:29:07.6641408Z
Activity.StartTime:          2026-06-08T01:29:07.3355647Z
Activity.Duration:           00:00:00.4721968
Activity.Tags:
    server.address: localhost
Activity.Duration:           00:00:00.1730663
    http.request.method: POST
    http.request.method: POST
Activity.Tags:
    url.scheme: http
    url.scheme: http
    server.address: localhost
    url.path: /api/stores
    http.request.method: GET
    network.protocol.version: 1.1
    url.scheme: http
    http.route: api/stores
    url.path: /api/admin/plans
    http.response.status_code: 201
    network.protocol.version: 1.1
Activity.SpanId:             972c6d0b18b0bd85
Instrumentation scope (ActivitySource):
    http.route: api/admin/plans
Activity.TraceFlags:         Recorded
    url.path: /api/stores
Activity.DisplayName:        POST api/stores
    network.protocol.version: 1.1
    http.route: api/stores
Activity.Kind:               Server
    http.response.status_code: 200
Activity.StartTime:          2026-06-08T01:29:07.4162974Z
Activity.Duration:           00:00:00.3914645
Activity.Kind:               Server
Instrumentation scope (ActivitySource):
Activity.Tags:
    Name: Microsoft.AspNetCore
    server.address: localhost
Resource associated with Activity:
    http.request.method: POST
    url.scheme: http
    telemetry.sdk.name: opentelemetry
    url.path: /api/stores
Activity.StartTime:          2026-06-08T01:29:07.7339207Z
    telemetry.sdk.language: dotnet
    network.protocol.version: 1.1
Activity.Duration:           00:00:00.1038854
[22:29:07 INF] Route matched with {action = "RegisterSeller", controller = "Auth"}. Executing controller action with signature System.Threading.Tasks.Task`1[Microsoft.AspNetCore.Mvc.IActionResult] RegisterSeller(Urbeat.Application.DTOs.RegisterUserRequestDto, System.Threading.CancellationToken) on controller Urbeat.WebApi.Controllers.AuthController (Urbeat.WebApi).
    http.route: api/stores
Activity.Tags:
    http.response.status_code: 201
    server.address: localhost
Instrumentation scope (ActivitySource):
[22:29:07 INF] Route matched with {action = "Create", controller = "Stores"}. Executing controller action with signature System.Threading.Tasks.Task`1[Microsoft.AspNetCore.Mvc.IActionResult] Create(Urbeat.Application.DTOs.CreateStoreRequestDto, System.Threading.CancellationToken) on controller Urbeat.WebApi.Controllers.StoresController (Urbeat.WebApi).
    Name: Microsoft.AspNetCore
Resource associated with Activity:
    telemetry.sdk.name: opentelemetry
    telemetry.sdk.language: dotnet
    telemetry.sdk.version: 1.14.0
    Name: Microsoft.AspNetCore
    service.name: unknown_service:testhost
Resource associated with Activity:
    telemetry.sdk.name: opentelemetry
    telemetry.sdk.language: dotnet
    telemetry.sdk.version: 1.14.0
[22:29:07 INF] Route matched with {action = "LoginAdmin", controller = "Auth"}. Executing controller action with signature System.Threading.Tasks.Task`1[Microsoft.AspNetCore.Mvc.IActionResult] LoginAdmin(Urbeat.Application.DTOs.LoginRequestDto, System.Threading.CancellationToken) on controller Urbeat.WebApi.Controllers.AuthController (Urbeat.WebApi).
    service.name: unknown_service:testhost
    telemetry.sdk.version: 1.14.0
    http.response.status_code: 201
Instrumentation scope (ActivitySource):
    http.request.method: POST
    Name: Microsoft.AspNetCore
    url.scheme: http
    url.path: /api/auth/email/resend-confirmation
Resource associated with Activity:
    network.protocol.version: 1.1
    telemetry.sdk.name: opentelemetry
    telemetry.sdk.language: dotnet
    http.route: api/auth/email/resend-confirmation
    telemetry.sdk.version: 1.14.0
    http.response.status_code: 200
    service.name: unknown_service:testhost
Activity.TraceId:            64190915d5a30f29cfb5b8378226f779
Activity.TraceId:            13b174136782895e467155e71ea7d4be
Activity.TraceId:            080abc856914e6f1138b9764feed92e4
    service.name: unknown_service:testhost
Activity.SpanId:             0812d869a2a24d6b
Activity.SpanId:             972c6d0b18b0bd85
Activity.SpanId:             60fa6d608166d8e2
Activity.TraceFlags:         Recorded
Activity.TraceFlags:         Recorded
Activity.DisplayName:        POST api/stores
Activity.DisplayName:        POST api/stores
Activity.Kind:               Server
Activity.Kind:               Server
Activity.TraceId:            07f228158cd52b45070ea0ef5d41523f
[22:29:07 WRN] Admin seeding skipped because the data store is unavailable.
System.InvalidOperationException: Relational-specific methods can only be used when the context is using a relational database provider.
   at Microsoft.EntityFrameworkCore.RelationalDatabaseFacadeExtensions.GetRelationalService[TService](IInfrastructure`1 databaseFacade)
   at Microsoft.EntityFrameworkCore.RelationalDatabaseFacadeExtensions.MigrateAsync(DatabaseFacade databaseFacade, CancellationToken cancellationToken)
   at Program.<Main>$(String[] args) in C:\Projetos\urbeat\backend\src\Urbeat.WebApi\Program.cs:line 42
Activity.StartTime:          2026-06-08T01:29:07.4162974Z
Activity.Duration:           00:00:00.3914645
Activity.Tags:
Instrumentation scope (ActivitySource):
    server.address: localhost
    Name: Microsoft.AspNetCore
    http.request.method: POST
Resource associated with Activity:
    url.scheme: http
    telemetry.sdk.name: opentelemetry
    url.path: /api/stores
    telemetry.sdk.language: dotnet
    telemetry.sdk.version: 1.14.0
    network.protocol.version: 1.1
    service.name: unknown_service:testhost
    http.route: api/stores
    http.response.status_code: 201
Instrumentation scope (ActivitySource):
    Name: Microsoft.AspNetCore
Resource associated with Activity:
Activity.TraceId:            b863e2036e436e4917561c50a25b3bcd
    telemetry.sdk.name: opentelemetry
Activity.SpanId:             baad21395b02fa25
    telemetry.sdk.language: dotnet
Activity.TraceFlags:         Recorded
    telemetry.sdk.version: 1.14.0
Activity.DisplayName:        POST api/auth/email/resend-confirmation
    service.name: unknown_service:testhost
Activity.Kind:               Server
Activity.TraceId:            13b174136782895e467155e71ea7d4be
Activity.SpanId:             972c6d0b18b0bd85
Activity.StartTime:          2026-06-08T01:29:07.7339207Z
Activity.TraceFlags:         Recorded
Activity.Duration:           00:00:00.1038854
Activity.DisplayName:        POST api/stores
Activity.Tags:
Activity.Kind:               Server
    server.address: localhost
Activity.StartTime:          2026-06-08T01:29:07.4162974Z
    http.request.method: POST
Activity.Duration:           00:00:00.3914645
Activity.Tags:
    url.scheme: http
    server.address: localhost
    url.path: /api/auth/email/resend-confirmation
    http.request.method: POST
    network.protocol.version: 1.1
    url.scheme: http
    http.route: api/auth/email/resend-confirmation
    url.path: /api/stores
    network.protocol.version: 1.1
    http.response.status_code: 200
    http.route: api/stores
Instrumentation scope (ActivitySource):
    Name: Microsoft.AspNetCore
    http.response.status_code: 201
Resource associated with Activity:
Instrumentation scope (ActivitySource):
    telemetry.sdk.name: opentelemetry
    Name: Microsoft.AspNetCore
    telemetry.sdk.language: dotnet
Resource associated with Activity:
    telemetry.sdk.version: 1.14.0
    telemetry.sdk.name: opentelemetry
    service.name: unknown_service:testhost
    telemetry.sdk.language: dotnet
    telemetry.sdk.version: 1.14.0
    service.name: unknown_service:testhost
Activity.TraceId:            13b174136782895e467155e71ea7d4be
Activity.TraceId:            b863e2036e436e4917561c50a25b3bcd
Activity.SpanId:             972c6d0b18b0bd85
Activity.SpanId:             baad21395b02fa25
Activity.TraceId:            875ca1108fa0380bd6b73cc76bb54815
Activity.TraceFlags:         Recorded
Activity.SpanId:             5b4c94cf6bdde329
Activity.DisplayName:        POST api/auth/email/resend-confirmation
Activity.TraceId:            df9d9aec94ca253350f38d1773f538ad
Activity.TraceFlags:         Recorded
Activity.Kind:               Server
Activity.DisplayName:        GET api/admin/plans
Activity.SpanId:             62d391200204303f
Activity.StartTime:          2026-06-08T01:29:07.7339207Z
Activity.Kind:               Server
Activity.Duration:           00:00:00.1038854
Activity.TraceFlags:         Recorded
Activity.Tags:
Activity.DisplayName:        POST api/stores
    server.address: localhost
Activity.StartTime:          2026-06-08T01:29:07.6641408Z
Activity.Kind:               Server
    http.request.method: POST
Activity.Duration:           00:00:00.1730663
    url.scheme: http
Activity.Tags:
    url.path: /api/auth/email/resend-confirmation
    server.address: localhost
    network.protocol.version: 1.1
Activity.StartTime:          2026-06-08T01:29:07.3355647Z
    http.request.method: GET
Activity.Duration:           00:00:00.4721968
    http.route: api/auth/email/resend-confirmation
Activity.Tags:
    server.address: localhost
Activity.SpanId:             c0a44eaaafd16c56
Activity.StartTime:          2026-06-08T01:29:07.4145947Z
Activity.TraceFlags:         Recorded
Activity.TraceFlags:         Recorded
Activity.Duration:           00:00:00.3931719
Activity.DisplayName:        POST api/stores
Activity.DisplayName:        POST api/stores
Activity.Tags:
Activity.Kind:               Server
Activity.Kind:               Server
    server.address: localhost
    http.request.method: POST
Activity.StartTime:          2026-06-08T01:29:07.3355578Z
Activity.StartTime:          2026-06-08T01:29:07.4162974Z
Activity.Duration:           00:00:00.4722053
    url.scheme: http
Activity.Duration:           00:00:00.3914645
    url.path: /api/stores
Activity.Tags:
Activity.Tags:
    server.address: localhost
    server.address: localhost
    http.request.method: POST
    http.request.method: POST
    url.scheme: http
    url.scheme: http
    url.path: /api/stores
    url.path: /api/stores
    network.protocol.version: 1.1
    network.protocol.version: 1.1
    http.route: api/stores
    http.route: api/stores
[22:29:07 INF] Executing action method Urbeat.WebApi.Controllers.AuthController.RegisterSeller (Urbeat.WebApi) - Validation state: Valid
    http.response.status_code: 201
    http.response.status_code: 201
Instrumentation scope (ActivitySource):
Instrumentation scope (ActivitySource):
    Name: Microsoft.AspNetCore
    Name: Microsoft.AspNetCore
Resource associated with Activity:
Resource associated with Activity:
    telemetry.sdk.name: opentelemetry
    telemetry.sdk.name: opentelemetry
    telemetry.sdk.language: dotnet
    telemetry.sdk.language: dotnet
    telemetry.sdk.version: 1.14.0
    telemetry.sdk.version: 1.14.0
    service.name: unknown_service:testhost
    service.name: unknown_service:testhost
    http.response.status_code: 200
Activity.TraceId:            13b174136782895e467155e71ea7d4be
Activity.SpanId:             972c6d0b18b0bd85
Instrumentation scope (ActivitySource):
Activity.TraceFlags:         Recorded
    Name: Microsoft.AspNetCore
Activity.DisplayName:        POST api/stores
Resource associated with Activity:
Activity.Kind:               Server
    telemetry.sdk.name: opentelemetry
    telemetry.sdk.language: dotnet
    telemetry.sdk.version: 1.14.0
Activity.StartTime:          2026-06-08T01:29:07.4162974Z
    service.name: unknown_service:testhost
Activity.Duration:           00:00:00.3914645
Activity.Tags:
    server.address: localhost
    http.request.method: POST
    url.scheme: http
    url.path: /api/stores
    url.scheme: http
    network.protocol.version: 1.1
    url.path: /api/admin/plans
    network.protocol.version: 1.1
    http.route: api/stores
    http.route: api/admin/plans
    http.response.status_code: 201
    http.response.status_code: 200
Instrumentation scope (ActivitySource):
Instrumentation scope (ActivitySource):
    Name: Microsoft.AspNetCore
Resource associated with Activity:
    Name: Microsoft.AspNetCore
    telemetry.sdk.name: opentelemetry
Resource associated with Activity:
    telemetry.sdk.language: dotnet
    telemetry.sdk.version: 1.14.0
    service.name: unknown_service:testhost
    telemetry.sdk.name: opentelemetry
    telemetry.sdk.language: dotnet
    telemetry.sdk.version: 1.14.0
    service.name: unknown_service:testhost
Activity.TraceFlags:         Recorded
Activity.DisplayName:        POST api/stores
Activity.Kind:               Server
Activity.StartTime:          2026-06-08T01:29:07.5127892Z
Activity.Duration:           00:00:00.2949724
Activity.Tags:
    server.address: localhost
    http.request.method: POST
    url.scheme: http
    url.path: /api/stores
    network.protocol.version: 1.1
    http.route: api/stores
    http.response.status_code: 201
Instrumentation scope (ActivitySource):
    Name: Microsoft.AspNetCore
Resource associated with Activity:
    telemetry.sdk.name: opentelemetry
    telemetry.sdk.language: dotnet
    telemetry.sdk.version: 1.14.0
    service.name: unknown_service:testhost
Activity.TraceId:            080abc856914e6f1138b9764feed92e4
Activity.SpanId:             60fa6d608166d8e2
Activity.TraceFlags:         Recorded
Activity.DisplayName:        POST api/stores
Activity.Kind:               Server
Activity.StartTime:          2026-06-08T01:29:07.5127892Z
Activity.Duration:           00:00:00.2949724
Activity.Tags:
    server.address: localhost
    http.request.method: POST
    url.scheme: http
    url.path: /api/stores
    network.protocol.version: 1.1
    http.route: api/stores
    http.response.status_code: 201
Instrumentation scope (ActivitySource):
    Name: Microsoft.AspNetCore
Resource associated with Activity:
    telemetry.sdk.name: opentelemetry
    telemetry.sdk.language: dotnet
    telemetry.sdk.version: 1.14.0
    service.name: unknown_service:testhost
Activity.TraceId:            080abc856914e6f1138b9764feed92e4
Activity.SpanId:             60fa6d608166d8e2
Activity.TraceFlags:         Recorded
Activity.DisplayName:        POST api/stores
Activity.Kind:               Server
Activity.StartTime:          2026-06-08T01:29:07.5127892Z
Activity.Duration:           00:00:00.2949724
    http.request.method: POST
Activity.Tags:
    url.scheme: http
    server.address: localhost
    url.path: /api/stores
    http.request.method: POST
    network.protocol.version: 1.1
    url.scheme: http
    http.route: api/stores
    url.path: /api/stores
    http.response.status_code: 201
Activity.TraceId:            07f228158cd52b45070ea0ef5d41523f
Instrumentation scope (ActivitySource):
    network.protocol.version: 1.1
Activity.SpanId:             c0a44eaaafd16c56
    http.route: api/stores
    network.protocol.version: 1.1
    http.response.status_code: 201
Activity.TraceFlags:         Recorded
Instrumentation scope (ActivitySource):
Activity.DisplayName:        POST api/stores
    http.route: api/stores
Activity.Kind:               Server
    http.response.status_code: 201
Activity.StartTime:          2026-06-08T01:29:07.3355578Z
    Name: Microsoft.AspNetCore
Activity.Duration:           00:00:00.4722053
Activity.Tags:
Resource associated with Activity:
    Name: Microsoft.AspNetCore
    server.address: localhost
Resource associated with Activity:
    telemetry.sdk.name: opentelemetry
    telemetry.sdk.name: opentelemetry
    telemetry.sdk.language: dotnet
    http.request.method: POST
    telemetry.sdk.language: dotnet
    telemetry.sdk.version: 1.14.0
    telemetry.sdk.version: 1.14.0
    url.scheme: http
    service.name: unknown_service:testhost
    service.name: unknown_service:testhost
    url.path: /api/stores
Activity.TraceId:            080abc856914e6f1138b9764feed92e4
    network.protocol.version: 1.1
Activity.TraceId:            df9d9aec94ca253350f38d1773f538ad
Activity.SpanId:             60fa6d608166d8e2
Instrumentation scope (ActivitySource):
Activity.TraceFlags:         Recorded
    Name: Microsoft.AspNetCore
Activity.DisplayName:        POST api/stores
    http.route: api/stores
Activity.Kind:               Server
    http.response.status_code: 201
Activity.TraceId:            875ca1108fa0380bd6b73cc76bb54815
Instrumentation scope (ActivitySource):
Activity.StartTime:          2026-06-08T01:29:07.5127892Z
    Name: Microsoft.AspNetCore
Activity.Duration:           00:00:00.2949724
Resource associated with Activity:
Activity.Tags:
    telemetry.sdk.name: opentelemetry
    server.address: localhost
Activity.SpanId:             5b4c94cf6bdde329
    http.request.method: POST
Activity.TraceFlags:         Recorded
    telemetry.sdk.language: dotnet
    url.scheme: http
    telemetry.sdk.version: 1.14.0
    url.path: /api/stores
Activity.DisplayName:        GET api/admin/plans
    network.protocol.version: 1.1
    service.name: unknown_service:testhost
    http.route: api/stores
Activity.Kind:               Server
    http.response.status_code: 201
Activity.StartTime:          2026-06-08T01:29:07.6641408Z
Instrumentation scope (ActivitySource):
Activity.SpanId:             62d391200204303f
Activity.Duration:           00:00:00.1730663
    Name: Microsoft.AspNetCore
Activity.Tags:
Resource associated with Activity:
Activity.TraceFlags:         Recorded
    telemetry.sdk.name: opentelemetry
Activity.DisplayName:        POST api/stores
    server.address: localhost
Activity.Kind:               Server
    http.request.method: GET
    telemetry.sdk.language: dotnet
    url.scheme: http
    telemetry.sdk.version: 1.14.0
    url.path: /api/admin/plans
Activity.StartTime:          2026-06-08T01:29:07.3355647Z
    service.name: unknown_service:testhost
Activity.Duration:           00:00:00.4721968
    network.protocol.version: 1.1
Activity.Tags:
    http.route: api/admin/plans
    server.address: localhost
    http.response.status_code: 200
    http.request.method: POST
Instrumentation scope (ActivitySource):
    url.scheme: http
    Name: Microsoft.AspNetCore
    url.path: /api/stores
Activity.TraceId:            080abc856914e6f1138b9764feed92e4
    network.protocol.version: 1.1
Activity.SpanId:             60fa6d608166d8e2
Resource associated with Activity:
Activity.TraceFlags:         Recorded
    http.route: api/stores
Activity.DisplayName:        POST api/stores
    telemetry.sdk.name: opentelemetry
Activity.Kind:               Server
    telemetry.sdk.language: dotnet
    http.response.status_code: 201
    telemetry.sdk.version: 1.14.0
Activity.StartTime:          2026-06-08T01:29:07.5127892Z
Instrumentation scope (ActivitySource):
Activity.Duration:           00:00:00.2949724
    service.name: unknown_service:testhost
    Name: Microsoft.AspNetCore
Activity.Tags:
Resource associated with Activity:
    server.address: localhost
    http.request.method: POST
    telemetry.sdk.name: opentelemetry
    url.scheme: http
    telemetry.sdk.language: dotnet
    url.path: /api/stores
    telemetry.sdk.version: 1.14.0
    network.protocol.version: 1.1
    service.name: unknown_service:testhost
    http.route: api/stores
Activity.TraceId:            07f228158cd52b45070ea0ef5d41523f
    http.response.status_code: 201
Activity.SpanId:             c0a44eaaafd16c56
Activity.TraceId:            875ca1108fa0380bd6b73cc76bb54815
Activity.TraceFlags:         Recorded
Instrumentation scope (ActivitySource):
Activity.SpanId:             5b4c94cf6bdde329
Activity.DisplayName:        POST api/stores
Activity.TraceFlags:         Recorded
Activity.Kind:               Server
Activity.DisplayName:        GET api/admin/plans
    Name: Microsoft.AspNetCore
Activity.Kind:               Server
Resource associated with Activity:
Activity.StartTime:          2026-06-08T01:29:07.3355578Z
    telemetry.sdk.name: opentelemetry
Resource associated with Activity:
    telemetry.sdk.language: dotnet
Activity.StartTime:          2026-06-08T01:29:07.6641408Z
    telemetry.sdk.version: 1.14.0
Activity.Duration:           00:00:00.1730663
    service.name: unknown_service:testhost
Activity.Tags:
    telemetry.sdk.name: opentelemetry
    server.address: localhost
    telemetry.sdk.language: dotnet
    http.request.method: GET
    telemetry.sdk.version: 1.14.0
    url.scheme: http
Activity.Duration:           00:00:00.4722053
    service.name: unknown_service:testhost
Activity.Tags:
    url.path: /api/admin/plans
    server.address: localhost
    network.protocol.version: 1.1
    http.request.method: POST
    url.scheme: http
    url.path: /api/stores
    network.protocol.version: 1.1
Activity.TraceId:            b863e2036e436e4917561c50a25b3bcd
    http.route: api/admin/plans
Activity.TraceId:            64190915d5a30f29cfb5b8378226f779
    http.route: api/stores
    http.response.status_code: 200
Activity.SpanId:             0812d869a2a24d6b
    http.response.status_code: 201
Activity.SpanId:             baad21395b02fa25
Instrumentation scope (ActivitySource):
Activity.TraceFlags:         Recorded
    Name: Microsoft.AspNetCore
Activity.DisplayName:        POST api/auth/email/resend-confirmation
Activity.TraceFlags:         Recorded
Instrumentation scope (ActivitySource):
    Name: Microsoft.AspNetCore
Resource associated with Activity:
[22:29:07 INF] Executing action method Urbeat.WebApi.Controllers.StoresController.Create (Urbeat.WebApi) - Validation state: Valid
    telemetry.sdk.name: opentelemetry
    telemetry.sdk.language: dotnet
Activity.Kind:               Server
    telemetry.sdk.version: 1.14.0
    service.name: unknown_service:testhost
Activity.DisplayName:        POST api/stores
Activity.StartTime:          2026-06-08T01:29:07.7339207Z
Activity.Kind:               Server
Activity.Duration:           00:00:00.1038854
Activity.Tags:
[22:29:07 INF] Request starting HTTP/1.1 POST http://localhost/api/customer/addresses - application/json; charset=utf-8 null
Activity.StartTime:          2026-06-08T01:29:07.4145947Z
    server.address: localhost
[22:29:07 INF] Executing action method Urbeat.WebApi.Controllers.AuthController.LoginAdmin (Urbeat.WebApi) - Validation state: Valid
Resource associated with Activity:
    http.request.method: POST
    url.scheme: http
    url.path: /api/auth/email/resend-confirmation
    network.protocol.version: 1.1
Activity.Duration:           00:00:00.3931719
    http.route: api/auth/email/resend-confirmation
    telemetry.sdk.name: opentelemetry
Activity.Tags:
    telemetry.sdk.language: dotnet
    http.response.status_code: 200
Instrumentation scope (ActivitySource):
    Name: Microsoft.AspNetCore
Resource associated with Activity:
    server.address: localhost
    telemetry.sdk.name: opentelemetry
    http.request.method: POST
[22:29:07 INF] User profile is available. Using 'C:\Users\intfa\AppData\Local\ASP.NET\DataProtection-Keys' as key repository and Windows DPAPI to encrypt keys at rest.
    url.scheme: http
    telemetry.sdk.language: dotnet
    url.path: /api/stores
    network.protocol.version: 1.1
    telemetry.sdk.version: 1.14.0
    http.route: api/stores
    service.name: unknown_service:testhost
    http.response.status_code: 201
    telemetry.sdk.version: 1.14.0
    service.name: unknown_service:testhost
Instrumentation scope (ActivitySource):
Activity.TraceId:            07f228158cd52b45070ea0ef5d41523f
Activity.SpanId:             c0a44eaaafd16c56
    Name: Microsoft.AspNetCore
Activity.TraceFlags:         Recorded
Resource associated with Activity:
Activity.DisplayName:        POST api/stores
    telemetry.sdk.name: opentelemetry
Activity.Kind:               Server
    telemetry.sdk.language: dotnet
    telemetry.sdk.version: 1.14.0
    service.name: unknown_service:testhost
Activity.StartTime:          2026-06-08T01:29:07.3355578Z
Activity.Duration:           00:00:00.4722053
Activity.Tags:
Activity.TraceId:            df9d9aec94ca253350f38d1773f538ad
    server.address: localhost
Activity.SpanId:             62d391200204303f
    http.request.method: POST
    url.scheme: http
    url.path: /api/stores
Activity.TraceFlags:         Recorded
Activity.TraceId:            b863e2036e436e4917561c50a25b3bcd
Activity.DisplayName:        POST api/stores
Activity.SpanId:             baad21395b02fa25
Activity.Kind:               Server
Activity.TraceFlags:         Recorded
    network.protocol.version: 1.1
Activity.DisplayName:        POST api/auth/email/resend-confirmation
Activity.TraceId:            875ca1108fa0380bd6b73cc76bb54815
Activity.StartTime:          2026-06-08T01:29:07.3355647Z
    http.route: api/stores
Activity.SpanId:             5b4c94cf6bdde329
Activity.Duration:           00:00:00.4721968
Activity.TraceFlags:         Recorded
Activity.Tags:
    http.response.status_code: 201
Activity.DisplayName:        GET api/admin/plans
Activity.Kind:               Server
Instrumentation scope (ActivitySource):
    server.address: localhost
Activity.StartTime:          2026-06-08T01:29:07.7339207Z
    http.request.method: POST
    Name: Microsoft.AspNetCore
    url.scheme: http
Resource associated with Activity:
    url.path: /api/stores
    telemetry.sdk.name: opentelemetry
    network.protocol.version: 1.1
Activity.Duration:           00:00:00.1038854
    http.route: api/stores
    telemetry.sdk.language: dotnet
Activity.Tags:
    http.response.status_code: 201
    telemetry.sdk.version: 1.14.0
Instrumentation scope (ActivitySource):
    server.address: localhost
    service.name: unknown_service:testhost
    http.request.method: POST
    Name: Microsoft.AspNetCore
Resource associated with Activity:
    url.scheme: http
    telemetry.sdk.name: opentelemetry
    url.path: /api/auth/email/resend-confirmation
    telemetry.sdk.language: dotnet
    network.protocol.version: 1.1
    telemetry.sdk.version: 1.14.0
    http.route: api/auth/email/resend-confirmation
    service.name: unknown_service:testhost
    http.response.status_code: 200
Instrumentation scope (ActivitySource):
    Name: Microsoft.AspNetCore
Activity.TraceId:            07f228158cd52b45070ea0ef5d41523f
Activity.Kind:               Server
Activity.SpanId:             c0a44eaaafd16c56
Resource associated with Activity:
Activity.TraceFlags:         Recorded
Activity.StartTime:          2026-06-08T01:29:07.6641408Z
Activity.DisplayName:        POST api/stores
Activity.Duration:           00:00:00.1730663
Activity.Kind:               Server
Activity.Tags:
    telemetry.sdk.name: opentelemetry
    server.address: localhost
    telemetry.sdk.language: dotnet
    http.request.method: GET
    telemetry.sdk.version: 1.14.0
Activity.StartTime:          2026-06-08T01:29:07.3355578Z
    service.name: unknown_service:testhost
Activity.Duration:           00:00:00.4722053
Activity.Tags:
    url.scheme: http
    url.path: /api/admin/plans
    server.address: localhost
Activity.TraceId:            b863e2036e436e4917561c50a25b3bcd
    network.protocol.version: 1.1
    http.request.method: POST
    http.route: api/admin/plans
    url.scheme: http
    http.response.status_code: 200
    url.path: /api/stores
Instrumentation scope (ActivitySource):
    network.protocol.version: 1.1
Activity.SpanId:             baad21395b02fa25
Activity.TraceId:            64190915d5a30f29cfb5b8378226f779
Activity.TraceFlags:         Recorded
Activity.SpanId:             0812d869a2a24d6b
    http.route: api/stores
Activity.DisplayName:        POST api/auth/email/resend-confirmation
Activity.TraceFlags:         Recorded
    http.response.status_code: 201
Activity.Kind:               Server
Activity.DisplayName:        POST api/stores
    Name: Microsoft.AspNetCore
Activity.StartTime:          2026-06-08T01:29:07.7339207Z
Instrumentation scope (ActivitySource):
Activity.Duration:           00:00:00.1038854
Activity.Kind:               Server
Resource associated with Activity:
Activity.Tags:
    telemetry.sdk.name: opentelemetry
    Name: Microsoft.AspNetCore
    server.address: localhost
    telemetry.sdk.language: dotnet
    http.request.method: POST
Activity.StartTime:          2026-06-08T01:29:07.4145947Z
    telemetry.sdk.version: 1.14.0
    url.scheme: http
Activity.Duration:           00:00:00.3931719
    url.path: /api/auth/email/resend-confirmation
Resource associated with Activity:
Activity.Tags:
    service.name: unknown_service:testhost
    telemetry.sdk.name: opentelemetry
    network.protocol.version: 1.1
    server.address: localhost
    http.route: api/auth/email/resend-confirmation
    telemetry.sdk.language: dotnet
Activity.TraceId:            df9d9aec94ca253350f38d1773f538ad
    telemetry.sdk.version: 1.14.0
Activity.SpanId:             62d391200204303f
    service.name: unknown_service:testhost
    http.response.status_code: 200
Instrumentation scope (ActivitySource):
Activity.TraceFlags:         Recorded
    Name: Microsoft.AspNetCore
Activity.DisplayName:        POST api/stores
Activity.TraceId:            875ca1108fa0380bd6b73cc76bb54815
Activity.Kind:               Server
Activity.SpanId:             5b4c94cf6bdde329
Activity.StartTime:          2026-06-08T01:29:07.3355647Z
Activity.TraceFlags:         Recorded
Activity.Duration:           00:00:00.4721968
Activity.DisplayName:        GET api/admin/plans
Activity.Tags:
    http.request.method: POST
Activity.Kind:               Server
    server.address: localhost
    url.scheme: http
    http.request.method: POST
    url.path: /api/stores
Resource associated with Activity:
    network.protocol.version: 1.1
    url.scheme: http
    http.route: api/stores
    url.path: /api/stores
    telemetry.sdk.name: opentelemetry
    http.response.status_code: 201
    network.protocol.version: 1.1
Activity.StartTime:          2026-06-08T01:29:07.6641408Z
Instrumentation scope (ActivitySource):
Activity.Duration:           00:00:00.1730663
    Name: Microsoft.AspNetCore
    http.route: api/stores
Activity.Tags:
    http.response.status_code: 201
Resource associated with Activity:
    server.address: localhost
Instrumentation scope (ActivitySource):
    telemetry.sdk.name: opentelemetry
    Name: Microsoft.AspNetCore
    telemetry.sdk.language: dotnet
    http.request.method: GET
    telemetry.sdk.version: 1.14.0
Resource associated with Activity:
    service.name: unknown_service:testhost
    url.scheme: http
    telemetry.sdk.name: opentelemetry
    telemetry.sdk.language: dotnet
    url.path: /api/admin/plans
    telemetry.sdk.version: 1.14.0
    network.protocol.version: 1.1
    service.name: unknown_service:testhost
    http.route: api/admin/plans
    http.response.status_code: 200
Instrumentation scope (ActivitySource):
    Name: Microsoft.AspNetCore
    telemetry.sdk.language: dotnet
Resource associated with Activity:
Activity.TraceId:            07f228158cd52b45070ea0ef5d41523f
Activity.TraceId:            df9d9aec94ca253350f38d1773f538ad
Activity.SpanId:             c0a44eaaafd16c56
    telemetry.sdk.name: opentelemetry
    telemetry.sdk.version: 1.14.0
Activity.SpanId:             62d391200204303f
Activity.TraceFlags:         Recorded
Activity.TraceFlags:         Recorded
    telemetry.sdk.language: dotnet
Activity.DisplayName:        POST api/stores
    service.name: unknown_service:testhost
Activity.DisplayName:        POST api/stores
Activity.Kind:               Server
Activity.Kind:               Server
    telemetry.sdk.version: 1.14.0
    service.name: unknown_service:testhost
Activity.StartTime:          2026-06-08T01:29:07.3355578Z
Activity.Duration:           00:00:00.4722053
Activity.StartTime:          2026-06-08T01:29:07.3355647Z
Activity.Tags:
Activity.Duration:           00:00:00.4721968
    server.address: localhost
Activity.TraceId:            b863e2036e436e4917561c50a25b3bcd
Activity.Tags:
    http.request.method: POST
Activity.SpanId:             baad21395b02fa25
    url.scheme: http
Activity.TraceFlags:         Recorded
    server.address: localhost
Activity.DisplayName:        POST api/auth/email/resend-confirmation
    http.request.method: POST
Activity.TraceId:            64190915d5a30f29cfb5b8378226f779
    url.scheme: http
Activity.Kind:               Server
Activity.SpanId:             0812d869a2a24d6b
    url.path: /api/stores
Activity.StartTime:          2026-06-08T01:29:07.7339207Z
    network.protocol.version: 1.1
Activity.Duration:           00:00:00.1038854
Activity.TraceFlags:         Recorded
Activity.Tags:
Activity.DisplayName:        POST api/stores
    http.route: api/stores
Activity.Kind:               Server
    server.address: localhost
    http.response.status_code: 201
    http.request.method: POST
Instrumentation scope (ActivitySource):
    url.scheme: http
Activity.StartTime:          2026-06-08T01:29:07.4145947Z
    url.path: /api/auth/email/resend-confirmation
    network.protocol.version: 1.1
    http.route: api/auth/email/resend-confirmation
    url.path: /api/stores
    http.response.status_code: 200
    network.protocol.version: 1.1
    http.route: api/stores
Instrumentation scope (ActivitySource):
    http.response.status_code: 201
Activity.Duration:           00:00:00.3931719
    Name: Microsoft.AspNetCore
Activity.Tags:
Instrumentation scope (ActivitySource):
Resource associated with Activity:
    Name: Microsoft.AspNetCore
    server.address: localhost
Resource associated with Activity:
    http.request.method: POST
    telemetry.sdk.name: opentelemetry
    telemetry.sdk.language: dotnet
    telemetry.sdk.version: 1.14.0
    url.scheme: http
    service.name: unknown_service:testhost
    url.path: /api/stores
    network.protocol.version: 1.1
    http.route: api/stores
    Name: Microsoft.AspNetCore
    http.response.status_code: 201
Resource associated with Activity:
Instrumentation scope (ActivitySource):
    telemetry.sdk.name: opentelemetry
    Name: Microsoft.AspNetCore
    telemetry.sdk.language: dotnet
    telemetry.sdk.version: 1.14.0
Resource associated with Activity:
    service.name: unknown_service:testhost
    telemetry.sdk.name: opentelemetry
    telemetry.sdk.language: dotnet
    telemetry.sdk.version: 1.14.0
    telemetry.sdk.name: opentelemetry
    service.name: unknown_service:testhost
    telemetry.sdk.language: dotnet
    telemetry.sdk.version: 1.14.0
    service.name: unknown_service:testhost
Activity.TraceId:            875ca1108fa0380bd6b73cc76bb54815
Activity.TraceId:            64190915d5a30f29cfb5b8378226f779
Activity.TraceId:            b863e2036e436e4917561c50a25b3bcd
Activity.SpanId:             0812d869a2a24d6b
Activity.SpanId:             5b4c94cf6bdde329
Activity.SpanId:             baad21395b02fa25
Activity.TraceFlags:         Recorded
Activity.TraceFlags:         Recorded
Activity.DisplayName:        POST api/stores
Activity.DisplayName:        GET api/admin/plans
Activity.Kind:               Server
Activity.Kind:               Server
Activity.TraceFlags:         Recorded
Activity.DisplayName:        POST api/auth/email/resend-confirmation
Activity.StartTime:          2026-06-08T01:29:07.4145947Z
Activity.Kind:               Server
Activity.Duration:           00:00:00.3931719
Activity.StartTime:          2026-06-08T01:29:07.7339207Z
Activity.Tags:
Activity.Duration:           00:00:00.1038854
    server.address: localhost
Activity.Tags:
    http.request.method: POST
    server.address: localhost
    url.scheme: http
    http.request.method: POST
    url.path: /api/stores
Activity.StartTime:          2026-06-08T01:29:07.6641408Z
Activity.TraceId:            df9d9aec94ca253350f38d1773f538ad
Activity.Duration:           00:00:00.1730663
Activity.SpanId:             62d391200204303f
Activity.Tags:
Activity.TraceFlags:         Recorded
Activity.DisplayName:        POST api/stores
Activity.Kind:               Server
    server.address: localhost
    network.protocol.version: 1.1
Activity.StartTime:          2026-06-08T01:29:07.3355647Z
    http.request.method: GET
Activity.Duration:           00:00:00.4721968
    http.route: api/stores
    url.scheme: http
    http.response.status_code: 201
    url.path: /api/admin/plans
Activity.Tags:
Instrumentation scope (ActivitySource):
    server.address: localhost
    Name: Microsoft.AspNetCore
    http.request.method: POST
Resource associated with Activity:
    network.protocol.version: 1.1
    url.scheme: http
    telemetry.sdk.name: opentelemetry
    url.path: /api/stores
    telemetry.sdk.language: dotnet
    http.route: api/admin/plans
    telemetry.sdk.version: 1.14.0
    http.response.status_code: 200
    service.name: unknown_service:testhost
    network.protocol.version: 1.1
Instrumentation scope (ActivitySource):
    http.route: api/stores
    Name: Microsoft.AspNetCore
    http.response.status_code: 201
Instrumentation scope (ActivitySource):
Resource associated with Activity:
    url.scheme: http
    Name: Microsoft.AspNetCore
    url.path: /api/auth/email/resend-confirmation
Resource associated with Activity:
    telemetry.sdk.name: opentelemetry
    telemetry.sdk.name: opentelemetry
    network.protocol.version: 1.1
    telemetry.sdk.language: dotnet
    http.route: api/auth/email/resend-confirmation
    telemetry.sdk.version: 1.14.0
    telemetry.sdk.language: dotnet
    http.response.status_code: 200
    telemetry.sdk.version: 1.14.0
Instrumentation scope (ActivitySource):
    service.name: unknown_service:testhost
    Name: Microsoft.AspNetCore
Resource associated with Activity:
    service.name: unknown_service:testhost
    telemetry.sdk.name: opentelemetry
    telemetry.sdk.language: dotnet
    telemetry.sdk.version: 1.14.0
    service.name: unknown_service:testhost
Activity.TraceId:            df9d9aec94ca253350f38d1773f538ad
Activity.TraceId:            07f228158cd52b45070ea0ef5d41523f
Activity.SpanId:             c0a44eaaafd16c56
Activity.TraceId:            875ca1108fa0380bd6b73cc76bb54815
Activity.SpanId:             62d391200204303f
Activity.TraceFlags:         Recorded
Activity.SpanId:             5b4c94cf6bdde329
Activity.DisplayName:        POST api/stores
Activity.TraceFlags:         Recorded
Activity.Kind:               Server
Activity.DisplayName:        GET api/admin/plans
Activity.TraceId:            64190915d5a30f29cfb5b8378226f779
Activity.TraceFlags:         Recorded
Activity.SpanId:             0812d869a2a24d6b
Activity.Kind:               Server
Activity.DisplayName:        POST api/stores
Activity.TraceFlags:         Recorded
Activity.Kind:               Server
Activity.StartTime:          2026-06-08T01:29:07.6641408Z
Activity.DisplayName:        POST api/stores
Activity.StartTime:          2026-06-08T01:29:07.3355647Z
Activity.Kind:               Server
Activity.Duration:           00:00:00.1730663
Activity.Duration:           00:00:00.4721968
Activity.Tags:
Activity.Tags:
    server.address: localhost
Activity.StartTime:          2026-06-08T01:29:07.4145947Z
    http.request.method: GET
    server.address: localhost
Activity.Duration:           00:00:00.3931719
    http.request.method: POST
Activity.Tags:
    url.scheme: http
    url.scheme: http
    url.path: /api/admin/plans
    server.address: localhost
    url.path: /api/stores
    http.request.method: POST
    network.protocol.version: 1.1
[22:29:07 INF] Saved 1 entities to in-memory store.
    url.scheme: http
    http.route: api/stores
    url.path: /api/stores
    http.response.status_code: 201
    network.protocol.version: 1.1
Instrumentation scope (ActivitySource):
    http.route: api/stores
    Name: Microsoft.AspNetCore
    http.response.status_code: 201
Resource associated with Activity:
Instrumentation scope (ActivitySource):
Activity.TraceId:            b863e2036e436e4917561c50a25b3bcd
    Name: Microsoft.AspNetCore
    telemetry.sdk.name: opentelemetry
Activity.SpanId:             baad21395b02fa25
    telemetry.sdk.language: dotnet
Resource associated with Activity:
    telemetry.sdk.version: 1.14.0
Activity.TraceFlags:         Recorded
    telemetry.sdk.name: opentelemetry
    service.name: unknown_service:testhost
    telemetry.sdk.language: dotnet
Activity.DisplayName:        POST api/auth/email/resend-confirmation
Activity.Kind:               Server
    telemetry.sdk.version: 1.14.0
Activity.StartTime:          2026-06-08T01:29:07.3355578Z
    network.protocol.version: 1.1
Activity.StartTime:          2026-06-08T01:29:07.7339207Z
    http.route: api/admin/plans
Activity.Duration:           00:00:00.1038854
[22:29:07 INF] Executing endpoint 'Urbeat.WebApi.Controllers.CustomerAddressesController.Create (Urbeat.WebApi)'
Activity.Tags:
    server.address: localhost
    http.response.status_code: 200
[22:29:07 INF] STORE_CREATED | Store created | StoreId=019ea4d9-0a47-7c4a-be71-120f51be1e1c | OwnerUserId=019ea4d9-0555-701f-9269-baa2b2d9577b | Name=Loja Teste | CuisineType=null | IP=null
Instrumentation scope (ActivitySource):
[22:29:07 INF] Saved 1 entities to in-memory store.
    Name: Microsoft.AspNetCore
Resource associated with Activity:
Activity.Duration:           00:00:00.4722053
    telemetry.sdk.name: opentelemetry
Activity.Tags:
    server.address: localhost
    telemetry.sdk.language: dotnet
    http.request.method: POST
    telemetry.sdk.version: 1.14.0
    url.scheme: http
    service.name: unknown_service:testhost
    url.path: /api/stores
    network.protocol.version: 1.1
    http.route: api/stores
    service.name: unknown_service:testhost
Activity.TraceId:            875ca1108fa0380bd6b73cc76bb54815
    http.response.status_code: 201
Activity.SpanId:             5b4c94cf6bdde329
Activity.TraceFlags:         Recorded
Instrumentation scope (ActivitySource):
Activity.DisplayName:        GET api/admin/plans
    Name: Microsoft.AspNetCore
Activity.Kind:               Server
    http.request.method: POST
Activity.TraceId:            df9d9aec94ca253350f38d1773f538ad
    url.scheme: http
Resource associated with Activity:
Activity.StartTime:          2026-06-08T01:29:07.6641408Z
    telemetry.sdk.name: opentelemetry
    url.path: /api/auth/email/resend-confirmation
Activity.Duration:           00:00:00.1730663
    telemetry.sdk.language: dotnet
Activity.Tags:
    telemetry.sdk.version: 1.14.0
[22:29:07 INF] Route matched with {action = "Create", controller = "CustomerAddresses"}. Executing controller action with signature System.Threading.Tasks.Task`1[Microsoft.AspNetCore.Mvc.IActionResult] Create(Urbeat.Application.DTOs.UpsertCustomerAddressRequestDto, System.Threading.CancellationToken) on controller Urbeat.WebApi.Controllers.CustomerAddressesController (Urbeat.WebApi).
    server.address: localhost
    service.name: unknown_service:testhost
Activity.SpanId:             62d391200204303f
Activity.TraceFlags:         Recorded
Activity.TraceId:            07f228158cd52b45070ea0ef5d41523f
Activity.DisplayName:        POST api/stores
Activity.SpanId:             c0a44eaaafd16c56
Activity.Kind:               Server
Activity.TraceFlags:         Recorded
    http.request.method: GET
Activity.StartTime:          2026-06-08T01:29:07.3355647Z
    url.scheme: http
Activity.Duration:           00:00:00.4721968
Activity.DisplayName:        POST api/stores
    url.path: /api/admin/plans
Activity.Tags:
    network.protocol.version: 1.1
Activity.Kind:               Server
    server.address: localhost
    http.route: api/admin/plans
    http.request.method: POST
    url.scheme: http
Activity.StartTime:          2026-06-08T01:29:07.3355578Z
    url.path: /api/stores
    network.protocol.version: 1.1
    network.protocol.version: 1.1
    http.response.status_code: 200
    http.route: api/auth/email/resend-confirmation
    http.route: api/stores
[22:29:07 INF] Saved 1 entities to in-memory store.
Instrumentation scope (ActivitySource):
    Name: Microsoft.AspNetCore
Resource associated with Activity:
Activity.Duration:           00:00:00.4722053
    telemetry.sdk.name: opentelemetry
Activity.Tags:
    telemetry.sdk.language: dotnet
    server.address: localhost
    telemetry.sdk.version: 1.14.0
    http.request.method: POST
    service.name: unknown_service:testhost
    url.scheme: http
    url.path: /api/stores
    http.response.status_code: 200
Instrumentation scope (ActivitySource):
    http.response.status_code: 201
    Name: Microsoft.AspNetCore
Instrumentation scope (ActivitySource):
    Name: Microsoft.AspNetCore
Resource associated with Activity:
Resource associated with Activity:
    telemetry.sdk.name: opentelemetry
    telemetry.sdk.name: opentelemetry
    telemetry.sdk.language: dotnet
    telemetry.sdk.version: 1.14.0
    telemetry.sdk.language: dotnet
    service.name: unknown_service:testhost
    network.protocol.version: 1.1
    telemetry.sdk.version: 1.14.0
    service.name: unknown_service:testhost
    http.route: api/stores
    http.response.status_code: 201
Activity.TraceId:            df9d9aec94ca253350f38d1773f538ad
Instrumentation scope (ActivitySource):
Activity.SpanId:             62d391200204303f
    Name: Microsoft.AspNetCore
Activity.TraceFlags:         Recorded
Resource associated with Activity:
Activity.DisplayName:        POST api/stores
    telemetry.sdk.name: opentelemetry
Activity.Kind:               Server
    telemetry.sdk.language: dotnet
    telemetry.sdk.version: 1.14.0
    service.name: unknown_service:testhost
Activity.StartTime:          2026-06-08T01:29:07.3355647Z
Activity.Duration:           00:00:00.4721968
Activity.Tags:
Activity.TraceId:            07f228158cd52b45070ea0ef5d41523f
    server.address: localhost
Activity.SpanId:             c0a44eaaafd16c56
    http.request.method: POST
Activity.TraceFlags:         Recorded
    url.scheme: http
Activity.DisplayName:        POST api/stores
    url.path: /api/stores
Activity.Kind:               Server
    network.protocol.version: 1.1
    http.route: api/stores
    http.response.status_code: 201
Activity.StartTime:          2026-06-08T01:29:07.3355578Z
Instrumentation scope (ActivitySource):
Activity.Duration:           00:00:00.4722053
    Name: Microsoft.AspNetCore
Activity.Tags:
Resource associated with Activity:
    server.address: localhost
    telemetry.sdk.name: opentelemetry
    http.request.method: POST
    telemetry.sdk.language: dotnet
    url.scheme: http
    telemetry.sdk.version: 1.14.0
    url.path: /api/stores
    service.name: unknown_service:testhost
    network.protocol.version: 1.1
    http.route: api/stores
    http.response.status_code: 201
Instrumentation scope (ActivitySource):
    Name: Microsoft.AspNetCore
Resource associated with Activity:
    telemetry.sdk.name: opentelemetry
    telemetry.sdk.language: dotnet
    telemetry.sdk.version: 1.14.0
    service.name: unknown_service:testhost
Activity.TraceId:            64190915d5a30f29cfb5b8378226f779
Activity.TraceId:            07f228158cd52b45070ea0ef5d41523f
Activity.SpanId:             0812d869a2a24d6b
Activity.SpanId:             c0a44eaaafd16c56
Activity.TraceFlags:         Recorded
Activity.TraceFlags:         Recorded
Activity.DisplayName:        POST api/stores
Activity.Kind:               Server
Activity.StartTime:          2026-06-08T01:29:07.4145947Z
Activity.Duration:           00:00:00.3931719
Activity.DisplayName:        POST api/stores
Activity.Tags:
Activity.Kind:               Server
    server.address: localhost
    http.request.method: POST
Activity.StartTime:          2026-06-08T01:29:07.3355578Z
    url.scheme: http
Activity.Duration:           00:00:00.4722053
    url.path: /api/stores
Activity.Tags:
    network.protocol.version: 1.1
    server.address: localhost
    http.route: api/stores
    http.request.method: POST
    http.response.status_code: 201
    url.scheme: http
Instrumentation scope (ActivitySource):
    url.path: /api/stores
    Name: Microsoft.AspNetCore
    network.protocol.version: 1.1
Resource associated with Activity:
    http.route: api/stores
    telemetry.sdk.name: opentelemetry
    http.response.status_code: 201
    telemetry.sdk.language: dotnet
Instrumentation scope (ActivitySource):
    telemetry.sdk.version: 1.14.0
    Name: Microsoft.AspNetCore
    service.name: unknown_service:testhost
Resource associated with Activity:
    telemetry.sdk.name: opentelemetry
    telemetry.sdk.language: dotnet
    telemetry.sdk.version: 1.14.0
    service.name: unknown_service:testhost
Activity.TraceId:            07f228158cd52b45070ea0ef5d41523f
Activity.TraceId:            875ca1108fa0380bd6b73cc76bb54815
Activity.SpanId:             c0a44eaaafd16c56
Activity.SpanId:             5b4c94cf6bdde329
Activity.TraceFlags:         Recorded
Activity.TraceFlags:         Recorded
Activity.DisplayName:        POST api/stores
Activity.DisplayName:        GET api/admin/plans
Activity.Kind:               Server
Activity.Kind:               Server
Activity.StartTime:          2026-06-08T01:29:07.6641408Z
Activity.StartTime:          2026-06-08T01:29:07.3355578Z
Activity.Duration:           00:00:00.1730663
Activity.Duration:           00:00:00.4722053
Activity.Tags:
Activity.Tags:
    server.address: localhost
    http.request.method: GET
    server.address: localhost
    url.scheme: http
    http.request.method: POST
    url.path: /api/admin/plans
    url.scheme: http
    network.protocol.version: 1.1
    url.path: /api/stores
    http.route: api/admin/plans
    network.protocol.version: 1.1
    http.response.status_code: 200
    http.route: api/stores
Instrumentation scope (ActivitySource):
    Name: Microsoft.AspNetCore
    http.response.status_code: 201
Resource associated with Activity:
Instrumentation scope (ActivitySource):
    telemetry.sdk.name: opentelemetry
    Name: Microsoft.AspNetCore
    telemetry.sdk.language: dotnet
Resource associated with Activity:
    telemetry.sdk.version: 1.14.0
    telemetry.sdk.name: opentelemetry
    service.name: unknown_service:testhost
    telemetry.sdk.language: dotnet
    telemetry.sdk.version: 1.14.0
    service.name: unknown_service:testhost
Activity.TraceId:            875ca1108fa0380bd6b73cc76bb54815
Activity.SpanId:             5b4c94cf6bdde329
Activity.TraceFlags:         Recorded
Activity.DisplayName:        GET api/admin/plans
Activity.Kind:               Server
Activity.StartTime:          2026-06-08T01:29:07.6641408Z
[22:29:07 INF] Saved 2 entities to in-memory store.
Activity.Duration:           00:00:00.1730663
Activity.Tags:
    server.address: localhost
    http.request.method: GET
    url.scheme: http
    url.path: /api/admin/plans
    network.protocol.version: 1.1
    http.route: api/admin/plans
    http.response.status_code: 200
Instrumentation scope (ActivitySource):
    Name: Microsoft.AspNetCore
Resource associated with Activity:
    telemetry.sdk.name: opentelemetry
    telemetry.sdk.language: dotnet
    telemetry.sdk.version: 1.14.0
    service.name: unknown_service:testhost
[22:29:07 INF] Saved 1 entities to in-memory store.
[22:29:07 INF] SellerRegistered | Registration succeeded | UserId=019ea4d9-0a30-7afd-a879-186a784179a9 | Email=customer.fa40abdebdff43bfb392b64f58913450@urbeat.test | Role=Seller
[22:29:07 INF] Executing action method Urbeat.WebApi.Controllers.CustomerAddressesController.Create (Urbeat.WebApi) - Validation state: Valid
[22:29:07 INF] EMAIL_CONFIRM_JOB_STARTED | Sending confirmation email | UserId=019ea4d9-0a30-7afd-a879-186a784179a9
[22:29:07 INF] Request starting HTTP/1.1 PATCH http://localhost/api/stores/019ea4d9-0923-7e39-a8b8-7736b2313b39/status - application/json; charset=utf-8 null
[22:29:07 INF] Request starting HTTP/1.1 PATCH http://localhost/api/stores/019ea4d9-0923-77a9-893d-16bf69230b17/delivery-config - application/json; charset=utf-8 null
[22:29:07 INF] Saved 2 entities to in-memory store.
[22:29:07 INF] Executed action method Urbeat.WebApi.Controllers.CustomerAddressesController.Create (Urbeat.WebApi), returned result Microsoft.AspNetCore.Mvc.ObjectResult in 15.1958ms.
[22:29:07 INF] Executing ObjectResult, writing value of type 'Urbeat.Application.DTOs.CustomerAddressResponseDto'.
[22:29:07 INF] Saved 1 entities to in-memory store.
[22:29:07 INF] EMAIL_CONFIRM_JOB_COMPLETED | Job completed | UserId=019ea4d9-0a30-7afd-a879-186a784179a9
[22:29:07 INF] Executed action Urbeat.WebApi.Controllers.CustomerAddressesController.Create (Urbeat.WebApi) in 17.315ms
[22:29:07 INF] Executed endpoint 'Urbeat.WebApi.Controllers.CustomerAddressesController.Create (Urbeat.WebApi)'
[22:29:07 INF] Executed action method Urbeat.WebApi.Controllers.AuthController.RegisterSeller (Urbeat.WebApi), returned result Microsoft.AspNetCore.Mvc.ObjectResult in 71.8108ms.
[22:29:07 INF] HTTP POST /api/customer/addresses responded 201 in 48.2364 ms
[22:29:07 INF] Executing endpoint 'Urbeat.WebApi.Controllers.StoresController.UpdateStatus (Urbeat.WebApi)'
[22:29:07 INF] Executing ObjectResult, writing value of type '<>f__AnonymousType2`3[[System.Nullable`1[[System.Guid, System.Private.CoreLib, Version=9.0.0.0, Culture=neutral, PublicKeyToken=7cec85d7bea7798e]], System.Private.CoreLib, Version=9.0.0.0, Culture=neutral, PublicKeyToken=7cec85d7bea7798e],[System.Boolean, System.Private.CoreLib, Version=9.0.0.0, Culture=neutral, PublicKeyToken=7cec85d7bea7798e],[System.String, System.Private.CoreLib, Version=9.0.0.0, Culture=neutral, PublicKeyToken=7cec85d7bea7798e]]'.
[22:29:07 INF] Request finished HTTP/1.1 POST http://localhost/api/customer/addresses - 201 null application/json; charset=utf-8 67.6852ms
[22:29:07 INF] Executed action Urbeat.WebApi.Controllers.AuthController.RegisterSeller (Urbeat.WebApi) in 88.9478ms
[22:29:07 INF] Executed endpoint 'Urbeat.WebApi.Controllers.AuthController.RegisterSeller (Urbeat.WebApi)'
Activity.TraceId:            4c1466d73fbab44833faef44adaf2afe
Activity.SpanId:             37fcc40d5705782e
[22:29:07 INF] Executing endpoint 'Urbeat.WebApi.Controllers.StoresController.UpdateDeliveryConfig (Urbeat.WebApi)'
Activity.TraceFlags:         Recorded
Activity.DisplayName:        POST api/customer/addresses
Activity.Kind:               Server
Activity.StartTime:          2026-06-08T01:29:07.8927829Z
Activity.Duration:           00:00:00.0678294
Activity.Tags:
    server.address: localhost
    http.request.method: POST
    url.scheme: http
    url.path: /api/customer/addresses
    network.protocol.version: 1.1
    http.route: api/customer/addresses
    http.response.status_code: 201
Instrumentation scope (ActivitySource):
    Name: Microsoft.AspNetCore
Resource associated with Activity:
    telemetry.sdk.name: opentelemetry
    telemetry.sdk.language: dotnet
[22:29:07 INF] Executed action method Urbeat.WebApi.Controllers.StoresController.Create (Urbeat.WebApi), returned result Microsoft.AspNetCore.Mvc.ObjectResult in 49.8124ms.
    telemetry.sdk.version: 1.14.0
    service.name: unknown_service:testhost
Activity.TraceId:            4c1466d73fbab44833faef44adaf2afe
Activity.SpanId:             37fcc40d5705782e
Activity.TraceFlags:         Recorded
Activity.DisplayName:        POST api/customer/addresses
Activity.Kind:               Server
Activity.StartTime:          2026-06-08T01:29:07.8927829Z
Activity.Duration:           00:00:00.0678294
Activity.Tags:
    server.address: localhost
    http.request.method: POST
    url.scheme: http
    url.path: /api/customer/addresses
    network.protocol.version: 1.1
    http.route: api/customer/addresses
    http.response.status_code: 201
Instrumentation scope (ActivitySource):
    Name: Microsoft.AspNetCore
Resource associated with Activity:
    telemetry.sdk.name: opentelemetry
    telemetry.sdk.language: dotnet
    telemetry.sdk.version: 1.14.0
    service.name: unknown_service:testhost
Activity.TraceId:            4c1466d73fbab44833faef44adaf2afe
Activity.SpanId:             37fcc40d5705782e
Activity.TraceFlags:         Recorded
Activity.DisplayName:        POST api/customer/addresses
Activity.Kind:               Server
Activity.StartTime:          2026-06-08T01:29:07.8927829Z
Activity.Duration:           00:00:00.0678294
Activity.Tags:
    server.address: localhost
    http.request.method: POST
    url.scheme: http
    url.path: /api/customer/addresses
    network.protocol.version: 1.1
    http.route: api/customer/addresses
    http.response.status_code: 201
Instrumentation scope (ActivitySource):
    Name: Microsoft.AspNetCore
Resource associated with Activity:
    telemetry.sdk.name: opentelemetry
    telemetry.sdk.language: dotnet
    telemetry.sdk.version: 1.14.0
    service.name: unknown_service:testhost
Activity.TraceId:            4c1466d73fbab44833faef44adaf2afe
Activity.SpanId:             37fcc40d5705782e
Activity.TraceFlags:         Recorded
Activity.DisplayName:        POST api/customer/addresses
Activity.Kind:               Server
Activity.StartTime:          2026-06-08T01:29:07.8927829Z
Activity.Duration:           00:00:00.0678294
Activity.Tags:
    server.address: localhost
    http.request.method: POST
    url.scheme: http
    url.path: /api/customer/addresses
    network.protocol.version: 1.1
    http.route: api/customer/addresses
    http.response.status_code: 201
Instrumentation scope (ActivitySource):
[22:29:07 INF] Executing ObjectResult, writing value of type 'Urbeat.Application.DTOs.StoreResponseDto'.
    Name: Microsoft.AspNetCore
Resource associated with Activity:
    telemetry.sdk.name: opentelemetry
    telemetry.sdk.language: dotnet
    telemetry.sdk.version: 1.14.0
    service.name: unknown_service:testhost
Activity.TraceId:            4c1466d73fbab44833faef44adaf2afe
Activity.SpanId:             37fcc40d5705782e
Activity.TraceFlags:         Recorded
Activity.DisplayName:        POST api/customer/addresses
Activity.Kind:               Server
Activity.StartTime:          2026-06-08T01:29:07.8927829Z
Activity.Duration:           00:00:00.0678294
Activity.Tags:
    server.address: localhost
    http.request.method: POST
    url.scheme: http
    url.path: /api/customer/addresses
    network.protocol.version: 1.1
    http.route: api/customer/addresses
    http.response.status_code: 201
Instrumentation scope (ActivitySource):
    Name: Microsoft.AspNetCore
Resource associated with Activity:
    telemetry.sdk.name: opentelemetry
    telemetry.sdk.language: dotnet
    telemetry.sdk.version: 1.14.0
    service.name: unknown_service:testhost
Activity.TraceId:            4c1466d73fbab44833faef44adaf2afe
Activity.SpanId:             37fcc40d5705782e
Activity.TraceFlags:         Recorded
Activity.DisplayName:        POST api/customer/addresses
Activity.Kind:               Server
Activity.StartTime:          2026-06-08T01:29:07.8927829Z
Activity.Duration:           00:00:00.0678294
Activity.Tags:
    server.address: localhost
    http.request.method: POST
    url.scheme: http
    url.path: /api/customer/addresses
    network.protocol.version: 1.1
    http.route: api/customer/addresses
    http.response.status_code: 201
Instrumentation scope (ActivitySource):
    Name: Microsoft.AspNetCore
Resource associated with Activity:
    telemetry.sdk.name: opentelemetry
    telemetry.sdk.language: dotnet
    telemetry.sdk.version: 1.14.0
    service.name: unknown_service:testhost
Activity.TraceId:            4c1466d73fbab44833faef44adaf2afe
Activity.SpanId:             37fcc40d5705782e
Activity.TraceFlags:         Recorded
Activity.DisplayName:        POST api/customer/addresses
Activity.Kind:               Server
Activity.StartTime:          2026-06-08T01:29:07.8927829Z
Activity.Duration:           00:00:00.0678294
Activity.Tags:
    server.address: localhost
    http.request.method: POST
    url.scheme: http
    url.path: /api/customer/addresses
    network.protocol.version: 1.1
    http.route: api/customer/addresses
    http.response.status_code: 201
Instrumentation scope (ActivitySource):
    Name: Microsoft.AspNetCore
Resource associated with Activity:
    telemetry.sdk.name: opentelemetry
    telemetry.sdk.language: dotnet
    telemetry.sdk.version: 1.14.0
    service.name: unknown_service:testhost
Activity.TraceId:            4c1466d73fbab44833faef44adaf2afe
Activity.SpanId:             37fcc40d5705782e
Activity.TraceFlags:         Recorded
Activity.DisplayName:        POST api/customer/addresses
Activity.Kind:               Server
Activity.StartTime:          2026-06-08T01:29:07.8927829Z
Activity.Duration:           00:00:00.0678294
Activity.Tags:
    server.address: localhost
    http.request.method: POST
    url.scheme: http
    url.path: /api/customer/addresses
    network.protocol.version: 1.1
    http.route: api/customer/addresses
    http.response.status_code: 201
Instrumentation scope (ActivitySource):
    Name: Microsoft.AspNetCore
Resource associated with Activity:
    telemetry.sdk.name: opentelemetry
    telemetry.sdk.language: dotnet
    telemetry.sdk.version: 1.14.0
    service.name: unknown_service:testhost
Activity.TraceId:            4c1466d73fbab44833faef44adaf2afe
Activity.SpanId:             37fcc40d5705782e
Activity.TraceFlags:         Recorded
Activity.DisplayName:        POST api/customer/addresses
Activity.Kind:               Server
Activity.StartTime:          2026-06-08T01:29:07.8927829Z
Activity.Duration:           00:00:00.0678294
Activity.Tags:
    server.address: localhost
    http.request.method: POST
    url.scheme: http
    url.path: /api/customer/addresses
    network.protocol.version: 1.1
    http.route: api/customer/addresses
    http.response.status_code: 201
Instrumentation scope (ActivitySource):
    Name: Microsoft.AspNetCore
Resource associated with Activity:
[xUnit.net 00:00:05.09]       Expected body.GetProperty("alreadyConfirmed").GetBoolean() to be False, but found True.
    telemetry.sdk.name: opentelemetry
    telemetry.sdk.language: dotnet
    telemetry.sdk.version: 1.14.0
    service.name: unknown_service:testhost
Activity.TraceId:            4c1466d73fbab44833faef44adaf2afe
Activity.SpanId:             37fcc40d5705782e
Activity.TraceFlags:         Recorded
Activity.DisplayName:        POST api/customer/addresses
[22:29:07 INF] HTTP POST /api/auth/register/seller responded 201 in 123.0747 ms
Activity.Kind:               Server
[xUnit.net 00:00:05.10]       Stack Trace:
[22:29:07 INF] Request starting HTTP/1.1 DELETE http://localhost/api/stores/019ea4d9-0923-7bcf-80a2-611711d559ed/categories/fabd706e-1d85-4229-bf81-c61e9f3d2309 - null null
Activity.StartTime:          2026-06-08T01:29:07.8927829Z
Activity.Duration:           00:00:00.0678294
Activity.Tags:
    server.address: localhost
    http.request.method: POST
    url.scheme: http
[xUnit.net 00:00:05.10]            at FluentAssertions.Execution.LateBoundTestFramework.Throw(String message)
    url.path: /api/customer/addresses
    network.protocol.version: 1.1
[22:29:07 INF] Executed action Urbeat.WebApi.Controllers.StoresController.Create (Urbeat.WebApi) in 91.2569ms
    http.route: api/customer/addresses
    http.response.status_code: 201
Instrumentation scope (ActivitySource):
    Name: Microsoft.AspNetCore
[xUnit.net 00:00:05.10]            at FluentAssertions.Execution.DefaultAssertionStrategy.HandleFailure(String message)
[22:29:07 INF] Request starting HTTP/1.1 PATCH http://localhost/api/stores/019ea4d9-0923-78e6-9f71-fa700b1530dc/status - application/json; charset=utf-8 null
Resource associated with Activity:
    telemetry.sdk.name: opentelemetry
    telemetry.sdk.language: dotnet
    telemetry.sdk.version: 1.14.0
[xUnit.net 00:00:05.10]            at FluentAssertions.Execution.AssertionScope.AddPreFormattedFailure(String formattedFailureMessage)
    service.name: unknown_service:testhost
[22:29:07 INF] Saved 1 entities to in-memory store.
Activity.TraceId:            4c1466d73fbab44833faef44adaf2afe
Activity.SpanId:             37fcc40d5705782e
Activity.TraceFlags:         Recorded
[22:29:07 INF] Route matched with {action = "UpdateDeliveryConfig", controller = "Stores"}. Executing controller action with signature System.Threading.Tasks.Task`1[Microsoft.AspNetCore.Mvc.IActionResult] UpdateDeliveryConfig(System.Guid, Urbeat.Application.DTOs.UpdateStoreDeliveryConfigRequestDto, System.Threading.CancellationToken) on controller Urbeat.WebApi.Controllers.StoresController (Urbeat.WebApi).
Activity.DisplayName:        POST api/customer/addresses
Activity.Kind:               Server
[xUnit.net 00:00:05.10]            at FluentAssertions.Execution.AssertionChain.FailWith(Func`1 getFailureReason)
[xUnit.net 00:00:05.10]            at FluentAssertions.Execution.AssertionChain.FailWith(Func`1 getFailureReason)
Activity.StartTime:          2026-06-08T01:29:07.8927829Z
Activity.Duration:           00:00:00.0678294
[xUnit.net 00:00:05.10]            at FluentAssertions.Execution.AssertionChain.FailWith(String message, Object[] args)
Activity.Tags:
[22:29:07 INF] Route matched with {action = "UpdateStatus", controller = "Stores"}. Executing controller action with signature System.Threading.Tasks.Task`1[Microsoft.AspNetCore.Mvc.IActionResult] UpdateStatus(System.Guid, Urbeat.Application.DTOs.UpdateStoreStatusRequestDto, System.Threading.CancellationToken) on controller Urbeat.WebApi.Controllers.StoresController (Urbeat.WebApi).
[22:29:07 INF] Executed endpoint 'Urbeat.WebApi.Controllers.StoresController.Create (Urbeat.WebApi)'
    server.address: localhost
    http.request.method: POST
    url.scheme: http
    url.path: /api/customer/addresses
[xUnit.net 00:00:05.10]            at FluentAssertions.Primitives.BooleanAssertions`1.BeFalse(String because, Object[] becauseArgs)
[22:29:07 WRN] The WebRootPath was not found: C:\Projetos\urbeat\backend\src\Urbeat.WebApi\wwwroot. Static files may be unavailable.
    network.protocol.version: 1.1
    http.route: api/customer/addresses
    http.response.status_code: 201
Instrumentation scope (ActivitySource):
    Name: Microsoft.AspNetCore
Resource associated with Activity:
    telemetry.sdk.name: opentelemetry
    telemetry.sdk.language: dotnet
    telemetry.sdk.version: 1.14.0
    service.name: unknown_service:testhost
Activity.TraceId:            4c1466d73fbab44833faef44adaf2afe
Activity.SpanId:             37fcc40d5705782e
[xUnit.net 00:00:05.10]         C:\Projetos\urbeat\backend\tests\Urbeat.IntegrationTests\Api\ResendEmailConfirmationFlowTests.cs(49,0): at Urbeat.IntegrationTests.Api.ResendEmailConfirmationFlowTests.Resend_ShouldReturn200_AndSendANewEmail_WhenUserExistsAndIsPending()
Activity.TraceFlags:         Recorded
Activity.DisplayName:        POST api/customer/addresses
Activity.Kind:               Server
[22:29:07 INF] Request finished HTTP/1.1 POST http://localhost/api/auth/register/seller - 201 null application/json; charset=utf-8 142.1609ms
Activity.StartTime:          2026-06-08T01:29:07.8927829Z
Activity.Duration:           00:00:00.0678294
[xUnit.net 00:00:05.10]         --- End of stack trace from previous location ---
Activity.Tags:
    server.address: localhost
    http.request.method: POST
    url.scheme: http
    url.path: /api/customer/addresses
    network.protocol.version: 1.1
    http.route: api/customer/addresses
    http.response.status_code: 201
Instrumentation scope (ActivitySource):
    Name: Microsoft.AspNetCore
Resource associated with Activity:
[22:29:07 INF] HTTP POST /api/stores responded 201 in 171.5957 ms
    telemetry.sdk.name: opentelemetry
    telemetry.sdk.language: dotnet
[22:29:07 INF] USER_LOGGED_IN | Login succeeded | UserId=6737d195-8da9-4c0d-a8cc-0720c96a020d | Email=admin@urbeat.local | Role=Admin | IP=null
    telemetry.sdk.version: 1.14.0
    service.name: unknown_service:testhost
[22:29:07 INF] Request starting HTTP/1.1 POST http://localhost/api/auth/login/admin - application/json; charset=utf-8 null
Activity.TraceId:            955698b29074ca9a43312c82e66da760
Activity.SpanId:             fc02daa5e981a49d
Activity.TraceFlags:         Recorded
Activity.DisplayName:        POST api/auth/register/seller
Activity.Kind:               Server
Activity.StartTime:          2026-06-08T01:29:07.8376949Z
Activity.Duration:           00:00:00.1423104
Activity.Tags:
    server.address: localhost
    http.request.method: POST
    url.scheme: http
    url.path: /api/auth/register/seller
    network.protocol.version: 1.1
    http.route: api/auth/register/seller
[22:29:07 INF] Request finished HTTP/1.1 POST http://localhost/api/stores - 201 null application/json; charset=utf-8 172.0239ms
    http.response.status_code: 201
Instrumentation scope (ActivitySource):
    Name: Microsoft.AspNetCore
Resource associated with Activity:
    telemetry.sdk.name: opentelemetry
    telemetry.sdk.language: dotnet
    telemetry.sdk.version: 1.14.0
    service.name: unknown_service:testhost
Activity.TraceId:            955698b29074ca9a43312c82e66da760
Activity.SpanId:             fc02daa5e981a49d
Activity.TraceFlags:         Recorded
Activity.DisplayName:        POST api/auth/register/seller
Activity.Kind:               Server
Activity.StartTime:          2026-06-08T01:29:07.8376949Z
Activity.Duration:           00:00:00.1423104
Activity.Tags:
    server.address: localhost
    http.request.method: POST
    url.scheme: http
    url.path: /api/auth/register/seller
    network.protocol.version: 1.1
    http.route: api/auth/register/seller
    http.response.status_code: 201
Instrumentation scope (ActivitySource):
    Name: Microsoft.AspNetCore
Resource associated with Activity:
    telemetry.sdk.name: opentelemetry
    telemetry.sdk.language: dotnet
    telemetry.sdk.version: 1.14.0
    service.name: unknown_service:testhost
Activity.TraceId:            955698b29074ca9a43312c82e66da760
Activity.SpanId:             fc02daa5e981a49d
Activity.TraceFlags:         Recorded
Activity.DisplayName:        POST api/auth/register/seller
Activity.Kind:               Server
Activity.StartTime:          2026-06-08T01:29:07.8376949Z
Activity.Duration:           00:00:00.1423104
Activity.Tags:
    server.address: localhost
    http.request.method: POST
    url.scheme: http
    url.path: /api/auth/register/seller
    network.protocol.version: 1.1
    http.route: api/auth/register/seller
    http.response.status_code: 201
Instrumentation scope (ActivitySource):
    Name: Microsoft.AspNetCore
Resource associated with Activity:
    telemetry.sdk.name: opentelemetry
    telemetry.sdk.language: dotnet
    telemetry.sdk.version: 1.14.0
    service.name: unknown_service:testhost
Activity.TraceId:            955698b29074ca9a43312c82e66da760
Activity.SpanId:             fc02daa5e981a49d
Activity.TraceFlags:         Recorded
Activity.DisplayName:        POST api/auth/register/seller
Activity.Kind:               Server
Activity.StartTime:          2026-06-08T01:29:07.8376949Z
[22:29:07 INF] Saved 1 entities to in-memory store.
Activity.Duration:           00:00:00.1423104
Activity.TraceId:            31a67ef77aec756d6663fcaba44ca056
Activity.Tags:
Activity.SpanId:             c129e16a3b770bac
    server.address: localhost
Activity.TraceFlags:         Recorded
    http.request.method: POST
Activity.DisplayName:        POST api/stores
    url.scheme: http
Activity.Kind:               Server
    url.path: /api/auth/register/seller
    network.protocol.version: 1.1
    http.route: api/auth/register/seller
Activity.StartTime:          2026-06-08T01:29:07.8080201Z
    http.response.status_code: 201
Activity.Duration:           00:00:00.1722167
Instrumentation scope (ActivitySource):
    Name: Microsoft.AspNetCore
Activity.Tags:
Resource associated with Activity:
    server.address: localhost
    telemetry.sdk.name: opentelemetry
    http.request.method: POST
    telemetry.sdk.language: dotnet
    url.scheme: http
    telemetry.sdk.version: 1.14.0
[22:29:07 INF] Executing endpoint 'Urbeat.WebApi.Controllers.StoresController.UpdateStatus (Urbeat.WebApi)'
    service.name: unknown_service:testhost
    url.path: /api/stores
    network.protocol.version: 1.1
Activity.TraceId:            955698b29074ca9a43312c82e66da760
    http.route: api/stores
Activity.SpanId:             fc02daa5e981a49d
    http.response.status_code: 201
Activity.TraceFlags:         Recorded
Activity.DisplayName:        POST api/auth/register/seller
Instrumentation scope (ActivitySource):
Activity.Kind:               Server
    Name: Microsoft.AspNetCore
Resource associated with Activity:
Activity.StartTime:          2026-06-08T01:29:07.8376949Z
[22:29:07 INF] Executed action method Urbeat.WebApi.Controllers.AuthController.LoginAdmin (Urbeat.WebApi), returned result Microsoft.AspNetCore.Mvc.OkObjectResult in 69.2567ms.
    telemetry.sdk.name: opentelemetry
Activity.Duration:           00:00:00.1423104
    telemetry.sdk.language: dotnet
[22:29:07 INF] Request starting HTTP/1.1 POST http://localhost/api/auth/register/seller - application/json; charset=utf-8 null
    telemetry.sdk.version: 1.14.0
Activity.Tags:
    service.name: unknown_service:testhost
    server.address: localhost
    http.request.method: POST
Activity.TraceId:            31a67ef77aec756d6663fcaba44ca056
    url.scheme: http
Activity.SpanId:             c129e16a3b770bac
    url.path: /api/auth/register/seller
Activity.TraceFlags:         Recorded
    network.protocol.version: 1.1
Activity.DisplayName:        POST api/stores
    http.route: api/auth/register/seller
Activity.Kind:               Server
    http.response.status_code: 201
Instrumentation scope (ActivitySource):
Activity.StartTime:          2026-06-08T01:29:07.8080201Z
    Name: Microsoft.AspNetCore
Activity.Duration:           00:00:00.1722167
Resource associated with Activity:
Activity.Tags:
    telemetry.sdk.name: opentelemetry
    server.address: localhost
    telemetry.sdk.language: dotnet
    http.request.method: POST
    telemetry.sdk.version: 1.14.0
    service.name: unknown_service:testhost
    url.scheme: http
    url.path: /api/stores
    network.protocol.version: 1.1
    http.route: api/stores
Activity.TraceId:            955698b29074ca9a43312c82e66da760
    http.response.status_code: 201
Activity.SpanId:             fc02daa5e981a49d
Instrumentation scope (ActivitySource):
Activity.TraceFlags:         Recorded
    Name: Microsoft.AspNetCore
Activity.DisplayName:        POST api/auth/register/seller
Resource associated with Activity:
Activity.Kind:               Server
    telemetry.sdk.name: opentelemetry
    telemetry.sdk.language: dotnet
    telemetry.sdk.version: 1.14.0
    service.name: unknown_service:testhost
Activity.StartTime:          2026-06-08T01:29:07.8376949Z
Activity.Duration:           00:00:00.1423104
Activity.Tags:
Activity.TraceId:            31a67ef77aec756d6663fcaba44ca056
    server.address: localhost
Activity.SpanId:             c129e16a3b770bac
    http.request.method: POST
Activity.TraceFlags:         Recorded
[22:29:07 INF] Executing OkObjectResult, writing value of type 'Urbeat.Application.DTOs.AuthTokenResponseDto'.
Activity.DisplayName:        POST api/stores
    url.scheme: http
Activity.Kind:               Server
    url.path: /api/auth/register/seller
Activity.StartTime:          2026-06-08T01:29:07.8080201Z
    network.protocol.version: 1.1
Activity.Duration:           00:00:00.1722167
    http.route: api/auth/register/seller
Activity.Tags:
    http.response.status_code: 201
    server.address: localhost
Instrumentation scope (ActivitySource):
    http.request.method: POST
    Name: Microsoft.AspNetCore
    url.scheme: http
Resource associated with Activity:
    url.path: /api/stores
    telemetry.sdk.name: opentelemetry
    network.protocol.version: 1.1
    telemetry.sdk.language: dotnet
    http.route: api/stores
    telemetry.sdk.version: 1.14.0
    http.response.status_code: 201
    service.name: unknown_service:testhost
Instrumentation scope (ActivitySource):
    Name: Microsoft.AspNetCore
Resource associated with Activity:
    telemetry.sdk.name: opentelemetry
Activity.TraceId:            955698b29074ca9a43312c82e66da760
    telemetry.sdk.language: dotnet
Activity.SpanId:             fc02daa5e981a49d
    telemetry.sdk.version: 1.14.0
Activity.TraceFlags:         Recorded
    service.name: unknown_service:testhost
Activity.DisplayName:        POST api/auth/register/seller
Activity.Kind:               Server
Activity.TraceId:            31a67ef77aec756d6663fcaba44ca056
Activity.SpanId:             c129e16a3b770bac
Activity.TraceFlags:         Recorded
Activity.StartTime:          2026-06-08T01:29:07.8376949Z
Activity.DisplayName:        POST api/stores
Activity.Duration:           00:00:00.1423104
Activity.Kind:               Server
Activity.Tags:
Activity.StartTime:          2026-06-08T01:29:07.8080201Z
    server.address: localhost
Activity.Duration:           00:00:00.1722167
    http.request.method: POST
Activity.Tags:
    url.scheme: http
    server.address: localhost
    url.path: /api/auth/register/seller
    http.request.method: POST
    network.protocol.version: 1.1
    url.scheme: http
    http.route: api/auth/register/seller
    url.path: /api/stores
    http.response.status_code: 201
    network.protocol.version: 1.1
Instrumentation scope (ActivitySource):
    http.route: api/stores
    Name: Microsoft.AspNetCore
    http.response.status_code: 201
Resource associated with Activity:
Instrumentation scope (ActivitySource):
    telemetry.sdk.name: opentelemetry
    Name: Microsoft.AspNetCore
    telemetry.sdk.language: dotnet
Resource associated with Activity:
    telemetry.sdk.version: 1.14.0
[22:29:07 INF] Executed action Urbeat.WebApi.Controllers.AuthController.LoginAdmin (Urbeat.WebApi) in 109.1282ms
    service.name: unknown_service:testhost
    telemetry.sdk.name: opentelemetry
    telemetry.sdk.language: dotnet
Activity.TraceId:            955698b29074ca9a43312c82e66da760
    telemetry.sdk.version: 1.14.0
Activity.SpanId:             fc02daa5e981a49d
    service.name: unknown_service:testhost
Activity.TraceFlags:         Recorded
Activity.TraceId:            31a67ef77aec756d6663fcaba44ca056
Activity.DisplayName:        POST api/auth/register/seller
Activity.SpanId:             c129e16a3b770bac
Activity.Kind:               Server
Activity.TraceFlags:         Recorded
Activity.DisplayName:        POST api/stores
Activity.StartTime:          2026-06-08T01:29:07.8376949Z
Activity.Kind:               Server
Activity.Duration:           00:00:00.1423104
Activity.StartTime:          2026-06-08T01:29:07.8080201Z
Activity.Tags:
Activity.Duration:           00:00:00.1722167
    server.address: localhost
Activity.Tags:
    http.request.method: POST
    server.address: localhost
[22:29:07 INF] Executed endpoint 'Urbeat.WebApi.Controllers.AuthController.LoginAdmin (Urbeat.WebApi)'
    url.scheme: http
    http.request.method: POST
    url.path: /api/auth/register/seller
    url.scheme: http
    network.protocol.version: 1.1
    url.path: /api/stores
    http.route: api/auth/register/seller
    network.protocol.version: 1.1
    http.response.status_code: 201
    http.route: api/stores
Instrumentation scope (ActivitySource):
    http.response.status_code: 201
    Name: Microsoft.AspNetCore
Resource associated with Activity:
Instrumentation scope (ActivitySource):
    Name: Microsoft.AspNetCore
    telemetry.sdk.name: opentelemetry
Resource associated with Activity:
    telemetry.sdk.language: dotnet
    telemetry.sdk.name: opentelemetry
    telemetry.sdk.version: 1.14.0
    telemetry.sdk.language: dotnet
    telemetry.sdk.version: 1.14.0
    service.name: unknown_service:testhost
    service.name: unknown_service:testhost
Activity.TraceId:            31a67ef77aec756d6663fcaba44ca056
Activity.SpanId:             c129e16a3b770bac
Activity.TraceId:            955698b29074ca9a43312c82e66da760
Activity.TraceFlags:         Recorded
Activity.SpanId:             fc02daa5e981a49d
Activity.DisplayName:        POST api/stores
Activity.TraceFlags:         Recorded
Activity.Kind:               Server
Activity.DisplayName:        POST api/auth/register/seller
Activity.StartTime:          2026-06-08T01:29:07.8080201Z
Activity.Kind:               Server
[22:29:07 INF] HTTP POST /api/auth/login/admin responded 200 in 143.0550 ms
Activity.StartTime:          2026-06-08T01:29:07.8376949Z
Activity.Duration:           00:00:00.1423104
Activity.Duration:           00:00:00.1722167
Activity.Tags:
[22:29:07 INF] Executing endpoint 'Urbeat.WebApi.Controllers.AuthController.LoginAdmin (Urbeat.WebApi)'
    server.address: localhost
[22:29:07 INF] Executing endpoint 'Urbeat.WebApi.Controllers.AuthController.RegisterSeller (Urbeat.WebApi)'
    http.request.method: POST
Activity.Tags:
    url.scheme: http
    server.address: localhost
    url.path: /api/auth/register/seller
    http.request.method: POST
    url.scheme: http
    network.protocol.version: 1.1
    url.path: /api/stores
    network.protocol.version: 1.1
    http.route: api/auth/register/seller
    http.route: api/stores
    http.response.status_code: 201
    http.response.status_code: 201
[22:29:07 INF] Executing action method Urbeat.WebApi.Controllers.StoresController.UpdateStatus (Urbeat.WebApi) - Validation state: Valid
Instrumentation scope (ActivitySource):
Instrumentation scope (ActivitySource):
    Name: Microsoft.AspNetCore
    Name: Microsoft.AspNetCore
Resource associated with Activity:
Resource associated with Activity:
    telemetry.sdk.name: opentelemetry
    telemetry.sdk.name: opentelemetry
    telemetry.sdk.language: dotnet
    telemetry.sdk.language: dotnet
    telemetry.sdk.version: 1.14.0
    telemetry.sdk.version: 1.14.0
    service.name: unknown_service:testhost
    service.name: unknown_service:testhost
[22:29:07 INF] Request finished HTTP/1.1 POST http://localhost/api/auth/login/admin - 200 null application/json; charset=utf-8 174.0748ms
[22:29:07 INF] Executing endpoint 'Urbeat.WebApi.Controllers.StoreCategoriesController.Delete (Urbeat.WebApi)'
Activity.TraceId:            31a67ef77aec756d6663fcaba44ca056
Activity.SpanId:             c129e16a3b770bac
Activity.TraceFlags:         Recorded
Activity.TraceId:            955698b29074ca9a43312c82e66da760
Activity.DisplayName:        POST api/stores
Activity.SpanId:             fc02daa5e981a49d
Activity.Kind:               Server
Activity.TraceFlags:         Recorded
Activity.DisplayName:        POST api/auth/register/seller
Activity.Kind:               Server
Activity.StartTime:          2026-06-08T01:29:07.8080201Z
Activity.Duration:           00:00:00.1722167
Activity.Tags:
Activity.StartTime:          2026-06-08T01:29:07.8376949Z
    server.address: localhost
Activity.Duration:           00:00:00.1423104
    http.request.method: POST
Activity.Tags:
    url.scheme: http
    server.address: localhost
    url.path: /api/stores
    network.protocol.version: 1.1
    http.route: api/stores
    http.request.method: POST
    http.response.status_code: 201
    url.scheme: http
Instrumentation scope (ActivitySource):
    url.path: /api/auth/register/seller
    Name: Microsoft.AspNetCore
    network.protocol.version: 1.1
Resource associated with Activity:
    http.route: api/auth/register/seller
    telemetry.sdk.name: opentelemetry
    http.response.status_code: 201
    telemetry.sdk.language: dotnet
    telemetry.sdk.version: 1.14.0
Instrumentation scope (ActivitySource):
    service.name: unknown_service:testhost
    Name: Microsoft.AspNetCore
Resource associated with Activity:
    telemetry.sdk.name: opentelemetry
Activity.TraceId:            31a67ef77aec756d6663fcaba44ca056
    telemetry.sdk.language: dotnet
Activity.SpanId:             c129e16a3b770bac
    telemetry.sdk.version: 1.14.0
Activity.TraceFlags:         Recorded
    service.name: unknown_service:testhost
Activity.DisplayName:        POST api/stores
Activity.Kind:               Server
Activity.TraceId:            955698b29074ca9a43312c82e66da760
Activity.StartTime:          2026-06-08T01:29:07.8080201Z
Activity.SpanId:             fc02daa5e981a49d
Activity.Duration:           00:00:00.1722167
Activity.TraceFlags:         Recorded
Activity.Tags:
Activity.DisplayName:        POST api/auth/register/seller
    server.address: localhost
Activity.Kind:               Server
    http.request.method: POST
    url.scheme: http
Activity.StartTime:          2026-06-08T01:29:07.8376949Z
    url.path: /api/stores
Activity.Duration:           00:00:00.1423104
    network.protocol.version: 1.1
[22:29:07 INF] Saved 1 entities to in-memory store.
    http.route: api/stores
Activity.Tags:
    http.response.status_code: 201
    server.address: localhost
Instrumentation scope (ActivitySource):
    http.request.method: POST
    Name: Microsoft.AspNetCore
Resource associated with Activity:
    url.scheme: http
    telemetry.sdk.name: opentelemetry
    url.path: /api/auth/register/seller
    telemetry.sdk.language: dotnet
    network.protocol.version: 1.1
    http.route: api/auth/register/seller
    telemetry.sdk.version: 1.14.0
    service.name: unknown_service:testhost
Activity.TraceId:            4e30e2c35a6247219c1e33d3a6acf09c
    http.response.status_code: 201
Activity.SpanId:             28b8c559b4550cab
Activity.TraceId:            31a67ef77aec756d6663fcaba44ca056
Activity.TraceFlags:         Recorded
Instrumentation scope (ActivitySource):
Activity.DisplayName:        POST api/auth/login/admin
    Name: Microsoft.AspNetCore
Activity.Kind:               Server
[22:29:07 INF] Saved 1 entities to in-memory store.
Resource associated with Activity:
    telemetry.sdk.name: opentelemetry
Activity.StartTime:          2026-06-08T01:29:07.8084491Z
    telemetry.sdk.language: dotnet
Activity.SpanId:             c129e16a3b770bac
    telemetry.sdk.version: 1.14.0
[22:29:07 INF] Route matched with {action = "UpdateStatus", controller = "Stores"}. Executing controller action with signature System.Threading.Tasks.Task`1[Microsoft.AspNetCore.Mvc.IActionResult] UpdateStatus(System.Guid, Urbeat.Application.DTOs.UpdateStoreStatusRequestDto, System.Threading.CancellationToken) on controller Urbeat.WebApi.Controllers.StoresController (Urbeat.WebApi).
Activity.TraceFlags:         Recorded
    service.name: unknown_service:testhost
Activity.DisplayName:        POST api/stores
Activity.Kind:               Server
Activity.Duration:           00:00:00.1742506
Activity.StartTime:          2026-06-08T01:29:07.8080201Z
Activity.Tags:
Activity.Duration:           00:00:00.1722167
[22:29:07 INF] Executing action method Urbeat.WebApi.Controllers.StoresController.UpdateDeliveryConfig (Urbeat.WebApi) - Validation state: Valid
    server.address: localhost
Activity.Tags:
    http.request.method: POST
    server.address: localhost
    http.request.method: POST
    url.scheme: http
[22:29:07 INF] Route matched with {action = "Delete", controller = "StoreCategories"}. Executing controller action with signature System.Threading.Tasks.Task`1[Microsoft.AspNetCore.Mvc.IActionResult] Delete(System.Guid, System.Threading.CancellationToken) on controller Urbeat.WebApi.Controllers.StoreCategoriesController (Urbeat.WebApi).
    url.scheme: http
Activity.TraceId:            955698b29074ca9a43312c82e66da760
[22:29:07 INF] Route matched with {action = "LoginAdmin", controller = "Auth"}. Executing controller action with signature System.Threading.Tasks.Task`1[Microsoft.AspNetCore.Mvc.IActionResult] LoginAdmin(Urbeat.Application.DTOs.LoginRequestDto, System.Threading.CancellationToken) on controller Urbeat.WebApi.Controllers.AuthController (Urbeat.WebApi).
Activity.SpanId:             fc02daa5e981a49d
Activity.TraceFlags:         Recorded
Activity.DisplayName:        POST api/auth/register/seller
Activity.Kind:               Server
    url.path: /api/stores
[22:29:07 INF] Route matched with {action = "RegisterSeller", controller = "Auth"}. Executing controller action with signature System.Threading.Tasks.Task`1[Microsoft.AspNetCore.Mvc.IActionResult] RegisterSeller(Urbeat.Application.DTOs.RegisterUserRequestDto, System.Threading.CancellationToken) on controller Urbeat.WebApi.Controllers.AuthController (Urbeat.WebApi).
    network.protocol.version: 1.1
Activity.StartTime:          2026-06-08T01:29:07.8376949Z
    http.route: api/stores
Activity.Duration:           00:00:00.1423104
[22:29:07 INF] Saved 1 entities to in-memory store.
    http.response.status_code: 201
    url.path: /api/auth/login/admin
Instrumentation scope (ActivitySource):
    network.protocol.version: 1.1
    http.route: api/auth/login/admin
    Name: Microsoft.AspNetCore
    http.response.status_code: 200
Resource associated with Activity:
Instrumentation scope (ActivitySource):
    Name: Microsoft.AspNetCore
    telemetry.sdk.name: opentelemetry
Resource associated with Activity:
    telemetry.sdk.language: dotnet
    telemetry.sdk.name: opentelemetry
    telemetry.sdk.language: dotnet
    telemetry.sdk.version: 1.14.0
Activity.Tags:
    telemetry.sdk.version: 1.14.0
    service.name: unknown_service:testhost
    service.name: unknown_service:testhost
    server.address: localhost
    http.request.method: POST
    url.scheme: http
    url.path: /api/auth/register/seller
Activity.TraceId:            4e30e2c35a6247219c1e33d3a6acf09c
    network.protocol.version: 1.1
Activity.SpanId:             28b8c559b4550cab
    http.route: api/auth/register/seller
Activity.TraceId:            31a67ef77aec756d6663fcaba44ca056
    http.response.status_code: 201
Activity.TraceFlags:         Recorded
Activity.SpanId:             c129e16a3b770bac
Activity.DisplayName:        POST api/auth/login/admin
Activity.TraceFlags:         Recorded
Activity.Kind:               Server
Instrumentation scope (ActivitySource):
Activity.DisplayName:        POST api/stores
    Name: Microsoft.AspNetCore
Activity.Kind:               Server
Resource associated with Activity:
Activity.StartTime:          2026-06-08T01:29:07.8084491Z
    telemetry.sdk.name: opentelemetry
Activity.Duration:           00:00:00.1742506
    telemetry.sdk.language: dotnet
Activity.Tags:
    telemetry.sdk.version: 1.14.0
    server.address: localhost
    service.name: unknown_service:testhost
    http.request.method: POST
Activity.StartTime:          2026-06-08T01:29:07.8080201Z
    url.scheme: http
Activity.Duration:           00:00:00.1722167
    url.path: /api/auth/login/admin
Activity.Tags:
    network.protocol.version: 1.1
    server.address: localhost
    http.route: api/auth/login/admin
    http.request.method: POST
    http.response.status_code: 200
    url.scheme: http
Instrumentation scope (ActivitySource):
    url.path: /api/stores
    Name: Microsoft.AspNetCore
    network.protocol.version: 1.1
Resource associated with Activity:
    http.route: api/stores
    telemetry.sdk.name: opentelemetry
    http.response.status_code: 201
    telemetry.sdk.language: dotnet
Instrumentation scope (ActivitySource):
    telemetry.sdk.version: 1.14.0
    Name: Microsoft.AspNetCore
Resource associated with Activity:
    service.name: unknown_service:testhost
    telemetry.sdk.name: opentelemetry
    telemetry.sdk.language: dotnet
Activity.TraceId:            4e30e2c35a6247219c1e33d3a6acf09c
    telemetry.sdk.version: 1.14.0
    service.name: unknown_service:testhost
Activity.SpanId:             28b8c559b4550cab
Activity.TraceId:            31a67ef77aec756d6663fcaba44ca056
Activity.TraceFlags:         Recorded
Activity.SpanId:             c129e16a3b770bac
Activity.DisplayName:        POST api/auth/login/admin
Activity.TraceFlags:         Recorded
Activity.Kind:               Server
Activity.DisplayName:        POST api/stores
Activity.Kind:               Server
Activity.StartTime:          2026-06-08T01:29:07.8084491Z
Activity.StartTime:          2026-06-08T01:29:07.8080201Z
Activity.Duration:           00:00:00.1742506
Activity.Duration:           00:00:00.1722167
Activity.Tags:
Activity.Tags:
    server.address: localhost
    server.address: localhost
    http.request.method: POST
    http.request.method: POST
    url.scheme: http
    url.scheme: http
    url.path: /api/auth/login/admin
    url.path: /api/stores
    network.protocol.version: 1.1
    network.protocol.version: 1.1
    http.route: api/auth/login/admin
    http.route: api/stores
    http.response.status_code: 200
    http.response.status_code: 201
Instrumentation scope (ActivitySource):
Instrumentation scope (ActivitySource):
    Name: Microsoft.AspNetCore
    Name: Microsoft.AspNetCore
Resource associated with Activity:
Resource associated with Activity:
    telemetry.sdk.name: opentelemetry
    telemetry.sdk.name: opentelemetry
    telemetry.sdk.language: dotnet
    telemetry.sdk.language: dotnet
    telemetry.sdk.version: 1.14.0
    telemetry.sdk.version: 1.14.0
    service.name: unknown_service:testhost
    service.name: unknown_service:testhost
Activity.TraceId:            31a67ef77aec756d6663fcaba44ca056
Activity.SpanId:             c129e16a3b770bac
Activity.TraceId:            4e30e2c35a6247219c1e33d3a6acf09c
Activity.TraceFlags:         Recorded
Activity.SpanId:             28b8c559b4550cab
Activity.DisplayName:        POST api/stores
Activity.TraceFlags:         Recorded
Activity.Kind:               Server
Activity.DisplayName:        POST api/auth/login/admin
Activity.StartTime:          2026-06-08T01:29:07.8080201Z
Activity.Kind:               Server
Activity.Duration:           00:00:00.1722167
Activity.Tags:
    server.address: localhost
    http.request.method: POST
    url.scheme: http
Activity.StartTime:          2026-06-08T01:29:07.8084491Z
    url.path: /api/stores
    network.protocol.version: 1.1
Activity.Duration:           00:00:00.1742506
    http.route: api/stores
Activity.Tags:
[22:29:08 INF] Request starting HTTP/1.1 POST http://localhost/api/auth/register/customer - application/json; charset=utf-8 null
    http.response.status_code: 201
    server.address: localhost
Instrumentation scope (ActivitySource):
    http.request.method: POST
    url.scheme: http
    url.path: /api/auth/login/admin
    network.protocol.version: 1.1
    Name: Microsoft.AspNetCore
[22:29:08 INF] Saved 1 entities to in-memory store.
Resource associated with Activity:
    telemetry.sdk.name: opentelemetry
    telemetry.sdk.language: dotnet
    telemetry.sdk.version: 1.14.0
    service.name: unknown_service:testhost
    http.route: api/auth/login/admin
    http.response.status_code: 200
Instrumentation scope (ActivitySource):
    Name: Microsoft.AspNetCore
Resource associated with Activity:
    telemetry.sdk.name: opentelemetry
    telemetry.sdk.language: dotnet
    telemetry.sdk.version: 1.14.0
    service.name: unknown_service:testhost
Activity.TraceId:            4e30e2c35a6247219c1e33d3a6acf09c
Activity.SpanId:             28b8c559b4550cab
Activity.TraceFlags:         Recorded
Activity.DisplayName:        POST api/auth/login/admin
Activity.Kind:               Server
Activity.StartTime:          2026-06-08T01:29:07.8084491Z
Activity.Duration:           00:00:00.1742506
Activity.Tags:
    server.address: localhost
    http.request.method: POST
    url.scheme: http
    url.path: /api/auth/login/admin
    network.protocol.version: 1.1
    http.route: api/auth/login/admin
    http.response.status_code: 200
Instrumentation scope (ActivitySource):
    Name: Microsoft.AspNetCore
Resource associated with Activity:
    telemetry.sdk.name: opentelemetry
    telemetry.sdk.language: dotnet
    telemetry.sdk.version: 1.14.0
    service.name: unknown_service:testhost
Activity.TraceId:            4e30e2c35a6247219c1e33d3a6acf09c
Activity.SpanId:             28b8c559b4550cab
Activity.TraceFlags:         Recorded
Activity.DisplayName:        POST api/auth/login/admin
Activity.Kind:               Server
Activity.StartTime:          2026-06-08T01:29:07.8084491Z
Activity.Duration:           00:00:00.1742506
Activity.Tags:
    server.address: localhost
    http.request.method: POST
    url.scheme: http
    url.path: /api/auth/login/admin
    network.protocol.version: 1.1
    http.route: api/auth/login/admin
    http.response.status_code: 200
Instrumentation scope (ActivitySource):
    Name: Microsoft.AspNetCore
Resource associated with Activity:
    telemetry.sdk.name: opentelemetry
    telemetry.sdk.language: dotnet
[22:29:08 INF] Executing endpoint 'Urbeat.WebApi.Controllers.AuthController.RegisterCustomer (Urbeat.WebApi)'
    telemetry.sdk.version: 1.14.0
    service.name: unknown_service:testhost
[22:29:08 INF] STORE_STATUS_UPDATED | Store status updated | StoreId=019ea4d9-0923-7e39-a8b8-7736b2313b39 | OwnerUserId=019ea4d9-0555-754d-a533-7cf2fd369faf | IsOpen=True | IP=null
Activity.TraceId:            4e30e2c35a6247219c1e33d3a6acf09c
Activity.SpanId:             28b8c559b4550cab
Activity.TraceFlags:         Recorded
Activity.DisplayName:        POST api/auth/login/admin
Activity.Kind:               Server
Activity.StartTime:          2026-06-08T01:29:07.8084491Z
Activity.Duration:           00:00:00.1742506
Activity.Tags:
[22:29:08 INF] Route matched with {action = "RegisterCustomer", controller = "Auth"}. Executing controller action with signature System.Threading.Tasks.Task`1[Microsoft.AspNetCore.Mvc.IActionResult] RegisterCustomer(Urbeat.Application.DTOs.RegisterUserRequestDto, System.Threading.CancellationToken) on controller Urbeat.WebApi.Controllers.AuthController (Urbeat.WebApi).
    server.address: localhost
    http.request.method: POST
    url.scheme: http
    url.path: /api/auth/login/admin
    network.protocol.version: 1.1
    http.route: api/auth/login/admin
    http.response.status_code: 200
Instrumentation scope (ActivitySource):
    Name: Microsoft.AspNetCore
Resource associated with Activity:
    telemetry.sdk.name: opentelemetry
    telemetry.sdk.language: dotnet
    telemetry.sdk.version: 1.14.0
    service.name: unknown_service:testhost
Activity.TraceId:            4e30e2c35a6247219c1e33d3a6acf09c
Activity.SpanId:             28b8c559b4550cab
Activity.TraceFlags:         Recorded
[22:29:08 INF] Saved 7 entities to in-memory store.
[22:29:08 INF] Executing action method Urbeat.WebApi.Controllers.StoresController.UpdateStatus (Urbeat.WebApi) - Validation state: Valid
Activity.DisplayName:        POST api/auth/login/admin
Activity.Kind:               Server
Activity.StartTime:          2026-06-08T01:29:07.8084491Z
Activity.Duration:           00:00:00.1742506
Activity.Tags:
    server.address: localhost
    http.request.method: POST
    url.scheme: http
    url.path: /api/auth/login/admin
    network.protocol.version: 1.1
    http.route: api/auth/login/admin
    http.response.status_code: 200
Instrumentation scope (ActivitySource):
    Name: Microsoft.AspNetCore
Resource associated with Activity:
    telemetry.sdk.name: opentelemetry
    telemetry.sdk.language: dotnet
    telemetry.sdk.version: 1.14.0
    service.name: unknown_service:testhost
Activity.TraceId:            4e30e2c35a6247219c1e33d3a6acf09c
Activity.SpanId:             28b8c559b4550cab
Activity.TraceFlags:         Recorded
Activity.DisplayName:        POST api/auth/login/admin
Activity.Kind:               Server
Activity.StartTime:          2026-06-08T01:29:07.8084491Z
Activity.Duration:           00:00:00.1742506
Activity.Tags:
    server.address: localhost
    http.request.method: POST
    url.scheme: http
    url.path: /api/auth/login/admin
    network.protocol.version: 1.1
    http.route: api/auth/login/admin
    http.response.status_code: 200
Instrumentation scope (ActivitySource):
    Name: Microsoft.AspNetCore
Resource associated with Activity:
    telemetry.sdk.name: opentelemetry
    telemetry.sdk.language: dotnet
    telemetry.sdk.version: 1.14.0
    service.name: unknown_service:testhost
Activity.TraceId:            4e30e2c35a6247219c1e33d3a6acf09c
Activity.SpanId:             28b8c559b4550cab
Activity.TraceFlags:         Recorded
Activity.DisplayName:        POST api/auth/login/admin
Activity.Kind:               Server
Activity.StartTime:          2026-06-08T01:29:07.8084491Z
Activity.Duration:           00:00:00.1742506
Activity.Tags:
    server.address: localhost
    http.request.method: POST
    url.scheme: http
    url.path: /api/auth/login/admin
    network.protocol.version: 1.1
    http.route: api/auth/login/admin
    http.response.status_code: 200
Instrumentation scope (ActivitySource):
    Name: Microsoft.AspNetCore
Resource associated with Activity:
    telemetry.sdk.name: opentelemetry
    telemetry.sdk.language: dotnet
    telemetry.sdk.version: 1.14.0
    service.name: unknown_service:testhost
Activity.TraceId:            4e30e2c35a6247219c1e33d3a6acf09c
[22:29:08 INF] Executing action method Urbeat.WebApi.Controllers.AuthController.RegisterCustomer (Urbeat.WebApi) - Validation state: Valid
Activity.SpanId:             28b8c559b4550cab
Activity.TraceFlags:         Recorded
Activity.DisplayName:        POST api/auth/login/admin
Activity.Kind:               Server
Activity.StartTime:          2026-06-08T01:29:07.8084491Z
Activity.Duration:           00:00:00.1742506
Activity.Tags:
    server.address: localhost
    http.request.method: POST
    url.scheme: http
    url.path: /api/auth/login/admin
    network.protocol.version: 1.1
    http.route: api/auth/login/admin
    http.response.status_code: 200
Instrumentation scope (ActivitySource):
    Name: Microsoft.AspNetCore
Resource associated with Activity:
    telemetry.sdk.name: opentelemetry
    telemetry.sdk.language: dotnet
[22:29:08 INF] Saved 1 entities to in-memory store.
    telemetry.sdk.version: 1.14.0
    service.name: unknown_service:testhost
Activity.TraceId:            4e30e2c35a6247219c1e33d3a6acf09c
Activity.SpanId:             28b8c559b4550cab
Activity.TraceFlags:         Recorded
Activity.DisplayName:        POST api/auth/login/admin
Activity.Kind:               Server
Activity.StartTime:          2026-06-08T01:29:07.8084491Z
Activity.Duration:           00:00:00.1742506
Activity.Tags:
[xUnit.net 00:00:05.15]       Expected sent.HtmlBody "<!DOCTYPE html>
<html lang="pt-BR">
<head>
  <meta charset="UTF-8" />
  <meta name="viewport" content="width=device-width,initial-scale=1.0" />
  <title>Sua loja está quase pronta!</title>
</head>
<body style="margin:0;padding:0;background:#FFF9F0;font-family:'Helvetica Neue',Helvetica,Arial,sans-serif;color:#2D2A2A;">
  <table role="presentation" width="100%" cellpadding="0" cellspacing="0" style="background:#FFF9F0;padding:32px 0;">
    <tr>
      <td align="center">
        <table role="presentation" width="560" cellpadding="0" cellspacing="0" style="background:#FFFCF8;border:1px solid #EDE4D9;border-radius:20px;overflow:hidden;">
          <tr>
            <td style="background:#C73E3A;padding:28px 32px;color:#FFFCF8;">
              <h1 style="margin:0;font-family:Georgia,serif;font-weight:400;font-size:28px;">Urbeat</h1>
            </td>
          </tr>
          <tr>
            <td style="padding:32px 40px 8px 40px;">
              <h2 style="margin:0 0 8px 0;font-family:Georgia,serif;font-weight:400;color:#2D2A2A;font-size:24px;">Sua loja está quase pronta!</h2>
              <p style="margin:0;color:#7A7272;font-size:15px;">Olá, vendedor(a)!</p>
            </td>
          </tr>
          <tr>
            <td style="padding:16px 40px;color:#2D2A2A;font-size:15px;line-height:1.6;">
              <p>Recebemos o cadastro da sua loja no <strong>Urbeat</strong>.
Para liberar o painel de vendas e receber pedidos, confirme seu e-mail.</p>
<p>Clique no botão abaixo para ativar sua conta. O link expira em 24 horas.</p>
            </td>
          </tr>
          <tr>
            <td align="center" style="padding:24px 40px 8px 40px;">
              <a href="https://app.urbeat.test/c/g376NgQ044fKBsrcPPmNMWYaG"
                 style="display:inline-block;background:#C73E3A;color:#FFFCF8;text-decoration:none;padding:14px 28px;border-radius:12px;font-weight:600;font-size:15px;">
                Confirmar e-mail da loja
              </a>
            </td>
          </tr>
          <tr>
            <td style="padding:8px 40px 24px 40px;color:#7A7272;font-size:13px;line-height:1.5;">
              <p>Se o botão não funcionar, copie e cole o link abaixo no seu navegador:</p>
              <p style="word-break:break-all;color:#C73E3A;"><a href="https://app.urbeat.test/c/g376NgQ044fKBsrcPPmNMWYaG" style="color:#C73E3A;">https://app.urbeat.test/c/g376NgQ044fKBsrcPPmNMWYaG</a></p>
            </td>
          </tr>
          <tr>
            <td style="padding:16px 40px 32px 40px;border-top:1px solid #EDE4D9;color:#7A7272;font-size:13px;line-height:1.5;">
              <p>Se você não criou um cadastro de loja no Urbeat, pode ignorar este e-mail.</p>
              <p style="margin-top:16px;">— Equipe Urbeat</p>
            </td>
          </tr>
        </table>
      </td>
    </tr>
  </table>
</body>
</html>" to contain "/confirm-email?userId=".
    server.address: localhost
    http.request.method: POST
    url.scheme: http
    url.path: /api/auth/login/admin
    network.protocol.version: 1.1
    http.route: api/auth/login/admin
    http.response.status_code: 200
[xUnit.net 00:00:05.15]       Stack Trace:
Instrumentation scope (ActivitySource):
    Name: Microsoft.AspNetCore
Resource associated with Activity:
    telemetry.sdk.name: opentelemetry
    telemetry.sdk.language: dotnet
    telemetry.sdk.version: 1.14.0
    service.name: unknown_service:testhost
[22:29:08 INF] STORE_STATUS_UPDATED | Store status updated | StoreId=019ea4d9-0923-78e6-9f71-fa700b1530dc | OwnerUserId=019ea4d9-0555-7d90-96ef-e3ba38c1c7fd | IsOpen=True | IP=null
[22:29:08 INF] Request starting HTTP/1.1 POST http://localhost/api/customer/addresses - application/json; charset=utf-8 null
[22:29:08 INF] Saved 1 entities to in-memory store.
[22:29:08 INF] Saved 1 entities to in-memory store.
[xUnit.net 00:00:05.15]            at FluentAssertions.Execution.LateBoundTestFramework.Throw(String message)
[xUnit.net 00:00:05.15]            at FluentAssertions.Execution.DefaultAssertionStrategy.HandleFailure(String message)
[22:29:08 INF] Executed action method Urbeat.WebApi.Controllers.StoresController.UpdateStatus (Urbeat.WebApi), returned result Microsoft.AspNetCore.Mvc.OkObjectResult in 1.3439ms.
[22:29:08 INF] Executed action method Urbeat.WebApi.Controllers.StoresController.UpdateStatus (Urbeat.WebApi), returned result Microsoft.AspNetCore.Mvc.OkObjectResult in 32.5089ms.
[xUnit.net 00:00:05.15]            at FluentAssertions.Execution.AssertionScope.AddPreFormattedFailure(String formattedFailureMessage)
[22:29:08 INF] Executing OkObjectResult, writing value of type 'Urbeat.Application.DTOs.StoreResponseDto'.
[22:29:08 INF] Executing OkObjectResult, writing value of type 'Urbeat.Application.DTOs.StoreResponseDto'.
[22:29:08 INF] Executed action Urbeat.WebApi.Controllers.StoresController.UpdateStatus (Urbeat.WebApi) in 2.9329ms
[22:29:08 INF] Executed endpoint 'Urbeat.WebApi.Controllers.StoresController.UpdateStatus (Urbeat.WebApi)'
[22:29:08 INF] Executed action Urbeat.WebApi.Controllers.StoresController.UpdateStatus (Urbeat.WebApi) in 35.6822ms
[22:29:08 INF] HTTP PATCH /api/stores/019ea4d9-0923-78e6-9f71-fa700b1530dc/status responded 200 in 35.5721 ms
[22:29:08 INF] Executed endpoint 'Urbeat.WebApi.Controllers.StoresController.UpdateStatus (Urbeat.WebApi)'
[xUnit.net 00:00:05.15]            at FluentAssertions.Execution.AssertionChain.FailWith(Func`1 getFailureReason)
[xUnit.net 00:00:05.15]            at FluentAssertions.Execution.AssertionChain.FailWith(Func`1 getFailureReason)
[xUnit.net 00:00:05.15]            at FluentAssertions.Execution.AssertionChain.FailWith(String message, Object[] args)
[22:29:08 INF] HTTP PATCH /api/stores/019ea4d9-0923-7e39-a8b8-7736b2313b39/status responded 200 in 55.9533 ms
[xUnit.net 00:00:05.15]            at FluentAssertions.Primitives.StringAssertions`1.Contain(String expected, String because, Object[] becauseArgs)
[22:29:08 INF] Request finished HTTP/1.1 PATCH http://localhost/api/stores/019ea4d9-0923-78e6-9f71-fa700b1530dc/status - 200 null application/json; charset=utf-8 52.3969ms
[22:29:08 INF] Executing action method Urbeat.WebApi.Controllers.AuthController.RegisterSeller (Urbeat.WebApi) - Validation state: Valid
[22:29:08 INF] Request finished HTTP/1.1 PATCH http://localhost/api/stores/019ea4d9-0923-7e39-a8b8-7736b2313b39/status - 200 null application/json; charset=utf-8 71.2041ms
[22:29:08 INF] Executing endpoint 'Urbeat.WebApi.Controllers.CustomerAddressesController.Create (Urbeat.WebApi)'
Activity.TraceId:            748be2100d7f081ecaf20618838baabf
Activity.SpanId:             f6eca32f001f6a54
Activity.TraceFlags:         Recorded
Activity.DisplayName:        PATCH api/stores/{storeId}/status
Activity.Kind:               Server
Activity.StartTime:          2026-06-08T01:29:07.9633356Z
[xUnit.net 00:00:05.15]         C:\Projetos\urbeat\backend\tests\Urbeat.IntegrationTests\Api\EmailConfirmationFlowTests.cs(48,0): at Urbeat.IntegrationTests.Api.EmailConfirmationFlowTests.RegisterCustomer_ShouldEnqueueConfirmationEmail_AndReturnPendingFlag()
[xUnit.net 00:00:05.15]         --- End of stack trace from previous location ---
Activity.Duration:           00:00:00.0525730
Activity.Tags:
    server.address: localhost
    http.request.method: PATCH
    url.scheme: http
    url.path: /api/stores/019ea4d9-0923-78e6-9f71-fa700b1530dc/status
    network.protocol.version: 1.1
    http.route: api/stores/{storeId}/status
    http.response.status_code: 200
Instrumentation scope (ActivitySource):
    Name: Microsoft.AspNetCore
Resource associated with Activity:
    telemetry.sdk.name: opentelemetry
    telemetry.sdk.language: dotnet
    telemetry.sdk.version: 1.14.0
    service.name: unknown_service:testhost
Activity.TraceId:            748be2100d7f081ecaf20618838baabf
Activity.SpanId:             f6eca32f001f6a54
Activity.TraceFlags:         Recorded
Activity.DisplayName:        PATCH api/stores/{storeId}/status
Activity.Kind:               Server
Activity.StartTime:          2026-06-08T01:29:07.9633356Z
Activity.Duration:           00:00:00.0525730
Activity.Tags:
    server.address: localhost
    http.request.method: PATCH
    url.scheme: http
    url.path: /api/stores/019ea4d9-0923-78e6-9f71-fa700b1530dc/status
    network.protocol.version: 1.1
[22:29:08 INF] Route matched with {action = "Create", controller = "CustomerAddresses"}. Executing controller action with signature System.Threading.Tasks.Task`1[Microsoft.AspNetCore.Mvc.IActionResult] Create(Urbeat.Application.DTOs.UpsertCustomerAddressRequestDto, System.Threading.CancellationToken) on controller Urbeat.WebApi.Controllers.CustomerAddressesController (Urbeat.WebApi).
    http.route: api/stores/{storeId}/status
    http.response.status_code: 200
[22:29:08 INF] Executing action method Urbeat.WebApi.Controllers.StoreCategoriesController.Delete (Urbeat.WebApi) - Validation state: Valid
Instrumentation scope (ActivitySource):
    Name: Microsoft.AspNetCore
Resource associated with Activity:
    telemetry.sdk.name: opentelemetry
Activity.TraceId:            fc35033bad35394fa94c7c158a15036d
[22:29:08 INF] Request starting HTTP/1.1 GET http://localhost/api/stores/my-store - null null
Activity.SpanId:             d2558a58c6fa7340
[22:29:08 INF] Executing action method Urbeat.WebApi.Controllers.AuthController.LoginAdmin (Urbeat.WebApi) - Validation state: Valid
Activity.TraceFlags:         Recorded
    telemetry.sdk.language: dotnet
Activity.DisplayName:        PATCH api/stores/{storeId}/status
    telemetry.sdk.version: 1.14.0
    service.name: unknown_service:testhost
Activity.Kind:               Server
[22:29:08 INF] Saved 1 entities to in-memory store.
Activity.StartTime:          2026-06-08T01:29:07.9447059Z
Activity.TraceId:            748be2100d7f081ecaf20618838baabf
[22:29:08 INF] Saved 1 entities to in-memory store.
Activity.Duration:           00:00:00.0712508
Activity.SpanId:             f6eca32f001f6a54
Activity.Tags:
Activity.TraceFlags:         Recorded
Activity.DisplayName:        PATCH api/stores/{storeId}/status
    server.address: localhost
Activity.Kind:               Server
    http.request.method: PATCH
    url.scheme: http
    url.path: /api/stores/019ea4d9-0923-7e39-a8b8-7736b2313b39/status
Activity.StartTime:          2026-06-08T01:29:07.9633356Z
    network.protocol.version: 1.1
Activity.Duration:           00:00:00.0525730
    http.route: api/stores/{storeId}/status
Activity.Tags:
    server.address: localhost
    http.response.status_code: 200
    http.request.method: PATCH
Instrumentation scope (ActivitySource):
    url.scheme: http
    Name: Microsoft.AspNetCore
    url.path: /api/stores/019ea4d9-0923-78e6-9f71-fa700b1530dc/status
Resource associated with Activity:
    network.protocol.version: 1.1
    telemetry.sdk.name: opentelemetry
    http.route: api/stores/{storeId}/status
    telemetry.sdk.language: dotnet
    http.response.status_code: 200
Instrumentation scope (ActivitySource):
    telemetry.sdk.version: 1.14.0
    Name: Microsoft.AspNetCore
    service.name: unknown_service:testhost
Resource associated with Activity:
    telemetry.sdk.name: opentelemetry
    telemetry.sdk.language: dotnet
    telemetry.sdk.version: 1.14.0
    service.name: unknown_service:testhost
Activity.TraceId:            fc35033bad35394fa94c7c158a15036d
Activity.SpanId:             d2558a58c6fa7340
Activity.TraceId:            748be2100d7f081ecaf20618838baabf
Activity.TraceFlags:         Recorded
Activity.SpanId:             f6eca32f001f6a54
Activity.DisplayName:        PATCH api/stores/{storeId}/status
Activity.TraceFlags:         Recorded
Activity.Kind:               Server
Activity.DisplayName:        PATCH api/stores/{storeId}/status
Activity.Kind:               Server
Activity.StartTime:          2026-06-08T01:29:07.9447059Z
Activity.StartTime:          2026-06-08T01:29:07.9633356Z
Activity.Duration:           00:00:00.0712508
Activity.Duration:           00:00:00.0525730
Activity.Tags:
Activity.Tags:
    server.address: localhost
    server.address: localhost
    http.request.method: PATCH
    http.request.method: PATCH
    url.scheme: http
    url.scheme: http
    url.path: /api/stores/019ea4d9-0923-7e39-a8b8-7736b2313b39/status
    url.path: /api/stores/019ea4d9-0923-78e6-9f71-fa700b1530dc/status
    network.protocol.version: 1.1
    network.protocol.version: 1.1
    http.route: api/stores/{storeId}/status
    http.route: api/stores/{storeId}/status
    http.response.status_code: 200
    http.response.status_code: 200
Instrumentation scope (ActivitySource):
Instrumentation scope (ActivitySource):
    Name: Microsoft.AspNetCore
    Name: Microsoft.AspNetCore
Resource associated with Activity:
Resource associated with Activity:
    telemetry.sdk.name: opentelemetry
    telemetry.sdk.name: opentelemetry
    telemetry.sdk.language: dotnet
    telemetry.sdk.language: dotnet
    telemetry.sdk.version: 1.14.0
[22:29:08 INF] STORE_DELIVERY_CONFIG_UPDATED | Store delivery config updated | StoreId=019ea4d9-0923-77a9-893d-16bf69230b17 | OwnerUserId=019ea4d9-0555-7414-81f0-1d2e24e953f0 | DeliveryFee=8.90 | MinimumOrderValue=35 | IP=null
    service.name: unknown_service:testhost
    telemetry.sdk.version: 1.14.0
    service.name: unknown_service:testhost
Activity.TraceId:            fc35033bad35394fa94c7c158a15036d
Activity.TraceId:            748be2100d7f081ecaf20618838baabf
Activity.SpanId:             d2558a58c6fa7340
Activity.SpanId:             f6eca32f001f6a54
Activity.TraceFlags:         Recorded
Activity.TraceFlags:         Recorded
Activity.DisplayName:        PATCH api/stores/{storeId}/status
Activity.DisplayName:        PATCH api/stores/{storeId}/status
Activity.Kind:               Server
Activity.Kind:               Server
Activity.StartTime:          2026-06-08T01:29:07.9633356Z
Activity.Duration:           00:00:00.0525730
Activity.Tags:
    server.address: localhost
    http.request.method: PATCH
    url.scheme: http
    url.path: /api/stores/019ea4d9-0923-78e6-9f71-fa700b1530dc/status
    network.protocol.version: 1.1
Activity.StartTime:          2026-06-08T01:29:07.9447059Z
    http.route: api/stores/{storeId}/status
Activity.Duration:           00:00:00.0712508
    http.response.status_code: 200
Activity.Tags:
Instrumentation scope (ActivitySource):
    server.address: localhost
    Name: Microsoft.AspNetCore
    http.request.method: PATCH
Resource associated with Activity:
    url.scheme: http
    telemetry.sdk.name: opentelemetry
    telemetry.sdk.language: dotnet
    url.path: /api/stores/019ea4d9-0923-7e39-a8b8-7736b2313b39/status
    telemetry.sdk.version: 1.14.0
    network.protocol.version: 1.1
    service.name: unknown_service:testhost
    http.route: api/stores/{storeId}/status
Activity.TraceId:            748be2100d7f081ecaf20618838baabf
Activity.SpanId:             f6eca32f001f6a54
[22:29:08 INF] Saved 1 entities to in-memory store.
Activity.TraceFlags:         Recorded
Activity.DisplayName:        PATCH api/stores/{storeId}/status
Activity.Kind:               Server
Activity.StartTime:          2026-06-08T01:29:07.9633356Z
Activity.Duration:           00:00:00.0525730
Activity.Tags:
    server.address: localhost
    http.request.method: PATCH
    url.scheme: http
    url.path: /api/stores/019ea4d9-0923-78e6-9f71-fa700b1530dc/status
    network.protocol.version: 1.1
    http.route: api/stores/{storeId}/status
    http.response.status_code: 200
Instrumentation scope (ActivitySource):
    Name: Microsoft.AspNetCore
Resource associated with Activity:
    telemetry.sdk.name: opentelemetry
    telemetry.sdk.language: dotnet
    telemetry.sdk.version: 1.14.0
    service.name: unknown_service:testhost
Activity.TraceId:            748be2100d7f081ecaf20618838baabf
Activity.SpanId:             f6eca32f001f6a54
Activity.TraceFlags:         Recorded
    http.response.status_code: 200
Activity.DisplayName:        PATCH api/stores/{storeId}/status
Activity.Kind:               Server
Instrumentation scope (ActivitySource):
Activity.StartTime:          2026-06-08T01:29:07.9633356Z
    Name: Microsoft.AspNetCore
Activity.Duration:           00:00:00.0525730
Resource associated with Activity:
Activity.Tags:
    server.address: localhost
    telemetry.sdk.name: opentelemetry
    http.request.method: PATCH
    telemetry.sdk.language: dotnet
    url.scheme: http
    telemetry.sdk.version: 1.14.0
[22:29:08 INF] Executed action method Urbeat.WebApi.Controllers.StoresController.UpdateDeliveryConfig (Urbeat.WebApi), returned result Microsoft.AspNetCore.Mvc.OkObjectResult in 58.3134ms.
    service.name: unknown_service:testhost
    url.path: /api/stores/019ea4d9-0923-78e6-9f71-fa700b1530dc/status
    network.protocol.version: 1.1
    http.route: api/stores/{storeId}/status
    http.response.status_code: 200
Activity.TraceId:            fc35033bad35394fa94c7c158a15036d
Instrumentation scope (ActivitySource):
Activity.SpanId:             d2558a58c6fa7340
    Name: Microsoft.AspNetCore
Resource associated with Activity:
Activity.TraceFlags:         Recorded
    telemetry.sdk.name: opentelemetry
Activity.DisplayName:        PATCH api/stores/{storeId}/status
    telemetry.sdk.language: dotnet
    telemetry.sdk.version: 1.14.0
Activity.Kind:               Server
    service.name: unknown_service:testhost
Activity.TraceId:            748be2100d7f081ecaf20618838baabf
Activity.StartTime:          2026-06-08T01:29:07.9447059Z
Activity.SpanId:             f6eca32f001f6a54
Activity.Duration:           00:00:00.0712508
Activity.TraceFlags:         Recorded
Activity.Tags:
Activity.DisplayName:        PATCH api/stores/{storeId}/status
Activity.Kind:               Server
    server.address: localhost
    http.request.method: PATCH
Activity.StartTime:          2026-06-08T01:29:07.9633356Z
    url.scheme: http
Activity.Duration:           00:00:00.0525730
    url.path: /api/stores/019ea4d9-0923-7e39-a8b8-7736b2313b39/status
Activity.Tags:
    network.protocol.version: 1.1
    server.address: localhost
    http.route: api/stores/{storeId}/status
    http.request.method: PATCH
    url.scheme: http
    http.response.status_code: 200
    url.path: /api/stores/019ea4d9-0923-78e6-9f71-fa700b1530dc/status
Instrumentation scope (ActivitySource):
[22:29:08 INF] Executing OkObjectResult, writing value of type 'Urbeat.Application.DTOs.StoreResponseDto'.
    Name: Microsoft.AspNetCore
    network.protocol.version: 1.1
Resource associated with Activity:
    http.route: api/stores/{storeId}/status
    telemetry.sdk.name: opentelemetry
    http.response.status_code: 200
    telemetry.sdk.language: dotnet
Instrumentation scope (ActivitySource):
    telemetry.sdk.version: 1.14.0
    Name: Microsoft.AspNetCore
    service.name: unknown_service:testhost
Resource associated with Activity:
    telemetry.sdk.name: opentelemetry
    telemetry.sdk.language: dotnet
    telemetry.sdk.version: 1.14.0
    service.name: unknown_service:testhost
Activity.TraceId:            fc35033bad35394fa94c7c158a15036d
Activity.TraceId:            748be2100d7f081ecaf20618838baabf
Activity.SpanId:             d2558a58c6fa7340
Activity.SpanId:             f6eca32f001f6a54
Activity.TraceFlags:         Recorded
Activity.TraceFlags:         Recorded
Activity.DisplayName:        PATCH api/stores/{storeId}/status
Activity.DisplayName:        PATCH api/stores/{storeId}/status
Activity.Kind:               Server
Activity.Kind:               Server
Activity.StartTime:          2026-06-08T01:29:07.9633356Z
Activity.Duration:           00:00:00.0525730
Activity.Tags:
Activity.StartTime:          2026-06-08T01:29:07.9447059Z
    server.address: localhost
Activity.Duration:           00:00:00.0712508
    http.request.method: PATCH
Activity.Tags:
    url.scheme: http
    server.address: localhost
    url.path: /api/stores/019ea4d9-0923-78e6-9f71-fa700b1530dc/status
    http.request.method: PATCH
    network.protocol.version: 1.1
    url.scheme: http
    http.route: api/stores/{storeId}/status
    url.path: /api/stores/019ea4d9-0923-7e39-a8b8-7736b2313b39/status
    http.response.status_code: 200
    network.protocol.version: 1.1
Instrumentation scope (ActivitySource):
    http.route: api/stores/{storeId}/status
    Name: Microsoft.AspNetCore
    http.response.status_code: 200
Instrumentation scope (ActivitySource):
    Name: Microsoft.AspNetCore
Resource associated with Activity:
    telemetry.sdk.name: opentelemetry
    telemetry.sdk.language: dotnet
    telemetry.sdk.version: 1.14.0
    service.name: unknown_service:testhost
Activity.TraceId:            fc35033bad35394fa94c7c158a15036d
Activity.SpanId:             d2558a58c6fa7340
Activity.TraceFlags:         Recorded
Activity.DisplayName:        PATCH api/stores/{storeId}/status
[22:29:08 INF] Executed action Urbeat.WebApi.Controllers.StoresController.UpdateDeliveryConfig (Urbeat.WebApi) in 91.5625ms
Activity.Kind:               Server
Activity.StartTime:          2026-06-08T01:29:07.9447059Z
Activity.Duration:           00:00:00.0712508
Activity.Tags:
    server.address: localhost
    http.request.method: PATCH
    url.scheme: http
    url.path: /api/stores/019ea4d9-0923-7e39-a8b8-7736b2313b39/status
Resource associated with Activity:
    network.protocol.version: 1.1
[22:29:08 INF] Executed endpoint 'Urbeat.WebApi.Controllers.StoresController.UpdateDeliveryConfig (Urbeat.WebApi)'
    telemetry.sdk.name: opentelemetry
    http.route: api/stores/{storeId}/status
    telemetry.sdk.language: dotnet
    http.response.status_code: 200
    telemetry.sdk.version: 1.14.0
Instrumentation scope (ActivitySource):
[22:29:08 INF] Saved 2 entities to in-memory store.
    Name: Microsoft.AspNetCore
    service.name: unknown_service:testhost
Resource associated with Activity:
    telemetry.sdk.name: opentelemetry
Activity.TraceId:            748be2100d7f081ecaf20618838baabf
    telemetry.sdk.language: dotnet
Activity.SpanId:             f6eca32f001f6a54
    telemetry.sdk.version: 1.14.0
Activity.TraceFlags:         Recorded
    service.name: unknown_service:testhost
Activity.DisplayName:        PATCH api/stores/{storeId}/status
Activity.Kind:               Server
Activity.TraceId:            fc35033bad35394fa94c7c158a15036d
Activity.StartTime:          2026-06-08T01:29:07.9633356Z
Activity.SpanId:             d2558a58c6fa7340
[22:29:08 INF] HTTP PATCH /api/stores/019ea4d9-0923-77a9-893d-16bf69230b17/delivery-config responded 200 in 111.1610 ms
Activity.TraceFlags:         Recorded
Activity.Duration:           00:00:00.0525730
Activity.DisplayName:        PATCH api/stores/{storeId}/status
Activity.Tags:
Activity.Kind:               Server
    server.address: localhost
    http.request.method: PATCH
Activity.StartTime:          2026-06-08T01:29:07.9447059Z
    url.scheme: http
Activity.Duration:           00:00:00.0712508
    url.path: /api/stores/019ea4d9-0923-78e6-9f71-fa700b1530dc/status
Activity.Tags:
    network.protocol.version: 1.1
    server.address: localhost
    http.route: api/stores/{storeId}/status
    http.request.method: PATCH
    http.response.status_code: 200
    url.scheme: http
Instrumentation scope (ActivitySource):
    url.path: /api/stores/019ea4d9-0923-7e39-a8b8-7736b2313b39/status
    Name: Microsoft.AspNetCore
    network.protocol.version: 1.1
Resource associated with Activity:
    http.route: api/stores/{storeId}/status
    telemetry.sdk.name: opentelemetry
    http.response.status_code: 200
    telemetry.sdk.language: dotnet
Instrumentation scope (ActivitySource):
    telemetry.sdk.version: 1.14.0
    Name: Microsoft.AspNetCore
    service.name: unknown_service:testhost
Resource associated with Activity:
    telemetry.sdk.name: opentelemetry
Activity.TraceId:            748be2100d7f081ecaf20618838baabf
    telemetry.sdk.language: dotnet
Activity.SpanId:             f6eca32f001f6a54
    telemetry.sdk.version: 1.14.0
Activity.TraceFlags:         Recorded
    service.name: unknown_service:testhost
Activity.DisplayName:        PATCH api/stores/{storeId}/status
Activity.Kind:               Server
Activity.TraceId:            fc35033bad35394fa94c7c158a15036d
Activity.StartTime:          2026-06-08T01:29:07.9633356Z
Activity.SpanId:             d2558a58c6fa7340
Activity.Duration:           00:00:00.0525730
Activity.TraceFlags:         Recorded
Activity.Tags:
    server.address: localhost
    http.request.method: PATCH
    url.scheme: http
    url.path: /api/stores/019ea4d9-0923-78e6-9f71-fa700b1530dc/status
Activity.DisplayName:        PATCH api/stores/{storeId}/status
    network.protocol.version: 1.1
Activity.Kind:               Server
    http.route: api/stores/{storeId}/status
    http.response.status_code: 200
Activity.StartTime:          2026-06-08T01:29:07.9447059Z
[22:29:08 INF] Saved 1 entities to in-memory store.
Activity.Duration:           00:00:00.0712508
Instrumentation scope (ActivitySource):
Activity.Tags:
    Name: Microsoft.AspNetCore
    server.address: localhost
Resource associated with Activity:
    http.request.method: PATCH
    telemetry.sdk.name: opentelemetry
    url.scheme: http
    telemetry.sdk.language: dotnet
    url.path: /api/stores/019ea4d9-0923-7e39-a8b8-7736b2313b39/status
    telemetry.sdk.version: 1.14.0
    network.protocol.version: 1.1
    service.name: unknown_service:testhost
    http.route: api/stores/{storeId}/status
    http.response.status_code: 200
[22:29:08 INF] Request finished HTTP/1.1 PATCH http://localhost/api/stores/019ea4d9-0923-77a9-893d-16bf69230b17/delivery-config - 200 null application/json; charset=utf-8 126.9638ms
Instrumentation scope (ActivitySource):
Activity.TraceId:            748be2100d7f081ecaf20618838baabf
    Name: Microsoft.AspNetCore
Activity.SpanId:             f6eca32f001f6a54
Resource associated with Activity:
Activity.TraceFlags:         Recorded
    telemetry.sdk.name: opentelemetry
[22:29:08 INF] CustomerRegistered | Registration succeeded | UserId=019ea4d9-0aae-77a9-9afe-4fe828a935e7 | Email=case.f72c3aacff684b85a7aa096b8d74342d@urbeat.test | Role=Customer
    telemetry.sdk.language: dotnet
Activity.DisplayName:        PATCH api/stores/{storeId}/status
    telemetry.sdk.version: 1.14.0
Activity.Kind:               Server
    service.name: unknown_service:testhost
Activity.StartTime:          2026-06-08T01:29:07.9633356Z
Activity.Duration:           00:00:00.0525730
Activity.Tags:
Activity.TraceId:            fc35033bad35394fa94c7c158a15036d
    server.address: localhost
Activity.SpanId:             d2558a58c6fa7340
    http.request.method: PATCH
Activity.TraceFlags:         Recorded
    url.scheme: http
Activity.DisplayName:        PATCH api/stores/{storeId}/status
    url.path: /api/stores/019ea4d9-0923-78e6-9f71-fa700b1530dc/status
Activity.Kind:               Server
    network.protocol.version: 1.1
    http.route: api/stores/{storeId}/status
    http.response.status_code: 200
Activity.StartTime:          2026-06-08T01:29:07.9447059Z
Instrumentation scope (ActivitySource):
Activity.Duration:           00:00:00.0712508
    Name: Microsoft.AspNetCore
Activity.Tags:
Resource associated with Activity:
    server.address: localhost
    telemetry.sdk.name: opentelemetry
    http.request.method: PATCH
    telemetry.sdk.language: dotnet
    url.scheme: http
    telemetry.sdk.version: 1.14.0
    url.path: /api/stores/019ea4d9-0923-7e39-a8b8-7736b2313b39/status
    service.name: unknown_service:testhost
    network.protocol.version: 1.1
    http.route: api/stores/{storeId}/status
    http.response.status_code: 200
Instrumentation scope (ActivitySource):
    Name: Microsoft.AspNetCore
Resource associated with Activity:
    telemetry.sdk.name: opentelemetry
    telemetry.sdk.language: dotnet
    telemetry.sdk.version: 1.14.0
    service.name: unknown_service:testhost
Activity.TraceId:            fc35033bad35394fa94c7c158a15036d
Activity.SpanId:             d2558a58c6fa7340
Activity.TraceFlags:         Recorded
Activity.DisplayName:        PATCH api/stores/{storeId}/status
Activity.Kind:               Server
Activity.StartTime:          2026-06-08T01:29:07.9447059Z
Activity.Duration:           00:00:00.0712508
Activity.Tags:
    server.address: localhost
    http.request.method: PATCH
    url.scheme: http
    url.path: /api/stores/019ea4d9-0923-7e39-a8b8-7736b2313b39/status
Activity.TraceId:            ee9bc735fa6f273c390517259c39aade
    network.protocol.version: 1.1
Activity.SpanId:             6d3cc5c3444ada0c
    http.route: api/stores/{storeId}/status
Activity.TraceFlags:         Recorded
    http.response.status_code: 200
Activity.DisplayName:        PATCH api/stores/{storeId}/delivery-config
Instrumentation scope (ActivitySource):
Activity.Kind:               Server
    Name: Microsoft.AspNetCore
Resource associated with Activity:
    telemetry.sdk.name: opentelemetry
Activity.StartTime:          2026-06-08T01:29:07.9447058Z
    telemetry.sdk.language: dotnet
Activity.Duration:           00:00:00.1272736
    telemetry.sdk.version: 1.14.0
Activity.Tags:
    service.name: unknown_service:testhost
    server.address: localhost
    http.request.method: PATCH
    url.scheme: http
Activity.TraceId:            fc35033bad35394fa94c7c158a15036d
    url.path: /api/stores/019ea4d9-0923-77a9-893d-16bf69230b17/delivery-config
Activity.SpanId:             d2558a58c6fa7340
    network.protocol.version: 1.1
Activity.TraceFlags:         Recorded
    http.route: api/stores/{storeId}/delivery-config
Activity.DisplayName:        PATCH api/stores/{storeId}/status
    http.response.status_code: 200
Activity.Kind:               Server
Instrumentation scope (ActivitySource):
    Name: Microsoft.AspNetCore
Resource associated with Activity:
Activity.StartTime:          2026-06-08T01:29:07.9447059Z
    telemetry.sdk.name: opentelemetry
Activity.Duration:           00:00:00.0712508
    telemetry.sdk.language: dotnet
Activity.Tags:
    telemetry.sdk.version: 1.14.0
    server.address: localhost
    service.name: unknown_service:testhost
    http.request.method: PATCH
    url.scheme: http
Activity.TraceId:            ee9bc735fa6f273c390517259c39aade
    url.path: /api/stores/019ea4d9-0923-7e39-a8b8-7736b2313b39/status
Activity.SpanId:             6d3cc5c3444ada0c
    network.protocol.version: 1.1
Activity.TraceFlags:         Recorded
    http.route: api/stores/{storeId}/status
Activity.DisplayName:        PATCH api/stores/{storeId}/delivery-config
    http.response.status_code: 200
Activity.Kind:               Server
Instrumentation scope (ActivitySource):
Activity.StartTime:          2026-06-08T01:29:07.9447058Z
    Name: Microsoft.AspNetCore
Activity.Duration:           00:00:00.1272736
Resource associated with Activity:
Activity.Tags:
    telemetry.sdk.name: opentelemetry
    server.address: localhost
    telemetry.sdk.language: dotnet
    http.request.method: PATCH
    telemetry.sdk.version: 1.14.0
    url.scheme: http
    service.name: unknown_service:testhost
    url.path: /api/stores/019ea4d9-0923-77a9-893d-16bf69230b17/delivery-config
    network.protocol.version: 1.1
    http.route: api/stores/{storeId}/delivery-config
Activity.TraceId:            fc35033bad35394fa94c7c158a15036d
Activity.SpanId:             d2558a58c6fa7340
[22:29:08 INF] Request starting HTTP/1.1 POST http://localhost/api/auth/register/seller - application/json; charset=utf-8 null
    http.response.status_code: 200
[22:29:08 INF] Executing endpoint 'Urbeat.WebApi.Controllers.StoresController.GetMyStore (Urbeat.WebApi)'
Instrumentation scope (ActivitySource):
    Name: Microsoft.AspNetCore
Activity.TraceFlags:         Recorded
Resource associated with Activity:
Activity.DisplayName:        PATCH api/stores/{storeId}/status
Activity.Kind:               Server
    telemetry.sdk.name: opentelemetry
    telemetry.sdk.language: dotnet
    telemetry.sdk.version: 1.14.0
    service.name: unknown_service:testhost
Activity.StartTime:          2026-06-08T01:29:07.9447059Z
[22:29:08 INF] EMAIL_CONFIRM_JOB_STARTED | Sending confirmation email | UserId=019ea4d9-0aae-77a9-9afe-4fe828a935e7
Activity.Duration:           00:00:00.0712508
Activity.Tags:
    server.address: localhost
    http.request.method: PATCH
[22:29:08 INF] Request starting HTTP/1.1 POST http://localhost/api/admin/subscriptions/status - application/json; charset=utf-8 null
    url.scheme: http
Activity.TraceId:            ee9bc735fa6f273c390517259c39aade
    url.path: /api/stores/019ea4d9-0923-7e39-a8b8-7736b2313b39/status
    network.protocol.version: 1.1
[22:29:08 INF] Executing action method Urbeat.WebApi.Controllers.CustomerAddressesController.Create (Urbeat.WebApi) - Validation state: Valid
Activity.SpanId:             6d3cc5c3444ada0c
[22:29:08 INF] Executed action method Urbeat.WebApi.Controllers.StoreCategoriesController.Delete (Urbeat.WebApi), returned result Microsoft.AspNetCore.Mvc.NotFoundResult in 8.3858ms.
Activity.TraceFlags:         Recorded
    http.route: api/stores/{storeId}/status
[22:29:08 INF] Saved 1 entities to in-memory store.
    http.response.status_code: 200
Instrumentation scope (ActivitySource):
Activity.DisplayName:        PATCH api/stores/{storeId}/delivery-config
    Name: Microsoft.AspNetCore
[22:29:08 INF] Saved 1 entities to in-memory store.
Resource associated with Activity:
Activity.Kind:               Server
    telemetry.sdk.name: opentelemetry
    telemetry.sdk.language: dotnet
    telemetry.sdk.version: 1.14.0
Activity.StartTime:          2026-06-08T01:29:07.9447058Z
    service.name: unknown_service:testhost
Activity.Duration:           00:00:00.1272736
Activity.Tags:
    server.address: localhost
    http.request.method: PATCH
    url.scheme: http
    url.path: /api/stores/019ea4d9-0923-77a9-893d-16bf69230b17/delivery-config
    network.protocol.version: 1.1
    http.route: api/stores/{storeId}/delivery-config
    http.response.status_code: 200
Instrumentation scope (ActivitySource):
    Name: Microsoft.AspNetCore
Resource associated with Activity:
    telemetry.sdk.name: opentelemetry
    telemetry.sdk.language: dotnet
    telemetry.sdk.version: 1.14.0
    service.name: unknown_service:testhost
Activity.TraceId:            ee9bc735fa6f273c390517259c39aade
Activity.SpanId:             6d3cc5c3444ada0c
Activity.TraceFlags:         Recorded
Activity.DisplayName:        PATCH api/stores/{storeId}/delivery-config
Activity.Kind:               Server
Activity.StartTime:          2026-06-08T01:29:07.9447058Z
Activity.Duration:           00:00:00.1272736
Activity.Tags:
    server.address: localhost
    http.request.method: PATCH
    url.scheme: http
    url.path: /api/stores/019ea4d9-0923-77a9-893d-16bf69230b17/delivery-config
    network.protocol.version: 1.1
    http.route: api/stores/{storeId}/delivery-config
    http.response.status_code: 200
Instrumentation scope (ActivitySource):
    Name: Microsoft.AspNetCore
Resource associated with Activity:
    telemetry.sdk.name: opentelemetry
    telemetry.sdk.language: dotnet
    telemetry.sdk.version: 1.14.0
    service.name: unknown_service:testhost
[22:29:08 INF] Executing endpoint 'Urbeat.WebApi.Controllers.AuthController.RegisterSeller (Urbeat.WebApi)'
Activity.TraceId:            ee9bc735fa6f273c390517259c39aade
Activity.SpanId:             6d3cc5c3444ada0c
Activity.TraceFlags:         Recorded
Activity.DisplayName:        PATCH api/stores/{storeId}/delivery-config
Activity.Kind:               Server
Activity.StartTime:          2026-06-08T01:29:07.9447058Z
Activity.Duration:           00:00:00.1272736
Activity.Tags:
    server.address: localhost
    http.request.method: PATCH
    url.scheme: http
    url.path: /api/stores/019ea4d9-0923-77a9-893d-16bf69230b17/delivery-config
    network.protocol.version: 1.1
    http.route: api/stores/{storeId}/delivery-config
    http.response.status_code: 200
Instrumentation scope (ActivitySource):
    Name: Microsoft.AspNetCore
Resource associated with Activity:
    telemetry.sdk.name: opentelemetry
    telemetry.sdk.language: dotnet
    telemetry.sdk.version: 1.14.0
    service.name: unknown_service:testhost
Activity.TraceId:            ee9bc735fa6f273c390517259c39aade
Activity.SpanId:             6d3cc5c3444ada0c
Activity.TraceFlags:         Recorded
Activity.DisplayName:        PATCH api/stores/{storeId}/delivery-config
Activity.Kind:               Server
Activity.StartTime:          2026-06-08T01:29:07.9447058Z
[22:29:08 INF] Route matched with {action = "RegisterSeller", controller = "Auth"}. Executing controller action with signature System.Threading.Tasks.Task`1[Microsoft.AspNetCore.Mvc.IActionResult] RegisterSeller(Urbeat.Application.DTOs.RegisterUserRequestDto, System.Threading.CancellationToken) on controller Urbeat.WebApi.Controllers.AuthController (Urbeat.WebApi).
Activity.Duration:           00:00:00.1272736
Activity.Tags:
    server.address: localhost
    http.request.method: PATCH
    url.scheme: http
    url.path: /api/stores/019ea4d9-0923-77a9-893d-16bf69230b17/delivery-config
    network.protocol.version: 1.1
    http.route: api/stores/{storeId}/delivery-config
    http.response.status_code: 200
Instrumentation scope (ActivitySource):
    Name: Microsoft.AspNetCore
Resource associated with Activity:
    telemetry.sdk.name: opentelemetry
    telemetry.sdk.language: dotnet
    telemetry.sdk.version: 1.14.0
    service.name: unknown_service:testhost
Activity.TraceId:            ee9bc735fa6f273c390517259c39aade
Activity.SpanId:             6d3cc5c3444ada0c
Activity.TraceFlags:         Recorded
[22:29:08 INF] Executing ObjectResult, writing value of type 'Microsoft.AspNetCore.Mvc.ProblemDetails'.
Activity.DisplayName:        PATCH api/stores/{storeId}/delivery-config
[22:29:08 INF] EMAIL_ALREADY_CONFIRMED | Already confirmed | UserId=019ea4d9-0aae-77a9-9afe-4fe828a935e7
Activity.Kind:               Server
Activity.StartTime:          2026-06-08T01:29:07.9447058Z
Activity.Duration:           00:00:00.1272736
Activity.Tags:
    server.address: localhost
[22:29:08 INF] EMAIL_CONFIRM_JOB_COMPLETED | Job completed | UserId=019ea4d9-0aae-77a9-9afe-4fe828a935e7
    http.request.method: PATCH
    url.scheme: http
    url.path: /api/stores/019ea4d9-0923-77a9-893d-16bf69230b17/delivery-config
    network.protocol.version: 1.1
    http.route: api/stores/{storeId}/delivery-config
    http.response.status_code: 200
Instrumentation scope (ActivitySource):
    Name: Microsoft.AspNetCore
Resource associated with Activity:
    telemetry.sdk.name: opentelemetry
    telemetry.sdk.language: dotnet
    telemetry.sdk.version: 1.14.0
    service.name: unknown_service:testhost
Activity.TraceId:            ee9bc735fa6f273c390517259c39aade
Activity.SpanId:             6d3cc5c3444ada0c
Activity.TraceFlags:         Recorded
Activity.DisplayName:        PATCH api/stores/{storeId}/delivery-config
Activity.Kind:               Server
Activity.StartTime:          2026-06-08T01:29:07.9447058Z
Activity.Duration:           00:00:00.1272736
Activity.Tags:
    server.address: localhost
    http.request.method: PATCH
    url.scheme: http
    url.path: /api/stores/019ea4d9-0923-77a9-893d-16bf69230b17/delivery-config
    network.protocol.version: 1.1
    http.route: api/stores/{storeId}/delivery-config
[22:29:08 INF] Executed action method Urbeat.WebApi.Controllers.AuthController.RegisterCustomer (Urbeat.WebApi), returned result Microsoft.AspNetCore.Mvc.ObjectResult in 101.8424ms.
    http.response.status_code: 200
Instrumentation scope (ActivitySource):
    Name: Microsoft.AspNetCore
Resource associated with Activity:
    telemetry.sdk.name: opentelemetry
    telemetry.sdk.language: dotnet
    telemetry.sdk.version: 1.14.0
    service.name: unknown_service:testhost
Activity.TraceId:            ee9bc735fa6f273c390517259c39aade
Activity.SpanId:             6d3cc5c3444ada0c
Activity.TraceFlags:         Recorded
Activity.DisplayName:        PATCH api/stores/{storeId}/delivery-config
[22:29:08 INF] Saved 2 entities to in-memory store.
Activity.Kind:               Server
Activity.StartTime:          2026-06-08T01:29:07.9447058Z
Activity.Duration:           00:00:00.1272736
Activity.Tags:
    server.address: localhost
    http.request.method: PATCH
    url.scheme: http
    url.path: /api/stores/019ea4d9-0923-77a9-893d-16bf69230b17/delivery-config
    network.protocol.version: 1.1
    http.route: api/stores/{storeId}/delivery-config
    http.response.status_code: 200
Instrumentation scope (ActivitySource):
    Name: Microsoft.AspNetCore
Resource associated with Activity:
    telemetry.sdk.name: opentelemetry
    telemetry.sdk.language: dotnet
    telemetry.sdk.version: 1.14.0
    service.name: unknown_service:testhost
Activity.TraceId:            ee9bc735fa6f273c390517259c39aade
Activity.SpanId:             6d3cc5c3444ada0c
Activity.TraceFlags:         Recorded
Activity.DisplayName:        PATCH api/stores/{storeId}/delivery-config
Activity.Kind:               Server
[22:29:08 INF] Executing ObjectResult, writing value of type '<>f__AnonymousType2`3[[System.Nullable`1[[System.Guid, System.Private.CoreLib, Version=9.0.0.0, Culture=neutral, PublicKeyToken=7cec85d7bea7798e]], System.Private.CoreLib, Version=9.0.0.0, Culture=neutral, PublicKeyToken=7cec85d7bea7798e],[System.Boolean, System.Private.CoreLib, Version=9.0.0.0, Culture=neutral, PublicKeyToken=7cec85d7bea7798e],[System.String, System.Private.CoreLib, Version=9.0.0.0, Culture=neutral, PublicKeyToken=7cec85d7bea7798e]]'.
Activity.StartTime:          2026-06-08T01:29:07.9447058Z
[22:29:08 INF] Executed action method Urbeat.WebApi.Controllers.CustomerAddressesController.Create (Urbeat.WebApi), returned result Microsoft.AspNetCore.Mvc.ObjectResult in 0.6235ms.
Activity.Duration:           00:00:00.1272736
Activity.Tags:
    server.address: localhost
    http.request.method: PATCH
    url.scheme: http
    url.path: /api/stores/019ea4d9-0923-77a9-893d-16bf69230b17/delivery-config
    network.protocol.version: 1.1
    http.route: api/stores/{storeId}/delivery-config
    http.response.status_code: 200
Instrumentation scope (ActivitySource):
    Name: Microsoft.AspNetCore
Resource associated with Activity:
    telemetry.sdk.name: opentelemetry
    telemetry.sdk.language: dotnet
    telemetry.sdk.version: 1.14.0
    service.name: unknown_service:testhost
Activity.TraceId:            ee9bc735fa6f273c390517259c39aade
Activity.SpanId:             6d3cc5c3444ada0c
Activity.TraceFlags:         Recorded
Activity.DisplayName:        PATCH api/stores/{storeId}/delivery-config
Activity.Kind:               Server
Activity.StartTime:          2026-06-08T01:29:07.9447058Z
Activity.Duration:           00:00:00.1272736
Activity.Tags:
    server.address: localhost
    http.request.method: PATCH
    url.scheme: http
    url.path: /api/stores/019ea4d9-0923-77a9-893d-16bf69230b17/delivery-config
    network.protocol.version: 1.1
    http.route: api/stores/{storeId}/delivery-config
    http.response.status_code: 200
Instrumentation scope (ActivitySource):
    Name: Microsoft.AspNetCore
Resource associated with Activity:
    telemetry.sdk.name: opentelemetry
    telemetry.sdk.language: dotnet
[22:29:08 INF] Executing ObjectResult, writing value of type 'Urbeat.Application.DTOs.CustomerAddressResponseDto'.
    telemetry.sdk.version: 1.14.0
    service.name: unknown_service:testhost
[22:29:08 INF] Executed action Urbeat.WebApi.Controllers.AuthController.RegisterCustomer (Urbeat.WebApi) in 102.7257ms
Activity.TraceId:            ee9bc735fa6f273c390517259c39aade
Activity.SpanId:             6d3cc5c3444ada0c
[22:29:08 INF] Executing action method Urbeat.WebApi.Controllers.AuthController.RegisterSeller (Urbeat.WebApi) - Validation state: Valid
Activity.TraceFlags:         Recorded
Activity.DisplayName:        PATCH api/stores/{storeId}/delivery-config
Activity.Kind:               Server
Activity.StartTime:          2026-06-08T01:29:07.9447058Z
[22:29:08 INF] Executed endpoint 'Urbeat.WebApi.Controllers.AuthController.RegisterCustomer (Urbeat.WebApi)'
Activity.Duration:           00:00:00.1272736
Activity.Tags:
    server.address: localhost
    http.request.method: PATCH
    url.scheme: http
    url.path: /api/stores/019ea4d9-0923-77a9-893d-16bf69230b17/delivery-config
    network.protocol.version: 1.1
    http.route: api/stores/{storeId}/delivery-config
    http.response.status_code: 200
Instrumentation scope (ActivitySource):
    Name: Microsoft.AspNetCore
Resource associated with Activity:
    telemetry.sdk.name: opentelemetry
    telemetry.sdk.language: dotnet
    telemetry.sdk.version: 1.14.0
    service.name: unknown_service:testhost
[22:29:08 INF] Executed action Urbeat.WebApi.Controllers.CustomerAddressesController.Create (Urbeat.WebApi) in 46.2359ms
[22:29:08 INF] Executed endpoint 'Urbeat.WebApi.Controllers.CustomerAddressesController.Create (Urbeat.WebApi)'
[22:29:08 INF] Saved 2 entities to in-memory store.
[22:29:08 INF] HTTP POST /api/customer/addresses responded 201 in 101.7833 ms
[22:29:08 INF] Request starting HTTP/1.1 PATCH http://localhost/api/stores/019ea4d9-0923-78e6-9f71-fa700b1530dc/delivery-config - application/json; charset=utf-8 null
[22:29:08 INF] Request finished HTTP/1.1 POST http://localhost/api/customer/addresses - 201 null application/json; charset=utf-8 102.3449ms
[22:29:08 INF] Saved 1 entities to in-memory store.
[22:29:08 INF] SellerRegistered | Registration succeeded | UserId=019ea4d9-0ab0-7dc1-b549-3284b3c0866e | Email=plan.seller.1215c8631b6c48b083a27cdf643029f6@urbeat.local | Role=Seller
Activity.TraceId:            6bac758f865120c5cad1d82fadaab307
Activity.SpanId:             03121a27c2b14d66
Activity.TraceFlags:         Recorded
Activity.DisplayName:        POST api/customer/addresses
Activity.Kind:               Server
Activity.StartTime:          2026-06-08T01:29:08.0143934Z
Activity.Duration:           00:00:00.1024418
Activity.Tags:
    server.address: localhost
    http.request.method: POST
    url.scheme: http
    url.path: /api/customer/addresses
    network.protocol.version: 1.1
    http.route: api/customer/addresses
    http.response.status_code: 201
Instrumentation scope (ActivitySource):
    Name: Microsoft.AspNetCore
Resource associated with Activity:
    telemetry.sdk.name: opentelemetry
    telemetry.sdk.language: dotnet
    telemetry.sdk.version: 1.14.0
    service.name: unknown_service:testhost
Activity.TraceId:            6bac758f865120c5cad1d82fadaab307
Activity.SpanId:             03121a27c2b14d66
Activity.TraceFlags:         Recorded
Activity.DisplayName:        POST api/customer/addresses
Activity.Kind:               Server
[22:29:08 INF] Request starting HTTP/1.1 PATCH http://localhost/api/stores/019ea4d9-0923-7e39-a8b8-7736b2313b39/delivery-config - application/json; charset=utf-8 null
Activity.StartTime:          2026-06-08T01:29:08.0143934Z
[22:29:08 INF] HTTP POST /api/auth/register/customer responded 201 in 103.5193 ms
Activity.Duration:           00:00:00.1024418
Activity.Tags:
    server.address: localhost
    http.request.method: POST
    url.scheme: http
    url.path: /api/customer/addresses
    network.protocol.version: 1.1
    http.route: api/customer/addresses
    http.response.status_code: 201
Instrumentation scope (ActivitySource):
    Name: Microsoft.AspNetCore
Resource associated with Activity:
    telemetry.sdk.name: opentelemetry
    telemetry.sdk.language: dotnet
    telemetry.sdk.version: 1.14.0
    service.name: unknown_service:testhost
Activity.TraceId:            6bac758f865120c5cad1d82fadaab307
Activity.SpanId:             03121a27c2b14d66
Activity.TraceFlags:         Recorded
Activity.DisplayName:        POST api/customer/addresses
Activity.Kind:               Server
Activity.StartTime:          2026-06-08T01:29:08.0143934Z
Activity.Duration:           00:00:00.1024418
Activity.Tags:
    server.address: localhost
    http.request.method: POST
    url.scheme: http
    url.path: /api/customer/addresses
    network.protocol.version: 1.1
    http.route: api/customer/addresses
    http.response.status_code: 201
Instrumentation scope (ActivitySource):
    Name: Microsoft.AspNetCore
Resource associated with Activity:
    telemetry.sdk.name: opentelemetry
    telemetry.sdk.language: dotnet
    telemetry.sdk.version: 1.14.0
    service.name: unknown_service:testhost
Activity.TraceId:            6bac758f865120c5cad1d82fadaab307
Activity.SpanId:             03121a27c2b14d66
Activity.TraceFlags:         Recorded
Activity.DisplayName:        POST api/customer/addresses
Activity.Kind:               Server
Activity.StartTime:          2026-06-08T01:29:08.0143934Z
Activity.Duration:           00:00:00.1024418
Activity.Tags:
    server.address: localhost
    http.request.method: POST
    url.scheme: http
    url.path: /api/customer/addresses
    network.protocol.version: 1.1
    http.route: api/customer/addresses
    http.response.status_code: 201
Instrumentation scope (ActivitySource):
    Name: Microsoft.AspNetCore
Resource associated with Activity:
    telemetry.sdk.name: opentelemetry
    telemetry.sdk.language: dotnet
    telemetry.sdk.version: 1.14.0
    service.name: unknown_service:testhost
[22:29:08 INF] Request finished HTTP/1.1 POST http://localhost/api/auth/register/customer - 201 null application/json; charset=utf-8 104.2389ms
Activity.TraceId:            6bac758f865120c5cad1d82fadaab307
Activity.SpanId:             03121a27c2b14d66
Activity.TraceFlags:         Recorded
Activity.DisplayName:        POST api/customer/addresses
Activity.Kind:               Server
Activity.StartTime:          2026-06-08T01:29:08.0143934Z
Activity.Duration:           00:00:00.1024418
Activity.Tags:
    server.address: localhost
    http.request.method: POST
    url.scheme: http
    url.path: /api/customer/addresses
    network.protocol.version: 1.1
    http.route: api/customer/addresses
    http.response.status_code: 201
Instrumentation scope (ActivitySource):
    Name: Microsoft.AspNetCore
Resource associated with Activity:
    telemetry.sdk.name: opentelemetry
    telemetry.sdk.language: dotnet
    telemetry.sdk.version: 1.14.0
    service.name: unknown_service:testhost
Activity.TraceId:            6bac758f865120c5cad1d82fadaab307
Activity.SpanId:             03121a27c2b14d66
[22:29:08 INF] Saved 2 entities to in-memory store.
Activity.TraceFlags:         Recorded
Activity.DisplayName:        POST api/customer/addresses
Activity.Kind:               Server
Activity.StartTime:          2026-06-08T01:29:08.0143934Z
Activity.Duration:           00:00:00.1024418
Activity.Tags:
    server.address: localhost
    http.request.method: POST
    url.scheme: http
Activity.TraceId:            3e88745259d7d7c8f864fb695f21d28e
    url.path: /api/customer/addresses
Activity.SpanId:             30cce9fa1cefe7b3
    network.protocol.version: 1.1
Activity.TraceFlags:         Recorded
    http.route: api/customer/addresses
Activity.DisplayName:        POST api/auth/register/customer
Activity.Kind:               Server
    http.response.status_code: 201
Instrumentation scope (ActivitySource):
    Name: Microsoft.AspNetCore
Activity.StartTime:          2026-06-08T01:29:08.0129302Z
Resource associated with Activity:
Activity.Duration:           00:00:00.1144408
    telemetry.sdk.name: opentelemetry
Activity.Tags:
    telemetry.sdk.language: dotnet
    server.address: localhost
    telemetry.sdk.version: 1.14.0
    http.request.method: POST
    service.name: unknown_service:testhost
    url.scheme: http
Activity.TraceId:            6bac758f865120c5cad1d82fadaab307
    url.path: /api/auth/register/customer
Activity.SpanId:             03121a27c2b14d66
    network.protocol.version: 1.1
Activity.TraceFlags:         Recorded
    http.route: api/auth/register/customer
Activity.DisplayName:        POST api/customer/addresses
Activity.Kind:               Server
    http.response.status_code: 201
Activity.StartTime:          2026-06-08T01:29:08.0143934Z
Instrumentation scope (ActivitySource):
Activity.Duration:           00:00:00.1024418
    Name: Microsoft.AspNetCore
Activity.Tags:
Resource associated with Activity:
[22:29:08 INF] Executed action Urbeat.WebApi.Controllers.StoreCategoriesController.Delete (Urbeat.WebApi) in 114.812ms
    telemetry.sdk.name: opentelemetry
    server.address: localhost
    telemetry.sdk.language: dotnet
    http.request.method: POST
    url.scheme: http
    telemetry.sdk.version: 1.14.0
    url.path: /api/customer/addresses
    network.protocol.version: 1.1
    service.name: unknown_service:testhost
    http.route: api/customer/addresses
    http.response.status_code: 201
Instrumentation scope (ActivitySource):
    Name: Microsoft.AspNetCore
Resource associated with Activity:
Activity.TraceId:            3e88745259d7d7c8f864fb695f21d28e
    telemetry.sdk.name: opentelemetry
Activity.SpanId:             30cce9fa1cefe7b3
    telemetry.sdk.language: dotnet
Activity.TraceFlags:         Recorded
    telemetry.sdk.version: 1.14.0
Activity.DisplayName:        POST api/auth/register/customer
    service.name: unknown_service:testhost
Activity.TraceId:            6bac758f865120c5cad1d82fadaab307
Activity.SpanId:             03121a27c2b14d66
Activity.TraceFlags:         Recorded
Activity.Kind:               Server
Activity.DisplayName:        POST api/customer/addresses
Activity.Kind:               Server
Activity.StartTime:          2026-06-08T01:29:08.0129302Z
Activity.StartTime:          2026-06-08T01:29:08.0143934Z
Activity.Duration:           00:00:00.1144408
Activity.Duration:           00:00:00.1024418
Activity.Tags:
Activity.Tags:
    server.address: localhost
    server.address: localhost
    http.request.method: POST
    http.request.method: POST
    url.scheme: http
    url.scheme: http
    url.path: /api/auth/register/customer
    url.path: /api/customer/addresses
    network.protocol.version: 1.1
    network.protocol.version: 1.1
    http.route: api/auth/register/customer
    http.route: api/customer/addresses
    http.response.status_code: 201
    http.response.status_code: 201
Instrumentation scope (ActivitySource):
Instrumentation scope (ActivitySource):
    Name: Microsoft.AspNetCore
Resource associated with Activity:
    Name: Microsoft.AspNetCore
    telemetry.sdk.name: opentelemetry
Resource associated with Activity:
    telemetry.sdk.language: dotnet
    telemetry.sdk.name: opentelemetry
    telemetry.sdk.version: 1.14.0
    telemetry.sdk.language: dotnet
    telemetry.sdk.version: 1.14.0
    service.name: unknown_service:testhost
[22:29:08 INF] Executed endpoint 'Urbeat.WebApi.Controllers.StoreCategoriesController.Delete (Urbeat.WebApi)'
    service.name: unknown_service:testhost
[22:29:08 INF] Starting Hangfire Server using job storage: 'In-Memory Storage'
Activity.TraceId:            3e88745259d7d7c8f864fb695f21d28e
Activity.TraceId:            6bac758f865120c5cad1d82fadaab307
Activity.SpanId:             30cce9fa1cefe7b3
[22:29:08 INF] Executed action method Urbeat.WebApi.Controllers.AuthController.RegisterSeller (Urbeat.WebApi), returned result Microsoft.AspNetCore.Mvc.ObjectResult in 111.9171ms.
Activity.TraceFlags:         Recorded
Activity.SpanId:             03121a27c2b14d66
Activity.DisplayName:        POST api/auth/register/customer
Activity.TraceFlags:         Recorded
Activity.Kind:               Server
Activity.DisplayName:        POST api/customer/addresses
Activity.Kind:               Server
[22:29:08 INF] Executing endpoint 'Urbeat.WebApi.Controllers.AdminController.UpsertSubscriptionStatus (Urbeat.WebApi)'
Activity.StartTime:          2026-06-08T01:29:08.0129302Z
Activity.StartTime:          2026-06-08T01:29:08.0143934Z
Activity.Duration:           00:00:00.1144408
[22:29:08 INF] Saved 1 entities to in-memory store.
Activity.Tags:
Activity.Duration:           00:00:00.1024418
    server.address: localhost
Activity.Tags:
[22:29:08 INF] Route matched with {action = "GetMyStore", controller = "Stores"}. Executing controller action with signature System.Threading.Tasks.Task`1[Microsoft.AspNetCore.Mvc.IActionResult] GetMyStore(System.Threading.CancellationToken) on controller Urbeat.WebApi.Controllers.StoresController (Urbeat.WebApi).
    server.address: localhost
    http.request.method: POST
[22:29:08 INF] Executing endpoint 'Urbeat.WebApi.Controllers.StoresController.UpdateDeliveryConfig (Urbeat.WebApi)'
    url.scheme: http
    url.path: /api/customer/addresses
[22:29:08 INF] Using the following options for Hangfire Server:
    Worker count: 2
    Listening queues: 'default'
    Shutdown timeout: 00:00:15
    Schedule polling interval: 00:00:15
    http.request.method: POST
    network.protocol.version: 1.1
    url.scheme: http
    http.route: api/customer/addresses
[22:29:08 INF] Executing endpoint 'Urbeat.WebApi.Controllers.StoresController.UpdateDeliveryConfig (Urbeat.WebApi)'
    url.path: /api/auth/register/customer
    http.response.status_code: 201
[22:29:08 INF] HTTP DELETE /api/stores/019ea4d9-0923-7bcf-80a2-611711d559ed/categories/fabd706e-1d85-4229-bf81-c61e9f3d2309 responded 404 in 172.3399 ms
    network.protocol.version: 1.1
Instrumentation scope (ActivitySource):
    http.route: api/auth/register/customer
    Name: Microsoft.AspNetCore
    http.response.status_code: 201
Resource associated with Activity:
Instrumentation scope (ActivitySource):
    Name: Microsoft.AspNetCore
    telemetry.sdk.name: opentelemetry
Resource associated with Activity:
    telemetry.sdk.language: dotnet
    telemetry.sdk.name: opentelemetry
    telemetry.sdk.version: 1.14.0
    telemetry.sdk.language: dotnet
    service.name: unknown_service:testhost
    telemetry.sdk.version: 1.14.0
    service.name: unknown_service:testhost
Activity.TraceId:            6bac758f865120c5cad1d82fadaab307
Activity.SpanId:             03121a27c2b14d66
Activity.TraceFlags:         Recorded
Activity.TraceId:            3e88745259d7d7c8f864fb695f21d28e
[22:29:08 INF] USER_LOGGED_IN | Login succeeded | UserId=6d1cc16a-1efd-4fed-b11b-5be6d3276705 | Email=admin@urbeat.local | Role=Admin | IP=null
Activity.SpanId:             30cce9fa1cefe7b3
Activity.TraceFlags:         Recorded
Activity.DisplayName:        POST api/auth/register/customer
Activity.Kind:               Server
Activity.StartTime:          2026-06-08T01:29:08.0129302Z
Activity.Duration:           00:00:00.1144408
Activity.Tags:
    server.address: localhost
    http.request.method: POST
    url.scheme: http
    url.path: /api/auth/register/customer
    network.protocol.version: 1.1
    http.route: api/auth/register/customer
[22:29:08 INF] Executing ObjectResult, writing value of type '<>f__AnonymousType2`3[[System.Nullable`1[[System.Guid, System.Private.CoreLib, Version=9.0.0.0, Culture=neutral, PublicKeyToken=7cec85d7bea7798e]], System.Private.CoreLib, Version=9.0.0.0, Culture=neutral, PublicKeyToken=7cec85d7bea7798e],[System.Boolean, System.Private.CoreLib, Version=9.0.0.0, Culture=neutral, PublicKeyToken=7cec85d7bea7798e],[System.String, System.Private.CoreLib, Version=9.0.0.0, Culture=neutral, PublicKeyToken=7cec85d7bea7798e]]'.
    http.response.status_code: 201
Activity.DisplayName:        POST api/customer/addresses
Instrumentation scope (ActivitySource):
Activity.Kind:               Server
    Name: Microsoft.AspNetCore
Resource associated with Activity:
    telemetry.sdk.name: opentelemetry
Activity.StartTime:          2026-06-08T01:29:08.0143934Z
    telemetry.sdk.language: dotnet
Activity.Duration:           00:00:00.1024418
    telemetry.sdk.version: 1.14.0
Activity.Tags:
    service.name: unknown_service:testhost
    server.address: localhost
    http.request.method: POST
    url.scheme: http
Activity.TraceId:            3e88745259d7d7c8f864fb695f21d28e
    url.path: /api/customer/addresses
Activity.SpanId:             30cce9fa1cefe7b3
    network.protocol.version: 1.1
Activity.TraceFlags:         Recorded
    http.route: api/customer/addresses
Activity.DisplayName:        POST api/auth/register/customer
    http.response.status_code: 201
Activity.Kind:               Server
Instrumentation scope (ActivitySource):
    Name: Microsoft.AspNetCore
Activity.StartTime:          2026-06-08T01:29:08.0129302Z
Resource associated with Activity:
Activity.Duration:           00:00:00.1144408
    telemetry.sdk.name: opentelemetry
Activity.Tags:
    telemetry.sdk.language: dotnet
    server.address: localhost
    telemetry.sdk.version: 1.14.0
    http.request.method: POST
    service.name: unknown_service:testhost
    url.scheme: http
    url.path: /api/auth/register/customer
    network.protocol.version: 1.1
Activity.TraceId:            6bac758f865120c5cad1d82fadaab307
    http.route: api/auth/register/customer
Activity.SpanId:             03121a27c2b14d66
    http.response.status_code: 201
Activity.TraceFlags:         Recorded
Instrumentation scope (ActivitySource):
    Name: Microsoft.AspNetCore
Activity.DisplayName:        POST api/customer/addresses
Resource associated with Activity:
[22:29:08 INF] Request finished HTTP/1.1 DELETE http://localhost/api/stores/019ea4d9-0923-7bcf-80a2-611711d559ed/categories/fabd706e-1d85-4229-bf81-c61e9f3d2309 - 404 null application/problem+json; charset=utf-8 192.7955ms
    telemetry.sdk.name: opentelemetry
Activity.Kind:               Server
    telemetry.sdk.language: dotnet
    telemetry.sdk.version: 1.14.0
Activity.StartTime:          2026-06-08T01:29:08.0143934Z
    service.name: unknown_service:testhost
Activity.Duration:           00:00:00.1024418
Activity.Tags:
Activity.TraceId:            3e88745259d7d7c8f864fb695f21d28e
    server.address: localhost
Activity.SpanId:             30cce9fa1cefe7b3
    http.request.method: POST
Activity.TraceFlags:         Recorded
    url.scheme: http
Activity.DisplayName:        POST api/auth/register/customer
    url.path: /api/customer/addresses
Activity.Kind:               Server
    network.protocol.version: 1.1
Activity.StartTime:          2026-06-08T01:29:08.0129302Z
    http.route: api/customer/addresses
Activity.Duration:           00:00:00.1144408
    http.response.status_code: 201
Activity.Tags:
Instrumentation scope (ActivitySource):
    server.address: localhost
    Name: Microsoft.AspNetCore
Resource associated with Activity:
    http.request.method: POST
    telemetry.sdk.name: opentelemetry
    url.scheme: http
    telemetry.sdk.language: dotnet
    url.path: /api/auth/register/customer
    telemetry.sdk.version: 1.14.0
    network.protocol.version: 1.1
    service.name: unknown_service:testhost
    http.route: api/auth/register/customer
    http.response.status_code: 201
Activity.TraceId:            6bac758f865120c5cad1d82fadaab307
Instrumentation scope (ActivitySource):
    Name: Microsoft.AspNetCore
Activity.SpanId:             03121a27c2b14d66
Resource associated with Activity:
Activity.TraceFlags:         Recorded
    telemetry.sdk.name: opentelemetry
Activity.DisplayName:        POST api/customer/addresses
    telemetry.sdk.language: dotnet
Activity.Kind:               Server
    telemetry.sdk.version: 1.14.0
Activity.StartTime:          2026-06-08T01:29:08.0143934Z
    service.name: unknown_service:testhost
Activity.Duration:           00:00:00.1024418
Activity.Tags:
Activity.TraceId:            3e88745259d7d7c8f864fb695f21d28e
    server.address: localhost
Activity.SpanId:             30cce9fa1cefe7b3
    http.request.method: POST
    url.scheme: http
Activity.TraceFlags:         Recorded
    url.path: /api/customer/addresses
Activity.DisplayName:        POST api/auth/register/customer
    network.protocol.version: 1.1
Activity.Kind:               Server
    http.route: api/customer/addresses
    http.response.status_code: 201
Activity.StartTime:          2026-06-08T01:29:08.0129302Z
Instrumentation scope (ActivitySource):
Activity.Duration:           00:00:00.1144408
    Name: Microsoft.AspNetCore
Activity.Tags:
Resource associated with Activity:
    server.address: localhost
    telemetry.sdk.name: opentelemetry
[22:29:08 INF] Saved 1 entities to in-memory store.
    http.request.method: POST
Activity.TraceId:            bbcda184a9e7384abc964f8141a9f77d
    url.scheme: http
Activity.SpanId:             46dd9bbc5b0e3a76
    url.path: /api/auth/register/customer
Activity.TraceFlags:         Recorded
    network.protocol.version: 1.1
Activity.DisplayName:        DELETE api/stores/{storeId}/categories/{categoryId}
    http.route: api/auth/register/customer
Activity.Kind:               Server
    http.response.status_code: 201
Instrumentation scope (ActivitySource):
    Name: Microsoft.AspNetCore
Resource associated with Activity:
    telemetry.sdk.language: dotnet
    telemetry.sdk.name: opentelemetry
Activity.StartTime:          2026-06-08T01:29:07.9615001Z
    telemetry.sdk.language: dotnet
Activity.Duration:           00:00:00.1929714
    telemetry.sdk.version: 1.14.0
Activity.Tags:
    service.name: unknown_service:testhost
    telemetry.sdk.version: 1.14.0
    server.address: localhost
    service.name: unknown_service:testhost
    http.request.method: DELETE
    url.scheme: http
    url.path: /api/stores/019ea4d9-0923-7bcf-80a2-611711d559ed/categories/fabd706e-1d85-4229-bf81-c61e9f3d2309
Activity.TraceId:            3e88745259d7d7c8f864fb695f21d28e
    network.protocol.version: 1.1
Activity.SpanId:             30cce9fa1cefe7b3
    http.route: api/stores/{storeId}/categories/{categoryId}
Activity.TraceFlags:         Recorded
    http.response.status_code: 404
Activity.DisplayName:        POST api/auth/register/customer
Instrumentation scope (ActivitySource):
Activity.Kind:               Server
    Name: Microsoft.AspNetCore
Resource associated with Activity:
Activity.StartTime:          2026-06-08T01:29:08.0129302Z
    telemetry.sdk.name: opentelemetry
Activity.Duration:           00:00:00.1144408
    telemetry.sdk.language: dotnet
Activity.Tags:
    telemetry.sdk.version: 1.14.0
    server.address: localhost
    service.name: unknown_service:testhost
    http.request.method: POST
    url.scheme: http
    url.path: /api/auth/register/customer
Activity.TraceId:            bbcda184a9e7384abc964f8141a9f77d
    network.protocol.version: 1.1
Activity.SpanId:             46dd9bbc5b0e3a76
    http.route: api/auth/register/customer
Activity.TraceFlags:         Recorded
    http.response.status_code: 201
Activity.DisplayName:        DELETE api/stores/{storeId}/categories/{categoryId}
Instrumentation scope (ActivitySource):
Activity.Kind:               Server
    Name: Microsoft.AspNetCore
[22:29:08 INF] Executed action method Urbeat.WebApi.Controllers.AuthController.LoginAdmin (Urbeat.WebApi), returned result Microsoft.AspNetCore.Mvc.OkObjectResult in 84.3476ms.
Activity.StartTime:          2026-06-08T01:29:07.9615001Z
Resource associated with Activity:
Activity.Duration:           00:00:00.1929714
    telemetry.sdk.name: opentelemetry
Activity.Tags:
    telemetry.sdk.language: dotnet
    server.address: localhost
    telemetry.sdk.version: 1.14.0
    http.request.method: DELETE
    service.name: unknown_service:testhost
    url.scheme: http
    url.path: /api/stores/019ea4d9-0923-7bcf-80a2-611711d559ed/categories/fabd706e-1d85-4229-bf81-c61e9f3d2309
Activity.TraceId:            3e88745259d7d7c8f864fb695f21d28e
    network.protocol.version: 1.1
Activity.SpanId:             30cce9fa1cefe7b3
    http.route: api/stores/{storeId}/categories/{categoryId}
Activity.TraceFlags:         Recorded
    http.response.status_code: 404
Activity.DisplayName:        POST api/auth/register/customer
Instrumentation scope (ActivitySource):
Activity.Kind:               Server
    Name: Microsoft.AspNetCore
Resource associated with Activity:
Activity.StartTime:          2026-06-08T01:29:08.0129302Z
    telemetry.sdk.name: opentelemetry
Activity.Duration:           00:00:00.1144408
    telemetry.sdk.language: dotnet
Activity.Tags:
    telemetry.sdk.version: 1.14.0
    server.address: localhost
    service.name: unknown_service:testhost
    http.request.method: POST
    url.scheme: http
    url.path: /api/auth/register/customer
Activity.TraceId:            bbcda184a9e7384abc964f8141a9f77d
    network.protocol.version: 1.1
Activity.SpanId:             46dd9bbc5b0e3a76
    http.route: api/auth/register/customer
Activity.TraceFlags:         Recorded
    http.response.status_code: 201
Activity.DisplayName:        DELETE api/stores/{storeId}/categories/{categoryId}
Instrumentation scope (ActivitySource):
Activity.Kind:               Server
    Name: Microsoft.AspNetCore
Resource associated with Activity:
Activity.StartTime:          2026-06-08T01:29:07.9615001Z
    telemetry.sdk.name: opentelemetry
Activity.Duration:           00:00:00.1929714
    telemetry.sdk.language: dotnet
Activity.Tags:
    telemetry.sdk.version: 1.14.0
    server.address: localhost
    service.name: unknown_service:testhost
    http.request.method: DELETE
    url.scheme: http
    url.path: /api/stores/019ea4d9-0923-7bcf-80a2-611711d559ed/categories/fabd706e-1d85-4229-bf81-c61e9f3d2309
    network.protocol.version: 1.1
    http.route: api/stores/{storeId}/categories/{categoryId}
Activity.TraceId:            3e88745259d7d7c8f864fb695f21d28e
    http.response.status_code: 404
Activity.SpanId:             30cce9fa1cefe7b3
Instrumentation scope (ActivitySource):
Activity.TraceFlags:         Recorded
    Name: Microsoft.AspNetCore
Activity.DisplayName:        POST api/auth/register/customer
Resource associated with Activity:
Activity.Kind:               Server
[22:29:08 INF] Executing OkObjectResult, writing value of type 'Urbeat.Application.DTOs.AuthTokenResponseDto'.
    telemetry.sdk.name: opentelemetry
[22:29:08 INF] Executed action Urbeat.WebApi.Controllers.AuthController.RegisterSeller (Urbeat.WebApi) in 142.2385ms
    telemetry.sdk.language: dotnet
    telemetry.sdk.version: 1.14.0
[22:29:08 INF] Server fabio-mobile:44964:bb71dc8a successfully announced in 0,7112 ms
    service.name: unknown_service:testhost
Activity.StartTime:          2026-06-08T01:29:08.0129302Z
Activity.Duration:           00:00:00.1144408
Activity.Tags:
    server.address: localhost
Activity.TraceId:            bbcda184a9e7384abc964f8141a9f77d
    http.request.method: POST
Activity.SpanId:             46dd9bbc5b0e3a76
    url.scheme: http
Activity.TraceFlags:         Recorded
    url.path: /api/auth/register/customer
Activity.DisplayName:        DELETE api/stores/{storeId}/categories/{categoryId}
    network.protocol.version: 1.1
Activity.Kind:               Server
    http.route: api/auth/register/customer
    http.response.status_code: 201
[22:29:08 INF] Executed endpoint 'Urbeat.WebApi.Controllers.AuthController.RegisterSeller (Urbeat.WebApi)'
Activity.StartTime:          2026-06-08T01:29:07.9615001Z
Instrumentation scope (ActivitySource):
Activity.Duration:           00:00:00.1929714
    Name: Microsoft.AspNetCore
Activity.Tags:
Resource associated with Activity:
    server.address: localhost
    telemetry.sdk.name: opentelemetry
    http.request.method: DELETE
    telemetry.sdk.language: dotnet
    url.scheme: http
    telemetry.sdk.version: 1.14.0
    url.path: /api/stores/019ea4d9-0923-7bcf-80a2-611711d559ed/categories/fabd706e-1d85-4229-bf81-c61e9f3d2309
    service.name: unknown_service:testhost
    network.protocol.version: 1.1
    http.route: api/stores/{storeId}/categories/{categoryId}
    http.response.status_code: 404
Activity.TraceId:            3e88745259d7d7c8f864fb695f21d28e
Instrumentation scope (ActivitySource):
Activity.SpanId:             30cce9fa1cefe7b3
    Name: Microsoft.AspNetCore
Activity.TraceFlags:         Recorded
[22:29:08 INF] Executed action Urbeat.WebApi.Controllers.AuthController.LoginAdmin (Urbeat.WebApi) in 143.6792ms
Activity.DisplayName:        POST api/auth/register/customer
Resource associated with Activity:
Activity.Kind:               Server
    telemetry.sdk.name: opentelemetry
    telemetry.sdk.language: dotnet
Activity.StartTime:          2026-06-08T01:29:08.0129302Z
    telemetry.sdk.version: 1.14.0
Activity.Duration:           00:00:00.1144408
    service.name: unknown_service:testhost
Activity.Tags:
[22:29:08 INF] HTTP POST /api/auth/register/seller responded 201 in 175.1589 ms
    server.address: localhost
[22:29:08 INF] Executed endpoint 'Urbeat.WebApi.Controllers.AuthController.LoginAdmin (Urbeat.WebApi)'
Activity.TraceId:            bbcda184a9e7384abc964f8141a9f77d
    http.request.method: POST
Activity.SpanId:             46dd9bbc5b0e3a76
    url.scheme: http
Activity.TraceFlags:         Recorded
    url.path: /api/auth/register/customer
Activity.DisplayName:        DELETE api/stores/{storeId}/categories/{categoryId}
    network.protocol.version: 1.1
[22:29:08 INF] Request starting HTTP/1.1 GET http://localhost/api/stores/my-store - null null
Activity.Kind:               Server
    http.route: api/auth/register/customer
    http.response.status_code: 201
Activity.StartTime:          2026-06-08T01:29:07.9615001Z
Instrumentation scope (ActivitySource):
Activity.Duration:           00:00:00.1929714
    Name: Microsoft.AspNetCore
Activity.Tags:
Resource associated with Activity:
    server.address: localhost
    telemetry.sdk.name: opentelemetry
    http.request.method: DELETE
[22:29:08 INF] HTTP POST /api/auth/login/admin responded 200 in 175.5177 ms
    url.scheme: http
    telemetry.sdk.language: dotnet
    url.path: /api/stores/019ea4d9-0923-7bcf-80a2-611711d559ed/categories/fabd706e-1d85-4229-bf81-c61e9f3d2309
    telemetry.sdk.version: 1.14.0
    network.protocol.version: 1.1
    service.name: unknown_service:testhost
    http.route: api/stores/{storeId}/categories/{categoryId}
Activity.TraceId:            3e88745259d7d7c8f864fb695f21d28e
    http.response.status_code: 404
Activity.SpanId:             30cce9fa1cefe7b3
Instrumentation scope (ActivitySource):
    Name: Microsoft.AspNetCore
Resource associated with Activity:
Activity.TraceFlags:         Recorded
    telemetry.sdk.name: opentelemetry
Activity.DisplayName:        POST api/auth/register/customer
    telemetry.sdk.language: dotnet
Activity.Kind:               Server
    telemetry.sdk.version: 1.14.0
    service.name: unknown_service:testhost
Activity.StartTime:          2026-06-08T01:29:08.0129302Z
Activity.TraceId:            bbcda184a9e7384abc964f8141a9f77d
Activity.Duration:           00:00:00.1144408
Activity.SpanId:             46dd9bbc5b0e3a76
Activity.Tags:
Activity.TraceFlags:         Recorded
    server.address: localhost
Activity.DisplayName:        DELETE api/stores/{storeId}/categories/{categoryId}
    http.request.method: POST
Activity.Kind:               Server
    url.scheme: http
    url.path: /api/auth/register/customer
Activity.StartTime:          2026-06-08T01:29:07.9615001Z
    network.protocol.version: 1.1
Activity.Duration:           00:00:00.1929714
    http.route: api/auth/register/customer
Activity.Tags:
    http.response.status_code: 201
    server.address: localhost
Instrumentation scope (ActivitySource):
    http.request.method: DELETE
    Name: Microsoft.AspNetCore
    url.scheme: http
Resource associated with Activity:
    url.path: /api/stores/019ea4d9-0923-7bcf-80a2-611711d559ed/categories/fabd706e-1d85-4229-bf81-c61e9f3d2309
    telemetry.sdk.name: opentelemetry
    network.protocol.version: 1.1
    telemetry.sdk.language: dotnet
    http.route: api/stores/{storeId}/categories/{categoryId}
    telemetry.sdk.version: 1.14.0
    http.response.status_code: 404
[22:29:08 INF] Request finished HTTP/1.1 POST http://localhost/api/auth/register/seller - 201 null application/json; charset=utf-8 176.2693ms
Instrumentation scope (ActivitySource):
    Name: Microsoft.AspNetCore
    service.name: unknown_service:testhost
Resource associated with Activity:
[22:29:08 INF] Request finished HTTP/1.1 POST http://localhost/api/auth/login/admin - 200 null application/json; charset=utf-8 191.4271ms
    telemetry.sdk.name: opentelemetry
    telemetry.sdk.language: dotnet
    telemetry.sdk.version: 1.14.0
    service.name: unknown_service:testhost
Activity.TraceId:            bbcda184a9e7384abc964f8141a9f77d
Activity.SpanId:             46dd9bbc5b0e3a76
Activity.TraceFlags:         Recorded
Activity.DisplayName:        DELETE api/stores/{storeId}/categories/{categoryId}
Activity.Kind:               Server
Activity.StartTime:          2026-06-08T01:29:07.9615001Z
Activity.Duration:           00:00:00.1929714
Activity.Tags:
    server.address: localhost
    http.request.method: DELETE
    url.scheme: http
    url.path: /api/stores/019ea4d9-0923-7bcf-80a2-611711d559ed/categories/fabd706e-1d85-4229-bf81-c61e9f3d2309
    network.protocol.version: 1.1
    http.route: api/stores/{storeId}/categories/{categoryId}
Activity.TraceId:            f250bfeb94e2eda9625401f3aaaec0fd
    http.response.status_code: 404
Activity.SpanId:             4a92673972fbea72
Instrumentation scope (ActivitySource):
Activity.TraceFlags:         Recorded
[22:29:08 INF] Request starting HTTP/1.1 POST http://localhost/api/auth/email/resend-confirmation - application/json; charset=utf-8 null
    Name: Microsoft.AspNetCore
Activity.DisplayName:        POST api/auth/login/admin
Resource associated with Activity:
Activity.Kind:               Server
    telemetry.sdk.name: opentelemetry
    telemetry.sdk.language: dotnet
    telemetry.sdk.version: 1.14.0
[22:29:08 INF] Server fabio-mobile:44964:bb71dc8a is starting the registered dispatchers: ServerWatchdog, ServerJobCancellationWatcher, Worker, DelayedJobScheduler, RecurringJobScheduler...
Activity.StartTime:          2026-06-08T01:29:07.9651834Z
    service.name: unknown_service:testhost
Activity.Duration:           00:00:00.1915530
Activity.Tags:
    server.address: localhost
    http.request.method: POST
[22:29:08 INF] Route matched with {action = "UpsertSubscriptionStatus", controller = "Admin"}. Executing controller action with signature System.Threading.Tasks.Task`1[Microsoft.AspNetCore.Mvc.IActionResult] UpsertSubscriptionStatus(Urbeat.Application.DTOs.UpsertSellerSubscriptionStatusRequestDto, System.Threading.CancellationToken) on controller Urbeat.WebApi.Controllers.AdminController (Urbeat.WebApi).
    url.scheme: http
Activity.TraceId:            bbcda184a9e7384abc964f8141a9f77d
    url.path: /api/auth/login/admin
Activity.SpanId:             46dd9bbc5b0e3a76
[22:29:08 INF] Route matched with {action = "UpdateDeliveryConfig", controller = "Stores"}. Executing controller action with signature System.Threading.Tasks.Task`1[Microsoft.AspNetCore.Mvc.IActionResult] UpdateDeliveryConfig(System.Guid, Urbeat.Application.DTOs.UpdateStoreDeliveryConfigRequestDto, System.Threading.CancellationToken) on controller Urbeat.WebApi.Controllers.StoresController (Urbeat.WebApi).
Activity.TraceFlags:         Recorded
    network.protocol.version: 1.1
Activity.DisplayName:        DELETE api/stores/{storeId}/categories/{categoryId}
    http.route: api/auth/login/admin
Activity.Kind:               Server
    http.response.status_code: 200
Instrumentation scope (ActivitySource):
    Name: Microsoft.AspNetCore
Resource associated with Activity:
Activity.StartTime:          2026-06-08T01:29:07.9615001Z
    telemetry.sdk.name: opentelemetry
[22:29:08 INF] Route matched with {action = "UpdateDeliveryConfig", controller = "Stores"}. Executing controller action with signature System.Threading.Tasks.Task`1[Microsoft.AspNetCore.Mvc.IActionResult] UpdateDeliveryConfig(System.Guid, Urbeat.Application.DTOs.UpdateStoreDeliveryConfigRequestDto, System.Threading.CancellationToken) on controller Urbeat.WebApi.Controllers.StoresController (Urbeat.WebApi).
Activity.Duration:           00:00:00.1929714
[22:29:08 INF] Executing endpoint 'Urbeat.WebApi.Controllers.StoresController.GetMyStore (Urbeat.WebApi)'
Activity.Tags:
    server.address: localhost
    http.request.method: DELETE
    url.scheme: http
[22:29:08 INF] Executing action method Urbeat.WebApi.Controllers.StoresController.GetMyStore (Urbeat.WebApi) - Validation state: Valid
    telemetry.sdk.language: dotnet
    telemetry.sdk.version: 1.14.0
    service.name: unknown_service:testhost
    url.path: /api/stores/019ea4d9-0923-7bcf-80a2-611711d559ed/categories/fabd706e-1d85-4229-bf81-c61e9f3d2309
    network.protocol.version: 1.1
    http.route: api/stores/{storeId}/categories/{categoryId}
    http.response.status_code: 404
Activity.TraceId:            f250bfeb94e2eda9625401f3aaaec0fd
Instrumentation scope (ActivitySource):
Activity.SpanId:             4a92673972fbea72
    Name: Microsoft.AspNetCore
Activity.TraceFlags:         Recorded
Resource associated with Activity:
Activity.DisplayName:        POST api/auth/login/admin
    telemetry.sdk.name: opentelemetry
Activity.Kind:               Server
    telemetry.sdk.language: dotnet
    telemetry.sdk.version: 1.14.0
    service.name: unknown_service:testhost
Activity.StartTime:          2026-06-08T01:29:07.9651834Z
Activity.Duration:           00:00:00.1915530
Activity.Tags:
[22:29:08 INF] Saved 1 entities to in-memory store.
Activity.TraceId:            bbcda184a9e7384abc964f8141a9f77d
    server.address: localhost
Activity.SpanId:             46dd9bbc5b0e3a76
    http.request.method: POST
Activity.TraceFlags:         Recorded
    url.scheme: http
Activity.DisplayName:        DELETE api/stores/{storeId}/categories/{categoryId}
    url.path: /api/auth/login/admin
Activity.Kind:               Server
    network.protocol.version: 1.1
    http.route: api/auth/login/admin
    http.response.status_code: 200
Activity.StartTime:          2026-06-08T01:29:07.9615001Z
Instrumentation scope (ActivitySource):
Activity.Duration:           00:00:00.1929714
    Name: Microsoft.AspNetCore
Activity.Tags:
Resource associated with Activity:
    server.address: localhost
    telemetry.sdk.name: opentelemetry
    http.request.method: DELETE
    telemetry.sdk.language: dotnet
    url.scheme: http
    telemetry.sdk.version: 1.14.0
    url.path: /api/stores/019ea4d9-0923-7bcf-80a2-611711d559ed/categories/fabd706e-1d85-4229-bf81-c61e9f3d2309
    service.name: unknown_service:testhost
    network.protocol.version: 1.1
    http.route: api/stores/{storeId}/categories/{categoryId}
Activity.TraceId:            f250bfeb94e2eda9625401f3aaaec0fd
    http.response.status_code: 404
Activity.SpanId:             4a92673972fbea72
Instrumentation scope (ActivitySource):
Activity.TraceFlags:         Recorded
    Name: Microsoft.AspNetCore
Activity.DisplayName:        POST api/auth/login/admin
Resource associated with Activity:
Activity.Kind:               Server
Activity.StartTime:          2026-06-08T01:29:07.9651834Z
Activity.Duration:           00:00:00.1915530
Activity.Tags:
Activity.TraceId:            d112ecbaec5d720de8b5377dececabb0
    server.address: localhost
Activity.SpanId:             58f5caa84ba1e6d7
    http.request.method: POST
Activity.TraceFlags:         Recorded
    url.scheme: http
Activity.DisplayName:        POST api/auth/register/seller
    url.path: /api/auth/login/admin
Activity.Kind:               Server
    network.protocol.version: 1.1
Activity.StartTime:          2026-06-08T01:29:07.9803095Z
    http.route: api/auth/login/admin
Activity.Duration:           00:00:00.1764750
    http.response.status_code: 200
Activity.Tags:
Instrumentation scope (ActivitySource):
    server.address: localhost
    Name: Microsoft.AspNetCore
    http.request.method: POST
    telemetry.sdk.name: opentelemetry
    url.scheme: http
    telemetry.sdk.language: dotnet
    url.path: /api/auth/register/seller
    telemetry.sdk.version: 1.14.0
    network.protocol.version: 1.1
    service.name: unknown_service:testhost
    http.route: api/auth/register/seller
    http.response.status_code: 201
Instrumentation scope (ActivitySource):
Activity.TraceId:            bbcda184a9e7384abc964f8141a9f77d
    Name: Microsoft.AspNetCore
Activity.SpanId:             46dd9bbc5b0e3a76
Resource associated with Activity:
Activity.TraceFlags:         Recorded
    telemetry.sdk.name: opentelemetry
Activity.DisplayName:        DELETE api/stores/{storeId}/categories/{categoryId}
[22:29:08 INF] Executing endpoint 'Urbeat.WebApi.Controllers.AuthController.ResendEmailConfirmation (Urbeat.WebApi)'
    telemetry.sdk.language: dotnet
Activity.Kind:               Server
    telemetry.sdk.version: 1.14.0
    service.name: unknown_service:testhost
Activity.StartTime:          2026-06-08T01:29:07.9615001Z
Activity.Duration:           00:00:00.1929714
Activity.Tags:
    server.address: localhost
Activity.TraceId:            d112ecbaec5d720de8b5377dececabb0
    http.request.method: DELETE
Activity.SpanId:             58f5caa84ba1e6d7
    url.scheme: http
Activity.TraceFlags:         Recorded
    url.path: /api/stores/019ea4d9-0923-7bcf-80a2-611711d559ed/categories/fabd706e-1d85-4229-bf81-c61e9f3d2309
Activity.DisplayName:        POST api/auth/register/seller
    network.protocol.version: 1.1
Activity.Kind:               Server
    http.route: api/stores/{storeId}/categories/{categoryId}
    http.response.status_code: 404
Instrumentation scope (ActivitySource):
    Name: Microsoft.AspNetCore
Activity.StartTime:          2026-06-08T01:29:07.9803095Z
Resource associated with Activity:
Activity.Duration:           00:00:00.1764750
    telemetry.sdk.name: opentelemetry
Activity.Tags:
    telemetry.sdk.language: dotnet
    server.address: localhost
    telemetry.sdk.version: 1.14.0
    http.request.method: POST
    service.name: unknown_service:testhost
    url.scheme: http
    url.path: /api/auth/register/seller
Activity.TraceId:            bbcda184a9e7384abc964f8141a9f77d
    network.protocol.version: 1.1
Activity.SpanId:             46dd9bbc5b0e3a76
    http.route: api/auth/register/seller
Activity.TraceFlags:         Recorded
    http.response.status_code: 201
Activity.DisplayName:        DELETE api/stores/{storeId}/categories/{categoryId}
Instrumentation scope (ActivitySource):
Activity.Kind:               Server
    Name: Microsoft.AspNetCore
Activity.StartTime:          2026-06-08T01:29:07.9615001Z
Resource associated with Activity:
Activity.Duration:           00:00:00.1929714
    telemetry.sdk.name: opentelemetry
Activity.Tags:
[22:29:08 INF] Route matched with {action = "ResendEmailConfirmation", controller = "Auth"}. Executing controller action with signature System.Threading.Tasks.Task`1[Microsoft.AspNetCore.Mvc.IActionResult] ResendEmailConfirmation(Urbeat.Application.DTOs.ResendEmailConfirmationRequestDto, System.Threading.CancellationToken) on controller Urbeat.WebApi.Controllers.AuthController (Urbeat.WebApi).
    server.address: localhost
    telemetry.sdk.language: dotnet
    http.request.method: DELETE
    telemetry.sdk.version: 1.14.0
    url.scheme: http
    url.path: /api/stores/019ea4d9-0923-7bcf-80a2-611711d559ed/categories/fabd706e-1d85-4229-bf81-c61e9f3d2309
    network.protocol.version: 1.1
    service.name: unknown_service:testhost
    http.route: api/stores/{storeId}/categories/{categoryId}
    http.response.status_code: 404
Instrumentation scope (ActivitySource):
    Name: Microsoft.AspNetCore
Resource associated with Activity:
    telemetry.sdk.name: opentelemetry
    telemetry.sdk.language: dotnet
    telemetry.sdk.version: 1.14.0
    service.name: unknown_service:testhost
Resource associated with Activity:
Activity.TraceId:            bbcda184a9e7384abc964f8141a9f77d
    telemetry.sdk.name: opentelemetry
    telemetry.sdk.language: dotnet
    telemetry.sdk.version: 1.14.0
    service.name: unknown_service:testhost
Activity.SpanId:             46dd9bbc5b0e3a76
Activity.TraceFlags:         Recorded
Activity.DisplayName:        DELETE api/stores/{storeId}/categories/{categoryId}
Activity.TraceId:            f250bfeb94e2eda9625401f3aaaec0fd
Activity.Kind:               Server
Activity.SpanId:             4a92673972fbea72
Activity.StartTime:          2026-06-08T01:29:07.9615001Z
Activity.TraceFlags:         Recorded
Activity.Duration:           00:00:00.1929714
Activity.DisplayName:        POST api/auth/login/admin
Activity.Tags:
Activity.Kind:               Server
    server.address: localhost
    http.request.method: DELETE
Activity.StartTime:          2026-06-08T01:29:07.9651834Z
    url.scheme: http
Activity.Duration:           00:00:00.1915530
    url.path: /api/stores/019ea4d9-0923-7bcf-80a2-611711d559ed/categories/fabd706e-1d85-4229-bf81-c61e9f3d2309
Activity.Tags:
    network.protocol.version: 1.1
    server.address: localhost
    http.route: api/stores/{storeId}/categories/{categoryId}
    http.request.method: POST
    http.response.status_code: 404
Instrumentation scope (ActivitySource):
    Name: Microsoft.AspNetCore
    url.scheme: http
Resource associated with Activity:
    url.path: /api/auth/login/admin
    telemetry.sdk.name: opentelemetry
    network.protocol.version: 1.1
    telemetry.sdk.language: dotnet
    http.route: api/auth/login/admin
    telemetry.sdk.version: 1.14.0
    http.response.status_code: 200
    service.name: unknown_service:testhost
Instrumentation scope (ActivitySource):
    Name: Microsoft.AspNetCore
Resource associated with Activity:
    telemetry.sdk.name: opentelemetry
    telemetry.sdk.language: dotnet
    telemetry.sdk.version: 1.14.0
    service.name: unknown_service:testhost
Activity.TraceId:            f250bfeb94e2eda9625401f3aaaec0fd
Activity.SpanId:             4a92673972fbea72
Activity.TraceFlags:         Recorded
Activity.DisplayName:        POST api/auth/login/admin
Activity.Kind:               Server
Activity.StartTime:          2026-06-08T01:29:07.9651834Z
Activity.Duration:           00:00:00.1915530
Activity.Tags:
    server.address: localhost
    http.request.method: POST
    url.scheme: http
    url.path: /api/auth/login/admin
    network.protocol.version: 1.1
    http.route: api/auth/login/admin
    http.response.status_code: 200
Instrumentation scope (ActivitySource):
    Name: Microsoft.AspNetCore
Resource associated with Activity:
    telemetry.sdk.name: opentelemetry
    telemetry.sdk.language: dotnet
    telemetry.sdk.version: 1.14.0
    service.name: unknown_service:testhost
Activity.TraceId:            f250bfeb94e2eda9625401f3aaaec0fd
Activity.SpanId:             4a92673972fbea72
Activity.TraceFlags:         Recorded
Activity.DisplayName:        POST api/auth/login/admin
Activity.Kind:               Server
Activity.StartTime:          2026-06-08T01:29:07.9651834Z
Activity.Duration:           00:00:00.1915530
Activity.Tags:
    server.address: localhost
    http.request.method: POST
    url.scheme: http
    url.path: /api/auth/login/admin
    network.protocol.version: 1.1
    http.route: api/auth/login/admin
    http.response.status_code: 200
Instrumentation scope (ActivitySource):
    Name: Microsoft.AspNetCore
Resource associated with Activity:
    telemetry.sdk.name: opentelemetry
    telemetry.sdk.language: dotnet
    telemetry.sdk.version: 1.14.0
    service.name: unknown_service:testhost
Activity.TraceId:            f250bfeb94e2eda9625401f3aaaec0fd
Activity.SpanId:             4a92673972fbea72
Activity.TraceFlags:         Recorded
Activity.DisplayName:        POST api/auth/login/admin
Activity.Kind:               Server
Activity.StartTime:          2026-06-08T01:29:07.9651834Z
Activity.Duration:           00:00:00.1915530
Activity.Tags:
    server.address: localhost
    http.request.method: POST
    url.scheme: http
    url.path: /api/auth/login/admin
    network.protocol.version: 1.1
    http.route: api/auth/login/admin
    http.response.status_code: 200
Instrumentation scope (ActivitySource):
    Name: Microsoft.AspNetCore
Resource associated with Activity:
    telemetry.sdk.name: opentelemetry
    telemetry.sdk.language: dotnet
    telemetry.sdk.version: 1.14.0
    service.name: unknown_service:testhost
Activity.TraceId:            f250bfeb94e2eda9625401f3aaaec0fd
Activity.SpanId:             4a92673972fbea72
Activity.TraceFlags:         Recorded
Activity.DisplayName:        POST api/auth/login/admin
Activity.Kind:               Server
Activity.StartTime:          2026-06-08T01:29:07.9651834Z
Activity.Duration:           00:00:00.1915530
Activity.Tags:
    server.address: localhost
    http.request.method: POST
    url.scheme: http
    url.path: /api/auth/login/admin
    network.protocol.version: 1.1
    http.route: api/auth/login/admin
    http.response.status_code: 200
Instrumentation scope (ActivitySource):
    Name: Microsoft.AspNetCore
Resource associated with Activity:
    telemetry.sdk.name: opentelemetry
    telemetry.sdk.language: dotnet
    telemetry.sdk.version: 1.14.0
    service.name: unknown_service:testhost
Activity.TraceId:            f250bfeb94e2eda9625401f3aaaec0fd
Activity.SpanId:             4a92673972fbea72
Activity.TraceFlags:         Recorded
Activity.DisplayName:        POST api/auth/login/admin
Activity.Kind:               Server
Activity.TraceId:            d112ecbaec5d720de8b5377dececabb0
Activity.StartTime:          2026-06-08T01:29:07.9651834Z
Activity.SpanId:             58f5caa84ba1e6d7
Activity.Duration:           00:00:00.1915530
Activity.TraceFlags:         Recorded
Activity.Tags:
Activity.DisplayName:        POST api/auth/register/seller
    server.address: localhost
Activity.Kind:               Server
    http.request.method: POST
    url.scheme: http
    url.path: /api/auth/login/admin
    network.protocol.version: 1.1
Activity.StartTime:          2026-06-08T01:29:07.9803095Z
    http.route: api/auth/login/admin
Activity.Duration:           00:00:00.1764750
    http.response.status_code: 200
Activity.Tags:
Instrumentation scope (ActivitySource):
    Name: Microsoft.AspNetCore
    server.address: localhost
Resource associated with Activity:
    http.request.method: POST
    telemetry.sdk.name: opentelemetry
    url.scheme: http
    telemetry.sdk.language: dotnet
    url.path: /api/auth/register/seller
    telemetry.sdk.version: 1.14.0
    network.protocol.version: 1.1
    service.name: unknown_service:testhost
    http.route: api/auth/register/seller
    http.response.status_code: 201
Instrumentation scope (ActivitySource):
Activity.TraceId:            f250bfeb94e2eda9625401f3aaaec0fd
[22:29:08 INF] Executing action method Urbeat.WebApi.Controllers.AuthController.ResendEmailConfirmation (Urbeat.WebApi) - Validation state: Valid
Activity.SpanId:             4a92673972fbea72
    Name: Microsoft.AspNetCore
Activity.TraceFlags:         Recorded
Resource associated with Activity:
Activity.DisplayName:        POST api/auth/login/admin
Activity.Kind:               Server
    telemetry.sdk.name: opentelemetry
    telemetry.sdk.language: dotnet
Activity.StartTime:          2026-06-08T01:29:07.9651834Z
    telemetry.sdk.version: 1.14.0
Activity.Duration:           00:00:00.1915530
    service.name: unknown_service:testhost
Activity.Tags:
    server.address: localhost
    http.request.method: POST
Activity.TraceId:            d112ecbaec5d720de8b5377dececabb0
    url.scheme: http
Activity.SpanId:             58f5caa84ba1e6d7
    url.path: /api/auth/login/admin
Activity.TraceFlags:         Recorded
    network.protocol.version: 1.1
  Passed Urbeat.IntegrationTests.Api.ResendEmailConfirmationFlowTests.Resend_ShouldReturnBadRequest_WhenEmailIsInvalid(email: "not-an-email") [150 ms]
  Failed Urbeat.IntegrationTests.Api.EmailConfirmationFlowTests.ConfirmEmail_WithUnknownUserId_ShouldReturnNotFound [83 ms]
  Error Message:
   Expected response.StatusCode to be HttpStatusCode.NotFound {value: 404}, but found HttpStatusCode.BadRequest {value: 400}.
  Stack Trace:
     at FluentAssertions.Execution.LateBoundTestFramework.Throw(String message)
   at FluentAssertions.Execution.DefaultAssertionStrategy.HandleFailure(String message)
   at FluentAssertions.Execution.AssertionScope.AddPreFormattedFailure(String formattedFailureMessage)
   at FluentAssertions.Execution.AssertionChain.FailWith(Func`1 getFailureReason)
   at FluentAssertions.Execution.AssertionChain.FailWith(Func`1 getFailureReason)
   at FluentAssertions.Execution.AssertionChain.FailWith(String message, Object[] args)
   at FluentAssertions.Primitives.EnumAssertions`2.Be(TEnum expected, String because, Object[] becauseArgs)
   at Urbeat.IntegrationTests.Api.EmailConfirmationFlowTests.ConfirmEmail_WithUnknownUserId_ShouldReturnNotFound() in C:\Projetos\urbeat\backend\tests\Urbeat.IntegrationTests\Api\EmailConfirmationFlowTests.cs:line 173
--- End of stack trace from previous location ---
  Passed Urbeat.IntegrationTests.Api.HealthCheckTests.GetHealth_ShouldReturnOk [360 ms]
  Failed Urbeat.IntegrationTests.Api.EmailConfirmationFlowTests.ConfirmEmail_WithEmptyToken_ShouldReturnValidationError [172 ms]
  Error Message:
   Expected response.StatusCode to be HttpStatusCode.MethodNotAllowed {value: 405}, but found HttpStatusCode.UnsupportedMediaType {value: 415}.
  Stack Trace:
     at FluentAssertions.Execution.LateBoundTestFramework.Throw(String message)
   at FluentAssertions.Execution.DefaultAssertionStrategy.HandleFailure(String message)
   at FluentAssertions.Execution.AssertionScope.AddPreFormattedFailure(String formattedFailureMessage)
   at FluentAssertions.Execution.AssertionChain.FailWith(Func`1 getFailureReason)
   at FluentAssertions.Execution.AssertionChain.FailWith(Func`1 getFailureReason)
   at FluentAssertions.Execution.AssertionChain.FailWith(String message, Object[] args)
   at FluentAssertions.Primitives.EnumAssertions`2.Be(TEnum expected, String because, Object[] becauseArgs)
   at Urbeat.IntegrationTests.Api.EmailConfirmationFlowTests.ConfirmEmail_WithEmptyToken_ShouldReturnValidationError() in C:\Projetos\urbeat\backend\tests\Urbeat.IntegrationTests\Api\EmailConfirmationFlowTests.cs:line 203
--- End of stack trace from previous location ---
  Failed Urbeat.IntegrationTests.Api.ResendEmailConfirmationFlowTests.Resend_ShouldReturn200_AndSendANewEmail_WhenUserExistsAndIsPending [396 ms]
  Error Message:
   Expected body.GetProperty("alreadyConfirmed").GetBoolean() to be False, but found True.
  Stack Trace:
     at FluentAssertions.Execution.LateBoundTestFramework.Throw(String message)
   at FluentAssertions.Execution.DefaultAssertionStrategy.HandleFailure(String message)
   at FluentAssertions.Execution.AssertionScope.AddPreFormattedFailure(String formattedFailureMessage)
   at FluentAssertions.Execution.AssertionChain.FailWith(Func`1 getFailureReason)
   at FluentAssertions.Execution.AssertionChain.FailWith(Func`1 getFailureReason)
   at FluentAssertions.Execution.AssertionChain.FailWith(String message, Object[] args)
   at FluentAssertions.Primitives.BooleanAssertions`1.BeFalse(String because, Object[] becauseArgs)
   at Urbeat.IntegrationTests.Api.ResendEmailConfirmationFlowTests.Resend_ShouldReturn200_AndSendANewEmail_WhenUserExistsAndIsPending() in C:\Projetos\urbeat\backend\tests\Urbeat.IntegrationTests\Api\ResendEmailConfirmationFlowTests.cs:line 49
--- End of stack trace from previous location ---
  Failed Urbeat.IntegrationTests.Api.EmailConfirmationFlowTests.RegisterCustomer_ShouldEnqueueConfirmationEmail_AndReturnPendingFlag [245 ms]
  Error Message:
   Expected sent.HtmlBody "<!DOCTYPE html>
<html lang="pt-BR">
<head>
  <meta charset="UTF-8" />
  <meta name="viewport" content="width=device-width,initial-scale=1.0" />
  <title>Sua loja está quase pronta!</title>
</head>
<body style="margin:0;padding:0;background:#FFF9F0;font-family:'Helvetica Neue',Helvetica,Arial,sans-serif;color:#2D2A2A;">
  <table role="presentation" width="100%" cellpadding="0" cellspacing="0" style="background:#FFF9F0;padding:32px 0;">
    <tr>
      <td align="center">
        <table role="presentation" width="560" cellpadding="0" cellspacing="0" style="background:#FFFCF8;border:1px solid #EDE4D9;border-radius:20px;overflow:hidden;">
          <tr>
            <td style="background:#C73E3A;padding:28px 32px;color:#FFFCF8;">
              <h1 style="margin:0;font-family:Georgia,serif;font-weight:400;font-size:28px;">Urbeat</h1>
            </td>
          </tr>
          <tr>
            <td style="padding:32px 40px 8px 40px;">
              <h2 style="margin:0 0 8px 0;font-family:Georgia,serif;font-weight:400;color:#2D2A2A;font-size:24px;">Sua loja está quase pronta!</h2>
              <p style="margin:0;color:#7A7272;font-size:15px;">Olá, vendedor(a)!</p>
            </td>
          </tr>
          <tr>
            <td style="padding:16px 40px;color:#2D2A2A;font-size:15px;line-height:1.6;">
              <p>Recebemos o cadastro da sua loja no <strong>Urbeat</strong>.
Para liberar o painel de vendas e receber pedidos, confirme seu e-mail.</p>
<p>Clique no botão abaixo para ativar sua conta. O link expira em 24 horas.</p>
            </td>
          </tr>
          <tr>
            <td align="center" style="padding:24px 40px 8px 40px;">
              <a href="https://app.urbeat.test/c/g376NgQ044fKBsrcPPmNMWYaG"
                 style="display:inline-block;background:#C73E3A;color:#FFFCF8;text-decoration:none;padding:14px 28px;border-radius:12px;font-weight:600;font-size:15px;">
                Confirmar e-mail da loja
              </a>
            </td>
          </tr>
          <tr>
            <td style="padding:8px 40px 24px 40px;color:#7A7272;font-size:13px;line-height:1.5;">
              <p>Se o botão não funcionar, copie e cole o link abaixo no seu navegador:</p>
              <p style="word-break:break-all;color:#C73E3A;"><a href="https://app.urbeat.test/c/g376NgQ044fKBsrcPPmNMWYaG" style="color:#C73E3A;">https://app.urbeat.test/c/g376NgQ044fKBsrcPPmNMWYaG</a></p>
            </td>
          </tr>
          <tr>
            <td style="padding:16px 40px 32px 40px;border-top:1px solid #EDE4D9;color:#7A7272;font-size:13px;line-height:1.5;">
              <p>Se você não criou um cadastro de loja no Urbeat, pode ignorar este e-mail.</p>
              <p style="margin-top:16px;">— Equipe Urbeat</p>
            </td>
          </tr>
        </table>
      </td>
    </tr>
  </table>
</body>
</html>" to contain "/confirm-email?userId=".
  Stack Trace:
     at FluentAssertions.Execution.LateBoundTestFramework.Throw(String message)
   at FluentAssertions.Execution.DefaultAssertionStrategy.HandleFailure(String message)
   at FluentAssertions.Execution.AssertionScope.AddPreFormattedFailure(String formattedFailureMessage)
   at FluentAssertions.Execution.AssertionChain.FailWith(Func`1 getFailureReason)
   at FluentAssertions.Execution.AssertionChain.FailWith(Func`1 getFailureReason)
   at FluentAssertions.Execution.AssertionChain.FailWith(String message, Object[] args)
   at FluentAssertions.Primitives.StringAssertions`1.Contain(String expected, String because, Object[] becauseArgs)
   at Urbeat.IntegrationTests.Api.EmailConfirmationFlowTests.RegisterCustomer_ShouldEnqueueConfirmationEmail_AndReturnPendingFlag() in C:\Projetos\urbeat\backend\tests\Urbeat.IntegrationTests\Api\EmailConfirmationFlowTests.cs:line 48
--- End of stack trace from previous location ---
  Passed Urbeat.IntegrationTests.Api.StoreCategoriesFlowTests.Seller_ShouldReturnNotFound_WhenDeletingNonExistentCategory [1 s]
Activity.DisplayName:        POST api/auth/register/seller
    http.route: api/auth/login/admin
Activity.Kind:               Server
    http.response.status_code: 200
Instrumentation scope (ActivitySource):
    Name: Microsoft.AspNetCore
Activity.StartTime:          2026-06-08T01:29:07.9803095Z
Resource associated with Activity:
Activity.Duration:           00:00:00.1764750
    telemetry.sdk.name: opentelemetry
    telemetry.sdk.language: dotnet
Activity.Tags:
    telemetry.sdk.version: 1.14.0
    server.address: localhost
    service.name: unknown_service:testhost
    http.request.method: POST
Activity.TraceId:            f250bfeb94e2eda9625401f3aaaec0fd
    url.scheme: http
Activity.SpanId:             4a92673972fbea72
    url.path: /api/auth/register/seller
Activity.TraceFlags:         Recorded
    network.protocol.version: 1.1
Activity.DisplayName:        POST api/auth/login/admin
    http.route: api/auth/register/seller
Activity.Kind:               Server
    http.response.status_code: 201
Activity.StartTime:          2026-06-08T01:29:07.9651834Z
Instrumentation scope (ActivitySource):
Activity.Duration:           00:00:00.1915530
    Name: Microsoft.AspNetCore
Resource associated with Activity:
Activity.Tags:
    telemetry.sdk.name: opentelemetry
    server.address: localhost
    telemetry.sdk.language: dotnet
    http.request.method: POST
    telemetry.sdk.version: 1.14.0
    url.scheme: http
    service.name: unknown_service:testhost
    url.path: /api/auth/login/admin
    network.protocol.version: 1.1
Activity.TraceId:            d112ecbaec5d720de8b5377dececabb0
    http.route: api/auth/login/admin
Activity.SpanId:             58f5caa84ba1e6d7
    http.response.status_code: 200
Activity.TraceFlags:         Recorded
Instrumentation scope (ActivitySource):
    Name: Microsoft.AspNetCore
Activity.DisplayName:        POST api/auth/register/seller
Resource associated with Activity:
Activity.Kind:               Server
    telemetry.sdk.name: opentelemetry
Activity.StartTime:          2026-06-08T01:29:07.9803095Z
    telemetry.sdk.language: dotnet
Activity.Duration:           00:00:00.1764750
    telemetry.sdk.version: 1.14.0
Activity.Tags:
    service.name: unknown_service:testhost
    server.address: localhost
    http.request.method: POST
    url.scheme: http
Activity.TraceId:            f250bfeb94e2eda9625401f3aaaec0fd
    url.path: /api/auth/register/seller
Activity.SpanId:             4a92673972fbea72
    network.protocol.version: 1.1
Activity.TraceFlags:         Recorded
    http.route: api/auth/register/seller
Activity.DisplayName:        POST api/auth/login/admin
    http.response.status_code: 201
Activity.Kind:               Server
Instrumentation scope (ActivitySource):
    Name: Microsoft.AspNetCore
Resource associated with Activity:
Activity.StartTime:          2026-06-08T01:29:07.9651834Z
    telemetry.sdk.name: opentelemetry
Activity.Duration:           00:00:00.1915530
    telemetry.sdk.language: dotnet
    telemetry.sdk.version: 1.14.0
Activity.Tags:
    service.name: unknown_service:testhost
    server.address: localhost
    http.request.method: POST
Activity.TraceId:            d112ecbaec5d720de8b5377dececabb0
    url.scheme: http
Activity.SpanId:             58f5caa84ba1e6d7
    url.path: /api/auth/login/admin
Activity.TraceFlags:         Recorded
    network.protocol.version: 1.1
Activity.DisplayName:        POST api/auth/register/seller
    http.route: api/auth/login/admin
Activity.Kind:               Server
    http.response.status_code: 200
Activity.StartTime:          2026-06-08T01:29:07.9803095Z
Instrumentation scope (ActivitySource):
Activity.Duration:           00:00:00.1764750
    Name: Microsoft.AspNetCore
Resource associated with Activity:
Activity.Tags:
    telemetry.sdk.name: opentelemetry
    server.address: localhost
    telemetry.sdk.language: dotnet
    http.request.method: POST
    telemetry.sdk.version: 1.14.0
    url.scheme: http
    service.name: unknown_service:testhost
    url.path: /api/auth/register/seller
    network.protocol.version: 1.1
[22:29:08 INF] Executed action method Urbeat.WebApi.Controllers.AuthController.ResendEmailConfirmation (Urbeat.WebApi), returned result Microsoft.AspNetCore.Mvc.OkObjectResult in 0.2957ms.
    http.route: api/auth/register/seller
    http.response.status_code: 201
[22:29:08 INF] Saved 2 entities to in-memory store.
Instrumentation scope (ActivitySource):
    Name: Microsoft.AspNetCore
Resource associated with Activity:
    telemetry.sdk.name: opentelemetry
    telemetry.sdk.language: dotnet
    telemetry.sdk.version: 1.14.0
    service.name: unknown_service:testhost
[22:29:08 INF] EMAIL_CONFIRM_JOB_STARTED | Sending confirmation email | UserId=019ea4d9-0ab0-7dc1-b549-3284b3c0866e
[22:29:08 INF] Server fabio-mobile:44964:bb71dc8a all the dispatchers started
Activity.TraceId:            d112ecbaec5d720de8b5377dececabb0
Activity.SpanId:             58f5caa84ba1e6d7
Activity.TraceFlags:         Recorded
[22:29:08 INF] Route matched with {action = "GetMyStore", controller = "Stores"}. Executing controller action with signature System.Threading.Tasks.Task`1[Microsoft.AspNetCore.Mvc.IActionResult] GetMyStore(System.Threading.CancellationToken) on controller Urbeat.WebApi.Controllers.StoresController (Urbeat.WebApi).
Activity.DisplayName:        POST api/auth/register/seller
Activity.Kind:               Server
[22:29:08 INF] Executing action method Urbeat.WebApi.Controllers.AdminController.UpsertSubscriptionStatus (Urbeat.WebApi) - Validation state: Valid
Activity.StartTime:          2026-06-08T01:29:07.9803095Z
Activity.Duration:           00:00:00.1764750
[22:29:08 INF] Executing action method Urbeat.WebApi.Controllers.StoresController.UpdateDeliveryConfig (Urbeat.WebApi) - Validation state: Valid
Activity.Tags:
    server.address: localhost
    http.request.method: POST
    url.scheme: http
    url.path: /api/auth/register/seller
    network.protocol.version: 1.1
    http.route: api/auth/register/seller
    http.response.status_code: 201
Instrumentation scope (ActivitySource):
    Name: Microsoft.AspNetCore
Resource associated with Activity:
    telemetry.sdk.name: opentelemetry
    telemetry.sdk.language: dotnet
    telemetry.sdk.version: 1.14.0
    service.name: unknown_service:testhost
[22:29:08 INF] Executing action method Urbeat.WebApi.Controllers.StoresController.UpdateDeliveryConfig (Urbeat.WebApi) - Validation state: Valid
Activity.TraceId:            d112ecbaec5d720de8b5377dececabb0
Activity.SpanId:             58f5caa84ba1e6d7
Activity.TraceFlags:         Recorded
[22:29:08 INF] Executed action method Urbeat.WebApi.Controllers.StoresController.GetMyStore (Urbeat.WebApi), returned result Microsoft.AspNetCore.Mvc.OkObjectResult in 30.2135ms.
Activity.DisplayName:        POST api/auth/register/seller
Activity.Kind:               Server
Activity.StartTime:          2026-06-08T01:29:07.9803095Z
Activity.Duration:           00:00:00.1764750
Activity.Tags:
    server.address: localhost
    http.request.method: POST
    url.scheme: http
    url.path: /api/auth/register/seller
    network.protocol.version: 1.1
    http.route: api/auth/register/seller
    http.response.status_code: 201
Instrumentation scope (ActivitySource):
    Name: Microsoft.AspNetCore
[22:29:08 INF] Executing OkObjectResult, writing value of type '<>f__AnonymousType7`3[[System.Boolean, System.Private.CoreLib, Version=9.0.0.0, Culture=neutral, PublicKeyToken=7cec85d7bea7798e],[System.Boolean, System.Private.CoreLib, Version=9.0.0.0, Culture=neutral, PublicKeyToken=7cec85d7bea7798e],[System.String, System.Private.CoreLib, Version=9.0.0.0, Culture=neutral, PublicKeyToken=7cec85d7bea7798e]]'.
Resource associated with Activity:
    telemetry.sdk.name: opentelemetry
    telemetry.sdk.language: dotnet
    telemetry.sdk.version: 1.14.0
    service.name: unknown_service:testhost
Activity.TraceId:            d112ecbaec5d720de8b5377dececabb0
Activity.SpanId:             58f5caa84ba1e6d7
Activity.TraceFlags:         Recorded
Activity.DisplayName:        POST api/auth/register/seller
Activity.Kind:               Server
Activity.StartTime:          2026-06-08T01:29:07.9803095Z
Activity.Duration:           00:00:00.1764750
Activity.Tags:
    server.address: localhost
    http.request.method: POST
    url.scheme: http
    url.path: /api/auth/register/seller
    network.protocol.version: 1.1
    http.route: api/auth/register/seller
    http.response.status_code: 201
Instrumentation scope (ActivitySource):
    Name: Microsoft.AspNetCore
Resource associated with Activity:
    telemetry.sdk.name: opentelemetry
    telemetry.sdk.language: dotnet
[22:29:08 INF] Saved 1 entities to in-memory store.
    telemetry.sdk.version: 1.14.0
    service.name: unknown_service:testhost
Activity.TraceId:            d112ecbaec5d720de8b5377dececabb0
[22:29:08 INF] Executing OkObjectResult, writing value of type 'Urbeat.Application.DTOs.StoreResponseDto'.
Activity.SpanId:             58f5caa84ba1e6d7
[22:29:08 INF] Executed action Urbeat.WebApi.Controllers.AuthController.ResendEmailConfirmation (Urbeat.WebApi) in 37.2615ms
Activity.TraceFlags:         Recorded
Activity.DisplayName:        POST api/auth/register/seller
Activity.Kind:               Server
Activity.StartTime:          2026-06-08T01:29:07.9803095Z
[22:29:08 INF] SellerRegistered | Registration succeeded | UserId=019ea4d9-0b14-73d7-835e-63715a6dc522 | Email=happy.e87885a690394119896695d0d1b937da@urbeat.test | Role=Seller
Activity.Duration:           00:00:00.1764750
Activity.Tags:
    server.address: localhost
    http.request.method: POST
    url.scheme: http
[22:29:08 INF] Executed endpoint 'Urbeat.WebApi.Controllers.AuthController.ResendEmailConfirmation (Urbeat.WebApi)'
    url.path: /api/auth/register/seller
    network.protocol.version: 1.1
    http.route: api/auth/register/seller
    http.response.status_code: 201
Instrumentation scope (ActivitySource):
    Name: Microsoft.AspNetCore
Resource associated with Activity:
    telemetry.sdk.name: opentelemetry
    telemetry.sdk.language: dotnet
    telemetry.sdk.version: 1.14.0
    service.name: unknown_service:testhost
Activity.TraceId:            d112ecbaec5d720de8b5377dececabb0
Activity.SpanId:             58f5caa84ba1e6d7
Activity.TraceFlags:         Recorded
Activity.DisplayName:        POST api/auth/register/seller
Activity.Kind:               Server
Activity.StartTime:          2026-06-08T01:29:07.9803095Z
Activity.Duration:           00:00:00.1764750
Activity.Tags:
    server.address: localhost
[22:29:08 INF] HTTP POST /api/auth/email/resend-confirmation responded 200 in 37.6883 ms
    http.request.method: POST
    url.scheme: http
    url.path: /api/auth/register/seller
    network.protocol.version: 1.1
    http.route: api/auth/register/seller
    http.response.status_code: 201
Instrumentation scope (ActivitySource):
    Name: Microsoft.AspNetCore
Resource associated with Activity:
    telemetry.sdk.name: opentelemetry
    telemetry.sdk.language: dotnet
    telemetry.sdk.version: 1.14.0
    service.name: unknown_service:testhost
Activity.TraceId:            d112ecbaec5d720de8b5377dececabb0
Activity.SpanId:             58f5caa84ba1e6d7
Activity.TraceFlags:         Recorded
Activity.DisplayName:        POST api/auth/register/seller
Activity.Kind:               Server
Activity.StartTime:          2026-06-08T01:29:07.9803095Z
Activity.Duration:           00:00:00.1764750
Activity.Tags:
    server.address: localhost
[22:29:08 INF] Executed action Urbeat.WebApi.Controllers.StoresController.GetMyStore (Urbeat.WebApi) in 71.6119ms
    http.request.method: POST
    url.scheme: http
    url.path: /api/auth/register/seller
    network.protocol.version: 1.1
    http.route: api/auth/register/seller
    http.response.status_code: 201
Instrumentation scope (ActivitySource):
    Name: Microsoft.AspNetCore
Resource associated with Activity:
    telemetry.sdk.name: opentelemetry
    telemetry.sdk.language: dotnet
    telemetry.sdk.version: 1.14.0
    service.name: unknown_service:testhost
[22:29:08 INF] Executed endpoint 'Urbeat.WebApi.Controllers.StoresController.GetMyStore (Urbeat.WebApi)'
[22:29:08 INF] Request finished HTTP/1.1 POST http://localhost/api/auth/email/resend-confirmation - 200 null application/json; charset=utf-8 68.9539ms
[22:29:08 INF] HTTP GET /api/stores/my-store responded 200 in 154.5568 ms
Activity.TraceId:            fe476f51b1d772ab4c7726c43f4c64c9
Activity.SpanId:             0f73e8fece6eda20
Activity.TraceFlags:         Recorded
Activity.DisplayName:        POST api/auth/email/resend-confirmation
Activity.Kind:               Server
Activity.StartTime:          2026-06-08T01:29:08.1567513Z
Activity.Duration:           00:00:00.0690885
Activity.Tags:
    server.address: localhost
    http.request.method: POST
    url.scheme: http
    url.path: /api/auth/email/resend-confirmation
    network.protocol.version: 1.1
    http.route: api/auth/email/resend-confirmation
    http.response.status_code: 200
Instrumentation scope (ActivitySource):
[22:29:08 INF] Saved 1 entities to in-memory store.
[22:29:08 INF] Request finished HTTP/1.1 GET http://localhost/api/stores/my-store - 200 null application/json; charset=utf-8 203.3987ms
[22:29:08 INF] Saved 1 entities to in-memory store.
    Name: Microsoft.AspNetCore
Resource associated with Activity:
    telemetry.sdk.name: opentelemetry
    telemetry.sdk.language: dotnet
    telemetry.sdk.version: 1.14.0
    service.name: unknown_service:testhost
Activity.TraceId:            fe476f51b1d772ab4c7726c43f4c64c9
Activity.SpanId:             0f73e8fece6eda20
Activity.TraceFlags:         Recorded
Activity.DisplayName:        POST api/auth/email/resend-confirmation
Activity.Kind:               Server
Activity.StartTime:          2026-06-08T01:29:08.1567513Z
Activity.Duration:           00:00:00.0690885
Activity.Tags:
    server.address: localhost
    http.request.method: POST
    url.scheme: http
    url.path: /api/auth/email/resend-confirmation
    network.protocol.version: 1.1
    http.route: api/auth/email/resend-confirmation
    http.response.status_code: 200
Instrumentation scope (ActivitySource):
    Name: Microsoft.AspNetCore
Resource associated with Activity:
    telemetry.sdk.name: opentelemetry
    telemetry.sdk.language: dotnet
    telemetry.sdk.version: 1.14.0
    service.name: unknown_service:testhost
Activity.TraceId:            fe476f51b1d772ab4c7726c43f4c64c9
Activity.SpanId:             0f73e8fece6eda20
Activity.TraceFlags:         Recorded
Activity.DisplayName:        POST api/auth/email/resend-confirmation
Activity.Kind:               Server
Activity.StartTime:          2026-06-08T01:29:08.1567513Z
Activity.Duration:           00:00:00.0690885
Activity.TraceId:            45e9015bd4e1a0bc4543dcad2ac5f62c
Activity.Tags:
Activity.SpanId:             da524496c5bef0a9
    server.address: localhost
Activity.TraceFlags:         Recorded
    http.request.method: POST
Activity.DisplayName:        GET api/stores/my-store
    url.scheme: http
Activity.Kind:               Server
    url.path: /api/auth/email/resend-confirmation
    network.protocol.version: 1.1
    http.route: api/auth/email/resend-confirmation
    http.response.status_code: 200
Activity.StartTime:          2026-06-08T01:29:08.0226004Z
Instrumentation scope (ActivitySource):
Activity.Duration:           00:00:00.2037273
    Name: Microsoft.AspNetCore
Activity.Tags:
Resource associated with Activity:
    server.address: localhost
    telemetry.sdk.name: opentelemetry
    http.request.method: GET
    telemetry.sdk.language: dotnet
    url.scheme: http
    telemetry.sdk.version: 1.14.0
    url.path: /api/stores/my-store
    service.name: unknown_service:testhost
    network.protocol.version: 1.1
    http.route: api/stores/my-store
Activity.TraceId:            fe476f51b1d772ab4c7726c43f4c64c9
    http.response.status_code: 200
Activity.SpanId:             0f73e8fece6eda20
Instrumentation scope (ActivitySource):
Activity.TraceFlags:         Recorded
    Name: Microsoft.AspNetCore
Resource associated with Activity:
Activity.DisplayName:        POST api/auth/email/resend-confirmation
Activity.Kind:               Server
    telemetry.sdk.name: opentelemetry
Activity.StartTime:          2026-06-08T01:29:08.1567513Z
    telemetry.sdk.language: dotnet
Activity.Duration:           00:00:00.0690885
    telemetry.sdk.version: 1.14.0
Activity.Tags:
    service.name: unknown_service:testhost
    server.address: localhost
    http.request.method: POST
    url.scheme: http
    url.path: /api/auth/email/resend-confirmation
    network.protocol.version: 1.1
Activity.TraceId:            45e9015bd4e1a0bc4543dcad2ac5f62c
    http.route: api/auth/email/resend-confirmation
Activity.SpanId:             da524496c5bef0a9
    http.response.status_code: 200
Activity.TraceFlags:         Recorded
Instrumentation scope (ActivitySource):
Activity.DisplayName:        GET api/stores/my-store
    Name: Microsoft.AspNetCore
Activity.Kind:               Server
Resource associated with Activity:
    telemetry.sdk.name: opentelemetry
Activity.StartTime:          2026-06-08T01:29:08.0226004Z
    telemetry.sdk.language: dotnet
Activity.Duration:           00:00:00.2037273
    telemetry.sdk.version: 1.14.0
Activity.Tags:
    service.name: unknown_service:testhost
    server.address: localhost
    http.request.method: GET
Activity.TraceId:            fe476f51b1d772ab4c7726c43f4c64c9
Activity.SpanId:             0f73e8fece6eda20
Activity.TraceFlags:         Recorded
Activity.DisplayName:        POST api/auth/email/resend-confirmation
Activity.Kind:               Server
Activity.StartTime:          2026-06-08T01:29:08.1567513Z
Activity.Duration:           00:00:00.0690885
Activity.Tags:
    server.address: localhost
    http.request.method: POST
    url.scheme: http
    url.path: /api/auth/email/resend-confirmation
    network.protocol.version: 1.1
    http.route: api/auth/email/resend-confirmation
    http.response.status_code: 200
Instrumentation scope (ActivitySource):
[22:29:08 INF] EMAIL_CONFIRM_JOB_STARTED | Sending confirmation email | UserId=019ea4d9-0b14-73d7-835e-63715a6dc522
    Name: Microsoft.AspNetCore
Resource associated with Activity:
    telemetry.sdk.name: opentelemetry
    telemetry.sdk.language: dotnet
    telemetry.sdk.version: 1.14.0
    service.name: unknown_service:testhost
Activity.TraceId:            fe476f51b1d772ab4c7726c43f4c64c9
[22:29:08 INF] STORE_DELIVERY_CONFIG_UPDATED | Store delivery config updated | StoreId=019ea4d9-0923-78e6-9f71-fa700b1530dc | OwnerUserId=019ea4d9-0555-7d90-96ef-e3ba38c1c7fd | DeliveryFee=5 | MinimumOrderValue=10 | IP=null
    url.scheme: http
Activity.SpanId:             0f73e8fece6eda20
[22:29:08 INF] STORE_DELIVERY_CONFIG_UPDATED | Store delivery config updated | StoreId=019ea4d9-0923-7e39-a8b8-7736b2313b39 | OwnerUserId=019ea4d9-0555-754d-a533-7cf2fd369faf | DeliveryFee=5.50 | MinimumOrderValue=20 | IP=null
Activity.TraceFlags:         Recorded
Activity.DisplayName:        POST api/auth/email/resend-confirmation
Activity.Kind:               Server
[22:29:08 INF] Request starting HTTP/1.1 POST http://localhost/api/customer/addresses - application/json; charset=utf-8 null
Activity.StartTime:          2026-06-08T01:29:08.1567513Z
Activity.Duration:           00:00:00.0690885
Activity.Tags:
    server.address: localhost
    http.request.method: POST
    url.scheme: http
    url.path: /api/auth/email/resend-confirmation
    url.path: /api/stores/my-store
    network.protocol.version: 1.1
    http.route: api/auth/email/resend-confirmation
    network.protocol.version: 1.1
    http.response.status_code: 200
Instrumentation scope (ActivitySource):
    Name: Microsoft.AspNetCore
Resource associated with Activity:
    http.route: api/stores/my-store
    telemetry.sdk.name: opentelemetry
    telemetry.sdk.language: dotnet
    http.response.status_code: 200
    telemetry.sdk.version: 1.14.0
Instrumentation scope (ActivitySource):
    service.name: unknown_service:testhost
    Name: Microsoft.AspNetCore
Resource associated with Activity:
    telemetry.sdk.name: opentelemetry
Activity.TraceId:            fe476f51b1d772ab4c7726c43f4c64c9
    telemetry.sdk.language: dotnet
Activity.SpanId:             0f73e8fece6eda20
    telemetry.sdk.version: 1.14.0
Activity.TraceFlags:         Recorded
    service.name: unknown_service:testhost
Activity.DisplayName:        POST api/auth/email/resend-confirmation
Activity.Kind:               Server
Activity.StartTime:          2026-06-08T01:29:08.1567513Z
Activity.Duration:           00:00:00.0690885
Activity.Tags:
Activity.TraceId:            45e9015bd4e1a0bc4543dcad2ac5f62c
    server.address: localhost
Activity.SpanId:             da524496c5bef0a9
Activity.TraceFlags:         Recorded
    http.request.method: POST
Activity.DisplayName:        GET api/stores/my-store
    url.scheme: http
Activity.Kind:               Server
    url.path: /api/auth/email/resend-confirmation
    network.protocol.version: 1.1
    http.route: api/auth/email/resend-confirmation
Activity.StartTime:          2026-06-08T01:29:08.0226004Z
    http.response.status_code: 200
Activity.Duration:           00:00:00.2037273
Instrumentation scope (ActivitySource):
Activity.Tags:
    Name: Microsoft.AspNetCore
Resource associated with Activity:
    server.address: localhost
    telemetry.sdk.name: opentelemetry
    http.request.method: GET
[22:29:08 INF] Saved 1 entities to in-memory store.
    url.scheme: http
    url.path: /api/stores/my-store
    network.protocol.version: 1.1
    http.route: api/stores/my-store
    http.response.status_code: 200
Instrumentation scope (ActivitySource):
    Name: Microsoft.AspNetCore
Resource associated with Activity:
    telemetry.sdk.name: opentelemetry
    telemetry.sdk.language: dotnet
    telemetry.sdk.version: 1.14.0
    service.name: unknown_service:testhost
Activity.TraceId:            45e9015bd4e1a0bc4543dcad2ac5f62c
[22:29:08 INF] Saved 1 entities to in-memory store.
Activity.SpanId:             da524496c5bef0a9
Activity.TraceFlags:         Recorded
Activity.DisplayName:        GET api/stores/my-store
Activity.Kind:               Server
Activity.StartTime:          2026-06-08T01:29:08.0226004Z
Activity.Duration:           00:00:00.2037273
[22:29:08 INF] Executed action method Urbeat.WebApi.Controllers.StoresController.UpdateDeliveryConfig (Urbeat.WebApi), returned result Microsoft.AspNetCore.Mvc.OkObjectResult in 1.9796ms.
Activity.Tags:
    server.address: localhost
    http.request.method: GET
    url.scheme: http
    url.path: /api/stores/my-store
    network.protocol.version: 1.1
    http.route: api/stores/my-store
    http.response.status_code: 200
Instrumentation scope (ActivitySource):
    Name: Microsoft.AspNetCore
Resource associated with Activity:
    telemetry.sdk.name: opentelemetry
    telemetry.sdk.language: dotnet
    telemetry.sdk.version: 1.14.0
    service.name: unknown_service:testhost
Activity.TraceId:            45e9015bd4e1a0bc4543dcad2ac5f62c
Activity.SpanId:             da524496c5bef0a9
Activity.TraceFlags:         Recorded
Activity.DisplayName:        GET api/stores/my-store
Activity.Kind:               Server
Activity.StartTime:          2026-06-08T01:29:08.0226004Z
[22:29:08 INF] Executed action method Urbeat.WebApi.Controllers.StoresController.UpdateDeliveryConfig (Urbeat.WebApi), returned result Microsoft.AspNetCore.Mvc.OkObjectResult in 2.0455ms.
Activity.Duration:           00:00:00.2037273
Activity.Tags:
[22:29:08 INF] Saved 1 entities to in-memory store.
    server.address: localhost
    http.request.method: GET
    url.scheme: http
    url.path: /api/stores/my-store
    network.protocol.version: 1.1
    http.route: api/stores/my-store
    http.response.status_code: 200
Instrumentation scope (ActivitySource):
    Name: Microsoft.AspNetCore
Resource associated with Activity:
    telemetry.sdk.name: opentelemetry
    telemetry.sdk.language: dotnet
    telemetry.sdk.version: 1.14.0
    service.name: unknown_service:testhost
Activity.TraceId:            45e9015bd4e1a0bc4543dcad2ac5f62c
Activity.SpanId:             da524496c5bef0a9
Activity.TraceFlags:         Recorded
Activity.DisplayName:        GET api/stores/my-store
Activity.Kind:               Server
Activity.StartTime:          2026-06-08T01:29:08.0226004Z
Activity.Duration:           00:00:00.2037273
Activity.Tags:
    server.address: localhost
[22:29:08 INF] Executing OkObjectResult, writing value of type 'Urbeat.Application.DTOs.StoreResponseDto'.
    http.request.method: GET
    url.scheme: http
    url.path: /api/stores/my-store
    network.protocol.version: 1.1
    http.route: api/stores/my-store
    http.response.status_code: 200
Instrumentation scope (ActivitySource):
    Name: Microsoft.AspNetCore
Resource associated with Activity:
    telemetry.sdk.name: opentelemetry
[22:29:08 INF] Executing endpoint 'Urbeat.WebApi.Controllers.CustomerAddressesController.Create (Urbeat.WebApi)'
[22:29:08 INF] Executing OkObjectResult, writing value of type 'Urbeat.Application.DTOs.StoreResponseDto'.
[22:29:08 INF] Route matched with {action = "Create", controller = "CustomerAddresses"}. Executing controller action with signature System.Threading.Tasks.Task`1[Microsoft.AspNetCore.Mvc.IActionResult] Create(Urbeat.Application.DTOs.UpsertCustomerAddressRequestDto, System.Threading.CancellationToken) on controller Urbeat.WebApi.Controllers.CustomerAddressesController (Urbeat.WebApi).
[22:29:08 INF] Executed action Urbeat.WebApi.Controllers.StoresController.UpdateDeliveryConfig (Urbeat.WebApi) in 39.9709ms
[22:29:08 INF] Executed endpoint 'Urbeat.WebApi.Controllers.StoresController.UpdateDeliveryConfig (Urbeat.WebApi)'
[22:29:08 INF] Executed action Urbeat.WebApi.Controllers.StoresController.UpdateDeliveryConfig (Urbeat.WebApi) in 40.1076ms
[22:29:08 INF] Executed endpoint 'Urbeat.WebApi.Controllers.StoresController.UpdateDeliveryConfig (Urbeat.WebApi)'
    telemetry.sdk.language: dotnet
    telemetry.sdk.language: dotnet
    telemetry.sdk.version: 1.14.0
    telemetry.sdk.version: 1.14.0
[22:29:08 INF] Saved 1 entities to in-memory store.
    service.name: unknown_service:testhost
    service.name: unknown_service:testhost
[22:29:08 INF] HTTP PATCH /api/stores/019ea4d9-0923-78e6-9f71-fa700b1530dc/delivery-config responded 200 in 99.1236 ms
Activity.TraceId:            fe476f51b1d772ab4c7726c43f4c64c9
Activity.SpanId:             0f73e8fece6eda20
[22:29:08 INF] Request starting HTTP/1.1 POST http://localhost/api/auth/register/seller - application/json; charset=utf-8 null
Activity.TraceFlags:         Recorded
Activity.TraceId:            45e9015bd4e1a0bc4543dcad2ac5f62c
Activity.DisplayName:        POST api/auth/email/resend-confirmation
Activity.SpanId:             da524496c5bef0a9
[22:29:08 INF] Executing action method Urbeat.WebApi.Controllers.CustomerAddressesController.Create (Urbeat.WebApi) - Validation state: Valid
Activity.TraceFlags:         Recorded
Activity.DisplayName:        GET api/stores/my-store
Activity.Kind:               Server
Activity.Kind:               Server
Activity.StartTime:          2026-06-08T01:29:08.0226004Z
Activity.StartTime:          2026-06-08T01:29:08.1567513Z
Activity.Duration:           00:00:00.0690885
Activity.Duration:           00:00:00.2037273
[22:29:08 INF] HTTP PATCH /api/stores/019ea4d9-0923-7e39-a8b8-7736b2313b39/delivery-config responded 200 in 131.3147 ms
Activity.Tags:
Activity.Tags:
    server.address: localhost
    server.address: localhost
    http.request.method: POST
    http.request.method: GET
    url.scheme: http
    url.scheme: http
    url.path: /api/auth/email/resend-confirmation
    url.path: /api/stores/my-store
[22:29:08 INF] EMAIL_CONFIRM_JOB_COMPLETED | Job completed | UserId=019ea4d9-0b14-73d7-835e-63715a6dc522
    network.protocol.version: 1.1
    network.protocol.version: 1.1
    http.route: api/stores/my-store
    http.route: api/auth/email/resend-confirmation
    http.response.status_code: 200
    http.response.status_code: 200
Instrumentation scope (ActivitySource):
Instrumentation scope (ActivitySource):
    Name: Microsoft.AspNetCore
Resource associated with Activity:
    telemetry.sdk.name: opentelemetry
    Name: Microsoft.AspNetCore
    telemetry.sdk.language: dotnet
Resource associated with Activity:
    telemetry.sdk.version: 1.14.0
    telemetry.sdk.name: opentelemetry
    service.name: unknown_service:testhost
    telemetry.sdk.language: dotnet
    telemetry.sdk.version: 1.14.0
    service.name: unknown_service:testhost
Activity.TraceId:            fe476f51b1d772ab4c7726c43f4c64c9
Activity.TraceId:            45e9015bd4e1a0bc4543dcad2ac5f62c
Activity.SpanId:             da524496c5bef0a9
Activity.SpanId:             0f73e8fece6eda20
Activity.TraceFlags:         Recorded
Activity.TraceFlags:         Recorded
Activity.DisplayName:        GET api/stores/my-store
Activity.DisplayName:        POST api/auth/email/resend-confirmation
Activity.Kind:               Server
Activity.Kind:               Server
Activity.StartTime:          2026-06-08T01:29:08.1567513Z
Activity.StartTime:          2026-06-08T01:29:08.0226004Z
Activity.Duration:           00:00:00.0690885
Activity.Duration:           00:00:00.2037273
Activity.Tags:
Activity.Tags:
    server.address: localhost
    server.address: localhost
    http.request.method: POST
    http.request.method: GET
    url.scheme: http
    url.scheme: http
    url.path: /api/auth/email/resend-confirmation
    url.path: /api/stores/my-store
    network.protocol.version: 1.1
    network.protocol.version: 1.1
    http.route: api/auth/email/resend-confirmation
    http.route: api/stores/my-store
    http.response.status_code: 200
    http.response.status_code: 200
[22:29:08 INF] Executed action method Urbeat.WebApi.Controllers.AuthController.RegisterSeller (Urbeat.WebApi), returned result Microsoft.AspNetCore.Mvc.ObjectResult in 144.0584ms.
Instrumentation scope (ActivitySource):
    Name: Microsoft.AspNetCore
Instrumentation scope (ActivitySource):
Resource associated with Activity:
    Name: Microsoft.AspNetCore
    telemetry.sdk.name: opentelemetry
Resource associated with Activity:
[22:29:08 INF] Request finished HTTP/1.1 PATCH http://localhost/api/stores/019ea4d9-0923-7e39-a8b8-7736b2313b39/delivery-config - 200 null application/json; charset=utf-8 143.6186ms
    telemetry.sdk.name: opentelemetry
    telemetry.sdk.language: dotnet
    telemetry.sdk.language: dotnet
    telemetry.sdk.version: 1.14.0
    telemetry.sdk.version: 1.14.0
    service.name: unknown_service:testhost
    service.name: unknown_service:testhost
Activity.TraceId:            45e9015bd4e1a0bc4543dcad2ac5f62c
Activity.TraceId:            fe476f51b1d772ab4c7726c43f4c64c9
Activity.SpanId:             da524496c5bef0a9
Activity.SpanId:             0f73e8fece6eda20
Activity.TraceFlags:         Recorded
Activity.TraceFlags:         Recorded
Activity.DisplayName:        POST api/auth/email/resend-confirmation
Activity.DisplayName:        GET api/stores/my-store
Activity.Kind:               Server
Activity.Kind:               Server
[22:29:08 INF] Request starting HTTP/1.1 POST http://localhost/api/admin/plans - application/json; charset=utf-8 null
Activity.StartTime:          2026-06-08T01:29:08.1567513Z
Activity.StartTime:          2026-06-08T01:29:08.0226004Z
Activity.Duration:           00:00:00.0690885
Activity.Duration:           00:00:00.2037273
Activity.Tags:
Activity.Tags:
    server.address: localhost
    server.address: localhost
    http.request.method: POST
    url.scheme: http
    url.path: /api/auth/email/resend-confirmation
    network.protocol.version: 1.1
    http.request.method: GET
    http.route: api/auth/email/resend-confirmation
    url.scheme: http
    url.path: /api/stores/my-store
    http.response.status_code: 200
    network.protocol.version: 1.1
Instrumentation scope (ActivitySource):
    http.route: api/stores/my-store
    http.response.status_code: 200
    Name: Microsoft.AspNetCore
Resource associated with Activity:
Instrumentation scope (ActivitySource):
    Name: Microsoft.AspNetCore
Resource associated with Activity:
    telemetry.sdk.name: opentelemetry
    telemetry.sdk.name: opentelemetry
    telemetry.sdk.language: dotnet
    telemetry.sdk.version: 1.14.0
    telemetry.sdk.language: dotnet
    telemetry.sdk.version: 1.14.0
    service.name: unknown_service:testhost
    service.name: unknown_service:testhost
[22:29:08 INF] Executing ObjectResult, writing value of type '<>f__AnonymousType2`3[[System.Nullable`1[[System.Guid, System.Private.CoreLib, Version=9.0.0.0, Culture=neutral, PublicKeyToken=7cec85d7bea7798e]], System.Private.CoreLib, Version=9.0.0.0, Culture=neutral, PublicKeyToken=7cec85d7bea7798e],[System.Boolean, System.Private.CoreLib, Version=9.0.0.0, Culture=neutral, PublicKeyToken=7cec85d7bea7798e],[System.String, System.Private.CoreLib, Version=9.0.0.0, Culture=neutral, PublicKeyToken=7cec85d7bea7798e]]'.
Activity.TraceId:            45e9015bd4e1a0bc4543dcad2ac5f62c
[22:29:08 INF] EMAIL_LOG_ONLY | Email skipped (LogOnly or no SMTP host) | To=plan.seller.1215c8631b6c48b083a27cdf643029f6@urbeat.local | Subject=Confirme seu e-mail no Urbeat - Loja | Body=<!DOCTYPE html>
<html lang="pt-BR">
<head>
  <meta charset="UTF-8" />
  <meta name="viewport" content="width=device-width,initial-scale=1.0" />
  <title>Sua loja est� quase pronta!</title>
</head>
<body style="margin:0;padding:0;background:#FFF9F0;font-family:'Helvetica Neue',Helvetica,Arial,sans-serif;color:#2D2A2A;">
  <table role="presentation" width="100%" cellpadding="0" cellspacing="0" style="background:#FFF9F0;padding:32px 0;">
    <tr>
      <td align="center">
        <table role="presentation" width="560" cellpadding="0" cellspacing="0" style="background:#FFFCF8;border:1px solid #EDE4D9;border-radius:20px;overflow:hidden;">
          <tr>
            <td style="background:#C73E3A;padding:28px 32px;color:#FFFCF8;">
              <h1 style="margin:0;font-family:Georgia,serif;font-weight:400;font-size:28px;">Urbeat</h1>
            </td>
          </tr>
          <tr>
            <td style="padding:32px 40px 8px 40px;">
              <h2 style="margin:0 0 8px 0;font-family:Georgia,serif;font-weight:400;color:#2D2A2A;font-size:24px;">Sua loja est� quase pronta!</h2>
              <p style="margin:0;color:#7A7272;font-size:15px;">Ol�, vendedor(a)!</p>
            </td>
          </tr>
          <tr>
            <td style="padding:16px 40px;color:#2D2A2A;font-size:15px;line-height:1.6;">
              <p>Recebemos o cadastro da sua loja no <strong>Urbeat</strong>.
Para liberar o painel de vendas e receber pedidos, confirme seu e-mail.</p>
<p>Clique no bot�o abaixo para ativar sua conta. O link expira em 24 horas.</p>
            </td>
          </tr>
          <tr>
            <td align="center" style="padding:24px 40px 8px 40px;">
              <a href="https://urbeat.com.br/c/uw1HtAzQKsgOETWFTjKjQgbsF"
                 style="display:inline-block;background:#C73E3A;color:#FFFCF8;text-decoration:none;padding:14px 28px;border-radius:12px;font-weight:600;font-size:15px;">
                Confirmar e-mail da loja
              </a>
            </td>
          </tr>
          <tr>
            <td style="padding:8px 40px 24px 40px;color:#7A7272;font-size:13px;line-height:1.5;">
              <p>Se o bot�o n�o funcionar, copie e cole o link abaixo no seu navegador:</p>
              <p style="word-break:break-all;color:#C73E3A;"><a href="https://urbeat.com.br/c/uw1HtAzQKsgOETWFTjKjQgbsF" style="color:#C73E3A;">https://urbeat.com.br/c/uw1HtAzQKsgOETWFTjKjQgbsF</a></p>
            </td>
          </tr>
          <tr>
            <td style="padding:16px 40px 32px 40px;border-top:1px solid #EDE4D9;color:#7A7272;font-size:13px;line-height:1.5;">
              <p>Se voc� n�o criou um cadastro de loja no Urbeat, pode ignorar este e-mail.</p>
              <p style="margin-top:16px;">- Equipe Urbeat</p>
            </td>
          </tr>
        </table>
      </td>
    </tr>
  </table>
</body>
</html>
Activity.TraceId:            fe476f51b1d772ab4c7726c43f4c64c9
[22:29:08 INF] Executing action method Urbeat.WebApi.Controllers.StoresController.GetMyStore (Urbeat.WebApi) - Validation state: Valid
Activity.SpanId:             0f73e8fece6eda20
Activity.SpanId:             da524496c5bef0a9
[22:29:08 INF] Saved 1 entities to in-memory store.
Activity.TraceFlags:         Recorded
Activity.DisplayName:        GET api/stores/my-store
Activity.Kind:               Server
[22:29:08 INF] Request finished HTTP/1.1 PATCH http://localhost/api/stores/019ea4d9-0923-78e6-9f71-fa700b1530dc/delivery-config - 200 null application/json; charset=utf-8 144.072ms
Activity.StartTime:          2026-06-08T01:29:08.0226004Z
Activity.TraceFlags:         Recorded
Activity.Duration:           00:00:00.2037273
Activity.DisplayName:        POST api/auth/email/resend-confirmation
Activity.Tags:
Activity.Kind:               Server
[22:29:08 INF] Executed action Urbeat.WebApi.Controllers.AuthController.RegisterSeller (Urbeat.WebApi) in 144.9425ms
    server.address: localhost
Activity.StartTime:          2026-06-08T01:29:08.1567513Z
    http.request.method: GET
Activity.Duration:           00:00:00.0690885
    url.scheme: http
Activity.Tags:
    url.path: /api/stores/my-store
    server.address: localhost
    network.protocol.version: 1.1
    http.request.method: POST
    http.route: api/stores/my-store
    url.scheme: http
    http.response.status_code: 200
Activity.TraceId:            e28a3101ebddca5bf5c7cb76cc9a2559
Instrumentation scope (ActivitySource):
[22:29:08 INF] Executed endpoint 'Urbeat.WebApi.Controllers.AuthController.RegisterSeller (Urbeat.WebApi)'
Activity.SpanId:             f4e6715641c350b1
    Name: Microsoft.AspNetCore
Activity.TraceFlags:         Recorded
Resource associated with Activity:
Activity.DisplayName:        PATCH api/stores/{storeId}/delivery-config
    telemetry.sdk.name: opentelemetry
Activity.Kind:               Server
    telemetry.sdk.language: dotnet
    telemetry.sdk.version: 1.14.0
Activity.StartTime:          2026-06-08T01:29:08.1168540Z
    service.name: unknown_service:testhost
Activity.Duration:           00:00:00.1437593
Activity.Tags:
    server.address: localhost
    http.request.method: PATCH
    url.scheme: http
    url.path: /api/stores/019ea4d9-0923-7e39-a8b8-7736b2313b39/delivery-config
    network.protocol.version: 1.1
    http.route: api/stores/{storeId}/delivery-config
    http.response.status_code: 200
Instrumentation scope (ActivitySource):
    Name: Microsoft.AspNetCore
Resource associated with Activity:
    telemetry.sdk.name: opentelemetry
    url.path: /api/auth/email/resend-confirmation
    telemetry.sdk.language: dotnet
    network.protocol.version: 1.1
    telemetry.sdk.version: 1.14.0
    http.route: api/auth/email/resend-confirmation
    service.name: unknown_service:testhost
    http.response.status_code: 200
Instrumentation scope (ActivitySource):
[22:29:08 INF] Saved 1 entities to in-memory store.
    Name: Microsoft.AspNetCore
Resource associated with Activity:
    telemetry.sdk.name: opentelemetry
Activity.TraceId:            e28a3101ebddca5bf5c7cb76cc9a2559
    telemetry.sdk.language: dotnet
Activity.SpanId:             f4e6715641c350b1
[22:29:08 INF] EMAIL_CONFIRM_JOB_COMPLETED | Job completed | UserId=019ea4d9-0ab0-7dc1-b549-3284b3c0866e
    telemetry.sdk.version: 1.14.0
Activity.TraceFlags:         Recorded
    service.name: unknown_service:testhost
[22:29:08 INF] Executed action method Urbeat.WebApi.Controllers.AdminController.UpsertSubscriptionStatus (Urbeat.WebApi), returned result Microsoft.AspNetCore.Mvc.NoContentResult in 35.8778ms.
Activity.DisplayName:        PATCH api/stores/{storeId}/delivery-config
Activity.Kind:               Server
Activity.TraceId:            fe476f51b1d772ab4c7726c43f4c64c9
Activity.SpanId:             0f73e8fece6eda20
Activity.StartTime:          2026-06-08T01:29:08.1168540Z
Activity.TraceFlags:         Recorded
Activity.Duration:           00:00:00.1437593
Activity.DisplayName:        POST api/auth/email/resend-confirmation
Activity.Tags:
Activity.Kind:               Server
    server.address: localhost
Activity.StartTime:          2026-06-08T01:29:08.1567513Z
    http.request.method: PATCH
Activity.Duration:           00:00:00.0690885
    url.scheme: http
Activity.TraceId:            45e9015bd4e1a0bc4543dcad2ac5f62c
Activity.Tags:
Activity.SpanId:             da524496c5bef0a9
    server.address: localhost
    http.request.method: POST
Activity.TraceFlags:         Recorded
    url.path: /api/stores/019ea4d9-0923-7e39-a8b8-7736b2313b39/delivery-config
    url.scheme: http
    network.protocol.version: 1.1
    url.path: /api/auth/email/resend-confirmation
    network.protocol.version: 1.1
[22:29:08 INF] Executing endpoint 'Urbeat.WebApi.Controllers.AuthController.RegisterSeller (Urbeat.WebApi)'
    http.route: api/auth/email/resend-confirmation
Activity.TraceId:            4a51f0ce7054a69512ca87caa69ed79f
    http.response.status_code: 200
Activity.SpanId:             58dffbb765b05185
Instrumentation scope (ActivitySource):
Activity.TraceFlags:         Recorded
    Name: Microsoft.AspNetCore
Resource associated with Activity:
Activity.DisplayName:        PATCH api/stores/{storeId}/delivery-config
Activity.DisplayName:        GET api/stores/my-store
Activity.Kind:               Server
[22:29:08 INF] Executed action method Urbeat.WebApi.Controllers.CustomerAddressesController.Create (Urbeat.WebApi), returned result Microsoft.AspNetCore.Mvc.ConflictObjectResult in 0.8483ms.
Activity.Kind:               Server
Activity.StartTime:          2026-06-08T01:29:08.1164145Z
Activity.Duration:           00:00:00.1444740
Activity.StartTime:          2026-06-08T01:29:08.0226004Z
Activity.Tags:
Activity.Duration:           00:00:00.2037273
    server.address: localhost
    http.route: api/stores/{storeId}/delivery-config
Activity.Tags:
    http.request.method: PATCH
    server.address: localhost
    url.scheme: http
    http.request.method: GET
    http.response.status_code: 200
    url.path: /api/stores/019ea4d9-0923-78e6-9f71-fa700b1530dc/delivery-config
    url.scheme: http
Instrumentation scope (ActivitySource):
    network.protocol.version: 1.1
    url.path: /api/stores/my-store
    http.route: api/stores/{storeId}/delivery-config
    network.protocol.version: 1.1
    Name: Microsoft.AspNetCore
    http.route: api/stores/my-store
    http.response.status_code: 200
    http.response.status_code: 200
Resource associated with Activity:
Instrumentation scope (ActivitySource):
Instrumentation scope (ActivitySource):
    Name: Microsoft.AspNetCore
    telemetry.sdk.name: opentelemetry
Resource associated with Activity:
    telemetry.sdk.language: dotnet
    telemetry.sdk.name: opentelemetry
    telemetry.sdk.version: 1.14.0
[22:29:08 INF] Route matched with {action = "RegisterSeller", controller = "Auth"}. Executing controller action with signature System.Threading.Tasks.Task`1[Microsoft.AspNetCore.Mvc.IActionResult] RegisterSeller(Urbeat.Application.DTOs.RegisterUserRequestDto, System.Threading.CancellationToken) on controller Urbeat.WebApi.Controllers.AuthController (Urbeat.WebApi).
    service.name: unknown_service:testhost
    telemetry.sdk.language: dotnet
    Name: Microsoft.AspNetCore
Resource associated with Activity:
    telemetry.sdk.name: opentelemetry
    telemetry.sdk.name: opentelemetry
    telemetry.sdk.language: dotnet
    telemetry.sdk.language: dotnet
    telemetry.sdk.version: 1.14.0
    telemetry.sdk.version: 1.14.0
    service.name: unknown_service:testhost
    service.name: unknown_service:testhost
Activity.TraceId:            e28a3101ebddca5bf5c7cb76cc9a2559
Activity.TraceId:            4a51f0ce7054a69512ca87caa69ed79f
    telemetry.sdk.version: 1.14.0
Activity.SpanId:             58dffbb765b05185
Activity.SpanId:             f4e6715641c350b1
    service.name: unknown_service:testhost
Activity.TraceFlags:         Recorded
Activity.TraceFlags:         Recorded
Activity.DisplayName:        PATCH api/stores/{storeId}/delivery-config
Activity.Kind:               Server
Activity.DisplayName:        PATCH api/stores/{storeId}/delivery-config
Activity.TraceId:            45e9015bd4e1a0bc4543dcad2ac5f62c
Activity.StartTime:          2026-06-08T01:29:08.1164145Z
Activity.Duration:           00:00:00.1444740
Activity.Tags:
Activity.Kind:               Server
    server.address: localhost
Activity.StartTime:          2026-06-08T01:29:08.1168540Z
    http.request.method: PATCH
[22:29:08 INF] Executing StatusCodeResult, setting HTTP status code 204
    url.scheme: http
Activity.Duration:           00:00:00.1437593
    url.path: /api/stores/019ea4d9-0923-78e6-9f71-fa700b1530dc/delivery-config
Activity.Tags:
    network.protocol.version: 1.1
[22:29:08 INF] Request starting HTTP/1.1 POST http://localhost/api/auth/login/seller - application/json; charset=utf-8 null
    server.address: localhost
    http.request.method: PATCH
    url.scheme: http
    url.path: /api/stores/019ea4d9-0923-7e39-a8b8-7736b2313b39/delivery-config
    network.protocol.version: 1.1
Activity.SpanId:             da524496c5bef0a9
[22:29:08 INF] Executing endpoint 'Urbeat.WebApi.Controllers.AdminController.CreatePlan (Urbeat.WebApi)'
Activity.TraceFlags:         Recorded
Activity.DisplayName:        GET api/stores/my-store
Activity.Kind:               Server
    http.route: api/stores/{storeId}/delivery-config
Activity.StartTime:          2026-06-08T01:29:08.0226004Z
[22:29:08 INF] Executing ConflictObjectResult, writing value of type '<>f__AnonymousType1`1[[System.String, System.Private.CoreLib, Version=9.0.0.0, Culture=neutral, PublicKeyToken=7cec85d7bea7798e]]'.
Activity.Duration:           00:00:00.2037273
    http.response.status_code: 200
Activity.Tags:
[22:29:08 INF] HTTP POST /api/auth/register/seller responded 201 in 145.8854 ms
Instrumentation scope (ActivitySource):
    server.address: localhost
[22:29:08 INF] Executed action Urbeat.WebApi.Controllers.AdminController.UpsertSubscriptionStatus (Urbeat.WebApi) in 74.1056ms
    http.request.method: GET
    Name: Microsoft.AspNetCore
    url.scheme: http
Resource associated with Activity:
    url.path: /api/stores/my-store
    telemetry.sdk.name: opentelemetry
    telemetry.sdk.language: dotnet
    network.protocol.version: 1.1
    telemetry.sdk.version: 1.14.0
    http.route: api/stores/my-store
    service.name: unknown_service:testhost
[22:29:08 INF] Executed endpoint 'Urbeat.WebApi.Controllers.AdminController.UpsertSubscriptionStatus (Urbeat.WebApi)'
    http.response.status_code: 200
    http.route: api/stores/{storeId}/delivery-config
Instrumentation scope (ActivitySource):
    Name: Microsoft.AspNetCore
    http.response.status_code: 200
Resource associated with Activity:
Instrumentation scope (ActivitySource):
    Name: Microsoft.AspNetCore
    telemetry.sdk.name: opentelemetry
Resource associated with Activity:
    telemetry.sdk.language: dotnet
    telemetry.sdk.name: opentelemetry
    telemetry.sdk.version: 1.14.0
    telemetry.sdk.language: dotnet
    service.name: unknown_service:testhost
    telemetry.sdk.version: 1.14.0
    service.name: unknown_service:testhost
Activity.TraceId:            e28a3101ebddca5bf5c7cb76cc9a2559
Activity.SpanId:             f4e6715641c350b1
Activity.TraceId:            4a51f0ce7054a69512ca87caa69ed79f
[22:29:08 INF] HTTP POST /api/admin/subscriptions/status responded 204 in 144.7341 ms
Activity.TraceFlags:         Recorded
Activity.SpanId:             58dffbb765b05185
[xUnit.net 00:00:05.39]       Expected _factory.EmailService.FindLastByRecipient(email) not to be <null>.
[22:29:08 INF] Request finished HTTP/1.1 POST http://localhost/api/auth/register/seller - 201 null application/json; charset=utf-8 189.7154ms
Activity.DisplayName:        PATCH api/stores/{storeId}/delivery-config
Activity.TraceFlags:         Recorded
Activity.Kind:               Server
Activity.DisplayName:        PATCH api/stores/{storeId}/delivery-config
Activity.Kind:               Server
Activity.StartTime:          2026-06-08T01:29:08.1168540Z
Activity.StartTime:          2026-06-08T01:29:08.1164145Z
Activity.Duration:           00:00:00.1437593
Activity.Duration:           00:00:00.1444740
Activity.Tags:
Activity.Tags:
    server.address: localhost
    server.address: localhost
    http.request.method: PATCH
    http.request.method: PATCH
    url.scheme: http
    url.path: /api/stores/019ea4d9-0923-7e39-a8b8-7736b2313b39/delivery-config
    network.protocol.version: 1.1
    http.route: api/stores/{storeId}/delivery-config
[xUnit.net 00:00:05.39]       Stack Trace:
    http.response.status_code: 200
Instrumentation scope (ActivitySource):
    Name: Microsoft.AspNetCore
[xUnit.net 00:00:05.39]            at FluentAssertions.Execution.LateBoundTestFramework.Throw(String message)
    url.scheme: http
Resource associated with Activity:
    url.path: /api/stores/019ea4d9-0923-78e6-9f71-fa700b1530dc/delivery-config
    telemetry.sdk.name: opentelemetry
    network.protocol.version: 1.1
    telemetry.sdk.language: dotnet
    http.route: api/stores/{storeId}/delivery-config
    telemetry.sdk.version: 1.14.0
    service.name: unknown_service:testhost
    http.response.status_code: 200
Instrumentation scope (ActivitySource):
Activity.TraceId:            e28a3101ebddca5bf5c7cb76cc9a2559
    Name: Microsoft.AspNetCore
[xUnit.net 00:00:05.39]            at FluentAssertions.Execution.DefaultAssertionStrategy.HandleFailure(String message)
Activity.SpanId:             f4e6715641c350b1
Resource associated with Activity:
Activity.TraceFlags:         Recorded
Activity.DisplayName:        PATCH api/stores/{storeId}/delivery-config
    telemetry.sdk.name: opentelemetry
Activity.Kind:               Server
    telemetry.sdk.language: dotnet
Activity.StartTime:          2026-06-08T01:29:08.1168540Z
    telemetry.sdk.version: 1.14.0
Activity.Duration:           00:00:00.1437593
[xUnit.net 00:00:05.39]            at FluentAssertions.Execution.AssertionScope.AddPreFormattedFailure(String formattedFailureMessage)
[xUnit.net 00:00:05.39]            at FluentAssertions.Execution.AssertionChain.FailWith(Func`1 getFailureReason)
    service.name: unknown_service:testhost
Activity.Tags:
    server.address: localhost
    http.request.method: PATCH
    url.scheme: http
Activity.TraceId:            4a51f0ce7054a69512ca87caa69ed79f
    url.path: /api/stores/019ea4d9-0923-7e39-a8b8-7736b2313b39/delivery-config
Activity.SpanId:             58dffbb765b05185
    network.protocol.version: 1.1
Activity.TraceFlags:         Recorded
Activity.TraceId:            47901f45976b062524ded36372bf1f1d
Activity.DisplayName:        PATCH api/stores/{storeId}/delivery-config
Activity.SpanId:             6b86df1d4f8d5621
Activity.Kind:               Server
Activity.TraceFlags:         Recorded
Activity.DisplayName:        POST api/auth/register/seller
    http.route: api/stores/{storeId}/delivery-config
[xUnit.net 00:00:05.39]            at FluentAssertions.Execution.AssertionChain.FailWith(Func`1 getFailureReason)
Activity.StartTime:          2026-06-08T01:29:08.1164145Z
    http.response.status_code: 200
Activity.Duration:           00:00:00.1444740
Instrumentation scope (ActivitySource):
Activity.Tags:
    Name: Microsoft.AspNetCore
[22:29:08 INF] Request finished HTTP/1.1 POST http://localhost/api/admin/subscriptions/status - 204 null null 189.5287ms
    server.address: localhost
Resource associated with Activity:
[22:29:08 INF] Executed action Urbeat.WebApi.Controllers.CustomerAddressesController.Create (Urbeat.WebApi) in 34.4466ms
    telemetry.sdk.name: opentelemetry
    http.request.method: PATCH
    url.scheme: http
    telemetry.sdk.language: dotnet
[xUnit.net 00:00:05.39]            at FluentAssertions.Execution.AssertionChain.FailWith(String message)
    url.path: /api/stores/019ea4d9-0923-78e6-9f71-fa700b1530dc/delivery-config
    telemetry.sdk.version: 1.14.0
    network.protocol.version: 1.1
[xUnit.net 00:00:05.39]            at FluentAssertions.Primitives.ReferenceTypeAssertions`2.NotBeNull(String because, Object[] becauseArgs)
[xUnit.net 00:00:05.39]         C:\Projetos\urbeat\backend\tests\Urbeat.IntegrationTests\Api\ResendEmailConfirmationFlowTests.cs(147,0): at Urbeat.IntegrationTests.Api.ResendEmailConfirmationFlowTests.Resend_ShouldBeCaseInsensitive_OnEmailLookup()
Activity.Kind:               Server
    http.route: api/stores/{storeId}/delivery-config
    service.name: unknown_service:testhost
    http.response.status_code: 200
[xUnit.net 00:00:05.40]         --- End of stack trace from previous location ---
Instrumentation scope (ActivitySource):
[22:29:08 INF] Request starting HTTP/1.1 POST http://localhost/api/auth/register/seller - application/json; charset=utf-8 null
Activity.StartTime:          2026-06-08T01:29:08.0721405Z
    Name: Microsoft.AspNetCore
Activity.TraceId:            e28a3101ebddca5bf5c7cb76cc9a2559
Resource associated with Activity:
Activity.SpanId:             f4e6715641c350b1
Activity.Duration:           00:00:00.1898199
    telemetry.sdk.name: opentelemetry
Activity.TraceFlags:         Recorded
[22:29:08 INF] Executed action method Urbeat.WebApi.Controllers.StoresController.GetMyStore (Urbeat.WebApi), returned result Microsoft.AspNetCore.Mvc.OkObjectResult in 1.663ms.
Activity.DisplayName:        PATCH api/stores/{storeId}/delivery-config
Activity.Tags:
Activity.Kind:               Server
    telemetry.sdk.language: dotnet
    server.address: localhost
    telemetry.sdk.version: 1.14.0
    http.request.method: POST
    service.name: unknown_service:testhost
[22:29:08 INF] Executing endpoint 'Urbeat.WebApi.Controllers.AuthController.LoginSeller (Urbeat.WebApi)'
Activity.StartTime:          2026-06-08T01:29:08.1168540Z
    url.scheme: http
Activity.Duration:           00:00:00.1437593
    url.path: /api/auth/register/seller
Activity.Tags:
    network.protocol.version: 1.1
    server.address: localhost
    http.route: api/auth/register/seller
[22:29:08 INF] Request starting HTTP/1.1 POST http://localhost/api/auth/email/confirm/TCsuL3kHduRhUdPLFHYmUHxEK - null null
    http.request.method: PATCH
    http.response.status_code: 201
    url.scheme: http
Instrumentation scope (ActivitySource):
    url.path: /api/stores/019ea4d9-0923-7e39-a8b8-7736b2313b39/delivery-config
    Name: Microsoft.AspNetCore
[22:29:08 INF] Executed endpoint 'Urbeat.WebApi.Controllers.CustomerAddressesController.Create (Urbeat.WebApi)'
    network.protocol.version: 1.1
[22:29:08 INF] Route matched with {action = "CreatePlan", controller = "Admin"}. Executing controller action with signature System.Threading.Tasks.Task`1[Microsoft.AspNetCore.Mvc.IActionResult] CreatePlan(Urbeat.Application.DTOs.CreatePlanRequestDto, System.Threading.CancellationToken) on controller Urbeat.WebApi.Controllers.AdminController (Urbeat.WebApi).
    http.route: api/stores/{storeId}/delivery-config
[22:29:08 INF] Executing action method Urbeat.WebApi.Controllers.AuthController.RegisterSeller (Urbeat.WebApi) - Validation state: Valid
    http.response.status_code: 200
Instrumentation scope (ActivitySource):
[22:29:08 INF] Request starting HTTP/1.1 POST http://localhost/api/auth/register/seller - application/json; charset=utf-8 null
Resource associated with Activity:
    Name: Microsoft.AspNetCore
Resource associated with Activity:
    telemetry.sdk.name: opentelemetry
    telemetry.sdk.name: opentelemetry
    telemetry.sdk.language: dotnet
    telemetry.sdk.language: dotnet
    telemetry.sdk.version: 1.14.0
    telemetry.sdk.version: 1.14.0
    service.name: unknown_service:testhost
    service.name: unknown_service:testhost
Activity.TraceId:            47901f45976b062524ded36372bf1f1d
Activity.SpanId:             6b86df1d4f8d5621
Activity.TraceId:            e28a3101ebddca5bf5c7cb76cc9a2559
Activity.TraceId:            a99c0afad1f0e8c4d85a94a278a3ef6c
Activity.TraceId:            4a51f0ce7054a69512ca87caa69ed79f
Activity.TraceFlags:         Recorded
Activity.SpanId:             c768d413c37c5527
Activity.SpanId:             58dffbb765b05185
Activity.DisplayName:        POST api/auth/register/seller
Activity.TraceFlags:         Recorded
Activity.Kind:               Server
Activity.TraceFlags:         Recorded
Activity.DisplayName:        POST api/admin/subscriptions/status
Activity.DisplayName:        PATCH api/stores/{storeId}/delivery-config
Activity.StartTime:          2026-06-08T01:29:08.0721405Z
Activity.Kind:               Server
Activity.Kind:               Server
Activity.Duration:           00:00:00.1898199
Activity.Tags:
[22:29:08 INF] Executing OkObjectResult, writing value of type 'Urbeat.Application.DTOs.StoreResponseDto'.
[22:29:08 INF] HTTP POST /api/customer/addresses responded 409 in 65.4781 ms
Activity.StartTime:          2026-06-08T01:29:08.1164145Z
Activity.Duration:           00:00:00.1444740
Activity.Tags:
    server.address: localhost
    http.request.method: PATCH
    url.scheme: http
    url.path: /api/stores/019ea4d9-0923-78e6-9f71-fa700b1530dc/delivery-config
    network.protocol.version: 1.1
    http.route: api/stores/{storeId}/delivery-config
    http.response.status_code: 200
Instrumentation scope (ActivitySource):
    Name: Microsoft.AspNetCore
Resource associated with Activity:
    telemetry.sdk.name: opentelemetry
Activity.StartTime:          2026-06-08T01:29:08.0725048Z
Activity.Duration:           00:00:00.2199685
Activity.Tags:
    server.address: localhost
    server.address: localhost
    http.request.method: POST
    http.request.method: POST
    url.scheme: http
    url.scheme: http
    url.path: /api/auth/register/seller
    network.protocol.version: 1.1
    url.path: /api/admin/subscriptions/status
    http.route: api/auth/register/seller
    network.protocol.version: 1.1
    http.response.status_code: 201
    http.route: api/admin/subscriptions/status
Instrumentation scope (ActivitySource):
[22:29:08 INF] Request finished HTTP/1.1 POST http://localhost/api/customer/addresses - 409 null application/problem+json; charset=utf-8 66.4064ms
    http.response.status_code: 204
    Name: Microsoft.AspNetCore
[22:29:08 INF] Executing endpoint 'Urbeat.WebApi.Controllers.AuthController.ConfirmEmailByCode (Urbeat.WebApi)'
Resource associated with Activity:
[22:29:08 INF] Executed action Urbeat.WebApi.Controllers.StoresController.GetMyStore (Urbeat.WebApi) in 67.6576ms
    telemetry.sdk.name: opentelemetry
    telemetry.sdk.language: dotnet
    telemetry.sdk.version: 1.14.0
    service.name: unknown_service:testhost
Activity.TraceId:            47901f45976b062524ded36372bf1f1d
Activity.SpanId:             6b86df1d4f8d5621
[22:29:08 INF] Executed endpoint 'Urbeat.WebApi.Controllers.StoresController.GetMyStore (Urbeat.WebApi)'
Activity.TraceFlags:         Recorded
Activity.DisplayName:        POST api/auth/register/seller
Activity.Kind:               Server
Activity.StartTime:          2026-06-08T01:29:08.0721405Z
Activity.Duration:           00:00:00.1898199
Activity.Tags:
    server.address: localhost
    http.request.method: POST
    url.scheme: http
    url.path: /api/auth/register/seller
    network.protocol.version: 1.1
    http.route: api/auth/register/seller
    http.response.status_code: 201
Instrumentation scope (ActivitySource):
    Name: Microsoft.AspNetCore
Resource associated with Activity:
    telemetry.sdk.name: opentelemetry
[22:29:08 INF] HTTP GET /api/stores/my-store responded 200 in 135.6115 ms
    telemetry.sdk.language: dotnet
    telemetry.sdk.version: 1.14.0
[22:29:08 INF] Route matched with {action = "ConfirmEmailByCode", controller = "Auth"}. Executing controller action with signature System.Threading.Tasks.Task`1[Microsoft.AspNetCore.Mvc.IActionResult] ConfirmEmailByCode(System.String, System.Threading.CancellationToken) on controller Urbeat.WebApi.Controllers.AuthController (Urbeat.WebApi).
Activity.SpanId:             f4e6715641c350b1
Activity.TraceFlags:         Recorded
Activity.DisplayName:        PATCH api/stores/{storeId}/delivery-config
Activity.Kind:               Server
Activity.StartTime:          2026-06-08T01:29:08.1168540Z
Activity.Duration:           00:00:00.1437593
Activity.Tags:
    server.address: localhost
    http.request.method: PATCH
    url.scheme: http
    url.path: /api/stores/019ea4d9-0923-7e39-a8b8-7736b2313b39/delivery-config
    network.protocol.version: 1.1
    telemetry.sdk.language: dotnet
    http.route: api/stores/{storeId}/delivery-config
[22:29:08 INF] Request finished HTTP/1.1 GET http://localhost/api/stores/my-store - 200 null application/json; charset=utf-8 137.9043ms
    http.response.status_code: 200
    telemetry.sdk.version: 1.14.0
Instrumentation scope (ActivitySource):
    service.name: unknown_service:testhost
    Name: Microsoft.AspNetCore
Instrumentation scope (ActivitySource):
Activity.TraceId:            4a51f0ce7054a69512ca87caa69ed79f
    Name: Microsoft.AspNetCore
Activity.SpanId:             58dffbb765b05185
Resource associated with Activity:
Activity.TraceFlags:         Recorded
    telemetry.sdk.name: opentelemetry
Activity.DisplayName:        PATCH api/stores/{storeId}/delivery-config
    telemetry.sdk.language: dotnet
Activity.Kind:               Server
    telemetry.sdk.version: 1.14.0
    service.name: unknown_service:testhost
Activity.TraceId:            a99c0afad1f0e8c4d85a94a278a3ef6c
Activity.SpanId:             c768d413c37c5527
Activity.TraceFlags:         Recorded
Activity.DisplayName:        POST api/admin/subscriptions/status
Activity.Kind:               Server
Activity.StartTime:          2026-06-08T01:29:08.0725048Z
Activity.Duration:           00:00:00.2199685
Activity.Tags:
    server.address: localhost
    http.request.method: POST
    url.scheme: http
    url.path: /api/admin/subscriptions/status
    network.protocol.version: 1.1
    http.route: api/admin/subscriptions/status
    http.response.status_code: 204
Instrumentation scope (ActivitySource):
    Name: Microsoft.AspNetCore
Resource associated with Activity:
    telemetry.sdk.name: opentelemetry
    telemetry.sdk.language: dotnet
    telemetry.sdk.version: 1.14.0
    service.name: unknown_service:testhost
Resource associated with Activity:
    telemetry.sdk.name: opentelemetry
    telemetry.sdk.language: dotnet
    telemetry.sdk.version: 1.14.0
    service.name: unknown_service:testhost
[22:29:08 INF] Executing endpoint 'Urbeat.WebApi.Controllers.AuthController.RegisterSeller (Urbeat.WebApi)'
Activity.StartTime:          2026-06-08T01:29:08.1164145Z
Activity.Duration:           00:00:00.1444740
    service.name: unknown_service:testhost
Activity.Tags:
[22:29:08 INF] Route matched with {action = "RegisterSeller", controller = "Auth"}. Executing controller action with signature System.Threading.Tasks.Task`1[Microsoft.AspNetCore.Mvc.IActionResult] RegisterSeller(Urbeat.Application.DTOs.RegisterUserRequestDto, System.Threading.CancellationToken) on controller Urbeat.WebApi.Controllers.AuthController (Urbeat.WebApi).
    server.address: localhost
Activity.TraceId:            e28a3101ebddca5bf5c7cb76cc9a2559
Activity.SpanId:             f4e6715641c350b1
Activity.TraceId:            47901f45976b062524ded36372bf1f1d
Activity.TraceId:            a99c0afad1f0e8c4d85a94a278a3ef6c
Activity.TraceFlags:         Recorded
Activity.SpanId:             6b86df1d4f8d5621
Activity.DisplayName:        PATCH api/stores/{storeId}/delivery-config
Activity.TraceFlags:         Recorded
Activity.Kind:               Server
Activity.DisplayName:        POST api/auth/register/seller
Activity.SpanId:             c768d413c37c5527
Activity.Kind:               Server
Activity.TraceFlags:         Recorded
Activity.DisplayName:        POST api/admin/subscriptions/status
Activity.StartTime:          2026-06-08T01:29:08.1168540Z
Activity.StartTime:          2026-06-08T01:29:08.0721405Z
Activity.Duration:           00:00:00.1437593
Activity.Duration:           00:00:00.1898199
Activity.TraceId:            faff82e2c5616f7fcb86e97d5ad8ff20
Activity.Tags:
Activity.SpanId:             b1878ee43434612d
    server.address: localhost
Activity.TraceFlags:         Recorded
Activity.DisplayName:        GET api/stores/my-store
    http.request.method: PATCH
Activity.Kind:               Server
    http.request.method: POST
    url.scheme: http
Activity.Tags:
[22:29:08 INF] Executing action method Urbeat.WebApi.Controllers.AuthController.ConfirmEmailByCode (Urbeat.WebApi) - Validation state: Valid
    server.address: localhost
    http.request.method: PATCH
    url.scheme: http
Activity.StartTime:          2026-06-08T01:29:08.1551604Z
    url.path: /api/stores/019ea4d9-0923-7e39-a8b8-7736b2313b39/delivery-config
Activity.Duration:           00:00:00.1379586
    network.protocol.version: 1.1
Activity.Tags:
    http.route: api/stores/{storeId}/delivery-config
    server.address: localhost
    http.request.method: GET
    http.response.status_code: 200
    url.scheme: http
Instrumentation scope (ActivitySource):
    url.path: /api/stores/my-store
    url.scheme: http
    url.path: /api/auth/register/seller
Activity.Kind:               Server
    network.protocol.version: 1.1
    http.route: api/auth/register/seller
Activity.StartTime:          2026-06-08T01:29:08.0725048Z
    http.response.status_code: 201
    url.path: /api/stores/019ea4d9-0923-78e6-9f71-fa700b1530dc/delivery-config
Instrumentation scope (ActivitySource):
Activity.Duration:           00:00:00.2199685
    Name: Microsoft.AspNetCore
    network.protocol.version: 1.1
Resource associated with Activity:
    http.route: api/stores/{storeId}/delivery-config
    telemetry.sdk.name: opentelemetry
Activity.Tags:
    http.response.status_code: 200
    telemetry.sdk.language: dotnet
[22:29:08 INF] Executed action method Urbeat.WebApi.Controllers.AuthController.ConfirmEmailByCode (Urbeat.WebApi), returned result Microsoft.AspNetCore.Mvc.BadRequestObjectResult in 0.047ms.
Instrumentation scope (ActivitySource):
    telemetry.sdk.version: 1.14.0
    service.name: unknown_service:testhost
    Name: Microsoft.AspNetCore
Resource associated with Activity:
    Name: Microsoft.AspNetCore
    telemetry.sdk.name: opentelemetry
Resource associated with Activity:
    telemetry.sdk.language: dotnet
    telemetry.sdk.name: opentelemetry
    telemetry.sdk.version: 1.14.0
    telemetry.sdk.language: dotnet
    service.name: unknown_service:testhost
    telemetry.sdk.version: 1.14.0
    service.name: unknown_service:testhost
Activity.TraceId:            4a51f0ce7054a69512ca87caa69ed79f
Activity.TraceId:            e28a3101ebddca5bf5c7cb76cc9a2559
Activity.SpanId:             58dffbb765b05185
Activity.SpanId:             f4e6715641c350b1
Activity.TraceFlags:         Recorded
Activity.TraceFlags:         Recorded
Activity.DisplayName:        PATCH api/stores/{storeId}/delivery-config
    network.protocol.version: 1.1
Activity.Kind:               Server
    http.route: api/stores/my-store
Activity.DisplayName:        PATCH api/stores/{storeId}/delivery-config
    http.response.status_code: 200
Activity.Kind:               Server
Activity.StartTime:          2026-06-08T01:29:08.1164145Z
Instrumentation scope (ActivitySource):
Activity.Duration:           00:00:00.1444740
    Name: Microsoft.AspNetCore
Activity.StartTime:          2026-06-08T01:29:08.1168540Z
Activity.Tags:
Resource associated with Activity:
Activity.Duration:           00:00:00.1437593
    server.address: localhost
    telemetry.sdk.name: opentelemetry
    http.request.method: PATCH
Activity.Tags:
    url.scheme: http
    server.address: localhost
    telemetry.sdk.language: dotnet
    url.path: /api/stores/019ea4d9-0923-78e6-9f71-fa700b1530dc/delivery-config
    http.request.method: PATCH
    network.protocol.version: 1.1
    telemetry.sdk.version: 1.14.0
    url.scheme: http
    service.name: unknown_service:testhost
    url.path: /api/stores/019ea4d9-0923-7e39-a8b8-7736b2313b39/delivery-config
    http.route: api/stores/{storeId}/delivery-config
[22:29:08 INF] Executing BadRequestObjectResult, writing value of type '<>f__AnonymousType4`2[[System.String, System.Private.CoreLib, Version=9.0.0.0, Culture=neutral, PublicKeyToken=7cec85d7bea7798e],[System.Collections.Generic.IReadOnlyCollection`1[[System.String, System.Private.CoreLib, Version=9.0.0.0, Culture=neutral, PublicKeyToken=7cec85d7bea7798e]], System.Private.CoreLib, Version=9.0.0.0, Culture=neutral, PublicKeyToken=7cec85d7bea7798e]]'.
    http.response.status_code: 200
    network.protocol.version: 1.1
Instrumentation scope (ActivitySource):
    http.route: api/stores/{storeId}/delivery-config
    Name: Microsoft.AspNetCore
    http.response.status_code: 200
Instrumentation scope (ActivitySource):
Resource associated with Activity:
    Name: Microsoft.AspNetCore
    server.address: localhost
Resource associated with Activity:
    telemetry.sdk.name: opentelemetry
    telemetry.sdk.name: opentelemetry
    telemetry.sdk.language: dotnet
    telemetry.sdk.language: dotnet
    telemetry.sdk.version: 1.14.0
    telemetry.sdk.version: 1.14.0
    service.name: unknown_service:testhost
    service.name: unknown_service:testhost
Activity.TraceId:            4a51f0ce7054a69512ca87caa69ed79f
Activity.SpanId:             58dffbb765b05185
Activity.TraceId:            e28a3101ebddca5bf5c7cb76cc9a2559
Activity.TraceFlags:         Recorded
Activity.SpanId:             f4e6715641c350b1
Activity.DisplayName:        PATCH api/stores/{storeId}/delivery-config
Activity.TraceId:            faff82e2c5616f7fcb86e97d5ad8ff20
Activity.Kind:               Server
Activity.TraceFlags:         Recorded
Activity.DisplayName:        PATCH api/stores/{storeId}/delivery-config
Activity.Kind:               Server
Activity.StartTime:          2026-06-08T01:29:08.1164145Z
Activity.StartTime:          2026-06-08T01:29:08.1168540Z
Activity.Duration:           00:00:00.1444740
Activity.SpanId:             b1878ee43434612d
Activity.Tags:
Activity.Duration:           00:00:00.1437593
Activity.TraceFlags:         Recorded
Activity.Tags:
Activity.DisplayName:        GET api/stores/my-store
    server.address: localhost
Activity.Kind:               Server
    http.request.method: PATCH
    url.scheme: http
    server.address: localhost
Activity.StartTime:          2026-06-08T01:29:08.1551604Z
    url.path: /api/stores/019ea4d9-0923-7e39-a8b8-7736b2313b39/delivery-config
Activity.Duration:           00:00:00.1379586
    network.protocol.version: 1.1
Activity.Tags:
    http.request.method: PATCH
    http.route: api/stores/{storeId}/delivery-config
    url.scheme: http
    server.address: localhost
    http.response.status_code: 200
    url.path: /api/stores/019ea4d9-0923-78e6-9f71-fa700b1530dc/delivery-config
    http.request.method: GET
    network.protocol.version: 1.1
Instrumentation scope (ActivitySource):
    http.route: api/stores/{storeId}/delivery-config
[22:29:08 INF] Executed action Urbeat.WebApi.Controllers.AuthController.ConfirmEmailByCode (Urbeat.WebApi) in 1.1492ms
    Name: Microsoft.AspNetCore
    http.response.status_code: 200
    url.scheme: http
Instrumentation scope (ActivitySource):
    url.path: /api/stores/my-store
    Name: Microsoft.AspNetCore
Resource associated with Activity:
Resource associated with Activity:
    telemetry.sdk.name: opentelemetry
    telemetry.sdk.language: dotnet
    telemetry.sdk.name: opentelemetry
    telemetry.sdk.version: 1.14.0
    telemetry.sdk.language: dotnet
    service.name: unknown_service:testhost
    telemetry.sdk.version: 1.14.0
    service.name: unknown_service:testhost
Activity.TraceId:            e28a3101ebddca5bf5c7cb76cc9a2559
[22:29:08 INF] Executed endpoint 'Urbeat.WebApi.Controllers.AuthController.ConfirmEmailByCode (Urbeat.WebApi)'
Activity.SpanId:             f4e6715641c350b1
Activity.TraceId:            4a51f0ce7054a69512ca87caa69ed79f
Activity.TraceFlags:         Recorded
Activity.SpanId:             58dffbb765b05185
Activity.DisplayName:        PATCH api/stores/{storeId}/delivery-config
Activity.TraceFlags:         Recorded
Activity.Kind:               Server
Activity.DisplayName:        PATCH api/stores/{storeId}/delivery-config
Activity.StartTime:          2026-06-08T01:29:08.1168540Z
Activity.Kind:               Server
Activity.Duration:           00:00:00.1437593
    network.protocol.version: 1.1
Activity.Tags:
    http.route: api/stores/my-store
    server.address: localhost
    http.response.status_code: 200
Activity.StartTime:          2026-06-08T01:29:08.1164145Z
Instrumentation scope (ActivitySource):
Activity.Duration:           00:00:00.1444740
    Name: Microsoft.AspNetCore
    http.request.method: PATCH
Activity.Tags:
Resource associated with Activity:
    url.scheme: http
    server.address: localhost
    url.path: /api/stores/019ea4d9-0923-7e39-a8b8-7736b2313b39/delivery-config
    telemetry.sdk.name: opentelemetry
    network.protocol.version: 1.1
    http.request.method: PATCH
    telemetry.sdk.language: dotnet
    url.scheme: http
    http.route: api/stores/{storeId}/delivery-config
[22:29:08 INF] HTTP POST /api/auth/email/confirm/TCsuL3kHduRhUdPLFHYmUHxEK responded 400 in 1.6549 ms
    http.response.status_code: 200
    url.path: /api/stores/019ea4d9-0923-78e6-9f71-fa700b1530dc/delivery-config
Instrumentation scope (ActivitySource):
    network.protocol.version: 1.1
    telemetry.sdk.version: 1.14.0
    http.route: api/stores/{storeId}/delivery-config
    service.name: unknown_service:testhost
    Name: Microsoft.AspNetCore
Resource associated with Activity:
    http.response.status_code: 200
    telemetry.sdk.name: opentelemetry
Instrumentation scope (ActivitySource):
    telemetry.sdk.language: dotnet
    Name: Microsoft.AspNetCore
Activity.TraceId:            13ab07d0091cc3898eb91bef0a8624e9
Resource associated with Activity:
Activity.SpanId:             d407897aaa7c16a1
    telemetry.sdk.version: 1.14.0
Activity.TraceFlags:         Recorded
    telemetry.sdk.name: opentelemetry
    service.name: unknown_service:testhost
    telemetry.sdk.language: dotnet
    http.request.method: POST
    telemetry.sdk.version: 1.14.0
[22:29:08 INF] Request finished HTTP/1.1 POST http://localhost/api/auth/email/confirm/TCsuL3kHduRhUdPLFHYmUHxEK - 400 null application/problem+json; charset=utf-8 30.0669ms
    url.scheme: http
    service.name: unknown_service:testhost
    url.path: /api/admin/subscriptions/status
    network.protocol.version: 1.1
    http.route: api/admin/subscriptions/status
    http.response.status_code: 204
Activity.TraceId:            4a51f0ce7054a69512ca87caa69ed79f
Instrumentation scope (ActivitySource):
Activity.SpanId:             58dffbb765b05185
    Name: Microsoft.AspNetCore
Activity.TraceFlags:         Recorded
Resource associated with Activity:
Activity.DisplayName:        PATCH api/stores/{storeId}/delivery-config
    telemetry.sdk.name: opentelemetry
Activity.Kind:               Server
Activity.TraceId:            47901f45976b062524ded36372bf1f1d
    telemetry.sdk.language: dotnet
    telemetry.sdk.version: 1.14.0
Activity.DisplayName:        POST api/customer/addresses
Activity.Kind:               Server
Activity.StartTime:          2026-06-08T01:29:08.1164145Z
Activity.TraceId:            e28a3101ebddca5bf5c7cb76cc9a2559
Activity.SpanId:             f4e6715641c350b1
Activity.StartTime:          2026-06-08T01:29:08.2263831Z
Activity.TraceFlags:         Recorded
Activity.DisplayName:        PATCH api/stores/{storeId}/delivery-config
Activity.Kind:               Server
Activity.StartTime:          2026-06-08T01:29:08.1168540Z
    service.name: unknown_service:testhost
Activity.Duration:           00:00:00.1437593
[22:29:08 INF] Executing action method Urbeat.WebApi.Controllers.AdminController.CreatePlan (Urbeat.WebApi) - Validation state: Valid
Activity.Tags:
Activity.TraceId:            a99c0afad1f0e8c4d85a94a278a3ef6c
    server.address: localhost
Activity.SpanId:             c768d413c37c5527
Activity.SpanId:             6b86df1d4f8d5621
    http.request.method: PATCH
[22:29:08 WRN] Failed to determine the https port for redirect.
Activity.TraceFlags:         Recorded
    url.scheme: http
Activity.DisplayName:        POST api/auth/register/seller
    url.path: /api/stores/019ea4d9-0923-7e39-a8b8-7736b2313b39/delivery-config
[22:29:08 INF] Route matched with {action = "LoginSeller", controller = "Auth"}. Executing controller action with signature System.Threading.Tasks.Task`1[Microsoft.AspNetCore.Mvc.IActionResult] LoginSeller(Urbeat.Application.DTOs.LoginRequestDto, System.Threading.CancellationToken) on controller Urbeat.WebApi.Controllers.AuthController (Urbeat.WebApi).
Activity.Kind:               Server
    network.protocol.version: 1.1
    http.route: api/stores/{storeId}/delivery-config
Activity.StartTime:          2026-06-08T01:29:08.0721405Z
Activity.Duration:           00:00:00.0666072
[22:29:08 INF] Executing action method Urbeat.WebApi.Controllers.AuthController.RegisterSeller (Urbeat.WebApi) - Validation state: Valid
    http.response.status_code: 200
Activity.Tags:
Instrumentation scope (ActivitySource):
    Name: Microsoft.AspNetCore
    server.address: localhost
Resource associated with Activity:
Activity.Duration:           00:00:00.1444740
    telemetry.sdk.name: opentelemetry
    http.request.method: POST
    telemetry.sdk.language: dotnet
Activity.Tags:
    url.scheme: http
    telemetry.sdk.version: 1.14.0
    url.path: /api/customer/addresses
    service.name: unknown_service:testhost
    server.address: localhost
    http.request.method: PATCH
    network.protocol.version: 1.1
    url.scheme: http
    http.route: api/customer/addresses
    url.path: /api/stores/019ea4d9-0923-78e6-9f71-fa700b1530dc/delivery-config
    http.response.status_code: 409
    network.protocol.version: 1.1
Activity.TraceId:            faff82e2c5616f7fcb86e97d5ad8ff20
Instrumentation scope (ActivitySource):
    http.route: api/stores/{storeId}/delivery-config
Activity.SpanId:             b1878ee43434612d
    Name: Microsoft.AspNetCore
    http.response.status_code: 200
Activity.TraceFlags:         Recorded
Instrumentation scope (ActivitySource):
Resource associated with Activity:
    Name: Microsoft.AspNetCore
    telemetry.sdk.name: opentelemetry
Resource associated with Activity:
    telemetry.sdk.language: dotnet
    telemetry.sdk.version: 1.14.0
    telemetry.sdk.name: opentelemetry
    service.name: unknown_service:testhost
Activity.TraceFlags:         Recorded
    telemetry.sdk.language: dotnet
Activity.TraceId:            13ab07d0091cc3898eb91bef0a8624e9
    telemetry.sdk.version: 1.14.0
Activity.DisplayName:        POST api/admin/subscriptions/status
Activity.Duration:           00:00:00.1898199
Activity.Kind:               Server
Activity.Tags:
Activity.TraceId:            4b80fc2ebb2786a9cf0939d61dc91b07
Activity.DisplayName:        GET api/stores/my-store
Activity.SpanId:             32139fd46faf7c50
    service.name: unknown_service:testhost
Activity.TraceFlags:         Recorded
Activity.DisplayName:        POST api/auth/email/confirm/{code}
Activity.Kind:               Server
Activity.TraceId:            4a51f0ce7054a69512ca87caa69ed79f
Activity.SpanId:             d407897aaa7c16a1
Activity.SpanId:             58dffbb765b05185
Activity.StartTime:          2026-06-08T01:29:08.2644507Z
Activity.TraceFlags:         Recorded
Activity.TraceFlags:         Recorded
Activity.DisplayName:        PATCH api/stores/{storeId}/delivery-config
Activity.DisplayName:        POST api/customer/addresses
Activity.Kind:               Server
Activity.Kind:               Server
Activity.StartTime:          2026-06-08T01:29:08.0725048Z
Activity.StartTime:          2026-06-08T01:29:08.2263831Z
Activity.Duration:           00:00:00.2199685
Activity.Duration:           00:00:00.0666072
Activity.Tags:
Activity.Tags:
    server.address: localhost
    server.address: localhost
    http.request.method: POST
    http.request.method: POST
    url.scheme: http
    url.scheme: http
    url.path: /api/auth/register/seller
    url.path: /api/customer/addresses
Activity.Kind:               Server
    network.protocol.version: 1.1
    http.route: api/customer/addresses
Activity.Duration:           00:00:00.0301907
    http.response.status_code: 409
Activity.StartTime:          2026-06-08T01:29:08.1551604Z
Activity.Tags:
Activity.Duration:           00:00:00.1379586
Instrumentation scope (ActivitySource):
Activity.Tags:
    server.address: localhost
    Name: Microsoft.AspNetCore
    http.request.method: POST
Resource associated with Activity:
    url.scheme: http
    telemetry.sdk.name: opentelemetry
    url.path: /api/auth/email/confirm/TCsuL3kHduRhUdPLFHYmUHxEK
    telemetry.sdk.language: dotnet
    network.protocol.version: 1.1
    telemetry.sdk.version: 1.14.0
    http.route: api/auth/email/confirm/{code}
Activity.StartTime:          2026-06-08T01:29:08.1164145Z
    service.name: unknown_service:testhost
Activity.Duration:           00:00:00.1444740
Activity.Tags:
    http.response.status_code: 400
    server.address: localhost
Instrumentation scope (ActivitySource):
    http.request.method: PATCH
    Name: Microsoft.AspNetCore
    url.scheme: http
Resource associated with Activity:
    url.path: /api/stores/019ea4d9-0923-78e6-9f71-fa700b1530dc/delivery-config
    server.address: localhost
    telemetry.sdk.name: opentelemetry
    http.request.method: POST
    telemetry.sdk.language: dotnet
    network.protocol.version: 1.1
    telemetry.sdk.version: 1.14.0
    http.route: api/stores/{storeId}/delivery-config
    service.name: unknown_service:testhost
    http.response.status_code: 200
    url.scheme: http
Instrumentation scope (ActivitySource):
    url.path: /api/admin/subscriptions/status
    Name: Microsoft.AspNetCore
    network.protocol.version: 1.1
Resource associated with Activity:
    http.route: api/admin/subscriptions/status
Activity.TraceId:            4b80fc2ebb2786a9cf0939d61dc91b07
    http.response.status_code: 204
    telemetry.sdk.name: opentelemetry
Activity.SpanId:             32139fd46faf7c50
Instrumentation scope (ActivitySource):
    telemetry.sdk.language: dotnet
Activity.TraceFlags:         Recorded
    Name: Microsoft.AspNetCore
Activity.DisplayName:        POST api/auth/email/confirm/{code}
    telemetry.sdk.version: 1.14.0
Resource associated with Activity:
Activity.Kind:               Server
    telemetry.sdk.name: opentelemetry
    service.name: unknown_service:testhost
[22:29:08 INF] Executing endpoint 'Urbeat.WebApi.Controllers.AuthController.RegisterSeller (Urbeat.WebApi)'
Activity.TraceId:            4a51f0ce7054a69512ca87caa69ed79f
Activity.SpanId:             58dffbb765b05185
    network.protocol.version: 1.1
Activity.TraceFlags:         Recorded
    http.route: api/auth/register/seller
Activity.DisplayName:        PATCH api/stores/{storeId}/delivery-config
    http.response.status_code: 201
Activity.Kind:               Server
Instrumentation scope (ActivitySource):
[22:29:08 INF] Saved 1 entities to in-memory store.
    Name: Microsoft.AspNetCore
Resource associated with Activity:
Activity.StartTime:          2026-06-08T01:29:08.1164145Z
    server.address: localhost
Activity.Duration:           00:00:00.1444740
    telemetry.sdk.name: opentelemetry
Activity.Tags:
    http.request.method: GET
    server.address: localhost
    telemetry.sdk.language: dotnet
    url.scheme: http
    http.request.method: PATCH
    telemetry.sdk.version: 1.14.0
    url.scheme: http
    service.name: unknown_service:testhost
    url.path: /api/stores/my-store
    url.path: /api/stores/019ea4d9-0923-78e6-9f71-fa700b1530dc/delivery-config
Activity.TraceId:            47901f45976b062524ded36372bf1f1d
    network.protocol.version: 1.1
Activity.SpanId:             6b86df1d4f8d5621
    network.protocol.version: 1.1
    http.route: api/stores/{storeId}/delivery-config
    http.route: api/stores/my-store
    http.response.status_code: 200
Activity.StartTime:          2026-06-08T01:29:08.2644507Z
Activity.TraceFlags:         Recorded
[22:29:08 INF] Executed action method Urbeat.WebApi.Controllers.AdminController.CreatePlan (Urbeat.WebApi), returned result Microsoft.AspNetCore.Mvc.ObjectResult in 0.6526ms.
Activity.Duration:           00:00:00.0301907
Activity.DisplayName:        POST api/auth/register/seller
Activity.Tags:
Activity.Kind:               Server
    server.address: localhost
    http.request.method: POST
    url.scheme: http
Activity.StartTime:          2026-06-08T01:29:08.0721405Z
    url.path: /api/auth/email/confirm/TCsuL3kHduRhUdPLFHYmUHxEK
    telemetry.sdk.language: dotnet
    network.protocol.version: 1.1
    telemetry.sdk.version: 1.14.0
    http.route: api/auth/email/confirm/{code}
Activity.Duration:           00:00:00.1898199
    http.response.status_code: 400
Activity.Tags:
Instrumentation scope (ActivitySource):
    server.address: localhost
    Name: Microsoft.AspNetCore
    http.request.method: POST
Resource associated with Activity:
    url.scheme: http
    telemetry.sdk.name: opentelemetry
    url.path: /api/auth/register/seller
    telemetry.sdk.language: dotnet
Instrumentation scope (ActivitySource):
    telemetry.sdk.version: 1.14.0
    Name: Microsoft.AspNetCore
    service.name: unknown_service:testhost
Resource associated with Activity:
    telemetry.sdk.name: opentelemetry
    telemetry.sdk.language: dotnet
    http.response.status_code: 200
    telemetry.sdk.version: 1.14.0
Instrumentation scope (ActivitySource):
    Name: Microsoft.AspNetCore
Resource associated with Activity:
    service.name: unknown_service:testhost
    telemetry.sdk.name: opentelemetry
    telemetry.sdk.language: dotnet
    service.name: unknown_service:testhost
    telemetry.sdk.version: 1.14.0
    service.name: unknown_service:testhost
    network.protocol.version: 1.1
[22:29:08 INF] Executing ObjectResult, writing value of type 'Urbeat.Application.DTOs.PlanResponseDto'.
Activity.TraceId:            13ab07d0091cc3898eb91bef0a8624e9
    http.route: api/auth/register/seller
Activity.SpanId:             d407897aaa7c16a1
Activity.TraceId:            faff82e2c5616f7fcb86e97d5ad8ff20
Activity.TraceFlags:         Recorded
    http.response.status_code: 201
Activity.SpanId:             b1878ee43434612d
Instrumentation scope (ActivitySource):
Activity.DisplayName:        POST api/customer/addresses
    Name: Microsoft.AspNetCore
Activity.Kind:               Server
Activity.TraceFlags:         Recorded
Resource associated with Activity:
Activity.DisplayName:        GET api/stores/my-store
    telemetry.sdk.name: opentelemetry
Activity.StartTime:          2026-06-08T01:29:08.2263831Z
Activity.Kind:               Server
    telemetry.sdk.language: dotnet
Activity.Duration:           00:00:00.0666072
    telemetry.sdk.version: 1.14.0
Activity.Tags:
    service.name: unknown_service:testhost
    server.address: localhost
    http.request.method: POST
Activity.StartTime:          2026-06-08T01:29:08.1551604Z
    url.scheme: http
Activity.Duration:           00:00:00.1379586
    url.path: /api/customer/addresses
Activity.TraceId:            a99c0afad1f0e8c4d85a94a278a3ef6c
Activity.Tags:
    network.protocol.version: 1.1
    server.address: localhost
Activity.TraceId:            47901f45976b062524ded36372bf1f1d
    http.request.method: GET
Activity.SpanId:             c768d413c37c5527
    url.scheme: http
Activity.TraceFlags:         Recorded
    url.path: /api/stores/my-store
Activity.DisplayName:        POST api/admin/subscriptions/status
    network.protocol.version: 1.1
Activity.Kind:               Server
    http.route: api/stores/my-store
Activity.StartTime:          2026-06-08T01:29:08.0725048Z
    http.route: api/customer/addresses
    http.response.status_code: 200
    http.response.status_code: 409
Instrumentation scope (ActivitySource):
Activity.Duration:           00:00:00.2199685
    Name: Microsoft.AspNetCore
Activity.Tags:
Resource associated with Activity:
    server.address: localhost
Instrumentation scope (ActivitySource):
    telemetry.sdk.name: opentelemetry
    http.request.method: POST
    Name: Microsoft.AspNetCore
    telemetry.sdk.language: dotnet
    url.scheme: http
    telemetry.sdk.version: 1.14.0
    url.path: /api/admin/subscriptions/status
    service.name: unknown_service:testhost
    network.protocol.version: 1.1
    http.route: api/admin/subscriptions/status
    http.response.status_code: 204
Activity.SpanId:             6b86df1d4f8d5621
Instrumentation scope (ActivitySource):
Activity.TraceFlags:         Recorded
    Name: Microsoft.AspNetCore
Activity.DisplayName:        POST api/auth/register/seller
Resource associated with Activity:
Resource associated with Activity:
Activity.Kind:               Server
    telemetry.sdk.name: opentelemetry
    telemetry.sdk.name: opentelemetry
    telemetry.sdk.language: dotnet
    telemetry.sdk.language: dotnet
Activity.StartTime:          2026-06-08T01:29:08.0721405Z
    telemetry.sdk.version: 1.14.0
Activity.Duration:           00:00:00.1898199
    service.name: unknown_service:testhost
Activity.Tags:
    telemetry.sdk.version: 1.14.0
    server.address: localhost
    service.name: unknown_service:testhost
    http.request.method: POST
    url.scheme: http
    url.path: /api/auth/register/seller
    network.protocol.version: 1.1
Activity.TraceId:            a99c0afad1f0e8c4d85a94a278a3ef6c
Activity.TraceId:            13ab07d0091cc3898eb91bef0a8624e9
Activity.TraceId:            4b80fc2ebb2786a9cf0939d61dc91b07
Activity.SpanId:             d407897aaa7c16a1
Activity.SpanId:             32139fd46faf7c50
Activity.TraceFlags:         Recorded
Activity.TraceFlags:         Recorded
Activity.DisplayName:        POST api/customer/addresses
Activity.DisplayName:        POST api/auth/email/confirm/{code}
Activity.Kind:               Server
Activity.Kind:               Server
Activity.StartTime:          2026-06-08T01:29:08.2263831Z
Activity.Duration:           00:00:00.0666072
Activity.Tags:
    server.address: localhost
Activity.StartTime:          2026-06-08T01:29:08.2644507Z
    http.route: api/auth/register/seller
Activity.Duration:           00:00:00.0301907
    http.request.method: POST
    http.response.status_code: 201
    url.scheme: http
Activity.Tags:
    url.path: /api/customer/addresses
Instrumentation scope (ActivitySource):
    network.protocol.version: 1.1
    server.address: localhost
    Name: Microsoft.AspNetCore
    http.request.method: POST
    http.route: api/customer/addresses
    url.scheme: http
    http.response.status_code: 409
    url.path: /api/auth/email/confirm/TCsuL3kHduRhUdPLFHYmUHxEK
Resource associated with Activity:
    network.protocol.version: 1.1
Instrumentation scope (ActivitySource):
    http.route: api/auth/email/confirm/{code}
    Name: Microsoft.AspNetCore
    telemetry.sdk.name: opentelemetry
    telemetry.sdk.language: dotnet
    telemetry.sdk.version: 1.14.0
Resource associated with Activity:
Activity.TraceId:            faff82e2c5616f7fcb86e97d5ad8ff20
    http.response.status_code: 400
    telemetry.sdk.name: opentelemetry
    service.name: unknown_service:testhost
    telemetry.sdk.language: dotnet
Instrumentation scope (ActivitySource):
Activity.SpanId:             b1878ee43434612d
Activity.TraceId:            47901f45976b062524ded36372bf1f1d
    telemetry.sdk.version: 1.14.0
Activity.TraceFlags:         Recorded
Activity.SpanId:             6b86df1d4f8d5621
    Name: Microsoft.AspNetCore
Activity.DisplayName:        GET api/stores/my-store
Resource associated with Activity:
Activity.TraceFlags:         Recorded
    telemetry.sdk.name: opentelemetry
Activity.DisplayName:        POST api/auth/register/seller
    service.name: unknown_service:testhost
Activity.Kind:               Server
Activity.Kind:               Server
Activity.SpanId:             c768d413c37c5527
Activity.TraceFlags:         Recorded
[22:29:08 INF] Request starting HTTP/1.1 POST http://localhost/api/auth/register/customer - application/json; charset=utf-8 null
Activity.DisplayName:        POST api/admin/subscriptions/status
Activity.Kind:               Server
    telemetry.sdk.language: dotnet
Activity.StartTime:          2026-06-08T01:29:08.0725048Z
    telemetry.sdk.version: 1.14.0
[22:29:08 INF] Executed action Urbeat.WebApi.Controllers.AdminController.CreatePlan (Urbeat.WebApi) in 31.9796ms
Activity.Duration:           00:00:00.2199685
    service.name: unknown_service:testhost
Activity.Tags:
    server.address: localhost
    http.request.method: POST
Activity.StartTime:          2026-06-08T01:29:08.0721405Z
Activity.TraceId:            4b80fc2ebb2786a9cf0939d61dc91b07
Activity.Duration:           00:00:00.1898199
Activity.SpanId:             32139fd46faf7c50
Activity.StartTime:          2026-06-08T01:29:08.1551604Z
Activity.Tags:
Activity.TraceFlags:         Recorded
Activity.Duration:           00:00:00.1379586
    server.address: localhost
Activity.Tags:
Activity.DisplayName:        POST api/auth/email/confirm/{code}
    http.request.method: POST
    server.address: localhost
    url.scheme: http
    http.request.method: GET
[22:29:08 INF] Executed endpoint 'Urbeat.WebApi.Controllers.AdminController.CreatePlan (Urbeat.WebApi)'
    url.scheme: http
    url.path: /api/auth/register/seller
    url.path: /api/stores/my-store
    network.protocol.version: 1.1
    network.protocol.version: 1.1
    http.route: api/auth/register/seller
    http.route: api/stores/my-store
    http.response.status_code: 201
    http.response.status_code: 200
Instrumentation scope (ActivitySource):
    url.scheme: http
Instrumentation scope (ActivitySource):
    Name: Microsoft.AspNetCore
    url.path: /api/admin/subscriptions/status
Resource associated with Activity:
    Name: Microsoft.AspNetCore
[22:29:08 INF] Request starting HTTP/1.1 POST http://localhost/api/auth/email/resend-confirmation - application/json; charset=utf-8 null
    telemetry.sdk.name: opentelemetry
Resource associated with Activity:
    telemetry.sdk.language: dotnet
    network.protocol.version: 1.1
    telemetry.sdk.version: 1.14.0
    telemetry.sdk.name: opentelemetry
    service.name: unknown_service:testhost
    telemetry.sdk.language: dotnet
    telemetry.sdk.version: 1.14.0
    http.route: api/admin/subscriptions/status
    service.name: unknown_service:testhost
    http.response.status_code: 204
Activity.TraceId:            47901f45976b062524ded36372bf1f1d
Activity.SpanId:             6b86df1d4f8d5621
Activity.Kind:               Server
Instrumentation scope (ActivitySource):
Activity.TraceId:            13ab07d0091cc3898eb91bef0a8624e9
    Name: Microsoft.AspNetCore
Activity.SpanId:             d407897aaa7c16a1
Resource associated with Activity:
Activity.StartTime:          2026-06-08T01:29:08.2644507Z
[22:29:08 INF] HTTP POST /api/admin/plans responded 201 in 63.8503 ms
    telemetry.sdk.name: opentelemetry
Activity.Duration:           00:00:00.0301907
    telemetry.sdk.language: dotnet
Activity.Tags:
Activity.TraceFlags:         Recorded
    telemetry.sdk.version: 1.14.0
    server.address: localhost
    service.name: unknown_service:testhost
    http.request.method: POST
    url.scheme: http
Activity.DisplayName:        POST api/customer/addresses
    url.path: /api/auth/email/confirm/TCsuL3kHduRhUdPLFHYmUHxEK
Activity.Kind:               Server
    network.protocol.version: 1.1
Activity.TraceId:            a99c0afad1f0e8c4d85a94a278a3ef6c
    http.route: api/auth/email/confirm/{code}
Activity.StartTime:          2026-06-08T01:29:08.2263831Z
Activity.TraceId:            faff82e2c5616f7fcb86e97d5ad8ff20
    http.response.status_code: 400
Activity.SpanId:             c768d413c37c5527
Instrumentation scope (ActivitySource):
Activity.Duration:           00:00:00.0666072
    Name: Microsoft.AspNetCore
Activity.TraceFlags:         Recorded
Resource associated with Activity:
Activity.TraceFlags:         Recorded
Activity.SpanId:             b1878ee43434612d
Activity.Tags:
    server.address: localhost
Activity.DisplayName:        POST api/admin/subscriptions/status
    http.request.method: POST
Activity.Kind:               Server
    url.scheme: http
    url.path: /api/customer/addresses
[22:29:08 INF] Request finished HTTP/1.1 POST http://localhost/api/admin/plans - 201 null application/json; charset=utf-8 95.7026ms
    network.protocol.version: 1.1
    telemetry.sdk.name: opentelemetry
[22:29:08 INF] Executing endpoint 'Urbeat.WebApi.Controllers.AuthController.ResendEmailConfirmation (Urbeat.WebApi)'
    telemetry.sdk.language: dotnet
[22:29:08 INF] Executing endpoint 'Urbeat.WebApi.Controllers.AuthController.RegisterCustomer (Urbeat.WebApi)'
    telemetry.sdk.version: 1.14.0
Activity.DisplayName:        POST api/auth/register/seller
Activity.Kind:               Server
Activity.TraceFlags:         Recorded
[22:29:08 INF] Route matched with {action = "RegisterSeller", controller = "Auth"}. Executing controller action with signature System.Threading.Tasks.Task`1[Microsoft.AspNetCore.Mvc.IActionResult] RegisterSeller(Urbeat.Application.DTOs.RegisterUserRequestDto, System.Threading.CancellationToken) on controller Urbeat.WebApi.Controllers.AuthController (Urbeat.WebApi).
Activity.DisplayName:        GET api/stores/my-store
Activity.StartTime:          2026-06-08T01:29:08.0725048Z
Activity.Kind:               Server
Activity.Duration:           00:00:00.2199685
Activity.Tags:
Activity.StartTime:          2026-06-08T01:29:08.1551604Z
    server.address: localhost
Activity.Duration:           00:00:00.1379586
    http.route: api/customer/addresses
Activity.Tags:
[22:29:08 INF] Executing action method Urbeat.WebApi.Controllers.AuthController.LoginSeller (Urbeat.WebApi) - Validation state: Valid
    http.response.status_code: 409
    server.address: localhost
Instrumentation scope (ActivitySource):
    http.request.method: GET
    Name: Microsoft.AspNetCore
    url.scheme: http
Resource associated with Activity:
    url.path: /api/stores/my-store
[22:29:08 INF] Saved 1 entities to in-memory store.
    network.protocol.version: 1.1
    telemetry.sdk.name: opentelemetry
    http.route: api/stores/my-store
    telemetry.sdk.language: dotnet
    http.response.status_code: 200
    telemetry.sdk.version: 1.14.0
Instrumentation scope (ActivitySource):
    service.name: unknown_service:testhost
    service.name: unknown_service:testhost
    Name: Microsoft.AspNetCore
Resource associated with Activity:
    telemetry.sdk.name: opentelemetry
[22:29:08 INF] Route matched with {action = "ResendEmailConfirmation", controller = "Auth"}. Executing controller action with signature System.Threading.Tasks.Task`1[Microsoft.AspNetCore.Mvc.IActionResult] ResendEmailConfirmation(Urbeat.Application.DTOs.ResendEmailConfirmationRequestDto, System.Threading.CancellationToken) on controller Urbeat.WebApi.Controllers.AuthController (Urbeat.WebApi).
Activity.StartTime:          2026-06-08T01:29:08.0721405Z
Activity.TraceId:            59784883ca92794642c61b048366742b
Activity.Duration:           00:00:00.1898199
Activity.SpanId:             814fbdd19d4b9ee5
Activity.Tags:
Activity.TraceFlags:         Recorded
Activity.DisplayName:        POST api/admin/plans
    server.address: localhost
Activity.Kind:               Server
    http.request.method: POST
    http.request.method: POST
    url.scheme: http
    url.scheme: http
    url.path: /api/admin/subscriptions/status
Activity.StartTime:          2026-06-08T01:29:08.2292553Z
    network.protocol.version: 1.1
Activity.Duration:           00:00:00.1274663
    http.route: api/admin/subscriptions/status
Activity.Tags:
    url.path: /api/auth/register/seller
    http.response.status_code: 204
    telemetry.sdk.language: dotnet
    network.protocol.version: 1.1
Instrumentation scope (ActivitySource):
    telemetry.sdk.version: 1.14.0
    Name: Microsoft.AspNetCore
    http.route: api/auth/register/seller
Resource associated with Activity:
    http.response.status_code: 201
    service.name: unknown_service:testhost
    telemetry.sdk.name: opentelemetry
    server.address: localhost
    telemetry.sdk.language: dotnet
    http.request.method: POST
    telemetry.sdk.version: 1.14.0
Activity.TraceId:            13ab07d0091cc3898eb91bef0a8624e9
    service.name: unknown_service:testhost
Activity.SpanId:             d407897aaa7c16a1
Activity.TraceFlags:         Recorded
    url.scheme: http
Activity.DisplayName:        POST api/customer/addresses
Activity.Kind:               Server
    url.path: /api/admin/plans
Activity.StartTime:          2026-06-08T01:29:08.2263831Z
    network.protocol.version: 1.1
Activity.Duration:           00:00:00.0666072
    http.route: api/admin/plans
Activity.Tags:
    http.response.status_code: 201
Instrumentation scope (ActivitySource):
    server.address: localhost
    Name: Microsoft.AspNetCore
    http.request.method: POST
Activity.TraceId:            faff82e2c5616f7fcb86e97d5ad8ff20
Resource associated with Activity:
    url.scheme: http
    telemetry.sdk.name: opentelemetry
    url.path: /api/customer/addresses
    telemetry.sdk.language: dotnet
    network.protocol.version: 1.1
    telemetry.sdk.version: 1.14.0
Instrumentation scope (ActivitySource):
    Name: Microsoft.AspNetCore
Activity.TraceId:            a99c0afad1f0e8c4d85a94a278a3ef6c
Resource associated with Activity:
Activity.SpanId:             c768d413c37c5527
    telemetry.sdk.name: opentelemetry
    telemetry.sdk.language: dotnet
    telemetry.sdk.version: 1.14.0
    service.name: unknown_service:testhost
Activity.TraceFlags:         Recorded
Activity.TraceId:            47901f45976b062524ded36372bf1f1d
Activity.DisplayName:        POST api/admin/subscriptions/status
Activity.SpanId:             6b86df1d4f8d5621
Activity.Kind:               Server
Activity.TraceFlags:         Recorded
Activity.DisplayName:        POST api/auth/register/seller
Activity.Kind:               Server
Activity.StartTime:          2026-06-08T01:29:08.0721405Z
Activity.StartTime:          2026-06-08T01:29:08.0725048Z
Activity.Duration:           00:00:00.1898199
Activity.Duration:           00:00:00.2199685
Activity.Tags:
Activity.Tags:
    server.address: localhost
    server.address: localhost
    http.request.method: POST
    http.request.method: POST
    url.scheme: http
    url.scheme: http
    url.path: /api/auth/register/seller
    url.path: /api/admin/subscriptions/status
    network.protocol.version: 1.1
    network.protocol.version: 1.1
    http.route: api/auth/register/seller
    http.route: api/admin/subscriptions/status
    http.response.status_code: 201
    http.response.status_code: 204
Instrumentation scope (ActivitySource):
Instrumentation scope (ActivitySource):
    Name: Microsoft.AspNetCore
    Name: Microsoft.AspNetCore
Resource associated with Activity:
Resource associated with Activity:
    telemetry.sdk.name: opentelemetry
    telemetry.sdk.name: opentelemetry
    telemetry.sdk.language: dotnet
    telemetry.sdk.language: dotnet
    telemetry.sdk.version: 1.14.0
    telemetry.sdk.version: 1.14.0
    service.name: unknown_service:testhost
    service.name: unknown_service:testhost
Activity.TraceId:            47901f45976b062524ded36372bf1f1d
Activity.SpanId:             6b86df1d4f8d5621
Activity.TraceFlags:         Recorded
Activity.TraceId:            a99c0afad1f0e8c4d85a94a278a3ef6c
Activity.DisplayName:        POST api/auth/register/seller
Activity.SpanId:             c768d413c37c5527
Activity.Kind:               Server
Activity.SpanId:             b1878ee43434612d
Activity.TraceFlags:         Recorded
Activity.StartTime:          2026-06-08T01:29:08.0721405Z
Activity.DisplayName:        POST api/admin/subscriptions/status
Activity.Duration:           00:00:00.1898199
Activity.TraceFlags:         Recorded
Activity.Tags:
Activity.Kind:               Server
Activity.DisplayName:        GET api/stores/my-store
    server.address: localhost
Activity.Kind:               Server
    http.request.method: POST
Activity.StartTime:          2026-06-08T01:29:08.0725048Z
    url.scheme: http
    url.path: /api/auth/register/seller
Activity.Duration:           00:00:00.2199685
Activity.StartTime:          2026-06-08T01:29:08.1551604Z
    network.protocol.version: 1.1
Activity.Duration:           00:00:00.1379586
    http.route: api/auth/register/seller
Activity.Tags:
    http.response.status_code: 201
    server.address: localhost
    http.route: api/customer/addresses
Instrumentation scope (ActivitySource):
    http.request.method: GET
    Name: Microsoft.AspNetCore
    url.scheme: http
    http.response.status_code: 409
    url.path: /api/stores/my-store
Instrumentation scope (ActivitySource):
    network.protocol.version: 1.1
Resource associated with Activity:
    http.route: api/stores/my-store
    Name: Microsoft.AspNetCore
Resource associated with Activity:
    telemetry.sdk.name: opentelemetry
    telemetry.sdk.name: opentelemetry
    http.response.status_code: 200
    telemetry.sdk.language: dotnet
    telemetry.sdk.version: 1.14.0
Instrumentation scope (ActivitySource):
    telemetry.sdk.language: dotnet
    Name: Microsoft.AspNetCore
    telemetry.sdk.version: 1.14.0
Resource associated with Activity:
    service.name: unknown_service:testhost
    telemetry.sdk.name: opentelemetry
[22:29:08 INF] Executing action method Urbeat.WebApi.Controllers.AuthController.ResendEmailConfirmation (Urbeat.WebApi) - Validation state: Valid
    telemetry.sdk.language: dotnet
    telemetry.sdk.version: 1.14.0
    service.name: unknown_service:testhost
    service.name: unknown_service:testhost
Activity.TraceId:            4b80fc2ebb2786a9cf0939d61dc91b07
Activity.SpanId:             32139fd46faf7c50
Activity.TraceId:            59784883ca92794642c61b048366742b
Activity.TraceFlags:         Recorded
Activity.TraceId:            faff82e2c5616f7fcb86e97d5ad8ff20
Activity.DisplayName:        POST api/auth/email/confirm/{code}
Activity.SpanId:             b1878ee43434612d
Activity.SpanId:             814fbdd19d4b9ee5
Activity.Kind:               Server
Activity.TraceFlags:         Recorded
Activity.TraceFlags:         Recorded
Activity.StartTime:          2026-06-08T01:29:08.2644507Z
Activity.DisplayName:        POST api/admin/plans
Activity.DisplayName:        GET api/stores/my-store
Activity.Kind:               Server
Activity.Duration:           00:00:00.0301907
Activity.Kind:               Server
Activity.StartTime:          2026-06-08T01:29:08.2292553Z
Activity.Tags:
Activity.Duration:           00:00:00.1274663
Activity.StartTime:          2026-06-08T01:29:08.1551604Z
Activity.Tags:
    server.address: localhost
Activity.Duration:           00:00:00.1379586
    http.request.method: POST
Activity.Tags:
    url.scheme: http
    server.address: localhost
    server.address: localhost
    url.path: /api/auth/email/confirm/TCsuL3kHduRhUdPLFHYmUHxEK
    http.request.method: GET
    network.protocol.version: 1.1
    url.scheme: http
    http.route: api/auth/email/confirm/{code}
    url.path: /api/stores/my-store
    http.response.status_code: 400
    network.protocol.version: 1.1
Instrumentation scope (ActivitySource):
    http.route: api/stores/my-store
    Name: Microsoft.AspNetCore
    http.response.status_code: 200
Resource associated with Activity:
Instrumentation scope (ActivitySource):
    telemetry.sdk.name: opentelemetry
    service.name: unknown_service:testhost
    Name: Microsoft.AspNetCore
    telemetry.sdk.language: dotnet
Resource associated with Activity:
    telemetry.sdk.version: 1.14.0
    telemetry.sdk.name: opentelemetry
Activity.TraceId:            47901f45976b062524ded36372bf1f1d
    telemetry.sdk.language: dotnet
Activity.SpanId:             6b86df1d4f8d5621
    service.name: unknown_service:testhost
    telemetry.sdk.version: 1.14.0
    service.name: unknown_service:testhost
Activity.TraceFlags:         Recorded
Activity.TraceId:            4b80fc2ebb2786a9cf0939d61dc91b07
Activity.DisplayName:        POST api/auth/register/seller
Activity.SpanId:             32139fd46faf7c50
Activity.Kind:               Server
Activity.TraceFlags:         Recorded
Activity.StartTime:          2026-06-08T01:29:08.0721405Z
Activity.DisplayName:        POST api/auth/email/confirm/{code}
Activity.Tags:
Activity.Duration:           00:00:00.1898199
Activity.Kind:               Server
Activity.Tags:
    server.address: localhost
    server.address: localhost
Activity.StartTime:          2026-06-08T01:29:08.2644507Z
    http.request.method: POST
Activity.Duration:           00:00:00.0301907
    url.scheme: http
Activity.Tags:
    url.path: /api/admin/subscriptions/status
    server.address: localhost
    network.protocol.version: 1.1
    http.request.method: POST
    http.route: api/admin/subscriptions/status
    http.request.method: POST
    url.scheme: http
    http.response.status_code: 204
    url.scheme: http
Instrumentation scope (ActivitySource):
    url.path: /api/admin/plans
    Name: Microsoft.AspNetCore
    network.protocol.version: 1.1
    url.path: /api/auth/email/confirm/TCsuL3kHduRhUdPLFHYmUHxEK
Resource associated with Activity:
    network.protocol.version: 1.1
    http.route: api/admin/plans
    telemetry.sdk.name: opentelemetry
    http.response.status_code: 201
    http.route: api/auth/email/confirm/{code}
    telemetry.sdk.language: dotnet
    http.response.status_code: 400
Instrumentation scope (ActivitySource):
Instrumentation scope (ActivitySource):
    telemetry.sdk.version: 1.14.0
    Name: Microsoft.AspNetCore
    service.name: unknown_service:testhost
    Name: Microsoft.AspNetCore
Resource associated with Activity:
Resource associated with Activity:
Activity.TraceId:            13ab07d0091cc3898eb91bef0a8624e9
Activity.TraceId:            a99c0afad1f0e8c4d85a94a278a3ef6c
    telemetry.sdk.name: opentelemetry
Activity.SpanId:             c768d413c37c5527
    telemetry.sdk.name: opentelemetry
Activity.TraceFlags:         Recorded
Activity.SpanId:             d407897aaa7c16a1
Activity.DisplayName:        POST api/admin/subscriptions/status
    telemetry.sdk.language: dotnet
    telemetry.sdk.language: dotnet
Activity.TraceFlags:         Recorded
    telemetry.sdk.version: 1.14.0
Activity.Kind:               Server
Activity.DisplayName:        POST api/customer/addresses
    service.name: unknown_service:testhost
Activity.Kind:               Server
    telemetry.sdk.version: 1.14.0
Activity.StartTime:          2026-06-08T01:29:08.0725048Z
Activity.StartTime:          2026-06-08T01:29:08.2263831Z
Activity.Duration:           00:00:00.2199685
Activity.Duration:           00:00:00.0666072
Activity.Tags:
Activity.Tags:
    server.address: localhost
    server.address: localhost
    http.request.method: POST
    http.request.method: POST
    url.scheme: http
    url.scheme: http
    url.path: /api/admin/subscriptions/status
    url.path: /api/customer/addresses
    network.protocol.version: 1.1
    network.protocol.version: 1.1
    http.route: api/admin/subscriptions/status
    http.route: api/customer/addresses
    http.response.status_code: 204
Instrumentation scope (ActivitySource):
    Name: Microsoft.AspNetCore
Activity.TraceId:            faff82e2c5616f7fcb86e97d5ad8ff20
Resource associated with Activity:
Activity.SpanId:             b1878ee43434612d
    telemetry.sdk.name: opentelemetry
    http.response.status_code: 409
    telemetry.sdk.language: dotnet
Activity.TraceFlags:         Recorded
    telemetry.sdk.version: 1.14.0
Activity.DisplayName:        GET api/stores/my-store
    service.name: unknown_service:testhost
Activity.Kind:               Server
Instrumentation scope (ActivitySource):
Activity.StartTime:          2026-06-08T01:29:08.1551604Z
    Name: Microsoft.AspNetCore
Activity.Duration:           00:00:00.1379586
Activity.TraceId:            a99c0afad1f0e8c4d85a94a278a3ef6c
Activity.Tags:
Resource associated with Activity:
Activity.SpanId:             c768d413c37c5527
    telemetry.sdk.name: opentelemetry
Activity.TraceFlags:         Recorded
    server.address: localhost
Activity.DisplayName:        POST api/admin/subscriptions/status
    http.request.method: GET
Activity.Kind:               Server
    telemetry.sdk.language: dotnet
    url.scheme: http
    telemetry.sdk.version: 1.14.0
Activity.StartTime:          2026-06-08T01:29:08.0725048Z
    url.path: /api/stores/my-store
    service.name: unknown_service:testhost
Activity.Duration:           00:00:00.2199685
    network.protocol.version: 1.1
Activity.Tags:
    http.route: api/stores/my-store
    server.address: localhost
Activity.TraceId:            13ab07d0091cc3898eb91bef0a8624e9
    http.request.method: POST
    http.response.status_code: 200
    http.request.method: POST
    url.scheme: http
    url.scheme: http
    url.path: /api/auth/register/seller
    url.path: /api/admin/subscriptions/status
Instrumentation scope (ActivitySource):
    network.protocol.version: 1.1
    Name: Microsoft.AspNetCore
    http.route: api/admin/subscriptions/status
    network.protocol.version: 1.1
Resource associated with Activity:
    http.response.status_code: 204
    telemetry.sdk.name: opentelemetry
Instrumentation scope (ActivitySource):
    http.route: api/auth/register/seller
    telemetry.sdk.language: dotnet
    Name: Microsoft.AspNetCore
    telemetry.sdk.version: 1.14.0
Resource associated with Activity:
    service.name: unknown_service:testhost
    telemetry.sdk.name: opentelemetry
    telemetry.sdk.language: dotnet
    telemetry.sdk.version: 1.14.0
    service.name: unknown_service:testhost
Activity.TraceId:            faff82e2c5616f7fcb86e97d5ad8ff20
[22:29:08 INF] EMAIL_RESEND_SKIPPED | Resend skipped (user not found) | Email=ghost.3068fd1bf5754c95b3c6a39fcea4cdcb@urbeat.test
Activity.SpanId:             b1878ee43434612d
Activity.TraceFlags:         Recorded
Activity.DisplayName:        GET api/stores/my-store
[22:29:08 INF] Saved 2 entities to in-memory store.
Activity.Kind:               Server
Activity.StartTime:          2026-06-08T01:29:08.1551604Z
Activity.Duration:           00:00:00.1379586
    service.name: unknown_service:testhost
Activity.TraceId:            4b80fc2ebb2786a9cf0939d61dc91b07
Activity.Tags:
Activity.SpanId:             32139fd46faf7c50
Activity.TraceFlags:         Recorded
    server.address: localhost
Activity.DisplayName:        POST api/auth/email/confirm/{code}
    http.request.method: GET
Activity.Kind:               Server
Activity.TraceId:            59784883ca92794642c61b048366742b
    url.scheme: http
Activity.SpanId:             814fbdd19d4b9ee5
Activity.StartTime:          2026-06-08T01:29:08.2644507Z
Activity.TraceFlags:         Recorded
Activity.Duration:           00:00:00.0301907
Activity.DisplayName:        POST api/admin/plans
Activity.Tags:
Activity.Kind:               Server
    server.address: localhost
[22:29:08 INF] Executed action method Urbeat.WebApi.Controllers.AuthController.ResendEmailConfirmation (Urbeat.WebApi), returned result Microsoft.AspNetCore.Mvc.OkObjectResult in 0.614ms.
    http.request.method: POST
Activity.StartTime:          2026-06-08T01:29:08.2292553Z
    url.scheme: http
Activity.SpanId:             d407897aaa7c16a1
Activity.Duration:           00:00:00.1274663
    url.path: /api/auth/email/confirm/TCsuL3kHduRhUdPLFHYmUHxEK
Activity.Tags:
    network.protocol.version: 1.1
    server.address: localhost
    http.route: api/auth/email/confirm/{code}
    http.request.method: POST
Activity.TraceFlags:         Recorded
    url.scheme: http
Activity.DisplayName:        POST api/customer/addresses
    url.path: /api/admin/plans
Activity.Kind:               Server
    network.protocol.version: 1.1
Activity.StartTime:          2026-06-08T01:29:08.2263831Z
Activity.Duration:           00:00:00.0666072
    http.route: api/admin/plans
Activity.Tags:
    http.response.status_code: 201
    server.address: localhost
    http.response.status_code: 201
    http.request.method: POST
    url.scheme: http
Instrumentation scope (ActivitySource):
    url.path: /api/customer/addresses
Instrumentation scope (ActivitySource):
    Name: Microsoft.AspNetCore
    network.protocol.version: 1.1
Resource associated with Activity:
    Name: Microsoft.AspNetCore
    http.route: api/customer/addresses
    telemetry.sdk.name: opentelemetry
Resource associated with Activity:
    telemetry.sdk.language: dotnet
    telemetry.sdk.name: opentelemetry
    telemetry.sdk.version: 1.14.0
    telemetry.sdk.language: dotnet
    http.response.status_code: 409
    service.name: unknown_service:testhost
    telemetry.sdk.version: 1.14.0
Instrumentation scope (ActivitySource):
    Name: Microsoft.AspNetCore
    service.name: unknown_service:testhost
Activity.TraceId:            a99c0afad1f0e8c4d85a94a278a3ef6c
Activity.SpanId:             c768d413c37c5527
    url.path: /api/stores/my-store
Activity.TraceFlags:         Recorded
    network.protocol.version: 1.1
Activity.DisplayName:        POST api/admin/subscriptions/status
    http.route: api/stores/my-store
Activity.Kind:               Server
    http.response.status_code: 400
    http.response.status_code: 200
Instrumentation scope (ActivitySource):
Instrumentation scope (ActivitySource):
    Name: Microsoft.AspNetCore
    Name: Microsoft.AspNetCore
Resource associated with Activity:
Resource associated with Activity:
    telemetry.sdk.name: opentelemetry
    telemetry.sdk.name: opentelemetry
Activity.TraceId:            59784883ca92794642c61b048366742b
Resource associated with Activity:
Activity.SpanId:             814fbdd19d4b9ee5
    telemetry.sdk.name: opentelemetry
    telemetry.sdk.language: dotnet
    telemetry.sdk.version: 1.14.0
Activity.TraceFlags:         Recorded
    service.name: unknown_service:testhost
[22:29:08 INF] Saved 1 entities to in-memory store.
Activity.TraceId:            13ab07d0091cc3898eb91bef0a8624e9
Activity.SpanId:             d407897aaa7c16a1
Activity.TraceFlags:         Recorded
[22:29:08 INF] Executing OkObjectResult, writing value of type '<>f__AnonymousType7`3[[System.Boolean, System.Private.CoreLib, Version=9.0.0.0, Culture=neutral, PublicKeyToken=7cec85d7bea7798e],[System.Boolean, System.Private.CoreLib, Version=9.0.0.0, Culture=neutral, PublicKeyToken=7cec85d7bea7798e],[System.String, System.Private.CoreLib, Version=9.0.0.0, Culture=neutral, PublicKeyToken=7cec85d7bea7798e]]'.
Activity.StartTime:          2026-06-08T01:29:08.0725048Z
Activity.DisplayName:        POST api/customer/addresses
Activity.Duration:           00:00:00.2199685
[22:29:08 INF] Executing action method Urbeat.WebApi.Controllers.AuthController.RegisterSeller (Urbeat.WebApi) - Validation state: Valid
Activity.Kind:               Server
    telemetry.sdk.language: dotnet
[22:29:08 INF] Route matched with {action = "RegisterCustomer", controller = "Auth"}. Executing controller action with signature System.Threading.Tasks.Task`1[Microsoft.AspNetCore.Mvc.IActionResult] RegisterCustomer(Urbeat.Application.DTOs.RegisterUserRequestDto, System.Threading.CancellationToken) on controller Urbeat.WebApi.Controllers.AuthController (Urbeat.WebApi).
Activity.StartTime:          2026-06-08T01:29:08.2263831Z
    telemetry.sdk.version: 1.14.0
Activity.Duration:           00:00:00.0666072
    service.name: unknown_service:testhost
Activity.Tags:
Activity.DisplayName:        POST api/admin/plans
    server.address: localhost
Activity.Kind:               Server
    http.request.method: POST
    url.scheme: http
Activity.Tags:
Activity.StartTime:          2026-06-08T01:29:08.2292553Z
    url.path: /api/customer/addresses
Activity.Duration:           00:00:00.1274663
    server.address: localhost
Activity.Tags:
    http.request.method: POST
    network.protocol.version: 1.1
    url.scheme: http
    server.address: localhost
    url.path: /api/admin/subscriptions/status
    http.route: api/customer/addresses
    http.request.method: POST
    network.protocol.version: 1.1
    url.scheme: http
    http.route: api/admin/subscriptions/status
    http.response.status_code: 409
    http.response.status_code: 204
    url.path: /api/admin/plans
Instrumentation scope (ActivitySource):
    network.protocol.version: 1.1
    Name: Microsoft.AspNetCore
Instrumentation scope (ActivitySource):
    http.route: api/admin/plans
Resource associated with Activity:
    Name: Microsoft.AspNetCore
    http.response.status_code: 201
    telemetry.sdk.name: opentelemetry
Instrumentation scope (ActivitySource):
Resource associated with Activity:
    telemetry.sdk.language: dotnet
    Name: Microsoft.AspNetCore
    telemetry.sdk.version: 1.14.0
    service.name: unknown_service:testhost
Resource associated with Activity:
    telemetry.sdk.name: opentelemetry
    telemetry.sdk.language: dotnet
    telemetry.sdk.name: opentelemetry
    telemetry.sdk.version: 1.14.0
    telemetry.sdk.language: dotnet
    service.name: unknown_service:testhost
    telemetry.sdk.version: 1.14.0
    service.name: unknown_service:testhost
    telemetry.sdk.language: dotnet
Activity.TraceId:            59784883ca92794642c61b048366742b
    telemetry.sdk.version: 1.14.0
    service.name: unknown_service:testhost
Activity.SpanId:             814fbdd19d4b9ee5
Activity.TraceId:            faff82e2c5616f7fcb86e97d5ad8ff20
Activity.TraceFlags:         Recorded
Activity.TraceId:            13ab07d0091cc3898eb91bef0a8624e9
Activity.DisplayName:        POST api/admin/plans
Activity.SpanId:             b1878ee43434612d
Activity.Kind:               Server
Activity.TraceFlags:         Recorded
Activity.TraceId:            4b80fc2ebb2786a9cf0939d61dc91b07
Activity.DisplayName:        GET api/stores/my-store
Activity.StartTime:          2026-06-08T01:29:08.2292553Z
Activity.SpanId:             d407897aaa7c16a1
Activity.SpanId:             32139fd46faf7c50
Activity.TraceFlags:         Recorded
Activity.Kind:               Server
Activity.Duration:           00:00:00.1274663
Activity.DisplayName:        POST api/customer/addresses
Activity.StartTime:          2026-06-08T01:29:08.1551604Z
Activity.TraceFlags:         Recorded
Activity.Kind:               Server
Activity.DisplayName:        POST api/auth/email/confirm/{code}
Activity.Duration:           00:00:00.1379586
Activity.StartTime:          2026-06-08T01:29:08.2263831Z
Activity.Tags:
Activity.Duration:           00:00:00.0666072
Activity.Kind:               Server
    server.address: localhost
Activity.Tags:
Activity.StartTime:          2026-06-08T01:29:08.2644507Z
    http.request.method: GET
    server.address: localhost
Activity.Duration:           00:00:00.0301907
    http.request.method: POST
Activity.Tags:
    url.scheme: http
    url.scheme: http
    server.address: localhost
    url.path: /api/stores/my-store
    http.request.method: POST
    url.path: /api/customer/addresses
    url.scheme: http
    network.protocol.version: 1.1
    network.protocol.version: 1.1
    http.route: api/customer/addresses
    url.path: /api/auth/email/confirm/TCsuL3kHduRhUdPLFHYmUHxEK
    http.response.status_code: 409
    network.protocol.version: 1.1
Instrumentation scope (ActivitySource):
    http.route: api/stores/my-store
    http.route: api/auth/email/confirm/{code}
    http.response.status_code: 200
    http.response.status_code: 400
Instrumentation scope (ActivitySource):
    Name: Microsoft.AspNetCore
    Name: Microsoft.AspNetCore
Resource associated with Activity:
Instrumentation scope (ActivitySource):
    telemetry.sdk.name: opentelemetry
Resource associated with Activity:
    telemetry.sdk.language: dotnet
    telemetry.sdk.name: opentelemetry
    telemetry.sdk.version: 1.14.0
    telemetry.sdk.language: dotnet
    service.name: unknown_service:testhost
    telemetry.sdk.version: 1.14.0
    Name: Microsoft.AspNetCore
    service.name: unknown_service:testhost
Resource associated with Activity:
    telemetry.sdk.name: opentelemetry
Activity.TraceId:            13ab07d0091cc3898eb91bef0a8624e9
    telemetry.sdk.language: dotnet
    telemetry.sdk.version: 1.14.0
Activity.SpanId:             d407897aaa7c16a1
    service.name: unknown_service:testhost
Activity.TraceFlags:         Recorded
Activity.DisplayName:        POST api/customer/addresses
Activity.TraceId:            faff82e2c5616f7fcb86e97d5ad8ff20
Activity.Kind:               Server
Activity.TraceId:            4b80fc2ebb2786a9cf0939d61dc91b07
Activity.StartTime:          2026-06-08T01:29:08.2263831Z
Activity.SpanId:             b1878ee43434612d
Activity.Duration:           00:00:00.0666072
Activity.TraceFlags:         Recorded
Activity.SpanId:             32139fd46faf7c50
Activity.Tags:
Activity.TraceFlags:         Recorded
    server.address: localhost
Activity.DisplayName:        POST api/auth/email/confirm/{code}
Activity.DisplayName:        GET api/stores/my-store
    http.request.method: POST
Activity.Kind:               Server
Activity.Kind:               Server
    url.scheme: http
Activity.StartTime:          2026-06-08T01:29:08.1551604Z
Activity.StartTime:          2026-06-08T01:29:08.2644507Z
    url.path: /api/customer/addresses
Activity.Duration:           00:00:00.0301907
[22:29:08 INF] Saved 1 entities to in-memory store.
Activity.Duration:           00:00:00.1379586
Activity.Tags:
Activity.Tags:
    server.address: localhost
[22:29:08 INF] Request starting HTTP/1.1 POST http://localhost/api/auth/register/customer - application/json; charset=utf-8 null
    http.request.method: GET
    server.address: localhost
    url.scheme: http
[22:29:08 INF] SellerRegistered | Registration succeeded | UserId=019ea4d9-0bc5-7982-9415-1424a9ca7f6d | Email=categories.flow.527fd9984a5b4ffd98377a6347336e1c@urbeat.local | Role=Seller
    http.request.method: POST
    url.path: /api/stores/my-store
    url.scheme: http
    network.protocol.version: 1.1
    url.path: /api/auth/email/confirm/TCsuL3kHduRhUdPLFHYmUHxEK
    http.route: api/stores/my-store
    network.protocol.version: 1.1
    http.response.status_code: 200
    network.protocol.version: 1.1
    http.route: api/auth/email/confirm/{code}
    http.route: api/customer/addresses
    http.response.status_code: 400
[22:29:08 INF] Executed action Urbeat.WebApi.Controllers.AuthController.ResendEmailConfirmation (Urbeat.WebApi) in 34.2358ms
    http.response.status_code: 409
Instrumentation scope (ActivitySource):
Instrumentation scope (ActivitySource):
    Name: Microsoft.AspNetCore
    Name: Microsoft.AspNetCore
Activity.Tags:
Resource associated with Activity:
    server.address: localhost
Resource associated with Activity:
    telemetry.sdk.name: opentelemetry
    telemetry.sdk.name: opentelemetry
    telemetry.sdk.language: dotnet
    http.request.method: POST
    telemetry.sdk.version: 1.14.0
    url.scheme: http
    service.name: unknown_service:testhost
    url.path: /api/admin/plans
    telemetry.sdk.language: dotnet
    network.protocol.version: 1.1
    telemetry.sdk.version: 1.14.0
Activity.TraceId:            4b80fc2ebb2786a9cf0939d61dc91b07
    http.route: api/admin/plans
    service.name: unknown_service:testhost
    http.response.status_code: 201
[22:29:08 INF] Executed endpoint 'Urbeat.WebApi.Controllers.AuthController.ResendEmailConfirmation (Urbeat.WebApi)'
Instrumentation scope (ActivitySource):
Activity.SpanId:             32139fd46faf7c50
    Name: Microsoft.AspNetCore
Activity.TraceFlags:         Recorded
Activity.DisplayName:        POST api/auth/email/confirm/{code}
Resource associated with Activity:
Instrumentation scope (ActivitySource):
Activity.Kind:               Server
    telemetry.sdk.name: opentelemetry
    Name: Microsoft.AspNetCore
    telemetry.sdk.language: dotnet
Resource associated with Activity:
    telemetry.sdk.version: 1.14.0
    telemetry.sdk.name: opentelemetry
    service.name: unknown_service:testhost
Activity.StartTime:          2026-06-08T01:29:08.2644507Z
    telemetry.sdk.language: dotnet
Activity.Duration:           00:00:00.0301907
    telemetry.sdk.version: 1.14.0
Activity.TraceId:            59784883ca92794642c61b048366742b
    service.name: unknown_service:testhost
Activity.Tags:
Activity.SpanId:             814fbdd19d4b9ee5
    server.address: localhost
Activity.TraceFlags:         Recorded
    http.request.method: POST
Activity.DisplayName:        POST api/admin/plans
    url.scheme: http
Activity.Kind:               Server
    url.path: /api/auth/email/confirm/TCsuL3kHduRhUdPLFHYmUHxEK
    network.protocol.version: 1.1
Activity.StartTime:          2026-06-08T01:29:08.2292553Z
    http.route: api/auth/email/confirm/{code}
Activity.Duration:           00:00:00.1274663
    http.response.status_code: 400
Activity.Tags:
Activity.TraceId:            13ab07d0091cc3898eb91bef0a8624e9
Instrumentation scope (ActivitySource):
    server.address: localhost
Activity.SpanId:             d407897aaa7c16a1
    Name: Microsoft.AspNetCore
Activity.TraceFlags:         Recorded
Activity.DisplayName:        POST api/customer/addresses
[22:29:08 INF] Request starting HTTP/1.1 GET http://localhost/api/subscriptions/my - null null
Activity.Kind:               Server
Resource associated with Activity:
    http.request.method: POST
    telemetry.sdk.name: opentelemetry
Activity.StartTime:          2026-06-08T01:29:08.2263831Z
    telemetry.sdk.language: dotnet
Activity.Duration:           00:00:00.0666072
    telemetry.sdk.version: 1.14.0
Activity.Tags:
    service.name: unknown_service:testhost
    url.scheme: http
    server.address: localhost
    url.path: /api/admin/plans
    http.request.method: POST
    network.protocol.version: 1.1
    url.scheme: http
    http.route: api/admin/plans
Activity.TraceId:            4b80fc2ebb2786a9cf0939d61dc91b07
    url.path: /api/customer/addresses
    http.response.status_code: 201
    network.protocol.version: 1.1
Instrumentation scope (ActivitySource):
    http.route: api/customer/addresses
Activity.SpanId:             32139fd46faf7c50
    http.response.status_code: 409
    Name: Microsoft.AspNetCore
Instrumentation scope (ActivitySource):
Activity.TraceFlags:         Recorded
    Name: Microsoft.AspNetCore
Activity.DisplayName:        POST api/auth/email/confirm/{code}
Resource associated with Activity:
Resource associated with Activity:
    telemetry.sdk.name: opentelemetry
    telemetry.sdk.name: opentelemetry
Activity.Kind:               Server
    telemetry.sdk.language: dotnet
    telemetry.sdk.language: dotnet
    telemetry.sdk.version: 1.14.0
    telemetry.sdk.version: 1.14.0
    service.name: unknown_service:testhost
    service.name: unknown_service:testhost
Activity.StartTime:          2026-06-08T01:29:08.2644507Z
Activity.Duration:           00:00:00.0301907
Activity.Tags:
Activity.TraceId:            59784883ca92794642c61b048366742b
    server.address: localhost
Activity.SpanId:             814fbdd19d4b9ee5
    http.request.method: POST
Activity.TraceFlags:         Recorded
    url.scheme: http
Activity.DisplayName:        POST api/admin/plans
    url.path: /api/auth/email/confirm/TCsuL3kHduRhUdPLFHYmUHxEK
Activity.Kind:               Server
    network.protocol.version: 1.1
    http.route: api/auth/email/confirm/{code}
Activity.StartTime:          2026-06-08T01:29:08.2292553Z
    http.response.status_code: 400
Activity.Duration:           00:00:00.1274663
Instrumentation scope (ActivitySource):
Activity.Tags:
    Name: Microsoft.AspNetCore
    server.address: localhost
Resource associated with Activity:
    http.request.method: POST
    telemetry.sdk.name: opentelemetry
    url.scheme: http
    telemetry.sdk.language: dotnet
    url.path: /api/admin/plans
    telemetry.sdk.version: 1.14.0
    network.protocol.version: 1.1
    service.name: unknown_service:testhost
    http.route: api/admin/plans
    http.response.status_code: 201
Instrumentation scope (ActivitySource):
Activity.TraceId:            4b80fc2ebb2786a9cf0939d61dc91b07
    Name: Microsoft.AspNetCore
Activity.SpanId:             32139fd46faf7c50
Resource associated with Activity:
Activity.TraceFlags:         Recorded
    telemetry.sdk.name: opentelemetry
Activity.DisplayName:        POST api/auth/email/confirm/{code}
    telemetry.sdk.language: dotnet
Activity.Kind:               Server
    telemetry.sdk.version: 1.14.0
    service.name: unknown_service:testhost
Activity.StartTime:          2026-06-08T01:29:08.2644507Z
Activity.Duration:           00:00:00.0301907
Activity.TraceId:            59784883ca92794642c61b048366742b
Activity.Tags:
Activity.SpanId:             814fbdd19d4b9ee5
    server.address: localhost
Activity.TraceFlags:         Recorded
    http.request.method: POST
Activity.DisplayName:        POST api/admin/plans
    url.scheme: http
Activity.Kind:               Server
    url.path: /api/auth/email/confirm/TCsuL3kHduRhUdPLFHYmUHxEK
    network.protocol.version: 1.1
    http.route: api/auth/email/confirm/{code}
Activity.StartTime:          2026-06-08T01:29:08.2292553Z
    http.response.status_code: 400
Activity.Duration:           00:00:00.1274663
Instrumentation scope (ActivitySource):
Activity.Tags:
    Name: Microsoft.AspNetCore
    server.address: localhost
Resource associated with Activity:
    http.request.method: POST
    telemetry.sdk.name: opentelemetry
    url.scheme: http
    telemetry.sdk.language: dotnet
    url.path: /api/admin/plans
    telemetry.sdk.version: 1.14.0
    network.protocol.version: 1.1
    service.name: unknown_service:testhost
    http.route: api/admin/plans
    http.response.status_code: 201
Instrumentation scope (ActivitySource):
    Name: Microsoft.AspNetCore
Resource associated with Activity:
    telemetry.sdk.name: opentelemetry
    telemetry.sdk.language: dotnet
    telemetry.sdk.version: 1.14.0
    service.name: unknown_service:testhost
Activity.TraceId:            59784883ca92794642c61b048366742b
Activity.SpanId:             814fbdd19d4b9ee5
Activity.TraceFlags:         Recorded
Activity.DisplayName:        POST api/admin/plans
Activity.Kind:               Server
Activity.StartTime:          2026-06-08T01:29:08.2292553Z
Activity.Duration:           00:00:00.1274663
Activity.Tags:
    server.address: localhost
    http.request.method: POST
    url.scheme: http
    url.path: /api/admin/plans
    network.protocol.version: 1.1
    http.route: api/admin/plans
    http.response.status_code: 201
Instrumentation scope (ActivitySource):
    Name: Microsoft.AspNetCore
Resource associated with Activity:
    telemetry.sdk.name: opentelemetry
[xUnit.net 00:00:05.53]       Expected confirmResponse.StatusCode to be HttpStatusCode.OK {value: 200}, but found HttpStatusCode.BadRequest {value: 400}.
[xUnit.net 00:00:05.53]       Stack Trace:
    telemetry.sdk.language: dotnet
    telemetry.sdk.version: 1.14.0
    service.name: unknown_service:testhost
Activity.TraceId:            59784883ca92794642c61b048366742b
Activity.SpanId:             814fbdd19d4b9ee5
Activity.TraceFlags:         Recorded
Activity.DisplayName:        POST api/admin/plans
Activity.Kind:               Server
Activity.StartTime:          2026-06-08T01:29:08.2292553Z
Activity.Duration:           00:00:00.1274663
Activity.Tags:
    server.address: localhost
    http.request.method: POST
    url.scheme: http
[xUnit.net 00:00:05.53]            at FluentAssertions.Execution.LateBoundTestFramework.Throw(String message)
    url.path: /api/admin/plans
    network.protocol.version: 1.1
    http.route: api/admin/plans
    http.response.status_code: 201
Instrumentation scope (ActivitySource):
    Name: Microsoft.AspNetCore
Resource associated with Activity:
    telemetry.sdk.name: opentelemetry
    telemetry.sdk.language: dotnet
[xUnit.net 00:00:05.53]            at FluentAssertions.Execution.DefaultAssertionStrategy.HandleFailure(String message)
    telemetry.sdk.version: 1.14.0
    service.name: unknown_service:testhost
Activity.TraceId:            59784883ca92794642c61b048366742b
[xUnit.net 00:00:05.53]            at FluentAssertions.Execution.AssertionScope.AddPreFormattedFailure(String formattedFailureMessage)
Activity.SpanId:             814fbdd19d4b9ee5
Activity.TraceFlags:         Recorded
Activity.DisplayName:        POST api/admin/plans
Activity.Kind:               Server
Activity.StartTime:          2026-06-08T01:29:08.2292553Z
Activity.Duration:           00:00:00.1274663
Activity.Tags:
    server.address: localhost
[xUnit.net 00:00:05.53]            at FluentAssertions.Execution.AssertionChain.FailWith(Func`1 getFailureReason)
    http.request.method: POST
    url.scheme: http
    url.path: /api/admin/plans
    network.protocol.version: 1.1
    http.route: api/admin/plans
    http.response.status_code: 201
Instrumentation scope (ActivitySource):
    Name: Microsoft.AspNetCore
Resource associated with Activity:
    telemetry.sdk.name: opentelemetry
    telemetry.sdk.language: dotnet
    telemetry.sdk.version: 1.14.0
[xUnit.net 00:00:05.53]            at FluentAssertions.Execution.AssertionChain.FailWith(Func`1 getFailureReason)
    service.name: unknown_service:testhost
Activity.TraceId:            59784883ca92794642c61b048366742b
Activity.SpanId:             814fbdd19d4b9ee5
Activity.TraceFlags:         Recorded
Activity.DisplayName:        POST api/admin/plans
Activity.Kind:               Server
[xUnit.net 00:00:05.53]            at FluentAssertions.Execution.AssertionChain.FailWith(String message, Object[] args)
[xUnit.net 00:00:05.53]            at FluentAssertions.Primitives.EnumAssertions`2.Be(TEnum expected, String because, Object[] becauseArgs)
Activity.StartTime:          2026-06-08T01:29:08.2292553Z
Activity.Duration:           00:00:00.1274663
[xUnit.net 00:00:05.53]         C:\Projetos\urbeat\backend\tests\Urbeat.IntegrationTests\Api\EmailConfirmationFlowTests.cs(124,0): at Urbeat.IntegrationTests.Api.EmailConfirmationFlowTests.ConfirmEmail_WithValidToken_ShouldConfirm_AndAllowLogin()
Activity.Tags:
[22:29:08 INF] Request starting HTTP/1.1 GET http://localhost/api/customer/addresses - null null
    server.address: localhost
    http.request.method: POST
    url.scheme: http
    url.path: /api/admin/plans
    network.protocol.version: 1.1
    http.route: api/admin/plans
    http.response.status_code: 201
Instrumentation scope (ActivitySource):
    Name: Microsoft.AspNetCore
[22:29:08 INF] Executing endpoint 'Urbeat.WebApi.Controllers.AuthController.RegisterCustomer (Urbeat.WebApi)'
Resource associated with Activity:
    telemetry.sdk.name: opentelemetry
[xUnit.net 00:00:05.53]         --- End of stack trace from previous location ---
    telemetry.sdk.language: dotnet
    telemetry.sdk.version: 1.14.0
    service.name: unknown_service:testhost
[22:29:08 INF] Executed action method Urbeat.WebApi.Controllers.AuthController.RegisterSeller (Urbeat.WebApi), returned result Microsoft.AspNetCore.Mvc.ObjectResult in 99.8211ms.
[22:29:08 INF] Saved 2 entities to in-memory store.
[22:29:08 INF] Executing endpoint 'Urbeat.WebApi.Controllers.CustomerAddressesController.List (Urbeat.WebApi)'
[22:29:08 INF] Executing ObjectResult, writing value of type '<>f__AnonymousType2`3[[System.Nullable`1[[System.Guid, System.Private.CoreLib, Version=9.0.0.0, Culture=neutral, PublicKeyToken=7cec85d7bea7798e]], System.Private.CoreLib, Version=9.0.0.0, Culture=neutral, PublicKeyToken=7cec85d7bea7798e],[System.Boolean, System.Private.CoreLib, Version=9.0.0.0, Culture=neutral, PublicKeyToken=7cec85d7bea7798e],[System.String, System.Private.CoreLib, Version=9.0.0.0, Culture=neutral, PublicKeyToken=7cec85d7bea7798e]]'.
[22:29:08 INF] HTTP POST /api/auth/email/resend-confirmation responded 200 in 67.7897 ms
[22:29:08 INF] Saved 1 entities to in-memory store.
[22:29:08 INF] Executing endpoint 'Urbeat.WebApi.Controllers.SubscriptionsController.GetMySubscription (Urbeat.WebApi)'
[22:29:08 INF] EMAIL_CONFIRM_JOB_STARTED | Sending confirmation email | UserId=019ea4d9-0bc5-7982-9415-1424a9ca7f6d
[22:29:08 INF] Request starting HTTP/1.1 POST http://localhost/api/subscriptions/contract - application/json; charset=utf-8 null
[22:29:08 INF] Route matched with {action = "RegisterCustomer", controller = "Auth"}. Executing controller action with signature System.Threading.Tasks.Task`1[Microsoft.AspNetCore.Mvc.IActionResult] RegisterCustomer(Urbeat.Application.DTOs.RegisterUserRequestDto, System.Threading.CancellationToken) on controller Urbeat.WebApi.Controllers.AuthController (Urbeat.WebApi).
[22:29:08 INF] Request starting HTTP/1.1 POST http://localhost/api/auth/register/seller - application/json; charset=utf-8 null
[22:29:08 INF] SellerRegistered | Registration succeeded | UserId=019ea4d9-0be3-7326-bc01-618c16404b33 | Email=store.unique.15cf22e3ae7c4533b3545cc36308870d@urbeat.local | Role=Seller
[22:29:08 INF] Executed action Urbeat.WebApi.Controllers.AuthController.RegisterSeller (Urbeat.WebApi) in 168.0225ms
[22:29:08 INF] Request finished HTTP/1.1 POST http://localhost/api/auth/email/resend-confirmation - 200 null application/json; charset=utf-8 104.8669ms
[22:29:08 INF] Executed endpoint 'Urbeat.WebApi.Controllers.AuthController.RegisterSeller (Urbeat.WebApi)'
Activity.TraceId:            c531d55548bb917d14a11d49e1dc1825
Activity.SpanId:             455efd2db1d72376
Activity.TraceFlags:         Recorded
Activity.DisplayName:        POST api/auth/email/resend-confirmation
Activity.Kind:               Server
Activity.StartTime:          2026-06-08T01:29:08.3245609Z
Activity.Duration:           00:00:00.1050507
Activity.Tags:
    server.address: localhost
    http.request.method: POST
    url.scheme: http
    url.path: /api/auth/email/resend-confirmation
    network.protocol.version: 1.1
    http.route: api/auth/email/resend-confirmation
    http.response.status_code: 200
Instrumentation scope (ActivitySource):
    Name: Microsoft.AspNetCore
Resource associated with Activity:
    telemetry.sdk.name: opentelemetry
    telemetry.sdk.language: dotnet
    telemetry.sdk.version: 1.14.0
    service.name: unknown_service:testhost
Activity.TraceId:            c531d55548bb917d14a11d49e1dc1825
Activity.SpanId:             455efd2db1d72376
Activity.TraceFlags:         Recorded
Activity.DisplayName:        POST api/auth/email/resend-confirmation
[22:29:08 INF] Executing action method Urbeat.WebApi.Controllers.AuthController.RegisterCustomer (Urbeat.WebApi) - Validation state: Valid
Activity.Kind:               Server
Activity.StartTime:          2026-06-08T01:29:08.3245609Z
Activity.Duration:           00:00:00.1050507
Activity.Tags:
    server.address: localhost
    http.request.method: POST
    url.scheme: http
    url.path: /api/auth/email/resend-confirmation
    network.protocol.version: 1.1
    http.route: api/auth/email/resend-confirmation
    http.response.status_code: 200
Instrumentation scope (ActivitySource):
    Name: Microsoft.AspNetCore
Resource associated with Activity:
    telemetry.sdk.name: opentelemetry
    telemetry.sdk.language: dotnet
    telemetry.sdk.version: 1.14.0
    service.name: unknown_service:testhost
[22:29:08 INF] Saved 1 entities to in-memory store.
[22:29:08 WRN] EMAIL_CONFIRM_USER_NOT_FOUND | User not found | UserId=019ea4d9-0bc5-7982-9415-1424a9ca7f6d
Activity.TraceId:            c531d55548bb917d14a11d49e1dc1825
Activity.SpanId:             455efd2db1d72376
Activity.TraceFlags:         Recorded
Activity.DisplayName:        POST api/auth/email/resend-confirmation
[22:29:08 INF] Executed action method Urbeat.WebApi.Controllers.AuthController.RegisterSeller (Urbeat.WebApi), returned result Microsoft.AspNetCore.Mvc.ObjectResult in 106.7199ms.
Activity.Kind:               Server
Activity.StartTime:          2026-06-08T01:29:08.3245609Z
[22:29:08 INF] Executing endpoint 'Urbeat.WebApi.Controllers.AuthController.RegisterSeller (Urbeat.WebApi)'
Activity.Duration:           00:00:00.1050507
[22:29:08 INF] USER_LOGGED_IN | Login succeeded | UserId=019ea4d9-0ab0-7dc1-b549-3284b3c0866e | Email=plan.seller.1215c8631b6c48b083a27cdf643029f6@urbeat.local | Role=Seller | IP=null
Activity.Tags:
    server.address: localhost
[22:29:08 INF] EMAIL_CONFIRM_JOB_COMPLETED | Job completed | UserId=019ea4d9-0bc5-7982-9415-1424a9ca7f6d
    http.request.method: POST
    url.scheme: http
    url.path: /api/auth/email/resend-confirmation
    network.protocol.version: 1.1
    http.route: api/auth/email/resend-confirmation
    http.response.status_code: 200
Instrumentation scope (ActivitySource):
    Name: Microsoft.AspNetCore
Resource associated with Activity:
    telemetry.sdk.name: opentelemetry
    telemetry.sdk.language: dotnet
    telemetry.sdk.version: 1.14.0
    service.name: unknown_service:testhost
Activity.TraceId:            c531d55548bb917d14a11d49e1dc1825
Activity.SpanId:             455efd2db1d72376
Activity.TraceFlags:         Recorded
Activity.DisplayName:        POST api/auth/email/resend-confirmation
Activity.Kind:               Server
Activity.StartTime:          2026-06-08T01:29:08.3245609Z
[22:29:08 INF] Route matched with {action = "RegisterSeller", controller = "Auth"}. Executing controller action with signature System.Threading.Tasks.Task`1[Microsoft.AspNetCore.Mvc.IActionResult] RegisterSeller(Urbeat.Application.DTOs.RegisterUserRequestDto, System.Threading.CancellationToken) on controller Urbeat.WebApi.Controllers.AuthController (Urbeat.WebApi).
Activity.Duration:           00:00:00.1050507
Activity.Tags:
    server.address: localhost
[22:29:08 INF] Executing ObjectResult, writing value of type '<>f__AnonymousType2`3[[System.Nullable`1[[System.Guid, System.Private.CoreLib, Version=9.0.0.0, Culture=neutral, PublicKeyToken=7cec85d7bea7798e]], System.Private.CoreLib, Version=9.0.0.0, Culture=neutral, PublicKeyToken=7cec85d7bea7798e],[System.Boolean, System.Private.CoreLib, Version=9.0.0.0, Culture=neutral, PublicKeyToken=7cec85d7bea7798e],[System.String, System.Private.CoreLib, Version=9.0.0.0, Culture=neutral, PublicKeyToken=7cec85d7bea7798e]]'.
    http.request.method: POST
    url.scheme: http
    url.path: /api/auth/email/resend-confirmation
    network.protocol.version: 1.1
    http.route: api/auth/email/resend-confirmation
    http.response.status_code: 200
Instrumentation scope (ActivitySource):
    Name: Microsoft.AspNetCore
Resource associated with Activity:
    telemetry.sdk.name: opentelemetry
    telemetry.sdk.language: dotnet
    telemetry.sdk.version: 1.14.0
    service.name: unknown_service:testhost
Activity.TraceId:            c531d55548bb917d14a11d49e1dc1825
Activity.SpanId:             455efd2db1d72376
Activity.TraceFlags:         Recorded
Activity.DisplayName:        POST api/auth/email/resend-confirmation
Activity.Kind:               Server
Activity.StartTime:          2026-06-08T01:29:08.3245609Z
Activity.Duration:           00:00:00.1050507
Activity.Tags:
    server.address: localhost
    http.request.method: POST
    url.scheme: http
    url.path: /api/auth/email/resend-confirmation
    network.protocol.version: 1.1
    http.route: api/auth/email/resend-confirmation
    http.response.status_code: 200
Instrumentation scope (ActivitySource):
    Name: Microsoft.AspNetCore
Resource associated with Activity:
    telemetry.sdk.name: opentelemetry
    telemetry.sdk.language: dotnet
    telemetry.sdk.version: 1.14.0
    service.name: unknown_service:testhost
Activity.TraceId:            c531d55548bb917d14a11d49e1dc1825
Activity.SpanId:             455efd2db1d72376
Activity.TraceFlags:         Recorded
Activity.DisplayName:        POST api/auth/email/resend-confirmation
Activity.Kind:               Server
Activity.StartTime:          2026-06-08T01:29:08.3245609Z
Activity.Duration:           00:00:00.1050507
Activity.Tags:
[22:29:08 INF] Saved 1 entities to in-memory store.
    server.address: localhost
    http.request.method: POST
    url.scheme: http
    url.path: /api/auth/email/resend-confirmation
    network.protocol.version: 1.1
    http.route: api/auth/email/resend-confirmation
    http.response.status_code: 200
Instrumentation scope (ActivitySource):
    Name: Microsoft.AspNetCore
Resource associated with Activity:
[22:29:08 INF] Executed action Urbeat.WebApi.Controllers.AuthController.RegisterSeller (Urbeat.WebApi) in 137.1653ms
    telemetry.sdk.name: opentelemetry
[22:29:08 INF] Request starting HTTP/1.1 POST http://localhost/api/auth/register/seller - application/json; charset=utf-8 null
    telemetry.sdk.language: dotnet
    telemetry.sdk.version: 1.14.0
    service.name: unknown_service:testhost
Activity.TraceId:            c531d55548bb917d14a11d49e1dc1825
Activity.SpanId:             455efd2db1d72376
Activity.TraceFlags:         Recorded
Activity.DisplayName:        POST api/auth/email/resend-confirmation
[22:29:08 INF] Executed endpoint 'Urbeat.WebApi.Controllers.AuthController.RegisterSeller (Urbeat.WebApi)'
Activity.Kind:               Server
Activity.StartTime:          2026-06-08T01:29:08.3245609Z
Activity.Duration:           00:00:00.1050507
Activity.Tags:
    server.address: localhost
    http.request.method: POST
    url.scheme: http
    url.path: /api/auth/email/resend-confirmation
[22:29:08 INF] Executed action method Urbeat.WebApi.Controllers.AuthController.LoginSeller (Urbeat.WebApi), returned result Microsoft.AspNetCore.Mvc.OkObjectResult in 73.9958ms.
    network.protocol.version: 1.1
    http.route: api/auth/email/resend-confirmation
    http.response.status_code: 200
Instrumentation scope (ActivitySource):
    Name: Microsoft.AspNetCore
Resource associated with Activity:
    telemetry.sdk.name: opentelemetry
    telemetry.sdk.language: dotnet
    telemetry.sdk.version: 1.14.0
    service.name: unknown_service:testhost
Activity.TraceId:            c531d55548bb917d14a11d49e1dc1825
Activity.SpanId:             455efd2db1d72376
Activity.TraceFlags:         Recorded
Activity.DisplayName:        POST api/auth/email/resend-confirmation
Activity.Kind:               Server
Activity.StartTime:          2026-06-08T01:29:08.3245609Z
Activity.Duration:           00:00:00.1050507
Activity.Tags:
    server.address: localhost
    http.request.method: POST
    url.scheme: http
    url.path: /api/auth/email/resend-confirmation
    network.protocol.version: 1.1
    http.route: api/auth/email/resend-confirmation
    http.response.status_code: 200
Instrumentation scope (ActivitySource):
    Name: Microsoft.AspNetCore
Resource associated with Activity:
    telemetry.sdk.name: opentelemetry
    telemetry.sdk.language: dotnet
    telemetry.sdk.version: 1.14.0
    service.name: unknown_service:testhost
Activity.TraceId:            c531d55548bb917d14a11d49e1dc1825
Activity.SpanId:             455efd2db1d72376
Activity.TraceFlags:         Recorded
Activity.DisplayName:        POST api/auth/email/resend-confirmation
Activity.Kind:               Server
Activity.StartTime:          2026-06-08T01:29:08.3245609Z
Activity.Duration:           00:00:00.1050507
Activity.Tags:
    server.address: localhost
    http.request.method: POST
    url.scheme: http
    url.path: /api/auth/email/resend-confirmation
[22:29:08 INF] Executing OkObjectResult, writing value of type 'Urbeat.Application.DTOs.AuthTokenResponseDto'.
    network.protocol.version: 1.1
    http.route: api/auth/email/resend-confirmation
    http.response.status_code: 200
Instrumentation scope (ActivitySource):
    Name: Microsoft.AspNetCore
Resource associated with Activity:
    telemetry.sdk.name: opentelemetry
    telemetry.sdk.language: dotnet
    telemetry.sdk.version: 1.14.0
    service.name: unknown_service:testhost
Activity.TraceId:            c531d55548bb917d14a11d49e1dc1825
Activity.SpanId:             455efd2db1d72376
Activity.TraceFlags:         Recorded
Activity.DisplayName:        POST api/auth/email/resend-confirmation
Activity.Kind:               Server
Activity.StartTime:          2026-06-08T01:29:08.3245609Z
Activity.Duration:           00:00:00.1050507
Activity.Tags:
    server.address: localhost
    http.request.method: POST
    url.scheme: http
    url.path: /api/auth/email/resend-confirmation
    network.protocol.version: 1.1
    http.route: api/auth/email/resend-confirmation
    http.response.status_code: 200
[22:29:08 INF] Executing endpoint 'Urbeat.WebApi.Controllers.AuthController.RegisterSeller (Urbeat.WebApi)'
Instrumentation scope (ActivitySource):
    Name: Microsoft.AspNetCore
Resource associated with Activity:
    telemetry.sdk.name: opentelemetry
    telemetry.sdk.language: dotnet
    telemetry.sdk.version: 1.14.0
    service.name: unknown_service:testhost
Activity.TraceId:            c531d55548bb917d14a11d49e1dc1825
Activity.SpanId:             455efd2db1d72376
Activity.TraceFlags:         Recorded
Activity.DisplayName:        POST api/auth/email/resend-confirmation
[22:29:08 INF] Executed action Urbeat.WebApi.Controllers.AuthController.LoginSeller (Urbeat.WebApi) in 107.6125ms
Activity.Kind:               Server
Activity.StartTime:          2026-06-08T01:29:08.3245609Z
Activity.Duration:           00:00:00.1050507
Activity.Tags:
    server.address: localhost
    http.request.method: POST
    url.scheme: http
    url.path: /api/auth/email/resend-confirmation
    network.protocol.version: 1.1
    http.route: api/auth/email/resend-confirmation
    http.response.status_code: 200
Instrumentation scope (ActivitySource):
    Name: Microsoft.AspNetCore
[22:29:08 INF] Executed endpoint 'Urbeat.WebApi.Controllers.AuthController.LoginSeller (Urbeat.WebApi)'
Resource associated with Activity:
    telemetry.sdk.name: opentelemetry
    telemetry.sdk.language: dotnet
    telemetry.sdk.version: 1.14.0
[22:29:08 INF] Route matched with {action = "RegisterSeller", controller = "Auth"}. Executing controller action with signature System.Threading.Tasks.Task`1[Microsoft.AspNetCore.Mvc.IActionResult] RegisterSeller(Urbeat.Application.DTOs.RegisterUserRequestDto, System.Threading.CancellationToken) on controller Urbeat.WebApi.Controllers.AuthController (Urbeat.WebApi).
    service.name: unknown_service:testhost
Activity.TraceId:            c531d55548bb917d14a11d49e1dc1825
Activity.SpanId:             455efd2db1d72376
Activity.TraceFlags:         Recorded
Activity.DisplayName:        POST api/auth/email/resend-confirmation
Activity.Kind:               Server
Activity.StartTime:          2026-06-08T01:29:08.3245609Z
Activity.Duration:           00:00:00.1050507
Activity.Tags:
    server.address: localhost
    http.request.method: POST
    url.scheme: http
    url.path: /api/auth/email/resend-confirmation
    network.protocol.version: 1.1
[22:29:08 INF] HTTP POST /api/auth/login/seller responded 200 in 168.6672 ms
    http.route: api/auth/email/resend-confirmation
    http.response.status_code: 200
Instrumentation scope (ActivitySource):
    Name: Microsoft.AspNetCore
Resource associated with Activity:
    telemetry.sdk.name: opentelemetry
    telemetry.sdk.language: dotnet
    telemetry.sdk.version: 1.14.0
    service.name: unknown_service:testhost
[22:29:08 INF] Request finished HTTP/1.1 POST http://localhost/api/auth/login/seller - 200 null application/json; charset=utf-8 170.067ms
Activity.TraceId:            0144e89ec4354da4eead8355572bf662
Activity.SpanId:             d55505b1e5d29128
Activity.TraceFlags:         Recorded
Activity.DisplayName:        POST api/auth/login/seller
Activity.Kind:               Server
Activity.StartTime:          2026-06-08T01:29:08.2611421Z
Activity.Duration:           00:00:00.1702032
Activity.Tags:
    server.address: localhost
    http.request.method: POST
    url.scheme: http
    url.path: /api/auth/login/seller
    network.protocol.version: 1.1
    http.route: api/auth/login/seller
[22:29:08 INF] Executing endpoint 'Urbeat.WebApi.Controllers.SubscriptionsController.Contract (Urbeat.WebApi)'
    http.response.status_code: 200
Instrumentation scope (ActivitySource):
    Name: Microsoft.AspNetCore
Resource associated with Activity:
    telemetry.sdk.name: opentelemetry
    telemetry.sdk.language: dotnet
    telemetry.sdk.version: 1.14.0
    service.name: unknown_service:testhost
Activity.TraceId:            0144e89ec4354da4eead8355572bf662
Activity.SpanId:             d55505b1e5d29128
Activity.TraceFlags:         Recorded
Activity.DisplayName:        POST api/auth/login/seller
Activity.Kind:               Server
Activity.StartTime:          2026-06-08T01:29:08.2611421Z
Activity.Duration:           00:00:00.1702032
Activity.Tags:
    server.address: localhost
    http.request.method: POST
    url.scheme: http
    url.path: /api/auth/login/seller
    network.protocol.version: 1.1
    http.route: api/auth/login/seller
    http.response.status_code: 200
Instrumentation scope (ActivitySource):
    Name: Microsoft.AspNetCore
Resource associated with Activity:
    telemetry.sdk.name: opentelemetry
    telemetry.sdk.language: dotnet
    telemetry.sdk.version: 1.14.0
[22:29:08 INF] Executing action method Urbeat.WebApi.Controllers.AuthController.RegisterSeller (Urbeat.WebApi) - Validation state: Valid
    service.name: unknown_service:testhost
Activity.TraceId:            0144e89ec4354da4eead8355572bf662
Activity.SpanId:             d55505b1e5d29128
Activity.TraceFlags:         Recorded
Activity.DisplayName:        POST api/auth/login/seller
Activity.Kind:               Server
Activity.StartTime:          2026-06-08T01:29:08.2611421Z
Activity.Duration:           00:00:00.1702032
Activity.Tags:
    server.address: localhost
    http.request.method: POST
    url.scheme: http
    url.path: /api/auth/login/seller
    network.protocol.version: 1.1
    http.route: api/auth/login/seller
    http.response.status_code: 200
Instrumentation scope (ActivitySource):
    Name: Microsoft.AspNetCore
Resource associated with Activity:
    telemetry.sdk.name: opentelemetry
    telemetry.sdk.language: dotnet
    telemetry.sdk.version: 1.14.0
    service.name: unknown_service:testhost
Activity.TraceId:            0144e89ec4354da4eead8355572bf662
Activity.SpanId:             d55505b1e5d29128
Activity.TraceFlags:         Recorded
Activity.DisplayName:        POST api/auth/login/seller
Activity.Kind:               Server
Activity.StartTime:          2026-06-08T01:29:08.2611421Z
Activity.Duration:           00:00:00.1702032
Activity.Tags:
    server.address: localhost
    http.request.method: POST
    url.scheme: http
    url.path: /api/auth/login/seller
[22:29:08 INF] HTTP POST /api/auth/register/seller responded 201 in 170.5067 ms
    network.protocol.version: 1.1
    http.route: api/auth/login/seller
    http.response.status_code: 200
Instrumentation scope (ActivitySource):
    Name: Microsoft.AspNetCore
Resource associated with Activity:
    telemetry.sdk.name: opentelemetry
    telemetry.sdk.language: dotnet
    telemetry.sdk.version: 1.14.0
    service.name: unknown_service:testhost
Activity.TraceId:            0144e89ec4354da4eead8355572bf662
Activity.SpanId:             d55505b1e5d29128
Activity.TraceFlags:         Recorded
Activity.DisplayName:        POST api/auth/login/seller
Activity.Kind:               Server
Activity.StartTime:          2026-06-08T01:29:08.2611421Z
Activity.Duration:           00:00:00.1702032
Activity.Tags:
    server.address: localhost
    http.request.method: POST
    url.scheme: http
    url.path: /api/auth/login/seller
    network.protocol.version: 1.1
    http.route: api/auth/login/seller
    http.response.status_code: 200
Instrumentation scope (ActivitySource):
    Name: Microsoft.AspNetCore
Resource associated with Activity:
    telemetry.sdk.name: opentelemetry
    telemetry.sdk.language: dotnet
    telemetry.sdk.version: 1.14.0
    service.name: unknown_service:testhost
Activity.TraceId:            0144e89ec4354da4eead8355572bf662
Activity.SpanId:             d55505b1e5d29128
Activity.TraceFlags:         Recorded
Activity.DisplayName:        POST api/auth/login/seller
Activity.Kind:               Server
Activity.StartTime:          2026-06-08T01:29:08.2611421Z
Activity.Duration:           00:00:00.1702032
Activity.Tags:
    server.address: localhost
    http.request.method: POST
    url.scheme: http
    url.path: /api/auth/login/seller
    network.protocol.version: 1.1
    http.route: api/auth/login/seller
    http.response.status_code: 200
Instrumentation scope (ActivitySource):
    Name: Microsoft.AspNetCore
Resource associated with Activity:
    telemetry.sdk.name: opentelemetry
    telemetry.sdk.language: dotnet
    telemetry.sdk.version: 1.14.0
    service.name: unknown_service:testhost
Activity.TraceId:            0144e89ec4354da4eead8355572bf662
Activity.SpanId:             d55505b1e5d29128
Activity.TraceFlags:         Recorded
Activity.DisplayName:        POST api/auth/login/seller
Activity.Kind:               Server
Activity.StartTime:          2026-06-08T01:29:08.2611421Z
Activity.Duration:           00:00:00.1702032
Activity.Tags:
    server.address: localhost
    http.request.method: POST
    url.scheme: http
    url.path: /api/auth/login/seller
    network.protocol.version: 1.1
    http.route: api/auth/login/seller
    http.response.status_code: 200
Instrumentation scope (ActivitySource):
    Name: Microsoft.AspNetCore
Resource associated with Activity:
    telemetry.sdk.name: opentelemetry
    telemetry.sdk.language: dotnet
    telemetry.sdk.version: 1.14.0
    service.name: unknown_service:testhost
Activity.TraceId:            0144e89ec4354da4eead8355572bf662
Activity.SpanId:             d55505b1e5d29128
Activity.TraceFlags:         Recorded
Activity.DisplayName:        POST api/auth/login/seller
Activity.Kind:               Server
Activity.StartTime:          2026-06-08T01:29:08.2611421Z
Activity.Duration:           00:00:00.1702032
Activity.Tags:
    server.address: localhost
    http.request.method: POST
    url.scheme: http
    url.path: /api/auth/login/seller
    network.protocol.version: 1.1
    http.route: api/auth/login/seller
    http.response.status_code: 200
Instrumentation scope (ActivitySource):
    Name: Microsoft.AspNetCore
Resource associated with Activity:
    telemetry.sdk.name: opentelemetry
    telemetry.sdk.language: dotnet
    telemetry.sdk.version: 1.14.0
    service.name: unknown_service:testhost
Activity.TraceId:            0144e89ec4354da4eead8355572bf662
Activity.SpanId:             d55505b1e5d29128
Activity.TraceFlags:         Recorded
Activity.DisplayName:        POST api/auth/login/seller
Activity.Kind:               Server
Activity.StartTime:          2026-06-08T01:29:08.2611421Z
Activity.Duration:           00:00:00.1702032
Activity.Tags:
    server.address: localhost
    http.request.method: POST
    url.scheme: http
    url.path: /api/auth/login/seller
    network.protocol.version: 1.1
    http.route: api/auth/login/seller
    http.response.status_code: 200
Instrumentation scope (ActivitySource):
    Name: Microsoft.AspNetCore
[22:29:08 INF] Request finished HTTP/1.1 POST http://localhost/api/auth/register/seller - 201 null application/json; charset=utf-8 204.3788ms
Resource associated with Activity:
[22:29:08 INF] HTTP POST /api/auth/register/seller responded 201 in 138.8637 ms
    telemetry.sdk.name: opentelemetry
    telemetry.sdk.language: dotnet
    telemetry.sdk.version: 1.14.0
    service.name: unknown_service:testhost
[22:29:08 INF] Route matched with {action = "GetMySubscription", controller = "Subscriptions"}. Executing controller action with signature System.Threading.Tasks.Task`1[Microsoft.AspNetCore.Mvc.IActionResult] GetMySubscription(System.Threading.CancellationToken) on controller Urbeat.WebApi.Controllers.SubscriptionsController (Urbeat.WebApi).
Activity.TraceId:            0144e89ec4354da4eead8355572bf662
Activity.SpanId:             d55505b1e5d29128
Activity.TraceFlags:         Recorded
Activity.DisplayName:        POST api/auth/login/seller
Activity.Kind:               Server
[22:29:08 INF] EMAIL_CONFIRM_JOB_STARTED | Sending confirmation email | UserId=019ea4d9-0be3-7326-bc01-618c16404b33
Activity.StartTime:          2026-06-08T01:29:08.2611421Z
[22:29:08 INF] Route matched with {action = "List", controller = "CustomerAddresses"}. Executing controller action with signature System.Threading.Tasks.Task`1[Microsoft.AspNetCore.Mvc.IActionResult] List(System.Threading.CancellationToken) on controller Urbeat.WebApi.Controllers.CustomerAddressesController (Urbeat.WebApi).
Activity.Duration:           00:00:00.1702032
Activity.Tags:
[22:29:08 INF] Server fabio-mobile:44964:0ca7afeb caught stopping signal...
    server.address: localhost
[22:29:08 INF] Saved 1 entities to in-memory store.
    http.request.method: POST
    url.scheme: http
    url.path: /api/auth/login/seller
    network.protocol.version: 1.1
    http.route: api/auth/login/seller
Activity.TraceId:            392b39f4d8c1aec702d6fb26bb5d7498
    http.response.status_code: 200
Activity.SpanId:             22a75755120114ae
[22:29:08 INF] Route matched with {action = "Contract", controller = "Subscriptions"}. Executing controller action with signature System.Threading.Tasks.Task`1[Microsoft.AspNetCore.Mvc.IActionResult] Contract(Urbeat.Application.DTOs.ContractSellerSubscriptionRequestDto, System.Threading.CancellationToken) on controller Urbeat.WebApi.Controllers.SubscriptionsController (Urbeat.WebApi).
Instrumentation scope (ActivitySource):
    Name: Microsoft.AspNetCore
Resource associated with Activity:
    telemetry.sdk.name: opentelemetry
    telemetry.sdk.language: dotnet
    telemetry.sdk.version: 1.14.0
    service.name: unknown_service:testhost
Activity.TraceId:            0144e89ec4354da4eead8355572bf662
Activity.SpanId:             d55505b1e5d29128
Activity.TraceFlags:         Recorded
Activity.DisplayName:        POST api/auth/login/seller
[22:29:08 INF] Request finished HTTP/1.1 POST http://localhost/api/auth/register/seller - 201 null application/json; charset=utf-8 204.4178ms
Activity.Kind:               Server
Activity.StartTime:          2026-06-08T01:29:08.2611421Z
Activity.Duration:           00:00:00.1702032
Activity.Tags:
    server.address: localhost
    http.request.method: POST
    url.scheme: http
    url.path: /api/auth/login/seller
    network.protocol.version: 1.1
    http.route: api/auth/login/seller
    http.response.status_code: 200
Instrumentation scope (ActivitySource):
    Name: Microsoft.AspNetCore
Resource associated with Activity:
    telemetry.sdk.name: opentelemetry
    telemetry.sdk.language: dotnet
    telemetry.sdk.version: 1.14.0
    service.name: unknown_service:testhost
Activity.TraceId:            0144e89ec4354da4eead8355572bf662
Activity.SpanId:             d55505b1e5d29128
Activity.TraceFlags:         Recorded
Activity.DisplayName:        POST api/auth/login/seller
Activity.Kind:               Server
Activity.StartTime:          2026-06-08T01:29:08.2611421Z
Activity.Duration:           00:00:00.1702032
Activity.Tags:
    server.address: localhost
    http.request.method: POST
    url.scheme: http
    url.path: /api/auth/login/seller
    network.protocol.version: 1.1
    http.route: api/auth/login/seller
    http.response.status_code: 200
Instrumentation scope (ActivitySource):
[22:29:08 INF] Executing action method Urbeat.WebApi.Controllers.AuthController.RegisterCustomer (Urbeat.WebApi) - Validation state: Valid
    Name: Microsoft.AspNetCore
Resource associated with Activity:
    telemetry.sdk.name: opentelemetry
    telemetry.sdk.language: dotnet
    telemetry.sdk.version: 1.14.0
    service.name: unknown_service:testhost
Activity.TraceFlags:         Recorded
Activity.DisplayName:        POST api/auth/register/seller
Activity.Kind:               Server
Activity.StartTime:          2026-06-08T01:29:08.2277459Z
Activity.Duration:           00:00:00.2533013
Activity.Tags:
[22:29:08 INF] Executing action method Urbeat.WebApi.Controllers.AuthController.RegisterSeller (Urbeat.WebApi) - Validation state: Valid
    server.address: localhost
    http.request.method: POST
    url.scheme: http
    url.path: /api/auth/register/seller
    network.protocol.version: 1.1
[22:29:08 INF] Saved 1 entities to in-memory store.
    http.route: api/auth/register/seller
[22:29:08 WRN] EMAIL_CONFIRM_USER_NOT_FOUND | User not found | UserId=019ea4d9-0be3-7326-bc01-618c16404b33
    http.response.status_code: 201
Instrumentation scope (ActivitySource):
    Name: Microsoft.AspNetCore
Resource associated with Activity:
    telemetry.sdk.name: opentelemetry
[22:29:08 INF] Executing action method Urbeat.WebApi.Controllers.SubscriptionsController.GetMySubscription (Urbeat.WebApi) - Validation state: Valid
    telemetry.sdk.language: dotnet
[22:29:08 INF] EMAIL_CONFIRM_JOB_COMPLETED | Job completed | UserId=019ea4d9-0be3-7326-bc01-618c16404b33
    telemetry.sdk.version: 1.14.0
    service.name: unknown_service:testhost
[22:29:08 INF] Executing action method Urbeat.WebApi.Controllers.CustomerAddressesController.List (Urbeat.WebApi) - Validation state: Valid
Activity.TraceId:            392b39f4d8c1aec702d6fb26bb5d7498
Activity.SpanId:             22a75755120114ae
Activity.TraceFlags:         Recorded
Activity.DisplayName:        POST api/auth/register/seller
Activity.Kind:               Server
Activity.StartTime:          2026-06-08T01:29:08.2277459Z
Activity.Duration:           00:00:00.2533013
Activity.Tags:
    server.address: localhost
    http.request.method: POST
    url.scheme: http
    url.path: /api/auth/register/seller
    network.protocol.version: 1.1
    http.route: api/auth/register/seller
    http.response.status_code: 201
Instrumentation scope (ActivitySource):
    Name: Microsoft.AspNetCore
Resource associated with Activity:
    telemetry.sdk.name: opentelemetry
    telemetry.sdk.language: dotnet
    telemetry.sdk.version: 1.14.0
    service.name: unknown_service:testhost
Activity.TraceId:            392b39f4d8c1aec702d6fb26bb5d7498
Activity.SpanId:             22a75755120114ae
Activity.TraceFlags:         Recorded
Activity.DisplayName:        POST api/auth/register/seller
Activity.Kind:               Server
Activity.StartTime:          2026-06-08T01:29:08.2277459Z
[22:29:08 INF] Server fabio-mobile:44964:0ca7afeb All dispatchers stopped
Activity.Duration:           00:00:00.2533013
Activity.Tags:
    server.address: localhost
    http.request.method: POST
    url.scheme: http
    url.path: /api/auth/register/seller
    network.protocol.version: 1.1
    http.route: api/auth/register/seller
    http.response.status_code: 201
Instrumentation scope (ActivitySource):
    Name: Microsoft.AspNetCore
Resource associated with Activity:
    telemetry.sdk.name: opentelemetry
    telemetry.sdk.language: dotnet
    telemetry.sdk.version: 1.14.0
    service.name: unknown_service:testhost
Activity.TraceId:            392b39f4d8c1aec702d6fb26bb5d7498
Activity.SpanId:             22a75755120114ae
Activity.TraceFlags:         Recorded
Activity.DisplayName:        POST api/auth/register/seller
Activity.Kind:               Server
Activity.StartTime:          2026-06-08T01:29:08.2277459Z
Activity.Duration:           00:00:00.2533013
Activity.Tags:
    server.address: localhost
    http.request.method: POST
    url.scheme: http
    url.path: /api/auth/register/seller
    network.protocol.version: 1.1
    http.route: api/auth/register/seller
    http.response.status_code: 201
Instrumentation scope (ActivitySource):
    Name: Microsoft.AspNetCore
Resource associated with Activity:
    telemetry.sdk.name: opentelemetry
    telemetry.sdk.language: dotnet
    telemetry.sdk.version: 1.14.0
    service.name: unknown_service:testhost
Activity.TraceId:            392b39f4d8c1aec702d6fb26bb5d7498
Activity.SpanId:             22a75755120114ae
Activity.TraceFlags:         Recorded
Activity.DisplayName:        POST api/auth/register/seller
Activity.Kind:               Server
Activity.StartTime:          2026-06-08T01:29:08.2277459Z
Activity.Duration:           00:00:00.2533013
Activity.Tags:
    server.address: localhost
    http.request.method: POST
    url.scheme: http
    url.path: /api/auth/register/seller
    network.protocol.version: 1.1
    http.route: api/auth/register/seller
    http.response.status_code: 201
Instrumentation scope (ActivitySource):
    Name: Microsoft.AspNetCore
Resource associated with Activity:
    telemetry.sdk.name: opentelemetry
    telemetry.sdk.language: dotnet
    telemetry.sdk.version: 1.14.0
    service.name: unknown_service:testhost
Activity.TraceId:            392b39f4d8c1aec702d6fb26bb5d7498
Activity.SpanId:             22a75755120114ae
Activity.TraceFlags:         Recorded
Activity.DisplayName:        POST api/auth/register/seller
Activity.Kind:               Server
Activity.StartTime:          2026-06-08T01:29:08.2277459Z
Activity.Duration:           00:00:00.2533013
Activity.Tags:
    server.address: localhost
    http.request.method: POST
    url.scheme: http
    url.path: /api/auth/register/seller
    network.protocol.version: 1.1
    http.route: api/auth/register/seller
    http.response.status_code: 201
Instrumentation scope (ActivitySource):
    Name: Microsoft.AspNetCore
Resource associated with Activity:
    telemetry.sdk.name: opentelemetry
    telemetry.sdk.language: dotnet
    telemetry.sdk.version: 1.14.0
    service.name: unknown_service:testhost
Activity.TraceId:            392b39f4d8c1aec702d6fb26bb5d7498
Activity.SpanId:             22a75755120114ae
Activity.TraceFlags:         Recorded
Activity.DisplayName:        POST api/auth/register/seller
Activity.Kind:               Server
Activity.StartTime:          2026-06-08T01:29:08.2277459Z
Activity.Duration:           00:00:00.2533013
Activity.Tags:
    server.address: localhost
    http.request.method: POST
    url.scheme: http
    url.path: /api/auth/register/seller
    network.protocol.version: 1.1
    http.route: api/auth/register/seller
    http.response.status_code: 201
Instrumentation scope (ActivitySource):
    Name: Microsoft.AspNetCore
Resource associated with Activity:
    telemetry.sdk.name: opentelemetry
    telemetry.sdk.language: dotnet
    telemetry.sdk.version: 1.14.0
    service.name: unknown_service:testhost
Activity.TraceId:            392b39f4d8c1aec702d6fb26bb5d7498
Activity.SpanId:             22a75755120114ae
Activity.TraceFlags:         Recorded
Activity.DisplayName:        POST api/auth/register/seller
Activity.Kind:               Server
Activity.StartTime:          2026-06-08T01:29:08.2277459Z
Activity.Duration:           00:00:00.2533013
Activity.Tags:
[22:29:08 INF] Request starting HTTP/1.1 POST http://localhost/api/auth/login/seller - application/json; charset=utf-8 null
    server.address: localhost
    http.request.method: POST
    url.scheme: http
    url.path: /api/auth/register/seller
    network.protocol.version: 1.1
    http.route: api/auth/register/seller
    http.response.status_code: 201
Instrumentation scope (ActivitySource):
    Name: Microsoft.AspNetCore
Resource associated with Activity:
    telemetry.sdk.name: opentelemetry
    telemetry.sdk.language: dotnet
    telemetry.sdk.version: 1.14.0
    service.name: unknown_service:testhost
Activity.TraceId:            392b39f4d8c1aec702d6fb26bb5d7498
Activity.SpanId:             22a75755120114ae
Activity.TraceFlags:         Recorded
Activity.DisplayName:        POST api/auth/register/seller
Activity.Kind:               Server
Activity.StartTime:          2026-06-08T01:29:08.2277459Z
Activity.Duration:           00:00:00.2533013
Activity.Tags:
    server.address: localhost
    http.request.method: POST
    url.scheme: http
    url.path: /api/auth/register/seller
    network.protocol.version: 1.1
    http.route: api/auth/register/seller
    http.response.status_code: 201
Instrumentation scope (ActivitySource):
    Name: Microsoft.AspNetCore
Resource associated with Activity:
    telemetry.sdk.name: opentelemetry
    telemetry.sdk.language: dotnet
    telemetry.sdk.version: 1.14.0
    service.name: unknown_service:testhost
Activity.TraceId:            392b39f4d8c1aec702d6fb26bb5d7498
Activity.SpanId:             22a75755120114ae
Activity.TraceFlags:         Recorded
Activity.DisplayName:        POST api/auth/register/seller
Activity.Kind:               Server
Activity.StartTime:          2026-06-08T01:29:08.2277459Z
Activity.Duration:           00:00:00.2533013
Activity.Tags:
    server.address: localhost
    http.request.method: POST
    url.scheme: http
    url.path: /api/auth/register/seller
    network.protocol.version: 1.1
    http.route: api/auth/register/seller
    http.response.status_code: 201
Instrumentation scope (ActivitySource):
    Name: Microsoft.AspNetCore
Resource associated with Activity:
    telemetry.sdk.name: opentelemetry
    telemetry.sdk.language: dotnet
    telemetry.sdk.version: 1.14.0
    service.name: unknown_service:testhost
Activity.TraceId:            392b39f4d8c1aec702d6fb26bb5d7498
Activity.SpanId:             22a75755120114ae
Activity.TraceFlags:         Recorded
Activity.DisplayName:        POST api/auth/register/seller
Activity.Kind:               Server
Activity.StartTime:          2026-06-08T01:29:08.2277459Z
Activity.Duration:           00:00:00.2533013
Activity.Tags:
    server.address: localhost
    http.request.method: POST
    url.scheme: http
    url.path: /api/auth/register/seller
    network.protocol.version: 1.1
    http.route: api/auth/register/seller
    http.response.status_code: 201
Instrumentation scope (ActivitySource):
    Name: Microsoft.AspNetCore
Resource associated with Activity:
    telemetry.sdk.name: opentelemetry
    telemetry.sdk.language: dotnet
    telemetry.sdk.version: 1.14.0
    service.name: unknown_service:testhost
Activity.TraceId:            392b39f4d8c1aec702d6fb26bb5d7498
Activity.SpanId:             22a75755120114ae
Activity.TraceFlags:         Recorded
Activity.DisplayName:        POST api/auth/register/seller
Activity.Kind:               Server
Activity.StartTime:          2026-06-08T01:29:08.2277459Z
Activity.Duration:           00:00:00.2533013
Activity.Tags:
Activity.TraceId:            914229d43efcca92dfc854e4436bd3e8
    server.address: localhost
Activity.SpanId:             a7e4c7978bb4b8a0
    http.request.method: POST
Activity.TraceFlags:         Recorded
    url.scheme: http
Activity.DisplayName:        POST api/auth/register/seller
    url.path: /api/auth/register/seller
Activity.Kind:               Server
    network.protocol.version: 1.1
    http.route: api/auth/register/seller
    http.response.status_code: 201
Activity.StartTime:          2026-06-08T01:29:08.2767488Z
Instrumentation scope (ActivitySource):
    Name: Microsoft.AspNetCore
Activity.Duration:           00:00:00.2045443
Resource associated with Activity:
Activity.Tags:
    telemetry.sdk.name: opentelemetry
    telemetry.sdk.language: dotnet
    server.address: localhost
    telemetry.sdk.version: 1.14.0
    http.request.method: POST
    service.name: unknown_service:testhost
    url.scheme: http
    url.path: /api/auth/register/seller
    network.protocol.version: 1.1
    http.route: api/auth/register/seller
    http.response.status_code: 201
Instrumentation scope (ActivitySource):
    Name: Microsoft.AspNetCore
Resource associated with Activity:
    telemetry.sdk.name: opentelemetry
    telemetry.sdk.language: dotnet
    telemetry.sdk.version: 1.14.0
    service.name: unknown_service:testhost
Activity.TraceId:            914229d43efcca92dfc854e4436bd3e8
Activity.SpanId:             a7e4c7978bb4b8a0
Activity.TraceFlags:         Recorded
Activity.DisplayName:        POST api/auth/register/seller
Activity.Kind:               Server
Activity.StartTime:          2026-06-08T01:29:08.2767488Z
Activity.Duration:           00:00:00.2045443
Activity.Tags:
    server.address: localhost
    http.request.method: POST
    url.scheme: http
    url.path: /api/auth/register/seller
    network.protocol.version: 1.1
    http.route: api/auth/register/seller
    http.response.status_code: 201
Instrumentation scope (ActivitySource):
    Name: Microsoft.AspNetCore
Resource associated with Activity:
    telemetry.sdk.name: opentelemetry
    telemetry.sdk.language: dotnet
    telemetry.sdk.version: 1.14.0
    service.name: unknown_service:testhost
Activity.TraceId:            914229d43efcca92dfc854e4436bd3e8
Activity.SpanId:             a7e4c7978bb4b8a0
Activity.TraceFlags:         Recorded
Activity.DisplayName:        POST api/auth/register/seller
Activity.Kind:               Server
Activity.StartTime:          2026-06-08T01:29:08.2767488Z
Activity.Duration:           00:00:00.2045443
Activity.Tags:
    server.address: localhost
    http.request.method: POST
    url.scheme: http
    url.path: /api/auth/register/seller
    network.protocol.version: 1.1
    http.route: api/auth/register/seller
    http.response.status_code: 201
Instrumentation scope (ActivitySource):
    Name: Microsoft.AspNetCore
Resource associated with Activity:
    telemetry.sdk.name: opentelemetry
    telemetry.sdk.language: dotnet
    telemetry.sdk.version: 1.14.0
    service.name: unknown_service:testhost
Activity.TraceId:            914229d43efcca92dfc854e4436bd3e8
Activity.SpanId:             a7e4c7978bb4b8a0
Activity.TraceFlags:         Recorded
Activity.DisplayName:        POST api/auth/register/seller
Activity.Kind:               Server
Activity.StartTime:          2026-06-08T01:29:08.2767488Z
Activity.Duration:           00:00:00.2045443
Activity.Tags:
    server.address: localhost
    http.request.method: POST
    url.scheme: http
    url.path: /api/auth/register/seller
    network.protocol.version: 1.1
    http.route: api/auth/register/seller
    http.response.status_code: 201
Instrumentation scope (ActivitySource):
    Name: Microsoft.AspNetCore
Resource associated with Activity:
[22:29:08 INF] Request starting HTTP/1.1 GET http://localhost/api/subscriptions/plans - null null
    telemetry.sdk.name: opentelemetry
[22:29:08 INF] Server fabio-mobile:44964:0ca7afeb successfully reported itself as stopped in 0,1441 ms
[22:29:08 INF] Server fabio-mobile:44964:0ca7afeb has been stopped in total 1,7608 ms
[22:29:08 INF] Executing endpoint 'Urbeat.WebApi.Controllers.AuthController.LoginSeller (Urbeat.WebApi)'
[22:29:08 INF] Route matched with {action = "LoginSeller", controller = "Auth"}. Executing controller action with signature System.Threading.Tasks.Task`1[Microsoft.AspNetCore.Mvc.IActionResult] LoginSeller(Urbeat.Application.DTOs.LoginRequestDto, System.Threading.CancellationToken) on controller Urbeat.WebApi.Controllers.AuthController (Urbeat.WebApi).
    telemetry.sdk.language: dotnet
[22:29:08 INF] Executing endpoint 'Urbeat.WebApi.Controllers.SubscriptionsController.ListActivePlans (Urbeat.WebApi)'
    telemetry.sdk.version: 1.14.0
    service.name: unknown_service:testhost
Activity.TraceId:            914229d43efcca92dfc854e4436bd3e8
Activity.SpanId:             a7e4c7978bb4b8a0
Activity.TraceFlags:         Recorded
Activity.DisplayName:        POST api/auth/register/seller
Activity.Kind:               Server
Activity.StartTime:          2026-06-08T01:29:08.2767488Z
Activity.Duration:           00:00:00.2045443
Activity.Tags:
    server.address: localhost
    http.request.method: POST
    url.scheme: http
    url.path: /api/auth/register/seller
    network.protocol.version: 1.1
    http.route: api/auth/register/seller
[22:29:08 INF] Saved 2 entities to in-memory store.
    http.response.status_code: 201
Instrumentation scope (ActivitySource):
    Name: Microsoft.AspNetCore
Resource associated with Activity:
    telemetry.sdk.name: opentelemetry
    telemetry.sdk.language: dotnet
    telemetry.sdk.version: 1.14.0
    service.name: unknown_service:testhost
Activity.TraceId:            914229d43efcca92dfc854e4436bd3e8
Activity.SpanId:             a7e4c7978bb4b8a0
Activity.TraceFlags:         Recorded
Activity.DisplayName:        POST api/auth/register/seller
Activity.Kind:               Server
Activity.StartTime:          2026-06-08T01:29:08.2767488Z
Activity.Duration:           00:00:00.2045443
Activity.Tags:
    server.address: localhost
    http.request.method: POST
    url.scheme: http
    url.path: /api/auth/register/seller
[22:29:08 INF] Executing action method Urbeat.WebApi.Controllers.AuthController.LoginSeller (Urbeat.WebApi) - Validation state: Valid
Resource associated with Metrics:
[22:29:08 INF] Saved 1 entities to in-memory store.
    network.protocol.version: 1.1
[22:29:08 INF] Executing action method Urbeat.WebApi.Controllers.SubscriptionsController.Contract (Urbeat.WebApi) - Validation state: Valid
	telemetry.sdk.name: opentelemetry
    http.route: api/auth/register/seller
	telemetry.sdk.language: dotnet
	telemetry.sdk.version: 1.14.0
	service.name: unknown_service:testhost
[22:29:08 INF] Saved 1 entities to in-memory store.
    http.response.status_code: 201
Instrumentation scope (ActivitySource):
    Name: Microsoft.AspNetCore
[22:29:08 INF] Route matched with {action = "ListActivePlans", controller = "Subscriptions"}. Executing controller action with signature System.Threading.Tasks.Task`1[Microsoft.AspNetCore.Mvc.IActionResult] ListActivePlans(System.Threading.CancellationToken) on controller Urbeat.WebApi.Controllers.SubscriptionsController (Urbeat.WebApi).
Metric Name: http.server.active_requests, Description: Number of active HTTP server requests., Unit: {request}, Metric Type: LongSumNonMonotonic
Instrumentation scope (Meter):
Resource associated with Activity:
	Name: Microsoft.AspNetCore.Hosting
[22:29:08 INF] Saved 1 entities to in-memory store.
    telemetry.sdk.name: opentelemetry
    telemetry.sdk.language: dotnet
    telemetry.sdk.version: 1.14.0
    service.name: unknown_service:testhost
(2026-06-08T01:29:04.1531506Z, 2026-06-08T01:29:08.4845584Z] http.request.method: GET url.scheme: http
Value: 3
[22:29:08 INF] Saved 1 entities to in-memory store.
(2026-06-08T01:29:04.1531506Z, 2026-06-08T01:29:08.4845584Z] http.request.method: POST url.scheme: http
Value: 6
[22:29:08 INF] SellerRegistered | Registration succeeded | UserId=019ea4d9-0c27-7caa-85a1-474dde4563ad | Email=orders.seller.17c3b9a71979458dba25168f3ce3533c@urbeat.local | Role=Seller
Activity.TraceId:            914229d43efcca92dfc854e4436bd3e8
(2026-06-08T01:29:04.1531506Z, 2026-06-08T01:29:08.4845584Z] http.request.method: PUT url.scheme: http
Value: 0
Activity.SpanId:             a7e4c7978bb4b8a0
[22:29:08 INF] Executed action method Urbeat.WebApi.Controllers.CustomerAddressesController.List (Urbeat.WebApi), returned result Microsoft.AspNetCore.Mvc.OkObjectResult in 15.9251ms.
(2026-06-08T01:29:04.1531506Z, 2026-06-08T01:29:08.4845584Z] http.request.method: PATCH url.scheme: http
Value: 0
Activity.TraceFlags:         Recorded
(2026-06-08T01:29:04.1531506Z, 2026-06-08T01:29:08.4845584Z] http.request.method: DELETE url.scheme: http
Value: 0
Activity.DisplayName:        POST api/auth/register/seller
Activity.Kind:               Server
Metric Name: http.server.request.duration, Description: Duration of HTTP server requests., Unit: s, Metric Type: Histogram
Instrumentation scope (Meter):
[22:29:08 INF] Executed action method Urbeat.WebApi.Controllers.SubscriptionsController.GetMySubscription (Urbeat.WebApi), returned result Microsoft.AspNetCore.Mvc.OkObjectResult in 22.9037ms.
	Name: Microsoft.AspNetCore.Hosting
Activity.StartTime:          2026-06-08T01:29:08.2767488Z
Activity.Duration:           00:00:00.2045443
Activity.Tags:
    server.address: localhost
    http.request.method: POST
    url.scheme: http
    url.path: /api/auth/register/seller
    network.protocol.version: 1.1
    http.route: api/auth/register/seller
(2026-06-08T01:29:04.1531669Z, 2026-06-08T01:29:08.4845765Z] http.request.method: GET http.response.status_code: 401 http.route: api/stores/{storeId}/categories network.protocol.version: 1.1 url.scheme: http
Value: Sum: 0.1887134 Count: 1 Min: 0.1887134 Max: 0.1887134 
(-Infinity,0,005]:0
(0,005,0,01]:0
(0,01,0,025]:0
(0,025,0,05]:0
(0,05,0,075]:0
(0,075,0,1]:0
(0,1,0,25]:1
(0,25,0,5]:0
(0,5,0,75]:0
(0,75,1]:0
(1,2,5]:0
(2,5,5]:0
(5,7,5]:0
(7,5,10]:0
(10,+Infinity]:0
    http.response.status_code: 201
Instrumentation scope (ActivitySource):
    Name: Microsoft.AspNetCore
Resource associated with Activity:
    telemetry.sdk.name: opentelemetry
    telemetry.sdk.language: dotnet
    telemetry.sdk.version: 1.14.0
    service.name: unknown_service:testhost
Activity.TraceId:            914229d43efcca92dfc854e4436bd3e8
(2026-06-08T01:29:04.1531669Z, 2026-06-08T01:29:08.4845765Z] http.request.method: GET http.response.status_code: 403 http.route: api/customer/home network.protocol.version: 1.1 url.scheme: http
Value: Sum: 0.1794913 Count: 1 Min: 0.1794913 Max: 0.1794913 
(-Infinity,0,005]:0
(0,005,0,01]:0
(0,01,0,025]:0
(0,025,0,05]:0
(0,05,0,075]:0
(0,075,0,1]:0
(0,1,0,25]:1
(0,25,0,5]:0
(0,5,0,75]:0
(0,75,1]:0
(1,2,5]:0
(2,5,5]:0
(5,7,5]:0
(7,5,10]:0
(10,+Infinity]:0
Activity.SpanId:             a7e4c7978bb4b8a0
Activity.TraceFlags:         Recorded
Activity.DisplayName:        POST api/auth/register/seller
Activity.Kind:               Server
Activity.StartTime:          2026-06-08T01:29:08.2767488Z
Activity.Duration:           00:00:00.2045443
(2026-06-08T01:29:04.1531669Z, 2026-06-08T01:29:08.4845765Z] http.request.method: GET http.response.status_code: 400 http.route: api/address-lookup/cep/{cep} network.protocol.version: 1.1 url.scheme: http
Value: Sum: 0.214077 Count: 1 Min: 0.214077 Max: 0.214077 
(-Infinity,0,005]:0
(0,005,0,01]:0
(0,01,0,025]:0
(0,025,0,05]:0
(0,05,0,075]:0
(0,075,0,1]:0
(0,1,0,25]:1
(0,25,0,5]:0
(0,5,0,75]:0
(0,75,1]:0
(1,2,5]:0
(2,5,5]:0
(5,7,5]:0
(7,5,10]:0
(10,+Infinity]:0
Activity.Tags:
    server.address: localhost
    http.request.method: POST
    url.scheme: http
    url.path: /api/auth/register/seller
    network.protocol.version: 1.1
(2026-06-08T01:29:04.1531669Z, 2026-06-08T01:29:08.4845765Z] http.request.method: GET http.response.status_code: 403 http.route: api/admin/dashboard network.protocol.version: 1.1 url.scheme: http
Value: Sum: 0.0062894 Count: 1 Min: 0.0062894 Max: 0.0062894 
(-Infinity,0,005]:0
(0,005,0,01]:1
(0,01,0,025]:0
(0,025,0,05]:0
(0,05,0,075]:0
(0,075,0,1]:0
(0,1,0,25]:0
(0,25,0,5]:0
(0,5,0,75]:0
(0,75,1]:0
(1,2,5]:0
(2,5,5]:0
(5,7,5]:0
(7,5,10]:0
(10,+Infinity]:0
    http.route: api/auth/register/seller
    http.response.status_code: 201
Instrumentation scope (ActivitySource):
    Name: Microsoft.AspNetCore
Resource associated with Activity:
    telemetry.sdk.name: opentelemetry
    telemetry.sdk.language: dotnet
    telemetry.sdk.version: 1.14.0
(2026-06-08T01:29:04.1531669Z, 2026-06-08T01:29:08.4845765Z] http.request.method: GET http.response.status_code: 403 http.route: api/seller/panel network.protocol.version: 1.1 url.scheme: http
Value: Sum: 0.0081006 Count: 1 Min: 0.0081006 Max: 0.0081006 
(-Infinity,0,005]:0
(0,005,0,01]:1
(0,01,0,025]:0
(0,025,0,05]:0
(0,05,0,075]:0
(0,075,0,1]:0
(0,1,0,25]:0
(0,25,0,5]:0
(0,5,0,75]:0
(0,75,1]:0
(1,2,5]:0
(2,5,5]:0
(5,7,5]:0
(7,5,10]:0
(10,+Infinity]:0
    service.name: unknown_service:testhost
Activity.TraceId:            914229d43efcca92dfc854e4436bd3e8
Activity.SpanId:             a7e4c7978bb4b8a0
Activity.TraceFlags:         Recorded
Activity.DisplayName:        POST api/auth/register/seller
Activity.Kind:               Server
Activity.StartTime:          2026-06-08T01:29:08.2767488Z
(2026-06-08T01:29:04.1531669Z, 2026-06-08T01:29:08.4845765Z] http.request.method: GET http.response.status_code: 200 http.route: api/customer/home network.protocol.version: 1.1 url.scheme: http
Value: Sum: 0.0835938 Count: 1 Min: 0.0835938 Max: 0.0835938 
(-Infinity,0,005]:0
(0,005,0,01]:0
(0,01,0,025]:0
(0,025,0,05]:0
(0,05,0,075]:0
(0,075,0,1]:1
(0,1,0,25]:0
(0,25,0,5]:0
(0,5,0,75]:0
(0,75,1]:0
(1,2,5]:0
(2,5,5]:0
(5,7,5]:0
(7,5,10]:0
(10,+Infinity]:0
Activity.Duration:           00:00:00.2045443
Activity.Tags:
    server.address: localhost
    http.request.method: POST
    url.scheme: http
    url.path: /api/auth/register/seller
    network.protocol.version: 1.1
    http.route: api/auth/register/seller
    http.response.status_code: 201
(2026-06-08T01:29:04.1531669Z, 2026-06-08T01:29:08.4845765Z] http.request.method: GET http.response.status_code: 200 http.route: api/admin/dashboard network.protocol.version: 1.1 url.scheme: http
Value: Sum: 0.0702009 Count: 1 Min: 0.0702009 Max: 0.0702009 
(-Infinity,0,005]:0
(0,005,0,01]:0
(0,01,0,025]:0
(0,025,0,05]:0
(0,05,0,075]:1
(0,075,0,1]:0
(0,1,0,25]:0
(0,25,0,5]:0
(0,5,0,75]:0
(0,75,1]:0
(1,2,5]:0
(2,5,5]:0
(5,7,5]:0
(7,5,10]:0
(10,+Infinity]:0
Instrumentation scope (ActivitySource):
    Name: Microsoft.AspNetCore
Resource associated with Activity:
    telemetry.sdk.name: opentelemetry
    telemetry.sdk.language: dotnet
(2026-06-08T01:29:04.1531669Z, 2026-06-08T01:29:08.4845765Z] http.request.method: GET http.response.status_code: 200 http.route: api/seller/panel network.protocol.version: 1.1 url.scheme: http
Value: Sum: 0.0039645 Count: 1 Min: 0.0039645 Max: 0.0039645 
(-Infinity,0,005]:1
(0,005,0,01]:0
(0,01,0,025]:0
(0,025,0,05]:0
(0,05,0,075]:0
(0,075,0,1]:0
(0,1,0,25]:0
(0,25,0,5]:0
(0,5,0,75]:0
(0,75,1]:0
(1,2,5]:0
(2,5,5]:0
(5,7,5]:0
(7,5,10]:0
(10,+Infinity]:0
    telemetry.sdk.version: 1.14.0
    service.name: unknown_service:testhost
Activity.TraceId:            914229d43efcca92dfc854e4436bd3e8
[22:29:08 INF] Executing OkObjectResult, writing value of type 'System.Collections.Generic.List`1[[Urbeat.Application.DTOs.CustomerAddressResponseDto, Urbeat.Application, Version=1.0.0.0, Culture=neutral, PublicKeyToken=null]]'.
Activity.SpanId:             a7e4c7978bb4b8a0
(2026-06-08T01:29:04.1531669Z, 2026-06-08T01:29:08.4845765Z] http.request.method: GET http.response.status_code: 401 http.route: api/seller/panel network.protocol.version: 1.1 url.scheme: http
Value: Sum: 0.0475293 Count: 1 Min: 0.0475293 Max: 0.0475293 
(-Infinity,0,005]:0
(0,005,0,01]:0
(0,01,0,025]:0
(0,025,0,05]:1
(0,05,0,075]:0
(0,075,0,1]:0
(0,1,0,25]:0
(0,25,0,5]:0
(0,5,0,75]:0
(0,75,1]:0
(1,2,5]:0
(2,5,5]:0
(5,7,5]:0
(7,5,10]:0
(10,+Infinity]:0
Activity.TraceFlags:         Recorded
Activity.DisplayName:        POST api/auth/register/seller
[22:29:08 INF] Executing OkObjectResult, writing value of type 'Urbeat.Application.DTOs.SellerSubscriptionMyResponseDto'.
Activity.Kind:               Server
[22:29:08 INF] Executing action method Urbeat.WebApi.Controllers.SubscriptionsController.ListActivePlans (Urbeat.WebApi) - Validation state: Valid
Activity.StartTime:          2026-06-08T01:29:08.2767488Z
(2026-06-08T01:29:04.1531669Z, 2026-06-08T01:29:08.4845765Z] http.request.method: POST http.response.status_code: 200 http.route: api/auth/login/admin network.protocol.version: 1.1 url.scheme: http
Value: Sum: 0.8421472 Count: 3 Min: 0.1740748 Max: 0.4766453 
(-Infinity,0,005]:0
(0,005,0,01]:0
(0,01,0,025]:0
(0,025,0,05]:0
(0,05,0,075]:0
(0,075,0,1]:0
(0,1,0,25]:2
(0,25,0,5]:1
(0,5,0,75]:0
(0,75,1]:0
(1,2,5]:0
(2,5,5]:0
(5,7,5]:0
(7,5,10]:0
(10,+Infinity]:0
Activity.Duration:           00:00:00.2045443
Activity.Tags:
    server.address: localhost
    http.request.method: POST
    url.scheme: http
    url.path: /api/auth/register/seller
    network.protocol.version: 1.1
    http.route: api/auth/register/seller
    http.response.status_code: 201
Instrumentation scope (ActivitySource):
    Name: Microsoft.AspNetCore
(2026-06-08T01:29:04.1531669Z, 2026-06-08T01:29:08.4845765Z] http.request.method: POST http.response.status_code: 201 http.route: api/auth/register/seller network.protocol.version: 1.1 url.scheme: http
Value: Sum: 5.055327200000001 Count: 13 Min: 0.1421609 Max: 0.6480225 
(-Infinity,0,005]:0
(0,005,0,01]:0
(0,01,0,025]:0
(0,025,0,05]:0
(0,05,0,075]:0
(0,075,0,1]:0
(0,1,0,25]:5
(0,25,0,5]:1
(0,5,0,75]:7
(0,75,1]:0
(1,2,5]:0
(2,5,5]:0
(5,7,5]:0
(7,5,10]:0
(10,+Infinity]:0
Resource associated with Activity:
    telemetry.sdk.name: opentelemetry
    telemetry.sdk.language: dotnet
    telemetry.sdk.version: 1.14.0
    service.name: unknown_service:testhost
Activity.TraceId:            914229d43efcca92dfc854e4436bd3e8
Activity.SpanId:             a7e4c7978bb4b8a0
(2026-06-08T01:29:04.1531669Z, 2026-06-08T01:29:08.4845765Z] http.request.method: POST http.response.status_code: 201 http.route: api/auth/register/customer network.protocol.version: 1.1 url.scheme: http
Value: Sum: 1.1659737 Count: 4 Min: 0.1042389 Max: 0.6151793 
(-Infinity,0,005]:0
(0,005,0,01]:0
(0,01,0,025]:0
(0,025,0,05]:0
(0,05,0,075]:0
(0,075,0,1]:0
(0,1,0,25]:2
(0,25,0,5]:1
(0,5,0,75]:1
(0,75,1]:0
(1,2,5]:0
(2,5,5]:0
(5,7,5]:0
(7,5,10]:0
(10,+Infinity]:0
Activity.TraceFlags:         Recorded
Activity.DisplayName:        POST api/auth/register/seller
Activity.Kind:               Server
Activity.StartTime:          2026-06-08T01:29:08.2767488Z
Activity.Duration:           00:00:00.2045443
Activity.Tags:
    server.address: localhost
    http.request.method: POST
(2026-06-08T01:29:04.1531669Z, 2026-06-08T01:29:08.4845765Z] http.request.method: GET http.response.status_code: 401 http.route: api/admin/dashboard network.protocol.version: 1.1 url.scheme: http
Value: Sum: 0.0472334 Count: 1 Min: 0.0472334 Max: 0.0472334 
(-Infinity,0,005]:0
(0,005,0,01]:0
(0,01,0,025]:0
(0,025,0,05]:1
(0,05,0,075]:0
(0,075,0,1]:0
(0,1,0,25]:0
(0,25,0,5]:0
(0,5,0,75]:0
(0,75,1]:0
(1,2,5]:0
(2,5,5]:0
(5,7,5]:0
(7,5,10]:0
(10,+Infinity]:0
    url.scheme: http
    url.path: /api/auth/register/seller
    network.protocol.version: 1.1
    http.route: api/auth/register/seller
    http.response.status_code: 201
Instrumentation scope (ActivitySource):
(2026-06-08T01:29:04.1531669Z, 2026-06-08T01:29:08.4845765Z] http.request.method: GET http.response.status_code: 401 http.route: api/customer/home network.protocol.version: 1.1 url.scheme: http
Value: Sum: 0.0376968 Count: 1 Min: 0.0376968 Max: 0.0376968 
(-Infinity,0,005]:0
(0,005,0,01]:0
(0,01,0,025]:0
(0,025,0,05]:1
(0,05,0,075]:0
(0,075,0,1]:0
(0,1,0,25]:0
(0,25,0,5]:0
(0,5,0,75]:0
(0,75,1]:0
(1,2,5]:0
(2,5,5]:0
(5,7,5]:0
(7,5,10]:0
(10,+Infinity]:0
    Name: Microsoft.AspNetCore
Resource associated with Activity:
    telemetry.sdk.name: opentelemetry
    telemetry.sdk.language: dotnet
    telemetry.sdk.version: 1.14.0
    service.name: unknown_service:testhost
(2026-06-08T01:29:04.1531669Z, 2026-06-08T01:29:08.4845765Z] http.request.method: POST http.response.status_code: 201 http.route: api/admin/plans network.protocol.version: 1.1 url.scheme: http
Value: Sum: 0.4636601 Count: 3 Min: 0.0957026 Max: 0.2358555 
(-Infinity,0,005]:0
(0,005,0,01]:0
(0,01,0,025]:0
(0,025,0,05]:0
(0,05,0,075]:0
(0,075,0,1]:1
(0,1,0,25]:2
(0,25,0,5]:0
(0,5,0,75]:0
(0,75,1]:0
(1,2,5]:0
(2,5,5]:0
(5,7,5]:0
(7,5,10]:0
(10,+Infinity]:0
(2026-06-08T01:29:04.1531669Z, 2026-06-08T01:29:08.4845765Z] http.request.method: POST http.response.status_code: 200 http.route: api/auth/login/customer network.protocol.version: 1.1 url.scheme: http
Value: Sum: 0.2854274 Count: 1 Min: 0.2854274 Max: 0.2854274 
(-Infinity,0,005]:0
(0,005,0,01]:0
(0,01,0,025]:0
(0,025,0,05]:0
(0,05,0,075]:0
(0,075,0,1]:0
(0,1,0,25]:0
(0,25,0,5]:1
(0,5,0,75]:0
(0,75,1]:0
(1,2,5]:0
(2,5,5]:0
(5,7,5]:0
(7,5,10]:0
(10,+Infinity]:0
(2026-06-08T01:29:04.1531669Z, 2026-06-08T01:29:08.4845765Z] http.request.method: POST http.response.status_code: 200 http.route: api/auth/login/seller network.protocol.version: 1.1 url.scheme: http
Value: Sum: 1.7983540000000002 Count: 8 Min: 0.170067 Max: 0.2976963 
(-Infinity,0,005]:0
(0,005,0,01]:0
(0,01,0,025]:0
(0,025,0,05]:0
(0,05,0,075]:0
(0,075,0,1]:0
(0,1,0,25]:6
(0,25,0,5]:2
(0,5,0,75]:0
(0,75,1]:0
(1,2,5]:0
(2,5,5]:0
(5,7,5]:0
(7,5,10]:0
(10,+Infinity]:0
(2026-06-08T01:29:04.1531669Z, 2026-06-08T01:29:08.4845765Z] http.request.method: POST http.response.status_code: 400 http.route: api/auth/email/confirm/{code} network.protocol.version: 1.1 url.scheme: http
Value: Sum: 0.2705424 Count: 3 Min: 0.0280381 Max: 0.2124374 
(-Infinity,0,005]:0
(0,005,0,01]:0
(0,01,0,025]:0
(0,025,0,05]:2
(0,05,0,075]:0
(0,075,0,1]:0
(0,1,0,25]:1
(0,25,0,5]:0
(0,5,0,75]:0
(0,75,1]:0
(1,2,5]:0
(2,5,5]:0
(5,7,5]:0
(7,5,10]:0
(10,+Infinity]:0
(2026-06-08T01:29:04.1531669Z, 2026-06-08T01:29:08.4845765Z] http.request.method: POST http.response.status_code: 400 http.route: api/auth/email/resend-confirmation network.protocol.version: 1.1 url.scheme: http
Value: Sum: 0.2919295 Count: 2 Min: 0.0771669 Max: 0.2147626 
(-Infinity,0,005]:0
(0,005,0,01]:0
(0,01,0,025]:0
(0,025,0,05]:0
(0,05,0,075]:0
(0,075,0,1]:1
(0,1,0,25]:1
(0,25,0,5]:0
(0,5,0,75]:0
(0,75,1]:0
(1,2,5]:0
(2,5,5]:0
(5,7,5]:0
(7,5,10]:0
(10,+Infinity]:0
(2026-06-08T01:29:04.1531669Z, 2026-06-08T01:29:08.4845765Z] http.request.method: PUT http.response.status_code: 200 http.route: api/admin/plans/{planId} network.protocol.version: 1.1 url.scheme: http
Value: Sum: 0.0809147 Count: 1 Min: 0.0809147 Max: 0.0809147 
(-Infinity,0,005]:0
(0,005,0,01]:0
(0,01,0,025]:0
(0,025,0,05]:0
(0,05,0,075]:0
(0,075,0,1]:1
(0,1,0,25]:0
(0,25,0,5]:0
(0,5,0,75]:0
(0,75,1]:0
(1,2,5]:0
(2,5,5]:0
(5,7,5]:0
(7,5,10]:0
(10,+Infinity]:0
(2026-06-08T01:29:04.1531669Z, 2026-06-08T01:29:08.4845765Z] http.request.method: PATCH http.response.status_code: 200 http.route: api/admin/plans/{planId}/status network.protocol.version: 1.1 url.scheme: http
Value: Sum: 0.0077534 Count: 1 Min: 0.0077534 Max: 0.0077534 
(-Infinity,0,005]:0
(0,005,0,01]:1
(0,01,0,025]:0
(0,025,0,05]:0
(0,05,0,075]:0
(0,075,0,1]:0
(0,1,0,25]:0
(0,25,0,5]:0
(0,5,0,75]:0
(0,75,1]:0
(1,2,5]:0
(2,5,5]:0
(5,7,5]:0
(7,5,10]:0
(10,+Infinity]:0
(2026-06-08T01:29:04.1531669Z, 2026-06-08T01:29:08.4845765Z] http.request.method: GET http.response.status_code: 200 http.route: /health network.protocol.version: 1.1 url.scheme: http
Value: Sum: 0.0093709 Count: 1 Min: 0.0093709 Max: 0.0093709 
(-Infinity,0,005]:0
(0,005,0,01]:1
(0,01,0,025]:0
(0,025,0,05]:0
(0,05,0,075]:0
(0,075,0,1]:0
(0,1,0,25]:0
(0,25,0,5]:0
(0,5,0,75]:0
(0,75,1]:0
(1,2,5]:0
(2,5,5]:0
(5,7,5]:0
(7,5,10]:0
(10,+Infinity]:0
(2026-06-08T01:29:04.1531669Z, 2026-06-08T01:29:08.4845765Z] http.request.method: POST http.response.status_code: 400 http.route: api/stores network.protocol.version: 1.1 url.scheme: http
Value: Sum: 0.2476041 Count: 1 Min: 0.2476041 Max: 0.2476041 
(-Infinity,0,005]:0
(0,005,0,01]:0
(0,01,0,025]:0
(0,025,0,05]:0
(0,05,0,075]:0
(0,075,0,1]:0
(0,1,0,25]:1
(0,25,0,5]:0
(0,5,0,75]:0
(0,75,1]:0
(1,2,5]:0
(2,5,5]:0
(5,7,5]:0
(7,5,10]:0
(10,+Infinity]:0
(2026-06-08T01:29:04.1531669Z, 2026-06-08T01:29:08.4845765Z] http.request.method: GET http.response.status_code: 200 http.route: api/stores/cuisine-types network.protocol.version: 1.1 url.scheme: http
Value: Sum: 0.1734619 Count: 1 Min: 0.1734619 Max: 0.1734619 
(-Infinity,0,005]:0
(0,005,0,01]:0
(0,01,0,025]:0
(0,025,0,05]:0
(0,05,0,075]:0
(0,075,0,1]:0
(0,1,0,25]:1
(0,25,0,5]:0
(0,5,0,75]:0
(0,75,1]:0
(1,2,5]:0
(2,5,5]:0
(5,7,5]:0
(7,5,10]:0
(10,+Infinity]:0
(2026-06-08T01:29:04.1531669Z, 2026-06-08T01:29:08.4845765Z] http.request.method: POST http.response.status_code: 201 http.route: api/customer/addresses network.protocol.version: 1.1 url.scheme: http
Value: Sum: 0.4801264 Count: 3 Min: 0.0676852 Max: 0.3100963 
(-Infinity,0,005]:0
(0,005,0,01]:0
(0,01,0,025]:0
(0,025,0,05]:0
(0,05,0,075]:1
(0,075,0,1]:0
(0,1,0,25]:1
(0,25,0,5]:1
(0,5,0,75]:0
(0,75,1]:0
(1,2,5]:0
(2,5,5]:0
(5,7,5]:0
(7,5,10]:0
(10,+Infinity]:0
(2026-06-08T01:29:04.1531669Z, 2026-06-08T01:29:08.4845765Z] http.request.method: POST http.response.status_code: 415 http.route: api/auth/email/confirm network.protocol.version: 1.1 url.scheme: http
Value: Sum: 0.1054365 Count: 1 Min: 0.1054365 Max: 0.1054365 
(-Infinity,0,005]:0
(0,005,0,01]:0
(0,01,0,025]:0
(0,025,0,05]:0
(0,05,0,075]:0
(0,075,0,1]:0
(0,1,0,25]:1
(0,25,0,5]:0
(0,5,0,75]:0
(0,75,1]:0
(1,2,5]:0
(2,5,5]:0
(5,7,5]:0
(7,5,10]:0
(10,+Infinity]:0
[22:29:08 INF] Executed action Urbeat.WebApi.Controllers.CustomerAddressesController.List (Urbeat.WebApi) in 51.0538ms
(2026-06-08T01:29:04.1531669Z, 2026-06-08T01:29:08.4845765Z] http.request.method: POST http.response.status_code: 201 http.route: api/stores network.protocol.version: 1.1 url.scheme: http
Value: Sum: 2.1944134 Count: 6 Min: 0.1720239 Max: 0.4716885 
(-Infinity,0,005]:0
(0,005,0,01]:0
(0,01,0,025]:0
(0,025,0,05]:0
(0,05,0,075]:0
(0,075,0,1]:0
(0,1,0,25]:1
(0,25,0,5]:5
(0,5,0,75]:0
(0,75,1]:0
(1,2,5]:0
(2,5,5]:0
(5,7,5]:0
(7,5,10]:0
(10,+Infinity]:0
[22:29:08 INF] Request starting HTTP/1.1 POST http://localhost/api/auth/login/seller - application/json; charset=utf-8 null
(2026-06-08T01:29:04.1531669Z, 2026-06-08T01:29:08.4845765Z] http.request.method: GET http.response.status_code: 200 http.route: api/admin/plans network.protocol.version: 1.1 url.scheme: http
Value: Sum: 0.1440776 Count: 1 Min: 0.1440776 Max: 0.1440776 
(-Infinity,0,005]:0
(0,005,0,01]:0
(0,01,0,025]:0
(0,025,0,05]:0
(0,05,0,075]:0
(0,075,0,1]:0
(0,1,0,25]:1
(0,25,0,5]:0
(0,5,0,75]:0
(0,75,1]:0
(1,2,5]:0
(2,5,5]:0
(5,7,5]:0
(7,5,10]:0
(10,+Infinity]:0
(2026-06-08T01:29:04.1531669Z, 2026-06-08T01:29:08.4845765Z] http.request.method: POST http.response.status_code: 200 http.route: api/auth/email/resend-confirmation network.protocol.version: 1.1 url.scheme: http
Value: Sum: 0.2775514 Count: 3 Min: 0.0689539 Max: 0.1048669 
(-Infinity,0,005]:0
(0,005,0,01]:0
(0,01,0,025]:0
(0,025,0,05]:0
(0,05,0,075]:1
(0,075,0,1]:0
(0,1,0,25]:2
(0,25,0,5]:0
(0,5,0,75]:0
(0,75,1]:0
(1,2,5]:0
(2,5,5]:0
(5,7,5]:0
(7,5,10]:0
(10,+Infinity]:0
[22:29:08 INF] Executed action method Urbeat.WebApi.Controllers.AuthController.RegisterSeller (Urbeat.WebApi), returned result Microsoft.AspNetCore.Mvc.ObjectResult in 141.5209ms.
[22:29:08 INF] Saved 2 entities to in-memory store.
[22:29:08 INF] Saved 2 entities to in-memory store.
[22:29:08 INF] Executed action method Urbeat.WebApi.Controllers.SubscriptionsController.ListActivePlans (Urbeat.WebApi), returned result Microsoft.AspNetCore.Mvc.OkObjectResult in 7.4911ms.
[22:29:08 INF] Executed action Urbeat.WebApi.Controllers.SubscriptionsController.GetMySubscription (Urbeat.WebApi) in 59.8049ms
[22:29:08 INF] Saved 1 entities to in-memory store.
[22:29:08 INF] Saved 1 entities to in-memory store.
[22:29:08 INF] Executed endpoint 'Urbeat.WebApi.Controllers.CustomerAddressesController.List (Urbeat.WebApi)'
(2026-06-08T01:29:04.1531669Z, 2026-06-08T01:29:08.4845765Z] http.request.method: PATCH http.response.status_code: 200 http.route: api/stores/{storeId}/status network.protocol.version: 1.1 url.scheme: http
Value: Sum: 0.12360100000000002 Count: 2 Min: 0.0523969 Max: 0.0712041 
(-Infinity,0,005]:0
(0,005,0,01]:0
(0,01,0,025]:0
(0,025,0,05]:0
(0,05,0,075]:2
(0,075,0,1]:0
(0,1,0,25]:0
(0,25,0,5]:0
(0,5,0,75]:0
(0,75,1]:0
(1,2,5]:0
(2,5,5]:0
(5,7,5]:0
(7,5,10]:0
(10,+Infinity]:0
[22:29:08 INF] Executed endpoint 'Urbeat.WebApi.Controllers.SubscriptionsController.GetMySubscription (Urbeat.WebApi)'
(2026-06-08T01:29:04.1531669Z, 2026-06-08T01:29:08.4845765Z] http.request.method: PATCH http.response.status_code: 200 http.route: api/stores/{storeId}/delivery-config network.protocol.version: 1.1 url.scheme: http
Value: Sum: 0.4146544 Count: 3 Min: 0.1269638 Max: 0.144072 
(-Infinity,0,005]:0
(0,005,0,01]:0
(0,01,0,025]:0
(0,025,0,05]:0
(0,05,0,075]:0
(0,075,0,1]:0
(0,1,0,25]:3
(0,25,0,5]:0
(0,5,0,75]:0
(0,75,1]:0
(1,2,5]:0
(2,5,5]:0
(5,7,5]:0
(7,5,10]:0
(10,+Infinity]:0
(2026-06-08T01:29:04.1531669Z, 2026-06-08T01:29:08.4845765Z] http.request.method: DELETE http.response.status_code: 404 http.route: api/stores/{storeId}/categories/{categoryId} network.protocol.version: 1.1 url.scheme: http
Value: Sum: 0.1927955 Count: 1 Min: 0.1927955 Max: 0.1927955 
(-Infinity,0,005]:0
(0,005,0,01]:0
(0,01,0,025]:0
(0,025,0,05]:0
(0,05,0,075]:0
(0,075,0,1]:0
(0,1,0,25]:1
(0,25,0,5]:0
(0,5,0,75]:0
(0,75,1]:0
(1,2,5]:0
(2,5,5]:0
(5,7,5]:0
(7,5,10]:0
(10,+Infinity]:0
[22:29:08 INF] Executing OkObjectResult, writing value of type 'System.Collections.Generic.List`1[[Urbeat.Application.DTOs.PlanResponseDto, Urbeat.Application, Version=1.0.0.0, Culture=neutral, PublicKeyToken=null]]'.
(2026-06-08T01:29:04.1531669Z, 2026-06-08T01:29:08.4845765Z] http.request.method: GET http.response.status_code: 200 http.route: api/stores/my-store network.protocol.version: 1.1 url.scheme: http
Value: Sum: 0.341303 Count: 2 Min: 0.1379043 Max: 0.2033987 
(-Infinity,0,005]:0
(0,005,0,01]:0
(0,01,0,025]:0
(0,025,0,05]:0
(0,05,0,075]:0
(0,075,0,1]:0
(0,1,0,25]:2
(0,25,0,5]:0
(0,5,0,75]:0
(0,75,1]:0
(1,2,5]:0
(2,5,5]:0
(5,7,5]:0
(7,5,10]:0
(10,+Infinity]:0
[22:29:08 INF] Executing ObjectResult, writing value of type '<>f__AnonymousType2`3[[System.Nullable`1[[System.Guid, System.Private.CoreLib, Version=9.0.0.0, Culture=neutral, PublicKeyToken=7cec85d7bea7798e]], System.Private.CoreLib, Version=9.0.0.0, Culture=neutral, PublicKeyToken=7cec85d7bea7798e],[System.Boolean, System.Private.CoreLib, Version=9.0.0.0, Culture=neutral, PublicKeyToken=7cec85d7bea7798e],[System.String, System.Private.CoreLib, Version=9.0.0.0, Culture=neutral, PublicKeyToken=7cec85d7bea7798e]]'.
(2026-06-08T01:29:04.1531669Z, 2026-06-08T01:29:08.4845765Z] http.request.method: POST http.response.status_code: 204 http.route: api/admin/subscriptions/status network.protocol.version: 1.1 url.scheme: http
Value: Sum: 0.1895287 Count: 1 Min: 0.1895287 Max: 0.1895287 
(-Infinity,0,005]:0
(0,005,0,01]:0
(0,01,0,025]:0
(0,025,0,05]:0
(0,05,0,075]:0
(0,075,0,1]:0
(0,1,0,25]:1
(0,25,0,5]:0
(0,5,0,75]:0
(0,75,1]:0
(1,2,5]:0
(2,5,5]:0
(5,7,5]:0
(7,5,10]:0
(10,+Infinity]:0
[22:29:08 INF] HTTP GET /api/subscriptions/my responded 200 in 192.5915 ms
[22:29:08 INF] Saved 1 entities to in-memory store.
(2026-06-08T01:29:04.1531669Z, 2026-06-08T01:29:08.4845765Z] http.request.method: POST http.response.status_code: 409 http.route: api/customer/addresses network.protocol.version: 1.1 url.scheme: http
Value: Sum: 0.0664064 Count: 1 Min: 0.0664064 Max: 0.0664064 
(-Infinity,0,005]:0
(0,005,0,01]:0
(0,01,0,025]:0
(0,025,0,05]:0
(0,05,0,075]:1
(0,075,0,1]:0
(0,1,0,25]:0
(0,25,0,5]:0
(0,5,0,75]:0
(0,75,1]:0
(1,2,5]:0
(2,5,5]:0
(5,7,5]:0
(7,5,10]:0
(10,+Infinity]:0
Metric Name: dotnet.gc.collections, Description: The number of garbage collections that have occurred since the process has started., Unit: {collection}, Metric Type: LongSum
Instrumentation scope (Meter):
	Name: System.Runtime
(2026-06-08T01:29:04.1549411Z, 2026-06-08T01:29:08.4845786Z] gc.heap.generation: gen2
Value: 5
(2026-06-08T01:29:04.1549411Z, 2026-06-08T01:29:08.4845786Z] gc.heap.generation: gen1
Value: 9
(2026-06-08T01:29:04.1549411Z, 2026-06-08T01:29:08.4845786Z] gc.heap.generation: gen0
Value: 27
[22:29:08 INF] HTTP GET /api/customer/addresses responded 200 in 192.2461 ms
Metric Name: dotnet.process.memory.working_set, Description: The number of bytes of physical memory mapped to the process context., Unit: By, Metric Type: LongSumNonMonotonic
[22:29:08 INF] Saved 1 entities to in-memory store.
Instrumentation scope (Meter):
	Name: System.Runtime
[22:29:08 INF] CustomerRegistered | Registration succeeded | UserId=019ea4d9-0c4e-7a3d-91b0-c7b0ebca8b50 | Email=payments.customer.4236d2e4c2ea46bea29337d416c5c12c@urbeat.local | Role=Customer
(2026-06-08T01:29:04.1552344Z, 2026-06-08T01:29:08.4845790Z]  
Value: 274870272
Metric Name: dotnet.gc.heap.total_allocated, Description: The approximate number of bytes allocated on the managed GC heap since the process has started. The returned value does not include any native allocations., Unit: By, Metric Type: LongSum
Instrumentation scope (Meter):
	Name: System.Runtime
(2026-06-08T01:29:04.1552699Z, 2026-06-08T01:29:08.4845793Z]  
Value: 298619144
Metric Name: dotnet.gc.last_collection.memory.committed_size, Description: The amount of committed virtual memory in use by the .NET GC, as observed during the latest garbage collection., Unit: By, Metric Type: LongSumNonMonotonic
Instrumentation scope (Meter):
	Name: System.Runtime
(2026-06-08T01:29:04.1552934Z, 2026-06-08T01:29:08.4845798Z]  
Value: 131399680
Metric Name: dotnet.gc.last_collection.heap.size, Description: The managed GC heap size (including fragmentation), as observed during the latest garbage collection., Unit: By, Metric Type: LongSumNonMonotonic
Instrumentation scope (Meter):
	Name: System.Runtime
(2026-06-08T01:29:04.1553139Z, 2026-06-08T01:29:08.4845803Z] gc.heap.generation: gen0
Value: 1686256
(2026-06-08T01:29:04.1553139Z, 2026-06-08T01:29:08.4845803Z] gc.heap.generation: gen1
Value: 8207464
(2026-06-08T01:29:04.1553139Z, 2026-06-08T01:29:08.4845803Z] gc.heap.generation: gen2
Value: 46094064
[22:29:08 INF] SellerRegistered | Registration succeeded | UserId=019ea4d9-0c4f-792d-97c8-7c7e04fcbbfd | Email=pending.f6b1511c0de8431e9120864437ee735c@urbeat.test | Role=Seller
(2026-06-08T01:29:04.1553139Z, 2026-06-08T01:29:08.4845803Z] gc.heap.generation: loh
Value: 70416920
[22:29:08 INF] Executed action Urbeat.WebApi.Controllers.SubscriptionsController.ListActivePlans (Urbeat.WebApi) in 53.2554ms
(2026-06-08T01:29:04.1553139Z, 2026-06-08T01:29:08.4845803Z] gc.heap.generation: poh
Value: 123736
Metric Name: dotnet.gc.last_collection.heap.fragmentation.size, Description: The heap fragmentation, as observed during the latest garbage collection., Unit: By, Metric Type: LongSumNonMonotonic
Instrumentation scope (Meter):
	Name: System.Runtime
(2026-06-08T01:29:04.1645959Z, 2026-06-08T01:29:08.4845808Z] gc.heap.generation: gen0
Value: 1686128
(2026-06-08T01:29:04.1645959Z, 2026-06-08T01:29:08.4845808Z] gc.heap.generation: gen1
Value: 1663840
(2026-06-08T01:29:04.1645959Z, 2026-06-08T01:29:08.4845808Z] gc.heap.generation: gen2
Value: 1531040
(2026-06-08T01:29:04.1645959Z, 2026-06-08T01:29:08.4845808Z] gc.heap.generation: loh
Value: 15744
(2026-06-08T01:29:04.1645959Z, 2026-06-08T01:29:08.4845808Z] gc.heap.generation: poh
Value: 0
Metric Name: dotnet.gc.pause.time, Description: The total amount of time paused in GC since the process has started., Unit: s, Metric Type: DoubleSum
Instrumentation scope (Meter):
	Name: System.Runtime
[22:29:08 INF] Request finished HTTP/1.1 GET http://localhost/api/customer/addresses - 200 null application/json; charset=utf-8 192.6895ms
(2026-06-08T01:29:04.1646153Z, 2026-06-08T01:29:08.4845811Z]  
Value: 0.354281
[22:29:08 INF] Executed endpoint 'Urbeat.WebApi.Controllers.SubscriptionsController.ListActivePlans (Urbeat.WebApi)'
Metric Name: dotnet.jit.compiled_il.size, Description: Count of bytes of intermediate language that have been compiled since the process has started., Unit: By, Metric Type: LongSum
Instrumentation scope (Meter):
	Name: System.Runtime
[22:29:08 INF] Request finished HTTP/1.1 GET http://localhost/api/subscriptions/my - 200 null application/json; charset=utf-8 193.226ms
(2026-06-08T01:29:04.1646605Z, 2026-06-08T01:29:08.4845814Z]  
Value: 1792517
Metric Name: dotnet.jit.compiled_methods, Description: The number of times the JIT compiler (re)compiled methods since the process has started., Unit: {method}, Metric Type: LongSum
Instrumentation scope (Meter):
	Name: System.Runtime
(2026-06-08T01:29:04.1646797Z, 2026-06-08T01:29:08.4845818Z]  
Value: 28569
Metric Name: dotnet.jit.compilation.time, Description: The number of times the JIT compiler (re)compiled methods since the process has started., Unit: s, Metric Type: DoubleSum
Instrumentation scope (Meter):
	Name: System.Runtime
(2026-06-08T01:29:04.1646940Z, 2026-06-08T01:29:08.4845820Z]  
Value: 4.5201436
Metric Name: dotnet.monitor.lock_contentions, Description: The number of times there was contention when trying to acquire a monitor lock since the process has started., Unit: {contention}, Metric Type: LongSum
Instrumentation scope (Meter):
	Name: System.Runtime
(2026-06-08T01:29:04.1647056Z, 2026-06-08T01:29:08.4845824Z]  
Value: 2072
Metric Name: dotnet.thread_pool.thread.count, Description: The number of thread pool threads that currently exist., Unit: {thread}, Metric Type: LongSum
Instrumentation scope (Meter):
	Name: System.Runtime
(2026-06-08T01:29:04.1647269Z, 2026-06-08T01:29:08.4845827Z]  
Value: 17
[22:29:08 INF] HTTP GET /api/subscriptions/plans responded 200 in 101.6367 ms
Metric Name: dotnet.thread_pool.work_item.count, Description: The number of work items that the thread pool has completed since the process has started., Unit: {work_item}, Metric Type: LongSum
Instrumentation scope (Meter):
	Name: System.Runtime
(2026-06-08T01:29:04.1647362Z, 2026-06-08T01:29:08.4845829Z]  
Value: 722
Metric Name: dotnet.thread_pool.queue.length, Description: The number of work items that are currently queued to be processed by the thread pool., Unit: {work_item}, Metric Type: LongSum
Instrumentation scope (Meter):
	Name: System.Runtime
(2026-06-08T01:29:04.1647460Z, 2026-06-08T01:29:08.4845834Z]  
Value: 4
Metric Name: dotnet.timer.count, Description: The number of timer instances that are currently active. An active timer is registered to tick at some point in the future and has not yet been canceled., Unit: {timer}, Metric Type: LongSumNonMonotonic
Instrumentation scope (Meter):
	Name: System.Runtime
(2026-06-08T01:29:04.1873211Z, 2026-06-08T01:29:08.4845836Z]  
Value: 34
Metric Name: dotnet.assembly.count, Description: The number of .NET assemblies that are currently loaded., Unit: {assembly}, Metric Type: LongSumNonMonotonic
Instrumentation scope (Meter):
	Name: System.Runtime
(2026-06-08T01:29:04.1874001Z, 2026-06-08T01:29:08.4845839Z]  
Value: 264
Metric Name: dotnet.exceptions, Description: The number of exceptions that have been thrown in managed code., Unit: {exception}, Metric Type: LongSum
Instrumentation scope (Meter):
	Name: System.Runtime
(2026-06-08T01:29:04.1875657Z, 2026-06-08T01:29:08.4845846Z] error.type: SocketException
Value: 9
(2026-06-08T01:29:04.1875657Z, 2026-06-08T01:29:08.4845846Z] error.type: NullReferenceException
Value: 4
(2026-06-08T01:29:04.1875657Z, 2026-06-08T01:29:08.4845846Z] error.type: OperationCanceledException
Value: 21
(2026-06-08T01:29:04.1875657Z, 2026-06-08T01:29:08.4845846Z] error.type: InvalidOperationException
Value: 2
(2026-06-08T01:29:04.1875657Z, 2026-06-08T01:29:08.4845846Z] error.type: FileNotFoundException
Value: 1
(2026-06-08T01:29:04.1875657Z, 2026-06-08T01:29:08.4845846Z] error.type: XunitException
Value: 28
(2026-06-08T01:29:04.1875657Z, 2026-06-08T01:29:08.4845846Z] error.type: NpgsqlException
Value: 12
Metric Name: dotnet.process.cpu.count, Description: The number of processors available to the process., Unit: {cpu}, Metric Type: LongSumNonMonotonic
Instrumentation scope (Meter):
	Name: System.Runtime
(2026-06-08T01:29:04.1875840Z, 2026-06-08T01:29:08.4845849Z]  
Value: 12
Metric Name: dotnet.process.cpu.time, Description: CPU time used by the process., Unit: s, Metric Type: DoubleSum
Instrumentation scope (Meter):
	Name: System.Runtime
(2026-06-08T01:29:04.1877207Z, 2026-06-08T01:29:08.4845853Z] cpu.mode: user
Value: 11.1875
[22:29:08 INF] EMAIL_CONFIRM_JOB_STARTED | Sending confirmation email | UserId=019ea4d9-0c4f-792d-97c8-7c7e04fcbbfd
(2026-06-08T01:29:04.1877207Z, 2026-06-08T01:29:08.4845853Z] cpu.mode: system
Value: 2.234375
Metric Name: dns.lookup.duration, Description: Measures the time taken to perform a DNS lookup., Unit: s, Metric Type: Histogram
Instrumentation scope (Meter):
	Name: System.Net.NameResolution
[22:29:08 INF] Request finished HTTP/1.1 GET http://localhost/api/subscriptions/plans - 200 null application/json; charset=utf-8 102.1946ms
(2026-06-08T01:29:04.2011569Z, 2026-06-08T01:29:08.4845864Z] dns.question.name: localhost
Value: Sum: 0.005686400000000001 Count: 4 Min: 0.000572 Max: 0.003488 
(-Infinity,0,005]:4
(0,005,0,01]:0
(0,01,0,025]:0
(0,025,0,05]:0
(0,05,0,075]:0
(0,075,0,1]:0
(0,1,0,25]:0
(0,25,0,5]:0
(0,5,0,75]:0
(0,75,1]:0
(1,2,5]:0
(2,5,5]:0
(5,7,5]:0
(7,5,10]:0
(10,+Infinity]:0
Metric Name: aspnetcore.routing.match_attempts, Description: Number of requests that were attempted to be matched to an endpoint., Unit: {match_attempt}, Metric Type: LongSum
Instrumentation scope (Meter):
	Name: Microsoft.AspNetCore.Routing
(2026-06-08T01:29:05.8089419Z, 2026-06-08T01:29:08.4845879Z] aspnetcore.routing.is_fallback: false aspnetcore.routing.match_status: success http.route: api/auth/login/admin
Value: 3
(2026-06-08T01:29:05.8089419Z, 2026-06-08T01:29:08.4845879Z] aspnetcore.routing.is_fallback: false aspnetcore.routing.match_status: success http.route: api/auth/register/customer
Value: 6
(2026-06-08T01:29:05.8089419Z, 2026-06-08T01:29:08.4845879Z] aspnetcore.routing.is_fallback: false aspnetcore.routing.match_status: success http.route: api/auth/register/seller
Value: 15
(2026-06-08T01:29:05.8089419Z, 2026-06-08T01:29:08.4845879Z] aspnetcore.routing.is_fallback: false aspnetcore.routing.match_status: success http.route: api/customer/home
Value: 3
(2026-06-08T01:29:05.8089419Z, 2026-06-08T01:29:08.4845879Z] aspnetcore.routing.is_fallback: false aspnetcore.routing.match_status: success http.route: api/stores/{storeId}/categories
Value: 1
(2026-06-08T01:29:05.8089419Z, 2026-06-08T01:29:08.4845879Z] aspnetcore.routing.is_fallback: false aspnetcore.routing.match_status: success http.route: api/address-lookup/cep/{cep}
Value: 1
(2026-06-08T01:29:05.8089419Z, 2026-06-08T01:29:08.4845879Z] aspnetcore.routing.is_fallback: false aspnetcore.routing.match_status: success http.route: api/admin/dashboard
Value: 3
(2026-06-08T01:29:05.8089419Z, 2026-06-08T01:29:08.4845879Z] aspnetcore.routing.is_fallback: false aspnetcore.routing.match_status: success http.route: api/seller/panel
Value: 3
(2026-06-08T01:29:05.8089419Z, 2026-06-08T01:29:08.4845879Z] aspnetcore.routing.is_fallback: false aspnetcore.routing.match_status: success http.route: api/admin/plans
Value: 4
(2026-06-08T01:29:05.8089419Z, 2026-06-08T01:29:08.4845879Z] aspnetcore.routing.is_fallback: false aspnetcore.routing.match_status: success http.route: api/auth/login/customer
Value: 1
(2026-06-08T01:29:05.8089419Z, 2026-06-08T01:29:08.4845879Z] aspnetcore.routing.is_fallback: false aspnetcore.routing.match_status: success http.route: api/auth/login/seller
Value: 9
(2026-06-08T01:29:05.8089419Z, 2026-06-08T01:29:08.4845879Z] aspnetcore.routing.is_fallback: false aspnetcore.routing.match_status: success http.route: api/auth/email/resend-confirmation
Value: 5
(2026-06-08T01:29:05.8089419Z, 2026-06-08T01:29:08.4845879Z] aspnetcore.routing.is_fallback: false aspnetcore.routing.match_status: success http.route: api/auth/email/confirm/{code}
Value: 3
(2026-06-08T01:29:05.8089419Z, 2026-06-08T01:29:08.4845879Z] aspnetcore.routing.is_fallback: false aspnetcore.routing.match_status: success http.route: api/stores
Value: 7
(2026-06-08T01:29:05.8089419Z, 2026-06-08T01:29:08.4845879Z] aspnetcore.routing.is_fallback: false aspnetcore.routing.match_status: success http.route: api/customer/addresses
Value: 5
(2026-06-08T01:29:05.8089419Z, 2026-06-08T01:29:08.4845879Z] aspnetcore.routing.is_fallback: false aspnetcore.routing.match_status: success http.route: api/stores/cuisine-types
Value: 1
Activity.TraceId:            7d902735e6b59a3d863669c76b43a189
(2026-06-08T01:29:05.8089419Z, 2026-06-08T01:29:08.4845879Z] aspnetcore.routing.is_fallback: false aspnetcore.routing.match_status: success http.route: api/admin/plans/{planId}
Value: 1
Activity.SpanId:             32770a8d86afced6
(2026-06-08T01:29:05.8089419Z, 2026-06-08T01:29:08.4845879Z] aspnetcore.routing.is_fallback: false aspnetcore.routing.match_status: success http.route: api/admin/plans/{planId}/status
Value: 1
Activity.TraceFlags:         Recorded
Activity.DisplayName:        GET api/subscriptions/my
[22:29:08 INF] Executing endpoint 'Urbeat.WebApi.Controllers.AuthController.LoginSeller (Urbeat.WebApi)'
(2026-06-08T01:29:05.8089419Z, 2026-06-08T01:29:08.4845879Z] aspnetcore.routing.is_fallback: false aspnetcore.routing.match_status: success http.route: api/auth/email/confirm
Value: 1
Activity.Kind:               Server
(2026-06-08T01:29:05.8089419Z, 2026-06-08T01:29:08.4845879Z] aspnetcore.routing.is_fallback: false aspnetcore.routing.match_status: success http.route: api/stores/{storeId}/status
Value: 2
[22:29:08 INF] Executed action method Urbeat.WebApi.Controllers.AuthController.RegisterCustomer (Urbeat.WebApi), returned result Microsoft.AspNetCore.Mvc.ObjectResult in 175.0852ms.
(2026-06-08T01:29:05.8089419Z, 2026-06-08T01:29:08.4845879Z] aspnetcore.routing.is_fallback: false aspnetcore.routing.match_status: success http.route: api/stores/{storeId}/delivery-config
Value: 3
Activity.StartTime:          2026-06-08T01:29:08.3914506Z
(2026-06-08T01:29:05.8089419Z, 2026-06-08T01:29:08.4845879Z] aspnetcore.routing.is_fallback: false aspnetcore.routing.match_status: success http.route: api/stores/{storeId}/categories/{categoryId}
Value: 1
Activity.Duration:           00:00:00.1934813
(2026-06-08T01:29:05.8089419Z, 2026-06-08T01:29:08.4845879Z] aspnetcore.routing.is_fallback: false aspnetcore.routing.match_status: success http.route: api/stores/my-store
Value: 2
Activity.Tags:
(2026-06-08T01:29:05.8089419Z, 2026-06-08T01:29:08.4845879Z] aspnetcore.routing.is_fallback: false aspnetcore.routing.match_status: success http.route: api/admin/subscriptions/status
Value: 1
(2026-06-08T01:29:05.8089419Z, 2026-06-08T01:29:08.4845879Z] aspnetcore.routing.is_fallback: false aspnetcore.routing.match_status: success http.route: api/subscriptions/my
Value: 1
[22:29:08 INF] Route matched with {action = "LoginSeller", controller = "Auth"}. Executing controller action with signature System.Threading.Tasks.Task`1[Microsoft.AspNetCore.Mvc.IActionResult] LoginSeller(Urbeat.Application.DTOs.LoginRequestDto, System.Threading.CancellationToken) on controller Urbeat.WebApi.Controllers.AuthController (Urbeat.WebApi).
    server.address: localhost
(2026-06-08T01:29:05.8089419Z, 2026-06-08T01:29:08.4845879Z] aspnetcore.routing.is_fallback: false aspnetcore.routing.match_status: success http.route: api/subscriptions/contract
Value: 1
    http.request.method: GET
(2026-06-08T01:29:05.8089419Z, 2026-06-08T01:29:08.4845879Z] aspnetcore.routing.is_fallback: false aspnetcore.routing.match_status: success http.route: api/subscriptions/plans
Value: 1
[22:29:08 INF] Executed action Urbeat.WebApi.Controllers.AuthController.RegisterSeller (Urbeat.WebApi) in 248.5621ms
    url.scheme: http
[22:29:08 INF] Saved 2 entities to in-memory store.
    url.path: /api/subscriptions/my
    network.protocol.version: 1.1
Metric Name: aspnetcore.routing.match_attempts, Description: Number of requests that were attempted to be matched to an endpoint., Unit: {match_attempt}, Metric Type: LongSum
    http.route: api/subscriptions/my
Instrumentation scope (Meter):
[22:29:08 INF] Saved 2 entities to in-memory store.
    http.response.status_code: 200
	Name: Microsoft.AspNetCore.Routing
Instrumentation scope (ActivitySource):
[22:29:08 INF] Saved 1 entities to in-memory store.
(2026-06-08T01:29:07.4204918Z, 2026-06-08T01:29:08.4845917Z] aspnetcore.routing.is_fallback: false aspnetcore.routing.match_status: success http.route: /health
Value: 1
    Name: Microsoft.AspNetCore
Metric Name: http.server.active_requests, Description: Number of active HTTP server requests., Unit: {request}, Metric Type: LongSumNonMonotonic
Resource associated with Activity:
[22:29:08 INF] Saved 1 entities to in-memory store.
    telemetry.sdk.name: opentelemetry
    telemetry.sdk.language: dotnet
    telemetry.sdk.version: 1.14.0
Instrumentation scope (Meter):
    service.name: unknown_service:testhost
	Name: Microsoft.AspNetCore.Hosting
[22:29:08 INF] Executed endpoint 'Urbeat.WebApi.Controllers.AuthController.RegisterSeller (Urbeat.WebApi)'
Activity.TraceId:            7d902735e6b59a3d863669c76b43a189
(2026-06-08T01:29:07.9117243Z, 2026-06-08T01:29:08.4845981Z] http.request.method: POST url.scheme: http
Value: 1
Activity.SpanId:             32770a8d86afced6
[22:29:08 INF] Saved 4 entities to in-memory store.
Metric Name: aspnetcore.routing.match_attempts, Description: Number of requests that were attempted to be matched to an endpoint., Unit: {match_attempt}, Metric Type: LongSum
Activity.TraceFlags:         Recorded
Instrumentation scope (Meter):
Activity.DisplayName:        GET api/subscriptions/my
	Name: Microsoft.AspNetCore.Routing
Activity.Kind:               Server
[22:29:08 INF] EMAIL_CONFIRM_JOB_COMPLETED | Job completed | UserId=019ea4d9-0c4f-792d-97c8-7c7e04fcbbfd
Activity.TraceId:            094fe93fea4bcc4feaeca77f79224f09
(2026-06-08T01:29:07.9809654Z, 2026-06-08T01:29:08.4845993Z] aspnetcore.routing.is_fallback: false aspnetcore.routing.match_status: success http.route: api/auth/register/seller
Value: 1
Activity.StartTime:          2026-06-08T01:29:08.3914506Z
Activity.SpanId:             864f10f075080a47
Activity.Duration:           00:00:00.1934813
Activity.TraceFlags:         Recorded
Activity.Tags:
Activity.DisplayName:        GET api/customer/addresses
    server.address: localhost
Activity.Kind:               Server
    http.request.method: GET
    url.scheme: http
Activity.StartTime:          2026-06-08T01:29:08.3919571Z
    url.path: /api/subscriptions/my
Activity.Duration:           00:00:00.1929792
    network.protocol.version: 1.1
Activity.Tags:
    http.route: api/subscriptions/my
    server.address: localhost
    http.response.status_code: 200
    http.request.method: GET
    url.scheme: http
Instrumentation scope (ActivitySource):
    url.path: /api/customer/addresses
    Name: Microsoft.AspNetCore
    network.protocol.version: 1.1
Resource associated with Activity:
    http.route: api/customer/addresses
    telemetry.sdk.name: opentelemetry
    telemetry.sdk.language: dotnet
    http.response.status_code: 200
[22:29:08 INF] Executed action method Urbeat.WebApi.Controllers.AuthController.RegisterSeller (Urbeat.WebApi), returned result Microsoft.AspNetCore.Mvc.ObjectResult in 192.4504ms.
    telemetry.sdk.version: 1.14.0
Instrumentation scope (ActivitySource):
    service.name: unknown_service:testhost
    Name: Microsoft.AspNetCore
Resource associated with Activity:
    telemetry.sdk.name: opentelemetry
Activity.TraceId:            7d902735e6b59a3d863669c76b43a189
    telemetry.sdk.language: dotnet
Activity.SpanId:             32770a8d86afced6
    telemetry.sdk.version: 1.14.0
Activity.TraceFlags:         Recorded
    service.name: unknown_service:testhost
Activity.DisplayName:        GET api/subscriptions/my
Activity.Kind:               Server
Activity.StartTime:          2026-06-08T01:29:08.3914506Z
Activity.Duration:           00:00:00.1934813
Activity.TraceId:            094fe93fea4bcc4feaeca77f79224f09
Activity.Tags:
Activity.SpanId:             864f10f075080a47
    server.address: localhost
Activity.TraceFlags:         Recorded
    http.request.method: GET
Activity.DisplayName:        GET api/customer/addresses
    url.scheme: http
Activity.Kind:               Server
    url.path: /api/subscriptions/my
    network.protocol.version: 1.1
    http.route: api/subscriptions/my
Activity.StartTime:          2026-06-08T01:29:08.3919571Z
    http.response.status_code: 200
[22:29:08 INF] Saved 1 entities to in-memory store.
Instrumentation scope (ActivitySource):
[22:29:08 INF] Saved 1 entities to in-memory store.
    Name: Microsoft.AspNetCore
Resource associated with Activity:
    telemetry.sdk.name: opentelemetry
Activity.Duration:           00:00:00.1929792
    telemetry.sdk.language: dotnet
Activity.Tags:
    telemetry.sdk.version: 1.14.0
    server.address: localhost
    service.name: unknown_service:testhost
    http.request.method: GET
    url.scheme: http
Activity.TraceId:            7d902735e6b59a3d863669c76b43a189
[22:29:08 INF] Executing ObjectResult, writing value of type '<>f__AnonymousType2`3[[System.Nullable`1[[System.Guid, System.Private.CoreLib, Version=9.0.0.0, Culture=neutral, PublicKeyToken=7cec85d7bea7798e]], System.Private.CoreLib, Version=9.0.0.0, Culture=neutral, PublicKeyToken=7cec85d7bea7798e],[System.Boolean, System.Private.CoreLib, Version=9.0.0.0, Culture=neutral, PublicKeyToken=7cec85d7bea7798e],[System.String, System.Private.CoreLib, Version=9.0.0.0, Culture=neutral, PublicKeyToken=7cec85d7bea7798e]]'.
Activity.SpanId:             32770a8d86afced6
[22:29:08 INF] SellerRegistered | Registration succeeded | UserId=019ea4d9-0c81-77df-a147-c2eb1e530d21 | Email=store.management.cc9a8066dbb04cd696965033ec576784@urbeat.local | Role=Seller
Activity.TraceFlags:         Recorded
[22:29:08 INF] CustomerRegistered | Registration succeeded | UserId=019ea4d9-0c81-7bed-9784-6fe62bcd7777 | Email=checkout.customer.b96d03149e41432bba501d1266ed54a3@urbeat.local | Role=Customer
Activity.DisplayName:        GET api/subscriptions/my
[22:29:08 INF] USER_LOGGED_IN | Login succeeded | UserId=019ea4d9-0bc5-7982-9415-1424a9ca7f6d | Email=categories.flow.527fd9984a5b4ffd98377a6347336e1c@urbeat.local | Role=Seller | IP=null
Activity.Kind:               Server
Activity.StartTime:          2026-06-08T01:29:08.3914506Z
Activity.Duration:           00:00:00.1934813
Activity.Tags:
[22:29:08 INF] Executing ObjectResult, writing value of type '<>f__AnonymousType2`3[[System.Nullable`1[[System.Guid, System.Private.CoreLib, Version=9.0.0.0, Culture=neutral, PublicKeyToken=7cec85d7bea7798e]], System.Private.CoreLib, Version=9.0.0.0, Culture=neutral, PublicKeyToken=7cec85d7bea7798e],[System.Boolean, System.Private.CoreLib, Version=9.0.0.0, Culture=neutral, PublicKeyToken=7cec85d7bea7798e],[System.String, System.Private.CoreLib, Version=9.0.0.0, Culture=neutral, PublicKeyToken=7cec85d7bea7798e]]'.
    server.address: localhost
    http.request.method: GET
    url.scheme: http
    url.path: /api/subscriptions/my
    network.protocol.version: 1.1
    http.route: api/subscriptions/my
    http.response.status_code: 200
Instrumentation scope (ActivitySource):
    Name: Microsoft.AspNetCore
Resource associated with Activity:
    telemetry.sdk.name: opentelemetry
    telemetry.sdk.language: dotnet
    telemetry.sdk.version: 1.14.0
    service.name: unknown_service:testhost
Activity.TraceId:            7d902735e6b59a3d863669c76b43a189
Activity.SpanId:             32770a8d86afced6
Activity.TraceFlags:         Recorded
Activity.DisplayName:        GET api/subscriptions/my
Activity.Kind:               Server
Activity.StartTime:          2026-06-08T01:29:08.3914506Z
Activity.Duration:           00:00:00.1934813
Activity.Tags:
    server.address: localhost
    http.request.method: GET
    url.scheme: http
    url.path: /api/subscriptions/my
    network.protocol.version: 1.1
    http.route: api/subscriptions/my
    http.response.status_code: 200
Instrumentation scope (ActivitySource):
    Name: Microsoft.AspNetCore
Resource associated with Activity:
    telemetry.sdk.name: opentelemetry
    telemetry.sdk.language: dotnet
    telemetry.sdk.version: 1.14.0
    service.name: unknown_service:testhost
Activity.TraceId:            7d902735e6b59a3d863669c76b43a189
Activity.SpanId:             32770a8d86afced6
Activity.TraceFlags:         Recorded
Activity.DisplayName:        GET api/subscriptions/my
Activity.Kind:               Server
Activity.StartTime:          2026-06-08T01:29:08.3914506Z
Activity.Duration:           00:00:00.1934813
Activity.Tags:
    server.address: localhost
    http.request.method: GET
    url.scheme: http
    url.path: /api/subscriptions/my
Activity.TraceId:            5091a7a262d254bf90be7e687735d3fe
    network.protocol.version: 1.1
Activity.SpanId:             6bf870419f10fc82
    url.path: /api/customer/addresses
[22:29:08 INF] Executed action Urbeat.WebApi.Controllers.AuthController.RegisterSeller (Urbeat.WebApi) in 193.2948ms
    network.protocol.version: 1.1
    http.route: api/customer/addresses
    http.response.status_code: 200
Instrumentation scope (ActivitySource):
[22:29:08 INF] Saved 1 entities to in-memory store.
    Name: Microsoft.AspNetCore
    http.route: api/subscriptions/my
[22:29:08 INF] Executing action method Urbeat.WebApi.Controllers.AuthController.LoginSeller (Urbeat.WebApi) - Validation state: Valid
    http.response.status_code: 200
Resource associated with Activity:
Instrumentation scope (ActivitySource):
    telemetry.sdk.name: opentelemetry
    Name: Microsoft.AspNetCore
    telemetry.sdk.language: dotnet
Resource associated with Activity:
    telemetry.sdk.version: 1.14.0
    telemetry.sdk.name: opentelemetry
[22:29:08 INF] Executed action Urbeat.WebApi.Controllers.AuthController.RegisterCustomer (Urbeat.WebApi) in 233.481ms
Activity.TraceFlags:         Recorded
    service.name: unknown_service:testhost
Activity.DisplayName:        GET api/subscriptions/plans
[22:29:08 INF] Executed endpoint 'Urbeat.WebApi.Controllers.AuthController.RegisterSeller (Urbeat.WebApi)'
Activity.Kind:               Server
Activity.StartTime:          2026-06-08T01:29:08.4826739Z
Activity.Duration:           00:00:00.1220878
    telemetry.sdk.language: dotnet
Activity.TraceId:            094fe93fea4bcc4feaeca77f79224f09
    telemetry.sdk.version: 1.14.0
Activity.Tags:
Activity.SpanId:             864f10f075080a47
    service.name: unknown_service:testhost
Activity.TraceFlags:         Recorded
Activity.DisplayName:        GET api/customer/addresses
    server.address: localhost
Activity.Kind:               Server
    http.request.method: GET
Activity.TraceId:            7d902735e6b59a3d863669c76b43a189
    url.scheme: http
Activity.SpanId:             32770a8d86afced6
[22:29:08 INF] Executed endpoint 'Urbeat.WebApi.Controllers.AuthController.RegisterCustomer (Urbeat.WebApi)'
Activity.StartTime:          2026-06-08T01:29:08.3919571Z
Activity.TraceFlags:         Recorded
Activity.Duration:           00:00:00.1929792
[22:29:08 INF] Executed action method Urbeat.WebApi.Controllers.AuthController.LoginSeller (Urbeat.WebApi), returned result Microsoft.AspNetCore.Mvc.OkObjectResult in 93.2753ms.
    url.path: /api/subscriptions/plans
Activity.DisplayName:        GET api/subscriptions/my
    network.protocol.version: 1.1
Activity.Tags:
Activity.Kind:               Server
    server.address: localhost
    http.route: api/subscriptions/plans
Activity.StartTime:          2026-06-08T01:29:08.3914506Z
    http.request.method: GET
Activity.Duration:           00:00:00.1934813
    url.scheme: http
Activity.Tags:
    url.path: /api/customer/addresses
    server.address: localhost
    http.response.status_code: 200
    http.request.method: GET
Instrumentation scope (ActivitySource):
    url.scheme: http
    network.protocol.version: 1.1
    Name: Microsoft.AspNetCore
    url.path: /api/subscriptions/my
Resource associated with Activity:
    network.protocol.version: 1.1
    http.route: api/customer/addresses
    http.route: api/subscriptions/my
    telemetry.sdk.name: opentelemetry
    http.response.status_code: 200
    http.response.status_code: 200
Instrumentation scope (ActivitySource):
Instrumentation scope (ActivitySource):
    telemetry.sdk.language: dotnet
    Name: Microsoft.AspNetCore
    Name: Microsoft.AspNetCore
    telemetry.sdk.version: 1.14.0
Resource associated with Activity:
    service.name: unknown_service:testhost
[22:29:08 INF] HTTP POST /api/auth/register/customer responded 201 in 299.3500 ms
    telemetry.sdk.name: opentelemetry
Resource associated with Activity:
    telemetry.sdk.language: dotnet
Activity.TraceId:            5091a7a262d254bf90be7e687735d3fe
    telemetry.sdk.version: 1.14.0
    telemetry.sdk.name: opentelemetry
    service.name: unknown_service:testhost
Activity.SpanId:             6bf870419f10fc82
    telemetry.sdk.language: dotnet
    telemetry.sdk.version: 1.14.0
Activity.TraceId:            094fe93fea4bcc4feaeca77f79224f09
Activity.TraceFlags:         Recorded
Activity.SpanId:             864f10f075080a47
    service.name: unknown_service:testhost
Activity.TraceFlags:         Recorded
[22:29:08 INF] Executing OkObjectResult, writing value of type 'Urbeat.Application.DTOs.AuthTokenResponseDto'.
Activity.DisplayName:        GET api/customer/addresses
Activity.TraceId:            7d902735e6b59a3d863669c76b43a189
Activity.SpanId:             32770a8d86afced6
Activity.TraceFlags:         Recorded
Activity.Kind:               Server
Activity.DisplayName:        GET api/subscriptions/plans
Activity.StartTime:          2026-06-08T01:29:08.3919571Z
Activity.DisplayName:        GET api/subscriptions/my
Activity.Duration:           00:00:00.1929792
Activity.Kind:               Server
Activity.Kind:               Server
Activity.StartTime:          2026-06-08T01:29:08.3914506Z
Activity.Tags:
Activity.Duration:           00:00:00.1934813
Activity.StartTime:          2026-06-08T01:29:08.4826739Z
    server.address: localhost
Activity.Tags:
    http.request.method: GET
Activity.Duration:           00:00:00.1220878
    server.address: localhost
Activity.Tags:
    url.scheme: http
    http.request.method: GET
    server.address: localhost
    url.scheme: http
    url.path: /api/customer/addresses
    http.request.method: GET
    url.path: /api/subscriptions/my
    url.scheme: http
    network.protocol.version: 1.1
    url.path: /api/subscriptions/plans
    network.protocol.version: 1.1
    http.route: api/customer/addresses
    http.route: api/subscriptions/my
    http.response.status_code: 200
[22:29:08 INF] Executed action Urbeat.WebApi.Controllers.AuthController.LoginSeller (Urbeat.WebApi) in 141.4451ms
Instrumentation scope (ActivitySource):
    http.response.status_code: 200
    network.protocol.version: 1.1
    Name: Microsoft.AspNetCore
Instrumentation scope (ActivitySource):
Resource associated with Activity:
    Name: Microsoft.AspNetCore
    telemetry.sdk.name: opentelemetry
    http.route: api/subscriptions/plans
Resource associated with Activity:
    telemetry.sdk.language: dotnet
    telemetry.sdk.name: opentelemetry
    http.response.status_code: 200
    telemetry.sdk.language: dotnet
Instrumentation scope (ActivitySource):
    telemetry.sdk.version: 1.14.0
    Name: Microsoft.AspNetCore
    telemetry.sdk.version: 1.14.0
    service.name: unknown_service:testhost
    service.name: unknown_service:testhost
Resource associated with Activity:
Activity.TraceId:            7d902735e6b59a3d863669c76b43a189
    telemetry.sdk.name: opentelemetry
Activity.TraceId:            094fe93fea4bcc4feaeca77f79224f09
    telemetry.sdk.language: dotnet
Activity.SpanId:             32770a8d86afced6
    telemetry.sdk.version: 1.14.0
Activity.SpanId:             864f10f075080a47
Activity.TraceFlags:         Recorded
Activity.TraceFlags:         Recorded
Activity.DisplayName:        GET api/subscriptions/my
Activity.DisplayName:        GET api/customer/addresses
    service.name: unknown_service:testhost
Activity.Kind:               Server
Activity.Kind:               Server
Activity.StartTime:          2026-06-08T01:29:08.3914506Z
Activity.StartTime:          2026-06-08T01:29:08.3919571Z
Activity.Duration:           00:00:00.1934813
Activity.TraceId:            5091a7a262d254bf90be7e687735d3fe
Activity.Tags:
Activity.SpanId:             6bf870419f10fc82
Activity.Duration:           00:00:00.1929792
    server.address: localhost
Activity.TraceFlags:         Recorded
Activity.Tags:
    http.request.method: GET
Activity.DisplayName:        GET api/subscriptions/plans
    server.address: localhost
Activity.Kind:               Server
    url.scheme: http
    http.request.method: GET
    url.path: /api/subscriptions/my
Activity.StartTime:          2026-06-08T01:29:08.4826739Z
    network.protocol.version: 1.1
    url.scheme: http
Activity.Duration:           00:00:00.1220878
    url.path: /api/customer/addresses
Activity.Tags:
    http.route: api/subscriptions/my
    network.protocol.version: 1.1
    http.response.status_code: 200
    server.address: localhost
Instrumentation scope (ActivitySource):
    http.request.method: GET
    http.route: api/customer/addresses
    Name: Microsoft.AspNetCore
    http.response.status_code: 200
    url.scheme: http
Resource associated with Activity:
Instrumentation scope (ActivitySource):
    url.path: /api/subscriptions/plans
    Name: Microsoft.AspNetCore
    telemetry.sdk.name: opentelemetry
    network.protocol.version: 1.1
Resource associated with Activity:
    http.route: api/subscriptions/plans
    telemetry.sdk.name: opentelemetry
    http.response.status_code: 200
    telemetry.sdk.language: dotnet
    telemetry.sdk.language: dotnet
Instrumentation scope (ActivitySource):
    telemetry.sdk.version: 1.14.0
    telemetry.sdk.version: 1.14.0
    Name: Microsoft.AspNetCore
    service.name: unknown_service:testhost
    service.name: unknown_service:testhost
Resource associated with Activity:
Activity.TraceId:            7d902735e6b59a3d863669c76b43a189
    telemetry.sdk.name: opentelemetry
Activity.SpanId:             32770a8d86afced6
    telemetry.sdk.language: dotnet
Activity.TraceId:            094fe93fea4bcc4feaeca77f79224f09
Activity.TraceFlags:         Recorded
    telemetry.sdk.version: 1.14.0
    service.name: unknown_service:testhost
Activity.SpanId:             864f10f075080a47
Activity.DisplayName:        GET api/subscriptions/my
Activity.TraceId:            5091a7a262d254bf90be7e687735d3fe
Activity.TraceFlags:         Recorded
Activity.Kind:               Server
Activity.DisplayName:        GET api/customer/addresses
Activity.SpanId:             6bf870419f10fc82
Activity.Kind:               Server
Activity.StartTime:          2026-06-08T01:29:08.3914506Z
Activity.TraceFlags:         Recorded
Activity.Duration:           00:00:00.1934813
Activity.DisplayName:        GET api/subscriptions/plans
Activity.Tags:
Activity.StartTime:          2026-06-08T01:29:08.3919571Z
Activity.Kind:               Server
Activity.Duration:           00:00:00.1929792
    server.address: localhost
Activity.StartTime:          2026-06-08T01:29:08.4826739Z
Activity.Tags:
    http.request.method: GET
Activity.Duration:           00:00:00.1220878
    server.address: localhost
    url.scheme: http
    http.request.method: GET
Activity.Tags:
    url.path: /api/subscriptions/my
    server.address: localhost
    network.protocol.version: 1.1
    url.scheme: http
    http.route: api/subscriptions/my
    http.request.method: GET
    url.path: /api/customer/addresses
    http.response.status_code: 200
    url.scheme: http
    network.protocol.version: 1.1
Instrumentation scope (ActivitySource):
    Name: Microsoft.AspNetCore
    http.route: api/customer/addresses
    url.path: /api/subscriptions/plans
Resource associated with Activity:
    http.response.status_code: 200
    network.protocol.version: 1.1
Instrumentation scope (ActivitySource):
    Name: Microsoft.AspNetCore
Resource associated with Activity:
    http.route: api/subscriptions/plans
    telemetry.sdk.name: opentelemetry
    telemetry.sdk.name: opentelemetry
    http.response.status_code: 200
    telemetry.sdk.language: dotnet
Instrumentation scope (ActivitySource):
    telemetry.sdk.version: 1.14.0
    Name: Microsoft.AspNetCore
Resource associated with Activity:
    service.name: unknown_service:testhost
    telemetry.sdk.name: opentelemetry
    telemetry.sdk.language: dotnet
Activity.TraceId:            7d902735e6b59a3d863669c76b43a189
Activity.SpanId:             32770a8d86afced6
Activity.TraceFlags:         Recorded
    telemetry.sdk.version: 1.14.0
[22:29:08 INF] Executed endpoint 'Urbeat.WebApi.Controllers.AuthController.LoginSeller (Urbeat.WebApi)'
    service.name: unknown_service:testhost
Activity.DisplayName:        GET api/subscriptions/my
Activity.Kind:               Server
[22:29:08 INF] HTTP POST /api/auth/register/seller responded 201 in 329.3340 ms
Activity.StartTime:          2026-06-08T01:29:08.3914506Z
[22:29:08 INF] Executed action method Urbeat.WebApi.Controllers.AuthController.RegisterCustomer (Urbeat.WebApi), returned result Microsoft.AspNetCore.Mvc.ObjectResult in 143.6979ms.
    telemetry.sdk.language: dotnet
[22:29:08 INF] Request finished HTTP/1.1 POST http://localhost/api/auth/register/customer - 201 null application/json; charset=utf-8 300.5711ms
    telemetry.sdk.version: 1.14.0
    service.name: unknown_service:testhost
Activity.TraceId:            094fe93fea4bcc4feaeca77f79224f09
Activity.Duration:           00:00:00.1934813
Activity.SpanId:             864f10f075080a47
Activity.Tags:
[22:29:08 INF] Executed action method Urbeat.WebApi.Controllers.SubscriptionsController.Contract (Urbeat.WebApi), returned result Microsoft.AspNetCore.Mvc.ObjectResult in 93.5727ms.
Activity.TraceFlags:         Recorded
    server.address: localhost
Activity.DisplayName:        GET api/customer/addresses
    http.request.method: GET
Activity.Kind:               Server
    url.scheme: http
    url.path: /api/subscriptions/my
    network.protocol.version: 1.1
    http.route: api/subscriptions/my
Activity.StartTime:          2026-06-08T01:29:08.3919571Z
    http.response.status_code: 200
[22:29:08 INF] Executed action method Urbeat.WebApi.Controllers.AuthController.RegisterSeller (Urbeat.WebApi), returned result Microsoft.AspNetCore.Mvc.ObjectResult in 143.441ms.
Instrumentation scope (ActivitySource):
Activity.Duration:           00:00:00.1929792
    Name: Microsoft.AspNetCore
Activity.Tags:
Resource associated with Activity:
    server.address: localhost
    telemetry.sdk.name: opentelemetry
    http.request.method: GET
    telemetry.sdk.language: dotnet
    url.scheme: http
    telemetry.sdk.version: 1.14.0
    url.path: /api/customer/addresses
    service.name: unknown_service:testhost
    network.protocol.version: 1.1
    http.route: api/customer/addresses
[22:29:08 INF] HTTP POST /api/auth/register/seller responded 201 in 194.2260 ms
    http.response.status_code: 200
Instrumentation scope (ActivitySource):
    Name: Microsoft.AspNetCore
Resource associated with Activity:
Activity.TraceId:            5091a7a262d254bf90be7e687735d3fe
    telemetry.sdk.name: opentelemetry
[22:29:08 INF] Request finished HTTP/1.1 POST http://localhost/api/auth/login/seller - 200 null application/json; charset=utf-8 143.2882ms
Activity.SpanId:             6bf870419f10fc82
    telemetry.sdk.language: dotnet
Activity.TraceFlags:         Recorded
    telemetry.sdk.version: 1.14.0
Activity.DisplayName:        GET api/subscriptions/plans
    service.name: unknown_service:testhost
Activity.TraceId:            54fb6be1bed652b47abbd446ace471e6
Activity.SpanId:             0e77c5eaa079554e
Activity.Kind:               Server
Activity.TraceFlags:         Recorded
Activity.TraceId:            094fe93fea4bcc4feaeca77f79224f09
Activity.DisplayName:        POST api/auth/register/customer
Activity.Kind:               Server
[22:29:08 INF] Executing ObjectResult, writing value of type '<>f__AnonymousType2`3[[System.Nullable`1[[System.Guid, System.Private.CoreLib, Version=9.0.0.0, Culture=neutral, PublicKeyToken=7cec85d7bea7798e]], System.Private.CoreLib, Version=9.0.0.0, Culture=neutral, PublicKeyToken=7cec85d7bea7798e],[System.Boolean, System.Private.CoreLib, Version=9.0.0.0, Culture=neutral, PublicKeyToken=7cec85d7bea7798e],[System.String, System.Private.CoreLib, Version=9.0.0.0, Culture=neutral, PublicKeyToken=7cec85d7bea7798e]]'.
Activity.SpanId:             864f10f075080a47
Activity.StartTime:          2026-06-08T01:29:08.3242076Z
Activity.TraceFlags:         Recorded
Activity.StartTime:          2026-06-08T01:29:08.4826739Z
Activity.Duration:           00:00:00.3010405
[22:29:08 INF] Request finished HTTP/1.1 POST http://localhost/api/auth/register/seller - 201 null application/json; charset=utf-8 362.994ms
Activity.Tags:
Activity.Duration:           00:00:00.1220878
    server.address: localhost
Activity.Tags:
[22:29:08 INF] Executing ObjectResult, writing value of type '<>f__AnonymousType2`3[[System.Nullable`1[[System.Guid, System.Private.CoreLib, Version=9.0.0.0, Culture=neutral, PublicKeyToken=7cec85d7bea7798e]], System.Private.CoreLib, Version=9.0.0.0, Culture=neutral, PublicKeyToken=7cec85d7bea7798e],[System.Boolean, System.Private.CoreLib, Version=9.0.0.0, Culture=neutral, PublicKeyToken=7cec85d7bea7798e],[System.String, System.Private.CoreLib, Version=9.0.0.0, Culture=neutral, PublicKeyToken=7cec85d7bea7798e]]'.
    server.address: localhost
    http.request.method: GET
[22:29:08 INF] Executing ObjectResult, writing value of type 'Urbeat.Application.DTOs.ContractSellerSubscriptionResponseDto'.
    http.request.method: POST
    url.scheme: http
    url.scheme: http
    url.path: /api/subscriptions/plans
[22:29:08 INF] Saved 1 entities to in-memory store.
    url.path: /api/auth/register/customer
    network.protocol.version: 1.1
    network.protocol.version: 1.1
    http.route: api/subscriptions/plans
    http.route: api/auth/register/customer
    http.response.status_code: 200
    http.response.status_code: 201
Activity.DisplayName:        GET api/customer/addresses
Instrumentation scope (ActivitySource):
Activity.Kind:               Server
    Name: Microsoft.AspNetCore
Instrumentation scope (ActivitySource):
Resource associated with Activity:
    Name: Microsoft.AspNetCore
Activity.StartTime:          2026-06-08T01:29:08.3919571Z
Resource associated with Activity:
    telemetry.sdk.name: opentelemetry
    telemetry.sdk.name: opentelemetry
Activity.Duration:           00:00:00.1929792
    telemetry.sdk.language: dotnet
    telemetry.sdk.language: dotnet
Activity.Tags:
    telemetry.sdk.version: 1.14.0
    server.address: localhost
    service.name: unknown_service:testhost
    telemetry.sdk.version: 1.14.0
    http.request.method: GET
    service.name: unknown_service:testhost
    url.scheme: http
    url.path: /api/customer/addresses
    network.protocol.version: 1.1
Activity.TraceId:            5091a7a262d254bf90be7e687735d3fe
    http.route: api/customer/addresses
Activity.TraceId:            54fb6be1bed652b47abbd446ace471e6
    http.response.status_code: 200
Activity.SpanId:             0e77c5eaa079554e
Activity.SpanId:             6bf870419f10fc82
Activity.TraceFlags:         Recorded
Activity.TraceFlags:         Recorded
Activity.DisplayName:        POST api/auth/register/customer
Instrumentation scope (ActivitySource):
Activity.Kind:               Server
Activity.DisplayName:        GET api/subscriptions/plans
    Name: Microsoft.AspNetCore
Activity.Kind:               Server
Resource associated with Activity:
Activity.StartTime:          2026-06-08T01:29:08.3242076Z
    telemetry.sdk.name: opentelemetry
Activity.StartTime:          2026-06-08T01:29:08.4826739Z
Activity.Duration:           00:00:00.3010405
Activity.Duration:           00:00:00.1220878
Activity.Tags:
Activity.Tags:
    server.address: localhost
    telemetry.sdk.language: dotnet
    server.address: localhost
    http.request.method: POST
    telemetry.sdk.version: 1.14.0
    url.scheme: http
    service.name: unknown_service:testhost
    url.path: /api/auth/register/customer
    network.protocol.version: 1.1
    http.request.method: GET
    http.route: api/auth/register/customer
    url.scheme: http
    url.path: /api/subscriptions/plans
Activity.TraceId:            7c0c4807ea8d08b454641b3288086938
    network.protocol.version: 1.1
Activity.SpanId:             dc25f9bf40282670
    http.route: api/subscriptions/plans
Activity.TraceFlags:         Recorded
    http.response.status_code: 200
Activity.DisplayName:        POST api/auth/login/seller
Instrumentation scope (ActivitySource):
Activity.TraceId:            f284966b5be37bb7a0b6e454d9522d95
Activity.SpanId:             11ca9e633239eaf8
    Name: Microsoft.AspNetCore
Activity.TraceFlags:         Recorded
Activity.DisplayName:        POST api/auth/register/seller
    http.response.status_code: 201
Activity.TraceId:            094fe93fea4bcc4feaeca77f79224f09
Instrumentation scope (ActivitySource):
Activity.SpanId:             864f10f075080a47
    Name: Microsoft.AspNetCore
Activity.TraceFlags:         Recorded
Resource associated with Activity:
Activity.DisplayName:        GET api/customer/addresses
    telemetry.sdk.name: opentelemetry
Activity.Kind:               Server
    telemetry.sdk.language: dotnet
Activity.Kind:               Server
    telemetry.sdk.version: 1.14.0
Activity.StartTime:          2026-06-08T01:29:08.4819648Z
    service.name: unknown_service:testhost
Activity.StartTime:          2026-06-08T01:29:08.3919571Z
Activity.Duration:           00:00:00.1771812
Activity.TraceId:            54fb6be1bed652b47abbd446ace471e6
Activity.Tags:
Activity.SpanId:             0e77c5eaa079554e
    server.address: localhost
Activity.TraceFlags:         Recorded
    http.request.method: POST
Activity.DisplayName:        POST api/auth/register/customer
    url.scheme: http
Activity.Kind:               Server
Resource associated with Activity:
    url.path: /api/auth/login/seller
    telemetry.sdk.name: opentelemetry
Activity.StartTime:          2026-06-08T01:29:08.3242076Z
    telemetry.sdk.language: dotnet
[22:29:08 INF] Request finished HTTP/1.1 POST http://localhost/api/auth/register/seller - 201 null application/json; charset=utf-8 228.695ms
    network.protocol.version: 1.1
    telemetry.sdk.version: 1.14.0
    http.route: api/auth/login/seller
    service.name: unknown_service:testhost
    http.response.status_code: 200
Instrumentation scope (ActivitySource):
    Name: Microsoft.AspNetCore
Resource associated with Activity:
Activity.Kind:               Server
[22:29:08 INF] Executed action Urbeat.WebApi.Controllers.AuthController.RegisterCustomer (Urbeat.WebApi) in 229.8516ms
Activity.Duration:           00:00:00.1929792
[22:29:08 INF] Executed action Urbeat.WebApi.Controllers.AuthController.RegisterSeller (Urbeat.WebApi) in 228.7438ms
Activity.Tags:
    server.address: localhost
    http.request.method: GET
    url.scheme: http
    url.path: /api/customer/addresses
    network.protocol.version: 1.1
    http.route: api/customer/addresses
    http.response.status_code: 200
Instrumentation scope (ActivitySource):
    Name: Microsoft.AspNetCore
Resource associated with Activity:
    telemetry.sdk.name: opentelemetry
[22:29:08 INF] Executed endpoint 'Urbeat.WebApi.Controllers.AuthController.RegisterCustomer (Urbeat.WebApi)'
    telemetry.sdk.language: dotnet
    telemetry.sdk.version: 1.14.0
    service.name: unknown_service:testhost
Activity.TraceId:            094fe93fea4bcc4feaeca77f79224f09
    telemetry.sdk.name: opentelemetry
Activity.SpanId:             864f10f075080a47
[22:29:08 INF] Executed endpoint 'Urbeat.WebApi.Controllers.AuthController.RegisterSeller (Urbeat.WebApi)'
Activity.TraceFlags:         Recorded
    telemetry.sdk.language: dotnet
Activity.DisplayName:        GET api/customer/addresses
    telemetry.sdk.version: 1.14.0
Activity.Kind:               Server
    service.name: unknown_service:testhost
Activity.StartTime:          2026-06-08T01:29:08.3919571Z
Activity.StartTime:          2026-06-08T01:29:08.2623193Z
Activity.TraceId:            7c0c4807ea8d08b454641b3288086938
Activity.Duration:           00:00:00.1929792
Activity.SpanId:             dc25f9bf40282670
Activity.Tags:
Activity.Duration:           00:00:00.3970102
Activity.TraceFlags:         Recorded
    server.address: localhost
Activity.Tags:
Activity.DisplayName:        POST api/auth/login/seller
    http.request.method: GET
Activity.Kind:               Server
    server.address: localhost
    url.scheme: http
    http.request.method: POST
    url.path: /api/customer/addresses
    url.scheme: http
Activity.StartTime:          2026-06-08T01:29:08.4819648Z
    url.path: /api/auth/register/seller
Activity.Duration:           00:00:00.1771812
    network.protocol.version: 1.1
Activity.Tags:
    http.route: api/auth/register/seller
    server.address: localhost
    http.response.status_code: 201
    http.request.method: POST
Instrumentation scope (ActivitySource):
    url.scheme: http
    Name: Microsoft.AspNetCore
    url.path: /api/auth/login/seller
Resource associated with Activity:
    network.protocol.version: 1.1
    http.route: api/auth/login/seller
Activity.Duration:           00:00:00.3010405
    http.response.status_code: 200
Activity.Tags:
Instrumentation scope (ActivitySource):
    Name: Microsoft.AspNetCore
    server.address: localhost
Resource associated with Activity:
    http.request.method: POST
    telemetry.sdk.name: opentelemetry
    url.scheme: http
    telemetry.sdk.language: dotnet
    url.path: /api/auth/register/customer
    telemetry.sdk.version: 1.14.0
    network.protocol.version: 1.1
    network.protocol.version: 1.1
    http.route: api/customer/addresses
    http.response.status_code: 200
    telemetry.sdk.name: opentelemetry
Instrumentation scope (ActivitySource):
    telemetry.sdk.language: dotnet
    Name: Microsoft.AspNetCore
    telemetry.sdk.version: 1.14.0
    http.route: api/auth/register/customer
    service.name: unknown_service:testhost
Resource associated with Activity:
[22:29:08 INF] Request finished HTTP/1.1 POST http://localhost/api/auth/register/customer - 201 null application/json; charset=utf-8 269.1814ms
    http.response.status_code: 201
Instrumentation scope (ActivitySource):
    Name: Microsoft.AspNetCore
Activity.TraceId:            38a3132ad6141a7a3bf6870b8189cec5
Resource associated with Activity:
Activity.SpanId:             fe29b32398fb055f
    service.name: unknown_service:testhost
Activity.TraceFlags:         Recorded
Activity.DisplayName:        POST api/auth/register/seller
Activity.Kind:               Server
Activity.TraceId:            5091a7a262d254bf90be7e687735d3fe
Activity.TraceId:            f284966b5be37bb7a0b6e454d9522d95
    telemetry.sdk.name: opentelemetry
Activity.SpanId:             11ca9e633239eaf8
Activity.SpanId:             6bf870419f10fc82
    telemetry.sdk.language: dotnet
    telemetry.sdk.version: 1.14.0
    telemetry.sdk.name: opentelemetry
    telemetry.sdk.language: dotnet
    telemetry.sdk.version: 1.14.0
Activity.StartTime:          2026-06-08T01:29:08.4305211Z
    service.name: unknown_service:testhost
Activity.Duration:           00:00:00.2291529
Activity.Tags:
Activity.TraceFlags:         Recorded
    server.address: localhost
Activity.TraceId:            54fb6be1bed652b47abbd446ace471e6
Activity.TraceId:            7c0c4807ea8d08b454641b3288086938
    http.request.method: POST
Activity.SpanId:             0e77c5eaa079554e
    url.scheme: http
Activity.SpanId:             dc25f9bf40282670
Activity.TraceFlags:         Recorded
Activity.TraceFlags:         Recorded
Activity.DisplayName:        POST api/auth/register/customer
Activity.DisplayName:        POST api/auth/login/seller
Activity.Kind:               Server
Activity.Kind:               Server
    url.path: /api/auth/register/seller
Activity.StartTime:          2026-06-08T01:29:08.4819648Z
Activity.Duration:           00:00:00.1771812
    service.name: unknown_service:testhost
Activity.Tags:
    server.address: localhost
Activity.DisplayName:        POST api/auth/register/seller
    http.request.method: POST
Activity.TraceId:            094fe93fea4bcc4feaeca77f79224f09
Activity.Kind:               Server
    url.scheme: http
Activity.SpanId:             864f10f075080a47
    url.path: /api/auth/login/seller
Activity.TraceFlags:         Recorded
Activity.StartTime:          2026-06-08T01:29:08.2623193Z
Activity.DisplayName:        GET api/customer/addresses
Activity.Duration:           00:00:00.3970102
Activity.Kind:               Server
Activity.Tags:
    network.protocol.version: 1.1
    server.address: localhost
Activity.StartTime:          2026-06-08T01:29:08.3919571Z
    http.request.method: POST
Activity.StartTime:          2026-06-08T01:29:08.3242076Z
    url.scheme: http
Activity.Duration:           00:00:00.1929792
    url.path: /api/auth/register/seller
Activity.Duration:           00:00:00.3010405
    network.protocol.version: 1.1
Activity.Tags:
    http.route: api/auth/register/seller
    server.address: localhost
    http.request.method: POST
    network.protocol.version: 1.1
    http.response.status_code: 201
    http.route: api/auth/register/seller
    http.response.status_code: 201
Activity.TraceFlags:         Recorded
Instrumentation scope (ActivitySource):
Activity.DisplayName:        GET api/subscriptions/plans
Instrumentation scope (ActivitySource):
    Name: Microsoft.AspNetCore
    Name: Microsoft.AspNetCore
Resource associated with Activity:
Resource associated with Activity:
Activity.Kind:               Server
    telemetry.sdk.name: opentelemetry
    telemetry.sdk.name: opentelemetry
    telemetry.sdk.language: dotnet
Activity.StartTime:          2026-06-08T01:29:08.4826739Z
    telemetry.sdk.version: 1.14.0
Activity.Duration:           00:00:00.1220878
    telemetry.sdk.language: dotnet
    service.name: unknown_service:testhost
Activity.Tags:
    server.address: localhost
    telemetry.sdk.version: 1.14.0
    http.request.method: GET
    service.name: unknown_service:testhost
    url.scheme: http
Activity.TraceId:            f284966b5be37bb7a0b6e454d9522d95
Activity.SpanId:             11ca9e633239eaf8
    url.path: /api/subscriptions/plans
Activity.TraceFlags:         Recorded
Activity.DisplayName:        POST api/auth/register/seller
    network.protocol.version: 1.1
Activity.TraceId:            38a3132ad6141a7a3bf6870b8189cec5
Activity.Kind:               Server
Activity.SpanId:             fe29b32398fb055f
    http.route: api/subscriptions/plans
Activity.TraceFlags:         Recorded
Activity.TraceId:            df14950e0966be2ec1690efbfaf1ea90
Activity.StartTime:          2026-06-08T01:29:08.2623193Z
Activity.DisplayName:        POST api/auth/register/seller
Activity.Duration:           00:00:00.3970102
    http.response.status_code: 200
Activity.Tags:
Activity.Kind:               Server
    server.address: localhost
Instrumentation scope (ActivitySource):
    http.request.method: POST
Activity.SpanId:             5d5de963bdad895d
    url.scheme: http
Activity.TraceFlags:         Recorded
Activity.StartTime:          2026-06-08T01:29:08.4305211Z
    url.path: /api/auth/register/seller
Activity.Duration:           00:00:00.2291529
    network.protocol.version: 1.1
Activity.Tags:
    http.route: api/auth/register/seller
Activity.DisplayName:        POST api/auth/register/customer
    server.address: localhost
Activity.Kind:               Server
    http.response.status_code: 201
    http.request.method: POST
Instrumentation scope (ActivitySource):
Activity.StartTime:          2026-06-08T01:29:08.3907744Z
    Name: Microsoft.AspNetCore
    url.scheme: http
Activity.Tags:
Resource associated with Activity:
    server.address: localhost
Activity.Duration:           00:00:00.2692625
    telemetry.sdk.name: opentelemetry
    url.path: /api/auth/register/seller
Activity.Tags:
    telemetry.sdk.language: dotnet
    http.request.method: GET
    telemetry.sdk.version: 1.14.0
    network.protocol.version: 1.1
    service.name: unknown_service:testhost
    server.address: localhost
    http.request.method: POST
    url.scheme: http
    url.path: /api/customer/addresses
    http.route: api/auth/register/seller
    network.protocol.version: 1.1
Activity.TraceId:            f284966b5be37bb7a0b6e454d9522d95
  Passed Urbeat.IntegrationTests.Api.StoreFlowTests.Seller_ShouldCreateStore_AndGetMyStore [5 s]
    http.route: api/customer/addresses
Activity.SpanId:             11ca9e633239eaf8
    http.response.status_code: 201
Activity.TraceFlags:         Recorded
    http.response.status_code: 200
Activity.DisplayName:        POST api/auth/register/seller
Instrumentation scope (ActivitySource):
Activity.Kind:               Server
Instrumentation scope (ActivitySource):
    Name: Microsoft.AspNetCore
  Failed Urbeat.IntegrationTests.Api.ResendEmailConfirmationFlowTests.Resend_ShouldBeCaseInsensitive_OnEmailLookup [299 ms]
  Error Message:
   Expected _factory.EmailService.FindLastByRecipient(email) not to be <null>.
  Stack Trace:
     at FluentAssertions.Execution.LateBoundTestFramework.Throw(String message)
   at FluentAssertions.Execution.DefaultAssertionStrategy.HandleFailure(String message)
   at FluentAssertions.Execution.AssertionScope.AddPreFormattedFailure(String formattedFailureMessage)
   at FluentAssertions.Execution.AssertionChain.FailWith(Func`1 getFailureReason)
   at FluentAssertions.Execution.AssertionChain.FailWith(Func`1 getFailureReason)
   at FluentAssertions.Execution.AssertionChain.FailWith(String message)
   at FluentAssertions.Primitives.ReferenceTypeAssertions`2.NotBeNull(String because, Object[] becauseArgs)
   at Urbeat.IntegrationTests.Api.ResendEmailConfirmationFlowTests.Resend_ShouldBeCaseInsensitive_OnEmailLookup() in C:\Projetos\urbeat\backend\tests\Urbeat.IntegrationTests\Api\ResendEmailConfirmationFlowTests.cs:line 147
--- End of stack trace from previous location ---
  Passed Urbeat.IntegrationTests.Api.StoreManagementFlowTests.Seller_ShouldUpdateDeliveryConfig [5 s]
  Failed Urbeat.IntegrationTests.Api.EmailConfirmationFlowTests.ConfirmEmail_WithValidToken_ShouldConfirm_AndAllowLogin [375 ms]
  Error Message:
   Expected confirmResponse.StatusCode to be HttpStatusCode.OK {value: 200}, but found HttpStatusCode.BadRequest {value: 400}.
  Stack Trace:
     at FluentAssertions.Execution.LateBoundTestFramework.Throw(String message)
   at FluentAssertions.Execution.DefaultAssertionStrategy.HandleFailure(String message)
   at FluentAssertions.Execution.AssertionScope.AddPreFormattedFailure(String formattedFailureMessage)
   at FluentAssertions.Execution.AssertionChain.FailWith(Func`1 getFailureReason)
   at FluentAssertions.Execution.AssertionChain.FailWith(Func`1 getFailureReason)
   at FluentAssertions.Execution.AssertionChain.FailWith(String message, Object[] args)
   at FluentAssertions.Primitives.EnumAssertions`2.Be(TEnum expected, String because, Object[] becauseArgs)
   at Urbeat.IntegrationTests.Api.EmailConfirmationFlowTests.ConfirmEmail_WithValidToken_ShouldConfirm_AndAllowLogin() in C:\Projetos\urbeat\backend\tests\Urbeat.IntegrationTests\Api\EmailConfirmationFlowTests.cs:line 124
--- End of stack trace from previous location ---
  Passed Urbeat.IntegrationTests.Api.ResendEmailConfirmationFlowTests.Resend_ShouldReturn200_ButNotSendEmail_WhenEmailDoesNotExist [169 ms]
  Passed Urbeat.IntegrationTests.Api.CustomerAddressFlowTests.Customer_ShouldManageAddresses_WithLimitOfThree [2 s]
    Name: Microsoft.AspNetCore
Resource associated with Activity:
Activity.StartTime:          2026-06-08T01:29:08.2623193Z
Resource associated with Activity:
Activity.Duration:           00:00:00.3970102
    telemetry.sdk.name: opentelemetry
Activity.Tags:
    telemetry.sdk.language: dotnet
    telemetry.sdk.name: opentelemetry
    telemetry.sdk.version: 1.14.0
    server.address: localhost
    service.name: unknown_service:testhost
    http.request.method: POST
    telemetry.sdk.language: dotnet
    url.scheme: http
    url.path: /api/auth/register/seller
    telemetry.sdk.version: 1.14.0
    network.protocol.version: 1.1
    service.name: unknown_service:testhost
    http.route: api/auth/register/seller
    http.response.status_code: 201
Instrumentation scope (ActivitySource):
    Name: Microsoft.AspNetCore
    url.scheme: http
    http.route: api/auth/login/seller
    url.path: /api/auth/register/customer
    http.response.status_code: 200
    network.protocol.version: 1.1
    http.route: api/auth/register/customer
    Name: Microsoft.AspNetCore
    http.response.status_code: 201
    url.scheme: http
Instrumentation scope (ActivitySource):
    Name: Microsoft.AspNetCore
Resource associated with Activity:
Instrumentation scope (ActivitySource):
    telemetry.sdk.name: opentelemetry
    Name: Microsoft.AspNetCore
    telemetry.sdk.language: dotnet
    url.path: /api/auth/register/customer
    telemetry.sdk.version: 1.14.0
Resource associated with Activity:
    service.name: unknown_service:testhost
    network.protocol.version: 1.1
    telemetry.sdk.name: opentelemetry
    http.route: api/auth/register/customer
    telemetry.sdk.language: dotnet
    http.response.status_code: 201
Instrumentation scope (ActivitySource):
    Name: Microsoft.AspNetCore
Resource associated with Activity:
Activity.TraceId:            54fb6be1bed652b47abbd446ace471e6
[22:29:08 INF] Request finished HTTP/1.1 POST http://localhost/api/auth/register/seller - 201 null application/json; charset=utf-8 264.5337ms
Activity.SpanId:             0e77c5eaa079554e
    telemetry.sdk.version: 1.14.0
Activity.TraceFlags:         Recorded
    service.name: unknown_service:testhost
Activity.DisplayName:        POST api/auth/register/customer
Activity.Kind:               Server
[22:29:08 INF] Executed action Urbeat.WebApi.Controllers.SubscriptionsController.Contract (Urbeat.WebApi) in 179.7817ms
Activity.TraceId:            7c0c4807ea8d08b454641b3288086938
Activity.StartTime:          2026-06-08T01:29:08.3242076Z
Activity.TraceId:            38a3132ad6141a7a3bf6870b8189cec5
Resource associated with Activity:
Activity.SpanId:             fe29b32398fb055f
    telemetry.sdk.name: opentelemetry
    telemetry.sdk.language: dotnet
    telemetry.sdk.version: 1.14.0
    service.name: unknown_service:testhost
Activity.TraceFlags:         Recorded
Resource associated with Activity:
Activity.DisplayName:        POST api/auth/register/seller
    telemetry.sdk.name: opentelemetry
Activity.Kind:               Server
    telemetry.sdk.name: opentelemetry
    telemetry.sdk.language: dotnet
[22:29:08 INF] Executed endpoint 'Urbeat.WebApi.Controllers.SubscriptionsController.Contract (Urbeat.WebApi)'
    telemetry.sdk.language: dotnet
    telemetry.sdk.version: 1.14.0
    telemetry.sdk.version: 1.14.0
    service.name: unknown_service:testhost
    service.name: unknown_service:testhost
Activity.StartTime:          2026-06-08T01:29:08.4305211Z
Activity.Duration:           00:00:00.2291529
Activity.TraceId:            5091a7a262d254bf90be7e687735d3fe
Activity.TraceId:            f284966b5be37bb7a0b6e454d9522d95
Activity.Tags:
Activity.TraceId:            df14950e0966be2ec1690efbfaf1ea90
Activity.SpanId:             6bf870419f10fc82
    server.address: localhost
Activity.SpanId:             5d5de963bdad895d
    http.request.method: POST
Activity.TraceFlags:         Recorded
Activity.TraceFlags:         Recorded
Activity.DisplayName:        GET api/subscriptions/plans
Activity.DisplayName:        POST api/auth/register/customer
Activity.SpanId:             dc25f9bf40282670
Activity.Kind:               Server
Activity.TraceFlags:         Recorded
Activity.DisplayName:        POST api/auth/login/seller
Activity.Kind:               Server
Activity.Duration:           00:00:00.3010405
Activity.StartTime:          2026-06-08T01:29:08.4819648Z
Activity.Tags:
Activity.SpanId:             11ca9e633239eaf8
    server.address: localhost
Activity.TraceFlags:         Recorded
    http.request.method: POST
Activity.DisplayName:        POST api/auth/register/seller
    url.scheme: http
Activity.Kind:               Server
    url.path: /api/auth/register/customer
    network.protocol.version: 1.1
Activity.StartTime:          2026-06-08T01:29:08.2623193Z
    http.route: api/auth/register/customer
Activity.Duration:           00:00:00.3970102
Activity.Kind:               Server
Activity.TraceId:            ae0be3647c88ebae9bd1ac21a31db3f7
Activity.StartTime:          2026-06-08T01:29:08.4826739Z
[22:29:08 INF] Request finished HTTP/1.1 POST http://localhost/api/subscriptions/contract - 201 null application/json; charset=utf-8 267.9168ms
Activity.SpanId:             6aba5c962107b7fd
Activity.Duration:           00:00:00.1220878
Activity.TraceFlags:         Recorded
Activity.Tags:
Activity.DisplayName:        POST api/auth/register/seller
    server.address: localhost
    http.request.method: GET
Activity.Kind:               Server
    url.scheme: http
Activity.StartTime:          2026-06-08T01:29:08.3907744Z
    url.path: /api/subscriptions/plans
Activity.Duration:           00:00:00.2692625
    network.protocol.version: 1.1
Activity.StartTime:          2026-06-08T01:29:08.3959858Z
    http.route: api/subscriptions/plans
Activity.Duration:           00:00:00.2652282
Activity.Tags:
    http.response.status_code: 200
    server.address: localhost
Activity.Tags:
Instrumentation scope (ActivitySource):
    server.address: localhost
    Name: Microsoft.AspNetCore
    http.request.method: POST
Resource associated with Activity:
    http.request.method: POST
    url.scheme: http
    url.scheme: http
    telemetry.sdk.name: opentelemetry
    url.path: /api/auth/register/seller
    telemetry.sdk.language: dotnet
    network.protocol.version: 1.1
    url.path: /api/auth/register/customer
    telemetry.sdk.version: 1.14.0
    network.protocol.version: 1.1
    service.name: unknown_service:testhost
    http.route: api/auth/register/seller
    http.response.status_code: 201
    http.route: api/auth/register/customer
Instrumentation scope (ActivitySource):
    http.response.status_code: 201
    Name: Microsoft.AspNetCore
Instrumentation scope (ActivitySource):
Resource associated with Activity:
    Name: Microsoft.AspNetCore
Activity.Duration:           00:00:00.1771812
    telemetry.sdk.name: opentelemetry
Resource associated with Activity:
    telemetry.sdk.language: dotnet
Activity.Tags:
    telemetry.sdk.name: opentelemetry
    telemetry.sdk.version: 1.14.0
    telemetry.sdk.language: dotnet
    service.name: unknown_service:testhost
    server.address: localhost
    http.request.method: POST
    telemetry.sdk.version: 1.14.0
    url.scheme: http
    service.name: unknown_service:testhost
    url.scheme: http
Activity.TraceId:            ae0be3647c88ebae9bd1ac21a31db3f7
    url.path: /api/auth/register/seller
Activity.SpanId:             6aba5c962107b7fd
    network.protocol.version: 1.1
Activity.TraceFlags:         Recorded
    http.route: api/auth/register/seller
Activity.DisplayName:        POST api/auth/register/seller
Activity.TraceId:            878e6c2b5b7fb3cbccccacb1439f7aa9
    http.response.status_code: 201
Activity.Kind:               Server
    http.response.status_code: 201
Activity.StartTime:          2026-06-08T01:29:08.3959858Z
Instrumentation scope (ActivitySource):
    Name: Microsoft.AspNetCore
Activity.Duration:           00:00:00.2652282
Resource associated with Activity:
Activity.Tags:
[22:29:08 INF] Saved 1 entities to in-memory store.
    telemetry.sdk.name: opentelemetry
    server.address: localhost
    telemetry.sdk.language: dotnet
    http.request.method: POST
    telemetry.sdk.version: 1.14.0
    url.scheme: http
    service.name: unknown_service:testhost
    url.path: /api/auth/register/seller
[22:29:08 INF] EMAIL_CONFIRM_JOB_STARTED | Sending confirmation email | UserId=019ea4d9-0c27-7caa-85a1-474dde4563ad
    network.protocol.version: 1.1
    http.route: api/auth/register/seller
    http.response.status_code: 201
Activity.TraceId:            54fb6be1bed652b47abbd446ace471e6
Instrumentation scope (ActivitySource):
Activity.SpanId:             0e77c5eaa079554e
    Name: Microsoft.AspNetCore
Activity.TraceFlags:         Recorded
[22:29:08 INF] Server fabio-mobile:44964:34962fb4 caught stopping signal...
Activity.Tags:
[22:29:08 INF] EMAIL_CONFIRM_JOB_STARTED | Sending confirmation email | UserId=019ea4d9-0c4e-7a3d-91b0-c7b0ebca8b50
    server.address: localhost
    http.request.method: POST
    url.scheme: http
    url.path: /api/auth/register/seller
    network.protocol.version: 1.1
    http.route: api/auth/register/seller
    http.response.status_code: 201
Instrumentation scope (ActivitySource):
Instrumentation scope (ActivitySource):
    Name: Microsoft.AspNetCore
    Name: Microsoft.AspNetCore
Resource associated with Activity:
Resource associated with Activity:
    telemetry.sdk.name: opentelemetry
    telemetry.sdk.language: dotnet
    telemetry.sdk.version: 1.14.0
    service.name: unknown_service:testhost
    telemetry.sdk.name: opentelemetry
    telemetry.sdk.language: dotnet
    telemetry.sdk.version: 1.14.0
    service.name: unknown_service:testhost
Activity.TraceId:            df14950e0966be2ec1690efbfaf1ea90
Activity.SpanId:             5d5de963bdad895d
Activity.TraceFlags:         Recorded
Activity.DisplayName:        POST api/auth/register/customer
Activity.Kind:               Server
Activity.TraceId:            f284966b5be37bb7a0b6e454d9522d95
Activity.SpanId:             11ca9e633239eaf8
Activity.StartTime:          2026-06-08T01:29:08.3907744Z
Activity.TraceFlags:         Recorded
Activity.Duration:           00:00:00.2692625
Activity.DisplayName:        POST api/auth/register/seller
Activity.Tags:
Activity.Kind:               Server
    server.address: localhost
    http.request.method: POST
    url.scheme: http
[22:29:08 INF] Saved 1 entities to in-memory store.
Activity.StartTime:          2026-06-08T01:29:08.2623193Z
    url.path: /api/auth/register/customer
Activity.Duration:           00:00:00.3970102
    network.protocol.version: 1.1
    http.route: api/auth/register/customer
Activity.Tags:
    http.response.status_code: 201
    server.address: localhost
Instrumentation scope (ActivitySource):
Activity.SpanId:             3780beb7cef0600b
    Name: Microsoft.AspNetCore
Resource associated with Activity:
Activity.TraceFlags:         Recorded
Activity.TraceId:            5091a7a262d254bf90be7e687735d3fe
Activity.DisplayName:        POST api/subscriptions/contract
    telemetry.sdk.name: opentelemetry
Activity.SpanId:             6bf870419f10fc82
Activity.Kind:               Server
    telemetry.sdk.language: dotnet
Activity.TraceFlags:         Recorded
    telemetry.sdk.version: 1.14.0
Activity.StartTime:          2026-06-08T01:29:08.3934924Z
Activity.DisplayName:        GET api/subscriptions/plans
    service.name: unknown_service:testhost
Activity.Duration:           00:00:00.2970036
Activity.Kind:               Server
Activity.Tags:
Resource associated with Activity:
    server.address: localhost
Activity.StartTime:          2026-06-08T01:29:08.4826739Z
    http.request.method: POST
    telemetry.sdk.name: opentelemetry
    url.scheme: http
Activity.Duration:           00:00:00.1220878
    url.path: /api/subscriptions/contract
    telemetry.sdk.language: dotnet
    network.protocol.version: 1.1
Activity.Tags:
    telemetry.sdk.version: 1.14.0
    http.route: api/subscriptions/contract
    server.address: localhost
    service.name: unknown_service:testhost
    http.response.status_code: 201
    http.request.method: GET
Instrumentation scope (ActivitySource):
    url.scheme: http
    Name: Microsoft.AspNetCore
    url.path: /api/subscriptions/plans
Resource associated with Activity:
    network.protocol.version: 1.1
    telemetry.sdk.name: opentelemetry
    http.route: api/subscriptions/plans
    telemetry.sdk.language: dotnet
    http.response.status_code: 200
    url.path: /api/auth/login/seller
    telemetry.sdk.version: 1.14.0
    network.protocol.version: 1.1
    service.name: unknown_service:testhost
Instrumentation scope (ActivitySource):
    http.route: api/auth/login/seller
    Name: Microsoft.AspNetCore
    http.response.status_code: 200
Resource associated with Activity:
Activity.TraceId:            878e6c2b5b7fb3cbccccacb1439f7aa9
Activity.DisplayName:        POST api/auth/register/customer
    telemetry.sdk.name: opentelemetry
    telemetry.sdk.language: dotnet
Activity.Kind:               Server
    telemetry.sdk.version: 1.14.0
    service.name: unknown_service:testhost
Instrumentation scope (ActivitySource):
Activity.StartTime:          2026-06-08T01:29:08.3242076Z
    Name: Microsoft.AspNetCore
Activity.Duration:           00:00:00.3010405
Resource associated with Activity:
Activity.Tags:
    http.request.method: POST
    telemetry.sdk.name: opentelemetry
    server.address: localhost
    telemetry.sdk.language: dotnet
    http.request.method: POST
[22:29:08 WRN] EMAIL_CONFIRM_USER_NOT_FOUND | User not found | UserId=019ea4d9-0c4e-7a3d-91b0-c7b0ebca8b50
    url.scheme: http
    url.path: /api/auth/register/customer
    network.protocol.version: 1.1
    http.route: api/auth/register/customer
    http.response.status_code: 201
Instrumentation scope (ActivitySource):
    Name: Microsoft.AspNetCore
Activity.SpanId:             3780beb7cef0600b
Resource associated with Activity:
Activity.TraceId:            ae0be3647c88ebae9bd1ac21a31db3f7
    telemetry.sdk.name: opentelemetry
Activity.TraceFlags:         Recorded
[22:29:08 INF] Saved 1 entities to in-memory store.
Activity.SpanId:             6aba5c962107b7fd
Activity.DisplayName:        POST api/subscriptions/contract
Activity.TraceFlags:         Recorded
Activity.Kind:               Server
[22:29:08 INF] EMAIL_CONFIRM_JOB_COMPLETED | Job completed | UserId=019ea4d9-0c4e-7a3d-91b0-c7b0ebca8b50
Activity.DisplayName:        POST api/auth/register/seller
Activity.StartTime:          2026-06-08T01:29:08.3934924Z
Activity.Kind:               Server
    url.scheme: http
Activity.Duration:           00:00:00.2970036
Activity.StartTime:          2026-06-08T01:29:08.3959858Z
Activity.Tags:
    url.path: /api/auth/register/seller
    server.address: localhost
    network.protocol.version: 1.1
    http.request.method: POST
    http.route: api/auth/register/seller
Activity.Duration:           00:00:00.2652282
    url.scheme: http
    http.response.status_code: 201
Activity.Tags:
Instrumentation scope (ActivitySource):
    server.address: localhost
    Name: Microsoft.AspNetCore
    url.path: /api/subscriptions/contract
Resource associated with Activity:
    http.request.method: POST
    network.protocol.version: 1.1
    telemetry.sdk.name: opentelemetry
    url.scheme: http
    http.route: api/subscriptions/contract
    url.path: /api/auth/register/seller
[22:29:08 INF] EMAIL_CONFIRM_JOB_STARTED | Sending confirmation email | UserId=019ea4d9-0c81-77df-a147-c2eb1e530d21
    http.response.status_code: 201
    network.protocol.version: 1.1
[22:29:08 INF] Server fabio-mobile:44964:34962fb4 All dispatchers stopped
Instrumentation scope (ActivitySource):
    Name: Microsoft.AspNetCore
    http.route: api/auth/register/seller
Resource associated with Activity:
    http.response.status_code: 201
Instrumentation scope (ActivitySource):
    telemetry.sdk.language: dotnet
    Name: Microsoft.AspNetCore
    telemetry.sdk.name: opentelemetry
[22:29:08 INF] Executed action method Urbeat.WebApi.Controllers.AuthController.LoginSeller (Urbeat.WebApi), returned result Microsoft.AspNetCore.Mvc.OkObjectResult in 66.9011ms.
    telemetry.sdk.version: 1.14.0
Resource associated with Activity:
    service.name: unknown_service:testhost
    telemetry.sdk.name: opentelemetry
    telemetry.sdk.language: dotnet
    telemetry.sdk.version: 1.14.0
    telemetry.sdk.version: 1.14.0
Activity.TraceId:            54fb6be1bed652b47abbd446ace471e6
    service.name: unknown_service:testhost
Activity.SpanId:             0e77c5eaa079554e
[22:29:08 INF] EMAIL_ALREADY_CONFIRMED | Already confirmed | UserId=019ea4d9-0c27-7caa-85a1-474dde4563ad
[22:29:08 INF] EMAIL_CONFIRM_JOB_COMPLETED | Job completed | UserId=019ea4d9-0c27-7caa-85a1-474dde4563ad
    telemetry.sdk.language: dotnet
Activity.TraceId:            38a3132ad6141a7a3bf6870b8189cec5
    telemetry.sdk.version: 1.14.0
Activity.SpanId:             fe29b32398fb055f
    service.name: unknown_service:testhost
Activity.TraceFlags:         Recorded
Activity.DisplayName:        POST api/auth/register/seller
Activity.Kind:               Server
Activity.StartTime:          2026-06-08T01:29:08.4305211Z
    telemetry.sdk.language: dotnet
[22:29:08 INF] EMAIL_CONFIRM_JOB_STARTED | Sending confirmation email | UserId=019ea4d9-0c81-7bed-9784-6fe62bcd7777
Activity.Duration:           00:00:00.2291529
    telemetry.sdk.version: 1.14.0
Activity.Tags:
Activity.TraceId:            5091a7a262d254bf90be7e687735d3fe
    service.name: unknown_service:testhost
    server.address: localhost
Activity.SpanId:             6bf870419f10fc82
    http.request.method: POST
Activity.TraceFlags:         Recorded
[22:29:08 INF] Executing OkObjectResult, writing value of type 'Urbeat.Application.DTOs.AuthTokenResponseDto'.
Activity.DisplayName:        GET api/subscriptions/plans
    url.scheme: http
    service.name: unknown_service:testhost
    url.path: /api/auth/register/seller
Activity.TraceId:            f284966b5be37bb7a0b6e454d9522d95
    network.protocol.version: 1.1
Activity.Kind:               Server
Activity.SpanId:             11ca9e633239eaf8
    http.route: api/auth/register/seller
Activity.StartTime:          2026-06-08T01:29:08.4826739Z
Activity.TraceFlags:         Recorded
Activity.Duration:           00:00:00.1220878
    http.response.status_code: 201
[22:29:08 WRN] EMAIL_CONFIRM_USER_NOT_FOUND | User not found | UserId=019ea4d9-0c81-77df-a147-c2eb1e530d21
Activity.TraceFlags:         Recorded
Activity.TraceId:            878e6c2b5b7fb3cbccccacb1439f7aa9
Instrumentation scope (ActivitySource):
Activity.DisplayName:        POST api/auth/register/customer
    Name: Microsoft.AspNetCore
Activity.SpanId:             3780beb7cef0600b
Resource associated with Activity:
Activity.TraceFlags:         Recorded
    telemetry.sdk.name: opentelemetry
Activity.DisplayName:        POST api/subscriptions/contract
    telemetry.sdk.language: dotnet
Activity.Kind:               Server
    telemetry.sdk.version: 1.14.0
    service.name: unknown_service:testhost
Activity.StartTime:          2026-06-08T01:29:08.3934924Z
Activity.Duration:           00:00:00.2970036
Activity.TraceId:            7c0c4807ea8d08b454641b3288086938
Activity.Tags:
Activity.TraceId:            df14950e0966be2ec1690efbfaf1ea90
    server.address: localhost
Activity.SpanId:             5d5de963bdad895d
    http.request.method: POST
Activity.TraceFlags:         Recorded
Activity.TraceId:            38a3132ad6141a7a3bf6870b8189cec5
    url.scheme: http
Activity.DisplayName:        POST api/auth/register/customer
Activity.SpanId:             fe29b32398fb055f
    url.path: /api/subscriptions/contract
Activity.Kind:               Server
Activity.TraceFlags:         Recorded
    network.protocol.version: 1.1
Activity.DisplayName:        POST api/auth/register/seller
Activity.StartTime:          2026-06-08T01:29:08.3907744Z
    http.route: api/subscriptions/contract
Activity.Duration:           00:00:00.2692625
    http.response.status_code: 201
Activity.Tags:
Activity.Kind:               Server
Instrumentation scope (ActivitySource):
    server.address: localhost
    Name: Microsoft.AspNetCore
Activity.StartTime:          2026-06-08T01:29:08.4305211Z
Resource associated with Activity:
Activity.Duration:           00:00:00.2291529
    telemetry.sdk.name: opentelemetry
Activity.Tags:
    http.request.method: POST
    server.address: localhost
    url.scheme: http
    http.request.method: POST
    url.path: /api/auth/register/customer
    url.scheme: http
    network.protocol.version: 1.1
    url.path: /api/auth/register/seller
    http.route: api/auth/register/customer
    network.protocol.version: 1.1
    telemetry.sdk.language: dotnet
    http.response.status_code: 201
    http.route: api/auth/register/seller
    telemetry.sdk.version: 1.14.0
    http.response.status_code: 201
Instrumentation scope (ActivitySource):
    service.name: unknown_service:testhost
Instrumentation scope (ActivitySource):
    Name: Microsoft.AspNetCore
    Name: Microsoft.AspNetCore
Resource associated with Activity:
Resource associated with Activity:
    telemetry.sdk.name: opentelemetry
    telemetry.sdk.name: opentelemetry
    telemetry.sdk.language: dotnet
    telemetry.sdk.language: dotnet
    telemetry.sdk.version: 1.14.0
    service.name: unknown_service:testhost
    telemetry.sdk.version: 1.14.0
Activity.TraceId:            878e6c2b5b7fb3cbccccacb1439f7aa9
Activity.SpanId:             3780beb7cef0600b
    service.name: unknown_service:testhost
Activity.TraceFlags:         Recorded
Activity.DisplayName:        POST api/auth/register/seller
Activity.DisplayName:        POST api/subscriptions/contract
Activity.Tags:
Activity.Kind:               Server
    server.address: localhost
    http.request.method: GET
    url.scheme: http
    url.path: /api/subscriptions/plans
Activity.StartTime:          2026-06-08T01:29:08.3934924Z
    network.protocol.version: 1.1
Activity.Duration:           00:00:00.2970036
    http.route: api/subscriptions/plans
Activity.Tags:
    http.response.status_code: 200
[22:29:08 INF] Executed action Urbeat.WebApi.Controllers.AuthController.LoginSeller (Urbeat.WebApi) in 67.8735ms
Instrumentation scope (ActivitySource):
    server.address: localhost
Activity.Kind:               Server
    http.request.method: POST
[22:29:08 INF] EMAIL_CONFIRM_JOB_COMPLETED | Job completed | UserId=019ea4d9-0c81-77df-a147-c2eb1e530d21
    url.scheme: http
Activity.StartTime:          2026-06-08T01:29:08.3242076Z
    Name: Microsoft.AspNetCore
[22:29:08 WRN] EMAIL_CONFIRM_USER_NOT_FOUND | User not found | UserId=019ea4d9-0c81-7bed-9784-6fe62bcd7777
Resource associated with Activity:
Activity.Duration:           00:00:00.3010405
    telemetry.sdk.name: opentelemetry
Activity.Tags:
    telemetry.sdk.language: dotnet
    server.address: localhost
    telemetry.sdk.version: 1.14.0
    http.request.method: POST
    service.name: unknown_service:testhost
Activity.SpanId:             dc25f9bf40282670
    url.scheme: http
[22:29:08 INF] Executed endpoint 'Urbeat.WebApi.Controllers.AuthController.LoginSeller (Urbeat.WebApi)'
    url.path: /api/auth/register/customer
[22:29:08 INF] EMAIL_CONFIRM_JOB_COMPLETED | Job completed | UserId=019ea4d9-0c81-7bed-9784-6fe62bcd7777
    network.protocol.version: 1.1
Activity.TraceFlags:         Recorded
Activity.TraceId:            5091a7a262d254bf90be7e687735d3fe
Activity.DisplayName:        POST api/auth/login/seller
Activity.SpanId:             6bf870419f10fc82
Activity.Kind:               Server
    http.route: api/auth/register/customer
Activity.TraceFlags:         Recorded
    http.response.status_code: 201
Activity.DisplayName:        GET api/subscriptions/plans
Activity.StartTime:          2026-06-08T01:29:08.4819648Z
Activity.Duration:           00:00:00.1771812
Activity.Tags:
[22:29:08 INF] Server fabio-mobile:44964:34962fb4 successfully reported itself as stopped in 0,0172 ms
    server.address: localhost
Activity.TraceId:            df14950e0966be2ec1690efbfaf1ea90
    http.request.method: POST
Activity.Kind:               Server
Activity.SpanId:             5d5de963bdad895d
    url.scheme: http
    url.path: /api/subscriptions/contract
    url.path: /api/auth/login/seller
    network.protocol.version: 1.1
    http.route: api/subscriptions/contract
    network.protocol.version: 1.1
    http.response.status_code: 201
    http.route: api/auth/login/seller
Instrumentation scope (ActivitySource):
Instrumentation scope (ActivitySource):
    http.response.status_code: 200
    Name: Microsoft.AspNetCore
    Name: Microsoft.AspNetCore
Instrumentation scope (ActivitySource):
Resource associated with Activity:
Resource associated with Activity:
    Name: Microsoft.AspNetCore
    telemetry.sdk.name: opentelemetry
    telemetry.sdk.name: opentelemetry
    telemetry.sdk.language: dotnet
Resource associated with Activity:
    telemetry.sdk.language: dotnet
    telemetry.sdk.version: 1.14.0
    telemetry.sdk.name: opentelemetry
    telemetry.sdk.version: 1.14.0
    service.name: unknown_service:testhost
    service.name: unknown_service:testhost
    telemetry.sdk.language: dotnet
    telemetry.sdk.version: 1.14.0
    service.name: unknown_service:testhost
Activity.TraceId:            54fb6be1bed652b47abbd446ace471e6
Activity.TraceId:            ae0be3647c88ebae9bd1ac21a31db3f7
Activity.SpanId:             0e77c5eaa079554e
Activity.SpanId:             6aba5c962107b7fd
Activity.TraceId:            878e6c2b5b7fb3cbccccacb1439f7aa9
Activity.TraceFlags:         Recorded
Activity.TraceFlags:         Recorded
Activity.DisplayName:        POST api/auth/register/customer
Activity.DisplayName:        POST api/auth/register/seller
Activity.SpanId:             3780beb7cef0600b
Activity.Kind:               Server
Activity.Kind:               Server
Activity.TraceFlags:         Recorded
Activity.TraceFlags:         Recorded
Activity.DisplayName:        POST api/auth/register/customer
Activity.DisplayName:        POST api/subscriptions/contract
Activity.Kind:               Server
Activity.StartTime:          2026-06-08T01:29:08.3242076Z
Activity.StartTime:          2026-06-08T01:29:08.3959858Z
Activity.Kind:               Server
Activity.Duration:           00:00:00.3010405
Activity.StartTime:          2026-06-08T01:29:08.3907744Z
Activity.Tags:
Activity.Duration:           00:00:00.2692625
Activity.Duration:           00:00:00.2652282
    server.address: localhost
Activity.Tags:
Activity.Tags:
    http.request.method: POST
    server.address: localhost
Activity.StartTime:          2026-06-08T01:29:08.3934924Z
    http.request.method: POST
    url.scheme: http
    url.scheme: http
    server.address: localhost
Activity.Duration:           00:00:00.2970036
    http.request.method: POST
Activity.Tags:
    url.path: /api/auth/register/customer
    url.scheme: http
    network.protocol.version: 1.1
    url.path: /api/auth/register/customer
    server.address: localhost
    network.protocol.version: 1.1
    http.route: api/auth/register/customer
    http.route: api/auth/register/customer
    http.response.status_code: 201
    http.request.method: POST
Instrumentation scope (ActivitySource):
    http.response.status_code: 201
    url.scheme: http
    Name: Microsoft.AspNetCore
Instrumentation scope (ActivitySource):
Resource associated with Activity:
    url.path: /api/subscriptions/contract
    telemetry.sdk.name: opentelemetry
    network.protocol.version: 1.1
    Name: Microsoft.AspNetCore
Resource associated with Activity:
    telemetry.sdk.language: dotnet
    http.route: api/subscriptions/contract
    telemetry.sdk.version: 1.14.0
    http.response.status_code: 201
    telemetry.sdk.name: opentelemetry
Instrumentation scope (ActivitySource):
    telemetry.sdk.language: dotnet
    Name: Microsoft.AspNetCore
    telemetry.sdk.version: 1.14.0
    service.name: unknown_service:testhost
Resource associated with Activity:
    service.name: unknown_service:testhost
    telemetry.sdk.name: opentelemetry
Activity.TraceId:            54fb6be1bed652b47abbd446ace471e6
    telemetry.sdk.language: dotnet
Activity.SpanId:             0e77c5eaa079554e
    telemetry.sdk.version: 1.14.0
Activity.TraceFlags:         Recorded
    service.name: unknown_service:testhost
Activity.DisplayName:        POST api/auth/register/customer
Activity.Kind:               Server
Activity.TraceId:            7c0c4807ea8d08b454641b3288086938
Activity.StartTime:          2026-06-08T01:29:08.3242076Z
Activity.StartTime:          2026-06-08T01:29:08.2623193Z
Activity.TraceId:            38a3132ad6141a7a3bf6870b8189cec5
Activity.Duration:           00:00:00.3970102
Activity.SpanId:             fe29b32398fb055f
Activity.Tags:
Activity.TraceFlags:         Recorded
    server.address: localhost
Activity.DisplayName:        POST api/auth/register/seller
Activity.Kind:               Server
Activity.Kind:               Server
    http.request.method: POST
Activity.StartTime:          2026-06-08T01:29:08.4826739Z
    url.scheme: http
Activity.StartTime:          2026-06-08T01:29:08.4305211Z
    url.path: /api/auth/register/seller
[22:29:08 INF] Server fabio-mobile:44964:34962fb4 has been stopped in total 1,2018 ms
Activity.Duration:           00:00:00.2291529
    network.protocol.version: 1.1
Activity.Tags:
    http.route: api/auth/register/seller
    http.response.status_code: 201
    server.address: localhost
    url.path: /api/auth/register/seller
    http.request.method: POST
    network.protocol.version: 1.1
    http.route: api/auth/register/seller
    http.response.status_code: 201
Instrumentation scope (ActivitySource):
Activity.SpanId:             dc25f9bf40282670
Activity.TraceFlags:         Recorded
Activity.DisplayName:        POST api/auth/login/seller
Activity.Duration:           00:00:00.3010405
Activity.Kind:               Server
Activity.Tags:
    server.address: localhost
Activity.StartTime:          2026-06-08T01:29:08.4819648Z
Activity.Duration:           00:00:00.1220878
    http.request.method: POST
Activity.Duration:           00:00:00.1771812
    url.scheme: http
Activity.Tags:
Activity.Tags:
    url.path: /api/auth/register/customer
    server.address: localhost
    server.address: localhost
    http.request.method: POST
    http.request.method: GET
    url.scheme: http
    url.scheme: http
    url.path: /api/auth/login/seller
    url.path: /api/subscriptions/plans
    network.protocol.version: 1.1
    network.protocol.version: 1.1
    http.route: api/auth/login/seller
    http.route: api/subscriptions/plans
    http.response.status_code: 200
    http.response.status_code: 200
Instrumentation scope (ActivitySource):
Instrumentation scope (ActivitySource):
    Name: Microsoft.AspNetCore
    Name: Microsoft.AspNetCore
Resource associated with Activity:
Resource associated with Activity:
    telemetry.sdk.name: opentelemetry
    telemetry.sdk.name: opentelemetry
    url.scheme: http
    telemetry.sdk.language: dotnet
    url.path: /api/auth/register/seller
    network.protocol.version: 1.1
    http.route: api/auth/register/seller
    telemetry.sdk.version: 1.14.0
    http.response.status_code: 201
    service.name: unknown_service:testhost
[22:29:08 INF] Request finished HTTP/1.1 POST http://localhost/api/auth/login/seller - 200 null application/json; charset=utf-8 159.9834ms
    Name: Microsoft.AspNetCore
Activity.TraceId:            878e6c2b5b7fb3cbccccacb1439f7aa9
Resource associated with Activity:
Activity.SpanId:             3780beb7cef0600b
    network.protocol.version: 1.1
    telemetry.sdk.name: opentelemetry
Activity.TraceFlags:         Recorded
    http.route: api/auth/register/customer
    telemetry.sdk.language: dotnet
    http.response.status_code: 201
    telemetry.sdk.version: 1.14.0
Instrumentation scope (ActivitySource):
Activity.DisplayName:        POST api/subscriptions/contract
    service.name: unknown_service:testhost
Activity.Kind:               Server
Instrumentation scope (ActivitySource):
Activity.StartTime:          2026-06-08T01:29:08.3934924Z
    Name: Microsoft.AspNetCore
Activity.Duration:           00:00:00.2970036
Resource associated with Activity:
Activity.Tags:
    telemetry.sdk.name: opentelemetry
    server.address: localhost
    telemetry.sdk.language: dotnet
    http.request.method: POST
    telemetry.sdk.version: 1.14.0
    url.scheme: http
    service.name: unknown_service:testhost
    url.path: /api/subscriptions/contract
    network.protocol.version: 1.1
    http.route: api/subscriptions/contract
    http.response.status_code: 201
Instrumentation scope (ActivitySource):
    Name: Microsoft.AspNetCore
Resource associated with Activity:
    telemetry.sdk.name: opentelemetry
    telemetry.sdk.language: dotnet
    telemetry.sdk.version: 1.14.0
    service.name: unknown_service:testhost
    telemetry.sdk.language: dotnet
Activity.TraceId:            a100710fc5dc1a6c39c219bdd3a5923f
    telemetry.sdk.version: 1.14.0
Activity.SpanId:             fb2ce00bbf318f7d
    service.name: unknown_service:testhost
Activity.TraceFlags:         Recorded
Activity.DisplayName:        POST api/auth/login/seller
Activity.Kind:               Server
Instrumentation scope (ActivitySource):
Activity.StartTime:          2026-06-08T01:29:08.5320519Z
Activity.Duration:           00:00:00.1883753
    Name: Microsoft.AspNetCore
[22:29:08 INF] Request starting HTTP/1.1 POST http://localhost/api/auth/login/seller - application/json; charset=utf-8 null
Activity.Tags:
Resource associated with Activity:
    server.address: localhost
    telemetry.sdk.name: opentelemetry
    telemetry.sdk.language: dotnet
[22:29:08 INF] Request starting HTTP/1.1 POST http://localhost/api/auth/register/seller - application/json; charset=utf-8 null
    http.request.method: POST
    telemetry.sdk.version: 1.14.0
    url.scheme: http
Activity.TraceId:            7c0c4807ea8d08b454641b3288086938
    url.path: /api/auth/login/seller
    network.protocol.version: 1.1
Activity.SpanId:             dc25f9bf40282670
    http.route: api/auth/login/seller
Activity.TraceFlags:         Recorded
Activity.DisplayName:        POST api/auth/login/seller
    http.response.status_code: 200
Activity.Kind:               Server
Instrumentation scope (ActivitySource):
    Name: Microsoft.AspNetCore
    Name: Microsoft.AspNetCore
Activity.StartTime:          2026-06-08T01:29:08.4819648Z
Resource associated with Activity:
Activity.Duration:           00:00:00.1771812
Resource associated with Activity:
Activity.Tags:
    telemetry.sdk.name: opentelemetry
    server.address: localhost
    telemetry.sdk.language: dotnet
    http.request.method: POST
    telemetry.sdk.version: 1.14.0
    url.scheme: http
    service.name: unknown_service:testhost
    url.path: /api/auth/login/seller
    network.protocol.version: 1.1
    http.route: api/auth/login/seller
    service.name: unknown_service:testhost
Activity.TraceId:            f284966b5be37bb7a0b6e454d9522d95
Activity.TraceId:            a100710fc5dc1a6c39c219bdd3a5923f
Activity.SpanId:             11ca9e633239eaf8
    http.response.status_code: 200
Activity.TraceFlags:         Recorded
Instrumentation scope (ActivitySource):
Activity.DisplayName:        POST api/auth/register/seller
    Name: Microsoft.AspNetCore
Activity.Kind:               Server
Resource associated with Activity:
    telemetry.sdk.name: opentelemetry
Activity.StartTime:          2026-06-08T01:29:08.2623193Z
Activity.TraceId:            df14950e0966be2ec1690efbfaf1ea90
    telemetry.sdk.name: opentelemetry
Activity.SpanId:             5d5de963bdad895d
Activity.Duration:           00:00:00.3970102
    telemetry.sdk.language: dotnet
Activity.Tags:
    telemetry.sdk.version: 1.14.0
Activity.TraceFlags:         Recorded
    service.name: unknown_service:testhost
Activity.DisplayName:        POST api/auth/register/customer
Activity.Kind:               Server
    server.address: localhost
Activity.StartTime:          2026-06-08T01:29:08.3907744Z
Activity.TraceId:            54fb6be1bed652b47abbd446ace471e6
Activity.Duration:           00:00:00.2692625
Activity.SpanId:             0e77c5eaa079554e
Activity.Tags:
Activity.SpanId:             fb2ce00bbf318f7d
Activity.TraceFlags:         Recorded
    server.address: localhost
Activity.DisplayName:        POST api/auth/register/customer
    http.request.method: POST
Activity.TraceFlags:         Recorded
Activity.Kind:               Server
    url.scheme: http
Activity.DisplayName:        POST api/auth/login/seller
    url.path: /api/auth/register/customer
Activity.Kind:               Server
    network.protocol.version: 1.1
    http.route: api/auth/register/customer
Activity.StartTime:          2026-06-08T01:29:08.3242076Z
    http.response.status_code: 201
Activity.StartTime:          2026-06-08T01:29:08.5320519Z
Activity.Duration:           00:00:00.3010405
Activity.Duration:           00:00:00.1883753
Instrumentation scope (ActivitySource):
Activity.Tags:
    Name: Microsoft.AspNetCore
Activity.Tags:
    server.address: localhost
    http.request.method: POST
    server.address: localhost
    url.scheme: http
    http.request.method: POST
    url.path: /api/auth/register/seller
    url.scheme: http
    network.protocol.version: 1.1
    url.path: /api/auth/register/customer
    http.route: api/auth/register/seller
    network.protocol.version: 1.1
    http.response.status_code: 201
    http.route: api/auth/register/customer
    telemetry.sdk.language: dotnet
    http.response.status_code: 201
Instrumentation scope (ActivitySource):
    telemetry.sdk.version: 1.14.0
Instrumentation scope (ActivitySource):
    service.name: unknown_service:testhost
    Name: Microsoft.AspNetCore
    Name: Microsoft.AspNetCore
Resource associated with Activity:
Resource associated with Activity:
    telemetry.sdk.name: opentelemetry
    telemetry.sdk.language: dotnet
    telemetry.sdk.name: opentelemetry
    telemetry.sdk.version: 1.14.0
    telemetry.sdk.language: dotnet
    telemetry.sdk.version: 1.14.0
    http.request.method: POST
    service.name: unknown_service:testhost
    url.scheme: http
    url.path: /api/auth/login/seller
    network.protocol.version: 1.1
    http.route: api/auth/login/seller
Activity.TraceId:            f284966b5be37bb7a0b6e454d9522d95
Activity.TraceId:            7c0c4807ea8d08b454641b3288086938
Activity.TraceId:            878e6c2b5b7fb3cbccccacb1439f7aa9
Activity.SpanId:             dc25f9bf40282670
Activity.SpanId:             3780beb7cef0600b
Activity.SpanId:             11ca9e633239eaf8
Activity.TraceFlags:         Recorded
    service.name: unknown_service:testhost
Activity.DisplayName:        POST api/subscriptions/contract
Activity.Kind:               Server
Activity.TraceFlags:         Recorded
Activity.TraceFlags:         Recorded
Activity.TraceId:            54fb6be1bed652b47abbd446ace471e6
Activity.DisplayName:        POST api/auth/login/seller
Activity.StartTime:          2026-06-08T01:29:08.3934924Z
Activity.Kind:               Server
Activity.Duration:           00:00:00.2970036
Activity.SpanId:             0e77c5eaa079554e
Activity.DisplayName:        POST api/auth/register/seller
Activity.TraceFlags:         Recorded
Activity.Tags:
Activity.Kind:               Server
Activity.DisplayName:        POST api/auth/register/customer
    server.address: localhost
Activity.Kind:               Server
    http.request.method: POST
Activity.StartTime:          2026-06-08T01:29:08.2623193Z
    url.scheme: http
Activity.Duration:           00:00:00.3970102
Activity.StartTime:          2026-06-08T01:29:08.4819648Z
    url.path: /api/subscriptions/contract
Activity.Duration:           00:00:00.1771812
Activity.Tags:
Activity.Tags:
    server.address: localhost
    server.address: localhost
    http.request.method: POST
    http.request.method: POST
    url.scheme: http
    url.scheme: http
    url.path: /api/auth/register/seller
    url.path: /api/auth/login/seller
    network.protocol.version: 1.1
    network.protocol.version: 1.1
    http.route: api/auth/register/seller
    http.route: api/auth/login/seller
    http.response.status_code: 201
Instrumentation scope (ActivitySource):
    Name: Microsoft.AspNetCore
    http.response.status_code: 200
Resource associated with Activity:
Instrumentation scope (ActivitySource):
Resource associated with Activity:
    Name: Microsoft.AspNetCore
    telemetry.sdk.name: opentelemetry
Resource associated with Activity:
    telemetry.sdk.name: opentelemetry
    telemetry.sdk.language: dotnet
    telemetry.sdk.language: dotnet
    telemetry.sdk.version: 1.14.0
    telemetry.sdk.name: opentelemetry
    telemetry.sdk.version: 1.14.0
    service.name: unknown_service:testhost
    telemetry.sdk.language: dotnet
    service.name: unknown_service:testhost
    telemetry.sdk.version: 1.14.0
Activity.TraceId:            f284966b5be37bb7a0b6e454d9522d95
Activity.SpanId:             11ca9e633239eaf8
    service.name: unknown_service:testhost
Activity.TraceFlags:         Recorded
Activity.DisplayName:        POST api/auth/register/seller
    http.response.status_code: 200
Activity.TraceId:            ae0be3647c88ebae9bd1ac21a31db3f7
Instrumentation scope (ActivitySource):
    Name: Microsoft.AspNetCore
Resource associated with Activity:
Activity.StartTime:          2026-06-08T01:29:08.3242076Z
    telemetry.sdk.name: opentelemetry
Activity.Duration:           00:00:00.3010405
    telemetry.sdk.language: dotnet
Activity.Tags:
    telemetry.sdk.version: 1.14.0
    service.name: unknown_service:testhost
    server.address: localhost
    http.request.method: POST
    url.scheme: http
    url.path: /api/auth/register/customer
    network.protocol.version: 1.1
    http.route: api/auth/register/customer
    network.protocol.version: 1.1
    http.response.status_code: 201
    http.route: api/subscriptions/contract
Instrumentation scope (ActivitySource):
Activity.Kind:               Server
    http.response.status_code: 201
Instrumentation scope (ActivitySource):
    Name: Microsoft.AspNetCore
Activity.TraceId:            7c0c4807ea8d08b454641b3288086938
Activity.StartTime:          2026-06-08T01:29:08.2623193Z
Activity.SpanId:             dc25f9bf40282670
Activity.Duration:           00:00:00.3970102
Activity.TraceFlags:         Recorded
Activity.DisplayName:        POST api/auth/login/seller
Activity.Kind:               Server
Activity.SpanId:             6aba5c962107b7fd
Activity.StartTime:          2026-06-08T01:29:08.4819648Z
Activity.TraceFlags:         Recorded
Activity.Duration:           00:00:00.1771812
Activity.DisplayName:        POST api/auth/register/seller
Activity.Tags:
Activity.Kind:               Server
    server.address: localhost
    http.request.method: POST
    url.scheme: http
    url.path: /api/auth/login/seller
    network.protocol.version: 1.1
    http.route: api/auth/login/seller
Activity.StartTime:          2026-06-08T01:29:08.3959858Z
    http.response.status_code: 200
Activity.Duration:           00:00:00.2652282
Instrumentation scope (ActivitySource):
Activity.Tags:
    Name: Microsoft.AspNetCore
Resource associated with Activity:
    server.address: localhost
    telemetry.sdk.name: opentelemetry
    http.request.method: POST
    telemetry.sdk.language: dotnet
    url.scheme: http
    Name: Microsoft.AspNetCore
    telemetry.sdk.version: 1.14.0
Resource associated with Activity:
Resource associated with Activity:
    service.name: unknown_service:testhost
    telemetry.sdk.name: opentelemetry
    telemetry.sdk.name: opentelemetry
    telemetry.sdk.language: dotnet
    telemetry.sdk.language: dotnet
Activity.TraceId:            7c0c4807ea8d08b454641b3288086938
    telemetry.sdk.version: 1.14.0
    telemetry.sdk.version: 1.14.0
    service.name: unknown_service:testhost
    service.name: unknown_service:testhost
Activity.SpanId:             dc25f9bf40282670
Activity.Tags:
Activity.TraceId:            878e6c2b5b7fb3cbccccacb1439f7aa9
Activity.TraceId:            38a3132ad6141a7a3bf6870b8189cec5
Activity.SpanId:             3780beb7cef0600b
    server.address: localhost
[22:29:08 INF] Executing endpoint 'Urbeat.WebApi.Controllers.AuthController.RegisterSeller (Urbeat.WebApi)'
Activity.TraceFlags:         Recorded
[22:29:08 INF] Executing endpoint 'Urbeat.WebApi.Controllers.AuthController.LoginSeller (Urbeat.WebApi)'
Activity.DisplayName:        POST api/subscriptions/contract
    http.request.method: POST
Activity.Kind:               Server
[22:29:08 INF] Request starting HTTP/1.1 POST http://localhost/api/auth/login/seller - application/json; charset=utf-8 null
    url.scheme: http
Activity.StartTime:          2026-06-08T01:29:08.3934924Z
    url.path: /api/auth/register/seller
Activity.Duration:           00:00:00.2970036
    network.protocol.version: 1.1
Activity.SpanId:             fe29b32398fb055f
Activity.Tags:
    server.address: localhost
    url.path: /api/auth/register/seller
    http.request.method: POST
    network.protocol.version: 1.1
Activity.TraceFlags:         Recorded
    url.scheme: http
Activity.DisplayName:        POST api/auth/login/seller
    url.path: /api/subscriptions/contract
    http.route: api/auth/register/seller
Activity.Kind:               Server
    network.protocol.version: 1.1
    http.response.status_code: 201
    http.route: api/subscriptions/contract
Resource associated with Metrics:
	telemetry.sdk.name: opentelemetry
    http.route: api/auth/register/seller
	telemetry.sdk.language: dotnet
    http.response.status_code: 201
	telemetry.sdk.version: 1.14.0
[22:29:08 INF] Server fabio-mobile:44964:c0ea29c7 caught stopping signal...
Instrumentation scope (ActivitySource):
[22:29:08 INF] Route matched with {action = "RegisterSeller", controller = "Auth"}. Executing controller action with signature System.Threading.Tasks.Task`1[Microsoft.AspNetCore.Mvc.IActionResult] RegisterSeller(Urbeat.Application.DTOs.RegisterUserRequestDto, System.Threading.CancellationToken) on controller Urbeat.WebApi.Controllers.AuthController (Urbeat.WebApi).
    Name: Microsoft.AspNetCore
Activity.StartTime:          2026-06-08T01:29:08.4819648Z
Resource associated with Activity:
Activity.Duration:           00:00:00.1771812
Activity.Tags:
    telemetry.sdk.name: opentelemetry
    server.address: localhost
    telemetry.sdk.language: dotnet
    http.request.method: POST
    telemetry.sdk.version: 1.14.0
    url.scheme: http
    service.name: unknown_service:testhost
    url.path: /api/auth/login/seller
    network.protocol.version: 1.1
    http.route: api/auth/login/seller
    http.response.status_code: 200
Instrumentation scope (ActivitySource):
    Name: Microsoft.AspNetCore
Resource associated with Activity:
    telemetry.sdk.name: opentelemetry
    telemetry.sdk.language: dotnet
    telemetry.sdk.version: 1.14.0
    service.name: unknown_service:testhost
Activity.TraceId:            ae0be3647c88ebae9bd1ac21a31db3f7
Activity.SpanId:             6aba5c962107b7fd
Activity.TraceId:            7c0c4807ea8d08b454641b3288086938
Activity.TraceFlags:         Recorded
Activity.SpanId:             dc25f9bf40282670
Activity.DisplayName:        POST api/auth/register/seller
Activity.TraceFlags:         Recorded
Activity.Kind:               Server
Activity.DisplayName:        POST api/auth/login/seller
Activity.Kind:               Server
Activity.StartTime:          2026-06-08T01:29:08.4819648Z
Activity.Duration:           00:00:00.1771812
Activity.StartTime:          2026-06-08T01:29:08.3959858Z
Activity.Tags:
    server.address: localhost
Activity.Duration:           00:00:00.2652282
    http.request.method: POST
    url.scheme: http
Activity.Tags:
    url.path: /api/auth/login/seller
    network.protocol.version: 1.1
    server.address: localhost
    http.route: api/auth/login/seller
    http.request.method: POST
    http.response.status_code: 200
Instrumentation scope (ActivitySource):
    Name: Microsoft.AspNetCore
    url.scheme: http
Resource associated with Activity:
    url.path: /api/auth/register/seller
    telemetry.sdk.name: opentelemetry
    network.protocol.version: 1.1
    telemetry.sdk.language: dotnet
    http.route: api/auth/register/seller
    telemetry.sdk.version: 1.14.0
    service.name: unknown_service:testhost
    http.response.status_code: 201
Instrumentation scope (ActivitySource):
    Name: Microsoft.AspNetCore
Resource associated with Activity:
    telemetry.sdk.name: opentelemetry
    telemetry.sdk.language: dotnet
    telemetry.sdk.version: 1.14.0
    service.name: unknown_service:testhost
    http.response.status_code: 201
Instrumentation scope (ActivitySource):
    Name: Microsoft.AspNetCore
Resource associated with Activity:
    telemetry.sdk.name: opentelemetry
    telemetry.sdk.language: dotnet
	service.name: unknown_service:testhost
    telemetry.sdk.version: 1.14.0
    service.name: unknown_service:testhost
Instrumentation scope (ActivitySource):
Activity.TraceId:            878e6c2b5b7fb3cbccccacb1439f7aa9
    Name: Microsoft.AspNetCore
Activity.SpanId:             3780beb7cef0600b
Resource associated with Activity:
Activity.TraceFlags:         Recorded
    telemetry.sdk.name: opentelemetry
Activity.DisplayName:        POST api/auth/register/seller
Activity.TraceFlags:         Recorded
    telemetry.sdk.language: dotnet
Activity.DisplayName:        POST api/subscriptions/contract
    telemetry.sdk.version: 1.14.0
Activity.Kind:               Server
    service.name: unknown_service:testhost
Activity.Kind:               Server
Activity.StartTime:          2026-06-08T01:29:08.4305211Z
Activity.Duration:           00:00:00.2291529
Activity.StartTime:          2026-06-08T01:29:08.3934924Z
Metric Name: http.server.active_requests, Description: Number of active HTTP server requests., Unit: {request}, Metric Type: LongSumNonMonotonic
Activity.Duration:           00:00:00.2970036
Instrumentation scope (Meter):
Activity.TraceId:            f284966b5be37bb7a0b6e454d9522d95
	Name: Microsoft.AspNetCore.Hosting
Activity.TraceId:            a100710fc5dc1a6c39c219bdd3a5923f
Activity.SpanId:             fb2ce00bbf318f7d
(2026-06-08T01:29:04.1528666Z, 2026-06-08T01:29:08.7226405Z] http.request.method: GET url.scheme: http
Value: 0
Activity.TraceFlags:         Recorded
[22:29:08 INF] Request starting HTTP/1.1 POST http://localhost/api/auth/login/customer - application/json; charset=utf-8 null
Activity.Tags:
Activity.DisplayName:        POST api/auth/login/seller
(2026-06-08T01:29:04.1528666Z, 2026-06-08T01:29:08.7226405Z] http.request.method: POST url.scheme: http
Value: 1
Activity.Kind:               Server
    server.address: localhost
Activity.StartTime:          2026-06-08T01:29:08.5320519Z
    http.request.method: POST
(2026-06-08T01:29:04.1528666Z, 2026-06-08T01:29:08.7226405Z] http.request.method: PUT url.scheme: http
Value: 0
Activity.SpanId:             11ca9e633239eaf8
Activity.Duration:           00:00:00.1883753
    url.scheme: http
Activity.Tags:
Activity.TraceFlags:         Recorded
(2026-06-08T01:29:04.1528666Z, 2026-06-08T01:29:08.7226405Z] http.request.method: PATCH url.scheme: http
Value: 0
    server.address: localhost
Activity.DisplayName:        POST api/auth/register/seller
    http.request.method: POST
    url.path: /api/auth/register/seller
(2026-06-08T01:29:04.1528666Z, 2026-06-08T01:29:08.7226405Z] http.request.method: DELETE url.scheme: http
Value: 0
Activity.Kind:               Server
Activity.Tags:
Activity.StartTime:          2026-06-08T01:29:08.2623193Z
    server.address: localhost
[22:29:08 INF] Executing endpoint 'Urbeat.WebApi.Controllers.AuthController.LoginSeller (Urbeat.WebApi)'
Activity.Duration:           00:00:00.3970102
    url.scheme: http
    url.path: /api/auth/login/seller
    network.protocol.version: 1.1
Activity.Tags:
    http.route: api/auth/register/seller
    server.address: localhost
    http.response.status_code: 201
    http.request.method: POST
Metric Name: http.server.request.duration, Description: Duration of HTTP server requests., Unit: s, Metric Type: Histogram
    url.scheme: http
Instrumentation scope (Meter):
Instrumentation scope (ActivitySource):
    url.path: /api/auth/register/seller
	Name: Microsoft.AspNetCore.Hosting
    Name: Microsoft.AspNetCore
Resource associated with Activity:
    telemetry.sdk.name: opentelemetry
    network.protocol.version: 1.1
    telemetry.sdk.language: dotnet
    telemetry.sdk.version: 1.14.0
    http.route: api/auth/login/seller
    service.name: unknown_service:testhost
[22:29:08 INF] Route matched with {action = "LoginSeller", controller = "Auth"}. Executing controller action with signature System.Threading.Tasks.Task`1[Microsoft.AspNetCore.Mvc.IActionResult] LoginSeller(Urbeat.Application.DTOs.LoginRequestDto, System.Threading.CancellationToken) on controller Urbeat.WebApi.Controllers.AuthController (Urbeat.WebApi).
    http.response.status_code: 200
Instrumentation scope (ActivitySource):
    Name: Microsoft.AspNetCore
    network.protocol.version: 1.1
Activity.TraceId:            df14950e0966be2ec1690efbfaf1ea90
    http.route: api/auth/register/seller
Activity.SpanId:             5d5de963bdad895d
    http.response.status_code: 201
Activity.TraceFlags:         Recorded
Instrumentation scope (ActivitySource):
Activity.DisplayName:        POST api/auth/register/customer
    Name: Microsoft.AspNetCore
Activity.Kind:               Server
Resource associated with Activity:
Activity.StartTime:          2026-06-08T01:29:08.3907744Z
    http.request.method: POST
Activity.Duration:           00:00:00.2692625
    url.scheme: http
Activity.Tags:
(2026-06-08T01:29:04.1528822Z, 2026-06-08T01:29:08.7226540Z] http.request.method: GET http.response.status_code: 401 http.route: api/stores/{storeId}/categories network.protocol.version: 1.1 url.scheme: http
Value: Sum: 0.1887134 Count: 1 Min: 0.1887134 Max: 0.1887134 
(-Infinity,0,005]:0
(0,005,0,01]:0
(0,01,0,025]:0
(0,025,0,05]:0
(0,05,0,075]:0
(0,075,0,1]:0
(0,1,0,25]:1
(0,25,0,5]:0
(0,5,0,75]:0
(0,75,1]:0
(1,2,5]:0
(2,5,5]:0
(5,7,5]:0
(7,5,10]:0
(10,+Infinity]:0
    server.address: localhost
    url.path: /api/subscriptions/contract
    http.request.method: POST
    network.protocol.version: 1.1
    url.scheme: http
    http.route: api/subscriptions/contract
    url.path: /api/auth/register/customer
    network.protocol.version: 1.1
(2026-06-08T01:29:04.1528822Z, 2026-06-08T01:29:08.7226540Z] http.request.method: GET http.response.status_code: 403 http.route: api/customer/home network.protocol.version: 1.1 url.scheme: http
Value: Sum: 0.1794913 Count: 1 Min: 0.1794913 Max: 0.1794913 
(-Infinity,0,005]:0
(0,005,0,01]:0
(0,01,0,025]:0
(0,025,0,05]:0
(0,05,0,075]:0
(0,075,0,1]:0
(0,1,0,25]:1
(0,25,0,5]:0
(0,5,0,75]:0
(0,75,1]:0
(1,2,5]:0
(2,5,5]:0
(5,7,5]:0
(7,5,10]:0
(10,+Infinity]:0
    http.route: api/auth/register/customer
Resource associated with Activity:
[22:29:08 INF] Executing action method Urbeat.WebApi.Controllers.AuthController.RegisterSeller (Urbeat.WebApi) - Validation state: Valid
    http.response.status_code: 201
Instrumentation scope (ActivitySource):
Activity.TraceId:            38a3132ad6141a7a3bf6870b8189cec5
    Name: Microsoft.AspNetCore
Activity.SpanId:             fe29b32398fb055f
Resource associated with Activity:
[22:29:08 INF] Executing endpoint 'Urbeat.WebApi.Controllers.AuthController.LoginCustomer (Urbeat.WebApi)'
    telemetry.sdk.name: opentelemetry
    telemetry.sdk.name: opentelemetry
Activity.TraceFlags:         Recorded
    telemetry.sdk.language: dotnet
Activity.DisplayName:        POST api/auth/register/seller
    telemetry.sdk.version: 1.14.0
    telemetry.sdk.language: dotnet
    service.name: unknown_service:testhost
    telemetry.sdk.version: 1.14.0
Activity.Kind:               Server
    service.name: unknown_service:testhost
Activity.StartTime:          2026-06-08T01:29:08.4305211Z
Activity.Duration:           00:00:00.2291529
Activity.Tags:
    server.address: localhost
    http.request.method: POST
    url.scheme: http
    url.path: /api/auth/register/seller
    network.protocol.version: 1.1
    http.response.status_code: 201
    http.route: api/auth/register/seller
Instrumentation scope (ActivitySource):
    http.response.status_code: 201
    Name: Microsoft.AspNetCore
Instrumentation scope (ActivitySource):
Resource associated with Activity:
    Name: Microsoft.AspNetCore
Resource associated with Activity:
    telemetry.sdk.name: opentelemetry
    telemetry.sdk.name: opentelemetry
    telemetry.sdk.language: dotnet
    telemetry.sdk.language: dotnet
    telemetry.sdk.version: 1.14.0
    telemetry.sdk.version: 1.14.0
    service.name: unknown_service:testhost
    service.name: unknown_service:testhost
Activity.TraceId:            38a3132ad6141a7a3bf6870b8189cec5
Activity.SpanId:             fe29b32398fb055f
Activity.TraceId:            878e6c2b5b7fb3cbccccacb1439f7aa9
Activity.TraceFlags:         Recorded
Activity.SpanId:             3780beb7cef0600b
Activity.DisplayName:        POST api/auth/register/seller
Activity.TraceFlags:         Recorded
Activity.Kind:               Server
Activity.DisplayName:        POST api/subscriptions/contract
Activity.StartTime:          2026-06-08T01:29:08.4305211Z
Activity.Kind:               Server
Activity.Duration:           00:00:00.2291529
Activity.Tags:
    server.address: localhost
    http.request.method: POST
    url.scheme: http
Activity.StartTime:          2026-06-08T01:29:08.3934924Z
    url.path: /api/auth/register/seller
Activity.Duration:           00:00:00.2970036
    network.protocol.version: 1.1
Activity.Tags:
    http.route: api/auth/register/seller
    http.response.status_code: 201
    server.address: localhost
Instrumentation scope (ActivitySource):
    Name: Microsoft.AspNetCore
    http.request.method: POST
Resource associated with Activity:
    telemetry.sdk.name: opentelemetry
    telemetry.sdk.name: opentelemetry
Activity.TraceId:            df14950e0966be2ec1690efbfaf1ea90
    telemetry.sdk.language: dotnet
Activity.SpanId:             5d5de963bdad895d
    telemetry.sdk.version: 1.14.0
    telemetry.sdk.language: dotnet
    service.name: unknown_service:testhost
Activity.TraceFlags:         Recorded
Activity.DisplayName:        POST api/auth/register/customer
    telemetry.sdk.version: 1.14.0
Activity.Kind:               Server
    service.name: unknown_service:testhost
Activity.StartTime:          2026-06-08T01:29:08.3907744Z
Activity.Duration:           00:00:00.2692625
Activity.Tags:
Activity.TraceId:            ae0be3647c88ebae9bd1ac21a31db3f7
    server.address: localhost
Activity.SpanId:             6aba5c962107b7fd
    http.request.method: POST
Activity.TraceFlags:         Recorded
    url.scheme: http
Activity.DisplayName:        POST api/auth/register/seller
    url.path: /api/auth/register/customer
Activity.Kind:               Server
    network.protocol.version: 1.1
    http.route: api/auth/register/customer
(2026-06-08T01:29:04.1528822Z, 2026-06-08T01:29:08.7226540Z] http.request.method: GET http.response.status_code: 400 http.route: api/address-lookup/cep/{cep} network.protocol.version: 1.1 url.scheme: http
Value: Sum: 0.214077 Count: 1 Min: 0.214077 Max: 0.214077 
(-Infinity,0,005]:0
(0,005,0,01]:0
(0,01,0,025]:0
(0,025,0,05]:0
(0,05,0,075]:0
(0,075,0,1]:0
(0,1,0,25]:1
(0,25,0,5]:0
(0,5,0,75]:0
(0,75,1]:0
(1,2,5]:0
(2,5,5]:0
(5,7,5]:0
(7,5,10]:0
(10,+Infinity]:0
Activity.StartTime:          2026-06-08T01:29:08.3959858Z
Activity.Duration:           00:00:00.2652282
Activity.Tags:
    server.address: localhost
    http.request.method: POST
    url.scheme: http
    url.path: /api/auth/register/seller
    network.protocol.version: 1.1
    http.route: api/auth/register/seller
    http.response.status_code: 201
Instrumentation scope (ActivitySource):
    Name: Microsoft.AspNetCore
(2026-06-08T01:29:04.1528822Z, 2026-06-08T01:29:08.7226540Z] http.request.method: GET http.response.status_code: 403 http.route: api/admin/dashboard network.protocol.version: 1.1 url.scheme: http
Value: Sum: 0.0062894 Count: 1 Min: 0.0062894 Max: 0.0062894 
(-Infinity,0,005]:0
(0,005,0,01]:1
(0,01,0,025]:0
(0,025,0,05]:0
(0,05,0,075]:0
(0,075,0,1]:0
(0,1,0,25]:0
(0,25,0,5]:0
(0,5,0,75]:0
(0,75,1]:0
(1,2,5]:0
(2,5,5]:0
(5,7,5]:0
(7,5,10]:0
(10,+Infinity]:0
Resource associated with Activity:
    telemetry.sdk.name: opentelemetry
    telemetry.sdk.language: dotnet
    telemetry.sdk.version: 1.14.0
    service.name: unknown_service:testhost
(2026-06-08T01:29:04.1528822Z, 2026-06-08T01:29:08.7226540Z] http.request.method: GET http.response.status_code: 403 http.route: api/seller/panel network.protocol.version: 1.1 url.scheme: http
Value: Sum: 0.0081006 Count: 1 Min: 0.0081006 Max: 0.0081006 
(-Infinity,0,005]:0
(0,005,0,01]:1
(0,01,0,025]:0
(0,025,0,05]:0
(0,05,0,075]:0
(0,075,0,1]:0
(0,1,0,25]:0
(0,25,0,5]:0
(0,5,0,75]:0
(0,75,1]:0
(1,2,5]:0
(2,5,5]:0
(5,7,5]:0
(7,5,10]:0
(10,+Infinity]:0
    url.scheme: http
    url.path: /api/subscriptions/contract
    network.protocol.version: 1.1
    http.route: api/subscriptions/contract
    http.response.status_code: 201
Instrumentation scope (ActivitySource):
    Name: Microsoft.AspNetCore
Resource associated with Activity:
[22:29:08 INF] Request starting HTTP/1.1 POST http://localhost/api/auth/login/customer - application/json; charset=utf-8 null
(2026-06-08T01:29:04.1528822Z, 2026-06-08T01:29:08.7226540Z] http.request.method: GET http.response.status_code: 200 http.route: api/customer/home network.protocol.version: 1.1 url.scheme: http
Value: Sum: 0.0835938 Count: 1 Min: 0.0835938 Max: 0.0835938 
(-Infinity,0,005]:0
(0,005,0,01]:0
(0,01,0,025]:0
(0,025,0,05]:0
(0,05,0,075]:0
(0,075,0,1]:1
(0,1,0,25]:0
(0,25,0,5]:0
(0,5,0,75]:0
(0,75,1]:0
(1,2,5]:0
(2,5,5]:0
(5,7,5]:0
(7,5,10]:0
(10,+Infinity]:0
    telemetry.sdk.name: opentelemetry
    telemetry.sdk.language: dotnet
    telemetry.sdk.version: 1.14.0
    service.name: unknown_service:testhost
(2026-06-08T01:29:04.1528822Z, 2026-06-08T01:29:08.7226540Z] http.request.method: GET http.response.status_code: 200 http.route: api/admin/dashboard network.protocol.version: 1.1 url.scheme: http
Value: Sum: 0.0702009 Count: 1 Min: 0.0702009 Max: 0.0702009 
(-Infinity,0,005]:0
(0,005,0,01]:0
(0,01,0,025]:0
(0,025,0,05]:0
(0,05,0,075]:1
(0,075,0,1]:0
(0,1,0,25]:0
(0,25,0,5]:0
(0,5,0,75]:0
(0,75,1]:0
(1,2,5]:0
(2,5,5]:0
(5,7,5]:0
(7,5,10]:0
(10,+Infinity]:0
(2026-06-08T01:29:04.1528822Z, 2026-06-08T01:29:08.7226540Z] http.request.method: GET http.response.status_code: 200 http.route: api/seller/panel network.protocol.version: 1.1 url.scheme: http
Value: Sum: 0.0039645 Count: 1 Min: 0.0039645 Max: 0.0039645 
(-Infinity,0,005]:1
(0,005,0,01]:0
(0,01,0,025]:0
(0,025,0,05]:0
(0,05,0,075]:0
(0,075,0,1]:0
(0,1,0,25]:0
(0,25,0,5]:0
(0,5,0,75]:0
(0,75,1]:0
(1,2,5]:0
(2,5,5]:0
(5,7,5]:0
(7,5,10]:0
(10,+Infinity]:0
(2026-06-08T01:29:04.1528822Z, 2026-06-08T01:29:08.7226540Z] http.request.method: GET http.response.status_code: 401 http.route: api/seller/panel network.protocol.version: 1.1 url.scheme: http
Value: Sum: 0.0475293 Count: 1 Min: 0.0475293 Max: 0.0475293 
(-Infinity,0,005]:0
(0,005,0,01]:0
(0,01,0,025]:0
(0,025,0,05]:1
(0,05,0,075]:0
(0,075,0,1]:0
(0,1,0,25]:0
(0,25,0,5]:0
(0,5,0,75]:0
(0,75,1]:0
(1,2,5]:0
(2,5,5]:0
(5,7,5]:0
(7,5,10]:0
(10,+Infinity]:0
(2026-06-08T01:29:04.1528822Z, 2026-06-08T01:29:08.7226540Z] http.request.method: POST http.response.status_code: 200 http.route: api/auth/login/admin network.protocol.version: 1.1 url.scheme: http
Value: Sum: 0.8421472 Count: 3 Min: 0.1740748 Max: 0.4766453 
(-Infinity,0,005]:0
(0,005,0,01]:0
(0,01,0,025]:0
(0,025,0,05]:0
(0,05,0,075]:0
(0,075,0,1]:0
(0,1,0,25]:2
(0,25,0,5]:1
(0,5,0,75]:0
(0,75,1]:0
(1,2,5]:0
(2,5,5]:0
(5,7,5]:0
(7,5,10]:0
(10,+Infinity]:0
[22:29:08 INF] Executing action method Urbeat.WebApi.Controllers.AuthController.LoginSeller (Urbeat.WebApi) - Validation state: Valid
(2026-06-08T01:29:04.1528822Z, 2026-06-08T01:29:08.7226540Z] http.request.method: POST http.response.status_code: 201 http.route: api/auth/register/seller network.protocol.version: 1.1 url.scheme: http
Value: Sum: 5.548555900000001 Count: 15 Min: 0.1421609 Max: 0.6480225 
(-Infinity,0,005]:0
(0,005,0,01]:0
(0,01,0,025]:0
(0,025,0,05]:0
(0,05,0,075]:0
(0,075,0,1]:0
(0,1,0,25]:6
(0,25,0,5]:2
(0,5,0,75]:7
(0,75,1]:0
(1,2,5]:0
(2,5,5]:0
(5,7,5]:0
(7,5,10]:0
(10,+Infinity]:0
Activity.TraceId:            a100710fc5dc1a6c39c219bdd3a5923f
    http.response.status_code: 201
Activity.SpanId:             fb2ce00bbf318f7d
(2026-06-08T01:29:04.1528822Z, 2026-06-08T01:29:08.7226540Z] http.request.method: POST http.response.status_code: 201 http.route: api/auth/register/customer network.protocol.version: 1.1 url.scheme: http
Value: Sum: 1.7357261999999998 Count: 6 Min: 0.1042389 Max: 0.6151793 
(-Infinity,0,005]:0
(0,005,0,01]:0
(0,01,0,025]:0
(0,025,0,05]:0
(0,05,0,075]:0
(0,075,0,1]:0
(0,1,0,25]:2
(0,25,0,5]:3
(0,5,0,75]:1
(0,75,1]:0
(1,2,5]:0
(2,5,5]:0
(5,7,5]:0
(7,5,10]:0
(10,+Infinity]:0
Instrumentation scope (ActivitySource):
Activity.TraceFlags:         Recorded
    Name: Microsoft.AspNetCore
Activity.DisplayName:        POST api/auth/login/seller
(2026-06-08T01:29:04.1528822Z, 2026-06-08T01:29:08.7226540Z] http.request.method: GET http.response.status_code: 401 http.route: api/admin/dashboard network.protocol.version: 1.1 url.scheme: http
Value: Sum: 0.0472334 Count: 1 Min: 0.0472334 Max: 0.0472334 
(-Infinity,0,005]:0
(0,005,0,01]:0
(0,01,0,025]:0
(0,025,0,05]:1
(0,05,0,075]:0
(0,075,0,1]:0
(0,1,0,25]:0
(0,25,0,5]:0
(0,5,0,75]:0
(0,75,1]:0
(1,2,5]:0
(2,5,5]:0
(5,7,5]:0
(7,5,10]:0
(10,+Infinity]:0
Resource associated with Activity:
Activity.Kind:               Server
(2026-06-08T01:29:04.1528822Z, 2026-06-08T01:29:08.7226540Z] http.request.method: GET http.response.status_code: 401 http.route: api/customer/home network.protocol.version: 1.1 url.scheme: http
Value: Sum: 0.0376968 Count: 1 Min: 0.0376968 Max: 0.0376968 
(-Infinity,0,005]:0
(0,005,0,01]:0
(0,01,0,025]:0
(0,025,0,05]:1
(0,05,0,075]:0
(0,075,0,1]:0
(0,1,0,25]:0
(0,25,0,5]:0
(0,5,0,75]:0
(0,75,1]:0
(1,2,5]:0
(2,5,5]:0
(5,7,5]:0
(7,5,10]:0
(10,+Infinity]:0
    telemetry.sdk.name: opentelemetry
    telemetry.sdk.language: dotnet
Activity.TraceId:            38a3132ad6141a7a3bf6870b8189cec5
    telemetry.sdk.version: 1.14.0
Activity.StartTime:          2026-06-08T01:29:08.5320519Z
    service.name: unknown_service:testhost
Activity.SpanId:             fe29b32398fb055f
[22:29:08 INF] Server fabio-mobile:44964:c0ea29c7 All dispatchers stopped
Activity.TraceFlags:         Recorded
Activity.DisplayName:        POST api/auth/register/seller
Activity.Kind:               Server
(2026-06-08T01:29:04.1528822Z, 2026-06-08T01:29:08.7226540Z] http.request.method: POST http.response.status_code: 201 http.route: api/admin/plans network.protocol.version: 1.1 url.scheme: http
Value: Sum: 0.4636601 Count: 3 Min: 0.0957026 Max: 0.2358555 
(-Infinity,0,005]:0
(0,005,0,01]:0
(0,01,0,025]:0
(0,025,0,05]:0
(0,05,0,075]:0
(0,075,0,1]:1
(0,1,0,25]:2
(0,25,0,5]:0
(0,5,0,75]:0
(0,75,1]:0
(1,2,5]:0
(2,5,5]:0
(5,7,5]:0
(7,5,10]:0
(10,+Infinity]:0
Activity.Duration:           00:00:00.1883753
Activity.Tags:
    server.address: localhost
Activity.TraceId:            df14950e0966be2ec1690efbfaf1ea90
Activity.StartTime:          2026-06-08T01:29:08.4305211Z
    http.request.method: POST
Activity.TraceId:            ae0be3647c88ebae9bd1ac21a31db3f7
    url.scheme: http
Activity.SpanId:             6aba5c962107b7fd
    url.path: /api/auth/login/seller
Activity.TraceFlags:         Recorded
Activity.Duration:           00:00:00.2291529
    network.protocol.version: 1.1
Activity.Tags:
    http.route: api/auth/login/seller
    server.address: localhost
    http.response.status_code: 200
Activity.DisplayName:        POST api/auth/register/seller
    http.request.method: POST
Instrumentation scope (ActivitySource):
Activity.Kind:               Server
    url.scheme: http
    Name: Microsoft.AspNetCore
    url.path: /api/auth/register/seller
Resource associated with Activity:
    network.protocol.version: 1.1
Activity.StartTime:          2026-06-08T01:29:08.3959858Z
    http.route: api/auth/register/seller
    telemetry.sdk.name: opentelemetry
Activity.Duration:           00:00:00.2652282
    telemetry.sdk.language: dotnet
Activity.Tags:
    http.response.status_code: 201
    server.address: localhost
Instrumentation scope (ActivitySource):
    telemetry.sdk.version: 1.14.0
    http.request.method: POST
    Name: Microsoft.AspNetCore
    url.scheme: http
    service.name: unknown_service:testhost
    url.path: /api/auth/register/seller
Resource associated with Activity:
    network.protocol.version: 1.1
    telemetry.sdk.name: opentelemetry
    http.route: api/auth/register/seller
    telemetry.sdk.language: dotnet
    http.response.status_code: 201
Activity.TraceId:            a100710fc5dc1a6c39c219bdd3a5923f
Instrumentation scope (ActivitySource):
    telemetry.sdk.version: 1.14.0
Activity.SpanId:             fb2ce00bbf318f7d
    service.name: unknown_service:testhost
Activity.TraceFlags:         Recorded
    Name: Microsoft.AspNetCore
[22:29:08 INF] Request starting HTTP/1.1 POST http://localhost/api/stores - application/json; charset=utf-8 null
Resource associated with Activity:
Activity.DisplayName:        POST api/auth/login/seller
    telemetry.sdk.name: opentelemetry
    telemetry.sdk.language: dotnet
    telemetry.sdk.version: 1.14.0
    service.name: unknown_service:testhost
Activity.Kind:               Server
[22:29:08 INF] Executing endpoint 'Urbeat.WebApi.Controllers.AuthController.LoginCustomer (Urbeat.WebApi)'
(2026-06-08T01:29:04.1528822Z, 2026-06-08T01:29:08.7226540Z] http.request.method: POST http.response.status_code: 200 http.route: api/auth/login/customer network.protocol.version: 1.1 url.scheme: http
Value: Sum: 0.2854274 Count: 1 Min: 0.2854274 Max: 0.2854274 
(-Infinity,0,005]:0
(0,005,0,01]:0
(0,01,0,025]:0
(0,025,0,05]:0
(0,05,0,075]:0
(0,075,0,1]:0
(0,1,0,25]:0
(0,25,0,5]:1
(0,5,0,75]:0
(0,75,1]:0
(1,2,5]:0
(2,5,5]:0
(5,7,5]:0
(7,5,10]:0
(10,+Infinity]:0
Activity.StartTime:          2026-06-08T01:29:08.5320519Z
Activity.Duration:           00:00:00.1883753
Activity.SpanId:             5d5de963bdad895d
Activity.Tags:
Activity.TraceFlags:         Recorded
    server.address: localhost
Activity.DisplayName:        POST api/auth/register/customer
    http.request.method: POST
Activity.Kind:               Server
[22:29:08 INF] Route matched with {action = "LoginCustomer", controller = "Auth"}. Executing controller action with signature System.Threading.Tasks.Task`1[Microsoft.AspNetCore.Mvc.IActionResult] LoginCustomer(Urbeat.Application.DTOs.LoginRequestDto, System.Threading.CancellationToken) on controller Urbeat.WebApi.Controllers.AuthController (Urbeat.WebApi).
    url.scheme: http
Activity.StartTime:          2026-06-08T01:29:08.3907744Z
    url.path: /api/auth/login/seller
(2026-06-08T01:29:04.1528822Z, 2026-06-08T01:29:08.7226540Z] http.request.method: POST http.response.status_code: 200 http.route: api/auth/login/seller network.protocol.version: 1.1 url.scheme: http
Value: Sum: 2.1016256 Count: 10 Min: 0.1432882 Max: 0.2976963 
(-Infinity,0,005]:0
(0,005,0,01]:0
(0,01,0,025]:0
(0,025,0,05]:0
(0,05,0,075]:0
(0,075,0,1]:0
(0,1,0,25]:8
(0,25,0,5]:2
(0,5,0,75]:0
(0,75,1]:0
(1,2,5]:0
(2,5,5]:0
(5,7,5]:0
(7,5,10]:0
(10,+Infinity]:0
Activity.Duration:           00:00:00.2692625
    network.protocol.version: 1.1
Activity.Tags:
    http.route: api/auth/login/seller
    server.address: localhost
    http.response.status_code: 200
    http.request.method: POST
Instrumentation scope (ActivitySource):
    url.scheme: http
    Name: Microsoft.AspNetCore
    url.path: /api/auth/register/customer
Resource associated with Activity:
    network.protocol.version: 1.1
    telemetry.sdk.name: opentelemetry
    http.route: api/auth/register/customer
    telemetry.sdk.language: dotnet
    http.response.status_code: 201
(2026-06-08T01:29:04.1528822Z, 2026-06-08T01:29:08.7226540Z] http.request.method: POST http.response.status_code: 400 http.route: api/auth/email/confirm/{code} network.protocol.version: 1.1 url.scheme: http
Value: Sum: 0.2705424 Count: 3 Min: 0.0280381 Max: 0.2124374 
(-Infinity,0,005]:0
(0,005,0,01]:0
(0,01,0,025]:0
(0,025,0,05]:2
(0,05,0,075]:0
(0,075,0,1]:0
(0,1,0,25]:1
(0,25,0,5]:0
(0,5,0,75]:0
(0,75,1]:0
(1,2,5]:0
(2,5,5]:0
(5,7,5]:0
(7,5,10]:0
(10,+Infinity]:0
    telemetry.sdk.version: 1.14.0
Instrumentation scope (ActivitySource):
[22:29:08 INF] Route matched with {action = "LoginSeller", controller = "Auth"}. Executing controller action with signature System.Threading.Tasks.Task`1[Microsoft.AspNetCore.Mvc.IActionResult] LoginSeller(Urbeat.Application.DTOs.LoginRequestDto, System.Threading.CancellationToken) on controller Urbeat.WebApi.Controllers.AuthController (Urbeat.WebApi).
    service.name: unknown_service:testhost
    Name: Microsoft.AspNetCore
(2026-06-08T01:29:04.1528822Z, 2026-06-08T01:29:08.7226540Z] http.request.method: POST http.response.status_code: 400 http.route: api/auth/email/resend-confirmation network.protocol.version: 1.1 url.scheme: http
Value: Sum: 0.2919295 Count: 2 Min: 0.0771669 Max: 0.2147626 
(-Infinity,0,005]:0
(0,005,0,01]:0
(0,01,0,025]:0
(0,025,0,05]:0
(0,05,0,075]:0
(0,075,0,1]:1
(0,1,0,25]:1
(0,25,0,5]:0
(0,5,0,75]:0
(0,75,1]:0
(1,2,5]:0
(2,5,5]:0
(5,7,5]:0
(7,5,10]:0
(10,+Infinity]:0
Resource associated with Activity:
Activity.TraceId:            a100710fc5dc1a6c39c219bdd3a5923f
    telemetry.sdk.name: opentelemetry
Activity.SpanId:             fb2ce00bbf318f7d
    telemetry.sdk.language: dotnet
    telemetry.sdk.version: 1.14.0
    service.name: unknown_service:testhost
Activity.TraceFlags:         Recorded
[22:29:08 INF] Request starting HTTP/1.1 GET http://localhost/api/subscriptions/my - null null
(2026-06-08T01:29:04.1528822Z, 2026-06-08T01:29:08.7226540Z] http.request.method: PUT http.response.status_code: 200 http.route: api/admin/plans/{planId} network.protocol.version: 1.1 url.scheme: http
Value: Sum: 0.0809147 Count: 1 Min: 0.0809147 Max: 0.0809147 
(-Infinity,0,005]:0
(0,005,0,01]:0
(0,01,0,025]:0
(0,025,0,05]:0
(0,05,0,075]:0
(0,075,0,1]:1
(0,1,0,25]:0
(0,25,0,5]:0
(0,5,0,75]:0
(0,75,1]:0
(1,2,5]:0
(2,5,5]:0
(5,7,5]:0
(7,5,10]:0
(10,+Infinity]:0
Activity.DisplayName:        POST api/auth/login/seller
Activity.Kind:               Server
Activity.TraceId:            df14950e0966be2ec1690efbfaf1ea90
(2026-06-08T01:29:04.1528822Z, 2026-06-08T01:29:08.7226540Z] http.request.method: PATCH http.response.status_code: 200 http.route: api/admin/plans/{planId}/status network.protocol.version: 1.1 url.scheme: http
Value: Sum: 0.0077534 Count: 1 Min: 0.0077534 Max: 0.0077534 
(-Infinity,0,005]:0
(0,005,0,01]:1
(0,01,0,025]:0
(0,025,0,05]:0
(0,05,0,075]:0
(0,075,0,1]:0
(0,1,0,25]:0
(0,25,0,5]:0
(0,5,0,75]:0
(0,75,1]:0
(1,2,5]:0
(2,5,5]:0
(5,7,5]:0
(7,5,10]:0
(10,+Infinity]:0
Activity.SpanId:             5d5de963bdad895d
Activity.StartTime:          2026-06-08T01:29:08.5320519Z
Activity.TraceFlags:         Recorded
Activity.Duration:           00:00:00.1883753
Activity.DisplayName:        POST api/auth/register/customer
Activity.Tags:
Activity.Kind:               Server
    server.address: localhost
    http.request.method: POST
    url.scheme: http
Activity.StartTime:          2026-06-08T01:29:08.3907744Z
    url.path: /api/auth/login/seller
(2026-06-08T01:29:04.1528822Z, 2026-06-08T01:29:08.7226540Z] http.request.method: GET http.response.status_code: 200 http.route: /health network.protocol.version: 1.1 url.scheme: http
Value: Sum: 0.0093709 Count: 1 Min: 0.0093709 Max: 0.0093709 
(-Infinity,0,005]:0
(0,005,0,01]:1
(0,01,0,025]:0
(0,025,0,05]:0
(0,05,0,075]:0
(0,075,0,1]:0
(0,1,0,25]:0
(0,25,0,5]:0
(0,5,0,75]:0
(0,75,1]:0
(1,2,5]:0
(2,5,5]:0
(5,7,5]:0
(7,5,10]:0
(10,+Infinity]:0
    network.protocol.version: 1.1
Activity.Duration:           00:00:00.2692625
    http.route: api/auth/login/seller
Activity.Tags:
    http.response.status_code: 200
    server.address: localhost
Instrumentation scope (ActivitySource):
    http.request.method: POST
    Name: Microsoft.AspNetCore
    url.scheme: http
Resource associated with Activity:
    telemetry.sdk.name: opentelemetry
(2026-06-08T01:29:04.1528822Z, 2026-06-08T01:29:08.7226540Z] http.request.method: POST http.response.status_code: 400 http.route: api/stores network.protocol.version: 1.1 url.scheme: http
Value: Sum: 0.2476041 Count: 1 Min: 0.2476041 Max: 0.2476041 
(-Infinity,0,005]:0
(0,005,0,01]:0
(0,01,0,025]:0
(0,025,0,05]:0
(0,05,0,075]:0
(0,075,0,1]:0
(0,1,0,25]:1
(0,25,0,5]:0
(0,5,0,75]:0
(0,75,1]:0
(1,2,5]:0
(2,5,5]:0
(5,7,5]:0
(7,5,10]:0
(10,+Infinity]:0
    url.path: /api/auth/register/customer
    network.protocol.version: 1.1
Activity.TraceId:            ae0be3647c88ebae9bd1ac21a31db3f7
    http.route: api/auth/register/customer
Activity.SpanId:             6aba5c962107b7fd
    telemetry.sdk.language: dotnet
Activity.TraceFlags:         Recorded
    telemetry.sdk.version: 1.14.0
Activity.DisplayName:        POST api/auth/register/seller
    service.name: unknown_service:testhost
Activity.Kind:               Server
(2026-06-08T01:29:04.1528822Z, 2026-06-08T01:29:08.7226540Z] http.request.method: GET http.response.status_code: 200 http.route: api/stores/cuisine-types network.protocol.version: 1.1 url.scheme: http
Value: Sum: 0.1734619 Count: 1 Min: 0.1734619 Max: 0.1734619 
(-Infinity,0,005]:0
(0,005,0,01]:0
(0,01,0,025]:0
(0,025,0,05]:0
(0,05,0,075]:0
(0,075,0,1]:0
(0,1,0,25]:1
(0,25,0,5]:0
(0,5,0,75]:0
(0,75,1]:0
(1,2,5]:0
(2,5,5]:0
(5,7,5]:0
(7,5,10]:0
(10,+Infinity]:0
Activity.StartTime:          2026-06-08T01:29:08.3959858Z
Activity.Duration:           00:00:00.2652282
Activity.Tags:
    server.address: localhost
Activity.TraceId:            a100710fc5dc1a6c39c219bdd3a5923f
    http.request.method: POST
Activity.SpanId:             fb2ce00bbf318f7d
    url.scheme: http
Activity.TraceFlags:         Recorded
    url.path: /api/auth/register/seller
Activity.DisplayName:        POST api/auth/login/seller
    network.protocol.version: 1.1
(2026-06-08T01:29:04.1528822Z, 2026-06-08T01:29:08.7226540Z] http.request.method: POST http.response.status_code: 201 http.route: api/customer/addresses network.protocol.version: 1.1 url.scheme: http
Value: Sum: 0.4801264 Count: 3 Min: 0.0676852 Max: 0.3100963 
(-Infinity,0,005]:0
(0,005,0,01]:0
(0,01,0,025]:0
(0,025,0,05]:0
(0,05,0,075]:1
(0,075,0,1]:0
(0,1,0,25]:1
(0,25,0,5]:1
(0,5,0,75]:0
(0,75,1]:0
(1,2,5]:0
(2,5,5]:0
(5,7,5]:0
(7,5,10]:0
(10,+Infinity]:0
Activity.Kind:               Server
    http.route: api/auth/register/seller
    http.response.status_code: 201
Instrumentation scope (ActivitySource):
Activity.StartTime:          2026-06-08T01:29:08.5320519Z
    Name: Microsoft.AspNetCore
Activity.Duration:           00:00:00.1883753
Resource associated with Activity:
Activity.Tags:
    telemetry.sdk.name: opentelemetry
    server.address: localhost
    telemetry.sdk.language: dotnet
(2026-06-08T01:29:04.1528822Z, 2026-06-08T01:29:08.7226540Z] http.request.method: POST http.response.status_code: 415 http.route: api/auth/email/confirm network.protocol.version: 1.1 url.scheme: http
Value: Sum: 0.1054365 Count: 1 Min: 0.1054365 Max: 0.1054365 
(-Infinity,0,005]:0
(0,005,0,01]:0
(0,01,0,025]:0
(0,025,0,05]:0
(0,05,0,075]:0
(0,075,0,1]:0
(0,1,0,25]:1
(0,25,0,5]:0
(0,5,0,75]:0
(0,75,1]:0
(1,2,5]:0
(2,5,5]:0
(5,7,5]:0
(7,5,10]:0
(10,+Infinity]:0
[22:29:08 INF] Server fabio-mobile:44964:c0ea29c7 successfully reported itself as stopped in 0,1348 ms
    telemetry.sdk.version: 1.14.0
    service.name: unknown_service:testhost
(2026-06-08T01:29:04.1528822Z, 2026-06-08T01:29:08.7226540Z] http.request.method: POST http.response.status_code: 201 http.route: api/stores network.protocol.version: 1.1 url.scheme: http
Value: Sum: 2.1944134 Count: 6 Min: 0.1720239 Max: 0.4716885 
(-Infinity,0,005]:0
(0,005,0,01]:0
(0,01,0,025]:0
(0,025,0,05]:0
(0,05,0,075]:0
(0,075,0,1]:0
(0,1,0,25]:1
(0,25,0,5]:5
(0,5,0,75]:0
(0,75,1]:0
(1,2,5]:0
(2,5,5]:0
(5,7,5]:0
(7,5,10]:0
(10,+Infinity]:0
    http.response.status_code: 201
    http.request.method: POST
Instrumentation scope (ActivitySource):
    url.scheme: http
    Name: Microsoft.AspNetCore
    url.path: /api/auth/login/seller
(2026-06-08T01:29:04.1528822Z, 2026-06-08T01:29:08.7226540Z] http.request.method: GET http.response.status_code: 200 http.route: api/admin/plans network.protocol.version: 1.1 url.scheme: http
Value: Sum: 0.1440776 Count: 1 Min: 0.1440776 Max: 0.1440776 
(-Infinity,0,005]:0
(0,005,0,01]:0
(0,01,0,025]:0
(0,025,0,05]:0
(0,05,0,075]:0
(0,075,0,1]:0
(0,1,0,25]:1
(0,25,0,5]:0
(0,5,0,75]:0
(0,75,1]:0
(1,2,5]:0
(2,5,5]:0
(5,7,5]:0
(7,5,10]:0
(10,+Infinity]:0
    network.protocol.version: 1.1
Resource associated with Activity:
    http.route: api/auth/login/seller
    telemetry.sdk.name: opentelemetry
    telemetry.sdk.language: dotnet
    http.response.status_code: 200
    telemetry.sdk.version: 1.14.0
    service.name: unknown_service:testhost
Instrumentation scope (ActivitySource):
    Name: Microsoft.AspNetCore
Resource associated with Activity:
(2026-06-08T01:29:04.1528822Z, 2026-06-08T01:29:08.7226540Z] http.request.method: POST http.response.status_code: 200 http.route: api/auth/email/resend-confirmation network.protocol.version: 1.1 url.scheme: http
Value: Sum: 0.2775514 Count: 3 Min: 0.0689539 Max: 0.1048669 
(-Infinity,0,005]:0
(0,005,0,01]:0
(0,01,0,025]:0
(0,025,0,05]:0
(0,05,0,075]:1
(0,075,0,1]:0
(0,1,0,25]:2
(0,25,0,5]:0
(0,5,0,75]:0
(0,75,1]:0
(1,2,5]:0
(2,5,5]:0
(5,7,5]:0
(7,5,10]:0
(10,+Infinity]:0
[22:29:08 INF] Executing endpoint 'Urbeat.WebApi.Controllers.StoresController.Create (Urbeat.WebApi)'
Activity.TraceId:            ae0be3647c88ebae9bd1ac21a31db3f7
[22:29:08 INF] Server fabio-mobile:44964:c0ea29c7 has been stopped in total 31,3408 ms
    telemetry.sdk.name: opentelemetry
Activity.SpanId:             6aba5c962107b7fd
    telemetry.sdk.language: dotnet
    telemetry.sdk.version: 1.14.0
Activity.TraceFlags:         Recorded
    service.name: unknown_service:testhost
Activity.DisplayName:        POST api/auth/register/seller
[22:29:08 INF] Request starting HTTP/1.1 POST http://localhost/api/auth/login/customer - application/json; charset=utf-8 null
Activity.TraceId:            a100710fc5dc1a6c39c219bdd3a5923f
Activity.SpanId:             fb2ce00bbf318f7d
Activity.TraceFlags:         Recorded
Activity.DisplayName:        POST api/auth/login/seller
[22:29:08 INF] Executing endpoint 'Urbeat.WebApi.Controllers.SubscriptionsController.GetMySubscription (Urbeat.WebApi)'
Activity.Kind:               Server
(2026-06-08T01:29:04.1528822Z, 2026-06-08T01:29:08.7226540Z] http.request.method: PATCH http.response.status_code: 200 http.route: api/stores/{storeId}/status network.protocol.version: 1.1 url.scheme: http
Value: Sum: 0.12360100000000002 Count: 2 Min: 0.0523969 Max: 0.0712041 
(-Infinity,0,005]:0
(0,005,0,01]:0
(0,01,0,025]:0
(0,025,0,05]:0
(0,05,0,075]:2
(0,075,0,1]:0
(0,1,0,25]:0
(0,25,0,5]:0
(0,5,0,75]:0
(0,75,1]:0
(1,2,5]:0
(2,5,5]:0
(5,7,5]:0
(7,5,10]:0
(10,+Infinity]:0
Activity.StartTime:          2026-06-08T01:29:08.5320519Z
Activity.Duration:           00:00:00.1883753
Activity.Tags:
    server.address: localhost
    http.request.method: POST
    url.scheme: http
    url.path: /api/auth/login/seller
    network.protocol.version: 1.1
    http.route: api/auth/login/seller
(2026-06-08T01:29:04.1528822Z, 2026-06-08T01:29:08.7226540Z] http.request.method: PATCH http.response.status_code: 200 http.route: api/stores/{storeId}/delivery-config network.protocol.version: 1.1 url.scheme: http
Value: Sum: 0.4146544 Count: 3 Min: 0.1269638 Max: 0.144072 
(-Infinity,0,005]:0
(0,005,0,01]:0
(0,01,0,025]:0
(0,025,0,05]:0
(0,05,0,075]:0
(0,075,0,1]:0
(0,1,0,25]:3
(0,25,0,5]:0
(0,5,0,75]:0
(0,75,1]:0
(1,2,5]:0
(2,5,5]:0
(5,7,5]:0
(7,5,10]:0
(10,+Infinity]:0
    http.response.status_code: 200
Instrumentation scope (ActivitySource):
    Name: Microsoft.AspNetCore
Resource associated with Activity:
(2026-06-08T01:29:04.1528822Z, 2026-06-08T01:29:08.7226540Z] http.request.method: DELETE http.response.status_code: 404 http.route: api/stores/{storeId}/categories/{categoryId} network.protocol.version: 1.1 url.scheme: http
Value: Sum: 0.1927955 Count: 1 Min: 0.1927955 Max: 0.1927955 
(-Infinity,0,005]:0
(0,005,0,01]:0
(0,01,0,025]:0
(0,025,0,05]:0
(0,05,0,075]:0
(0,075,0,1]:0
(0,1,0,25]:1
(0,25,0,5]:0
(0,5,0,75]:0
(0,75,1]:0
(1,2,5]:0
(2,5,5]:0
(5,7,5]:0
(7,5,10]:0
(10,+Infinity]:0
[22:29:08 INF] Route matched with {action = "Create", controller = "Stores"}. Executing controller action with signature System.Threading.Tasks.Task`1[Microsoft.AspNetCore.Mvc.IActionResult] Create(Urbeat.Application.DTOs.CreateStoreRequestDto, System.Threading.CancellationToken) on controller Urbeat.WebApi.Controllers.StoresController (Urbeat.WebApi).
    telemetry.sdk.name: opentelemetry
    telemetry.sdk.language: dotnet
    telemetry.sdk.version: 1.14.0
(2026-06-08T01:29:04.1528822Z, 2026-06-08T01:29:08.7226540Z] http.request.method: GET http.response.status_code: 200 http.route: api/stores/my-store network.protocol.version: 1.1 url.scheme: http
Value: Sum: 0.341303 Count: 2 Min: 0.1379043 Max: 0.2033987 
(-Infinity,0,005]:0
(0,005,0,01]:0
(0,01,0,025]:0
(0,025,0,05]:0
(0,05,0,075]:0
(0,075,0,1]:0
(0,1,0,25]:2
(0,25,0,5]:0
(0,5,0,75]:0
(0,75,1]:0
(1,2,5]:0
(2,5,5]:0
(5,7,5]:0
(7,5,10]:0
(10,+Infinity]:0
    service.name: unknown_service:testhost
Activity.TraceId:            a100710fc5dc1a6c39c219bdd3a5923f
(2026-06-08T01:29:04.1528822Z, 2026-06-08T01:29:08.7226540Z] http.request.method: POST http.response.status_code: 204 http.route: api/admin/subscriptions/status network.protocol.version: 1.1 url.scheme: http
Value: Sum: 0.1895287 Count: 1 Min: 0.1895287 Max: 0.1895287 
(-Infinity,0,005]:0
(0,005,0,01]:0
(0,01,0,025]:0
(0,025,0,05]:0
(0,05,0,075]:0
(0,075,0,1]:0
(0,1,0,25]:1
(0,25,0,5]:0
(0,5,0,75]:0
(0,75,1]:0
(1,2,5]:0
(2,5,5]:0
(5,7,5]:0
(7,5,10]:0
(10,+Infinity]:0
Activity.SpanId:             fb2ce00bbf318f7d
Activity.TraceFlags:         Recorded
Activity.DisplayName:        POST api/auth/login/seller
Activity.Kind:               Server
(2026-06-08T01:29:04.1528822Z, 2026-06-08T01:29:08.7226540Z] http.request.method: POST http.response.status_code: 409 http.route: api/customer/addresses network.protocol.version: 1.1 url.scheme: http
Value: Sum: 0.0664064 Count: 1 Min: 0.0664064 Max: 0.0664064 
(-Infinity,0,005]:0
(0,005,0,01]:0
(0,01,0,025]:0
(0,025,0,05]:0
(0,05,0,075]:1
(0,075,0,1]:0
(0,1,0,25]:0
(0,25,0,5]:0
(0,5,0,75]:0
(0,75,1]:0
(1,2,5]:0
(2,5,5]:0
(5,7,5]:0
(7,5,10]:0
(10,+Infinity]:0
Activity.StartTime:          2026-06-08T01:29:08.5320519Z
Activity.Duration:           00:00:00.1883753
Activity.Tags:
    server.address: localhost
    http.request.method: POST
    url.scheme: http
(2026-06-08T01:29:04.1528822Z, 2026-06-08T01:29:08.7226540Z] http.request.method: GET http.response.status_code: 200 http.route: api/subscriptions/my network.protocol.version: 1.1 url.scheme: http
Value: Sum: 0.193226 Count: 1 Min: 0.193226 Max: 0.193226 
(-Infinity,0,005]:0
(0,005,0,01]:0
(0,01,0,025]:0
(0,025,0,05]:0
(0,05,0,075]:0
(0,075,0,1]:0
(0,1,0,25]:1
(0,25,0,5]:0
(0,5,0,75]:0
(0,75,1]:0
(1,2,5]:0
(2,5,5]:0
(5,7,5]:0
(7,5,10]:0
(10,+Infinity]:0
    url.path: /api/auth/login/seller
    network.protocol.version: 1.1
(2026-06-08T01:29:04.1528822Z, 2026-06-08T01:29:08.7226540Z] http.request.method: GET http.response.status_code: 200 http.route: api/customer/addresses network.protocol.version: 1.1 url.scheme: http
Value: Sum: 0.1926895 Count: 1 Min: 0.1926895 Max: 0.1926895 
(-Infinity,0,005]:0
(0,005,0,01]:0
(0,01,0,025]:0
(0,025,0,05]:0
(0,05,0,075]:0
(0,075,0,1]:0
(0,1,0,25]:1
(0,25,0,5]:0
(0,5,0,75]:0
(0,75,1]:0
(1,2,5]:0
(2,5,5]:0
(5,7,5]:0
(7,5,10]:0
(10,+Infinity]:0
    http.route: api/auth/login/seller
    http.response.status_code: 200
Instrumentation scope (ActivitySource):
    Name: Microsoft.AspNetCore
Resource associated with Activity:
    telemetry.sdk.name: opentelemetry
(2026-06-08T01:29:04.1528822Z, 2026-06-08T01:29:08.7226540Z] http.request.method: GET http.response.status_code: 200 http.route: api/subscriptions/plans network.protocol.version: 1.1 url.scheme: http
Value: Sum: 0.1021946 Count: 1 Min: 0.1021946 Max: 0.1021946 
(-Infinity,0,005]:0
(0,005,0,01]:0
(0,01,0,025]:0
(0,025,0,05]:0
(0,05,0,075]:0
(0,075,0,1]:0
(0,1,0,25]:1
(0,25,0,5]:0
(0,5,0,75]:0
(0,75,1]:0
(1,2,5]:0
(2,5,5]:0
(5,7,5]:0
(7,5,10]:0
(10,+Infinity]:0
    telemetry.sdk.language: dotnet
    telemetry.sdk.version: 1.14.0
    service.name: unknown_service:testhost
(2026-06-08T01:29:04.1528822Z, 2026-06-08T01:29:08.7226540Z] http.request.method: POST http.response.status_code: 201 http.route: api/subscriptions/contract network.protocol.version: 1.1 url.scheme: http
Value: Sum: 0.2679168 Count: 1 Min: 0.2679168 Max: 0.2679168 
(-Infinity,0,005]:0
(0,005,0,01]:0
(0,01,0,025]:0
(0,025,0,05]:0
(0,05,0,075]:0
(0,075,0,1]:0
(0,1,0,25]:0
(0,25,0,5]:1
(0,5,0,75]:0
(0,75,1]:0
(1,2,5]:0
(2,5,5]:0
(5,7,5]:0
(7,5,10]:0
(10,+Infinity]:0
Metric Name: dotnet.gc.collections, Description: The number of garbage collections that have occurred since the process has started., Unit: {collection}, Metric Type: LongSum
Activity.Kind:               Server
Instrumentation scope (Meter):
	Name: System.Runtime
Activity.StartTime:          2026-06-08T01:29:08.3959858Z
[22:29:08 INF] Request starting HTTP/1.1 POST http://localhost/api/stores - application/json; charset=utf-8 null
Activity.Duration:           00:00:00.2652282
Activity.Tags:
    server.address: localhost
    http.request.method: POST
    url.scheme: http
    url.path: /api/auth/register/seller
    network.protocol.version: 1.1
    http.route: api/auth/register/seller
    http.response.status_code: 201
Instrumentation scope (ActivitySource):
    Name: Microsoft.AspNetCore
Resource associated with Activity:
    telemetry.sdk.name: opentelemetry
    telemetry.sdk.language: dotnet
    telemetry.sdk.version: 1.14.0
    service.name: unknown_service:testhost
[22:29:08 INF] Executing action method Urbeat.WebApi.Controllers.AuthController.LoginSeller (Urbeat.WebApi) - Validation state: Valid
(2026-06-08T01:29:04.1530841Z, 2026-06-08T01:29:08.7226549Z] gc.heap.generation: gen2
Value: 5
[22:29:08 INF] Executing action method Urbeat.WebApi.Controllers.AuthController.LoginCustomer (Urbeat.WebApi) - Validation state: Valid
(2026-06-08T01:29:04.1530841Z, 2026-06-08T01:29:08.7226549Z] gc.heap.generation: gen1
Value: 10
(2026-06-08T01:29:04.1530841Z, 2026-06-08T01:29:08.7226549Z] gc.heap.generation: gen0
Value: 27
Metric Name: dotnet.process.memory.working_set, Description: The number of bytes of physical memory mapped to the process context., Unit: By, Metric Type: LongSumNonMonotonic
Instrumentation scope (Meter):
Activity.TraceId:            a100710fc5dc1a6c39c219bdd3a5923f
	Name: System.Runtime
Activity.SpanId:             fb2ce00bbf318f7d
Activity.TraceFlags:         Recorded
Activity.DisplayName:        POST api/auth/login/seller
(2026-06-08T01:29:04.1530950Z, 2026-06-08T01:29:08.7226551Z]  
Value: 276430848
Activity.Kind:               Server
Metric Name: dotnet.gc.heap.total_allocated, Description: The approximate number of bytes allocated on the managed GC heap since the process has started. The returned value does not include any native allocations., Unit: By, Metric Type: LongSum
Instrumentation scope (Meter):
Activity.StartTime:          2026-06-08T01:29:08.5320519Z
	Name: System.Runtime
Activity.Duration:           00:00:00.1883753
Activity.Tags:
    server.address: localhost
(2026-06-08T01:29:04.1531050Z, 2026-06-08T01:29:08.7226553Z]  
Value: 303979744
    http.request.method: POST
Metric Name: dotnet.gc.last_collection.memory.committed_size, Description: The amount of committed virtual memory in use by the .NET GC, as observed during the latest garbage collection., Unit: By, Metric Type: LongSumNonMonotonic
Instrumentation scope (Meter):
	Name: System.Runtime
    url.scheme: http
    url.path: /api/auth/login/seller
(2026-06-08T01:29:04.1531163Z, 2026-06-08T01:29:08.7226555Z]  
Value: 133623808
    network.protocol.version: 1.1
    http.route: api/auth/login/seller
Metric Name: dotnet.gc.last_collection.heap.size, Description: The managed GC heap size (including fragmentation), as observed during the latest garbage collection., Unit: By, Metric Type: LongSumNonMonotonic
Instrumentation scope (Meter):
    http.response.status_code: 200
	Name: System.Runtime
Instrumentation scope (ActivitySource):
    Name: Microsoft.AspNetCore
Resource associated with Activity:
    telemetry.sdk.name: opentelemetry
(2026-06-08T01:29:04.1531282Z, 2026-06-08T01:29:08.7226558Z] gc.heap.generation: gen0
Value: 0
    telemetry.sdk.language: dotnet
    telemetry.sdk.version: 1.14.0
    service.name: unknown_service:testhost
(2026-06-08T01:29:04.1531282Z, 2026-06-08T01:29:08.7226558Z] gc.heap.generation: gen1
Value: 3760176
(2026-06-08T01:29:04.1531282Z, 2026-06-08T01:29:08.7226558Z] gc.heap.generation: gen2
Value: 54338152
(2026-06-08T01:29:04.1531282Z, 2026-06-08T01:29:08.7226558Z] gc.heap.generation: loh
Value: 70548048
(2026-06-08T01:29:04.1531282Z, 2026-06-08T01:29:08.7226558Z] gc.heap.generation: poh
Value: 123736
Metric Name: dotnet.gc.last_collection.heap.fragmentation.size, Description: The heap fragmentation, as observed during the latest garbage collection., Unit: By, Metric Type: LongSumNonMonotonic
Instrumentation scope (Meter):
	Name: System.Runtime
(2026-06-08T01:29:04.1531391Z, 2026-06-08T01:29:08.7226561Z] gc.heap.generation: gen0
Value: 0
(2026-06-08T01:29:04.1531391Z, 2026-06-08T01:29:08.7226561Z] gc.heap.generation: gen1
Value: 2546848
(2026-06-08T01:29:04.1531391Z, 2026-06-08T01:29:08.7226561Z] gc.heap.generation: gen2
Value: 4214960
(2026-06-08T01:29:04.1531391Z, 2026-06-08T01:29:08.7226561Z] gc.heap.generation: loh
Value: 15776
(2026-06-08T01:29:04.1531391Z, 2026-06-08T01:29:08.7226561Z] gc.heap.generation: poh
Value: 0
Metric Name: dotnet.gc.pause.time, Description: The total amount of time paused in GC since the process has started., Unit: s, Metric Type: DoubleSum
Instrumentation scope (Meter):
	Name: System.Runtime
[22:29:08 INF] Route matched with {action = "LoginCustomer", controller = "Auth"}. Executing controller action with signature System.Threading.Tasks.Task`1[Microsoft.AspNetCore.Mvc.IActionResult] LoginCustomer(Urbeat.Application.DTOs.LoginRequestDto, System.Threading.CancellationToken) on controller Urbeat.WebApi.Controllers.AuthController (Urbeat.WebApi).
[22:29:08 INF] Executing endpoint 'Urbeat.WebApi.Controllers.StoresController.Create (Urbeat.WebApi)'
[22:29:08 INF] Saved 1 entities to in-memory store.
(2026-06-08T01:29:04.1532826Z, 2026-06-08T01:29:08.7226567Z]  
Value: 0.373894
Metric Name: dotnet.jit.compiled_il.size, Description: Count of bytes of intermediate language that have been compiled since the process has started., Unit: By, Metric Type: LongSum
Resource associated with Metrics:
	telemetry.sdk.name: opentelemetry
[22:29:08 INF] Route matched with {action = "Create", controller = "Stores"}. Executing controller action with signature System.Threading.Tasks.Task`1[Microsoft.AspNetCore.Mvc.IActionResult] Create(Urbeat.Application.DTOs.CreateStoreRequestDto, System.Threading.CancellationToken) on controller Urbeat.WebApi.Controllers.StoresController (Urbeat.WebApi).
	telemetry.sdk.language: dotnet
	telemetry.sdk.version: 1.14.0
	service.name: unknown_service:testhost
Metric Name: http.server.active_requests, Description: Number of active HTTP server requests., Unit: {request}, Metric Type: LongSumNonMonotonic
Instrumentation scope (Meter):
	Name: Microsoft.AspNetCore.Hosting
(2026-06-08T01:29:04.1529763Z, 2026-06-08T01:29:08.8130299Z] http.request.method: GET url.scheme: http
Value: 1
(2026-06-08T01:29:04.1529763Z, 2026-06-08T01:29:08.8130299Z] http.request.method: POST url.scheme: http
Value: 7
(2026-06-08T01:29:04.1529763Z, 2026-06-08T01:29:08.8130299Z] http.request.method: PUT url.scheme: http
Value: 0
(2026-06-08T01:29:04.1529763Z, 2026-06-08T01:29:08.8130299Z] http.request.method: PATCH url.scheme: http
Value: 0
Instrumentation scope (Meter):
(2026-06-08T01:29:04.1529763Z, 2026-06-08T01:29:08.8130299Z] http.request.method: DELETE url.scheme: http
Value: 0
	Name: System.Runtime
[22:29:08 INF] Executing action method Urbeat.WebApi.Controllers.StoresController.Create (Urbeat.WebApi) - Validation state: Valid
Metric Name: http.server.request.duration, Description: Duration of HTTP server requests., Unit: s, Metric Type: Histogram
Instrumentation scope (Meter):
	Name: Microsoft.AspNetCore.Hosting
(2026-06-08T01:29:04.1532922Z, 2026-06-08T01:29:08.7226571Z]  
Value: 1838039
Metric Name: dotnet.jit.compiled_methods, Description: The number of times the JIT compiler (re)compiled methods since the process has started., Unit: {method}, Metric Type: LongSum
Instrumentation scope (Meter):
	Name: System.Runtime
(2026-06-08T01:29:04.1532710Z, 2026-06-08T01:29:08.8130487Z] http.request.method: GET http.response.status_code: 401 http.route: api/stores/{storeId}/categories network.protocol.version: 1.1 url.scheme: http
Value: Sum: 0.1887134 Count: 1 Min: 0.1887134 Max: 0.1887134 
(-Infinity,0,005]:0
(0,005,0,01]:0
(0,01,0,025]:0
(0,025,0,05]:0
(0,05,0,075]:0
(0,075,0,1]:0
(0,1,0,25]:1
(0,25,0,5]:0
(0,5,0,75]:0
(0,75,1]:0
(1,2,5]:0
(2,5,5]:0
(5,7,5]:0
(7,5,10]:0
(10,+Infinity]:0
(2026-06-08T01:29:04.1548290Z, 2026-06-08T01:29:08.7226574Z]  
Value: 29111
Metric Name: dotnet.jit.compilation.time, Description: The number of times the JIT compiler (re)compiled methods since the process has started., Unit: s, Metric Type: DoubleSum
Instrumentation scope (Meter):
	Name: System.Runtime
(2026-06-08T01:29:04.1532710Z, 2026-06-08T01:29:08.8130487Z] http.request.method: GET http.response.status_code: 403 http.route: api/customer/home network.protocol.version: 1.1 url.scheme: http
Value: Sum: 0.1794913 Count: 1 Min: 0.1794913 Max: 0.1794913 
(-Infinity,0,005]:0
(0,005,0,01]:0
(0,01,0,025]:0
(0,025,0,05]:0
(0,05,0,075]:0
(0,075,0,1]:0
(0,1,0,25]:1
(0,25,0,5]:0
(0,5,0,75]:0
(0,75,1]:0
(1,2,5]:0
(2,5,5]:0
(5,7,5]:0
(7,5,10]:0
(10,+Infinity]:0
(2026-06-08T01:29:04.1548638Z, 2026-06-08T01:29:08.7226579Z]  
Value: 4.6301389
Metric Name: dotnet.monitor.lock_contentions, Description: The number of times there was contention when trying to acquire a monitor lock since the process has started., Unit: {contention}, Metric Type: LongSum
Instrumentation scope (Meter):
(2026-06-08T01:29:04.1532710Z, 2026-06-08T01:29:08.8130487Z] http.request.method: GET http.response.status_code: 400 http.route: api/address-lookup/cep/{cep} network.protocol.version: 1.1 url.scheme: http
Value: Sum: 0.214077 Count: 1 Min: 0.214077 Max: 0.214077 
(-Infinity,0,005]:0
(0,005,0,01]:0
(0,01,0,025]:0
(0,025,0,05]:0
(0,05,0,075]:0
(0,075,0,1]:0
(0,1,0,25]:1
(0,25,0,5]:0
(0,5,0,75]:0
(0,75,1]:0
(1,2,5]:0
(2,5,5]:0
(5,7,5]:0
(7,5,10]:0
(10,+Infinity]:0
	Name: System.Runtime
(2026-06-08T01:29:04.1549251Z, 2026-06-08T01:29:08.7226582Z]  
Value: 2289
(2026-06-08T01:29:04.1532710Z, 2026-06-08T01:29:08.8130487Z] http.request.method: GET http.response.status_code: 403 http.route: api/admin/dashboard network.protocol.version: 1.1 url.scheme: http
Value: Sum: 0.0062894 Count: 1 Min: 0.0062894 Max: 0.0062894 
(-Infinity,0,005]:0
(0,005,0,01]:1
(0,01,0,025]:0
(0,025,0,05]:0
(0,05,0,075]:0
(0,075,0,1]:0
(0,1,0,25]:0
(0,25,0,5]:0
(0,5,0,75]:0
(0,75,1]:0
(1,2,5]:0
(2,5,5]:0
(5,7,5]:0
(7,5,10]:0
(10,+Infinity]:0
Metric Name: dotnet.thread_pool.thread.count, Description: The number of thread pool threads that currently exist., Unit: {thread}, Metric Type: LongSum
Instrumentation scope (Meter):
	Name: System.Runtime
(2026-06-08T01:29:04.1532710Z, 2026-06-08T01:29:08.8130487Z] http.request.method: GET http.response.status_code: 403 http.route: api/seller/panel network.protocol.version: 1.1 url.scheme: http
Value: Sum: 0.0081006 Count: 1 Min: 0.0081006 Max: 0.0081006 
(-Infinity,0,005]:0
(0,005,0,01]:1
(0,01,0,025]:0
(0,025,0,05]:0
(0,05,0,075]:0
(0,075,0,1]:0
(0,1,0,25]:0
(0,25,0,5]:0
(0,5,0,75]:0
(0,75,1]:0
(1,2,5]:0
(2,5,5]:0
(5,7,5]:0
(7,5,10]:0
(10,+Infinity]:0
(2026-06-08T01:29:04.1551391Z, 2026-06-08T01:29:08.7226586Z]  
Value: 17
[22:29:08 INF] Executing endpoint 'Urbeat.WebApi.Controllers.AuthController.LoginCustomer (Urbeat.WebApi)'
Metric Name: dotnet.thread_pool.work_item.count, Description: The number of work items that the thread pool has completed since the process has started., Unit: {work_item}, Metric Type: LongSum
Instrumentation scope (Meter):
	Name: System.Runtime
(2026-06-08T01:29:04.1532710Z, 2026-06-08T01:29:08.8130487Z] http.request.method: GET http.response.status_code: 200 http.route: api/customer/home network.protocol.version: 1.1 url.scheme: http
Value: Sum: 0.0835938 Count: 1 Min: 0.0835938 Max: 0.0835938 
(-Infinity,0,005]:0
(0,005,0,01]:0
(0,01,0,025]:0
(0,025,0,05]:0
(0,05,0,075]:0
(0,075,0,1]:1
(0,1,0,25]:0
(0,25,0,5]:0
(0,5,0,75]:0
(0,75,1]:0
(1,2,5]:0
(2,5,5]:0
(5,7,5]:0
(7,5,10]:0
(10,+Infinity]:0
[22:29:08 INF] Executing action method Urbeat.WebApi.Controllers.StoresController.Create (Urbeat.WebApi) - Validation state: Valid
(2026-06-08T01:29:04.1551550Z, 2026-06-08T01:29:08.7226588Z]  
Value: 753
[22:29:08 INF] Executing action method Urbeat.WebApi.Controllers.AuthController.LoginCustomer (Urbeat.WebApi) - Validation state: Valid
Metric Name: dotnet.thread_pool.queue.length, Description: The number of work items that are currently queued to be processed by the thread pool., Unit: {work_item}, Metric Type: LongSum
(2026-06-08T01:29:04.1532710Z, 2026-06-08T01:29:08.8130487Z] http.request.method: GET http.response.status_code: 200 http.route: api/admin/dashboard network.protocol.version: 1.1 url.scheme: http
Value: Sum: 0.0702009 Count: 1 Min: 0.0702009 Max: 0.0702009 
(-Infinity,0,005]:0
(0,005,0,01]:0
(0,01,0,025]:0
(0,025,0,05]:0
(0,05,0,075]:1
(0,075,0,1]:0
(0,1,0,25]:0
(0,25,0,5]:0
(0,5,0,75]:0
(0,75,1]:0
(1,2,5]:0
(2,5,5]:0
(5,7,5]:0
(7,5,10]:0
(10,+Infinity]:0
Instrumentation scope (Meter):
	Name: System.Runtime
[22:29:08 INF] Saved 2 entities to in-memory store.
(2026-06-08T01:29:04.1551779Z, 2026-06-08T01:29:08.7226590Z]  
Value: 18
Metric Name: dotnet.timer.count, Description: The number of timer instances that are currently active. An active timer is registered to tick at some point in the future and has not yet been canceled., Unit: {timer}, Metric Type: LongSumNonMonotonic
(2026-06-08T01:29:04.1532710Z, 2026-06-08T01:29:08.8130487Z] http.request.method: GET http.response.status_code: 200 http.route: api/seller/panel network.protocol.version: 1.1 url.scheme: http
Value: Sum: 0.0039645 Count: 1 Min: 0.0039645 Max: 0.0039645 
(-Infinity,0,005]:1
(0,005,0,01]:0
(0,01,0,025]:0
(0,025,0,05]:0
(0,05,0,075]:0
(0,075,0,1]:0
(0,1,0,25]:0
(0,25,0,5]:0
(0,5,0,75]:0
(0,75,1]:0
(1,2,5]:0
(2,5,5]:0
(5,7,5]:0
(7,5,10]:0
(10,+Infinity]:0
[22:29:08 INF] Saved 1 entities to in-memory store.
Instrumentation scope (Meter):
	Name: System.Runtime
(2026-06-08T01:29:04.1532710Z, 2026-06-08T01:29:08.8130487Z] http.request.method: GET http.response.status_code: 401 http.route: api/seller/panel network.protocol.version: 1.1 url.scheme: http
Value: Sum: 0.0475293 Count: 1 Min: 0.0475293 Max: 0.0475293 
(-Infinity,0,005]:0
(0,005,0,01]:0
(0,01,0,025]:0
(0,025,0,05]:1
(0,05,0,075]:0
(0,075,0,1]:0
(0,1,0,25]:0
(0,25,0,5]:0
(0,5,0,75]:0
(0,75,1]:0
(1,2,5]:0
(2,5,5]:0
(5,7,5]:0
(7,5,10]:0
(10,+Infinity]:0
(2026-06-08T01:29:04.1650407Z, 2026-06-08T01:29:08.7226593Z]  
Value: 31
[22:29:08 INF] Route matched with {action = "GetMySubscription", controller = "Subscriptions"}. Executing controller action with signature System.Threading.Tasks.Task`1[Microsoft.AspNetCore.Mvc.IActionResult] GetMySubscription(System.Threading.CancellationToken) on controller Urbeat.WebApi.Controllers.SubscriptionsController (Urbeat.WebApi).
Metric Name: dotnet.assembly.count, Description: The number of .NET assemblies that are currently loaded., Unit: {assembly}, Metric Type: LongSumNonMonotonic
(2026-06-08T01:29:04.1532710Z, 2026-06-08T01:29:08.8130487Z] http.request.method: POST http.response.status_code: 200 http.route: api/auth/login/admin network.protocol.version: 1.1 url.scheme: http
Value: Sum: 0.8421472 Count: 3 Min: 0.1740748 Max: 0.4766453 
(-Infinity,0,005]:0
(0,005,0,01]:0
(0,01,0,025]:0
(0,025,0,05]:0
(0,05,0,075]:0
(0,075,0,1]:0
(0,1,0,25]:2
(0,25,0,5]:1
(0,5,0,75]:0
(0,75,1]:0
(1,2,5]:0
(2,5,5]:0
(5,7,5]:0
(7,5,10]:0
(10,+Infinity]:0
[22:29:08 INF] Saved 1 entities to in-memory store.
Instrumentation scope (Meter):
	Name: System.Runtime
(2026-06-08T01:29:04.1532710Z, 2026-06-08T01:29:08.8130487Z] http.request.method: POST http.response.status_code: 201 http.route: api/auth/register/seller network.protocol.version: 1.1 url.scheme: http
Value: Sum: 5.548555900000001 Count: 15 Min: 0.1421609 Max: 0.6480225 
(-Infinity,0,005]:0
(0,005,0,01]:0
(0,01,0,025]:0
(0,025,0,05]:0
(0,05,0,075]:0
(0,075,0,1]:0
(0,1,0,25]:6
(0,25,0,5]:2
(0,5,0,75]:7
(0,75,1]:0
(1,2,5]:0
(2,5,5]:0
(5,7,5]:0
(7,5,10]:0
(10,+Infinity]:0
(2026-06-08T01:29:04.1650678Z, 2026-06-08T01:29:08.7226595Z]  
Value: 264
(2026-06-08T01:29:04.1532710Z, 2026-06-08T01:29:08.8130487Z] http.request.method: POST http.response.status_code: 201 http.route: api/auth/register/customer network.protocol.version: 1.1 url.scheme: http
Value: Sum: 1.7357261999999998 Count: 6 Min: 0.1042389 Max: 0.6151793 
(-Infinity,0,005]:0
(0,005,0,01]:0
(0,01,0,025]:0
(0,025,0,05]:0
(0,05,0,075]:0
(0,075,0,1]:0
(0,1,0,25]:2
(0,25,0,5]:3
(0,5,0,75]:1
(0,75,1]:0
(1,2,5]:0
(2,5,5]:0
(5,7,5]:0
(7,5,10]:0
(10,+Infinity]:0
Metric Name: dotnet.exceptions, Description: The number of exceptions that have been thrown in managed code., Unit: {exception}, Metric Type: LongSum
Instrumentation scope (Meter):
	Name: System.Runtime
(2026-06-08T01:29:04.1532710Z, 2026-06-08T01:29:08.8130487Z] http.request.method: GET http.response.status_code: 401 http.route: api/admin/dashboard network.protocol.version: 1.1 url.scheme: http
Value: Sum: 0.0472334 Count: 1 Min: 0.0472334 Max: 0.0472334 
(-Infinity,0,005]:0
(0,005,0,01]:0
(0,01,0,025]:0
(0,025,0,05]:1
(0,05,0,075]:0
(0,075,0,1]:0
(0,1,0,25]:0
(0,25,0,5]:0
(0,5,0,75]:0
(0,75,1]:0
(1,2,5]:0
(2,5,5]:0
(5,7,5]:0
(7,5,10]:0
(10,+Infinity]:0
(2026-06-08T01:29:04.1872742Z, 2026-06-08T01:29:08.7226603Z] error.type: SocketException
Value: 9
(2026-06-08T01:29:04.1872742Z, 2026-06-08T01:29:08.7226603Z] error.type: NullReferenceException
Value: 4
(2026-06-08T01:29:04.1532710Z, 2026-06-08T01:29:08.8130487Z] http.request.method: GET http.response.status_code: 401 http.route: api/customer/home network.protocol.version: 1.1 url.scheme: http
Value: Sum: 0.0376968 Count: 1 Min: 0.0376968 Max: 0.0376968 
(-Infinity,0,005]:0
(0,005,0,01]:0
(0,01,0,025]:0
(0,025,0,05]:1
(0,05,0,075]:0
(0,075,0,1]:0
(0,1,0,25]:0
(0,25,0,5]:0
(0,5,0,75]:0
(0,75,1]:0
(1,2,5]:0
(2,5,5]:0
(5,7,5]:0
(7,5,10]:0
(10,+Infinity]:0
(2026-06-08T01:29:04.1872742Z, 2026-06-08T01:29:08.7226603Z] error.type: OperationCanceledException
Value: 28
(2026-06-08T01:29:04.1532710Z, 2026-06-08T01:29:08.8130487Z] http.request.method: POST http.response.status_code: 201 http.route: api/admin/plans network.protocol.version: 1.1 url.scheme: http
Value: Sum: 0.4636601 Count: 3 Min: 0.0957026 Max: 0.2358555 
(-Infinity,0,005]:0
(0,005,0,01]:0
(0,01,0,025]:0
(0,025,0,05]:0
(0,05,0,075]:0
(0,075,0,1]:1
(0,1,0,25]:2
(0,25,0,5]:0
(0,5,0,75]:0
(0,75,1]:0
(1,2,5]:0
(2,5,5]:0
(5,7,5]:0
(7,5,10]:0
(10,+Infinity]:0
[22:29:08 INF] Saved 1 entities to in-memory store.
[22:29:08 INF] Saved 1 entities to in-memory store.
(2026-06-08T01:29:04.1872742Z, 2026-06-08T01:29:08.7226603Z] error.type: InvalidOperationException
Value: 2
(2026-06-08T01:29:04.1532710Z, 2026-06-08T01:29:08.8130487Z] http.request.method: POST http.response.status_code: 200 http.route: api/auth/login/customer network.protocol.version: 1.1 url.scheme: http
Value: Sum: 0.2854274 Count: 1 Min: 0.2854274 Max: 0.2854274 
(-Infinity,0,005]:0
(0,005,0,01]:0
(0,01,0,025]:0
(0,025,0,05]:0
(0,05,0,075]:0
(0,075,0,1]:0
(0,1,0,25]:0
(0,25,0,5]:1
(0,5,0,75]:0
(0,75,1]:0
(1,2,5]:0
(2,5,5]:0
(5,7,5]:0
(7,5,10]:0
(10,+Infinity]:0
(2026-06-08T01:29:04.1872742Z, 2026-06-08T01:29:08.7226603Z] error.type: FileNotFoundException
Value: 1
[22:29:08 INF] Executed action method Urbeat.WebApi.Controllers.StoresController.Create (Urbeat.WebApi), returned result Microsoft.AspNetCore.Mvc.ObjectResult in 39.6282ms.
[22:29:08 INF] Saved 1 entities to in-memory store.
(2026-06-08T01:29:04.1532710Z, 2026-06-08T01:29:08.8130487Z] http.request.method: POST http.response.status_code: 200 http.route: api/auth/login/seller network.protocol.version: 1.1 url.scheme: http
Value: Sum: 2.1016256 Count: 10 Min: 0.1432882 Max: 0.2976963 
(-Infinity,0,005]:0
(0,005,0,01]:0
(0,01,0,025]:0
(0,025,0,05]:0
(0,05,0,075]:0
(0,075,0,1]:0
(0,1,0,25]:8
(0,25,0,5]:2
(0,5,0,75]:0
(0,75,1]:0
(1,2,5]:0
(2,5,5]:0
(5,7,5]:0
(7,5,10]:0
(10,+Infinity]:0
(2026-06-08T01:29:04.1872742Z, 2026-06-08T01:29:08.7226603Z] error.type: XunitException
Value: 28
(2026-06-08T01:29:04.1872742Z, 2026-06-08T01:29:08.7226603Z] error.type: NpgsqlException
Value: 12
[22:29:08 INF] Executing ObjectResult, writing value of type 'Urbeat.Application.DTOs.StoreResponseDto'.
[22:29:08 INF] Executed action method Urbeat.WebApi.Controllers.AuthController.LoginSeller (Urbeat.WebApi), returned result Microsoft.AspNetCore.Mvc.OkObjectResult in 72.3113ms.
(2026-06-08T01:29:04.1532710Z, 2026-06-08T01:29:08.8130487Z] http.request.method: POST http.response.status_code: 400 http.route: api/auth/email/confirm/{code} network.protocol.version: 1.1 url.scheme: http
Value: Sum: 0.2705424 Count: 3 Min: 0.0280381 Max: 0.2124374 
(-Infinity,0,005]:0
(0,005,0,01]:0
(0,01,0,025]:0
(0,025,0,05]:2
(0,05,0,075]:0
(0,075,0,1]:0
(0,1,0,25]:1
(0,25,0,5]:0
(0,5,0,75]:0
(0,75,1]:0
(1,2,5]:0
(2,5,5]:0
(5,7,5]:0
(7,5,10]:0
(10,+Infinity]:0
(2026-06-08T01:29:04.1872742Z, 2026-06-08T01:29:08.7226603Z] error.type: ObjectDisposedException
Value: 2
Metric Name: dotnet.process.cpu.count, Description: The number of processors available to the process., Unit: {cpu}, Metric Type: LongSumNonMonotonic
(2026-06-08T01:29:04.1532710Z, 2026-06-08T01:29:08.8130487Z] http.request.method: POST http.response.status_code: 400 http.route: api/auth/email/resend-confirmation network.protocol.version: 1.1 url.scheme: http
Value: Sum: 0.2919295 Count: 2 Min: 0.0771669 Max: 0.2147626 
(-Infinity,0,005]:0
(0,005,0,01]:0
(0,01,0,025]:0
(0,025,0,05]:0
(0,05,0,075]:0
(0,075,0,1]:1
(0,1,0,25]:1
(0,25,0,5]:0
(0,5,0,75]:0
(0,75,1]:0
(1,2,5]:0
(2,5,5]:0
(5,7,5]:0
(7,5,10]:0
(10,+Infinity]:0
Instrumentation scope (Meter):
[22:29:08 INF] Executing OkObjectResult, writing value of type 'Urbeat.Application.DTOs.AuthTokenResponseDto'.
	Name: System.Runtime
[22:29:08 INF] Executed action Urbeat.WebApi.Controllers.StoresController.Create (Urbeat.WebApi) in 40.6814ms
(2026-06-08T01:29:04.1873348Z, 2026-06-08T01:29:08.7226606Z]  
Value: 12
(2026-06-08T01:29:04.1532710Z, 2026-06-08T01:29:08.8130487Z] http.request.method: PUT http.response.status_code: 200 http.route: api/admin/plans/{planId} network.protocol.version: 1.1 url.scheme: http
Value: Sum: 0.0809147 Count: 1 Min: 0.0809147 Max: 0.0809147 
(-Infinity,0,005]:0
(0,005,0,01]:0
(0,01,0,025]:0
(0,025,0,05]:0
(0,05,0,075]:0
(0,075,0,1]:1
(0,1,0,25]:0
(0,25,0,5]:0
(0,5,0,75]:0
(0,75,1]:0
(1,2,5]:0
(2,5,5]:0
(5,7,5]:0
(7,5,10]:0
(10,+Infinity]:0
Metric Name: dotnet.process.cpu.time, Description: CPU time used by the process., Unit: s, Metric Type: DoubleSum
Instrumentation scope (Meter):
	Name: System.Runtime
(2026-06-08T01:29:04.1532710Z, 2026-06-08T01:29:08.8130487Z] http.request.method: PATCH http.response.status_code: 200 http.route: api/admin/plans/{planId}/status network.protocol.version: 1.1 url.scheme: http
Value: Sum: 0.0077534 Count: 1 Min: 0.0077534 Max: 0.0077534 
(-Infinity,0,005]:0
(0,005,0,01]:1
(0,01,0,025]:0
(0,025,0,05]:0
(0,05,0,075]:0
(0,075,0,1]:0
(0,1,0,25]:0
(0,25,0,5]:0
(0,5,0,75]:0
(0,75,1]:0
(1,2,5]:0
(2,5,5]:0
(5,7,5]:0
(7,5,10]:0
(10,+Infinity]:0
(2026-06-08T01:29:04.1873526Z, 2026-06-08T01:29:08.7226613Z] cpu.mode: user
Value: 11.828125
(2026-06-08T01:29:04.1532710Z, 2026-06-08T01:29:08.8130487Z] http.request.method: GET http.response.status_code: 200 http.route: /health network.protocol.version: 1.1 url.scheme: http
Value: Sum: 0.0093709 Count: 1 Min: 0.0093709 Max: 0.0093709 
(-Infinity,0,005]:0
(0,005,0,01]:1
(0,01,0,025]:0
(0,025,0,05]:0
(0,05,0,075]:0
(0,075,0,1]:0
(0,1,0,25]:0
(0,25,0,5]:0
(0,5,0,75]:0
(0,75,1]:0
(1,2,5]:0
(2,5,5]:0
(5,7,5]:0
(7,5,10]:0
(10,+Infinity]:0
(2026-06-08T01:29:04.1873526Z, 2026-06-08T01:29:08.7226613Z] cpu.mode: system
Value: 2.234375
Metric Name: dns.lookup.duration, Description: Measures the time taken to perform a DNS lookup., Unit: s, Metric Type: Histogram
Instrumentation scope (Meter):
(2026-06-08T01:29:04.1532710Z, 2026-06-08T01:29:08.8130487Z] http.request.method: POST http.response.status_code: 400 http.route: api/stores network.protocol.version: 1.1 url.scheme: http
Value: Sum: 0.2476041 Count: 1 Min: 0.2476041 Max: 0.2476041 
(-Infinity,0,005]:0
(0,005,0,01]:0
(0,01,0,025]:0
(0,025,0,05]:0
(0,05,0,075]:0
(0,075,0,1]:0
(0,1,0,25]:1
(0,25,0,5]:0
(0,5,0,75]:0
(0,75,1]:0
(1,2,5]:0
(2,5,5]:0
(5,7,5]:0
(7,5,10]:0
(10,+Infinity]:0
	Name: System.Net.NameResolution
[22:29:08 INF] Executed endpoint 'Urbeat.WebApi.Controllers.StoresController.Create (Urbeat.WebApi)'
(2026-06-08T01:29:04.1532710Z, 2026-06-08T01:29:08.8130487Z] http.request.method: GET http.response.status_code: 200 http.route: api/stores/cuisine-types network.protocol.version: 1.1 url.scheme: http
Value: Sum: 0.1734619 Count: 1 Min: 0.1734619 Max: 0.1734619 
(-Infinity,0,005]:0
(0,005,0,01]:0
(0,01,0,025]:0
(0,025,0,05]:0
(0,05,0,075]:0
(0,075,0,1]:0
(0,1,0,25]:1
(0,25,0,5]:0
(0,5,0,75]:0
(0,75,1]:0
(1,2,5]:0
(2,5,5]:0
(5,7,5]:0
(7,5,10]:0
(10,+Infinity]:0
[22:29:08 INF] Executed action Urbeat.WebApi.Controllers.AuthController.LoginSeller (Urbeat.WebApi) in 101.8885ms
(2026-06-08T01:29:04.1532710Z, 2026-06-08T01:29:08.8130487Z] http.request.method: POST http.response.status_code: 201 http.route: api/customer/addresses network.protocol.version: 1.1 url.scheme: http
Value: Sum: 0.4801264 Count: 3 Min: 0.0676852 Max: 0.3100963 
(-Infinity,0,005]:0
(0,005,0,01]:0
(0,01,0,025]:0
(0,025,0,05]:0
(0,05,0,075]:1
(0,075,0,1]:0
(0,1,0,25]:1
(0,25,0,5]:1
(0,5,0,75]:0
(0,75,1]:0
(1,2,5]:0
(2,5,5]:0
(5,7,5]:0
(7,5,10]:0
(10,+Infinity]:0
(2026-06-08T01:29:04.2010955Z, 2026-06-08T01:29:08.7226623Z] dns.question.name: localhost
Value: Sum: 0.005686400000000001 Count: 4 Min: 0.000572 Max: 0.003488 
(-Infinity,0,005]:4
(0,005,0,01]:0
(0,01,0,025]:0
(0,025,0,05]:0
(0,05,0,075]:0
(0,075,0,1]:0
(0,1,0,25]:0
(0,25,0,5]:0
(0,5,0,75]:0
(0,75,1]:0
(1,2,5]:0
(2,5,5]:0
(5,7,5]:0
(7,5,10]:0
(10,+Infinity]:0
Metric Name: aspnetcore.routing.match_attempts, Description: Number of requests that were attempted to be matched to an endpoint., Unit: {match_attempt}, Metric Type: LongSum
Instrumentation scope (Meter):
(2026-06-08T01:29:04.1532710Z, 2026-06-08T01:29:08.8130487Z] http.request.method: POST http.response.status_code: 415 http.route: api/auth/email/confirm network.protocol.version: 1.1 url.scheme: http
Value: Sum: 0.1054365 Count: 1 Min: 0.1054365 Max: 0.1054365 
(-Infinity,0,005]:0
(0,005,0,01]:0
(0,01,0,025]:0
(0,025,0,05]:0
(0,05,0,075]:0
(0,075,0,1]:0
(0,1,0,25]:1
(0,25,0,5]:0
(0,5,0,75]:0
(0,75,1]:0
(1,2,5]:0
(2,5,5]:0
(5,7,5]:0
(7,5,10]:0
(10,+Infinity]:0
	Name: Microsoft.AspNetCore.Routing
(2026-06-08T01:29:05.8088035Z, 2026-06-08T01:29:08.7226636Z] aspnetcore.routing.is_fallback: false aspnetcore.routing.match_status: success http.route: api/auth/login/admin
Value: 3
(2026-06-08T01:29:04.1532710Z, 2026-06-08T01:29:08.8130487Z] http.request.method: POST http.response.status_code: 201 http.route: api/stores network.protocol.version: 1.1 url.scheme: http
Value: Sum: 2.1944134 Count: 6 Min: 0.1720239 Max: 0.4716885 
(-Infinity,0,005]:0
(0,005,0,01]:0
(0,01,0,025]:0
(0,025,0,05]:0
(0,05,0,075]:0
(0,075,0,1]:0
(0,1,0,25]:1
(0,25,0,5]:5
(0,5,0,75]:0
(0,75,1]:0
(1,2,5]:0
(2,5,5]:0
(5,7,5]:0
(7,5,10]:0
(10,+Infinity]:0
[22:29:08 INF] Executed endpoint 'Urbeat.WebApi.Controllers.AuthController.LoginSeller (Urbeat.WebApi)'
(2026-06-08T01:29:05.8088035Z, 2026-06-08T01:29:08.7226636Z] aspnetcore.routing.is_fallback: false aspnetcore.routing.match_status: success http.route: api/auth/register/customer
Value: 6
(2026-06-08T01:29:04.1532710Z, 2026-06-08T01:29:08.8130487Z] http.request.method: GET http.response.status_code: 200 http.route: api/admin/plans network.protocol.version: 1.1 url.scheme: http
Value: Sum: 0.1440776 Count: 1 Min: 0.1440776 Max: 0.1440776 
(-Infinity,0,005]:0
(0,005,0,01]:0
(0,01,0,025]:0
(0,025,0,05]:0
(0,05,0,075]:0
(0,075,0,1]:0
(0,1,0,25]:1
(0,25,0,5]:0
(0,5,0,75]:0
(0,75,1]:0
(1,2,5]:0
(2,5,5]:0
(5,7,5]:0
(7,5,10]:0
(10,+Infinity]:0
(2026-06-08T01:29:05.8088035Z, 2026-06-08T01:29:08.7226636Z] aspnetcore.routing.is_fallback: false aspnetcore.routing.match_status: success http.route: api/address-lookup/cep/{cep}
Value: 1
(2026-06-08T01:29:04.1532710Z, 2026-06-08T01:29:08.8130487Z] http.request.method: POST http.response.status_code: 200 http.route: api/auth/email/resend-confirmation network.protocol.version: 1.1 url.scheme: http
Value: Sum: 0.2775514 Count: 3 Min: 0.0689539 Max: 0.1048669 
(-Infinity,0,005]:0
(0,005,0,01]:0
(0,01,0,025]:0
(0,025,0,05]:0
(0,05,0,075]:1
(0,075,0,1]:0
(0,1,0,25]:2
(0,25,0,5]:0
(0,5,0,75]:0
(0,75,1]:0
(1,2,5]:0
(2,5,5]:0
(5,7,5]:0
(7,5,10]:0
(10,+Infinity]:0
(2026-06-08T01:29:05.8088035Z, 2026-06-08T01:29:08.7226636Z] aspnetcore.routing.is_fallback: false aspnetcore.routing.match_status: success http.route: api/auth/register/seller
Value: 16
(2026-06-08T01:29:04.1532710Z, 2026-06-08T01:29:08.8130487Z] http.request.method: PATCH http.response.status_code: 200 http.route: api/stores/{storeId}/status network.protocol.version: 1.1 url.scheme: http
Value: Sum: 0.12360100000000002 Count: 2 Min: 0.0523969 Max: 0.0712041 
(-Infinity,0,005]:0
(0,005,0,01]:0
(0,01,0,025]:0
(0,025,0,05]:0
(0,05,0,075]:2
(0,075,0,1]:0
(0,1,0,25]:0
(0,25,0,5]:0
(0,5,0,75]:0
(0,75,1]:0
(1,2,5]:0
(2,5,5]:0
(5,7,5]:0
(7,5,10]:0
(10,+Infinity]:0
(2026-06-08T01:29:05.8088035Z, 2026-06-08T01:29:08.7226636Z] aspnetcore.routing.is_fallback: false aspnetcore.routing.match_status: success http.route: api/stores/{storeId}/categories
Value: 1
[22:29:08 INF] Request finished HTTP/1.1 POST http://localhost/api/stores - 201 null application/json; charset=utf-8 101.1002ms
(2026-06-08T01:29:05.8088035Z, 2026-06-08T01:29:08.7226636Z] aspnetcore.routing.is_fallback: false aspnetcore.routing.match_status: success http.route: api/customer/home
Value: 3
[22:29:08 INF] Request finished HTTP/1.1 POST http://localhost/api/auth/login/seller - 200 null application/json; charset=utf-8 130.3523ms
(2026-06-08T01:29:04.1532710Z, 2026-06-08T01:29:08.8130487Z] http.request.method: PATCH http.response.status_code: 200 http.route: api/stores/{storeId}/delivery-config network.protocol.version: 1.1 url.scheme: http
Value: Sum: 0.4146544 Count: 3 Min: 0.1269638 Max: 0.144072 
(-Infinity,0,005]:0
(0,005,0,01]:0
(0,01,0,025]:0
(0,025,0,05]:0
(0,05,0,075]:0
(0,075,0,1]:0
(0,1,0,25]:3
(0,25,0,5]:0
(0,5,0,75]:0
(0,75,1]:0
(1,2,5]:0
(2,5,5]:0
(5,7,5]:0
(7,5,10]:0
(10,+Infinity]:0
(2026-06-08T01:29:05.8088035Z, 2026-06-08T01:29:08.7226636Z] aspnetcore.routing.is_fallback: false aspnetcore.routing.match_status: success http.route: api/admin/dashboard
Value: 3
(2026-06-08T01:29:05.8088035Z, 2026-06-08T01:29:08.7226636Z] aspnetcore.routing.is_fallback: false aspnetcore.routing.match_status: success http.route: api/seller/panel
Value: 3
(2026-06-08T01:29:05.8088035Z, 2026-06-08T01:29:08.7226636Z] aspnetcore.routing.is_fallback: false aspnetcore.routing.match_status: success http.route: api/admin/plans
Value: 4
(2026-06-08T01:29:04.1532710Z, 2026-06-08T01:29:08.8130487Z] http.request.method: DELETE http.response.status_code: 404 http.route: api/stores/{storeId}/categories/{categoryId} network.protocol.version: 1.1 url.scheme: http
Value: Sum: 0.1927955 Count: 1 Min: 0.1927955 Max: 0.1927955 
(-Infinity,0,005]:0
(0,005,0,01]:0
(0,01,0,025]:0
(0,025,0,05]:0
(0,05,0,075]:0
(0,075,0,1]:0
(0,1,0,25]:1
(0,25,0,5]:0
(0,5,0,75]:0
(0,75,1]:0
(1,2,5]:0
(2,5,5]:0
(5,7,5]:0
(7,5,10]:0
(10,+Infinity]:0
(2026-06-08T01:29:05.8088035Z, 2026-06-08T01:29:08.7226636Z] aspnetcore.routing.is_fallback: false aspnetcore.routing.match_status: success http.route: api/auth/login/customer
Value: 1
(2026-06-08T01:29:05.8088035Z, 2026-06-08T01:29:08.7226636Z] aspnetcore.routing.is_fallback: false aspnetcore.routing.match_status: success http.route: api/auth/login/seller
Value: 10
(2026-06-08T01:29:04.1532710Z, 2026-06-08T01:29:08.8130487Z] http.request.method: GET http.response.status_code: 200 http.route: api/stores/my-store network.protocol.version: 1.1 url.scheme: http
Value: Sum: 0.341303 Count: 2 Min: 0.1379043 Max: 0.2033987 
(-Infinity,0,005]:0
(0,005,0,01]:0
(0,01,0,025]:0
(0,025,0,05]:0
(0,05,0,075]:0
(0,075,0,1]:0
(0,1,0,25]:2
(0,25,0,5]:0
(0,5,0,75]:0
(0,75,1]:0
(1,2,5]:0
(2,5,5]:0
(5,7,5]:0
(7,5,10]:0
(10,+Infinity]:0
(2026-06-08T01:29:05.8088035Z, 2026-06-08T01:29:08.7226636Z] aspnetcore.routing.is_fallback: false aspnetcore.routing.match_status: success http.route: api/auth/email/resend-confirmation
Value: 5
[22:29:08 INF] Executed action method Urbeat.WebApi.Controllers.AuthController.RegisterSeller (Urbeat.WebApi), returned result Microsoft.AspNetCore.Mvc.ObjectResult in 102.1016ms.
(2026-06-08T01:29:05.8088035Z, 2026-06-08T01:29:08.7226636Z] aspnetcore.routing.is_fallback: false aspnetcore.routing.match_status: success http.route: api/auth/email/confirm/{code}
Value: 3
(2026-06-08T01:29:04.1532710Z, 2026-06-08T01:29:08.8130487Z] http.request.method: POST http.response.status_code: 204 http.route: api/admin/subscriptions/status network.protocol.version: 1.1 url.scheme: http
Value: Sum: 0.1895287 Count: 1 Min: 0.1895287 Max: 0.1895287 
(-Infinity,0,005]:0
(0,005,0,01]:0
(0,01,0,025]:0
(0,025,0,05]:0
(0,05,0,075]:0
(0,075,0,1]:0
(0,1,0,25]:1
(0,25,0,5]:0
(0,5,0,75]:0
(0,75,1]:0
(1,2,5]:0
(2,5,5]:0
(5,7,5]:0
(7,5,10]:0
(10,+Infinity]:0
(2026-06-08T01:29:05.8088035Z, 2026-06-08T01:29:08.7226636Z] aspnetcore.routing.is_fallback: false aspnetcore.routing.match_status: success http.route: api/stores
Value: 7
(2026-06-08T01:29:05.8088035Z, 2026-06-08T01:29:08.7226636Z] aspnetcore.routing.is_fallback: false aspnetcore.routing.match_status: success http.route: api/customer/addresses
Value: 5
[22:29:08 INF] Saved 1 entities to in-memory store.
(2026-06-08T01:29:05.8088035Z, 2026-06-08T01:29:08.7226636Z] aspnetcore.routing.is_fallback: false aspnetcore.routing.match_status: success http.route: api/stores/cuisine-types
Value: 1
(2026-06-08T01:29:04.1532710Z, 2026-06-08T01:29:08.8130487Z] http.request.method: POST http.response.status_code: 409 http.route: api/customer/addresses network.protocol.version: 1.1 url.scheme: http
Value: Sum: 0.0664064 Count: 1 Min: 0.0664064 Max: 0.0664064 
(-Infinity,0,005]:0
(0,005,0,01]:0
(0,01,0,025]:0
(0,025,0,05]:0
(0,05,0,075]:1
(0,075,0,1]:0
(0,1,0,25]:0
(0,25,0,5]:0
(0,5,0,75]:0
(0,75,1]:0
(1,2,5]:0
(2,5,5]:0
(5,7,5]:0
(7,5,10]:0
(10,+Infinity]:0
(2026-06-08T01:29:05.8088035Z, 2026-06-08T01:29:08.7226636Z] aspnetcore.routing.is_fallback: false aspnetcore.routing.match_status: success http.route: api/admin/plans/{planId}
Value: 1
[22:29:08 INF] Executing action method Urbeat.WebApi.Controllers.SubscriptionsController.GetMySubscription (Urbeat.WebApi) - Validation state: Valid
(2026-06-08T01:29:05.8088035Z, 2026-06-08T01:29:08.7226636Z] aspnetcore.routing.is_fallback: false aspnetcore.routing.match_status: success http.route: api/admin/plans/{planId}/status
Value: 1
(2026-06-08T01:29:04.1532710Z, 2026-06-08T01:29:08.8130487Z] http.request.method: GET http.response.status_code: 200 http.route: api/subscriptions/my network.protocol.version: 1.1 url.scheme: http
Value: Sum: 0.193226 Count: 1 Min: 0.193226 Max: 0.193226 
(-Infinity,0,005]:0
(0,005,0,01]:0
(0,01,0,025]:0
(0,025,0,05]:0
(0,05,0,075]:0
(0,075,0,1]:0
(0,1,0,25]:1
(0,25,0,5]:0
(0,5,0,75]:0
(0,75,1]:0
(1,2,5]:0
(2,5,5]:0
(5,7,5]:0
(7,5,10]:0
(10,+Infinity]:0
(2026-06-08T01:29:05.8088035Z, 2026-06-08T01:29:08.7226636Z] aspnetcore.routing.is_fallback: false aspnetcore.routing.match_status: success http.route: api/auth/email/confirm
Value: 1
(2026-06-08T01:29:05.8088035Z, 2026-06-08T01:29:08.7226636Z] aspnetcore.routing.is_fallback: false aspnetcore.routing.match_status: success http.route: api/stores/{storeId}/status
Value: 2
[22:29:08 INF] Request starting HTTP/1.1 POST http://localhost/api/stores - application/json; charset=utf-8 null
(2026-06-08T01:29:04.1532710Z, 2026-06-08T01:29:08.8130487Z] http.request.method: GET http.response.status_code: 200 http.route: api/customer/addresses network.protocol.version: 1.1 url.scheme: http
Value: Sum: 0.1926895 Count: 1 Min: 0.1926895 Max: 0.1926895 
(-Infinity,0,005]:0
(0,005,0,01]:0
(0,01,0,025]:0
(0,025,0,05]:0
(0,05,0,075]:0
(0,075,0,1]:0
(0,1,0,25]:1
(0,25,0,5]:0
(0,5,0,75]:0
(0,75,1]:0
(1,2,5]:0
(2,5,5]:0
(5,7,5]:0
(7,5,10]:0
(10,+Infinity]:0
(2026-06-08T01:29:05.8088035Z, 2026-06-08T01:29:08.7226636Z] aspnetcore.routing.is_fallback: false aspnetcore.routing.match_status: success http.route: api/stores/{storeId}/delivery-config
Value: 3
(2026-06-08T01:29:05.8088035Z, 2026-06-08T01:29:08.7226636Z] aspnetcore.routing.is_fallback: false aspnetcore.routing.match_status: success http.route: api/stores/{storeId}/categories/{categoryId}
Value: 1
(2026-06-08T01:29:04.1532710Z, 2026-06-08T01:29:08.8130487Z] http.request.method: GET http.response.status_code: 200 http.route: api/subscriptions/plans network.protocol.version: 1.1 url.scheme: http
Value: Sum: 0.1021946 Count: 1 Min: 0.1021946 Max: 0.1021946 
(-Infinity,0,005]:0
(0,005,0,01]:0
(0,01,0,025]:0
(0,025,0,05]:0
(0,05,0,075]:0
(0,075,0,1]:0
(0,1,0,25]:1
(0,25,0,5]:0
(0,5,0,75]:0
(0,75,1]:0
(1,2,5]:0
(2,5,5]:0
(5,7,5]:0
(7,5,10]:0
(10,+Infinity]:0
[22:29:08 INF] Route matched with {action = "LoginCustomer", controller = "Auth"}. Executing controller action with signature System.Threading.Tasks.Task`1[Microsoft.AspNetCore.Mvc.IActionResult] LoginCustomer(Urbeat.Application.DTOs.LoginRequestDto, System.Threading.CancellationToken) on controller Urbeat.WebApi.Controllers.AuthController (Urbeat.WebApi).
(2026-06-08T01:29:05.8088035Z, 2026-06-08T01:29:08.7226636Z] aspnetcore.routing.is_fallback: false aspnetcore.routing.match_status: success http.route: api/stores/my-store
Value: 2
(2026-06-08T01:29:04.1532710Z, 2026-06-08T01:29:08.8130487Z] http.request.method: POST http.response.status_code: 201 http.route: api/subscriptions/contract network.protocol.version: 1.1 url.scheme: http
Value: Sum: 0.2679168 Count: 1 Min: 0.2679168 Max: 0.2679168 
(-Infinity,0,005]:0
(0,005,0,01]:0
(0,01,0,025]:0
(0,025,0,05]:0
(0,05,0,075]:0
(0,075,0,1]:0
(0,1,0,25]:0
(0,25,0,5]:1
(0,5,0,75]:0
(0,75,1]:0
(1,2,5]:0
(2,5,5]:0
(5,7,5]:0
(7,5,10]:0
(10,+Infinity]:0
(2026-06-08T01:29:05.8088035Z, 2026-06-08T01:29:08.7226636Z] aspnetcore.routing.is_fallback: false aspnetcore.routing.match_status: success http.route: api/admin/subscriptions/status
Value: 1
Activity.TraceId:            e94bf4e3c9527775cc52c826926f8725
(2026-06-08T01:29:05.8088035Z, 2026-06-08T01:29:08.7226636Z] aspnetcore.routing.is_fallback: false aspnetcore.routing.match_status: success http.route: api/subscriptions/my
Value: 1
Activity.SpanId:             0a7dd30513ffd8fe
Metric Name: dotnet.gc.collections, Description: The number of garbage collections that have occurred since the process has started., Unit: {collection}, Metric Type: LongSum
Instrumentation scope (Meter):
(2026-06-08T01:29:05.8088035Z, 2026-06-08T01:29:08.7226636Z] aspnetcore.routing.is_fallback: false aspnetcore.routing.match_status: success http.route: api/subscriptions/contract
Value: 1
	Name: System.Runtime
Activity.TraceFlags:         Recorded
(2026-06-08T01:29:05.8088035Z, 2026-06-08T01:29:08.7226636Z] aspnetcore.routing.is_fallback: false aspnetcore.routing.match_status: success http.route: api/subscriptions/plans
Value: 1
Activity.DisplayName:        POST api/auth/login/seller
Activity.Kind:               Server
Metric Name: aspnetcore.routing.match_attempts, Description: Number of requests that were attempted to be matched to an endpoint., Unit: {match_attempt}, Metric Type: LongSum
(2026-06-08T01:29:04.1551833Z, 2026-06-08T01:29:08.8130503Z] gc.heap.generation: gen2
Value: 5
Instrumentation scope (Meter):
(2026-06-08T01:29:04.1551833Z, 2026-06-08T01:29:08.8130503Z] gc.heap.generation: gen1
Value: 10
	Name: Microsoft.AspNetCore.Routing
Activity.StartTime:          2026-06-08T01:29:08.7231426Z
(2026-06-08T01:29:04.1551833Z, 2026-06-08T01:29:08.8130503Z] gc.heap.generation: gen0
Value: 27
Activity.Duration:           00:00:00.1682680
Metric Name: dotnet.process.memory.working_set, Description: The number of bytes of physical memory mapped to the process context., Unit: By, Metric Type: LongSumNonMonotonic
Instrumentation scope (Meter):
	Name: System.Runtime
Activity.Tags:
(2026-06-08T01:29:07.4203845Z, 2026-06-08T01:29:08.7226659Z] aspnetcore.routing.is_fallback: false aspnetcore.routing.match_status: success http.route: /health
Value: 1
(2026-06-08T01:29:04.1551985Z, 2026-06-08T01:29:08.8130508Z]  
Value: 276246528
Metric Name: http.server.active_requests, Description: Number of active HTTP server requests., Unit: {request}, Metric Type: LongSumNonMonotonic
    server.address: localhost
Metric Name: dotnet.gc.heap.total_allocated, Description: The approximate number of bytes allocated on the managed GC heap since the process has started. The returned value does not include any native allocations., Unit: By, Metric Type: LongSum
    http.request.method: POST
Instrumentation scope (Meter):
Instrumentation scope (Meter):
	Name: Microsoft.AspNetCore.Hosting
    url.scheme: http
    url.path: /api/auth/login/seller
	Name: System.Runtime
    network.protocol.version: 1.1
(2026-06-08T01:29:07.9116164Z, 2026-06-08T01:29:08.7226682Z] http.request.method: POST url.scheme: http
Value: 1
    http.route: api/auth/login/seller
(2026-06-08T01:29:04.1552188Z, 2026-06-08T01:29:08.8130513Z]  
Value: 305522696
Metric Name: http.server.request.duration, Description: Duration of HTTP server requests., Unit: s, Metric Type: Histogram
    http.response.status_code: 200
[22:29:08 INF] Executing ObjectResult, writing value of type '<>f__AnonymousType2`3[[System.Nullable`1[[System.Guid, System.Private.CoreLib, Version=9.0.0.0, Culture=neutral, PublicKeyToken=7cec85d7bea7798e]], System.Private.CoreLib, Version=9.0.0.0, Culture=neutral, PublicKeyToken=7cec85d7bea7798e],[System.Boolean, System.Private.CoreLib, Version=9.0.0.0, Culture=neutral, PublicKeyToken=7cec85d7bea7798e],[System.String, System.Private.CoreLib, Version=9.0.0.0, Culture=neutral, PublicKeyToken=7cec85d7bea7798e]]'.
Instrumentation scope (ActivitySource):
Metric Name: dotnet.gc.last_collection.memory.committed_size, Description: The amount of committed virtual memory in use by the .NET GC, as observed during the latest garbage collection., Unit: By, Metric Type: LongSumNonMonotonic
    Name: Microsoft.AspNetCore
Instrumentation scope (Meter):
Resource associated with Activity:
[22:29:08 WRN] Failed to process the job '460b865a-d8c4-4bef-b41d-14fe41c9e27e': an exception occurred. Retry attempt 1 of 10 will be performed in 00:00:16.
System.ObjectDisposedException: Cannot access a disposed object.
Object name: 'IServiceProvider'.
   at Microsoft.Extensions.DependencyInjection.ServiceLookup.ThrowHelper.ThrowObjectDisposedException()
   at Microsoft.Extensions.DependencyInjection.ServiceProvider.CreateScope()
   at Hangfire.AspNetCore.AspNetCoreJobActivator.BeginScope(JobActivatorContext context) in C:\projects\hangfire-525\src\Hangfire.NetCore\AspNetCore\AspNetCoreJobActivator.cs:line 34
   at Hangfire.JobActivator.BeginScope(PerformContext context) in C:\projects\hangfire-525\src\Hangfire.Core\JobActivator.cs:line 66
   at Hangfire.Server.CoreBackgroundJobPerformer.Perform(PerformContext context) in C:\projects\hangfire-525\src\Hangfire.Core\Server\CoreBackgroundJobPerformer.cs:line 49
   at Hangfire.Server.BackgroundJobPerformer.InvokeNextServerFilter(Enumerator& enumerator, IBackgroundJobPerformer innerPerformer, PerformContext context, PerformingContext preContext) in C:\projects\hangfire-525\src\Hangfire.Core\Server\BackgroundJobPerformer.cs:line 133
   at Hangfire.Server.BackgroundJobPerformer.InvokeServerFilter(Enumerator& enumerator, IBackgroundJobPerformer innerPerformer, PerformContext context, PerformingContext preContext) in C:\projects\hangfire-525\src\Hangfire.Core\Server\BackgroundJobPerformer.cs:line 174
   at Hangfire.Server.BackgroundJobPerformer.InvokeNextServerFilter(Enumerator& enumerator, IBackgroundJobPerformer innerPerformer, PerformContext context, PerformingContext preContext) in C:\projects\hangfire-525\src\Hangfire.Core\Server\BackgroundJobPerformer.cs:line 130
   at Hangfire.Server.BackgroundJobPerformer.PerformJobWithFilters(PerformContext context, FilterCollection`1 filters) in C:\projects\hangfire-525\src\Hangfire.Core\Server\BackgroundJobPerformer.cs:line 119
   at Hangfire.Server.BackgroundJobPerformer.Perform(PerformContext context) in C:\projects\hangfire-525\src\Hangfire.Core\Server\BackgroundJobPerformer.cs:line 78
   at Hangfire.Server.Worker.PerformJob(BackgroundProcessContext context, IStorageConnection connection, String jobId, BackgroundJob backgroundJob, IReadOnlyDictionary`2& customData) in C:\projects\hangfire-525\src\Hangfire.Core\Server\Worker.cs:line 320
Instrumentation scope (Meter):
[22:29:08 INF] Saved 1 entities to in-memory store.
	Name: System.Runtime
	Name: Microsoft.AspNetCore.Hosting
(2026-06-08T01:29:04.1706846Z, 2026-06-08T01:29:08.8130517Z]  
Value: 133623808
Metric Name: dotnet.gc.last_collection.heap.size, Description: The managed GC heap size (including fragmentation), as observed during the latest garbage collection., Unit: By, Metric Type: LongSumNonMonotonic
Instrumentation scope (Meter):
	Name: System.Runtime
(2026-06-08T01:29:04.1872952Z, 2026-06-08T01:29:08.8130523Z] gc.heap.generation: gen0
Value: 0
(2026-06-08T01:29:04.1872952Z, 2026-06-08T01:29:08.8130523Z] gc.heap.generation: gen1
Value: 3760176
(2026-06-08T01:29:04.1872952Z, 2026-06-08T01:29:08.8130523Z] gc.heap.generation: gen2
Value: 54338152
(2026-06-08T01:29:04.1872952Z, 2026-06-08T01:29:08.8130523Z] gc.heap.generation: loh
Value: 70548048
[22:29:08 INF] Executed action Urbeat.WebApi.Controllers.AuthController.RegisterSeller (Urbeat.WebApi) in 141.4004ms
(2026-06-08T01:29:04.1872952Z, 2026-06-08T01:29:08.8130523Z] gc.heap.generation: poh
Value: 123736
Metric Name: dotnet.gc.last_collection.heap.fragmentation.size, Description: The heap fragmentation, as observed during the latest garbage collection., Unit: By, Metric Type: LongSumNonMonotonic
Instrumentation scope (Meter):
	Name: System.Runtime
(2026-06-08T01:29:07.9118433Z, 2026-06-08T01:29:08.7226690Z] http.request.method: POST http.response.status_code: 201 http.route: api/auth/register/seller network.protocol.version: 1.1 url.scheme: http
Value: Sum: 0.362994 Count: 1 Min: 0.362994 Max: 0.362994 
(-Infinity,0,005]:0
(0,005,0,01]:0
(0,01,0,025]:0
(0,025,0,05]:0
(0,05,0,075]:0
(0,075,0,1]:0
(0,1,0,25]:0
(0,25,0,5]:1
(0,5,0,75]:0
(0,75,1]:0
(1,2,5]:0
(2,5,5]:0
(5,7,5]:0
(7,5,10]:0
(10,+Infinity]:0
(2026-06-08T01:29:04.1873699Z, 2026-06-08T01:29:08.8130529Z] gc.heap.generation: gen0
Value: 0
(2026-06-08T01:29:04.1873699Z, 2026-06-08T01:29:08.8130529Z] gc.heap.generation: gen1
Value: 2546848
Metric Name: aspnetcore.routing.match_attempts, Description: Number of requests that were attempted to be matched to an endpoint., Unit: {match_attempt}, Metric Type: LongSum
[22:29:08 INF] Executed endpoint 'Urbeat.WebApi.Controllers.AuthController.RegisterSeller (Urbeat.WebApi)'
Instrumentation scope (Meter):
(2026-06-08T01:29:04.1873699Z, 2026-06-08T01:29:08.8130529Z] gc.heap.generation: gen2
Value: 4214960
	Name: Microsoft.AspNetCore.Routing
(2026-06-08T01:29:04.1873699Z, 2026-06-08T01:29:08.8130529Z] gc.heap.generation: loh
Value: 15776
[22:29:08 INF] Saved 1 entities to in-memory store.
(2026-06-08T01:29:04.1873699Z, 2026-06-08T01:29:08.8130529Z] gc.heap.generation: poh
Value: 0
Metric Name: dotnet.gc.pause.time, Description: The total amount of time paused in GC since the process has started., Unit: s, Metric Type: DoubleSum
Instrumentation scope (Meter):
(2026-06-08T01:29:07.9808523Z, 2026-06-08T01:29:08.7226693Z] aspnetcore.routing.is_fallback: false aspnetcore.routing.match_status: success http.route: api/auth/register/seller
Value: 1
	Name: System.Runtime
(2026-06-08T01:29:04.1875076Z, 2026-06-08T01:29:08.8130537Z]  
Value: 0.373894
Metric Name: dotnet.jit.compiled_il.size, Description: Count of bytes of intermediate language that have been compiled since the process has started., Unit: By, Metric Type: LongSum
Instrumentation scope (Meter):
	Name: System.Runtime
(2026-06-08T01:29:07.9808523Z, 2026-06-08T01:29:08.7226693Z] aspnetcore.routing.is_fallback: false aspnetcore.routing.match_status: success http.route: api/auth/login/seller
Value: 1
(2026-06-08T01:29:04.1875257Z, 2026-06-08T01:29:08.8130541Z]  
Value: 1841297
Metric Name: dotnet.jit.compiled_methods, Description: The number of times the JIT compiler (re)compiled methods since the process has started., Unit: {method}, Metric Type: LongSum
Instrumentation scope (Meter):
	Name: System.Runtime
(2026-06-08T01:29:04.1875388Z, 2026-06-08T01:29:08.8130547Z]  
Value: 29163
Metric Name: dotnet.jit.compilation.time, Description: The number of times the JIT compiler (re)compiled methods since the process has started., Unit: s, Metric Type: DoubleSum
Instrumentation scope (Meter):
	Name: System.Runtime
(2026-06-08T01:29:04.1875511Z, 2026-06-08T01:29:08.8130552Z]  
Value: 4.6381136
Metric Name: dotnet.monitor.lock_contentions, Description: The number of times there was contention when trying to acquire a monitor lock since the process has started., Unit: {contention}, Metric Type: LongSum
Instrumentation scope (Meter):
	Name: System.Runtime
(2026-06-08T01:29:04.1875729Z, 2026-06-08T01:29:08.8130555Z]  
Value: 2378
Metric Name: dotnet.thread_pool.thread.count, Description: The number of thread pool threads that currently exist., Unit: {thread}, Metric Type: LongSum
Instrumentation scope (Meter):
	Name: System.Runtime
(2026-06-08T01:29:04.1875891Z, 2026-06-08T01:29:08.8130558Z]  
Value: 17
Metric Name: dotnet.thread_pool.work_item.count, Description: The number of work items that the thread pool has completed since the process has started., Unit: {work_item}, Metric Type: LongSum
Instrumentation scope (Meter):
	Name: System.Runtime
(2026-06-08T01:29:04.1877041Z, 2026-06-08T01:29:08.8130561Z]  
Value: 799
[22:29:08 INF] Executed action method Urbeat.WebApi.Controllers.StoresController.Create (Urbeat.WebApi), returned result Microsoft.AspNetCore.Mvc.ObjectResult in 39.4395ms.
Metric Name: dotnet.thread_pool.queue.length, Description: The number of work items that are currently queued to be processed by the thread pool., Unit: {work_item}, Metric Type: LongSum
Instrumentation scope (Meter):
	Name: System.Runtime
(2026-06-08T01:29:04.1877211Z, 2026-06-08T01:29:08.8130563Z]  
Value: 11
Metric Name: dotnet.timer.count, Description: The number of timer instances that are currently active. An active timer is registered to tick at some point in the future and has not yet been canceled., Unit: {timer}, Metric Type: LongSumNonMonotonic
Instrumentation scope (Meter):
	Name: System.Runtime
[22:29:08 INF] Saved 1 entities to in-memory store.
(2026-06-08T01:29:04.1877439Z, 2026-06-08T01:29:08.8130566Z]  
Value: 33
[22:29:08 INF] Saved 1 entities to in-memory store.
Metric Name: dotnet.assembly.count, Description: The number of .NET assemblies that are currently loaded., Unit: {assembly}, Metric Type: LongSumNonMonotonic
Instrumentation scope (Meter):
	Name: System.Runtime
    telemetry.sdk.name: opentelemetry
(2026-06-08T01:29:04.1877540Z, 2026-06-08T01:29:08.8130568Z]  
Value: 264
Metric Name: dotnet.exceptions, Description: The number of exceptions that have been thrown in managed code., Unit: {exception}, Metric Type: LongSum
    telemetry.sdk.language: dotnet
Instrumentation scope (Meter):
    telemetry.sdk.version: 1.14.0
	Name: System.Runtime
    service.name: unknown_service:testhost
(2026-06-08T01:29:04.1877640Z, 2026-06-08T01:29:08.8130574Z] error.type: SocketException
Value: 10
(2026-06-08T01:29:04.1877640Z, 2026-06-08T01:29:08.8130574Z] error.type: NullReferenceException
Value: 4
Activity.TraceId:            e94bf4e3c9527775cc52c826926f8725
(2026-06-08T01:29:04.1877640Z, 2026-06-08T01:29:08.8130574Z] error.type: OperationCanceledException
Value: 35
(2026-06-08T01:29:04.1877640Z, 2026-06-08T01:29:08.8130574Z] error.type: InvalidOperationException
Value: 2
Activity.SpanId:             0a7dd30513ffd8fe
(2026-06-08T01:29:04.1877640Z, 2026-06-08T01:29:08.8130574Z] error.type: FileNotFoundException
Value: 1
Activity.TraceFlags:         Recorded
(2026-06-08T01:29:04.1877640Z, 2026-06-08T01:29:08.8130574Z] error.type: XunitException
Value: 28
Activity.DisplayName:        POST api/auth/login/seller
Activity.Kind:               Server
[22:29:08 INF] Executing ObjectResult, writing value of type 'Urbeat.Application.DTOs.StoreResponseDto'.
(2026-06-08T01:29:04.1877640Z, 2026-06-08T01:29:08.8130574Z] error.type: NpgsqlException
Value: 24
Activity.StartTime:          2026-06-08T01:29:08.7231426Z
(2026-06-08T01:29:04.1877640Z, 2026-06-08T01:29:08.8130574Z] error.type: ObjectDisposedException
Value: 2
Activity.Duration:           00:00:00.1682680
Metric Name: dotnet.process.cpu.count, Description: The number of processors available to the process., Unit: {cpu}, Metric Type: LongSumNonMonotonic
Instrumentation scope (Meter):
	Name: System.Runtime
Activity.Tags:
[22:29:08 INF] Executed action method Urbeat.WebApi.Controllers.AuthController.LoginSeller (Urbeat.WebApi), returned result Microsoft.AspNetCore.Mvc.OkObjectResult in 79.3665ms.
    server.address: localhost
(2026-06-08T01:29:04.1877736Z, 2026-06-08T01:29:08.8130577Z]  
Value: 12
    http.request.method: POST
Metric Name: dotnet.process.cpu.time, Description: CPU time used by the process., Unit: s, Metric Type: DoubleSum
    url.scheme: http
Instrumentation scope (Meter):
    url.path: /api/auth/login/seller
	Name: System.Runtime
    network.protocol.version: 1.1
    http.route: api/auth/login/seller
(2026-06-08T01:29:04.1877855Z, 2026-06-08T01:29:08.8130583Z] cpu.mode: user
Value: 11.953125
    http.response.status_code: 200
Instrumentation scope (ActivitySource):
    Name: Microsoft.AspNetCore
(2026-06-08T01:29:04.1877855Z, 2026-06-08T01:29:08.8130583Z] cpu.mode: system
Value: 2.234375
Resource associated with Activity:
Metric Name: dns.lookup.duration, Description: Measures the time taken to perform a DNS lookup., Unit: s, Metric Type: Histogram
Instrumentation scope (Meter):
Activity.TraceId:            2a6dae66e296bdc2cfb36d4ea246b99f
    telemetry.sdk.name: opentelemetry
	Name: System.Net.NameResolution
    telemetry.sdk.language: dotnet
Activity.SpanId:             fff9dbfc8f1b8d5f
    telemetry.sdk.version: 1.14.0
Activity.TraceFlags:         Recorded
    service.name: unknown_service:testhost
Activity.DisplayName:        POST api/stores
[22:29:08 INF] Executing endpoint 'Urbeat.WebApi.Controllers.StoresController.Create (Urbeat.WebApi)'
Activity.Kind:               Server
Activity.TraceId:            e94bf4e3c9527775cc52c826926f8725
[22:29:08 INF] Executing OkObjectResult, writing value of type 'Urbeat.Application.DTOs.AuthTokenResponseDto'.
Activity.StartTime:          2026-06-08T01:29:08.7523502Z
(2026-06-08T01:29:04.2011058Z, 2026-06-08T01:29:08.8130593Z] dns.question.name: localhost
Value: Sum: 0.005686400000000001 Count: 4 Min: 0.000572 Max: 0.003488 
(-Infinity,0,005]:4
(0,005,0,01]:0
(0,01,0,025]:0
(0,025,0,05]:0
(0,05,0,075]:0
(0,075,0,1]:0
(0,1,0,25]:0
(0,25,0,5]:0
(0,5,0,75]:0
(0,75,1]:0
(1,2,5]:0
(2,5,5]:0
(5,7,5]:0
(7,5,10]:0
(10,+Infinity]:0
Activity.Duration:           00:00:00.1390605
Metric Name: aspnetcore.routing.match_attempts, Description: Number of requests that were attempted to be matched to an endpoint., Unit: {match_attempt}, Metric Type: LongSum
Instrumentation scope (Meter):
Activity.Tags:
Activity.SpanId:             0a7dd30513ffd8fe
[22:29:08 INF] Executed action Urbeat.WebApi.Controllers.StoresController.Create (Urbeat.WebApi) in 78.9517ms
	Name: Microsoft.AspNetCore.Routing
Activity.TraceFlags:         Recorded
    server.address: localhost
Activity.DisplayName:        POST api/auth/login/seller
    http.request.method: POST
Activity.Kind:               Server
[22:29:08 INF] Executing action method Urbeat.WebApi.Controllers.AuthController.LoginCustomer (Urbeat.WebApi) - Validation state: Valid
(2026-06-08T01:29:05.8088235Z, 2026-06-08T01:29:08.8130606Z] aspnetcore.routing.is_fallback: false aspnetcore.routing.match_status: success http.route: api/auth/login/admin
Value: 3
Activity.StartTime:          2026-06-08T01:29:08.7231426Z
Activity.Duration:           00:00:00.1682680
[22:29:08 INF] Executed action method Urbeat.WebApi.Controllers.SubscriptionsController.GetMySubscription (Urbeat.WebApi), returned result Microsoft.AspNetCore.Mvc.OkObjectResult in 0.8521ms.
Activity.Tags:
(2026-06-08T01:29:05.8088235Z, 2026-06-08T01:29:08.8130606Z] aspnetcore.routing.is_fallback: false aspnetcore.routing.match_status: success http.route: api/auth/register/customer
Value: 6
    server.address: localhost
    http.request.method: POST
    url.scheme: http
    url.path: /api/auth/login/seller
    network.protocol.version: 1.1
(2026-06-08T01:29:05.8088235Z, 2026-06-08T01:29:08.8130606Z] aspnetcore.routing.is_fallback: false aspnetcore.routing.match_status: success http.route: api/address-lookup/cep/{cep}
Value: 1
    http.route: api/auth/login/seller
(2026-06-08T01:29:05.8088235Z, 2026-06-08T01:29:08.8130606Z] aspnetcore.routing.is_fallback: false aspnetcore.routing.match_status: success http.route: api/auth/register/seller
Value: 16
    http.response.status_code: 200
    url.scheme: http
Instrumentation scope (ActivitySource):
(2026-06-08T01:29:05.8088235Z, 2026-06-08T01:29:08.8130606Z] aspnetcore.routing.is_fallback: false aspnetcore.routing.match_status: success http.route: api/stores/{storeId}/categories
Value: 1
    Name: Microsoft.AspNetCore
    url.path: /api/stores
Resource associated with Activity:
    network.protocol.version: 1.1
(2026-06-08T01:29:05.8088235Z, 2026-06-08T01:29:08.8130606Z] aspnetcore.routing.is_fallback: false aspnetcore.routing.match_status: success http.route: api/customer/home
Value: 3
    http.route: api/stores
    telemetry.sdk.name: opentelemetry
(2026-06-08T01:29:05.8088235Z, 2026-06-08T01:29:08.8130606Z] aspnetcore.routing.is_fallback: false aspnetcore.routing.match_status: success http.route: api/admin/dashboard
Value: 3
    http.response.status_code: 201
    telemetry.sdk.language: dotnet
Instrumentation scope (ActivitySource):
    telemetry.sdk.version: 1.14.0
    Name: Microsoft.AspNetCore
[22:29:08 INF] Executed endpoint 'Urbeat.WebApi.Controllers.StoresController.Create (Urbeat.WebApi)'
Resource associated with Activity:
(2026-06-08T01:29:05.8088235Z, 2026-06-08T01:29:08.8130606Z] aspnetcore.routing.is_fallback: false aspnetcore.routing.match_status: success http.route: api/seller/panel
Value: 3
    telemetry.sdk.name: opentelemetry
    service.name: unknown_service:testhost
    telemetry.sdk.language: dotnet
[22:29:08 INF] Route matched with {action = "Create", controller = "Stores"}. Executing controller action with signature System.Threading.Tasks.Task`1[Microsoft.AspNetCore.Mvc.IActionResult] Create(Urbeat.Application.DTOs.CreateStoreRequestDto, System.Threading.CancellationToken) on controller Urbeat.WebApi.Controllers.StoresController (Urbeat.WebApi).
    telemetry.sdk.version: 1.14.0
(2026-06-08T01:29:05.8088235Z, 2026-06-08T01:29:08.8130606Z] aspnetcore.routing.is_fallback: false aspnetcore.routing.match_status: success http.route: api/admin/plans
Value: 4
    service.name: unknown_service:testhost
(2026-06-08T01:29:05.8088235Z, 2026-06-08T01:29:08.8130606Z] aspnetcore.routing.is_fallback: false aspnetcore.routing.match_status: success http.route: api/auth/login/customer
Value: 3
(2026-06-08T01:29:05.8088235Z, 2026-06-08T01:29:08.8130606Z] aspnetcore.routing.is_fallback: false aspnetcore.routing.match_status: success http.route: api/auth/login/seller
Value: 11
Activity.TraceId:            e94bf4e3c9527775cc52c826926f8725
Activity.SpanId:             0a7dd30513ffd8fe
Activity.TraceFlags:         Recorded
Activity.DisplayName:        POST api/auth/login/seller
Activity.Kind:               Server
Activity.StartTime:          2026-06-08T01:29:08.7231426Z
Activity.Duration:           00:00:00.1682680
Activity.Tags:
    server.address: localhost
    http.request.method: POST
    url.scheme: http
    url.path: /api/auth/login/seller
    network.protocol.version: 1.1
    http.route: api/auth/login/seller
    http.response.status_code: 200
Instrumentation scope (ActivitySource):
    Name: Microsoft.AspNetCore
Resource associated with Activity:
    telemetry.sdk.name: opentelemetry
    telemetry.sdk.language: dotnet
    telemetry.sdk.version: 1.14.0
    service.name: unknown_service:testhost
Activity.TraceId:            2a6dae66e296bdc2cfb36d4ea246b99f
Activity.SpanId:             fff9dbfc8f1b8d5f
Activity.TraceFlags:         Recorded
(2026-06-08T01:29:05.8088235Z, 2026-06-08T01:29:08.8130606Z] aspnetcore.routing.is_fallback: false aspnetcore.routing.match_status: success http.route: api/auth/email/resend-confirmation
Value: 5
Activity.DisplayName:        POST api/stores
Activity.Kind:               Server
Activity.StartTime:          2026-06-08T01:29:08.7523502Z
Activity.Duration:           00:00:00.1390605
Activity.Tags:
    server.address: localhost
    http.request.method: POST
    url.scheme: http
    url.path: /api/stores
(2026-06-08T01:29:05.8088235Z, 2026-06-08T01:29:08.8130606Z] aspnetcore.routing.is_fallback: false aspnetcore.routing.match_status: success http.route: api/auth/email/confirm/{code}
Value: 3
    network.protocol.version: 1.1
[22:29:08 INF] Executed action method Urbeat.WebApi.Controllers.AuthController.LoginCustomer (Urbeat.WebApi), returned result Microsoft.AspNetCore.Mvc.ObjectResult in 79.6527ms.
    http.route: api/stores
    http.response.status_code: 201
(2026-06-08T01:29:05.8088235Z, 2026-06-08T01:29:08.8130606Z] aspnetcore.routing.is_fallback: false aspnetcore.routing.match_status: success http.route: api/stores
Value: 9
Instrumentation scope (ActivitySource):
    Name: Microsoft.AspNetCore
(2026-06-08T01:29:05.8088235Z, 2026-06-08T01:29:08.8130606Z] aspnetcore.routing.is_fallback: false aspnetcore.routing.match_status: success http.route: api/customer/addresses
Value: 5
Resource associated with Activity:
(2026-06-08T01:29:05.8088235Z, 2026-06-08T01:29:08.8130606Z] aspnetcore.routing.is_fallback: false aspnetcore.routing.match_status: success http.route: api/stores/cuisine-types
Value: 1
    telemetry.sdk.name: opentelemetry
    telemetry.sdk.language: dotnet
    telemetry.sdk.version: 1.14.0
(2026-06-08T01:29:05.8088235Z, 2026-06-08T01:29:08.8130606Z] aspnetcore.routing.is_fallback: false aspnetcore.routing.match_status: success http.route: api/admin/plans/{planId}
Value: 1
    service.name: unknown_service:testhost
(2026-06-08T01:29:05.8088235Z, 2026-06-08T01:29:08.8130606Z] aspnetcore.routing.is_fallback: false aspnetcore.routing.match_status: success http.route: api/admin/plans/{planId}/status
Value: 1
Activity.TraceId:            e94bf4e3c9527775cc52c826926f8725
Activity.SpanId:             0a7dd30513ffd8fe
(2026-06-08T01:29:05.8088235Z, 2026-06-08T01:29:08.8130606Z] aspnetcore.routing.is_fallback: false aspnetcore.routing.match_status: success http.route: api/auth/email/confirm
Value: 1
Activity.TraceFlags:         Recorded
Activity.TraceId:            2a6dae66e296bdc2cfb36d4ea246b99f
(2026-06-08T01:29:05.8088235Z, 2026-06-08T01:29:08.8130606Z] aspnetcore.routing.is_fallback: false aspnetcore.routing.match_status: success http.route: api/stores/{storeId}/status
Value: 2
Activity.SpanId:             fff9dbfc8f1b8d5f
Activity.DisplayName:        POST api/auth/login/seller
(2026-06-08T01:29:05.8088235Z, 2026-06-08T01:29:08.8130606Z] aspnetcore.routing.is_fallback: false aspnetcore.routing.match_status: success http.route: api/stores/{storeId}/delivery-config
Value: 3
Activity.Kind:               Server
Activity.TraceFlags:         Recorded
(2026-06-08T01:29:05.8088235Z, 2026-06-08T01:29:08.8130606Z] aspnetcore.routing.is_fallback: false aspnetcore.routing.match_status: success http.route: api/stores/{storeId}/categories/{categoryId}
Value: 1
Activity.DisplayName:        POST api/stores
Activity.Kind:               Server
(2026-06-08T01:29:05.8088235Z, 2026-06-08T01:29:08.8130606Z] aspnetcore.routing.is_fallback: false aspnetcore.routing.match_status: success http.route: api/stores/my-store
Value: 2
Activity.StartTime:          2026-06-08T01:29:08.7231426Z
Activity.StartTime:          2026-06-08T01:29:08.7523502Z
(2026-06-08T01:29:05.8088235Z, 2026-06-08T01:29:08.8130606Z] aspnetcore.routing.is_fallback: false aspnetcore.routing.match_status: success http.route: api/admin/subscriptions/status
Value: 1
Activity.Duration:           00:00:00.1390605
Activity.Duration:           00:00:00.1682680
Activity.Tags:
(2026-06-08T01:29:05.8088235Z, 2026-06-08T01:29:08.8130606Z] aspnetcore.routing.is_fallback: false aspnetcore.routing.match_status: success http.route: api/subscriptions/my
Value: 2
Activity.Tags:
    server.address: localhost
(2026-06-08T01:29:05.8088235Z, 2026-06-08T01:29:08.8130606Z] aspnetcore.routing.is_fallback: false aspnetcore.routing.match_status: success http.route: api/subscriptions/contract
Value: 1
    http.request.method: POST
    server.address: localhost
    url.scheme: http
(2026-06-08T01:29:05.8088235Z, 2026-06-08T01:29:08.8130606Z] aspnetcore.routing.is_fallback: false aspnetcore.routing.match_status: success http.route: api/subscriptions/plans
Value: 1
    http.request.method: POST
    url.path: /api/stores
Metric Name: aspnetcore.routing.match_attempts, Description: Number of requests that were attempted to be matched to an endpoint., Unit: {match_attempt}, Metric Type: LongSum
Instrumentation scope (Meter):
    url.scheme: http
    network.protocol.version: 1.1
	Name: Microsoft.AspNetCore.Routing
    http.route: api/stores
    http.response.status_code: 201
(2026-06-08T01:29:07.4204047Z, 2026-06-08T01:29:08.8130632Z] aspnetcore.routing.is_fallback: false aspnetcore.routing.match_status: success http.route: /health
Value: 1
    url.path: /api/auth/login/seller
Metric Name: http.server.active_requests, Description: Number of active HTTP server requests., Unit: {request}, Metric Type: LongSumNonMonotonic
Instrumentation scope (Meter):
    network.protocol.version: 1.1
Instrumentation scope (ActivitySource):
	Name: Microsoft.AspNetCore.Hosting
    http.route: api/auth/login/seller
(2026-06-08T01:29:07.9116328Z, 2026-06-08T01:29:08.8130662Z] http.request.method: POST url.scheme: http
Value: 1
    http.response.status_code: 200
Metric Name: http.server.request.duration, Description: Duration of HTTP server requests., Unit: s, Metric Type: Histogram
Instrumentation scope (ActivitySource):
[22:29:08 INF] Request finished HTTP/1.1 POST http://localhost/api/auth/register/seller - 201 null application/json; charset=utf-8 200.2436ms
    Name: Microsoft.AspNetCore
Instrumentation scope (Meter):
	Name: Microsoft.AspNetCore.Hosting
Resource associated with Activity:
[22:29:08 INF] Executing ObjectResult, writing value of type '<>f__AnonymousType1`1[[System.String, System.Private.CoreLib, Version=9.0.0.0, Culture=neutral, PublicKeyToken=7cec85d7bea7798e]]'.
    telemetry.sdk.name: opentelemetry
    telemetry.sdk.language: dotnet
[22:29:08 INF] Request starting HTTP/1.1 POST http://localhost/api/stores/019ea4d9-0dcd-7409-979a-4ad0ed11b7da/categories - application/json; charset=utf-8 null
    telemetry.sdk.version: 1.14.0
(2026-06-08T01:29:07.9118622Z, 2026-06-08T01:29:08.8130671Z] http.request.method: POST http.response.status_code: 201 http.route: api/auth/register/seller network.protocol.version: 1.1 url.scheme: http
Value: Sum: 0.362994 Count: 1 Min: 0.362994 Max: 0.362994 
(-Infinity,0,005]:0
(0,005,0,01]:0
(0,01,0,025]:0
(0,025,0,05]:0
(0,05,0,075]:0
(0,075,0,1]:0
(0,1,0,25]:0
(0,25,0,5]:1
(0,5,0,75]:0
(0,75,1]:0
(1,2,5]:0
(2,5,5]:0
(5,7,5]:0
(7,5,10]:0
(10,+Infinity]:0
    service.name: unknown_service:testhost
Metric Name: aspnetcore.routing.match_attempts, Description: Number of requests that were attempted to be matched to an endpoint., Unit: {match_attempt}, Metric Type: LongSum
Instrumentation scope (Meter):
	Name: Microsoft.AspNetCore.Routing
Activity.TraceId:            e94bf4e3c9527775cc52c826926f8725
Activity.SpanId:             0a7dd30513ffd8fe
(2026-06-08T01:29:07.9808708Z, 2026-06-08T01:29:08.8130676Z] aspnetcore.routing.is_fallback: false aspnetcore.routing.match_status: success http.route: api/auth/register/seller
Value: 1
Activity.TraceFlags:         Recorded
Activity.DisplayName:        POST api/auth/login/seller
(2026-06-08T01:29:07.9808708Z, 2026-06-08T01:29:08.8130676Z] aspnetcore.routing.is_fallback: false aspnetcore.routing.match_status: success http.route: api/auth/login/seller
Value: 1
Activity.Kind:               Server
Activity.StartTime:          2026-06-08T01:29:08.7231426Z
Activity.Duration:           00:00:00.1682680
Activity.Tags:
    server.address: localhost
    http.request.method: POST
    url.scheme: http
    url.path: /api/auth/login/seller
    network.protocol.version: 1.1
    http.route: api/auth/login/seller
    http.response.status_code: 200
Instrumentation scope (ActivitySource):
    Name: Microsoft.AspNetCore
Resource associated with Activity:
    telemetry.sdk.name: opentelemetry
    telemetry.sdk.language: dotnet
    telemetry.sdk.version: 1.14.0
    service.name: unknown_service:testhost
Activity.TraceId:            e94bf4e3c9527775cc52c826926f8725
Activity.SpanId:             0a7dd30513ffd8fe
Activity.TraceFlags:         Recorded
Activity.DisplayName:        POST api/auth/login/seller
[22:29:08 INF] Executed action Urbeat.WebApi.Controllers.AuthController.LoginSeller (Urbeat.WebApi) in 145.9367ms
Activity.Kind:               Server
Activity.StartTime:          2026-06-08T01:29:08.7231426Z
Activity.Duration:           00:00:00.1682680
Activity.Tags:
    server.address: localhost
    http.request.method: POST
    url.scheme: http
    url.path: /api/auth/login/seller
    network.protocol.version: 1.1
    http.route: api/auth/login/seller
    http.response.status_code: 200
Instrumentation scope (ActivitySource):
    Name: Microsoft.AspNetCore
Resource associated with Activity:
    telemetry.sdk.name: opentelemetry
    telemetry.sdk.language: dotnet
    telemetry.sdk.version: 1.14.0
    service.name: unknown_service:testhost
[22:29:08 INF] Executed endpoint 'Urbeat.WebApi.Controllers.AuthController.LoginSeller (Urbeat.WebApi)'
Activity.TraceId:            e94bf4e3c9527775cc52c826926f8725
Activity.SpanId:             0a7dd30513ffd8fe
Activity.TraceFlags:         Recorded
Activity.DisplayName:        POST api/auth/login/seller
Activity.Kind:               Server
Activity.StartTime:          2026-06-08T01:29:08.7231426Z
Activity.Duration:           00:00:00.1682680
Activity.Tags:
    server.address: localhost
    http.request.method: POST
    url.scheme: http
    url.path: /api/auth/login/seller
Activity.TraceId:            63d967b066074a47cd4a37f9ba7ea141
    network.protocol.version: 1.1
Activity.SpanId:             6213f8bb2b206361
    http.route: api/auth/login/seller
Activity.TraceFlags:         Recorded
    http.response.status_code: 200
Activity.DisplayName:        POST api/auth/register/seller
Instrumentation scope (ActivitySource):
Activity.Kind:               Server
    Name: Microsoft.AspNetCore
Resource associated with Activity:
    telemetry.sdk.name: opentelemetry
Activity.StartTime:          2026-06-08T01:29:08.6921921Z
    telemetry.sdk.language: dotnet
    telemetry.sdk.version: 1.14.0
    service.name: unknown_service:testhost
Activity.Duration:           00:00:00.2349451
    Name: Microsoft.AspNetCore
Activity.TraceId:            e94bf4e3c9527775cc52c826926f8725
Resource associated with Activity:
Activity.SpanId:             0a7dd30513ffd8fe
Activity.Tags:
Activity.TraceFlags:         Recorded
    server.address: localhost
Activity.DisplayName:        POST api/auth/login/seller
    http.request.method: POST
Activity.Kind:               Server
    url.scheme: http
    url.path: /api/auth/register/seller
Activity.StartTime:          2026-06-08T01:29:08.7231426Z
[22:29:08 INF] Saved 1 entities to in-memory store.
    network.protocol.version: 1.1
Activity.Duration:           00:00:00.1682680
    http.route: api/auth/register/seller
Activity.Tags:
    http.response.status_code: 201
    server.address: localhost
[22:29:08 INF] Saved 1 entities to in-memory store.
Instrumentation scope (ActivitySource):
    http.request.method: POST
    Name: Microsoft.AspNetCore
    url.scheme: http
Resource associated with Activity:
    url.path: /api/auth/login/seller
    telemetry.sdk.name: opentelemetry
    network.protocol.version: 1.1
    telemetry.sdk.language: dotnet
    http.route: api/auth/login/seller
    telemetry.sdk.version: 1.14.0
    http.response.status_code: 200
    service.name: unknown_service:testhost
Instrumentation scope (ActivitySource):
    Name: Microsoft.AspNetCore
Resource associated with Activity:
    telemetry.sdk.name: opentelemetry
    telemetry.sdk.language: dotnet
    telemetry.sdk.version: 1.14.0
    service.name: unknown_service:testhost
Activity.TraceId:            63d967b066074a47cd4a37f9ba7ea141
Activity.SpanId:             6213f8bb2b206361
Activity.TraceFlags:         Recorded
Activity.DisplayName:        POST api/auth/register/seller
Activity.Kind:               Server
Activity.StartTime:          2026-06-08T01:29:08.6921921Z
Activity.Duration:           00:00:00.2349451
Activity.Tags:
    server.address: localhost
    http.request.method: POST
    url.scheme: http
    url.path: /api/auth/register/seller
    network.protocol.version: 1.1
    http.route: api/auth/register/seller
    http.response.status_code: 201
[22:29:08 INF] Request finished HTTP/1.1 POST http://localhost/api/auth/login/seller - 200 null application/json; charset=utf-8 235.3817ms
Instrumentation scope (ActivitySource):
    Name: Microsoft.AspNetCore
Resource associated with Activity:
    telemetry.sdk.name: opentelemetry
    telemetry.sdk.language: dotnet
    telemetry.sdk.version: 1.14.0
    service.name: unknown_service:testhost
    telemetry.sdk.name: opentelemetry
    telemetry.sdk.language: dotnet
    telemetry.sdk.version: 1.14.0
    service.name: unknown_service:testhost
Activity.TraceId:            2a6dae66e296bdc2cfb36d4ea246b99f
Activity.SpanId:             fff9dbfc8f1b8d5f
Activity.TraceFlags:         Recorded
Activity.DisplayName:        POST api/stores
Activity.Kind:               Server
Activity.StartTime:          2026-06-08T01:29:08.7523502Z
Activity.Duration:           00:00:00.1390605
Activity.Tags:
    server.address: localhost
    http.request.method: POST
    url.scheme: http
    url.path: /api/stores
    network.protocol.version: 1.1
    http.route: api/stores
    http.response.status_code: 201
Instrumentation scope (ActivitySource):
    Name: Microsoft.AspNetCore
Resource associated with Activity:
    telemetry.sdk.name: opentelemetry
    telemetry.sdk.language: dotnet
    telemetry.sdk.version: 1.14.0
    service.name: unknown_service:testhost
Activity.TraceId:            2a6dae66e296bdc2cfb36d4ea246b99f
Activity.SpanId:             fff9dbfc8f1b8d5f
Activity.TraceFlags:         Recorded
Activity.DisplayName:        POST api/stores
Activity.Kind:               Server
Activity.StartTime:          2026-06-08T01:29:08.7523502Z
Activity.Duration:           00:00:00.1390605
Activity.Tags:
    server.address: localhost
    http.request.method: POST
    url.scheme: http
    url.path: /api/stores
    network.protocol.version: 1.1
    http.route: api/stores
    http.response.status_code: 201
Instrumentation scope (ActivitySource):
    Name: Microsoft.AspNetCore
Resource associated with Activity:
    telemetry.sdk.name: opentelemetry
    telemetry.sdk.language: dotnet
    telemetry.sdk.version: 1.14.0
    service.name: unknown_service:testhost
Activity.TraceId:            2a6dae66e296bdc2cfb36d4ea246b99f
Activity.SpanId:             fff9dbfc8f1b8d5f
Activity.TraceFlags:         Recorded
Activity.DisplayName:        POST api/stores
Activity.Kind:               Server
Activity.StartTime:          2026-06-08T01:29:08.7523502Z
Activity.Duration:           00:00:00.1390605
Activity.Tags:
    server.address: localhost
    http.request.method: POST
    url.scheme: http
    url.path: /api/stores
    network.protocol.version: 1.1
    http.route: api/stores
    http.response.status_code: 201
Instrumentation scope (ActivitySource):
    Name: Microsoft.AspNetCore
Resource associated with Activity:
    telemetry.sdk.name: opentelemetry
    telemetry.sdk.language: dotnet
    telemetry.sdk.version: 1.14.0
    service.name: unknown_service:testhost
Activity.TraceId:            2a6dae66e296bdc2cfb36d4ea246b99f
Activity.TraceId:            e171ca62bf35a9038f722b139ccbb10c
Activity.SpanId:             fff9dbfc8f1b8d5f
Activity.SpanId:             85786cbaced1bfdd
Activity.TraceFlags:         Recorded
Activity.DisplayName:        POST api/stores
Activity.TraceFlags:         Recorded
Activity.Kind:               Server
Activity.DisplayName:        POST api/auth/login/seller
Activity.StartTime:          2026-06-08T01:29:08.7523502Z
Activity.Kind:               Server
Activity.Duration:           00:00:00.1390605
Activity.Tags:
    server.address: localhost
    http.request.method: POST
    url.scheme: http
    url.path: /api/stores
    network.protocol.version: 1.1
    http.route: api/stores
Activity.StartTime:          2026-06-08T01:29:08.6920034Z
    http.response.status_code: 201
Activity.Duration:           00:00:00.2355913
Instrumentation scope (ActivitySource):
Activity.Tags:
    Name: Microsoft.AspNetCore
    server.address: localhost
Resource associated with Activity:
    http.request.method: POST
    telemetry.sdk.name: opentelemetry
    url.scheme: http
    telemetry.sdk.language: dotnet
    url.path: /api/auth/login/seller
    telemetry.sdk.version: 1.14.0
    network.protocol.version: 1.1
    service.name: unknown_service:testhost
    http.route: api/auth/login/seller
    http.response.status_code: 200
Activity.TraceId:            2a6dae66e296bdc2cfb36d4ea246b99f
Instrumentation scope (ActivitySource):
Activity.SpanId:             fff9dbfc8f1b8d5f
    Name: Microsoft.AspNetCore
Activity.TraceFlags:         Recorded
Resource associated with Activity:
    telemetry.sdk.name: opentelemetry
Activity.DisplayName:        POST api/stores
    telemetry.sdk.language: dotnet
Activity.Kind:               Server
[22:29:08 INF] Executing OkObjectResult, writing value of type 'Urbeat.Application.DTOs.SellerSubscriptionMyResponseDto'.
    telemetry.sdk.version: 1.14.0
[22:29:08 INF] Executed action Urbeat.WebApi.Controllers.AuthController.LoginCustomer (Urbeat.WebApi) in 146.6518ms
    service.name: unknown_service:testhost
Activity.TraceId:            e171ca62bf35a9038f722b139ccbb10c
Activity.SpanId:             85786cbaced1bfdd
[22:29:08 INF] Saved 1 entities to in-memory store.
Activity.TraceFlags:         Recorded
[22:29:08 INF] Executing action method Urbeat.WebApi.Controllers.StoresController.Create (Urbeat.WebApi) - Validation state: Valid
Activity.StartTime:          2026-06-08T01:29:08.7523502Z
Activity.DisplayName:        POST api/auth/login/seller
Activity.Duration:           00:00:00.1390605
Activity.Tags:
Activity.TraceId:            63d967b066074a47cd4a37f9ba7ea141
    server.address: localhost
Activity.Kind:               Server
[22:29:08 INF] Request finished HTTP/1.1 POST http://localhost/api/stores - 201 null application/json; charset=utf-8 143.7869ms
    http.request.method: POST
    url.scheme: http
    url.path: /api/stores
[22:29:08 INF] Executed endpoint 'Urbeat.WebApi.Controllers.AuthController.LoginCustomer (Urbeat.WebApi)'
Activity.StartTime:          2026-06-08T01:29:08.6920034Z
    network.protocol.version: 1.1
Activity.SpanId:             6213f8bb2b206361
Activity.Duration:           00:00:00.2355913
Activity.Tags:
Activity.TraceFlags:         Recorded
    server.address: localhost
Activity.DisplayName:        POST api/auth/register/seller
    http.route: api/stores
Activity.Kind:               Server
    http.request.method: POST
Activity.StartTime:          2026-06-08T01:29:08.6921921Z
    url.scheme: http
    http.response.status_code: 201
Activity.Duration:           00:00:00.2349451
    url.path: /api/auth/login/seller
[22:29:08 INF] Request starting HTTP/1.1 POST http://localhost/api/auth/login/seller - application/json; charset=utf-8 null
    network.protocol.version: 1.1
Instrumentation scope (ActivitySource):
Activity.Tags:
    Name: Microsoft.AspNetCore
    http.route: api/auth/login/seller
    server.address: localhost
    http.response.status_code: 200
Resource associated with Activity:
Instrumentation scope (ActivitySource):
    http.request.method: POST
    telemetry.sdk.name: opentelemetry
    Name: Microsoft.AspNetCore
    telemetry.sdk.language: dotnet
[22:29:08 INF] Executing endpoint 'Urbeat.WebApi.Controllers.StoreCategoriesController.Create (Urbeat.WebApi)'
    telemetry.sdk.version: 1.14.0
Resource associated with Activity:
    service.name: unknown_service:testhost
[22:29:08 INF] Executed action method Urbeat.WebApi.Controllers.AuthController.LoginCustomer (Urbeat.WebApi), returned result Microsoft.AspNetCore.Mvc.OkObjectResult in 108.2744ms.
    telemetry.sdk.name: opentelemetry
    telemetry.sdk.language: dotnet
    telemetry.sdk.version: 1.14.0
    url.scheme: http
    service.name: unknown_service:testhost
    url.path: /api/auth/register/seller
    network.protocol.version: 1.1
    http.route: api/auth/register/seller
    http.response.status_code: 201
Activity.TraceId:            e171ca62bf35a9038f722b139ccbb10c
Instrumentation scope (ActivitySource):
Activity.TraceId:            2a6dae66e296bdc2cfb36d4ea246b99f
Activity.SpanId:             85786cbaced1bfdd
Activity.TraceId:            b0a4c407e2a7c9f192bb45fe9e95019a
[22:29:08 INF] Executed action Urbeat.WebApi.Controllers.SubscriptionsController.GetMySubscription (Urbeat.WebApi) in 84.4107ms
Activity.SpanId:             79f88dca850e6ff4
Activity.TraceFlags:         Recorded
    Name: Microsoft.AspNetCore
Activity.DisplayName:        POST api/stores
Resource associated with Activity:
Activity.Kind:               Server
    telemetry.sdk.name: opentelemetry
[22:29:08 WRN] Admin seeding skipped because the data store is unavailable.
System.InvalidOperationException: Relational-specific methods can only be used when the context is using a relational database provider.
   at Microsoft.EntityFrameworkCore.RelationalDatabaseFacadeExtensions.GetRelationalService[TService](IInfrastructure`1 databaseFacade)
   at Microsoft.EntityFrameworkCore.RelationalDatabaseFacadeExtensions.MigrateAsync(DatabaseFacade databaseFacade, CancellationToken cancellationToken)
   at Program.<Main>$(String[] args) in C:\Projetos\urbeat\backend\src\Urbeat.WebApi\Program.cs:line 42
Activity.StartTime:          2026-06-08T01:29:08.7821388Z
    telemetry.sdk.language: dotnet
Activity.Duration:           00:00:00.1786087
[22:29:08 INF] HTTP POST /api/auth/login/customer responded 403 in 209.7594 ms
Activity.Tags:
[22:29:08 INF] Executing OkObjectResult, writing value of type 'Urbeat.Application.DTOs.AuthTokenResponseDto'.
    server.address: localhost
Activity.TraceFlags:         Recorded
[22:29:08 INF] Executed endpoint 'Urbeat.WebApi.Controllers.SubscriptionsController.GetMySubscription (Urbeat.WebApi)'
    http.request.method: POST
Activity.DisplayName:        POST api/auth/login/seller
    url.scheme: http
Activity.Kind:               Server
    url.path: /api/stores
    network.protocol.version: 1.1
    http.route: api/stores
Activity.StartTime:          2026-06-08T01:29:08.6920034Z
    http.response.status_code: 201
Activity.Duration:           00:00:00.2355913
Instrumentation scope (ActivitySource):
Activity.Tags:
    Name: Microsoft.AspNetCore
Resource associated with Activity:
    server.address: localhost
    telemetry.sdk.name: opentelemetry
    http.request.method: POST
    telemetry.sdk.language: dotnet
    telemetry.sdk.version: 1.14.0
    url.scheme: http
    telemetry.sdk.version: 1.14.0
    url.path: /api/auth/login/seller
    service.name: unknown_service:testhost
    service.name: unknown_service:testhost
    network.protocol.version: 1.1
    http.route: api/auth/login/seller
    http.response.status_code: 200
Activity.TraceId:            b0a4c407e2a7c9f192bb45fe9e95019a
Instrumentation scope (ActivitySource):
Activity.SpanId:             79f88dca850e6ff4
Activity.TraceId:            63d967b066074a47cd4a37f9ba7ea141
Activity.TraceFlags:         Recorded
Activity.SpanId:             6213f8bb2b206361
Activity.DisplayName:        POST api/stores
    Name: Microsoft.AspNetCore
Activity.TraceFlags:         Recorded
Resource associated with Activity:
Activity.DisplayName:        POST api/auth/register/seller
Activity.Kind:               Server
Activity.Kind:               Server
    telemetry.sdk.name: opentelemetry
[22:29:08 INF] Executed action Urbeat.WebApi.Controllers.AuthController.LoginCustomer (Urbeat.WebApi) in 148.0731ms
Activity.StartTime:          2026-06-08T01:29:08.7821388Z
Activity.StartTime:          2026-06-08T01:29:08.6921921Z
[22:29:08 INF] HTTP GET /api/subscriptions/my responded 200 in 179.2329 ms
    telemetry.sdk.language: dotnet
Activity.Duration:           00:00:00.2349451
    telemetry.sdk.version: 1.14.0
Activity.Tags:
    service.name: unknown_service:testhost
[22:29:08 INF] Request finished HTTP/1.1 POST http://localhost/api/auth/login/customer - 403 null application/problem+json; charset=utf-8 210.2732ms
    server.address: localhost
    http.request.method: POST
[22:29:08 INF] Executed endpoint 'Urbeat.WebApi.Controllers.AuthController.LoginCustomer (Urbeat.WebApi)'
Activity.TraceId:            e171ca62bf35a9038f722b139ccbb10c
    url.scheme: http
Activity.SpanId:             85786cbaced1bfdd
    url.path: /api/auth/register/seller
Activity.TraceFlags:         Recorded
    network.protocol.version: 1.1
[22:29:08 INF] Executing endpoint 'Urbeat.WebApi.Controllers.AuthController.LoginSeller (Urbeat.WebApi)'
Activity.DisplayName:        POST api/auth/login/seller
    http.route: api/auth/register/seller
Activity.Kind:               Server
    http.response.status_code: 201
Activity.SpanId:             fff9dbfc8f1b8d5f
Activity.StartTime:          2026-06-08T01:29:08.6920034Z
Activity.TraceFlags:         Recorded
Instrumentation scope (ActivitySource):
Activity.Duration:           00:00:00.2355913
Activity.DisplayName:        POST api/stores
    Name: Microsoft.AspNetCore
Activity.Kind:               Server
Resource associated with Activity:
Activity.Tags:
[22:29:08 INF] HTTP POST /api/auth/login/customer responded 200 in 208.4905 ms
    telemetry.sdk.name: opentelemetry
Activity.StartTime:          2026-06-08T01:29:08.7523502Z
    telemetry.sdk.language: dotnet
    server.address: localhost
    telemetry.sdk.version: 1.14.0
    http.request.method: POST
Activity.Duration:           00:00:00.1390605
    url.scheme: http
    service.name: unknown_service:testhost
Activity.Tags:
    url.path: /api/auth/login/seller
    server.address: localhost
    network.protocol.version: 1.1
[22:29:08 INF] Route matched with {action = "LoginSeller", controller = "Auth"}. Executing controller action with signature System.Threading.Tasks.Task`1[Microsoft.AspNetCore.Mvc.IActionResult] LoginSeller(Urbeat.Application.DTOs.LoginRequestDto, System.Threading.CancellationToken) on controller Urbeat.WebApi.Controllers.AuthController (Urbeat.WebApi).
    http.request.method: POST
    http.route: api/auth/login/seller
    url.scheme: http
    http.response.status_code: 200
    url.path: /api/stores
Instrumentation scope (ActivitySource):
[22:29:08 INF] Request finished HTTP/1.1 GET http://localhost/api/subscriptions/my - 200 null application/json; charset=utf-8 207.7814ms
    network.protocol.version: 1.1
    Name: Microsoft.AspNetCore
    http.route: api/stores
Resource associated with Activity:
    http.response.status_code: 201
    telemetry.sdk.name: opentelemetry
Instrumentation scope (ActivitySource):
    telemetry.sdk.language: dotnet
    Name: Microsoft.AspNetCore
    telemetry.sdk.version: 1.14.0
Resource associated with Activity:
    service.name: unknown_service:testhost
    telemetry.sdk.name: opentelemetry
[22:29:08 INF] Request finished HTTP/1.1 POST http://localhost/api/auth/login/customer - 200 null application/json; charset=utf-8 209.8202ms
    telemetry.sdk.language: dotnet
    telemetry.sdk.version: 1.14.0
    service.name: unknown_service:testhost
Activity.Duration:           00:00:00.1786087
Activity.Tags:
    server.address: localhost
Activity.TraceId:            ebda1399c8e1138c8d310d90f7fde867
    http.request.method: POST
Activity.SpanId:             03024399a5b357ce
    url.scheme: http
Activity.TraceFlags:         Recorded
    url.path: /api/stores
Activity.DisplayName:        POST api/auth/login/customer
    network.protocol.version: 1.1
Activity.Kind:               Server
    http.route: api/stores
Activity.StartTime:          2026-06-08T01:29:08.7508174Z
Activity.Duration:           00:00:00.2104864
Activity.Tags:
    http.response.status_code: 201
    server.address: localhost
Instrumentation scope (ActivitySource):
    http.request.method: POST
    Name: Microsoft.AspNetCore
Resource associated with Activity:
    url.scheme: http
    telemetry.sdk.name: opentelemetry
    url.path: /api/auth/login/customer
    telemetry.sdk.language: dotnet
    network.protocol.version: 1.1
    telemetry.sdk.version: 1.14.0
    http.route: api/auth/login/customer
    service.name: unknown_service:testhost
    http.response.status_code: 403
Instrumentation scope (ActivitySource):
Activity.TraceId:            63d967b066074a47cd4a37f9ba7ea141
    Name: Microsoft.AspNetCore
Activity.SpanId:             6213f8bb2b206361
Resource associated with Activity:
Activity.TraceFlags:         Recorded
    telemetry.sdk.name: opentelemetry
Activity.DisplayName:        POST api/auth/register/seller
    telemetry.sdk.language: dotnet
Activity.Kind:               Server
    telemetry.sdk.version: 1.14.0
Activity.TraceId:            b0a4c407e2a7c9f192bb45fe9e95019a
Activity.TraceId:            e171ca62bf35a9038f722b139ccbb10c
    service.name: unknown_service:testhost
Activity.StartTime:          2026-06-08T01:29:08.6921921Z
Activity.SpanId:             85786cbaced1bfdd
Activity.SpanId:             79f88dca850e6ff4
Activity.Duration:           00:00:00.2349451
Activity.TraceFlags:         Recorded
Activity.Tags:
Activity.DisplayName:        POST api/auth/login/seller
Activity.TraceFlags:         Recorded
    server.address: localhost
Activity.Kind:               Server
    http.request.method: POST
Activity.DisplayName:        POST api/stores
    url.scheme: http
Activity.StartTime:          2026-06-08T01:29:08.6920034Z
    url.path: /api/auth/register/seller
Activity.Kind:               Server
    network.protocol.version: 1.1
Activity.Duration:           00:00:00.2355913
    http.route: api/auth/register/seller
Activity.StartTime:          2026-06-08T01:29:08.7821388Z
Activity.Tags:
    http.response.status_code: 201
    server.address: localhost
Instrumentation scope (ActivitySource):
Activity.Duration:           00:00:00.1786087
    http.request.method: POST
    Name: Microsoft.AspNetCore
Activity.Tags:
Resource associated with Activity:
    server.address: localhost
    telemetry.sdk.name: opentelemetry
    http.request.method: POST
    url.scheme: http
    url.scheme: http
    telemetry.sdk.language: dotnet
    url.path: /api/auth/login/seller
    telemetry.sdk.version: 1.14.0
    network.protocol.version: 1.1
    service.name: unknown_service:testhost
    url.path: /api/stores
    http.route: api/auth/login/seller
    network.protocol.version: 1.1
    http.response.status_code: 200
Activity.TraceId:            63d967b066074a47cd4a37f9ba7ea141
    http.route: api/stores
Instrumentation scope (ActivitySource):
Activity.SpanId:             6213f8bb2b206361
    Name: Microsoft.AspNetCore
Activity.TraceFlags:         Recorded
    http.response.status_code: 201
Activity.DisplayName:        POST api/auth/register/seller
Instrumentation scope (ActivitySource):
Activity.Kind:               Server
    Name: Microsoft.AspNetCore
Resource associated with Activity:
Resource associated with Activity:
Activity.StartTime:          2026-06-08T01:29:08.6921921Z
    telemetry.sdk.name: opentelemetry
Activity.Duration:           00:00:00.2349451
    telemetry.sdk.language: dotnet
    telemetry.sdk.version: 1.14.0
    service.name: unknown_service:testhost
Activity.TraceId:            5cdda10a99ea95818978ff2a81d51ad2
Activity.SpanId:             782c97e01a918ec2
Activity.TraceId:            b0a4c407e2a7c9f192bb45fe9e95019a
Activity.TraceFlags:         Recorded
Activity.SpanId:             79f88dca850e6ff4
    telemetry.sdk.name: opentelemetry
Activity.DisplayName:        POST api/auth/login/customer
Activity.TraceFlags:         Recorded
Activity.Kind:               Server
Activity.DisplayName:        POST api/stores
    telemetry.sdk.language: dotnet
Activity.Kind:               Server
    telemetry.sdk.version: 1.14.0
Activity.StartTime:          2026-06-08T01:29:08.7515084Z
Activity.StartTime:          2026-06-08T01:29:08.7821388Z
    service.name: unknown_service:testhost
Activity.Tags:
Activity.Duration:           00:00:00.1786087
Activity.Duration:           00:00:00.2099024
Activity.Tags:
    server.address: localhost
Activity.Tags:
    http.request.method: POST
    server.address: localhost
    server.address: localhost
    url.scheme: http
    http.request.method: POST
    url.path: /api/auth/register/seller
    url.scheme: http
    network.protocol.version: 1.1
    http.request.method: POST
    url.path: /api/auth/login/customer
[22:29:08 INF] Executing action method Urbeat.WebApi.Controllers.AuthController.LoginSeller (Urbeat.WebApi) - Validation state: Valid
    url.scheme: http
    url.path: /api/stores
    http.route: api/auth/register/seller
    network.protocol.version: 1.1
    http.response.status_code: 201
Instrumentation scope (ActivitySource):
    http.route: api/stores
    http.response.status_code: 201
    Name: Microsoft.AspNetCore
Instrumentation scope (ActivitySource):
Resource associated with Activity:
    Name: Microsoft.AspNetCore
    telemetry.sdk.name: opentelemetry
Resource associated with Activity:
Activity.TraceId:            ebda1399c8e1138c8d310d90f7fde867
    telemetry.sdk.name: opentelemetry
Activity.SpanId:             03024399a5b357ce
    telemetry.sdk.language: dotnet
Activity.TraceFlags:         Recorded
    telemetry.sdk.version: 1.14.0
Activity.DisplayName:        POST api/auth/login/customer
    service.name: unknown_service:testhost
Activity.Kind:               Server
Activity.StartTime:          2026-06-08T01:29:08.7508174Z
Activity.TraceId:            b0a4c407e2a7c9f192bb45fe9e95019a
Activity.Duration:           00:00:00.2104864
    network.protocol.version: 1.1
Activity.SpanId:             79f88dca850e6ff4
Activity.Tags:
Activity.TraceFlags:         Recorded
    http.route: api/auth/login/customer
    server.address: localhost
Activity.DisplayName:        POST api/stores
    http.response.status_code: 200
    http.request.method: POST
Activity.Kind:               Server
Instrumentation scope (ActivitySource):
    url.scheme: http
    Name: Microsoft.AspNetCore
Activity.StartTime:          2026-06-08T01:29:08.7821388Z
Resource associated with Activity:
    url.path: /api/auth/login/customer
Activity.Duration:           00:00:00.1786087
    telemetry.sdk.name: opentelemetry
    network.protocol.version: 1.1
    telemetry.sdk.language: dotnet
Activity.Tags:
    telemetry.sdk.version: 1.14.0
    server.address: localhost
    http.route: api/auth/login/customer
    http.request.method: POST
    service.name: unknown_service:testhost
    url.scheme: http
    http.response.status_code: 403
Instrumentation scope (ActivitySource):
    Name: Microsoft.AspNetCore
[22:29:08 INF] Saved 1 entities to in-memory store.
Resource associated with Activity:
    telemetry.sdk.name: opentelemetry
    telemetry.sdk.language: dotnet
    telemetry.sdk.version: 1.14.0
Activity.TraceId:            db7761f3d3c752905fd000a4a2a3e9a2
    service.name: unknown_service:testhost
Activity.SpanId:             233b01f641fac0e0
    telemetry.sdk.language: dotnet
Activity.TraceFlags:         Recorded
    telemetry.sdk.version: 1.14.0
Activity.DisplayName:        GET api/subscriptions/my
    service.name: unknown_service:testhost
Activity.TraceId:            5cdda10a99ea95818978ff2a81d51ad2
Activity.SpanId:             782c97e01a918ec2
Activity.TraceId:            63d967b066074a47cd4a37f9ba7ea141
    url.path: /api/stores
Activity.SpanId:             6213f8bb2b206361
    network.protocol.version: 1.1
Activity.TraceFlags:         Recorded
Activity.DisplayName:        POST api/auth/register/seller
    http.route: api/stores
Activity.TraceId:            ebda1399c8e1138c8d310d90f7fde867
    http.response.status_code: 201
Activity.SpanId:             03024399a5b357ce
Activity.Kind:               Server
Instrumentation scope (ActivitySource):
    Name: Microsoft.AspNetCore
Activity.TraceFlags:         Recorded
Resource associated with Activity:
Activity.DisplayName:        POST api/auth/login/customer
Activity.Kind:               Server
Activity.Kind:               Server
Activity.StartTime:          2026-06-08T01:29:08.7508174Z
Activity.Duration:           00:00:00.2104864
Activity.Tags:
Activity.TraceFlags:         Recorded
Activity.StartTime:          2026-06-08T01:29:08.7534599Z
Activity.DisplayName:        POST api/auth/login/customer
    server.address: localhost
Activity.Duration:           00:00:00.2078998
Activity.Kind:               Server
Activity.Tags:
    http.request.method: POST
    server.address: localhost
    url.scheme: http
    http.request.method: GET
Activity.StartTime:          2026-06-08T01:29:08.7515084Z
[22:29:08 INF] STORE_CREATED | Store created | StoreId=019ea4d9-0e61-7b16-af98-099d9cc772d2 | OwnerUserId=019ea4d9-0c81-77df-a147-c2eb1e530d21 | Name=Loja Gestao | CuisineType=null | IP=null
    url.scheme: http
Activity.Duration:           00:00:00.2099024
    url.path: /api/auth/login/customer
Activity.Tags:
    network.protocol.version: 1.1
    http.route: api/auth/login/customer
    server.address: localhost
    url.path: /api/subscriptions/my
    http.request.method: POST
    network.protocol.version: 1.1
    url.scheme: http
    http.response.status_code: 403
    url.path: /api/auth/login/customer
    http.route: api/subscriptions/my
    network.protocol.version: 1.1
Instrumentation scope (ActivitySource):
    http.route: api/auth/login/customer
    http.response.status_code: 200
    Name: Microsoft.AspNetCore
    http.response.status_code: 200
Resource associated with Activity:
Instrumentation scope (ActivitySource):
Instrumentation scope (ActivitySource):
    Name: Microsoft.AspNetCore
    Name: Microsoft.AspNetCore
    telemetry.sdk.name: opentelemetry
Resource associated with Activity:
    telemetry.sdk.language: dotnet
Resource associated with Activity:
    telemetry.sdk.name: opentelemetry
    telemetry.sdk.name: opentelemetry
    telemetry.sdk.version: 1.14.0
    telemetry.sdk.language: dotnet
    service.name: unknown_service:testhost
    telemetry.sdk.version: 1.14.0
    telemetry.sdk.language: dotnet
    service.name: unknown_service:testhost
    telemetry.sdk.version: 1.14.0
Activity.TraceId:            ebda1399c8e1138c8d310d90f7fde867
Activity.StartTime:          2026-06-08T01:29:08.6921921Z
    service.name: unknown_service:testhost
Activity.Duration:           00:00:00.2349451
Activity.SpanId:             03024399a5b357ce
Activity.TraceId:            5cdda10a99ea95818978ff2a81d51ad2
Activity.Tags:
Activity.SpanId:             782c97e01a918ec2
Activity.TraceId:            db7761f3d3c752905fd000a4a2a3e9a2
Activity.TraceFlags:         Recorded
Activity.TraceId:            e171ca62bf35a9038f722b139ccbb10c
Activity.DisplayName:        POST api/auth/login/customer
Activity.SpanId:             85786cbaced1bfdd
Activity.Kind:               Server
Activity.TraceFlags:         Recorded
Activity.SpanId:             233b01f641fac0e0
[22:29:08 INF] Saved 1 entities to in-memory store.
Activity.DisplayName:        POST api/auth/login/seller
Activity.TraceFlags:         Recorded
Activity.StartTime:          2026-06-08T01:29:08.7515084Z
Activity.Kind:               Server
Activity.Duration:           00:00:00.2099024
Activity.DisplayName:        GET api/subscriptions/my
Activity.Tags:
Activity.StartTime:          2026-06-08T01:29:08.6920034Z
    telemetry.sdk.name: opentelemetry
Activity.Duration:           00:00:00.2355913
Activity.TraceFlags:         Recorded
    telemetry.sdk.language: dotnet
Activity.DisplayName:        POST api/auth/login/customer
    telemetry.sdk.version: 1.14.0
    service.name: unknown_service:testhost
    server.address: localhost
Activity.TraceId:            b0a4c407e2a7c9f192bb45fe9e95019a
Activity.Kind:               Server
Activity.SpanId:             79f88dca850e6ff4
    http.request.method: POST
    url.scheme: http
    server.address: localhost
    url.path: /api/auth/register/seller
Activity.StartTime:          2026-06-08T01:29:08.7508174Z
    network.protocol.version: 1.1
Activity.Duration:           00:00:00.2104864
    http.request.method: POST
    url.scheme: http
    url.path: /api/auth/login/customer
    network.protocol.version: 1.1
Activity.Kind:               Server
    http.route: api/auth/login/customer
Activity.StartTime:          2026-06-08T01:29:08.7534599Z
    http.response.status_code: 200
[22:29:08 INF] Executed action method Urbeat.WebApi.Controllers.StoresController.Create (Urbeat.WebApi), returned result Microsoft.AspNetCore.Mvc.ObjectResult in 1.8511ms.
Instrumentation scope (ActivitySource):
Activity.Duration:           00:00:00.2078998
    Name: Microsoft.AspNetCore
Activity.Tags:
Resource associated with Activity:
    server.address: localhost
    telemetry.sdk.name: opentelemetry
    http.request.method: GET
    telemetry.sdk.language: dotnet
Activity.Tags:
[22:29:08 INF] Route matched with {action = "Create", controller = "StoreCategories"}. Executing controller action with signature System.Threading.Tasks.Task`1[Microsoft.AspNetCore.Mvc.IActionResult] Create(System.Guid, Urbeat.Application.DTOs.CreateProductCategoryRequestDto, System.Threading.CancellationToken) on controller Urbeat.WebApi.Controllers.StoreCategoriesController (Urbeat.WebApi).
    telemetry.sdk.version: 1.14.0
    server.address: localhost
    service.name: unknown_service:testhost
    url.scheme: http
    http.request.method: POST
    url.scheme: http
    url.path: /api/subscriptions/my
    url.path: /api/auth/login/seller
    network.protocol.version: 1.1
    network.protocol.version: 1.1
[22:29:08 INF] Saved 1 entities to in-memory store.
    http.route: api/auth/login/seller
    http.route: api/subscriptions/my
    http.response.status_code: 200
Instrumentation scope (ActivitySource):
    http.response.status_code: 200
    Name: Microsoft.AspNetCore
[22:29:08 INF] User profile is available. Using 'C:\Users\intfa\AppData\Local\ASP.NET\DataProtection-Keys' as key repository and Windows DPAPI to encrypt keys at rest.
    http.route: api/auth/register/seller
Instrumentation scope (ActivitySource):
Resource associated with Activity:
    Name: Microsoft.AspNetCore
    http.response.status_code: 201
    telemetry.sdk.name: opentelemetry
Instrumentation scope (ActivitySource):
    telemetry.sdk.language: dotnet
Resource associated with Activity:
    telemetry.sdk.version: 1.14.0
Activity.TraceFlags:         Recorded
    telemetry.sdk.name: opentelemetry
    service.name: unknown_service:testhost
Activity.DisplayName:        POST api/stores
    telemetry.sdk.language: dotnet
    telemetry.sdk.version: 1.14.0
Activity.Kind:               Server
    service.name: unknown_service:testhost
Activity.Tags:
Activity.TraceId:            db7761f3d3c752905fd000a4a2a3e9a2
Activity.StartTime:          2026-06-08T01:29:08.7821388Z
    server.address: localhost
Activity.Duration:           00:00:00.1786087
    http.request.method: POST
Activity.Tags:
Activity.SpanId:             233b01f641fac0e0
    server.address: localhost
Activity.TraceFlags:         Recorded
    http.request.method: POST
Activity.DisplayName:        GET api/subscriptions/my
    url.scheme: http
    url.scheme: http
    url.path: /api/stores
Activity.Kind:               Server
    url.path: /api/auth/login/customer
    network.protocol.version: 1.1
    network.protocol.version: 1.1
Activity.StartTime:          2026-06-08T01:29:08.7534599Z
    http.route: api/stores
    http.route: api/auth/login/customer
Activity.Duration:           00:00:00.2078998
    http.response.status_code: 201
    http.response.status_code: 403
Activity.Tags:
Instrumentation scope (ActivitySource):
Instrumentation scope (ActivitySource):
    Name: Microsoft.AspNetCore
    server.address: localhost
    Name: Microsoft.AspNetCore
Resource associated with Activity:
    http.request.method: GET
    telemetry.sdk.name: opentelemetry
    url.scheme: http
Resource associated with Activity:
    url.path: /api/subscriptions/my
    telemetry.sdk.name: opentelemetry
    network.protocol.version: 1.1
    telemetry.sdk.language: dotnet
    telemetry.sdk.language: dotnet
    http.route: api/subscriptions/my
    telemetry.sdk.version: 1.14.0
    http.response.status_code: 200
    telemetry.sdk.version: 1.14.0
[22:29:08 INF] USER_LOGGED_IN | Login succeeded | UserId=019ea4d9-0c81-7bed-9784-6fe62bcd7777 | Email=checkout.customer.b96d03149e41432bba501d1266ed54a3@urbeat.local | Role=Customer | IP=null
    service.name: unknown_service:testhost
Instrumentation scope (ActivitySource):
    service.name: unknown_service:testhost
    Name: Microsoft.AspNetCore
[22:29:08 INF] Executing ObjectResult, writing value of type 'Urbeat.Application.DTOs.StoreResponseDto'.
Resource associated with Activity:
Activity.TraceId:            ebda1399c8e1138c8d310d90f7fde867
Activity.SpanId:             03024399a5b357ce
    telemetry.sdk.name: opentelemetry
Activity.TraceFlags:         Recorded
Activity.TraceId:            5cdda10a99ea95818978ff2a81d51ad2
    telemetry.sdk.language: dotnet
Activity.SpanId:             782c97e01a918ec2
    Name: Microsoft.AspNetCore
Activity.TraceFlags:         Recorded
Resource associated with Activity:
Activity.DisplayName:        POST api/auth/login/customer
    telemetry.sdk.name: opentelemetry
Activity.Kind:               Server
    telemetry.sdk.language: dotnet
    telemetry.sdk.version: 1.14.0
Activity.StartTime:          2026-06-08T01:29:08.7515084Z
    service.name: unknown_service:testhost
Activity.DisplayName:        POST api/auth/login/customer
Activity.Duration:           00:00:00.2099024
Activity.Kind:               Server
Activity.Tags:
Activity.StartTime:          2026-06-08T01:29:08.7508174Z
    server.address: localhost
Activity.Duration:           00:00:00.2104864
    http.request.method: POST
Activity.TraceId:            63d967b066074a47cd4a37f9ba7ea141
    url.scheme: http
Activity.TraceId:            b0a4c407e2a7c9f192bb45fe9e95019a
    url.path: /api/auth/login/customer
Activity.SpanId:             79f88dca850e6ff4
Activity.Tags:
Activity.TraceFlags:         Recorded
Activity.SpanId:             6213f8bb2b206361
Activity.DisplayName:        POST api/stores
Activity.TraceFlags:         Recorded
    server.address: localhost
Activity.Kind:               Server
    http.request.method: POST
Activity.DisplayName:        POST api/auth/register/seller
    url.scheme: http
Activity.Kind:               Server
Activity.StartTime:          2026-06-08T01:29:08.7821388Z
    telemetry.sdk.version: 1.14.0
Activity.StartTime:          2026-06-08T01:29:08.6921921Z
    url.path: /api/auth/login/customer
    service.name: unknown_service:testhost
    network.protocol.version: 1.1
Activity.Duration:           00:00:00.1786087
Activity.Duration:           00:00:00.2349451
Activity.Tags:
    http.route: api/auth/login/customer
    server.address: localhost
    http.response.status_code: 403
Activity.Tags:
Instrumentation scope (ActivitySource):
    server.address: localhost
    http.request.method: POST
    Name: Microsoft.AspNetCore
    url.scheme: http
Resource associated with Activity:
    url.path: /api/stores
    telemetry.sdk.name: opentelemetry
    http.request.method: POST
    telemetry.sdk.language: dotnet
    url.scheme: http
    telemetry.sdk.version: 1.14.0
    url.path: /api/auth/register/seller
    network.protocol.version: 1.1
    service.name: unknown_service:testhost
    http.route: api/stores
    network.protocol.version: 1.1
    http.response.status_code: 201
    http.route: api/auth/register/seller
Activity.TraceId:            ebda1399c8e1138c8d310d90f7fde867
Instrumentation scope (ActivitySource):
    http.response.status_code: 201
Activity.SpanId:             03024399a5b357ce
Instrumentation scope (ActivitySource):
    Name: Microsoft.AspNetCore
[22:29:08 INF] Executed action Urbeat.WebApi.Controllers.StoresController.Create (Urbeat.WebApi) in 74.194ms
Resource associated with Activity:
Activity.TraceFlags:         Recorded
    telemetry.sdk.name: opentelemetry
Activity.DisplayName:        POST api/auth/login/customer
    telemetry.sdk.language: dotnet
Activity.Kind:               Server
    telemetry.sdk.version: 1.14.0
Activity.StartTime:          2026-06-08T01:29:08.7508174Z
Activity.Duration:           00:00:00.2104864
    service.name: unknown_service:testhost
Activity.Tags:
    server.address: localhost
    network.protocol.version: 1.1
[22:29:09 INF] Executed endpoint 'Urbeat.WebApi.Controllers.StoresController.Create (Urbeat.WebApi)'
    http.request.method: POST
    http.route: api/auth/login/customer
    url.scheme: http
    http.response.status_code: 200
    url.path: /api/auth/login/customer
Instrumentation scope (ActivitySource):
    Name: Microsoft.AspNetCore
    Name: Microsoft.AspNetCore
    network.protocol.version: 1.1
Resource associated with Activity:
Resource associated with Activity:
    http.route: api/auth/login/customer
    telemetry.sdk.name: opentelemetry
    telemetry.sdk.name: opentelemetry
    telemetry.sdk.language: dotnet
    telemetry.sdk.language: dotnet
    telemetry.sdk.version: 1.14.0
    http.response.status_code: 403
    service.name: unknown_service:testhost
[22:29:09 INF] Saved 1 entities to in-memory store.
    telemetry.sdk.version: 1.14.0
    service.name: unknown_service:testhost
[22:29:09 INF] HTTP POST /api/stores responded 201 in 108.3924 ms
Activity.TraceId:            e171ca62bf35a9038f722b139ccbb10c
Instrumentation scope (ActivitySource):
Activity.TraceId:            b0a4c407e2a7c9f192bb45fe9e95019a
    Name: Microsoft.AspNetCore
Activity.SpanId:             79f88dca850e6ff4
Resource associated with Activity:
Activity.TraceFlags:         Recorded
    telemetry.sdk.name: opentelemetry
Activity.DisplayName:        POST api/stores
    telemetry.sdk.language: dotnet
Activity.Kind:               Server
    telemetry.sdk.version: 1.14.0
Activity.StartTime:          2026-06-08T01:29:08.7821388Z
    service.name: unknown_service:testhost
Activity.Duration:           00:00:00.1786087
Activity.Tags:
Activity.TraceId:            63d967b066074a47cd4a37f9ba7ea141
    server.address: localhost
Activity.SpanId:             6213f8bb2b206361
Activity.TraceId:            ebda1399c8e1138c8d310d90f7fde867
Activity.TraceFlags:         Recorded
    http.request.method: POST
Activity.TraceId:            5cdda10a99ea95818978ff2a81d51ad2
Activity.SpanId:             85786cbaced1bfdd
Activity.SpanId:             782c97e01a918ec2
    url.scheme: http
Activity.TraceFlags:         Recorded
    url.path: /api/stores
Activity.DisplayName:        POST api/auth/login/seller
Activity.TraceFlags:         Recorded
    network.protocol.version: 1.1
Activity.Kind:               Server
    http.route: api/stores
Activity.DisplayName:        POST api/auth/login/customer
    http.response.status_code: 201
Instrumentation scope (ActivitySource):
Activity.Kind:               Server
Activity.SpanId:             03024399a5b357ce
    Name: Microsoft.AspNetCore
Activity.StartTime:          2026-06-08T01:29:08.6920034Z
Activity.StartTime:          2026-06-08T01:29:08.7515084Z
Activity.Duration:           00:00:00.2355913
Activity.TraceFlags:         Recorded
Activity.Tags:
Activity.Duration:           00:00:00.2099024
Activity.DisplayName:        POST api/auth/login/customer
Activity.Tags:
Activity.Kind:               Server
    server.address: localhost
    server.address: localhost
[22:29:09 INF] Request finished HTTP/1.1 POST http://localhost/api/stores - 201 null application/json; charset=utf-8 145.8872ms
Activity.StartTime:          2026-06-08T01:29:08.7508174Z
    http.request.method: POST
[22:29:09 INF] Executed action method Urbeat.WebApi.Controllers.AuthController.LoginCustomer (Urbeat.WebApi), returned result Microsoft.AspNetCore.Mvc.OkObjectResult in 74.5636ms.
    url.scheme: http
Activity.Duration:           00:00:00.2104864
    url.path: /api/auth/login/seller
Activity.Tags:
    network.protocol.version: 1.1
    server.address: localhost
    http.route: api/auth/login/seller
    http.request.method: POST
    http.response.status_code: 200
    url.scheme: http
    url.path: /api/auth/login/customer
Activity.DisplayName:        POST api/auth/register/seller
Instrumentation scope (ActivitySource):
    network.protocol.version: 1.1
    Name: Microsoft.AspNetCore
Activity.Kind:               Server
    http.route: api/auth/login/customer
Resource associated with Activity:
    http.response.status_code: 403
    telemetry.sdk.name: opentelemetry
Activity.StartTime:          2026-06-08T01:29:08.6921921Z
    telemetry.sdk.language: dotnet
Activity.Duration:           00:00:00.2349451
    telemetry.sdk.version: 1.14.0
Instrumentation scope (ActivitySource):
    service.name: unknown_service:testhost
    Name: Microsoft.AspNetCore
Activity.Tags:
Resource associated with Activity:
    server.address: localhost
Resource associated with Activity:
    http.request.method: POST
Activity.TraceId:            db7761f3d3c752905fd000a4a2a3e9a2
Activity.TraceId:            8c5db79d9c3a830ff03cdb039b84781d
    telemetry.sdk.name: opentelemetry
Activity.SpanId:             7c3e5237b566e599
    url.scheme: http
Activity.TraceFlags:         Recorded
    url.path: /api/auth/register/seller
Activity.DisplayName:        POST api/stores
    telemetry.sdk.language: dotnet
Activity.Kind:               Server
    network.protocol.version: 1.1
    telemetry.sdk.version: 1.14.0
    http.route: api/auth/register/seller
Activity.StartTime:          2026-06-08T01:29:08.8543910Z
    http.response.status_code: 201
[22:29:09 INF] Executing OkObjectResult, writing value of type 'Urbeat.Application.DTOs.AuthTokenResponseDto'.
Activity.Duration:           00:00:00.1459631
    service.name: unknown_service:testhost
Activity.Tags:
Instrumentation scope (ActivitySource):
    server.address: localhost
    http.request.method: POST
    Name: Microsoft.AspNetCore
    url.scheme: http
Resource associated with Activity:
    url.path: /api/stores
    telemetry.sdk.name: opentelemetry
    telemetry.sdk.language: dotnet
    telemetry.sdk.version: 1.14.0
    service.name: unknown_service:testhost
    network.protocol.version: 1.1
    http.request.method: POST
    http.route: api/stores
    url.scheme: http
Activity.TraceId:            b0a4c407e2a7c9f192bb45fe9e95019a
    http.response.status_code: 201
Activity.SpanId:             79f88dca850e6ff4
Instrumentation scope (ActivitySource):
Activity.TraceFlags:         Recorded
    url.path: /api/auth/login/customer
    Name: Microsoft.AspNetCore
    network.protocol.version: 1.1
Activity.DisplayName:        POST api/stores
Resource associated with Activity:
    http.route: api/auth/login/customer
Activity.Kind:               Server
    http.response.status_code: 200
    telemetry.sdk.name: opentelemetry
Instrumentation scope (ActivitySource):
Activity.StartTime:          2026-06-08T01:29:08.7821388Z
    Name: Microsoft.AspNetCore
    telemetry.sdk.language: dotnet
Resource associated with Activity:
    telemetry.sdk.version: 1.14.0
    telemetry.sdk.name: opentelemetry
Activity.Duration:           00:00:00.1786087
    service.name: unknown_service:testhost
    telemetry.sdk.language: dotnet
Activity.Tags:
    telemetry.sdk.version: 1.14.0
    server.address: localhost
    service.name: unknown_service:testhost
Activity.TraceId:            8c5db79d9c3a830ff03cdb039b84781d
    http.request.method: POST
    url.scheme: http
Activity.SpanId:             7c3e5237b566e599
    url.path: /api/stores
Activity.TraceId:            5cdda10a99ea95818978ff2a81d51ad2
    network.protocol.version: 1.1
Activity.SpanId:             782c97e01a918ec2
Activity.TraceFlags:         Recorded
Activity.TraceFlags:         Recorded
    http.route: api/stores
Activity.DisplayName:        POST api/auth/login/customer
Activity.DisplayName:        POST api/stores
Activity.Kind:               Server
Activity.Kind:               Server
[22:29:09 INF] Executed action Urbeat.WebApi.Controllers.AuthController.LoginCustomer (Urbeat.WebApi) in 109.0613ms
Activity.StartTime:          2026-06-08T01:29:08.8543910Z
Activity.StartTime:          2026-06-08T01:29:08.7515084Z
Activity.Duration:           00:00:00.1459631
Activity.Duration:           00:00:00.2099024
Activity.Tags:
Activity.Tags:
    server.address: localhost
    server.address: localhost
    http.request.method: POST
    http.request.method: POST
    url.scheme: http
    url.scheme: http
    url.path: /api/stores
    url.path: /api/auth/login/customer
    network.protocol.version: 1.1
    http.route: api/stores
    http.response.status_code: 201
    network.protocol.version: 1.1
Instrumentation scope (ActivitySource):
    telemetry.sdk.name: opentelemetry
    Name: Microsoft.AspNetCore
Resource associated with Activity:
    telemetry.sdk.language: dotnet
    http.route: api/auth/login/customer
    telemetry.sdk.name: opentelemetry
    http.response.status_code: 200
    telemetry.sdk.language: dotnet
[22:29:09 INF] Executed endpoint 'Urbeat.WebApi.Controllers.AuthController.LoginCustomer (Urbeat.WebApi)'
    telemetry.sdk.version: 1.14.0
Instrumentation scope (ActivitySource):
    Name: Microsoft.AspNetCore
    telemetry.sdk.version: 1.14.0
    service.name: unknown_service:testhost
Resource associated with Activity:
    service.name: unknown_service:testhost
    telemetry.sdk.name: opentelemetry
    telemetry.sdk.language: dotnet
Activity.TraceId:            ebda1399c8e1138c8d310d90f7fde867
    telemetry.sdk.version: 1.14.0
    service.name: unknown_service:testhost
Activity.SpanId:             03024399a5b357ce
Activity.TraceId:            e171ca62bf35a9038f722b139ccbb10c
Activity.TraceId:            5cdda10a99ea95818978ff2a81d51ad2
Activity.TraceFlags:         Recorded
Activity.SpanId:             782c97e01a918ec2
Activity.DisplayName:        POST api/auth/login/customer
Activity.SpanId:             233b01f641fac0e0
[22:29:09 INF] HTTP POST /api/auth/login/customer responded 200 in 187.4236 ms
Activity.TraceFlags:         Recorded
Activity.Kind:               Server
Activity.DisplayName:        GET api/subscriptions/my
Activity.Kind:               Server
Activity.StartTime:          2026-06-08T01:29:08.7508174Z
Activity.Duration:           00:00:00.2104864
Activity.StartTime:          2026-06-08T01:29:08.7534599Z
    http.response.status_code: 201
Activity.Tags:
Activity.Duration:           00:00:00.2078998
    server.address: localhost
Activity.Tags:
    http.request.method: POST
Activity.SpanId:             85786cbaced1bfdd
    server.address: localhost
    url.scheme: http
    http.request.method: GET
    url.path: /api/auth/login/customer
Activity.TraceFlags:         Recorded
    url.scheme: http
    network.protocol.version: 1.1
Activity.DisplayName:        POST api/auth/login/seller
    url.path: /api/subscriptions/my
    http.route: api/auth/login/customer
    network.protocol.version: 1.1
Activity.Kind:               Server
    http.route: api/subscriptions/my
    http.response.status_code: 403
Activity.StartTime:          2026-06-08T01:29:08.6920034Z
Instrumentation scope (ActivitySource):
    http.response.status_code: 200
Activity.Duration:           00:00:00.2355913
    Name: Microsoft.AspNetCore
Instrumentation scope (ActivitySource):
Activity.Tags:
Resource associated with Activity:
    Name: Microsoft.AspNetCore
Activity.TraceFlags:         Recorded
Resource associated with Activity:
Activity.DisplayName:        POST api/auth/login/customer
    telemetry.sdk.name: opentelemetry
Activity.Kind:               Server
    telemetry.sdk.language: dotnet
    telemetry.sdk.version: 1.14.0
Instrumentation scope (ActivitySource):
Activity.StartTime:          2026-06-08T01:29:08.7515084Z
    Name: Microsoft.AspNetCore
    server.address: localhost
Activity.Duration:           00:00:00.2099024
    http.request.method: POST
    telemetry.sdk.name: opentelemetry
Activity.Tags:
    url.scheme: http
    telemetry.sdk.language: dotnet
    server.address: localhost
    url.path: /api/auth/login/seller
    http.request.method: POST
    network.protocol.version: 1.1
    url.scheme: http
    http.route: api/auth/login/seller
    telemetry.sdk.version: 1.14.0
    url.path: /api/auth/login/customer
    service.name: unknown_service:testhost
    http.response.status_code: 200
    network.protocol.version: 1.1
Instrumentation scope (ActivitySource):
    http.route: api/auth/login/customer
    Name: Microsoft.AspNetCore
[22:29:09 INF] Request finished HTTP/1.1 POST http://localhost/api/auth/login/customer - 200 null application/json; charset=utf-8 219.1176ms
    http.response.status_code: 200
Instrumentation scope (ActivitySource):
    Name: Microsoft.AspNetCore
Resource associated with Activity:
    telemetry.sdk.name: opentelemetry
[22:29:09 INF] Executing action method Urbeat.WebApi.Controllers.StoreCategoriesController.Create (Urbeat.WebApi) - Validation state: Valid
    service.name: unknown_service:testhost
    telemetry.sdk.language: dotnet
[22:29:09 INF] Saved 1 entities to in-memory store.
Resource associated with Activity:
    telemetry.sdk.name: opentelemetry
    telemetry.sdk.language: dotnet
Activity.TraceId:            db7761f3d3c752905fd000a4a2a3e9a2
    telemetry.sdk.version: 1.14.0
Resource associated with Activity:
Activity.SpanId:             233b01f641fac0e0
[22:29:09 WRN] Admin seeding skipped because the data store is unavailable.
System.InvalidOperationException: Relational-specific methods can only be used when the context is using a relational database provider.
   at Microsoft.EntityFrameworkCore.RelationalDatabaseFacadeExtensions.GetRelationalService[TService](IInfrastructure`1 databaseFacade)
   at Microsoft.EntityFrameworkCore.RelationalDatabaseFacadeExtensions.MigrateAsync(DatabaseFacade databaseFacade, CancellationToken cancellationToken)
   at Program.<Main>$(String[] args) in C:\Projetos\urbeat\backend\src\Urbeat.WebApi\Program.cs:line 42
Activity.TraceFlags:         Recorded
    telemetry.sdk.name: opentelemetry
Activity.DisplayName:        GET api/subscriptions/my
    telemetry.sdk.language: dotnet
Activity.Kind:               Server
    telemetry.sdk.version: 1.14.0
    service.name: unknown_service:testhost
    telemetry.sdk.version: 1.14.0
Activity.StartTime:          2026-06-08T01:29:08.7534599Z
    service.name: unknown_service:testhost
Activity.Duration:           00:00:00.2078998
Activity.Tags:
    server.address: localhost
Activity.TraceId:            5cdda10a99ea95818978ff2a81d51ad2
Activity.TraceId:            8c5db79d9c3a830ff03cdb039b84781d
    http.request.method: GET
Activity.SpanId:             7c3e5237b566e599
    service.name: unknown_service:testhost
Activity.TraceFlags:         Recorded
Activity.DisplayName:        POST api/stores
Activity.Kind:               Server
    url.scheme: http
Activity.StartTime:          2026-06-08T01:29:08.8543910Z
Activity.Duration:           00:00:00.1459631
Activity.Tags:
Activity.TraceId:            ebda1399c8e1138c8d310d90f7fde867
Activity.SpanId:             782c97e01a918ec2
    server.address: localhost
Activity.TraceFlags:         Recorded
Activity.SpanId:             03024399a5b357ce
Activity.DisplayName:        POST api/auth/login/customer
    http.request.method: POST
Activity.Kind:               Server
Activity.TraceFlags:         Recorded
Activity.TraceId:            fee0d18c32215abd9001dec31a44d625
Activity.DisplayName:        POST api/auth/login/customer
Activity.SpanId:             b2deb9cff35ee73d
Activity.Kind:               Server
Activity.TraceFlags:         Recorded
Activity.StartTime:          2026-06-08T01:29:08.7515084Z
Activity.Duration:           00:00:00.2099024
Activity.Tags:
    url.path: /api/subscriptions/my
    server.address: localhost
    network.protocol.version: 1.1
    http.request.method: POST
    http.route: api/subscriptions/my
    url.scheme: http
    http.response.status_code: 200
    url.scheme: http
    url.path: /api/stores
Instrumentation scope (ActivitySource):
    url.path: /api/auth/login/customer
    Name: Microsoft.AspNetCore
    network.protocol.version: 1.1
    network.protocol.version: 1.1
    http.route: api/stores
Resource associated with Activity:
    http.response.status_code: 201
    http.route: api/auth/login/customer
Instrumentation scope (ActivitySource):
    telemetry.sdk.name: opentelemetry
    http.response.status_code: 200
    Name: Microsoft.AspNetCore
Instrumentation scope (ActivitySource):
    telemetry.sdk.language: dotnet
[22:29:09 INF] USER_LOGGED_IN | Login succeeded | UserId=019ea4d9-0d8f-7747-87aa-72998e07afb7 | Email=subscription.seller.6d9803af7f0c433a9408d2f2c998c6ae@urbeat.local | Role=Seller | IP=null
    telemetry.sdk.version: 1.14.0
Resource associated with Activity:
    service.name: unknown_service:testhost
    telemetry.sdk.name: opentelemetry
    telemetry.sdk.language: dotnet
    telemetry.sdk.version: 1.14.0
Activity.StartTime:          2026-06-08T01:29:08.7508174Z
Activity.TraceId:            db7761f3d3c752905fd000a4a2a3e9a2
Activity.Duration:           00:00:00.2104864
    service.name: unknown_service:testhost
Activity.Tags:
Activity.SpanId:             233b01f641fac0e0
Activity.TraceFlags:         Recorded
    server.address: localhost
Activity.DisplayName:        GET api/subscriptions/my
    http.request.method: POST
Activity.TraceId:            8c5db79d9c3a830ff03cdb039b84781d
Activity.Kind:               Server
Activity.SpanId:             7c3e5237b566e599
    url.scheme: http
Activity.TraceFlags:         Recorded
    url.path: /api/auth/login/customer
Activity.StartTime:          2026-06-08T01:29:08.7534599Z
    network.protocol.version: 1.1
Activity.DisplayName:        POST api/stores
Activity.Duration:           00:00:00.2078998
    http.route: api/auth/login/customer
Activity.Tags:
Activity.Kind:               Server
    server.address: localhost
    http.response.status_code: 403
    http.request.method: GET
Instrumentation scope (ActivitySource):
    url.scheme: http
Activity.StartTime:          2026-06-08T01:29:08.8543910Z
    url.path: /api/subscriptions/my
    Name: Microsoft.AspNetCore
    network.protocol.version: 1.1
Resource associated with Activity:
    http.route: api/subscriptions/my
Activity.Duration:           00:00:00.1459631
    telemetry.sdk.name: opentelemetry
    http.response.status_code: 200
Activity.Tags:
Instrumentation scope (ActivitySource):
    telemetry.sdk.language: dotnet
    Name: Microsoft.AspNetCore
    telemetry.sdk.version: 1.14.0
Resource associated with Activity:
    server.address: localhost
    service.name: unknown_service:testhost
    telemetry.sdk.name: opentelemetry
    telemetry.sdk.language: dotnet
    http.request.method: POST
    telemetry.sdk.version: 1.14.0
    url.scheme: http
    service.name: unknown_service:testhost
Activity.TraceId:            e171ca62bf35a9038f722b139ccbb10c
Activity.TraceId:            db7761f3d3c752905fd000a4a2a3e9a2
Activity.DisplayName:        POST api/auth/login/customer
Activity.SpanId:             233b01f641fac0e0
Activity.Kind:               Server
Activity.TraceFlags:         Recorded
    Name: Microsoft.AspNetCore
Activity.StartTime:          2026-06-08T01:29:08.7817735Z
Resource associated with Activity:
Activity.Duration:           00:00:00.2497182
    url.path: /api/stores
Activity.Tags:
    network.protocol.version: 1.1
    server.address: localhost
    http.route: api/stores
    http.request.method: POST
    http.response.status_code: 201
Activity.SpanId:             85786cbaced1bfdd
Instrumentation scope (ActivitySource):
Activity.TraceFlags:         Recorded
    Name: Microsoft.AspNetCore
Activity.DisplayName:        GET api/subscriptions/my
Activity.DisplayName:        POST api/auth/login/seller
Resource associated with Activity:
Activity.Kind:               Server
    telemetry.sdk.name: opentelemetry
    telemetry.sdk.language: dotnet
[22:29:09 INF] Saved 1 entities to in-memory store.
Activity.Kind:               Server
Activity.StartTime:          2026-06-08T01:29:08.7534599Z
    telemetry.sdk.version: 1.14.0
Activity.Duration:           00:00:00.2078998
    service.name: unknown_service:testhost
Activity.Tags:
    telemetry.sdk.name: opentelemetry
Activity.StartTime:          2026-06-08T01:29:08.6920034Z
    telemetry.sdk.language: dotnet
    server.address: localhost
    telemetry.sdk.version: 1.14.0
Activity.TraceId:            8c5db79d9c3a830ff03cdb039b84781d
    service.name: unknown_service:testhost
    http.request.method: GET
    url.scheme: http
    url.path: /api/subscriptions/my
    network.protocol.version: 1.1
Activity.SpanId:             7c3e5237b566e599
    http.route: api/subscriptions/my
Activity.TraceFlags:         Recorded
    http.response.status_code: 200
Activity.DisplayName:        POST api/stores
Instrumentation scope (ActivitySource):
Activity.Kind:               Server
    Name: Microsoft.AspNetCore
Resource associated with Activity:
Activity.StartTime:          2026-06-08T01:29:08.8543910Z
    telemetry.sdk.name: opentelemetry
    url.scheme: http
    telemetry.sdk.language: dotnet
Activity.Duration:           00:00:00.1459631
    telemetry.sdk.version: 1.14.0
Activity.Tags:
    service.name: unknown_service:testhost
    server.address: localhost
    url.path: /api/auth/login/customer
    http.request.method: POST
    network.protocol.version: 1.1
Activity.TraceId:            db7761f3d3c752905fd000a4a2a3e9a2
    url.scheme: http
    http.route: api/auth/login/customer
    url.path: /api/stores
    http.response.status_code: 200
Activity.SpanId:             233b01f641fac0e0
Instrumentation scope (ActivitySource):
Activity.TraceFlags:         Recorded
    network.protocol.version: 1.1
    Name: Microsoft.AspNetCore
[22:29:09 INF] Executed action method Urbeat.WebApi.Controllers.AuthController.LoginSeller (Urbeat.WebApi), returned result Microsoft.AspNetCore.Mvc.OkObjectResult in 70.3346ms.
    http.route: api/stores
Resource associated with Activity:
    telemetry.sdk.name: opentelemetry
    telemetry.sdk.language: dotnet
    telemetry.sdk.version: 1.14.0
Activity.Duration:           00:00:00.2355913
    service.name: unknown_service:testhost
Activity.Tags:
    server.address: localhost
Activity.DisplayName:        GET api/subscriptions/my
    http.request.method: POST
Activity.Kind:               Server
    url.scheme: http
Activity.TraceId:            fee0d18c32215abd9001dec31a44d625
    url.path: /api/auth/login/seller
Activity.SpanId:             b2deb9cff35ee73d
    network.protocol.version: 1.1
Activity.TraceFlags:         Recorded
    http.route: api/auth/login/seller
Activity.StartTime:          2026-06-08T01:29:08.7534599Z
Activity.DisplayName:        POST api/auth/login/customer
    http.response.status_code: 200
Activity.Duration:           00:00:00.2078998
[22:29:09 INF] Executing OkObjectResult, writing value of type 'Urbeat.Application.DTOs.AuthTokenResponseDto'.
Activity.Tags:
    server.address: localhost
    http.request.method: GET
    url.scheme: http
    http.response.status_code: 201
    url.path: /api/subscriptions/my
Instrumentation scope (ActivitySource):
    Name: Microsoft.AspNetCore
    network.protocol.version: 1.1
Resource associated with Activity:
    http.route: api/subscriptions/my
Instrumentation scope (ActivitySource):
    http.response.status_code: 200
    telemetry.sdk.name: opentelemetry
Instrumentation scope (ActivitySource):
    Name: Microsoft.AspNetCore
    Name: Microsoft.AspNetCore
Resource associated with Activity:
Resource associated with Activity:
    telemetry.sdk.language: dotnet
    telemetry.sdk.name: opentelemetry
    telemetry.sdk.name: opentelemetry
    telemetry.sdk.language: dotnet
    telemetry.sdk.language: dotnet
Activity.Kind:               Server
    telemetry.sdk.version: 1.14.0
Activity.StartTime:          2026-06-08T01:29:08.7817735Z
    telemetry.sdk.version: 1.14.0
Activity.Duration:           00:00:00.2497182
    service.name: unknown_service:testhost
    telemetry.sdk.version: 1.14.0
Activity.Tags:
Activity.TraceId:            8c5db79d9c3a830ff03cdb039b84781d
    server.address: localhost
Activity.SpanId:             7c3e5237b566e599
    http.request.method: POST
    service.name: unknown_service:testhost
Activity.TraceFlags:         Recorded
    url.scheme: http
Activity.DisplayName:        POST api/stores
    url.path: /api/auth/login/customer
Activity.Kind:               Server
    network.protocol.version: 1.1
[22:29:09 INF] Executed action Urbeat.WebApi.Controllers.AuthController.LoginSeller (Urbeat.WebApi) in 71.227ms
Activity.StartTime:          2026-06-08T01:29:08.8543910Z
Activity.Duration:           00:00:00.1459631
Activity.Tags:
    server.address: localhost
    service.name: unknown_service:testhost
    http.request.method: POST
    url.scheme: http
    url.path: /api/stores
    http.route: api/auth/login/customer
    network.protocol.version: 1.1
Activity.TraceId:            5cdda10a99ea95818978ff2a81d51ad2
[22:29:09 INF] Executed endpoint 'Urbeat.WebApi.Controllers.AuthController.LoginSeller (Urbeat.WebApi)'
Activity.SpanId:             782c97e01a918ec2
    http.response.status_code: 200
Activity.TraceFlags:         Recorded
Activity.DisplayName:        POST api/auth/login/customer
    http.route: api/stores
Activity.Kind:               Server
Instrumentation scope (ActivitySource):
    http.response.status_code: 201
    Name: Microsoft.AspNetCore
Instrumentation scope (ActivitySource):
Resource associated with Activity:
    Name: Microsoft.AspNetCore
Activity.StartTime:          2026-06-08T01:29:08.7515084Z
Resource associated with Activity:
Activity.Duration:           00:00:00.2099024
    telemetry.sdk.name: opentelemetry
    telemetry.sdk.name: opentelemetry
Activity.Tags:
    telemetry.sdk.language: dotnet
    telemetry.sdk.language: dotnet
    server.address: localhost
    telemetry.sdk.version: 1.14.0
    http.request.method: POST
    service.name: unknown_service:testhost
    url.scheme: http
    url.path: /api/auth/login/customer
[22:29:09 INF] HTTP POST /api/auth/login/seller responded 200 in 71.5933 ms
    network.protocol.version: 1.1
Activity.TraceId:            8c5db79d9c3a830ff03cdb039b84781d
    http.route: api/auth/login/customer
Activity.SpanId:             7c3e5237b566e599
    http.response.status_code: 200
Activity.TraceFlags:         Recorded
Instrumentation scope (ActivitySource):
    Name: Microsoft.AspNetCore
Activity.DisplayName:        POST api/stores
Resource associated with Activity:
Activity.Kind:               Server
    telemetry.sdk.name: opentelemetry
    telemetry.sdk.version: 1.14.0
    telemetry.sdk.language: dotnet
Activity.StartTime:          2026-06-08T01:29:08.8543910Z
    telemetry.sdk.version: 1.14.0
    service.name: unknown_service:testhost
    service.name: unknown_service:testhost
Activity.Duration:           00:00:00.1459631
Activity.Tags:
Activity.TraceId:            fee0d18c32215abd9001dec31a44d625
    server.address: localhost
Activity.SpanId:             b2deb9cff35ee73d
    http.request.method: POST
Activity.TraceFlags:         Recorded
Activity.TraceId:            db7761f3d3c752905fd000a4a2a3e9a2
    url.scheme: http
Activity.DisplayName:        POST api/auth/login/customer
Activity.SpanId:             233b01f641fac0e0
    url.path: /api/stores
Activity.TraceFlags:         Recorded
    network.protocol.version: 1.1
Activity.DisplayName:        GET api/subscriptions/my
Activity.Kind:               Server
    http.route: api/stores
Activity.Kind:               Server
    http.response.status_code: 201
Instrumentation scope (ActivitySource):
Activity.StartTime:          2026-06-08T01:29:08.7817735Z
Activity.StartTime:          2026-06-08T01:29:08.7534599Z
Activity.Duration:           00:00:00.2497182
Activity.Duration:           00:00:00.2078998
    Name: Microsoft.AspNetCore
Activity.Tags:
Resource associated with Activity:
    server.address: localhost
Activity.Tags:
    http.request.method: POST
    server.address: localhost
    url.scheme: http
    http.request.method: GET
    telemetry.sdk.name: opentelemetry
    url.scheme: http
    telemetry.sdk.language: dotnet
    url.path: /api/subscriptions/my
[22:29:09 INF] Request finished HTTP/1.1 POST http://localhost/api/auth/login/seller - 200 null application/json; charset=utf-8 104.4914ms
    telemetry.sdk.version: 1.14.0
    url.path: /api/auth/login/customer
    network.protocol.version: 1.1
    service.name: unknown_service:testhost
    http.route: api/subscriptions/my
    network.protocol.version: 1.1
    http.response.status_code: 200
    http.route: api/auth/login/customer
Instrumentation scope (ActivitySource):
    Name: Microsoft.AspNetCore
Activity.TraceId:            8c5db79d9c3a830ff03cdb039b84781d
Resource associated with Activity:
    http.response.status_code: 200
    telemetry.sdk.name: opentelemetry
Instrumentation scope (ActivitySource):
Activity.SpanId:             7c3e5237b566e599
    telemetry.sdk.language: dotnet
    Name: Microsoft.AspNetCore
Activity.TraceFlags:         Recorded
    telemetry.sdk.version: 1.14.0
Activity.DisplayName:        POST api/stores
    service.name: unknown_service:testhost
Resource associated with Activity:
Activity.Kind:               Server
    telemetry.sdk.name: opentelemetry
    telemetry.sdk.language: dotnet
Activity.StartTime:          2026-06-08T01:29:08.8543910Z
    telemetry.sdk.version: 1.14.0
Activity.Duration:           00:00:00.1459631
    service.name: unknown_service:testhost
Activity.Tags:
    server.address: localhost
    http.request.method: POST
Activity.TraceId:            fee0d18c32215abd9001dec31a44d625
    url.scheme: http
Activity.SpanId:             b2deb9cff35ee73d
    url.path: /api/stores
Activity.TraceFlags:         Recorded
    network.protocol.version: 1.1
Activity.DisplayName:        POST api/auth/login/customer
    http.route: api/stores
Activity.Kind:               Server
    http.response.status_code: 201
Instrumentation scope (ActivitySource):
    Name: Microsoft.AspNetCore
Activity.StartTime:          2026-06-08T01:29:08.7817735Z
Resource associated with Activity:
Activity.Duration:           00:00:00.2497182
    telemetry.sdk.name: opentelemetry
Activity.Tags:
    telemetry.sdk.language: dotnet
    server.address: localhost
    telemetry.sdk.version: 1.14.0
    http.request.method: POST
    service.name: unknown_service:testhost
    url.scheme: http
    url.path: /api/auth/login/customer
Activity.TraceId:            8c5db79d9c3a830ff03cdb039b84781d
    network.protocol.version: 1.1
Activity.SpanId:             7c3e5237b566e599
    http.route: api/auth/login/customer
Activity.TraceFlags:         Recorded
    http.response.status_code: 200
Activity.DisplayName:        POST api/stores
Instrumentation scope (ActivitySource):
Activity.Kind:               Server
    Name: Microsoft.AspNetCore
Resource associated with Activity:
Activity.StartTime:          2026-06-08T01:29:08.8543910Z
    telemetry.sdk.name: opentelemetry
Activity.Duration:           00:00:00.1459631
    telemetry.sdk.language: dotnet
Activity.Tags:
    telemetry.sdk.version: 1.14.0
    server.address: localhost
Activity.TraceId:            e8a095491b0dcd3666817168be1c1a75
    http.request.method: POST
    service.name: unknown_service:testhost
    url.scheme: http
Activity.SpanId:             379fdb24a8fb5897
    url.path: /api/stores
Activity.TraceFlags:         Recorded
    network.protocol.version: 1.1
Activity.DisplayName:        POST api/auth/login/seller
Activity.Kind:               Server
    http.route: api/stores
Activity.TraceId:            fee0d18c32215abd9001dec31a44d625
[xUnit.net 00:00:06.17]       Expected raw "{"type":"https://httpstatuses.com/403","title":"Forbidden","status":403,"detail":"User does not have the required role.","instance":"/api/auth/login/customer","traceId":"00-ebda1399c8e1138c8d310d90f7fde867-03024399a5b357ce-01"}" to contain "E-mail not confirmed" because the response must indicate that the e-mail still requires confirmation, was: {"type":"https://httpstatuses.com/403","title":"Forbidden","status":403,"detail":"User does not have the required role.","instance":"/api/auth/login/customer","traceId":"00-ebda1399c8e1138c8d310d90f7fde867-03024399a5b357ce-01"}.
    http.response.status_code: 201
Activity.SpanId:             b2deb9cff35ee73d
Instrumentation scope (ActivitySource):
    Name: Microsoft.AspNetCore
Resource associated with Activity:
Activity.StartTime:          2026-06-08T01:29:08.9283863Z
    telemetry.sdk.name: opentelemetry
Activity.TraceFlags:         Recorded
[xUnit.net 00:00:06.17]       Stack Trace:
[xUnit.net 00:00:06.17]            at FluentAssertions.Execution.LateBoundTestFramework.Throw(String message)
[xUnit.net 00:00:06.17]            at FluentAssertions.Execution.DefaultAssertionStrategy.HandleFailure(String message)
[xUnit.net 00:00:06.17]            at FluentAssertions.Execution.AssertionScope.AddPreFormattedFailure(String formattedFailureMessage)
[xUnit.net 00:00:06.17]            at FluentAssertions.Execution.AssertionChain.FailWith(Func`1 getFailureReason)
[xUnit.net 00:00:06.17]            at FluentAssertions.Execution.AssertionChain.FailWith(Func`1 getFailureReason)
[xUnit.net 00:00:06.17]            at FluentAssertions.Execution.AssertionChain.FailWith(String message, Object[] args)
[xUnit.net 00:00:06.17]            at FluentAssertions.Primitives.StringAssertions`1.Contain(String expected, String because, Object[] becauseArgs)
[xUnit.net 00:00:06.17]         C:\Projetos\urbeat\backend\tests\Urbeat.IntegrationTests\Api\EmailConfirmationFlowTests.cs(98,0): at Urbeat.IntegrationTests.Api.EmailConfirmationFlowTests.LoginCustomer_BeforeConfirmation_ShouldReturn403_ForPendingConfirmation()
[xUnit.net 00:00:06.17]         --- End of stack trace from previous location ---
    telemetry.sdk.language: dotnet
Activity.DisplayName:        POST api/auth/login/customer
    telemetry.sdk.version: 1.14.0
Activity.Duration:           00:00:00.1045700
Activity.Kind:               Server
    service.name: unknown_service:testhost
[22:29:09 INF] Request starting HTTP/1.1 POST http://localhost/api/stores - application/json; charset=utf-8 null
Activity.Tags:
    server.address: localhost
    http.request.method: POST
    url.scheme: http
    url.path: /api/auth/login/seller
Activity.StartTime:          2026-06-08T01:29:08.7817735Z
    network.protocol.version: 1.1
[22:29:09 INF] Request starting HTTP/1.1 POST http://localhost/api/stores - application/json; charset=utf-8 null
    http.route: api/auth/login/seller
Activity.Duration:           00:00:00.2497182
Activity.Tags:
    http.response.status_code: 200
[22:29:09 INF] Request starting HTTP/1.1 POST http://localhost/api/customer/addresses - application/json; charset=utf-8 null
Instrumentation scope (ActivitySource):
    Name: Microsoft.AspNetCore
    server.address: localhost
Resource associated with Activity:
[22:29:09 WRN] The WebRootPath was not found: C:\Projetos\urbeat\backend\src\Urbeat.WebApi\wwwroot. Static files may be unavailable.
    telemetry.sdk.name: opentelemetry
    telemetry.sdk.language: dotnet
    telemetry.sdk.version: 1.14.0
    http.request.method: POST
    service.name: unknown_service:testhost
    url.scheme: http
    url.path: /api/auth/login/customer
[22:29:09 INF] Saved 1 entities to in-memory store.
    network.protocol.version: 1.1
    http.route: api/auth/login/customer
Activity.TraceId:            e8a095491b0dcd3666817168be1c1a75
    http.response.status_code: 200
Activity.SpanId:             379fdb24a8fb5897
Instrumentation scope (ActivitySource):
Activity.TraceFlags:         Recorded
    Name: Microsoft.AspNetCore
Activity.DisplayName:        POST api/auth/login/seller
Resource associated with Activity:
Activity.Kind:               Server
    telemetry.sdk.name: opentelemetry
    telemetry.sdk.language: dotnet
    telemetry.sdk.version: 1.14.0
    service.name: unknown_service:testhost
Activity.StartTime:          2026-06-08T01:29:08.9283863Z
Activity.Duration:           00:00:00.1045700
[22:29:09 INF] User profile is available. Using 'C:\Users\intfa\AppData\Local\ASP.NET\DataProtection-Keys' as key repository and Windows DPAPI to encrypt keys at rest.
Activity.TraceId:            fee0d18c32215abd9001dec31a44d625
Activity.Tags:
Activity.SpanId:             b2deb9cff35ee73d
    server.address: localhost
Activity.TraceFlags:         Recorded
    http.request.method: POST
    url.scheme: http
Activity.DisplayName:        POST api/auth/login/customer
    url.path: /api/auth/login/seller
Activity.Kind:               Server
    network.protocol.version: 1.1
    http.route: api/auth/login/seller
    http.response.status_code: 200
Activity.StartTime:          2026-06-08T01:29:08.7817735Z
Instrumentation scope (ActivitySource):
Activity.Duration:           00:00:00.2497182
    Name: Microsoft.AspNetCore
Activity.Tags:
Resource associated with Activity:
    server.address: localhost
    telemetry.sdk.name: opentelemetry
    http.request.method: POST
    telemetry.sdk.language: dotnet
    url.scheme: http
    telemetry.sdk.version: 1.14.0
    url.path: /api/auth/login/customer
    service.name: unknown_service:testhost
    network.protocol.version: 1.1
    http.route: api/auth/login/customer
    http.response.status_code: 200
Activity.TraceId:            e8a095491b0dcd3666817168be1c1a75
Instrumentation scope (ActivitySource):
Activity.SpanId:             379fdb24a8fb5897
    Name: Microsoft.AspNetCore
Activity.TraceFlags:         Recorded
Activity.DisplayName:        POST api/auth/login/seller
Resource associated with Activity:
Activity.Kind:               Server
    telemetry.sdk.name: opentelemetry
    telemetry.sdk.language: dotnet
    telemetry.sdk.version: 1.14.0
Activity.StartTime:          2026-06-08T01:29:08.9283863Z
    service.name: unknown_service:testhost
Activity.Duration:           00:00:00.1045700
Activity.Tags:
Activity.TraceId:            fee0d18c32215abd9001dec31a44d625
Activity.SpanId:             b2deb9cff35ee73d
    server.address: localhost
Activity.TraceFlags:         Recorded
    http.request.method: POST
Activity.DisplayName:        POST api/auth/login/customer
    url.scheme: http
Activity.Kind:               Server
    url.path: /api/auth/login/seller
    network.protocol.version: 1.1
Activity.StartTime:          2026-06-08T01:29:08.7817735Z
    http.route: api/auth/login/seller
Activity.Duration:           00:00:00.2497182
    http.response.status_code: 200
Activity.Tags:
Instrumentation scope (ActivitySource):
    server.address: localhost
    Name: Microsoft.AspNetCore
    http.request.method: POST
Resource associated with Activity:
    url.scheme: http
    telemetry.sdk.name: opentelemetry
    url.path: /api/auth/login/customer
    telemetry.sdk.language: dotnet
    network.protocol.version: 1.1
    telemetry.sdk.version: 1.14.0
    http.route: api/auth/login/customer
    service.name: unknown_service:testhost
    http.response.status_code: 200
Instrumentation scope (ActivitySource):
    Name: Microsoft.AspNetCore
Resource associated with Activity:
    telemetry.sdk.name: opentelemetry
Activity.TraceId:            e8a095491b0dcd3666817168be1c1a75
    telemetry.sdk.language: dotnet
Activity.SpanId:             379fdb24a8fb5897
    telemetry.sdk.version: 1.14.0
Activity.TraceFlags:         Recorded
    service.name: unknown_service:testhost
Activity.DisplayName:        POST api/auth/login/seller
Activity.Kind:               Server
Activity.TraceId:            fee0d18c32215abd9001dec31a44d625
Activity.SpanId:             b2deb9cff35ee73d
Activity.StartTime:          2026-06-08T01:29:08.9283863Z
Activity.TraceFlags:         Recorded
Activity.Duration:           00:00:00.1045700
Activity.DisplayName:        POST api/auth/login/customer
Activity.Tags:
Activity.Kind:               Server
    server.address: localhost
    http.request.method: POST
    url.scheme: http
Activity.StartTime:          2026-06-08T01:29:08.7817735Z
    url.path: /api/auth/login/seller
Activity.Duration:           00:00:00.2497182
    network.protocol.version: 1.1
Activity.Tags:
    http.route: api/auth/login/seller
    server.address: localhost
    http.request.method: POST
    http.response.status_code: 200
    url.scheme: http
    url.path: /api/auth/login/customer
Instrumentation scope (ActivitySource):
    network.protocol.version: 1.1
    Name: Microsoft.AspNetCore
    http.route: api/auth/login/customer
Resource associated with Activity:
    http.response.status_code: 200
    telemetry.sdk.name: opentelemetry
Instrumentation scope (ActivitySource):
    Name: Microsoft.AspNetCore
    telemetry.sdk.language: dotnet
Resource associated with Activity:
    telemetry.sdk.version: 1.14.0
    service.name: unknown_service:testhost
    telemetry.sdk.name: opentelemetry
    telemetry.sdk.language: dotnet
    telemetry.sdk.version: 1.14.0
Activity.TraceId:            e8a095491b0dcd3666817168be1c1a75
    service.name: unknown_service:testhost
Activity.SpanId:             379fdb24a8fb5897
Activity.TraceFlags:         Recorded
Activity.DisplayName:        POST api/auth/login/seller
Activity.TraceId:            fee0d18c32215abd9001dec31a44d625
Activity.Kind:               Server
Activity.SpanId:             b2deb9cff35ee73d
Activity.StartTime:          2026-06-08T01:29:08.9283863Z
Activity.TraceFlags:         Recorded
Activity.Duration:           00:00:00.1045700
Activity.DisplayName:        POST api/auth/login/customer
Activity.Tags:
Activity.Kind:               Server
    server.address: localhost
Activity.StartTime:          2026-06-08T01:29:08.7817735Z
    http.request.method: POST
Activity.Duration:           00:00:00.2497182
    url.scheme: http
Activity.Tags:
    url.path: /api/auth/login/seller
    server.address: localhost
    network.protocol.version: 1.1
    http.request.method: POST
    http.route: api/auth/login/seller
    url.scheme: http
    http.response.status_code: 200
    url.path: /api/auth/login/customer
Instrumentation scope (ActivitySource):
    network.protocol.version: 1.1
    Name: Microsoft.AspNetCore
Resource associated with Activity:
    http.route: api/auth/login/customer
    telemetry.sdk.name: opentelemetry
    http.response.status_code: 200
    telemetry.sdk.language: dotnet
Instrumentation scope (ActivitySource):
    Name: Microsoft.AspNetCore
Resource associated with Activity:
    telemetry.sdk.version: 1.14.0
    telemetry.sdk.name: opentelemetry
    service.name: unknown_service:testhost
    telemetry.sdk.language: dotnet
Activity.TraceId:            e8a095491b0dcd3666817168be1c1a75
    telemetry.sdk.version: 1.14.0
Activity.SpanId:             379fdb24a8fb5897
    service.name: unknown_service:testhost
Activity.TraceFlags:         Recorded
Activity.DisplayName:        POST api/auth/login/seller
Activity.TraceId:            fee0d18c32215abd9001dec31a44d625
Activity.Kind:               Server
Activity.SpanId:             b2deb9cff35ee73d
Activity.StartTime:          2026-06-08T01:29:08.9283863Z
Activity.TraceFlags:         Recorded
Activity.Duration:           00:00:00.1045700
Activity.DisplayName:        POST api/auth/login/customer
Activity.Tags:
Activity.Kind:               Server
    server.address: localhost
Activity.StartTime:          2026-06-08T01:29:08.7817735Z
    http.request.method: POST
    url.scheme: http
Activity.Duration:           00:00:00.2497182
    url.path: /api/auth/login/seller
Activity.Tags:
    network.protocol.version: 1.1
    server.address: localhost
    http.route: api/auth/login/seller
    http.request.method: POST
    http.response.status_code: 200
    url.scheme: http
Instrumentation scope (ActivitySource):
    Name: Microsoft.AspNetCore
Resource associated with Activity:
    url.path: /api/auth/login/customer
    telemetry.sdk.name: opentelemetry
    network.protocol.version: 1.1
    telemetry.sdk.language: dotnet
    http.route: api/auth/login/customer
    telemetry.sdk.version: 1.14.0
    service.name: unknown_service:testhost
    http.response.status_code: 200
Activity.TraceId:            e8a095491b0dcd3666817168be1c1a75
Instrumentation scope (ActivitySource):
    Name: Microsoft.AspNetCore
Resource associated with Activity:
Activity.SpanId:             379fdb24a8fb5897
    telemetry.sdk.name: opentelemetry
Activity.TraceFlags:         Recorded
    telemetry.sdk.language: dotnet
Activity.DisplayName:        POST api/auth/login/seller
    telemetry.sdk.version: 1.14.0
Activity.Kind:               Server
    service.name: unknown_service:testhost
Activity.StartTime:          2026-06-08T01:29:08.9283863Z
Activity.Duration:           00:00:00.1045700
Activity.Tags:
    server.address: localhost
    http.request.method: POST
    url.scheme: http
    url.path: /api/auth/login/seller
    network.protocol.version: 1.1
    http.route: api/auth/login/seller
    http.response.status_code: 200
Instrumentation scope (ActivitySource):
    Name: Microsoft.AspNetCore
Resource associated with Activity:
    telemetry.sdk.name: opentelemetry
    telemetry.sdk.language: dotnet
    telemetry.sdk.version: 1.14.0
    service.name: unknown_service:testhost
Activity.TraceId:            e8a095491b0dcd3666817168be1c1a75
Activity.SpanId:             379fdb24a8fb5897
Activity.TraceFlags:         Recorded
Activity.DisplayName:        POST api/auth/login/seller
Activity.Kind:               Server
Activity.StartTime:          2026-06-08T01:29:08.9283863Z
Activity.Duration:           00:00:00.1045700
Activity.Tags:
    server.address: localhost
    http.request.method: POST
    url.scheme: http
    url.path: /api/auth/login/seller
[22:29:09 INF] Executing endpoint 'Urbeat.WebApi.Controllers.StoresController.Create (Urbeat.WebApi)'
    network.protocol.version: 1.1
[22:29:09 INF] Executing endpoint 'Urbeat.WebApi.Controllers.CustomerAddressesController.Create (Urbeat.WebApi)'
    http.route: api/auth/login/seller
    http.response.status_code: 200
Instrumentation scope (ActivitySource):
    Name: Microsoft.AspNetCore
Resource associated with Activity:
    telemetry.sdk.name: opentelemetry
    telemetry.sdk.language: dotnet
    telemetry.sdk.version: 1.14.0
    service.name: unknown_service:testhost
Activity.TraceId:            e8a095491b0dcd3666817168be1c1a75
Activity.SpanId:             379fdb24a8fb5897
Activity.TraceFlags:         Recorded
Activity.DisplayName:        POST api/auth/login/seller
Activity.Kind:               Server
Activity.StartTime:          2026-06-08T01:29:08.9283863Z
Activity.Duration:           00:00:00.1045700
Activity.Tags:
    server.address: localhost
    http.request.method: POST
    url.scheme: http
    url.path: /api/auth/login/seller
    network.protocol.version: 1.1
    http.route: api/auth/login/seller
    http.response.status_code: 200
Instrumentation scope (ActivitySource):
    Name: Microsoft.AspNetCore
Resource associated with Activity:
    telemetry.sdk.name: opentelemetry
    telemetry.sdk.language: dotnet
    telemetry.sdk.version: 1.14.0
    service.name: unknown_service:testhost
Activity.TraceId:            e8a095491b0dcd3666817168be1c1a75
Activity.SpanId:             379fdb24a8fb5897
Activity.TraceFlags:         Recorded
Activity.DisplayName:        POST api/auth/login/seller
Activity.Kind:               Server
Activity.StartTime:          2026-06-08T01:29:08.9283863Z
[22:29:09 INF] Route matched with {action = "Create", controller = "Stores"}. Executing controller action with signature System.Threading.Tasks.Task`1[Microsoft.AspNetCore.Mvc.IActionResult] Create(Urbeat.Application.DTOs.CreateStoreRequestDto, System.Threading.CancellationToken) on controller Urbeat.WebApi.Controllers.StoresController (Urbeat.WebApi).
Activity.Duration:           00:00:00.1045700
Activity.Tags:
    server.address: localhost
    http.request.method: POST
    url.scheme: http
    url.path: /api/auth/login/seller
    network.protocol.version: 1.1
    http.route: api/auth/login/seller
    http.response.status_code: 200
Instrumentation scope (ActivitySource):
    Name: Microsoft.AspNetCore
Resource associated with Activity:
    telemetry.sdk.name: opentelemetry
    telemetry.sdk.language: dotnet
    telemetry.sdk.version: 1.14.0
    service.name: unknown_service:testhost
[22:29:09 INF] Request starting HTTP/1.1 POST http://localhost/api/auth/email/confirm/ - null null
[22:29:09 INF] Request starting HTTP/1.1 POST http://localhost/api/auth/register/seller - application/json; charset=utf-8 null
[22:29:09 INF] Request starting HTTP/1.1 POST http://localhost/api/customer/addresses - application/json; charset=utf-8 null
[22:29:09 INF] Saved 1 entities to in-memory store.
[22:29:09 INF] Executing endpoint 'Urbeat.WebApi.Controllers.AuthController.ConfirmEmail (Urbeat.WebApi)'
[22:29:09 INF] Route matched with {action = "ConfirmEmail", controller = "Auth"}. Executing controller action with signature System.Threading.Tasks.Task`1[Microsoft.AspNetCore.Mvc.IActionResult] ConfirmEmail(Urbeat.Application.DTOs.ConfirmEmailRequestDto, System.Threading.CancellationToken) on controller Urbeat.WebApi.Controllers.AuthController (Urbeat.WebApi).
[22:29:09 INF] Executing endpoint 'Urbeat.WebApi.Controllers.CustomerAddressesController.Create (Urbeat.WebApi)'
[22:29:09 INF] Executing endpoint 'Urbeat.WebApi.Controllers.AuthController.RegisterSeller (Urbeat.WebApi)'
[22:29:09 INF] Route matched with {action = "RegisterSeller", controller = "Auth"}. Executing controller action with signature System.Threading.Tasks.Task`1[Microsoft.AspNetCore.Mvc.IActionResult] RegisterSeller(Urbeat.Application.DTOs.RegisterUserRequestDto, System.Threading.CancellationToken) on controller Urbeat.WebApi.Controllers.AuthController (Urbeat.WebApi).
[22:29:09 INF] Executing ObjectResult, writing value of type 'Microsoft.AspNetCore.Mvc.ProblemDetails'.
[22:29:09 INF] Executed action Urbeat.WebApi.Controllers.AuthController.ConfirmEmail (Urbeat.WebApi) in 0.6663ms
[22:29:09 INF] Executed endpoint 'Urbeat.WebApi.Controllers.AuthController.ConfirmEmail (Urbeat.WebApi)'
[22:29:09 INF] Executing action method Urbeat.WebApi.Controllers.AuthController.RegisterSeller (Urbeat.WebApi) - Validation state: Valid
[22:29:09 INF] Executing action method Urbeat.WebApi.Controllers.StoresController.Create (Urbeat.WebApi) - Validation state: Valid
[22:29:09 INF] Executing endpoint 'Urbeat.WebApi.Controllers.StoresController.Create (Urbeat.WebApi)'
[22:29:09 INF] HTTP POST /api/auth/email/confirm/ responded 415 in 1.5664 ms
[22:29:09 INF] Request finished HTTP/1.1 POST http://localhost/api/auth/email/confirm/ - 415 null application/problem+json; charset=utf-8 2.1767ms
[22:29:09 WRN] STORE_CREATE_FAILED | Store creation failed | OwnerUserId=019ea4d9-0be3-7326-bc01-618c16404b33 | Reason=already_exists | IP=null
Activity.TraceId:            cd648a933db9d23fc953fd75c92d65e8
Activity.SpanId:             bc2c4a3ba14155f3
Activity.TraceFlags:         Recorded
Activity.DisplayName:        POST api/auth/email/confirm
Activity.Kind:               Server
Activity.StartTime:          2026-06-08T01:29:09.0692780Z
Activity.Duration:           00:00:00.0023008
Activity.Tags:
    server.address: localhost
    http.request.method: POST
    url.scheme: http
    url.path: /api/auth/email/confirm/
    network.protocol.version: 1.1
    http.route: api/auth/email/confirm
    http.response.status_code: 415
Instrumentation scope (ActivitySource):
    Name: Microsoft.AspNetCore
Resource associated with Activity:
    telemetry.sdk.name: opentelemetry
    telemetry.sdk.language: dotnet
    telemetry.sdk.version: 1.14.0
    service.name: unknown_service:testhost
Activity.TraceId:            cd648a933db9d23fc953fd75c92d65e8
Activity.SpanId:             bc2c4a3ba14155f3
Activity.TraceFlags:         Recorded
Activity.DisplayName:        POST api/auth/email/confirm
Activity.Kind:               Server
Activity.StartTime:          2026-06-08T01:29:09.0692780Z
Activity.Duration:           00:00:00.0023008
Activity.Tags:
    server.address: localhost
[xUnit.net 00:00:06.21]       Expected response.StatusCode to be HttpStatusCode.MethodNotAllowed {value: 405}, but found HttpStatusCode.UnsupportedMediaType {value: 415}.
[xUnit.net 00:00:06.21]       Stack Trace:
    http.request.method: POST
    url.scheme: http
    url.path: /api/auth/email/confirm/
    network.protocol.version: 1.1
    http.route: api/auth/email/confirm
    http.response.status_code: 415
[xUnit.net 00:00:06.21]            at FluentAssertions.Execution.LateBoundTestFramework.Throw(String message)
Instrumentation scope (ActivitySource):
    Name: Microsoft.AspNetCore
Resource associated with Activity:
    telemetry.sdk.name: opentelemetry
    telemetry.sdk.language: dotnet
    telemetry.sdk.version: 1.14.0
    service.name: unknown_service:testhost
Activity.TraceId:            cd648a933db9d23fc953fd75c92d65e8
Activity.SpanId:             bc2c4a3ba14155f3
Activity.TraceFlags:         Recorded
Activity.DisplayName:        POST api/auth/email/confirm
Activity.Kind:               Server
Activity.StartTime:          2026-06-08T01:29:09.0692780Z
[xUnit.net 00:00:06.21]            at FluentAssertions.Execution.DefaultAssertionStrategy.HandleFailure(String message)
Activity.Duration:           00:00:00.0023008
Activity.Tags:
    server.address: localhost
    http.request.method: POST
    url.scheme: http
    url.path: /api/auth/email/confirm/
    network.protocol.version: 1.1
[xUnit.net 00:00:06.21]            at FluentAssertions.Execution.AssertionScope.AddPreFormattedFailure(String formattedFailureMessage)
    http.route: api/auth/email/confirm
    http.response.status_code: 415
Instrumentation scope (ActivitySource):
    Name: Microsoft.AspNetCore
Resource associated with Activity:
    telemetry.sdk.name: opentelemetry
    telemetry.sdk.language: dotnet
    telemetry.sdk.version: 1.14.0
[xUnit.net 00:00:06.21]            at FluentAssertions.Execution.AssertionChain.FailWith(Func`1 getFailureReason)
    service.name: unknown_service:testhost
[22:29:09 INF] Saved 1 entities to in-memory store.
Activity.TraceId:            cd648a933db9d23fc953fd75c92d65e8
Activity.SpanId:             bc2c4a3ba14155f3
Activity.TraceFlags:         Recorded
Activity.DisplayName:        POST api/auth/email/confirm
Activity.Kind:               Server
Activity.StartTime:          2026-06-08T01:29:09.0692780Z
[xUnit.net 00:00:06.21]            at FluentAssertions.Execution.AssertionChain.FailWith(Func`1 getFailureReason)
Activity.Duration:           00:00:00.0023008
Activity.Tags:
    server.address: localhost
    http.request.method: POST
    url.scheme: http
    url.path: /api/auth/email/confirm/
    network.protocol.version: 1.1
    http.route: api/auth/email/confirm
    http.response.status_code: 415
Instrumentation scope (ActivitySource):
[xUnit.net 00:00:06.21]            at FluentAssertions.Execution.AssertionChain.FailWith(String message, Object[] args)
[xUnit.net 00:00:06.21]            at FluentAssertions.Primitives.EnumAssertions`2.Be(TEnum expected, String because, Object[] becauseArgs)
[xUnit.net 00:00:06.21]         C:\Projetos\urbeat\backend\tests\Urbeat.IntegrationTests\Api\EmailConfirmationFlowTests.cs(213,0): at Urbeat.IntegrationTests.Api.EmailConfirmationFlowTests.ConfirmEmail_WithEmptyUserId_ShouldReturnValidationError()
    Name: Microsoft.AspNetCore
Resource associated with Activity:
    telemetry.sdk.name: opentelemetry
    telemetry.sdk.language: dotnet
[xUnit.net 00:00:06.21]         --- End of stack trace from previous location ---
    telemetry.sdk.version: 1.14.0
    service.name: unknown_service:testhost
Activity.TraceId:            cd648a933db9d23fc953fd75c92d65e8
Activity.SpanId:             bc2c4a3ba14155f3
Activity.TraceFlags:         Recorded
Activity.DisplayName:        POST api/auth/email/confirm
Activity.Kind:               Server
Activity.StartTime:          2026-06-08T01:29:09.0692780Z
Activity.Duration:           00:00:00.0023008
Activity.Tags:
    server.address: localhost
    http.request.method: POST
    url.scheme: http
    url.path: /api/auth/email/confirm/
    network.protocol.version: 1.1
    http.route: api/auth/email/confirm
    http.response.status_code: 415
Instrumentation scope (ActivitySource):
[22:29:09 INF] Executed action method Urbeat.WebApi.Controllers.StoresController.Create (Urbeat.WebApi), returned result Microsoft.AspNetCore.Mvc.ConflictObjectResult in 1.1296ms.
    Name: Microsoft.AspNetCore
Resource associated with Activity:
[22:29:09 INF] Executing ConflictObjectResult, writing value of type '<>f__AnonymousType1`1[[System.String, System.Private.CoreLib, Version=9.0.0.0, Culture=neutral, PublicKeyToken=7cec85d7bea7798e]]'.
    telemetry.sdk.name: opentelemetry
    telemetry.sdk.language: dotnet
    telemetry.sdk.version: 1.14.0
    service.name: unknown_service:testhost
[22:29:09 INF] Saved 1 entities to in-memory store.
Activity.TraceId:            cd648a933db9d23fc953fd75c92d65e8
[22:29:09 INF] Route matched with {action = "Create", controller = "CustomerAddresses"}. Executing controller action with signature System.Threading.Tasks.Task`1[Microsoft.AspNetCore.Mvc.IActionResult] Create(Urbeat.Application.DTOs.UpsertCustomerAddressRequestDto, System.Threading.CancellationToken) on controller Urbeat.WebApi.Controllers.CustomerAddressesController (Urbeat.WebApi).
Activity.SpanId:             bc2c4a3ba14155f3
Activity.TraceFlags:         Recorded
Activity.DisplayName:        POST api/auth/email/confirm
Activity.Kind:               Server
[22:29:09 INF] Executed action method Urbeat.WebApi.Controllers.StoreCategoriesController.Create (Urbeat.WebApi), returned result Microsoft.AspNetCore.Mvc.ObjectResult in 41.1339ms.
[22:29:09 INF] Route matched with {action = "Create", controller = "CustomerAddresses"}. Executing controller action with signature System.Threading.Tasks.Task`1[Microsoft.AspNetCore.Mvc.IActionResult] Create(Urbeat.Application.DTOs.UpsertCustomerAddressRequestDto, System.Threading.CancellationToken) on controller Urbeat.WebApi.Controllers.CustomerAddressesController (Urbeat.WebApi).
Activity.StartTime:          2026-06-08T01:29:09.0692780Z
Activity.Duration:           00:00:00.0023008
Activity.Tags:
[22:29:09 INF] Route matched with {action = "Create", controller = "Stores"}. Executing controller action with signature System.Threading.Tasks.Task`1[Microsoft.AspNetCore.Mvc.IActionResult] Create(Urbeat.Application.DTOs.CreateStoreRequestDto, System.Threading.CancellationToken) on controller Urbeat.WebApi.Controllers.StoresController (Urbeat.WebApi).
    server.address: localhost
    http.request.method: POST
    url.scheme: http
    url.path: /api/auth/email/confirm/
    network.protocol.version: 1.1
    http.route: api/auth/email/confirm
    http.response.status_code: 415
Instrumentation scope (ActivitySource):
    Name: Microsoft.AspNetCore
Resource associated with Activity:
    telemetry.sdk.name: opentelemetry
    telemetry.sdk.language: dotnet
    telemetry.sdk.version: 1.14.0
    service.name: unknown_service:testhost
Activity.TraceId:            cd648a933db9d23fc953fd75c92d65e8
Activity.SpanId:             bc2c4a3ba14155f3
Activity.TraceFlags:         Recorded
Activity.DisplayName:        POST api/auth/email/confirm
Activity.Kind:               Server
Activity.StartTime:          2026-06-08T01:29:09.0692780Z
Activity.Duration:           00:00:00.0023008
Activity.Tags:
    server.address: localhost
    http.request.method: POST
    url.scheme: http
    url.path: /api/auth/email/confirm/
    network.protocol.version: 1.1
    http.route: api/auth/email/confirm
    http.response.status_code: 415
Instrumentation scope (ActivitySource):
    Name: Microsoft.AspNetCore
Resource associated with Activity:
    telemetry.sdk.name: opentelemetry
    telemetry.sdk.language: dotnet
    telemetry.sdk.version: 1.14.0
    service.name: unknown_service:testhost
Activity.TraceId:            cd648a933db9d23fc953fd75c92d65e8
Activity.SpanId:             bc2c4a3ba14155f3
Activity.TraceFlags:         Recorded
Activity.DisplayName:        POST api/auth/email/confirm
Activity.Kind:               Server
Activity.StartTime:          2026-06-08T01:29:09.0692780Z
Activity.Duration:           00:00:00.0023008
Activity.Tags:
    server.address: localhost
    http.request.method: POST
    url.scheme: http
    url.path: /api/auth/email/confirm/
    network.protocol.version: 1.1
    http.route: api/auth/email/confirm
    http.response.status_code: 415
Instrumentation scope (ActivitySource):
    Name: Microsoft.AspNetCore
Resource associated with Activity:
    telemetry.sdk.name: opentelemetry
    telemetry.sdk.language: dotnet
    telemetry.sdk.version: 1.14.0
    service.name: unknown_service:testhost
Activity.TraceId:            cd648a933db9d23fc953fd75c92d65e8
Activity.SpanId:             bc2c4a3ba14155f3
Activity.TraceFlags:         Recorded
[22:29:09 INF] Executing ObjectResult, writing value of type 'Urbeat.Application.DTOs.ProductCategoryResponseDto'.
Activity.DisplayName:        POST api/auth/email/confirm
Activity.Kind:               Server
Activity.StartTime:          2026-06-08T01:29:09.0692780Z
Activity.Duration:           00:00:00.0023008
Activity.Tags:
    server.address: localhost
    http.request.method: POST
    url.scheme: http
    url.path: /api/auth/email/confirm/
    network.protocol.version: 1.1
    http.route: api/auth/email/confirm
    http.response.status_code: 415
Instrumentation scope (ActivitySource):
    Name: Microsoft.AspNetCore
Resource associated with Activity:
    telemetry.sdk.name: opentelemetry
    telemetry.sdk.language: dotnet
    telemetry.sdk.version: 1.14.0
    service.name: unknown_service:testhost
Activity.TraceId:            cd648a933db9d23fc953fd75c92d65e8
Activity.SpanId:             bc2c4a3ba14155f3
Activity.TraceFlags:         Recorded
Activity.DisplayName:        POST api/auth/email/confirm
Activity.Kind:               Server
Activity.StartTime:          2026-06-08T01:29:09.0692780Z
Activity.Duration:           00:00:00.0023008
Activity.Tags:
    server.address: localhost
    http.request.method: POST
    url.scheme: http
    url.path: /api/auth/email/confirm/
    network.protocol.version: 1.1
    http.route: api/auth/email/confirm
    http.response.status_code: 415
Instrumentation scope (ActivitySource):
    Name: Microsoft.AspNetCore
Resource associated with Activity:
    telemetry.sdk.name: opentelemetry
    telemetry.sdk.language: dotnet
    telemetry.sdk.version: 1.14.0
    service.name: unknown_service:testhost
  Passed Urbeat.IntegrationTests.Api.SubscriptionEnforcementFlowTests.SellerSubscriptionEndpoint_ShouldReturnCurrentStatusForSeller [5 s]
  Passed Urbeat.IntegrationTests.Api.PlanManagementFlowTests.AdminCrudPlans_ShouldExposeOnlyActivePlansToSeller [5 s]
  Failed Urbeat.IntegrationTests.Api.EmailConfirmationFlowTests.LoginCustomer_BeforeConfirmation_ShouldReturn403_ForPendingConfirmation [639 ms]
  Error Message:
   Expected raw "{"type":"https://httpstatuses.com/403","title":"Forbidden","status":403,"detail":"User does not have the required role.","instance":"/api/auth/login/customer","traceId":"00-ebda1399c8e1138c8d310d90f7fde867-03024399a5b357ce-01"}" to contain "E-mail not confirmed" because the response must indicate that the e-mail still requires confirmation, was: {"type":"https://httpstatuses.com/403","title":"Forbidden","status":403,"detail":"User does not have the required role.","instance":"/api/auth/login/customer","traceId":"00-ebda1399c8e1138c8d310d90f7fde867-03024399a5b357ce-01"}.
  Stack Trace:
     at FluentAssertions.Execution.LateBoundTestFramework.Throw(String message)
   at FluentAssertions.Execution.DefaultAssertionStrategy.HandleFailure(String message)
   at FluentAssertions.Execution.AssertionScope.AddPreFormattedFailure(String formattedFailureMessage)
   at FluentAssertions.Execution.AssertionChain.FailWith(Func`1 getFailureReason)
   at FluentAssertions.Execution.AssertionChain.FailWith(Func`1 getFailureReason)
   at FluentAssertions.Execution.AssertionChain.FailWith(String message, Object[] args)
   at FluentAssertions.Primitives.StringAssertions`1.Contain(String expected, String because, Object[] becauseArgs)
   at Urbeat.IntegrationTests.Api.EmailConfirmationFlowTests.LoginCustomer_BeforeConfirmation_ShouldReturn403_ForPendingConfirmation() in C:\Projetos\urbeat\backend\tests\Urbeat.IntegrationTests\Api\EmailConfirmationFlowTests.cs:line 98
--- End of stack trace from previous location ---
  Passed Urbeat.IntegrationTests.Api.SellerSubscriptionContractFlowTests.Contract_ShouldCreateGatewayIdentifiersAndActivateSubscription [6 s]
  Failed Urbeat.IntegrationTests.Api.EmailConfirmationFlowTests.ConfirmEmail_WithEmptyUserId_ShouldReturnValidationError [38 ms]
  Error Message:
   Expected response.StatusCode to be HttpStatusCode.MethodNotAllowed {value: 405}, but found HttpStatusCode.UnsupportedMediaType {value: 415}.
  Stack Trace:
     at FluentAssertions.Execution.LateBoundTestFramework.Throw(String message)
   at FluentAssertions.Execution.DefaultAssertionStrategy.HandleFailure(String message)
   at FluentAssertions.Execution.AssertionScope.AddPreFormattedFailure(String formattedFailureMessage)
   at FluentAssertions.Execution.AssertionChain.FailWith(Func`1 getFailureReason)
   at FluentAssertions.Execution.AssertionChain.FailWith(Func`1 getFailureReason)
   at FluentAssertions.Execution.AssertionChain.FailWith(String message, Object[] args)
   at FluentAssertions.Primitives.EnumAssertions`2.Be(TEnum expected, String because, Object[] becauseArgs)
   at Urbeat.IntegrationTests.Api.EmailConfirmationFlowTests.ConfirmEmail_WithEmptyUserId_ShouldReturnValidationError() in C:\Projetos\urbeat\backend\tests\Urbeat.IntegrationTests\Api\EmailConfirmationFlowTests.cs:line 213
--- End of stack trace from previous location ---
[22:29:09 INF] Request starting HTTP/1.1 POST http://localhost/api/stores - application/json; charset=utf-8 null
[22:29:09 INF] Saved 1 entities to in-memory store.
[22:29:09 INF] Executed action Urbeat.WebApi.Controllers.StoresController.Create (Urbeat.WebApi) in 40.1514ms
[22:29:09 INF] Saved 1 entities to in-memory store.
[22:29:09 INF] Executed endpoint 'Urbeat.WebApi.Controllers.StoresController.Create (Urbeat.WebApi)'
[22:29:09 INF] Executing endpoint 'Urbeat.WebApi.Controllers.StoresController.Create (Urbeat.WebApi)'
[22:29:09 INF] Route matched with {action = "Create", controller = "Stores"}. Executing controller action with signature System.Threading.Tasks.Task`1[Microsoft.AspNetCore.Mvc.IActionResult] Create(Urbeat.Application.DTOs.CreateStoreRequestDto, System.Threading.CancellationToken) on controller Urbeat.WebApi.Controllers.StoresController (Urbeat.WebApi).
[22:29:09 INF] HTTP POST /api/stores responded 409 in 41.1322 ms
[22:29:09 INF] Saved 7 entities to in-memory store.
[22:29:09 INF] Executed action Urbeat.WebApi.Controllers.StoreCategoriesController.Create (Urbeat.WebApi) in 119.1163ms
[22:29:09 INF] Request finished HTTP/1.1 POST http://localhost/api/stores - 409 null application/problem+json; charset=utf-8 76.6215ms
[22:29:09 INF] Executed endpoint 'Urbeat.WebApi.Controllers.StoreCategoriesController.Create (Urbeat.WebApi)'
[22:29:09 INF] HTTP POST /api/stores/019ea4d9-0dcd-7409-979a-4ad0ed11b7da/categories responded 201 in 190.7451 ms
[22:29:09 INF] Request finished HTTP/1.1 POST http://localhost/api/stores/019ea4d9-0dcd-7409-979a-4ad0ed11b7da/categories - 201 null application/json; charset=utf-8 226.5858ms
Activity.TraceId:            2ba3a1b98112daae709ed928d6e27e02
Activity.SpanId:             b107c534be699ed3
Activity.TraceFlags:         Recorded
Activity.DisplayName:        POST api/stores
Activity.Kind:               Server
Activity.StartTime:          2026-06-08T01:29:09.0332075Z
Activity.Duration:           00:00:00.0859645
Activity.Tags:
    server.address: localhost
    http.request.method: POST
    url.scheme: http
    url.path: /api/stores
[22:29:09 INF] Executing action method Urbeat.WebApi.Controllers.StoresController.Create (Urbeat.WebApi) - Validation state: Valid
    network.protocol.version: 1.1
    http.route: api/stores
    http.response.status_code: 409
Instrumentation scope (ActivitySource):
    Name: Microsoft.AspNetCore
Resource associated with Activity:
    telemetry.sdk.name: opentelemetry
    telemetry.sdk.language: dotnet
    telemetry.sdk.version: 1.14.0
    service.name: unknown_service:testhost
Activity.TraceId:            2ba3a1b98112daae709ed928d6e27e02
Activity.SpanId:             b107c534be699ed3
Activity.TraceFlags:         Recorded
Activity.DisplayName:        POST api/stores
Activity.Kind:               Server
Activity.StartTime:          2026-06-08T01:29:09.0332075Z
Activity.Duration:           00:00:00.0859645
Activity.Tags:
    server.address: localhost
    http.request.method: POST
    url.scheme: http
    url.path: /api/stores
    network.protocol.version: 1.1
    http.route: api/stores
    http.response.status_code: 409
Instrumentation scope (ActivitySource):
    Name: Microsoft.AspNetCore
Resource associated with Activity:
    telemetry.sdk.name: opentelemetry
    telemetry.sdk.language: dotnet
    telemetry.sdk.version: 1.14.0
    service.name: unknown_service:testhost
Activity.TraceId:            2ba3a1b98112daae709ed928d6e27e02
Activity.SpanId:             b107c534be699ed3
Activity.TraceFlags:         Recorded
Activity.DisplayName:        POST api/stores
Activity.Kind:               Server
Activity.TraceId:            5f082c35434b9b1466397b84d2df52b5
Activity.StartTime:          2026-06-08T01:29:09.0332075Z
Activity.SpanId:             1aed8819e0346112
Activity.Duration:           00:00:00.0859645
Activity.Tags:
Activity.TraceFlags:         Recorded
    server.address: localhost
Activity.DisplayName:        POST api/stores/{storeId}/categories
    http.request.method: POST
Activity.Kind:               Server
    url.scheme: http
    url.path: /api/stores
    network.protocol.version: 1.1
    http.route: api/stores
Activity.StartTime:          2026-06-08T01:29:08.8926122Z
    http.response.status_code: 409
Activity.Duration:           00:00:00.2267559
Instrumentation scope (ActivitySource):
Activity.Tags:
    Name: Microsoft.AspNetCore
Resource associated with Activity:
    server.address: localhost
    telemetry.sdk.name: opentelemetry
    http.request.method: POST
    telemetry.sdk.language: dotnet
    url.scheme: http
    telemetry.sdk.version: 1.14.0
    url.path: /api/stores/019ea4d9-0dcd-7409-979a-4ad0ed11b7da/categories
    service.name: unknown_service:testhost
    network.protocol.version: 1.1
    http.route: api/stores/{storeId}/categories
Activity.TraceId:            2ba3a1b98112daae709ed928d6e27e02
Activity.SpanId:             b107c534be699ed3
    http.response.status_code: 201
Activity.TraceFlags:         Recorded
Instrumentation scope (ActivitySource):
Activity.DisplayName:        POST api/stores
    Name: Microsoft.AspNetCore
Activity.Kind:               Server
Resource associated with Activity:
Activity.StartTime:          2026-06-08T01:29:09.0332075Z
    telemetry.sdk.name: opentelemetry
Activity.Duration:           00:00:00.0859645
    telemetry.sdk.language: dotnet
Activity.Tags:
    telemetry.sdk.version: 1.14.0
    server.address: localhost
    service.name: unknown_service:testhost
    http.request.method: POST
    url.scheme: http
    url.path: /api/stores
    network.protocol.version: 1.1
    http.route: api/stores
    http.response.status_code: 409
Instrumentation scope (ActivitySource):
    Name: Microsoft.AspNetCore
Resource associated with Activity:
Activity.TraceId:            5f082c35434b9b1466397b84d2df52b5
    telemetry.sdk.name: opentelemetry
Activity.SpanId:             1aed8819e0346112
    telemetry.sdk.language: dotnet
Activity.TraceFlags:         Recorded
    telemetry.sdk.version: 1.14.0
Activity.DisplayName:        POST api/stores/{storeId}/categories
    service.name: unknown_service:testhost
Activity.Kind:               Server
Activity.TraceId:            2ba3a1b98112daae709ed928d6e27e02
Activity.StartTime:          2026-06-08T01:29:08.8926122Z
Activity.SpanId:             b107c534be699ed3
Activity.Duration:           00:00:00.2267559
Activity.TraceFlags:         Recorded
Activity.Tags:
Activity.DisplayName:        POST api/stores
    server.address: localhost
Activity.Kind:               Server
    http.request.method: POST
Activity.StartTime:          2026-06-08T01:29:09.0332075Z
    url.scheme: http
Activity.Duration:           00:00:00.0859645
    url.path: /api/stores/019ea4d9-0dcd-7409-979a-4ad0ed11b7da/categories
Activity.Tags:
    network.protocol.version: 1.1
    server.address: localhost
    http.route: api/stores/{storeId}/categories
    http.request.method: POST
    http.response.status_code: 201
    url.scheme: http
Instrumentation scope (ActivitySource):
    url.path: /api/stores
    Name: Microsoft.AspNetCore
    network.protocol.version: 1.1
Resource associated with Activity:
    http.route: api/stores
    telemetry.sdk.name: opentelemetry
    http.response.status_code: 409
    telemetry.sdk.language: dotnet
Instrumentation scope (ActivitySource):
    telemetry.sdk.version: 1.14.0
    Name: Microsoft.AspNetCore
    service.name: unknown_service:testhost
Resource associated with Activity:
    telemetry.sdk.name: opentelemetry
    telemetry.sdk.language: dotnet
Activity.TraceId:            5f082c35434b9b1466397b84d2df52b5
    telemetry.sdk.version: 1.14.0
Activity.SpanId:             1aed8819e0346112
    service.name: unknown_service:testhost
Activity.TraceFlags:         Recorded
Activity.DisplayName:        POST api/stores/{storeId}/categories
Activity.TraceId:            2ba3a1b98112daae709ed928d6e27e02
Activity.Kind:               Server
Activity.SpanId:             b107c534be699ed3
Activity.TraceFlags:         Recorded
Activity.StartTime:          2026-06-08T01:29:08.8926122Z
Activity.DisplayName:        POST api/stores
Activity.Duration:           00:00:00.2267559
Activity.Kind:               Server
Activity.StartTime:          2026-06-08T01:29:09.0332075Z
Activity.Duration:           00:00:00.0859645
Activity.Tags:
Activity.Tags:
    server.address: localhost
    server.address: localhost
    http.request.method: POST
    http.request.method: POST
    url.scheme: http
    url.scheme: http
    url.path: /api/stores
    url.path: /api/stores/019ea4d9-0dcd-7409-979a-4ad0ed11b7da/categories
    network.protocol.version: 1.1
    network.protocol.version: 1.1
    http.route: api/stores
    http.route: api/stores/{storeId}/categories
    http.response.status_code: 409
Instrumentation scope (ActivitySource):
    http.response.status_code: 201
    Name: Microsoft.AspNetCore
Resource associated with Activity:
Instrumentation scope (ActivitySource):
    telemetry.sdk.name: opentelemetry
    Name: Microsoft.AspNetCore
    telemetry.sdk.language: dotnet
Resource associated with Activity:
    telemetry.sdk.version: 1.14.0
    telemetry.sdk.name: opentelemetry
    service.name: unknown_service:testhost
    telemetry.sdk.language: dotnet
Activity.TraceId:            2ba3a1b98112daae709ed928d6e27e02
Activity.SpanId:             b107c534be699ed3
Activity.TraceFlags:         Recorded
Activity.DisplayName:        POST api/stores
    telemetry.sdk.version: 1.14.0
Activity.Kind:               Server
    service.name: unknown_service:testhost
Activity.StartTime:          2026-06-08T01:29:09.0332075Z
Activity.Duration:           00:00:00.0859645
Activity.Tags:
    server.address: localhost
Activity.TraceId:            5f082c35434b9b1466397b84d2df52b5
    http.request.method: POST
Activity.SpanId:             1aed8819e0346112
    url.scheme: http
Activity.TraceFlags:         Recorded
    url.path: /api/stores
Activity.DisplayName:        POST api/stores/{storeId}/categories
    network.protocol.version: 1.1
Activity.Kind:               Server
    http.route: api/stores
    http.response.status_code: 409
Instrumentation scope (ActivitySource):
    Name: Microsoft.AspNetCore
Activity.StartTime:          2026-06-08T01:29:08.8926122Z
Resource associated with Activity:
Activity.Duration:           00:00:00.2267559
    telemetry.sdk.name: opentelemetry
Activity.Tags:
    telemetry.sdk.language: dotnet
    server.address: localhost
    telemetry.sdk.version: 1.14.0
    http.request.method: POST
    service.name: unknown_service:testhost
    url.scheme: http
    url.path: /api/stores/019ea4d9-0dcd-7409-979a-4ad0ed11b7da/categories
Activity.TraceId:            2ba3a1b98112daae709ed928d6e27e02
    network.protocol.version: 1.1
Activity.SpanId:             b107c534be699ed3
    http.route: api/stores/{storeId}/categories
Activity.TraceFlags:         Recorded
    http.response.status_code: 201
Activity.DisplayName:        POST api/stores
Instrumentation scope (ActivitySource):
Activity.Kind:               Server
    Name: Microsoft.AspNetCore
Activity.StartTime:          2026-06-08T01:29:09.0332075Z
Resource associated with Activity:
Activity.Duration:           00:00:00.0859645
    telemetry.sdk.name: opentelemetry
Activity.Tags:
    telemetry.sdk.language: dotnet
    server.address: localhost
    telemetry.sdk.version: 1.14.0
    http.request.method: POST
    service.name: unknown_service:testhost
    url.scheme: http
    url.path: /api/stores
    network.protocol.version: 1.1
Activity.TraceId:            5f082c35434b9b1466397b84d2df52b5
    http.route: api/stores
Activity.SpanId:             1aed8819e0346112
    http.response.status_code: 409
Activity.TraceFlags:         Recorded
Instrumentation scope (ActivitySource):
    Name: Microsoft.AspNetCore
Activity.DisplayName:        POST api/stores/{storeId}/categories
Resource associated with Activity:
Activity.Kind:               Server
    telemetry.sdk.name: opentelemetry
Activity.StartTime:          2026-06-08T01:29:08.8926122Z
    telemetry.sdk.language: dotnet
Activity.Duration:           00:00:00.2267559
    telemetry.sdk.version: 1.14.0
Activity.Tags:
    service.name: unknown_service:testhost
    server.address: localhost
Activity.TraceId:            2ba3a1b98112daae709ed928d6e27e02
    http.request.method: POST
Activity.SpanId:             b107c534be699ed3
    url.scheme: http
Activity.TraceFlags:         Recorded
    url.path: /api/stores/019ea4d9-0dcd-7409-979a-4ad0ed11b7da/categories
Activity.DisplayName:        POST api/stores
    network.protocol.version: 1.1
Activity.Kind:               Server
    http.route: api/stores/{storeId}/categories
    http.response.status_code: 201
Activity.StartTime:          2026-06-08T01:29:09.0332075Z
Instrumentation scope (ActivitySource):
Activity.Duration:           00:00:00.0859645
    Name: Microsoft.AspNetCore
Activity.Tags:
Resource associated with Activity:
    server.address: localhost
    telemetry.sdk.name: opentelemetry
    http.request.method: POST
    telemetry.sdk.language: dotnet
    url.scheme: http
    telemetry.sdk.version: 1.14.0
    url.path: /api/stores
    service.name: unknown_service:testhost
    network.protocol.version: 1.1
Activity.TraceId:            5f082c35434b9b1466397b84d2df52b5
    http.route: api/stores
Activity.SpanId:             1aed8819e0346112
    http.response.status_code: 409
Instrumentation scope (ActivitySource):
Activity.TraceFlags:         Recorded
    Name: Microsoft.AspNetCore
Activity.DisplayName:        POST api/stores/{storeId}/categories
Resource associated with Activity:
Activity.Kind:               Server
    telemetry.sdk.name: opentelemetry
Activity.StartTime:          2026-06-08T01:29:08.8926122Z
    telemetry.sdk.language: dotnet
Activity.Duration:           00:00:00.2267559
Activity.Tags:
    telemetry.sdk.version: 1.14.0
    server.address: localhost
    service.name: unknown_service:testhost
    http.request.method: POST
Activity.TraceId:            2ba3a1b98112daae709ed928d6e27e02
    url.scheme: http
Activity.SpanId:             b107c534be699ed3
    url.path: /api/stores/019ea4d9-0dcd-7409-979a-4ad0ed11b7da/categories
Activity.TraceFlags:         Recorded
    network.protocol.version: 1.1
Activity.DisplayName:        POST api/stores
    http.route: api/stores/{storeId}/categories
Activity.Kind:               Server
    http.response.status_code: 201
Instrumentation scope (ActivitySource):
    Name: Microsoft.AspNetCore
Resource associated with Activity:
Activity.StartTime:          2026-06-08T01:29:09.0332075Z
    telemetry.sdk.name: opentelemetry
Activity.Duration:           00:00:00.0859645
    telemetry.sdk.language: dotnet
Activity.Tags:
    telemetry.sdk.version: 1.14.0
    server.address: localhost
    service.name: unknown_service:testhost
    http.request.method: POST
    url.scheme: http
Activity.TraceId:            5f082c35434b9b1466397b84d2df52b5
    url.path: /api/stores
Activity.SpanId:             1aed8819e0346112
[22:29:09 INF] Saved 1 entities to in-memory store.
Activity.TraceFlags:         Recorded
Activity.DisplayName:        POST api/stores/{storeId}/categories
    network.protocol.version: 1.1
Activity.Kind:               Server
    http.route: api/stores
Activity.StartTime:          2026-06-08T01:29:08.8926122Z
    http.response.status_code: 409
Activity.Duration:           00:00:00.2267559
Instrumentation scope (ActivitySource):
[22:29:09 INF] STORE_CREATED | Store created | StoreId=019ea4d9-0eff-7cfc-8ee3-ef42a81dcd02 | OwnerUserId=019ea4d9-0d8f-7747-87aa-72998e07afb7 | Name=Loja Subscription | CuisineType=null | IP=null
    Name: Microsoft.AspNetCore
Activity.Tags:
[22:29:09 INF] Executing action method Urbeat.WebApi.Controllers.CustomerAddressesController.Create (Urbeat.WebApi) - Validation state: Valid
    server.address: localhost
    http.request.method: POST
    url.scheme: http
    url.path: /api/stores/019ea4d9-0dcd-7409-979a-4ad0ed11b7da/categories
    network.protocol.version: 1.1
Resource associated with Activity:
    http.route: api/stores/{storeId}/categories
[22:29:09 INF] Executing action method Urbeat.WebApi.Controllers.CustomerAddressesController.Create (Urbeat.WebApi) - Validation state: Valid
    http.response.status_code: 201
    telemetry.sdk.name: opentelemetry
Instrumentation scope (ActivitySource):
    Name: Microsoft.AspNetCore
Resource associated with Activity:
    telemetry.sdk.language: dotnet
[22:29:09 INF] Executing action method Urbeat.WebApi.Controllers.StoresController.Create (Urbeat.WebApi) - Validation state: Valid
    telemetry.sdk.version: 1.14.0
    telemetry.sdk.name: opentelemetry
    service.name: unknown_service:testhost
[22:29:09 INF] Saved 1 entities to in-memory store.
    telemetry.sdk.language: dotnet
Activity.TraceId:            2ba3a1b98112daae709ed928d6e27e02
Activity.SpanId:             b107c534be699ed3
Activity.TraceFlags:         Recorded
Activity.DisplayName:        POST api/stores
Activity.Kind:               Server
Activity.StartTime:          2026-06-08T01:29:09.0332075Z
Activity.Duration:           00:00:00.0859645
Activity.Tags:
    server.address: localhost
    http.request.method: POST
    url.scheme: http
    url.path: /api/stores
    network.protocol.version: 1.1
    http.route: api/stores
    http.response.status_code: 409
[22:29:09 INF] Saved 1 entities to in-memory store.
Instrumentation scope (ActivitySource):
    Name: Microsoft.AspNetCore
Resource associated with Activity:
    telemetry.sdk.version: 1.14.0
    telemetry.sdk.name: opentelemetry
    telemetry.sdk.language: dotnet
    service.name: unknown_service:testhost
    telemetry.sdk.version: 1.14.0
    service.name: unknown_service:testhost
Activity.TraceId:            5f082c35434b9b1466397b84d2df52b5
Activity.SpanId:             1aed8819e0346112
Activity.TraceFlags:         Recorded
Activity.DisplayName:        POST api/stores/{storeId}/categories
Activity.Kind:               Server
Activity.StartTime:          2026-06-08T01:29:08.8926122Z
Activity.Duration:           00:00:00.2267559
Activity.Tags:
    server.address: localhost
    http.request.method: POST
    url.scheme: http
    url.path: /api/stores/019ea4d9-0dcd-7409-979a-4ad0ed11b7da/categories
    network.protocol.version: 1.1
    http.route: api/stores/{storeId}/categories
    http.response.status_code: 201
Instrumentation scope (ActivitySource):
    Name: Microsoft.AspNetCore
Resource associated with Activity:
    telemetry.sdk.name: opentelemetry
    telemetry.sdk.language: dotnet
    telemetry.sdk.version: 1.14.0
    service.name: unknown_service:testhost
Activity.TraceId:            5f082c35434b9b1466397b84d2df52b5
Activity.SpanId:             1aed8819e0346112
Activity.TraceFlags:         Recorded
Activity.DisplayName:        POST api/stores/{storeId}/categories
Activity.Kind:               Server
Activity.StartTime:          2026-06-08T01:29:08.8926122Z
Activity.Duration:           00:00:00.2267559
Activity.Tags:
    server.address: localhost
    http.request.method: POST
    url.scheme: http
    url.path: /api/stores/019ea4d9-0dcd-7409-979a-4ad0ed11b7da/categories
    network.protocol.version: 1.1
    http.route: api/stores/{storeId}/categories
    http.response.status_code: 201
Instrumentation scope (ActivitySource):
    Name: Microsoft.AspNetCore
Resource associated with Activity:
    telemetry.sdk.name: opentelemetry
    telemetry.sdk.language: dotnet
    telemetry.sdk.version: 1.14.0
    service.name: unknown_service:testhost
Activity.TraceId:            5f082c35434b9b1466397b84d2df52b5
Activity.SpanId:             1aed8819e0346112
Activity.TraceFlags:         Recorded
Activity.DisplayName:        POST api/stores/{storeId}/categories
Activity.Kind:               Server
Activity.StartTime:          2026-06-08T01:29:08.8926122Z
Activity.Duration:           00:00:00.2267559
Activity.Tags:
    server.address: localhost
    http.request.method: POST
    url.scheme: http
    url.path: /api/stores/019ea4d9-0dcd-7409-979a-4ad0ed11b7da/categories
    network.protocol.version: 1.1
    http.route: api/stores/{storeId}/categories
    http.response.status_code: 201
Instrumentation scope (ActivitySource):
    Name: Microsoft.AspNetCore
Resource associated with Activity:
    telemetry.sdk.name: opentelemetry
    telemetry.sdk.language: dotnet
    telemetry.sdk.version: 1.14.0
    service.name: unknown_service:testhost
Activity.TraceId:            5f082c35434b9b1466397b84d2df52b5
Activity.SpanId:             1aed8819e0346112
Activity.TraceFlags:         Recorded
Activity.DisplayName:        POST api/stores/{storeId}/categories
Activity.Kind:               Server
Activity.StartTime:          2026-06-08T01:29:08.8926122Z
Activity.Duration:           00:00:00.2267559
Activity.Tags:
    server.address: localhost
    http.request.method: POST
    url.scheme: http
    url.path: /api/stores/019ea4d9-0dcd-7409-979a-4ad0ed11b7da/categories
    network.protocol.version: 1.1
    http.route: api/stores/{storeId}/categories
    http.response.status_code: 201
Instrumentation scope (ActivitySource):
    Name: Microsoft.AspNetCore
Resource associated with Activity:
    telemetry.sdk.name: opentelemetry
    telemetry.sdk.language: dotnet
    telemetry.sdk.version: 1.14.0
    service.name: unknown_service:testhost
[22:29:09 INF] Saved 2 entities to in-memory store.
[22:29:09 INF] Saved 2 entities to in-memory store.
[22:29:09 INF] STORE_CREATED | Store created | StoreId=019ea4d9-0f19-743e-95fb-c90d2a99f63b | OwnerUserId=019ea4d9-0c27-7caa-85a1-474dde4563ad | Name=Loja Orders | CuisineType=null | IP=null
[22:29:09 INF] Saved 2 entities to in-memory store.
[22:29:09 INF] Request starting HTTP/1.1 PATCH http://localhost/api/stores/019ea4d9-0e61-7b16-af98-099d9cc772d2/status - application/json; charset=utf-8 null
[22:29:09 INF] Saved 1 entities to in-memory store.
[22:29:09 INF] SellerRegistered | Registration succeeded | UserId=019ea4d9-0ecf-7e8a-b2a6-4019993cb0d6 | Email=subscription.contract.seller.b42873d3146b41c1818731a102708682@urbeat.local | Role=Seller
[22:29:09 INF] Executed action method Urbeat.WebApi.Controllers.CustomerAddressesController.Create (Urbeat.WebApi), returned result Microsoft.AspNetCore.Mvc.ObjectResult in 2.3853ms.
[22:29:09 INF] Executed action method Urbeat.WebApi.Controllers.CustomerAddressesController.Create (Urbeat.WebApi), returned result Microsoft.AspNetCore.Mvc.ObjectResult in 2.4042ms.
[22:29:09 INF] Executed action method Urbeat.WebApi.Controllers.AuthController.RegisterSeller (Urbeat.WebApi), returned result Microsoft.AspNetCore.Mvc.ObjectResult in 77.0924ms.
[22:29:09 INF] Executing ObjectResult, writing value of type 'Urbeat.Application.DTOs.CustomerAddressResponseDto'.
[22:29:09 INF] Executing ObjectResult, writing value of type 'Urbeat.Application.DTOs.CustomerAddressResponseDto'.
[22:29:09 INF] Executing ObjectResult, writing value of type '<>f__AnonymousType2`3[[System.Nullable`1[[System.Guid, System.Private.CoreLib, Version=9.0.0.0, Culture=neutral, PublicKeyToken=7cec85d7bea7798e]], System.Private.CoreLib, Version=9.0.0.0, Culture=neutral, PublicKeyToken=7cec85d7bea7798e],[System.Boolean, System.Private.CoreLib, Version=9.0.0.0, Culture=neutral, PublicKeyToken=7cec85d7bea7798e],[System.String, System.Private.CoreLib, Version=9.0.0.0, Culture=neutral, PublicKeyToken=7cec85d7bea7798e]]'.
[22:29:09 INF] Executed action method Urbeat.WebApi.Controllers.StoresController.Create (Urbeat.WebApi), returned result Microsoft.AspNetCore.Mvc.ObjectResult in 28.6936ms.
[22:29:09 INF] Executed action Urbeat.WebApi.Controllers.AuthController.RegisterSeller (Urbeat.WebApi) in 77.8375ms
[22:29:09 INF] Executed endpoint 'Urbeat.WebApi.Controllers.AuthController.RegisterSeller (Urbeat.WebApi)'
[22:29:09 INF] Executing ObjectResult, writing value of type 'Urbeat.Application.DTOs.StoreResponseDto'.
[22:29:09 INF] Executed action Urbeat.WebApi.Controllers.CustomerAddressesController.Create (Urbeat.WebApi) in 40.309ms
[22:29:09 INF] Executed action Urbeat.WebApi.Controllers.CustomerAddressesController.Create (Urbeat.WebApi) in 40.2711ms
[22:29:09 INF] HTTP POST /api/auth/register/seller responded 201 in 78.5887 ms
[22:29:09 INF] Executed endpoint 'Urbeat.WebApi.Controllers.CustomerAddressesController.Create (Urbeat.WebApi)'
[22:29:09 INF] Executed endpoint 'Urbeat.WebApi.Controllers.CustomerAddressesController.Create (Urbeat.WebApi)'
[22:29:09 INF] HTTP POST /api/customer/addresses responded 201 in 80.3385 ms
[22:29:09 INF] HTTP POST /api/customer/addresses responded 201 in 79.0670 ms
[22:29:09 WRN] Failed to process the job '4938ba6b-7da4-49f5-a38c-52b0df446d72': an exception occurred. Retry attempt 1 of 10 will be performed in 00:00:19.
System.ObjectDisposedException: Cannot access a disposed object.
Object name: 'IServiceProvider'.
   at Microsoft.Extensions.DependencyInjection.ServiceLookup.ThrowHelper.ThrowObjectDisposedException()
   at Microsoft.Extensions.DependencyInjection.ServiceProvider.CreateScope()
   at Hangfire.AspNetCore.AspNetCoreJobActivator.BeginScope(JobActivatorContext context) in C:\projects\hangfire-525\src\Hangfire.NetCore\AspNetCore\AspNetCoreJobActivator.cs:line 34
   at Hangfire.JobActivator.BeginScope(PerformContext context) in C:\projects\hangfire-525\src\Hangfire.Core\JobActivator.cs:line 66
   at Hangfire.Server.CoreBackgroundJobPerformer.Perform(PerformContext context) in C:\projects\hangfire-525\src\Hangfire.Core\Server\CoreBackgroundJobPerformer.cs:line 49
   at Hangfire.Server.BackgroundJobPerformer.InvokeNextServerFilter(Enumerator& enumerator, IBackgroundJobPerformer innerPerformer, PerformContext context, PerformingContext preContext) in C:\projects\hangfire-525\src\Hangfire.Core\Server\BackgroundJobPerformer.cs:line 133
   at Hangfire.Server.BackgroundJobPerformer.InvokeServerFilter(Enumerator& enumerator, IBackgroundJobPerformer innerPerformer, PerformContext context, PerformingContext preContext) in C:\projects\hangfire-525\src\Hangfire.Core\Server\BackgroundJobPerformer.cs:line 174
   at Hangfire.Server.BackgroundJobPerformer.InvokeNextServerFilter(Enumerator& enumerator, IBackgroundJobPerformer innerPerformer, PerformContext context, PerformingContext preContext) in C:\projects\hangfire-525\src\Hangfire.Core\Server\BackgroundJobPerformer.cs:line 130
   at Hangfire.Server.BackgroundJobPerformer.PerformJobWithFilters(PerformContext context, FilterCollection`1 filters) in C:\projects\hangfire-525\src\Hangfire.Core\Server\BackgroundJobPerformer.cs:line 119
   at Hangfire.Server.BackgroundJobPerformer.Perform(PerformContext context) in C:\projects\hangfire-525\src\Hangfire.Core\Server\BackgroundJobPerformer.cs:line 78
   at Hangfire.Server.Worker.PerformJob(BackgroundProcessContext context, IStorageConnection connection, String jobId, BackgroundJob backgroundJob, IReadOnlyDictionary`2& customData) in C:\projects\hangfire-525\src\Hangfire.Core\Server\Worker.cs:line 320
[22:29:09 INF] Request finished HTTP/1.1 POST http://localhost/api/auth/register/seller - 201 null application/json; charset=utf-8 79.5934ms
[22:29:09 INF] Request finished HTTP/1.1 POST http://localhost/api/customer/addresses - 201 null application/json; charset=utf-8 79.5535ms
[22:29:09 INF] Executed action method Urbeat.WebApi.Controllers.StoresController.Create (Urbeat.WebApi), returned result Microsoft.AspNetCore.Mvc.ObjectResult in 3.715ms.
[22:29:09 INF] Request finished HTTP/1.1 POST http://localhost/api/customer/addresses - 201 null application/json; charset=utf-8 113.5018ms
Activity.TraceId:            4bd9fcba15623e107c2b23fb8ebda03e
Activity.SpanId:             bbf7173676358028
Activity.TraceFlags:         Recorded
Activity.DisplayName:        POST api/auth/register/seller
Activity.Kind:               Server
Activity.StartTime:          2026-06-08T01:29:09.0692782Z
Activity.Duration:           00:00:00.0797551
Activity.Tags:
    server.address: localhost
    http.request.method: POST
    url.scheme: http
    url.path: /api/auth/register/seller
    network.protocol.version: 1.1
    http.route: api/auth/register/seller
    http.response.status_code: 201
Instrumentation scope (ActivitySource):
    Name: Microsoft.AspNetCore
[22:29:09 INF] Executing ObjectResult, writing value of type 'Urbeat.Application.DTOs.StoreResponseDto'.
Resource associated with Activity:
    telemetry.sdk.name: opentelemetry
    telemetry.sdk.language: dotnet
    telemetry.sdk.version: 1.14.0
    service.name: unknown_service:testhost
Activity.TraceId:            4bd9fcba15623e107c2b23fb8ebda03e
Activity.SpanId:             bbf7173676358028
Activity.TraceFlags:         Recorded
Activity.DisplayName:        POST api/auth/register/seller
Activity.TraceId:            c4f266b5c9bebede55d6edb064f6c3e5
Activity.Kind:               Server
Activity.SpanId:             bccf79aaccdb9492
Activity.StartTime:          2026-06-08T01:29:09.0692782Z
Activity.TraceFlags:         Recorded
Activity.Duration:           00:00:00.0797551
Activity.DisplayName:        POST api/customer/addresses
Activity.Tags:
Activity.Kind:               Server
    server.address: localhost
    http.request.method: POST
Activity.StartTime:          2026-06-08T01:29:09.0354685Z
    url.scheme: http
Activity.Duration:           00:00:00.1136227
    url.path: /api/auth/register/seller
Activity.Tags:
    network.protocol.version: 1.1
    http.route: api/auth/register/seller
    server.address: localhost
    http.response.status_code: 201
    http.request.method: POST
Instrumentation scope (ActivitySource):
    url.scheme: http
    Name: Microsoft.AspNetCore
    url.path: /api/customer/addresses
Resource associated with Activity:
    network.protocol.version: 1.1
    telemetry.sdk.name: opentelemetry
    http.route: api/customer/addresses
    telemetry.sdk.language: dotnet
    telemetry.sdk.version: 1.14.0
    http.response.status_code: 201
    service.name: unknown_service:testhost
[22:29:09 INF] Executing endpoint 'Urbeat.WebApi.Controllers.StoresController.UpdateStatus (Urbeat.WebApi)'
Instrumentation scope (ActivitySource):
    Name: Microsoft.AspNetCore
Activity.TraceId:            4bd9fcba15623e107c2b23fb8ebda03e
Resource associated with Activity:
Activity.SpanId:             bbf7173676358028
Activity.TraceFlags:         Recorded
    telemetry.sdk.name: opentelemetry
Activity.DisplayName:        POST api/auth/register/seller
    telemetry.sdk.language: dotnet
Activity.Kind:               Server
    telemetry.sdk.version: 1.14.0
    service.name: unknown_service:testhost
Activity.TraceId:            884c939c1f6b71ab51584b283d187f5b
Activity.TraceId:            c4f266b5c9bebede55d6edb064f6c3e5
Activity.SpanId:             d434c9d518a7c452
Activity.SpanId:             bccf79aaccdb9492
Activity.TraceFlags:         Recorded
Activity.TraceFlags:         Recorded
Activity.StartTime:          2026-06-08T01:29:09.0692782Z
Activity.DisplayName:        POST api/customer/addresses
Activity.DisplayName:        POST api/customer/addresses
Activity.Kind:               Server
Activity.Kind:               Server
Activity.Duration:           00:00:00.0797551
Activity.Tags:
Activity.StartTime:          2026-06-08T01:29:09.0693926Z
Activity.StartTime:          2026-06-08T01:29:09.0354685Z
    server.address: localhost
Activity.Duration:           00:00:00.0796693
Activity.Duration:           00:00:00.1136227
Activity.Tags:
    http.request.method: POST
    server.address: localhost
    url.scheme: http
    http.request.method: POST
    url.path: /api/auth/register/seller
    url.scheme: http
    network.protocol.version: 1.1
    url.path: /api/customer/addresses
    http.route: api/auth/register/seller
    network.protocol.version: 1.1
    http.response.status_code: 201
Activity.Tags:
Instrumentation scope (ActivitySource):
    http.route: api/customer/addresses
    server.address: localhost
    Name: Microsoft.AspNetCore
    http.request.method: POST
Resource associated with Activity:
    http.response.status_code: 201
    url.scheme: http
Instrumentation scope (ActivitySource):
    url.path: /api/customer/addresses
    Name: Microsoft.AspNetCore
    telemetry.sdk.name: opentelemetry
    network.protocol.version: 1.1
Resource associated with Activity:
    http.route: api/customer/addresses
    telemetry.sdk.name: opentelemetry
    telemetry.sdk.language: dotnet
    telemetry.sdk.language: dotnet
    http.response.status_code: 201
    telemetry.sdk.version: 1.14.0
    telemetry.sdk.version: 1.14.0
Instrumentation scope (ActivitySource):
    service.name: unknown_service:testhost
    Name: Microsoft.AspNetCore
    service.name: unknown_service:testhost
Resource associated with Activity:
    telemetry.sdk.name: opentelemetry
    telemetry.sdk.language: dotnet
Activity.TraceId:            4bd9fcba15623e107c2b23fb8ebda03e
    telemetry.sdk.version: 1.14.0
Activity.SpanId:             bbf7173676358028
    service.name: unknown_service:testhost
Activity.TraceFlags:         Recorded
Activity.DisplayName:        POST api/auth/register/seller
Activity.TraceId:            c4f266b5c9bebede55d6edb064f6c3e5
Activity.Kind:               Server
Activity.SpanId:             bccf79aaccdb9492
Activity.TraceFlags:         Recorded
Activity.StartTime:          2026-06-08T01:29:09.0692782Z
Activity.DisplayName:        POST api/customer/addresses
Activity.Duration:           00:00:00.0797551
Activity.Kind:               Server
Activity.Tags:
    server.address: localhost
Activity.StartTime:          2026-06-08T01:29:09.0354685Z
    http.request.method: POST
Activity.Duration:           00:00:00.1136227
    url.scheme: http
Activity.TraceId:            884c939c1f6b71ab51584b283d187f5b
Activity.Tags:
Activity.SpanId:             d434c9d518a7c452
    server.address: localhost
Activity.TraceFlags:         Recorded
    http.request.method: POST
    url.path: /api/auth/register/seller
Activity.DisplayName:        POST api/customer/addresses
    url.scheme: http
Activity.Kind:               Server
    url.path: /api/customer/addresses
    network.protocol.version: 1.1
    network.protocol.version: 1.1
    http.route: api/auth/register/seller
    http.route: api/customer/addresses
Activity.StartTime:          2026-06-08T01:29:09.0693926Z
    http.response.status_code: 201
Activity.Duration:           00:00:00.0796693
Instrumentation scope (ActivitySource):
    http.response.status_code: 201
    Name: Microsoft.AspNetCore
Activity.Tags:
Instrumentation scope (ActivitySource):
    server.address: localhost
    Name: Microsoft.AspNetCore
    http.request.method: POST
Resource associated with Activity:
    url.scheme: http
    telemetry.sdk.name: opentelemetry
    url.path: /api/customer/addresses
    telemetry.sdk.language: dotnet
    network.protocol.version: 1.1
    telemetry.sdk.version: 1.14.0
    http.route: api/customer/addresses
    service.name: unknown_service:testhost
    http.response.status_code: 201
Instrumentation scope (ActivitySource):
    Name: Microsoft.AspNetCore
Resource associated with Activity:
Resource associated with Activity:
Activity.TraceId:            4bd9fcba15623e107c2b23fb8ebda03e
    telemetry.sdk.name: opentelemetry
Activity.SpanId:             bbf7173676358028
    telemetry.sdk.language: dotnet
    telemetry.sdk.name: opentelemetry
Activity.TraceFlags:         Recorded
    telemetry.sdk.language: dotnet
Activity.DisplayName:        POST api/auth/register/seller
    telemetry.sdk.version: 1.14.0
    telemetry.sdk.version: 1.14.0
    service.name: unknown_service:testhost
    service.name: unknown_service:testhost
Activity.Kind:               Server
Activity.StartTime:          2026-06-08T01:29:09.0692782Z
Activity.TraceId:            884c939c1f6b71ab51584b283d187f5b
Activity.Duration:           00:00:00.0797551
Activity.TraceId:            c4f266b5c9bebede55d6edb064f6c3e5
Activity.SpanId:             d434c9d518a7c452
Activity.SpanId:             bccf79aaccdb9492
Activity.TraceFlags:         Recorded
Activity.Tags:
Activity.DisplayName:        POST api/customer/addresses
    server.address: localhost
Activity.TraceFlags:         Recorded
Activity.Kind:               Server
Activity.DisplayName:        POST api/customer/addresses
Activity.StartTime:          2026-06-08T01:29:09.0693926Z
Activity.Kind:               Server
    http.request.method: POST
Activity.Duration:           00:00:00.0796693
    url.scheme: http
    url.path: /api/auth/register/seller
    network.protocol.version: 1.1
Activity.Tags:
Activity.StartTime:          2026-06-08T01:29:09.0354685Z
    http.route: api/auth/register/seller
    server.address: localhost
    http.response.status_code: 201
Activity.Duration:           00:00:00.1136227
    http.request.method: POST
Activity.Tags:
    url.scheme: http
Instrumentation scope (ActivitySource):
    server.address: localhost
    Name: Microsoft.AspNetCore
    http.request.method: POST
    url.path: /api/customer/addresses
    url.scheme: http
Resource associated with Activity:
    url.path: /api/customer/addresses
    network.protocol.version: 1.1
    network.protocol.version: 1.1
    http.route: api/customer/addresses
    http.route: api/customer/addresses
    http.response.status_code: 201
    telemetry.sdk.name: opentelemetry
    http.response.status_code: 201
Instrumentation scope (ActivitySource):
    Name: Microsoft.AspNetCore
Instrumentation scope (ActivitySource):
    telemetry.sdk.language: dotnet
    Name: Microsoft.AspNetCore
Resource associated with Activity:
Resource associated with Activity:
    telemetry.sdk.name: opentelemetry
    telemetry.sdk.name: opentelemetry
    telemetry.sdk.language: dotnet
    telemetry.sdk.language: dotnet
    telemetry.sdk.version: 1.14.0
    telemetry.sdk.version: 1.14.0
    telemetry.sdk.version: 1.14.0
    service.name: unknown_service:testhost
    service.name: unknown_service:testhost
    service.name: unknown_service:testhost
Activity.TraceId:            4bd9fcba15623e107c2b23fb8ebda03e
Activity.SpanId:             bbf7173676358028
Activity.TraceId:            c4f266b5c9bebede55d6edb064f6c3e5
Activity.TraceFlags:         Recorded
Activity.SpanId:             bccf79aaccdb9492
Activity.DisplayName:        POST api/auth/register/seller
Activity.TraceFlags:         Recorded
Activity.Kind:               Server
Activity.DisplayName:        POST api/customer/addresses
Activity.TraceId:            884c939c1f6b71ab51584b283d187f5b
Activity.StartTime:          2026-06-08T01:29:09.0692782Z
Activity.SpanId:             d434c9d518a7c452
Activity.TraceFlags:         Recorded
Activity.Duration:           00:00:00.0797551
Activity.DisplayName:        POST api/customer/addresses
Activity.Kind:               Server
Activity.Kind:               Server
Activity.Tags:
    server.address: localhost
    http.request.method: POST
    url.scheme: http
Activity.StartTime:          2026-06-08T01:29:09.0693926Z
    url.path: /api/auth/register/seller
Activity.StartTime:          2026-06-08T01:29:09.0354685Z
Activity.Duration:           00:00:00.0796693
Activity.Duration:           00:00:00.1136227
    network.protocol.version: 1.1
Activity.Tags:
Activity.Tags:
    server.address: localhost
    http.route: api/auth/register/seller
    server.address: localhost
    http.request.method: POST
    http.request.method: POST
    url.scheme: http
    url.scheme: http
    url.path: /api/customer/addresses
    url.path: /api/customer/addresses
    network.protocol.version: 1.1
    network.protocol.version: 1.1
    http.route: api/customer/addresses
    http.route: api/customer/addresses
    http.response.status_code: 201
    http.response.status_code: 201
    http.response.status_code: 201
Instrumentation scope (ActivitySource):
Instrumentation scope (ActivitySource):
    Name: Microsoft.AspNetCore
Instrumentation scope (ActivitySource):
Resource associated with Activity:
    Name: Microsoft.AspNetCore
    telemetry.sdk.name: opentelemetry
Resource associated with Activity:
    telemetry.sdk.language: dotnet
    telemetry.sdk.name: opentelemetry
    telemetry.sdk.version: 1.14.0
    telemetry.sdk.language: dotnet
    service.name: unknown_service:testhost
    telemetry.sdk.version: 1.14.0
    service.name: unknown_service:testhost
[22:29:09 INF] Executed action Urbeat.WebApi.Controllers.StoresController.Create (Urbeat.WebApi) in 40.5525ms
Activity.TraceId:            c4f266b5c9bebede55d6edb064f6c3e5
Activity.SpanId:             bccf79aaccdb9492
    Name: Microsoft.AspNetCore
Activity.TraceFlags:         Recorded
Resource associated with Activity:
Activity.DisplayName:        POST api/customer/addresses
Activity.TraceId:            4bd9fcba15623e107c2b23fb8ebda03e
Activity.Kind:               Server
Activity.SpanId:             bbf7173676358028
Activity.TraceFlags:         Recorded
    telemetry.sdk.name: opentelemetry
Activity.DisplayName:        POST api/auth/register/seller
[22:29:09 INF] Executed action Urbeat.WebApi.Controllers.StoresController.Create (Urbeat.WebApi) in 42.2041ms
    telemetry.sdk.language: dotnet
Activity.Kind:               Server
Activity.StartTime:          2026-06-08T01:29:09.0354685Z
    telemetry.sdk.version: 1.14.0
Activity.Duration:           00:00:00.1136227
    service.name: unknown_service:testhost
Activity.Tags:
Activity.StartTime:          2026-06-08T01:29:09.0692782Z
    server.address: localhost
Activity.Duration:           00:00:00.0797551
    http.request.method: POST
Activity.Tags:
    url.scheme: http
    server.address: localhost
    url.path: /api/customer/addresses
    http.request.method: POST
[22:29:09 INF] Request starting HTTP/1.1 POST http://localhost/api/auth/register/seller - application/json; charset=utf-8 null
    url.scheme: http
    network.protocol.version: 1.1
    url.path: /api/auth/register/seller
    http.route: api/customer/addresses
    network.protocol.version: 1.1
    http.route: api/auth/register/seller
    http.response.status_code: 201
    http.response.status_code: 201
[22:29:09 INF] Saved 1 entities to in-memory store.
Instrumentation scope (ActivitySource):
Instrumentation scope (ActivitySource):
    Name: Microsoft.AspNetCore
    Name: Microsoft.AspNetCore
Resource associated with Activity:
Resource associated with Activity:
[22:29:09 INF] Route matched with {action = "UpdateStatus", controller = "Stores"}. Executing controller action with signature System.Threading.Tasks.Task`1[Microsoft.AspNetCore.Mvc.IActionResult] UpdateStatus(System.Guid, Urbeat.Application.DTOs.UpdateStoreStatusRequestDto, System.Threading.CancellationToken) on controller Urbeat.WebApi.Controllers.StoresController (Urbeat.WebApi).
    telemetry.sdk.name: opentelemetry
    telemetry.sdk.name: opentelemetry
    telemetry.sdk.language: dotnet
[22:29:09 INF] Executed endpoint 'Urbeat.WebApi.Controllers.StoresController.Create (Urbeat.WebApi)'
    telemetry.sdk.language: dotnet
    telemetry.sdk.version: 1.14.0
    telemetry.sdk.version: 1.14.0
    service.name: unknown_service:testhost
    service.name: unknown_service:testhost
Activity.TraceId:            4bd9fcba15623e107c2b23fb8ebda03e
Activity.SpanId:             bbf7173676358028
Activity.TraceId:            c4f266b5c9bebede55d6edb064f6c3e5
[22:29:09 WRN] The WebRootPath was not found: C:\Projetos\urbeat\backend\src\Urbeat.WebApi\wwwroot. Static files may be unavailable.
Activity.TraceFlags:         Recorded
Activity.SpanId:             bccf79aaccdb9492
Activity.DisplayName:        POST api/auth/register/seller
[22:29:09 INF] Saved 1 entities to in-memory store.
Activity.Kind:               Server
Activity.TraceFlags:         Recorded
Activity.StartTime:          2026-06-08T01:29:09.0692782Z
Activity.DisplayName:        POST api/customer/addresses
Activity.Duration:           00:00:00.0797551
[22:29:09 INF] Executed endpoint 'Urbeat.WebApi.Controllers.StoresController.Create (Urbeat.WebApi)'
Activity.Kind:               Server
Activity.Tags:
Activity.StartTime:          2026-06-08T01:29:09.0354685Z
    server.address: localhost
Activity.Duration:           00:00:00.1136227
    http.request.method: POST
Activity.Tags:
[22:29:09 INF] HTTP POST /api/stores responded 201 in 76.6886 ms
    server.address: localhost
    url.scheme: http
    http.request.method: POST
[22:29:09 INF] HTTP POST /api/stores responded 201 in 116.5278 ms
    url.scheme: http
    url.path: /api/auth/register/seller
    url.path: /api/customer/addresses
    network.protocol.version: 1.1
    network.protocol.version: 1.1
    http.route: api/auth/register/seller
    http.route: api/customer/addresses
    http.response.status_code: 201
    http.response.status_code: 201
Instrumentation scope (ActivitySource):
Activity.TraceId:            884c939c1f6b71ab51584b283d187f5b
    Name: Microsoft.AspNetCore
Instrumentation scope (ActivitySource):
Resource associated with Activity:
    Name: Microsoft.AspNetCore
Activity.SpanId:             d434c9d518a7c452
    telemetry.sdk.name: opentelemetry
Activity.TraceFlags:         Recorded
Resource associated with Activity:
    telemetry.sdk.language: dotnet
Activity.DisplayName:        POST api/customer/addresses
    telemetry.sdk.version: 1.14.0
Activity.Kind:               Server
    service.name: unknown_service:testhost
Activity.StartTime:          2026-06-08T01:29:09.0693926Z
Activity.Duration:           00:00:00.0796693
    telemetry.sdk.name: opentelemetry
    telemetry.sdk.language: dotnet
Activity.Tags:
    telemetry.sdk.version: 1.14.0
    server.address: localhost
    service.name: unknown_service:testhost
    http.request.method: POST
    url.scheme: http
    url.path: /api/customer/addresses
    network.protocol.version: 1.1
    http.route: api/customer/addresses
Activity.TraceId:            4bd9fcba15623e107c2b23fb8ebda03e
    http.response.status_code: 201
Activity.SpanId:             bbf7173676358028
Instrumentation scope (ActivitySource):
Activity.TraceId:            c4f266b5c9bebede55d6edb064f6c3e5
[22:29:09 INF] Request finished HTTP/1.1 POST http://localhost/api/stores - 201 null application/json; charset=utf-8 77.2951ms
Activity.SpanId:             bccf79aaccdb9492
Activity.TraceFlags:         Recorded
Activity.TraceFlags:         Recorded
Activity.DisplayName:        POST api/auth/register/seller
    Name: Microsoft.AspNetCore
Activity.DisplayName:        POST api/customer/addresses
Activity.Kind:               Server
[22:29:09 INF] Request finished HTTP/1.1 POST http://localhost/api/stores - 201 null application/json; charset=utf-8 151.8162ms
Activity.Kind:               Server
Activity.StartTime:          2026-06-08T01:29:09.0692782Z
Resource associated with Activity:
Activity.Duration:           00:00:00.0797551
    telemetry.sdk.name: opentelemetry
Activity.StartTime:          2026-06-08T01:29:09.0354685Z
    telemetry.sdk.language: dotnet
Activity.Duration:           00:00:00.1136227
Activity.Tags:
Activity.Tags:
    telemetry.sdk.version: 1.14.0
    server.address: localhost
    server.address: localhost
    http.request.method: POST
    http.request.method: POST
    url.scheme: http
    service.name: unknown_service:testhost
    url.path: /api/auth/register/seller
    url.scheme: http
    network.protocol.version: 1.1
    url.path: /api/customer/addresses
    http.route: api/auth/register/seller
    network.protocol.version: 1.1
    http.route: api/customer/addresses
[22:29:09 INF] Executing endpoint 'Urbeat.WebApi.Controllers.AuthController.RegisterSeller (Urbeat.WebApi)'
Activity.TraceId:            884c939c1f6b71ab51584b283d187f5b
    http.response.status_code: 201
Activity.SpanId:             d434c9d518a7c452
Instrumentation scope (ActivitySource):
    Name: Microsoft.AspNetCore
    http.response.status_code: 201
Resource associated with Activity:
Activity.TraceFlags:         Recorded
Instrumentation scope (ActivitySource):
Activity.TraceId:            8466a263c1c45001d8aa78aae37817cc
    Name: Microsoft.AspNetCore
Activity.SpanId:             9ac40410ae481bb6
Resource associated with Activity:
Activity.DisplayName:        POST api/customer/addresses
    telemetry.sdk.name: opentelemetry
Activity.Kind:               Server
    telemetry.sdk.language: dotnet
Activity.TraceFlags:         Recorded
    telemetry.sdk.version: 1.14.0
Activity.DisplayName:        POST api/stores
Activity.StartTime:          2026-06-08T01:29:09.0693926Z
Activity.Kind:               Server
Activity.Duration:           00:00:00.0796693
    service.name: unknown_service:testhost
Activity.Tags:
Activity.StartTime:          2026-06-08T01:29:09.1087400Z
    server.address: localhost
Activity.Duration:           00:00:00.0774309
Activity.TraceId:            4bd9fcba15623e107c2b23fb8ebda03e
Activity.Tags:
Activity.SpanId:             bbf7173676358028
    telemetry.sdk.name: opentelemetry
    server.address: localhost
    http.request.method: POST
    http.request.method: POST
    url.scheme: http
    url.scheme: http
    url.path: /api/customer/addresses
    url.path: /api/stores
    network.protocol.version: 1.1
    network.protocol.version: 1.1
    http.route: api/customer/addresses
    http.route: api/stores
    http.response.status_code: 201
    http.response.status_code: 201
Instrumentation scope (ActivitySource):
Instrumentation scope (ActivitySource):
    Name: Microsoft.AspNetCore
Activity.TraceFlags:         Recorded
    Name: Microsoft.AspNetCore
Resource associated with Activity:
Activity.DisplayName:        POST api/auth/register/seller
    telemetry.sdk.name: opentelemetry
Resource associated with Activity:
    telemetry.sdk.language: dotnet
    telemetry.sdk.name: opentelemetry
Activity.Kind:               Server
    telemetry.sdk.language: dotnet
    telemetry.sdk.version: 1.14.0
    telemetry.sdk.version: 1.14.0
    service.name: unknown_service:testhost
Activity.StartTime:          2026-06-08T01:29:09.0692782Z
    service.name: unknown_service:testhost
Activity.Duration:           00:00:00.0797551
Activity.TraceId:            8466a263c1c45001d8aa78aae37817cc
Activity.Tags:
Activity.SpanId:             9ac40410ae481bb6
    server.address: localhost
Activity.TraceId:            884c939c1f6b71ab51584b283d187f5b
    http.request.method: POST
    telemetry.sdk.language: dotnet
    url.scheme: http
Activity.TraceFlags:         Recorded
Activity.SpanId:             d434c9d518a7c452
Activity.DisplayName:        POST api/stores
    telemetry.sdk.version: 1.14.0
    url.path: /api/auth/register/seller
    service.name: unknown_service:testhost
    network.protocol.version: 1.1
Activity.Kind:               Server
    http.route: api/auth/register/seller
Activity.StartTime:          2026-06-08T01:29:09.1087400Z
    http.response.status_code: 201
Activity.Duration:           00:00:00.0774309
Instrumentation scope (ActivitySource):
Activity.TraceId:            c4f266b5c9bebede55d6edb064f6c3e5
Activity.Tags:
    Name: Microsoft.AspNetCore
Activity.SpanId:             bccf79aaccdb9492
    server.address: localhost
Resource associated with Activity:
[22:29:09 INF] Route matched with {action = "RegisterSeller", controller = "Auth"}. Executing controller action with signature System.Threading.Tasks.Task`1[Microsoft.AspNetCore.Mvc.IActionResult] RegisterSeller(Urbeat.Application.DTOs.RegisterUserRequestDto, System.Threading.CancellationToken) on controller Urbeat.WebApi.Controllers.AuthController (Urbeat.WebApi).
Activity.TraceFlags:         Recorded
    telemetry.sdk.name: opentelemetry
Activity.DisplayName:        POST api/customer/addresses
    telemetry.sdk.language: dotnet
Activity.Kind:               Server
Activity.TraceId:            741189426586685dcf2024eea23bb6b0
Activity.StartTime:          2026-06-08T01:29:09.0354685Z
Activity.SpanId:             231263e2e29a58a8
Activity.TraceFlags:         Recorded
Activity.Duration:           00:00:00.1136227
Activity.DisplayName:        POST api/stores
Activity.Tags:
Activity.Kind:               Server
    server.address: localhost
    http.request.method: POST
Activity.StartTime:          2026-06-08T01:29:09.0341894Z
    url.scheme: http
Activity.Duration:           00:00:00.1520302
    http.request.method: POST
Activity.Tags:
    url.scheme: http
    url.path: /api/stores
    network.protocol.version: 1.1
    http.route: api/stores
    server.address: localhost
    http.request.method: POST
    http.response.status_code: 201
    url.scheme: http
Instrumentation scope (ActivitySource):
    url.path: /api/stores
    Name: Microsoft.AspNetCore
    network.protocol.version: 1.1
Resource associated with Activity:
    http.route: api/stores
    telemetry.sdk.name: opentelemetry
    http.response.status_code: 201
    telemetry.sdk.language: dotnet
Instrumentation scope (ActivitySource):
    telemetry.sdk.version: 1.14.0
    telemetry.sdk.version: 1.14.0
    Name: Microsoft.AspNetCore
    service.name: unknown_service:testhost
Resource associated with Activity:
    service.name: unknown_service:testhost
    telemetry.sdk.name: opentelemetry
    telemetry.sdk.language: dotnet
Activity.TraceId:            8466a263c1c45001d8aa78aae37817cc
    telemetry.sdk.version: 1.14.0
Activity.SpanId:             9ac40410ae481bb6
    service.name: unknown_service:testhost
Activity.TraceFlags:         Recorded
Activity.DisplayName:        POST api/stores
Activity.TraceId:            4bd9fcba15623e107c2b23fb8ebda03e
Activity.Kind:               Server
Activity.SpanId:             bbf7173676358028
Activity.TraceId:            741189426586685dcf2024eea23bb6b0
Activity.TraceFlags:         Recorded
Activity.SpanId:             231263e2e29a58a8
Activity.DisplayName:        POST api/auth/register/seller
Activity.TraceFlags:         Recorded
Activity.Kind:               Server
Activity.StartTime:          2026-06-08T01:29:09.1087400Z
Activity.DisplayName:        POST api/stores
Activity.StartTime:          2026-06-08T01:29:09.0692782Z
Activity.Duration:           00:00:00.0774309
Activity.Kind:               Server
Activity.Duration:           00:00:00.0797551
Activity.Tags:
Activity.Tags:
    server.address: localhost
    server.address: localhost
    http.request.method: POST
Activity.StartTime:          2026-06-08T01:29:09.0341894Z
    url.scheme: http
Activity.Duration:           00:00:00.1520302
    http.request.method: POST
Activity.Tags:
    url.path: /api/stores
    url.scheme: http
    server.address: localhost
    url.path: /api/auth/register/seller
    http.request.method: POST
    network.protocol.version: 1.1
    url.scheme: http
    network.protocol.version: 1.1
    url.path: /api/stores
    http.route: api/auth/register/seller
    http.route: api/stores
    network.protocol.version: 1.1
    http.response.status_code: 201
    http.route: api/stores
Instrumentation scope (ActivitySource):
    http.response.status_code: 201
    Name: Microsoft.AspNetCore
Instrumentation scope (ActivitySource):
Resource associated with Activity:
    Name: Microsoft.AspNetCore
Activity.TraceFlags:         Recorded
Resource associated with Activity:
Activity.DisplayName:        POST api/customer/addresses
    telemetry.sdk.name: opentelemetry
Activity.Kind:               Server
    telemetry.sdk.language: dotnet
    url.path: /api/customer/addresses
Activity.StartTime:          2026-06-08T01:29:09.0693926Z
    network.protocol.version: 1.1
    http.route: api/customer/addresses
    http.response.status_code: 201
    http.response.status_code: 201
Instrumentation scope (ActivitySource):
    Name: Microsoft.AspNetCore
Instrumentation scope (ActivitySource):
Resource associated with Activity:
    Name: Microsoft.AspNetCore
    telemetry.sdk.name: opentelemetry
    telemetry.sdk.version: 1.14.0
    telemetry.sdk.language: dotnet
    service.name: unknown_service:testhost
    telemetry.sdk.version: 1.14.0
    service.name: unknown_service:testhost
Activity.Duration:           00:00:00.0796693
Activity.Tags:
Activity.TraceId:            8466a263c1c45001d8aa78aae37817cc
    server.address: localhost
Activity.SpanId:             9ac40410ae481bb6
    http.request.method: POST
    telemetry.sdk.name: opentelemetry
    url.scheme: http
Activity.TraceFlags:         Recorded
    url.path: /api/customer/addresses
Activity.DisplayName:        POST api/stores
    network.protocol.version: 1.1
Activity.Kind:               Server
    http.route: api/customer/addresses
Activity.StartTime:          2026-06-08T01:29:09.1087400Z
    http.response.status_code: 201
Activity.Duration:           00:00:00.0774309
Resource associated with Activity:
[22:29:09 INF] Saved 2 entities to in-memory store.
    telemetry.sdk.name: opentelemetry
    telemetry.sdk.language: dotnet
    telemetry.sdk.version: 1.14.0
    telemetry.sdk.language: dotnet
    service.name: unknown_service:testhost
    telemetry.sdk.version: 1.14.0
    service.name: unknown_service:testhost
Activity.TraceId:            c4f266b5c9bebede55d6edb064f6c3e5
Activity.SpanId:             bccf79aaccdb9492
Activity.TraceFlags:         Recorded
Activity.DisplayName:        POST api/customer/addresses
Instrumentation scope (ActivitySource):
[22:29:09 INF] Executing action method Urbeat.WebApi.Controllers.AuthController.RegisterSeller (Urbeat.WebApi) - Validation state: Valid
    Name: Microsoft.AspNetCore
Resource associated with Activity:
    telemetry.sdk.name: opentelemetry
Activity.Tags:
    telemetry.sdk.language: dotnet
    server.address: localhost
    telemetry.sdk.version: 1.14.0
    http.request.method: POST
    url.scheme: http
    service.name: unknown_service:testhost
[22:29:09 INF] Starting Hangfire Server using job storage: 'In-Memory Storage'
    url.path: /api/stores
    network.protocol.version: 1.1
    http.route: api/stores
[22:29:09 INF] Using the following options for Hangfire Server:
    Worker count: 2
    Listening queues: 'default'
    Shutdown timeout: 00:00:15
    Schedule polling interval: 00:00:15
    http.response.status_code: 201
Activity.Kind:               Server
Activity.TraceId:            884c939c1f6b71ab51584b283d187f5b
Instrumentation scope (ActivitySource):
Activity.SpanId:             d434c9d518a7c452
    Name: Microsoft.AspNetCore
Activity.TraceId:            741189426586685dcf2024eea23bb6b0
Activity.StartTime:          2026-06-08T01:29:09.0354685Z
Resource associated with Activity:
Activity.TraceFlags:         Recorded
Activity.Duration:           00:00:00.1136227
Activity.DisplayName:        POST api/customer/addresses
Activity.Tags:
Activity.Kind:               Server
    server.address: localhost
    telemetry.sdk.name: opentelemetry
    http.request.method: POST
Activity.StartTime:          2026-06-08T01:29:09.0693926Z
    url.scheme: http
Activity.Duration:           00:00:00.0796693
    url.path: /api/customer/addresses
Activity.Tags:
    network.protocol.version: 1.1
    server.address: localhost
    http.route: api/customer/addresses
    http.request.method: POST
    http.response.status_code: 201
Instrumentation scope (ActivitySource):
    url.scheme: http
    Name: Microsoft.AspNetCore
    url.path: /api/customer/addresses
Resource associated with Activity:
    network.protocol.version: 1.1
[22:29:09 INF] Executing action method Urbeat.WebApi.Controllers.StoresController.UpdateStatus (Urbeat.WebApi) - Validation state: Valid
    telemetry.sdk.name: opentelemetry
    http.route: api/customer/addresses
    telemetry.sdk.language: dotnet
    http.response.status_code: 201
Instrumentation scope (ActivitySource):
    telemetry.sdk.version: 1.14.0
Activity.SpanId:             231263e2e29a58a8
    service.name: unknown_service:testhost
Activity.TraceFlags:         Recorded
Activity.DisplayName:        POST api/stores
Activity.Kind:               Server
    telemetry.sdk.language: dotnet
Activity.TraceId:            c4f266b5c9bebede55d6edb064f6c3e5
Activity.StartTime:          2026-06-08T01:29:09.0341894Z
Activity.SpanId:             bccf79aaccdb9492
    Name: Microsoft.AspNetCore
    telemetry.sdk.version: 1.14.0
Resource associated with Activity:
Activity.TraceFlags:         Recorded
    telemetry.sdk.name: opentelemetry
Activity.DisplayName:        POST api/customer/addresses
    service.name: unknown_service:testhost
Activity.Kind:               Server
    telemetry.sdk.language: dotnet
Activity.StartTime:          2026-06-08T01:29:09.0354685Z
    telemetry.sdk.version: 1.14.0
Activity.Duration:           00:00:00.1136227
Activity.Tags:
Activity.TraceId:            8466a263c1c45001d8aa78aae37817cc
    server.address: localhost
    http.request.method: POST
Activity.SpanId:             9ac40410ae481bb6
    url.scheme: http
Activity.Duration:           00:00:00.1520302
    url.path: /api/customer/addresses
Activity.Tags:
    network.protocol.version: 1.1
[22:29:09 INF] Server fabio-mobile:44964:e329407b successfully announced in 0,0561 ms
    service.name: unknown_service:testhost
Activity.TraceFlags:         Recorded
Activity.DisplayName:        POST api/stores
    server.address: localhost
Activity.Kind:               Server
Activity.TraceId:            884c939c1f6b71ab51584b283d187f5b
    http.request.method: POST
Activity.SpanId:             d434c9d518a7c452
    url.scheme: http
    url.path: /api/stores
Activity.TraceFlags:         Recorded
    network.protocol.version: 1.1
Activity.StartTime:          2026-06-08T01:29:09.1087400Z
    http.route: api/customer/addresses
Activity.Duration:           00:00:00.0774309
    http.response.status_code: 201
[22:29:09 INF] Saved 1 entities to in-memory store.
Activity.Tags:
Instrumentation scope (ActivitySource):
    server.address: localhost
    Name: Microsoft.AspNetCore
    http.request.method: POST
Resource associated with Activity:
    url.scheme: http
[22:29:09 INF] Request starting HTTP/1.1 DELETE http://localhost/api/stores/019ea4d9-0dcd-7409-979a-4ad0ed11b7da/categories/019ea4d9-0ead-78e5-b214-aa054a7b5f6a - null null
    url.path: /api/stores
    telemetry.sdk.name: opentelemetry
    network.protocol.version: 1.1
    telemetry.sdk.language: dotnet
    http.route: api/stores
    telemetry.sdk.version: 1.14.0
    http.response.status_code: 201
[22:29:09 INF] Saved 1 entities to in-memory store.
    service.name: unknown_service:testhost
Instrumentation scope (ActivitySource):
    Name: Microsoft.AspNetCore
Resource associated with Activity:
    telemetry.sdk.name: opentelemetry
    http.route: api/stores
    telemetry.sdk.language: dotnet
    http.response.status_code: 201
    telemetry.sdk.version: 1.14.0
Activity.DisplayName:        POST api/customer/addresses
    service.name: unknown_service:testhost
Instrumentation scope (ActivitySource):
Activity.Kind:               Server
    Name: Microsoft.AspNetCore
Resource associated with Activity:
Activity.StartTime:          2026-06-08T01:29:09.0693926Z
Activity.TraceId:            8466a263c1c45001d8aa78aae37817cc
Activity.Duration:           00:00:00.0796693
Activity.SpanId:             9ac40410ae481bb6
    telemetry.sdk.name: opentelemetry
Activity.TraceFlags:         Recorded
    telemetry.sdk.language: dotnet
Activity.DisplayName:        POST api/stores
Activity.Tags:
Activity.Kind:               Server
    telemetry.sdk.version: 1.14.0
    server.address: localhost
    service.name: unknown_service:testhost
    http.request.method: POST
Activity.StartTime:          2026-06-08T01:29:09.1087400Z
    url.scheme: http
    url.path: /api/customer/addresses
Activity.Duration:           00:00:00.0774309
    network.protocol.version: 1.1
Activity.Tags:
    http.route: api/customer/addresses
Activity.TraceId:            741189426586685dcf2024eea23bb6b0
    server.address: localhost
    http.response.status_code: 201
    http.request.method: POST
Instrumentation scope (ActivitySource):
    url.scheme: http
Activity.SpanId:             231263e2e29a58a8
    Name: Microsoft.AspNetCore
    url.path: /api/stores
Resource associated with Activity:
    network.protocol.version: 1.1
    telemetry.sdk.name: opentelemetry
    http.route: api/stores
Activity.TraceFlags:         Recorded
    telemetry.sdk.language: dotnet
    http.response.status_code: 201
    telemetry.sdk.version: 1.14.0
    service.name: unknown_service:testhost
Instrumentation scope (ActivitySource):
[22:29:09 INF] STORE_STATUS_UPDATED | Store status updated | StoreId=019ea4d9-0e61-7b16-af98-099d9cc772d2 | OwnerUserId=019ea4d9-0c81-77df-a147-c2eb1e530d21 | IsOpen=True | IP=null
    Name: Microsoft.AspNetCore
Resource associated with Activity:
Activity.TraceId:            884c939c1f6b71ab51584b283d187f5b
    telemetry.sdk.name: opentelemetry
Activity.DisplayName:        POST api/stores
Activity.SpanId:             d434c9d518a7c452
    telemetry.sdk.language: dotnet
Activity.Kind:               Server
Activity.TraceFlags:         Recorded
    telemetry.sdk.version: 1.14.0
Activity.DisplayName:        POST api/customer/addresses
    service.name: unknown_service:testhost
Activity.Kind:               Server
Activity.StartTime:          2026-06-08T01:29:09.0341894Z
Activity.StartTime:          2026-06-08T01:29:09.0693926Z
Activity.Duration:           00:00:00.1520302
Activity.Duration:           00:00:00.0796693
Activity.Tags:
Activity.Tags:
Activity.TraceId:            8466a263c1c45001d8aa78aae37817cc
    server.address: localhost
    server.address: localhost
Activity.SpanId:             9ac40410ae481bb6
    http.request.method: POST
    http.request.method: POST
    url.scheme: http
    url.scheme: http
    url.path: /api/customer/addresses
    url.path: /api/stores
Activity.TraceFlags:         Recorded
    network.protocol.version: 1.1
    network.protocol.version: 1.1
    http.route: api/customer/addresses
Activity.DisplayName:        POST api/stores
    http.route: api/stores
Activity.Kind:               Server
    http.response.status_code: 201
    http.response.status_code: 201
Instrumentation scope (ActivitySource):
    Name: Microsoft.AspNetCore
Activity.StartTime:          2026-06-08T01:29:09.1087400Z
Resource associated with Activity:
Activity.Duration:           00:00:00.0774309
    telemetry.sdk.name: opentelemetry
Activity.Tags:
    telemetry.sdk.language: dotnet
    server.address: localhost
    telemetry.sdk.version: 1.14.0
    http.request.method: POST
    service.name: unknown_service:testhost
    url.scheme: http
    url.path: /api/stores
Activity.TraceId:            884c939c1f6b71ab51584b283d187f5b
Activity.SpanId:             d434c9d518a7c452
Instrumentation scope (ActivitySource):
    network.protocol.version: 1.1
    Name: Microsoft.AspNetCore
Activity.TraceFlags:         Recorded
    http.route: api/stores
Activity.DisplayName:        POST api/customer/addresses
[22:29:09 INF] Saved 1 entities to in-memory store.
Resource associated with Activity:
    http.response.status_code: 201
Activity.Kind:               Server
Instrumentation scope (ActivitySource):
    telemetry.sdk.name: opentelemetry
Activity.StartTime:          2026-06-08T01:29:09.0693926Z
    Name: Microsoft.AspNetCore
    telemetry.sdk.language: dotnet
Activity.Duration:           00:00:00.0796693
Resource associated with Activity:
Activity.Tags:
    telemetry.sdk.name: opentelemetry
    telemetry.sdk.version: 1.14.0
    telemetry.sdk.language: dotnet
    server.address: localhost
    telemetry.sdk.version: 1.14.0
    service.name: unknown_service:testhost
    http.request.method: POST
    service.name: unknown_service:testhost
    url.scheme: http
    url.path: /api/customer/addresses
    network.protocol.version: 1.1
Activity.TraceId:            8466a263c1c45001d8aa78aae37817cc
Activity.TraceId:            741189426586685dcf2024eea23bb6b0
    http.route: api/customer/addresses
Activity.SpanId:             231263e2e29a58a8
Activity.SpanId:             9ac40410ae481bb6
Activity.TraceFlags:         Recorded
Activity.TraceFlags:         Recorded
    http.response.status_code: 201
[22:29:09 INF] Executed action method Urbeat.WebApi.Controllers.StoresController.UpdateStatus (Urbeat.WebApi), returned result Microsoft.AspNetCore.Mvc.OkObjectResult in 30.8195ms.
Instrumentation scope (ActivitySource):
Activity.DisplayName:        POST api/stores
    Name: Microsoft.AspNetCore
Activity.Kind:               Server
Resource associated with Activity:
Activity.StartTime:          2026-06-08T01:29:09.1087400Z
Activity.Duration:           00:00:00.0774309
    telemetry.sdk.name: opentelemetry
Activity.DisplayName:        POST api/stores
Activity.Tags:
Activity.Kind:               Server
    telemetry.sdk.language: dotnet
    server.address: localhost
    telemetry.sdk.version: 1.14.0
    http.request.method: POST
    service.name: unknown_service:testhost
    url.scheme: http
    url.path: /api/stores
Activity.StartTime:          2026-06-08T01:29:09.0341894Z
    network.protocol.version: 1.1
Activity.Duration:           00:00:00.1520302
    http.route: api/stores
Activity.Tags:
    http.response.status_code: 201
    server.address: localhost
Instrumentation scope (ActivitySource):
    http.request.method: POST
    Name: Microsoft.AspNetCore
    url.scheme: http
Resource associated with Activity:
    url.path: /api/stores
    telemetry.sdk.name: opentelemetry
    network.protocol.version: 1.1
    telemetry.sdk.language: dotnet
    http.route: api/stores
    telemetry.sdk.version: 1.14.0
    service.name: unknown_service:testhost
    http.response.status_code: 201
Activity.TraceId:            8466a263c1c45001d8aa78aae37817cc
Instrumentation scope (ActivitySource):
Activity.SpanId:             9ac40410ae481bb6
    Name: Microsoft.AspNetCore
Activity.TraceFlags:         Recorded
Resource associated with Activity:
Activity.DisplayName:        POST api/stores
    telemetry.sdk.name: opentelemetry
Activity.Kind:               Server
    telemetry.sdk.language: dotnet
    telemetry.sdk.version: 1.14.0
Activity.StartTime:          2026-06-08T01:29:09.1087400Z
    service.name: unknown_service:testhost
Activity.Duration:           00:00:00.0774309
[22:29:09 INF] Executing OkObjectResult, writing value of type 'Urbeat.Application.DTOs.StoreResponseDto'.
Activity.Tags:
Activity.TraceId:            741189426586685dcf2024eea23bb6b0
    server.address: localhost
Activity.SpanId:             231263e2e29a58a8
    http.request.method: POST
[22:29:09 INF] Saved 1 entities to in-memory store.
Activity.TraceFlags:         Recorded
    url.scheme: http
Activity.DisplayName:        POST api/stores
    url.path: /api/stores
Activity.Kind:               Server
    network.protocol.version: 1.1
Activity.StartTime:          2026-06-08T01:29:09.0341894Z
    http.route: api/stores
Activity.Duration:           00:00:00.1520302
    http.response.status_code: 201
Activity.Tags:
[22:29:09 INF] Executing endpoint 'Urbeat.WebApi.Controllers.StoreCategoriesController.Delete (Urbeat.WebApi)'
Instrumentation scope (ActivitySource):
    Name: Microsoft.AspNetCore
    server.address: localhost
Resource associated with Activity:
    http.request.method: POST
    telemetry.sdk.name: opentelemetry
    url.scheme: http
    telemetry.sdk.language: dotnet
    url.path: /api/stores
    telemetry.sdk.version: 1.14.0
    network.protocol.version: 1.1
    http.route: api/stores
    service.name: unknown_service:testhost
    http.response.status_code: 201
Instrumentation scope (ActivitySource):
    Name: Microsoft.AspNetCore
Resource associated with Activity:
Activity.TraceId:            8466a263c1c45001d8aa78aae37817cc
    telemetry.sdk.name: opentelemetry
Activity.SpanId:             9ac40410ae481bb6
[22:29:09 INF] Server fabio-mobile:44964:e329407b is starting the registered dispatchers: ServerWatchdog, ServerJobCancellationWatcher, Worker, DelayedJobScheduler, RecurringJobScheduler...
Activity.TraceFlags:         Recorded
    telemetry.sdk.language: dotnet
Activity.DisplayName:        POST api/stores
    telemetry.sdk.version: 1.14.0
Activity.Kind:               Server
    service.name: unknown_service:testhost
Activity.StartTime:          2026-06-08T01:29:09.1087400Z
Activity.Duration:           00:00:00.0774309
Activity.TraceId:            741189426586685dcf2024eea23bb6b0
Activity.Tags:
Activity.SpanId:             231263e2e29a58a8
    server.address: localhost
Activity.TraceFlags:         Recorded
    http.request.method: POST
Activity.DisplayName:        POST api/stores
    url.scheme: http
[22:29:09 INF] Executed action Urbeat.WebApi.Controllers.StoresController.UpdateStatus (Urbeat.WebApi) in 32.5813ms
Activity.Kind:               Server
    url.path: /api/stores
    network.protocol.version: 1.1
Activity.StartTime:          2026-06-08T01:29:09.0341894Z
    http.route: api/stores
Activity.Duration:           00:00:00.1520302
    http.response.status_code: 201
Activity.Tags:
Instrumentation scope (ActivitySource):
    server.address: localhost
[22:29:09 INF] Route matched with {action = "Delete", controller = "StoreCategories"}. Executing controller action with signature System.Threading.Tasks.Task`1[Microsoft.AspNetCore.Mvc.IActionResult] Delete(System.Guid, System.Threading.CancellationToken) on controller Urbeat.WebApi.Controllers.StoreCategoriesController (Urbeat.WebApi).
    http.request.method: POST
    Name: Microsoft.AspNetCore
    url.scheme: http
[22:29:09 INF] Executed endpoint 'Urbeat.WebApi.Controllers.StoresController.UpdateStatus (Urbeat.WebApi)'
    url.path: /api/stores
Resource associated with Activity:
    network.protocol.version: 1.1
    telemetry.sdk.name: opentelemetry
    telemetry.sdk.language: dotnet
    telemetry.sdk.version: 1.14.0
    http.route: api/stores
    service.name: unknown_service:testhost
    http.response.status_code: 201
Instrumentation scope (ActivitySource):
    Name: Microsoft.AspNetCore
Activity.TraceId:            8466a263c1c45001d8aa78aae37817cc
Resource associated with Activity:
Activity.SpanId:             9ac40410ae481bb6
    telemetry.sdk.name: opentelemetry
Activity.TraceFlags:         Recorded
    telemetry.sdk.language: dotnet
Activity.DisplayName:        POST api/stores
    telemetry.sdk.version: 1.14.0
Activity.Kind:               Server
    service.name: unknown_service:testhost
Activity.StartTime:          2026-06-08T01:29:09.1087400Z
Activity.TraceId:            741189426586685dcf2024eea23bb6b0
Activity.Duration:           00:00:00.0774309
Activity.SpanId:             231263e2e29a58a8
[22:29:09 INF] HTTP PATCH /api/stores/019ea4d9-0e61-7b16-af98-099d9cc772d2/status responded 200 in 69.5771 ms
Activity.TraceFlags:         Recorded
Activity.Tags:
Activity.DisplayName:        POST api/stores
    server.address: localhost
Activity.Kind:               Server
    http.request.method: POST
    url.scheme: http
Activity.StartTime:          2026-06-08T01:29:09.0341894Z
    url.path: /api/stores
Activity.Duration:           00:00:00.1520302
    network.protocol.version: 1.1
Activity.Tags:
    http.route: api/stores
    server.address: localhost
    http.response.status_code: 201
    http.request.method: POST
Instrumentation scope (ActivitySource):
    Name: Microsoft.AspNetCore
    url.scheme: http
Resource associated with Activity:
    url.path: /api/stores
    telemetry.sdk.name: opentelemetry
    network.protocol.version: 1.1
    telemetry.sdk.language: dotnet
    http.route: api/stores
    telemetry.sdk.version: 1.14.0
    http.response.status_code: 201
    service.name: unknown_service:testhost
Instrumentation scope (ActivitySource):
    Name: Microsoft.AspNetCore
Resource associated with Activity:
    telemetry.sdk.name: opentelemetry
    telemetry.sdk.language: dotnet
    telemetry.sdk.version: 1.14.0
    service.name: unknown_service:testhost
Activity.TraceId:            741189426586685dcf2024eea23bb6b0
Activity.SpanId:             231263e2e29a58a8
Activity.TraceFlags:         Recorded
Activity.DisplayName:        POST api/stores
Activity.Kind:               Server
Activity.StartTime:          2026-06-08T01:29:09.0341894Z
Activity.Duration:           00:00:00.1520302
Activity.Tags:
    server.address: localhost
    http.request.method: POST
    url.scheme: http
    url.path: /api/stores
    network.protocol.version: 1.1
    http.route: api/stores
    http.response.status_code: 201
[22:29:09 INF] Request finished HTTP/1.1 PATCH http://localhost/api/stores/019ea4d9-0e61-7b16-af98-099d9cc772d2/status - 200 null application/json; charset=utf-8 72.1789ms
Instrumentation scope (ActivitySource):
    Name: Microsoft.AspNetCore
Resource associated with Activity:
    telemetry.sdk.name: opentelemetry
    telemetry.sdk.language: dotnet
    telemetry.sdk.version: 1.14.0
    service.name: unknown_service:testhost
Activity.TraceId:            741189426586685dcf2024eea23bb6b0
Activity.SpanId:             231263e2e29a58a8
Activity.TraceFlags:         Recorded
Activity.DisplayName:        POST api/stores
Activity.Kind:               Server
Activity.StartTime:          2026-06-08T01:29:09.0341894Z
Activity.Duration:           00:00:00.1520302
Activity.Tags:
    server.address: localhost
    http.request.method: POST
    url.scheme: http
    url.path: /api/stores
    network.protocol.version: 1.1
    http.route: api/stores
    http.response.status_code: 201
Instrumentation scope (ActivitySource):
    Name: Microsoft.AspNetCore
Resource associated with Activity:
    telemetry.sdk.name: opentelemetry
    telemetry.sdk.language: dotnet
    telemetry.sdk.version: 1.14.0
    service.name: unknown_service:testhost
Activity.TraceId:            741189426586685dcf2024eea23bb6b0
Activity.SpanId:             231263e2e29a58a8
Activity.TraceFlags:         Recorded
Activity.DisplayName:        POST api/stores
Activity.Kind:               Server
[22:29:09 INF] Saved 1 entities to in-memory store.
Activity.StartTime:          2026-06-08T01:29:09.0341894Z
Activity.Duration:           00:00:00.1520302
Activity.Tags:
    server.address: localhost
    http.request.method: POST
    url.scheme: http
    url.path: /api/stores
    network.protocol.version: 1.1
    http.route: api/stores
    http.response.status_code: 201
Instrumentation scope (ActivitySource):
    Name: Microsoft.AspNetCore
Resource associated with Activity:
    telemetry.sdk.name: opentelemetry
    telemetry.sdk.language: dotnet
    telemetry.sdk.version: 1.14.0
    service.name: unknown_service:testhost
Activity.TraceId:            c4227c7780e3297c51f72828eb2934f3
Activity.SpanId:             bd7c9a705e06e8e5
Activity.TraceFlags:         Recorded
Activity.DisplayName:        PATCH api/stores/{storeId}/status
Activity.Kind:               Server
Activity.StartTime:          2026-06-08T01:29:09.1463967Z
Activity.Duration:           00:00:00.0722447
Activity.Tags:
    server.address: localhost
    http.request.method: PATCH
    url.scheme: http
    url.path: /api/stores/019ea4d9-0e61-7b16-af98-099d9cc772d2/status
    network.protocol.version: 1.1
    http.route: api/stores/{storeId}/status
    http.response.status_code: 200
Instrumentation scope (ActivitySource):
    Name: Microsoft.AspNetCore
Resource associated with Activity:
    telemetry.sdk.name: opentelemetry
    telemetry.sdk.language: dotnet
    telemetry.sdk.version: 1.14.0
    service.name: unknown_service:testhost
Activity.TraceId:            c4227c7780e3297c51f72828eb2934f3
Activity.SpanId:             bd7c9a705e06e8e5
Activity.TraceFlags:         Recorded
Activity.DisplayName:        PATCH api/stores/{storeId}/status
Activity.Kind:               Server
Activity.StartTime:          2026-06-08T01:29:09.1463967Z
Activity.Duration:           00:00:00.0722447
Activity.Tags:
    server.address: localhost
    http.request.method: PATCH
    url.scheme: http
    url.path: /api/stores/019ea4d9-0e61-7b16-af98-099d9cc772d2/status
    network.protocol.version: 1.1
    http.route: api/stores/{storeId}/status
    http.response.status_code: 200
Instrumentation scope (ActivitySource):
    Name: Microsoft.AspNetCore
Resource associated with Activity:
    telemetry.sdk.name: opentelemetry
    telemetry.sdk.language: dotnet
    telemetry.sdk.version: 1.14.0
    service.name: unknown_service:testhost
Activity.TraceId:            c4227c7780e3297c51f72828eb2934f3
Activity.SpanId:             bd7c9a705e06e8e5
Activity.TraceFlags:         Recorded
Activity.DisplayName:        PATCH api/stores/{storeId}/status
Activity.Kind:               Server
Activity.StartTime:          2026-06-08T01:29:09.1463967Z
Activity.Duration:           00:00:00.0722447
Activity.Tags:
    server.address: localhost
    http.request.method: PATCH
    url.scheme: http
    url.path: /api/stores/019ea4d9-0e61-7b16-af98-099d9cc772d2/status
    network.protocol.version: 1.1
    http.route: api/stores/{storeId}/status
    http.response.status_code: 200
Instrumentation scope (ActivitySource):
    Name: Microsoft.AspNetCore
Resource associated with Activity:
    telemetry.sdk.name: opentelemetry
    telemetry.sdk.language: dotnet
[22:29:09 INF] Saved 7 entities to in-memory store.
    telemetry.sdk.version: 1.14.0
    service.name: unknown_service:testhost
[22:29:09 INF] Request starting HTTP/1.1 POST http://localhost/api/auth/register/seller - application/json; charset=utf-8 null
Activity.TraceId:            c4227c7780e3297c51f72828eb2934f3
Activity.SpanId:             bd7c9a705e06e8e5
Activity.TraceFlags:         Recorded
Activity.DisplayName:        PATCH api/stores/{storeId}/status
[22:29:09 INF] Request starting HTTP/1.1 POST http://localhost/api/auth/login/seller - application/json; charset=utf-8 null
Activity.Kind:               Server
[22:29:09 INF] Server fabio-mobile:44964:e329407b all the dispatchers started
Activity.StartTime:          2026-06-08T01:29:09.1463967Z
Activity.Duration:           00:00:00.0722447
Activity.Tags:
    server.address: localhost
    http.request.method: PATCH
[22:29:09 INF] Executing action method Urbeat.WebApi.Controllers.StoreCategoriesController.Delete (Urbeat.WebApi) - Validation state: Valid
    url.scheme: http
[22:29:09 INF] Request starting HTTP/1.1 PATCH http://localhost/api/stores/019ea4d9-0eff-7cfc-8ee3-ef42a81dcd02/status - application/json; charset=utf-8 null
    url.path: /api/stores/019ea4d9-0e61-7b16-af98-099d9cc772d2/status
    network.protocol.version: 1.1
    http.route: api/stores/{storeId}/status
[22:29:09 INF] Request starting HTTP/1.1 PATCH http://localhost/api/stores/019ea4d9-0f19-743e-95fb-c90d2a99f63b/status - application/json; charset=utf-8 null
    http.response.status_code: 200
Instrumentation scope (ActivitySource):
    Name: Microsoft.AspNetCore
Resource associated with Activity:
[22:29:09 INF] Request starting HTTP/1.1 POST http://localhost/api/checkout/preview - application/json; charset=utf-8 null
    telemetry.sdk.name: opentelemetry
    telemetry.sdk.language: dotnet
    telemetry.sdk.version: 1.14.0
    service.name: unknown_service:testhost
[22:29:09 INF] Saved 1 entities to in-memory store.
Activity.TraceId:            c4227c7780e3297c51f72828eb2934f3
Activity.SpanId:             bd7c9a705e06e8e5
Activity.TraceFlags:         Recorded
Activity.DisplayName:        PATCH api/stores/{storeId}/status
Activity.Kind:               Server
Activity.StartTime:          2026-06-08T01:29:09.1463967Z
Activity.Duration:           00:00:00.0722447
Activity.Tags:
    server.address: localhost
    http.request.method: PATCH
    url.scheme: http
    url.path: /api/stores/019ea4d9-0e61-7b16-af98-099d9cc772d2/status
    network.protocol.version: 1.1
    http.route: api/stores/{storeId}/status
    http.response.status_code: 200
Instrumentation scope (ActivitySource):
    Name: Microsoft.AspNetCore
Resource associated with Activity:
    telemetry.sdk.name: opentelemetry
    telemetry.sdk.language: dotnet
    telemetry.sdk.version: 1.14.0
    service.name: unknown_service:testhost
Activity.TraceId:            c4227c7780e3297c51f72828eb2934f3
Activity.SpanId:             bd7c9a705e06e8e5
Activity.TraceFlags:         Recorded
Activity.DisplayName:        PATCH api/stores/{storeId}/status
Activity.Kind:               Server
Activity.StartTime:          2026-06-08T01:29:09.1463967Z
Activity.Duration:           00:00:00.0722447
Activity.Tags:
    server.address: localhost
    http.request.method: PATCH
    url.scheme: http
    url.path: /api/stores/019ea4d9-0e61-7b16-af98-099d9cc772d2/status
    network.protocol.version: 1.1
    http.route: api/stores/{storeId}/status
    http.response.status_code: 200
Instrumentation scope (ActivitySource):
    Name: Microsoft.AspNetCore
Resource associated with Activity:
    telemetry.sdk.name: opentelemetry
    telemetry.sdk.language: dotnet
    telemetry.sdk.version: 1.14.0
    service.name: unknown_service:testhost
Activity.TraceId:            c4227c7780e3297c51f72828eb2934f3
Activity.SpanId:             bd7c9a705e06e8e5
Activity.TraceFlags:         Recorded
Activity.DisplayName:        PATCH api/stores/{storeId}/status
Activity.Kind:               Server
Activity.StartTime:          2026-06-08T01:29:09.1463967Z
Activity.Duration:           00:00:00.0722447
Activity.Tags:
    server.address: localhost
    http.request.method: PATCH
    url.scheme: http
    url.path: /api/stores/019ea4d9-0e61-7b16-af98-099d9cc772d2/status
    network.protocol.version: 1.1
    http.route: api/stores/{storeId}/status
    http.response.status_code: 200
Instrumentation scope (ActivitySource):
    Name: Microsoft.AspNetCore
Resource associated with Activity:
    telemetry.sdk.name: opentelemetry
    telemetry.sdk.language: dotnet
    telemetry.sdk.version: 1.14.0
    service.name: unknown_service:testhost
Activity.TraceId:            c4227c7780e3297c51f72828eb2934f3
Activity.SpanId:             bd7c9a705e06e8e5
Activity.TraceFlags:         Recorded
Activity.DisplayName:        PATCH api/stores/{storeId}/status
Activity.Kind:               Server
Activity.StartTime:          2026-06-08T01:29:09.1463967Z
Activity.Duration:           00:00:00.0722447
Activity.Tags:
    server.address: localhost
    http.request.method: PATCH
    url.scheme: http
    url.path: /api/stores/019ea4d9-0e61-7b16-af98-099d9cc772d2/status
    network.protocol.version: 1.1
    http.route: api/stores/{storeId}/status
    http.response.status_code: 200
Instrumentation scope (ActivitySource):
    Name: Microsoft.AspNetCore
Resource associated with Activity:
    telemetry.sdk.name: opentelemetry
    telemetry.sdk.language: dotnet
    telemetry.sdk.version: 1.14.0
    service.name: unknown_service:testhost
Activity.TraceId:            c4227c7780e3297c51f72828eb2934f3
Activity.SpanId:             bd7c9a705e06e8e5
Activity.TraceFlags:         Recorded
Activity.DisplayName:        PATCH api/stores/{storeId}/status
Activity.Kind:               Server
Activity.StartTime:          2026-06-08T01:29:09.1463967Z
Activity.Duration:           00:00:00.0722447
Activity.Tags:
    server.address: localhost
    http.request.method: PATCH
    url.scheme: http
    url.path: /api/stores/019ea4d9-0e61-7b16-af98-099d9cc772d2/status
    network.protocol.version: 1.1
    http.route: api/stores/{storeId}/status
[22:29:09 INF] Executing endpoint 'Urbeat.WebApi.Controllers.AuthController.RegisterSeller (Urbeat.WebApi)'
    http.response.status_code: 200
Instrumentation scope (ActivitySource):
    Name: Microsoft.AspNetCore
Resource associated with Activity:
    telemetry.sdk.name: opentelemetry
    telemetry.sdk.language: dotnet
    telemetry.sdk.version: 1.14.0
    service.name: unknown_service:testhost
Activity.TraceId:            c4227c7780e3297c51f72828eb2934f3
Activity.SpanId:             bd7c9a705e06e8e5
Activity.TraceFlags:         Recorded
Activity.DisplayName:        PATCH api/stores/{storeId}/status
Activity.Kind:               Server
Activity.StartTime:          2026-06-08T01:29:09.1463967Z
[22:29:09 INF] Executing endpoint 'Urbeat.WebApi.Controllers.AuthController.LoginSeller (Urbeat.WebApi)'
Activity.Duration:           00:00:00.0722447
Activity.Tags:
    server.address: localhost
    http.request.method: PATCH
    url.scheme: http
    url.path: /api/stores/019ea4d9-0e61-7b16-af98-099d9cc772d2/status
    network.protocol.version: 1.1
    http.route: api/stores/{storeId}/status
    http.response.status_code: 200
Instrumentation scope (ActivitySource):
    Name: Microsoft.AspNetCore
Resource associated with Activity:
    telemetry.sdk.name: opentelemetry
[22:29:09 INF] Route matched with {action = "RegisterSeller", controller = "Auth"}. Executing controller action with signature System.Threading.Tasks.Task`1[Microsoft.AspNetCore.Mvc.IActionResult] RegisterSeller(Urbeat.Application.DTOs.RegisterUserRequestDto, System.Threading.CancellationToken) on controller Urbeat.WebApi.Controllers.AuthController (Urbeat.WebApi).
    telemetry.sdk.language: dotnet
    telemetry.sdk.version: 1.14.0
    service.name: unknown_service:testhost
Activity.TraceId:            c4227c7780e3297c51f72828eb2934f3
Activity.SpanId:             bd7c9a705e06e8e5
Activity.TraceFlags:         Recorded
Activity.DisplayName:        PATCH api/stores/{storeId}/status
Activity.Kind:               Server
Activity.StartTime:          2026-06-08T01:29:09.1463967Z
Activity.Duration:           00:00:00.0722447
Activity.Tags:
    server.address: localhost
    http.request.method: PATCH
    url.scheme: http
    url.path: /api/stores/019ea4d9-0e61-7b16-af98-099d9cc772d2/status
    network.protocol.version: 1.1
    http.route: api/stores/{storeId}/status
    http.response.status_code: 200
Instrumentation scope (ActivitySource):
    Name: Microsoft.AspNetCore
Resource associated with Activity:
    telemetry.sdk.name: opentelemetry
    telemetry.sdk.language: dotnet
[22:29:09 INF] Route matched with {action = "LoginSeller", controller = "Auth"}. Executing controller action with signature System.Threading.Tasks.Task`1[Microsoft.AspNetCore.Mvc.IActionResult] LoginSeller(Urbeat.Application.DTOs.LoginRequestDto, System.Threading.CancellationToken) on controller Urbeat.WebApi.Controllers.AuthController (Urbeat.WebApi).
    telemetry.sdk.version: 1.14.0
    service.name: unknown_service:testhost
[22:29:09 INF] Executing endpoint 'Urbeat.WebApi.Controllers.StoresController.UpdateStatus (Urbeat.WebApi)'
[22:29:09 INF] Executing endpoint 'Urbeat.WebApi.Controllers.StoresController.UpdateStatus (Urbeat.WebApi)'
[22:29:09 INF] Executing action method Urbeat.WebApi.Controllers.AuthController.RegisterSeller (Urbeat.WebApi) - Validation state: Valid
[22:29:09 INF] Request starting HTTP/1.1 POST http://localhost/api/orders - application/json; charset=utf-8 null
[22:29:09 INF] Saved 2 entities to in-memory store.
[22:29:09 INF] Executing action method Urbeat.WebApi.Controllers.AuthController.LoginSeller (Urbeat.WebApi) - Validation state: Valid
[22:29:09 INF] Saved 1 entities to in-memory store.
[22:29:09 INF] SellerRegistered | Registration succeeded | UserId=019ea4d9-0f43-7997-b6b5-a4f9eb367005 | Email=bad.451c58b0e8dc4149a7e10dd9a855f06a@urbeat.test | Role=Seller
[22:29:09 INF] EMAIL_CONFIRM_JOB_STARTED | Sending confirmation email | UserId=019ea4d9-0f43-7997-b6b5-a4f9eb367005
[22:29:09 INF] Saved 1 entities to in-memory store.
[22:29:09 INF] EMAIL_CONFIRM_JOB_COMPLETED | Job completed | UserId=019ea4d9-0f43-7997-b6b5-a4f9eb367005
[22:29:09 INF] Executed action method Urbeat.WebApi.Controllers.AuthController.RegisterSeller (Urbeat.WebApi), returned result Microsoft.AspNetCore.Mvc.ObjectResult in 69.2758ms.
[22:29:09 INF] Executing ObjectResult, writing value of type '<>f__AnonymousType2`3[[System.Nullable`1[[System.Guid, System.Private.CoreLib, Version=9.0.0.0, Culture=neutral, PublicKeyToken=7cec85d7bea7798e]], System.Private.CoreLib, Version=9.0.0.0, Culture=neutral, PublicKeyToken=7cec85d7bea7798e],[System.Boolean, System.Private.CoreLib, Version=9.0.0.0, Culture=neutral, PublicKeyToken=7cec85d7bea7798e],[System.String, System.Private.CoreLib, Version=9.0.0.0, Culture=neutral, PublicKeyToken=7cec85d7bea7798e]]'.
[22:29:09 INF] Executed action Urbeat.WebApi.Controllers.AuthController.RegisterSeller (Urbeat.WebApi) in 70.0796ms
[22:29:09 INF] Executed endpoint 'Urbeat.WebApi.Controllers.AuthController.RegisterSeller (Urbeat.WebApi)'
[22:29:09 INF] HTTP POST /api/auth/register/seller responded 201 in 71.1456 ms
[22:29:09 INF] Request finished HTTP/1.1 POST http://localhost/api/auth/register/seller - 201 null application/json; charset=utf-8 106.8989ms
Activity.TraceId:            01bab0b759da50043e754ce58ebb52af
Activity.SpanId:             bcf9cdf662944285
Activity.TraceFlags:         Recorded
Activity.DisplayName:        POST api/auth/register/seller
Activity.Kind:               Server
Activity.StartTime:          2026-06-08T01:29:09.1506437Z
Activity.Duration:           00:00:00.1070401
Activity.Tags:
    server.address: localhost
    http.request.method: POST
    url.scheme: http
    url.path: /api/auth/register/seller
    network.protocol.version: 1.1
    http.route: api/auth/register/seller
    http.response.status_code: 201
Instrumentation scope (ActivitySource):
    Name: Microsoft.AspNetCore
Resource associated with Activity:
    telemetry.sdk.name: opentelemetry
    telemetry.sdk.language: dotnet
    telemetry.sdk.version: 1.14.0
    service.name: unknown_service:testhost
Activity.TraceId:            01bab0b759da50043e754ce58ebb52af
Activity.SpanId:             bcf9cdf662944285
Activity.TraceFlags:         Recorded
Activity.DisplayName:        POST api/auth/register/seller
Activity.Kind:               Server
Activity.StartTime:          2026-06-08T01:29:09.1506437Z
Activity.Duration:           00:00:00.1070401
Activity.Tags:
    server.address: localhost
    http.request.method: POST
    url.scheme: http
    url.path: /api/auth/register/seller
    network.protocol.version: 1.1
    http.route: api/auth/register/seller
    http.response.status_code: 201
Instrumentation scope (ActivitySource):
    Name: Microsoft.AspNetCore
Resource associated with Activity:
    telemetry.sdk.name: opentelemetry
    telemetry.sdk.language: dotnet
    telemetry.sdk.version: 1.14.0
    service.name: unknown_service:testhost
Activity.TraceId:            01bab0b759da50043e754ce58ebb52af
Activity.SpanId:             bcf9cdf662944285
Activity.TraceFlags:         Recorded
Activity.DisplayName:        POST api/auth/register/seller
Activity.Kind:               Server
Activity.StartTime:          2026-06-08T01:29:09.1506437Z
Activity.Duration:           00:00:00.1070401
Activity.Tags:
    server.address: localhost
    http.request.method: POST
    url.scheme: http
    url.path: /api/auth/register/seller
    network.protocol.version: 1.1
    http.route: api/auth/register/seller
    http.response.status_code: 201
Instrumentation scope (ActivitySource):
    Name: Microsoft.AspNetCore
Resource associated with Activity:
    telemetry.sdk.name: opentelemetry
    telemetry.sdk.language: dotnet
    telemetry.sdk.version: 1.14.0
    service.name: unknown_service:testhost
Activity.TraceId:            01bab0b759da50043e754ce58ebb52af
Activity.SpanId:             bcf9cdf662944285
Activity.TraceFlags:         Recorded
Activity.DisplayName:        POST api/auth/register/seller
Activity.Kind:               Server
Activity.StartTime:          2026-06-08T01:29:09.1506437Z
Activity.Duration:           00:00:00.1070401
Activity.Tags:
    server.address: localhost
    http.request.method: POST
    url.scheme: http
[22:29:09 INF] Route matched with {action = "UpdateStatus", controller = "Stores"}. Executing controller action with signature System.Threading.Tasks.Task`1[Microsoft.AspNetCore.Mvc.IActionResult] UpdateStatus(System.Guid, Urbeat.Application.DTOs.UpdateStoreStatusRequestDto, System.Threading.CancellationToken) on controller Urbeat.WebApi.Controllers.StoresController (Urbeat.WebApi).
    url.path: /api/auth/register/seller
    network.protocol.version: 1.1
    http.route: api/auth/register/seller
    http.response.status_code: 201
Instrumentation scope (ActivitySource):
[22:29:09 INF] Executing endpoint 'Urbeat.WebApi.Controllers.CheckoutController.Preview (Urbeat.WebApi)'
    Name: Microsoft.AspNetCore
Resource associated with Activity:
    telemetry.sdk.name: opentelemetry
    telemetry.sdk.language: dotnet
    telemetry.sdk.version: 1.14.0
    service.name: unknown_service:testhost
Activity.TraceId:            01bab0b759da50043e754ce58ebb52af
Activity.SpanId:             bcf9cdf662944285
Activity.TraceFlags:         Recorded
Activity.DisplayName:        POST api/auth/register/seller
Activity.Kind:               Server
[22:29:09 INF] Executing endpoint 'Urbeat.WebApi.Controllers.OrdersController.Create (Urbeat.WebApi)'
Activity.StartTime:          2026-06-08T01:29:09.1506437Z
Activity.Duration:           00:00:00.1070401
Activity.Tags:
    server.address: localhost
    http.request.method: POST
    url.scheme: http
    url.path: /api/auth/register/seller
    network.protocol.version: 1.1
    http.route: api/auth/register/seller
    http.response.status_code: 201
Instrumentation scope (ActivitySource):
    Name: Microsoft.AspNetCore
Resource associated with Activity:
    telemetry.sdk.name: opentelemetry
    telemetry.sdk.language: dotnet
    telemetry.sdk.version: 1.14.0
    service.name: unknown_service:testhost
Activity.TraceId:            01bab0b759da50043e754ce58ebb52af
Activity.SpanId:             bcf9cdf662944285
Activity.TraceFlags:         Recorded
Activity.DisplayName:        POST api/auth/register/seller
Activity.Kind:               Server
Activity.StartTime:          2026-06-08T01:29:09.1506437Z
Activity.Duration:           00:00:00.1070401
Activity.Tags:
    server.address: localhost
    http.request.method: POST
    url.scheme: http
    url.path: /api/auth/register/seller
    network.protocol.version: 1.1
    http.route: api/auth/register/seller
    http.response.status_code: 201
Instrumentation scope (ActivitySource):
    Name: Microsoft.AspNetCore
Resource associated with Activity:
    telemetry.sdk.name: opentelemetry
    telemetry.sdk.language: dotnet
    telemetry.sdk.version: 1.14.0
    service.name: unknown_service:testhost
Activity.TraceId:            01bab0b759da50043e754ce58ebb52af
Activity.SpanId:             bcf9cdf662944285
Activity.TraceFlags:         Recorded
Activity.DisplayName:        POST api/auth/register/seller
Activity.Kind:               Server
Activity.StartTime:          2026-06-08T01:29:09.1506437Z
Activity.Duration:           00:00:00.1070401
Activity.Tags:
    server.address: localhost
    http.request.method: POST
    url.scheme: http
    url.path: /api/auth/register/seller
    network.protocol.version: 1.1
    http.route: api/auth/register/seller
    http.response.status_code: 201
Instrumentation scope (ActivitySource):
    Name: Microsoft.AspNetCore
Resource associated with Activity:
    telemetry.sdk.name: opentelemetry
    telemetry.sdk.language: dotnet
    telemetry.sdk.version: 1.14.0
    service.name: unknown_service:testhost
Activity.TraceId:            01bab0b759da50043e754ce58ebb52af
Activity.SpanId:             bcf9cdf662944285
Activity.TraceFlags:         Recorded
Activity.DisplayName:        POST api/auth/register/seller
Activity.Kind:               Server
Activity.StartTime:          2026-06-08T01:29:09.1506437Z
Activity.Duration:           00:00:00.1070401
Activity.Tags:
    server.address: localhost
    http.request.method: POST
[22:29:09 INF] Route matched with {action = "UpdateStatus", controller = "Stores"}. Executing controller action with signature System.Threading.Tasks.Task`1[Microsoft.AspNetCore.Mvc.IActionResult] UpdateStatus(System.Guid, Urbeat.Application.DTOs.UpdateStoreStatusRequestDto, System.Threading.CancellationToken) on controller Urbeat.WebApi.Controllers.StoresController (Urbeat.WebApi).
    url.scheme: http
    url.path: /api/auth/register/seller
    network.protocol.version: 1.1
    http.route: api/auth/register/seller
    http.response.status_code: 201
Instrumentation scope (ActivitySource):
    Name: Microsoft.AspNetCore
Resource associated with Activity:
    telemetry.sdk.name: opentelemetry
    telemetry.sdk.language: dotnet
    telemetry.sdk.version: 1.14.0
    service.name: unknown_service:testhost
Activity.TraceId:            01bab0b759da50043e754ce58ebb52af
Activity.SpanId:             bcf9cdf662944285
Activity.TraceFlags:         Recorded
Activity.DisplayName:        POST api/auth/register/seller
Activity.Kind:               Server
Activity.StartTime:          2026-06-08T01:29:09.1506437Z
Activity.Duration:           00:00:00.1070401
Activity.Tags:
    server.address: localhost
    http.request.method: POST
    url.scheme: http
    url.path: /api/auth/register/seller
    network.protocol.version: 1.1
    http.route: api/auth/register/seller
    http.response.status_code: 201
Instrumentation scope (ActivitySource):
    Name: Microsoft.AspNetCore
Resource associated with Activity:
    telemetry.sdk.name: opentelemetry
    telemetry.sdk.language: dotnet
    telemetry.sdk.version: 1.14.0
    service.name: unknown_service:testhost
Activity.TraceId:            01bab0b759da50043e754ce58ebb52af
Activity.SpanId:             bcf9cdf662944285
Activity.TraceFlags:         Recorded
Activity.DisplayName:        POST api/auth/register/seller
Activity.Kind:               Server
Activity.StartTime:          2026-06-08T01:29:09.1506437Z
Activity.Duration:           00:00:00.1070401
Activity.Tags:
    server.address: localhost
    http.request.method: POST
    url.scheme: http
    url.path: /api/auth/register/seller
    network.protocol.version: 1.1
    http.route: api/auth/register/seller
    http.response.status_code: 201
Instrumentation scope (ActivitySource):
    Name: Microsoft.AspNetCore
Resource associated with Activity:
    telemetry.sdk.name: opentelemetry
    telemetry.sdk.language: dotnet
    telemetry.sdk.version: 1.14.0
    service.name: unknown_service:testhost
Activity.TraceId:            01bab0b759da50043e754ce58ebb52af
Activity.SpanId:             bcf9cdf662944285
Activity.TraceFlags:         Recorded
Activity.DisplayName:        POST api/auth/register/seller
Activity.Kind:               Server
Activity.StartTime:          2026-06-08T01:29:09.1506437Z
Activity.Duration:           00:00:00.1070401
Activity.Tags:
    server.address: localhost
    http.request.method: POST
    url.scheme: http
    url.path: /api/auth/register/seller
    network.protocol.version: 1.1
    http.route: api/auth/register/seller
    http.response.status_code: 201
Instrumentation scope (ActivitySource):
    Name: Microsoft.AspNetCore
Resource associated with Activity:
    telemetry.sdk.name: opentelemetry
    telemetry.sdk.language: dotnet
    telemetry.sdk.version: 1.14.0
    service.name: unknown_service:testhost
[22:29:09 INF] Request starting HTTP/1.1 POST http://localhost/api/auth/register/seller - application/json; charset=utf-8 null
[22:29:09 INF] Executing action method Urbeat.WebApi.Controllers.StoresController.UpdateStatus (Urbeat.WebApi) - Validation state: Valid
[22:29:09 INF] Saved 1 entities to in-memory store.
[22:29:09 INF] STORE_STATUS_UPDATED | Store status updated | StoreId=019ea4d9-0f19-743e-95fb-c90d2a99f63b | OwnerUserId=019ea4d9-0c27-7caa-85a1-474dde4563ad | IsOpen=True | IP=null
[22:29:09 INF] Saved 1 entities to in-memory store.
[22:29:09 INF] Executed action method Urbeat.WebApi.Controllers.StoresController.UpdateStatus (Urbeat.WebApi), returned result Microsoft.AspNetCore.Mvc.OkObjectResult in 0.7669ms.
[22:29:09 INF] Executing OkObjectResult, writing value of type 'Urbeat.Application.DTOs.StoreResponseDto'.
[22:29:09 INF] Executed action Urbeat.WebApi.Controllers.StoresController.UpdateStatus (Urbeat.WebApi) in 2.2005ms
[22:29:09 INF] Executed endpoint 'Urbeat.WebApi.Controllers.StoresController.UpdateStatus (Urbeat.WebApi)'
[22:29:09 INF] HTTP PATCH /api/stores/019ea4d9-0f19-743e-95fb-c90d2a99f63b/status responded 200 in 6.1740 ms
[22:29:09 INF] Request finished HTTP/1.1 PATCH http://localhost/api/stores/019ea4d9-0f19-743e-95fb-c90d2a99f63b/status - 200 null application/json; charset=utf-8 34.3557ms
Activity.TraceId:            7b4da4dc973f7b156fcde5903f7de181
Activity.SpanId:             efa09108db041812
Activity.TraceFlags:         Recorded
Activity.DisplayName:        PATCH api/stores/{storeId}/status
Activity.Kind:               Server
Activity.StartTime:          2026-06-08T01:29:09.2261418Z
[22:29:09 INF] Route matched with {action = "Create", controller = "Orders"}. Executing controller action with signature System.Threading.Tasks.Task`1[Microsoft.AspNetCore.Mvc.IActionResult] Create(Urbeat.Application.DTOs.CheckoutRequestDto, System.Threading.CancellationToken) on controller Urbeat.WebApi.Controllers.OrdersController (Urbeat.WebApi).
Activity.Duration:           00:00:00.0345116
Activity.Tags:
    server.address: localhost
    http.request.method: PATCH
    url.scheme: http
[22:29:09 INF] Route matched with {action = "Preview", controller = "Checkout"}. Executing controller action with signature System.Threading.Tasks.Task`1[Microsoft.AspNetCore.Mvc.IActionResult] Preview(Urbeat.Application.DTOs.CheckoutRequestDto, System.Threading.CancellationToken) on controller Urbeat.WebApi.Controllers.CheckoutController (Urbeat.WebApi).
    url.path: /api/stores/019ea4d9-0f19-743e-95fb-c90d2a99f63b/status
    network.protocol.version: 1.1
    http.route: api/stores/{storeId}/status
[22:29:09 WRN] Failed to determine the https port for redirect.
    http.response.status_code: 200
Instrumentation scope (ActivitySource):
    Name: Microsoft.AspNetCore
Resource associated with Activity:
    telemetry.sdk.name: opentelemetry
    telemetry.sdk.language: dotnet
    telemetry.sdk.version: 1.14.0
    service.name: unknown_service:testhost
Activity.TraceId:            7b4da4dc973f7b156fcde5903f7de181
[22:29:09 INF] Saved 1 entities to in-memory store.
Activity.SpanId:             efa09108db041812
[22:29:09 INF] Executing action method Urbeat.WebApi.Controllers.StoresController.UpdateStatus (Urbeat.WebApi) - Validation state: Valid
Activity.TraceFlags:         Recorded
Activity.DisplayName:        PATCH api/stores/{storeId}/status
Activity.Kind:               Server
[22:29:09 INF] Saved 1 entities to in-memory store.
Activity.StartTime:          2026-06-08T01:29:09.2261418Z
Activity.Duration:           00:00:00.0345116
[22:29:09 INF] Saved 1 entities to in-memory store.
Activity.Tags:
    server.address: localhost
    http.request.method: PATCH
    url.scheme: http
    url.path: /api/stores/019ea4d9-0f19-743e-95fb-c90d2a99f63b/status
    network.protocol.version: 1.1
    http.route: api/stores/{storeId}/status
    http.response.status_code: 200
Instrumentation scope (ActivitySource):
    Name: Microsoft.AspNetCore
Resource associated with Activity:
    telemetry.sdk.name: opentelemetry
    telemetry.sdk.language: dotnet
    telemetry.sdk.version: 1.14.0
    service.name: unknown_service:testhost
Activity.TraceId:            7b4da4dc973f7b156fcde5903f7de181
Activity.SpanId:             efa09108db041812
Activity.TraceFlags:         Recorded
Activity.DisplayName:        PATCH api/stores/{storeId}/status
Activity.Kind:               Server
Activity.StartTime:          2026-06-08T01:29:09.2261418Z
Activity.Duration:           00:00:00.0345116
Activity.Tags:
    server.address: localhost
    http.request.method: PATCH
    url.scheme: http
    url.path: /api/stores/019ea4d9-0f19-743e-95fb-c90d2a99f63b/status
    network.protocol.version: 1.1
    http.route: api/stores/{storeId}/status
    http.response.status_code: 200
Instrumentation scope (ActivitySource):
    Name: Microsoft.AspNetCore
Resource associated with Activity:
    telemetry.sdk.name: opentelemetry
    telemetry.sdk.language: dotnet
    telemetry.sdk.version: 1.14.0
    service.name: unknown_service:testhost
Activity.TraceId:            7b4da4dc973f7b156fcde5903f7de181
Activity.SpanId:             efa09108db041812
Activity.TraceFlags:         Recorded
Activity.DisplayName:        PATCH api/stores/{storeId}/status
Activity.Kind:               Server
Activity.StartTime:          2026-06-08T01:29:09.2261418Z
Activity.Duration:           00:00:00.0345116
Activity.Tags:
    server.address: localhost
    http.request.method: PATCH
    url.scheme: http
    url.path: /api/stores/019ea4d9-0f19-743e-95fb-c90d2a99f63b/status
    network.protocol.version: 1.1
    http.route: api/stores/{storeId}/status
    http.response.status_code: 200
Instrumentation scope (ActivitySource):
    Name: Microsoft.AspNetCore
Resource associated with Activity:
    telemetry.sdk.name: opentelemetry
    telemetry.sdk.language: dotnet
    telemetry.sdk.version: 1.14.0
    service.name: unknown_service:testhost
Activity.TraceId:            7b4da4dc973f7b156fcde5903f7de181
Activity.SpanId:             efa09108db041812
Activity.TraceFlags:         Recorded
Activity.DisplayName:        PATCH api/stores/{storeId}/status
Activity.Kind:               Server
Activity.StartTime:          2026-06-08T01:29:09.2261418Z
Activity.Duration:           00:00:00.0345116
Activity.Tags:
    server.address: localhost
    http.request.method: PATCH
    url.scheme: http
    url.path: /api/stores/019ea4d9-0f19-743e-95fb-c90d2a99f63b/status
    network.protocol.version: 1.1
    http.route: api/stores/{storeId}/status
    http.response.status_code: 200
Instrumentation scope (ActivitySource):
    Name: Microsoft.AspNetCore
Resource associated with Activity:
    telemetry.sdk.name: opentelemetry
    telemetry.sdk.language: dotnet
    telemetry.sdk.version: 1.14.0
    service.name: unknown_service:testhost
Activity.TraceId:            7b4da4dc973f7b156fcde5903f7de181
Activity.SpanId:             efa09108db041812
Activity.TraceFlags:         Recorded
Activity.DisplayName:        PATCH api/stores/{storeId}/status
Activity.Kind:               Server
Activity.StartTime:          2026-06-08T01:29:09.2261418Z
Activity.Duration:           00:00:00.0345116
Activity.Tags:
    server.address: localhost
    http.request.method: PATCH
    url.scheme: http
    url.path: /api/stores/019ea4d9-0f19-743e-95fb-c90d2a99f63b/status
    network.protocol.version: 1.1
    http.route: api/stores/{storeId}/status
    http.response.status_code: 200
Instrumentation scope (ActivitySource):
    Name: Microsoft.AspNetCore
Resource associated with Activity:
    telemetry.sdk.name: opentelemetry
    telemetry.sdk.language: dotnet
    telemetry.sdk.version: 1.14.0
    service.name: unknown_service:testhost
Activity.TraceId:            7b4da4dc973f7b156fcde5903f7de181
Activity.SpanId:             efa09108db041812
Activity.TraceFlags:         Recorded
Activity.DisplayName:        PATCH api/stores/{storeId}/status
Activity.Kind:               Server
Activity.StartTime:          2026-06-08T01:29:09.2261418Z
Activity.Duration:           00:00:00.0345116
Activity.Tags:
    server.address: localhost
    http.request.method: PATCH
    url.scheme: http
    url.path: /api/stores/019ea4d9-0f19-743e-95fb-c90d2a99f63b/status
    network.protocol.version: 1.1
    http.route: api/stores/{storeId}/status
    http.response.status_code: 200
Instrumentation scope (ActivitySource):
    Name: Microsoft.AspNetCore
Resource associated with Activity:
    telemetry.sdk.name: opentelemetry
    telemetry.sdk.language: dotnet
    telemetry.sdk.version: 1.14.0
    service.name: unknown_service:testhost
Activity.TraceId:            7b4da4dc973f7b156fcde5903f7de181
Activity.SpanId:             efa09108db041812
Activity.TraceFlags:         Recorded
Activity.DisplayName:        PATCH api/stores/{storeId}/status
Activity.Kind:               Server
Activity.StartTime:          2026-06-08T01:29:09.2261418Z
Activity.Duration:           00:00:00.0345116
Activity.Tags:
    server.address: localhost
    http.request.method: PATCH
    url.scheme: http
    url.path: /api/stores/019ea4d9-0f19-743e-95fb-c90d2a99f63b/status
    network.protocol.version: 1.1
    http.route: api/stores/{storeId}/status
    http.response.status_code: 200
Instrumentation scope (ActivitySource):
    Name: Microsoft.AspNetCore
Resource associated with Activity:
    telemetry.sdk.name: opentelemetry
    telemetry.sdk.language: dotnet
    telemetry.sdk.version: 1.14.0
    service.name: unknown_service:testhost
Activity.TraceId:            7b4da4dc973f7b156fcde5903f7de181
Activity.SpanId:             efa09108db041812
Activity.TraceFlags:         Recorded
Activity.DisplayName:        PATCH api/stores/{storeId}/status
Activity.Kind:               Server
Activity.StartTime:          2026-06-08T01:29:09.2261418Z
Activity.Duration:           00:00:00.0345116
Activity.Tags:
    server.address: localhost
    http.request.method: PATCH
    url.scheme: http
    url.path: /api/stores/019ea4d9-0f19-743e-95fb-c90d2a99f63b/status
    network.protocol.version: 1.1
    http.route: api/stores/{storeId}/status
    http.response.status_code: 200
Instrumentation scope (ActivitySource):
    Name: Microsoft.AspNetCore
Resource associated with Activity:
    telemetry.sdk.name: opentelemetry
    telemetry.sdk.language: dotnet
    telemetry.sdk.version: 1.14.0
    service.name: unknown_service:testhost
Activity.TraceId:            7b4da4dc973f7b156fcde5903f7de181
Activity.SpanId:             efa09108db041812
Activity.TraceFlags:         Recorded
Activity.DisplayName:        PATCH api/stores/{storeId}/status
Activity.Kind:               Server
Activity.StartTime:          2026-06-08T01:29:09.2261418Z
Activity.Duration:           00:00:00.0345116
Activity.Tags:
    server.address: localhost
    http.request.method: PATCH
    url.scheme: http
    url.path: /api/stores/019ea4d9-0f19-743e-95fb-c90d2a99f63b/status
    network.protocol.version: 1.1
    http.route: api/stores/{storeId}/status
    http.response.status_code: 200
Instrumentation scope (ActivitySource):
    Name: Microsoft.AspNetCore
Resource associated with Activity:
    telemetry.sdk.name: opentelemetry
    telemetry.sdk.language: dotnet
    telemetry.sdk.version: 1.14.0
    service.name: unknown_service:testhost
Activity.TraceId:            7b4da4dc973f7b156fcde5903f7de181
Activity.SpanId:             efa09108db041812
Activity.TraceFlags:         Recorded
Activity.DisplayName:        PATCH api/stores/{storeId}/status
Activity.Kind:               Server
Activity.StartTime:          2026-06-08T01:29:09.2261418Z
Activity.Duration:           00:00:00.0345116
Activity.Tags:
    server.address: localhost
    http.request.method: PATCH
    url.scheme: http
    url.path: /api/stores/019ea4d9-0f19-743e-95fb-c90d2a99f63b/status
    network.protocol.version: 1.1
    http.route: api/stores/{storeId}/status
    http.response.status_code: 200
Instrumentation scope (ActivitySource):
    Name: Microsoft.AspNetCore
Resource associated with Activity:
    telemetry.sdk.name: opentelemetry
    telemetry.sdk.language: dotnet
    telemetry.sdk.version: 1.14.0
    service.name: unknown_service:testhost
[22:29:09 INF] Saved 1 entities to in-memory store.
[22:29:09 INF] Executing endpoint 'Urbeat.WebApi.Controllers.AuthController.RegisterSeller (Urbeat.WebApi)'
[22:29:09 INF] STORE_STATUS_UPDATED | Store status updated | StoreId=019ea4d9-0eff-7cfc-8ee3-ef42a81dcd02 | OwnerUserId=019ea4d9-0d8f-7747-87aa-72998e07afb7 | IsOpen=True | IP=null
[22:29:09 INF] Saved 2 entities to in-memory store.
[22:29:09 INF] Saved 1 entities to in-memory store.
[22:29:09 INF] Saved 2 entities to in-memory store.
[22:29:09 INF] Executed action method Urbeat.WebApi.Controllers.StoresController.UpdateStatus (Urbeat.WebApi), returned result Microsoft.AspNetCore.Mvc.OkObjectResult in 1.1749ms.
[22:29:09 INF] Starting Hangfire Server using job storage: 'In-Memory Storage'
[22:29:09 INF] Using the following options for Hangfire Server:
    Worker count: 2
    Listening queues: 'default'
    Shutdown timeout: 00:00:15
    Schedule polling interval: 00:00:15
[22:29:09 INF] Saved 1 entities to in-memory store.
[22:29:09 INF] SellerRegistered | Registration succeeded | UserId=019ea4d9-0f87-7981-9a12-e8d51bf9f33a | Email=store.invalid-cuisine.e3dbc4b753f448eda4141c9b49ca72c0@urbeat.local | Role=Seller
[22:29:09 INF] Executing OkObjectResult, writing value of type 'Urbeat.Application.DTOs.StoreResponseDto'.
[22:29:09 INF] Request starting HTTP/1.1 GET http://localhost/api/stores/my-store - null null
[22:29:09 INF] Executed action Urbeat.WebApi.Controllers.StoresController.UpdateStatus (Urbeat.WebApi) in 52.7438ms
[22:29:09 INF] Executed endpoint 'Urbeat.WebApi.Controllers.StoresController.UpdateStatus (Urbeat.WebApi)'
[22:29:09 INF] HTTP PATCH /api/stores/019ea4d9-0eff-7cfc-8ee3-ef42a81dcd02/status responded 200 in 57.0563 ms
[22:29:09 INF] Request finished HTTP/1.1 PATCH http://localhost/api/stores/019ea4d9-0eff-7cfc-8ee3-ef42a81dcd02/status - 200 null application/json; charset=utf-8 85.2825ms
[22:29:09 INF] Executing endpoint 'Urbeat.WebApi.Controllers.StoresController.GetMyStore (Urbeat.WebApi)'
[22:29:09 INF] Executed action method Urbeat.WebApi.Controllers.AuthController.RegisterSeller (Urbeat.WebApi), returned result Microsoft.AspNetCore.Mvc.ObjectResult in 56.5894ms.
[22:29:09 INF] Route matched with {action = "GetMyStore", controller = "Stores"}. Executing controller action with signature System.Threading.Tasks.Task`1[Microsoft.AspNetCore.Mvc.IActionResult] GetMyStore(System.Threading.CancellationToken) on controller Urbeat.WebApi.Controllers.StoresController (Urbeat.WebApi).
[22:29:09 INF] Server fabio-mobile:44964:725b12bf successfully announced in 0,0426 ms
[22:29:09 INF] Saved 1 entities to in-memory store.
Activity.TraceId:            11af88d68d75f0cb8961464d14621a9c
Activity.SpanId:             9bf3224d24ae67d0
Activity.TraceFlags:         Recorded
Activity.DisplayName:        PATCH api/stores/{storeId}/status
[22:29:09 INF] USER_LOGGED_IN | Login succeeded | UserId=019ea4d9-0ecf-7e8a-b2a6-4019993cb0d6 | Email=subscription.contract.seller.b42873d3146b41c1818731a102708682@urbeat.local | Role=Seller | IP=null
Activity.Kind:               Server
Activity.StartTime:          2026-06-08T01:29:09.2261324Z
Activity.Duration:           00:00:00.0854412
Activity.Tags:
    server.address: localhost
    http.request.method: PATCH
    url.scheme: http
    url.path: /api/stores/019ea4d9-0eff-7cfc-8ee3-ef42a81dcd02/status
    network.protocol.version: 1.1
    http.route: api/stores/{storeId}/status
    http.response.status_code: 200
Instrumentation scope (ActivitySource):
    Name: Microsoft.AspNetCore
Resource associated with Activity:
    telemetry.sdk.name: opentelemetry
    telemetry.sdk.language: dotnet
    telemetry.sdk.version: 1.14.0
    service.name: unknown_service:testhost
Activity.TraceId:            11af88d68d75f0cb8961464d14621a9c
Activity.SpanId:             9bf3224d24ae67d0
Activity.TraceFlags:         Recorded
Activity.DisplayName:        PATCH api/stores/{storeId}/status
Activity.Kind:               Server
Activity.StartTime:          2026-06-08T01:29:09.2261324Z
Activity.Duration:           00:00:00.0854412
Activity.Tags:
    server.address: localhost
    http.request.method: PATCH
    url.scheme: http
    url.path: /api/stores/019ea4d9-0eff-7cfc-8ee3-ef42a81dcd02/status
    network.protocol.version: 1.1
    http.route: api/stores/{storeId}/status
    http.response.status_code: 200
Instrumentation scope (ActivitySource):
    Name: Microsoft.AspNetCore
Resource associated with Activity:
    telemetry.sdk.name: opentelemetry
    telemetry.sdk.language: dotnet
    telemetry.sdk.version: 1.14.0
    service.name: unknown_service:testhost
[22:29:09 INF] Saved 1 entities to in-memory store.
Activity.TraceId:            11af88d68d75f0cb8961464d14621a9c
Activity.SpanId:             9bf3224d24ae67d0
Activity.TraceFlags:         Recorded
Activity.DisplayName:        PATCH api/stores/{storeId}/status
Activity.Kind:               Server
Activity.StartTime:          2026-06-08T01:29:09.2261324Z
Activity.Duration:           00:00:00.0854412
Activity.Tags:
    server.address: localhost
    http.request.method: PATCH
    url.scheme: http
    url.path: /api/stores/019ea4d9-0eff-7cfc-8ee3-ef42a81dcd02/status
    network.protocol.version: 1.1
    http.route: api/stores/{storeId}/status
    http.response.status_code: 200
Instrumentation scope (ActivitySource):
    Name: Microsoft.AspNetCore
[22:29:09 INF] Executing ObjectResult, writing value of type '<>f__AnonymousType2`3[[System.Nullable`1[[System.Guid, System.Private.CoreLib, Version=9.0.0.0, Culture=neutral, PublicKeyToken=7cec85d7bea7798e]], System.Private.CoreLib, Version=9.0.0.0, Culture=neutral, PublicKeyToken=7cec85d7bea7798e],[System.Boolean, System.Private.CoreLib, Version=9.0.0.0, Culture=neutral, PublicKeyToken=7cec85d7bea7798e],[System.String, System.Private.CoreLib, Version=9.0.0.0, Culture=neutral, PublicKeyToken=7cec85d7bea7798e]]'.
Resource associated with Activity:
[22:29:09 INF] Executed action method Urbeat.WebApi.Controllers.AuthController.LoginSeller (Urbeat.WebApi), returned result Microsoft.AspNetCore.Mvc.OkObjectResult in 56.9061ms.
    telemetry.sdk.name: opentelemetry
    telemetry.sdk.language: dotnet
    telemetry.sdk.version: 1.14.0
    service.name: unknown_service:testhost
Activity.TraceId:            11af88d68d75f0cb8961464d14621a9c
Activity.SpanId:             9bf3224d24ae67d0
Activity.TraceFlags:         Recorded
Activity.DisplayName:        PATCH api/stores/{storeId}/status
Activity.Kind:               Server
Activity.StartTime:          2026-06-08T01:29:09.2261324Z
Activity.Duration:           00:00:00.0854412
[22:29:09 INF] Executing OkObjectResult, writing value of type 'Urbeat.Application.DTOs.AuthTokenResponseDto'.
Activity.Tags:
[22:29:09 INF] Executing action method Urbeat.WebApi.Controllers.StoresController.GetMyStore (Urbeat.WebApi) - Validation state: Valid
    server.address: localhost
[22:29:09 INF] Executed action Urbeat.WebApi.Controllers.AuthController.RegisterSeller (Urbeat.WebApi) in 57.89ms
    http.request.method: PATCH
    url.scheme: http
    url.path: /api/stores/019ea4d9-0eff-7cfc-8ee3-ef42a81dcd02/status
    network.protocol.version: 1.1
[22:29:09 INF] Server fabio-mobile:44964:725b12bf is starting the registered dispatchers: ServerWatchdog, ServerJobCancellationWatcher, Worker, DelayedJobScheduler, RecurringJobScheduler...
    http.route: api/stores/{storeId}/status
    http.response.status_code: 200
Instrumentation scope (ActivitySource):
    Name: Microsoft.AspNetCore
Resource associated with Activity:
[22:29:09 INF] Executed endpoint 'Urbeat.WebApi.Controllers.AuthController.RegisterSeller (Urbeat.WebApi)'
    telemetry.sdk.name: opentelemetry
[22:29:09 INF] Executed action Urbeat.WebApi.Controllers.AuthController.LoginSeller (Urbeat.WebApi) in 57.9165ms
    telemetry.sdk.language: dotnet
    telemetry.sdk.version: 1.14.0
    service.name: unknown_service:testhost
Activity.TraceId:            11af88d68d75f0cb8961464d14621a9c
[22:29:09 INF] Executed endpoint 'Urbeat.WebApi.Controllers.AuthController.LoginSeller (Urbeat.WebApi)'
Activity.SpanId:             9bf3224d24ae67d0
Activity.TraceFlags:         Recorded
Activity.DisplayName:        PATCH api/stores/{storeId}/status
Activity.Kind:               Server
Activity.StartTime:          2026-06-08T01:29:09.2261324Z
Activity.Duration:           00:00:00.0854412
Activity.Tags:
    server.address: localhost
    http.request.method: PATCH
    url.scheme: http
[22:29:09 INF] HTTP POST /api/auth/login/seller responded 200 in 58.3372 ms
    url.path: /api/stores/019ea4d9-0eff-7cfc-8ee3-ef42a81dcd02/status
    network.protocol.version: 1.1
    http.route: api/stores/{storeId}/status
    http.response.status_code: 200
Instrumentation scope (ActivitySource):
    Name: Microsoft.AspNetCore
Resource associated with Activity:
    telemetry.sdk.name: opentelemetry
    telemetry.sdk.language: dotnet
    telemetry.sdk.version: 1.14.0
    service.name: unknown_service:testhost
Activity.TraceId:            11af88d68d75f0cb8961464d14621a9c
Activity.SpanId:             9bf3224d24ae67d0
Activity.TraceFlags:         Recorded
Activity.DisplayName:        PATCH api/stores/{storeId}/status
Activity.Kind:               Server
Activity.StartTime:          2026-06-08T01:29:09.2261324Z
Activity.Duration:           00:00:00.0854412
Activity.Tags:
    server.address: localhost
    http.request.method: PATCH
    url.scheme: http
    url.path: /api/stores/019ea4d9-0eff-7cfc-8ee3-ef42a81dcd02/status
    network.protocol.version: 1.1
    http.route: api/stores/{storeId}/status
    http.response.status_code: 200
Instrumentation scope (ActivitySource):
    Name: Microsoft.AspNetCore
Resource associated with Activity:
    telemetry.sdk.name: opentelemetry
    telemetry.sdk.language: dotnet
    telemetry.sdk.version: 1.14.0
    service.name: unknown_service:testhost
[22:29:09 INF] Request finished HTTP/1.1 POST http://localhost/api/auth/login/seller - 200 null application/json; charset=utf-8 93.5306ms
Activity.TraceId:            11af88d68d75f0cb8961464d14621a9c
Activity.SpanId:             9bf3224d24ae67d0
Activity.TraceFlags:         Recorded
Activity.DisplayName:        PATCH api/stores/{storeId}/status
Activity.Kind:               Server
[22:29:09 INF] Saved 1 entities to in-memory store.
Activity.StartTime:          2026-06-08T01:29:09.2261324Z
Activity.Duration:           00:00:00.0854412
Activity.Tags:
    server.address: localhost
    http.request.method: PATCH
    url.scheme: http
    url.path: /api/stores/019ea4d9-0eff-7cfc-8ee3-ef42a81dcd02/status
    network.protocol.version: 1.1
    http.route: api/stores/{storeId}/status
    http.response.status_code: 200
Instrumentation scope (ActivitySource):
    Name: Microsoft.AspNetCore
Resource associated with Activity:
    telemetry.sdk.name: opentelemetry
    telemetry.sdk.language: dotnet
    telemetry.sdk.version: 1.14.0
    service.name: unknown_service:testhost
[22:29:09 INF] Executed action method Urbeat.WebApi.Controllers.StoreCategoriesController.Delete (Urbeat.WebApi), returned result Microsoft.AspNetCore.Mvc.NoContentResult in 58.7985ms.
Activity.TraceId:            11af88d68d75f0cb8961464d14621a9c
Activity.SpanId:             9bf3224d24ae67d0
Activity.TraceFlags:         Recorded
Activity.DisplayName:        PATCH api/stores/{storeId}/status
Activity.TraceId:            c8421953dc8eaf74788e4e88f957f0c2
Activity.Kind:               Server
Activity.SpanId:             26d34f0b91e35bdd
[22:29:09 WRN] Failed to process the job 'b1d6b175-ca5d-43a8-9983-e4299952e32f': an exception occurred. Retry attempt 1 of 10 will be performed in 00:00:40.
System.ObjectDisposedException: Cannot access a disposed object.
Object name: 'IServiceProvider'.
   at Microsoft.Extensions.DependencyInjection.ServiceLookup.ThrowHelper.ThrowObjectDisposedException()
   at Microsoft.Extensions.DependencyInjection.ServiceProvider.CreateScope()
   at Hangfire.AspNetCore.AspNetCoreJobActivator.BeginScope(JobActivatorContext context) in C:\projects\hangfire-525\src\Hangfire.NetCore\AspNetCore\AspNetCoreJobActivator.cs:line 34
   at Hangfire.JobActivator.BeginScope(PerformContext context) in C:\projects\hangfire-525\src\Hangfire.Core\JobActivator.cs:line 66
   at Hangfire.Server.CoreBackgroundJobPerformer.Perform(PerformContext context) in C:\projects\hangfire-525\src\Hangfire.Core\Server\CoreBackgroundJobPerformer.cs:line 49
   at Hangfire.Server.BackgroundJobPerformer.InvokeNextServerFilter(Enumerator& enumerator, IBackgroundJobPerformer innerPerformer, PerformContext context, PerformingContext preContext) in C:\projects\hangfire-525\src\Hangfire.Core\Server\BackgroundJobPerformer.cs:line 133
   at Hangfire.Server.BackgroundJobPerformer.InvokeServerFilter(Enumerator& enumerator, IBackgroundJobPerformer innerPerformer, PerformContext context, PerformingContext preContext) in C:\projects\hangfire-525\src\Hangfire.Core\Server\BackgroundJobPerformer.cs:line 174
   at Hangfire.Server.BackgroundJobPerformer.InvokeNextServerFilter(Enumerator& enumerator, IBackgroundJobPerformer innerPerformer, PerformContext context, PerformingContext preContext) in C:\projects\hangfire-525\src\Hangfire.Core\Server\BackgroundJobPerformer.cs:line 130
   at Hangfire.Server.BackgroundJobPerformer.PerformJobWithFilters(PerformContext context, FilterCollection`1 filters) in C:\projects\hangfire-525\src\Hangfire.Core\Server\BackgroundJobPerformer.cs:line 119
   at Hangfire.Server.BackgroundJobPerformer.Perform(PerformContext context) in C:\projects\hangfire-525\src\Hangfire.Core\Server\BackgroundJobPerformer.cs:line 78
   at Hangfire.Server.Worker.PerformJob(BackgroundProcessContext context, IStorageConnection connection, String jobId, BackgroundJob backgroundJob, IReadOnlyDictionary`2& customData) in C:\projects\hangfire-525\src\Hangfire.Core\Server\Worker.cs:line 320
Activity.TraceFlags:         Recorded
Activity.DisplayName:        POST api/auth/login/seller
Activity.StartTime:          2026-06-08T01:29:09.2261324Z
Activity.Kind:               Server
Activity.Duration:           00:00:00.0854412
Activity.Tags:
Activity.StartTime:          2026-06-08T01:29:09.2190462Z
    server.address: localhost
Activity.Duration:           00:00:00.0936672
    http.request.method: PATCH
Activity.Tags:
    url.scheme: http
    server.address: localhost
    http.request.method: POST
    url.scheme: http
    url.path: /api/auth/login/seller
    network.protocol.version: 1.1
    http.route: api/auth/login/seller
[22:29:09 INF] HTTP POST /api/auth/register/seller responded 201 in 58.7616 ms
    http.response.status_code: 200
Instrumentation scope (ActivitySource):
    Name: Microsoft.AspNetCore
    url.path: /api/stores/019ea4d9-0eff-7cfc-8ee3-ef42a81dcd02/status
[22:29:09 INF] Executing StatusCodeResult, setting HTTP status code 204
    network.protocol.version: 1.1
    http.route: api/stores/{storeId}/status
    http.response.status_code: 200
Resource associated with Activity:
Instrumentation scope (ActivitySource):
[22:29:09 INF] Executed action method Urbeat.WebApi.Controllers.StoresController.GetMyStore (Urbeat.WebApi), returned result Microsoft.AspNetCore.Mvc.OkObjectResult in 0.6696ms.
    Name: Microsoft.AspNetCore
    telemetry.sdk.name: opentelemetry
Resource associated with Activity:
    telemetry.sdk.language: dotnet
[22:29:09 INF] Server fabio-mobile:44964:725b12bf all the dispatchers started
    telemetry.sdk.version: 1.14.0
    telemetry.sdk.name: opentelemetry
    service.name: unknown_service:testhost
    telemetry.sdk.language: dotnet
[22:29:09 INF] Route matched with {action = "RegisterSeller", controller = "Auth"}. Executing controller action with signature System.Threading.Tasks.Task`1[Microsoft.AspNetCore.Mvc.IActionResult] RegisterSeller(Urbeat.Application.DTOs.RegisterUserRequestDto, System.Threading.CancellationToken) on controller Urbeat.WebApi.Controllers.AuthController (Urbeat.WebApi).
    telemetry.sdk.version: 1.14.0
    service.name: unknown_service:testhost
[22:29:09 INF] Executing action method Urbeat.WebApi.Controllers.CheckoutController.Preview (Urbeat.WebApi) - Validation state: Valid
Activity.TraceId:            c8421953dc8eaf74788e4e88f957f0c2
[22:29:09 INF] Executing action method Urbeat.WebApi.Controllers.OrdersController.Create (Urbeat.WebApi) - Validation state: Valid
Activity.SpanId:             26d34f0b91e35bdd
Activity.TraceFlags:         Recorded
Activity.DisplayName:        POST api/auth/login/seller
Activity.TraceId:            11af88d68d75f0cb8961464d14621a9c
Activity.Kind:               Server
Activity.SpanId:             9bf3224d24ae67d0
Activity.TraceFlags:         Recorded
Activity.DisplayName:        PATCH api/stores/{storeId}/status
Activity.Kind:               Server
Activity.StartTime:          2026-06-08T01:29:09.2190462Z
Activity.Duration:           00:00:00.0936672
Activity.StartTime:          2026-06-08T01:29:09.2261324Z
Activity.Tags:
Activity.Duration:           00:00:00.0854412
    server.address: localhost
Activity.Tags:
    http.request.method: POST
[22:29:09 INF] Executed action Urbeat.WebApi.Controllers.StoreCategoriesController.Delete (Urbeat.WebApi) in 128.5822ms
    url.scheme: http
    url.path: /api/auth/login/seller
    server.address: localhost
    network.protocol.version: 1.1
[22:29:09 INF] Request finished HTTP/1.1 POST http://localhost/api/auth/register/seller - 201 null application/json; charset=utf-8 128.0435ms
    http.request.method: PATCH
[22:29:09 INF] Executing OkObjectResult, writing value of type 'Urbeat.Application.DTOs.StoreResponseDto'.
    url.scheme: http
[22:29:09 INF] Executed endpoint 'Urbeat.WebApi.Controllers.StoreCategoriesController.Delete (Urbeat.WebApi)'
    http.route: api/auth/login/seller
    http.response.status_code: 200
Instrumentation scope (ActivitySource):
    Name: Microsoft.AspNetCore
Resource associated with Activity:
    url.path: /api/stores/019ea4d9-0eff-7cfc-8ee3-ef42a81dcd02/status
    telemetry.sdk.name: opentelemetry
    telemetry.sdk.language: dotnet
    telemetry.sdk.version: 1.14.0
    network.protocol.version: 1.1
    service.name: unknown_service:testhost
    http.route: api/stores/{storeId}/status
Activity.TraceId:            c8421953dc8eaf74788e4e88f957f0c2
Activity.SpanId:             26d34f0b91e35bdd
    http.response.status_code: 200
Activity.TraceFlags:         Recorded
Activity.DisplayName:        POST api/auth/login/seller
Instrumentation scope (ActivitySource):
Activity.Kind:               Server
    Name: Microsoft.AspNetCore
Resource associated with Activity:
Activity.StartTime:          2026-06-08T01:29:09.2190462Z
    telemetry.sdk.name: opentelemetry
Activity.Duration:           00:00:00.0936672
    telemetry.sdk.language: dotnet
Activity.Tags:
    telemetry.sdk.version: 1.14.0
    server.address: localhost
Activity.TraceId:            e590840ae440710e9e451d7b0e5eb72b
    http.request.method: POST
Activity.SpanId:             787ec31f8e7579b1
    url.scheme: http
Activity.TraceFlags:         Recorded
Activity.DisplayName:        POST api/auth/register/seller
    url.path: /api/auth/login/seller
[22:29:09 INF] HTTP DELETE /api/stores/019ea4d9-0dcd-7409-979a-4ad0ed11b7da/categories/019ea4d9-0ead-78e5-b214-aa054a7b5f6a responded 204 in 129.2824 ms
Activity.Kind:               Server
    network.protocol.version: 1.1
    http.route: api/auth/login/seller
Activity.StartTime:          2026-06-08T01:29:09.2189840Z
    http.response.status_code: 200
Activity.Duration:           00:00:00.1282047
    service.name: unknown_service:testhost
Instrumentation scope (ActivitySource):
Activity.Tags:
[22:29:09 INF] Executed action Urbeat.WebApi.Controllers.StoresController.GetMyStore (Urbeat.WebApi) in 35.6733ms
    server.address: localhost
    Name: Microsoft.AspNetCore
    http.request.method: POST
Resource associated with Activity:
    url.scheme: http
    telemetry.sdk.name: opentelemetry
    telemetry.sdk.language: dotnet
    telemetry.sdk.version: 1.14.0
    service.name: unknown_service:testhost
    url.path: /api/auth/register/seller
[22:29:09 INF] Executed endpoint 'Urbeat.WebApi.Controllers.StoresController.GetMyStore (Urbeat.WebApi)'
    network.protocol.version: 1.1
    http.route: api/auth/register/seller
Activity.TraceId:            c8421953dc8eaf74788e4e88f957f0c2
    http.response.status_code: 201
Activity.SpanId:             26d34f0b91e35bdd
Instrumentation scope (ActivitySource):
Activity.TraceFlags:         Recorded
Activity.TraceId:            11af88d68d75f0cb8961464d14621a9c
Activity.DisplayName:        POST api/auth/login/seller
Activity.SpanId:             9bf3224d24ae67d0
    Name: Microsoft.AspNetCore
Activity.Kind:               Server
Activity.TraceFlags:         Recorded
Resource associated with Activity:
Activity.DisplayName:        PATCH api/stores/{storeId}/status
    telemetry.sdk.name: opentelemetry
Activity.Kind:               Server
Activity.StartTime:          2026-06-08T01:29:09.2190462Z
    telemetry.sdk.language: dotnet
[22:29:09 INF] HTTP GET /api/stores/my-store responded 200 in 36.2632 ms
Activity.Duration:           00:00:00.0936672
    telemetry.sdk.version: 1.14.0
Activity.Tags:
Activity.StartTime:          2026-06-08T01:29:09.2261324Z
    server.address: localhost
    service.name: unknown_service:testhost
Activity.Duration:           00:00:00.0854412
    http.request.method: POST
Activity.Tags:
Activity.TraceId:            e590840ae440710e9e451d7b0e5eb72b
    url.scheme: http
    server.address: localhost
Activity.SpanId:             787ec31f8e7579b1
    http.request.method: PATCH
Activity.TraceFlags:         Recorded
    url.scheme: http
Activity.DisplayName:        POST api/auth/register/seller
[22:29:09 INF] Request finished HTTP/1.1 DELETE http://localhost/api/stores/019ea4d9-0dcd-7409-979a-4ad0ed11b7da/categories/019ea4d9-0ead-78e5-b214-aa054a7b5f6a - 204 null null 159.8871ms
    url.path: /api/stores/019ea4d9-0eff-7cfc-8ee3-ef42a81dcd02/status
Activity.Kind:               Server
    network.protocol.version: 1.1
Activity.StartTime:          2026-06-08T01:29:09.2189840Z
Activity.Duration:           00:00:00.1282047
    http.route: api/stores/{storeId}/status
Activity.Tags:
    server.address: localhost
    http.response.status_code: 200
    http.request.method: POST
    url.path: /api/auth/login/seller
Instrumentation scope (ActivitySource):
    network.protocol.version: 1.1
[22:29:09 INF] Request finished HTTP/1.1 GET http://localhost/api/stores/my-store - 200 null application/json; charset=utf-8 36.8988ms
    Name: Microsoft.AspNetCore
    http.route: api/auth/login/seller
Resource associated with Activity:
    http.response.status_code: 200
    telemetry.sdk.name: opentelemetry
    telemetry.sdk.language: dotnet
Instrumentation scope (ActivitySource):
    telemetry.sdk.version: 1.14.0
    url.scheme: http
    Name: Microsoft.AspNetCore
    url.path: /api/auth/register/seller
    network.protocol.version: 1.1
Resource associated with Activity:
    http.route: api/auth/register/seller
    service.name: unknown_service:testhost
    http.response.status_code: 201
    telemetry.sdk.name: opentelemetry
Instrumentation scope (ActivitySource):
    telemetry.sdk.language: dotnet
    Name: Microsoft.AspNetCore
Activity.TraceId:            11af88d68d75f0cb8961464d14621a9c
Resource associated with Activity:
Activity.SpanId:             9bf3224d24ae67d0
    telemetry.sdk.version: 1.14.0
Activity.TraceFlags:         Recorded
    telemetry.sdk.name: opentelemetry
Activity.DisplayName:        PATCH api/stores/{storeId}/status
    telemetry.sdk.language: dotnet
    service.name: unknown_service:testhost
Activity.Kind:               Server
    telemetry.sdk.version: 1.14.0
    service.name: unknown_service:testhost
Activity.StartTime:          2026-06-08T01:29:09.2261324Z
Activity.Duration:           00:00:00.0854412
Activity.TraceId:            c8421953dc8eaf74788e4e88f957f0c2
Activity.Tags:
Activity.TraceId:            e590840ae440710e9e451d7b0e5eb72b
    server.address: localhost
Activity.SpanId:             26d34f0b91e35bdd
    http.request.method: PATCH
Activity.SpanId:             787ec31f8e7579b1
    url.scheme: http
Activity.TraceFlags:         Recorded
Activity.TraceFlags:         Recorded
    url.path: /api/stores/019ea4d9-0eff-7cfc-8ee3-ef42a81dcd02/status
Activity.DisplayName:        POST api/auth/register/seller
    network.protocol.version: 1.1
Activity.Kind:               Server
    http.route: api/stores/{storeId}/status
Activity.TraceId:            8c45bec8f438a306852f94eb79396685
    http.response.status_code: 200
Activity.StartTime:          2026-06-08T01:29:09.2189840Z
Activity.SpanId:             f999e41b8e10326c
Activity.Duration:           00:00:00.1282047
Instrumentation scope (ActivitySource):
Activity.TraceFlags:         Recorded
Activity.Tags:
Activity.DisplayName:        GET api/stores/my-store
    server.address: localhost
Activity.Kind:               Server
    http.request.method: POST
Activity.StartTime:          2026-06-08T01:29:09.3106477Z
Activity.Duration:           00:00:00.0369800
    url.scheme: http
Activity.DisplayName:        POST api/auth/login/seller
    url.path: /api/auth/register/seller
Activity.Tags:
    network.protocol.version: 1.1
Activity.Kind:               Server
    http.route: api/auth/register/seller
    server.address: localhost
    http.response.status_code: 201
    http.request.method: GET
Instrumentation scope (ActivitySource):
Activity.StartTime:          2026-06-08T01:29:09.2190462Z
    Name: Microsoft.AspNetCore
Activity.Duration:           00:00:00.0936672
Resource associated with Activity:
Activity.Tags:
    telemetry.sdk.name: opentelemetry
    server.address: localhost
    telemetry.sdk.language: dotnet
    http.request.method: POST
    telemetry.sdk.version: 1.14.0
    url.scheme: http
    Name: Microsoft.AspNetCore
Resource associated with Activity:
    url.scheme: http
    telemetry.sdk.name: opentelemetry
    url.path: /api/stores/my-store
    network.protocol.version: 1.1
    http.route: api/stores/my-store
    url.path: /api/auth/login/seller
    http.response.status_code: 200
    network.protocol.version: 1.1
    http.route: api/auth/login/seller
Instrumentation scope (ActivitySource):
    http.response.status_code: 200
    Name: Microsoft.AspNetCore
Instrumentation scope (ActivitySource):
    telemetry.sdk.language: dotnet
    Name: Microsoft.AspNetCore
Resource associated with Activity:
    telemetry.sdk.version: 1.14.0
Resource associated with Activity:
    telemetry.sdk.name: opentelemetry
    telemetry.sdk.name: opentelemetry
    telemetry.sdk.language: dotnet
    telemetry.sdk.version: 1.14.0
    service.name: unknown_service:testhost
    service.name: unknown_service:testhost
    service.name: unknown_service:testhost
Activity.TraceId:            e590840ae440710e9e451d7b0e5eb72b
Activity.SpanId:             787ec31f8e7579b1
Activity.TraceId:            fe8895598e63986e200df5965449638d
Activity.TraceFlags:         Recorded
Activity.SpanId:             75c4416dd4fc55f1
Activity.DisplayName:        POST api/auth/register/seller
Activity.TraceFlags:         Recorded
Activity.DisplayName:        DELETE api/stores/{storeId}/categories/{categoryId}
Activity.Kind:               Server
Activity.Kind:               Server
    telemetry.sdk.language: dotnet
Activity.StartTime:          2026-06-08T01:29:09.2189840Z
Activity.StartTime:          2026-06-08T01:29:09.1875661Z
    telemetry.sdk.version: 1.14.0
Activity.Duration:           00:00:00.1600688
    service.name: unknown_service:testhost
Activity.Tags:
Activity.Duration:           00:00:00.1282047
    server.address: localhost
Activity.Tags:
    http.request.method: DELETE
    server.address: localhost
    url.scheme: http
Activity.TraceId:            c8421953dc8eaf74788e4e88f957f0c2
    http.request.method: POST
Activity.SpanId:             26d34f0b91e35bdd
    url.scheme: http
    url.path: /api/stores/019ea4d9-0dcd-7409-979a-4ad0ed11b7da/categories/019ea4d9-0ead-78e5-b214-aa054a7b5f6a
Activity.TraceFlags:         Recorded
    url.path: /api/auth/register/seller
Activity.DisplayName:        POST api/auth/login/seller
    network.protocol.version: 1.1
    network.protocol.version: 1.1
    http.route: api/stores/{storeId}/categories/{categoryId}
    http.route: api/auth/register/seller
    http.response.status_code: 204
Activity.Kind:               Server
    http.response.status_code: 201
Instrumentation scope (ActivitySource):
Instrumentation scope (ActivitySource):
    Name: Microsoft.AspNetCore
Activity.StartTime:          2026-06-08T01:29:09.2190462Z
Resource associated with Activity:
Activity.Duration:           00:00:00.0936672
    Name: Microsoft.AspNetCore
    telemetry.sdk.name: opentelemetry
Activity.Tags:
    telemetry.sdk.language: dotnet
    server.address: localhost
Resource associated with Activity:
    telemetry.sdk.version: 1.14.0
    http.request.method: POST
    telemetry.sdk.name: opentelemetry
    url.scheme: http
    telemetry.sdk.language: dotnet
    url.path: /api/auth/login/seller
    service.name: unknown_service:testhost
    network.protocol.version: 1.1
    telemetry.sdk.version: 1.14.0
    http.route: api/auth/login/seller
    service.name: unknown_service:testhost
    http.response.status_code: 200
Activity.TraceId:            8c45bec8f438a306852f94eb79396685
Instrumentation scope (ActivitySource):
Activity.TraceId:            e590840ae440710e9e451d7b0e5eb72b
    Name: Microsoft.AspNetCore
Activity.SpanId:             f999e41b8e10326c
Resource associated with Activity:
Activity.TraceFlags:         Recorded
Activity.SpanId:             787ec31f8e7579b1
Activity.DisplayName:        GET api/stores/my-store
Activity.TraceFlags:         Recorded
    telemetry.sdk.name: opentelemetry
Activity.Kind:               Server
    telemetry.sdk.language: dotnet
Activity.DisplayName:        POST api/auth/register/seller
    telemetry.sdk.version: 1.14.0
Activity.Kind:               Server
Activity.StartTime:          2026-06-08T01:29:09.3106477Z
    service.name: unknown_service:testhost
Activity.Duration:           00:00:00.0369800
Activity.StartTime:          2026-06-08T01:29:09.2189840Z
Activity.Tags:
Activity.TraceId:            c8421953dc8eaf74788e4e88f957f0c2
    server.address: localhost
Activity.SpanId:             26d34f0b91e35bdd
    http.request.method: GET
Activity.TraceFlags:         Recorded
Activity.Duration:           00:00:00.1282047
    url.scheme: http
Activity.Tags:
Activity.DisplayName:        POST api/auth/login/seller
    url.path: /api/stores/my-store
Activity.Kind:               Server
    network.protocol.version: 1.1
    server.address: localhost
    http.route: api/stores/my-store
Activity.StartTime:          2026-06-08T01:29:09.2190462Z
    http.request.method: POST
Activity.Duration:           00:00:00.0936672
    http.response.status_code: 200
Activity.Tags:
Instrumentation scope (ActivitySource):
    Name: Microsoft.AspNetCore
    server.address: localhost
Resource associated with Activity:
    http.request.method: POST
    telemetry.sdk.name: opentelemetry
    url.scheme: http
    telemetry.sdk.language: dotnet
    url.path: /api/auth/login/seller
    telemetry.sdk.version: 1.14.0
    network.protocol.version: 1.1
    service.name: unknown_service:testhost
    http.route: api/auth/login/seller
Activity.TraceId:            8c45bec8f438a306852f94eb79396685
    url.scheme: http
Activity.TraceId:            fe8895598e63986e200df5965449638d
    url.path: /api/auth/register/seller
    http.response.status_code: 200
Activity.SpanId:             75c4416dd4fc55f1
Activity.SpanId:             f999e41b8e10326c
Activity.TraceFlags:         Recorded
Activity.TraceFlags:         Recorded
Activity.DisplayName:        DELETE api/stores/{storeId}/categories/{categoryId}
Instrumentation scope (ActivitySource):
Activity.DisplayName:        GET api/stores/my-store
    Name: Microsoft.AspNetCore
Activity.Kind:               Server
Resource associated with Activity:
Activity.Kind:               Server
    telemetry.sdk.name: opentelemetry
Activity.StartTime:          2026-06-08T01:29:09.3106477Z
    telemetry.sdk.language: dotnet
Activity.Duration:           00:00:00.0369800
    telemetry.sdk.version: 1.14.0
    network.protocol.version: 1.1
Activity.Tags:
    http.route: api/auth/register/seller
    server.address: localhost
Activity.StartTime:          2026-06-08T01:29:09.1875661Z
    http.request.method: GET
    http.response.status_code: 201
Activity.Duration:           00:00:00.1600688
Instrumentation scope (ActivitySource):
Activity.Tags:
    Name: Microsoft.AspNetCore
    url.scheme: http
    server.address: localhost
Resource associated with Activity:
    url.path: /api/stores/my-store
    telemetry.sdk.name: opentelemetry
    network.protocol.version: 1.1
    telemetry.sdk.language: dotnet
    http.route: api/stores/my-store
    telemetry.sdk.version: 1.14.0
    http.response.status_code: 200
    service.name: unknown_service:testhost
    http.request.method: DELETE
Instrumentation scope (ActivitySource):
    Name: Microsoft.AspNetCore
    url.scheme: http
Resource associated with Activity:
    url.path: /api/stores/019ea4d9-0dcd-7409-979a-4ad0ed11b7da/categories/019ea4d9-0ead-78e5-b214-aa054a7b5f6a
    telemetry.sdk.name: opentelemetry
    network.protocol.version: 1.1
    telemetry.sdk.language: dotnet
Activity.TraceId:            e590840ae440710e9e451d7b0e5eb72b
    telemetry.sdk.version: 1.14.0
Activity.SpanId:             787ec31f8e7579b1
    service.name: unknown_service:testhost
    http.route: api/stores/{storeId}/categories/{categoryId}
    http.response.status_code: 204
Instrumentation scope (ActivitySource):
    service.name: unknown_service:testhost
    Name: Microsoft.AspNetCore
Resource associated with Activity:
Activity.TraceId:            c8421953dc8eaf74788e4e88f957f0c2
    telemetry.sdk.name: opentelemetry
Activity.SpanId:             26d34f0b91e35bdd
Activity.TraceFlags:         Recorded
    telemetry.sdk.language: dotnet
Activity.TraceFlags:         Recorded
Activity.DisplayName:        POST api/auth/register/seller
Activity.DisplayName:        POST api/auth/login/seller
    telemetry.sdk.version: 1.14.0
Activity.Kind:               Server
    service.name: unknown_service:testhost
Activity.Kind:               Server
Activity.StartTime:          2026-06-08T01:29:09.2189840Z
Activity.StartTime:          2026-06-08T01:29:09.2190462Z
Activity.Duration:           00:00:00.1282047
Activity.Duration:           00:00:00.0936672
Activity.Tags:
Activity.Tags:
    server.address: localhost
    server.address: localhost
    http.request.method: POST
    http.request.method: POST
    url.scheme: http
    url.scheme: http
    url.path: /api/auth/register/seller
    url.path: /api/auth/login/seller
    network.protocol.version: 1.1
    network.protocol.version: 1.1
    http.route: api/auth/register/seller
    http.route: api/auth/login/seller
Activity.TraceId:            8c45bec8f438a306852f94eb79396685
    http.response.status_code: 201
Activity.SpanId:             f999e41b8e10326c
    http.response.status_code: 200
Instrumentation scope (ActivitySource):
Activity.TraceFlags:         Recorded
Activity.TraceId:            fe8895598e63986e200df5965449638d
Activity.SpanId:             75c4416dd4fc55f1
Activity.DisplayName:        GET api/stores/my-store
Activity.TraceFlags:         Recorded
Activity.Kind:               Server
Activity.DisplayName:        DELETE api/stores/{storeId}/categories/{categoryId}
Activity.Kind:               Server
Activity.StartTime:          2026-06-08T01:29:09.3106477Z
Instrumentation scope (ActivitySource):
Activity.StartTime:          2026-06-08T01:29:09.1875661Z
    Name: Microsoft.AspNetCore
Activity.Duration:           00:00:00.0369800
Activity.Duration:           00:00:00.1600688
Activity.Tags:
Resource associated with Activity:
Activity.Tags:
    telemetry.sdk.name: opentelemetry
    server.address: localhost
    server.address: localhost
    http.request.method: GET
    http.request.method: DELETE
    url.scheme: http
    url.scheme: http
    telemetry.sdk.language: dotnet
    url.path: /api/stores/my-store
    url.path: /api/stores/019ea4d9-0dcd-7409-979a-4ad0ed11b7da/categories/019ea4d9-0ead-78e5-b214-aa054a7b5f6a
    network.protocol.version: 1.1
    telemetry.sdk.version: 1.14.0
    http.route: api/stores/my-store
    network.protocol.version: 1.1
    http.route: api/stores/{storeId}/categories/{categoryId}
    http.response.status_code: 200
    http.response.status_code: 204
Instrumentation scope (ActivitySource):
Instrumentation scope (ActivitySource):
    Name: Microsoft.AspNetCore
    service.name: unknown_service:testhost
Resource associated with Activity:
    Name: Microsoft.AspNetCore
    telemetry.sdk.name: opentelemetry
Resource associated with Activity:
    telemetry.sdk.language: dotnet
    telemetry.sdk.name: opentelemetry
    telemetry.sdk.version: 1.14.0
    telemetry.sdk.language: dotnet
    service.name: unknown_service:testhost
    telemetry.sdk.version: 1.14.0
    service.name: unknown_service:testhost
Activity.TraceId:            8c45bec8f438a306852f94eb79396685
Activity.TraceId:            c8421953dc8eaf74788e4e88f957f0c2
Activity.TraceId:            fe8895598e63986e200df5965449638d
Activity.SpanId:             26d34f0b91e35bdd
Activity.SpanId:             75c4416dd4fc55f1
Activity.TraceFlags:         Recorded
Activity.TraceFlags:         Recorded
Activity.DisplayName:        POST api/auth/login/seller
Activity.SpanId:             f999e41b8e10326c
    Name: Microsoft.AspNetCore
Activity.TraceFlags:         Recorded
Resource associated with Activity:
Activity.DisplayName:        GET api/stores/my-store
Activity.Kind:               Server
    telemetry.sdk.name: opentelemetry
Activity.DisplayName:        DELETE api/stores/{storeId}/categories/{categoryId}
    telemetry.sdk.language: dotnet
Activity.StartTime:          2026-06-08T01:29:09.3106477Z
    telemetry.sdk.version: 1.14.0
Activity.Kind:               Server
Activity.Duration:           00:00:00.0369800
    service.name: unknown_service:testhost
Activity.Tags:
    server.address: localhost
Activity.StartTime:          2026-06-08T01:29:09.1875661Z
    http.request.method: GET
    url.scheme: http
Activity.Duration:           00:00:00.1600688
    url.path: /api/stores/my-store
Activity.Kind:               Server
Activity.TraceId:            e590840ae440710e9e451d7b0e5eb72b
Activity.SpanId:             787ec31f8e7579b1
[22:29:09 INF] Request starting HTTP/1.1 POST http://localhost/api/auth/email/confirm/a - null null
Activity.Tags:
    server.address: localhost
    network.protocol.version: 1.1
    http.request.method: DELETE
[22:29:09 INF] Executing action method Urbeat.WebApi.Controllers.AuthController.RegisterSeller (Urbeat.WebApi) - Validation state: Valid
    http.route: api/stores/my-store
    url.scheme: http
    url.path: /api/stores/019ea4d9-0dcd-7409-979a-4ad0ed11b7da/categories/019ea4d9-0ead-78e5-b214-aa054a7b5f6a
    http.response.status_code: 200
    network.protocol.version: 1.1
Activity.StartTime:          2026-06-08T01:29:09.2190462Z
    http.route: api/stores/{storeId}/categories/{categoryId}
Activity.Duration:           00:00:00.0936672
    http.response.status_code: 204
Activity.Tags:
[22:29:09 INF] Executed action method Urbeat.WebApi.Controllers.CheckoutController.Preview (Urbeat.WebApi), returned result Microsoft.AspNetCore.Mvc.BadRequestObjectResult in 14.7154ms.
    server.address: localhost
    http.request.method: POST
    url.scheme: http
Activity.TraceFlags:         Recorded
    url.path: /api/auth/login/seller
[22:29:09 INF] Executed action method Urbeat.WebApi.Controllers.OrdersController.Create (Urbeat.WebApi), returned result Microsoft.AspNetCore.Mvc.BadRequestObjectResult in 14.7115ms.
    network.protocol.version: 1.1
Instrumentation scope (ActivitySource):
    http.route: api/auth/login/seller
    Name: Microsoft.AspNetCore
Resource associated with Activity:
    http.response.status_code: 200
    telemetry.sdk.name: opentelemetry
Instrumentation scope (ActivitySource):
Instrumentation scope (ActivitySource):
    telemetry.sdk.language: dotnet
    Name: Microsoft.AspNetCore
    telemetry.sdk.version: 1.14.0
    Name: Microsoft.AspNetCore
Resource associated with Activity:
Resource associated with Activity:
    service.name: unknown_service:testhost
    telemetry.sdk.name: opentelemetry
    telemetry.sdk.name: opentelemetry
    telemetry.sdk.language: dotnet
Activity.DisplayName:        POST api/auth/register/seller
Activity.TraceId:            8c45bec8f438a306852f94eb79396685
    telemetry.sdk.language: dotnet
Activity.SpanId:             f999e41b8e10326c
Activity.Kind:               Server
Activity.TraceFlags:         Recorded
    telemetry.sdk.version: 1.14.0
Activity.DisplayName:        GET api/stores/my-store
Activity.StartTime:          2026-06-08T01:29:09.2189840Z
Activity.Kind:               Server
Activity.Duration:           00:00:00.1282047
    service.name: unknown_service:testhost
Activity.Tags:
Activity.StartTime:          2026-06-08T01:29:09.3106477Z
    server.address: localhost
    telemetry.sdk.version: 1.14.0
    http.request.method: POST
    service.name: unknown_service:testhost
Activity.Duration:           00:00:00.0369800
    url.scheme: http
Activity.Tags:
    url.path: /api/auth/register/seller
Activity.TraceId:            c8421953dc8eaf74788e4e88f957f0c2
    network.protocol.version: 1.1
Activity.SpanId:             26d34f0b91e35bdd
    http.route: api/auth/register/seller
Activity.TraceFlags:         Recorded
    server.address: localhost
    http.response.status_code: 201
    http.request.method: GET
Activity.DisplayName:        POST api/auth/login/seller
    url.scheme: http
Instrumentation scope (ActivitySource):
    url.path: /api/stores/my-store
    Name: Microsoft.AspNetCore
    network.protocol.version: 1.1
Activity.Kind:               Server
Resource associated with Activity:
    http.route: api/stores/my-store
Activity.StartTime:          2026-06-08T01:29:09.2190462Z
    telemetry.sdk.name: opentelemetry
Activity.Duration:           00:00:00.0936672
    http.response.status_code: 200
Activity.Tags:
    telemetry.sdk.language: dotnet
Instrumentation scope (ActivitySource):
    telemetry.sdk.version: 1.14.0
    server.address: localhost
    service.name: unknown_service:testhost
    http.request.method: POST
    Name: Microsoft.AspNetCore
    url.scheme: http
Resource associated with Activity:
    url.path: /api/auth/login/seller
    telemetry.sdk.name: opentelemetry
    network.protocol.version: 1.1
    telemetry.sdk.language: dotnet
    http.route: api/auth/login/seller
Activity.TraceId:            e590840ae440710e9e451d7b0e5eb72b
    telemetry.sdk.version: 1.14.0
    http.response.status_code: 200
    service.name: unknown_service:testhost
Activity.SpanId:             787ec31f8e7579b1
Instrumentation scope (ActivitySource):
Activity.TraceFlags:         Recorded
    Name: Microsoft.AspNetCore
Activity.DisplayName:        POST api/auth/register/seller
Resource associated with Activity:
Activity.Kind:               Server
    telemetry.sdk.name: opentelemetry
    telemetry.sdk.language: dotnet
Activity.StartTime:          2026-06-08T01:29:09.2189840Z
    telemetry.sdk.version: 1.14.0
Activity.Duration:           00:00:00.1282047
    service.name: unknown_service:testhost
Activity.Tags:
    server.address: localhost
[22:29:09 INF] Executing BadRequestObjectResult, writing value of type 'Microsoft.AspNetCore.Mvc.ValidationProblemDetails'.
Activity.TraceId:            c8421953dc8eaf74788e4e88f957f0c2
[22:29:09 INF] Executing BadRequestObjectResult, writing value of type 'Microsoft.AspNetCore.Mvc.ValidationProblemDetails'.
Activity.TraceId:            8c45bec8f438a306852f94eb79396685
Activity.SpanId:             26d34f0b91e35bdd
Activity.SpanId:             f999e41b8e10326c
Activity.TraceFlags:         Recorded
Activity.TraceFlags:         Recorded
Activity.TraceId:            fe8895598e63986e200df5965449638d
Activity.DisplayName:        POST api/auth/login/seller
Activity.DisplayName:        GET api/stores/my-store
Activity.Kind:               Server
Activity.SpanId:             75c4416dd4fc55f1
Activity.Kind:               Server
Activity.TraceFlags:         Recorded
Activity.StartTime:          2026-06-08T01:29:09.2190462Z
Activity.DisplayName:        DELETE api/stores/{storeId}/categories/{categoryId}
Activity.Duration:           00:00:00.0936672
Activity.Kind:               Server
Activity.Tags:
    server.address: localhost
Activity.StartTime:          2026-06-08T01:29:09.3106477Z
    http.request.method: POST
Activity.StartTime:          2026-06-08T01:29:09.1875661Z
Activity.Duration:           00:00:00.0369800
Activity.Duration:           00:00:00.1600688
Activity.Tags:
[22:29:09 INF] Executing endpoint 'Urbeat.WebApi.Controllers.AuthController.ConfirmEmailByCode (Urbeat.WebApi)'
    server.address: localhost
Activity.Tags:
    http.request.method: GET
    server.address: localhost
    url.scheme: http
    http.request.method: DELETE
    url.path: /api/stores/my-store
    url.scheme: http
    http.request.method: POST
    url.path: /api/stores/019ea4d9-0dcd-7409-979a-4ad0ed11b7da/categories/019ea4d9-0ead-78e5-b214-aa054a7b5f6a
    url.scheme: http
    network.protocol.version: 1.1
    url.path: /api/auth/register/seller
    http.route: api/stores/my-store
    network.protocol.version: 1.1
    http.response.status_code: 200
    network.protocol.version: 1.1
Instrumentation scope (ActivitySource):
    http.route: api/stores/{storeId}/categories/{categoryId}
    Name: Microsoft.AspNetCore
    http.route: api/auth/register/seller
    http.response.status_code: 204
    http.response.status_code: 201
Instrumentation scope (ActivitySource):
Instrumentation scope (ActivitySource):
    Name: Microsoft.AspNetCore
Resource associated with Activity:
    Name: Microsoft.AspNetCore
    telemetry.sdk.name: opentelemetry
Resource associated with Activity:
    telemetry.sdk.language: dotnet
    telemetry.sdk.version: 1.14.0
    telemetry.sdk.name: opentelemetry
    service.name: unknown_service:testhost
Resource associated with Activity:
    telemetry.sdk.language: dotnet
    telemetry.sdk.name: opentelemetry
    telemetry.sdk.version: 1.14.0
    telemetry.sdk.language: dotnet
    telemetry.sdk.version: 1.14.0
    service.name: unknown_service:testhost
    service.name: unknown_service:testhost
Activity.TraceId:            e590840ae440710e9e451d7b0e5eb72b
    url.scheme: http
[22:29:09 INF] Route matched with {action = "ConfirmEmailByCode", controller = "Auth"}. Executing controller action with signature System.Threading.Tasks.Task`1[Microsoft.AspNetCore.Mvc.IActionResult] ConfirmEmailByCode(System.String, System.Threading.CancellationToken) on controller Urbeat.WebApi.Controllers.AuthController (Urbeat.WebApi).
Activity.TraceId:            8c45bec8f438a306852f94eb79396685
Activity.SpanId:             f999e41b8e10326c
Activity.TraceFlags:         Recorded
Activity.SpanId:             787ec31f8e7579b1
Activity.DisplayName:        GET api/stores/my-store
Activity.Kind:               Server
Activity.TraceFlags:         Recorded
Activity.TraceId:            fe8895598e63986e200df5965449638d
Activity.StartTime:          2026-06-08T01:29:09.3106477Z
Activity.SpanId:             75c4416dd4fc55f1
    url.path: /api/auth/login/seller
Activity.TraceFlags:         Recorded
Activity.Duration:           00:00:00.0369800
    network.protocol.version: 1.1
Activity.DisplayName:        DELETE api/stores/{storeId}/categories/{categoryId}
Activity.Tags:
Activity.Kind:               Server
    server.address: localhost
    http.route: api/auth/login/seller
    http.request.method: GET
    http.response.status_code: 200
Activity.StartTime:          2026-06-08T01:29:09.1875661Z
    url.scheme: http
Instrumentation scope (ActivitySource):
Activity.DisplayName:        POST api/auth/register/seller
    Name: Microsoft.AspNetCore
    url.path: /api/stores/my-store
Resource associated with Activity:
    network.protocol.version: 1.1
    telemetry.sdk.name: opentelemetry
Activity.Kind:               Server
    telemetry.sdk.language: dotnet
    http.route: api/stores/my-store
    telemetry.sdk.version: 1.14.0
    http.response.status_code: 200
Activity.StartTime:          2026-06-08T01:29:09.2189840Z
Instrumentation scope (ActivitySource):
Activity.Duration:           00:00:00.1282047
    Name: Microsoft.AspNetCore
Activity.Tags:
Resource associated with Activity:
    server.address: localhost
    service.name: unknown_service:testhost
    telemetry.sdk.name: opentelemetry
    http.request.method: POST
    telemetry.sdk.language: dotnet
    url.scheme: http
    telemetry.sdk.version: 1.14.0
    url.path: /api/auth/register/seller
    service.name: unknown_service:testhost
    network.protocol.version: 1.1
    http.route: api/auth/register/seller
    http.response.status_code: 201
Activity.Duration:           00:00:00.1600688
Instrumentation scope (ActivitySource):
Activity.Tags:
    Name: Microsoft.AspNetCore
Resource associated with Activity:
    server.address: localhost
    telemetry.sdk.name: opentelemetry
    http.request.method: DELETE
    telemetry.sdk.language: dotnet
    url.scheme: http
    telemetry.sdk.version: 1.14.0
    url.path: /api/stores/019ea4d9-0dcd-7409-979a-4ad0ed11b7da/categories/019ea4d9-0ead-78e5-b214-aa054a7b5f6a
    network.protocol.version: 1.1
    service.name: unknown_service:testhost
    http.route: api/stores/{storeId}/categories/{categoryId}
    http.response.status_code: 204
Activity.TraceId:            e590840ae440710e9e451d7b0e5eb72b
Activity.TraceId:            8c45bec8f438a306852f94eb79396685
Activity.SpanId:             787ec31f8e7579b1
Activity.SpanId:             f999e41b8e10326c
Activity.TraceFlags:         Recorded
Instrumentation scope (ActivitySource):
Activity.DisplayName:        POST api/auth/register/seller
    Name: Microsoft.AspNetCore
Activity.TraceFlags:         Recorded
Resource associated with Activity:
Activity.DisplayName:        GET api/stores/my-store
    telemetry.sdk.name: opentelemetry
Activity.Kind:               Server
    telemetry.sdk.language: dotnet
Activity.Kind:               Server
    telemetry.sdk.version: 1.14.0
Activity.StartTime:          2026-06-08T01:29:09.2189840Z
Activity.StartTime:          2026-06-08T01:29:09.3106477Z
Activity.Duration:           00:00:00.1282047
Activity.Duration:           00:00:00.0369800
Activity.Tags:
    service.name: unknown_service:testhost
Activity.Tags:
    server.address: localhost
    server.address: localhost
    http.request.method: POST
    http.request.method: GET
    url.scheme: http
    url.path: /api/auth/register/seller
Activity.TraceId:            fe8895598e63986e200df5965449638d
    url.scheme: http
Activity.SpanId:             75c4416dd4fc55f1
    network.protocol.version: 1.1
Activity.TraceFlags:         Recorded
    http.route: api/auth/register/seller
Activity.DisplayName:        DELETE api/stores/{storeId}/categories/{categoryId}
    http.response.status_code: 201
Activity.Kind:               Server
    url.path: /api/stores/my-store
Instrumentation scope (ActivitySource):
    Name: Microsoft.AspNetCore
Resource associated with Activity:
    telemetry.sdk.name: opentelemetry
    telemetry.sdk.language: dotnet
    telemetry.sdk.version: 1.14.0
    network.protocol.version: 1.1
    service.name: unknown_service:testhost
    http.route: api/stores/my-store
Activity.TraceId:            e590840ae440710e9e451d7b0e5eb72b
Activity.SpanId:             787ec31f8e7579b1
Activity.StartTime:          2026-06-08T01:29:09.1875661Z
Activity.TraceFlags:         Recorded
Activity.Duration:           00:00:00.1600688
Activity.DisplayName:        POST api/auth/register/seller
Activity.Tags:
Activity.Kind:               Server
    http.response.status_code: 200
    server.address: localhost
Activity.StartTime:          2026-06-08T01:29:09.2189840Z
Instrumentation scope (ActivitySource):
    http.request.method: DELETE
Activity.Duration:           00:00:00.1282047
    url.scheme: http
Activity.Tags:
    url.path: /api/stores/019ea4d9-0dcd-7409-979a-4ad0ed11b7da/categories/019ea4d9-0ead-78e5-b214-aa054a7b5f6a
    server.address: localhost
    network.protocol.version: 1.1
    http.request.method: POST
    http.route: api/stores/{storeId}/categories/{categoryId}
    url.scheme: http
    http.response.status_code: 204
    url.path: /api/auth/register/seller
    Name: Microsoft.AspNetCore
Instrumentation scope (ActivitySource):
Resource associated with Activity:
    Name: Microsoft.AspNetCore
    network.protocol.version: 1.1
Resource associated with Activity:
    http.route: api/auth/register/seller
    telemetry.sdk.name: opentelemetry
    http.response.status_code: 201
    telemetry.sdk.language: dotnet
Instrumentation scope (ActivitySource):
    telemetry.sdk.version: 1.14.0
    Name: Microsoft.AspNetCore
    service.name: unknown_service:testhost
Resource associated with Activity:
    telemetry.sdk.name: opentelemetry
    telemetry.sdk.name: opentelemetry
    telemetry.sdk.language: dotnet
    telemetry.sdk.language: dotnet
    telemetry.sdk.version: 1.14.0
Activity.TraceId:            8c45bec8f438a306852f94eb79396685
    service.name: unknown_service:testhost
Activity.SpanId:             f999e41b8e10326c
    telemetry.sdk.version: 1.14.0
Activity.TraceFlags:         Recorded
    service.name: unknown_service:testhost
Activity.DisplayName:        GET api/stores/my-store
Activity.Kind:               Server
Activity.TraceId:            fe8895598e63986e200df5965449638d
Activity.SpanId:             75c4416dd4fc55f1
Activity.TraceFlags:         Recorded
Activity.StartTime:          2026-06-08T01:29:09.3106477Z
Activity.DisplayName:        DELETE api/stores/{storeId}/categories/{categoryId}
Activity.Duration:           00:00:00.0369800
Activity.Kind:               Server
Activity.Tags:
[22:29:09 INF] Executing action method Urbeat.WebApi.Controllers.AuthController.ConfirmEmailByCode (Urbeat.WebApi) - Validation state: Valid
Activity.StartTime:          2026-06-08T01:29:09.1875661Z
Activity.Duration:           00:00:00.1600688
Activity.Tags:
    server.address: localhost
    server.address: localhost
[22:29:09 INF] Executed action method Urbeat.WebApi.Controllers.AuthController.ConfirmEmailByCode (Urbeat.WebApi), returned result Microsoft.AspNetCore.Mvc.BadRequestObjectResult in 0.0437ms.
    http.request.method: GET
    url.scheme: http
    url.path: /api/stores/my-store
    network.protocol.version: 1.1
    http.route: api/stores/my-store
    http.request.method: DELETE
    http.response.status_code: 200
    url.scheme: http
    url.path: /api/stores/019ea4d9-0dcd-7409-979a-4ad0ed11b7da/categories/019ea4d9-0ead-78e5-b214-aa054a7b5f6a
    network.protocol.version: 1.1
    http.route: api/stores/{storeId}/categories/{categoryId}
Instrumentation scope (ActivitySource):
[22:29:09 INF] Request starting HTTP/1.1 PATCH http://localhost/api/stores/019ea4d9-0f19-743e-95fb-c90d2a99f63b/delivery-config - application/json; charset=utf-8 null
    Name: Microsoft.AspNetCore
    http.response.status_code: 204
Resource associated with Activity:
Instrumentation scope (ActivitySource):
    Name: Microsoft.AspNetCore
    telemetry.sdk.name: opentelemetry
Resource associated with Activity:
[22:29:09 INF] Request starting HTTP/1.1 PATCH http://localhost/api/stores/019ea4d9-0eff-7cfc-8ee3-ef42a81dcd02/delivery-config - application/json; charset=utf-8 null
    telemetry.sdk.language: dotnet
    telemetry.sdk.name: opentelemetry
    telemetry.sdk.language: dotnet
    telemetry.sdk.version: 1.14.0
    telemetry.sdk.version: 1.14.0
    service.name: unknown_service:testhost
    service.name: unknown_service:testhost
Activity.TraceId:            fe8895598e63986e200df5965449638d
Activity.TraceId:            8c45bec8f438a306852f94eb79396685
Activity.SpanId:             75c4416dd4fc55f1
Activity.SpanId:             f999e41b8e10326c
Activity.TraceFlags:         Recorded
Activity.TraceFlags:         Recorded
Activity.DisplayName:        DELETE api/stores/{storeId}/categories/{categoryId}
Activity.DisplayName:        GET api/stores/my-store
Activity.Kind:               Server
Activity.Kind:               Server
Activity.StartTime:          2026-06-08T01:29:09.3106477Z
Activity.StartTime:          2026-06-08T01:29:09.1875661Z
Activity.Duration:           00:00:00.0369800
Activity.Duration:           00:00:00.1600688
Activity.Tags:
Activity.Tags:
    server.address: localhost
    server.address: localhost
    http.request.method: GET
    http.request.method: DELETE
    url.scheme: http
    url.scheme: http
    url.path: /api/stores/my-store
    url.path: /api/stores/019ea4d9-0dcd-7409-979a-4ad0ed11b7da/categories/019ea4d9-0ead-78e5-b214-aa054a7b5f6a
    network.protocol.version: 1.1
    network.protocol.version: 1.1
    http.route: api/stores/my-store
    http.route: api/stores/{storeId}/categories/{categoryId}
    http.response.status_code: 200
    http.response.status_code: 204
Instrumentation scope (ActivitySource):
[22:29:09 INF] Executing BadRequestObjectResult, writing value of type '<>f__AnonymousType4`2[[System.String, System.Private.CoreLib, Version=9.0.0.0, Culture=neutral, PublicKeyToken=7cec85d7bea7798e],[System.Collections.Generic.IReadOnlyCollection`1[[System.String, System.Private.CoreLib, Version=9.0.0.0, Culture=neutral, PublicKeyToken=7cec85d7bea7798e]], System.Private.CoreLib, Version=9.0.0.0, Culture=neutral, PublicKeyToken=7cec85d7bea7798e]]'.
    Name: Microsoft.AspNetCore
Instrumentation scope (ActivitySource):
    Name: Microsoft.AspNetCore
Resource associated with Activity:
Resource associated with Activity:
    telemetry.sdk.name: opentelemetry
    telemetry.sdk.name: opentelemetry
    telemetry.sdk.language: dotnet
    telemetry.sdk.language: dotnet
[22:29:09 INF] Saved 1 entities to in-memory store.
    telemetry.sdk.version: 1.14.0
    service.name: unknown_service:testhost
    telemetry.sdk.version: 1.14.0
Activity.TraceId:            fe8895598e63986e200df5965449638d
    service.name: unknown_service:testhost
Activity.SpanId:             75c4416dd4fc55f1
Activity.TraceFlags:         Recorded
Activity.DisplayName:        DELETE api/stores/{storeId}/categories/{categoryId}
Activity.Kind:               Server
Activity.StartTime:          2026-06-08T01:29:09.1875661Z
Activity.Duration:           00:00:00.1600688
Activity.Tags:
    server.address: localhost
    http.request.method: DELETE
    url.scheme: http
    url.path: /api/stores/019ea4d9-0dcd-7409-979a-4ad0ed11b7da/categories/019ea4d9-0ead-78e5-b214-aa054a7b5f6a
    network.protocol.version: 1.1
    http.route: api/stores/{storeId}/categories/{categoryId}
    http.response.status_code: 204
Instrumentation scope (ActivitySource):
    Name: Microsoft.AspNetCore
Resource associated with Activity:
    telemetry.sdk.name: opentelemetry
    telemetry.sdk.language: dotnet
    telemetry.sdk.version: 1.14.0
    service.name: unknown_service:testhost
Activity.TraceId:            fe8895598e63986e200df5965449638d
Activity.SpanId:             75c4416dd4fc55f1
[22:29:09 INF] Executed action Urbeat.WebApi.Controllers.AuthController.ConfirmEmailByCode (Urbeat.WebApi) in 1.8066ms
Activity.TraceFlags:         Recorded
[22:29:09 INF] Request starting HTTP/1.1 POST http://localhost/api/stores - application/json; charset=utf-8 null
Activity.DisplayName:        DELETE api/stores/{storeId}/categories/{categoryId}
Activity.Kind:               Server
[22:29:09 INF] Executed action Urbeat.WebApi.Controllers.CheckoutController.Preview (Urbeat.WebApi) in 72.8597ms
Activity.StartTime:          2026-06-08T01:29:09.1875661Z
Activity.Duration:           00:00:00.1600688
Activity.Tags:
[22:29:09 INF] Request starting HTTP/1.1 POST http://localhost/api/auth/register/seller - application/json; charset=utf-8 null
    server.address: localhost
    http.request.method: DELETE
    url.scheme: http
    url.path: /api/stores/019ea4d9-0dcd-7409-979a-4ad0ed11b7da/categories/019ea4d9-0ead-78e5-b214-aa054a7b5f6a
[22:29:09 INF] Executed action Urbeat.WebApi.Controllers.OrdersController.Create (Urbeat.WebApi) in 73.5041ms
    network.protocol.version: 1.1
    http.route: api/stores/{storeId}/categories/{categoryId}
[22:29:09 INF] Executed endpoint 'Urbeat.WebApi.Controllers.AuthController.ConfirmEmailByCode (Urbeat.WebApi)'
    http.response.status_code: 204
Instrumentation scope (ActivitySource):
[22:29:09 INF] Executing endpoint 'Urbeat.WebApi.Controllers.StoresController.UpdateDeliveryConfig (Urbeat.WebApi)'
    Name: Microsoft.AspNetCore
[22:29:09 INF] Executed endpoint 'Urbeat.WebApi.Controllers.CheckoutController.Preview (Urbeat.WebApi)'
Resource associated with Activity:
    telemetry.sdk.name: opentelemetry
[22:29:09 INF] Executed endpoint 'Urbeat.WebApi.Controllers.OrdersController.Create (Urbeat.WebApi)'
    telemetry.sdk.language: dotnet
    telemetry.sdk.version: 1.14.0
    service.name: unknown_service:testhost
[22:29:09 INF] Executing endpoint 'Urbeat.WebApi.Controllers.StoresController.UpdateDeliveryConfig (Urbeat.WebApi)'
[22:29:09 INF] HTTP POST /api/orders responded 400 in 154.3779 ms
[22:29:09 INF] HTTP POST /api/checkout/preview responded 400 in 154.3562 ms
[22:29:09 INF] HTTP POST /api/auth/email/confirm/a responded 400 in 32.2966 ms
[22:29:09 INF] Request finished HTTP/1.1 POST http://localhost/api/checkout/preview - 400 null application/problem+json; charset=utf-8 184.7957ms
[22:29:09 INF] Request finished HTTP/1.1 POST http://localhost/api/orders - 400 null application/problem+json; charset=utf-8 157.4968ms
[22:29:09 INF] Request finished HTTP/1.1 POST http://localhost/api/auth/email/confirm/a - 400 null application/problem+json; charset=utf-8 63.2913ms
Activity.TraceId:            a0a45adaf69157508321f1bb08b0176e
Activity.SpanId:             d8a494301d8061d4
Activity.TraceFlags:         Recorded
Activity.DisplayName:        POST api/auth/email/confirm/{code}
[22:29:09 INF] Executing endpoint 'Urbeat.WebApi.Controllers.StoresController.Create (Urbeat.WebApi)'
Activity.Kind:               Server
Activity.StartTime:          2026-06-08T01:29:09.3489408Z
Activity.Duration:           00:00:00.0634291
Activity.Tags:
    server.address: localhost
    http.request.method: POST
    url.scheme: http
    url.path: /api/auth/email/confirm/a
    network.protocol.version: 1.1
    http.route: api/auth/email/confirm/{code}
    http.response.status_code: 400
Instrumentation scope (ActivitySource):
    Name: Microsoft.AspNetCore
Resource associated with Activity:
    telemetry.sdk.name: opentelemetry
    telemetry.sdk.language: dotnet
    telemetry.sdk.version: 1.14.0
    service.name: unknown_service:testhost
Activity.TraceId:            a0a45adaf69157508321f1bb08b0176e
Activity.SpanId:             d8a494301d8061d4
Activity.TraceFlags:         Recorded
Activity.DisplayName:        POST api/auth/email/confirm/{code}
Activity.TraceId:            db951566f403d957c3db192ad694ab13
Activity.Kind:               Server
Activity.SpanId:             86a9951091c545bb
Activity.StartTime:          2026-06-08T01:29:09.3489408Z
Activity.TraceFlags:         Recorded
Activity.Duration:           00:00:00.0634291
Activity.DisplayName:        POST api/orders
Activity.Tags:
Activity.Kind:               Server
    server.address: localhost
[22:29:09 INF] Route matched with {action = "Create", controller = "Stores"}. Executing controller action with signature System.Threading.Tasks.Task`1[Microsoft.AspNetCore.Mvc.IActionResult] Create(Urbeat.Application.DTOs.CreateStoreRequestDto, System.Threading.CancellationToken) on controller Urbeat.WebApi.Controllers.StoresController (Urbeat.WebApi).
    http.request.method: POST
Activity.StartTime:          2026-06-08T01:29:09.2548338Z
    url.scheme: http
Activity.Duration:           00:00:00.1576317
    url.path: /api/auth/email/confirm/a
Activity.Tags:
    network.protocol.version: 1.1
    server.address: localhost
    http.route: api/auth/email/confirm/{code}
    http.request.method: POST
    http.response.status_code: 400
    url.scheme: http
Instrumentation scope (ActivitySource):
    url.path: /api/orders
    Name: Microsoft.AspNetCore
    network.protocol.version: 1.1
[22:29:09 INF] Request starting HTTP/1.1 POST http://localhost/api/auth/login/seller - application/json; charset=utf-8 null
    http.route: api/orders
Resource associated with Activity:
    http.response.status_code: 400
    telemetry.sdk.name: opentelemetry
Instrumentation scope (ActivitySource):
    telemetry.sdk.language: dotnet
    Name: Microsoft.AspNetCore
    telemetry.sdk.version: 1.14.0
Resource associated with Activity:
    service.name: unknown_service:testhost
    telemetry.sdk.name: opentelemetry
    telemetry.sdk.language: dotnet
    telemetry.sdk.version: 1.14.0
    service.name: unknown_service:testhost
Activity.TraceId:            a0a45adaf69157508321f1bb08b0176e
Activity.SpanId:             d8a494301d8061d4
Activity.TraceFlags:         Recorded
Activity.DisplayName:        POST api/auth/email/confirm/{code}
Activity.Kind:               Server
Activity.TraceId:            db951566f403d957c3db192ad694ab13
Activity.StartTime:          2026-06-08T01:29:09.3489408Z
Activity.SpanId:             86a9951091c545bb
Activity.Duration:           00:00:00.0634291
Activity.TraceFlags:         Recorded
Activity.TraceId:            26bdd1f3376a28cfc89828860c24ff86
Activity.DisplayName:        POST api/orders
Activity.SpanId:             89e6b7a97f67bfbf
Activity.Tags:
Activity.Kind:               Server
Activity.TraceFlags:         Recorded
Activity.StartTime:          2026-06-08T01:29:09.2548338Z
    server.address: localhost
Activity.Duration:           00:00:00.1576317
Activity.DisplayName:        POST api/checkout/preview
    http.request.method: POST
Activity.Tags:
    url.scheme: http
    server.address: localhost
Activity.Kind:               Server
    url.path: /api/auth/email/confirm/a
    http.request.method: POST
    network.protocol.version: 1.1
    url.scheme: http
Activity.StartTime:          2026-06-08T01:29:09.2274525Z
    http.route: api/auth/email/confirm/{code}
Activity.Duration:           00:00:00.1850104
    http.response.status_code: 400
Activity.Tags:
Instrumentation scope (ActivitySource):
    Name: Microsoft.AspNetCore
    server.address: localhost
Resource associated with Activity:
    http.request.method: POST
    telemetry.sdk.name: opentelemetry
    url.scheme: http
    telemetry.sdk.language: dotnet
    url.path: /api/checkout/preview
    telemetry.sdk.version: 1.14.0
    network.protocol.version: 1.1
    service.name: unknown_service:testhost
    http.route: api/checkout/preview
    http.response.status_code: 400
Instrumentation scope (ActivitySource):
Activity.TraceId:            a0a45adaf69157508321f1bb08b0176e
    url.path: /api/orders
Activity.SpanId:             d8a494301d8061d4
    Name: Microsoft.AspNetCore
Activity.TraceFlags:         Recorded
Resource associated with Activity:
Activity.DisplayName:        POST api/auth/email/confirm/{code}
    network.protocol.version: 1.1
Activity.Kind:               Server
    telemetry.sdk.name: opentelemetry
    http.route: api/orders
    telemetry.sdk.language: dotnet
    http.response.status_code: 400
Activity.StartTime:          2026-06-08T01:29:09.3489408Z
Instrumentation scope (ActivitySource):
Activity.Duration:           00:00:00.0634291
    Name: Microsoft.AspNetCore
Activity.Tags:
    telemetry.sdk.version: 1.14.0
    server.address: localhost
    service.name: unknown_service:testhost
Resource associated with Activity:
    telemetry.sdk.name: opentelemetry
    telemetry.sdk.language: dotnet
    http.request.method: POST
    telemetry.sdk.version: 1.14.0
    url.scheme: http
    service.name: unknown_service:testhost
    url.path: /api/auth/email/confirm/a
    network.protocol.version: 1.1
    http.route: api/auth/email/confirm/{code}
Activity.TraceId:            db951566f403d957c3db192ad694ab13
    http.response.status_code: 400
Activity.TraceId:            26bdd1f3376a28cfc89828860c24ff86
Instrumentation scope (ActivitySource):
Activity.SpanId:             89e6b7a97f67bfbf
Activity.SpanId:             86a9951091c545bb
    Name: Microsoft.AspNetCore
Activity.TraceFlags:         Recorded
Activity.TraceFlags:         Recorded
Activity.DisplayName:        POST api/orders
Resource associated with Activity:
Activity.DisplayName:        POST api/checkout/preview
Activity.Kind:               Server
Activity.Kind:               Server
    telemetry.sdk.name: opentelemetry
Activity.StartTime:          2026-06-08T01:29:09.2548338Z
    telemetry.sdk.language: dotnet
Activity.StartTime:          2026-06-08T01:29:09.2274525Z
Activity.Duration:           00:00:00.1576317
Activity.Duration:           00:00:00.1850104
Activity.Tags:
Activity.Tags:
    server.address: localhost
    server.address: localhost
    http.request.method: POST
    telemetry.sdk.version: 1.14.0
    http.request.method: POST
    service.name: unknown_service:testhost
    url.scheme: http
    url.scheme: http
    url.path: /api/checkout/preview
Activity.TraceId:            a0a45adaf69157508321f1bb08b0176e
    network.protocol.version: 1.1
Activity.SpanId:             d8a494301d8061d4
    http.route: api/checkout/preview
    url.path: /api/orders
    http.response.status_code: 400
    network.protocol.version: 1.1
Instrumentation scope (ActivitySource):
    Name: Microsoft.AspNetCore
Activity.TraceFlags:         Recorded
    http.route: api/orders
Resource associated with Activity:
Activity.DisplayName:        POST api/auth/email/confirm/{code}
    http.response.status_code: 400
    telemetry.sdk.name: opentelemetry
Activity.Kind:               Server
    telemetry.sdk.language: dotnet
Instrumentation scope (ActivitySource):
Activity.StartTime:          2026-06-08T01:29:09.3489408Z
    Name: Microsoft.AspNetCore
Resource associated with Activity:
    telemetry.sdk.version: 1.14.0
    telemetry.sdk.name: opentelemetry
    service.name: unknown_service:testhost
Activity.Duration:           00:00:00.0634291
    telemetry.sdk.language: dotnet
Activity.Tags:
    telemetry.sdk.version: 1.14.0
    server.address: localhost
    service.name: unknown_service:testhost
    http.request.method: POST
Activity.TraceId:            db951566f403d957c3db192ad694ab13
Activity.SpanId:             86a9951091c545bb
[22:29:09 INF] Executing endpoint 'Urbeat.WebApi.Controllers.AuthController.LoginSeller (Urbeat.WebApi)'
Activity.TraceFlags:         Recorded
    url.scheme: http
Activity.TraceId:            26bdd1f3376a28cfc89828860c24ff86
Activity.DisplayName:        POST api/orders
    url.path: /api/auth/email/confirm/a
Activity.Kind:               Server
    network.protocol.version: 1.1
Activity.SpanId:             89e6b7a97f67bfbf
    http.route: api/auth/email/confirm/{code}
Activity.StartTime:          2026-06-08T01:29:09.2548338Z
    http.response.status_code: 400
Activity.Duration:           00:00:00.1576317
Activity.TraceFlags:         Recorded
Instrumentation scope (ActivitySource):
[22:29:09 INF] Route matched with {action = "LoginSeller", controller = "Auth"}. Executing controller action with signature System.Threading.Tasks.Task`1[Microsoft.AspNetCore.Mvc.IActionResult] LoginSeller(Urbeat.Application.DTOs.LoginRequestDto, System.Threading.CancellationToken) on controller Urbeat.WebApi.Controllers.AuthController (Urbeat.WebApi).
    Name: Microsoft.AspNetCore
Activity.Tags:
Resource associated with Activity:
    server.address: localhost
    http.request.method: POST
    telemetry.sdk.name: opentelemetry
    url.scheme: http
    telemetry.sdk.language: dotnet
Activity.DisplayName:        POST api/checkout/preview
    telemetry.sdk.version: 1.14.0
    url.path: /api/orders
    service.name: unknown_service:testhost
    network.protocol.version: 1.1
    http.route: api/orders
Activity.Kind:               Server
    http.response.status_code: 400
Instrumentation scope (ActivitySource):
Activity.TraceId:            a0a45adaf69157508321f1bb08b0176e
Activity.StartTime:          2026-06-08T01:29:09.2274525Z
Activity.SpanId:             d8a494301d8061d4
Activity.Duration:           00:00:00.1850104
    Name: Microsoft.AspNetCore
Activity.TraceFlags:         Recorded
Activity.Tags:
Resource associated with Activity:
Activity.DisplayName:        POST api/auth/email/confirm/{code}
    telemetry.sdk.name: opentelemetry
Activity.Kind:               Server
    server.address: localhost
    telemetry.sdk.language: dotnet
    http.request.method: POST
    telemetry.sdk.version: 1.14.0
    url.scheme: http
Activity.StartTime:          2026-06-08T01:29:09.3489408Z
    service.name: unknown_service:testhost
    url.path: /api/checkout/preview
Activity.Duration:           00:00:00.0634291
Activity.Tags:
    network.protocol.version: 1.1
    server.address: localhost
    http.route: api/checkout/preview
    http.request.method: POST
    http.response.status_code: 400
    url.scheme: http
Instrumentation scope (ActivitySource):
    url.path: /api/auth/email/confirm/a
    Name: Microsoft.AspNetCore
    network.protocol.version: 1.1
Resource associated with Activity:
    http.route: api/auth/email/confirm/{code}
    telemetry.sdk.name: opentelemetry
[22:29:09 INF] Executing action method Urbeat.WebApi.Controllers.StoresController.Create (Urbeat.WebApi) - Validation state: Valid
    http.response.status_code: 400
    telemetry.sdk.language: dotnet
Instrumentation scope (ActivitySource):
    telemetry.sdk.version: 1.14.0
    Name: Microsoft.AspNetCore
    service.name: unknown_service:testhost
Resource associated with Activity:
    telemetry.sdk.name: opentelemetry
Activity.TraceId:            26bdd1f3376a28cfc89828860c24ff86
    telemetry.sdk.language: dotnet
Activity.SpanId:             89e6b7a97f67bfbf
    telemetry.sdk.version: 1.14.0
Activity.TraceFlags:         Recorded
    service.name: unknown_service:testhost
Activity.DisplayName:        POST api/checkout/preview
Activity.Kind:               Server
Activity.StartTime:          2026-06-08T01:29:09.2274525Z
Activity.Duration:           00:00:00.1850104
Activity.Tags:
    server.address: localhost
    http.request.method: POST
Activity.TraceId:            a0a45adaf69157508321f1bb08b0176e
Activity.TraceId:            db951566f403d957c3db192ad694ab13
    url.scheme: http
Activity.SpanId:             86a9951091c545bb
    url.path: /api/checkout/preview
Activity.TraceFlags:         Recorded
Activity.DisplayName:        POST api/orders
Activity.Kind:               Server
    network.protocol.version: 1.1
Activity.SpanId:             d8a494301d8061d4
Activity.StartTime:          2026-06-08T01:29:09.2548338Z
    http.route: api/checkout/preview
Activity.Duration:           00:00:00.1576317
    http.response.status_code: 400
Activity.TraceFlags:         Recorded
Activity.Tags:
Activity.DisplayName:        POST api/auth/email/confirm/{code}
    server.address: localhost
Activity.Kind:               Server
    http.request.method: POST
Activity.StartTime:          2026-06-08T01:29:09.3489408Z
    url.scheme: http
Activity.Duration:           00:00:00.0634291
    url.path: /api/orders
Activity.Tags:
    network.protocol.version: 1.1
    server.address: localhost
    http.route: api/orders
    http.request.method: POST
    http.response.status_code: 400
    url.scheme: http
Instrumentation scope (ActivitySource):
    url.path: /api/auth/email/confirm/a
[22:29:09 INF] Executing action method Urbeat.WebApi.Controllers.AuthController.LoginSeller (Urbeat.WebApi) - Validation state: Valid
    network.protocol.version: 1.1
    Name: Microsoft.AspNetCore
    http.route: api/auth/email/confirm/{code}
Resource associated with Activity:
    http.response.status_code: 400
Instrumentation scope (ActivitySource):
Instrumentation scope (ActivitySource):
    telemetry.sdk.name: opentelemetry
    Name: Microsoft.AspNetCore
    telemetry.sdk.language: dotnet
    Name: Microsoft.AspNetCore
    telemetry.sdk.version: 1.14.0
Resource associated with Activity:
Resource associated with Activity:
    service.name: unknown_service:testhost
    telemetry.sdk.name: opentelemetry
    telemetry.sdk.name: opentelemetry
    telemetry.sdk.language: dotnet
    telemetry.sdk.language: dotnet
    telemetry.sdk.version: 1.14.0
    service.name: unknown_service:testhost
    telemetry.sdk.version: 1.14.0
Activity.TraceId:            db951566f403d957c3db192ad694ab13
    service.name: unknown_service:testhost
Activity.SpanId:             86a9951091c545bb
Activity.TraceFlags:         Recorded
Activity.TraceId:            a0a45adaf69157508321f1bb08b0176e
Activity.DisplayName:        POST api/orders
Activity.SpanId:             d8a494301d8061d4
Activity.Kind:               Server
Activity.TraceFlags:         Recorded
Activity.DisplayName:        POST api/auth/email/confirm/{code}
Activity.StartTime:          2026-06-08T01:29:09.2548338Z
Activity.Kind:               Server
Activity.Duration:           00:00:00.1576317
Activity.Tags:
Activity.StartTime:          2026-06-08T01:29:09.3489408Z
    server.address: localhost
Activity.Duration:           00:00:00.0634291
    http.request.method: POST
Activity.Tags:
    url.scheme: http
    server.address: localhost
    url.path: /api/orders
    http.request.method: POST
    network.protocol.version: 1.1
    url.scheme: http
    http.route: api/orders
    url.path: /api/auth/email/confirm/a
    http.response.status_code: 400
    network.protocol.version: 1.1
Instrumentation scope (ActivitySource):
    http.route: api/auth/email/confirm/{code}
    Name: Microsoft.AspNetCore
    http.response.status_code: 400
Resource associated with Activity:
    telemetry.sdk.name: opentelemetry
    telemetry.sdk.language: dotnet
    telemetry.sdk.version: 1.14.0
    service.name: unknown_service:testhost
Instrumentation scope (ActivitySource):
    Name: Microsoft.AspNetCore
Resource associated with Activity:
Activity.TraceId:            db951566f403d957c3db192ad694ab13
    telemetry.sdk.name: opentelemetry
Activity.SpanId:             86a9951091c545bb
    telemetry.sdk.language: dotnet
Activity.TraceFlags:         Recorded
Activity.TraceId:            26bdd1f3376a28cfc89828860c24ff86
Activity.DisplayName:        POST api/orders
    telemetry.sdk.version: 1.14.0
Activity.Kind:               Server
    service.name: unknown_service:testhost
Activity.SpanId:             89e6b7a97f67bfbf
Activity.TraceFlags:         Recorded
Activity.StartTime:          2026-06-08T01:29:09.2548338Z
Activity.DisplayName:        POST api/checkout/preview
Activity.TraceId:            a0a45adaf69157508321f1bb08b0176e
Activity.Duration:           00:00:00.1576317
Activity.SpanId:             d8a494301d8061d4
Activity.Tags:
Activity.TraceFlags:         Recorded
Activity.DisplayName:        POST api/auth/email/confirm/{code}
    server.address: localhost
Activity.Kind:               Server
    http.request.method: POST
Activity.Kind:               Server
Activity.StartTime:          2026-06-08T01:29:09.3489408Z
    url.scheme: http
Activity.Duration:           00:00:00.0634291
Activity.StartTime:          2026-06-08T01:29:09.2274525Z
    url.path: /api/orders
Activity.Tags:
Activity.Duration:           00:00:00.1850104
    network.protocol.version: 1.1
    server.address: localhost
Activity.Tags:
    http.request.method: POST
    http.route: api/orders
    url.scheme: http
    server.address: localhost
    http.response.status_code: 400
    http.request.method: POST
Instrumentation scope (ActivitySource):
    url.path: /api/auth/email/confirm/a
    url.scheme: http
    network.protocol.version: 1.1
    Name: Microsoft.AspNetCore
    http.route: api/auth/email/confirm/{code}
Resource associated with Activity:
    url.path: /api/checkout/preview
    http.response.status_code: 400
    telemetry.sdk.name: opentelemetry
Instrumentation scope (ActivitySource):
    network.protocol.version: 1.1
    Name: Microsoft.AspNetCore
    telemetry.sdk.language: dotnet
Resource associated with Activity:
    telemetry.sdk.version: 1.14.0
    http.route: api/checkout/preview
    telemetry.sdk.name: opentelemetry
    http.response.status_code: 400
    telemetry.sdk.language: dotnet
Instrumentation scope (ActivitySource):
    telemetry.sdk.version: 1.14.0
    service.name: unknown_service:testhost
    service.name: unknown_service:testhost
    Name: Microsoft.AspNetCore
Activity.TraceId:            db951566f403d957c3db192ad694ab13
Resource associated with Activity:
Activity.SpanId:             86a9951091c545bb
Activity.TraceId:            a0a45adaf69157508321f1bb08b0176e
Activity.TraceFlags:         Recorded
Activity.SpanId:             d8a494301d8061d4
Activity.DisplayName:        POST api/orders
Activity.TraceFlags:         Recorded
Activity.DisplayName:        POST api/auth/email/confirm/{code}
    telemetry.sdk.name: opentelemetry
Activity.Kind:               Server
    telemetry.sdk.language: dotnet
Activity.StartTime:          2026-06-08T01:29:09.3489408Z
    telemetry.sdk.version: 1.14.0
Activity.Duration:           00:00:00.0634291
Activity.Kind:               Server
Activity.Tags:
[22:29:09 INF] Saved 1 entities to in-memory store.
Activity.StartTime:          2026-06-08T01:29:09.2548338Z
    server.address: localhost
[22:29:09 WRN] Failed to determine the https port for redirect.
    http.request.method: POST
    url.scheme: http
    url.path: /api/auth/email/confirm/a
    network.protocol.version: 1.1
    service.name: unknown_service:testhost
[22:29:09 INF] Route matched with {action = "UpdateDeliveryConfig", controller = "Stores"}. Executing controller action with signature System.Threading.Tasks.Task`1[Microsoft.AspNetCore.Mvc.IActionResult] UpdateDeliveryConfig(System.Guid, Urbeat.Application.DTOs.UpdateStoreDeliveryConfigRequestDto, System.Threading.CancellationToken) on controller Urbeat.WebApi.Controllers.StoresController (Urbeat.WebApi).
Activity.Duration:           00:00:00.1576317
[22:29:09 INF] Route matched with {action = "UpdateDeliveryConfig", controller = "Stores"}. Executing controller action with signature System.Threading.Tasks.Task`1[Microsoft.AspNetCore.Mvc.IActionResult] UpdateDeliveryConfig(System.Guid, Urbeat.Application.DTOs.UpdateStoreDeliveryConfigRequestDto, System.Threading.CancellationToken) on controller Urbeat.WebApi.Controllers.StoresController (Urbeat.WebApi).
    http.route: api/auth/email/confirm/{code}
Activity.Tags:
    server.address: localhost
    http.request.method: POST
    url.scheme: http
    http.response.status_code: 400
[22:29:09 INF] Saved 1 entities to in-memory store.
Instrumentation scope (ActivitySource):
Activity.TraceId:            26bdd1f3376a28cfc89828860c24ff86
    Name: Microsoft.AspNetCore
Activity.SpanId:             89e6b7a97f67bfbf
Resource associated with Activity:
Activity.TraceFlags:         Recorded
    telemetry.sdk.name: opentelemetry
    url.path: /api/orders
Activity.DisplayName:        POST api/checkout/preview
    telemetry.sdk.language: dotnet
Activity.Kind:               Server
    telemetry.sdk.version: 1.14.0
    network.protocol.version: 1.1
    service.name: unknown_service:testhost
    http.route: api/orders
    http.response.status_code: 400
Activity.StartTime:          2026-06-08T01:29:09.2274525Z
Instrumentation scope (ActivitySource):
Activity.TraceId:            a0a45adaf69157508321f1bb08b0176e
Activity.Duration:           00:00:00.1850104
Activity.SpanId:             d8a494301d8061d4
Activity.Tags:
Activity.TraceFlags:         Recorded
    Name: Microsoft.AspNetCore
    server.address: localhost
Activity.DisplayName:        POST api/auth/email/confirm/{code}
    http.request.method: POST
Activity.Kind:               Server
    url.scheme: http
Resource associated with Activity:
    url.path: /api/checkout/preview
    telemetry.sdk.name: opentelemetry
Activity.StartTime:          2026-06-08T01:29:09.3489408Z
    telemetry.sdk.language: dotnet
    network.protocol.version: 1.1
Activity.Duration:           00:00:00.0634291
    http.route: api/checkout/preview
Activity.Tags:
    telemetry.sdk.version: 1.14.0
    http.response.status_code: 400
    service.name: unknown_service:testhost
    server.address: localhost
Instrumentation scope (ActivitySource):
[22:29:09 INF] STORE_CREATED | Store created | StoreId=019ea4d9-1026-751e-83d8-ffc0d9de52a6 | OwnerUserId=019ea4d9-0ecf-7e8a-b2a6-4019993cb0d6 | Name=Loja Contract | CuisineType=null | IP=null
    Name: Microsoft.AspNetCore
Activity.TraceId:            db951566f403d957c3db192ad694ab13
Resource associated with Activity:
Activity.SpanId:             86a9951091c545bb
    telemetry.sdk.name: opentelemetry
    telemetry.sdk.language: dotnet
Activity.TraceFlags:         Recorded
    http.request.method: POST
Activity.DisplayName:        POST api/orders
    url.scheme: http
Activity.Kind:               Server
    url.path: /api/auth/email/confirm/a
    network.protocol.version: 1.1
Activity.StartTime:          2026-06-08T01:29:09.2548338Z
    http.route: api/auth/email/confirm/{code}
Activity.Duration:           00:00:00.1576317
Activity.Tags:
    http.response.status_code: 400
    server.address: localhost
Instrumentation scope (ActivitySource):
    http.request.method: POST
    Name: Microsoft.AspNetCore
    url.scheme: http
Resource associated with Activity:
    url.path: /api/orders
    network.protocol.version: 1.1
    telemetry.sdk.name: opentelemetry
    http.route: api/orders
    telemetry.sdk.language: dotnet
    http.response.status_code: 400
    telemetry.sdk.version: 1.14.0
Instrumentation scope (ActivitySource):
    service.name: unknown_service:testhost
    Name: Microsoft.AspNetCore
Resource associated with Activity:
    telemetry.sdk.name: opentelemetry
    telemetry.sdk.language: dotnet
    telemetry.sdk.version: 1.14.0
    service.name: unknown_service:testhost
Activity.TraceId:            db951566f403d957c3db192ad694ab13
Activity.SpanId:             86a9951091c545bb
Activity.TraceFlags:         Recorded
Activity.DisplayName:        POST api/orders
Activity.Kind:               Server
Activity.StartTime:          2026-06-08T01:29:09.2548338Z
Activity.Duration:           00:00:00.1576317
Activity.Tags:
    server.address: localhost
    http.request.method: POST
    url.scheme: http
    url.path: /api/orders
    network.protocol.version: 1.1
    http.route: api/orders
    http.response.status_code: 400
Instrumentation scope (ActivitySource):
    Name: Microsoft.AspNetCore
Resource associated with Activity:
    telemetry.sdk.name: opentelemetry
    telemetry.sdk.language: dotnet
    telemetry.sdk.version: 1.14.0
    service.name: unknown_service:testhost
Activity.TraceId:            db951566f403d957c3db192ad694ab13
Activity.SpanId:             86a9951091c545bb
Activity.TraceFlags:         Recorded
Activity.DisplayName:        POST api/orders
Activity.Kind:               Server
Activity.StartTime:          2026-06-08T01:29:09.2548338Z
Activity.Duration:           00:00:00.1576317
Activity.Tags:
[22:29:09 INF] Saved 1 entities to in-memory store.
    server.address: localhost
    http.request.method: POST
    url.scheme: http
    url.path: /api/orders
    network.protocol.version: 1.1
    http.route: api/orders
    http.response.status_code: 400
Instrumentation scope (ActivitySource):
    Name: Microsoft.AspNetCore
Resource associated with Activity:
    telemetry.sdk.name: opentelemetry
    telemetry.sdk.language: dotnet
    telemetry.sdk.version: 1.14.0
    service.name: unknown_service:testhost
    telemetry.sdk.version: 1.14.0
[22:29:09 INF] Executing endpoint 'Urbeat.WebApi.Controllers.AuthController.RegisterSeller (Urbeat.WebApi)'
    service.name: unknown_service:testhost
[22:29:09 INF] Executed action method Urbeat.WebApi.Controllers.StoresController.Create (Urbeat.WebApi), returned result Microsoft.AspNetCore.Mvc.ObjectResult in 33.8311ms.
Activity.TraceId:            26bdd1f3376a28cfc89828860c24ff86
Activity.SpanId:             89e6b7a97f67bfbf
Activity.TraceFlags:         Recorded
Activity.DisplayName:        POST api/checkout/preview
Activity.Kind:               Server
Activity.StartTime:          2026-06-08T01:29:09.2274525Z
Activity.Duration:           00:00:00.1850104
Activity.Tags:
    server.address: localhost
    http.request.method: POST
    url.scheme: http
    url.path: /api/checkout/preview
    network.protocol.version: 1.1
[22:29:09 INF] Executing ObjectResult, writing value of type 'Urbeat.Application.DTOs.StoreResponseDto'.
    http.route: api/checkout/preview
    http.response.status_code: 400
Instrumentation scope (ActivitySource):
    Name: Microsoft.AspNetCore
Resource associated with Activity:
    telemetry.sdk.name: opentelemetry
    telemetry.sdk.language: dotnet
    telemetry.sdk.version: 1.14.0
    service.name: unknown_service:testhost
Activity.TraceId:            26bdd1f3376a28cfc89828860c24ff86
Activity.SpanId:             89e6b7a97f67bfbf
Activity.TraceFlags:         Recorded
Activity.DisplayName:        POST api/checkout/preview
Activity.Kind:               Server
Activity.StartTime:          2026-06-08T01:29:09.2274525Z
Activity.Duration:           00:00:00.1850104
Activity.Tags:
    server.address: localhost
    http.request.method: POST
    url.scheme: http
    url.path: /api/checkout/preview
    network.protocol.version: 1.1
    http.route: api/checkout/preview
    http.response.status_code: 400
Instrumentation scope (ActivitySource):
    Name: Microsoft.AspNetCore
Resource associated with Activity:
    telemetry.sdk.name: opentelemetry
[22:29:09 INF] Executed action Urbeat.WebApi.Controllers.StoresController.Create (Urbeat.WebApi) in 34.8121ms
    telemetry.sdk.language: dotnet
    telemetry.sdk.version: 1.14.0
    service.name: unknown_service:testhost
Activity.TraceId:            26bdd1f3376a28cfc89828860c24ff86
Activity.SpanId:             89e6b7a97f67bfbf
Activity.TraceFlags:         Recorded
Activity.DisplayName:        POST api/checkout/preview
Activity.Kind:               Server
[22:29:09 INF] Executed endpoint 'Urbeat.WebApi.Controllers.StoresController.Create (Urbeat.WebApi)'
Activity.StartTime:          2026-06-08T01:29:09.2274525Z
Activity.Duration:           00:00:00.1850104
Activity.Tags:
    server.address: localhost
    http.request.method: POST
    url.scheme: http
    url.path: /api/checkout/preview
    network.protocol.version: 1.1
    http.route: api/checkout/preview
    http.response.status_code: 400
Instrumentation scope (ActivitySource):
    Name: Microsoft.AspNetCore
Resource associated with Activity:
    telemetry.sdk.name: opentelemetry
    telemetry.sdk.language: dotnet
    telemetry.sdk.version: 1.14.0
[22:29:09 INF] HTTP POST /api/stores responded 201 in 35.3233 ms
    service.name: unknown_service:testhost
Activity.TraceId:            26bdd1f3376a28cfc89828860c24ff86
Activity.SpanId:             89e6b7a97f67bfbf
Activity.TraceFlags:         Recorded
Activity.DisplayName:        POST api/checkout/preview
Activity.Kind:               Server
Activity.StartTime:          2026-06-08T01:29:09.2274525Z
Activity.Duration:           00:00:00.1850104
Activity.Tags:
    server.address: localhost
    http.request.method: POST
    url.scheme: http
    url.path: /api/checkout/preview
    network.protocol.version: 1.1
    http.route: api/checkout/preview
    http.response.status_code: 400
Instrumentation scope (ActivitySource):
    Name: Microsoft.AspNetCore
Resource associated with Activity:
    telemetry.sdk.name: opentelemetry
    telemetry.sdk.language: dotnet
    telemetry.sdk.version: 1.14.0
    service.name: unknown_service:testhost
Activity.TraceId:            26bdd1f3376a28cfc89828860c24ff86
Activity.SpanId:             89e6b7a97f67bfbf
Activity.TraceFlags:         Recorded
Activity.DisplayName:        POST api/checkout/preview
Activity.Kind:               Server
Activity.StartTime:          2026-06-08T01:29:09.2274525Z
Activity.Duration:           00:00:00.1850104
Activity.Tags:
    server.address: localhost
    http.request.method: POST
    url.scheme: http
    url.path: /api/checkout/preview
    network.protocol.version: 1.1
    http.route: api/checkout/preview
[22:29:09 INF] Request finished HTTP/1.1 POST http://localhost/api/stores - 201 null application/json; charset=utf-8 65.6982ms
    http.response.status_code: 400
Instrumentation scope (ActivitySource):
    Name: Microsoft.AspNetCore
Resource associated with Activity:
    telemetry.sdk.name: opentelemetry
    telemetry.sdk.language: dotnet
    telemetry.sdk.version: 1.14.0
    service.name: unknown_service:testhost
Activity.TraceId:            5b86f69cefa80990f418dd86cd35a8ba
Activity.SpanId:             5822413d9356f7f1
Activity.TraceFlags:         Recorded
Activity.DisplayName:        POST api/stores
Activity.Kind:               Server
Activity.StartTime:          2026-06-08T01:29:09.3819357Z
Activity.Duration:           00:00:00.0658168
Activity.Tags:
    server.address: localhost
    http.request.method: POST
    url.scheme: http
    url.path: /api/stores
    network.protocol.version: 1.1
    http.route: api/stores
    http.response.status_code: 201
Instrumentation scope (ActivitySource):
    Name: Microsoft.AspNetCore
Resource associated with Activity:
    telemetry.sdk.name: opentelemetry
    telemetry.sdk.language: dotnet
    telemetry.sdk.version: 1.14.0
    service.name: unknown_service:testhost
Activity.TraceId:            5b86f69cefa80990f418dd86cd35a8ba
Activity.SpanId:             5822413d9356f7f1
Activity.TraceFlags:         Recorded
Activity.DisplayName:        POST api/stores
Activity.Kind:               Server
Activity.StartTime:          2026-06-08T01:29:09.3819357Z
Activity.Duration:           00:00:00.0658168
Activity.Tags:
    server.address: localhost
    http.request.method: POST
    url.scheme: http
    url.path: /api/stores
    network.protocol.version: 1.1
    http.route: api/stores
    http.response.status_code: 201
Instrumentation scope (ActivitySource):
    Name: Microsoft.AspNetCore
Resource associated with Activity:
    telemetry.sdk.name: opentelemetry
    telemetry.sdk.language: dotnet
    telemetry.sdk.version: 1.14.0
    service.name: unknown_service:testhost
Activity.TraceId:            5b86f69cefa80990f418dd86cd35a8ba
Activity.SpanId:             5822413d9356f7f1
Activity.TraceFlags:         Recorded
Activity.DisplayName:        POST api/stores
Activity.Kind:               Server
Activity.StartTime:          2026-06-08T01:29:09.3819357Z
Activity.Duration:           00:00:00.0658168
Activity.Tags:
    server.address: localhost
    http.request.method: POST
    url.scheme: http
    url.path: /api/stores
    network.protocol.version: 1.1
    http.route: api/stores
    http.response.status_code: 201
Instrumentation scope (ActivitySource):
    Name: Microsoft.AspNetCore
Resource associated with Activity:
    telemetry.sdk.name: opentelemetry
    telemetry.sdk.language: dotnet
    telemetry.sdk.version: 1.14.0
    service.name: unknown_service:testhost
Activity.TraceId:            5b86f69cefa80990f418dd86cd35a8ba
Activity.SpanId:             5822413d9356f7f1
Activity.TraceFlags:         Recorded
Activity.DisplayName:        POST api/stores
Activity.Kind:               Server
Activity.StartTime:          2026-06-08T01:29:09.3819357Z
[22:29:09 INF] Request starting HTTP/1.1 POST http://localhost/api/auth/register/seller - application/json; charset=utf-8 null
Activity.Duration:           00:00:00.0658168
Activity.Tags:
    server.address: localhost
    http.request.method: POST
    url.scheme: http
    url.path: /api/stores
    network.protocol.version: 1.1
    http.route: api/stores
    http.response.status_code: 201
Instrumentation scope (ActivitySource):
    Name: Microsoft.AspNetCore
Resource associated with Activity:
    telemetry.sdk.name: opentelemetry
    telemetry.sdk.language: dotnet
    telemetry.sdk.version: 1.14.0
    service.name: unknown_service:testhost
Activity.TraceId:            5b86f69cefa80990f418dd86cd35a8ba
Activity.SpanId:             5822413d9356f7f1
Activity.TraceFlags:         Recorded
Activity.DisplayName:        POST api/stores
Activity.Kind:               Server
Activity.StartTime:          2026-06-08T01:29:09.3819357Z
Activity.Duration:           00:00:00.0658168
Activity.Tags:
    server.address: localhost
    http.request.method: POST
    url.scheme: http
    url.path: /api/stores
    network.protocol.version: 1.1
    http.route: api/stores
    http.response.status_code: 201
Instrumentation scope (ActivitySource):
    Name: Microsoft.AspNetCore
Resource associated with Activity:
    telemetry.sdk.name: opentelemetry
    telemetry.sdk.language: dotnet
    telemetry.sdk.version: 1.14.0
    service.name: unknown_service:testhost
Activity.TraceId:            5b86f69cefa80990f418dd86cd35a8ba
Activity.SpanId:             5822413d9356f7f1
Activity.TraceFlags:         Recorded
Activity.DisplayName:        POST api/stores
Activity.Kind:               Server
Activity.StartTime:          2026-06-08T01:29:09.3819357Z
Activity.Duration:           00:00:00.0658168
Activity.Tags:
    server.address: localhost
    http.request.method: POST
    url.scheme: http
    url.path: /api/stores
    network.protocol.version: 1.1
    http.route: api/stores
    http.response.status_code: 201
Instrumentation scope (ActivitySource):
    Name: Microsoft.AspNetCore
Resource associated with Activity:
    telemetry.sdk.name: opentelemetry
    telemetry.sdk.language: dotnet
    telemetry.sdk.version: 1.14.0
    service.name: unknown_service:testhost
Activity.TraceId:            5b86f69cefa80990f418dd86cd35a8ba
Activity.SpanId:             5822413d9356f7f1
Activity.TraceFlags:         Recorded
Activity.DisplayName:        POST api/stores
Activity.Kind:               Server
Activity.StartTime:          2026-06-08T01:29:09.3819357Z
[xUnit.net 00:00:06.58]       Expected createOrderResponse.StatusCode to be HttpStatusCode.Created {value: 201}, but found HttpStatusCode.BadRequest {value: 400}.
Activity.Duration:           00:00:00.0658168
Activity.Tags:
    server.address: localhost
    http.request.method: POST
    url.scheme: http
    url.path: /api/stores
    network.protocol.version: 1.1
    http.route: api/stores
[xUnit.net 00:00:06.58]       Stack Trace:
[xUnit.net 00:00:06.58]            at FluentAssertions.Execution.LateBoundTestFramework.Throw(String message)
    http.response.status_code: 201
Instrumentation scope (ActivitySource):
[xUnit.net 00:00:06.58]            at FluentAssertions.Execution.DefaultAssertionStrategy.HandleFailure(String message)
    Name: Microsoft.AspNetCore
Resource associated with Activity:
    telemetry.sdk.name: opentelemetry
    telemetry.sdk.language: dotnet
    telemetry.sdk.version: 1.14.0
    service.name: unknown_service:testhost
Activity.TraceId:            5b86f69cefa80990f418dd86cd35a8ba
Activity.SpanId:             5822413d9356f7f1
Activity.TraceFlags:         Recorded
Activity.DisplayName:        POST api/stores
Activity.Kind:               Server
Activity.StartTime:          2026-06-08T01:29:09.3819357Z
[xUnit.net 00:00:06.58]            at FluentAssertions.Execution.AssertionScope.AddPreFormattedFailure(String formattedFailureMessage)
Activity.Duration:           00:00:00.0658168
Activity.Tags:
    server.address: localhost
    http.request.method: POST
    url.scheme: http
    url.path: /api/stores
    network.protocol.version: 1.1
    http.route: api/stores
    http.response.status_code: 201
Instrumentation scope (ActivitySource):
    Name: Microsoft.AspNetCore
Resource associated with Activity:
    telemetry.sdk.name: opentelemetry
[xUnit.net 00:00:06.58]            at FluentAssertions.Execution.AssertionChain.FailWith(Func`1 getFailureReason)
[xUnit.net 00:00:06.58]            at FluentAssertions.Execution.AssertionChain.FailWith(Func`1 getFailureReason)
[xUnit.net 00:00:06.58]            at FluentAssertions.Execution.AssertionChain.FailWith(String message, Object[] args)
    telemetry.sdk.language: dotnet
    telemetry.sdk.version: 1.14.0
    service.name: unknown_service:testhost
Activity.TraceId:            5b86f69cefa80990f418dd86cd35a8ba
Activity.SpanId:             5822413d9356f7f1
Activity.TraceFlags:         Recorded
Activity.DisplayName:        POST api/stores
[xUnit.net 00:00:06.58]            at FluentAssertions.Primitives.EnumAssertions`2.Be(TEnum expected, String because, Object[] becauseArgs)
Activity.Kind:               Server
Activity.StartTime:          2026-06-08T01:29:09.3819357Z
Activity.Duration:           00:00:00.0658168
Activity.Tags:
    server.address: localhost
    http.request.method: POST
    url.scheme: http
    url.path: /api/stores
    network.protocol.version: 1.1
    http.route: api/stores
    http.response.status_code: 201
[xUnit.net 00:00:06.58]         C:\Projetos\urbeat\backend\tests\Urbeat.IntegrationTests\Api\PaymentsFlowTests.cs(69,0): at Urbeat.IntegrationTests.Api.PaymentsFlowTests.Customer_ShouldStartAndTrackOnlinePayment_ForPendingOrder()
Instrumentation scope (ActivitySource):
    Name: Microsoft.AspNetCore
Resource associated with Activity:
    telemetry.sdk.name: opentelemetry
    telemetry.sdk.language: dotnet
    telemetry.sdk.version: 1.14.0
    service.name: unknown_service:testhost
Activity.TraceId:            5b86f69cefa80990f418dd86cd35a8ba
[xUnit.net 00:00:06.58]         --- End of stack trace from previous location ---
[xUnit.net 00:00:06.58]       Expected previewResponse.StatusCode to be HttpStatusCode.OK {value: 200}, but found HttpStatusCode.BadRequest {value: 400}.
Activity.SpanId:             5822413d9356f7f1
Activity.TraceFlags:         Recorded
Activity.DisplayName:        POST api/stores
Activity.Kind:               Server
Activity.StartTime:          2026-06-08T01:29:09.3819357Z
[xUnit.net 00:00:06.58]       Stack Trace:
Activity.Duration:           00:00:00.0658168
Activity.Tags:
    server.address: localhost
    http.request.method: POST
    url.scheme: http
    url.path: /api/stores
    network.protocol.version: 1.1
    http.route: api/stores
    http.response.status_code: 201
Instrumentation scope (ActivitySource):
    Name: Microsoft.AspNetCore
Resource associated with Activity:
    telemetry.sdk.name: opentelemetry
[xUnit.net 00:00:06.58]            at FluentAssertions.Execution.LateBoundTestFramework.Throw(String message)
    telemetry.sdk.language: dotnet
    telemetry.sdk.version: 1.14.0
    service.name: unknown_service:testhost
Activity.TraceId:            5b86f69cefa80990f418dd86cd35a8ba
Activity.SpanId:             5822413d9356f7f1
Activity.TraceFlags:         Recorded
Activity.DisplayName:        POST api/stores
Activity.Kind:               Server
[xUnit.net 00:00:06.58]            at FluentAssertions.Execution.DefaultAssertionStrategy.HandleFailure(String message)
[xUnit.net 00:00:06.58]            at FluentAssertions.Execution.AssertionScope.AddPreFormattedFailure(String formattedFailureMessage)
Activity.StartTime:          2026-06-08T01:29:09.3819357Z
[22:29:09 INF] Executing endpoint 'Urbeat.WebApi.Controllers.AuthController.RegisterSeller (Urbeat.WebApi)'
Activity.Duration:           00:00:00.0658168
Activity.Tags:
    server.address: localhost
[xUnit.net 00:00:06.58]            at FluentAssertions.Execution.AssertionChain.FailWith(Func`1 getFailureReason)
[22:29:09 INF] Saved 2 entities to in-memory store.
    http.request.method: POST
    url.scheme: http
[22:29:09 INF] Request starting HTTP/1.1 GET http://localhost/api/stores/019ea4d9-0dcd-7409-979a-4ad0ed11b7da/categories - null null
    url.path: /api/stores
[xUnit.net 00:00:06.58]            at FluentAssertions.Execution.AssertionChain.FailWith(Func`1 getFailureReason)
    network.protocol.version: 1.1
[xUnit.net 00:00:06.58]            at FluentAssertions.Execution.AssertionChain.FailWith(String message, Object[] args)
[xUnit.net 00:00:06.58]            at FluentAssertions.Primitives.EnumAssertions`2.Be(TEnum expected, String because, Object[] becauseArgs)
    http.route: api/stores
[xUnit.net 00:00:06.58]         C:\Projetos\urbeat\backend\tests\Urbeat.IntegrationTests\Api\CheckoutFlowTests.cs(77,0): at Urbeat.IntegrationTests.Api.CheckoutFlowTests.Customer_ShouldPreviewAndConfirmCheckout()
[22:29:09 INF] Executing action method Urbeat.WebApi.Controllers.StoresController.UpdateDeliveryConfig (Urbeat.WebApi) - Validation state: Valid
[xUnit.net 00:00:06.58]         --- End of stack trace from previous location ---
    http.response.status_code: 201
Instrumentation scope (ActivitySource):
    Name: Microsoft.AspNetCore
[22:29:09 INF] Request starting HTTP/1.1 POST http://localhost/api/auth/register/seller - application/json; charset=utf-8 null
Resource associated with Activity:
[22:29:09 INF] Route matched with {action = "RegisterSeller", controller = "Auth"}. Executing controller action with signature System.Threading.Tasks.Task`1[Microsoft.AspNetCore.Mvc.IActionResult] RegisterSeller(Urbeat.Application.DTOs.RegisterUserRequestDto, System.Threading.CancellationToken) on controller Urbeat.WebApi.Controllers.AuthController (Urbeat.WebApi).
    telemetry.sdk.name: opentelemetry
[22:29:09 INF] Executing action method Urbeat.WebApi.Controllers.StoresController.UpdateDeliveryConfig (Urbeat.WebApi) - Validation state: Valid
    telemetry.sdk.language: dotnet
[22:29:09 INF] Saved 1 entities to in-memory store.
  Passed Urbeat.IntegrationTests.Api.StoreFlowTests.Seller_ShouldNotCreateSecondStore [883 ms]
  Passed Urbeat.IntegrationTests.Api.StoreManagementFlowTests.Seller_ShouldUpdateStoreStatus [988 ms]
  Passed Urbeat.IntegrationTests.Api.EmailConfirmationFlowTests.ConfirmEmail_WithMalformedBase64UrlToken_ShouldReturnBadRequest [373 ms]
  Failed Urbeat.IntegrationTests.Api.PaymentsFlowTests.Customer_ShouldStartAndTrackOnlinePayment_ForPendingOrder [6 s]
  Error Message:
   Expected createOrderResponse.StatusCode to be HttpStatusCode.Created {value: 201}, but found HttpStatusCode.BadRequest {value: 400}.
  Stack Trace:
     at FluentAssertions.Execution.LateBoundTestFramework.Throw(String message)
   at FluentAssertions.Execution.DefaultAssertionStrategy.HandleFailure(String message)
   at FluentAssertions.Execution.AssertionScope.AddPreFormattedFailure(String formattedFailureMessage)
   at FluentAssertions.Execution.AssertionChain.FailWith(Func`1 getFailureReason)
   at FluentAssertions.Execution.AssertionChain.FailWith(Func`1 getFailureReason)
   at FluentAssertions.Execution.AssertionChain.FailWith(String message, Object[] args)
   at FluentAssertions.Primitives.EnumAssertions`2.Be(TEnum expected, String because, Object[] becauseArgs)
   at Urbeat.IntegrationTests.Api.PaymentsFlowTests.Customer_ShouldStartAndTrackOnlinePayment_ForPendingOrder() in C:\Projetos\urbeat\backend\tests\Urbeat.IntegrationTests\Api\PaymentsFlowTests.cs:line 69
--- End of stack trace from previous location ---
  Failed Urbeat.IntegrationTests.Api.CheckoutFlowTests.Customer_ShouldPreviewAndConfirmCheckout [6 s]
  Error Message:
   Expected previewResponse.StatusCode to be HttpStatusCode.OK {value: 200}, but found HttpStatusCode.BadRequest {value: 400}.
  Stack Trace:
     at FluentAssertions.Execution.LateBoundTestFramework.Throw(String message)
   at FluentAssertions.Execution.DefaultAssertionStrategy.HandleFailure(String message)
   at FluentAssertions.Execution.AssertionScope.AddPreFormattedFailure(String formattedFailureMessage)
   at FluentAssertions.Execution.AssertionChain.FailWith(Func`1 getFailureReason)
   at FluentAssertions.Execution.AssertionChain.FailWith(Func`1 getFailureReason)
   at FluentAssertions.Execution.AssertionChain.FailWith(String message, Object[] args)
   at FluentAssertions.Primitives.EnumAssertions`2.Be(TEnum expected, String because, Object[] becauseArgs)
   at Urbeat.IntegrationTests.Api.CheckoutFlowTests.Customer_ShouldPreviewAndConfirmCheckout() in C:\Projetos\urbeat\backend\tests\Urbeat.IntegrationTests\Api\CheckoutFlowTests.cs:line 77
--- End of stack trace from previous location ---
[22:29:09 INF] Route matched with {action = "RegisterSeller", controller = "Auth"}. Executing controller action with signature System.Threading.Tasks.Task`1[Microsoft.AspNetCore.Mvc.IActionResult] RegisterSeller(Urbeat.Application.DTOs.RegisterUserRequestDto, System.Threading.CancellationToken) on controller Urbeat.WebApi.Controllers.AuthController (Urbeat.WebApi).
    telemetry.sdk.version: 1.14.0
    service.name: unknown_service:testhost
[22:29:09 INF] USER_LOGGED_IN | Login succeeded | UserId=019ea4d9-0f87-7981-9a12-e8d51bf9f33a | Email=store.invalid-cuisine.e3dbc4b753f448eda4141c9b49ca72c0@urbeat.local | Role=Seller | IP=null
[22:29:09 INF] Executing endpoint 'Urbeat.WebApi.Controllers.AuthController.RegisterSeller (Urbeat.WebApi)'
[22:29:09 INF] Request starting HTTP/1.1 POST http://localhost/api/auth/login/admin - application/json; charset=utf-8 null
[22:29:09 INF] Saved 1 entities to in-memory store.
[22:29:09 INF] Route matched with {action = "RegisterSeller", controller = "Auth"}. Executing controller action with signature System.Threading.Tasks.Task`1[Microsoft.AspNetCore.Mvc.IActionResult] RegisterSeller(Urbeat.Application.DTOs.RegisterUserRequestDto, System.Threading.CancellationToken) on controller Urbeat.WebApi.Controllers.AuthController (Urbeat.WebApi).
[22:29:09 INF] Saved 1 entities to in-memory store.
[22:29:09 INF] SellerRegistered | Registration succeeded | UserId=019ea4d9-1004-7ada-be2c-e23adf07e350 | Email=store.search.b03df7cc82b542c5917d9615229a2b05@urbeat.local | Role=Seller
[22:29:09 INF] Saved 1 entities to in-memory store.
[22:29:09 INF] Executed action method Urbeat.WebApi.Controllers.AuthController.LoginSeller (Urbeat.WebApi), returned result Microsoft.AspNetCore.Mvc.OkObjectResult in 88.4334ms.
[22:29:09 INF] Executing endpoint 'Urbeat.WebApi.Controllers.AuthController.LoginAdmin (Urbeat.WebApi)'
[22:29:09 INF] Executing action method Urbeat.WebApi.Controllers.AuthController.RegisterSeller (Urbeat.WebApi) - Validation state: Valid
[22:29:09 INF] Executing endpoint 'Urbeat.WebApi.Controllers.StoreCategoriesController.List (Urbeat.WebApi)'
[22:29:09 INF] Executing OkObjectResult, writing value of type 'Urbeat.Application.DTOs.AuthTokenResponseDto'.
[22:29:09 INF] STORE_DELIVERY_CONFIG_UPDATED | Store delivery config updated | StoreId=019ea4d9-0eff-7cfc-8ee3-ef42a81dcd02 | OwnerUserId=019ea4d9-0d8f-7747-87aa-72998e07afb7 | DeliveryFee=4 | MinimumOrderValue=10 | IP=null
[22:29:09 INF] STORE_DELIVERY_CONFIG_UPDATED | Store delivery config updated | StoreId=019ea4d9-0f19-743e-95fb-c90d2a99f63b | OwnerUserId=019ea4d9-0c27-7caa-85a1-474dde4563ad | DeliveryFee=4 | MinimumOrderValue=10 | IP=null
[22:29:09 INF] Route matched with {action = "LoginAdmin", controller = "Auth"}. Executing controller action with signature System.Threading.Tasks.Task`1[Microsoft.AspNetCore.Mvc.IActionResult] LoginAdmin(Urbeat.Application.DTOs.LoginRequestDto, System.Threading.CancellationToken) on controller Urbeat.WebApi.Controllers.AuthController (Urbeat.WebApi).
[22:29:09 INF] Executing action method Urbeat.WebApi.Controllers.AuthController.RegisterSeller (Urbeat.WebApi) - Validation state: Valid
[22:29:09 INF] Executed action Urbeat.WebApi.Controllers.AuthController.LoginSeller (Urbeat.WebApi) in 89.121ms
[22:29:09 INF] Saved 1 entities to in-memory store.
[22:29:09 INF] Executed endpoint 'Urbeat.WebApi.Controllers.AuthController.LoginSeller (Urbeat.WebApi)'
[22:29:09 INF] Executed action method Urbeat.WebApi.Controllers.StoresController.UpdateDeliveryConfig (Urbeat.WebApi), returned result Microsoft.AspNetCore.Mvc.OkObjectResult in 20.1746ms.
[22:29:09 INF] Executed action method Urbeat.WebApi.Controllers.AuthController.RegisterSeller (Urbeat.WebApi), returned result Microsoft.AspNetCore.Mvc.ObjectResult in 122.702ms.
[22:29:09 INF] Executed action method Urbeat.WebApi.Controllers.StoresController.UpdateDeliveryConfig (Urbeat.WebApi), returned result Microsoft.AspNetCore.Mvc.OkObjectResult in 20.3314ms.
[22:29:09 INF] HTTP POST /api/auth/login/seller responded 200 in 89.5559 ms
[22:29:09 INF] Executing OkObjectResult, writing value of type 'Urbeat.Application.DTOs.StoreResponseDto'.
[22:29:09 INF] Executing action method Urbeat.WebApi.Controllers.AuthController.LoginAdmin (Urbeat.WebApi) - Validation state: Valid
[22:29:09 INF] Executing OkObjectResult, writing value of type 'Urbeat.Application.DTOs.StoreResponseDto'.
[22:29:09 INF] Request finished HTTP/1.1 POST http://localhost/api/auth/login/seller - 200 null application/json; charset=utf-8 90.1538ms
[22:29:09 INF] Executing ObjectResult, writing value of type '<>f__AnonymousType2`3[[System.Nullable`1[[System.Guid, System.Private.CoreLib, Version=9.0.0.0, Culture=neutral, PublicKeyToken=7cec85d7bea7798e]], System.Private.CoreLib, Version=9.0.0.0, Culture=neutral, PublicKeyToken=7cec85d7bea7798e],[System.Boolean, System.Private.CoreLib, Version=9.0.0.0, Culture=neutral, PublicKeyToken=7cec85d7bea7798e],[System.String, System.Private.CoreLib, Version=9.0.0.0, Culture=neutral, PublicKeyToken=7cec85d7bea7798e]]'.
[22:29:09 INF] Executed action Urbeat.WebApi.Controllers.StoresController.UpdateDeliveryConfig (Urbeat.WebApi) in 55.9252ms
[22:29:09 INF] Executed endpoint 'Urbeat.WebApi.Controllers.StoresController.UpdateDeliveryConfig (Urbeat.WebApi)'
[22:29:09 INF] Executed action Urbeat.WebApi.Controllers.StoresController.UpdateDeliveryConfig (Urbeat.WebApi) in 56.0287ms
Activity.TraceId:            41e51c00430563b891de34f11bf2456d
Activity.SpanId:             3048996c9318b338
[22:29:09 INF] HTTP PATCH /api/stores/019ea4d9-0f19-743e-95fb-c90d2a99f63b/delivery-config responded 200 in 119.2839 ms
Activity.TraceFlags:         Recorded
Activity.DisplayName:        POST api/auth/login/seller
Activity.Kind:               Server
Activity.StartTime:          2026-06-08T01:29:09.4123478Z
[22:29:09 INF] Executed endpoint 'Urbeat.WebApi.Controllers.StoresController.UpdateDeliveryConfig (Urbeat.WebApi)'
Activity.Duration:           00:00:00.0902650
Activity.Tags:
    server.address: localhost
    http.request.method: POST
    url.scheme: http
    url.path: /api/auth/login/seller
    network.protocol.version: 1.1
    http.route: api/auth/login/seller
    http.response.status_code: 200
Instrumentation scope (ActivitySource):
    Name: Microsoft.AspNetCore
Resource associated with Activity:
    telemetry.sdk.name: opentelemetry
    telemetry.sdk.language: dotnet
    telemetry.sdk.version: 1.14.0
    service.name: unknown_service:testhost
Activity.TraceId:            41e51c00430563b891de34f11bf2456d
Activity.SpanId:             3048996c9318b338
Activity.TraceFlags:         Recorded
Activity.DisplayName:        POST api/auth/login/seller
Activity.Kind:               Server
Activity.StartTime:          2026-06-08T01:29:09.4123478Z
Activity.Duration:           00:00:00.0902650
Activity.Tags:
    server.address: localhost
    http.request.method: POST
    url.scheme: http
    url.path: /api/auth/login/seller
    network.protocol.version: 1.1
    http.route: api/auth/login/seller
    http.response.status_code: 200
Instrumentation scope (ActivitySource):
    Name: Microsoft.AspNetCore
Resource associated with Activity:
[22:29:09 INF] HTTP PATCH /api/stores/019ea4d9-0eff-7cfc-8ee3-ef42a81dcd02/delivery-config responded 200 in 118.9880 ms
    telemetry.sdk.name: opentelemetry
    telemetry.sdk.language: dotnet
    telemetry.sdk.version: 1.14.0
    service.name: unknown_service:testhost
Activity.TraceId:            41e51c00430563b891de34f11bf2456d
Activity.SpanId:             3048996c9318b338
Activity.TraceFlags:         Recorded
Activity.DisplayName:        POST api/auth/login/seller
Activity.Kind:               Server
Activity.StartTime:          2026-06-08T01:29:09.4123478Z
Activity.Duration:           00:00:00.0902650
Activity.Tags:
    server.address: localhost
    http.request.method: POST
    url.scheme: http
    url.path: /api/auth/login/seller
    network.protocol.version: 1.1
    http.route: api/auth/login/seller
    http.response.status_code: 200
Instrumentation scope (ActivitySource):
    Name: Microsoft.AspNetCore
Resource associated with Activity:
    telemetry.sdk.name: opentelemetry
    telemetry.sdk.language: dotnet
    telemetry.sdk.version: 1.14.0
    service.name: unknown_service:testhost
Activity.TraceId:            41e51c00430563b891de34f11bf2456d
Activity.SpanId:             3048996c9318b338
Activity.TraceFlags:         Recorded
Activity.DisplayName:        POST api/auth/login/seller
Activity.Kind:               Server
Activity.StartTime:          2026-06-08T01:29:09.4123478Z
Activity.Duration:           00:00:00.0902650
Activity.Tags:
    server.address: localhost
[22:29:09 INF] Request finished HTTP/1.1 PATCH http://localhost/api/stores/019ea4d9-0eff-7cfc-8ee3-ef42a81dcd02/delivery-config - 200 null application/json; charset=utf-8 121.8962ms
    http.request.method: POST
    url.scheme: http
    url.path: /api/auth/login/seller
    network.protocol.version: 1.1
    http.route: api/auth/login/seller
    http.response.status_code: 200
Instrumentation scope (ActivitySource):
    Name: Microsoft.AspNetCore
Resource associated with Activity:
    telemetry.sdk.name: opentelemetry
    telemetry.sdk.language: dotnet
    telemetry.sdk.version: 1.14.0
    service.name: unknown_service:testhost
Activity.TraceId:            41e51c00430563b891de34f11bf2456d
Activity.SpanId:             3048996c9318b338
Activity.TraceFlags:         Recorded
Activity.DisplayName:        POST api/auth/login/seller
Activity.Kind:               Server
Activity.StartTime:          2026-06-08T01:29:09.4123478Z
Activity.Duration:           00:00:00.0902650
Activity.Tags:
    server.address: localhost
    http.request.method: POST
    url.scheme: http
    url.path: /api/auth/login/seller
    network.protocol.version: 1.1
    http.route: api/auth/login/seller
    http.response.status_code: 200
Instrumentation scope (ActivitySource):
    Name: Microsoft.AspNetCore
Resource associated with Activity:
    telemetry.sdk.name: opentelemetry
[22:29:09 INF] Request finished HTTP/1.1 PATCH http://localhost/api/stores/019ea4d9-0f19-743e-95fb-c90d2a99f63b/delivery-config - 200 null application/json; charset=utf-8 122.1238ms
    telemetry.sdk.language: dotnet
    telemetry.sdk.version: 1.14.0
    service.name: unknown_service:testhost
Activity.TraceId:            41e51c00430563b891de34f11bf2456d
Activity.SpanId:             3048996c9318b338
Activity.TraceFlags:         Recorded
Activity.DisplayName:        POST api/auth/login/seller
Activity.Kind:               Server
Activity.StartTime:          2026-06-08T01:29:09.4123478Z
Activity.Duration:           00:00:00.0902650
Activity.Tags:
    server.address: localhost
    http.request.method: POST
    url.scheme: http
    url.path: /api/auth/login/seller
    network.protocol.version: 1.1
    http.route: api/auth/login/seller
    http.response.status_code: 200
Activity.TraceId:            4f6d50056854bca2efb10b6cabf4408c
Instrumentation scope (ActivitySource):
Activity.SpanId:             a83f73fb5dd02efb
    Name: Microsoft.AspNetCore
Activity.TraceFlags:         Recorded
Resource associated with Activity:
Activity.DisplayName:        PATCH api/stores/{storeId}/delivery-config
    telemetry.sdk.name: opentelemetry
Activity.Kind:               Server
    telemetry.sdk.language: dotnet
    telemetry.sdk.version: 1.14.0
    service.name: unknown_service:testhost
Activity.StartTime:          2026-06-08T01:29:09.3811257Z
Activity.TraceId:            41e51c00430563b891de34f11bf2456d
Activity.Duration:           00:00:00.1219452
Activity.SpanId:             3048996c9318b338
Activity.Tags:
Activity.TraceFlags:         Recorded
Activity.DisplayName:        POST api/auth/login/seller
    server.address: localhost
Activity.Kind:               Server
    http.request.method: PATCH
    url.scheme: http
    url.path: /api/stores/019ea4d9-0eff-7cfc-8ee3-ef42a81dcd02/delivery-config
Activity.StartTime:          2026-06-08T01:29:09.4123478Z
    network.protocol.version: 1.1
Activity.Duration:           00:00:00.0902650
    http.route: api/stores/{storeId}/delivery-config
Activity.Tags:
    http.response.status_code: 200
    server.address: localhost
    http.request.method: POST
Instrumentation scope (ActivitySource):
    url.scheme: http
    Name: Microsoft.AspNetCore
    url.path: /api/auth/login/seller
Resource associated with Activity:
    network.protocol.version: 1.1
    telemetry.sdk.name: opentelemetry
    http.route: api/auth/login/seller
    telemetry.sdk.language: dotnet
    http.response.status_code: 200
    telemetry.sdk.version: 1.14.0
Instrumentation scope (ActivitySource):
    Name: Microsoft.AspNetCore
    service.name: unknown_service:testhost
Resource associated with Activity:
    telemetry.sdk.name: opentelemetry
Activity.TraceId:            2ccc2d2b6e49919662e04b9c1ae7965a
Activity.TraceId:            4f6d50056854bca2efb10b6cabf4408c
Activity.SpanId:             df46be5f81d073d5
    telemetry.sdk.language: dotnet
Activity.SpanId:             a83f73fb5dd02efb
Activity.TraceFlags:         Recorded
Activity.DisplayName:        PATCH api/stores/{storeId}/delivery-config
Activity.Kind:               Server
Activity.StartTime:          2026-06-08T01:29:09.3811257Z
Activity.TraceFlags:         Recorded
Activity.Duration:           00:00:00.1219452
Activity.DisplayName:        PATCH api/stores/{storeId}/delivery-config
Activity.Kind:               Server
    telemetry.sdk.version: 1.14.0
Activity.StartTime:          2026-06-08T01:29:09.3806897Z
    service.name: unknown_service:testhost
Activity.Duration:           00:00:00.1225025
Activity.Tags:
[22:29:09 INF] Executed action Urbeat.WebApi.Controllers.AuthController.RegisterSeller (Urbeat.WebApi) in 156.3515ms
    server.address: localhost
    http.request.method: PATCH
Activity.TraceId:            41e51c00430563b891de34f11bf2456d
    url.scheme: http
Activity.SpanId:             3048996c9318b338
Activity.TraceFlags:         Recorded
    url.path: /api/stores/019ea4d9-0f19-743e-95fb-c90d2a99f63b/delivery-config
Activity.DisplayName:        POST api/auth/login/seller
    network.protocol.version: 1.1
Activity.Kind:               Server
Activity.Tags:
    http.route: api/stores/{storeId}/delivery-config
    server.address: localhost
    http.response.status_code: 200
    http.request.method: PATCH
Activity.StartTime:          2026-06-08T01:29:09.4123478Z
    url.scheme: http
Activity.Duration:           00:00:00.0902650
    url.path: /api/stores/019ea4d9-0eff-7cfc-8ee3-ef42a81dcd02/delivery-config
Activity.Tags:
    network.protocol.version: 1.1
    server.address: localhost
    http.route: api/stores/{storeId}/delivery-config
Instrumentation scope (ActivitySource):
    http.response.status_code: 200
    Name: Microsoft.AspNetCore
    http.request.method: POST
Resource associated with Activity:
    url.scheme: http
[22:29:09 INF] Executed endpoint 'Urbeat.WebApi.Controllers.AuthController.RegisterSeller (Urbeat.WebApi)'
    url.path: /api/auth/login/seller
Instrumentation scope (ActivitySource):
    Name: Microsoft.AspNetCore
    network.protocol.version: 1.1
    http.route: api/auth/login/seller
Resource associated with Activity:
    http.response.status_code: 200
    telemetry.sdk.name: opentelemetry
    telemetry.sdk.language: dotnet
    telemetry.sdk.version: 1.14.0
Instrumentation scope (ActivitySource):
    service.name: unknown_service:testhost
    Name: Microsoft.AspNetCore
    telemetry.sdk.name: opentelemetry
Resource associated with Activity:
Activity.TraceId:            4f6d50056854bca2efb10b6cabf4408c
    telemetry.sdk.language: dotnet
Activity.SpanId:             a83f73fb5dd02efb
    telemetry.sdk.name: opentelemetry
Activity.TraceFlags:         Recorded
    telemetry.sdk.language: dotnet
Activity.DisplayName:        PATCH api/stores/{storeId}/delivery-config
    telemetry.sdk.version: 1.14.0
Activity.Kind:               Server
    telemetry.sdk.version: 1.14.0
    service.name: unknown_service:testhost
    service.name: unknown_service:testhost
Activity.StartTime:          2026-06-08T01:29:09.3811257Z
Activity.Duration:           00:00:00.1219452
Activity.TraceId:            2ccc2d2b6e49919662e04b9c1ae7965a
Activity.Tags:
Activity.SpanId:             df46be5f81d073d5
    server.address: localhost
Activity.TraceId:            41e51c00430563b891de34f11bf2456d
Activity.TraceFlags:         Recorded
Activity.SpanId:             3048996c9318b338
Activity.DisplayName:        PATCH api/stores/{storeId}/delivery-config
    http.request.method: PATCH
Activity.TraceFlags:         Recorded
    url.scheme: http
Activity.DisplayName:        POST api/auth/login/seller
    url.path: /api/stores/019ea4d9-0eff-7cfc-8ee3-ef42a81dcd02/delivery-config
Activity.Kind:               Server
    network.protocol.version: 1.1
Activity.Kind:               Server
    http.route: api/stores/{storeId}/delivery-config
Activity.StartTime:          2026-06-08T01:29:09.4123478Z
Activity.StartTime:          2026-06-08T01:29:09.3806897Z
Activity.Duration:           00:00:00.0902650
    http.response.status_code: 200
Activity.Tags:
Instrumentation scope (ActivitySource):
Activity.Duration:           00:00:00.1225025
    server.address: localhost
Activity.Tags:
    Name: Microsoft.AspNetCore
    http.request.method: POST
Resource associated with Activity:
    url.scheme: http
    server.address: localhost
    http.request.method: PATCH
    url.scheme: http
    url.path: /api/stores/019ea4d9-0f19-743e-95fb-c90d2a99f63b/delivery-config
    telemetry.sdk.name: opentelemetry
    url.path: /api/auth/login/seller
    network.protocol.version: 1.1
    telemetry.sdk.language: dotnet
    http.route: api/stores/{storeId}/delivery-config
    telemetry.sdk.version: 1.14.0
    http.response.status_code: 200
    service.name: unknown_service:testhost
Instrumentation scope (ActivitySource):
    Name: Microsoft.AspNetCore
    network.protocol.version: 1.1
    http.route: api/auth/login/seller
    http.response.status_code: 200
Resource associated with Activity:
Instrumentation scope (ActivitySource):
    telemetry.sdk.name: opentelemetry
    Name: Microsoft.AspNetCore
    telemetry.sdk.language: dotnet
Resource associated with Activity:
    telemetry.sdk.version: 1.14.0
    telemetry.sdk.name: opentelemetry
Activity.TraceId:            4f6d50056854bca2efb10b6cabf4408c
    telemetry.sdk.language: dotnet
Activity.SpanId:             a83f73fb5dd02efb
    telemetry.sdk.version: 1.14.0
Activity.TraceFlags:         Recorded
    service.name: unknown_service:testhost
Activity.DisplayName:        PATCH api/stores/{storeId}/delivery-config
    service.name: unknown_service:testhost
Activity.Kind:               Server
Activity.StartTime:          2026-06-08T01:29:09.3811257Z
Activity.TraceId:            41e51c00430563b891de34f11bf2456d
Activity.Duration:           00:00:00.1219452
Activity.SpanId:             3048996c9318b338
Activity.Tags:
Activity.TraceId:            2ccc2d2b6e49919662e04b9c1ae7965a
    server.address: localhost
Activity.SpanId:             df46be5f81d073d5
    http.request.method: PATCH
Activity.TraceFlags:         Recorded
    url.scheme: http
Activity.TraceFlags:         Recorded
    url.path: /api/stores/019ea4d9-0eff-7cfc-8ee3-ef42a81dcd02/delivery-config
Activity.DisplayName:        POST api/auth/login/seller
Activity.DisplayName:        PATCH api/stores/{storeId}/delivery-config
Activity.Kind:               Server
Activity.Kind:               Server
    network.protocol.version: 1.1
Activity.StartTime:          2026-06-08T01:29:09.4123478Z
    http.route: api/stores/{storeId}/delivery-config
Activity.StartTime:          2026-06-08T01:29:09.3806897Z
Activity.Duration:           00:00:00.0902650
    http.response.status_code: 200
Activity.Duration:           00:00:00.1225025
Instrumentation scope (ActivitySource):
Activity.Tags:
Activity.Tags:
    server.address: localhost
    Name: Microsoft.AspNetCore
    http.request.method: POST
Resource associated with Activity:
    url.scheme: http
    telemetry.sdk.name: opentelemetry
    url.path: /api/auth/login/seller
    telemetry.sdk.language: dotnet
    server.address: localhost
    network.protocol.version: 1.1
    http.request.method: PATCH
    http.route: api/auth/login/seller
    url.scheme: http
    http.response.status_code: 200
    url.path: /api/stores/019ea4d9-0f19-743e-95fb-c90d2a99f63b/delivery-config
Instrumentation scope (ActivitySource):
    network.protocol.version: 1.1
    Name: Microsoft.AspNetCore
[22:29:09 INF] Executing action method Urbeat.WebApi.Controllers.AuthController.RegisterSeller (Urbeat.WebApi) - Validation state: Valid
    http.route: api/stores/{storeId}/delivery-config
Resource associated with Activity:
    http.response.status_code: 200
    telemetry.sdk.name: opentelemetry
Instrumentation scope (ActivitySource):
    telemetry.sdk.language: dotnet
    Name: Microsoft.AspNetCore
Resource associated with Activity:
    telemetry.sdk.version: 1.14.0
    telemetry.sdk.name: opentelemetry
    service.name: unknown_service:testhost
    telemetry.sdk.language: dotnet
Activity.TraceId:            41e51c00430563b891de34f11bf2456d
Activity.SpanId:             3048996c9318b338
    telemetry.sdk.version: 1.14.0
    telemetry.sdk.version: 1.14.0
Activity.TraceFlags:         Recorded
    service.name: unknown_service:testhost
Activity.DisplayName:        POST api/auth/login/seller
    service.name: unknown_service:testhost
Activity.Kind:               Server
Activity.StartTime:          2026-06-08T01:29:09.4123478Z
Activity.TraceId:            2ccc2d2b6e49919662e04b9c1ae7965a
Activity.TraceId:            4f6d50056854bca2efb10b6cabf4408c
Activity.SpanId:             df46be5f81d073d5
Activity.SpanId:             a83f73fb5dd02efb
Activity.TraceFlags:         Recorded
Activity.TraceFlags:         Recorded
Activity.Duration:           00:00:00.0902650
Activity.DisplayName:        PATCH api/stores/{storeId}/delivery-config
Activity.Tags:
Activity.Kind:               Server
    server.address: localhost
Activity.DisplayName:        PATCH api/stores/{storeId}/delivery-config
    http.request.method: POST
Activity.StartTime:          2026-06-08T01:29:09.3811257Z
    url.scheme: http
Activity.Duration:           00:00:00.1219452
    url.path: /api/auth/login/seller
Activity.Kind:               Server
    network.protocol.version: 1.1
    http.route: api/auth/login/seller
Activity.Tags:
    http.response.status_code: 200
    server.address: localhost
    http.request.method: PATCH
Activity.StartTime:          2026-06-08T01:29:09.3806897Z
[22:29:09 INF] HTTP POST /api/auth/register/seller responded 201 in 230.4308 ms
Activity.Duration:           00:00:00.1225025
Activity.Tags:
    server.address: localhost
[22:29:09 INF] Route matched with {action = "List", controller = "StoreCategories"}. Executing controller action with signature System.Threading.Tasks.Task`1[Microsoft.AspNetCore.Mvc.IActionResult] List(System.Guid, System.Threading.CancellationToken) on controller Urbeat.WebApi.Controllers.StoreCategoriesController (Urbeat.WebApi).
    http.request.method: PATCH
    url.scheme: http
    url.scheme: http
    url.path: /api/stores/019ea4d9-0f19-743e-95fb-c90d2a99f63b/delivery-config
    url.path: /api/stores/019ea4d9-0eff-7cfc-8ee3-ef42a81dcd02/delivery-config
    network.protocol.version: 1.1
    network.protocol.version: 1.1
    http.route: api/stores/{storeId}/delivery-config
    http.route: api/stores/{storeId}/delivery-config
Instrumentation scope (ActivitySource):
    http.response.status_code: 200
    http.response.status_code: 200
    Name: Microsoft.AspNetCore
Instrumentation scope (ActivitySource):
Instrumentation scope (ActivitySource):
Resource associated with Activity:
    Name: Microsoft.AspNetCore
    Name: Microsoft.AspNetCore
Resource associated with Activity:
    telemetry.sdk.name: opentelemetry
Resource associated with Activity:
    telemetry.sdk.language: dotnet
    telemetry.sdk.name: opentelemetry
    telemetry.sdk.name: opentelemetry
    telemetry.sdk.version: 1.14.0
    telemetry.sdk.language: dotnet
    service.name: unknown_service:testhost
    telemetry.sdk.version: 1.14.0
    telemetry.sdk.language: dotnet
    telemetry.sdk.version: 1.14.0
    service.name: unknown_service:testhost
    service.name: unknown_service:testhost
Activity.TraceId:            2ccc2d2b6e49919662e04b9c1ae7965a
Activity.TraceId:            4f6d50056854bca2efb10b6cabf4408c
Activity.SpanId:             a83f73fb5dd02efb
Activity.SpanId:             df46be5f81d073d5
Activity.TraceFlags:         Recorded
Activity.TraceFlags:         Recorded
Activity.DisplayName:        PATCH api/stores/{storeId}/delivery-config
Activity.DisplayName:        PATCH api/stores/{storeId}/delivery-config
Activity.Kind:               Server
Activity.Kind:               Server
Activity.StartTime:          2026-06-08T01:29:09.3806897Z
Activity.StartTime:          2026-06-08T01:29:09.3811257Z
Activity.Duration:           00:00:00.1225025
Activity.Duration:           00:00:00.1219452
Activity.Tags:
Activity.Tags:
    server.address: localhost
    server.address: localhost
    http.request.method: PATCH
    http.request.method: PATCH
    url.scheme: http
    url.scheme: http
    url.path: /api/stores/019ea4d9-0f19-743e-95fb-c90d2a99f63b/delivery-config
    url.path: /api/stores/019ea4d9-0eff-7cfc-8ee3-ef42a81dcd02/delivery-config
    network.protocol.version: 1.1
    network.protocol.version: 1.1
    http.route: api/stores/{storeId}/delivery-config
    http.route: api/stores/{storeId}/delivery-config
    http.response.status_code: 200
    http.response.status_code: 200
Instrumentation scope (ActivitySource):
    Name: Microsoft.AspNetCore
Instrumentation scope (ActivitySource):
Resource associated with Activity:
    Name: Microsoft.AspNetCore
    telemetry.sdk.name: opentelemetry
Resource associated with Activity:
    telemetry.sdk.language: dotnet
    telemetry.sdk.name: opentelemetry
    telemetry.sdk.version: 1.14.0
    telemetry.sdk.language: dotnet
    service.name: unknown_service:testhost
    telemetry.sdk.version: 1.14.0
Activity.TraceId:            2ccc2d2b6e49919662e04b9c1ae7965a
    service.name: unknown_service:testhost
Activity.SpanId:             df46be5f81d073d5
Activity.TraceFlags:         Recorded
Activity.DisplayName:        PATCH api/stores/{storeId}/delivery-config
Activity.TraceId:            4f6d50056854bca2efb10b6cabf4408c
Activity.Kind:               Server
Activity.SpanId:             a83f73fb5dd02efb
Activity.StartTime:          2026-06-08T01:29:09.3806897Z
Activity.TraceFlags:         Recorded
Activity.Duration:           00:00:00.1225025
Activity.Tags:
Activity.DisplayName:        PATCH api/stores/{storeId}/delivery-config
    server.address: localhost
Activity.Kind:               Server
    http.request.method: PATCH
    url.scheme: http
Activity.StartTime:          2026-06-08T01:29:09.3811257Z
    url.path: /api/stores/019ea4d9-0f19-743e-95fb-c90d2a99f63b/delivery-config
Activity.Duration:           00:00:00.1219452
    network.protocol.version: 1.1
Activity.Tags:
    http.route: api/stores/{storeId}/delivery-config
    server.address: localhost
    http.response.status_code: 200
[22:29:09 INF] Request finished HTTP/1.1 POST http://localhost/api/auth/register/seller - 201 null application/json; charset=utf-8 265.5861ms
    http.request.method: PATCH
Instrumentation scope (ActivitySource):
    url.scheme: http
    Name: Microsoft.AspNetCore
    url.path: /api/stores/019ea4d9-0eff-7cfc-8ee3-ef42a81dcd02/delivery-config
Resource associated with Activity:
    network.protocol.version: 1.1
    telemetry.sdk.name: opentelemetry
    http.route: api/stores/{storeId}/delivery-config
    telemetry.sdk.language: dotnet
    http.response.status_code: 200
    telemetry.sdk.version: 1.14.0
Instrumentation scope (ActivitySource):
    Name: Microsoft.AspNetCore
    service.name: unknown_service:testhost
Resource associated with Activity:
    telemetry.sdk.name: opentelemetry
Activity.TraceId:            2ccc2d2b6e49919662e04b9c1ae7965a
    telemetry.sdk.language: dotnet
Activity.SpanId:             df46be5f81d073d5
    telemetry.sdk.version: 1.14.0
Activity.TraceFlags:         Recorded
    service.name: unknown_service:testhost
Activity.DisplayName:        PATCH api/stores/{storeId}/delivery-config
Activity.TraceId:            4f6d50056854bca2efb10b6cabf4408c
Activity.Kind:               Server
Activity.SpanId:             a83f73fb5dd02efb
Activity.TraceFlags:         Recorded
Activity.StartTime:          2026-06-08T01:29:09.3806897Z
Activity.DisplayName:        PATCH api/stores/{storeId}/delivery-config
Activity.Duration:           00:00:00.1225025
Activity.Kind:               Server
Activity.Tags:
    server.address: localhost
Activity.StartTime:          2026-06-08T01:29:09.3811257Z
    http.request.method: PATCH
Activity.Duration:           00:00:00.1219452
    url.scheme: http
Activity.Tags:
    url.path: /api/stores/019ea4d9-0f19-743e-95fb-c90d2a99f63b/delivery-config
    server.address: localhost
    network.protocol.version: 1.1
    http.request.method: PATCH
    http.route: api/stores/{storeId}/delivery-config
    url.scheme: http
    http.response.status_code: 200
    url.path: /api/stores/019ea4d9-0eff-7cfc-8ee3-ef42a81dcd02/delivery-config
Instrumentation scope (ActivitySource):
    network.protocol.version: 1.1
    Name: Microsoft.AspNetCore
    http.route: api/stores/{storeId}/delivery-config
Resource associated with Activity:
    http.response.status_code: 200
    telemetry.sdk.name: opentelemetry
Instrumentation scope (ActivitySource):
    Name: Microsoft.AspNetCore
    telemetry.sdk.language: dotnet
Resource associated with Activity:
    telemetry.sdk.version: 1.14.0
    telemetry.sdk.name: opentelemetry
    service.name: unknown_service:testhost
    telemetry.sdk.language: dotnet
    telemetry.sdk.version: 1.14.0
Activity.TraceId:            2ccc2d2b6e49919662e04b9c1ae7965a
    service.name: unknown_service:testhost
Activity.SpanId:             df46be5f81d073d5
Activity.TraceId:            4f6d50056854bca2efb10b6cabf4408c
Activity.TraceFlags:         Recorded
Activity.SpanId:             a83f73fb5dd02efb
Activity.DisplayName:        PATCH api/stores/{storeId}/delivery-config
Activity.TraceFlags:         Recorded
Activity.Kind:               Server
Activity.DisplayName:        PATCH api/stores/{storeId}/delivery-config
Activity.StartTime:          2026-06-08T01:29:09.3806897Z
Activity.Kind:               Server
Activity.Duration:           00:00:00.1225025
Activity.StartTime:          2026-06-08T01:29:09.3811257Z
Activity.Tags:
Activity.Duration:           00:00:00.1219452
Activity.Tags:
    server.address: localhost
    server.address: localhost
    http.request.method: PATCH
Activity.TraceId:            e3091995a8c43fe9f298b57cfe3a2ddd
    url.scheme: http
Activity.SpanId:             4a5b088b850d2b69
    url.path: /api/stores/019ea4d9-0f19-743e-95fb-c90d2a99f63b/delivery-config
    http.request.method: PATCH
    network.protocol.version: 1.1
Activity.TraceFlags:         Recorded
    http.route: api/stores/{storeId}/delivery-config
    url.scheme: http
    http.response.status_code: 200
Activity.DisplayName:        POST api/auth/register/seller
    url.path: /api/stores/019ea4d9-0eff-7cfc-8ee3-ef42a81dcd02/delivery-config
Activity.Kind:               Server
    network.protocol.version: 1.1
Instrumentation scope (ActivitySource):
    http.route: api/stores/{storeId}/delivery-config
Activity.StartTime:          2026-06-08T01:29:09.2584599Z
    http.response.status_code: 200
[22:29:09 INF] Executing action method Urbeat.WebApi.Controllers.StoreCategoriesController.List (Urbeat.WebApi) - Validation state: Valid
Activity.Duration:           00:00:00.2657527
Instrumentation scope (ActivitySource):
    Name: Microsoft.AspNetCore
Activity.Tags:
Resource associated with Activity:
    server.address: localhost
    Name: Microsoft.AspNetCore
    http.request.method: POST
Resource associated with Activity:
    url.scheme: http
    telemetry.sdk.name: opentelemetry
    url.path: /api/auth/register/seller
    telemetry.sdk.language: dotnet
    network.protocol.version: 1.1
    telemetry.sdk.name: opentelemetry
    http.route: api/auth/register/seller
    telemetry.sdk.version: 1.14.0
    telemetry.sdk.language: dotnet
    http.response.status_code: 201
    telemetry.sdk.version: 1.14.0
    service.name: unknown_service:testhost
    service.name: unknown_service:testhost
Instrumentation scope (ActivitySource):
    Name: Microsoft.AspNetCore
Activity.TraceId:            4f6d50056854bca2efb10b6cabf4408c
Resource associated with Activity:
Activity.SpanId:             a83f73fb5dd02efb
Activity.TraceId:            2ccc2d2b6e49919662e04b9c1ae7965a
Activity.TraceFlags:         Recorded
Activity.SpanId:             df46be5f81d073d5
    telemetry.sdk.name: opentelemetry
Activity.DisplayName:        PATCH api/stores/{storeId}/delivery-config
    telemetry.sdk.language: dotnet
Activity.TraceFlags:         Recorded
    telemetry.sdk.version: 1.14.0
Activity.Kind:               Server
    service.name: unknown_service:testhost
Activity.DisplayName:        PATCH api/stores/{storeId}/delivery-config
Activity.Kind:               Server
Activity.StartTime:          2026-06-08T01:29:09.3811257Z
Activity.Duration:           00:00:00.1219452
Activity.TraceId:            e3091995a8c43fe9f298b57cfe3a2ddd
Activity.StartTime:          2026-06-08T01:29:09.3806897Z
Activity.SpanId:             4a5b088b850d2b69
Activity.Duration:           00:00:00.1225025
Activity.TraceFlags:         Recorded
Activity.Tags:
Activity.DisplayName:        POST api/auth/register/seller
Activity.Tags:
Activity.Kind:               Server
    server.address: localhost
    server.address: localhost
Activity.StartTime:          2026-06-08T01:29:09.2584599Z
    http.request.method: PATCH
    http.request.method: PATCH
Activity.Duration:           00:00:00.2657527
    url.scheme: http
Activity.Tags:
    url.scheme: http
    server.address: localhost
    url.path: /api/stores/019ea4d9-0f19-743e-95fb-c90d2a99f63b/delivery-config
    http.request.method: POST
    url.path: /api/stores/019ea4d9-0eff-7cfc-8ee3-ef42a81dcd02/delivery-config
    url.scheme: http
    network.protocol.version: 1.1
    url.path: /api/auth/register/seller
    http.route: api/stores/{storeId}/delivery-config
    network.protocol.version: 1.1
    http.response.status_code: 200
    http.route: api/auth/register/seller
Instrumentation scope (ActivitySource):
    http.response.status_code: 201
    network.protocol.version: 1.1
Instrumentation scope (ActivitySource):
    http.route: api/stores/{storeId}/delivery-config
    Name: Microsoft.AspNetCore
    http.response.status_code: 200
Resource associated with Activity:
Instrumentation scope (ActivitySource):
    telemetry.sdk.name: opentelemetry
    Name: Microsoft.AspNetCore
    Name: Microsoft.AspNetCore
    telemetry.sdk.language: dotnet
Resource associated with Activity:
    telemetry.sdk.version: 1.14.0
Resource associated with Activity:
    service.name: unknown_service:testhost
    telemetry.sdk.name: opentelemetry
    telemetry.sdk.name: opentelemetry
    telemetry.sdk.language: dotnet
    telemetry.sdk.language: dotnet
Activity.TraceId:            e3091995a8c43fe9f298b57cfe3a2ddd
    telemetry.sdk.version: 1.14.0
Activity.SpanId:             4a5b088b850d2b69
    telemetry.sdk.version: 1.14.0
    service.name: unknown_service:testhost
Activity.TraceFlags:         Recorded
    service.name: unknown_service:testhost
Activity.DisplayName:        POST api/auth/register/seller
Activity.Kind:               Server
Activity.TraceId:            4f6d50056854bca2efb10b6cabf4408c
Activity.SpanId:             a83f73fb5dd02efb
Activity.TraceId:            2ccc2d2b6e49919662e04b9c1ae7965a
Activity.TraceFlags:         Recorded
Activity.SpanId:             df46be5f81d073d5
Activity.DisplayName:        PATCH api/stores/{storeId}/delivery-config
Activity.TraceFlags:         Recorded
Activity.Kind:               Server
Activity.DisplayName:        PATCH api/stores/{storeId}/delivery-config
Activity.StartTime:          2026-06-08T01:29:09.3811257Z
Activity.Kind:               Server
Activity.StartTime:          2026-06-08T01:29:09.2584599Z
Activity.Duration:           00:00:00.1219452
Activity.StartTime:          2026-06-08T01:29:09.3806897Z
Activity.Duration:           00:00:00.2657527
[22:29:09 INF] Request starting HTTP/1.1 POST http://localhost/api/auth/register/seller - application/json; charset=utf-8 null
Activity.Tags:
Activity.Tags:
    server.address: localhost
    server.address: localhost
    http.request.method: POST
    http.request.method: PATCH
    url.scheme: http
    url.scheme: http
    url.path: /api/auth/register/seller
    url.path: /api/stores/019ea4d9-0eff-7cfc-8ee3-ef42a81dcd02/delivery-config
    network.protocol.version: 1.1
    network.protocol.version: 1.1
    http.route: api/auth/register/seller
    http.route: api/stores/{storeId}/delivery-config
    http.response.status_code: 201
    http.response.status_code: 200
Instrumentation scope (ActivitySource):
Activity.Duration:           00:00:00.1225025
    Name: Microsoft.AspNetCore
Instrumentation scope (ActivitySource):
Resource associated with Activity:
    Name: Microsoft.AspNetCore
    telemetry.sdk.name: opentelemetry
Resource associated with Activity:
    telemetry.sdk.language: dotnet
    telemetry.sdk.name: opentelemetry
    telemetry.sdk.version: 1.14.0
    telemetry.sdk.language: dotnet
    service.name: unknown_service:testhost
    telemetry.sdk.version: 1.14.0
    service.name: unknown_service:testhost
Activity.TraceId:            e3091995a8c43fe9f298b57cfe3a2ddd
Activity.SpanId:             4a5b088b850d2b69
Activity.Tags:
Activity.TraceFlags:         Recorded
    server.address: localhost
Activity.DisplayName:        POST api/auth/register/seller
    http.request.method: PATCH
Activity.Kind:               Server
    url.scheme: http
    url.path: /api/stores/019ea4d9-0f19-743e-95fb-c90d2a99f63b/delivery-config
Activity.StartTime:          2026-06-08T01:29:09.2584599Z
    network.protocol.version: 1.1
Activity.Duration:           00:00:00.2657527
    http.route: api/stores/{storeId}/delivery-config
Activity.Tags:
    http.response.status_code: 200
    server.address: localhost
Instrumentation scope (ActivitySource):
    http.request.method: POST
    Name: Microsoft.AspNetCore
    url.scheme: http
Resource associated with Activity:
    url.path: /api/auth/register/seller
    telemetry.sdk.name: opentelemetry
    telemetry.sdk.language: dotnet
    network.protocol.version: 1.1
    telemetry.sdk.version: 1.14.0
    http.route: api/auth/register/seller
    service.name: unknown_service:testhost
    http.response.status_code: 201
Instrumentation scope (ActivitySource):
    Name: Microsoft.AspNetCore
Activity.TraceId:            2ccc2d2b6e49919662e04b9c1ae7965a
Resource associated with Activity:
Activity.SpanId:             df46be5f81d073d5
    telemetry.sdk.name: opentelemetry
Activity.TraceFlags:         Recorded
Activity.DisplayName:        PATCH api/stores/{storeId}/delivery-config
    telemetry.sdk.language: dotnet
Activity.Kind:               Server
    telemetry.sdk.version: 1.14.0
    service.name: unknown_service:testhost
Activity.StartTime:          2026-06-08T01:29:09.3806897Z
Activity.Duration:           00:00:00.1225025
Activity.Tags:
    server.address: localhost
Activity.TraceId:            e3091995a8c43fe9f298b57cfe3a2ddd
    http.request.method: PATCH
Activity.SpanId:             4a5b088b850d2b69
    url.scheme: http
Activity.TraceFlags:         Recorded
    url.path: /api/stores/019ea4d9-0f19-743e-95fb-c90d2a99f63b/delivery-config
Activity.DisplayName:        POST api/auth/register/seller
    network.protocol.version: 1.1
Activity.Kind:               Server
    http.route: api/stores/{storeId}/delivery-config
    http.response.status_code: 200
Instrumentation scope (ActivitySource):
Activity.StartTime:          2026-06-08T01:29:09.2584599Z
    Name: Microsoft.AspNetCore
Activity.Duration:           00:00:00.2657527
Resource associated with Activity:
Activity.Tags:
    telemetry.sdk.name: opentelemetry
    server.address: localhost
    telemetry.sdk.language: dotnet
    http.request.method: POST
    telemetry.sdk.version: 1.14.0
    url.scheme: http
    service.name: unknown_service:testhost
    url.path: /api/auth/register/seller
    network.protocol.version: 1.1
    http.route: api/auth/register/seller
    http.response.status_code: 201
Instrumentation scope (ActivitySource):
    Name: Microsoft.AspNetCore
Resource associated with Activity:
    telemetry.sdk.name: opentelemetry
    telemetry.sdk.language: dotnet
    telemetry.sdk.version: 1.14.0
    service.name: unknown_service:testhost
Activity.TraceId:            e3091995a8c43fe9f298b57cfe3a2ddd
Activity.SpanId:             4a5b088b850d2b69
Activity.TraceFlags:         Recorded
Activity.DisplayName:        POST api/auth/register/seller
Activity.Kind:               Server
Activity.StartTime:          2026-06-08T01:29:09.2584599Z
Activity.Duration:           00:00:00.2657527
Activity.Tags:
    server.address: localhost
    http.request.method: POST
    url.scheme: http
    url.path: /api/auth/register/seller
    network.protocol.version: 1.1
    http.route: api/auth/register/seller
[22:29:09 INF] Executing endpoint 'Urbeat.WebApi.Controllers.AuthController.RegisterSeller (Urbeat.WebApi)'
    http.response.status_code: 201
Instrumentation scope (ActivitySource):
    Name: Microsoft.AspNetCore
Resource associated with Activity:
    telemetry.sdk.name: opentelemetry
    telemetry.sdk.language: dotnet
    telemetry.sdk.version: 1.14.0
    service.name: unknown_service:testhost
Activity.TraceId:            e3091995a8c43fe9f298b57cfe3a2ddd
Activity.SpanId:             4a5b088b850d2b69
Activity.TraceFlags:         Recorded
Activity.DisplayName:        POST api/auth/register/seller
Activity.Kind:               Server
Activity.StartTime:          2026-06-08T01:29:09.2584599Z
Activity.Duration:           00:00:00.2657527
Activity.Tags:
    server.address: localhost
    http.request.method: POST
    url.scheme: http
    url.path: /api/auth/register/seller
    network.protocol.version: 1.1
    http.route: api/auth/register/seller
    http.response.status_code: 201
Instrumentation scope (ActivitySource):
    Name: Microsoft.AspNetCore
Resource associated with Activity:
    telemetry.sdk.name: opentelemetry
    telemetry.sdk.language: dotnet
    telemetry.sdk.version: 1.14.0
    service.name: unknown_service:testhost
Activity.TraceId:            e3091995a8c43fe9f298b57cfe3a2ddd
Activity.SpanId:             4a5b088b850d2b69
Activity.TraceFlags:         Recorded
[22:29:09 INF] Route matched with {action = "RegisterSeller", controller = "Auth"}. Executing controller action with signature System.Threading.Tasks.Task`1[Microsoft.AspNetCore.Mvc.IActionResult] RegisterSeller(Urbeat.Application.DTOs.RegisterUserRequestDto, System.Threading.CancellationToken) on controller Urbeat.WebApi.Controllers.AuthController (Urbeat.WebApi).
[22:29:09 INF] Request starting HTTP/1.1 POST http://localhost/api/auth/register/seller - application/json; charset=utf-8 null
Activity.DisplayName:        POST api/auth/register/seller
[22:29:09 INF] Executing endpoint 'Urbeat.WebApi.Controllers.AuthController.RegisterSeller (Urbeat.WebApi)'
Activity.Kind:               Server
[22:29:09 INF] Executing action method Urbeat.WebApi.Controllers.AuthController.RegisterSeller (Urbeat.WebApi) - Validation state: Valid
Activity.StartTime:          2026-06-08T01:29:09.2584599Z
[22:29:09 INF] EMAIL_CONFIRM_JOB_STARTED | Sending confirmation email | UserId=019ea4d9-1004-7ada-be2c-e23adf07e350
Activity.Duration:           00:00:00.2657527
Activity.Tags:
    server.address: localhost
[22:29:09 INF] Executed action method Urbeat.WebApi.Controllers.StoreCategoriesController.List (Urbeat.WebApi), returned result Microsoft.AspNetCore.Mvc.OkObjectResult in 12.1081ms.
    http.request.method: POST
    url.scheme: http
    url.path: /api/auth/register/seller
[22:29:09 INF] Saved 1 entities to in-memory store.
    network.protocol.version: 1.1
    http.route: api/auth/register/seller
    http.response.status_code: 201
[22:29:09 INF] Saved 1 entities to in-memory store.
Instrumentation scope (ActivitySource):
    Name: Microsoft.AspNetCore
Resource associated with Activity:
    telemetry.sdk.name: opentelemetry
    telemetry.sdk.language: dotnet
    telemetry.sdk.version: 1.14.0
    service.name: unknown_service:testhost
Activity.TraceId:            e3091995a8c43fe9f298b57cfe3a2ddd
[22:29:09 INF] Route matched with {action = "RegisterSeller", controller = "Auth"}. Executing controller action with signature System.Threading.Tasks.Task`1[Microsoft.AspNetCore.Mvc.IActionResult] RegisterSeller(Urbeat.Application.DTOs.RegisterUserRequestDto, System.Threading.CancellationToken) on controller Urbeat.WebApi.Controllers.AuthController (Urbeat.WebApi).
Activity.SpanId:             4a5b088b850d2b69
[22:29:09 INF] USER_LOGGED_IN | Login succeeded | UserId=6d1cc16a-1efd-4fed-b11b-5be6d3276705 | Email=admin@urbeat.local | Role=Admin | IP=null
Activity.TraceFlags:         Recorded
Activity.DisplayName:        POST api/auth/register/seller
Activity.Kind:               Server
Activity.StartTime:          2026-06-08T01:29:09.2584599Z
Activity.Duration:           00:00:00.2657527
Activity.Tags:
    server.address: localhost
    http.request.method: POST
    url.scheme: http
    url.path: /api/auth/register/seller
    network.protocol.version: 1.1
    http.route: api/auth/register/seller
    http.response.status_code: 201
Instrumentation scope (ActivitySource):
[22:29:09 INF] Executing OkObjectResult, writing value of type 'System.Collections.Generic.List`1[[Urbeat.Application.DTOs.ProductCategoryResponseDto, Urbeat.Application, Version=1.0.0.0, Culture=neutral, PublicKeyToken=null]]'.
    Name: Microsoft.AspNetCore
Resource associated with Activity:
    telemetry.sdk.name: opentelemetry
    telemetry.sdk.language: dotnet
    telemetry.sdk.version: 1.14.0
    service.name: unknown_service:testhost
Activity.TraceId:            e3091995a8c43fe9f298b57cfe3a2ddd
Activity.SpanId:             4a5b088b850d2b69
Activity.TraceFlags:         Recorded
Activity.DisplayName:        POST api/auth/register/seller
Activity.Kind:               Server
Activity.StartTime:          2026-06-08T01:29:09.2584599Z
Activity.Duration:           00:00:00.2657527
Activity.Tags:
    server.address: localhost
[22:29:09 INF] Saved 1 entities to in-memory store.
    http.request.method: POST
    url.scheme: http
    url.path: /api/auth/register/seller
    network.protocol.version: 1.1
    http.route: api/auth/register/seller
    http.response.status_code: 201
Instrumentation scope (ActivitySource):
    Name: Microsoft.AspNetCore
Resource associated with Activity:
    telemetry.sdk.name: opentelemetry
    telemetry.sdk.language: dotnet
    telemetry.sdk.version: 1.14.0
    service.name: unknown_service:testhost
Activity.TraceId:            e3091995a8c43fe9f298b57cfe3a2ddd
Activity.SpanId:             4a5b088b850d2b69
Activity.TraceFlags:         Recorded
Activity.DisplayName:        POST api/auth/register/seller
Activity.Kind:               Server
Activity.StartTime:          2026-06-08T01:29:09.2584599Z
Activity.Duration:           00:00:00.2657527
Activity.Tags:
    server.address: localhost
    http.request.method: POST
    url.scheme: http
[22:29:09 INF] Executed action method Urbeat.WebApi.Controllers.AuthController.LoginAdmin (Urbeat.WebApi), returned result Microsoft.AspNetCore.Mvc.OkObjectResult in 71.6624ms.
    url.path: /api/auth/register/seller
    network.protocol.version: 1.1
    http.route: api/auth/register/seller
    http.response.status_code: 201
Instrumentation scope (ActivitySource):
    Name: Microsoft.AspNetCore
Resource associated with Activity:
    telemetry.sdk.name: opentelemetry
    telemetry.sdk.language: dotnet
    telemetry.sdk.version: 1.14.0
    service.name: unknown_service:testhost
[22:29:09 INF] Executing OkObjectResult, writing value of type 'Urbeat.Application.DTOs.AuthTokenResponseDto'.
[22:29:09 INF] Executed action Urbeat.WebApi.Controllers.AuthController.LoginAdmin (Urbeat.WebApi) in 72.2431ms
[22:29:09 INF] Executed endpoint 'Urbeat.WebApi.Controllers.AuthController.LoginAdmin (Urbeat.WebApi)'
[22:29:09 INF] Executing action method Urbeat.WebApi.Controllers.AuthController.RegisterSeller (Urbeat.WebApi) - Validation state: Valid
[22:29:09 INF] HTTP POST /api/auth/login/admin responded 200 in 72.5361 ms
[22:29:09 INF] Executed action Urbeat.WebApi.Controllers.StoreCategoriesController.List (Urbeat.WebApi) in 50.6445ms
[22:29:09 INF] Executed endpoint 'Urbeat.WebApi.Controllers.StoreCategoriesController.List (Urbeat.WebApi)'
[22:29:09 INF] Request finished HTTP/1.1 POST http://localhost/api/auth/login/admin - 200 null application/json; charset=utf-8 83.0577ms
[22:29:09 INF] HTTP GET /api/stores/019ea4d9-0dcd-7409-979a-4ad0ed11b7da/categories responded 200 in 82.9326 ms
[22:29:09 INF] Request finished HTTP/1.1 GET http://localhost/api/stores/019ea4d9-0dcd-7409-979a-4ad0ed11b7da/categories - 200 null application/json; charset=utf-8 126.0283ms
Activity.TraceId:            e5c318fc0bf5836cd32a4e69662b65f3
Activity.SpanId:             c850838977aec1ff
Activity.TraceFlags:         Recorded
Activity.DisplayName:        POST api/auth/login/admin
Activity.Kind:               Server
Activity.StartTime:          2026-06-08T01:29:09.4915708Z
Activity.Duration:           00:00:00.0831458
Activity.Tags:
[22:29:09 INF] EMAIL_LOG_ONLY | Email skipped (LogOnly or no SMTP host) | To=store.search.b03df7cc82b542c5917d9615229a2b05@urbeat.local | Subject=Confirme seu e-mail no Urbeat - Loja | Body=<!DOCTYPE html>
<html lang="pt-BR">
<head>
  <meta charset="UTF-8" />
  <meta name="viewport" content="width=device-width,initial-scale=1.0" />
  <title>Sua loja est� quase pronta!</title>
</head>
<body style="margin:0;padding:0;background:#FFF9F0;font-family:'Helvetica Neue',Helvetica,Arial,sans-serif;color:#2D2A2A;">
  <table role="presentation" width="100%" cellpadding="0" cellspacing="0" style="background:#FFF9F0;padding:32px 0;">
    <tr>
      <td align="center">
        <table role="presentation" width="560" cellpadding="0" cellspacing="0" style="background:#FFFCF8;border:1px solid #EDE4D9;border-radius:20px;overflow:hidden;">
          <tr>
            <td style="background:#C73E3A;padding:28px 32px;color:#FFFCF8;">
              <h1 style="margin:0;font-family:Georgia,serif;font-weight:400;font-size:28px;">Urbeat</h1>
            </td>
          </tr>
          <tr>
            <td style="padding:32px 40px 8px 40px;">
              <h2 style="margin:0 0 8px 0;font-family:Georgia,serif;font-weight:400;color:#2D2A2A;font-size:24px;">Sua loja est� quase pronta!</h2>
              <p style="margin:0;color:#7A7272;font-size:15px;">Ol�, vendedor(a)!</p>
            </td>
          </tr>
          <tr>
            <td style="padding:16px 40px;color:#2D2A2A;font-size:15px;line-height:1.6;">
              <p>Recebemos o cadastro da sua loja no <strong>Urbeat</strong>.
Para liberar o painel de vendas e receber pedidos, confirme seu e-mail.</p>
<p>Clique no bot�o abaixo para ativar sua conta. O link expira em 24 horas.</p>
            </td>
          </tr>
          <tr>
            <td align="center" style="padding:24px 40px 8px 40px;">
              <a href="https://urbeat.com.br/c/2b6PAvi2tJBCrBqTd3A7qqyi1"
                 style="display:inline-block;background:#C73E3A;color:#FFFCF8;text-decoration:none;padding:14px 28px;border-radius:12px;font-weight:600;font-size:15px;">
                Confirmar e-mail da loja
              </a>
            </td>
          </tr>
          <tr>
            <td style="padding:8px 40px 24px 40px;color:#7A7272;font-size:13px;line-height:1.5;">
              <p>Se o bot�o n�o funcionar, copie e cole o link abaixo no seu navegador:</p>
              <p style="word-break:break-all;color:#C73E3A;"><a href="https://urbeat.com.br/c/2b6PAvi2tJBCrBqTd3A7qqyi1" style="color:#C73E3A;">https://urbeat.com.br/c/2b6PAvi2tJBCrBqTd3A7qqyi1</a></p>
            </td>
          </tr>
          <tr>
            <td style="padding:16px 40px 32px 40px;border-top:1px solid #EDE4D9;color:#7A7272;font-size:13px;line-height:1.5;">
              <p>Se voc� n�o criou um cadastro de loja no Urbeat, pode ignorar este e-mail.</p>
              <p style="margin-top:16px;">- Equipe Urbeat</p>
            </td>
          </tr>
        </table>
      </td>
    </tr>
  </table>
</body>
</html>
    server.address: localhost
    http.request.method: POST
    url.scheme: http
    url.path: /api/auth/login/admin
    network.protocol.version: 1.1
    http.route: api/auth/login/admin
    http.response.status_code: 200
Instrumentation scope (ActivitySource):
    Name: Microsoft.AspNetCore
Resource associated with Activity:
    telemetry.sdk.name: opentelemetry
    telemetry.sdk.language: dotnet
    telemetry.sdk.version: 1.14.0
    service.name: unknown_service:testhost
Activity.TraceId:            e5c318fc0bf5836cd32a4e69662b65f3
Activity.SpanId:             c850838977aec1ff
Activity.TraceFlags:         Recorded
Activity.DisplayName:        POST api/auth/login/admin
Activity.Kind:               Server
Activity.StartTime:          2026-06-08T01:29:09.4915708Z
Activity.Duration:           00:00:00.0831458
Activity.TraceId:            fca4ec66d1a0fc9f77821e0517812198
Activity.Tags:
Activity.SpanId:             33225d51ec43334c
    server.address: localhost
Activity.TraceFlags:         Recorded
    http.request.method: POST
Activity.DisplayName:        GET api/stores/{storeId}/categories
    url.scheme: http
Activity.Kind:               Server
    url.path: /api/auth/login/admin
    network.protocol.version: 1.1
    http.route: api/auth/login/admin
Activity.StartTime:          2026-06-08T01:29:09.4487240Z
Activity.Duration:           00:00:00.1261758
    http.response.status_code: 200
Activity.Tags:
Instrumentation scope (ActivitySource):
    server.address: localhost
    Name: Microsoft.AspNetCore
[22:29:09 INF] Saved 1 entities to in-memory store.
    http.request.method: GET
    url.scheme: http
Resource associated with Activity:
    url.path: /api/stores/019ea4d9-0dcd-7409-979a-4ad0ed11b7da/categories
    telemetry.sdk.name: opentelemetry
    network.protocol.version: 1.1
    telemetry.sdk.language: dotnet
    http.route: api/stores/{storeId}/categories
    telemetry.sdk.version: 1.14.0
    service.name: unknown_service:testhost
    http.response.status_code: 200
Instrumentation scope (ActivitySource):
    Name: Microsoft.AspNetCore
Activity.TraceId:            e5c318fc0bf5836cd32a4e69662b65f3
Resource associated with Activity:
Activity.SpanId:             c850838977aec1ff
    telemetry.sdk.name: opentelemetry
Activity.TraceFlags:         Recorded
[22:29:09 INF] EMAIL_CONFIRM_JOB_COMPLETED | Job completed | UserId=019ea4d9-1004-7ada-be2c-e23adf07e350
Activity.DisplayName:        POST api/auth/login/admin
    telemetry.sdk.language: dotnet
Activity.Kind:               Server
    telemetry.sdk.version: 1.14.0
Activity.StartTime:          2026-06-08T01:29:09.4915708Z
    service.name: unknown_service:testhost
Activity.Duration:           00:00:00.0831458
Activity.Tags:
    server.address: localhost
Activity.TraceId:            fca4ec66d1a0fc9f77821e0517812198
    http.request.method: POST
Activity.SpanId:             33225d51ec43334c
    url.scheme: http
Activity.TraceFlags:         Recorded
    url.path: /api/auth/login/admin
Activity.DisplayName:        GET api/stores/{storeId}/categories
    network.protocol.version: 1.1
Activity.Kind:               Server
    http.route: api/auth/login/admin
Activity.StartTime:          2026-06-08T01:29:09.4487240Z
    http.response.status_code: 200
Activity.Duration:           00:00:00.1261758
Activity.Tags:
Instrumentation scope (ActivitySource):
    server.address: localhost
    http.request.method: GET
    Name: Microsoft.AspNetCore
    url.scheme: http
Resource associated with Activity:
    url.path: /api/stores/019ea4d9-0dcd-7409-979a-4ad0ed11b7da/categories
    telemetry.sdk.name: opentelemetry
    telemetry.sdk.language: dotnet
    network.protocol.version: 1.1
    telemetry.sdk.version: 1.14.0
    http.route: api/stores/{storeId}/categories
    service.name: unknown_service:testhost
    http.response.status_code: 200
[22:29:09 INF] Saved 2 entities to in-memory store.
Activity.TraceId:            e5c318fc0bf5836cd32a4e69662b65f3
Instrumentation scope (ActivitySource):
Activity.SpanId:             c850838977aec1ff
    Name: Microsoft.AspNetCore
Activity.TraceFlags:         Recorded
Resource associated with Activity:
Activity.DisplayName:        POST api/auth/login/admin
    telemetry.sdk.name: opentelemetry
Activity.Kind:               Server
    telemetry.sdk.language: dotnet
Activity.StartTime:          2026-06-08T01:29:09.4915708Z
    telemetry.sdk.version: 1.14.0
Activity.Duration:           00:00:00.0831458
    service.name: unknown_service:testhost
Activity.Tags:
    server.address: localhost
Activity.TraceId:            fca4ec66d1a0fc9f77821e0517812198
    http.request.method: POST
Activity.SpanId:             33225d51ec43334c
    url.scheme: http
Activity.TraceFlags:         Recorded
    url.path: /api/auth/login/admin
Activity.DisplayName:        GET api/stores/{storeId}/categories
    network.protocol.version: 1.1
Activity.Kind:               Server
    http.route: api/auth/login/admin
    http.response.status_code: 200
Activity.StartTime:          2026-06-08T01:29:09.4487240Z
Instrumentation scope (ActivitySource):
    Name: Microsoft.AspNetCore
Resource associated with Activity:
Activity.Duration:           00:00:00.1261758
    telemetry.sdk.name: opentelemetry
Activity.Tags:
[22:29:09 INF] Request starting HTTP/1.1 POST http://localhost/api/stores - application/json; charset=utf-8 null
    server.address: localhost
    telemetry.sdk.language: dotnet
    http.request.method: GET
    telemetry.sdk.version: 1.14.0
    url.scheme: http
    url.path: /api/stores/019ea4d9-0dcd-7409-979a-4ad0ed11b7da/categories
    network.protocol.version: 1.1
    service.name: unknown_service:testhost
    http.route: api/stores/{storeId}/categories
    http.response.status_code: 200
Activity.TraceId:            e5c318fc0bf5836cd32a4e69662b65f3
Instrumentation scope (ActivitySource):
    Name: Microsoft.AspNetCore
Resource associated with Activity:
Activity.SpanId:             c850838977aec1ff
    telemetry.sdk.name: opentelemetry
Activity.TraceFlags:         Recorded
    telemetry.sdk.language: dotnet
Activity.DisplayName:        POST api/auth/login/admin
    telemetry.sdk.version: 1.14.0
Activity.Kind:               Server
    service.name: unknown_service:testhost
Activity.StartTime:          2026-06-08T01:29:09.4915708Z
Activity.TraceId:            fca4ec66d1a0fc9f77821e0517812198
Activity.Duration:           00:00:00.0831458
Activity.SpanId:             33225d51ec43334c
Activity.Tags:
Activity.TraceFlags:         Recorded
    server.address: localhost
Activity.DisplayName:        GET api/stores/{storeId}/categories
    http.request.method: POST
Activity.Kind:               Server
    url.scheme: http
Activity.StartTime:          2026-06-08T01:29:09.4487240Z
    url.path: /api/auth/login/admin
Activity.Duration:           00:00:00.1261758
    network.protocol.version: 1.1
Activity.Tags:
    http.route: api/auth/login/admin
    server.address: localhost
    http.response.status_code: 200
    http.request.method: GET
Instrumentation scope (ActivitySource):
    Name: Microsoft.AspNetCore
Resource associated with Activity:
    url.scheme: http
    telemetry.sdk.name: opentelemetry
    url.path: /api/stores/019ea4d9-0dcd-7409-979a-4ad0ed11b7da/categories
    telemetry.sdk.language: dotnet
    network.protocol.version: 1.1
    telemetry.sdk.version: 1.14.0
    http.route: api/stores/{storeId}/categories
    service.name: unknown_service:testhost
    http.response.status_code: 200
Instrumentation scope (ActivitySource):
    Name: Microsoft.AspNetCore
Resource associated with Activity:
Activity.TraceId:            e5c318fc0bf5836cd32a4e69662b65f3
    telemetry.sdk.name: opentelemetry
Activity.SpanId:             c850838977aec1ff
    telemetry.sdk.language: dotnet
Activity.TraceFlags:         Recorded
    telemetry.sdk.version: 1.14.0
Activity.DisplayName:        POST api/auth/login/admin
    service.name: unknown_service:testhost
Activity.Kind:               Server
Activity.StartTime:          2026-06-08T01:29:09.4915708Z
Activity.TraceId:            fca4ec66d1a0fc9f77821e0517812198
Activity.Duration:           00:00:00.0831458
Activity.SpanId:             33225d51ec43334c
Activity.Tags:
Activity.TraceFlags:         Recorded
    server.address: localhost
Activity.DisplayName:        GET api/stores/{storeId}/categories
    http.request.method: POST
Activity.Kind:               Server
    url.scheme: http
[22:29:09 INF] Saved 1 entities to in-memory store.
Activity.StartTime:          2026-06-08T01:29:09.4487240Z
Activity.Duration:           00:00:00.1261758
    url.path: /api/auth/login/admin
Activity.Tags:
    network.protocol.version: 1.1
    server.address: localhost
    http.route: api/auth/login/admin
    http.request.method: GET
    http.response.status_code: 200
    url.scheme: http
Instrumentation scope (ActivitySource):
    Name: Microsoft.AspNetCore
    url.path: /api/stores/019ea4d9-0dcd-7409-979a-4ad0ed11b7da/categories
Resource associated with Activity:
    network.protocol.version: 1.1
    telemetry.sdk.name: opentelemetry
    telemetry.sdk.language: dotnet
    http.route: api/stores/{storeId}/categories
    http.response.status_code: 200
Instrumentation scope (ActivitySource):
    Name: Microsoft.AspNetCore
Resource associated with Activity:
    telemetry.sdk.version: 1.14.0
    telemetry.sdk.name: opentelemetry
[22:29:09 INF] SellerRegistered | Registration succeeded | UserId=019ea4d9-107e-7757-aa3f-fc3c2781044b | Email=store.management.40fbeab92abd419d8d20ef366eab7dd2@urbeat.local | Role=Seller
    service.name: unknown_service:testhost
    telemetry.sdk.language: dotnet
    telemetry.sdk.version: 1.14.0
    service.name: unknown_service:testhost
Activity.TraceId:            e5c318fc0bf5836cd32a4e69662b65f3
Activity.SpanId:             c850838977aec1ff
Activity.TraceFlags:         Recorded
Activity.TraceId:            fca4ec66d1a0fc9f77821e0517812198
Activity.DisplayName:        POST api/auth/login/admin
Activity.SpanId:             33225d51ec43334c
Activity.Kind:               Server
Activity.TraceFlags:         Recorded
Activity.DisplayName:        GET api/stores/{storeId}/categories
Activity.StartTime:          2026-06-08T01:29:09.4915708Z
Activity.Kind:               Server
Activity.Duration:           00:00:00.0831458
Activity.Tags:
Activity.StartTime:          2026-06-08T01:29:09.4487240Z
    server.address: localhost
Activity.Duration:           00:00:00.1261758
    http.request.method: POST
Activity.Tags:
    url.scheme: http
    server.address: localhost
    url.path: /api/auth/login/admin
    http.request.method: GET
    network.protocol.version: 1.1
    url.scheme: http
    http.route: api/auth/login/admin
    url.path: /api/stores/019ea4d9-0dcd-7409-979a-4ad0ed11b7da/categories
    http.response.status_code: 200
    network.protocol.version: 1.1
Instrumentation scope (ActivitySource):
    Name: Microsoft.AspNetCore
    http.route: api/stores/{storeId}/categories
Resource associated with Activity:
    http.response.status_code: 200
    telemetry.sdk.name: opentelemetry
Instrumentation scope (ActivitySource):
    Name: Microsoft.AspNetCore
Resource associated with Activity:
    telemetry.sdk.language: dotnet
[22:29:09 INF] Request starting HTTP/1.1 POST http://localhost/api/auth/login/admin - application/json; charset=utf-8 null
    telemetry.sdk.name: opentelemetry
    telemetry.sdk.version: 1.14.0
    service.name: unknown_service:testhost
    telemetry.sdk.language: dotnet
    telemetry.sdk.version: 1.14.0
Activity.TraceId:            e5c318fc0bf5836cd32a4e69662b65f3
    service.name: unknown_service:testhost
Activity.SpanId:             c850838977aec1ff
Activity.TraceFlags:         Recorded
Activity.TraceId:            fca4ec66d1a0fc9f77821e0517812198
Activity.DisplayName:        POST api/auth/login/admin
Activity.SpanId:             33225d51ec43334c
Activity.Kind:               Server
Activity.TraceFlags:         Recorded
Activity.StartTime:          2026-06-08T01:29:09.4915708Z
Activity.DisplayName:        GET api/stores/{storeId}/categories
Activity.Duration:           00:00:00.0831458
Activity.Kind:               Server
Activity.Tags:
Activity.StartTime:          2026-06-08T01:29:09.4487240Z
    server.address: localhost
Activity.Duration:           00:00:00.1261758
    http.request.method: POST
Activity.Tags:
    url.scheme: http
    server.address: localhost
    url.path: /api/auth/login/admin
    http.request.method: GET
    network.protocol.version: 1.1
    url.scheme: http
    http.route: api/auth/login/admin
    url.path: /api/stores/019ea4d9-0dcd-7409-979a-4ad0ed11b7da/categories
    http.response.status_code: 200
    network.protocol.version: 1.1
Instrumentation scope (ActivitySource):
    http.route: api/stores/{storeId}/categories
    Name: Microsoft.AspNetCore
    http.response.status_code: 200
Resource associated with Activity:
Instrumentation scope (ActivitySource):
    telemetry.sdk.name: opentelemetry
    Name: Microsoft.AspNetCore
    telemetry.sdk.language: dotnet
Resource associated with Activity:
    telemetry.sdk.version: 1.14.0
    telemetry.sdk.name: opentelemetry
    service.name: unknown_service:testhost
    telemetry.sdk.language: dotnet
Activity.TraceId:            e5c318fc0bf5836cd32a4e69662b65f3
    telemetry.sdk.version: 1.14.0
Activity.SpanId:             c850838977aec1ff
    service.name: unknown_service:testhost
Activity.TraceFlags:         Recorded
Activity.TraceId:            fca4ec66d1a0fc9f77821e0517812198
Activity.DisplayName:        POST api/auth/login/admin
Activity.SpanId:             33225d51ec43334c
Activity.TraceFlags:         Recorded
Activity.DisplayName:        GET api/stores/{storeId}/categories
Activity.Kind:               Server
[22:29:09 INF] Executing endpoint 'Urbeat.WebApi.Controllers.StoresController.Create (Urbeat.WebApi)'
Activity.StartTime:          2026-06-08T01:29:09.4487240Z
Activity.Kind:               Server
[22:29:09 INF] Executed action method Urbeat.WebApi.Controllers.AuthController.RegisterSeller (Urbeat.WebApi), returned result Microsoft.AspNetCore.Mvc.ObjectResult in 73.8937ms.
Activity.Duration:           00:00:00.1261758
Activity.Tags:
Activity.StartTime:          2026-06-08T01:29:09.4915708Z
    server.address: localhost
Activity.Duration:           00:00:00.0831458
    http.request.method: GET
Activity.Tags:
    url.scheme: http
[22:29:09 INF] Executing endpoint 'Urbeat.WebApi.Controllers.AuthController.LoginAdmin (Urbeat.WebApi)'
    url.path: /api/stores/019ea4d9-0dcd-7409-979a-4ad0ed11b7da/categories
[22:29:09 INF] Saved 1 entities to in-memory store.
    network.protocol.version: 1.1
    http.route: api/stores/{storeId}/categories
    http.response.status_code: 200
    server.address: localhost
Instrumentation scope (ActivitySource):
    http.request.method: POST
    url.scheme: http
    url.path: /api/auth/login/admin
[22:29:09 WRN] Failed to process the job 'b41abfe5-33dc-4f72-9ab6-6dbfbb3509d1': an exception occurred. Retry attempt 1 of 10 will be performed in 00:00:32.
System.ObjectDisposedException: Cannot access a disposed object.
Object name: 'IServiceProvider'.
   at Microsoft.Extensions.DependencyInjection.ServiceLookup.ThrowHelper.ThrowObjectDisposedException()
   at Microsoft.Extensions.DependencyInjection.ServiceProvider.CreateScope()
   at Hangfire.AspNetCore.AspNetCoreJobActivator.BeginScope(JobActivatorContext context) in C:\projects\hangfire-525\src\Hangfire.NetCore\AspNetCore\AspNetCoreJobActivator.cs:line 34
   at Hangfire.JobActivator.BeginScope(PerformContext context) in C:\projects\hangfire-525\src\Hangfire.Core\JobActivator.cs:line 66
   at Hangfire.Server.CoreBackgroundJobPerformer.Perform(PerformContext context) in C:\projects\hangfire-525\src\Hangfire.Core\Server\CoreBackgroundJobPerformer.cs:line 49
   at Hangfire.Server.BackgroundJobPerformer.InvokeNextServerFilter(Enumerator& enumerator, IBackgroundJobPerformer innerPerformer, PerformContext context, PerformingContext preContext) in C:\projects\hangfire-525\src\Hangfire.Core\Server\BackgroundJobPerformer.cs:line 133
   at Hangfire.Server.BackgroundJobPerformer.InvokeServerFilter(Enumerator& enumerator, IBackgroundJobPerformer innerPerformer, PerformContext context, PerformingContext preContext) in C:\projects\hangfire-525\src\Hangfire.Core\Server\BackgroundJobPerformer.cs:line 174
   at Hangfire.Server.BackgroundJobPerformer.InvokeNextServerFilter(Enumerator& enumerator, IBackgroundJobPerformer innerPerformer, PerformContext context, PerformingContext preContext) in C:\projects\hangfire-525\src\Hangfire.Core\Server\BackgroundJobPerformer.cs:line 130
   at Hangfire.Server.BackgroundJobPerformer.PerformJobWithFilters(PerformContext context, FilterCollection`1 filters) in C:\projects\hangfire-525\src\Hangfire.Core\Server\BackgroundJobPerformer.cs:line 119
   at Hangfire.Server.BackgroundJobPerformer.Perform(PerformContext context) in C:\projects\hangfire-525\src\Hangfire.Core\Server\BackgroundJobPerformer.cs:line 78
   at Hangfire.Server.Worker.PerformJob(BackgroundProcessContext context, IStorageConnection connection, String jobId, BackgroundJob backgroundJob, IReadOnlyDictionary`2& customData) in C:\projects\hangfire-525\src\Hangfire.Core\Server\Worker.cs:line 320
    network.protocol.version: 1.1
[22:29:09 INF] Saved 1 entities to in-memory store.
    http.route: api/auth/login/admin
[22:29:09 INF] Route matched with {action = "LoginAdmin", controller = "Auth"}. Executing controller action with signature System.Threading.Tasks.Task`1[Microsoft.AspNetCore.Mvc.IActionResult] LoginAdmin(Urbeat.Application.DTOs.LoginRequestDto, System.Threading.CancellationToken) on controller Urbeat.WebApi.Controllers.AuthController (Urbeat.WebApi).
    Name: Microsoft.AspNetCore
[22:29:09 INF] Route matched with {action = "Create", controller = "Stores"}. Executing controller action with signature System.Threading.Tasks.Task`1[Microsoft.AspNetCore.Mvc.IActionResult] Create(Urbeat.Application.DTOs.CreateStoreRequestDto, System.Threading.CancellationToken) on controller Urbeat.WebApi.Controllers.StoresController (Urbeat.WebApi).
    http.response.status_code: 200
Resource associated with Activity:
Instrumentation scope (ActivitySource):
    telemetry.sdk.name: opentelemetry
[22:29:09 INF] Saved 1 entities to in-memory store.
    telemetry.sdk.language: dotnet
[22:29:09 INF] Executing ObjectResult, writing value of type '<>f__AnonymousType2`3[[System.Nullable`1[[System.Guid, System.Private.CoreLib, Version=9.0.0.0, Culture=neutral, PublicKeyToken=7cec85d7bea7798e]], System.Private.CoreLib, Version=9.0.0.0, Culture=neutral, PublicKeyToken=7cec85d7bea7798e],[System.Boolean, System.Private.CoreLib, Version=9.0.0.0, Culture=neutral, PublicKeyToken=7cec85d7bea7798e],[System.String, System.Private.CoreLib, Version=9.0.0.0, Culture=neutral, PublicKeyToken=7cec85d7bea7798e]]'.
    telemetry.sdk.version: 1.14.0
    service.name: unknown_service:testhost
    Name: Microsoft.AspNetCore
Resource associated with Activity:
    telemetry.sdk.name: opentelemetry
    telemetry.sdk.language: dotnet
    telemetry.sdk.version: 1.14.0
    service.name: unknown_service:testhost
Activity.TraceId:            fca4ec66d1a0fc9f77821e0517812198
Activity.TraceId:            e5c318fc0bf5836cd32a4e69662b65f3
Activity.SpanId:             33225d51ec43334c
Activity.SpanId:             c850838977aec1ff
Activity.TraceFlags:         Recorded
Activity.TraceFlags:         Recorded
Activity.DisplayName:        POST api/auth/login/admin
Activity.DisplayName:        GET api/stores/{storeId}/categories
Activity.Kind:               Server
Activity.Kind:               Server
Activity.StartTime:          2026-06-08T01:29:09.4487240Z
Activity.StartTime:          2026-06-08T01:29:09.4915708Z
Activity.Duration:           00:00:00.1261758
Activity.Duration:           00:00:00.0831458
Activity.Tags:
Activity.Tags:
    server.address: localhost
    server.address: localhost
    http.request.method: GET
    http.request.method: POST
    url.scheme: http
    url.scheme: http
    url.path: /api/stores/019ea4d9-0dcd-7409-979a-4ad0ed11b7da/categories
    url.path: /api/auth/login/admin
    network.protocol.version: 1.1
    network.protocol.version: 1.1
    http.route: api/stores/{storeId}/categories
    http.route: api/auth/login/admin
    http.response.status_code: 200
    http.response.status_code: 200
Instrumentation scope (ActivitySource):
Instrumentation scope (ActivitySource):
    Name: Microsoft.AspNetCore
    Name: Microsoft.AspNetCore
Resource associated with Activity:
Resource associated with Activity:
    telemetry.sdk.name: opentelemetry
    telemetry.sdk.language: dotnet
    telemetry.sdk.name: opentelemetry
    telemetry.sdk.version: 1.14.0
    telemetry.sdk.language: dotnet
    service.name: unknown_service:testhost
    telemetry.sdk.version: 1.14.0
Activity.TraceId:            e5c318fc0bf5836cd32a4e69662b65f3
    service.name: unknown_service:testhost
Activity.SpanId:             c850838977aec1ff
Activity.TraceFlags:         Recorded
Activity.TraceId:            fca4ec66d1a0fc9f77821e0517812198
Activity.DisplayName:        POST api/auth/login/admin
Activity.SpanId:             33225d51ec43334c
Activity.Kind:               Server
Activity.TraceFlags:         Recorded
Activity.StartTime:          2026-06-08T01:29:09.4915708Z
Activity.DisplayName:        GET api/stores/{storeId}/categories
Activity.Duration:           00:00:00.0831458
Activity.Kind:               Server
Activity.Tags:
Activity.StartTime:          2026-06-08T01:29:09.4487240Z
    server.address: localhost
Activity.Duration:           00:00:00.1261758
    http.request.method: POST
Activity.Tags:
    url.scheme: http
    server.address: localhost
    url.path: /api/auth/login/admin
    http.request.method: GET
    network.protocol.version: 1.1
    url.scheme: http
[22:29:09 INF] Executed action Urbeat.WebApi.Controllers.AuthController.RegisterSeller (Urbeat.WebApi) in 133.6789ms
    url.path: /api/stores/019ea4d9-0dcd-7409-979a-4ad0ed11b7da/categories
    http.route: api/auth/login/admin
    network.protocol.version: 1.1
    http.response.status_code: 200
    http.route: api/stores/{storeId}/categories
Instrumentation scope (ActivitySource):
    Name: Microsoft.AspNetCore
Resource associated with Activity:
    http.response.status_code: 200
    telemetry.sdk.name: opentelemetry
    telemetry.sdk.language: dotnet
Instrumentation scope (ActivitySource):
    Name: Microsoft.AspNetCore
    telemetry.sdk.version: 1.14.0
Resource associated with Activity:
[22:29:09 INF] Executed endpoint 'Urbeat.WebApi.Controllers.AuthController.RegisterSeller (Urbeat.WebApi)'
    service.name: unknown_service:testhost
    telemetry.sdk.name: opentelemetry
    telemetry.sdk.language: dotnet
    telemetry.sdk.version: 1.14.0
    service.name: unknown_service:testhost
Activity.TraceId:            fca4ec66d1a0fc9f77821e0517812198
Activity.SpanId:             33225d51ec43334c
Activity.TraceFlags:         Recorded
Activity.DisplayName:        GET api/stores/{storeId}/categories
Activity.Kind:               Server
Activity.StartTime:          2026-06-08T01:29:09.4487240Z
Activity.Duration:           00:00:00.1261758
Activity.Tags:
    server.address: localhost
    http.request.method: GET
    url.scheme: http
    url.path: /api/stores/019ea4d9-0dcd-7409-979a-4ad0ed11b7da/categories
    network.protocol.version: 1.1
    http.route: api/stores/{storeId}/categories
    http.response.status_code: 200
Instrumentation scope (ActivitySource):
    Name: Microsoft.AspNetCore
Resource associated with Activity:
    telemetry.sdk.name: opentelemetry
    telemetry.sdk.language: dotnet
    telemetry.sdk.version: 1.14.0
    service.name: unknown_service:testhost
[22:29:09 INF] Executing action method Urbeat.WebApi.Controllers.AuthController.LoginAdmin (Urbeat.WebApi) - Validation state: Valid
[22:29:09 INF] HTTP POST /api/auth/register/seller responded 201 in 169.2297 ms
[22:29:09 INF] Request finished HTTP/1.1 POST http://localhost/api/auth/register/seller - 201 null application/json; charset=utf-8 170.2113ms
[22:29:09 INF] Request starting HTTP/1.1 POST http://localhost/api/auth/register/customer - application/json; charset=utf-8 null
Activity.TraceId:            cdb786b2ae699da464f9d03b0c5ff822
Activity.SpanId:             42212307ff352866
Activity.TraceFlags:         Recorded
Activity.DisplayName:        POST api/auth/register/seller
Activity.Kind:               Server
Activity.StartTime:          2026-06-08T01:29:09.4476762Z
Activity.Duration:           00:00:00.1702782
Activity.Tags:
    server.address: localhost
    http.request.method: POST
    url.scheme: http
    url.path: /api/auth/register/seller
    network.protocol.version: 1.1
    http.route: api/auth/register/seller
    http.response.status_code: 201
Instrumentation scope (ActivitySource):
    Name: Microsoft.AspNetCore
Resource associated with Activity:
    telemetry.sdk.name: opentelemetry
    telemetry.sdk.language: dotnet
    telemetry.sdk.version: 1.14.0
    service.name: unknown_service:testhost
Activity.TraceId:            cdb786b2ae699da464f9d03b0c5ff822
Activity.SpanId:             42212307ff352866
Activity.TraceFlags:         Recorded
Activity.DisplayName:        POST api/auth/register/seller
Activity.Kind:               Server
Activity.StartTime:          2026-06-08T01:29:09.4476762Z
Activity.Duration:           00:00:00.1702782
Activity.Tags:
    server.address: localhost
    http.request.method: POST
    url.scheme: http
    url.path: /api/auth/register/seller
    network.protocol.version: 1.1
    http.route: api/auth/register/seller
    http.response.status_code: 201
Instrumentation scope (ActivitySource):
    Name: Microsoft.AspNetCore
Resource associated with Activity:
    telemetry.sdk.name: opentelemetry
    telemetry.sdk.language: dotnet
    telemetry.sdk.version: 1.14.0
    service.name: unknown_service:testhost
Activity.TraceId:            cdb786b2ae699da464f9d03b0c5ff822
Activity.SpanId:             42212307ff352866
Activity.TraceFlags:         Recorded
Activity.DisplayName:        POST api/auth/register/seller
Activity.Kind:               Server
Activity.StartTime:          2026-06-08T01:29:09.4476762Z
Activity.Duration:           00:00:00.1702782
Activity.Tags:
    server.address: localhost
    http.request.method: POST
    url.scheme: http
    url.path: /api/auth/register/seller
    network.protocol.version: 1.1
    http.route: api/auth/register/seller
    http.response.status_code: 201
[22:29:09 INF] Saved 2 entities to in-memory store.
[22:29:09 INF] Saved 2 entities to in-memory store.
Instrumentation scope (ActivitySource):
    Name: Microsoft.AspNetCore
Resource associated with Activity:
    telemetry.sdk.name: opentelemetry
    telemetry.sdk.language: dotnet
    telemetry.sdk.version: 1.14.0
    service.name: unknown_service:testhost
[22:29:09 INF] Executing action method Urbeat.WebApi.Controllers.StoresController.Create (Urbeat.WebApi) - Validation state: Valid
Activity.TraceId:            cdb786b2ae699da464f9d03b0c5ff822
Activity.SpanId:             42212307ff352866
Activity.TraceFlags:         Recorded
Activity.DisplayName:        POST api/auth/register/seller
Activity.Kind:               Server
Activity.StartTime:          2026-06-08T01:29:09.4476762Z
Activity.Duration:           00:00:00.1702782
Activity.Tags:
    server.address: localhost
    http.request.method: POST
    url.scheme: http
    url.path: /api/auth/register/seller
    network.protocol.version: 1.1
    http.route: api/auth/register/seller
    http.response.status_code: 201
Instrumentation scope (ActivitySource):
    Name: Microsoft.AspNetCore
Resource associated with Activity:
    telemetry.sdk.name: opentelemetry
    telemetry.sdk.language: dotnet
    telemetry.sdk.version: 1.14.0
    service.name: unknown_service:testhost
Activity.TraceId:            cdb786b2ae699da464f9d03b0c5ff822
Activity.SpanId:             42212307ff352866
Activity.TraceFlags:         Recorded
[22:29:09 INF] Saved 1 entities to in-memory store.
Activity.DisplayName:        POST api/auth/register/seller
Activity.Kind:               Server
Activity.StartTime:          2026-06-08T01:29:09.4476762Z
Activity.Duration:           00:00:00.1702782
Activity.Tags:
    server.address: localhost
    http.request.method: POST
    url.scheme: http
[22:29:09 INF] Saved 1 entities to in-memory store.
    url.path: /api/auth/register/seller
    network.protocol.version: 1.1
    http.route: api/auth/register/seller
    http.response.status_code: 201
[22:29:09 INF] SellerRegistered | Registration succeeded | UserId=019ea4d9-107e-78b6-9c22-ed951ed1a8de | Email=seller.412b67d2278343ee975862d8dfefdda3@urbeat.test | Role=Seller
Instrumentation scope (ActivitySource):
    Name: Microsoft.AspNetCore
Resource associated with Activity:
    telemetry.sdk.name: opentelemetry
    telemetry.sdk.language: dotnet
    telemetry.sdk.version: 1.14.0
[22:29:09 INF] SellerRegistered | Registration succeeded | UserId=019ea4d9-1080-7715-a8f9-a77c22ef70ea | Email=products.flow.b3995aa1606a40c2a21e33a22b03a43a@urbeat.local | Role=Seller
    service.name: unknown_service:testhost
Activity.TraceId:            cdb786b2ae699da464f9d03b0c5ff822
Activity.SpanId:             42212307ff352866
Activity.TraceFlags:         Recorded
Activity.DisplayName:        POST api/auth/register/seller
Activity.Kind:               Server
Activity.StartTime:          2026-06-08T01:29:09.4476762Z
Activity.Duration:           00:00:00.1702782
Activity.Tags:
    server.address: localhost
    http.request.method: POST
    url.scheme: http
    url.path: /api/auth/register/seller
    network.protocol.version: 1.1
    http.route: api/auth/register/seller
    http.response.status_code: 201
Instrumentation scope (ActivitySource):
    Name: Microsoft.AspNetCore
Resource associated with Activity:
[22:29:09 INF] EMAIL_CONFIRM_JOB_STARTED | Sending confirmation email | UserId=019ea4d9-107e-78b6-9c22-ed951ed1a8de
    telemetry.sdk.name: opentelemetry
    telemetry.sdk.language: dotnet
    telemetry.sdk.version: 1.14.0
    service.name: unknown_service:testhost
Activity.TraceId:            cdb786b2ae699da464f9d03b0c5ff822
Activity.SpanId:             42212307ff352866
Activity.TraceFlags:         Recorded
Activity.DisplayName:        POST api/auth/register/seller
Activity.Kind:               Server
Activity.StartTime:          2026-06-08T01:29:09.4476762Z
Activity.Duration:           00:00:00.1702782
Activity.Tags:
    server.address: localhost
    http.request.method: POST
    url.scheme: http
    url.path: /api/auth/register/seller
    network.protocol.version: 1.1
    http.route: api/auth/register/seller
    http.response.status_code: 201
Instrumentation scope (ActivitySource):
    Name: Microsoft.AspNetCore
Resource associated with Activity:
    telemetry.sdk.name: opentelemetry
    telemetry.sdk.language: dotnet
    telemetry.sdk.version: 1.14.0
    service.name: unknown_service:testhost
Activity.TraceId:            cdb786b2ae699da464f9d03b0c5ff822
Activity.SpanId:             42212307ff352866
Activity.TraceFlags:         Recorded
Activity.DisplayName:        POST api/auth/register/seller
Activity.Kind:               Server
Activity.StartTime:          2026-06-08T01:29:09.4476762Z
Activity.Duration:           00:00:00.1702782
Activity.Tags:
    server.address: localhost
    http.request.method: POST
    url.scheme: http
    url.path: /api/auth/register/seller
    network.protocol.version: 1.1
    http.route: api/auth/register/seller
    http.response.status_code: 201
Instrumentation scope (ActivitySource):
    Name: Microsoft.AspNetCore
Resource associated with Activity:
    telemetry.sdk.name: opentelemetry
    telemetry.sdk.language: dotnet
    telemetry.sdk.version: 1.14.0
    service.name: unknown_service:testhost
Activity.TraceId:            cdb786b2ae699da464f9d03b0c5ff822
Activity.SpanId:             42212307ff352866
Activity.TraceFlags:         Recorded
Activity.DisplayName:        POST api/auth/register/seller
Activity.Kind:               Server
Activity.StartTime:          2026-06-08T01:29:09.4476762Z
Activity.Duration:           00:00:00.1702782
Activity.Tags:
    server.address: localhost
    http.request.method: POST
    url.scheme: http
    url.path: /api/auth/register/seller
    network.protocol.version: 1.1
    http.route: api/auth/register/seller
    http.response.status_code: 201
Instrumentation scope (ActivitySource):
    Name: Microsoft.AspNetCore
Resource associated with Activity:
    telemetry.sdk.name: opentelemetry
    telemetry.sdk.language: dotnet
    telemetry.sdk.version: 1.14.0
    service.name: unknown_service:testhost
Activity.TraceId:            cdb786b2ae699da464f9d03b0c5ff822
Activity.SpanId:             42212307ff352866
Activity.TraceFlags:         Recorded
Activity.DisplayName:        POST api/auth/register/seller
Activity.Kind:               Server
Activity.StartTime:          2026-06-08T01:29:09.4476762Z
[22:29:09 WRN] STORE_CREATE_FAILED | Store creation failed | OwnerUserId=019ea4d9-0f87-7981-9a12-e8d51bf9f33a | Reason=invalid_cuisine | IP=null
Activity.Duration:           00:00:00.1702782
Activity.Tags:
[22:29:09 INF] Executing endpoint 'Urbeat.WebApi.Controllers.AuthController.RegisterCustomer (Urbeat.WebApi)'
    server.address: localhost
    http.request.method: POST
    url.scheme: http
    url.path: /api/auth/register/seller
    network.protocol.version: 1.1
    http.route: api/auth/register/seller
    http.response.status_code: 201
Instrumentation scope (ActivitySource):
    Name: Microsoft.AspNetCore
Resource associated with Activity:
    telemetry.sdk.name: opentelemetry
    telemetry.sdk.language: dotnet
    telemetry.sdk.version: 1.14.0
    service.name: unknown_service:testhost
Activity.TraceId:            cdb786b2ae699da464f9d03b0c5ff822
[22:29:09 INF] Executed action method Urbeat.WebApi.Controllers.StoresController.Create (Urbeat.WebApi), returned result Microsoft.AspNetCore.Mvc.BadRequestObjectResult in 0.617ms.
Activity.SpanId:             42212307ff352866
Activity.TraceFlags:         Recorded
Activity.DisplayName:        POST api/auth/register/seller
Activity.Kind:               Server
Activity.StartTime:          2026-06-08T01:29:09.4476762Z
Activity.Duration:           00:00:00.1702782
Activity.Tags:
    server.address: localhost
    http.request.method: POST
    url.scheme: http
    url.path: /api/auth/register/seller
    network.protocol.version: 1.1
    http.route: api/auth/register/seller
    http.response.status_code: 201
Instrumentation scope (ActivitySource):
    Name: Microsoft.AspNetCore
Resource associated with Activity:
    telemetry.sdk.name: opentelemetry
    telemetry.sdk.language: dotnet
    telemetry.sdk.version: 1.14.0
    service.name: unknown_service:testhost
[22:29:09 INF] Saved 1 entities to in-memory store.
[22:29:09 INF] Executed action method Urbeat.WebApi.Controllers.AuthController.RegisterSeller (Urbeat.WebApi), returned result Microsoft.AspNetCore.Mvc.ObjectResult in 115.3088ms.
[22:29:09 INF] Executing BadRequestObjectResult, writing value of type '<>f__AnonymousType1`1[[System.String, System.Private.CoreLib, Version=9.0.0.0, Culture=neutral, PublicKeyToken=7cec85d7bea7798e]]'.
[22:29:09 INF] Executed action Urbeat.WebApi.Controllers.StoresController.Create (Urbeat.WebApi) in 2.1339ms
[22:29:09 INF] Executing ObjectResult, writing value of type '<>f__AnonymousType2`3[[System.Nullable`1[[System.Guid, System.Private.CoreLib, Version=9.0.0.0, Culture=neutral, PublicKeyToken=7cec85d7bea7798e]], System.Private.CoreLib, Version=9.0.0.0, Culture=neutral, PublicKeyToken=7cec85d7bea7798e],[System.Boolean, System.Private.CoreLib, Version=9.0.0.0, Culture=neutral, PublicKeyToken=7cec85d7bea7798e],[System.String, System.Private.CoreLib, Version=9.0.0.0, Culture=neutral, PublicKeyToken=7cec85d7bea7798e]]'.
[22:29:09 INF] Executed endpoint 'Urbeat.WebApi.Controllers.StoresController.Create (Urbeat.WebApi)'
[22:29:09 INF] Saved 1 entities to in-memory store.
[22:29:09 INF] EMAIL_CONFIRM_JOB_COMPLETED | Job completed | UserId=019ea4d9-107e-78b6-9c22-ed951ed1a8de
[22:29:09 INF] Executed action method Urbeat.WebApi.Controllers.AuthController.RegisterSeller (Urbeat.WebApi), returned result Microsoft.AspNetCore.Mvc.ObjectResult in 117.2781ms.
[22:29:09 INF] HTTP POST /api/stores responded 400 in 44.0227 ms
[22:29:09 INF] Request starting HTTP/1.1 POST http://localhost/api/auth/login/seller - application/json; charset=utf-8 null
[22:29:09 INF] Executing ObjectResult, writing value of type '<>f__AnonymousType2`3[[System.Nullable`1[[System.Guid, System.Private.CoreLib, Version=9.0.0.0, Culture=neutral, PublicKeyToken=7cec85d7bea7798e]], System.Private.CoreLib, Version=9.0.0.0, Culture=neutral, PublicKeyToken=7cec85d7bea7798e],[System.Boolean, System.Private.CoreLib, Version=9.0.0.0, Culture=neutral, PublicKeyToken=7cec85d7bea7798e],[System.String, System.Private.CoreLib, Version=9.0.0.0, Culture=neutral, PublicKeyToken=7cec85d7bea7798e]]'.
[22:29:09 INF] Request finished HTTP/1.1 POST http://localhost/api/stores - 400 null application/problem+json; charset=utf-8 44.5437ms
[22:29:09 INF] Executed action Urbeat.WebApi.Controllers.AuthController.RegisterSeller (Urbeat.WebApi) in 117.9864ms
[22:29:09 INF] Executed endpoint 'Urbeat.WebApi.Controllers.AuthController.RegisterSeller (Urbeat.WebApi)'
[22:29:09 INF] Request starting HTTP/1.1 POST http://localhost/api/admin/plans - application/json; charset=utf-8 null
Activity.TraceId:            c9084aa27a031483db51472374585461
Activity.SpanId:             d5f1ffd66aa9c883
Activity.TraceFlags:         Recorded
[22:29:09 INF] Executed action Urbeat.WebApi.Controllers.AuthController.RegisterSeller (Urbeat.WebApi) in 137.8739ms
Activity.DisplayName:        POST api/stores
Activity.Kind:               Server
[22:29:09 INF] HTTP POST /api/auth/register/seller responded 201 in 128.5978 ms
Activity.StartTime:          2026-06-08T01:29:09.5751664Z
Activity.Duration:           00:00:00.0446648
Activity.Tags:
    server.address: localhost
    http.request.method: POST
[22:29:09 INF] Executing endpoint 'Urbeat.WebApi.Controllers.AdminController.CreatePlan (Urbeat.WebApi)'
    url.scheme: http
    url.path: /api/stores
    network.protocol.version: 1.1
    http.route: api/stores
[22:29:09 INF] Route matched with {action = "RegisterCustomer", controller = "Auth"}. Executing controller action with signature System.Threading.Tasks.Task`1[Microsoft.AspNetCore.Mvc.IActionResult] RegisterCustomer(Urbeat.Application.DTOs.RegisterUserRequestDto, System.Threading.CancellationToken) on controller Urbeat.WebApi.Controllers.AuthController (Urbeat.WebApi).
    http.response.status_code: 400
Instrumentation scope (ActivitySource):
    Name: Microsoft.AspNetCore
[22:29:09 INF] Executing endpoint 'Urbeat.WebApi.Controllers.AuthController.LoginSeller (Urbeat.WebApi)'
Resource associated with Activity:
    telemetry.sdk.name: opentelemetry
    telemetry.sdk.language: dotnet
    telemetry.sdk.version: 1.14.0
    service.name: unknown_service:testhost
[22:29:09 INF] Saved 1 entities to in-memory store.
[22:29:09 INF] Executed endpoint 'Urbeat.WebApi.Controllers.AuthController.RegisterSeller (Urbeat.WebApi)'
Activity.TraceId:            c9084aa27a031483db51472374585461
[22:29:09 INF] Saved 1 entities to in-memory store.
Activity.SpanId:             d5f1ffd66aa9c883
Activity.TraceFlags:         Recorded
Activity.DisplayName:        POST api/stores
Activity.Kind:               Server
Activity.StartTime:          2026-06-08T01:29:09.5751664Z
Activity.Duration:           00:00:00.0446648
Activity.Tags:
    server.address: localhost
    http.request.method: POST
    url.scheme: http
    url.path: /api/stores
    network.protocol.version: 1.1
    http.route: api/stores
    http.response.status_code: 400
Instrumentation scope (ActivitySource):
    Name: Microsoft.AspNetCore
Resource associated with Activity:
    telemetry.sdk.name: opentelemetry
[22:29:09 INF] Route matched with {action = "CreatePlan", controller = "Admin"}. Executing controller action with signature System.Threading.Tasks.Task`1[Microsoft.AspNetCore.Mvc.IActionResult] CreatePlan(Urbeat.Application.DTOs.CreatePlanRequestDto, System.Threading.CancellationToken) on controller Urbeat.WebApi.Controllers.AdminController (Urbeat.WebApi).
    telemetry.sdk.language: dotnet
    telemetry.sdk.version: 1.14.0
    service.name: unknown_service:testhost
Activity.TraceId:            c9084aa27a031483db51472374585461
Activity.SpanId:             d5f1ffd66aa9c883
Activity.TraceFlags:         Recorded
Activity.DisplayName:        POST api/stores
Activity.Kind:               Server
Activity.StartTime:          2026-06-08T01:29:09.5751664Z
Activity.Duration:           00:00:00.0446648
Activity.Tags:
    server.address: localhost
    http.request.method: POST
    url.scheme: http
    url.path: /api/stores
    network.protocol.version: 1.1
    http.route: api/stores
    http.response.status_code: 400
Instrumentation scope (ActivitySource):
    Name: Microsoft.AspNetCore
Resource associated with Activity:
    telemetry.sdk.name: opentelemetry
    telemetry.sdk.language: dotnet
    telemetry.sdk.version: 1.14.0
    service.name: unknown_service:testhost
Activity.TraceId:            c9084aa27a031483db51472374585461
Activity.SpanId:             d5f1ffd66aa9c883
[22:29:09 INF] Request finished HTTP/1.1 POST http://localhost/api/auth/register/seller - 201 null application/json; charset=utf-8 208.0975ms
Activity.TraceFlags:         Recorded
Activity.DisplayName:        POST api/stores
Activity.Kind:               Server
Activity.StartTime:          2026-06-08T01:29:09.5751664Z
Activity.Duration:           00:00:00.0446648
Activity.Tags:
    server.address: localhost
    http.request.method: POST
    url.scheme: http
    url.path: /api/stores
    network.protocol.version: 1.1
    http.route: api/stores
    http.response.status_code: 400
Instrumentation scope (ActivitySource):
    Name: Microsoft.AspNetCore
Resource associated with Activity:
    telemetry.sdk.name: opentelemetry
    telemetry.sdk.language: dotnet
    telemetry.sdk.version: 1.14.0
    service.name: unknown_service:testhost
Activity.TraceId:            c9084aa27a031483db51472374585461
Activity.SpanId:             d5f1ffd66aa9c883
Activity.TraceFlags:         Recorded
Activity.DisplayName:        POST api/stores
Activity.Kind:               Server
Activity.StartTime:          2026-06-08T01:29:09.5751664Z
Activity.Duration:           00:00:00.0446648
Activity.Tags:
    server.address: localhost
    http.request.method: POST
    url.scheme: http
    url.path: /api/stores
    network.protocol.version: 1.1
    http.route: api/stores
    http.response.status_code: 400
Instrumentation scope (ActivitySource):
    Name: Microsoft.AspNetCore
Resource associated with Activity:
    telemetry.sdk.name: opentelemetry
    telemetry.sdk.language: dotnet
    telemetry.sdk.version: 1.14.0
    service.name: unknown_service:testhost
Activity.TraceId:            c9084aa27a031483db51472374585461
Activity.SpanId:             d5f1ffd66aa9c883
Activity.TraceFlags:         Recorded
Activity.DisplayName:        POST api/stores
Activity.Kind:               Server
Activity.StartTime:          2026-06-08T01:29:09.5751664Z
Activity.Duration:           00:00:00.0446648
Activity.Tags:
    server.address: localhost
    http.request.method: POST
    url.scheme: http
    url.path: /api/stores
    network.protocol.version: 1.1
    http.route: api/stores
    http.response.status_code: 400
Instrumentation scope (ActivitySource):
    Name: Microsoft.AspNetCore
Resource associated with Activity:
    telemetry.sdk.name: opentelemetry
    telemetry.sdk.language: dotnet
    telemetry.sdk.version: 1.14.0
    service.name: unknown_service:testhost
Activity.TraceId:            c9084aa27a031483db51472374585461
Activity.SpanId:             d5f1ffd66aa9c883
Activity.TraceFlags:         Recorded
Activity.DisplayName:        POST api/stores
Activity.Kind:               Server
Activity.StartTime:          2026-06-08T01:29:09.5751664Z
Activity.TraceId:            2dac844f1156448b388569addfdc3445
Activity.Duration:           00:00:00.0446648
Activity.SpanId:             fb8a6c139f7e047f
Activity.Tags:
    server.address: localhost
Activity.TraceFlags:         Recorded
    http.request.method: POST
Activity.DisplayName:        POST api/auth/register/seller
    url.scheme: http
Activity.Kind:               Server
    url.path: /api/stores
    network.protocol.version: 1.1
    http.route: api/stores
    http.response.status_code: 400
Activity.StartTime:          2026-06-08T01:29:09.4500865Z
Instrumentation scope (ActivitySource):
Activity.Duration:           00:00:00.2082188
    Name: Microsoft.AspNetCore
Activity.Tags:
Resource associated with Activity:
    telemetry.sdk.name: opentelemetry
    server.address: localhost
    telemetry.sdk.language: dotnet
    http.request.method: POST
    telemetry.sdk.version: 1.14.0
    url.scheme: http
    service.name: unknown_service:testhost
    url.path: /api/auth/register/seller
    network.protocol.version: 1.1
Activity.TraceId:            c9084aa27a031483db51472374585461
Activity.SpanId:             d5f1ffd66aa9c883
    http.route: api/auth/register/seller
Activity.TraceFlags:         Recorded
    http.response.status_code: 201
Activity.DisplayName:        POST api/stores
Activity.Kind:               Server
Instrumentation scope (ActivitySource):
Activity.StartTime:          2026-06-08T01:29:09.5751664Z
    Name: Microsoft.AspNetCore
Activity.Duration:           00:00:00.0446648
Resource associated with Activity:
Activity.Tags:
    telemetry.sdk.name: opentelemetry
    server.address: localhost
    telemetry.sdk.language: dotnet
    http.request.method: POST
    telemetry.sdk.version: 1.14.0
    url.scheme: http
    service.name: unknown_service:testhost
    url.path: /api/stores
    network.protocol.version: 1.1
    http.route: api/stores
Activity.TraceId:            2dac844f1156448b388569addfdc3445
    http.response.status_code: 400
Activity.SpanId:             fb8a6c139f7e047f
Instrumentation scope (ActivitySource):
Activity.TraceFlags:         Recorded
    Name: Microsoft.AspNetCore
Activity.DisplayName:        POST api/auth/register/seller
Resource associated with Activity:
Activity.Kind:               Server
    telemetry.sdk.name: opentelemetry
    telemetry.sdk.language: dotnet
Activity.StartTime:          2026-06-08T01:29:09.4500865Z
    telemetry.sdk.version: 1.14.0
Activity.Duration:           00:00:00.2082188
    service.name: unknown_service:testhost
Activity.Tags:
    server.address: localhost
Activity.TraceId:            c9084aa27a031483db51472374585461
    http.request.method: POST
Activity.SpanId:             d5f1ffd66aa9c883
    url.scheme: http
Activity.TraceFlags:         Recorded
    url.path: /api/auth/register/seller
Activity.DisplayName:        POST api/stores
    network.protocol.version: 1.1
Activity.Kind:               Server
    http.route: api/auth/register/seller
Activity.StartTime:          2026-06-08T01:29:09.5751664Z
    http.response.status_code: 201
Activity.Duration:           00:00:00.0446648
Instrumentation scope (ActivitySource):
    Name: Microsoft.AspNetCore
Activity.Tags:
Resource associated with Activity:
    server.address: localhost
    http.request.method: POST
    telemetry.sdk.name: opentelemetry
    url.scheme: http
    telemetry.sdk.language: dotnet
    url.path: /api/stores
    telemetry.sdk.version: 1.14.0
    network.protocol.version: 1.1
    service.name: unknown_service:testhost
    http.route: api/stores
    http.response.status_code: 400
Instrumentation scope (ActivitySource):
    Name: Microsoft.AspNetCore
Activity.TraceId:            2dac844f1156448b388569addfdc3445
Resource associated with Activity:
Activity.SpanId:             fb8a6c139f7e047f
    telemetry.sdk.name: opentelemetry
Activity.TraceFlags:         Recorded
    telemetry.sdk.language: dotnet
Activity.DisplayName:        POST api/auth/register/seller
    telemetry.sdk.version: 1.14.0
Activity.Kind:               Server
    service.name: unknown_service:testhost
[22:29:09 INF] HTTP POST /api/auth/register/seller responded 201 in 243.2506 ms
Activity.StartTime:          2026-06-08T01:29:09.4500865Z
Activity.TraceId:            c9084aa27a031483db51472374585461
[22:29:09 INF] Executing action method Urbeat.WebApi.Controllers.AdminController.CreatePlan (Urbeat.WebApi) - Validation state: Valid
Activity.SpanId:             d5f1ffd66aa9c883
Activity.Duration:           00:00:00.2082188
Activity.TraceFlags:         Recorded
Activity.Tags:
Activity.DisplayName:        POST api/stores
    server.address: localhost
Activity.Kind:               Server
    http.request.method: POST
    url.scheme: http
    url.path: /api/auth/register/seller
Activity.StartTime:          2026-06-08T01:29:09.5751664Z
    network.protocol.version: 1.1
Activity.Duration:           00:00:00.0446648
    http.route: api/auth/register/seller
Activity.Tags:
    http.response.status_code: 201
    server.address: localhost
Instrumentation scope (ActivitySource):
    Name: Microsoft.AspNetCore
    http.request.method: POST
Resource associated with Activity:
    url.scheme: http
    telemetry.sdk.name: opentelemetry
    url.path: /api/stores
    telemetry.sdk.language: dotnet
    network.protocol.version: 1.1
    telemetry.sdk.version: 1.14.0
    http.route: api/stores
    service.name: unknown_service:testhost
    http.response.status_code: 400
Instrumentation scope (ActivitySource):
    Name: Microsoft.AspNetCore
Activity.TraceId:            2dac844f1156448b388569addfdc3445
Resource associated with Activity:
Activity.SpanId:             fb8a6c139f7e047f
    telemetry.sdk.name: opentelemetry
Activity.TraceFlags:         Recorded
    telemetry.sdk.language: dotnet
Activity.DisplayName:        POST api/auth/register/seller
    telemetry.sdk.version: 1.14.0
Activity.Kind:               Server
    service.name: unknown_service:testhost
Activity.StartTime:          2026-06-08T01:29:09.4500865Z
Activity.Duration:           00:00:00.2082188
Activity.TraceId:            c9084aa27a031483db51472374585461
Activity.Tags:
Activity.SpanId:             d5f1ffd66aa9c883
    server.address: localhost
Activity.TraceFlags:         Recorded
    http.request.method: POST
Activity.DisplayName:        POST api/stores
    url.scheme: http
Activity.Kind:               Server
    url.path: /api/auth/register/seller
Activity.StartTime:          2026-06-08T01:29:09.5751664Z
    network.protocol.version: 1.1
Activity.Duration:           00:00:00.0446648
    http.route: api/auth/register/seller
Activity.Tags:
    http.response.status_code: 201
    server.address: localhost
Instrumentation scope (ActivitySource):
    http.request.method: POST
    Name: Microsoft.AspNetCore
    url.scheme: http
Resource associated with Activity:
    url.path: /api/stores
    telemetry.sdk.name: opentelemetry
    network.protocol.version: 1.1
    telemetry.sdk.language: dotnet
    http.route: api/stores
    telemetry.sdk.version: 1.14.0
    http.response.status_code: 400
    service.name: unknown_service:testhost
Instrumentation scope (ActivitySource):
[22:29:09 INF] Request finished HTTP/1.1 POST http://localhost/api/auth/register/seller - 201 null application/json; charset=utf-8 276.5342ms
    Name: Microsoft.AspNetCore
Resource associated with Activity:
Activity.TraceId:            2dac844f1156448b388569addfdc3445
    telemetry.sdk.name: opentelemetry
Activity.SpanId:             fb8a6c139f7e047f
    telemetry.sdk.language: dotnet
Activity.TraceFlags:         Recorded
    telemetry.sdk.version: 1.14.0
Activity.DisplayName:        POST api/auth/register/seller
    service.name: unknown_service:testhost
Activity.Kind:               Server
Activity.StartTime:          2026-06-08T01:29:09.4500865Z
Activity.Duration:           00:00:00.2082188
Activity.Tags:
    server.address: localhost
    http.request.method: POST
    url.scheme: http
    url.path: /api/auth/register/seller
    network.protocol.version: 1.1
    http.route: api/auth/register/seller
    http.response.status_code: 201
Instrumentation scope (ActivitySource):
    Name: Microsoft.AspNetCore
Resource associated with Activity:
    telemetry.sdk.name: opentelemetry
    telemetry.sdk.language: dotnet
    telemetry.sdk.version: 1.14.0
    service.name: unknown_service:testhost
Activity.TraceId:            2dac844f1156448b388569addfdc3445
Activity.SpanId:             fb8a6c139f7e047f
Activity.TraceFlags:         Recorded
Activity.DisplayName:        POST api/auth/register/seller
Activity.Kind:               Server
Activity.StartTime:          2026-06-08T01:29:09.4500865Z
Activity.Duration:           00:00:00.2082188
Activity.Tags:
    server.address: localhost
    http.request.method: POST
    url.scheme: http
    url.path: /api/auth/register/seller
    network.protocol.version: 1.1
    http.route: api/auth/register/seller
    http.response.status_code: 201
Instrumentation scope (ActivitySource):
    Name: Microsoft.AspNetCore
Resource associated with Activity:
    telemetry.sdk.name: opentelemetry
    telemetry.sdk.language: dotnet
    telemetry.sdk.version: 1.14.0
    service.name: unknown_service:testhost
Activity.TraceId:            2dac844f1156448b388569addfdc3445
Activity.SpanId:             fb8a6c139f7e047f
Activity.TraceFlags:         Recorded
Activity.DisplayName:        POST api/auth/register/seller
Activity.Kind:               Server
Activity.StartTime:          2026-06-08T01:29:09.4500865Z
Activity.Duration:           00:00:00.2082188
Activity.Tags:
    server.address: localhost
    http.request.method: POST
    url.scheme: http
    url.path: /api/auth/register/seller
    network.protocol.version: 1.1
    http.route: api/auth/register/seller
    http.response.status_code: 201
Instrumentation scope (ActivitySource):
    Name: Microsoft.AspNetCore
Resource associated with Activity:
    telemetry.sdk.name: opentelemetry
    telemetry.sdk.language: dotnet
    telemetry.sdk.version: 1.14.0
    service.name: unknown_service:testhost
Activity.TraceId:            2dac844f1156448b388569addfdc3445
Activity.SpanId:             fb8a6c139f7e047f
Activity.TraceFlags:         Recorded
Activity.DisplayName:        POST api/auth/register/seller
Activity.Kind:               Server
Activity.StartTime:          2026-06-08T01:29:09.4500865Z
Activity.Duration:           00:00:00.2082188
Activity.Tags:
    server.address: localhost
    http.request.method: POST
Activity.TraceId:            342c7dae6a96405420dce9a306012957
    url.scheme: http
    url.path: /api/auth/register/seller
    network.protocol.version: 1.1
    http.route: api/auth/register/seller
Activity.SpanId:             a3f62e2e4158f09d
    http.response.status_code: 201
Instrumentation scope (ActivitySource):
    Name: Microsoft.AspNetCore
Activity.TraceFlags:         Recorded
Resource associated with Activity:
Activity.DisplayName:        POST api/auth/register/seller
[22:29:09 INF] Saved 2 entities to in-memory store.
Activity.Kind:               Server
[22:29:09 INF] Saved 2 entities to in-memory store.
Activity.StartTime:          2026-06-08T01:29:09.3823171Z
Activity.Duration:           00:00:00.2766588
Activity.Tags:
    telemetry.sdk.name: opentelemetry
    server.address: localhost
[22:29:09 INF] Saved 1 entities to in-memory store.
    telemetry.sdk.language: dotnet
    http.request.method: POST
    telemetry.sdk.version: 1.14.0
    service.name: unknown_service:testhost
    url.scheme: http
    url.path: /api/auth/register/seller
Activity.TraceId:            2dac844f1156448b388569addfdc3445
    network.protocol.version: 1.1
    http.route: api/auth/register/seller
Activity.SpanId:             fb8a6c139f7e047f
    http.response.status_code: 201
[22:29:09 INF] Executed action method Urbeat.WebApi.Controllers.AdminController.CreatePlan (Urbeat.WebApi), returned result Microsoft.AspNetCore.Mvc.ObjectResult in 0.5042ms.
Instrumentation scope (ActivitySource):
    Name: Microsoft.AspNetCore
[22:29:09 INF] Saved 1 entities to in-memory store.
Activity.TraceFlags:         Recorded
Activity.DisplayName:        POST api/auth/register/seller
Activity.Kind:               Server
Activity.StartTime:          2026-06-08T01:29:09.4500865Z
Activity.Duration:           00:00:00.2082188
Activity.Tags:
    server.address: localhost
    http.request.method: POST
    url.scheme: http
[22:29:09 INF] Saved 1 entities to in-memory store.
    url.path: /api/auth/register/seller
    network.protocol.version: 1.1
    http.route: api/auth/register/seller
    http.response.status_code: 201
Instrumentation scope (ActivitySource):
    Name: Microsoft.AspNetCore
Resource associated with Activity:
    telemetry.sdk.name: opentelemetry
    telemetry.sdk.language: dotnet
    telemetry.sdk.version: 1.14.0
    service.name: unknown_service:testhost
Activity.TraceId:            2dac844f1156448b388569addfdc3445
Activity.SpanId:             fb8a6c139f7e047f
Resource associated with Activity:
[22:29:09 INF] SellerRegistered | Registration succeeded | UserId=019ea4d9-10c6-75cf-b93a-d19bb0b80b1c | Email=checkout.seller.0d8b69790d2248b7af8b9e360406c645@urbeat.local | Role=Seller
    telemetry.sdk.name: opentelemetry
Activity.TraceFlags:         Recorded
    telemetry.sdk.language: dotnet
Activity.DisplayName:        POST api/auth/register/seller
    telemetry.sdk.version: 1.14.0
Activity.Kind:               Server
    service.name: unknown_service:testhost
Activity.StartTime:          2026-06-08T01:29:09.4500865Z
Activity.Duration:           00:00:00.2082188
[22:29:09 INF] SellerRegistered | Registration succeeded | UserId=019ea4d9-10c6-752f-876e-8eb4bdd91e33 | Email=payments.seller.f284559052e34cf298057e5318390574@urbeat.local | Role=Seller
Activity.Tags:
    server.address: localhost
    http.request.method: POST
Activity.TraceId:            342c7dae6a96405420dce9a306012957
    url.scheme: http
Activity.SpanId:             a3f62e2e4158f09d
    url.path: /api/auth/register/seller
[22:29:09 INF] Executing ObjectResult, writing value of type 'Urbeat.Application.DTOs.PlanResponseDto'.
Activity.TraceFlags:         Recorded
    network.protocol.version: 1.1
Activity.DisplayName:        POST api/auth/register/seller
    http.route: api/auth/register/seller
Activity.Kind:               Server
    http.response.status_code: 201
Instrumentation scope (ActivitySource):
    Name: Microsoft.AspNetCore
Resource associated with Activity:
Activity.StartTime:          2026-06-08T01:29:09.3823171Z
    telemetry.sdk.name: opentelemetry
Activity.Duration:           00:00:00.2766588
    telemetry.sdk.language: dotnet
Activity.Tags:
    telemetry.sdk.version: 1.14.0
    service.name: unknown_service:testhost
    server.address: localhost
    http.request.method: POST
Activity.TraceId:            2dac844f1156448b388569addfdc3445
    url.scheme: http
Activity.SpanId:             fb8a6c139f7e047f
    url.path: /api/auth/register/seller
    network.protocol.version: 1.1
    http.route: api/auth/register/seller
    http.response.status_code: 201
Activity.TraceFlags:         Recorded
Instrumentation scope (ActivitySource):
Activity.DisplayName:        POST api/auth/register/seller
    Name: Microsoft.AspNetCore
Activity.Kind:               Server
Resource associated with Activity:
    telemetry.sdk.name: opentelemetry
Activity.StartTime:          2026-06-08T01:29:09.4500865Z
    telemetry.sdk.language: dotnet
Activity.Duration:           00:00:00.2082188
    telemetry.sdk.version: 1.14.0
Activity.Tags:
    service.name: unknown_service:testhost
    server.address: localhost
    http.request.method: POST
    url.scheme: http
    url.path: /api/auth/register/seller
Activity.TraceId:            342c7dae6a96405420dce9a306012957
    network.protocol.version: 1.1
    http.route: api/auth/register/seller
    http.response.status_code: 201
Instrumentation scope (ActivitySource):
    Name: Microsoft.AspNetCore
Resource associated with Activity:
    telemetry.sdk.name: opentelemetry
    telemetry.sdk.language: dotnet
    telemetry.sdk.version: 1.14.0
    service.name: unknown_service:testhost
[22:29:09 INF] Executed action Urbeat.WebApi.Controllers.AdminController.CreatePlan (Urbeat.WebApi) in 1.53ms
Activity.SpanId:             a3f62e2e4158f09d
Activity.TraceFlags:         Recorded
[22:29:09 INF] Executed endpoint 'Urbeat.WebApi.Controllers.AdminController.CreatePlan (Urbeat.WebApi)'
Activity.DisplayName:        POST api/auth/register/seller
[22:29:09 INF] EMAIL_CONFIRM_JOB_STARTED | Sending confirmation email | UserId=019ea4d9-1080-7715-a8f9-a77c22ef70ea
Activity.Kind:               Server
[22:29:09 INF] Request starting HTTP/1.1 POST http://localhost/api/auth/login/seller - application/json; charset=utf-8 null
[22:29:09 INF] Executed action method Urbeat.WebApi.Controllers.AuthController.RegisterSeller (Urbeat.WebApi), returned result Microsoft.AspNetCore.Mvc.ObjectResult in 85.5852ms.
[22:29:09 INF] Executed action method Urbeat.WebApi.Controllers.AuthController.RegisterSeller (Urbeat.WebApi), returned result Microsoft.AspNetCore.Mvc.ObjectResult in 86.2443ms.
[22:29:09 WRN] Failed to process the job 'cc97fd26-be4d-4cdc-821e-2a89f029a9f4': an exception occurred. Retry attempt 1 of 10 will be performed in 00:00:15.
System.ObjectDisposedException: Cannot access a disposed object.
Object name: 'IServiceProvider'.
   at Microsoft.Extensions.DependencyInjection.ServiceLookup.ThrowHelper.ThrowObjectDisposedException()
   at Microsoft.Extensions.DependencyInjection.ServiceProvider.CreateScope()
   at Hangfire.AspNetCore.AspNetCoreJobActivator.BeginScope(JobActivatorContext context) in C:\projects\hangfire-525\src\Hangfire.NetCore\AspNetCore\AspNetCoreJobActivator.cs:line 34
   at Hangfire.JobActivator.BeginScope(PerformContext context) in C:\projects\hangfire-525\src\Hangfire.Core\JobActivator.cs:line 66
   at Hangfire.Server.CoreBackgroundJobPerformer.Perform(PerformContext context) in C:\projects\hangfire-525\src\Hangfire.Core\Server\CoreBackgroundJobPerformer.cs:line 49
   at Hangfire.Server.BackgroundJobPerformer.InvokeNextServerFilter(Enumerator& enumerator, IBackgroundJobPerformer innerPerformer, PerformContext context, PerformingContext preContext) in C:\projects\hangfire-525\src\Hangfire.Core\Server\BackgroundJobPerformer.cs:line 133
   at Hangfire.Server.BackgroundJobPerformer.InvokeServerFilter(Enumerator& enumerator, IBackgroundJobPerformer innerPerformer, PerformContext context, PerformingContext preContext) in C:\projects\hangfire-525\src\Hangfire.Core\Server\BackgroundJobPerformer.cs:line 174
   at Hangfire.Server.BackgroundJobPerformer.InvokeNextServerFilter(Enumerator& enumerator, IBackgroundJobPerformer innerPerformer, PerformContext context, PerformingContext preContext) in C:\projects\hangfire-525\src\Hangfire.Core\Server\BackgroundJobPerformer.cs:line 130
   at Hangfire.Server.BackgroundJobPerformer.PerformJobWithFilters(PerformContext context, FilterCollection`1 filters) in C:\projects\hangfire-525\src\Hangfire.Core\Server\BackgroundJobPerformer.cs:line 119
   at Hangfire.Server.BackgroundJobPerformer.Perform(PerformContext context) in C:\projects\hangfire-525\src\Hangfire.Core\Server\BackgroundJobPerformer.cs:line 78
   at Hangfire.Server.Worker.PerformJob(BackgroundProcessContext context, IStorageConnection connection, String jobId, BackgroundJob backgroundJob, IReadOnlyDictionary`2& customData) in C:\projects\hangfire-525\src\Hangfire.Core\Server\Worker.cs:line 320
Activity.StartTime:          2026-06-08T01:29:09.3823171Z
[22:29:09 WRN] Failed to process the job 'b5035ad4-38bc-4481-bd92-46f0e21c000d': an exception occurred. Retry attempt 1 of 10 will be performed in 00:00:40.
System.ObjectDisposedException: Cannot access a disposed object.
Object name: 'IServiceProvider'.
   at Microsoft.Extensions.DependencyInjection.ServiceLookup.ThrowHelper.ThrowObjectDisposedException()
   at Microsoft.Extensions.DependencyInjection.ServiceProvider.CreateScope()
   at Hangfire.AspNetCore.AspNetCoreJobActivator.BeginScope(JobActivatorContext context) in C:\projects\hangfire-525\src\Hangfire.NetCore\AspNetCore\AspNetCoreJobActivator.cs:line 34
   at Hangfire.JobActivator.BeginScope(PerformContext context) in C:\projects\hangfire-525\src\Hangfire.Core\JobActivator.cs:line 66
   at Hangfire.Server.CoreBackgroundJobPerformer.Perform(PerformContext context) in C:\projects\hangfire-525\src\Hangfire.Core\Server\CoreBackgroundJobPerformer.cs:line 49
   at Hangfire.Server.BackgroundJobPerformer.InvokeNextServerFilter(Enumerator& enumerator, IBackgroundJobPerformer innerPerformer, PerformContext context, PerformingContext preContext) in C:\projects\hangfire-525\src\Hangfire.Core\Server\BackgroundJobPerformer.cs:line 133
   at Hangfire.Server.BackgroundJobPerformer.InvokeServerFilter(Enumerator& enumerator, IBackgroundJobPerformer innerPerformer, PerformContext context, PerformingContext preContext) in C:\projects\hangfire-525\src\Hangfire.Core\Server\BackgroundJobPerformer.cs:line 174
   at Hangfire.Server.BackgroundJobPerformer.InvokeNextServerFilter(Enumerator& enumerator, IBackgroundJobPerformer innerPerformer, PerformContext context, PerformingContext preContext) in C:\projects\hangfire-525\src\Hangfire.Core\Server\BackgroundJobPerformer.cs:line 130
   at Hangfire.Server.BackgroundJobPerformer.PerformJobWithFilters(PerformContext context, FilterCollection`1 filters) in C:\projects\hangfire-525\src\Hangfire.Core\Server\BackgroundJobPerformer.cs:line 119
   at Hangfire.Server.BackgroundJobPerformer.Perform(PerformContext context) in C:\projects\hangfire-525\src\Hangfire.Core\Server\BackgroundJobPerformer.cs:line 78
   at Hangfire.Server.Worker.PerformJob(BackgroundProcessContext context, IStorageConnection connection, String jobId, BackgroundJob backgroundJob, IReadOnlyDictionary`2& customData) in C:\projects\hangfire-525\src\Hangfire.Core\Server\Worker.cs:line 320
Activity.Duration:           00:00:00.2766588
[22:29:09 INF] HTTP POST /api/admin/plans responded 201 in 73.1803 ms
Activity.Tags:
[22:29:09 INF] Server fabio-mobile:44964:f48c2ade caught stopping signal...
    server.address: localhost
    http.request.method: POST
[22:29:09 INF] Saved 1 entities to in-memory store.
    url.scheme: http
    url.path: /api/auth/register/seller
    network.protocol.version: 1.1
    http.route: api/auth/register/seller
    http.response.status_code: 201
Instrumentation scope (ActivitySource):
    Name: Microsoft.AspNetCore
Resource associated with Activity:
    telemetry.sdk.name: opentelemetry
    telemetry.sdk.language: dotnet
    telemetry.sdk.version: 1.14.0
    service.name: unknown_service:testhost
Activity.TraceId:            342c7dae6a96405420dce9a306012957
Activity.SpanId:             a3f62e2e4158f09d
Activity.TraceFlags:         Recorded
Activity.DisplayName:        POST api/auth/register/seller
Activity.Kind:               Server
Activity.StartTime:          2026-06-08T01:29:09.3823171Z
Activity.Duration:           00:00:00.2766588
[22:29:09 INF] Route matched with {action = "LoginSeller", controller = "Auth"}. Executing controller action with signature System.Threading.Tasks.Task`1[Microsoft.AspNetCore.Mvc.IActionResult] LoginSeller(Urbeat.Application.DTOs.LoginRequestDto, System.Threading.CancellationToken) on controller Urbeat.WebApi.Controllers.AuthController (Urbeat.WebApi).
Activity.Tags:
    server.address: localhost
    http.request.method: POST
    url.scheme: http
    url.path: /api/auth/register/seller
    network.protocol.version: 1.1
    http.route: api/auth/register/seller
[22:29:09 INF] Executing action method Urbeat.WebApi.Controllers.AuthController.RegisterCustomer (Urbeat.WebApi) - Validation state: Valid
    http.response.status_code: 201
[22:29:09 INF] Request finished HTTP/1.1 POST http://localhost/api/admin/plans - 201 null application/json; charset=utf-8 74.6597ms
Instrumentation scope (ActivitySource):
    Name: Microsoft.AspNetCore
Resource associated with Activity:
    telemetry.sdk.name: opentelemetry
    telemetry.sdk.language: dotnet
    telemetry.sdk.version: 1.14.0
    service.name: unknown_service:testhost
Activity.TraceId:            342c7dae6a96405420dce9a306012957
Activity.SpanId:             a3f62e2e4158f09d
Activity.TraceFlags:         Recorded
Activity.DisplayName:        POST api/auth/register/seller
Activity.Kind:               Server
Activity.StartTime:          2026-06-08T01:29:09.3823171Z
Activity.Duration:           00:00:00.2766588
Activity.Tags:
    server.address: localhost
    http.request.method: POST
    url.scheme: http
    url.path: /api/auth/register/seller
    network.protocol.version: 1.1
    http.route: api/auth/register/seller
    http.response.status_code: 201
Instrumentation scope (ActivitySource):
    Name: Microsoft.AspNetCore
Resource associated with Activity:
    telemetry.sdk.name: opentelemetry
    telemetry.sdk.language: dotnet
    telemetry.sdk.version: 1.14.0
    service.name: unknown_service:testhost
[22:29:09 INF] Executing endpoint 'Urbeat.WebApi.Controllers.AuthController.LoginSeller (Urbeat.WebApi)'
Activity.TraceId:            342c7dae6a96405420dce9a306012957
Activity.SpanId:             a3f62e2e4158f09d
Activity.TraceFlags:         Recorded
Activity.DisplayName:        POST api/auth/register/seller
Activity.Kind:               Server
Activity.StartTime:          2026-06-08T01:29:09.3823171Z
Activity.Duration:           00:00:00.2766588
Activity.Tags:
    server.address: localhost
    http.request.method: POST
    url.scheme: http
    url.path: /api/auth/register/seller
    network.protocol.version: 1.1
    http.route: api/auth/register/seller
    http.response.status_code: 201
Instrumentation scope (ActivitySource):
    Name: Microsoft.AspNetCore
Resource associated with Activity:
    telemetry.sdk.name: opentelemetry
    telemetry.sdk.language: dotnet
    telemetry.sdk.version: 1.14.0
    service.name: unknown_service:testhost
Activity.TraceId:            342c7dae6a96405420dce9a306012957
Activity.SpanId:             a3f62e2e4158f09d
Activity.TraceFlags:         Recorded
Activity.DisplayName:        POST api/auth/register/seller
Activity.Kind:               Server
Activity.StartTime:          2026-06-08T01:29:09.3823171Z
Activity.Duration:           00:00:00.2766588
Activity.TraceId:            266a2b53a2812bf3763bacd7d1ed3d98
Activity.Tags:
Activity.SpanId:             0ac4a4978cb0fe67
Activity.TraceFlags:         Recorded
    server.address: localhost
Activity.DisplayName:        POST api/admin/plans
    http.request.method: POST
Activity.Kind:               Server
    url.scheme: http
[22:29:09 INF] Route matched with {action = "LoginSeller", controller = "Auth"}. Executing controller action with signature System.Threading.Tasks.Task`1[Microsoft.AspNetCore.Mvc.IActionResult] LoginSeller(Urbeat.Application.DTOs.LoginRequestDto, System.Threading.CancellationToken) on controller Urbeat.WebApi.Controllers.AuthController (Urbeat.WebApi).
    url.path: /api/auth/register/seller
Activity.StartTime:          2026-06-08T01:29:09.6196168Z
    network.protocol.version: 1.1
Activity.Duration:           00:00:00.0747304
    http.route: api/auth/register/seller
Activity.Tags:
    http.response.status_code: 201
    server.address: localhost
Instrumentation scope (ActivitySource):
    http.request.method: POST
[22:29:09 INF] Executing ObjectResult, writing value of type '<>f__AnonymousType2`3[[System.Nullable`1[[System.Guid, System.Private.CoreLib, Version=9.0.0.0, Culture=neutral, PublicKeyToken=7cec85d7bea7798e]], System.Private.CoreLib, Version=9.0.0.0, Culture=neutral, PublicKeyToken=7cec85d7bea7798e],[System.Boolean, System.Private.CoreLib, Version=9.0.0.0, Culture=neutral, PublicKeyToken=7cec85d7bea7798e],[System.String, System.Private.CoreLib, Version=9.0.0.0, Culture=neutral, PublicKeyToken=7cec85d7bea7798e]]'.
    Name: Microsoft.AspNetCore
    url.scheme: http
Resource associated with Activity:
    url.path: /api/admin/plans
[22:29:09 INF] Executing ObjectResult, writing value of type '<>f__AnonymousType2`3[[System.Nullable`1[[System.Guid, System.Private.CoreLib, Version=9.0.0.0, Culture=neutral, PublicKeyToken=7cec85d7bea7798e]], System.Private.CoreLib, Version=9.0.0.0, Culture=neutral, PublicKeyToken=7cec85d7bea7798e],[System.Boolean, System.Private.CoreLib, Version=9.0.0.0, Culture=neutral, PublicKeyToken=7cec85d7bea7798e],[System.String, System.Private.CoreLib, Version=9.0.0.0, Culture=neutral, PublicKeyToken=7cec85d7bea7798e]]'.
    network.protocol.version: 1.1
    http.route: api/admin/plans
    telemetry.sdk.name: opentelemetry
    http.response.status_code: 201
    telemetry.sdk.language: dotnet
    telemetry.sdk.version: 1.14.0
    service.name: unknown_service:testhost
Instrumentation scope (ActivitySource):
    Name: Microsoft.AspNetCore
Resource associated with Activity:
[22:29:09 INF] Saved 1 entities to in-memory store.
    telemetry.sdk.name: opentelemetry
Activity.TraceId:            342c7dae6a96405420dce9a306012957
    telemetry.sdk.language: dotnet
Activity.SpanId:             a3f62e2e4158f09d
Activity.TraceFlags:         Recorded
Activity.DisplayName:        POST api/auth/register/seller
    telemetry.sdk.version: 1.14.0
Activity.Kind:               Server
    service.name: unknown_service:testhost
Activity.StartTime:          2026-06-08T01:29:09.3823171Z
Activity.Duration:           00:00:00.2766588
Activity.Tags:
    server.address: localhost
    http.request.method: POST
    url.scheme: http
Activity.TraceId:            266a2b53a2812bf3763bacd7d1ed3d98
    url.path: /api/auth/register/seller
Activity.SpanId:             0ac4a4978cb0fe67
    network.protocol.version: 1.1
Activity.TraceFlags:         Recorded
    http.route: api/auth/register/seller
Activity.DisplayName:        POST api/admin/plans
    http.response.status_code: 201
Activity.Kind:               Server
Instrumentation scope (ActivitySource):
    Name: Microsoft.AspNetCore
Resource associated with Activity:
Activity.StartTime:          2026-06-08T01:29:09.6196168Z
[22:29:09 INF] Executed action Urbeat.WebApi.Controllers.AuthController.RegisterSeller (Urbeat.WebApi) in 169.5079ms
    telemetry.sdk.name: opentelemetry
Activity.Duration:           00:00:00.0747304
    telemetry.sdk.language: dotnet
Activity.Tags:
[22:29:09 INF] Executed action Urbeat.WebApi.Controllers.AuthController.RegisterSeller (Urbeat.WebApi) in 120.7291ms
    telemetry.sdk.version: 1.14.0
    server.address: localhost
    service.name: unknown_service:testhost
    http.request.method: POST
    url.scheme: http
    url.path: /api/admin/plans
Activity.TraceId:            342c7dae6a96405420dce9a306012957
    network.protocol.version: 1.1
[22:29:09 INF] Executed endpoint 'Urbeat.WebApi.Controllers.AuthController.RegisterSeller (Urbeat.WebApi)'
Activity.SpanId:             a3f62e2e4158f09d
    http.route: api/admin/plans
Activity.TraceFlags:         Recorded
    http.response.status_code: 201
Activity.DisplayName:        POST api/auth/register/seller
Instrumentation scope (ActivitySource):
Activity.Kind:               Server
    Name: Microsoft.AspNetCore
[22:29:09 INF] Executed endpoint 'Urbeat.WebApi.Controllers.AuthController.RegisterSeller (Urbeat.WebApi)'
Activity.StartTime:          2026-06-08T01:29:09.3823171Z
Resource associated with Activity:
Activity.Duration:           00:00:00.2766588
    telemetry.sdk.name: opentelemetry
Activity.Tags:
    telemetry.sdk.language: dotnet
    server.address: localhost
    telemetry.sdk.version: 1.14.0
    http.request.method: POST
    service.name: unknown_service:testhost
[22:29:09 INF] USER_LOGGED_IN | Login succeeded | UserId=6737d195-8da9-4c0d-a8cc-0720c96a020d | Email=admin@urbeat.local | Role=Admin | IP=null
    url.scheme: http
Activity.TraceId:            266a2b53a2812bf3763bacd7d1ed3d98
    url.path: /api/auth/register/seller
    network.protocol.version: 1.1
Activity.SpanId:             0ac4a4978cb0fe67
    http.route: api/auth/register/seller
Activity.TraceFlags:         Recorded
    http.response.status_code: 201
Activity.DisplayName:        POST api/admin/plans
Instrumentation scope (ActivitySource):
    Name: Microsoft.AspNetCore
Resource associated with Activity:
Activity.Kind:               Server
    telemetry.sdk.name: opentelemetry
    telemetry.sdk.language: dotnet
    telemetry.sdk.version: 1.14.0
Activity.StartTime:          2026-06-08T01:29:09.6196168Z
    service.name: unknown_service:testhost
Activity.Duration:           00:00:00.0747304
Activity.TraceId:            342c7dae6a96405420dce9a306012957
Activity.Tags:
Activity.SpanId:             a3f62e2e4158f09d
    server.address: localhost
Activity.TraceFlags:         Recorded
    http.request.method: POST
Activity.DisplayName:        POST api/auth/register/seller
    url.scheme: http
[22:29:09 INF] EMAIL_ALREADY_CONFIRMED | Already confirmed | UserId=019ea4d9-1080-7715-a8f9-a77c22ef70ea
    url.path: /api/admin/plans
Activity.Kind:               Server
    network.protocol.version: 1.1
Activity.StartTime:          2026-06-08T01:29:09.3823171Z
    http.route: api/admin/plans
Activity.Duration:           00:00:00.2766588
[22:29:09 INF] EMAIL_CONFIRM_JOB_COMPLETED | Job completed | UserId=019ea4d9-1080-7715-a8f9-a77c22ef70ea
Activity.Tags:
    http.response.status_code: 201
    server.address: localhost
Instrumentation scope (ActivitySource):
    http.request.method: POST
    Name: Microsoft.AspNetCore
    url.scheme: http
Resource associated with Activity:
    url.path: /api/auth/register/seller
    telemetry.sdk.name: opentelemetry
    telemetry.sdk.language: dotnet
    telemetry.sdk.version: 1.14.0
    service.name: unknown_service:testhost
    network.protocol.version: 1.1
    http.route: api/auth/register/seller
Activity.TraceId:            266a2b53a2812bf3763bacd7d1ed3d98
    http.response.status_code: 201
Activity.SpanId:             0ac4a4978cb0fe67
Instrumentation scope (ActivitySource):
    Name: Microsoft.AspNetCore
Resource associated with Activity:
Activity.TraceFlags:         Recorded
    telemetry.sdk.name: opentelemetry
Activity.DisplayName:        POST api/admin/plans
    telemetry.sdk.language: dotnet
Activity.Kind:               Server
    telemetry.sdk.version: 1.14.0
    service.name: unknown_service:testhost
Activity.StartTime:          2026-06-08T01:29:09.6196168Z
Activity.Duration:           00:00:00.0747304
Activity.TraceId:            342c7dae6a96405420dce9a306012957
Activity.Tags:
Activity.SpanId:             a3f62e2e4158f09d
    server.address: localhost
    http.request.method: POST
Activity.TraceFlags:         Recorded
    url.scheme: http
    url.path: /api/admin/plans
Activity.DisplayName:        POST api/auth/register/seller
    network.protocol.version: 1.1
Activity.Kind:               Server
    http.route: api/admin/plans
Activity.StartTime:          2026-06-08T01:29:09.3823171Z
    http.response.status_code: 201
Activity.Duration:           00:00:00.2766588
Instrumentation scope (ActivitySource):
[22:29:09 INF] Server fabio-mobile:44964:f48c2ade All dispatchers stopped
Activity.Tags:
    server.address: localhost
    Name: Microsoft.AspNetCore
Resource associated with Activity:
    http.request.method: POST
    telemetry.sdk.name: opentelemetry
[22:29:09 INF] Executing action method Urbeat.WebApi.Controllers.AuthController.LoginSeller (Urbeat.WebApi) - Validation state: Valid
    url.scheme: http
    telemetry.sdk.language: dotnet
    url.path: /api/auth/register/seller
    telemetry.sdk.version: 1.14.0
    network.protocol.version: 1.1
    service.name: unknown_service:testhost
    http.route: api/auth/register/seller
Activity.TraceId:            266a2b53a2812bf3763bacd7d1ed3d98
    http.response.status_code: 201
Activity.SpanId:             0ac4a4978cb0fe67
Instrumentation scope (ActivitySource):
    Name: Microsoft.AspNetCore
Activity.TraceFlags:         Recorded
Resource associated with Activity:
Activity.DisplayName:        POST api/admin/plans
    telemetry.sdk.name: opentelemetry
Activity.Kind:               Server
    telemetry.sdk.language: dotnet
    telemetry.sdk.version: 1.14.0
Activity.StartTime:          2026-06-08T01:29:09.6196168Z
    service.name: unknown_service:testhost
Activity.Duration:           00:00:00.0747304
Activity.Tags:
    server.address: localhost
    http.request.method: POST
    url.scheme: http
    url.path: /api/admin/plans
    network.protocol.version: 1.1
    http.route: api/admin/plans
    http.response.status_code: 201
Instrumentation scope (ActivitySource):
    Name: Microsoft.AspNetCore
Resource associated with Activity:
[22:29:09 INF] Saved 1 entities to in-memory store.
    telemetry.sdk.name: opentelemetry
    telemetry.sdk.language: dotnet
    telemetry.sdk.version: 1.14.0
    service.name: unknown_service:testhost
Activity.TraceId:            266a2b53a2812bf3763bacd7d1ed3d98
Activity.SpanId:             0ac4a4978cb0fe67
Activity.TraceFlags:         Recorded
Activity.DisplayName:        POST api/admin/plans
Activity.Kind:               Server
Activity.StartTime:          2026-06-08T01:29:09.6196168Z
Activity.Duration:           00:00:00.0747304
Activity.Tags:
    server.address: localhost
    http.request.method: POST
    url.scheme: http
    url.path: /api/admin/plans
    network.protocol.version: 1.1
    http.route: api/admin/plans
    http.response.status_code: 201
Instrumentation scope (ActivitySource):
    Name: Microsoft.AspNetCore
Resource associated with Activity:
    telemetry.sdk.name: opentelemetry
    telemetry.sdk.language: dotnet
    telemetry.sdk.version: 1.14.0
    service.name: unknown_service:testhost
Activity.TraceId:            266a2b53a2812bf3763bacd7d1ed3d98
Activity.SpanId:             0ac4a4978cb0fe67
Activity.TraceFlags:         Recorded
Activity.DisplayName:        POST api/admin/plans
Activity.Kind:               Server
Activity.StartTime:          2026-06-08T01:29:09.6196168Z
Activity.Duration:           00:00:00.0747304
Activity.Tags:
    server.address: localhost
    http.request.method: POST
[22:29:09 INF] Executed action method Urbeat.WebApi.Controllers.AuthController.LoginAdmin (Urbeat.WebApi), returned result Microsoft.AspNetCore.Mvc.OkObjectResult in 77.4304ms.
    url.scheme: http
    url.path: /api/admin/plans
    network.protocol.version: 1.1
    http.route: api/admin/plans
    http.response.status_code: 201
Instrumentation scope (ActivitySource):
    Name: Microsoft.AspNetCore
Resource associated with Activity:
    telemetry.sdk.name: opentelemetry
    telemetry.sdk.language: dotnet
    telemetry.sdk.version: 1.14.0
    service.name: unknown_service:testhost
Activity.TraceId:            266a2b53a2812bf3763bacd7d1ed3d98
Activity.SpanId:             0ac4a4978cb0fe67
Activity.TraceFlags:         Recorded
Activity.DisplayName:        POST api/admin/plans
Activity.Kind:               Server
Activity.StartTime:          2026-06-08T01:29:09.6196168Z
Activity.Duration:           00:00:00.0747304
Activity.Tags:
    server.address: localhost
    http.request.method: POST
    url.scheme: http
    url.path: /api/admin/plans
    network.protocol.version: 1.1
    http.route: api/admin/plans
    http.response.status_code: 201
Instrumentation scope (ActivitySource):
[22:29:09 INF] Request starting HTTP/1.1 POST http://localhost/api/auth/register/seller - application/json; charset=utf-8 null
    Name: Microsoft.AspNetCore
Resource associated with Activity:
[22:29:09 INF] Executing OkObjectResult, writing value of type 'Urbeat.Application.DTOs.AuthTokenResponseDto'.
    telemetry.sdk.name: opentelemetry
[22:29:09 INF] HTTP POST /api/auth/register/seller responded 201 in 170.4188 ms
    telemetry.sdk.language: dotnet
    telemetry.sdk.version: 1.14.0
    service.name: unknown_service:testhost
Activity.TraceId:            266a2b53a2812bf3763bacd7d1ed3d98
Activity.SpanId:             0ac4a4978cb0fe67
Activity.TraceFlags:         Recorded
Activity.DisplayName:        POST api/admin/plans
Activity.Kind:               Server
Activity.StartTime:          2026-06-08T01:29:09.6196168Z
Activity.Duration:           00:00:00.0747304
Activity.Tags:
    server.address: localhost
    http.request.method: POST
    url.scheme: http
    url.path: /api/admin/plans
    network.protocol.version: 1.1
    http.route: api/admin/plans
    http.response.status_code: 201
Instrumentation scope (ActivitySource):
    Name: Microsoft.AspNetCore
Resource associated with Activity:
    telemetry.sdk.name: opentelemetry
[22:29:09 INF] Server fabio-mobile:44964:f48c2ade successfully reported itself as stopped in 0,1347 ms
    telemetry.sdk.language: dotnet
    telemetry.sdk.version: 1.14.0
    service.name: unknown_service:testhost
[22:29:09 INF] Server fabio-mobile:44964:f48c2ade has been stopped in total 1,3256 ms
Activity.TraceId:            266a2b53a2812bf3763bacd7d1ed3d98
Activity.SpanId:             0ac4a4978cb0fe67
Activity.TraceFlags:         Recorded
Activity.DisplayName:        POST api/admin/plans
Activity.Kind:               Server
Activity.StartTime:          2026-06-08T01:29:09.6196168Z
Activity.Duration:           00:00:00.0747304
[22:29:09 INF] Executed action Urbeat.WebApi.Controllers.AuthController.LoginAdmin (Urbeat.WebApi) in 78.3496ms
Activity.Tags:
    server.address: localhost
    http.request.method: POST
    url.scheme: http
[22:29:09 INF] Request finished HTTP/1.1 POST http://localhost/api/auth/register/seller - 201 null application/json; charset=utf-8 171.0547ms
    url.path: /api/admin/plans
    network.protocol.version: 1.1
    http.route: api/admin/plans
    http.response.status_code: 201
Instrumentation scope (ActivitySource):
[22:29:09 INF] Executed endpoint 'Urbeat.WebApi.Controllers.AuthController.LoginAdmin (Urbeat.WebApi)'
    Name: Microsoft.AspNetCore
Resource associated with Activity:
    telemetry.sdk.name: opentelemetry
    telemetry.sdk.language: dotnet
[22:29:09 INF] Executing endpoint 'Urbeat.WebApi.Controllers.AuthController.RegisterSeller (Urbeat.WebApi)'
    telemetry.sdk.version: 1.14.0
    service.name: unknown_service:testhost
Activity.TraceId:            266a2b53a2812bf3763bacd7d1ed3d98
Activity.SpanId:             0ac4a4978cb0fe67
Activity.TraceFlags:         Recorded
Activity.DisplayName:        POST api/admin/plans
Activity.Kind:               Server
Activity.StartTime:          2026-06-08T01:29:09.6196168Z
Activity.Duration:           00:00:00.0747304
Activity.Tags:
    server.address: localhost
    http.request.method: POST
    url.scheme: http
    url.path: /api/admin/plans
    network.protocol.version: 1.1
    http.route: api/admin/plans
    http.response.status_code: 201
Instrumentation scope (ActivitySource):
    Name: Microsoft.AspNetCore
Resource associated with Activity:
[22:29:09 INF] HTTP POST /api/auth/login/admin responded 200 in 119.7206 ms
    telemetry.sdk.name: opentelemetry
[22:29:09 INF] HTTP POST /api/auth/register/seller responded 201 in 170.3964 ms
    telemetry.sdk.language: dotnet
    telemetry.sdk.version: 1.14.0
Activity.TraceId:            9421eea79985ef2666541a6b38d43a28
    service.name: unknown_service:testhost
[22:29:09 INF] Route matched with {action = "RegisterSeller", controller = "Auth"}. Executing controller action with signature System.Threading.Tasks.Task`1[Microsoft.AspNetCore.Mvc.IActionResult] RegisterSeller(Urbeat.Application.DTOs.RegisterUserRequestDto, System.Threading.CancellationToken) on controller Urbeat.WebApi.Controllers.AuthController (Urbeat.WebApi).
Activity.SpanId:             f5bd665a6c4e29ff
Activity.TraceFlags:         Recorded
[22:29:09 INF] Executing action method Urbeat.WebApi.Controllers.AuthController.LoginSeller (Urbeat.WebApi) - Validation state: Valid
Resource associated with Metrics:
Activity.DisplayName:        POST api/auth/register/seller
	telemetry.sdk.name: opentelemetry
Activity.Kind:               Server
Activity.StartTime:          2026-06-08T01:29:09.5244732Z
	telemetry.sdk.language: dotnet
[22:29:09 INF] Saved 1 entities to in-memory store.
Activity.Duration:           00:00:00.1711235
	telemetry.sdk.version: 1.14.0
	service.name: unknown_service:testhost
Activity.Tags:
[22:29:09 INF] Server fabio-mobile:44964:0edc7e94 caught stopping signal...
    server.address: localhost
    http.request.method: POST
    url.scheme: http
    url.path: /api/auth/register/seller
Metric Name: http.server.active_requests, Description: Number of active HTTP server requests., Unit: {request}, Metric Type: LongSumNonMonotonic
    network.protocol.version: 1.1
Instrumentation scope (Meter):
    http.route: api/auth/register/seller
	Name: Microsoft.AspNetCore.Hosting
    http.response.status_code: 201
Instrumentation scope (ActivitySource):
    Name: Microsoft.AspNetCore
Resource associated with Activity:
    telemetry.sdk.name: opentelemetry
(2026-06-08T01:29:04.1528517Z, 2026-06-08T01:29:09.6962186Z] http.request.method: GET url.scheme: http
Value: 0
    telemetry.sdk.language: dotnet
    telemetry.sdk.version: 1.14.0
(2026-06-08T01:29:04.1528517Z, 2026-06-08T01:29:09.6962186Z] http.request.method: POST url.scheme: http
Value: 4
    service.name: unknown_service:testhost
(2026-06-08T01:29:04.1528517Z, 2026-06-08T01:29:09.6962186Z] http.request.method: PUT url.scheme: http
Value: 0
[22:29:09 INF] Request finished HTTP/1.1 POST http://localhost/api/auth/register/seller - 201 null application/json; charset=utf-8 203.6317ms
Activity.TraceId:            9421eea79985ef2666541a6b38d43a28
[22:29:09 INF] Request finished HTTP/1.1 POST http://localhost/api/auth/login/admin - 200 null application/json; charset=utf-8 153.22ms
Activity.SpanId:             f5bd665a6c4e29ff
(2026-06-08T01:29:04.1528517Z, 2026-06-08T01:29:09.6962186Z] http.request.method: PATCH url.scheme: http
Value: 0
Activity.TraceFlags:         Recorded
(2026-06-08T01:29:04.1528517Z, 2026-06-08T01:29:09.6962186Z] http.request.method: DELETE url.scheme: http
Value: 0
Activity.DisplayName:        POST api/auth/register/seller
Metric Name: http.server.request.duration, Description: Duration of HTTP server requests., Unit: s, Metric Type: Histogram
Activity.Kind:               Server
Instrumentation scope (Meter):
	Name: Microsoft.AspNetCore.Hosting
Activity.StartTime:          2026-06-08T01:29:09.5244732Z
Activity.Duration:           00:00:00.1711235
Activity.Tags:
    server.address: localhost
    http.request.method: POST
    url.scheme: http
    url.path: /api/auth/register/seller
    network.protocol.version: 1.1
    http.route: api/auth/register/seller
    http.response.status_code: 201
(2026-06-08T01:29:04.1528682Z, 2026-06-08T01:29:09.6962473Z] http.request.method: GET http.response.status_code: 401 http.route: api/stores/{storeId}/categories network.protocol.version: 1.1 url.scheme: http
Value: Sum: 0.1887134 Count: 1 Min: 0.1887134 Max: 0.1887134 
(-Infinity,0,005]:0
(0,005,0,01]:0
(0,01,0,025]:0
(0,025,0,05]:0
(0,05,0,075]:0
(0,075,0,1]:0
(0,1,0,25]:1
(0,25,0,5]:0
(0,5,0,75]:0
(0,75,1]:0
(1,2,5]:0
(2,5,5]:0
(5,7,5]:0
(7,5,10]:0
(10,+Infinity]:0
Instrumentation scope (ActivitySource):
    Name: Microsoft.AspNetCore
Resource associated with Activity:
    telemetry.sdk.name: opentelemetry
    telemetry.sdk.language: dotnet
    telemetry.sdk.version: 1.14.0
    service.name: unknown_service:testhost
(2026-06-08T01:29:04.1528682Z, 2026-06-08T01:29:09.6962473Z] http.request.method: GET http.response.status_code: 403 http.route: api/customer/home network.protocol.version: 1.1 url.scheme: http
Value: Sum: 0.1794913 Count: 1 Min: 0.1794913 Max: 0.1794913 
(-Infinity,0,005]:0
(0,005,0,01]:0
(0,01,0,025]:0
(0,025,0,05]:0
(0,05,0,075]:0
(0,075,0,1]:0
(0,1,0,25]:1
(0,25,0,5]:0
(0,5,0,75]:0
(0,75,1]:0
(1,2,5]:0
(2,5,5]:0
(5,7,5]:0
(7,5,10]:0
(10,+Infinity]:0
Activity.TraceId:            9421eea79985ef2666541a6b38d43a28
Activity.SpanId:             f5bd665a6c4e29ff
Activity.TraceFlags:         Recorded
Activity.DisplayName:        POST api/auth/register/seller
Activity.Kind:               Server
Activity.StartTime:          2026-06-08T01:29:09.5244732Z
(2026-06-08T01:29:04.1528682Z, 2026-06-08T01:29:09.6962473Z] http.request.method: GET http.response.status_code: 400 http.route: api/address-lookup/cep/{cep} network.protocol.version: 1.1 url.scheme: http
Value: Sum: 0.214077 Count: 1 Min: 0.214077 Max: 0.214077 
(-Infinity,0,005]:0
(0,005,0,01]:0
(0,01,0,025]:0
(0,025,0,05]:0
(0,05,0,075]:0
(0,075,0,1]:0
(0,1,0,25]:1
(0,25,0,5]:0
(0,5,0,75]:0
(0,75,1]:0
(1,2,5]:0
(2,5,5]:0
(5,7,5]:0
(7,5,10]:0
(10,+Infinity]:0
Activity.Duration:           00:00:00.1711235
Activity.Tags:
    server.address: localhost
    http.request.method: POST
    url.scheme: http
    url.path: /api/auth/register/seller
    network.protocol.version: 1.1
(2026-06-08T01:29:04.1528682Z, 2026-06-08T01:29:09.6962473Z] http.request.method: GET http.response.status_code: 403 http.route: api/admin/dashboard network.protocol.version: 1.1 url.scheme: http
Value: Sum: 0.0062894 Count: 1 Min: 0.0062894 Max: 0.0062894 
(-Infinity,0,005]:0
(0,005,0,01]:1
(0,01,0,025]:0
(0,025,0,05]:0
(0,05,0,075]:0
(0,075,0,1]:0
(0,1,0,25]:0
(0,25,0,5]:0
(0,5,0,75]:0
(0,75,1]:0
(1,2,5]:0
(2,5,5]:0
(5,7,5]:0
(7,5,10]:0
(10,+Infinity]:0
    http.route: api/auth/register/seller
    http.response.status_code: 201
Instrumentation scope (ActivitySource):
    Name: Microsoft.AspNetCore
Resource associated with Activity:
    telemetry.sdk.name: opentelemetry
    telemetry.sdk.language: dotnet
    telemetry.sdk.version: 1.14.0
(2026-06-08T01:29:04.1528682Z, 2026-06-08T01:29:09.6962473Z] http.request.method: GET http.response.status_code: 403 http.route: api/seller/panel network.protocol.version: 1.1 url.scheme: http
Value: Sum: 0.0081006 Count: 1 Min: 0.0081006 Max: 0.0081006 
(-Infinity,0,005]:0
(0,005,0,01]:1
(0,01,0,025]:0
(0,025,0,05]:0
(0,05,0,075]:0
(0,075,0,1]:0
(0,1,0,25]:0
(0,25,0,5]:0
(0,5,0,75]:0
(0,75,1]:0
(1,2,5]:0
(2,5,5]:0
(5,7,5]:0
(7,5,10]:0
(10,+Infinity]:0
    service.name: unknown_service:testhost
Activity.TraceId:            49290a466bf7081dd2f1142e0c7fa1ef
Activity.SpanId:             71c9aa618cb3b85e
Activity.TraceId:            9421eea79985ef2666541a6b38d43a28
(2026-06-08T01:29:04.1528682Z, 2026-06-08T01:29:09.6962473Z] http.request.method: GET http.response.status_code: 200 http.route: api/customer/home network.protocol.version: 1.1 url.scheme: http
Value: Sum: 0.0835938 Count: 1 Min: 0.0835938 Max: 0.0835938 
(-Infinity,0,005]:0
(0,005,0,01]:0
(0,01,0,025]:0
(0,025,0,05]:0
(0,05,0,075]:0
(0,075,0,1]:1
(0,1,0,25]:0
(0,25,0,5]:0
(0,5,0,75]:0
(0,75,1]:0
(1,2,5]:0
(2,5,5]:0
(5,7,5]:0
(7,5,10]:0
(10,+Infinity]:0
Activity.TraceFlags:         Recorded
Activity.SpanId:             f5bd665a6c4e29ff
Activity.DisplayName:        POST api/auth/register/seller
Activity.TraceFlags:         Recorded
Activity.Kind:               Server
Activity.DisplayName:        POST api/auth/register/seller
Activity.Kind:               Server
Activity.StartTime:          2026-06-08T01:29:09.5250184Z
(2026-06-08T01:29:04.1528682Z, 2026-06-08T01:29:09.6962473Z] http.request.method: GET http.response.status_code: 200 http.route: api/admin/dashboard network.protocol.version: 1.1 url.scheme: http
Value: Sum: 0.0702009 Count: 1 Min: 0.0702009 Max: 0.0702009 
(-Infinity,0,005]:0
(0,005,0,01]:0
(0,01,0,025]:0
(0,025,0,05]:0
(0,05,0,075]:1
(0,075,0,1]:0
(0,1,0,25]:0
(0,25,0,5]:0
(0,5,0,75]:0
(0,75,1]:0
(1,2,5]:0
(2,5,5]:0
(5,7,5]:0
(7,5,10]:0
(10,+Infinity]:0
Activity.Duration:           00:00:00.2037758
Activity.StartTime:          2026-06-08T01:29:09.5244732Z
Activity.Tags:
Activity.Duration:           00:00:00.1711235
    server.address: localhost
Activity.Tags:
(2026-06-08T01:29:04.1528682Z, 2026-06-08T01:29:09.6962473Z] http.request.method: GET http.response.status_code: 200 http.route: api/seller/panel network.protocol.version: 1.1 url.scheme: http
Value: Sum: 0.0039645 Count: 1 Min: 0.0039645 Max: 0.0039645 
(-Infinity,0,005]:1
(0,005,0,01]:0
(0,01,0,025]:0
(0,025,0,05]:0
(0,05,0,075]:0
(0,075,0,1]:0
(0,1,0,25]:0
(0,25,0,5]:0
(0,5,0,75]:0
(0,75,1]:0
(1,2,5]:0
(2,5,5]:0
(5,7,5]:0
(7,5,10]:0
(10,+Infinity]:0
    server.address: localhost
    http.request.method: POST
    http.request.method: POST
    url.scheme: http
    url.scheme: http
    url.path: /api/auth/register/seller
    url.path: /api/auth/register/seller
(2026-06-08T01:29:04.1528682Z, 2026-06-08T01:29:09.6962473Z] http.request.method: GET http.response.status_code: 401 http.route: api/seller/panel network.protocol.version: 1.1 url.scheme: http
Value: Sum: 0.0475293 Count: 1 Min: 0.0475293 Max: 0.0475293 
(-Infinity,0,005]:0
(0,005,0,01]:0
(0,01,0,025]:0
(0,025,0,05]:1
(0,05,0,075]:0
(0,075,0,1]:0
(0,1,0,25]:0
(0,25,0,5]:0
(0,5,0,75]:0
(0,75,1]:0
(1,2,5]:0
(2,5,5]:0
(5,7,5]:0
(7,5,10]:0
(10,+Infinity]:0
    network.protocol.version: 1.1
    network.protocol.version: 1.1
    http.route: api/auth/register/seller
    http.route: api/auth/register/seller
    http.response.status_code: 201
    http.response.status_code: 201
Instrumentation scope (ActivitySource):
Instrumentation scope (ActivitySource):
(2026-06-08T01:29:04.1528682Z, 2026-06-08T01:29:09.6962473Z] http.request.method: POST http.response.status_code: 200 http.route: api/auth/login/admin network.protocol.version: 1.1 url.scheme: http
Value: Sum: 0.9252049 Count: 4 Min: 0.0830577 Max: 0.4766453 
(-Infinity,0,005]:0
(0,005,0,01]:0
(0,01,0,025]:0
(0,025,0,05]:0
(0,05,0,075]:0
(0,075,0,1]:1
(0,1,0,25]:2
(0,25,0,5]:1
(0,5,0,75]:0
(0,75,1]:0
(1,2,5]:0
(2,5,5]:0
(5,7,5]:0
(7,5,10]:0
(10,+Infinity]:0
    Name: Microsoft.AspNetCore
    Name: Microsoft.AspNetCore
Resource associated with Activity:
Resource associated with Activity:
    telemetry.sdk.name: opentelemetry
    telemetry.sdk.name: opentelemetry
(2026-06-08T01:29:04.1528682Z, 2026-06-08T01:29:09.6962473Z] http.request.method: POST http.response.status_code: 201 http.route: api/auth/register/seller network.protocol.version: 1.1 url.scheme: http
Value: Sum: 6.612698800000002 Count: 22 Min: 0.0795934 Max: 0.6480225 
(-Infinity,0,005]:0
(0,005,0,01]:0
(0,01,0,025]:0
(0,025,0,05]:0
(0,05,0,075]:0
(0,075,0,1]:1
(0,1,0,25]:12
(0,25,0,5]:2
(0,5,0,75]:7
(0,75,1]:0
(1,2,5]:0
(2,5,5]:0
(5,7,5]:0
(7,5,10]:0
(10,+Infinity]:0
    telemetry.sdk.language: dotnet
    telemetry.sdk.version: 1.14.0
    service.name: unknown_service:testhost
(2026-06-08T01:29:04.1528682Z, 2026-06-08T01:29:09.6962473Z] http.request.method: POST http.response.status_code: 201 http.route: api/auth/register/customer network.protocol.version: 1.1 url.scheme: http
Value: Sum: 1.7357261999999998 Count: 6 Min: 0.1042389 Max: 0.6151793 
(-Infinity,0,005]:0
(0,005,0,01]:0
(0,01,0,025]:0
(0,025,0,05]:0
(0,05,0,075]:0
(0,075,0,1]:0
(0,1,0,25]:2
(0,25,0,5]:3
(0,5,0,75]:1
(0,75,1]:0
(1,2,5]:0
(2,5,5]:0
(5,7,5]:0
(7,5,10]:0
(10,+Infinity]:0
Activity.TraceId:            49290a466bf7081dd2f1142e0c7fa1ef
(2026-06-08T01:29:04.1528682Z, 2026-06-08T01:29:09.6962473Z] http.request.method: GET http.response.status_code: 401 http.route: api/admin/dashboard network.protocol.version: 1.1 url.scheme: http
Value: Sum: 0.0472334 Count: 1 Min: 0.0472334 Max: 0.0472334 
(-Infinity,0,005]:0
(0,005,0,01]:0
(0,01,0,025]:0
(0,025,0,05]:1
(0,05,0,075]:0
(0,075,0,1]:0
(0,1,0,25]:0
(0,25,0,5]:0
(0,5,0,75]:0
(0,75,1]:0
(1,2,5]:0
(2,5,5]:0
(5,7,5]:0
(7,5,10]:0
(10,+Infinity]:0
Activity.SpanId:             71c9aa618cb3b85e
Activity.TraceId:            a5e2ad328d48f5153607392b1f167153
Activity.TraceFlags:         Recorded
Activity.SpanId:             065af754d1b4c4a9
Activity.TraceFlags:         Recorded
Activity.DisplayName:        POST api/auth/login/admin
Activity.Kind:               Server
[22:29:09 INF] Executing action method Urbeat.WebApi.Controllers.AuthController.RegisterSeller (Urbeat.WebApi) - Validation state: Valid
Activity.StartTime:          2026-06-08T01:29:09.5754362Z
Activity.Duration:           00:00:00.1533589
Activity.Tags:
    server.address: localhost
    http.request.method: POST
    url.scheme: http
    url.path: /api/auth/login/admin
    network.protocol.version: 1.1
    http.route: api/auth/login/admin
    http.response.status_code: 200
Instrumentation scope (ActivitySource):
    Name: Microsoft.AspNetCore
Resource associated with Activity:
    telemetry.sdk.language: dotnet
    telemetry.sdk.name: opentelemetry
    telemetry.sdk.version: 1.14.0
    service.name: unknown_service:testhost
    telemetry.sdk.language: dotnet
(2026-06-08T01:29:04.1528682Z, 2026-06-08T01:29:09.6962473Z] http.request.method: GET http.response.status_code: 401 http.route: api/customer/home network.protocol.version: 1.1 url.scheme: http
Value: Sum: 0.0376968 Count: 1 Min: 0.0376968 Max: 0.0376968 
(-Infinity,0,005]:0
(0,005,0,01]:0
(0,01,0,025]:0
(0,025,0,05]:1
(0,05,0,075]:0
(0,075,0,1]:0
(0,1,0,25]:0
(0,25,0,5]:0
(0,5,0,75]:0
(0,75,1]:0
(1,2,5]:0
(2,5,5]:0
(5,7,5]:0
(7,5,10]:0
(10,+Infinity]:0
    telemetry.sdk.version: 1.14.0
Activity.TraceId:            9421eea79985ef2666541a6b38d43a28
    service.name: unknown_service:testhost
Activity.SpanId:             f5bd665a6c4e29ff
Activity.TraceFlags:         Recorded
Activity.DisplayName:        POST api/auth/register/seller
Activity.DisplayName:        POST api/auth/register/seller
Activity.Kind:               Server
(2026-06-08T01:29:04.1528682Z, 2026-06-08T01:29:09.6962473Z] http.request.method: POST http.response.status_code: 201 http.route: api/admin/plans network.protocol.version: 1.1 url.scheme: http
Value: Sum: 0.5383198 Count: 4 Min: 0.0746597 Max: 0.2358555 
(-Infinity,0,005]:0
(0,005,0,01]:0
(0,01,0,025]:0
(0,025,0,05]:0
(0,05,0,075]:1
(0,075,0,1]:1
(0,1,0,25]:2
(0,25,0,5]:0
(0,5,0,75]:0
(0,75,1]:0
(1,2,5]:0
(2,5,5]:0
(5,7,5]:0
(7,5,10]:0
(10,+Infinity]:0
Activity.Kind:               Server
Activity.StartTime:          2026-06-08T01:29:09.5244732Z
Activity.Duration:           00:00:00.1711235
Activity.StartTime:          2026-06-08T01:29:09.5250184Z
Activity.Tags:
Activity.Duration:           00:00:00.2037758
(2026-06-08T01:29:04.1528682Z, 2026-06-08T01:29:09.6962473Z] http.request.method: POST http.response.status_code: 200 http.route: api/auth/login/customer network.protocol.version: 1.1 url.scheme: http
Value: Sum: 0.7143652 Count: 3 Min: 0.2098202 Max: 0.2854274 
(-Infinity,0,005]:0
(0,005,0,01]:0
(0,01,0,025]:0
(0,025,0,05]:0
(0,05,0,075]:0
(0,075,0,1]:0
(0,1,0,25]:2
(0,25,0,5]:1
(0,5,0,75]:0
(0,75,1]:0
(1,2,5]:0
(2,5,5]:0
(5,7,5]:0
(7,5,10]:0
(10,+Infinity]:0
Activity.Tags:
    server.address: localhost
    server.address: localhost
    http.request.method: POST
    http.request.method: POST
    url.scheme: http
    url.scheme: http
    url.path: /api/auth/register/seller
    url.path: /api/auth/register/seller
    network.protocol.version: 1.1
(2026-06-08T01:29:04.1528682Z, 2026-06-08T01:29:09.6962473Z] http.request.method: POST http.response.status_code: 200 http.route: api/auth/login/seller network.protocol.version: 1.1 url.scheme: http
Value: Sum: 2.5201537000000003 Count: 14 Min: 0.0901538 Max: 0.2976963 
(-Infinity,0,005]:0
(0,005,0,01]:0
(0,01,0,025]:0
(0,025,0,05]:0
(0,05,0,075]:0
(0,075,0,1]:2
(0,1,0,25]:10
(0,25,0,5]:2
(0,5,0,75]:0
(0,75,1]:0
(1,2,5]:0
(2,5,5]:0
(5,7,5]:0
(7,5,10]:0
(10,+Infinity]:0
    http.route: api/auth/register/seller
    network.protocol.version: 1.1
[22:29:09 INF] Server fabio-mobile:44964:0edc7e94 All dispatchers stopped
    http.response.status_code: 201
    http.route: api/auth/register/seller
(2026-06-08T01:29:04.1528682Z, 2026-06-08T01:29:09.6962473Z] http.request.method: POST http.response.status_code: 400 http.route: api/auth/email/resend-confirmation network.protocol.version: 1.1 url.scheme: http
Value: Sum: 0.2919295 Count: 2 Min: 0.0771669 Max: 0.2147626 
(-Infinity,0,005]:0
(0,005,0,01]:0
(0,01,0,025]:0
(0,025,0,05]:0
(0,05,0,075]:0
(0,075,0,1]:1
(0,1,0,25]:1
(0,25,0,5]:0
(0,5,0,75]:0
(0,75,1]:0
(1,2,5]:0
(2,5,5]:0
(5,7,5]:0
(7,5,10]:0
(10,+Infinity]:0
Instrumentation scope (ActivitySource):
    http.response.status_code: 201
    Name: Microsoft.AspNetCore
Instrumentation scope (ActivitySource):
Resource associated with Activity:
    Name: Microsoft.AspNetCore
    telemetry.sdk.name: opentelemetry
Resource associated with Activity:
    telemetry.sdk.language: dotnet
(2026-06-08T01:29:04.1528682Z, 2026-06-08T01:29:09.6962473Z] http.request.method: POST http.response.status_code: 400 http.route: api/auth/email/confirm/{code} network.protocol.version: 1.1 url.scheme: http
Value: Sum: 0.3338337 Count: 4 Min: 0.0280381 Max: 0.2124374 
(-Infinity,0,005]:0
(0,005,0,01]:0
(0,01,0,025]:0
(0,025,0,05]:2
(0,05,0,075]:1
(0,075,0,1]:0
(0,1,0,25]:1
(0,25,0,5]:0
(0,5,0,75]:0
(0,75,1]:0
(1,2,5]:0
(2,5,5]:0
(5,7,5]:0
(7,5,10]:0
(10,+Infinity]:0
    telemetry.sdk.version: 1.14.0
    telemetry.sdk.name: opentelemetry
    service.name: unknown_service:testhost
    telemetry.sdk.language: dotnet
    telemetry.sdk.version: 1.14.0
(2026-06-08T01:29:04.1528682Z, 2026-06-08T01:29:09.6962473Z] http.request.method: PUT http.response.status_code: 200 http.route: api/admin/plans/{planId} network.protocol.version: 1.1 url.scheme: http
Value: Sum: 0.0809147 Count: 1 Min: 0.0809147 Max: 0.0809147 
(-Infinity,0,005]:0
(0,005,0,01]:0
(0,01,0,025]:0
(0,025,0,05]:0
(0,05,0,075]:0
(0,075,0,1]:1
(0,1,0,25]:0
(0,25,0,5]:0
(0,5,0,75]:0
(0,75,1]:0
(1,2,5]:0
(2,5,5]:0
(5,7,5]:0
(7,5,10]:0
(10,+Infinity]:0
Activity.TraceId:            9421eea79985ef2666541a6b38d43a28
Activity.SpanId:             f5bd665a6c4e29ff
[22:29:09 INF] Request starting HTTP/1.1 POST http://localhost/api/auth/login/seller - application/json; charset=utf-8 null
Activity.TraceFlags:         Recorded
Activity.DisplayName:        POST api/auth/register/seller
Activity.Kind:               Server
[22:29:09 INF] Saved 1 entities to in-memory store.
    service.name: unknown_service:testhost
Activity.StartTime:          2026-06-08T01:29:09.5244732Z
(2026-06-08T01:29:04.1528682Z, 2026-06-08T01:29:09.6962473Z] http.request.method: PATCH http.response.status_code: 200 http.route: api/admin/plans/{planId}/status network.protocol.version: 1.1 url.scheme: http
Value: Sum: 0.0077534 Count: 1 Min: 0.0077534 Max: 0.0077534 
(-Infinity,0,005]:0
(0,005,0,01]:1
(0,01,0,025]:0
(0,025,0,05]:0
(0,05,0,075]:0
(0,075,0,1]:0
(0,1,0,25]:0
(0,25,0,5]:0
(0,5,0,75]:0
(0,75,1]:0
(1,2,5]:0
(2,5,5]:0
(5,7,5]:0
(7,5,10]:0
(10,+Infinity]:0
Activity.Duration:           00:00:00.1711235
[22:29:09 INF] Saved 1 entities to in-memory store.
Activity.Tags:
    server.address: localhost
(2026-06-08T01:29:04.1528682Z, 2026-06-08T01:29:09.6962473Z] http.request.method: GET http.response.status_code: 200 http.route: /health network.protocol.version: 1.1 url.scheme: http
Value: Sum: 0.0093709 Count: 1 Min: 0.0093709 Max: 0.0093709 
(-Infinity,0,005]:0
(0,005,0,01]:1
(0,01,0,025]:0
(0,025,0,05]:0
(0,05,0,075]:0
(0,075,0,1]:0
(0,1,0,25]:0
(0,25,0,5]:0
(0,5,0,75]:0
(0,75,1]:0
(1,2,5]:0
(2,5,5]:0
(5,7,5]:0
(7,5,10]:0
(10,+Infinity]:0
Activity.TraceId:            49290a466bf7081dd2f1142e0c7fa1ef
    http.request.method: POST
Activity.SpanId:             71c9aa618cb3b85e
Activity.TraceId:            a5e2ad328d48f5153607392b1f167153
Activity.TraceFlags:         Recorded
(2026-06-08T01:29:04.1528682Z, 2026-06-08T01:29:09.6962473Z] http.request.method: POST http.response.status_code: 400 http.route: api/stores network.protocol.version: 1.1 url.scheme: http
Value: Sum: 0.2921478 Count: 2 Min: 0.0445437 Max: 0.2476041 
(-Infinity,0,005]:0
(0,005,0,01]:0
(0,01,0,025]:0
(0,025,0,05]:1
(0,05,0,075]:0
(0,075,0,1]:0
(0,1,0,25]:1
(0,25,0,5]:0
(0,5,0,75]:0
(0,75,1]:0
(1,2,5]:0
(2,5,5]:0
(5,7,5]:0
(7,5,10]:0
(10,+Infinity]:0
Activity.DisplayName:        POST api/auth/register/seller
Activity.SpanId:             065af754d1b4c4a9
Activity.Kind:               Server
Activity.TraceFlags:         Recorded
Activity.DisplayName:        POST api/auth/login/admin
(2026-06-08T01:29:04.1528682Z, 2026-06-08T01:29:09.6962473Z] http.request.method: GET http.response.status_code: 200 http.route: api/stores/cuisine-types network.protocol.version: 1.1 url.scheme: http
Value: Sum: 0.1734619 Count: 1 Min: 0.1734619 Max: 0.1734619 
(-Infinity,0,005]:0
(0,005,0,01]:0
(0,01,0,025]:0
(0,025,0,05]:0
(0,05,0,075]:0
(0,075,0,1]:0
(0,1,0,25]:1
(0,25,0,5]:0
(0,5,0,75]:0
(0,75,1]:0
(1,2,5]:0
(2,5,5]:0
(5,7,5]:0
(7,5,10]:0
(10,+Infinity]:0
    url.scheme: http
Activity.Kind:               Server
Activity.StartTime:          2026-06-08T01:29:09.5250184Z
    url.path: /api/auth/register/seller
    network.protocol.version: 1.1
Activity.Duration:           00:00:00.2037758
    http.route: api/auth/register/seller
Activity.StartTime:          2026-06-08T01:29:09.5754362Z
    http.response.status_code: 201
Activity.Tags:
Activity.Duration:           00:00:00.1533589
    server.address: localhost
Activity.Tags:
    http.request.method: POST
    url.scheme: http
[22:29:09 INF] USER_LOGGED_IN | Login succeeded | UserId=019ea4d9-107e-7757-aa3f-fc3c2781044b | Email=store.management.40fbeab92abd419d8d20ef366eab7dd2@urbeat.local | Role=Seller | IP=null
    url.path: /api/auth/register/seller
(2026-06-08T01:29:04.1528682Z, 2026-06-08T01:29:09.6962473Z] http.request.method: POST http.response.status_code: 201 http.route: api/customer/addresses network.protocol.version: 1.1 url.scheme: http
Value: Sum: 0.6731817 Count: 5 Min: 0.0676852 Max: 0.3100963 
(-Infinity,0,005]:0
(0,005,0,01]:0
(0,01,0,025]:0
(0,025,0,05]:0
(0,05,0,075]:1
(0,075,0,1]:1
(0,1,0,25]:2
(0,25,0,5]:1
(0,5,0,75]:0
(0,75,1]:0
(1,2,5]:0
(2,5,5]:0
(5,7,5]:0
(7,5,10]:0
(10,+Infinity]:0
    network.protocol.version: 1.1
    http.route: api/auth/register/seller
    http.response.status_code: 201
Instrumentation scope (ActivitySource):
    Name: Microsoft.AspNetCore
Resource associated with Activity:
    telemetry.sdk.name: opentelemetry
Instrumentation scope (ActivitySource):
(2026-06-08T01:29:04.1528682Z, 2026-06-08T01:29:09.6962473Z] http.request.method: POST http.response.status_code: 415 http.route: api/auth/email/confirm network.protocol.version: 1.1 url.scheme: http
Value: Sum: 0.1076132 Count: 2 Min: 0.0021767 Max: 0.1054365 
(-Infinity,0,005]:1
(0,005,0,01]:0
(0,01,0,025]:0
(0,025,0,05]:0
(0,05,0,075]:0
(0,075,0,1]:0
(0,1,0,25]:1
(0,25,0,5]:0
(0,5,0,75]:0
(0,75,1]:0
(1,2,5]:0
(2,5,5]:0
(5,7,5]:0
(7,5,10]:0
(10,+Infinity]:0
    Name: Microsoft.AspNetCore
Resource associated with Activity:
    telemetry.sdk.name: opentelemetry
    server.address: localhost
    telemetry.sdk.language: dotnet
(2026-06-08T01:29:04.1528682Z, 2026-06-08T01:29:09.6962473Z] http.request.method: POST http.response.status_code: 201 http.route: api/stores network.protocol.version: 1.1 url.scheme: http
Value: Sum: 2.7281809999999997 Count: 11 Min: 0.0656982 Max: 0.4716885 
(-Infinity,0,005]:0
(0,005,0,01]:0
(0,01,0,025]:0
(0,025,0,05]:0
(0,05,0,075]:1
(0,075,0,1]:1
(0,1,0,25]:4
(0,25,0,5]:5
(0,5,0,75]:0
(0,75,1]:0
(1,2,5]:0
(2,5,5]:0
(5,7,5]:0
(7,5,10]:0
(10,+Infinity]:0
    telemetry.sdk.language: dotnet
    telemetry.sdk.version: 1.14.0
    service.name: unknown_service:testhost
    http.request.method: POST
Activity.TraceId:            49290a466bf7081dd2f1142e0c7fa1ef
Activity.SpanId:             71c9aa618cb3b85e
Activity.TraceFlags:         Recorded
    telemetry.sdk.version: 1.14.0
Activity.DisplayName:        POST api/auth/register/seller
    url.scheme: http
Activity.Kind:               Server
    url.path: /api/auth/login/admin
Activity.StartTime:          2026-06-08T01:29:09.5250184Z
    network.protocol.version: 1.1
(2026-06-08T01:29:04.1528682Z, 2026-06-08T01:29:09.6962473Z] http.request.method: GET http.response.status_code: 200 http.route: api/admin/plans network.protocol.version: 1.1 url.scheme: http
Value: Sum: 0.1440776 Count: 1 Min: 0.1440776 Max: 0.1440776 
(-Infinity,0,005]:0
(0,005,0,01]:0
(0,01,0,025]:0
(0,025,0,05]:0
(0,05,0,075]:0
(0,075,0,1]:0
(0,1,0,25]:1
(0,25,0,5]:0
(0,5,0,75]:0
(0,75,1]:0
(1,2,5]:0
(2,5,5]:0
(5,7,5]:0
(7,5,10]:0
(10,+Infinity]:0
    http.route: api/auth/login/admin
Activity.Duration:           00:00:00.2037758
    http.response.status_code: 200
Activity.Tags:
    service.name: unknown_service:testhost
Instrumentation scope (ActivitySource):
    server.address: localhost
    Name: Microsoft.AspNetCore
Resource associated with Activity:
    http.request.method: POST
(2026-06-08T01:29:04.1528682Z, 2026-06-08T01:29:09.6962473Z] http.request.method: POST http.response.status_code: 200 http.route: api/auth/email/resend-confirmation network.protocol.version: 1.1 url.scheme: http
Value: Sum: 0.2775514 Count: 3 Min: 0.0689539 Max: 0.1048669 
(-Infinity,0,005]:0
(0,005,0,01]:0
(0,01,0,025]:0
(0,025,0,05]:0
(0,05,0,075]:1
(0,075,0,1]:0
(0,1,0,25]:2
(0,25,0,5]:0
(0,5,0,75]:0
(0,75,1]:0
(1,2,5]:0
(2,5,5]:0
(5,7,5]:0
(7,5,10]:0
(10,+Infinity]:0
Activity.TraceId:            9421eea79985ef2666541a6b38d43a28
    telemetry.sdk.name: opentelemetry
    url.scheme: http
    telemetry.sdk.language: dotnet
    url.path: /api/auth/register/seller
    telemetry.sdk.version: 1.14.0
    network.protocol.version: 1.1
    service.name: unknown_service:testhost
Activity.SpanId:             f5bd665a6c4e29ff
Activity.TraceFlags:         Recorded
    http.route: api/auth/register/seller
Activity.DisplayName:        POST api/auth/register/seller
    http.response.status_code: 201
Activity.Kind:               Server
Activity.TraceId:            a5e2ad328d48f5153607392b1f167153
Instrumentation scope (ActivitySource):
Activity.SpanId:             065af754d1b4c4a9
    Name: Microsoft.AspNetCore
Activity.StartTime:          2026-06-08T01:29:09.5244732Z
Resource associated with Activity:
Activity.TraceFlags:         Recorded
Activity.Duration:           00:00:00.1711235
Activity.DisplayName:        POST api/auth/login/admin
    telemetry.sdk.name: opentelemetry
Activity.Kind:               Server
Activity.Tags:
    telemetry.sdk.language: dotnet
    server.address: localhost
Activity.StartTime:          2026-06-08T01:29:09.5754362Z
(2026-06-08T01:29:04.1528682Z, 2026-06-08T01:29:09.6962473Z] http.request.method: PATCH http.response.status_code: 200 http.route: api/stores/{storeId}/status network.protocol.version: 1.1 url.scheme: http
Value: Sum: 0.2810624 Count: 4 Min: 0.0523969 Max: 0.0852825 
(-Infinity,0,005]:0
(0,005,0,01]:0
(0,01,0,025]:0
(0,025,0,05]:0
(0,05,0,075]:3
(0,075,0,1]:1
(0,1,0,25]:0
(0,25,0,5]:0
(0,5,0,75]:0
(0,75,1]:0
(1,2,5]:0
(2,5,5]:0
(5,7,5]:0
(7,5,10]:0
(10,+Infinity]:0
Activity.Duration:           00:00:00.1533589
    http.request.method: POST
Activity.Tags:
(2026-06-08T01:29:04.1528682Z, 2026-06-08T01:29:09.6962473Z] http.request.method: PATCH http.response.status_code: 200 http.route: api/stores/{storeId}/delivery-config network.protocol.version: 1.1 url.scheme: http
Value: Sum: 0.5365506 Count: 4 Min: 0.1218962 Max: 0.144072 
(-Infinity,0,005]:0
(0,005,0,01]:0
(0,01,0,025]:0
(0,025,0,05]:0
(0,05,0,075]:0
(0,075,0,1]:0
(0,1,0,25]:4
(0,25,0,5]:0
(0,5,0,75]:0
(0,75,1]:0
(1,2,5]:0
(2,5,5]:0
(5,7,5]:0
(7,5,10]:0
(10,+Infinity]:0
    server.address: localhost
    http.request.method: POST
    telemetry.sdk.version: 1.14.0
    url.scheme: http
    service.name: unknown_service:testhost
    url.path: /api/auth/login/admin
    network.protocol.version: 1.1
[22:29:09 INF] Saved 1 entities to in-memory store.
(2026-06-08T01:29:04.1528682Z, 2026-06-08T01:29:09.6962473Z] http.request.method: DELETE http.response.status_code: 404 http.route: api/stores/{storeId}/categories/{categoryId} network.protocol.version: 1.1 url.scheme: http
Value: Sum: 0.1927955 Count: 1 Min: 0.1927955 Max: 0.1927955 
(-Infinity,0,005]:0
(0,005,0,01]:0
(0,01,0,025]:0
(0,025,0,05]:0
(0,05,0,075]:0
(0,075,0,1]:0
(0,1,0,25]:1
(0,25,0,5]:0
(0,5,0,75]:0
(0,75,1]:0
(1,2,5]:0
(2,5,5]:0
(5,7,5]:0
(7,5,10]:0
(10,+Infinity]:0
Activity.TraceId:            49290a466bf7081dd2f1142e0c7fa1ef
Activity.SpanId:             71c9aa618cb3b85e
Activity.TraceFlags:         Recorded
Activity.DisplayName:        POST api/auth/register/seller
    url.scheme: http
Activity.Kind:               Server
(2026-06-08T01:29:04.1528682Z, 2026-06-08T01:29:09.6962473Z] http.request.method: GET http.response.status_code: 200 http.route: api/stores/my-store network.protocol.version: 1.1 url.scheme: http
Value: Sum: 0.37820180000000003 Count: 3 Min: 0.0368988 Max: 0.2033987 
(-Infinity,0,005]:0
(0,005,0,01]:0
(0,01,0,025]:0
(0,025,0,05]:1
(0,05,0,075]:0
(0,075,0,1]:0
(0,1,0,25]:2
(0,25,0,5]:0
(0,5,0,75]:0
(0,75,1]:0
(1,2,5]:0
(2,5,5]:0
(5,7,5]:0
(7,5,10]:0
(10,+Infinity]:0
    url.path: /api/auth/register/seller
Activity.StartTime:          2026-06-08T01:29:09.5250184Z
    network.protocol.version: 1.1
    http.route: api/auth/login/admin
(2026-06-08T01:29:04.1528682Z, 2026-06-08T01:29:09.6962473Z] http.request.method: POST http.response.status_code: 204 http.route: api/admin/subscriptions/status network.protocol.version: 1.1 url.scheme: http
Value: Sum: 0.1895287 Count: 1 Min: 0.1895287 Max: 0.1895287 
(-Infinity,0,005]:0
(0,005,0,01]:0
(0,01,0,025]:0
(0,025,0,05]:0
(0,05,0,075]:0
(0,075,0,1]:0
(0,1,0,25]:1
(0,25,0,5]:0
(0,5,0,75]:0
(0,75,1]:0
(1,2,5]:0
(2,5,5]:0
(5,7,5]:0
(7,5,10]:0
(10,+Infinity]:0
Activity.Duration:           00:00:00.2037758
Activity.Tags:
    http.route: api/auth/register/seller
    server.address: localhost
    http.request.method: POST
    url.scheme: http
    url.path: /api/auth/register/seller
(2026-06-08T01:29:04.1528682Z, 2026-06-08T01:29:09.6962473Z] http.request.method: POST http.response.status_code: 409 http.route: api/customer/addresses network.protocol.version: 1.1 url.scheme: http
Value: Sum: 0.0664064 Count: 1 Min: 0.0664064 Max: 0.0664064 
(-Infinity,0,005]:0
(0,005,0,01]:0
(0,01,0,025]:0
(0,025,0,05]:0
(0,05,0,075]:1
(0,075,0,1]:0
(0,1,0,25]:0
(0,25,0,5]:0
(0,5,0,75]:0
(0,75,1]:0
(1,2,5]:0
(2,5,5]:0
(5,7,5]:0
(7,5,10]:0
(10,+Infinity]:0
    http.response.status_code: 201
    network.protocol.version: 1.1
Instrumentation scope (ActivitySource):
    Name: Microsoft.AspNetCore
    http.route: api/auth/register/seller
(2026-06-08T01:29:04.1528682Z, 2026-06-08T01:29:09.6962473Z] http.request.method: GET http.response.status_code: 200 http.route: api/customer/addresses network.protocol.version: 1.1 url.scheme: http
Value: Sum: 0.1926895 Count: 1 Min: 0.1926895 Max: 0.1926895 
(-Infinity,0,005]:0
(0,005,0,01]:0
(0,01,0,025]:0
(0,025,0,05]:0
(0,05,0,075]:0
(0,075,0,1]:0
(0,1,0,25]:1
(0,25,0,5]:0
(0,5,0,75]:0
(0,75,1]:0
(1,2,5]:0
(2,5,5]:0
(5,7,5]:0
(7,5,10]:0
(10,+Infinity]:0
    http.response.status_code: 201
Resource associated with Activity:
    http.response.status_code: 200
(2026-06-08T01:29:04.1528682Z, 2026-06-08T01:29:09.6962473Z] http.request.method: GET http.response.status_code: 200 http.route: api/subscriptions/my network.protocol.version: 1.1 url.scheme: http
Value: Sum: 0.4010074 Count: 2 Min: 0.193226 Max: 0.2077814 
(-Infinity,0,005]:0
(0,005,0,01]:0
(0,01,0,025]:0
(0,025,0,05]:0
(0,05,0,075]:0
(0,075,0,1]:0
(0,1,0,25]:2
(0,25,0,5]:0
(0,5,0,75]:0
(0,75,1]:0
(1,2,5]:0
(2,5,5]:0
(5,7,5]:0
(7,5,10]:0
(10,+Infinity]:0
Instrumentation scope (ActivitySource):
    Name: Microsoft.AspNetCore
Resource associated with Activity:
Instrumentation scope (ActivitySource):
    telemetry.sdk.name: opentelemetry
    Name: Microsoft.AspNetCore
    telemetry.sdk.language: dotnet
Resource associated with Activity:
    telemetry.sdk.version: 1.14.0
(2026-06-08T01:29:04.1528682Z, 2026-06-08T01:29:09.6962473Z] http.request.method: GET http.response.status_code: 200 http.route: api/subscriptions/plans network.protocol.version: 1.1 url.scheme: http
Value: Sum: 0.1021946 Count: 1 Min: 0.1021946 Max: 0.1021946 
(-Infinity,0,005]:0
(0,005,0,01]:0
(0,01,0,025]:0
(0,025,0,05]:0
(0,05,0,075]:0
(0,075,0,1]:0
(0,1,0,25]:1
(0,25,0,5]:0
(0,5,0,75]:0
(0,75,1]:0
(1,2,5]:0
(2,5,5]:0
(5,7,5]:0
(7,5,10]:0
(10,+Infinity]:0
    telemetry.sdk.name: opentelemetry
    telemetry.sdk.language: dotnet
    telemetry.sdk.version: 1.14.0
(2026-06-08T01:29:04.1528682Z, 2026-06-08T01:29:09.6962473Z] http.request.method: POST http.response.status_code: 201 http.route: api/subscriptions/contract network.protocol.version: 1.1 url.scheme: http
Value: Sum: 0.2679168 Count: 1 Min: 0.2679168 Max: 0.2679168 
(-Infinity,0,005]:0
(0,005,0,01]:0
(0,01,0,025]:0
(0,025,0,05]:0
(0,05,0,075]:0
(0,075,0,1]:0
(0,1,0,25]:0
(0,25,0,5]:1
(0,5,0,75]:0
(0,75,1]:0
(1,2,5]:0
(2,5,5]:0
(5,7,5]:0
(7,5,10]:0
(10,+Infinity]:0
    service.name: unknown_service:testhost
    telemetry.sdk.name: opentelemetry
    telemetry.sdk.language: dotnet
    telemetry.sdk.version: 1.14.0
    service.name: unknown_service:testhost
(2026-06-08T01:29:04.1528682Z, 2026-06-08T01:29:09.6962473Z] http.request.method: POST http.response.status_code: 403 http.route: api/auth/login/customer network.protocol.version: 1.1 url.scheme: http
Value: Sum: 0.2102732 Count: 1 Min: 0.2102732 Max: 0.2102732 
(-Infinity,0,005]:0
(0,005,0,01]:0
(0,01,0,025]:0
(0,025,0,05]:0
(0,05,0,075]:0
(0,075,0,1]:0
(0,1,0,25]:1
(0,25,0,5]:0
(0,5,0,75]:0
(0,75,1]:0
(1,2,5]:0
(2,5,5]:0
(5,7,5]:0
(7,5,10]:0
(10,+Infinity]:0
    service.name: unknown_service:testhost
(2026-06-08T01:29:04.1528682Z, 2026-06-08T01:29:09.6962473Z] http.request.method: POST http.response.status_code: 409 http.route: api/stores network.protocol.version: 1.1 url.scheme: http
Value: Sum: 0.0766215 Count: 1 Min: 0.0766215 Max: 0.0766215 
(-Infinity,0,005]:0
(0,005,0,01]:0
(0,01,0,025]:0
(0,025,0,05]:0
(0,05,0,075]:0
(0,075,0,1]:1
(0,1,0,25]:0
(0,25,0,5]:0
(0,5,0,75]:0
(0,75,1]:0
(1,2,5]:0
(2,5,5]:0
(5,7,5]:0
(7,5,10]:0
(10,+Infinity]:0
Activity.TraceId:            49290a466bf7081dd2f1142e0c7fa1ef
[22:29:09 INF] Executed action method Urbeat.WebApi.Controllers.AuthController.LoginSeller (Urbeat.WebApi), returned result Microsoft.AspNetCore.Mvc.OkObjectResult in 74.2163ms.
Activity.TraceId:            9421eea79985ef2666541a6b38d43a28
Activity.TraceId:            a5e2ad328d48f5153607392b1f167153
Activity.SpanId:             f5bd665a6c4e29ff
Activity.SpanId:             065af754d1b4c4a9
Activity.TraceFlags:         Recorded
Activity.TraceFlags:         Recorded
(2026-06-08T01:29:04.1528682Z, 2026-06-08T01:29:09.6962473Z] http.request.method: POST http.response.status_code: 201 http.route: api/stores/{storeId}/categories network.protocol.version: 1.1 url.scheme: http
Value: Sum: 0.2265858 Count: 1 Min: 0.2265858 Max: 0.2265858 
(-Infinity,0,005]:0
(0,005,0,01]:0
(0,01,0,025]:0
(0,025,0,05]:0
(0,05,0,075]:0
(0,075,0,1]:0
(0,1,0,25]:1
(0,25,0,5]:0
(0,5,0,75]:0
(0,75,1]:0
(1,2,5]:0
(2,5,5]:0
(5,7,5]:0
(7,5,10]:0
(10,+Infinity]:0
Activity.SpanId:             71c9aa618cb3b85e
[22:29:09 INF] Saved 2 entities to in-memory store.
Activity.DisplayName:        POST api/auth/register/seller
[22:29:09 INF] Executing endpoint 'Urbeat.WebApi.Controllers.AuthController.LoginSeller (Urbeat.WebApi)'
Activity.Kind:               Server
Activity.TraceFlags:         Recorded
[22:29:09 INF] Saved 1 entities to in-memory store.
(2026-06-08T01:29:04.1528682Z, 2026-06-08T01:29:09.6962473Z] http.request.method: DELETE http.response.status_code: 204 http.route: api/stores/{storeId}/categories/{categoryId} network.protocol.version: 1.1 url.scheme: http
Value: Sum: 0.1598871 Count: 1 Min: 0.1598871 Max: 0.1598871 
(-Infinity,0,005]:0
(0,005,0,01]:0
(0,01,0,025]:0
(0,025,0,05]:0
(0,05,0,075]:0
(0,075,0,1]:0
(0,1,0,25]:1
(0,25,0,5]:0
(0,5,0,75]:0
(0,75,1]:0
(1,2,5]:0
(2,5,5]:0
(5,7,5]:0
(7,5,10]:0
(10,+Infinity]:0
Activity.DisplayName:        POST api/auth/login/admin
Activity.DisplayName:        POST api/auth/register/seller
Activity.Kind:               Server
Activity.Kind:               Server
(2026-06-08T01:29:04.1528682Z, 2026-06-08T01:29:09.6962473Z] http.request.method: POST http.response.status_code: 400 http.route: api/checkout/preview network.protocol.version: 1.1 url.scheme: http
Value: Sum: 0.1847957 Count: 1 Min: 0.1847957 Max: 0.1847957 
(-Infinity,0,005]:0
(0,005,0,01]:0
(0,01,0,025]:0
(0,025,0,05]:0
(0,05,0,075]:0
(0,075,0,1]:0
(0,1,0,25]:1
(0,25,0,5]:0
(0,5,0,75]:0
(0,75,1]:0
(1,2,5]:0
(2,5,5]:0
(5,7,5]:0
(7,5,10]:0
(10,+Infinity]:0
Activity.StartTime:          2026-06-08T01:29:09.5250184Z
[22:29:09 INF] Executing OkObjectResult, writing value of type 'Urbeat.Application.DTOs.AuthTokenResponseDto'.
Activity.StartTime:          2026-06-08T01:29:09.5754362Z
Activity.Duration:           00:00:00.2037758
Activity.Duration:           00:00:00.1533589
Activity.Tags:
(2026-06-08T01:29:04.1528682Z, 2026-06-08T01:29:09.6962473Z] http.request.method: POST http.response.status_code: 400 http.route: api/orders network.protocol.version: 1.1 url.scheme: http
Value: Sum: 0.1574968 Count: 1 Min: 0.1574968 Max: 0.1574968 
(-Infinity,0,005]:0
(0,005,0,01]:0
(0,01,0,025]:0
(0,025,0,05]:0
(0,05,0,075]:0
(0,075,0,1]:0
(0,1,0,25]:1
(0,25,0,5]:0
(0,5,0,75]:0
(0,75,1]:0
(1,2,5]:0
(2,5,5]:0
(5,7,5]:0
(7,5,10]:0
(10,+Infinity]:0
Activity.Tags:
[22:29:09 INF] Saved 1 entities to in-memory store.
    server.address: localhost
    server.address: localhost
    http.request.method: POST
    http.request.method: POST
(2026-06-08T01:29:04.1528682Z, 2026-06-08T01:29:09.6962473Z] http.request.method: GET http.response.status_code: 200 http.route: api/stores/{storeId}/categories network.protocol.version: 1.1 url.scheme: http
Value: Sum: 0.1260283 Count: 1 Min: 0.1260283 Max: 0.1260283 
(-Infinity,0,005]:0
(0,005,0,01]:0
(0,01,0,025]:0
(0,025,0,05]:0
(0,05,0,075]:0
(0,075,0,1]:0
(0,1,0,25]:1
(0,25,0,5]:0
(0,5,0,75]:0
(0,75,1]:0
(1,2,5]:0
(2,5,5]:0
(5,7,5]:0
(7,5,10]:0
(10,+Infinity]:0
    url.scheme: http
    url.scheme: http
    url.path: /api/auth/register/seller
    url.path: /api/auth/login/admin
    network.protocol.version: 1.1
    network.protocol.version: 1.1
Metric Name: dotnet.gc.collections, Description: The number of garbage collections that have occurred since the process has started., Unit: {collection}, Metric Type: LongSum
    http.route: api/auth/register/seller
Instrumentation scope (Meter):
    http.route: api/auth/login/admin
Activity.StartTime:          2026-06-08T01:29:09.5244732Z
[22:29:09 INF] USER_LOGGED_IN | Login succeeded | UserId=019ea4d9-1004-7ada-be2c-e23adf07e350 | Email=store.search.b03df7cc82b542c5917d9615229a2b05@urbeat.local | Role=Seller | IP=null
Activity.Duration:           00:00:00.1711235
Activity.Tags:
    server.address: localhost
    http.request.method: POST
    url.scheme: http
    url.path: /api/auth/register/seller
    network.protocol.version: 1.1
    http.route: api/auth/register/seller
    http.response.status_code: 201
	Name: System.Runtime
Instrumentation scope (ActivitySource):
    Name: Microsoft.AspNetCore
Resource associated with Activity:
[22:29:09 INF] Executed action Urbeat.WebApi.Controllers.AuthController.LoginSeller (Urbeat.WebApi) in 109.1527ms
    telemetry.sdk.name: opentelemetry
    http.response.status_code: 201
    telemetry.sdk.language: dotnet
    telemetry.sdk.version: 1.14.0
Instrumentation scope (ActivitySource):
    service.name: unknown_service:testhost
    http.response.status_code: 200
[22:29:09 INF] Executed endpoint 'Urbeat.WebApi.Controllers.AuthController.LoginSeller (Urbeat.WebApi)'
Instrumentation scope (ActivitySource):
    Name: Microsoft.AspNetCore
Resource associated with Activity:
Activity.TraceId:            9421eea79985ef2666541a6b38d43a28
(2026-06-08T01:29:04.1530277Z, 2026-06-08T01:29:09.6962495Z] gc.heap.generation: gen2
Value: 5
    telemetry.sdk.name: opentelemetry
Activity.SpanId:             f5bd665a6c4e29ff
    telemetry.sdk.language: dotnet
Activity.TraceFlags:         Recorded
(2026-06-08T01:29:04.1530277Z, 2026-06-08T01:29:09.6962495Z] gc.heap.generation: gen1
Value: 11
    telemetry.sdk.version: 1.14.0
Activity.DisplayName:        POST api/auth/register/seller
    service.name: unknown_service:testhost
Activity.Kind:               Server
(2026-06-08T01:29:04.1530277Z, 2026-06-08T01:29:09.6962495Z] gc.heap.generation: gen0
Value: 32
Metric Name: dotnet.process.memory.working_set, Description: The number of bytes of physical memory mapped to the process context., Unit: By, Metric Type: LongSumNonMonotonic
Instrumentation scope (Meter):
	Name: System.Runtime
Activity.TraceId:            a5e2ad328d48f5153607392b1f167153
(2026-06-08T01:29:04.1530435Z, 2026-06-08T01:29:09.6962498Z]  
Value: 287264768
Activity.SpanId:             065af754d1b4c4a9
Metric Name: dotnet.gc.heap.total_allocated, Description: The approximate number of bytes allocated on the managed GC heap since the process has started. The returned value does not include any native allocations., Unit: By, Metric Type: LongSum
Activity.TraceFlags:         Recorded
Instrumentation scope (Meter):
    Name: Microsoft.AspNetCore
	Name: System.Runtime
Activity.DisplayName:        POST api/auth/login/admin
(2026-06-08T01:29:04.1532536Z, 2026-06-08T01:29:09.6962501Z]  
Value: 352355992
Resource associated with Activity:
Metric Name: dotnet.gc.last_collection.memory.committed_size, Description: The amount of committed virtual memory in use by the .NET GC, as observed during the latest garbage collection., Unit: By, Metric Type: LongSumNonMonotonic
Instrumentation scope (Meter):
	Name: System.Runtime
Activity.Kind:               Server
(2026-06-08T01:29:04.1532750Z, 2026-06-08T01:29:09.6962504Z]  
Value: 149327872
    telemetry.sdk.name: opentelemetry
Metric Name: dotnet.gc.last_collection.heap.size, Description: The managed GC heap size (including fragmentation), as observed during the latest garbage collection., Unit: By, Metric Type: LongSumNonMonotonic
    telemetry.sdk.language: dotnet
Activity.StartTime:          2026-06-08T01:29:09.5244732Z
Instrumentation scope (Meter):
	Name: System.Runtime
    telemetry.sdk.version: 1.14.0
Activity.Duration:           00:00:00.1711235
(2026-06-08T01:29:04.1532876Z, 2026-06-08T01:29:09.6962509Z] gc.heap.generation: gen0
Value: 0
    service.name: unknown_service:testhost
(2026-06-08T01:29:04.1532876Z, 2026-06-08T01:29:09.6962509Z] gc.heap.generation: gen1
Value: 7194240
Activity.Tags:
(2026-06-08T01:29:04.1532876Z, 2026-06-08T01:29:09.6962509Z] gc.heap.generation: gen2
Value: 54490544
[22:29:09 INF] HTTP POST /api/auth/login/seller responded 200 in 109.5244 ms
(2026-06-08T01:29:04.1532876Z, 2026-06-08T01:29:09.6962509Z] gc.heap.generation: loh
Value: 79960672
    server.address: localhost
(2026-06-08T01:29:04.1532876Z, 2026-06-08T01:29:09.6962509Z] gc.heap.generation: poh
Value: 123736
Activity.TraceId:            49290a466bf7081dd2f1142e0c7fa1ef
    http.request.method: POST
Activity.SpanId:             71c9aa618cb3b85e
Metric Name: dotnet.gc.last_collection.heap.fragmentation.size, Description: The heap fragmentation, as observed during the latest garbage collection., Unit: By, Metric Type: LongSumNonMonotonic
    url.scheme: http
Instrumentation scope (Meter):
    url.path: /api/auth/register/seller
[22:29:09 INF] Saved 1 entities to in-memory store.
	Name: System.Runtime
    network.protocol.version: 1.1
    http.route: api/auth/register/seller
(2026-06-08T01:29:04.1548519Z, 2026-06-08T01:29:09.6962512Z] gc.heap.generation: gen0
Value: 0
Activity.TraceFlags:         Recorded
(2026-06-08T01:29:04.1548519Z, 2026-06-08T01:29:09.6962512Z] gc.heap.generation: gen1
Value: 114616
Activity.StartTime:          2026-06-08T01:29:09.5754362Z
Activity.DisplayName:        POST api/auth/register/seller
(2026-06-08T01:29:04.1548519Z, 2026-06-08T01:29:09.6962512Z] gc.heap.generation: gen2
Value: 1479608
Activity.Duration:           00:00:00.1533589
Activity.Kind:               Server
(2026-06-08T01:29:04.1548519Z, 2026-06-08T01:29:09.6962512Z] gc.heap.generation: loh
Value: 17888
(2026-06-08T01:29:04.1548519Z, 2026-06-08T01:29:09.6962512Z] gc.heap.generation: poh
Value: 0
Activity.StartTime:          2026-06-08T01:29:09.5250184Z
    http.response.status_code: 201
Activity.Duration:           00:00:00.2037758
Metric Name: dotnet.gc.pause.time, Description: The total amount of time paused in GC since the process has started., Unit: s, Metric Type: DoubleSum
Instrumentation scope (ActivitySource):
Activity.Tags:
Instrumentation scope (Meter):
    Name: Microsoft.AspNetCore
    server.address: localhost
Resource associated with Activity:
	Name: System.Runtime
    telemetry.sdk.name: opentelemetry
    telemetry.sdk.language: dotnet
    telemetry.sdk.version: 1.14.0
    service.name: unknown_service:testhost
Activity.TraceId:            9421eea79985ef2666541a6b38d43a28
(2026-06-08T01:29:04.1549197Z, 2026-06-08T01:29:09.6962520Z]  
Value: 0.430961
[22:29:09 INF] Saved 1 entities to in-memory store.
Activity.SpanId:             f5bd665a6c4e29ff
Metric Name: dotnet.jit.compiled_il.size, Description: Count of bytes of intermediate language that have been compiled since the process has started., Unit: By, Metric Type: LongSum
Instrumentation scope (Meter):
Activity.TraceFlags:         Recorded
	Name: System.Runtime
Activity.DisplayName:        POST api/auth/register/seller
(2026-06-08T01:29:04.1551680Z, 2026-06-08T01:29:09.6962526Z]  
Value: 1948028
Metric Name: dotnet.jit.compiled_methods, Description: The number of times the JIT compiler (re)compiled methods since the process has started., Unit: {method}, Metric Type: LongSum
Instrumentation scope (Meter):
Activity.Tags:
	Name: System.Runtime
Activity.Kind:               Server
    server.address: localhost
(2026-06-08T01:29:04.1551889Z, 2026-06-08T01:29:09.6962529Z]  
Value: 30406
    http.request.method: POST
Activity.StartTime:          2026-06-08T01:29:09.5244732Z
    url.scheme: http
Metric Name: dotnet.jit.compilation.time, Description: The number of times the JIT compiler (re)compiled methods since the process has started., Unit: s, Metric Type: DoubleSum
    url.path: /api/auth/login/admin
Instrumentation scope (Meter):
Activity.Duration:           00:00:00.1711235
    network.protocol.version: 1.1
[22:29:09 INF] CustomerRegistered | Registration succeeded | UserId=019ea4d9-113e-7e4f-b3c5-699b26a75b4f | Email=orders.customer.034af396dcb9461db537f33d37b36bd4@urbeat.local | Role=Customer
    http.route: api/auth/login/admin
[22:29:09 INF] Request finished HTTP/1.1 POST http://localhost/api/auth/login/seller - 200 null application/json; charset=utf-8 144.2801ms
    http.response.status_code: 200
Instrumentation scope (ActivitySource):
    Name: Microsoft.AspNetCore
Resource associated with Activity:
	Name: System.Runtime
    telemetry.sdk.name: opentelemetry
    telemetry.sdk.language: dotnet
    telemetry.sdk.version: 1.14.0
    http.request.method: POST
(2026-06-08T01:29:04.1552186Z, 2026-06-08T01:29:09.6962533Z]  
Value: 4.9012656
    service.name: unknown_service:testhost
Metric Name: dotnet.monitor.lock_contentions, Description: The number of times there was contention when trying to acquire a monitor lock since the process has started., Unit: {contention}, Metric Type: LongSum
Instrumentation scope (Meter):
Activity.TraceId:            a5e2ad328d48f5153607392b1f167153
	Name: System.Runtime
Activity.SpanId:             065af754d1b4c4a9
Activity.Tags:
Activity.TraceFlags:         Recorded
(2026-06-08T01:29:04.1552519Z, 2026-06-08T01:29:09.6962536Z]  
Value: 2912
    server.address: localhost
Activity.DisplayName:        POST api/auth/login/admin
Metric Name: dotnet.thread_pool.thread.count, Description: The number of thread pool threads that currently exist., Unit: {thread}, Metric Type: LongSum
Activity.Kind:               Server
Instrumentation scope (Meter):
    http.request.method: POST
	Name: System.Runtime
Activity.StartTime:          2026-06-08T01:29:09.5754362Z
    url.scheme: http
    url.scheme: http
(2026-06-08T01:29:04.1552878Z, 2026-06-08T01:29:09.6962538Z]  
Value: 17
Activity.Duration:           00:00:00.1533589
    url.path: /api/auth/register/seller
    url.path: /api/auth/register/seller
    network.protocol.version: 1.1
Activity.Tags:
    http.route: api/auth/register/seller
Metric Name: dotnet.thread_pool.work_item.count, Description: The number of work items that the thread pool has completed since the process has started., Unit: {work_item}, Metric Type: LongSum
    server.address: localhost
    network.protocol.version: 1.1
    http.request.method: POST
Instrumentation scope (Meter):
    url.scheme: http
    http.response.status_code: 201
	Name: System.Runtime
    url.path: /api/auth/login/admin
    http.route: api/auth/register/seller
Instrumentation scope (ActivitySource):
Activity.TraceId:            64818e5cdb904288e881ee6202ee2575
    network.protocol.version: 1.1
(2026-06-08T01:29:04.1646110Z, 2026-06-08T01:29:09.6962540Z]  
Value: 998
Activity.SpanId:             fe412ed0000bb08c
    http.route: api/auth/login/admin
Activity.TraceFlags:         Recorded
    http.response.status_code: 201
Activity.DisplayName:        POST api/auth/login/seller
    http.response.status_code: 200
Metric Name: dotnet.thread_pool.queue.length, Description: The number of work items that are currently queued to be processed by the thread pool., Unit: {work_item}, Metric Type: LongSum
Instrumentation scope (ActivitySource):
    Name: Microsoft.AspNetCore
[22:29:09 INF] Executed action method Urbeat.WebApi.Controllers.AuthController.LoginSeller (Urbeat.WebApi), returned result Microsoft.AspNetCore.Mvc.OkObjectResult in 75.497ms.
Resource associated with Activity:
    telemetry.sdk.name: opentelemetry
    Name: Microsoft.AspNetCore
    telemetry.sdk.language: dotnet
Resource associated with Activity:
    telemetry.sdk.version: 1.14.0
    telemetry.sdk.name: opentelemetry
    telemetry.sdk.language: dotnet
    service.name: unknown_service:testhost
    telemetry.sdk.version: 1.14.0
Instrumentation scope (ActivitySource):
Activity.TraceId:            49290a466bf7081dd2f1142e0c7fa1ef
    service.name: unknown_service:testhost
    Name: Microsoft.AspNetCore
Resource associated with Activity:
Activity.SpanId:             71c9aa618cb3b85e
    telemetry.sdk.name: opentelemetry
    telemetry.sdk.language: dotnet
Activity.TraceFlags:         Recorded
    telemetry.sdk.version: 1.14.0
Activity.DisplayName:        POST api/auth/register/seller
    service.name: unknown_service:testhost
Activity.Kind:               Server
Instrumentation scope (Meter):
Activity.StartTime:          2026-06-08T01:29:09.5250184Z
	Name: System.Runtime
Activity.TraceId:            a5e2ad328d48f5153607392b1f167153
Activity.Duration:           00:00:00.2037758
Activity.SpanId:             065af754d1b4c4a9
Activity.Tags:
Activity.TraceFlags:         Recorded
(2026-06-08T01:29:04.1647037Z, 2026-06-08T01:29:09.6962543Z]  
Value: 14
    server.address: localhost
Activity.Kind:               Server
Metric Name: dotnet.timer.count, Description: The number of timer instances that are currently active. An active timer is registered to tick at some point in the future and has not yet been canceled., Unit: {timer}, Metric Type: LongSumNonMonotonic
Instrumentation scope (Meter):
	Name: System.Runtime
    http.request.method: POST
(2026-06-08T01:29:04.1650580Z, 2026-06-08T01:29:09.6962545Z]  
Value: 32
Activity.StartTime:          2026-06-08T01:29:09.6597512Z
Metric Name: dotnet.assembly.count, Description: The number of .NET assemblies that are currently loaded., Unit: {assembly}, Metric Type: LongSumNonMonotonic
Activity.DisplayName:        POST api/auth/login/admin
Instrumentation scope (Meter):
Activity.Duration:           00:00:00.1444075
Activity.Kind:               Server
Activity.Tags:
    url.scheme: http
	Name: System.Runtime
    server.address: localhost
    url.path: /api/auth/register/seller
(2026-06-08T01:29:04.1650726Z, 2026-06-08T01:29:09.6962548Z]  
Value: 264
Activity.StartTime:          2026-06-08T01:29:09.5754362Z
    http.request.method: POST
Metric Name: dotnet.exceptions, Description: The number of exceptions that have been thrown in managed code., Unit: {exception}, Metric Type: LongSum
Activity.Duration:           00:00:00.1533589
    network.protocol.version: 1.1
    url.scheme: http
Activity.Tags:
    http.route: api/auth/register/seller
Instrumentation scope (Meter):
[22:29:09 INF] Executing OkObjectResult, writing value of type 'Urbeat.Application.DTOs.AuthTokenResponseDto'.
    server.address: localhost
	Name: System.Runtime
    http.response.status_code: 201
    url.path: /api/auth/login/seller
    http.request.method: POST
    network.protocol.version: 1.1
Instrumentation scope (ActivitySource):
    url.scheme: http
    Name: Microsoft.AspNetCore
    url.path: /api/auth/login/admin
Resource associated with Activity:
[22:29:09 INF] Executed action method Urbeat.WebApi.Controllers.AuthController.RegisterCustomer (Urbeat.WebApi), returned result Microsoft.AspNetCore.Mvc.ObjectResult in 110.1368ms.
    network.protocol.version: 1.1
(2026-06-08T01:29:04.1873497Z, 2026-06-08T01:29:09.6962555Z] error.type: SocketException
Value: 14
    telemetry.sdk.name: opentelemetry
    http.route: api/auth/login/seller
    http.route: api/auth/login/admin
    http.response.status_code: 200
    http.response.status_code: 200
Instrumentation scope (ActivitySource):
    Name: Microsoft.AspNetCore
Resource associated with Activity:
Instrumentation scope (ActivitySource):
(2026-06-08T01:29:04.1873497Z, 2026-06-08T01:29:09.6962555Z] error.type: NullReferenceException
Value: 4
    telemetry.sdk.language: dotnet
    telemetry.sdk.version: 1.14.0
[22:29:09 INF] Server fabio-mobile:44964:0edc7e94 successfully reported itself as stopped in 0,0311 ms
    service.name: unknown_service:testhost
    Name: Microsoft.AspNetCore
Resource associated with Activity:
    telemetry.sdk.name: opentelemetry
Activity.TraceId:            49290a466bf7081dd2f1142e0c7fa1ef
    telemetry.sdk.name: opentelemetry
    telemetry.sdk.language: dotnet
    telemetry.sdk.language: dotnet
    telemetry.sdk.version: 1.14.0
    telemetry.sdk.version: 1.14.0
Activity.SpanId:             71c9aa618cb3b85e
    service.name: unknown_service:testhost
    service.name: unknown_service:testhost
Activity.TraceFlags:         Recorded
Activity.TraceId:            64818e5cdb904288e881ee6202ee2575
Activity.SpanId:             fe412ed0000bb08c
Activity.DisplayName:        POST api/auth/register/seller
Activity.TraceFlags:         Recorded
Activity.TraceId:            a5e2ad328d48f5153607392b1f167153
Activity.DisplayName:        POST api/auth/login/seller
Activity.Kind:               Server
Activity.Kind:               Server
Activity.SpanId:             065af754d1b4c4a9
Activity.StartTime:          2026-06-08T01:29:09.6597512Z
Activity.StartTime:          2026-06-08T01:29:09.5250184Z
Activity.Duration:           00:00:00.1444075
Activity.Duration:           00:00:00.2037758
Activity.Tags:
[22:29:09 INF] Executing ObjectResult, writing value of type '<>f__AnonymousType2`3[[System.Nullable`1[[System.Guid, System.Private.CoreLib, Version=9.0.0.0, Culture=neutral, PublicKeyToken=7cec85d7bea7798e]], System.Private.CoreLib, Version=9.0.0.0, Culture=neutral, PublicKeyToken=7cec85d7bea7798e],[System.Boolean, System.Private.CoreLib, Version=9.0.0.0, Culture=neutral, PublicKeyToken=7cec85d7bea7798e],[System.String, System.Private.CoreLib, Version=9.0.0.0, Culture=neutral, PublicKeyToken=7cec85d7bea7798e]]'.
    server.address: localhost
Activity.Tags:
Activity.TraceFlags:         Recorded
(2026-06-08T01:29:04.1873497Z, 2026-06-08T01:29:09.6962555Z] error.type: OperationCanceledException
Value: 42
Activity.DisplayName:        POST api/auth/login/admin
    http.request.method: POST
    server.address: localhost
Activity.Kind:               Server
    url.scheme: http
    http.request.method: POST
    url.path: /api/auth/login/seller
    url.scheme: http
    network.protocol.version: 1.1
    url.path: /api/auth/register/seller
Activity.StartTime:          2026-06-08T01:29:09.5754362Z
(2026-06-08T01:29:04.1873497Z, 2026-06-08T01:29:09.6962555Z] error.type: InvalidOperationException
Value: 4
[22:29:09 INF] Saved 2 entities to in-memory store.
    network.protocol.version: 1.1
(2026-06-08T01:29:04.1873497Z, 2026-06-08T01:29:09.6962555Z] error.type: FileNotFoundException
Value: 1
Activity.Duration:           00:00:00.1533589
    http.route: api/auth/login/seller
(2026-06-08T01:29:04.1873497Z, 2026-06-08T01:29:09.6962555Z] error.type: XunitException
Value: 44
    http.route: api/auth/register/seller
Activity.Tags:
    http.response.status_code: 201
(2026-06-08T01:29:04.1873497Z, 2026-06-08T01:29:09.6962555Z] error.type: NpgsqlException
Value: 24
    server.address: localhost
Instrumentation scope (ActivitySource):
(2026-06-08T01:29:04.1873497Z, 2026-06-08T01:29:09.6962555Z] error.type: ObjectDisposedException
Value: 21
[22:29:09 INF] Request starting HTTP/1.1 POST http://localhost/api/subscriptions/contract - application/json; charset=utf-8 null
    Name: Microsoft.AspNetCore
Metric Name: dotnet.process.cpu.count, Description: The number of processors available to the process., Unit: {cpu}, Metric Type: LongSumNonMonotonic
Instrumentation scope (Meter):
Resource associated with Activity:
	Name: System.Runtime
    telemetry.sdk.name: opentelemetry
    telemetry.sdk.language: dotnet
    telemetry.sdk.version: 1.14.0
(2026-06-08T01:29:04.1874988Z, 2026-06-08T01:29:09.6962557Z]  
Value: 12
    service.name: unknown_service:testhost
Metric Name: dotnet.process.cpu.time, Description: CPU time used by the process., Unit: s, Metric Type: DoubleSum
Instrumentation scope (Meter):
	Name: System.Runtime
    http.response.status_code: 200
Instrumentation scope (ActivitySource):
Activity.TraceId:            49290a466bf7081dd2f1142e0c7fa1ef
    http.request.method: POST
    Name: Microsoft.AspNetCore
Activity.SpanId:             71c9aa618cb3b85e
    url.scheme: http
Activity.TraceFlags:         Recorded
    url.path: /api/auth/login/admin
Activity.DisplayName:        POST api/auth/register/seller
    network.protocol.version: 1.1
Activity.Kind:               Server
Resource associated with Activity:
    http.route: api/auth/login/admin
    telemetry.sdk.name: opentelemetry
Activity.StartTime:          2026-06-08T01:29:09.5250184Z
    http.response.status_code: 200
    telemetry.sdk.language: dotnet
Activity.Duration:           00:00:00.2037758
Instrumentation scope (ActivitySource):
    telemetry.sdk.version: 1.14.0
    Name: Microsoft.AspNetCore
    service.name: unknown_service:testhost
Resource associated with Activity:
[22:29:09 INF] Executed action Urbeat.WebApi.Controllers.AuthController.LoginSeller (Urbeat.WebApi) in 110.8981ms
    telemetry.sdk.name: opentelemetry
Activity.TraceId:            64818e5cdb904288e881ee6202ee2575
    telemetry.sdk.language: dotnet
Activity.SpanId:             fe412ed0000bb08c
    telemetry.sdk.version: 1.14.0
Activity.TraceFlags:         Recorded
    service.name: unknown_service:testhost
Activity.DisplayName:        POST api/auth/login/seller
Activity.Kind:               Server
[22:29:09 INF] Saved 1 entities to in-memory store.
Activity.StartTime:          2026-06-08T01:29:09.6597512Z
Activity.TraceId:            a5e2ad328d48f5153607392b1f167153
Activity.Duration:           00:00:00.1444075
Activity.SpanId:             065af754d1b4c4a9
Activity.Tags:
Activity.TraceFlags:         Recorded
    server.address: localhost
Activity.DisplayName:        POST api/auth/login/admin
    http.request.method: POST
    url.scheme: http
    url.path: /api/auth/login/seller
    network.protocol.version: 1.1
    http.route: api/auth/login/seller
Activity.Kind:               Server
    http.response.status_code: 200
Instrumentation scope (ActivitySource):
    Name: Microsoft.AspNetCore
Activity.StartTime:          2026-06-08T01:29:09.5754362Z
Resource associated with Activity:
Activity.Duration:           00:00:00.1533589
    telemetry.sdk.name: opentelemetry
Activity.Tags:
    telemetry.sdk.language: dotnet
    server.address: localhost
    telemetry.sdk.version: 1.14.0
    http.request.method: POST
    service.name: unknown_service:testhost
    url.scheme: http
    url.path: /api/auth/login/admin
[22:29:09 INF] Route matched with {action = "LoginSeller", controller = "Auth"}. Executing controller action with signature System.Threading.Tasks.Task`1[Microsoft.AspNetCore.Mvc.IActionResult] LoginSeller(Urbeat.Application.DTOs.LoginRequestDto, System.Threading.CancellationToken) on controller Urbeat.WebApi.Controllers.AuthController (Urbeat.WebApi).
Activity.TraceId:            64818e5cdb904288e881ee6202ee2575
Activity.Tags:
Activity.SpanId:             fe412ed0000bb08c
[22:29:09 INF] Server fabio-mobile:44964:0edc7e94 has been stopped in total 108,6811 ms
(2026-06-08T01:29:04.1875232Z, 2026-06-08T01:29:09.6962565Z] cpu.mode: user
Value: 13.546875
[22:29:09 INF] Saved 1 entities to in-memory store.
[22:29:09 INF] Executed endpoint 'Urbeat.WebApi.Controllers.AuthController.LoginSeller (Urbeat.WebApi)'
    network.protocol.version: 1.1
(2026-06-08T01:29:04.1875232Z, 2026-06-08T01:29:09.6962565Z] cpu.mode: system
Value: 2.328125
    http.route: api/auth/login/admin
    http.response.status_code: 200
Instrumentation scope (ActivitySource):
    Name: Microsoft.AspNetCore
Resource associated with Activity:
    telemetry.sdk.name: opentelemetry
    telemetry.sdk.language: dotnet
Metric Name: dns.lookup.duration, Description: Measures the time taken to perform a DNS lookup., Unit: s, Metric Type: Histogram
    telemetry.sdk.version: 1.14.0
Instrumentation scope (Meter):
    service.name: unknown_service:testhost
	Name: System.Net.NameResolution
[22:29:09 INF] SellerRegistered | Registration succeeded | UserId=019ea4d9-1161-78a2-8cce-cba37ce00fd6 | Email=categories.flow.ac6294668ab74fc78c2e2da0faffc629@urbeat.local | Role=Seller
[22:29:09 INF] Executed action Urbeat.WebApi.Controllers.AuthController.RegisterCustomer (Urbeat.WebApi) in 197.3542ms
(2026-06-08T01:29:04.2010632Z, 2026-06-08T01:29:09.6962574Z] dns.question.name: localhost
Value: Sum: 0.0069703000000000005 Count: 6 Min: 0.000572 Max: 0.003488 
(-Infinity,0,005]:6
(0,005,0,01]:0
(0,01,0,025]:0
(0,025,0,05]:0
(0,05,0,075]:0
(0,075,0,1]:0
(0,1,0,25]:0
(0,25,0,5]:0
(0,5,0,75]:0
(0,75,1]:0
(1,2,5]:0
(2,5,5]:0
(5,7,5]:0
(7,5,10]:0
(10,+Infinity]:0
    server.address: localhost
Metric Name: aspnetcore.routing.match_attempts, Description: Number of requests that were attempted to be matched to an endpoint., Unit: {match_attempt}, Metric Type: LongSum
    http.request.method: POST
Instrumentation scope (Meter):
    url.scheme: http
	Name: Microsoft.AspNetCore.Routing
    url.path: /api/auth/register/seller
(2026-06-08T01:29:05.8087339Z, 2026-06-08T01:29:09.6962589Z] aspnetcore.routing.is_fallback: false aspnetcore.routing.match_status: success http.route: api/auth/login/admin
Value: 5
    network.protocol.version: 1.1
    http.route: api/auth/register/seller
(2026-06-08T01:29:05.8087339Z, 2026-06-08T01:29:09.6962589Z] aspnetcore.routing.is_fallback: false aspnetcore.routing.match_status: success http.route: api/auth/register/customer
Value: 6
    http.response.status_code: 201
Instrumentation scope (ActivitySource):
(2026-06-08T01:29:05.8087339Z, 2026-06-08T01:29:09.6962589Z] aspnetcore.routing.is_fallback: false aspnetcore.routing.match_status: success http.route: api/address-lookup/cep/{cep}
Value: 1
    Name: Microsoft.AspNetCore
Resource associated with Activity:
(2026-06-08T01:29:05.8087339Z, 2026-06-08T01:29:09.6962589Z] aspnetcore.routing.is_fallback: false aspnetcore.routing.match_status: success http.route: api/auth/register/seller
Value: 24
    telemetry.sdk.name: opentelemetry
(2026-06-08T01:29:05.8087339Z, 2026-06-08T01:29:09.6962589Z] aspnetcore.routing.is_fallback: false aspnetcore.routing.match_status: success http.route: api/stores/{storeId}/categories
Value: 3
    telemetry.sdk.language: dotnet
    telemetry.sdk.version: 1.14.0
(2026-06-08T01:29:05.8087339Z, 2026-06-08T01:29:09.6962589Z] aspnetcore.routing.is_fallback: false aspnetcore.routing.match_status: success http.route: api/customer/home
Value: 3
    service.name: unknown_service:testhost
(2026-06-08T01:29:05.8087339Z, 2026-06-08T01:29:09.6962589Z] aspnetcore.routing.is_fallback: false aspnetcore.routing.match_status: success http.route: api/admin/dashboard
Value: 3
(2026-06-08T01:29:05.8087339Z, 2026-06-08T01:29:09.6962589Z] aspnetcore.routing.is_fallback: false aspnetcore.routing.match_status: success http.route: api/seller/panel
Value: 3
[22:29:09 INF] Executed endpoint 'Urbeat.WebApi.Controllers.AuthController.RegisterCustomer (Urbeat.WebApi)'
(2026-06-08T01:29:05.8087339Z, 2026-06-08T01:29:09.6962589Z] aspnetcore.routing.is_fallback: false aspnetcore.routing.match_status: success http.route: api/admin/plans
Value: 5
(2026-06-08T01:29:05.8087339Z, 2026-06-08T01:29:09.6962589Z] aspnetcore.routing.is_fallback: false aspnetcore.routing.match_status: success http.route: api/auth/login/customer
Value: 4
(2026-06-08T01:29:05.8087339Z, 2026-06-08T01:29:09.6962589Z] aspnetcore.routing.is_fallback: false aspnetcore.routing.match_status: success http.route: api/auth/login/seller
Value: 15
(2026-06-08T01:29:05.8087339Z, 2026-06-08T01:29:09.6962589Z] aspnetcore.routing.is_fallback: false aspnetcore.routing.match_status: success http.route: api/auth/email/resend-confirmation
Value: 5
(2026-06-08T01:29:05.8087339Z, 2026-06-08T01:29:09.6962589Z] aspnetcore.routing.is_fallback: false aspnetcore.routing.match_status: success http.route: api/auth/email/confirm/{code}
Value: 4
(2026-06-08T01:29:05.8087339Z, 2026-06-08T01:29:09.6962589Z] aspnetcore.routing.is_fallback: false aspnetcore.routing.match_status: success http.route: api/stores
Value: 14
(2026-06-08T01:29:05.8087339Z, 2026-06-08T01:29:09.6962589Z] aspnetcore.routing.is_fallback: false aspnetcore.routing.match_status: success http.route: api/customer/addresses
Value: 7
[22:29:09 INF] HTTP POST /api/auth/login/seller responded 200 in 233.2080 ms
(2026-06-08T01:29:05.8087339Z, 2026-06-08T01:29:09.6962589Z] aspnetcore.routing.is_fallback: false aspnetcore.routing.match_status: success http.route: api/stores/cuisine-types
Value: 1
(2026-06-08T01:29:05.8087339Z, 2026-06-08T01:29:09.6962589Z] aspnetcore.routing.is_fallback: false aspnetcore.routing.match_status: success http.route: api/admin/plans/{planId}
Value: 1
[22:29:09 INF] HTTP POST /api/auth/register/customer responded 201 in 236.9283 ms
(2026-06-08T01:29:05.8087339Z, 2026-06-08T01:29:09.6962589Z] aspnetcore.routing.is_fallback: false aspnetcore.routing.match_status: success http.route: api/admin/plans/{planId}/status
Value: 1
(2026-06-08T01:29:05.8087339Z, 2026-06-08T01:29:09.6962589Z] aspnetcore.routing.is_fallback: false aspnetcore.routing.match_status: success http.route: api/auth/email/confirm
Value: 2
(2026-06-08T01:29:05.8087339Z, 2026-06-08T01:29:09.6962589Z] aspnetcore.routing.is_fallback: false aspnetcore.routing.match_status: success http.route: api/stores/{storeId}/status
Value: 4
(2026-06-08T01:29:05.8087339Z, 2026-06-08T01:29:09.6962589Z] aspnetcore.routing.is_fallback: false aspnetcore.routing.match_status: success http.route: api/stores/{storeId}/delivery-config
Value: 4
(2026-06-08T01:29:05.8087339Z, 2026-06-08T01:29:09.6962589Z] aspnetcore.routing.is_fallback: false aspnetcore.routing.match_status: success http.route: api/stores/{storeId}/categories/{categoryId}
Value: 2
(2026-06-08T01:29:05.8087339Z, 2026-06-08T01:29:09.6962589Z] aspnetcore.routing.is_fallback: false aspnetcore.routing.match_status: success http.route: api/stores/my-store
Value: 3
(2026-06-08T01:29:05.8087339Z, 2026-06-08T01:29:09.6962589Z] aspnetcore.routing.is_fallback: false aspnetcore.routing.match_status: success http.route: api/admin/subscriptions/status
Value: 1
(2026-06-08T01:29:05.8087339Z, 2026-06-08T01:29:09.6962589Z] aspnetcore.routing.is_fallback: false aspnetcore.routing.match_status: success http.route: api/subscriptions/my
Value: 2
(2026-06-08T01:29:05.8087339Z, 2026-06-08T01:29:09.6962589Z] aspnetcore.routing.is_fallback: false aspnetcore.routing.match_status: success http.route: api/subscriptions/contract
Value: 1
(2026-06-08T01:29:05.8087339Z, 2026-06-08T01:29:09.6962589Z] aspnetcore.routing.is_fallback: false aspnetcore.routing.match_status: success http.route: api/subscriptions/plans
Value: 1
(2026-06-08T01:29:05.8087339Z, 2026-06-08T01:29:09.6962589Z] aspnetcore.routing.is_fallback: false aspnetcore.routing.match_status: success http.route: api/orders
Value: 1
(2026-06-08T01:29:05.8087339Z, 2026-06-08T01:29:09.6962589Z] aspnetcore.routing.is_fallback: false aspnetcore.routing.match_status: success http.route: api/checkout/preview
Value: 1
Metric Name: aspnetcore.routing.match_attempts, Description: Number of requests that were attempted to be matched to an endpoint., Unit: {match_attempt}, Metric Type: LongSum
Instrumentation scope (Meter):
	Name: Microsoft.AspNetCore.Routing
(2026-06-08T01:29:07.4203468Z, 2026-06-08T01:29:09.6962614Z] aspnetcore.routing.is_fallback: false aspnetcore.routing.match_status: success http.route: /health
Value: 1
Metric Name: http.server.active_requests, Description: Number of active HTTP server requests., Unit: {request}, Metric Type: LongSumNonMonotonic
Instrumentation scope (Meter):
	Name: Microsoft.AspNetCore.Hosting
(2026-06-08T01:29:07.9115797Z, 2026-06-08T01:29:09.6962661Z] http.request.method: POST url.scheme: http
Value: 2
(2026-06-08T01:29:07.9115797Z, 2026-06-08T01:29:09.6962661Z] http.request.method: PATCH url.scheme: http
Value: 0
Metric Name: http.server.request.duration, Description: Duration of HTTP server requests., Unit: s, Metric Type: Histogram
Instrumentation scope (Meter):
	Name: Microsoft.AspNetCore.Hosting
[22:29:09 INF] Request finished HTTP/1.1 POST http://localhost/api/auth/login/seller - 200 null application/json; charset=utf-8 236.5499ms
(2026-06-08T01:29:07.9118050Z, 2026-06-08T01:29:09.6962689Z] http.request.method: POST http.response.status_code: 201 http.route: api/auth/register/seller network.protocol.version: 1.1 url.scheme: http
Value: Sum: 0.9051142999999999 Count: 3 Min: 0.2655861 Max: 0.362994 
(-Infinity,0,005]:0
(0,005,0,01]:0
(0,01,0,025]:0
(0,025,0,05]:0
(0,05,0,075]:0
(0,075,0,1]:0
(0,1,0,25]:0
(0,25,0,5]:3
(0,5,0,75]:0
(0,75,1]:0
(1,2,5]:0
(2,5,5]:0
(5,7,5]:0
(7,5,10]:0
(10,+Infinity]:0
[22:29:09 INF] Request finished HTTP/1.1 POST http://localhost/api/auth/register/customer - 201 null application/json; charset=utf-8 238.0296ms
(2026-06-08T01:29:07.9118050Z, 2026-06-08T01:29:09.6962689Z] http.request.method: POST http.response.status_code: 200 http.route: api/auth/login/seller network.protocol.version: 1.1 url.scheme: http
Value: Sum: 0.2353817 Count: 1 Min: 0.2353817 Max: 0.2353817 
(-Infinity,0,005]:0
(0,005,0,01]:0
(0,01,0,025]:0
(0,025,0,05]:0
(0,05,0,075]:0
(0,075,0,1]:0
(0,1,0,25]:1
(0,25,0,5]:0
(0,5,0,75]:0
(0,75,1]:0
(1,2,5]:0
(2,5,5]:0
(5,7,5]:0
(7,5,10]:0
(10,+Infinity]:0
(2026-06-08T01:29:07.9118050Z, 2026-06-08T01:29:09.6962689Z] http.request.method: POST http.response.status_code: 201 http.route: api/stores network.protocol.version: 1.1 url.scheme: http
Value: Sum: 0.1518162 Count: 1 Min: 0.1518162 Max: 0.1518162 
(-Infinity,0,005]:0
(0,005,0,01]:0
(0,01,0,025]:0
(0,025,0,05]:0
(0,05,0,075]:0
(0,075,0,1]:0
(0,1,0,25]:1
(0,25,0,5]:0
(0,5,0,75]:0
(0,75,1]:0
(1,2,5]:0
(2,5,5]:0
(5,7,5]:0
(7,5,10]:0
(10,+Infinity]:0
(2026-06-08T01:29:07.9118050Z, 2026-06-08T01:29:09.6962689Z] http.request.method: PATCH http.response.status_code: 200 http.route: api/stores/{storeId}/status network.protocol.version: 1.1 url.scheme: http
Value: Sum: 0.0343557 Count: 1 Min: 0.0343557 Max: 0.0343557 
(-Infinity,0,005]:0
(0,005,0,01]:0
(0,01,0,025]:0
(0,025,0,05]:1
(0,05,0,075]:0
(0,075,0,1]:0
(0,1,0,25]:0
(0,25,0,5]:0
(0,5,0,75]:0
(0,75,1]:0
(1,2,5]:0
(2,5,5]:0
(5,7,5]:0
(7,5,10]:0
(10,+Infinity]:0
[22:29:09 INF] Request starting HTTP/1.1 POST http://localhost/api/auth/login/seller - application/json; charset=utf-8 null
(2026-06-08T01:29:07.9118050Z, 2026-06-08T01:29:09.6962689Z] http.request.method: PATCH http.response.status_code: 200 http.route: api/stores/{storeId}/delivery-config network.protocol.version: 1.1 url.scheme: http
Value: Sum: 0.1221238 Count: 1 Min: 0.1221238 Max: 0.1221238 
(-Infinity,0,005]:0
(0,005,0,01]:0
(0,01,0,025]:0
(0,025,0,05]:0
(0,05,0,075]:0
(0,075,0,1]:0
(0,1,0,25]:1
(0,25,0,5]:0
(0,5,0,75]:0
(0,75,1]:0
(1,2,5]:0
(2,5,5]:0
(5,7,5]:0
(7,5,10]:0
(10,+Infinity]:0
[22:29:09 INF] Executing endpoint 'Urbeat.WebApi.Controllers.SubscriptionsController.Contract (Urbeat.WebApi)'
Activity.TraceFlags:         Recorded
Metric Name: aspnetcore.routing.match_attempts, Description: Number of requests that were attempted to be matched to an endpoint., Unit: {match_attempt}, Metric Type: LongSum
Instrumentation scope (Meter):
	Name: Microsoft.AspNetCore.Routing
(2026-06-08T01:29:07.9808115Z, 2026-06-08T01:29:09.6962695Z] aspnetcore.routing.is_fallback: false aspnetcore.routing.match_status: success http.route: api/auth/register/seller
Value: 3
(2026-06-08T01:29:07.9808115Z, 2026-06-08T01:29:09.6962695Z] aspnetcore.routing.is_fallback: false aspnetcore.routing.match_status: success http.route: api/auth/login/seller
Value: 2
(2026-06-08T01:29:07.9808115Z, 2026-06-08T01:29:09.6962695Z] aspnetcore.routing.is_fallback: false aspnetcore.routing.match_status: success http.route: api/stores
Value: 1
(2026-06-08T01:29:07.9808115Z, 2026-06-08T01:29:09.6962695Z] aspnetcore.routing.is_fallback: false aspnetcore.routing.match_status: success http.route: api/stores/{storeId}/status
Value: 1
(2026-06-08T01:29:07.9808115Z, 2026-06-08T01:29:09.6962695Z] aspnetcore.routing.is_fallback: false aspnetcore.routing.match_status: success http.route: api/stores/{storeId}/delivery-config
Value: 1
(2026-06-08T01:29:07.9808115Z, 2026-06-08T01:29:09.6962695Z] aspnetcore.routing.is_fallback: false aspnetcore.routing.match_status: success http.route: api/auth/register/customer
Value: 1
Activity.DisplayName:        POST api/auth/login/seller
Activity.TraceId:            f12f0e2b1087381c7594fa46c1a47846
Activity.SpanId:             4f286a54f426ee35
[22:29:09 INF] Route matched with {action = "Contract", controller = "Subscriptions"}. Executing controller action with signature System.Threading.Tasks.Task`1[Microsoft.AspNetCore.Mvc.IActionResult] Contract(Urbeat.Application.DTOs.ContractSellerSubscriptionRequestDto, System.Threading.CancellationToken) on controller Urbeat.WebApi.Controllers.SubscriptionsController (Urbeat.WebApi).
Activity.TraceFlags:         Recorded
Activity.DisplayName:        POST api/auth/login/seller
Activity.Kind:               Server
Activity.Kind:               Server
Activity.StartTime:          2026-06-08T01:29:09.6193727Z
Activity.StartTime:          2026-06-08T01:29:09.6597512Z
Activity.Duration:           00:00:00.2366186
Activity.Duration:           00:00:00.1444075
Activity.Tags:
Activity.Tags:
    server.address: localhost
    http.request.method: POST
    url.scheme: http
    url.path: /api/auth/login/seller
    network.protocol.version: 1.1
    http.route: api/auth/login/seller
    server.address: localhost
    http.response.status_code: 200
    http.request.method: POST
    url.scheme: http
    url.path: /api/auth/login/seller
    network.protocol.version: 1.1
    http.route: api/auth/login/seller
Instrumentation scope (ActivitySource):
    Name: Microsoft.AspNetCore
    http.response.status_code: 200
Resource associated with Activity:
Instrumentation scope (ActivitySource):
    Name: Microsoft.AspNetCore
Resource associated with Activity:
    telemetry.sdk.name: opentelemetry
    telemetry.sdk.name: opentelemetry
    telemetry.sdk.language: dotnet
    telemetry.sdk.version: 1.14.0
    telemetry.sdk.language: dotnet
    telemetry.sdk.version: 1.14.0
    service.name: unknown_service:testhost
    service.name: unknown_service:testhost
Activity.TraceId:            64818e5cdb904288e881ee6202ee2575
Activity.TraceId:            f12f0e2b1087381c7594fa46c1a47846
Activity.SpanId:             fe412ed0000bb08c
Activity.SpanId:             4f286a54f426ee35
Activity.TraceFlags:         Recorded
Activity.TraceFlags:         Recorded
Activity.DisplayName:        POST api/auth/login/seller
Activity.DisplayName:        POST api/auth/login/seller
Activity.Kind:               Server
Activity.Kind:               Server
Activity.StartTime:          2026-06-08T01:29:09.6193727Z
Activity.Duration:           00:00:00.2366186
Activity.Tags:
Activity.StartTime:          2026-06-08T01:29:09.6597512Z
    server.address: localhost
Activity.Duration:           00:00:00.1444075
Activity.TraceId:            a5e2ad328d48f5153607392b1f167153
    http.request.method: POST
Activity.SpanId:             065af754d1b4c4a9
    url.scheme: http
Activity.TraceFlags:         Recorded
    url.path: /api/auth/login/seller
Activity.DisplayName:        POST api/auth/login/admin
    network.protocol.version: 1.1
Activity.Kind:               Server
    http.route: api/auth/login/seller
    http.response.status_code: 200
Activity.Tags:
Instrumentation scope (ActivitySource):
    server.address: localhost
    http.request.method: POST
    url.scheme: http
    Name: Microsoft.AspNetCore
Resource associated with Activity:
    url.path: /api/auth/login/seller
    telemetry.sdk.name: opentelemetry
    network.protocol.version: 1.1
Activity.StartTime:          2026-06-08T01:29:09.5754362Z
    telemetry.sdk.language: dotnet
    http.route: api/auth/login/seller
Activity.Duration:           00:00:00.1533589
    telemetry.sdk.version: 1.14.0
Activity.Tags:
    service.name: unknown_service:testhost
    http.response.status_code: 200
    server.address: localhost
    http.request.method: POST
Instrumentation scope (ActivitySource):
Activity.TraceId:            f12f0e2b1087381c7594fa46c1a47846
    url.scheme: http
Activity.SpanId:             4f286a54f426ee35
    Name: Microsoft.AspNetCore
Activity.TraceFlags:         Recorded
    url.path: /api/auth/login/admin
Resource associated with Activity:
Activity.DisplayName:        POST api/auth/login/seller
    telemetry.sdk.name: opentelemetry
[22:29:09 INF] Executing endpoint 'Urbeat.WebApi.Controllers.AuthController.LoginSeller (Urbeat.WebApi)'
Activity.Kind:               Server
    network.protocol.version: 1.1
    telemetry.sdk.language: dotnet
    http.route: api/auth/login/admin
Activity.StartTime:          2026-06-08T01:29:09.6193727Z
    http.response.status_code: 200
Activity.Duration:           00:00:00.2366186
    telemetry.sdk.version: 1.14.0
Instrumentation scope (ActivitySource):
Activity.Tags:
    service.name: unknown_service:testhost
    server.address: localhost
    Name: Microsoft.AspNetCore
    http.request.method: POST
Resource associated with Activity:
Activity.TraceId:            64818e5cdb904288e881ee6202ee2575
    url.scheme: http
    telemetry.sdk.name: opentelemetry
    url.path: /api/auth/login/seller
Activity.SpanId:             fe412ed0000bb08c
    network.protocol.version: 1.1
Activity.TraceFlags:         Recorded
    http.route: api/auth/login/seller
Activity.DisplayName:        POST api/auth/login/seller
    telemetry.sdk.language: dotnet
    http.response.status_code: 200
Activity.Kind:               Server
Instrumentation scope (ActivitySource):
    telemetry.sdk.version: 1.14.0
    Name: Microsoft.AspNetCore
    service.name: unknown_service:testhost
Resource associated with Activity:
Activity.TraceId:            4777377380320414ae9fa2852ff3c77d
[22:29:09 INF] Route matched with {action = "LoginSeller", controller = "Auth"}. Executing controller action with signature System.Threading.Tasks.Task`1[Microsoft.AspNetCore.Mvc.IActionResult] LoginSeller(Urbeat.Application.DTOs.LoginRequestDto, System.Threading.CancellationToken) on controller Urbeat.WebApi.Controllers.AuthController (Urbeat.WebApi).
Activity.SpanId:             4657416d6e11c9fc
Activity.TraceFlags:         Recorded
[22:29:09 INF] Executing action method Urbeat.WebApi.Controllers.SubscriptionsController.Contract (Urbeat.WebApi) - Validation state: Valid
Activity.DisplayName:        POST api/auth/register/customer
Activity.Kind:               Server
Activity.StartTime:          2026-06-08T01:29:09.6597512Z
Activity.StartTime:          2026-06-08T01:29:09.6178215Z
Activity.Duration:           00:00:00.2382047
Activity.Tags:
    telemetry.sdk.name: opentelemetry
    server.address: localhost
    http.request.method: POST
    telemetry.sdk.language: dotnet
    url.scheme: http
    telemetry.sdk.version: 1.14.0
    url.path: /api/auth/register/customer
    service.name: unknown_service:testhost
    network.protocol.version: 1.1
    http.route: api/auth/register/customer
    http.response.status_code: 201
Instrumentation scope (ActivitySource):
Activity.TraceId:            f12f0e2b1087381c7594fa46c1a47846
    Name: Microsoft.AspNetCore
Activity.SpanId:             4f286a54f426ee35
Resource associated with Activity:
Activity.Duration:           00:00:00.1444075
Activity.TraceFlags:         Recorded
Activity.Tags:
Activity.DisplayName:        POST api/auth/login/seller
    telemetry.sdk.name: opentelemetry
Activity.Kind:               Server
    server.address: localhost
    telemetry.sdk.language: dotnet
    http.request.method: POST
    telemetry.sdk.version: 1.14.0
Activity.StartTime:          2026-06-08T01:29:09.6193727Z
    service.name: unknown_service:testhost
    url.scheme: http
Activity.Duration:           00:00:00.2366186
    url.path: /api/auth/login/seller
    network.protocol.version: 1.1
Activity.Tags:
    server.address: localhost
    http.route: api/auth/login/seller
    http.request.method: POST
    http.response.status_code: 200
    url.scheme: http
Instrumentation scope (ActivitySource):
    url.path: /api/auth/login/seller
    Name: Microsoft.AspNetCore
    network.protocol.version: 1.1
Resource associated with Activity:
    http.route: api/auth/login/seller
    telemetry.sdk.name: opentelemetry
    http.response.status_code: 200
    telemetry.sdk.language: dotnet
Instrumentation scope (ActivitySource):
    telemetry.sdk.version: 1.14.0
    Name: Microsoft.AspNetCore
Resource associated with Activity:
    service.name: unknown_service:testhost
    telemetry.sdk.name: opentelemetry
    telemetry.sdk.language: dotnet
    telemetry.sdk.version: 1.14.0
Activity.TraceId:            64818e5cdb904288e881ee6202ee2575
    service.name: unknown_service:testhost
Activity.SpanId:             fe412ed0000bb08c
Activity.TraceFlags:         Recorded
Activity.DisplayName:        POST api/auth/login/seller
Activity.Kind:               Server
Activity.TraceId:            f12f0e2b1087381c7594fa46c1a47846
Activity.SpanId:             4f286a54f426ee35
Activity.StartTime:          2026-06-08T01:29:09.6597512Z
Activity.TraceFlags:         Recorded
Activity.Duration:           00:00:00.1444075
Activity.DisplayName:        POST api/auth/login/seller
Activity.Tags:
Activity.Kind:               Server
    server.address: localhost
    http.request.method: POST
Activity.StartTime:          2026-06-08T01:29:09.6193727Z
    url.scheme: http
Activity.Duration:           00:00:00.2366186
    url.path: /api/auth/login/seller
Activity.Tags:
    network.protocol.version: 1.1
    server.address: localhost
    http.route: api/auth/login/seller
    http.request.method: POST
    http.response.status_code: 200
    url.scheme: http
Instrumentation scope (ActivitySource):
    Name: Microsoft.AspNetCore
    url.path: /api/auth/login/seller
Resource associated with Activity:
    network.protocol.version: 1.1
    telemetry.sdk.name: opentelemetry
    http.route: api/auth/login/seller
    telemetry.sdk.language: dotnet
    telemetry.sdk.version: 1.14.0
    http.response.status_code: 200
    service.name: unknown_service:testhost
Instrumentation scope (ActivitySource):
Activity.TraceId:            64818e5cdb904288e881ee6202ee2575
Activity.SpanId:             fe412ed0000bb08c
    Name: Microsoft.AspNetCore
Activity.TraceFlags:         Recorded
Resource associated with Activity:
[22:29:09 INF] Executed action method Urbeat.WebApi.Controllers.AuthController.RegisterSeller (Urbeat.WebApi), returned result Microsoft.AspNetCore.Mvc.ObjectResult in 127.4788ms.
Activity.DisplayName:        POST api/auth/login/seller
Activity.Kind:               Server
Activity.StartTime:          2026-06-08T01:29:09.6597512Z
Activity.Duration:           00:00:00.1444075
Activity.Tags:
    server.address: localhost
    http.request.method: POST
    telemetry.sdk.name: opentelemetry
    url.scheme: http
    url.path: /api/auth/login/seller
    network.protocol.version: 1.1
    telemetry.sdk.language: dotnet
    http.route: api/auth/login/seller
    telemetry.sdk.version: 1.14.0
    http.response.status_code: 200
    service.name: unknown_service:testhost
Instrumentation scope (ActivitySource):
    Name: Microsoft.AspNetCore
Resource associated with Activity:
    telemetry.sdk.name: opentelemetry
    telemetry.sdk.language: dotnet
    telemetry.sdk.version: 1.14.0
    service.name: unknown_service:testhost
Activity.TraceId:            f12f0e2b1087381c7594fa46c1a47846
Activity.SpanId:             4f286a54f426ee35
Activity.TraceId:            64818e5cdb904288e881ee6202ee2575
Activity.TraceFlags:         Recorded
Activity.SpanId:             fe412ed0000bb08c
Activity.DisplayName:        POST api/auth/login/seller
Activity.TraceFlags:         Recorded
Activity.DisplayName:        POST api/auth/login/seller
Activity.Kind:               Server
Activity.Kind:               Server
Activity.StartTime:          2026-06-08T01:29:09.6597512Z
Activity.Duration:           00:00:00.1444075
Activity.Tags:
    server.address: localhost
    http.request.method: POST
Activity.StartTime:          2026-06-08T01:29:09.6193727Z
    url.scheme: http
    url.path: /api/auth/login/seller
Activity.Duration:           00:00:00.2366186
    network.protocol.version: 1.1
Activity.Tags:
    http.route: api/auth/login/seller
    http.response.status_code: 200
    server.address: localhost
Instrumentation scope (ActivitySource):
    http.request.method: POST
[22:29:09 INF] Executing action method Urbeat.WebApi.Controllers.AuthController.LoginSeller (Urbeat.WebApi) - Validation state: Valid
    url.scheme: http
    url.path: /api/auth/login/seller
    network.protocol.version: 1.1
    http.route: api/auth/login/seller
[22:29:09 WRN] Failed to process the job 'd8d85e4e-eed8-431a-b090-549094606656': an exception occurred. Retry attempt 1 of 10 will be performed in 00:00:23.
System.ObjectDisposedException: Cannot access a disposed object.
Object name: 'IServiceProvider'.
   at Microsoft.Extensions.DependencyInjection.ServiceLookup.ThrowHelper.ThrowObjectDisposedException()
   at Microsoft.Extensions.DependencyInjection.ServiceProvider.CreateScope()
   at Hangfire.AspNetCore.AspNetCoreJobActivator.BeginScope(JobActivatorContext context) in C:\projects\hangfire-525\src\Hangfire.NetCore\AspNetCore\AspNetCoreJobActivator.cs:line 34
   at Hangfire.JobActivator.BeginScope(PerformContext context) in C:\projects\hangfire-525\src\Hangfire.Core\JobActivator.cs:line 66
   at Hangfire.Server.CoreBackgroundJobPerformer.Perform(PerformContext context) in C:\projects\hangfire-525\src\Hangfire.Core\Server\CoreBackgroundJobPerformer.cs:line 49
   at Hangfire.Server.BackgroundJobPerformer.InvokeNextServerFilter(Enumerator& enumerator, IBackgroundJobPerformer innerPerformer, PerformContext context, PerformingContext preContext) in C:\projects\hangfire-525\src\Hangfire.Core\Server\BackgroundJobPerformer.cs:line 133
   at Hangfire.Server.BackgroundJobPerformer.InvokeServerFilter(Enumerator& enumerator, IBackgroundJobPerformer innerPerformer, PerformContext context, PerformingContext preContext) in C:\projects\hangfire-525\src\Hangfire.Core\Server\BackgroundJobPerformer.cs:line 174
   at Hangfire.Server.BackgroundJobPerformer.InvokeNextServerFilter(Enumerator& enumerator, IBackgroundJobPerformer innerPerformer, PerformContext context, PerformingContext preContext) in C:\projects\hangfire-525\src\Hangfire.Core\Server\BackgroundJobPerformer.cs:line 130
   at Hangfire.Server.BackgroundJobPerformer.PerformJobWithFilters(PerformContext context, FilterCollection`1 filters) in C:\projects\hangfire-525\src\Hangfire.Core\Server\BackgroundJobPerformer.cs:line 119
   at Hangfire.Server.BackgroundJobPerformer.Perform(PerformContext context) in C:\projects\hangfire-525\src\Hangfire.Core\Server\BackgroundJobPerformer.cs:line 78
   at Hangfire.Server.Worker.PerformJob(BackgroundProcessContext context, IStorageConnection connection, String jobId, BackgroundJob backgroundJob, IReadOnlyDictionary`2& customData) in C:\projects\hangfire-525\src\Hangfire.Core\Server\Worker.cs:line 320
    Name: Microsoft.AspNetCore
[22:29:09 INF] Executing action method Urbeat.WebApi.Controllers.AuthController.LoginSeller (Urbeat.WebApi) - Validation state: Valid
Resource associated with Activity:
[22:29:09 INF] Executing ObjectResult, writing value of type '<>f__AnonymousType2`3[[System.Nullable`1[[System.Guid, System.Private.CoreLib, Version=9.0.0.0, Culture=neutral, PublicKeyToken=7cec85d7bea7798e]], System.Private.CoreLib, Version=9.0.0.0, Culture=neutral, PublicKeyToken=7cec85d7bea7798e],[System.Boolean, System.Private.CoreLib, Version=9.0.0.0, Culture=neutral, PublicKeyToken=7cec85d7bea7798e],[System.String, System.Private.CoreLib, Version=9.0.0.0, Culture=neutral, PublicKeyToken=7cec85d7bea7798e]]'.
Activity.TraceId:            4777377380320414ae9fa2852ff3c77d
    telemetry.sdk.name: opentelemetry
Activity.SpanId:             4657416d6e11c9fc
    telemetry.sdk.language: dotnet
Activity.TraceFlags:         Recorded
Activity.DisplayName:        POST api/auth/register/customer
Activity.Kind:               Server
    telemetry.sdk.version: 1.14.0
    http.response.status_code: 200
Activity.StartTime:          2026-06-08T01:29:09.6178215Z
    service.name: unknown_service:testhost
Activity.Duration:           00:00:00.2382047
Instrumentation scope (ActivitySource):
Activity.Tags:
    Name: Microsoft.AspNetCore
Resource associated with Activity:
    server.address: localhost
    http.request.method: POST
    telemetry.sdk.name: opentelemetry
Activity.TraceId:            64818e5cdb904288e881ee6202ee2575
    telemetry.sdk.language: dotnet
    url.scheme: http
    telemetry.sdk.version: 1.14.0
    url.path: /api/auth/register/customer
    service.name: unknown_service:testhost
    network.protocol.version: 1.1
Activity.SpanId:             fe412ed0000bb08c
Activity.TraceFlags:         Recorded
    http.route: api/auth/register/customer
Activity.DisplayName:        POST api/auth/login/seller
    http.response.status_code: 201
Activity.Kind:               Server
Activity.TraceId:            f12f0e2b1087381c7594fa46c1a47846
Instrumentation scope (ActivitySource):
Activity.StartTime:          2026-06-08T01:29:09.6597512Z
Activity.SpanId:             4f286a54f426ee35
    Name: Microsoft.AspNetCore
Activity.Duration:           00:00:00.1444075
Activity.TraceFlags:         Recorded
Resource associated with Activity:
Activity.Tags:
Activity.DisplayName:        POST api/auth/login/seller
    server.address: localhost
    telemetry.sdk.name: opentelemetry
Activity.Kind:               Server
    http.request.method: POST
    url.scheme: http
    telemetry.sdk.language: dotnet
    url.path: /api/auth/login/seller
    network.protocol.version: 1.1
Activity.StartTime:          2026-06-08T01:29:09.6193727Z
    telemetry.sdk.version: 1.14.0
Activity.Duration:           00:00:00.2366186
    http.route: api/auth/login/seller
Activity.Tags:
    http.response.status_code: 200
    service.name: unknown_service:testhost
Instrumentation scope (ActivitySource):
    server.address: localhost
    http.request.method: POST
    Name: Microsoft.AspNetCore
    url.scheme: http
Activity.TraceId:            4777377380320414ae9fa2852ff3c77d
Resource associated with Activity:
    url.path: /api/auth/login/seller
Activity.SpanId:             4657416d6e11c9fc
    telemetry.sdk.name: opentelemetry
    network.protocol.version: 1.1
    telemetry.sdk.language: dotnet
    http.route: api/auth/login/seller
Activity.TraceFlags:         Recorded
    telemetry.sdk.version: 1.14.0
    http.response.status_code: 200
Activity.DisplayName:        POST api/auth/register/customer
Instrumentation scope (ActivitySource):
    service.name: unknown_service:testhost
    Name: Microsoft.AspNetCore
Resource associated with Activity:
Activity.Kind:               Server
    telemetry.sdk.name: opentelemetry
Activity.StartTime:          2026-06-08T01:29:09.6178215Z
    telemetry.sdk.language: dotnet
Activity.Duration:           00:00:00.2382047
    telemetry.sdk.version: 1.14.0
Activity.Tags:
    server.address: localhost
    http.request.method: POST
    url.scheme: http
    service.name: unknown_service:testhost
[22:29:09 INF] Executed action Urbeat.WebApi.Controllers.AuthController.RegisterSeller (Urbeat.WebApi) in 142.1546ms
Activity.TraceId:            f12f0e2b1087381c7594fa46c1a47846
Activity.SpanId:             4f286a54f426ee35
Activity.TraceFlags:         Recorded
Activity.DisplayName:        POST api/auth/login/seller
    url.path: /api/auth/register/customer
Activity.Kind:               Server
    network.protocol.version: 1.1
    http.route: api/auth/register/customer
    http.response.status_code: 201
Activity.StartTime:          2026-06-08T01:29:09.6193727Z
Instrumentation scope (ActivitySource):
    Name: Microsoft.AspNetCore
Activity.Duration:           00:00:00.2366186
Resource associated with Activity:
[22:29:09 INF] Executed endpoint 'Urbeat.WebApi.Controllers.AuthController.RegisterSeller (Urbeat.WebApi)'
Activity.Tags:
    telemetry.sdk.name: opentelemetry
    telemetry.sdk.language: dotnet
    server.address: localhost
    telemetry.sdk.version: 1.14.0
    http.request.method: POST
    service.name: unknown_service:testhost
    url.scheme: http
    url.path: /api/auth/login/seller
    network.protocol.version: 1.1
Activity.TraceId:            4777377380320414ae9fa2852ff3c77d
    http.route: api/auth/login/seller
Activity.SpanId:             4657416d6e11c9fc
    http.response.status_code: 200
Activity.TraceFlags:         Recorded
Activity.DisplayName:        POST api/auth/register/customer
Instrumentation scope (ActivitySource):
Activity.Kind:               Server
    Name: Microsoft.AspNetCore
Resource associated with Activity:
Activity.StartTime:          2026-06-08T01:29:09.6178215Z
    telemetry.sdk.name: opentelemetry
Activity.Duration:           00:00:00.2382047
    telemetry.sdk.language: dotnet
Activity.Tags:
    server.address: localhost
    telemetry.sdk.version: 1.14.0
    http.request.method: POST
    service.name: unknown_service:testhost
    url.scheme: http
    url.path: /api/auth/register/customer
    network.protocol.version: 1.1
    http.route: api/auth/register/customer
    http.response.status_code: 201
Instrumentation scope (ActivitySource):
    Name: Microsoft.AspNetCore
Activity.TraceId:            f12f0e2b1087381c7594fa46c1a47846
Resource associated with Activity:
Activity.SpanId:             4f286a54f426ee35
    telemetry.sdk.name: opentelemetry
    telemetry.sdk.language: dotnet
Activity.TraceFlags:         Recorded
    telemetry.sdk.version: 1.14.0
Activity.DisplayName:        POST api/auth/login/seller
    service.name: unknown_service:testhost
Resource associated with Metrics:
	telemetry.sdk.name: opentelemetry
Activity.Kind:               Server
	telemetry.sdk.language: dotnet
Activity.StartTime:          2026-06-08T01:29:09.6193727Z
	telemetry.sdk.version: 1.14.0
	service.name: unknown_service:testhost
Activity.TraceId:            4777377380320414ae9fa2852ff3c77d
Activity.SpanId:             4657416d6e11c9fc
Activity.TraceFlags:         Recorded
Activity.DisplayName:        POST api/auth/register/customer
Activity.Duration:           00:00:00.2366186
Metric Name: http.server.active_requests, Description: Number of active HTTP server requests., Unit: {request}, Metric Type: LongSumNonMonotonic
Activity.Kind:               Server
Activity.Tags:
Instrumentation scope (Meter):
Activity.StartTime:          2026-06-08T01:29:09.6178215Z
	Name: Microsoft.AspNetCore.Hosting
    server.address: localhost
Activity.Duration:           00:00:00.2382047
    http.request.method: POST
Activity.Tags:
    url.scheme: http
(2026-06-08T01:29:04.1528561Z, 2026-06-08T01:29:09.8708952Z] http.request.method: GET url.scheme: http
Value: 0
    url.path: /api/auth/login/seller
    server.address: localhost
    network.protocol.version: 1.1
(2026-06-08T01:29:04.1528561Z, 2026-06-08T01:29:09.8708952Z] http.request.method: POST url.scheme: http
Value: 3
    http.route: api/auth/login/seller
    http.request.method: POST
    url.scheme: http
    http.response.status_code: 200
(2026-06-08T01:29:04.1528561Z, 2026-06-08T01:29:09.8708952Z] http.request.method: PUT url.scheme: http
Value: 0
Instrumentation scope (ActivitySource):
    url.path: /api/auth/register/customer
    Name: Microsoft.AspNetCore
    network.protocol.version: 1.1
(2026-06-08T01:29:04.1528561Z, 2026-06-08T01:29:09.8708952Z] http.request.method: PATCH url.scheme: http
Value: 0
Resource associated with Activity:
    http.route: api/auth/register/customer
    telemetry.sdk.name: opentelemetry
(2026-06-08T01:29:04.1528561Z, 2026-06-08T01:29:09.8708952Z] http.request.method: DELETE url.scheme: http
Value: 0
    telemetry.sdk.language: dotnet
    http.response.status_code: 201
    telemetry.sdk.version: 1.14.0
Metric Name: http.server.request.duration, Description: Duration of HTTP server requests., Unit: s, Metric Type: Histogram
    service.name: unknown_service:testhost
Instrumentation scope (Meter):
Instrumentation scope (ActivitySource):
	Name: Microsoft.AspNetCore.Hosting
    Name: Microsoft.AspNetCore
Resource associated with Activity:
    telemetry.sdk.name: opentelemetry
    telemetry.sdk.language: dotnet
    telemetry.sdk.version: 1.14.0
    service.name: unknown_service:testhost
Activity.TraceId:            4777377380320414ae9fa2852ff3c77d
Activity.SpanId:             4657416d6e11c9fc
Activity.TraceFlags:         Recorded
Activity.DisplayName:        POST api/auth/register/customer
Activity.Kind:               Server
Activity.StartTime:          2026-06-08T01:29:09.6178215Z
Activity.Duration:           00:00:00.2382047
Activity.Tags:
    server.address: localhost
(2026-06-08T01:29:04.1528730Z, 2026-06-08T01:29:09.8709183Z] http.request.method: GET http.response.status_code: 401 http.route: api/stores/{storeId}/categories network.protocol.version: 1.1 url.scheme: http
Value: Sum: 0.1887134 Count: 1 Min: 0.1887134 Max: 0.1887134 
(-Infinity,0,005]:0
(0,005,0,01]:0
(0,01,0,025]:0
(0,025,0,05]:0
(0,05,0,075]:0
(0,075,0,1]:0
(0,1,0,25]:1
(0,25,0,5]:0
(0,5,0,75]:0
(0,75,1]:0
(1,2,5]:0
(2,5,5]:0
(5,7,5]:0
(7,5,10]:0
(10,+Infinity]:0
    http.request.method: POST
[22:29:09 INF] EMAIL_CONFIRM_JOB_STARTED | Sending confirmation email | UserId=019ea4d9-113e-7e4f-b3c5-699b26a75b4f
    url.scheme: http
    url.path: /api/auth/register/customer
    network.protocol.version: 1.1
    http.route: api/auth/register/customer
    http.response.status_code: 201
Instrumentation scope (ActivitySource):
    Name: Microsoft.AspNetCore
Resource associated with Activity:
    telemetry.sdk.name: opentelemetry
(2026-06-08T01:29:04.1528730Z, 2026-06-08T01:29:09.8709183Z] http.request.method: GET http.response.status_code: 403 http.route: api/customer/home network.protocol.version: 1.1 url.scheme: http
Value: Sum: 0.1794913 Count: 1 Min: 0.1794913 Max: 0.1794913 
(-Infinity,0,005]:0
(0,005,0,01]:0
(0,01,0,025]:0
(0,025,0,05]:0
(0,05,0,075]:0
(0,075,0,1]:0
(0,1,0,25]:1
(0,25,0,5]:0
(0,5,0,75]:0
(0,75,1]:0
(1,2,5]:0
(2,5,5]:0
(5,7,5]:0
(7,5,10]:0
(10,+Infinity]:0
(2026-06-08T01:29:04.1528730Z, 2026-06-08T01:29:09.8709183Z] http.request.method: GET http.response.status_code: 400 http.route: api/address-lookup/cep/{cep} network.protocol.version: 1.1 url.scheme: http
Value: Sum: 0.214077 Count: 1 Min: 0.214077 Max: 0.214077 
(-Infinity,0,005]:0
(0,005,0,01]:0
(0,01,0,025]:0
(0,025,0,05]:0
(0,05,0,075]:0
(0,075,0,1]:0
(0,1,0,25]:1
(0,25,0,5]:0
(0,5,0,75]:0
(0,75,1]:0
(1,2,5]:0
(2,5,5]:0
(5,7,5]:0
(7,5,10]:0
(10,+Infinity]:0
(2026-06-08T01:29:04.1528730Z, 2026-06-08T01:29:09.8709183Z] http.request.method: GET http.response.status_code: 403 http.route: api/admin/dashboard network.protocol.version: 1.1 url.scheme: http
Value: Sum: 0.0062894 Count: 1 Min: 0.0062894 Max: 0.0062894 
(-Infinity,0,005]:0
(0,005,0,01]:1
(0,01,0,025]:0
(0,025,0,05]:0
(0,05,0,075]:0
(0,075,0,1]:0
(0,1,0,25]:0
(0,25,0,5]:0
(0,5,0,75]:0
(0,75,1]:0
(1,2,5]:0
(2,5,5]:0
(5,7,5]:0
(7,5,10]:0
(10,+Infinity]:0
(2026-06-08T01:29:04.1528730Z, 2026-06-08T01:29:09.8709183Z] http.request.method: GET http.response.status_code: 403 http.route: api/seller/panel network.protocol.version: 1.1 url.scheme: http
Value: Sum: 0.0081006 Count: 1 Min: 0.0081006 Max: 0.0081006 
(-Infinity,0,005]:0
(0,005,0,01]:1
(0,01,0,025]:0
(0,025,0,05]:0
(0,05,0,075]:0
(0,075,0,1]:0
(0,1,0,25]:0
(0,25,0,5]:0
(0,5,0,75]:0
(0,75,1]:0
(1,2,5]:0
(2,5,5]:0
(5,7,5]:0
(7,5,10]:0
(10,+Infinity]:0
    telemetry.sdk.language: dotnet
    telemetry.sdk.version: 1.14.0
    service.name: unknown_service:testhost
(2026-06-08T01:29:04.1528730Z, 2026-06-08T01:29:09.8709183Z] http.request.method: GET http.response.status_code: 200 http.route: api/customer/home network.protocol.version: 1.1 url.scheme: http
Value: Sum: 0.0835938 Count: 1 Min: 0.0835938 Max: 0.0835938 
(-Infinity,0,005]:0
(0,005,0,01]:0
(0,01,0,025]:0
(0,025,0,05]:0
(0,05,0,075]:0
(0,075,0,1]:1
(0,1,0,25]:0
(0,25,0,5]:0
(0,5,0,75]:0
(0,75,1]:0
(1,2,5]:0
(2,5,5]:0
(5,7,5]:0
(7,5,10]:0
(10,+Infinity]:0
[22:29:09 INF] EMAIL_ALREADY_CONFIRMED | Already confirmed | UserId=019ea4d9-113e-7e4f-b3c5-699b26a75b4f
Activity.TraceId:            4777377380320414ae9fa2852ff3c77d
Activity.SpanId:             4657416d6e11c9fc
[22:29:09 INF] Request finished HTTP/1.1 POST http://localhost/api/auth/register/seller - 201 null application/json; charset=utf-8 176.6813ms
(2026-06-08T01:29:04.1528730Z, 2026-06-08T01:29:09.8709183Z] http.request.method: GET http.response.status_code: 200 http.route: api/admin/dashboard network.protocol.version: 1.1 url.scheme: http
Value: Sum: 0.0702009 Count: 1 Min: 0.0702009 Max: 0.0702009 
(-Infinity,0,005]:0
(0,005,0,01]:0
(0,01,0,025]:0
(0,025,0,05]:0
(0,05,0,075]:1
(0,075,0,1]:0
(0,1,0,25]:0
(0,25,0,5]:0
(0,5,0,75]:0
(0,75,1]:0
(1,2,5]:0
(2,5,5]:0
(5,7,5]:0
(7,5,10]:0
(10,+Infinity]:0
Activity.TraceFlags:         Recorded
[22:29:09 INF] Request starting HTTP/1.1 POST http://localhost/api/auth/login/seller - application/json; charset=utf-8 null
Activity.DisplayName:        POST api/auth/register/customer
Activity.Kind:               Server
[22:29:09 INF] Saved 4 entities to in-memory store.
Activity.StartTime:          2026-06-08T01:29:09.6178215Z
[22:29:09 INF] EMAIL_CONFIRM_JOB_COMPLETED | Job completed | UserId=019ea4d9-113e-7e4f-b3c5-699b26a75b4f
Activity.Duration:           00:00:00.2382047
(2026-06-08T01:29:04.1528730Z, 2026-06-08T01:29:09.8709183Z] http.request.method: GET http.response.status_code: 200 http.route: api/seller/panel network.protocol.version: 1.1 url.scheme: http
Value: Sum: 0.0039645 Count: 1 Min: 0.0039645 Max: 0.0039645 
(-Infinity,0,005]:1
(0,005,0,01]:0
(0,01,0,025]:0
(0,025,0,05]:0
(0,05,0,075]:0
(0,075,0,1]:0
(0,1,0,25]:0
(0,25,0,5]:0
(0,5,0,75]:0
(0,75,1]:0
(1,2,5]:0
(2,5,5]:0
(5,7,5]:0
(7,5,10]:0
(10,+Infinity]:0
[22:29:09 INF] Saved 1 entities to in-memory store.
(2026-06-08T01:29:04.1528730Z, 2026-06-08T01:29:09.8709183Z] http.request.method: GET http.response.status_code: 401 http.route: api/seller/panel network.protocol.version: 1.1 url.scheme: http
Value: Sum: 0.0475293 Count: 1 Min: 0.0475293 Max: 0.0475293 
(-Infinity,0,005]:0
(0,005,0,01]:0
(0,01,0,025]:0
(0,025,0,05]:1
(0,05,0,075]:0
(0,075,0,1]:0
(0,1,0,25]:0
(0,25,0,5]:0
(0,5,0,75]:0
(0,75,1]:0
(1,2,5]:0
(2,5,5]:0
(5,7,5]:0
(7,5,10]:0
(10,+Infinity]:0
Activity.Tags:
(2026-06-08T01:29:04.1528730Z, 2026-06-08T01:29:09.8709183Z] http.request.method: POST http.response.status_code: 200 http.route: api/auth/login/admin network.protocol.version: 1.1 url.scheme: http
Value: Sum: 1.0784249 Count: 5 Min: 0.0830577 Max: 0.4766453 
(-Infinity,0,005]:0
(0,005,0,01]:0
(0,01,0,025]:0
(0,025,0,05]:0
(0,05,0,075]:0
(0,075,0,1]:1
(0,1,0,25]:3
(0,25,0,5]:1
(0,5,0,75]:0
(0,75,1]:0
(1,2,5]:0
(2,5,5]:0
(5,7,5]:0
(7,5,10]:0
(10,+Infinity]:0
    server.address: localhost
    http.request.method: POST
    url.scheme: http
    url.path: /api/auth/register/customer
    network.protocol.version: 1.1
    http.route: api/auth/register/customer
(2026-06-08T01:29:04.1528730Z, 2026-06-08T01:29:09.8709183Z] http.request.method: POST http.response.status_code: 201 http.route: api/auth/register/seller network.protocol.version: 1.1 url.scheme: http
Value: Sum: 6.816330500000002 Count: 23 Min: 0.0795934 Max: 0.6480225 
(-Infinity,0,005]:0
(0,005,0,01]:0
(0,01,0,025]:0
(0,025,0,05]:0
(0,05,0,075]:0
(0,075,0,1]:1
(0,1,0,25]:13
(0,25,0,5]:2
(0,5,0,75]:7
(0,75,1]:0
(1,2,5]:0
(2,5,5]:0
(5,7,5]:0
(7,5,10]:0
(10,+Infinity]:0
    http.response.status_code: 201
Instrumentation scope (ActivitySource):
    Name: Microsoft.AspNetCore
Resource associated with Activity:
(2026-06-08T01:29:04.1528730Z, 2026-06-08T01:29:09.8709183Z] http.request.method: POST http.response.status_code: 201 http.route: api/auth/register/customer network.protocol.version: 1.1 url.scheme: http
Value: Sum: 1.7357261999999998 Count: 6 Min: 0.1042389 Max: 0.6151793 
(-Infinity,0,005]:0
(0,005,0,01]:0
(0,01,0,025]:0
(0,025,0,05]:0
(0,05,0,075]:0
(0,075,0,1]:0
(0,1,0,25]:2
(0,25,0,5]:3
(0,5,0,75]:1
(0,75,1]:0
(1,2,5]:0
(2,5,5]:0
(5,7,5]:0
(7,5,10]:0
(10,+Infinity]:0
    telemetry.sdk.name: opentelemetry
    telemetry.sdk.language: dotnet
    telemetry.sdk.version: 1.14.0
    service.name: unknown_service:testhost
(2026-06-08T01:29:04.1528730Z, 2026-06-08T01:29:09.8709183Z] http.request.method: GET http.response.status_code: 401 http.route: api/admin/dashboard network.protocol.version: 1.1 url.scheme: http
Value: Sum: 0.0472334 Count: 1 Min: 0.0472334 Max: 0.0472334 
(-Infinity,0,005]:0
(0,005,0,01]:0
(0,01,0,025]:0
(0,025,0,05]:1
(0,05,0,075]:0
(0,075,0,1]:0
(0,1,0,25]:0
(0,25,0,5]:0
(0,5,0,75]:0
(0,75,1]:0
(1,2,5]:0
(2,5,5]:0
(5,7,5]:0
(7,5,10]:0
(10,+Infinity]:0
Activity.TraceId:            4777377380320414ae9fa2852ff3c77d
Activity.TraceId:            2308f7a4e0bb32b1bc53e81fbb9f50fa
Activity.SpanId:             4657416d6e11c9fc
Activity.SpanId:             f07ebb77132bdeb0
Activity.TraceFlags:         Recorded
Activity.TraceFlags:         Recorded
(2026-06-08T01:29:04.1528730Z, 2026-06-08T01:29:09.8709183Z] http.request.method: GET http.response.status_code: 401 http.route: api/customer/home network.protocol.version: 1.1 url.scheme: http
Value: Sum: 0.0376968 Count: 1 Min: 0.0376968 Max: 0.0376968 
(-Infinity,0,005]:0
(0,005,0,01]:0
(0,01,0,025]:0
(0,025,0,05]:1
(0,05,0,075]:0
(0,075,0,1]:0
(0,1,0,25]:0
(0,25,0,5]:0
(0,5,0,75]:0
(0,75,1]:0
(1,2,5]:0
(2,5,5]:0
(5,7,5]:0
(7,5,10]:0
(10,+Infinity]:0
Activity.DisplayName:        POST api/auth/register/customer
Activity.DisplayName:        POST api/auth/register/seller
Activity.Kind:               Server
Activity.Kind:               Server
Activity.StartTime:          2026-06-08T01:29:09.6950480Z
Activity.StartTime:          2026-06-08T01:29:09.6178215Z
Activity.Duration:           00:00:00.2139763
Activity.Duration:           00:00:00.2382047
Activity.Tags:
Activity.Tags:
    server.address: localhost
    http.request.method: POST
    url.scheme: http
    url.path: /api/auth/register/seller
    network.protocol.version: 1.1
(2026-06-08T01:29:04.1528730Z, 2026-06-08T01:29:09.8709183Z] http.request.method: POST http.response.status_code: 201 http.route: api/admin/plans network.protocol.version: 1.1 url.scheme: http
Value: Sum: 0.5383198 Count: 4 Min: 0.0746597 Max: 0.2358555 
(-Infinity,0,005]:0
(0,005,0,01]:0
(0,01,0,025]:0
(0,025,0,05]:0
(0,05,0,075]:1
(0,075,0,1]:1
(0,1,0,25]:2
(0,25,0,5]:0
(0,5,0,75]:0
(0,75,1]:0
(1,2,5]:0
(2,5,5]:0
(5,7,5]:0
(7,5,10]:0
(10,+Infinity]:0
    http.route: api/auth/register/seller
    server.address: localhost
    http.response.status_code: 201
    http.request.method: POST
    url.scheme: http
Instrumentation scope (ActivitySource):
    Name: Microsoft.AspNetCore
    url.path: /api/auth/register/customer
Resource associated with Activity:
    network.protocol.version: 1.1
    telemetry.sdk.name: opentelemetry
(2026-06-08T01:29:04.1528730Z, 2026-06-08T01:29:09.8709183Z] http.request.method: POST http.response.status_code: 200 http.route: api/auth/login/customer network.protocol.version: 1.1 url.scheme: http
Value: Sum: 0.7143652 Count: 3 Min: 0.2098202 Max: 0.2854274 
(-Infinity,0,005]:0
(0,005,0,01]:0
(0,01,0,025]:0
(0,025,0,05]:0
(0,05,0,075]:0
(0,075,0,1]:0
(0,1,0,25]:2
(0,25,0,5]:1
(0,5,0,75]:0
(0,75,1]:0
(1,2,5]:0
(2,5,5]:0
(5,7,5]:0
(7,5,10]:0
(10,+Infinity]:0
    http.route: api/auth/register/customer
    telemetry.sdk.language: dotnet
    telemetry.sdk.version: 1.14.0
    http.response.status_code: 201
    service.name: unknown_service:testhost
Instrumentation scope (ActivitySource):
    Name: Microsoft.AspNetCore
(2026-06-08T01:29:04.1528730Z, 2026-06-08T01:29:09.8709183Z] http.request.method: POST http.response.status_code: 200 http.route: api/auth/login/seller network.protocol.version: 1.1 url.scheme: http
Value: Sum: 2.6644338000000003 Count: 15 Min: 0.0901538 Max: 0.2976963 
(-Infinity,0,005]:0
(0,005,0,01]:0
(0,01,0,025]:0
(0,025,0,05]:0
(0,05,0,075]:0
(0,075,0,1]:2
(0,1,0,25]:11
(0,25,0,5]:2
(0,5,0,75]:0
(0,75,1]:0
(1,2,5]:0
(2,5,5]:0
(5,7,5]:0
(7,5,10]:0
(10,+Infinity]:0
Resource associated with Activity:
Activity.TraceId:            2308f7a4e0bb32b1bc53e81fbb9f50fa
    telemetry.sdk.name: opentelemetry
Activity.SpanId:             f07ebb77132bdeb0
[22:29:09 INF] Executed action method Urbeat.WebApi.Controllers.SubscriptionsController.Contract (Urbeat.WebApi), returned result Microsoft.AspNetCore.Mvc.ObjectResult in 39.0371ms.
    telemetry.sdk.language: dotnet
(2026-06-08T01:29:04.1528730Z, 2026-06-08T01:29:09.8709183Z] http.request.method: POST http.response.status_code: 400 http.route: api/auth/email/confirm/{code} network.protocol.version: 1.1 url.scheme: http
Value: Sum: 0.3338337 Count: 4 Min: 0.0280381 Max: 0.2124374 
(-Infinity,0,005]:0
(0,005,0,01]:0
(0,01,0,025]:0
(0,025,0,05]:2
(0,05,0,075]:1
(0,075,0,1]:0
(0,1,0,25]:1
(0,25,0,5]:0
(0,5,0,75]:0
(0,75,1]:0
(1,2,5]:0
(2,5,5]:0
(5,7,5]:0
(7,5,10]:0
(10,+Infinity]:0
Activity.TraceFlags:         Recorded
Activity.DisplayName:        POST api/auth/register/seller
Activity.Kind:               Server
    telemetry.sdk.version: 1.14.0
Activity.StartTime:          2026-06-08T01:29:09.6950480Z
(2026-06-08T01:29:04.1528730Z, 2026-06-08T01:29:09.8709183Z] http.request.method: POST http.response.status_code: 400 http.route: api/auth/email/resend-confirmation network.protocol.version: 1.1 url.scheme: http
Value: Sum: 0.2919295 Count: 2 Min: 0.0771669 Max: 0.2147626 
(-Infinity,0,005]:0
(0,005,0,01]:0
(0,01,0,025]:0
(0,025,0,05]:0
(0,05,0,075]:0
(0,075,0,1]:1
(0,1,0,25]:1
(0,25,0,5]:0
(0,5,0,75]:0
(0,75,1]:0
(1,2,5]:0
(2,5,5]:0
(5,7,5]:0
(7,5,10]:0
(10,+Infinity]:0
Activity.Duration:           00:00:00.2139763
Activity.Tags:
    service.name: unknown_service:testhost
    server.address: localhost
    http.request.method: POST
    url.scheme: http
    url.path: /api/auth/register/seller
    network.protocol.version: 1.1
Activity.TraceId:            4777377380320414ae9fa2852ff3c77d
    http.route: api/auth/register/seller
Activity.SpanId:             4657416d6e11c9fc
    http.response.status_code: 201
(2026-06-08T01:29:04.1528730Z, 2026-06-08T01:29:09.8709183Z] http.request.method: PUT http.response.status_code: 200 http.route: api/admin/plans/{planId} network.protocol.version: 1.1 url.scheme: http
Value: Sum: 0.0809147 Count: 1 Min: 0.0809147 Max: 0.0809147 
(-Infinity,0,005]:0
(0,005,0,01]:0
(0,01,0,025]:0
(0,025,0,05]:0
(0,05,0,075]:0
(0,075,0,1]:1
(0,1,0,25]:0
(0,25,0,5]:0
(0,5,0,75]:0
(0,75,1]:0
(1,2,5]:0
(2,5,5]:0
(5,7,5]:0
(7,5,10]:0
(10,+Infinity]:0
Instrumentation scope (ActivitySource):
Activity.TraceFlags:         Recorded
    Name: Microsoft.AspNetCore
Resource associated with Activity:
Activity.DisplayName:        POST api/auth/register/customer
    telemetry.sdk.name: opentelemetry
Activity.Kind:               Server
    telemetry.sdk.language: dotnet
    telemetry.sdk.version: 1.14.0
    service.name: unknown_service:testhost
Activity.StartTime:          2026-06-08T01:29:09.6178215Z
Activity.Duration:           00:00:00.2382047
Activity.TraceId:            2308f7a4e0bb32b1bc53e81fbb9f50fa
Activity.Tags:
(2026-06-08T01:29:04.1528730Z, 2026-06-08T01:29:09.8709183Z] http.request.method: PATCH http.response.status_code: 200 http.route: api/admin/plans/{planId}/status network.protocol.version: 1.1 url.scheme: http
Value: Sum: 0.0077534 Count: 1 Min: 0.0077534 Max: 0.0077534 
(-Infinity,0,005]:0
(0,005,0,01]:1
(0,01,0,025]:0
(0,025,0,05]:0
(0,05,0,075]:0
(0,075,0,1]:0
(0,1,0,25]:0
(0,25,0,5]:0
(0,5,0,75]:0
(0,75,1]:0
(1,2,5]:0
(2,5,5]:0
(5,7,5]:0
(7,5,10]:0
(10,+Infinity]:0
[22:29:09 INF] Executing endpoint 'Urbeat.WebApi.Controllers.AuthController.LoginSeller (Urbeat.WebApi)'
Activity.SpanId:             f07ebb77132bdeb0
    server.address: localhost
Activity.TraceFlags:         Recorded
    http.request.method: POST
(2026-06-08T01:29:04.1528730Z, 2026-06-08T01:29:09.8709183Z] http.request.method: GET http.response.status_code: 200 http.route: /health network.protocol.version: 1.1 url.scheme: http
Value: Sum: 0.0093709 Count: 1 Min: 0.0093709 Max: 0.0093709 
(-Infinity,0,005]:0
(0,005,0,01]:1
(0,01,0,025]:0
(0,025,0,05]:0
(0,05,0,075]:0
(0,075,0,1]:0
(0,1,0,25]:0
(0,25,0,5]:0
(0,5,0,75]:0
(0,75,1]:0
(1,2,5]:0
(2,5,5]:0
(5,7,5]:0
(7,5,10]:0
(10,+Infinity]:0
Activity.DisplayName:        POST api/auth/register/seller
    url.scheme: http
Activity.Kind:               Server
[22:29:09 INF] Executing ObjectResult, writing value of type 'Urbeat.Application.DTOs.ContractSellerSubscriptionResponseDto'.
    url.path: /api/auth/register/customer
Activity.StartTime:          2026-06-08T01:29:09.6950480Z
    network.protocol.version: 1.1
Activity.Duration:           00:00:00.2139763
    http.route: api/auth/register/customer
Activity.Tags:
    http.response.status_code: 201
(2026-06-08T01:29:04.1528730Z, 2026-06-08T01:29:09.8709183Z] http.request.method: POST http.response.status_code: 400 http.route: api/stores network.protocol.version: 1.1 url.scheme: http
Value: Sum: 0.2921478 Count: 2 Min: 0.0445437 Max: 0.2476041 
(-Infinity,0,005]:0
(0,005,0,01]:0
(0,01,0,025]:0
(0,025,0,05]:1
(0,05,0,075]:0
(0,075,0,1]:0
(0,1,0,25]:1
(0,25,0,5]:0
(0,5,0,75]:0
(0,75,1]:0
(1,2,5]:0
(2,5,5]:0
(5,7,5]:0
(7,5,10]:0
(10,+Infinity]:0
    server.address: localhost
Instrumentation scope (ActivitySource):
    Name: Microsoft.AspNetCore
    http.request.method: POST
Resource associated with Activity:
    url.scheme: http
    telemetry.sdk.name: opentelemetry
(2026-06-08T01:29:04.1528730Z, 2026-06-08T01:29:09.8709183Z] http.request.method: GET http.response.status_code: 200 http.route: api/stores/cuisine-types network.protocol.version: 1.1 url.scheme: http
Value: Sum: 0.1734619 Count: 1 Min: 0.1734619 Max: 0.1734619 
(-Infinity,0,005]:0
(0,005,0,01]:0
(0,01,0,025]:0
(0,025,0,05]:0
(0,05,0,075]:0
(0,075,0,1]:0
(0,1,0,25]:1
(0,25,0,5]:0
(0,5,0,75]:0
(0,75,1]:0
(1,2,5]:0
(2,5,5]:0
(5,7,5]:0
(7,5,10]:0
(10,+Infinity]:0
    telemetry.sdk.language: dotnet
    telemetry.sdk.version: 1.14.0
    url.path: /api/auth/register/seller
[22:29:09 INF] Route matched with {action = "LoginSeller", controller = "Auth"}. Executing controller action with signature System.Threading.Tasks.Task`1[Microsoft.AspNetCore.Mvc.IActionResult] LoginSeller(Urbeat.Application.DTOs.LoginRequestDto, System.Threading.CancellationToken) on controller Urbeat.WebApi.Controllers.AuthController (Urbeat.WebApi).
    service.name: unknown_service:testhost
    network.protocol.version: 1.1
(2026-06-08T01:29:04.1528730Z, 2026-06-08T01:29:09.8709183Z] http.request.method: POST http.response.status_code: 201 http.route: api/customer/addresses network.protocol.version: 1.1 url.scheme: http
Value: Sum: 0.6731817 Count: 5 Min: 0.0676852 Max: 0.3100963 
(-Infinity,0,005]:0
(0,005,0,01]:0
(0,01,0,025]:0
(0,025,0,05]:0
(0,05,0,075]:1
(0,075,0,1]:1
(0,1,0,25]:2
(0,25,0,5]:1
(0,5,0,75]:0
(0,75,1]:0
(1,2,5]:0
(2,5,5]:0
(5,7,5]:0
(7,5,10]:0
(10,+Infinity]:0
    http.route: api/auth/register/seller
    http.response.status_code: 201
Instrumentation scope (ActivitySource):
    Name: Microsoft.AspNetCore
Resource associated with Activity:
    telemetry.sdk.name: opentelemetry
    telemetry.sdk.language: dotnet
    telemetry.sdk.version: 1.14.0
    service.name: unknown_service:testhost
(2026-06-08T01:29:04.1528730Z, 2026-06-08T01:29:09.8709183Z] http.request.method: POST http.response.status_code: 415 http.route: api/auth/email/confirm network.protocol.version: 1.1 url.scheme: http
Value: Sum: 0.1076132 Count: 2 Min: 0.0021767 Max: 0.1054365 
(-Infinity,0,005]:1
(0,005,0,01]:0
(0,01,0,025]:0
(0,025,0,05]:0
(0,05,0,075]:0
(0,075,0,1]:0
(0,1,0,25]:1
(0,25,0,5]:0
(0,5,0,75]:0
(0,75,1]:0
(1,2,5]:0
(2,5,5]:0
(5,7,5]:0
(7,5,10]:0
(10,+Infinity]:0
Activity.TraceId:            2308f7a4e0bb32b1bc53e81fbb9f50fa
Activity.SpanId:             f07ebb77132bdeb0
Activity.TraceFlags:         Recorded
Activity.DisplayName:        POST api/auth/register/seller
Activity.Kind:               Server
Activity.StartTime:          2026-06-08T01:29:09.6950480Z
[22:29:09 INF] Executed action Urbeat.WebApi.Controllers.SubscriptionsController.Contract (Urbeat.WebApi) in 53.478ms
Activity.Duration:           00:00:00.2139763
Activity.Tags:
    server.address: localhost
    http.request.method: POST
    url.scheme: http
(2026-06-08T01:29:04.1528730Z, 2026-06-08T01:29:09.8709183Z] http.request.method: POST http.response.status_code: 201 http.route: api/stores network.protocol.version: 1.1 url.scheme: http
Value: Sum: 2.7281809999999997 Count: 11 Min: 0.0656982 Max: 0.4716885 
(-Infinity,0,005]:0
(0,005,0,01]:0
(0,01,0,025]:0
(0,025,0,05]:0
(0,05,0,075]:1
(0,075,0,1]:1
(0,1,0,25]:4
(0,25,0,5]:5
(0,5,0,75]:0
(0,75,1]:0
(1,2,5]:0
(2,5,5]:0
(5,7,5]:0
(7,5,10]:0
(10,+Infinity]:0
    url.path: /api/auth/register/seller
[22:29:09 INF] Executed endpoint 'Urbeat.WebApi.Controllers.SubscriptionsController.Contract (Urbeat.WebApi)'
    network.protocol.version: 1.1
    http.route: api/auth/register/seller
    http.response.status_code: 201
(2026-06-08T01:29:04.1528730Z, 2026-06-08T01:29:09.8709183Z] http.request.method: GET http.response.status_code: 200 http.route: api/admin/plans network.protocol.version: 1.1 url.scheme: http
Value: Sum: 0.1440776 Count: 1 Min: 0.1440776 Max: 0.1440776 
(-Infinity,0,005]:0
(0,005,0,01]:0
(0,01,0,025]:0
(0,025,0,05]:0
(0,05,0,075]:0
(0,075,0,1]:0
(0,1,0,25]:1
(0,25,0,5]:0
(0,5,0,75]:0
(0,75,1]:0
(1,2,5]:0
(2,5,5]:0
(5,7,5]:0
(7,5,10]:0
(10,+Infinity]:0
Instrumentation scope (ActivitySource):
[22:29:09 INF] Request starting HTTP/1.1 POST http://localhost/api/admin/subscriptions/status - application/json; charset=utf-8 null
    Name: Microsoft.AspNetCore
Resource associated with Activity:
(2026-06-08T01:29:04.1528730Z, 2026-06-08T01:29:09.8709183Z] http.request.method: POST http.response.status_code: 200 http.route: api/auth/email/resend-confirmation network.protocol.version: 1.1 url.scheme: http
Value: Sum: 0.2775514 Count: 3 Min: 0.0689539 Max: 0.1048669 
(-Infinity,0,005]:0
(0,005,0,01]:0
(0,01,0,025]:0
(0,025,0,05]:0
(0,05,0,075]:1
(0,075,0,1]:0
(0,1,0,25]:2
(0,25,0,5]:0
(0,5,0,75]:0
(0,75,1]:0
(1,2,5]:0
(2,5,5]:0
(5,7,5]:0
(7,5,10]:0
(10,+Infinity]:0
    telemetry.sdk.name: opentelemetry
    telemetry.sdk.language: dotnet
    telemetry.sdk.version: 1.14.0
    service.name: unknown_service:testhost
[22:29:09 INF] Executing action method Urbeat.WebApi.Controllers.AuthController.LoginSeller (Urbeat.WebApi) - Validation state: Valid
(2026-06-08T01:29:04.1528730Z, 2026-06-08T01:29:09.8709183Z] http.request.method: PATCH http.response.status_code: 200 http.route: api/stores/{storeId}/status network.protocol.version: 1.1 url.scheme: http
Value: Sum: 0.2810624 Count: 4 Min: 0.0523969 Max: 0.0852825 
(-Infinity,0,005]:0
(0,005,0,01]:0
(0,01,0,025]:0
(0,025,0,05]:0
(0,05,0,075]:3
(0,075,0,1]:1
(0,1,0,25]:0
(0,25,0,5]:0
(0,5,0,75]:0
(0,75,1]:0
(1,2,5]:0
(2,5,5]:0
(5,7,5]:0
(7,5,10]:0
(10,+Infinity]:0
Activity.TraceId:            2308f7a4e0bb32b1bc53e81fbb9f50fa
Activity.SpanId:             f07ebb77132bdeb0
Activity.TraceFlags:         Recorded
Activity.DisplayName:        POST api/auth/register/seller
Activity.Kind:               Server
[22:29:09 INF] Request starting HTTP/1.1 POST http://localhost/api/stores - application/json; charset=utf-8 null
Activity.StartTime:          2026-06-08T01:29:09.6950480Z
(2026-06-08T01:29:04.1528730Z, 2026-06-08T01:29:09.8709183Z] http.request.method: PATCH http.response.status_code: 200 http.route: api/stores/{storeId}/delivery-config network.protocol.version: 1.1 url.scheme: http
Value: Sum: 0.5365506 Count: 4 Min: 0.1218962 Max: 0.144072 
(-Infinity,0,005]:0
(0,005,0,01]:0
(0,01,0,025]:0
(0,025,0,05]:0
(0,05,0,075]:0
(0,075,0,1]:0
(0,1,0,25]:4
(0,25,0,5]:0
(0,5,0,75]:0
(0,75,1]:0
(1,2,5]:0
(2,5,5]:0
(5,7,5]:0
(7,5,10]:0
(10,+Infinity]:0
Activity.Duration:           00:00:00.2139763
[22:29:09 INF] Saved 1 entities to in-memory store.
Activity.Tags:
    server.address: localhost
(2026-06-08T01:29:04.1528730Z, 2026-06-08T01:29:09.8709183Z] http.request.method: DELETE http.response.status_code: 404 http.route: api/stores/{storeId}/categories/{categoryId} network.protocol.version: 1.1 url.scheme: http
Value: Sum: 0.1927955 Count: 1 Min: 0.1927955 Max: 0.1927955 
(-Infinity,0,005]:0
(0,005,0,01]:0
(0,01,0,025]:0
(0,025,0,05]:0
(0,05,0,075]:0
(0,075,0,1]:0
(0,1,0,25]:1
(0,25,0,5]:0
(0,5,0,75]:0
(0,75,1]:0
(1,2,5]:0
(2,5,5]:0
(5,7,5]:0
(7,5,10]:0
(10,+Infinity]:0
    http.request.method: POST
[22:29:09 INF] Saved 1 entities to in-memory store.
    url.scheme: http
(2026-06-08T01:29:04.1528730Z, 2026-06-08T01:29:09.8709183Z] http.request.method: GET http.response.status_code: 200 http.route: api/stores/my-store network.protocol.version: 1.1 url.scheme: http
Value: Sum: 0.37820180000000003 Count: 3 Min: 0.0368988 Max: 0.2033987 
(-Infinity,0,005]:0
(0,005,0,01]:0
(0,01,0,025]:0
(0,025,0,05]:1
(0,05,0,075]:0
(0,075,0,1]:0
(0,1,0,25]:2
(0,25,0,5]:0
(0,5,0,75]:0
(0,75,1]:0
(1,2,5]:0
(2,5,5]:0
(5,7,5]:0
(7,5,10]:0
(10,+Infinity]:0
    url.path: /api/auth/register/seller
    network.protocol.version: 1.1
    http.route: api/auth/register/seller
    http.response.status_code: 201
Instrumentation scope (ActivitySource):
    Name: Microsoft.AspNetCore
Resource associated with Activity:
    telemetry.sdk.name: opentelemetry
    telemetry.sdk.language: dotnet
(2026-06-08T01:29:04.1528730Z, 2026-06-08T01:29:09.8709183Z] http.request.method: POST http.response.status_code: 204 http.route: api/admin/subscriptions/status network.protocol.version: 1.1 url.scheme: http
Value: Sum: 0.1895287 Count: 1 Min: 0.1895287 Max: 0.1895287 
(-Infinity,0,005]:0
(0,005,0,01]:0
(0,01,0,025]:0
(0,025,0,05]:0
(0,05,0,075]:0
(0,075,0,1]:0
(0,1,0,25]:1
(0,25,0,5]:0
(0,5,0,75]:0
(0,75,1]:0
(1,2,5]:0
(2,5,5]:0
(5,7,5]:0
(7,5,10]:0
(10,+Infinity]:0
    telemetry.sdk.version: 1.14.0
    service.name: unknown_service:testhost
(2026-06-08T01:29:04.1528730Z, 2026-06-08T01:29:09.8709183Z] http.request.method: POST http.response.status_code: 409 http.route: api/customer/addresses network.protocol.version: 1.1 url.scheme: http
Value: Sum: 0.0664064 Count: 1 Min: 0.0664064 Max: 0.0664064 
(-Infinity,0,005]:0
(0,005,0,01]:0
(0,01,0,025]:0
(0,025,0,05]:0
(0,05,0,075]:1
(0,075,0,1]:0
(0,1,0,25]:0
(0,25,0,5]:0
(0,5,0,75]:0
(0,75,1]:0
(1,2,5]:0
(2,5,5]:0
(5,7,5]:0
(7,5,10]:0
(10,+Infinity]:0
Activity.TraceId:            2308f7a4e0bb32b1bc53e81fbb9f50fa
Activity.SpanId:             f07ebb77132bdeb0
Activity.TraceFlags:         Recorded
Activity.DisplayName:        POST api/auth/register/seller
Activity.Kind:               Server
(2026-06-08T01:29:04.1528730Z, 2026-06-08T01:29:09.8709183Z] http.request.method: GET http.response.status_code: 200 http.route: api/subscriptions/my network.protocol.version: 1.1 url.scheme: http
Value: Sum: 0.4010074 Count: 2 Min: 0.193226 Max: 0.2077814 
(-Infinity,0,005]:0
(0,005,0,01]:0
(0,01,0,025]:0
(0,025,0,05]:0
(0,05,0,075]:0
(0,075,0,1]:0
(0,1,0,25]:2
(0,25,0,5]:0
(0,5,0,75]:0
(0,75,1]:0
(1,2,5]:0
(2,5,5]:0
(5,7,5]:0
(7,5,10]:0
(10,+Infinity]:0
Activity.StartTime:          2026-06-08T01:29:09.6950480Z
Activity.Duration:           00:00:00.2139763
Activity.Tags:
    server.address: localhost
    http.request.method: POST
    url.scheme: http
    url.path: /api/auth/register/seller
(2026-06-08T01:29:04.1528730Z, 2026-06-08T01:29:09.8709183Z] http.request.method: GET http.response.status_code: 200 http.route: api/customer/addresses network.protocol.version: 1.1 url.scheme: http
Value: Sum: 0.1926895 Count: 1 Min: 0.1926895 Max: 0.1926895 
(-Infinity,0,005]:0
(0,005,0,01]:0
(0,01,0,025]:0
(0,025,0,05]:0
(0,05,0,075]:0
(0,075,0,1]:0
(0,1,0,25]:1
(0,25,0,5]:0
(0,5,0,75]:0
(0,75,1]:0
(1,2,5]:0
(2,5,5]:0
(5,7,5]:0
(7,5,10]:0
(10,+Infinity]:0
    network.protocol.version: 1.1
    http.route: api/auth/register/seller
    http.response.status_code: 201
Instrumentation scope (ActivitySource):
    Name: Microsoft.AspNetCore
Resource associated with Activity:
(2026-06-08T01:29:04.1528730Z, 2026-06-08T01:29:09.8709183Z] http.request.method: GET http.response.status_code: 200 http.route: api/subscriptions/plans network.protocol.version: 1.1 url.scheme: http
Value: Sum: 0.1021946 Count: 1 Min: 0.1021946 Max: 0.1021946 
(-Infinity,0,005]:0
(0,005,0,01]:0
(0,01,0,025]:0
(0,025,0,05]:0
(0,05,0,075]:0
(0,075,0,1]:0
(0,1,0,25]:1
(0,25,0,5]:0
(0,5,0,75]:0
(0,75,1]:0
(1,2,5]:0
(2,5,5]:0
(5,7,5]:0
(7,5,10]:0
(10,+Infinity]:0
    telemetry.sdk.name: opentelemetry
    telemetry.sdk.language: dotnet
    telemetry.sdk.version: 1.14.0
    service.name: unknown_service:testhost
Activity.TraceId:            2308f7a4e0bb32b1bc53e81fbb9f50fa
Activity.SpanId:             f07ebb77132bdeb0
(2026-06-08T01:29:04.1528730Z, 2026-06-08T01:29:09.8709183Z] http.request.method: POST http.response.status_code: 201 http.route: api/subscriptions/contract network.protocol.version: 1.1 url.scheme: http
Value: Sum: 0.2679168 Count: 1 Min: 0.2679168 Max: 0.2679168 
(-Infinity,0,005]:0
(0,005,0,01]:0
(0,01,0,025]:0
(0,025,0,05]:0
(0,05,0,075]:0
(0,075,0,1]:0
(0,1,0,25]:0
(0,25,0,5]:1
(0,5,0,75]:0
(0,75,1]:0
(1,2,5]:0
(2,5,5]:0
(5,7,5]:0
(7,5,10]:0
(10,+Infinity]:0
Activity.TraceFlags:         Recorded
Activity.DisplayName:        POST api/auth/register/seller
Activity.Kind:               Server
Activity.StartTime:          2026-06-08T01:29:09.6950480Z
Activity.Duration:           00:00:00.2139763
(2026-06-08T01:29:04.1528730Z, 2026-06-08T01:29:09.8709183Z] http.request.method: POST http.response.status_code: 403 http.route: api/auth/login/customer network.protocol.version: 1.1 url.scheme: http
Value: Sum: 0.2102732 Count: 1 Min: 0.2102732 Max: 0.2102732 
(-Infinity,0,005]:0
(0,005,0,01]:0
(0,01,0,025]:0
(0,025,0,05]:0
(0,05,0,075]:0
(0,075,0,1]:0
(0,1,0,25]:1
(0,25,0,5]:0
(0,5,0,75]:0
(0,75,1]:0
(1,2,5]:0
(2,5,5]:0
(5,7,5]:0
(7,5,10]:0
(10,+Infinity]:0
Activity.Tags:
    server.address: localhost
    http.request.method: POST
    url.scheme: http
    url.path: /api/auth/register/seller
    network.protocol.version: 1.1
(2026-06-08T01:29:04.1528730Z, 2026-06-08T01:29:09.8709183Z] http.request.method: POST http.response.status_code: 409 http.route: api/stores network.protocol.version: 1.1 url.scheme: http
Value: Sum: 0.0766215 Count: 1 Min: 0.0766215 Max: 0.0766215 
(-Infinity,0,005]:0
(0,005,0,01]:0
(0,01,0,025]:0
(0,025,0,05]:0
(0,05,0,075]:0
(0,075,0,1]:1
(0,1,0,25]:0
(0,25,0,5]:0
(0,5,0,75]:0
(0,75,1]:0
(1,2,5]:0
(2,5,5]:0
(5,7,5]:0
(7,5,10]:0
(10,+Infinity]:0
    http.route: api/auth/register/seller
    http.response.status_code: 201
Instrumentation scope (ActivitySource):
    Name: Microsoft.AspNetCore
Resource associated with Activity:
(2026-06-08T01:29:04.1528730Z, 2026-06-08T01:29:09.8709183Z] http.request.method: POST http.response.status_code: 201 http.route: api/stores/{storeId}/categories network.protocol.version: 1.1 url.scheme: http
Value: Sum: 0.2265858 Count: 1 Min: 0.2265858 Max: 0.2265858 
(-Infinity,0,005]:0
(0,005,0,01]:0
(0,01,0,025]:0
(0,025,0,05]:0
(0,05,0,075]:0
(0,075,0,1]:0
(0,1,0,25]:1
(0,25,0,5]:0
(0,5,0,75]:0
(0,75,1]:0
(1,2,5]:0
(2,5,5]:0
(5,7,5]:0
(7,5,10]:0
(10,+Infinity]:0
    telemetry.sdk.name: opentelemetry
    telemetry.sdk.language: dotnet
    telemetry.sdk.version: 1.14.0
[22:29:09 INF] Request finished HTTP/1.1 POST http://localhost/api/subscriptions/contract - 201 null application/json; charset=utf-8 135.7914ms
    service.name: unknown_service:testhost
(2026-06-08T01:29:04.1528730Z, 2026-06-08T01:29:09.8709183Z] http.request.method: DELETE http.response.status_code: 204 http.route: api/stores/{storeId}/categories/{categoryId} network.protocol.version: 1.1 url.scheme: http
Value: Sum: 0.1598871 Count: 1 Min: 0.1598871 Max: 0.1598871 
(-Infinity,0,005]:0
(0,005,0,01]:0
(0,01,0,025]:0
(0,025,0,05]:0
(0,05,0,075]:0
(0,075,0,1]:0
(0,1,0,25]:1
(0,25,0,5]:0
(0,5,0,75]:0
(0,75,1]:0
(1,2,5]:0
(2,5,5]:0
(5,7,5]:0
(7,5,10]:0
(10,+Infinity]:0
Activity.TraceId:            2308f7a4e0bb32b1bc53e81fbb9f50fa
Activity.SpanId:             f07ebb77132bdeb0
Activity.TraceFlags:         Recorded
Activity.DisplayName:        POST api/auth/register/seller
Activity.Kind:               Server
Activity.StartTime:          2026-06-08T01:29:09.6950480Z
Activity.Duration:           00:00:00.2139763
(2026-06-08T01:29:04.1528730Z, 2026-06-08T01:29:09.8709183Z] http.request.method: POST http.response.status_code: 400 http.route: api/checkout/preview network.protocol.version: 1.1 url.scheme: http
Value: Sum: 0.1847957 Count: 1 Min: 0.1847957 Max: 0.1847957 
(-Infinity,0,005]:0
(0,005,0,01]:0
(0,01,0,025]:0
(0,025,0,05]:0
(0,05,0,075]:0
(0,075,0,1]:0
(0,1,0,25]:1
(0,25,0,5]:0
(0,5,0,75]:0
(0,75,1]:0
(1,2,5]:0
(2,5,5]:0
(5,7,5]:0
(7,5,10]:0
(10,+Infinity]:0
Activity.Tags:
    server.address: localhost
    http.request.method: POST
    url.scheme: http
    url.path: /api/auth/register/seller
(2026-06-08T01:29:04.1528730Z, 2026-06-08T01:29:09.8709183Z] http.request.method: POST http.response.status_code: 400 http.route: api/orders network.protocol.version: 1.1 url.scheme: http
Value: Sum: 0.1574968 Count: 1 Min: 0.1574968 Max: 0.1574968 
(-Infinity,0,005]:0
(0,005,0,01]:0
(0,01,0,025]:0
(0,025,0,05]:0
(0,05,0,075]:0
(0,075,0,1]:0
(0,1,0,25]:1
(0,25,0,5]:0
(0,5,0,75]:0
(0,75,1]:0
(1,2,5]:0
(2,5,5]:0
(5,7,5]:0
(7,5,10]:0
(10,+Infinity]:0
    network.protocol.version: 1.1
    http.route: api/auth/register/seller
    http.response.status_code: 201
Instrumentation scope (ActivitySource):
    Name: Microsoft.AspNetCore
Resource associated with Activity:
(2026-06-08T01:29:04.1528730Z, 2026-06-08T01:29:09.8709183Z] http.request.method: GET http.response.status_code: 200 http.route: api/stores/{storeId}/categories network.protocol.version: 1.1 url.scheme: http
Value: Sum: 0.1260283 Count: 1 Min: 0.1260283 Max: 0.1260283 
(-Infinity,0,005]:0
(0,005,0,01]:0
(0,01,0,025]:0
(0,025,0,05]:0
(0,05,0,075]:0
(0,075,0,1]:0
(0,1,0,25]:1
(0,25,0,5]:0
(0,5,0,75]:0
(0,75,1]:0
(1,2,5]:0
(2,5,5]:0
(5,7,5]:0
(7,5,10]:0
(10,+Infinity]:0
    telemetry.sdk.name: opentelemetry
    telemetry.sdk.language: dotnet
    telemetry.sdk.version: 1.14.0
    service.name: unknown_service:testhost
[22:29:09 INF] Saved 1 entities to in-memory store.
Activity.TraceId:            ba9638c78ba1637313ec8f30479c0a51
Activity.SpanId:             4f3ab7403fcdcb67
Metric Name: dotnet.gc.collections, Description: The number of garbage collections that have occurred since the process has started., Unit: {collection}, Metric Type: LongSum
Activity.TraceId:            2308f7a4e0bb32b1bc53e81fbb9f50fa
Instrumentation scope (Meter):
Activity.TraceFlags:         Recorded
Activity.SpanId:             f07ebb77132bdeb0
	Name: System.Runtime
[22:29:09 INF] Saved 1 entities to in-memory store.
Activity.DisplayName:        POST api/subscriptions/contract
Activity.Kind:               Server
Activity.TraceFlags:         Recorded
Activity.DisplayName:        POST api/auth/register/seller
Activity.StartTime:          2026-06-08T01:29:09.8049357Z
Activity.Kind:               Server
(2026-06-08T01:29:04.1530254Z, 2026-06-08T01:29:09.8709200Z] gc.heap.generation: gen2
Value: 6
Activity.Duration:           00:00:00.1359360
Activity.Tags:
Activity.StartTime:          2026-06-08T01:29:09.6950480Z
(2026-06-08T01:29:04.1530254Z, 2026-06-08T01:29:09.8709200Z] gc.heap.generation: gen1
Value: 12
Activity.Duration:           00:00:00.2139763
    server.address: localhost
Activity.Tags:
(2026-06-08T01:29:04.1530254Z, 2026-06-08T01:29:09.8709200Z] gc.heap.generation: gen0
Value: 32
    server.address: localhost
Metric Name: dotnet.process.memory.working_set, Description: The number of bytes of physical memory mapped to the process context., Unit: By, Metric Type: LongSumNonMonotonic
    http.request.method: POST
Instrumentation scope (Meter):
    url.scheme: http
	Name: System.Runtime
    url.path: /api/auth/register/seller
    http.request.method: POST
    network.protocol.version: 1.1
(2026-06-08T01:29:04.1530385Z, 2026-06-08T01:29:09.8709204Z]  
Value: 305471488
    http.route: api/auth/register/seller
    url.scheme: http
Metric Name: dotnet.gc.heap.total_allocated, Description: The approximate number of bytes allocated on the managed GC heap since the process has started. The returned value does not include any native allocations., Unit: By, Metric Type: LongSum
    http.response.status_code: 201
Instrumentation scope (ActivitySource):
    Name: Microsoft.AspNetCore
Resource associated with Activity:
Instrumentation scope (Meter):
    url.path: /api/subscriptions/contract
	Name: System.Runtime
    network.protocol.version: 1.1
    http.route: api/subscriptions/contract
    http.response.status_code: 201
[22:29:09 INF] Executed action method Urbeat.WebApi.Controllers.AuthController.LoginSeller (Urbeat.WebApi), returned result Microsoft.AspNetCore.Mvc.OkObjectResult in 70.7013ms.
(2026-06-08T01:29:04.1530477Z, 2026-06-08T01:29:09.8709207Z]  
Value: 354409688
Metric Name: dotnet.gc.last_collection.memory.committed_size, Description: The amount of committed virtual memory in use by the .NET GC, as observed during the latest garbage collection., Unit: By, Metric Type: LongSumNonMonotonic
Instrumentation scope (Meter):
    telemetry.sdk.name: opentelemetry
[22:29:09 INF] Executed action method Urbeat.WebApi.Controllers.AuthController.LoginSeller (Urbeat.WebApi), returned result Microsoft.AspNetCore.Mvc.OkObjectResult in 70.5388ms.
	Name: System.Runtime
    telemetry.sdk.language: dotnet
(2026-06-08T01:29:04.1530565Z, 2026-06-08T01:29:09.8709211Z]  
Value: 149725184
    telemetry.sdk.version: 1.14.0
Metric Name: dotnet.gc.last_collection.heap.size, Description: The managed GC heap size (including fragmentation), as observed during the latest garbage collection., Unit: By, Metric Type: LongSumNonMonotonic
    service.name: unknown_service:testhost
Instrumentation scope (Meter):
	Name: System.Runtime
(2026-06-08T01:29:04.1530646Z, 2026-06-08T01:29:09.8709216Z] gc.heap.generation: gen0
Value: 0
Instrumentation scope (ActivitySource):
(2026-06-08T01:29:04.1530646Z, 2026-06-08T01:29:09.8709216Z] gc.heap.generation: gen1
Value: 950208
    Name: Microsoft.AspNetCore
Resource associated with Activity:
(2026-06-08T01:29:04.1530646Z, 2026-06-08T01:29:09.8709216Z] gc.heap.generation: gen2
Value: 60510280
    telemetry.sdk.name: opentelemetry
[22:29:09 INF] Executing endpoint 'Urbeat.WebApi.Controllers.StoresController.Create (Urbeat.WebApi)'
    telemetry.sdk.language: dotnet
    telemetry.sdk.version: 1.14.0
(2026-06-08T01:29:04.1530646Z, 2026-06-08T01:29:09.8709216Z] gc.heap.generation: loh
Value: 80354056
    service.name: unknown_service:testhost
[22:29:09 INF] Executing endpoint 'Urbeat.WebApi.Controllers.AdminController.UpsertSubscriptionStatus (Urbeat.WebApi)'
(2026-06-08T01:29:04.1530646Z, 2026-06-08T01:29:09.8709216Z] gc.heap.generation: poh
Value: 123736
Metric Name: dotnet.gc.last_collection.heap.fragmentation.size, Description: The heap fragmentation, as observed during the latest garbage collection., Unit: By, Metric Type: LongSumNonMonotonic
Instrumentation scope (Meter):
	Name: System.Runtime
Activity.TraceId:            ba9638c78ba1637313ec8f30479c0a51
(2026-06-08T01:29:04.1530740Z, 2026-06-08T01:29:09.8709220Z] gc.heap.generation: gen0
Value: 0
Activity.SpanId:             4f3ab7403fcdcb67
(2026-06-08T01:29:04.1530740Z, 2026-06-08T01:29:09.8709220Z] gc.heap.generation: gen1
Value: 16056
Activity.TraceFlags:         Recorded
(2026-06-08T01:29:04.1530740Z, 2026-06-08T01:29:09.8709220Z] gc.heap.generation: gen2
Value: 1925376
Activity.DisplayName:        POST api/subscriptions/contract
(2026-06-08T01:29:04.1530740Z, 2026-06-08T01:29:09.8709220Z] gc.heap.generation: loh
Value: 17984
Activity.Kind:               Server
(2026-06-08T01:29:04.1530740Z, 2026-06-08T01:29:09.8709220Z] gc.heap.generation: poh
Value: 0
Metric Name: dotnet.gc.pause.time, Description: The total amount of time paused in GC since the process has started., Unit: s, Metric Type: DoubleSum
Instrumentation scope (Meter):
	Name: System.Runtime
Activity.StartTime:          2026-06-08T01:29:09.8049357Z
Activity.Duration:           00:00:00.1359360
(2026-06-08T01:29:04.1532807Z, 2026-06-08T01:29:09.8709225Z]  
Value: 0.448702
Activity.Tags:
Metric Name: dotnet.jit.compiled_il.size, Description: Count of bytes of intermediate language that have been compiled since the process has started., Unit: By, Metric Type: LongSum
Instrumentation scope (Meter):
	Name: System.Runtime
    server.address: localhost
(2026-06-08T01:29:04.1548209Z, 2026-06-08T01:29:09.8709228Z]  
Value: 1957422
    http.request.method: POST
    url.scheme: http
Metric Name: dotnet.jit.compiled_methods, Description: The number of times the JIT compiler (re)compiled methods since the process has started., Unit: {method}, Metric Type: LongSum
Instrumentation scope (Meter):
	Name: System.Runtime
    url.path: /api/subscriptions/contract
    network.protocol.version: 1.1
(2026-06-08T01:29:04.1549115Z, 2026-06-08T01:29:09.8709232Z]  
Value: 30453
    http.route: api/subscriptions/contract
Metric Name: dotnet.jit.compilation.time, Description: The number of times the JIT compiler (re)compiled methods since the process has started., Unit: s, Metric Type: DoubleSum
Instrumentation scope (Meter):
    http.response.status_code: 201
	Name: System.Runtime
Instrumentation scope (ActivitySource):
    Name: Microsoft.AspNetCore
(2026-06-08T01:29:04.1550421Z, 2026-06-08T01:29:09.8709235Z]  
Value: 4.9350821
Resource associated with Activity:
Metric Name: dotnet.monitor.lock_contentions, Description: The number of times there was contention when trying to acquire a monitor lock since the process has started., Unit: {contention}, Metric Type: LongSum
Instrumentation scope (Meter):
	Name: System.Runtime
    telemetry.sdk.name: opentelemetry
    telemetry.sdk.language: dotnet
    telemetry.sdk.version: 1.14.0
(2026-06-08T01:29:04.1550542Z, 2026-06-08T01:29:09.8709237Z]  
Value: 3033
    service.name: unknown_service:testhost
Metric Name: dotnet.thread_pool.thread.count, Description: The number of thread pool threads that currently exist., Unit: {thread}, Metric Type: LongSum
Activity.TraceId:            ba9638c78ba1637313ec8f30479c0a51
Instrumentation scope (Meter):
	Name: System.Runtime
Activity.SpanId:             4f3ab7403fcdcb67
Activity.TraceFlags:         Recorded
Activity.DisplayName:        POST api/subscriptions/contract
(2026-06-08T01:29:04.1550661Z, 2026-06-08T01:29:09.8709240Z]  
Value: 17
Activity.Kind:               Server
Metric Name: dotnet.thread_pool.work_item.count, Description: The number of work items that the thread pool has completed since the process has started., Unit: {work_item}, Metric Type: LongSum
Activity.StartTime:          2026-06-08T01:29:09.8049357Z
Instrumentation scope (Meter):
	Name: System.Runtime
Activity.Duration:           00:00:00.1359360
(2026-06-08T01:29:04.1550803Z, 2026-06-08T01:29:09.8709243Z]  
Value: 1030
Activity.Tags:
Metric Name: dotnet.thread_pool.queue.length, Description: The number of work items that are currently queued to be processed by the thread pool., Unit: {work_item}, Metric Type: LongSum
Instrumentation scope (Meter):
    server.address: localhost
	Name: System.Runtime
    http.request.method: POST
    url.scheme: http
[22:29:09 INF] Route matched with {action = "UpsertSubscriptionStatus", controller = "Admin"}. Executing controller action with signature System.Threading.Tasks.Task`1[Microsoft.AspNetCore.Mvc.IActionResult] UpsertSubscriptionStatus(Urbeat.Application.DTOs.UpsertSellerSubscriptionStatusRequestDto, System.Threading.CancellationToken) on controller Urbeat.WebApi.Controllers.AdminController (Urbeat.WebApi).
(2026-06-08T01:29:04.1550948Z, 2026-06-08T01:29:09.8709245Z]  
Value: 22
    url.path: /api/subscriptions/contract
Metric Name: dotnet.timer.count, Description: The number of timer instances that are currently active. An active timer is registered to tick at some point in the future and has not yet been canceled., Unit: {timer}, Metric Type: LongSumNonMonotonic
    network.protocol.version: 1.1
Instrumentation scope (Meter):
	Name: System.Runtime
[22:29:09 INF] Route matched with {action = "Create", controller = "Stores"}. Executing controller action with signature System.Threading.Tasks.Task`1[Microsoft.AspNetCore.Mvc.IActionResult] Create(Urbeat.Application.DTOs.CreateStoreRequestDto, System.Threading.CancellationToken) on controller Urbeat.WebApi.Controllers.StoresController (Urbeat.WebApi).
(2026-06-08T01:29:04.1650254Z, 2026-06-08T01:29:09.8709248Z]  
Value: 32
    http.route: api/subscriptions/contract
Metric Name: dotnet.assembly.count, Description: The number of .NET assemblies that are currently loaded., Unit: {assembly}, Metric Type: LongSumNonMonotonic
Instrumentation scope (Meter):
    http.response.status_code: 201
	Name: System.Runtime
Instrumentation scope (ActivitySource):
    Name: Microsoft.AspNetCore
Resource associated with Activity:
(2026-06-08T01:29:04.1650539Z, 2026-06-08T01:29:09.8709251Z]  
Value: 264
    telemetry.sdk.name: opentelemetry
Metric Name: dotnet.exceptions, Description: The number of exceptions that have been thrown in managed code., Unit: {exception}, Metric Type: LongSum
Instrumentation scope (Meter):
[22:29:09 INF] Executing OkObjectResult, writing value of type 'Urbeat.Application.DTOs.AuthTokenResponseDto'.
    telemetry.sdk.language: dotnet
	Name: System.Runtime
    telemetry.sdk.version: 1.14.0
[22:29:09 INF] Request starting HTTP/1.1 POST http://localhost/api/stores - application/json; charset=utf-8 null
    service.name: unknown_service:testhost
(2026-06-08T01:29:04.1872963Z, 2026-06-08T01:29:09.8709258Z] error.type: SocketException
Value: 14
Activity.TraceId:            ba9638c78ba1637313ec8f30479c0a51
Activity.SpanId:             4f3ab7403fcdcb67
(2026-06-08T01:29:04.1872963Z, 2026-06-08T01:29:09.8709258Z] error.type: NullReferenceException
Value: 4
[22:29:09 INF] Executing OkObjectResult, writing value of type 'Urbeat.Application.DTOs.AuthTokenResponseDto'.
Activity.TraceFlags:         Recorded
Activity.DisplayName:        POST api/subscriptions/contract
(2026-06-08T01:29:04.1872963Z, 2026-06-08T01:29:09.8709258Z] error.type: OperationCanceledException
Value: 49
Activity.Kind:               Server
Activity.StartTime:          2026-06-08T01:29:09.8049357Z
(2026-06-08T01:29:04.1872963Z, 2026-06-08T01:29:09.8709258Z] error.type: InvalidOperationException
Value: 4
Activity.Duration:           00:00:00.1359360
Activity.Tags:
    server.address: localhost
(2026-06-08T01:29:04.1872963Z, 2026-06-08T01:29:09.8709258Z] error.type: FileNotFoundException
Value: 1
    http.request.method: POST
(2026-06-08T01:29:04.1872963Z, 2026-06-08T01:29:09.8709258Z] error.type: XunitException
Value: 44
    url.scheme: http
    url.path: /api/subscriptions/contract
(2026-06-08T01:29:04.1872963Z, 2026-06-08T01:29:09.8709258Z] error.type: NpgsqlException
Value: 24
    network.protocol.version: 1.1
    http.route: api/subscriptions/contract
    http.response.status_code: 201
(2026-06-08T01:29:04.1872963Z, 2026-06-08T01:29:09.8709258Z] error.type: ObjectDisposedException
Value: 27
Instrumentation scope (ActivitySource):
    Name: Microsoft.AspNetCore
Resource associated with Activity:
Metric Name: dotnet.process.cpu.count, Description: The number of processors available to the process., Unit: {cpu}, Metric Type: LongSumNonMonotonic
Instrumentation scope (Meter):
    telemetry.sdk.name: opentelemetry
    telemetry.sdk.language: dotnet
    telemetry.sdk.version: 1.14.0
	Name: System.Runtime
    service.name: unknown_service:testhost
(2026-06-08T01:29:04.1873373Z, 2026-06-08T01:29:09.8709263Z]  
Value: 12
Activity.TraceId:            ba9638c78ba1637313ec8f30479c0a51
Metric Name: dotnet.process.cpu.time, Description: CPU time used by the process., Unit: s, Metric Type: DoubleSum
Instrumentation scope (Meter):
	Name: System.Runtime
Activity.SpanId:             4f3ab7403fcdcb67
Activity.TraceFlags:         Recorded
Activity.DisplayName:        POST api/subscriptions/contract
Activity.Kind:               Server
(2026-06-08T01:29:04.1873823Z, 2026-06-08T01:29:09.8709266Z] cpu.mode: user
Value: 13.828125
Activity.StartTime:          2026-06-08T01:29:09.8049357Z
(2026-06-08T01:29:04.1873823Z, 2026-06-08T01:29:09.8709266Z] cpu.mode: system
Value: 2.359375
Activity.Duration:           00:00:00.1359360
Metric Name: dns.lookup.duration, Description: Measures the time taken to perform a DNS lookup., Unit: s, Metric Type: Histogram
Activity.Tags:
Instrumentation scope (Meter):
    server.address: localhost
	Name: System.Net.NameResolution
    http.request.method: POST
    url.scheme: http
    url.path: /api/subscriptions/contract
    network.protocol.version: 1.1
    http.route: api/subscriptions/contract
    http.response.status_code: 201
Instrumentation scope (ActivitySource):
    Name: Microsoft.AspNetCore
Resource associated with Activity:
    telemetry.sdk.name: opentelemetry
(2026-06-08T01:29:04.2011165Z, 2026-06-08T01:29:09.8709276Z] dns.question.name: localhost
Value: Sum: 0.0069703000000000005 Count: 6 Min: 0.000572 Max: 0.003488 
(-Infinity,0,005]:6
(0,005,0,01]:0
(0,01,0,025]:0
(0,025,0,05]:0
(0,05,0,075]:0
(0,075,0,1]:0
(0,1,0,25]:0
(0,25,0,5]:0
(0,5,0,75]:0
(0,75,1]:0
(1,2,5]:0
(2,5,5]:0
(5,7,5]:0
(7,5,10]:0
(10,+Infinity]:0
    telemetry.sdk.language: dotnet
Metric Name: aspnetcore.routing.match_attempts, Description: Number of requests that were attempted to be matched to an endpoint., Unit: {match_attempt}, Metric Type: LongSum
Instrumentation scope (Meter):
	Name: Microsoft.AspNetCore.Routing
    telemetry.sdk.version: 1.14.0
(2026-06-08T01:29:05.8088428Z, 2026-06-08T01:29:09.8709292Z] aspnetcore.routing.is_fallback: false aspnetcore.routing.match_status: success http.route: api/auth/login/admin
Value: 5
    service.name: unknown_service:testhost
Activity.TraceId:            ba9638c78ba1637313ec8f30479c0a51
(2026-06-08T01:29:05.8088428Z, 2026-06-08T01:29:09.8709292Z] aspnetcore.routing.is_fallback: false aspnetcore.routing.match_status: success http.route: api/auth/register/customer
Value: 6
Activity.SpanId:             4f3ab7403fcdcb67
Activity.TraceFlags:         Recorded
(2026-06-08T01:29:05.8088428Z, 2026-06-08T01:29:09.8709292Z] aspnetcore.routing.is_fallback: false aspnetcore.routing.match_status: success http.route: api/address-lookup/cep/{cep}
Value: 1
Activity.DisplayName:        POST api/subscriptions/contract
Activity.Kind:               Server
(2026-06-08T01:29:05.8088428Z, 2026-06-08T01:29:09.8709292Z] aspnetcore.routing.is_fallback: false aspnetcore.routing.match_status: success http.route: api/auth/register/seller
Value: 24
Activity.StartTime:          2026-06-08T01:29:09.8049357Z
[22:29:09 INF] Executed action Urbeat.WebApi.Controllers.AuthController.LoginSeller (Urbeat.WebApi) in 99.9738ms
(2026-06-08T01:29:05.8088428Z, 2026-06-08T01:29:09.8709292Z] aspnetcore.routing.is_fallback: false aspnetcore.routing.match_status: success http.route: api/stores/{storeId}/categories
Value: 3
Activity.Duration:           00:00:00.1359360
Activity.Tags:
(2026-06-08T01:29:05.8088428Z, 2026-06-08T01:29:09.8709292Z] aspnetcore.routing.is_fallback: false aspnetcore.routing.match_status: success http.route: api/customer/home
Value: 3
    server.address: localhost
    http.request.method: POST
(2026-06-08T01:29:05.8088428Z, 2026-06-08T01:29:09.8709292Z] aspnetcore.routing.is_fallback: false aspnetcore.routing.match_status: success http.route: api/admin/dashboard
Value: 3
    url.scheme: http
    url.path: /api/subscriptions/contract
(2026-06-08T01:29:05.8088428Z, 2026-06-08T01:29:09.8709292Z] aspnetcore.routing.is_fallback: false aspnetcore.routing.match_status: success http.route: api/seller/panel
Value: 3
    network.protocol.version: 1.1
    http.route: api/subscriptions/contract
    http.response.status_code: 201
(2026-06-08T01:29:05.8088428Z, 2026-06-08T01:29:09.8709292Z] aspnetcore.routing.is_fallback: false aspnetcore.routing.match_status: success http.route: api/admin/plans
Value: 5
Instrumentation scope (ActivitySource):
[22:29:09 INF] Executed endpoint 'Urbeat.WebApi.Controllers.AuthController.LoginSeller (Urbeat.WebApi)'
(2026-06-08T01:29:05.8088428Z, 2026-06-08T01:29:09.8709292Z] aspnetcore.routing.is_fallback: false aspnetcore.routing.match_status: success http.route: api/auth/login/customer
Value: 4
    Name: Microsoft.AspNetCore
Resource associated with Activity:
    telemetry.sdk.name: opentelemetry
(2026-06-08T01:29:05.8088428Z, 2026-06-08T01:29:09.8709292Z] aspnetcore.routing.is_fallback: false aspnetcore.routing.match_status: success http.route: api/auth/login/seller
Value: 16
    telemetry.sdk.language: dotnet
    telemetry.sdk.version: 1.14.0
(2026-06-08T01:29:05.8088428Z, 2026-06-08T01:29:09.8709292Z] aspnetcore.routing.is_fallback: false aspnetcore.routing.match_status: success http.route: api/auth/email/resend-confirmation
Value: 5
    service.name: unknown_service:testhost
(2026-06-08T01:29:05.8088428Z, 2026-06-08T01:29:09.8709292Z] aspnetcore.routing.is_fallback: false aspnetcore.routing.match_status: success http.route: api/auth/email/confirm/{code}
Value: 4
Activity.TraceId:            ba9638c78ba1637313ec8f30479c0a51
Activity.SpanId:             4f3ab7403fcdcb67
(2026-06-08T01:29:05.8088428Z, 2026-06-08T01:29:09.8709292Z] aspnetcore.routing.is_fallback: false aspnetcore.routing.match_status: success http.route: api/stores
Value: 14
Activity.TraceFlags:         Recorded
Activity.DisplayName:        POST api/subscriptions/contract
(2026-06-08T01:29:05.8088428Z, 2026-06-08T01:29:09.8709292Z] aspnetcore.routing.is_fallback: false aspnetcore.routing.match_status: success http.route: api/customer/addresses
Value: 7
Activity.Kind:               Server
Activity.StartTime:          2026-06-08T01:29:09.8049357Z
(2026-06-08T01:29:05.8088428Z, 2026-06-08T01:29:09.8709292Z] aspnetcore.routing.is_fallback: false aspnetcore.routing.match_status: success http.route: api/stores/cuisine-types
Value: 1
Activity.Duration:           00:00:00.1359360
Activity.Tags:
(2026-06-08T01:29:05.8088428Z, 2026-06-08T01:29:09.8709292Z] aspnetcore.routing.is_fallback: false aspnetcore.routing.match_status: success http.route: api/admin/plans/{planId}
Value: 1
    server.address: localhost
    http.request.method: POST
    url.scheme: http
    url.path: /api/subscriptions/contract
(2026-06-08T01:29:05.8088428Z, 2026-06-08T01:29:09.8709292Z] aspnetcore.routing.is_fallback: false aspnetcore.routing.match_status: success http.route: api/admin/plans/{planId}/status
Value: 1
    network.protocol.version: 1.1
    http.route: api/subscriptions/contract
(2026-06-08T01:29:05.8088428Z, 2026-06-08T01:29:09.8709292Z] aspnetcore.routing.is_fallback: false aspnetcore.routing.match_status: success http.route: api/auth/email/confirm
Value: 2
    http.response.status_code: 201
Instrumentation scope (ActivitySource):
    Name: Microsoft.AspNetCore
Resource associated with Activity:
(2026-06-08T01:29:05.8088428Z, 2026-06-08T01:29:09.8709292Z] aspnetcore.routing.is_fallback: false aspnetcore.routing.match_status: success http.route: api/stores/{storeId}/status
Value: 4
    telemetry.sdk.name: opentelemetry
    telemetry.sdk.language: dotnet
    telemetry.sdk.version: 1.14.0
(2026-06-08T01:29:05.8088428Z, 2026-06-08T01:29:09.8709292Z] aspnetcore.routing.is_fallback: false aspnetcore.routing.match_status: success http.route: api/stores/{storeId}/delivery-config
Value: 4
    service.name: unknown_service:testhost
(2026-06-08T01:29:05.8088428Z, 2026-06-08T01:29:09.8709292Z] aspnetcore.routing.is_fallback: false aspnetcore.routing.match_status: success http.route: api/stores/{storeId}/categories/{categoryId}
Value: 2
Activity.TraceId:            ba9638c78ba1637313ec8f30479c0a51
Activity.SpanId:             4f3ab7403fcdcb67
(2026-06-08T01:29:05.8088428Z, 2026-06-08T01:29:09.8709292Z] aspnetcore.routing.is_fallback: false aspnetcore.routing.match_status: success http.route: api/stores/my-store
Value: 3
Activity.TraceFlags:         Recorded
Activity.DisplayName:        POST api/subscriptions/contract
Activity.Kind:               Server
(2026-06-08T01:29:05.8088428Z, 2026-06-08T01:29:09.8709292Z] aspnetcore.routing.is_fallback: false aspnetcore.routing.match_status: success http.route: api/admin/subscriptions/status
Value: 1
Activity.StartTime:          2026-06-08T01:29:09.8049357Z
Activity.Duration:           00:00:00.1359360
Activity.Tags:
(2026-06-08T01:29:05.8088428Z, 2026-06-08T01:29:09.8709292Z] aspnetcore.routing.is_fallback: false aspnetcore.routing.match_status: success http.route: api/subscriptions/my
Value: 2
    server.address: localhost
    http.request.method: POST
    url.scheme: http
(2026-06-08T01:29:05.8088428Z, 2026-06-08T01:29:09.8709292Z] aspnetcore.routing.is_fallback: false aspnetcore.routing.match_status: success http.route: api/subscriptions/contract
Value: 2
    url.path: /api/subscriptions/contract
    network.protocol.version: 1.1
(2026-06-08T01:29:05.8088428Z, 2026-06-08T01:29:09.8709292Z] aspnetcore.routing.is_fallback: false aspnetcore.routing.match_status: success http.route: api/subscriptions/plans
Value: 1
    http.route: api/subscriptions/contract
    http.response.status_code: 201
(2026-06-08T01:29:05.8088428Z, 2026-06-08T01:29:09.8709292Z] aspnetcore.routing.is_fallback: false aspnetcore.routing.match_status: success http.route: api/orders
Value: 1
Instrumentation scope (ActivitySource):
    Name: Microsoft.AspNetCore
Resource associated with Activity:
(2026-06-08T01:29:05.8088428Z, 2026-06-08T01:29:09.8709292Z] aspnetcore.routing.is_fallback: false aspnetcore.routing.match_status: success http.route: api/checkout/preview
Value: 1
    telemetry.sdk.name: opentelemetry
    telemetry.sdk.language: dotnet
Metric Name: aspnetcore.routing.match_attempts, Description: Number of requests that were attempted to be matched to an endpoint., Unit: {match_attempt}, Metric Type: LongSum
    telemetry.sdk.version: 1.14.0
Instrumentation scope (Meter):
    service.name: unknown_service:testhost
	Name: Microsoft.AspNetCore.Routing
Activity.TraceId:            ba9638c78ba1637313ec8f30479c0a51
[22:29:09 INF] Request starting HTTP/1.1 POST http://localhost/api/auth/login/seller - application/json; charset=utf-8 null
(2026-06-08T01:29:07.4204203Z, 2026-06-08T01:29:09.8709325Z] aspnetcore.routing.is_fallback: false aspnetcore.routing.match_status: success http.route: /health
Value: 1
Activity.SpanId:             4f3ab7403fcdcb67
Metric Name: http.server.active_requests, Description: Number of active HTTP server requests., Unit: {request}, Metric Type: LongSumNonMonotonic
Activity.TraceFlags:         Recorded
Instrumentation scope (Meter):
Activity.DisplayName:        POST api/subscriptions/contract
	Name: Microsoft.AspNetCore.Hosting
Activity.Kind:               Server
(2026-06-08T01:29:07.9116504Z, 2026-06-08T01:29:09.8709360Z] http.request.method: POST url.scheme: http
Value: 1
Activity.StartTime:          2026-06-08T01:29:09.8049357Z
Activity.Duration:           00:00:00.1359360
(2026-06-08T01:29:07.9116504Z, 2026-06-08T01:29:09.8709360Z] http.request.method: PATCH url.scheme: http
Value: 0
Activity.Tags:
    server.address: localhost
    http.request.method: POST
Metric Name: http.server.request.duration, Description: Duration of HTTP server requests., Unit: s, Metric Type: Histogram
Instrumentation scope (Meter):
	Name: Microsoft.AspNetCore.Hosting
    url.scheme: http
    url.path: /api/subscriptions/contract
    network.protocol.version: 1.1
[22:29:09 INF] Request finished HTTP/1.1 POST http://localhost/api/auth/login/seller - 200 null application/json; charset=utf-8 114.3777ms
    http.route: api/subscriptions/contract
(2026-06-08T01:29:07.9118806Z, 2026-06-08T01:29:09.8709452Z] http.request.method: POST http.response.status_code: 201 http.route: api/auth/register/seller network.protocol.version: 1.1 url.scheme: http
Value: Sum: 0.9051142999999999 Count: 3 Min: 0.2655861 Max: 0.362994 
(-Infinity,0,005]:0
(0,005,0,01]:0
(0,01,0,025]:0
(0,025,0,05]:0
(0,05,0,075]:0
(0,075,0,1]:0
(0,1,0,25]:0
(0,25,0,5]:3
(0,5,0,75]:0
(0,75,1]:0
(1,2,5]:0
(2,5,5]:0
(5,7,5]:0
(7,5,10]:0
(10,+Infinity]:0
    http.response.status_code: 201
Instrumentation scope (ActivitySource):
    Name: Microsoft.AspNetCore
Resource associated with Activity:
    telemetry.sdk.name: opentelemetry
    telemetry.sdk.language: dotnet
    telemetry.sdk.version: 1.14.0
    service.name: unknown_service:testhost
(2026-06-08T01:29:07.9118806Z, 2026-06-08T01:29:09.8709452Z] http.request.method: POST http.response.status_code: 200 http.route: api/auth/login/seller network.protocol.version: 1.1 url.scheme: http
Value: Sum: 0.4719316 Count: 2 Min: 0.2353817 Max: 0.2365499 
(-Infinity,0,005]:0
(0,005,0,01]:0
(0,01,0,025]:0
(0,025,0,05]:0
(0,05,0,075]:0
(0,075,0,1]:0
(0,1,0,25]:2
(0,25,0,5]:0
(0,5,0,75]:0
(0,75,1]:0
(1,2,5]:0
(2,5,5]:0
(5,7,5]:0
(7,5,10]:0
(10,+Infinity]:0
(2026-06-08T01:29:07.9118806Z, 2026-06-08T01:29:09.8709452Z] http.request.method: POST http.response.status_code: 201 http.route: api/stores network.protocol.version: 1.1 url.scheme: http
Value: Sum: 0.1518162 Count: 1 Min: 0.1518162 Max: 0.1518162 
(-Infinity,0,005]:0
(0,005,0,01]:0
(0,01,0,025]:0
(0,025,0,05]:0
(0,05,0,075]:0
(0,075,0,1]:0
(0,1,0,25]:1
(0,25,0,5]:0
(0,5,0,75]:0
(0,75,1]:0
(1,2,5]:0
(2,5,5]:0
(5,7,5]:0
(7,5,10]:0
(10,+Infinity]:0
(2026-06-08T01:29:07.9118806Z, 2026-06-08T01:29:09.8709452Z] http.request.method: PATCH http.response.status_code: 200 http.route: api/stores/{storeId}/status network.protocol.version: 1.1 url.scheme: http
Value: Sum: 0.0343557 Count: 1 Min: 0.0343557 Max: 0.0343557 
(-Infinity,0,005]:0
(0,005,0,01]:0
(0,01,0,025]:0
(0,025,0,05]:1
(0,05,0,075]:0
(0,075,0,1]:0
(0,1,0,25]:0
(0,25,0,5]:0
(0,5,0,75]:0
(0,75,1]:0
(1,2,5]:0
(2,5,5]:0
(5,7,5]:0
(7,5,10]:0
(10,+Infinity]:0
(2026-06-08T01:29:07.9118806Z, 2026-06-08T01:29:09.8709452Z] http.request.method: PATCH http.response.status_code: 200 http.route: api/stores/{storeId}/delivery-config network.protocol.version: 1.1 url.scheme: http
Value: Sum: 0.1221238 Count: 1 Min: 0.1221238 Max: 0.1221238 
(-Infinity,0,005]:0
(0,005,0,01]:0
(0,01,0,025]:0
(0,025,0,05]:0
(0,05,0,075]:0
(0,075,0,1]:0
(0,1,0,25]:1
(0,25,0,5]:0
(0,5,0,75]:0
(0,75,1]:0
(1,2,5]:0
(2,5,5]:0
(5,7,5]:0
(7,5,10]:0
(10,+Infinity]:0
(2026-06-08T01:29:07.9118806Z, 2026-06-08T01:29:09.8709452Z] http.request.method: POST http.response.status_code: 201 http.route: api/auth/register/customer network.protocol.version: 1.1 url.scheme: http
Value: Sum: 0.2380296 Count: 1 Min: 0.2380296 Max: 0.2380296 
(-Infinity,0,005]:0
(0,005,0,01]:0
(0,01,0,025]:0
(0,025,0,05]:0
(0,05,0,075]:0
(0,075,0,1]:0
(0,1,0,25]:1
(0,25,0,5]:0
(0,5,0,75]:0
(0,75,1]:0
(1,2,5]:0
(2,5,5]:0
(5,7,5]:0
(7,5,10]:0
(10,+Infinity]:0
Activity.TraceId:            0a61e5d1af5f2e4a2a0e79585c346d51
Metric Name: aspnetcore.routing.match_attempts, Description: Number of requests that were attempted to be matched to an endpoint., Unit: {match_attempt}, Metric Type: LongSum
Activity.SpanId:             36242bf1aef987ad
Instrumentation scope (Meter):
	Name: Microsoft.AspNetCore.Routing
Activity.TraceFlags:         Recorded
Activity.DisplayName:        POST api/auth/login/seller
Activity.Kind:               Server
Activity.StartTime:          2026-06-08T01:29:09.8557465Z
[22:29:09 INF] Executed action Urbeat.WebApi.Controllers.AuthController.LoginSeller (Urbeat.WebApi) in 114.7869ms
(2026-06-08T01:29:07.9808902Z, 2026-06-08T01:29:09.8709469Z] aspnetcore.routing.is_fallback: false aspnetcore.routing.match_status: success http.route: api/auth/register/seller
Value: 3
Activity.Duration:           00:00:00.1144532
(2026-06-08T01:29:07.9808902Z, 2026-06-08T01:29:09.8709469Z] aspnetcore.routing.is_fallback: false aspnetcore.routing.match_status: success http.route: api/auth/login/seller
Value: 3
Activity.Tags:
(2026-06-08T01:29:07.9808902Z, 2026-06-08T01:29:09.8709469Z] aspnetcore.routing.is_fallback: false aspnetcore.routing.match_status: success http.route: api/stores
Value: 1
    server.address: localhost
    http.request.method: POST
    url.scheme: http
    url.path: /api/auth/login/seller
(2026-06-08T01:29:07.9808902Z, 2026-06-08T01:29:09.8709469Z] aspnetcore.routing.is_fallback: false aspnetcore.routing.match_status: success http.route: api/stores/{storeId}/status
Value: 1
    network.protocol.version: 1.1
[22:29:09 INF] Executing endpoint 'Urbeat.WebApi.Controllers.AuthController.LoginSeller (Urbeat.WebApi)'
(2026-06-08T01:29:07.9808902Z, 2026-06-08T01:29:09.8709469Z] aspnetcore.routing.is_fallback: false aspnetcore.routing.match_status: success http.route: api/stores/{storeId}/delivery-config
Value: 1
    http.route: api/auth/login/seller
(2026-06-08T01:29:07.9808902Z, 2026-06-08T01:29:09.8709469Z] aspnetcore.routing.is_fallback: false aspnetcore.routing.match_status: success http.route: api/auth/register/customer
Value: 1
    http.response.status_code: 200
Instrumentation scope (ActivitySource):
    Name: Microsoft.AspNetCore
Resource associated with Activity:
[22:29:09 INF] Request starting HTTP/1.1 POST http://localhost/api/auth/login/customer - application/json; charset=utf-8 null
    telemetry.sdk.name: opentelemetry
    telemetry.sdk.language: dotnet
    telemetry.sdk.version: 1.14.0
    service.name: unknown_service:testhost
[22:29:09 INF] Executing action method Urbeat.WebApi.Controllers.StoresController.Create (Urbeat.WebApi) - Validation state: Valid
Activity.TraceId:            0a61e5d1af5f2e4a2a0e79585c346d51
Activity.SpanId:             36242bf1aef987ad
Activity.TraceFlags:         Recorded
Activity.DisplayName:        POST api/auth/login/seller
Activity.Kind:               Server
[22:29:09 INF] Request starting HTTP/1.1 POST http://localhost/api/subscriptions/contract - application/json; charset=utf-8 null
Activity.StartTime:          2026-06-08T01:29:09.8557465Z
Activity.Duration:           00:00:00.1144532
Activity.Tags:
    server.address: localhost
    http.request.method: POST
    url.scheme: http
[22:29:09 INF] Request starting HTTP/1.1 POST http://localhost/api/stores - application/json; charset=utf-8 null
    url.path: /api/auth/login/seller
    network.protocol.version: 1.1
    http.route: api/auth/login/seller
    http.response.status_code: 200
[22:29:09 INF] Executing action method Urbeat.WebApi.Controllers.AdminController.UpsertSubscriptionStatus (Urbeat.WebApi) - Validation state: Valid
Instrumentation scope (ActivitySource):
    Name: Microsoft.AspNetCore
Resource associated with Activity:
    telemetry.sdk.name: opentelemetry
    telemetry.sdk.language: dotnet
    telemetry.sdk.version: 1.14.0
    service.name: unknown_service:testhost
Activity.TraceId:            0a61e5d1af5f2e4a2a0e79585c346d51
Activity.SpanId:             36242bf1aef987ad
[22:29:09 INF] Executed endpoint 'Urbeat.WebApi.Controllers.AuthController.LoginSeller (Urbeat.WebApi)'
Activity.TraceFlags:         Recorded
Activity.DisplayName:        POST api/auth/login/seller
Activity.Kind:               Server
Activity.StartTime:          2026-06-08T01:29:09.8557465Z
Activity.Duration:           00:00:00.1144532
Activity.Tags:
[22:29:09 INF] Saved 1 entities to in-memory store.
    server.address: localhost
    http.request.method: POST
    url.scheme: http
    url.path: /api/auth/login/seller
    network.protocol.version: 1.1
    http.route: api/auth/login/seller
    http.response.status_code: 200
Instrumentation scope (ActivitySource):
    Name: Microsoft.AspNetCore
[22:29:09 INF] Executing endpoint 'Urbeat.WebApi.Controllers.StoresController.Create (Urbeat.WebApi)'
Resource associated with Activity:
    telemetry.sdk.name: opentelemetry
    telemetry.sdk.language: dotnet
    telemetry.sdk.version: 1.14.0
    service.name: unknown_service:testhost
Activity.TraceId:            0a61e5d1af5f2e4a2a0e79585c346d51
Activity.SpanId:             36242bf1aef987ad
Activity.TraceFlags:         Recorded
Activity.DisplayName:        POST api/auth/login/seller
[22:29:09 INF] Route matched with {action = "LoginSeller", controller = "Auth"}. Executing controller action with signature System.Threading.Tasks.Task`1[Microsoft.AspNetCore.Mvc.IActionResult] LoginSeller(Urbeat.Application.DTOs.LoginRequestDto, System.Threading.CancellationToken) on controller Urbeat.WebApi.Controllers.AuthController (Urbeat.WebApi).
Activity.Kind:               Server
Activity.StartTime:          2026-06-08T01:29:09.8557465Z
Activity.Duration:           00:00:00.1144532
Activity.Tags:
    server.address: localhost
    http.request.method: POST
    url.scheme: http
    url.path: /api/auth/login/seller
    network.protocol.version: 1.1
    http.route: api/auth/login/seller
    http.response.status_code: 200
Instrumentation scope (ActivitySource):
    Name: Microsoft.AspNetCore
Resource associated with Activity:
    telemetry.sdk.name: opentelemetry
    telemetry.sdk.language: dotnet
    telemetry.sdk.version: 1.14.0
    service.name: unknown_service:testhost
Activity.TraceId:            0a61e5d1af5f2e4a2a0e79585c346d51
Activity.SpanId:             36242bf1aef987ad
Activity.TraceFlags:         Recorded
Activity.DisplayName:        POST api/auth/login/seller
Activity.Kind:               Server
Activity.StartTime:          2026-06-08T01:29:09.8557465Z
Activity.Duration:           00:00:00.1144532
Activity.Tags:
    server.address: localhost
    http.request.method: POST
    url.scheme: http
    url.path: /api/auth/login/seller
    network.protocol.version: 1.1
    http.route: api/auth/login/seller
    http.response.status_code: 200
Instrumentation scope (ActivitySource):
    Name: Microsoft.AspNetCore
Resource associated with Activity:
    telemetry.sdk.name: opentelemetry
    telemetry.sdk.language: dotnet
    telemetry.sdk.version: 1.14.0
    service.name: unknown_service:testhost
Activity.TraceId:            0a61e5d1af5f2e4a2a0e79585c346d51
Activity.SpanId:             36242bf1aef987ad
Activity.TraceFlags:         Recorded
Activity.DisplayName:        POST api/auth/login/seller
Activity.Kind:               Server
Activity.StartTime:          2026-06-08T01:29:09.8557465Z
Activity.Duration:           00:00:00.1144532
Activity.Tags:
    server.address: localhost
    http.request.method: POST
    url.scheme: http
    url.path: /api/auth/login/seller
    network.protocol.version: 1.1
    http.route: api/auth/login/seller
    http.response.status_code: 200
Instrumentation scope (ActivitySource):
    Name: Microsoft.AspNetCore
Resource associated with Activity:
    telemetry.sdk.name: opentelemetry
    telemetry.sdk.language: dotnet
    telemetry.sdk.version: 1.14.0
    service.name: unknown_service:testhost
Activity.TraceId:            0a61e5d1af5f2e4a2a0e79585c346d51
Activity.SpanId:             36242bf1aef987ad
Activity.TraceFlags:         Recorded
Activity.DisplayName:        POST api/auth/login/seller
Activity.Kind:               Server
Activity.StartTime:          2026-06-08T01:29:09.8557465Z
Activity.Duration:           00:00:00.1144532
Activity.Tags:
    server.address: localhost
    http.request.method: POST
    url.scheme: http
    url.path: /api/auth/login/seller
[22:29:09 INF] Request finished HTTP/1.1 POST http://localhost/api/auth/login/seller - 200 null application/json; charset=utf-8 270.4716ms
    network.protocol.version: 1.1
    http.route: api/auth/login/seller
    http.response.status_code: 200
Instrumentation scope (ActivitySource):
    Name: Microsoft.AspNetCore
Resource associated with Activity:
    telemetry.sdk.name: opentelemetry
    telemetry.sdk.language: dotnet
    telemetry.sdk.version: 1.14.0
    service.name: unknown_service:testhost
Activity.TraceId:            0a61e5d1af5f2e4a2a0e79585c346d51
Activity.SpanId:             36242bf1aef987ad
Activity.TraceFlags:         Recorded
Activity.DisplayName:        POST api/auth/login/seller
Activity.Kind:               Server
Activity.StartTime:          2026-06-08T01:29:09.8557465Z
Activity.Duration:           00:00:00.1144532
Activity.Tags:
    server.address: localhost
    http.request.method: POST
    url.scheme: http
    url.path: /api/auth/login/seller
    network.protocol.version: 1.1
    http.route: api/auth/login/seller
    http.response.status_code: 200
Instrumentation scope (ActivitySource):
    Name: Microsoft.AspNetCore
Resource associated with Activity:
    telemetry.sdk.name: opentelemetry
    telemetry.sdk.language: dotnet
    telemetry.sdk.version: 1.14.0
    service.name: unknown_service:testhost
Activity.TraceId:            0a61e5d1af5f2e4a2a0e79585c346d51
Activity.SpanId:             36242bf1aef987ad
Activity.TraceFlags:         Recorded
Activity.DisplayName:        POST api/auth/login/seller
Activity.Kind:               Server
Activity.StartTime:          2026-06-08T01:29:09.8557465Z
Activity.Duration:           00:00:00.1144532
Activity.Tags:
    server.address: localhost
    http.request.method: POST
    url.scheme: http
    url.path: /api/auth/login/seller
    network.protocol.version: 1.1
    http.route: api/auth/login/seller
    http.response.status_code: 200
Activity.TraceId:            534b4fad42c9cf7839268f1fa18c8e32
Instrumentation scope (ActivitySource):
    Name: Microsoft.AspNetCore
Resource associated with Activity:
    telemetry.sdk.name: opentelemetry
[22:29:09 INF] Saved 1 entities to in-memory store.
Activity.SpanId:             36437e4fe5d66e97
    telemetry.sdk.language: dotnet
Activity.TraceFlags:         Recorded
    telemetry.sdk.version: 1.14.0
Activity.DisplayName:        POST api/auth/login/seller
    service.name: unknown_service:testhost
Activity.Kind:               Server
Activity.StartTime:          2026-06-08T01:29:09.7292725Z
Activity.Duration:           00:00:00.2705633
Activity.Tags:
    server.address: localhost
    http.request.method: POST
    url.scheme: http
    url.path: /api/auth/login/seller
    network.protocol.version: 1.1
    http.route: api/auth/login/seller
    http.response.status_code: 200
Instrumentation scope (ActivitySource):
    Name: Microsoft.AspNetCore
Resource associated with Activity:
    telemetry.sdk.name: opentelemetry
    telemetry.sdk.language: dotnet
    telemetry.sdk.version: 1.14.0
    service.name: unknown_service:testhost
Activity.TraceId:            534b4fad42c9cf7839268f1fa18c8e32
Activity.SpanId:             36437e4fe5d66e97
Activity.TraceFlags:         Recorded
Activity.DisplayName:        POST api/auth/login/seller
[22:29:09 INF] Executing endpoint 'Urbeat.WebApi.Controllers.StoresController.Create (Urbeat.WebApi)'
Activity.Kind:               Server
[22:29:09 INF] Executing endpoint 'Urbeat.WebApi.Controllers.SubscriptionsController.Contract (Urbeat.WebApi)'
Activity.StartTime:          2026-06-08T01:29:09.7292725Z
Activity.Duration:           00:00:00.2705633
Activity.Tags:
    server.address: localhost
    http.request.method: POST
    url.scheme: http
    url.path: /api/auth/login/seller
    network.protocol.version: 1.1
    http.route: api/auth/login/seller
    http.response.status_code: 200
Instrumentation scope (ActivitySource):
[22:29:09 INF] Executed action method Urbeat.WebApi.Controllers.AuthController.LoginSeller (Urbeat.WebApi), returned result Microsoft.AspNetCore.Mvc.OkObjectResult in 59.4305ms.
    Name: Microsoft.AspNetCore
Resource associated with Activity:
    telemetry.sdk.name: opentelemetry
    telemetry.sdk.language: dotnet
    telemetry.sdk.version: 1.14.0
    service.name: unknown_service:testhost
Activity.TraceId:            534b4fad42c9cf7839268f1fa18c8e32
Activity.SpanId:             36437e4fe5d66e97
Activity.TraceFlags:         Recorded
Activity.DisplayName:        POST api/auth/login/seller
Activity.Kind:               Server
Activity.StartTime:          2026-06-08T01:29:09.7292725Z
Activity.Duration:           00:00:00.2705633
Activity.Tags:
[22:29:10 INF] Route matched with {action = "Create", controller = "Stores"}. Executing controller action with signature System.Threading.Tasks.Task`1[Microsoft.AspNetCore.Mvc.IActionResult] Create(Urbeat.Application.DTOs.CreateStoreRequestDto, System.Threading.CancellationToken) on controller Urbeat.WebApi.Controllers.StoresController (Urbeat.WebApi).
    server.address: localhost
[22:29:10 INF] Route matched with {action = "Contract", controller = "Subscriptions"}. Executing controller action with signature System.Threading.Tasks.Task`1[Microsoft.AspNetCore.Mvc.IActionResult] Contract(Urbeat.Application.DTOs.ContractSellerSubscriptionRequestDto, System.Threading.CancellationToken) on controller Urbeat.WebApi.Controllers.SubscriptionsController (Urbeat.WebApi).
    http.request.method: POST
    url.scheme: http
    url.path: /api/auth/login/seller
    network.protocol.version: 1.1
    http.route: api/auth/login/seller
    http.response.status_code: 200
Instrumentation scope (ActivitySource):
    Name: Microsoft.AspNetCore
Resource associated with Activity:
    telemetry.sdk.name: opentelemetry
    telemetry.sdk.language: dotnet
    telemetry.sdk.version: 1.14.0
    service.name: unknown_service:testhost
Activity.TraceId:            534b4fad42c9cf7839268f1fa18c8e32
Activity.SpanId:             36437e4fe5d66e97
Activity.TraceFlags:         Recorded
Activity.DisplayName:        POST api/auth/login/seller
[22:29:10 INF] Saved 1 entities to in-memory store.
Activity.Kind:               Server
Activity.StartTime:          2026-06-08T01:29:09.7292725Z
Activity.Duration:           00:00:00.2705633
Activity.Tags:
    server.address: localhost
    http.request.method: POST
    url.scheme: http
    url.path: /api/auth/login/seller
    network.protocol.version: 1.1
    http.route: api/auth/login/seller
    http.response.status_code: 200
Instrumentation scope (ActivitySource):
    Name: Microsoft.AspNetCore
Resource associated with Activity:
    telemetry.sdk.name: opentelemetry
    telemetry.sdk.language: dotnet
    telemetry.sdk.version: 1.14.0
    service.name: unknown_service:testhost
Activity.TraceId:            534b4fad42c9cf7839268f1fa18c8e32
Activity.SpanId:             36437e4fe5d66e97
Activity.TraceFlags:         Recorded
Activity.DisplayName:        POST api/auth/login/seller
Activity.Kind:               Server
Activity.StartTime:          2026-06-08T01:29:09.7292725Z
Activity.Duration:           00:00:00.2705633
Activity.Tags:
    server.address: localhost
    http.request.method: POST
    url.scheme: http
    url.path: /api/auth/login/seller
[22:29:10 INF] Executed action method Urbeat.WebApi.Controllers.AdminController.UpsertSubscriptionStatus (Urbeat.WebApi), returned result Microsoft.AspNetCore.Mvc.NoContentResult in 0.6942ms.
    network.protocol.version: 1.1
    http.route: api/auth/login/seller
    http.response.status_code: 200
Instrumentation scope (ActivitySource):
    Name: Microsoft.AspNetCore
Resource associated with Activity:
    telemetry.sdk.name: opentelemetry
    telemetry.sdk.language: dotnet
    telemetry.sdk.version: 1.14.0
    service.name: unknown_service:testhost
Activity.TraceId:            534b4fad42c9cf7839268f1fa18c8e32
[22:29:10 INF] Executing action method Urbeat.WebApi.Controllers.AuthController.LoginSeller (Urbeat.WebApi) - Validation state: Valid
Activity.SpanId:             36437e4fe5d66e97
Activity.TraceFlags:         Recorded
Activity.DisplayName:        POST api/auth/login/seller
Activity.Kind:               Server
Activity.StartTime:          2026-06-08T01:29:09.7292725Z
Activity.Duration:           00:00:00.2705633
Activity.Tags:
    server.address: localhost
    http.request.method: POST
    url.scheme: http
    url.path: /api/auth/login/seller
    network.protocol.version: 1.1
    http.route: api/auth/login/seller
    http.response.status_code: 200
Instrumentation scope (ActivitySource):
    Name: Microsoft.AspNetCore
[22:29:10 INF] Executing OkObjectResult, writing value of type 'Urbeat.Application.DTOs.AuthTokenResponseDto'.
Resource associated with Activity:
    telemetry.sdk.name: opentelemetry
    telemetry.sdk.language: dotnet
    telemetry.sdk.version: 1.14.0
    service.name: unknown_service:testhost
Activity.TraceId:            534b4fad42c9cf7839268f1fa18c8e32
Activity.SpanId:             36437e4fe5d66e97
Activity.TraceFlags:         Recorded
Activity.DisplayName:        POST api/auth/login/seller
Activity.Kind:               Server
Activity.StartTime:          2026-06-08T01:29:09.7292725Z
Activity.Duration:           00:00:00.2705633
Activity.Tags:
    server.address: localhost
    http.request.method: POST
    url.scheme: http
    url.path: /api/auth/login/seller
    network.protocol.version: 1.1
    http.route: api/auth/login/seller
    http.response.status_code: 200
Instrumentation scope (ActivitySource):
    Name: Microsoft.AspNetCore
Resource associated with Activity:
    telemetry.sdk.name: opentelemetry
    telemetry.sdk.language: dotnet
[22:29:10 INF] Executing endpoint 'Urbeat.WebApi.Controllers.AuthController.LoginCustomer (Urbeat.WebApi)'
    telemetry.sdk.version: 1.14.0
    service.name: unknown_service:testhost
Activity.TraceId:            534b4fad42c9cf7839268f1fa18c8e32
Activity.SpanId:             36437e4fe5d66e97
Activity.TraceFlags:         Recorded
Activity.DisplayName:        POST api/auth/login/seller
Activity.Kind:               Server
Activity.StartTime:          2026-06-08T01:29:09.7292725Z
Activity.Duration:           00:00:00.2705633
Activity.Tags:
    server.address: localhost
    http.request.method: POST
    url.scheme: http
    url.path: /api/auth/login/seller
    network.protocol.version: 1.1
    http.route: api/auth/login/seller
    http.response.status_code: 200
Instrumentation scope (ActivitySource):
    Name: Microsoft.AspNetCore
Resource associated with Activity:
    telemetry.sdk.name: opentelemetry
    telemetry.sdk.language: dotnet
    telemetry.sdk.version: 1.14.0
    service.name: unknown_service:testhost
Activity.TraceId:            534b4fad42c9cf7839268f1fa18c8e32
Activity.SpanId:             36437e4fe5d66e97
Activity.TraceFlags:         Recorded
Activity.DisplayName:        POST api/auth/login/seller
Activity.Kind:               Server
Activity.StartTime:          2026-06-08T01:29:09.7292725Z
Activity.Duration:           00:00:00.2705633
Activity.Tags:
    server.address: localhost
    http.request.method: POST
    url.scheme: http
    url.path: /api/auth/login/seller
    network.protocol.version: 1.1
    http.route: api/auth/login/seller
    http.response.status_code: 200
Instrumentation scope (ActivitySource):
    Name: Microsoft.AspNetCore
Resource associated with Activity:
    telemetry.sdk.name: opentelemetry
    telemetry.sdk.language: dotnet
    telemetry.sdk.version: 1.14.0
    service.name: unknown_service:testhost
[22:29:10 INF] Executed action Urbeat.WebApi.Controllers.AdminController.UpsertSubscriptionStatus (Urbeat.WebApi) in 30.7359ms
[22:29:10 INF] Executed action Urbeat.WebApi.Controllers.AuthController.LoginSeller (Urbeat.WebApi) in 90.9087ms
[22:29:10 INF] Executing action method Urbeat.WebApi.Controllers.SubscriptionsController.Contract (Urbeat.WebApi) - Validation state: Valid
[22:29:10 INF] Executed endpoint 'Urbeat.WebApi.Controllers.AdminController.UpsertSubscriptionStatus (Urbeat.WebApi)'
[22:29:10 INF] Request starting HTTP/1.1 POST http://localhost/api/stores - application/json; charset=utf-8 null
[22:29:10 INF] Executed endpoint 'Urbeat.WebApi.Controllers.AuthController.LoginSeller (Urbeat.WebApi)'
[22:29:10 INF] Request finished HTTP/1.1 POST http://localhost/api/admin/subscriptions/status - 204 null null 91.1552ms
[22:29:10 INF] Request finished HTTP/1.1 POST http://localhost/api/auth/login/seller - 200 null application/json; charset=utf-8 128.8789ms
[22:29:10 INF] Executing action method Urbeat.WebApi.Controllers.StoresController.Create (Urbeat.WebApi) - Validation state: Valid
Activity.TraceId:            69de9fc6044e5d10220e5dd8a2bac511
[22:29:10 INF] Executed action method Urbeat.WebApi.Controllers.SubscriptionsController.Contract (Urbeat.WebApi), returned result Microsoft.AspNetCore.Mvc.ConflictObjectResult in 0.5384ms.
Activity.SpanId:             5e08ff111943d17c
[22:29:10 INF] Request starting HTTP/1.1 POST http://localhost/api/admin/subscriptions/notifications/process - null null
Activity.TraceFlags:         Recorded
Activity.DisplayName:        POST api/admin/subscriptions/status
Activity.Kind:               Server
[22:29:10 INF] Request starting HTTP/1.1 POST http://localhost/api/stores - application/json; charset=utf-8 null
Activity.StartTime:          2026-06-08T01:29:09.9094992Z
Activity.Duration:           00:00:00.0911871
Activity.Tags:
[22:29:10 INF] Saved 1 entities to in-memory store.
    server.address: localhost
    http.request.method: POST
    url.scheme: http
    url.path: /api/admin/subscriptions/status
    network.protocol.version: 1.1
    http.route: api/admin/subscriptions/status
[22:29:10 INF] Executing endpoint 'Urbeat.WebApi.Controllers.StoresController.Create (Urbeat.WebApi)'
    http.response.status_code: 204
Instrumentation scope (ActivitySource):
    Name: Microsoft.AspNetCore
[22:29:10 INF] Route matched with {action = "Create", controller = "Stores"}. Executing controller action with signature System.Threading.Tasks.Task`1[Microsoft.AspNetCore.Mvc.IActionResult] Create(Urbeat.Application.DTOs.CreateStoreRequestDto, System.Threading.CancellationToken) on controller Urbeat.WebApi.Controllers.StoresController (Urbeat.WebApi).
Resource associated with Activity:
    telemetry.sdk.name: opentelemetry
    telemetry.sdk.language: dotnet
    telemetry.sdk.version: 1.14.0
    service.name: unknown_service:testhost
[22:29:10 INF] Route matched with {action = "LoginCustomer", controller = "Auth"}. Executing controller action with signature System.Threading.Tasks.Task`1[Microsoft.AspNetCore.Mvc.IActionResult] LoginCustomer(Urbeat.Application.DTOs.LoginRequestDto, System.Threading.CancellationToken) on controller Urbeat.WebApi.Controllers.AuthController (Urbeat.WebApi).
Activity.TraceId:            69de9fc6044e5d10220e5dd8a2bac511
Activity.SpanId:             5e08ff111943d17c
[22:29:10 WRN] Admin seeding skipped because the data store is unavailable.
System.InvalidOperationException: Relational-specific methods can only be used when the context is using a relational database provider.
   at Microsoft.EntityFrameworkCore.RelationalDatabaseFacadeExtensions.GetRelationalService[TService](IInfrastructure`1 databaseFacade)
   at Microsoft.EntityFrameworkCore.RelationalDatabaseFacadeExtensions.MigrateAsync(DatabaseFacade databaseFacade, CancellationToken cancellationToken)
   at Program.<Main>$(String[] args) in C:\Projetos\urbeat\backend\src\Urbeat.WebApi\Program.cs:line 42
Activity.TraceFlags:         Recorded
Activity.DisplayName:        POST api/admin/subscriptions/status
Activity.Kind:               Server
Activity.StartTime:          2026-06-08T01:29:09.9094992Z
Activity.Duration:           00:00:00.0911871
Activity.Tags:
    server.address: localhost
    http.request.method: POST
    url.scheme: http
    url.path: /api/admin/subscriptions/status
    network.protocol.version: 1.1
    http.route: api/admin/subscriptions/status
    http.response.status_code: 204
Instrumentation scope (ActivitySource):
    Name: Microsoft.AspNetCore
Resource associated with Activity:
    telemetry.sdk.name: opentelemetry
    telemetry.sdk.language: dotnet
    telemetry.sdk.version: 1.14.0
    service.name: unknown_service:testhost
Activity.TraceId:            69de9fc6044e5d10220e5dd8a2bac511
Activity.SpanId:             5e08ff111943d17c
Activity.TraceFlags:         Recorded
Activity.DisplayName:        POST api/admin/subscriptions/status
Activity.Kind:               Server
Activity.StartTime:          2026-06-08T01:29:09.9094992Z
Activity.Duration:           00:00:00.0911871
Activity.Tags:
    server.address: localhost
    http.request.method: POST
    url.scheme: http
    url.path: /api/admin/subscriptions/status
    network.protocol.version: 1.1
    http.route: api/admin/subscriptions/status
    http.response.status_code: 204
Instrumentation scope (ActivitySource):
    Name: Microsoft.AspNetCore
Resource associated with Activity:
    telemetry.sdk.name: opentelemetry
    telemetry.sdk.language: dotnet
    telemetry.sdk.version: 1.14.0
    service.name: unknown_service:testhost
Activity.TraceId:            69de9fc6044e5d10220e5dd8a2bac511
Activity.SpanId:             5e08ff111943d17c
Activity.TraceFlags:         Recorded
Activity.DisplayName:        POST api/admin/subscriptions/status
Activity.Kind:               Server
Activity.StartTime:          2026-06-08T01:29:09.9094992Z
Activity.Duration:           00:00:00.0911871
Activity.Tags:
    server.address: localhost
[22:29:10 INF] Executing ConflictObjectResult, writing value of type '<>f__AnonymousType1`1[[System.String, System.Private.CoreLib, Version=9.0.0.0, Culture=neutral, PublicKeyToken=7cec85d7bea7798e]]'.
    http.request.method: POST
    url.scheme: http
    url.path: /api/admin/subscriptions/status
    network.protocol.version: 1.1
    http.route: api/admin/subscriptions/status
    http.response.status_code: 204
Instrumentation scope (ActivitySource):
    Name: Microsoft.AspNetCore
Resource associated with Activity:
    telemetry.sdk.name: opentelemetry
    telemetry.sdk.language: dotnet
    telemetry.sdk.version: 1.14.0
    service.name: unknown_service:testhost
Activity.TraceId:            69de9fc6044e5d10220e5dd8a2bac511
Activity.SpanId:             5e08ff111943d17c
Activity.TraceFlags:         Recorded
Activity.DisplayName:        POST api/admin/subscriptions/status
Activity.Kind:               Server
Activity.StartTime:          2026-06-08T01:29:09.9094992Z
Activity.Duration:           00:00:00.0911871
Activity.Tags:
[22:29:10 INF] STORE_CREATED | Store created | StoreId=019ea4d9-1271-78ad-b009-45688dfe7a80 | OwnerUserId=019ea4d9-107e-7757-aa3f-fc3c2781044b | Name=Loja Gestao | CuisineType=null | IP=null
    server.address: localhost
    http.request.method: POST
    url.scheme: http
    url.path: /api/admin/subscriptions/status
    network.protocol.version: 1.1
    http.route: api/admin/subscriptions/status
    http.response.status_code: 204
Instrumentation scope (ActivitySource):
    Name: Microsoft.AspNetCore
Resource associated with Activity:
    telemetry.sdk.name: opentelemetry
    telemetry.sdk.language: dotnet
    telemetry.sdk.version: 1.14.0
    service.name: unknown_service:testhost
Activity.TraceId:            69de9fc6044e5d10220e5dd8a2bac511
Activity.SpanId:             5e08ff111943d17c
Activity.TraceFlags:         Recorded
Activity.DisplayName:        POST api/admin/subscriptions/status
Activity.Kind:               Server
Activity.StartTime:          2026-06-08T01:29:09.9094992Z
Activity.Duration:           00:00:00.0911871
Activity.Tags:
    server.address: localhost
    http.request.method: POST
    url.scheme: http
    url.path: /api/admin/subscriptions/status
    network.protocol.version: 1.1
    http.route: api/admin/subscriptions/status
    http.response.status_code: 204
Instrumentation scope (ActivitySource):
    Name: Microsoft.AspNetCore
Resource associated with Activity:
    telemetry.sdk.name: opentelemetry
    telemetry.sdk.language: dotnet
    telemetry.sdk.version: 1.14.0
    service.name: unknown_service:testhost
Activity.TraceId:            69de9fc6044e5d10220e5dd8a2bac511
Activity.SpanId:             5e08ff111943d17c
Activity.TraceFlags:         Recorded
Activity.DisplayName:        POST api/admin/subscriptions/status
Activity.Kind:               Server
Activity.StartTime:          2026-06-08T01:29:09.9094992Z
Activity.Duration:           00:00:00.0911871
Activity.Tags:
    server.address: localhost
    http.request.method: POST
    url.scheme: http
    url.path: /api/admin/subscriptions/status
    network.protocol.version: 1.1
    http.route: api/admin/subscriptions/status
    http.response.status_code: 204
Instrumentation scope (ActivitySource):
    Name: Microsoft.AspNetCore
Resource associated with Activity:
    telemetry.sdk.name: opentelemetry
    telemetry.sdk.language: dotnet
    telemetry.sdk.version: 1.14.0
    service.name: unknown_service:testhost
Activity.TraceId:            69de9fc6044e5d10220e5dd8a2bac511
Activity.SpanId:             5e08ff111943d17c
Activity.TraceFlags:         Recorded
Activity.DisplayName:        POST api/admin/subscriptions/status
Activity.Kind:               Server
[22:29:10 INF] Saved 1 entities to in-memory store.
Activity.StartTime:          2026-06-08T01:29:09.9094992Z
Activity.Duration:           00:00:00.0911871
Activity.Tags:
    server.address: localhost
    http.request.method: POST
    url.scheme: http
    url.path: /api/admin/subscriptions/status
    network.protocol.version: 1.1
    http.route: api/admin/subscriptions/status
    http.response.status_code: 204
Instrumentation scope (ActivitySource):
    Name: Microsoft.AspNetCore
Resource associated with Activity:
    telemetry.sdk.name: opentelemetry
    telemetry.sdk.language: dotnet
    telemetry.sdk.version: 1.14.0
    service.name: unknown_service:testhost
Activity.TraceId:            69de9fc6044e5d10220e5dd8a2bac511
Activity.SpanId:             5e08ff111943d17c
Activity.TraceFlags:         Recorded
Activity.DisplayName:        POST api/admin/subscriptions/status
Activity.Kind:               Server
Activity.StartTime:          2026-06-08T01:29:09.9094992Z
Activity.Duration:           00:00:00.0911871
Activity.Tags:
    server.address: localhost
    http.request.method: POST
    url.scheme: http
    url.path: /api/admin/subscriptions/status
    network.protocol.version: 1.1
    http.route: api/admin/subscriptions/status
    http.response.status_code: 204
Instrumentation scope (ActivitySource):
    Name: Microsoft.AspNetCore
Resource associated with Activity:
    telemetry.sdk.name: opentelemetry
    telemetry.sdk.language: dotnet
    telemetry.sdk.version: 1.14.0
    service.name: unknown_service:testhost
[22:29:10 INF] Executed action method Urbeat.WebApi.Controllers.StoresController.Create (Urbeat.WebApi), returned result Microsoft.AspNetCore.Mvc.ObjectResult in 33.0218ms.
Activity.TraceId:            4c3126df3c0f745d9994ec5b4dc523f0
Activity.SpanId:             52b7347825424606
Activity.TraceFlags:         Recorded
[22:29:10 INF] Executing ObjectResult, writing value of type 'Urbeat.Application.DTOs.StoreResponseDto'.
Activity.DisplayName:        POST api/auth/login/seller
Activity.Kind:               Server
[22:29:10 INF] Executing endpoint 'Urbeat.WebApi.Controllers.StoresController.Create (Urbeat.WebApi)'
Activity.StartTime:          2026-06-08T01:29:09.8717822Z
Activity.Duration:           00:00:00.1289481
[22:29:10 INF] Executing endpoint 'Urbeat.WebApi.Controllers.AdminController.ProcessSubscriptionNotifications (Urbeat.WebApi)'
Activity.Tags:
    server.address: localhost
    http.request.method: POST
    url.scheme: http
    url.path: /api/auth/login/seller
    network.protocol.version: 1.1
    http.route: api/auth/login/seller
    http.response.status_code: 200
Instrumentation scope (ActivitySource):
    Name: Microsoft.AspNetCore
Resource associated with Activity:
    telemetry.sdk.name: opentelemetry
    telemetry.sdk.language: dotnet
    telemetry.sdk.version: 1.14.0
    service.name: unknown_service:testhost
Activity.TraceId:            4c3126df3c0f745d9994ec5b4dc523f0
Activity.SpanId:             52b7347825424606
Activity.TraceFlags:         Recorded
Activity.DisplayName:        POST api/auth/login/seller
[22:29:10 INF] Route matched with {action = "Create", controller = "Stores"}. Executing controller action with signature System.Threading.Tasks.Task`1[Microsoft.AspNetCore.Mvc.IActionResult] Create(Urbeat.Application.DTOs.CreateStoreRequestDto, System.Threading.CancellationToken) on controller Urbeat.WebApi.Controllers.StoresController (Urbeat.WebApi).
Activity.Kind:               Server
Activity.StartTime:          2026-06-08T01:29:09.8717822Z
Activity.Duration:           00:00:00.1289481
Activity.Tags:
    server.address: localhost
    http.request.method: POST
    url.scheme: http
    url.path: /api/auth/login/seller
    network.protocol.version: 1.1
    http.route: api/auth/login/seller
[22:29:10 INF] Executed action Urbeat.WebApi.Controllers.StoresController.Create (Urbeat.WebApi) in 70.5851ms
    http.response.status_code: 200
Instrumentation scope (ActivitySource):
    Name: Microsoft.AspNetCore
Resource associated with Activity:
    telemetry.sdk.name: opentelemetry
    telemetry.sdk.language: dotnet
    telemetry.sdk.version: 1.14.0
    service.name: unknown_service:testhost
[22:29:10 INF] Executed endpoint 'Urbeat.WebApi.Controllers.StoresController.Create (Urbeat.WebApi)'
Activity.TraceId:            4c3126df3c0f745d9994ec5b4dc523f0
Activity.SpanId:             52b7347825424606
Activity.TraceFlags:         Recorded
Activity.DisplayName:        POST api/auth/login/seller
Activity.Kind:               Server
Activity.StartTime:          2026-06-08T01:29:09.8717822Z
Activity.Duration:           00:00:00.1289481
Activity.Tags:
    server.address: localhost
    http.request.method: POST
    url.scheme: http
    url.path: /api/auth/login/seller
    network.protocol.version: 1.1
    http.route: api/auth/login/seller
    http.response.status_code: 200
Instrumentation scope (ActivitySource):
    Name: Microsoft.AspNetCore
Resource associated with Activity:
    telemetry.sdk.name: opentelemetry
    telemetry.sdk.language: dotnet
    telemetry.sdk.version: 1.14.0
    service.name: unknown_service:testhost
Activity.TraceId:            4c3126df3c0f745d9994ec5b4dc523f0
[22:29:10 INF] HTTP POST /api/stores responded 201 in 99.6122 ms
Activity.SpanId:             52b7347825424606
Activity.TraceFlags:         Recorded
Activity.DisplayName:        POST api/auth/login/seller
Activity.Kind:               Server
Activity.StartTime:          2026-06-08T01:29:09.8717822Z
Activity.Duration:           00:00:00.1289481
Activity.Tags:
    server.address: localhost
    http.request.method: POST
    url.scheme: http
    url.path: /api/auth/login/seller
    network.protocol.version: 1.1
    http.route: api/auth/login/seller
    http.response.status_code: 200
Instrumentation scope (ActivitySource):
    Name: Microsoft.AspNetCore
Resource associated with Activity:
[22:29:10 INF] Executed action Urbeat.WebApi.Controllers.SubscriptionsController.Contract (Urbeat.WebApi) in 40.3736ms
    telemetry.sdk.name: opentelemetry
    telemetry.sdk.language: dotnet
    telemetry.sdk.version: 1.14.0
    service.name: unknown_service:testhost
[22:29:10 INF] Executed endpoint 'Urbeat.WebApi.Controllers.SubscriptionsController.Contract (Urbeat.WebApi)'
Activity.TraceId:            4c3126df3c0f745d9994ec5b4dc523f0
Activity.SpanId:             52b7347825424606
Activity.TraceFlags:         Recorded
Activity.DisplayName:        POST api/auth/login/seller
Activity.Kind:               Server
[22:29:10 INF] Request finished HTTP/1.1 POST http://localhost/api/stores - 201 null application/json; charset=utf-8 130.2341ms
Activity.StartTime:          2026-06-08T01:29:09.8717822Z
Activity.Duration:           00:00:00.1289481
Activity.Tags:
    server.address: localhost
    http.request.method: POST
    url.scheme: http
    url.path: /api/auth/login/seller
    network.protocol.version: 1.1
    http.route: api/auth/login/seller
    http.response.status_code: 200
Instrumentation scope (ActivitySource):
    Name: Microsoft.AspNetCore
Resource associated with Activity:
    telemetry.sdk.name: opentelemetry
    telemetry.sdk.language: dotnet
    telemetry.sdk.version: 1.14.0
    service.name: unknown_service:testhost
Activity.TraceId:            4c3126df3c0f745d9994ec5b4dc523f0
Activity.SpanId:             52b7347825424606
Activity.TraceFlags:         Recorded
Activity.DisplayName:        POST api/auth/login/seller
Activity.Kind:               Server
[22:29:10 INF] HTTP POST /api/subscriptions/contract responded 409 in 41.0065 ms
Activity.TraceId:            2533372ea3c172e026c4142aa87ed3bf
Activity.StartTime:          2026-06-08T01:29:09.8717822Z
Activity.SpanId:             815383692e1f63e7
Activity.Duration:           00:00:00.1289481
Activity.TraceFlags:         Recorded
Activity.Tags:
Activity.DisplayName:        POST api/stores
    server.address: localhost
Activity.Kind:               Server
    http.request.method: POST
    url.scheme: http
Activity.StartTime:          2026-06-08T01:29:09.9103408Z
    url.path: /api/auth/login/seller
Activity.Duration:           00:00:00.1303315
    network.protocol.version: 1.1
Activity.Tags:
    http.route: api/auth/login/seller
[22:29:10 INF] Executing action method Urbeat.WebApi.Controllers.AuthController.LoginCustomer (Urbeat.WebApi) - Validation state: Valid
    http.response.status_code: 200
    server.address: localhost
Instrumentation scope (ActivitySource):
    http.request.method: POST
    Name: Microsoft.AspNetCore
    url.scheme: http
Resource associated with Activity:
    url.path: /api/stores
    telemetry.sdk.name: opentelemetry
    network.protocol.version: 1.1
    telemetry.sdk.language: dotnet
    http.route: api/stores
    telemetry.sdk.version: 1.14.0
    http.response.status_code: 201
    service.name: unknown_service:testhost
Instrumentation scope (ActivitySource):
    Name: Microsoft.AspNetCore
Resource associated with Activity:
Activity.TraceId:            4c3126df3c0f745d9994ec5b4dc523f0
    telemetry.sdk.name: opentelemetry
Activity.SpanId:             52b7347825424606
[22:29:10 INF] Saved 1 entities to in-memory store.
Activity.TraceFlags:         Recorded
    telemetry.sdk.language: dotnet
Activity.DisplayName:        POST api/auth/login/seller
    telemetry.sdk.version: 1.14.0
Activity.Kind:               Server
    service.name: unknown_service:testhost
[22:29:10 INF] Request finished HTTP/1.1 POST http://localhost/api/subscriptions/contract - 409 null application/problem+json; charset=utf-8 70.4267ms
Activity.StartTime:          2026-06-08T01:29:09.8717822Z
Activity.Duration:           00:00:00.1289481
Activity.Tags:
Activity.TraceId:            2533372ea3c172e026c4142aa87ed3bf
    server.address: localhost
Activity.SpanId:             815383692e1f63e7
    http.request.method: POST
Activity.TraceFlags:         Recorded
    url.scheme: http
Activity.DisplayName:        POST api/stores
    url.path: /api/auth/login/seller
Activity.Kind:               Server
    network.protocol.version: 1.1
Activity.StartTime:          2026-06-08T01:29:09.9103408Z
    http.route: api/auth/login/seller
Activity.Duration:           00:00:00.1303315
    http.response.status_code: 200
Activity.Tags:
Instrumentation scope (ActivitySource):
    server.address: localhost
    Name: Microsoft.AspNetCore
    http.request.method: POST
Resource associated with Activity:
    url.scheme: http
    url.path: /api/stores
    telemetry.sdk.name: opentelemetry
    network.protocol.version: 1.1
    telemetry.sdk.language: dotnet
    http.route: api/stores
    telemetry.sdk.version: 1.14.0
    http.response.status_code: 201
    service.name: unknown_service:testhost
[22:29:10 INF] STORE_CREATED | Store created | StoreId=019ea4d9-1298-7338-a770-e1d2f61c5dfa | OwnerUserId=019ea4d9-10c6-75cf-b93a-d19bb0b80b1c | Name=Loja Checkout | CuisineType=null | IP=null
Instrumentation scope (ActivitySource):
    Name: Microsoft.AspNetCore
Resource associated with Activity:
Activity.TraceId:            4c3126df3c0f745d9994ec5b4dc523f0
    telemetry.sdk.name: opentelemetry
Activity.SpanId:             52b7347825424606
    telemetry.sdk.language: dotnet
Activity.TraceFlags:         Recorded
    telemetry.sdk.version: 1.14.0
Activity.DisplayName:        POST api/auth/login/seller
    service.name: unknown_service:testhost
Activity.Kind:               Server
Activity.StartTime:          2026-06-08T01:29:09.8717822Z
Activity.TraceId:            2533372ea3c172e026c4142aa87ed3bf
Activity.Duration:           00:00:00.1289481
Activity.SpanId:             815383692e1f63e7
Activity.Tags:
Activity.TraceFlags:         Recorded
    server.address: localhost
Activity.DisplayName:        POST api/stores
    http.request.method: POST
Activity.Kind:               Server
    url.scheme: http
Activity.StartTime:          2026-06-08T01:29:09.9103408Z
    url.path: /api/auth/login/seller
Activity.Duration:           00:00:00.1303315
    network.protocol.version: 1.1
Activity.Tags:
    http.route: api/auth/login/seller
    server.address: localhost
    http.response.status_code: 200
    http.request.method: POST
[22:29:10 INF] Saved 1 entities to in-memory store.
Instrumentation scope (ActivitySource):
    url.scheme: http
    Name: Microsoft.AspNetCore
    url.path: /api/stores
Resource associated with Activity:
Activity.TraceId:            a5b5c688947e706ba925cbcece47834c
    telemetry.sdk.name: opentelemetry
Activity.SpanId:             d13cb0a408e7912a
    telemetry.sdk.language: dotnet
    network.protocol.version: 1.1
    telemetry.sdk.version: 1.14.0
    http.route: api/stores
    service.name: unknown_service:testhost
    http.response.status_code: 201
Activity.TraceFlags:         Recorded
Instrumentation scope (ActivitySource):
    Name: Microsoft.AspNetCore
Activity.DisplayName:        POST api/subscriptions/contract
Activity.TraceId:            4c3126df3c0f745d9994ec5b4dc523f0
Resource associated with Activity:
Activity.SpanId:             52b7347825424606
Activity.Kind:               Server
Activity.TraceFlags:         Recorded
    telemetry.sdk.name: opentelemetry
Activity.DisplayName:        POST api/auth/login/seller
Activity.StartTime:          2026-06-08T01:29:09.9703952Z
Activity.Kind:               Server
Activity.Duration:           00:00:00.0705674
    telemetry.sdk.language: dotnet
Activity.Tags:
Activity.StartTime:          2026-06-08T01:29:09.8717822Z
    server.address: localhost
[22:29:10 INF] Executed action method Urbeat.WebApi.Controllers.StoresController.Create (Urbeat.WebApi), returned result Microsoft.AspNetCore.Mvc.ObjectResult in 9.1238ms.
    http.request.method: POST
Activity.Duration:           00:00:00.1289481
    url.scheme: http
Activity.Tags:
    telemetry.sdk.version: 1.14.0
    server.address: localhost
    service.name: unknown_service:testhost
    url.path: /api/subscriptions/contract
    http.request.method: POST
    url.scheme: http
Activity.TraceId:            2533372ea3c172e026c4142aa87ed3bf
Activity.SpanId:             815383692e1f63e7
    network.protocol.version: 1.1
    http.route: api/subscriptions/contract
Activity.TraceFlags:         Recorded
    http.response.status_code: 409
Activity.DisplayName:        POST api/stores
Instrumentation scope (ActivitySource):
    Name: Microsoft.AspNetCore
Activity.Kind:               Server
Resource associated with Activity:
Activity.StartTime:          2026-06-08T01:29:09.9103408Z
    telemetry.sdk.name: opentelemetry
    url.path: /api/auth/login/seller
Activity.Duration:           00:00:00.1303315
Activity.Tags:
    network.protocol.version: 1.1
    server.address: localhost
    http.request.method: POST
    http.route: api/auth/login/seller
    telemetry.sdk.language: dotnet
    http.response.status_code: 200
    url.scheme: http
    telemetry.sdk.version: 1.14.0
    service.name: unknown_service:testhost
Instrumentation scope (ActivitySource):
    Name: Microsoft.AspNetCore
Resource associated with Activity:
[22:29:10 INF] Executing ObjectResult, writing value of type 'Urbeat.Application.DTOs.StoreResponseDto'.
Activity.TraceId:            a5b5c688947e706ba925cbcece47834c
    telemetry.sdk.name: opentelemetry
Activity.SpanId:             d13cb0a408e7912a
    telemetry.sdk.language: dotnet
Activity.TraceFlags:         Recorded
Activity.DisplayName:        POST api/subscriptions/contract
    telemetry.sdk.version: 1.14.0
Activity.Kind:               Server
    service.name: unknown_service:testhost
    url.path: /api/stores
[22:29:10 INF] Executing action method Urbeat.WebApi.Controllers.StoresController.Create (Urbeat.WebApi) - Validation state: Valid
Activity.StartTime:          2026-06-08T01:29:09.9703952Z
    network.protocol.version: 1.1
Activity.Duration:           00:00:00.0705674
    http.route: api/stores
Activity.Tags:
    http.response.status_code: 201
    server.address: localhost
[22:29:10 INF] Route matched with {action = "Create", controller = "Stores"}. Executing controller action with signature System.Threading.Tasks.Task`1[Microsoft.AspNetCore.Mvc.IActionResult] Create(Urbeat.Application.DTOs.CreateStoreRequestDto, System.Threading.CancellationToken) on controller Urbeat.WebApi.Controllers.StoresController (Urbeat.WebApi).
Instrumentation scope (ActivitySource):
    http.request.method: POST
    Name: Microsoft.AspNetCore
    url.scheme: http
Resource associated with Activity:
    url.path: /api/subscriptions/contract
[22:29:10 INF] Route matched with {action = "ProcessSubscriptionNotifications", controller = "Admin"}. Executing controller action with signature System.Threading.Tasks.Task`1[Microsoft.AspNetCore.Mvc.IActionResult] ProcessSubscriptionNotifications(System.Threading.CancellationToken) on controller Urbeat.WebApi.Controllers.AdminController (Urbeat.WebApi).
    telemetry.sdk.name: opentelemetry
    network.protocol.version: 1.1
    telemetry.sdk.language: dotnet
    telemetry.sdk.version: 1.14.0
    http.route: api/subscriptions/contract
    service.name: unknown_service:testhost
    http.response.status_code: 409
Instrumentation scope (ActivitySource):
    Name: Microsoft.AspNetCore
[22:29:10 INF] Request starting HTTP/1.1 POST http://localhost/api/auth/register/seller - application/json; charset=utf-8 null
Resource associated with Activity:
Activity.TraceId:            2533372ea3c172e026c4142aa87ed3bf
    telemetry.sdk.name: opentelemetry
Activity.SpanId:             815383692e1f63e7
    telemetry.sdk.language: dotnet
Activity.TraceFlags:         Recorded
[22:29:10 INF] Executing action method Urbeat.WebApi.Controllers.StoresController.Create (Urbeat.WebApi) - Validation state: Valid
Activity.DisplayName:        POST api/stores
    telemetry.sdk.version: 1.14.0
Activity.Kind:               Server
    service.name: unknown_service:testhost
[22:29:10 INF] Request starting HTTP/1.1 PUT http://localhost/api/stores/019ea4d9-1271-78ad-b009-45688dfe7a80/business-hours - application/json; charset=utf-8 null
Activity.StartTime:          2026-06-08T01:29:09.9103408Z
Activity.TraceId:            a5b5c688947e706ba925cbcece47834c
Activity.Duration:           00:00:00.1303315
Activity.SpanId:             d13cb0a408e7912a
Activity.Tags:
Activity.TraceFlags:         Recorded
    server.address: localhost
Activity.DisplayName:        POST api/subscriptions/contract
    http.request.method: POST
[22:29:10 INF] Saved 1 entities to in-memory store.
    url.scheme: http
Activity.Kind:               Server
    url.path: /api/stores
    network.protocol.version: 1.1
    http.route: api/stores
Activity.StartTime:          2026-06-08T01:29:09.9703952Z
    http.response.status_code: 201
Activity.Duration:           00:00:00.0705674
Instrumentation scope (ActivitySource):
Activity.Tags:
    Name: Microsoft.AspNetCore
Resource associated with Activity:
    server.address: localhost
    telemetry.sdk.name: opentelemetry
[22:29:10 INF] User profile is available. Using 'C:\Users\intfa\AppData\Local\ASP.NET\DataProtection-Keys' as key repository and Windows DPAPI to encrypt keys at rest.
    http.request.method: POST
    url.scheme: http
    telemetry.sdk.language: dotnet
    telemetry.sdk.version: 1.14.0
    service.name: unknown_service:testhost
    url.path: /api/subscriptions/contract
    network.protocol.version: 1.1
Activity.TraceId:            2533372ea3c172e026c4142aa87ed3bf
Activity.SpanId:             815383692e1f63e7
    http.route: api/subscriptions/contract
Activity.TraceFlags:         Recorded
    http.response.status_code: 409
Activity.DisplayName:        POST api/stores
Instrumentation scope (ActivitySource):
    Name: Microsoft.AspNetCore
Resource associated with Activity:
Activity.Kind:               Server
    telemetry.sdk.name: opentelemetry
    telemetry.sdk.language: dotnet
Activity.StartTime:          2026-06-08T01:29:09.9103408Z
    telemetry.sdk.version: 1.14.0
Activity.Duration:           00:00:00.1303315
    service.name: unknown_service:testhost
Activity.Tags:
Activity.TraceId:            a5b5c688947e706ba925cbcece47834c
    server.address: localhost
Activity.SpanId:             d13cb0a408e7912a
    http.request.method: POST
    url.scheme: http
    url.path: /api/stores
    network.protocol.version: 1.1
Activity.TraceFlags:         Recorded
    http.route: api/stores
Activity.DisplayName:        POST api/subscriptions/contract
    http.response.status_code: 201
Activity.Kind:               Server
Instrumentation scope (ActivitySource):
    Name: Microsoft.AspNetCore
Resource associated with Activity:
Activity.StartTime:          2026-06-08T01:29:09.9703952Z
    telemetry.sdk.name: opentelemetry
Activity.Duration:           00:00:00.0705674
    telemetry.sdk.language: dotnet
    telemetry.sdk.version: 1.14.0
    service.name: unknown_service:testhost
Activity.TraceId:            2533372ea3c172e026c4142aa87ed3bf
Activity.Tags:
Activity.SpanId:             815383692e1f63e7
    server.address: localhost
Activity.TraceFlags:         Recorded
    http.request.method: POST
    url.scheme: http
Activity.DisplayName:        POST api/stores
    url.path: /api/subscriptions/contract
    network.protocol.version: 1.1
Activity.Kind:               Server
[22:29:10 INF] USER_LOGGED_IN | Login succeeded | UserId=019ea4d9-1161-78a2-8cce-cba37ce00fd6 | Email=categories.flow.ac6294668ab74fc78c2e2da0faffc629@urbeat.local | Role=Seller | IP=null
    http.route: api/subscriptions/contract
    http.response.status_code: 409
Activity.StartTime:          2026-06-08T01:29:09.9103408Z
Instrumentation scope (ActivitySource):
    Name: Microsoft.AspNetCore
Resource associated with Activity:
Activity.Duration:           00:00:00.1303315
    telemetry.sdk.name: opentelemetry
    telemetry.sdk.language: dotnet
Activity.Tags:
    telemetry.sdk.version: 1.14.0
    server.address: localhost
    http.request.method: POST
    service.name: unknown_service:testhost
[22:29:10 INF] Executed action Urbeat.WebApi.Controllers.StoresController.Create (Urbeat.WebApi) in 71.3554ms
Activity.TraceId:            a5b5c688947e706ba925cbcece47834c
Activity.SpanId:             d13cb0a408e7912a
    url.scheme: http
Activity.TraceFlags:         Recorded
    url.path: /api/stores
Activity.DisplayName:        POST api/subscriptions/contract
    network.protocol.version: 1.1
Activity.Kind:               Server
    http.route: api/stores
Activity.StartTime:          2026-06-08T01:29:09.9703952Z
    http.response.status_code: 201
Activity.Duration:           00:00:00.0705674
[22:29:10 INF] Executed endpoint 'Urbeat.WebApi.Controllers.StoresController.Create (Urbeat.WebApi)'
Activity.Tags:
Instrumentation scope (ActivitySource):
    server.address: localhost
    http.request.method: POST
    Name: Microsoft.AspNetCore
    url.scheme: http
Resource associated with Activity:
    url.path: /api/subscriptions/contract
    telemetry.sdk.name: opentelemetry
    network.protocol.version: 1.1
    telemetry.sdk.language: dotnet
    http.route: api/subscriptions/contract
    telemetry.sdk.version: 1.14.0
    http.response.status_code: 409
    service.name: unknown_service:testhost
Instrumentation scope (ActivitySource):
    Name: Microsoft.AspNetCore
Resource associated with Activity:
Activity.TraceId:            2533372ea3c172e026c4142aa87ed3bf
    telemetry.sdk.name: opentelemetry
Activity.SpanId:             815383692e1f63e7
    telemetry.sdk.language: dotnet
Activity.TraceFlags:         Recorded
    telemetry.sdk.version: 1.14.0
    service.name: unknown_service:testhost
Activity.DisplayName:        POST api/stores
Activity.Kind:               Server
Activity.TraceId:            a5b5c688947e706ba925cbcece47834c
Activity.SpanId:             d13cb0a408e7912a
Activity.TraceFlags:         Recorded
Activity.StartTime:          2026-06-08T01:29:09.9103408Z
[22:29:10 INF] Executing endpoint 'Urbeat.WebApi.Controllers.AuthController.RegisterSeller (Urbeat.WebApi)'
Activity.DisplayName:        POST api/subscriptions/contract
Activity.Duration:           00:00:00.1303315
Activity.Kind:               Server
[22:29:10 INF] HTTP POST /api/stores responded 201 in 71.9336 ms
Activity.StartTime:          2026-06-08T01:29:09.9703952Z
Activity.Tags:
Activity.Duration:           00:00:00.0705674
    server.address: localhost
Activity.Tags:
    http.request.method: POST
    url.scheme: http
    url.path: /api/stores
    server.address: localhost
    http.request.method: POST
    url.scheme: http
    url.path: /api/subscriptions/contract
    network.protocol.version: 1.1
    network.protocol.version: 1.1
    http.route: api/stores
    http.route: api/subscriptions/contract
[22:29:10 INF] Saved 1 entities to in-memory store.
    http.response.status_code: 201
    http.response.status_code: 409
Instrumentation scope (ActivitySource):
Instrumentation scope (ActivitySource):
    Name: Microsoft.AspNetCore
    Name: Microsoft.AspNetCore
Resource associated with Activity:
Resource associated with Activity:
    telemetry.sdk.name: opentelemetry
    telemetry.sdk.name: opentelemetry
    telemetry.sdk.language: dotnet
    telemetry.sdk.language: dotnet
    telemetry.sdk.version: 1.14.0
    telemetry.sdk.version: 1.14.0
    service.name: unknown_service:testhost
    service.name: unknown_service:testhost
Activity.TraceId:            a5b5c688947e706ba925cbcece47834c
Activity.SpanId:             d13cb0a408e7912a
Activity.TraceFlags:         Recorded
Activity.TraceId:            2533372ea3c172e026c4142aa87ed3bf
Activity.DisplayName:        POST api/subscriptions/contract
Activity.Kind:               Server
Activity.SpanId:             815383692e1f63e7
Activity.StartTime:          2026-06-08T01:29:09.9703952Z
Activity.TraceFlags:         Recorded
Activity.Duration:           00:00:00.0705674
Activity.DisplayName:        POST api/stores
[22:29:10 INF] Route matched with {action = "RegisterSeller", controller = "Auth"}. Executing controller action with signature System.Threading.Tasks.Task`1[Microsoft.AspNetCore.Mvc.IActionResult] RegisterSeller(Urbeat.Application.DTOs.RegisterUserRequestDto, System.Threading.CancellationToken) on controller Urbeat.WebApi.Controllers.AuthController (Urbeat.WebApi).
Activity.Kind:               Server
Activity.Tags:
Activity.StartTime:          2026-06-08T01:29:09.9103408Z
    server.address: localhost
    http.request.method: POST
Activity.Duration:           00:00:00.1303315
    url.scheme: http
Activity.Tags:
    url.path: /api/subscriptions/contract
    server.address: localhost
[22:29:10 INF] Executed action method Urbeat.WebApi.Controllers.AuthController.LoginSeller (Urbeat.WebApi), returned result Microsoft.AspNetCore.Mvc.OkObjectResult in 71.5081ms.
    http.request.method: POST
    network.protocol.version: 1.1
    url.scheme: http
[22:29:10 INF] Request finished HTTP/1.1 POST http://localhost/api/stores - 201 null application/json; charset=utf-8 100.9261ms
    http.route: api/subscriptions/contract
    http.response.status_code: 409
    url.path: /api/stores
Instrumentation scope (ActivitySource):
    Name: Microsoft.AspNetCore
    network.protocol.version: 1.1
Resource associated with Activity:
    http.route: api/stores
    telemetry.sdk.name: opentelemetry
    http.response.status_code: 201
    telemetry.sdk.language: dotnet
Instrumentation scope (ActivitySource):
    telemetry.sdk.version: 1.14.0
    Name: Microsoft.AspNetCore
    service.name: unknown_service:testhost
Resource associated with Activity:
    telemetry.sdk.name: opentelemetry
Activity.TraceId:            a5b5c688947e706ba925cbcece47834c
    telemetry.sdk.language: dotnet
Activity.SpanId:             d13cb0a408e7912a
    telemetry.sdk.version: 1.14.0
Activity.TraceFlags:         Recorded
    service.name: unknown_service:testhost
Activity.DisplayName:        POST api/subscriptions/contract
Activity.Kind:               Server
Activity.StartTime:          2026-06-08T01:29:09.9703952Z
Activity.Duration:           00:00:00.0705674
Activity.Tags:
    server.address: localhost
    http.request.method: POST
    url.scheme: http
    url.path: /api/subscriptions/contract
    network.protocol.version: 1.1
    http.route: api/subscriptions/contract
    http.response.status_code: 409
Instrumentation scope (ActivitySource):
    Name: Microsoft.AspNetCore
Resource associated with Activity:
    telemetry.sdk.name: opentelemetry
    telemetry.sdk.language: dotnet
    telemetry.sdk.version: 1.14.0
    service.name: unknown_service:testhost
Activity.TraceId:            a5b5c688947e706ba925cbcece47834c
Activity.SpanId:             d13cb0a408e7912a
Activity.TraceFlags:         Recorded
Activity.DisplayName:        POST api/subscriptions/contract
Activity.Kind:               Server
Activity.StartTime:          2026-06-08T01:29:09.9703952Z
Activity.Duration:           00:00:00.0705674
Activity.Tags:
Activity.TraceId:            0859a8c9dba9f2248a861023ba359098
    server.address: localhost
Activity.SpanId:             8eda6e538c7ee2b5
    http.request.method: POST
Activity.TraceFlags:         Recorded
    url.scheme: http
    url.path: /api/subscriptions/contract
Activity.DisplayName:        POST api/stores
    network.protocol.version: 1.1
Activity.Kind:               Server
    http.route: api/subscriptions/contract
    http.response.status_code: 409
Activity.StartTime:          2026-06-08T01:29:09.9708137Z
Instrumentation scope (ActivitySource):
[22:29:10 INF] Executing OkObjectResult, writing value of type 'Urbeat.Application.DTOs.AuthTokenResponseDto'.
    Name: Microsoft.AspNetCore
Activity.Duration:           00:00:00.1010394
Resource associated with Activity:
Activity.Tags:
    telemetry.sdk.name: opentelemetry
    server.address: localhost
    telemetry.sdk.language: dotnet
    http.request.method: POST
    url.scheme: http
    url.path: /api/stores
    telemetry.sdk.version: 1.14.0
    network.protocol.version: 1.1
    service.name: unknown_service:testhost
    http.route: api/stores
    http.response.status_code: 201
Instrumentation scope (ActivitySource):
    Name: Microsoft.AspNetCore
Resource associated with Activity:
    telemetry.sdk.name: opentelemetry
    telemetry.sdk.language: dotnet
    telemetry.sdk.version: 1.14.0
    service.name: unknown_service:testhost
Activity.TraceId:            0859a8c9dba9f2248a861023ba359098
Activity.SpanId:             8eda6e538c7ee2b5
Activity.TraceFlags:         Recorded
Activity.DisplayName:        POST api/stores
Activity.Kind:               Server
Activity.StartTime:          2026-06-08T01:29:09.9708137Z
Activity.Duration:           00:00:00.1010394
Activity.Tags:
    server.address: localhost
    http.request.method: POST
    url.scheme: http
    url.path: /api/stores
    network.protocol.version: 1.1
    http.route: api/stores
    http.response.status_code: 201
Instrumentation scope (ActivitySource):
    Name: Microsoft.AspNetCore
Resource associated with Activity:
    telemetry.sdk.name: opentelemetry
    telemetry.sdk.language: dotnet
    telemetry.sdk.version: 1.14.0
    service.name: unknown_service:testhost
Activity.TraceId:            0859a8c9dba9f2248a861023ba359098
Activity.SpanId:             8eda6e538c7ee2b5
Activity.TraceFlags:         Recorded
Activity.DisplayName:        POST api/stores
Activity.Kind:               Server
Activity.StartTime:          2026-06-08T01:29:09.9708137Z
Activity.Duration:           00:00:00.1010394
Activity.Tags:
    server.address: localhost
    http.request.method: POST
    url.scheme: http
    url.path: /api/stores
    network.protocol.version: 1.1
[22:29:10 INF] Executed action Urbeat.WebApi.Controllers.AuthController.LoginSeller (Urbeat.WebApi) in 72.4468ms
    http.route: api/stores
    http.response.status_code: 201
Instrumentation scope (ActivitySource):
    Name: Microsoft.AspNetCore
Resource associated with Activity:
    telemetry.sdk.name: opentelemetry
    telemetry.sdk.language: dotnet
    telemetry.sdk.version: 1.14.0
    service.name: unknown_service:testhost
Activity.TraceId:            0859a8c9dba9f2248a861023ba359098
Activity.SpanId:             8eda6e538c7ee2b5
Activity.TraceFlags:         Recorded
[22:29:10 INF] Executed endpoint 'Urbeat.WebApi.Controllers.AuthController.LoginSeller (Urbeat.WebApi)'
Activity.DisplayName:        POST api/stores
Activity.Kind:               Server
Activity.StartTime:          2026-06-08T01:29:09.9708137Z
Activity.Duration:           00:00:00.1010394
Activity.Tags:
    server.address: localhost
    http.request.method: POST
    url.scheme: http
    url.path: /api/stores
    network.protocol.version: 1.1
    http.route: api/stores
    http.response.status_code: 201
Instrumentation scope (ActivitySource):
    Name: Microsoft.AspNetCore
Resource associated with Activity:
    telemetry.sdk.name: opentelemetry
    telemetry.sdk.language: dotnet
    telemetry.sdk.version: 1.14.0
    service.name: unknown_service:testhost
Activity.TraceId:            0859a8c9dba9f2248a861023ba359098
Activity.SpanId:             8eda6e538c7ee2b5
Activity.TraceFlags:         Recorded
Activity.DisplayName:        POST api/stores
Activity.Kind:               Server
Activity.StartTime:          2026-06-08T01:29:09.9708137Z
Activity.Duration:           00:00:00.1010394
Activity.Tags:
    server.address: localhost
    http.request.method: POST
    url.scheme: http
    url.path: /api/stores
    network.protocol.version: 1.1
    http.route: api/stores
[22:29:10 INF] HTTP POST /api/auth/login/seller responded 200 in 101.9146 ms
    http.response.status_code: 201
Instrumentation scope (ActivitySource):
    Name: Microsoft.AspNetCore
Resource associated with Activity:
    telemetry.sdk.name: opentelemetry
    telemetry.sdk.language: dotnet
    telemetry.sdk.version: 1.14.0
    service.name: unknown_service:testhost
Activity.TraceId:            0859a8c9dba9f2248a861023ba359098
Activity.SpanId:             8eda6e538c7ee2b5
Activity.TraceFlags:         Recorded
Activity.DisplayName:        POST api/stores
Activity.Kind:               Server
Activity.StartTime:          2026-06-08T01:29:09.9708137Z
Activity.Duration:           00:00:00.1010394
Activity.Tags:
    server.address: localhost
    http.request.method: POST
    url.scheme: http
    url.path: /api/stores
    network.protocol.version: 1.1
    http.route: api/stores
    http.response.status_code: 201
Instrumentation scope (ActivitySource):
    Name: Microsoft.AspNetCore
Resource associated with Activity:
    telemetry.sdk.name: opentelemetry
    telemetry.sdk.language: dotnet
    telemetry.sdk.version: 1.14.0
    service.name: unknown_service:testhost
Activity.TraceId:            0859a8c9dba9f2248a861023ba359098
Activity.SpanId:             8eda6e538c7ee2b5
Activity.TraceFlags:         Recorded
Activity.DisplayName:        POST api/stores
Activity.Kind:               Server
Activity.StartTime:          2026-06-08T01:29:09.9708137Z
Activity.Duration:           00:00:00.1010394
Activity.Tags:
    server.address: localhost
    http.request.method: POST
    url.scheme: http
    url.path: /api/stores
    network.protocol.version: 1.1
    http.route: api/stores
    http.response.status_code: 201
Instrumentation scope (ActivitySource):
    Name: Microsoft.AspNetCore
Resource associated with Activity:
    telemetry.sdk.name: opentelemetry
    telemetry.sdk.language: dotnet
    telemetry.sdk.version: 1.14.0
    service.name: unknown_service:testhost
Activity.TraceId:            0859a8c9dba9f2248a861023ba359098
Activity.SpanId:             8eda6e538c7ee2b5
Activity.TraceFlags:         Recorded
Activity.DisplayName:        POST api/stores
Activity.Kind:               Server
[22:29:10 INF] Saved 1 entities to in-memory store.
Activity.StartTime:          2026-06-08T01:29:09.9708137Z
Activity.Duration:           00:00:00.1010394
Activity.Tags:
    server.address: localhost
    http.request.method: POST
    url.scheme: http
    url.path: /api/stores
    network.protocol.version: 1.1
    http.route: api/stores
    http.response.status_code: 201
[22:29:10 INF] Request finished HTTP/1.1 POST http://localhost/api/auth/login/seller - 200 null application/json; charset=utf-8 102.3607ms
Instrumentation scope (ActivitySource):
    Name: Microsoft.AspNetCore
Resource associated with Activity:
    telemetry.sdk.name: opentelemetry
    telemetry.sdk.language: dotnet
    telemetry.sdk.version: 1.14.0
    service.name: unknown_service:testhost
Activity.TraceId:            0859a8c9dba9f2248a861023ba359098
Activity.SpanId:             8eda6e538c7ee2b5
Activity.TraceFlags:         Recorded
Activity.DisplayName:        POST api/stores
Activity.Kind:               Server
[22:29:10 INF] STORE_CREATED | Store created | StoreId=019ea4d9-12b7-7aa0-bfe9-3d4b74138161 | OwnerUserId=019ea4d9-1004-7ada-be2c-e23adf07e350 | Name=Loja Pizza cb8e733e0b2347bc8d2fb18c00d6091f | CuisineType=null | IP=null
Activity.StartTime:          2026-06-08T01:29:09.9708137Z
Activity.Duration:           00:00:00.1010394
Activity.TraceId:            8f15840eb70b594b317af180e8eda260
Activity.Tags:
Activity.SpanId:             e635da8fda71f8ce
    server.address: localhost
    http.request.method: POST
    url.scheme: http
    url.path: /api/stores
    network.protocol.version: 1.1
    http.route: api/stores
Activity.TraceFlags:         Recorded
    http.response.status_code: 201
Activity.DisplayName:        POST api/auth/login/seller
[22:29:10 INF] Executing action method Urbeat.WebApi.Controllers.AuthController.RegisterSeller (Urbeat.WebApi) - Validation state: Valid
Instrumentation scope (ActivitySource):
Activity.Kind:               Server
    Name: Microsoft.AspNetCore
Activity.StartTime:          2026-06-08T01:29:09.9699526Z
Resource associated with Activity:
Activity.Duration:           00:00:00.1024462
[22:29:10 INF] Request starting HTTP/1.1 POST http://localhost/api/stores - application/json; charset=utf-8 null
    telemetry.sdk.name: opentelemetry
Activity.Tags:
    telemetry.sdk.language: dotnet
    server.address: localhost
    telemetry.sdk.version: 1.14.0
    http.request.method: POST
    url.scheme: http
    service.name: unknown_service:testhost
    url.path: /api/auth/login/seller
    network.protocol.version: 1.1
[22:29:10 INF] Saved 1 entities to in-memory store.
    http.route: api/auth/login/seller
    http.response.status_code: 200
Instrumentation scope (ActivitySource):
    Name: Microsoft.AspNetCore
Resource associated with Activity:
    telemetry.sdk.name: opentelemetry
[22:29:10 INF] Executing action method Urbeat.WebApi.Controllers.AdminController.ProcessSubscriptionNotifications (Urbeat.WebApi) - Validation state: Valid
    telemetry.sdk.language: dotnet
    telemetry.sdk.version: 1.14.0
    service.name: unknown_service:testhost
[22:29:10 INF] Request starting HTTP/1.1 POST http://localhost/api/auth/register/customer - application/json; charset=utf-8 null
Activity.TraceId:            8f15840eb70b594b317af180e8eda260
Activity.SpanId:             e635da8fda71f8ce
Activity.TraceFlags:         Recorded
Activity.DisplayName:        POST api/auth/login/seller
Activity.Kind:               Server
[22:29:10 INF] Executing endpoint 'Urbeat.WebApi.Controllers.StoresController.UpsertBusinessHours (Urbeat.WebApi)'
Activity.StartTime:          2026-06-08T01:29:09.9699526Z
Activity.Duration:           00:00:00.1024462
Activity.Tags:
    server.address: localhost
    http.request.method: POST
    url.scheme: http
    url.path: /api/auth/login/seller
    network.protocol.version: 1.1
[22:29:10 INF] Executing action method Urbeat.WebApi.Controllers.StoresController.Create (Urbeat.WebApi) - Validation state: Valid
    http.route: api/auth/login/seller
    http.response.status_code: 200
Instrumentation scope (ActivitySource):
    Name: Microsoft.AspNetCore
Resource associated with Activity:
    telemetry.sdk.name: opentelemetry
    telemetry.sdk.language: dotnet
    telemetry.sdk.version: 1.14.0
    service.name: unknown_service:testhost
Activity.TraceId:            8f15840eb70b594b317af180e8eda260
Activity.SpanId:             e635da8fda71f8ce
Activity.TraceFlags:         Recorded
Activity.DisplayName:        POST api/auth/login/seller
Activity.Kind:               Server
Activity.StartTime:          2026-06-08T01:29:09.9699526Z
Activity.Duration:           00:00:00.1024462
Activity.Tags:
    server.address: localhost
    http.request.method: POST
    url.scheme: http
    url.path: /api/auth/login/seller
    network.protocol.version: 1.1
    http.route: api/auth/login/seller
    http.response.status_code: 200
Instrumentation scope (ActivitySource):
    Name: Microsoft.AspNetCore
Resource associated with Activity:
    telemetry.sdk.name: opentelemetry
    telemetry.sdk.language: dotnet
    telemetry.sdk.version: 1.14.0
    service.name: unknown_service:testhost
Activity.TraceId:            8f15840eb70b594b317af180e8eda260
[22:29:10 INF] Saved 1 entities to in-memory store.
Activity.SpanId:             e635da8fda71f8ce
Activity.TraceFlags:         Recorded
Activity.DisplayName:        POST api/auth/login/seller
Activity.Kind:               Server
Activity.StartTime:          2026-06-08T01:29:09.9699526Z
Activity.Duration:           00:00:00.1024462
Activity.Tags:
    server.address: localhost
    http.request.method: POST
    url.scheme: http
    url.path: /api/auth/login/seller
    network.protocol.version: 1.1
    http.route: api/auth/login/seller
    http.response.status_code: 200
Instrumentation scope (ActivitySource):
    Name: Microsoft.AspNetCore
Resource associated with Activity:
    telemetry.sdk.name: opentelemetry
    telemetry.sdk.language: dotnet
    telemetry.sdk.version: 1.14.0
    service.name: unknown_service:testhost
Activity.TraceId:            8f15840eb70b594b317af180e8eda260
Activity.SpanId:             e635da8fda71f8ce
Activity.TraceFlags:         Recorded
Activity.DisplayName:        POST api/auth/login/seller
Activity.Kind:               Server
Activity.StartTime:          2026-06-08T01:29:09.9699526Z
Activity.Duration:           00:00:00.1024462
Activity.Tags:
    server.address: localhost
    http.request.method: POST
    url.scheme: http
    url.path: /api/auth/login/seller
    network.protocol.version: 1.1
    http.route: api/auth/login/seller
    http.response.status_code: 200
Instrumentation scope (ActivitySource):
    Name: Microsoft.AspNetCore
Resource associated with Activity:
    telemetry.sdk.name: opentelemetry
    telemetry.sdk.language: dotnet
    telemetry.sdk.version: 1.14.0
    service.name: unknown_service:testhost
[22:29:10 INF] STORE_CREATED | Store created | StoreId=019ea4d9-12b8-7225-a1bb-29a4d79256dc | OwnerUserId=019ea4d9-10c6-752f-876e-8eb4bdd91e33 | Name=Loja Payments | CuisineType=null | IP=null
Activity.TraceId:            8f15840eb70b594b317af180e8eda260
Activity.SpanId:             e635da8fda71f8ce
Activity.TraceFlags:         Recorded
Activity.DisplayName:        POST api/auth/login/seller
Activity.Kind:               Server
Activity.StartTime:          2026-06-08T01:29:09.9699526Z
Activity.Duration:           00:00:00.1024462
Activity.Tags:
    server.address: localhost
    http.request.method: POST
    url.scheme: http
    url.path: /api/auth/login/seller
    network.protocol.version: 1.1
    http.route: api/auth/login/seller
    http.response.status_code: 200
Instrumentation scope (ActivitySource):
    Name: Microsoft.AspNetCore
Resource associated with Activity:
    telemetry.sdk.name: opentelemetry
    telemetry.sdk.language: dotnet
    telemetry.sdk.version: 1.14.0
    service.name: unknown_service:testhost
Activity.TraceId:            8f15840eb70b594b317af180e8eda260
Activity.SpanId:             e635da8fda71f8ce
Activity.TraceFlags:         Recorded
Activity.DisplayName:        POST api/auth/login/seller
Activity.Kind:               Server
Activity.StartTime:          2026-06-08T01:29:09.9699526Z
Activity.Duration:           00:00:00.1024462
Activity.Tags:
    server.address: localhost
    http.request.method: POST
    url.scheme: http
    url.path: /api/auth/login/seller
    network.protocol.version: 1.1
    http.route: api/auth/login/seller
    http.response.status_code: 200
Instrumentation scope (ActivitySource):
    Name: Microsoft.AspNetCore
Resource associated with Activity:
    telemetry.sdk.name: opentelemetry
    telemetry.sdk.language: dotnet
    telemetry.sdk.version: 1.14.0
    service.name: unknown_service:testhost
Activity.TraceId:            8f15840eb70b594b317af180e8eda260
Activity.SpanId:             e635da8fda71f8ce
Activity.TraceFlags:         Recorded
Activity.DisplayName:        POST api/auth/login/seller
Activity.Kind:               Server
Activity.StartTime:          2026-06-08T01:29:09.9699526Z
Activity.Duration:           00:00:00.1024462
Activity.Tags:
    server.address: localhost
    http.request.method: POST
    url.scheme: http
    url.path: /api/auth/login/seller
    network.protocol.version: 1.1
    http.route: api/auth/login/seller
    http.response.status_code: 200
Instrumentation scope (ActivitySource):
    Name: Microsoft.AspNetCore
Resource associated with Activity:
    telemetry.sdk.name: opentelemetry
    telemetry.sdk.language: dotnet
    telemetry.sdk.version: 1.14.0
    service.name: unknown_service:testhost
Activity.TraceId:            8f15840eb70b594b317af180e8eda260
Activity.SpanId:             e635da8fda71f8ce
Activity.TraceFlags:         Recorded
Activity.DisplayName:        POST api/auth/login/seller
Activity.Kind:               Server
Activity.StartTime:          2026-06-08T01:29:09.9699526Z
Activity.Duration:           00:00:00.1024462
Activity.Tags:
    server.address: localhost
[22:29:10 INF] Executing endpoint 'Urbeat.WebApi.Controllers.AuthController.RegisterCustomer (Urbeat.WebApi)'
    http.request.method: POST
    url.scheme: http
[22:29:10 INF] Saved 1 entities to in-memory store.
    url.path: /api/auth/login/seller
    network.protocol.version: 1.1
    http.route: api/auth/login/seller
    http.response.status_code: 200
Instrumentation scope (ActivitySource):
    Name: Microsoft.AspNetCore
Resource associated with Activity:
    telemetry.sdk.name: opentelemetry
    telemetry.sdk.language: dotnet
    telemetry.sdk.version: 1.14.0
[22:29:10 WRN] The WebRootPath was not found: C:\Projetos\urbeat\backend\src\Urbeat.WebApi\wwwroot. Static files may be unavailable.
    service.name: unknown_service:testhost
[22:29:10 INF] USER_LOGGED_IN | Login succeeded | UserId=019ea4d9-113e-7e4f-b3c5-699b26a75b4f | Email=orders.customer.034af396dcb9461db537f33d37b36bd4@urbeat.local | Role=Customer | IP=null
[22:29:10 INF] Route matched with {action = "RegisterCustomer", controller = "Auth"}. Executing controller action with signature System.Threading.Tasks.Task`1[Microsoft.AspNetCore.Mvc.IActionResult] RegisterCustomer(Urbeat.Application.DTOs.RegisterUserRequestDto, System.Threading.CancellationToken) on controller Urbeat.WebApi.Controllers.AuthController (Urbeat.WebApi).
[22:29:10 INF] Executed action method Urbeat.WebApi.Controllers.StoresController.Create (Urbeat.WebApi), returned result Microsoft.AspNetCore.Mvc.ObjectResult in 33.9779ms.
[22:29:10 INF] Executing endpoint 'Urbeat.WebApi.Controllers.StoresController.Create (Urbeat.WebApi)'
[22:29:10 INF] Route matched with {action = "Create", controller = "Stores"}. Executing controller action with signature System.Threading.Tasks.Task`1[Microsoft.AspNetCore.Mvc.IActionResult] Create(Urbeat.Application.DTOs.CreateStoreRequestDto, System.Threading.CancellationToken) on controller Urbeat.WebApi.Controllers.StoresController (Urbeat.WebApi).
[22:29:10 INF] Executing ObjectResult, writing value of type 'Urbeat.Application.DTOs.StoreResponseDto'.
[22:29:10 INF] Executed action method Urbeat.WebApi.Controllers.AuthController.LoginCustomer (Urbeat.WebApi), returned result Microsoft.AspNetCore.Mvc.OkObjectResult in 64.6204ms.
[22:29:10 INF] Executed action Urbeat.WebApi.Controllers.StoresController.Create (Urbeat.WebApi) in 65.341ms
[22:29:10 INF] Executing OkObjectResult, writing value of type 'Urbeat.Application.DTOs.AuthTokenResponseDto'.
[22:29:10 INF] Executed endpoint 'Urbeat.WebApi.Controllers.StoresController.Create (Urbeat.WebApi)'
[22:29:10 INF] Executing action method Urbeat.WebApi.Controllers.AuthController.RegisterCustomer (Urbeat.WebApi) - Validation state: Valid
[22:29:10 INF] Saved 1 entities to in-memory store.
[22:29:10 INF] HTTP POST /api/stores responded 201 in 73.5088 ms
[22:29:10 INF] Executed action Urbeat.WebApi.Controllers.AuthController.LoginCustomer (Urbeat.WebApi) in 73.7051ms
[22:29:10 INF] STORE_CREATED | Store created | StoreId=019ea4d9-12d9-7426-a3c6-60f0ee044707 | OwnerUserId=019ea4d9-1080-7715-a8f9-a77c22ef70ea | Name=Loja Produtos | CuisineType=null | IP=null
[22:29:10 INF] Executed endpoint 'Urbeat.WebApi.Controllers.AuthController.LoginCustomer (Urbeat.WebApi)'
[22:29:10 INF] Saved 1 entities to in-memory store.
[22:29:10 INF] HTTP POST /api/auth/login/customer responded 200 in 105.6909 ms
[22:29:10 INF] Request finished HTTP/1.1 POST http://localhost/api/stores - 201 null application/json; charset=utf-8 104.6316ms
[22:29:10 INF] Request finished HTTP/1.1 POST http://localhost/api/auth/login/customer - 200 null application/json; charset=utf-8 135.8588ms
Activity.TraceId:            cf4112a6ae2f2e0c26dd71c20ea2381a
Activity.SpanId:             1e7e1d520cce929a
Activity.TraceFlags:         Recorded
Activity.DisplayName:        POST api/stores
Activity.Kind:               Server
Activity.StartTime:          2026-06-08T01:29:10.0012899Z
Activity.Duration:           00:00:00.1047917
Activity.Tags:
    server.address: localhost
    http.request.method: POST
    url.scheme: http
    url.path: /api/stores
    network.protocol.version: 1.1
    http.route: api/stores
    http.response.status_code: 201
Instrumentation scope (ActivitySource):
    Name: Microsoft.AspNetCore
Resource associated with Activity:
    telemetry.sdk.name: opentelemetry
    telemetry.sdk.language: dotnet
    telemetry.sdk.version: 1.14.0
    service.name: unknown_service:testhost
Activity.TraceId:            8455e5add5989ed6e3c0831fc52ccdbe
Activity.TraceId:            cf4112a6ae2f2e0c26dd71c20ea2381a
Activity.SpanId:             85f01c8e6c9b4a19
Activity.SpanId:             1e7e1d520cce929a
Activity.TraceFlags:         Recorded
Activity.TraceFlags:         Recorded
Activity.DisplayName:        POST api/auth/login/customer
Activity.DisplayName:        POST api/stores
Activity.Kind:               Server
Activity.Kind:               Server
Activity.StartTime:          2026-06-08T01:29:09.9702299Z
Activity.StartTime:          2026-06-08T01:29:10.0012899Z
Activity.Duration:           00:00:00.1359845
Activity.Duration:           00:00:00.1047917
Activity.Tags:
Activity.Tags:
    server.address: localhost
    server.address: localhost
    http.request.method: POST
    http.request.method: POST
    url.scheme: http
    url.scheme: http
    url.path: /api/auth/login/customer
    url.path: /api/stores
    network.protocol.version: 1.1
    network.protocol.version: 1.1
    http.route: api/stores
    http.route: api/auth/login/customer
    http.response.status_code: 201
    http.response.status_code: 200
Instrumentation scope (ActivitySource):
Instrumentation scope (ActivitySource):
    Name: Microsoft.AspNetCore
    Name: Microsoft.AspNetCore
Resource associated with Activity:
Resource associated with Activity:
    telemetry.sdk.name: opentelemetry
    telemetry.sdk.name: opentelemetry
    telemetry.sdk.language: dotnet
    telemetry.sdk.language: dotnet
    telemetry.sdk.version: 1.14.0
    telemetry.sdk.version: 1.14.0
    service.name: unknown_service:testhost
    service.name: unknown_service:testhost
Activity.TraceId:            cf4112a6ae2f2e0c26dd71c20ea2381a
Activity.TraceId:            8455e5add5989ed6e3c0831fc52ccdbe
Activity.SpanId:             1e7e1d520cce929a
Activity.SpanId:             85f01c8e6c9b4a19
Activity.TraceFlags:         Recorded
Activity.TraceFlags:         Recorded
Activity.DisplayName:        POST api/stores
Activity.DisplayName:        POST api/auth/login/customer
Activity.Kind:               Server
Activity.Kind:               Server
Activity.StartTime:          2026-06-08T01:29:10.0012899Z
Activity.StartTime:          2026-06-08T01:29:09.9702299Z
Activity.Duration:           00:00:00.1359845
Activity.Tags:
    server.address: localhost
    http.request.method: POST
Activity.Duration:           00:00:00.1047917
Activity.Tags:
    url.scheme: http
    server.address: localhost
    url.path: /api/auth/login/customer
    http.request.method: POST
    network.protocol.version: 1.1
    url.scheme: http
    http.route: api/auth/login/customer
    url.path: /api/stores
    http.response.status_code: 200
    network.protocol.version: 1.1
Instrumentation scope (ActivitySource):
    http.route: api/stores
    Name: Microsoft.AspNetCore
    http.response.status_code: 201
Resource associated with Activity:
Instrumentation scope (ActivitySource):
    telemetry.sdk.name: opentelemetry
    Name: Microsoft.AspNetCore
    telemetry.sdk.language: dotnet
Resource associated with Activity:
    telemetry.sdk.version: 1.14.0
    telemetry.sdk.name: opentelemetry
    service.name: unknown_service:testhost
    telemetry.sdk.language: dotnet
    telemetry.sdk.version: 1.14.0
    service.name: unknown_service:testhost
Activity.TraceId:            8455e5add5989ed6e3c0831fc52ccdbe
Activity.SpanId:             85f01c8e6c9b4a19
Activity.TraceId:            cf4112a6ae2f2e0c26dd71c20ea2381a
Activity.TraceFlags:         Recorded
Activity.SpanId:             1e7e1d520cce929a
Activity.DisplayName:        POST api/auth/login/customer
Activity.TraceFlags:         Recorded
Activity.Kind:               Server
Activity.DisplayName:        POST api/stores
Activity.Kind:               Server
Activity.StartTime:          2026-06-08T01:29:09.9702299Z
Activity.Duration:           00:00:00.1359845
Activity.StartTime:          2026-06-08T01:29:10.0012899Z
Activity.Tags:
Activity.Duration:           00:00:00.1047917
    server.address: localhost
Activity.Tags:
    http.request.method: POST
    server.address: localhost
    url.scheme: http
    http.request.method: POST
    url.path: /api/auth/login/customer
    url.scheme: http
    network.protocol.version: 1.1
    url.path: /api/stores
    http.route: api/auth/login/customer
    network.protocol.version: 1.1
    http.response.status_code: 200
    http.route: api/stores
Instrumentation scope (ActivitySource):
    http.response.status_code: 201
    Name: Microsoft.AspNetCore
Instrumentation scope (ActivitySource):
Resource associated with Activity:
    Name: Microsoft.AspNetCore
    telemetry.sdk.name: opentelemetry
Resource associated with Activity:
    telemetry.sdk.language: dotnet
    telemetry.sdk.name: opentelemetry
    telemetry.sdk.version: 1.14.0
    telemetry.sdk.language: dotnet
    service.name: unknown_service:testhost
    telemetry.sdk.version: 1.14.0
    service.name: unknown_service:testhost
Activity.TraceId:            8455e5add5989ed6e3c0831fc52ccdbe
Activity.SpanId:             85f01c8e6c9b4a19
Activity.TraceId:            cf4112a6ae2f2e0c26dd71c20ea2381a
Activity.TraceFlags:         Recorded
Activity.SpanId:             1e7e1d520cce929a
Activity.DisplayName:        POST api/auth/login/customer
Activity.TraceFlags:         Recorded
Activity.Kind:               Server
Activity.DisplayName:        POST api/stores
Activity.Kind:               Server
Activity.StartTime:          2026-06-08T01:29:09.9702299Z
Activity.StartTime:          2026-06-08T01:29:10.0012899Z
Activity.Duration:           00:00:00.1359845
Activity.Duration:           00:00:00.1047917
Activity.Tags:
Activity.Tags:
    server.address: localhost
    server.address: localhost
    http.request.method: POST
    http.request.method: POST
    url.scheme: http
    url.scheme: http
    url.path: /api/auth/login/customer
    url.path: /api/stores
    network.protocol.version: 1.1
    network.protocol.version: 1.1
    http.route: api/auth/login/customer
    http.route: api/stores
    http.response.status_code: 200
    http.response.status_code: 201
Instrumentation scope (ActivitySource):
Instrumentation scope (ActivitySource):
    Name: Microsoft.AspNetCore
    Name: Microsoft.AspNetCore
Resource associated with Activity:
Resource associated with Activity:
    telemetry.sdk.name: opentelemetry
    telemetry.sdk.name: opentelemetry
    telemetry.sdk.language: dotnet
    telemetry.sdk.language: dotnet
    telemetry.sdk.version: 1.14.0
    telemetry.sdk.version: 1.14.0
    service.name: unknown_service:testhost
    service.name: unknown_service:testhost
Activity.TraceId:            8455e5add5989ed6e3c0831fc52ccdbe
Activity.TraceId:            cf4112a6ae2f2e0c26dd71c20ea2381a
Activity.SpanId:             85f01c8e6c9b4a19
Activity.SpanId:             1e7e1d520cce929a
Activity.TraceFlags:         Recorded
Activity.TraceFlags:         Recorded
Activity.DisplayName:        POST api/auth/login/customer
Activity.DisplayName:        POST api/stores
Activity.Kind:               Server
Activity.Kind:               Server
Activity.StartTime:          2026-06-08T01:29:09.9702299Z
Activity.StartTime:          2026-06-08T01:29:10.0012899Z
Activity.Duration:           00:00:00.1359845
Activity.Duration:           00:00:00.1047917
Activity.Tags:
Activity.Tags:
    server.address: localhost
    server.address: localhost
    http.request.method: POST
    http.request.method: POST
    url.scheme: http
    url.scheme: http
    url.path: /api/auth/login/customer
    url.path: /api/stores
    network.protocol.version: 1.1
    network.protocol.version: 1.1
    http.route: api/auth/login/customer
    http.route: api/stores
    http.response.status_code: 200
    http.response.status_code: 201
Instrumentation scope (ActivitySource):
Instrumentation scope (ActivitySource):
    Name: Microsoft.AspNetCore
    Name: Microsoft.AspNetCore
Resource associated with Activity:
Resource associated with Activity:
    telemetry.sdk.name: opentelemetry
    telemetry.sdk.name: opentelemetry
    telemetry.sdk.language: dotnet
    telemetry.sdk.language: dotnet
    telemetry.sdk.version: 1.14.0
    telemetry.sdk.version: 1.14.0
    service.name: unknown_service:testhost
    service.name: unknown_service:testhost
Activity.TraceId:            8455e5add5989ed6e3c0831fc52ccdbe
Activity.TraceId:            cf4112a6ae2f2e0c26dd71c20ea2381a
Activity.SpanId:             85f01c8e6c9b4a19
Activity.TraceFlags:         Recorded
[22:29:10 INF] Request starting HTTP/1.1 POST http://localhost/api/customer/addresses - application/json; charset=utf-8 null
[22:29:10 INF] Executed action method Urbeat.WebApi.Controllers.StoresController.Create (Urbeat.WebApi), returned result Microsoft.AspNetCore.Mvc.ObjectResult in 36.1964ms.
Activity.SpanId:             1e7e1d520cce929a
[22:29:10 INF] Request starting HTTP/1.1 PATCH http://localhost/api/stores/019ea4d9-12b8-7225-a1bb-29a4d79256dc/status - application/json; charset=utf-8 null
Activity.DisplayName:        POST api/auth/login/customer
[22:29:10 INF] Saved 1 entities to in-memory store.
Activity.TraceFlags:         Recorded
Activity.Kind:               Server
Activity.DisplayName:        POST api/stores
[22:29:10 INF] Executed action method Urbeat.WebApi.Controllers.StoresController.Create (Urbeat.WebApi), returned result Microsoft.AspNetCore.Mvc.ObjectResult in 3.4432ms.
Activity.Kind:               Server
Activity.StartTime:          2026-06-08T01:29:09.9702299Z
Activity.StartTime:          2026-06-08T01:29:10.0012899Z
Activity.Duration:           00:00:00.1359845
Activity.Duration:           00:00:00.1047917
[22:29:10 INF] Route matched with {action = "UpsertBusinessHours", controller = "Stores"}. Executing controller action with signature System.Threading.Tasks.Task`1[Microsoft.AspNetCore.Mvc.IActionResult] UpsertBusinessHours(System.Guid, Urbeat.Application.DTOs.UpsertStoreBusinessHoursRequestDto, System.Threading.CancellationToken) on controller Urbeat.WebApi.Controllers.StoresController (Urbeat.WebApi).
Activity.Tags:
Activity.Tags:
    server.address: localhost
    server.address: localhost
    http.request.method: POST
[22:29:10 INF] Executing action method Urbeat.WebApi.Controllers.StoresController.Create (Urbeat.WebApi) - Validation state: Valid
    http.request.method: POST
    url.scheme: http
    url.path: /api/auth/login/customer
    network.protocol.version: 1.1
    url.scheme: http
    url.path: /api/stores
    http.route: api/auth/login/customer
    network.protocol.version: 1.1
[22:29:10 INF] Saved 2 entities to in-memory store.
    http.route: api/stores
    http.response.status_code: 200
    http.response.status_code: 201
Instrumentation scope (ActivitySource):
    Name: Microsoft.AspNetCore
Instrumentation scope (ActivitySource):
Resource associated with Activity:
    Name: Microsoft.AspNetCore
Resource associated with Activity:
    telemetry.sdk.name: opentelemetry
    telemetry.sdk.name: opentelemetry
    telemetry.sdk.language: dotnet
    telemetry.sdk.language: dotnet
    telemetry.sdk.version: 1.14.0
    telemetry.sdk.version: 1.14.0
    service.name: unknown_service:testhost
    service.name: unknown_service:testhost
Activity.TraceId:            8455e5add5989ed6e3c0831fc52ccdbe
Activity.TraceId:            cf4112a6ae2f2e0c26dd71c20ea2381a
Activity.SpanId:             85f01c8e6c9b4a19
Activity.SpanId:             1e7e1d520cce929a
Activity.TraceFlags:         Recorded
Activity.TraceFlags:         Recorded
Activity.DisplayName:        POST api/stores
Activity.DisplayName:        POST api/auth/login/customer
Activity.Kind:               Server
Activity.Kind:               Server
Activity.StartTime:          2026-06-08T01:29:10.0012899Z
Activity.StartTime:          2026-06-08T01:29:09.9702299Z
Activity.Duration:           00:00:00.1047917
Activity.Duration:           00:00:00.1359845
Activity.Tags:
Activity.Tags:
    server.address: localhost
    server.address: localhost
    http.request.method: POST
    url.scheme: http
    http.request.method: POST
    url.path: /api/auth/login/customer
    url.scheme: http
    network.protocol.version: 1.1
    url.path: /api/stores
    http.route: api/auth/login/customer
    network.protocol.version: 1.1
    http.response.status_code: 200
    http.route: api/stores
Instrumentation scope (ActivitySource):
    http.response.status_code: 201
    Name: Microsoft.AspNetCore
Instrumentation scope (ActivitySource):
    Name: Microsoft.AspNetCore
Resource associated with Activity:
Resource associated with Activity:
    telemetry.sdk.name: opentelemetry
    telemetry.sdk.language: dotnet
    telemetry.sdk.name: opentelemetry
    telemetry.sdk.language: dotnet
    telemetry.sdk.version: 1.14.0
    telemetry.sdk.version: 1.14.0
    service.name: unknown_service:testhost
[22:29:10 INF] Executing ObjectResult, writing value of type 'Urbeat.Application.DTOs.StoreResponseDto'.
[22:29:10 INF] Executing ObjectResult, writing value of type 'Urbeat.Application.DTOs.StoreResponseDto'.
    service.name: unknown_service:testhost
Activity.TraceId:            cf4112a6ae2f2e0c26dd71c20ea2381a
Activity.SpanId:             1e7e1d520cce929a
Activity.TraceId:            8455e5add5989ed6e3c0831fc52ccdbe
Activity.TraceFlags:         Recorded
Activity.SpanId:             85f01c8e6c9b4a19
Activity.DisplayName:        POST api/stores
Activity.TraceFlags:         Recorded
Activity.Kind:               Server
Activity.DisplayName:        POST api/auth/login/customer
Activity.StartTime:          2026-06-08T01:29:10.0012899Z
Activity.Kind:               Server
Activity.Duration:           00:00:00.1047917
Activity.Tags:
Activity.StartTime:          2026-06-08T01:29:09.9702299Z
    server.address: localhost
Activity.Duration:           00:00:00.1359845
    http.request.method: POST
Activity.Tags:
    url.scheme: http
    server.address: localhost
    http.request.method: POST
    url.path: /api/stores
    url.scheme: http
    network.protocol.version: 1.1
    url.path: /api/auth/login/customer
    network.protocol.version: 1.1
    http.route: api/stores
    http.route: api/auth/login/customer
    http.response.status_code: 201
    http.response.status_code: 200
Instrumentation scope (ActivitySource):
Instrumentation scope (ActivitySource):
    Name: Microsoft.AspNetCore
Resource associated with Activity:
    telemetry.sdk.name: opentelemetry
    telemetry.sdk.language: dotnet
    telemetry.sdk.version: 1.14.0
    service.name: unknown_service:testhost
Activity.TraceId:            cf4112a6ae2f2e0c26dd71c20ea2381a
Activity.SpanId:             1e7e1d520cce929a
Activity.TraceFlags:         Recorded
Activity.DisplayName:        POST api/stores
Activity.Kind:               Server
Activity.StartTime:          2026-06-08T01:29:10.0012899Z
Activity.Duration:           00:00:00.1047917
Activity.Tags:
    server.address: localhost
    http.request.method: POST
    url.scheme: http
    url.path: /api/stores
    network.protocol.version: 1.1
    http.route: api/stores
    http.response.status_code: 201
[22:29:10 INF] Saved 1 entities to in-memory store.
Instrumentation scope (ActivitySource):
    Name: Microsoft.AspNetCore
[22:29:10 INF] Executing endpoint 'Urbeat.WebApi.Controllers.CustomerAddressesController.Create (Urbeat.WebApi)'
Resource associated with Activity:
[22:29:10 INF] Executing endpoint 'Urbeat.WebApi.Controllers.StoresController.UpdateStatus (Urbeat.WebApi)'
    telemetry.sdk.name: opentelemetry
    telemetry.sdk.language: dotnet
    telemetry.sdk.version: 1.14.0
    service.name: unknown_service:testhost
    Name: Microsoft.AspNetCore
Resource associated with Activity:
    telemetry.sdk.name: opentelemetry
    telemetry.sdk.language: dotnet
    telemetry.sdk.version: 1.14.0
    service.name: unknown_service:testhost
Activity.TraceId:            8455e5add5989ed6e3c0831fc52ccdbe
Activity.SpanId:             85f01c8e6c9b4a19
Activity.TraceFlags:         Recorded
Activity.DisplayName:        POST api/auth/login/customer
Activity.Kind:               Server
Activity.StartTime:          2026-06-08T01:29:09.9702299Z
Activity.Duration:           00:00:00.1359845
Activity.Tags:
    server.address: localhost
    http.request.method: POST
    url.scheme: http
[22:29:10 INF] Route matched with {action = "UpdateStatus", controller = "Stores"}. Executing controller action with signature System.Threading.Tasks.Task`1[Microsoft.AspNetCore.Mvc.IActionResult] UpdateStatus(System.Guid, Urbeat.Application.DTOs.UpdateStoreStatusRequestDto, System.Threading.CancellationToken) on controller Urbeat.WebApi.Controllers.StoresController (Urbeat.WebApi).
    url.path: /api/auth/login/customer
    network.protocol.version: 1.1
    http.route: api/auth/login/customer
    http.response.status_code: 200
Instrumentation scope (ActivitySource):
    Name: Microsoft.AspNetCore
Resource associated with Activity:
    telemetry.sdk.name: opentelemetry
    telemetry.sdk.language: dotnet
    telemetry.sdk.version: 1.14.0
    service.name: unknown_service:testhost
Activity.TraceId:            8455e5add5989ed6e3c0831fc52ccdbe
Activity.SpanId:             85f01c8e6c9b4a19
Activity.TraceFlags:         Recorded
Activity.DisplayName:        POST api/auth/login/customer
Activity.Kind:               Server
Activity.StartTime:          2026-06-08T01:29:09.9702299Z
Activity.Duration:           00:00:00.1359845
Activity.Tags:
    server.address: localhost
    http.request.method: POST
    url.scheme: http
    url.path: /api/auth/login/customer
    network.protocol.version: 1.1
    http.route: api/auth/login/customer
    http.response.status_code: 200
Instrumentation scope (ActivitySource):
    Name: Microsoft.AspNetCore
Resource associated with Activity:
    telemetry.sdk.name: opentelemetry
    telemetry.sdk.language: dotnet
    telemetry.sdk.version: 1.14.0
    service.name: unknown_service:testhost
[22:29:10 INF] Saved 1 entities to in-memory store.
[22:29:10 INF] Saved 1 entities to in-memory store.
[22:29:10 INF] Executed action Urbeat.WebApi.Controllers.StoresController.Create (Urbeat.WebApi) in 78.7755ms
[22:29:10 INF] Executing action method Urbeat.WebApi.Controllers.StoresController.UpdateStatus (Urbeat.WebApi) - Validation state: Valid
[22:29:10 INF] Executed endpoint 'Urbeat.WebApi.Controllers.StoresController.Create (Urbeat.WebApi)'
[22:29:10 INF] STORE_CREATED | Store created | StoreId=019ea4d9-1305-7992-96a6-8261cf8e3c07 | OwnerUserId=019ea4d9-1161-78a2-8cce-cba37ce00fd6 | Name=Loja Categorias | CuisineType=null | IP=null
[22:29:10 INF] HTTP POST /api/stores responded 201 in 148.7752 ms
[22:29:10 INF] Saved 1 entities to in-memory store.
[22:29:10 INF] Request finished HTTP/1.1 POST http://localhost/api/stores - 201 null application/json; charset=utf-8 149.928ms
[22:29:10 INF] Executed action method Urbeat.WebApi.Controllers.StoresController.Create (Urbeat.WebApi), returned result Microsoft.AspNetCore.Mvc.ObjectResult in 1.5967ms.
[22:29:10 INF] Saved 7 entities to in-memory store.
[22:29:10 INF] Saved 1 entities to in-memory store.
Activity.TraceId:            0fd002bff198b6b154049333caa3674d
Activity.SpanId:             d6a97e404d3ecddf
Activity.TraceFlags:         Recorded
Activity.DisplayName:        POST api/stores
Activity.Kind:               Server
Activity.StartTime:          2026-06-08T01:29:10.0003496Z
Activity.Duration:           00:00:00.1500747
Activity.Tags:
    server.address: localhost
    http.request.method: POST
    url.scheme: http
    url.path: /api/stores
    network.protocol.version: 1.1
    http.route: api/stores
    http.response.status_code: 201
[22:29:10 INF] Executing ObjectResult, writing value of type 'Urbeat.Application.DTOs.StoreResponseDto'.
Instrumentation scope (ActivitySource):
    Name: Microsoft.AspNetCore
Resource associated with Activity:
    telemetry.sdk.name: opentelemetry
[22:29:10 INF] STORE_STATUS_UPDATED | Store status updated | StoreId=019ea4d9-12b8-7225-a1bb-29a4d79256dc | OwnerUserId=019ea4d9-10c6-752f-876e-8eb4bdd91e33 | IsOpen=True | IP=null
    telemetry.sdk.language: dotnet
    telemetry.sdk.version: 1.14.0
    service.name: unknown_service:testhost
Activity.TraceId:            0fd002bff198b6b154049333caa3674d
Activity.SpanId:             d6a97e404d3ecddf
Activity.TraceFlags:         Recorded
Activity.DisplayName:        POST api/stores
Activity.Kind:               Server
Activity.StartTime:          2026-06-08T01:29:10.0003496Z
Activity.Duration:           00:00:00.1500747
Activity.Tags:
    server.address: localhost
    http.request.method: POST
    url.scheme: http
    url.path: /api/stores
    network.protocol.version: 1.1
    http.route: api/stores
[22:29:10 INF] Saved 1 entities to in-memory store.
    http.response.status_code: 201
Instrumentation scope (ActivitySource):
    Name: Microsoft.AspNetCore
Resource associated with Activity:
    telemetry.sdk.name: opentelemetry
    telemetry.sdk.language: dotnet
    telemetry.sdk.version: 1.14.0
    service.name: unknown_service:testhost
Activity.TraceId:            0fd002bff198b6b154049333caa3674d
Activity.SpanId:             d6a97e404d3ecddf
Activity.TraceFlags:         Recorded
Activity.DisplayName:        POST api/stores
Activity.Kind:               Server
Activity.StartTime:          2026-06-08T01:29:10.0003496Z
Activity.Duration:           00:00:00.1500747
Activity.Tags:
[22:29:10 INF] Executed action Urbeat.WebApi.Controllers.StoresController.Create (Urbeat.WebApi) in 118.6212ms
    server.address: localhost
[22:29:10 INF] Executed action Urbeat.WebApi.Controllers.StoresController.Create (Urbeat.WebApi) in 45.339ms
    http.request.method: POST
    url.scheme: http
    url.path: /api/stores
[22:29:10 INF] Executed action method Urbeat.WebApi.Controllers.StoresController.UpdateStatus (Urbeat.WebApi), returned result Microsoft.AspNetCore.Mvc.OkObjectResult in 0.6693ms.
    network.protocol.version: 1.1
    http.route: api/stores
    http.response.status_code: 201
Instrumentation scope (ActivitySource):
    Name: Microsoft.AspNetCore
Resource associated with Activity:
[22:29:10 INF] Executed endpoint 'Urbeat.WebApi.Controllers.StoresController.Create (Urbeat.WebApi)'
[22:29:10 INF] Executed endpoint 'Urbeat.WebApi.Controllers.StoresController.Create (Urbeat.WebApi)'
    telemetry.sdk.name: opentelemetry
    telemetry.sdk.language: dotnet
    telemetry.sdk.version: 1.14.0
    service.name: unknown_service:testhost
Activity.TraceId:            0fd002bff198b6b154049333caa3674d
Activity.SpanId:             d6a97e404d3ecddf
Activity.TraceFlags:         Recorded
Activity.DisplayName:        POST api/stores
Activity.Kind:               Server
Activity.StartTime:          2026-06-08T01:29:10.0003496Z
Activity.Duration:           00:00:00.1500747
Activity.Tags:
    server.address: localhost
    http.request.method: POST
    url.scheme: http
    url.path: /api/stores
    network.protocol.version: 1.1
    http.route: api/stores
    http.response.status_code: 201
Instrumentation scope (ActivitySource):
    Name: Microsoft.AspNetCore
Resource associated with Activity:
    telemetry.sdk.name: opentelemetry
    telemetry.sdk.language: dotnet
    telemetry.sdk.version: 1.14.0
    service.name: unknown_service:testhost
[22:29:10 INF] HTTP POST /api/stores responded 201 in 45.8758 ms
Activity.TraceId:            0fd002bff198b6b154049333caa3674d
Activity.SpanId:             d6a97e404d3ecddf
[22:29:10 INF] HTTP POST /api/stores responded 201 in 180.1189 ms
Activity.TraceFlags:         Recorded
Activity.DisplayName:        POST api/stores
Activity.Kind:               Server
Activity.StartTime:          2026-06-08T01:29:10.0003496Z
Activity.Duration:           00:00:00.1500747
[22:29:10 INF] Request starting HTTP/1.1 POST http://localhost/api/stores/019ea4d9-12d9-7426-a3c6-60f0ee044707/categories - application/json; charset=utf-8 null
Activity.Tags:
    server.address: localhost
    http.request.method: POST
    url.scheme: http
    url.path: /api/stores
    network.protocol.version: 1.1
    http.route: api/stores
    http.response.status_code: 201
Instrumentation scope (ActivitySource):
    Name: Microsoft.AspNetCore
Resource associated with Activity:
    telemetry.sdk.name: opentelemetry
    telemetry.sdk.language: dotnet
    telemetry.sdk.version: 1.14.0
    service.name: unknown_service:testhost
Activity.TraceId:            0fd002bff198b6b154049333caa3674d
Activity.SpanId:             d6a97e404d3ecddf
Activity.TraceFlags:         Recorded
Activity.DisplayName:        POST api/stores
Activity.Kind:               Server
Activity.StartTime:          2026-06-08T01:29:10.0003496Z
Activity.Duration:           00:00:00.1500747
Activity.Tags:
    server.address: localhost
    http.request.method: POST
    url.scheme: http
    url.path: /api/stores
    network.protocol.version: 1.1
    http.route: api/stores
[22:29:10 INF] Executing OkObjectResult, writing value of type 'Urbeat.Application.DTOs.StoreResponseDto'.
    http.response.status_code: 201
Instrumentation scope (ActivitySource):
    Name: Microsoft.AspNetCore
Resource associated with Activity:
[22:29:10 INF] Request finished HTTP/1.1 POST http://localhost/api/stores - 201 null application/json; charset=utf-8 78.4094ms
    telemetry.sdk.name: opentelemetry
    telemetry.sdk.language: dotnet
    telemetry.sdk.version: 1.14.0
[22:29:10 INF] Request finished HTTP/1.1 POST http://localhost/api/stores - 201 null application/json; charset=utf-8 181.3713ms
    service.name: unknown_service:testhost
Activity.TraceId:            0fd002bff198b6b154049333caa3674d
Activity.SpanId:             d6a97e404d3ecddf
Activity.TraceFlags:         Recorded
Activity.DisplayName:        POST api/stores
Activity.Kind:               Server
Activity.StartTime:          2026-06-08T01:29:10.0003496Z
Activity.Duration:           00:00:00.1500747
Activity.Tags:
    server.address: localhost
    http.request.method: POST
    url.scheme: http
    url.path: /api/stores
    network.protocol.version: 1.1
    http.route: api/stores
    http.response.status_code: 201
Instrumentation scope (ActivitySource):
    Name: Microsoft.AspNetCore
Resource associated with Activity:
    telemetry.sdk.name: opentelemetry
    telemetry.sdk.language: dotnet
    telemetry.sdk.version: 1.14.0
    service.name: unknown_service:testhost
Activity.TraceId:            0fd002bff198b6b154049333caa3674d
Activity.SpanId:             d6a97e404d3ecddf
Activity.TraceFlags:         Recorded
Activity.DisplayName:        POST api/stores
Activity.Kind:               Server
Activity.StartTime:          2026-06-08T01:29:10.0003496Z
Activity.Duration:           00:00:00.1500747
Activity.Tags:
    server.address: localhost
    http.request.method: POST
    url.scheme: http
    url.path: /api/stores
    network.protocol.version: 1.1
    http.route: api/stores
    http.response.status_code: 201
Instrumentation scope (ActivitySource):
    Name: Microsoft.AspNetCore
Resource associated with Activity:
    telemetry.sdk.name: opentelemetry
    telemetry.sdk.language: dotnet
    telemetry.sdk.version: 1.14.0
    service.name: unknown_service:testhost
Activity.TraceId:            0fd002bff198b6b154049333caa3674d
Activity.SpanId:             d6a97e404d3ecddf
Activity.TraceFlags:         Recorded
Activity.TraceId:            bb5b25d3d32e2ff8dcf2f8f122c61896
Activity.DisplayName:        POST api/stores
Activity.SpanId:             a1f61380401d8a90
Activity.TraceId:            066543f37a0cde25cb26ad68d5dce2dd
Activity.Kind:               Server
Activity.TraceFlags:         Recorded
Activity.SpanId:             05e12e7dbbbe7429
Activity.StartTime:          2026-06-08T01:29:10.0003496Z
Activity.Duration:           00:00:00.1500747
[22:29:10 INF] Executed action Urbeat.WebApi.Controllers.StoresController.UpdateStatus (Urbeat.WebApi) in 1.6328ms
Activity.TraceFlags:         Recorded
Activity.DisplayName:        POST api/stores
Activity.Tags:
Activity.DisplayName:        POST api/stores
Activity.Kind:               Server
Activity.Kind:               Server
    server.address: localhost
    http.request.method: POST
    url.scheme: http
Activity.StartTime:          2026-06-08T01:29:10.0725135Z
    url.path: /api/stores
Activity.StartTime:          2026-06-08T01:29:09.9695679Z
Activity.Duration:           00:00:00.0784798
Activity.Duration:           00:00:00.1814254
Activity.Tags:
    network.protocol.version: 1.1
    server.address: localhost
    http.route: api/stores
Activity.Tags:
    http.response.status_code: 201
[22:29:10 INF] Executed endpoint 'Urbeat.WebApi.Controllers.StoresController.UpdateStatus (Urbeat.WebApi)'
    http.request.method: POST
    url.scheme: http
Instrumentation scope (ActivitySource):
    url.path: /api/stores
    server.address: localhost
    network.protocol.version: 1.1
    Name: Microsoft.AspNetCore
    http.route: api/stores
    http.request.method: POST
    url.scheme: http
    url.path: /api/stores
    http.response.status_code: 201
Resource associated with Activity:
    network.protocol.version: 1.1
Instrumentation scope (ActivitySource):
    http.route: api/stores
    telemetry.sdk.name: opentelemetry
    http.response.status_code: 201
    telemetry.sdk.language: dotnet
Instrumentation scope (ActivitySource):
    Name: Microsoft.AspNetCore
    Name: Microsoft.AspNetCore
Resource associated with Activity:
Resource associated with Activity:
    telemetry.sdk.name: opentelemetry
    telemetry.sdk.name: opentelemetry
    telemetry.sdk.language: dotnet
    telemetry.sdk.language: dotnet
    telemetry.sdk.version: 1.14.0
    telemetry.sdk.version: 1.14.0
    service.name: unknown_service:testhost
    telemetry.sdk.version: 1.14.0
    service.name: unknown_service:testhost
    service.name: unknown_service:testhost
Activity.TraceId:            bb5b25d3d32e2ff8dcf2f8f122c61896
[22:29:10 INF] HTTP PATCH /api/stores/019ea4d9-12b8-7225-a1bb-29a4d79256dc/status responded 200 in 2.2357 ms
Activity.TraceId:            0fd002bff198b6b154049333caa3674d
Activity.TraceId:            066543f37a0cde25cb26ad68d5dce2dd
Activity.SpanId:             a1f61380401d8a90
Activity.SpanId:             05e12e7dbbbe7429
Activity.TraceFlags:         Recorded
Activity.TraceFlags:         Recorded
Activity.SpanId:             d6a97e404d3ecddf
Activity.DisplayName:        POST api/stores
Activity.TraceFlags:         Recorded
Activity.DisplayName:        POST api/stores
Activity.Kind:               Server
Activity.StartTime:          2026-06-08T01:29:10.0725135Z
Activity.DisplayName:        POST api/stores
Activity.Duration:           00:00:00.0784798
Activity.Tags:
Activity.Kind:               Server
    server.address: localhost
Activity.Kind:               Server
    http.request.method: POST
Activity.StartTime:          2026-06-08T01:29:09.9695679Z
    url.scheme: http
Activity.Duration:           00:00:00.1814254
[22:29:10 INF] Request finished HTTP/1.1 PATCH http://localhost/api/stores/019ea4d9-12b8-7225-a1bb-29a4d79256dc/status - 200 null application/json; charset=utf-8 43.708ms
Activity.Tags:
[22:29:10 INF] Executing endpoint 'Urbeat.WebApi.Controllers.StoreCategoriesController.Create (Urbeat.WebApi)'
    url.path: /api/stores
    server.address: localhost
    network.protocol.version: 1.1
    http.route: api/stores
    http.request.method: POST
Activity.StartTime:          2026-06-08T01:29:10.0003496Z
    url.scheme: http
[22:29:10 INF] Request starting HTTP/1.1 PATCH http://localhost/api/stores/019ea4d9-12b8-7225-a1bb-29a4d79256dc/delivery-config - application/json; charset=utf-8 null
    http.response.status_code: 201
Activity.Duration:           00:00:00.1500747
    url.path: /api/stores
Activity.Tags:
    network.protocol.version: 1.1
    server.address: localhost
    http.route: api/stores
Instrumentation scope (ActivitySource):
    http.request.method: POST
    http.response.status_code: 201
    url.scheme: http
[22:29:10 INF] Request starting HTTP/1.1 POST http://localhost/api/stores/019ea4d9-1305-7992-96a6-8261cf8e3c07/categories - application/json; charset=utf-8 null
Instrumentation scope (ActivitySource):
    Name: Microsoft.AspNetCore
[22:29:10 INF] Request starting HTTP/1.1 POST http://localhost/api/auth/register/seller - application/json; charset=utf-8 null
    Name: Microsoft.AspNetCore
Resource associated with Activity:
    url.path: /api/stores
[22:29:10 INF] Route matched with {action = "Create", controller = "CustomerAddresses"}. Executing controller action with signature System.Threading.Tasks.Task`1[Microsoft.AspNetCore.Mvc.IActionResult] Create(Urbeat.Application.DTOs.UpsertCustomerAddressRequestDto, System.Threading.CancellationToken) on controller Urbeat.WebApi.Controllers.CustomerAddressesController (Urbeat.WebApi).
    network.protocol.version: 1.1
    http.route: api/stores
Resource associated with Activity:
    http.response.status_code: 201
[22:29:10 INF] Executing action method Urbeat.WebApi.Controllers.StoresController.UpsertBusinessHours (Urbeat.WebApi) - Validation state: Valid
    telemetry.sdk.name: opentelemetry
Instrumentation scope (ActivitySource):
    telemetry.sdk.language: dotnet
    Name: Microsoft.AspNetCore
Activity.TraceId:            cd224848ade8d8de00f2699eafb53c01
    telemetry.sdk.version: 1.14.0
Resource associated with Activity:
Activity.SpanId:             33ac5f723bbf868a
    service.name: unknown_service:testhost
    telemetry.sdk.name: opentelemetry
    telemetry.sdk.language: dotnet
    telemetry.sdk.version: 1.14.0
Activity.TraceFlags:         Recorded
    service.name: unknown_service:testhost
Activity.DisplayName:        PATCH api/stores/{storeId}/status
Activity.TraceId:            066543f37a0cde25cb26ad68d5dce2dd
    telemetry.sdk.name: opentelemetry
Activity.Kind:               Server
Activity.SpanId:             05e12e7dbbbe7429
    telemetry.sdk.language: dotnet
Activity.TraceFlags:         Recorded
    telemetry.sdk.version: 1.14.0
Activity.DisplayName:        POST api/stores
    service.name: unknown_service:testhost
Activity.Kind:               Server
Activity.StartTime:          2026-06-08T01:29:10.1075801Z
Activity.Duration:           00:00:00.0820275
Activity.TraceId:            bb5b25d3d32e2ff8dcf2f8f122c61896
Activity.Tags:
Activity.StartTime:          2026-06-08T01:29:09.9695679Z
    server.address: localhost
Activity.Duration:           00:00:00.1814254
    http.request.method: PATCH
Activity.SpanId:             a1f61380401d8a90
    url.scheme: http
Activity.TraceFlags:         Recorded
Activity.Tags:
Activity.DisplayName:        POST api/stores
    server.address: localhost
    url.path: /api/stores/019ea4d9-12b8-7225-a1bb-29a4d79256dc/status
    http.request.method: POST
Activity.Kind:               Server
    network.protocol.version: 1.1
    http.route: api/stores/{storeId}/status
Activity.StartTime:          2026-06-08T01:29:10.0725135Z
    url.scheme: http
Activity.Duration:           00:00:00.0784798
    http.response.status_code: 200
    url.path: /api/stores
Activity.Tags:
    network.protocol.version: 1.1
    server.address: localhost
    http.route: api/stores
Instrumentation scope (ActivitySource):
    http.request.method: POST
    url.scheme: http
    Name: Microsoft.AspNetCore
    http.response.status_code: 201
Resource associated with Activity:
Instrumentation scope (ActivitySource):
    url.path: /api/stores
    telemetry.sdk.name: opentelemetry
    Name: Microsoft.AspNetCore
Resource associated with Activity:
    telemetry.sdk.language: dotnet
    telemetry.sdk.name: opentelemetry
    network.protocol.version: 1.1
    telemetry.sdk.language: dotnet
    http.route: api/stores
    telemetry.sdk.version: 1.14.0
    service.name: unknown_service:testhost
    http.response.status_code: 201
    telemetry.sdk.version: 1.14.0
Instrumentation scope (ActivitySource):
    service.name: unknown_service:testhost
Activity.TraceId:            cd224848ade8d8de00f2699eafb53c01
    Name: Microsoft.AspNetCore
Resource associated with Activity:
Activity.SpanId:             33ac5f723bbf868a
    telemetry.sdk.name: opentelemetry
Activity.TraceFlags:         Recorded
    telemetry.sdk.language: dotnet
[22:29:10 INF] Saved 1 entities to in-memory store.
Activity.DisplayName:        PATCH api/stores/{storeId}/status
    telemetry.sdk.version: 1.14.0
Activity.Kind:               Server
    service.name: unknown_service:testhost
Activity.StartTime:          2026-06-08T01:29:10.1075801Z
Activity.TraceId:            bb5b25d3d32e2ff8dcf2f8f122c61896
Activity.Duration:           00:00:00.0820275
Activity.SpanId:             a1f61380401d8a90
Activity.Tags:
Activity.TraceFlags:         Recorded
Activity.DisplayName:        POST api/stores
    server.address: localhost
    http.request.method: PATCH
Activity.Kind:               Server
    url.scheme: http
    url.path: /api/stores/019ea4d9-12b8-7225-a1bb-29a4d79256dc/status
Activity.StartTime:          2026-06-08T01:29:10.0725135Z
    network.protocol.version: 1.1
Activity.Duration:           00:00:00.0784798
    http.route: api/stores/{storeId}/status
Activity.Tags:
    http.response.status_code: 200
    server.address: localhost
Instrumentation scope (ActivitySource):
    http.request.method: POST
    url.scheme: http
    url.path: /api/stores
    network.protocol.version: 1.1
    Name: Microsoft.AspNetCore
    http.route: api/stores
Resource associated with Activity:
    http.response.status_code: 201
    telemetry.sdk.name: opentelemetry
Instrumentation scope (ActivitySource):
    Name: Microsoft.AspNetCore
    telemetry.sdk.language: dotnet
Resource associated with Activity:
    telemetry.sdk.version: 1.14.0
    telemetry.sdk.name: opentelemetry
    service.name: unknown_service:testhost
    telemetry.sdk.language: dotnet
Activity.TraceId:            cd224848ade8d8de00f2699eafb53c01
    telemetry.sdk.version: 1.14.0
Activity.SpanId:             33ac5f723bbf868a
    service.name: unknown_service:testhost
Activity.TraceFlags:         Recorded
Activity.TraceId:            bb5b25d3d32e2ff8dcf2f8f122c61896
Activity.DisplayName:        PATCH api/stores/{storeId}/status
Activity.SpanId:             a1f61380401d8a90
Activity.Kind:               Server
Activity.TraceFlags:         Recorded
Activity.DisplayName:        POST api/stores
Activity.StartTime:          2026-06-08T01:29:10.1075801Z
Activity.Kind:               Server
Activity.Duration:           00:00:00.0820275
Activity.TraceId:            066543f37a0cde25cb26ad68d5dce2dd
Activity.StartTime:          2026-06-08T01:29:10.0725135Z
Activity.SpanId:             05e12e7dbbbe7429
Activity.Duration:           00:00:00.0784798
Activity.TraceFlags:         Recorded
Activity.Tags:
Activity.DisplayName:        POST api/stores
    server.address: localhost
Activity.Kind:               Server
    http.request.method: POST
Activity.StartTime:          2026-06-08T01:29:09.9695679Z
Activity.Duration:           00:00:00.1814254
Activity.Tags:
Activity.Tags:
    server.address: localhost
    server.address: localhost
    url.scheme: http
    http.request.method: PATCH
    url.path: /api/stores
    url.scheme: http
    network.protocol.version: 1.1
    url.path: /api/stores/019ea4d9-12b8-7225-a1bb-29a4d79256dc/status
    http.route: api/stores
    network.protocol.version: 1.1
    http.request.method: POST
    http.route: api/stores/{storeId}/status
    url.scheme: http
    url.path: /api/stores
    http.response.status_code: 200
    network.protocol.version: 1.1
Instrumentation scope (ActivitySource):
    http.route: api/stores
[22:29:10 INF] Saved 1 entities to in-memory store.
    Name: Microsoft.AspNetCore
    http.response.status_code: 201
Resource associated with Activity:
Instrumentation scope (ActivitySource):
[22:29:10 INF] Executing endpoint 'Urbeat.WebApi.Controllers.StoresController.UpdateDeliveryConfig (Urbeat.WebApi)'
    Name: Microsoft.AspNetCore
[22:29:10 INF] Executing endpoint 'Urbeat.WebApi.Controllers.StoreCategoriesController.Create (Urbeat.WebApi)'
    http.response.status_code: 201
Instrumentation scope (ActivitySource):
    telemetry.sdk.name: opentelemetry
    Name: Microsoft.AspNetCore
    telemetry.sdk.language: dotnet
Resource associated with Activity:
    telemetry.sdk.version: 1.14.0
    telemetry.sdk.name: opentelemetry
    service.name: unknown_service:testhost
    telemetry.sdk.language: dotnet
    telemetry.sdk.version: 1.14.0
    service.name: unknown_service:testhost
Activity.TraceId:            cd224848ade8d8de00f2699eafb53c01
Activity.SpanId:             33ac5f723bbf868a
Activity.TraceId:            bb5b25d3d32e2ff8dcf2f8f122c61896
Activity.TraceFlags:         Recorded
Activity.SpanId:             a1f61380401d8a90
Activity.DisplayName:        PATCH api/stores/{storeId}/status
Activity.TraceFlags:         Recorded
Activity.Kind:               Server
Activity.DisplayName:        POST api/stores
Activity.Kind:               Server
Activity.StartTime:          2026-06-08T01:29:10.1075801Z
Activity.StartTime:          2026-06-08T01:29:10.0725135Z
Activity.Duration:           00:00:00.0820275
Activity.Duration:           00:00:00.0784798
Activity.Tags:
Activity.Tags:
    server.address: localhost
    server.address: localhost
[22:29:10 INF] Route matched with {action = "UpdateDeliveryConfig", controller = "Stores"}. Executing controller action with signature System.Threading.Tasks.Task`1[Microsoft.AspNetCore.Mvc.IActionResult] UpdateDeliveryConfig(System.Guid, Urbeat.Application.DTOs.UpdateStoreDeliveryConfigRequestDto, System.Threading.CancellationToken) on controller Urbeat.WebApi.Controllers.StoresController (Urbeat.WebApi).
    http.request.method: PATCH
    http.request.method: POST
    url.scheme: http
[22:29:10 INF] Route matched with {action = "Create", controller = "StoreCategories"}. Executing controller action with signature System.Threading.Tasks.Task`1[Microsoft.AspNetCore.Mvc.IActionResult] Create(System.Guid, Urbeat.Application.DTOs.CreateProductCategoryRequestDto, System.Threading.CancellationToken) on controller Urbeat.WebApi.Controllers.StoreCategoriesController (Urbeat.WebApi).
    url.scheme: http
    url.path: /api/stores/019ea4d9-12b8-7225-a1bb-29a4d79256dc/status
    url.path: /api/stores
    network.protocol.version: 1.1
    http.route: api/stores
    http.response.status_code: 201
Instrumentation scope (ActivitySource):
    Name: Microsoft.AspNetCore
Resource associated with Activity:
    telemetry.sdk.name: opentelemetry
    telemetry.sdk.language: dotnet
    telemetry.sdk.version: 1.14.0
    service.name: unknown_service:testhost
Activity.TraceId:            bb5b25d3d32e2ff8dcf2f8f122c61896
Activity.SpanId:             a1f61380401d8a90
Activity.TraceFlags:         Recorded
Activity.DisplayName:        POST api/stores
Activity.Kind:               Server
Activity.StartTime:          2026-06-08T01:29:10.0725135Z
Activity.Duration:           00:00:00.0784798
Activity.Tags:
    server.address: localhost
    http.request.method: POST
    url.scheme: http
    url.path: /api/stores
    network.protocol.version: 1.1
    http.route: api/stores
    http.response.status_code: 201
Instrumentation scope (ActivitySource):
    Name: Microsoft.AspNetCore
Resource associated with Activity:
    telemetry.sdk.name: opentelemetry
    telemetry.sdk.language: dotnet
    telemetry.sdk.version: 1.14.0
    service.name: unknown_service:testhost
Activity.TraceId:            bb5b25d3d32e2ff8dcf2f8f122c61896
Activity.SpanId:             a1f61380401d8a90
Activity.TraceFlags:         Recorded
Activity.DisplayName:        POST api/stores
Activity.Kind:               Server
Activity.StartTime:          2026-06-08T01:29:10.0725135Z
Activity.Duration:           00:00:00.0784798
Activity.Tags:
    server.address: localhost
    http.request.method: POST
    url.scheme: http
    url.path: /api/stores
    network.protocol.version: 1.1
    http.route: api/stores
    http.response.status_code: 201
Instrumentation scope (ActivitySource):
    Name: Microsoft.AspNetCore
Resource associated with Activity:
    telemetry.sdk.name: opentelemetry
    telemetry.sdk.language: dotnet
    telemetry.sdk.version: 1.14.0
    service.name: unknown_service:testhost
Activity.TraceId:            bb5b25d3d32e2ff8dcf2f8f122c61896
Activity.SpanId:             a1f61380401d8a90
Activity.TraceFlags:         Recorded
Activity.DisplayName:        POST api/stores
Activity.Kind:               Server
Activity.StartTime:          2026-06-08T01:29:10.0725135Z
Activity.Duration:           00:00:00.0784798
Activity.Tags:
    server.address: localhost
    http.request.method: POST
    url.scheme: http
    url.path: /api/stores
    network.protocol.version: 1.1
[22:29:10 INF] Executing endpoint 'Urbeat.WebApi.Controllers.AuthController.RegisterSeller (Urbeat.WebApi)'
    http.route: api/stores
    http.response.status_code: 201
Instrumentation scope (ActivitySource):
    Name: Microsoft.AspNetCore
Resource associated with Activity:
    telemetry.sdk.name: opentelemetry
    telemetry.sdk.language: dotnet
    telemetry.sdk.version: 1.14.0
    service.name: unknown_service:testhost
Activity.TraceId:            bb5b25d3d32e2ff8dcf2f8f122c61896
Activity.SpanId:             a1f61380401d8a90
Activity.TraceFlags:         Recorded
Activity.DisplayName:        POST api/stores
Activity.Kind:               Server
Activity.StartTime:          2026-06-08T01:29:10.0725135Z
Activity.Duration:           00:00:00.0784798
Activity.Tags:
    server.address: localhost
    http.request.method: POST
    url.scheme: http
    url.path: /api/stores
    network.protocol.version: 1.1
    http.route: api/stores
    http.response.status_code: 201
Instrumentation scope (ActivitySource):
    Name: Microsoft.AspNetCore
Resource associated with Activity:
    telemetry.sdk.name: opentelemetry
    telemetry.sdk.language: dotnet
    telemetry.sdk.version: 1.14.0
[22:29:10 INF] Route matched with {action = "RegisterSeller", controller = "Auth"}. Executing controller action with signature System.Threading.Tasks.Task`1[Microsoft.AspNetCore.Mvc.IActionResult] RegisterSeller(Urbeat.Application.DTOs.RegisterUserRequestDto, System.Threading.CancellationToken) on controller Urbeat.WebApi.Controllers.AuthController (Urbeat.WebApi).
    service.name: unknown_service:testhost
Resource associated with Activity:
    telemetry.sdk.name: opentelemetry
    telemetry.sdk.language: dotnet
    telemetry.sdk.version: 1.14.0
    service.name: unknown_service:testhost
    network.protocol.version: 1.1
Activity.TraceId:            066543f37a0cde25cb26ad68d5dce2dd
Activity.SpanId:             05e12e7dbbbe7429
Activity.TraceFlags:         Recorded
    http.route: api/stores/{storeId}/status
Activity.DisplayName:        POST api/stores
    http.response.status_code: 200
Activity.Kind:               Server
Instrumentation scope (ActivitySource):
Activity.StartTime:          2026-06-08T01:29:09.9695679Z
    Name: Microsoft.AspNetCore
Activity.Duration:           00:00:00.1814254
Resource associated with Activity:
Activity.Tags:
    telemetry.sdk.name: opentelemetry
    server.address: localhost
    telemetry.sdk.language: dotnet
    http.request.method: POST
    telemetry.sdk.version: 1.14.0
    url.scheme: http
    service.name: unknown_service:testhost
    url.path: /api/stores
    network.protocol.version: 1.1
    http.route: api/stores
    http.response.status_code: 201
Activity.TraceId:            cd224848ade8d8de00f2699eafb53c01
Instrumentation scope (ActivitySource):
Activity.SpanId:             33ac5f723bbf868a
    Name: Microsoft.AspNetCore
Activity.TraceFlags:         Recorded
Resource associated with Activity:
Activity.DisplayName:        PATCH api/stores/{storeId}/status
    telemetry.sdk.name: opentelemetry
Activity.Kind:               Server
    telemetry.sdk.language: dotnet
    telemetry.sdk.version: 1.14.0
    service.name: unknown_service:testhost
Activity.StartTime:          2026-06-08T01:29:10.1075801Z
Activity.TraceId:            066543f37a0cde25cb26ad68d5dce2dd
Activity.Duration:           00:00:00.0820275
Activity.SpanId:             05e12e7dbbbe7429
[22:29:10 INF] Executing action method Urbeat.WebApi.Controllers.StoreCategoriesController.Create (Urbeat.WebApi) - Validation state: Valid
Activity.Tags:
Activity.TraceFlags:         Recorded
Activity.DisplayName:        POST api/stores
    server.address: localhost
[22:29:10 INF] Saved 2 entities to in-memory store.
[22:29:10 INF] Saved 2 entities to in-memory store.
Activity.Kind:               Server
Activity.StartTime:          2026-06-08T01:29:09.9695679Z
Activity.Duration:           00:00:00.1814254
Activity.Tags:
    server.address: localhost
    http.request.method: POST
    http.request.method: PATCH
    url.scheme: http
    url.path: /api/stores
    network.protocol.version: 1.1
    url.scheme: http
    http.route: api/stores
    url.path: /api/stores/019ea4d9-12b8-7225-a1bb-29a4d79256dc/status
    http.response.status_code: 201
    network.protocol.version: 1.1
Instrumentation scope (ActivitySource):
    http.route: api/stores/{storeId}/status
    Name: Microsoft.AspNetCore
Resource associated with Activity:
    http.response.status_code: 200
    telemetry.sdk.name: opentelemetry
    telemetry.sdk.language: dotnet
Instrumentation scope (ActivitySource):
    telemetry.sdk.version: 1.14.0
    Name: Microsoft.AspNetCore
    service.name: unknown_service:testhost
Resource associated with Activity:
[22:29:10 INF] Executing action method Urbeat.WebApi.Controllers.StoresController.UpdateDeliveryConfig (Urbeat.WebApi) - Validation state: Valid
Activity.TraceId:            066543f37a0cde25cb26ad68d5dce2dd
Activity.SpanId:             05e12e7dbbbe7429
Activity.TraceFlags:         Recorded
Activity.DisplayName:        POST api/stores
Activity.Kind:               Server
    telemetry.sdk.name: opentelemetry
Activity.StartTime:          2026-06-08T01:29:09.9695679Z
Activity.Duration:           00:00:00.1814254
Activity.Tags:
    telemetry.sdk.language: dotnet
    server.address: localhost
    telemetry.sdk.version: 1.14.0
    http.request.method: POST
    service.name: unknown_service:testhost
    url.scheme: http
    url.path: /api/stores
    network.protocol.version: 1.1
    http.route: api/stores
    http.response.status_code: 201
Activity.TraceId:            cd224848ade8d8de00f2699eafb53c01
Instrumentation scope (ActivitySource):
Activity.SpanId:             33ac5f723bbf868a
    Name: Microsoft.AspNetCore
Resource associated with Activity:
Activity.TraceFlags:         Recorded
    telemetry.sdk.name: opentelemetry
Activity.DisplayName:        PATCH api/stores/{storeId}/status
    telemetry.sdk.language: dotnet
Activity.Kind:               Server
    telemetry.sdk.version: 1.14.0
    service.name: unknown_service:testhost
Activity.TraceId:            066543f37a0cde25cb26ad68d5dce2dd
Activity.StartTime:          2026-06-08T01:29:10.1075801Z
Activity.SpanId:             05e12e7dbbbe7429
Activity.Duration:           00:00:00.0820275
Activity.TraceFlags:         Recorded
Activity.Tags:
Activity.DisplayName:        POST api/stores
Activity.Kind:               Server
    server.address: localhost
Activity.StartTime:          2026-06-08T01:29:09.9695679Z
    http.request.method: PATCH
[22:29:10 INF] Saved 1 entities to in-memory store.
Activity.Duration:           00:00:00.1814254
    url.scheme: http
Activity.Tags:
    url.path: /api/stores/019ea4d9-12b8-7225-a1bb-29a4d79256dc/status
[22:29:10 INF] Saved 1 entities to in-memory store.
    network.protocol.version: 1.1
    server.address: localhost
    http.route: api/stores/{storeId}/status
    http.request.method: POST
    url.scheme: http
    http.response.status_code: 200
    url.path: /api/stores
    network.protocol.version: 1.1
    http.route: api/stores
Instrumentation scope (ActivitySource):
    http.response.status_code: 201
    Name: Microsoft.AspNetCore
Resource associated with Activity:
Instrumentation scope (ActivitySource):
    Name: Microsoft.AspNetCore
Resource associated with Activity:
    telemetry.sdk.name: opentelemetry
    telemetry.sdk.language: dotnet
    telemetry.sdk.name: opentelemetry
    telemetry.sdk.language: dotnet
    telemetry.sdk.version: 1.14.0
    telemetry.sdk.version: 1.14.0
[22:29:10 INF] CustomerRegistered | Registration succeeded | UserId=019ea4d9-12d9-78cf-9cd0-0532ab170c8d | Email=checkout.customer.6b4c3c95c4f047049748b66f11a4375b@urbeat.local | Role=Customer
    service.name: unknown_service:testhost
    service.name: unknown_service:testhost
Activity.TraceId:            066543f37a0cde25cb26ad68d5dce2dd
Activity.TraceId:            cd224848ade8d8de00f2699eafb53c01
[22:29:10 INF] SellerRegistered | Registration succeeded | UserId=019ea4d9-12d9-7eb2-bb0a-149139ee238a | Email=subscription.contract.seller.743512eb6b6446caae8d07e77dd1ac25@urbeat.local | Role=Seller
Activity.SpanId:             05e12e7dbbbe7429
Activity.SpanId:             33ac5f723bbf868a
Activity.TraceFlags:         Recorded
Activity.TraceFlags:         Recorded
Activity.DisplayName:        POST api/stores
Activity.DisplayName:        PATCH api/stores/{storeId}/status
Activity.Kind:               Server
Activity.Kind:               Server
[22:29:10 INF] Saved 1 entities to in-memory store.
Activity.StartTime:          2026-06-08T01:29:09.9695679Z
Activity.StartTime:          2026-06-08T01:29:10.1075801Z
Activity.Duration:           00:00:00.1814254
Activity.Duration:           00:00:00.0820275
Activity.Tags:
Activity.Tags:
    server.address: localhost
    server.address: localhost
[22:29:10 INF] Saved 1 entities to in-memory store.
    http.request.method: PATCH
    http.request.method: POST
    url.scheme: http
    url.path: /api/stores
    url.scheme: http
    network.protocol.version: 1.1
    http.route: api/stores
    url.path: /api/stores/019ea4d9-12b8-7225-a1bb-29a4d79256dc/status
    http.response.status_code: 201
Instrumentation scope (ActivitySource):
    Name: Microsoft.AspNetCore
    network.protocol.version: 1.1
Resource associated with Activity:
    http.route: api/stores/{storeId}/status
    telemetry.sdk.name: opentelemetry
    http.response.status_code: 200
    telemetry.sdk.language: dotnet
[22:29:10 INF] Executing action method Urbeat.WebApi.Controllers.CustomerAddressesController.Create (Urbeat.WebApi) - Validation state: Valid
    telemetry.sdk.version: 1.14.0
    service.name: unknown_service:testhost
Instrumentation scope (ActivitySource):
    Name: Microsoft.AspNetCore
[22:29:10 INF] Route matched with {action = "Create", controller = "StoreCategories"}. Executing controller action with signature System.Threading.Tasks.Task`1[Microsoft.AspNetCore.Mvc.IActionResult] Create(System.Guid, Urbeat.Application.DTOs.CreateProductCategoryRequestDto, System.Threading.CancellationToken) on controller Urbeat.WebApi.Controllers.StoreCategoriesController (Urbeat.WebApi).
Activity.TraceId:            066543f37a0cde25cb26ad68d5dce2dd
Resource associated with Activity:
Activity.SpanId:             05e12e7dbbbe7429
    telemetry.sdk.name: opentelemetry
Activity.TraceFlags:         Recorded
    telemetry.sdk.language: dotnet
Activity.DisplayName:        POST api/stores
    telemetry.sdk.version: 1.14.0
    service.name: unknown_service:testhost
Activity.Kind:               Server
[22:29:10 INF] Saved 1 entities to in-memory store.
Activity.TraceId:            cd224848ade8d8de00f2699eafb53c01
Activity.SpanId:             33ac5f723bbf868a
Activity.StartTime:          2026-06-08T01:29:09.9695679Z
Activity.TraceFlags:         Recorded
Activity.DisplayName:        PATCH api/stores/{storeId}/status
Activity.Duration:           00:00:00.1814254
Activity.Kind:               Server
Activity.Tags:
    server.address: localhost
    http.request.method: POST
    url.scheme: http
Activity.StartTime:          2026-06-08T01:29:10.1075801Z
[22:29:10 INF] Executing action method Urbeat.WebApi.Controllers.AuthController.RegisterSeller (Urbeat.WebApi) - Validation state: Valid
Activity.Duration:           00:00:00.0820275
    url.path: /api/stores
Activity.Tags:
    network.protocol.version: 1.1
    server.address: localhost
    http.route: api/stores
    http.request.method: PATCH
    http.response.status_code: 201
    url.scheme: http
Instrumentation scope (ActivitySource):
    url.path: /api/stores/019ea4d9-12b8-7225-a1bb-29a4d79256dc/status
    Name: Microsoft.AspNetCore
[22:29:10 INF] Saved 1 entities to in-memory store.
    network.protocol.version: 1.1
    http.route: api/stores/{storeId}/status
Resource associated with Activity:
    http.response.status_code: 200
    telemetry.sdk.name: opentelemetry
Instrumentation scope (ActivitySource):
    Name: Microsoft.AspNetCore
    telemetry.sdk.language: dotnet
[22:29:10 INF] Saved 2 entities to in-memory store.
Resource associated with Activity:
    telemetry.sdk.version: 1.14.0
    telemetry.sdk.name: opentelemetry
    service.name: unknown_service:testhost
    telemetry.sdk.language: dotnet
    telemetry.sdk.version: 1.14.0
    service.name: unknown_service:testhost
Activity.TraceId:            cd224848ade8d8de00f2699eafb53c01
Activity.SpanId:             33ac5f723bbf868a
Activity.TraceFlags:         Recorded
Activity.DisplayName:        PATCH api/stores/{storeId}/status
Activity.Kind:               Server
Activity.StartTime:          2026-06-08T01:29:10.1075801Z
[22:29:10 INF] STORE_DELIVERY_CONFIG_UPDATED | Store delivery config updated | StoreId=019ea4d9-12b8-7225-a1bb-29a4d79256dc | OwnerUserId=019ea4d9-10c6-752f-876e-8eb4bdd91e33 | DeliveryFee=3 | MinimumOrderValue=10 | IP=null
Activity.Duration:           00:00:00.0820275
Activity.Tags:
    server.address: localhost
    http.request.method: PATCH
    url.scheme: http
    url.path: /api/stores/019ea4d9-12b8-7225-a1bb-29a4d79256dc/status
    network.protocol.version: 1.1
    http.route: api/stores/{storeId}/status
    http.response.status_code: 200
Instrumentation scope (ActivitySource):
    Name: Microsoft.AspNetCore
Resource associated with Activity:
    telemetry.sdk.name: opentelemetry
    telemetry.sdk.language: dotnet
    telemetry.sdk.version: 1.14.0
    service.name: unknown_service:testhost
Activity.TraceId:            cd224848ade8d8de00f2699eafb53c01
Activity.SpanId:             33ac5f723bbf868a
Activity.TraceFlags:         Recorded
Activity.DisplayName:        PATCH api/stores/{storeId}/status
Activity.Kind:               Server
Activity.StartTime:          2026-06-08T01:29:10.1075801Z
Activity.Duration:           00:00:00.0820275
Activity.Tags:
    server.address: localhost
    http.request.method: PATCH
    url.scheme: http
    url.path: /api/stores/019ea4d9-12b8-7225-a1bb-29a4d79256dc/status
    network.protocol.version: 1.1
    http.route: api/stores/{storeId}/status
    http.response.status_code: 200
Instrumentation scope (ActivitySource):
    Name: Microsoft.AspNetCore
Resource associated with Activity:
    telemetry.sdk.name: opentelemetry
    telemetry.sdk.language: dotnet
[22:29:10 INF] Saved 1 entities to in-memory store.
[22:29:10 INF] Executed action method Urbeat.WebApi.Controllers.AuthController.RegisterSeller (Urbeat.WebApi), returned result Microsoft.AspNetCore.Mvc.ObjectResult in 120.0811ms.
[22:29:10 INF] Executed action method Urbeat.WebApi.Controllers.AuthController.RegisterCustomer (Urbeat.WebApi), returned result Microsoft.AspNetCore.Mvc.ObjectResult in 119.0129ms.
[22:29:10 INF] Saved 1 entities to in-memory store.
[22:29:10 INF] Executed action method Urbeat.WebApi.Controllers.StoreCategoriesController.Create (Urbeat.WebApi), returned result Microsoft.AspNetCore.Mvc.ObjectResult in 34.0064ms.
[22:29:10 INF] Executed action method Urbeat.WebApi.Controllers.StoresController.UpdateDeliveryConfig (Urbeat.WebApi), returned result Microsoft.AspNetCore.Mvc.OkObjectResult in 33.9641ms.
[22:29:10 INF] Saved 2 entities to in-memory store.
[22:29:10 INF] Executing ObjectResult, writing value of type '<>f__AnonymousType2`3[[System.Nullable`1[[System.Guid, System.Private.CoreLib, Version=9.0.0.0, Culture=neutral, PublicKeyToken=7cec85d7bea7798e]], System.Private.CoreLib, Version=9.0.0.0, Culture=neutral, PublicKeyToken=7cec85d7bea7798e],[System.Boolean, System.Private.CoreLib, Version=9.0.0.0, Culture=neutral, PublicKeyToken=7cec85d7bea7798e],[System.String, System.Private.CoreLib, Version=9.0.0.0, Culture=neutral, PublicKeyToken=7cec85d7bea7798e]]'.
[22:29:10 INF] Executing ObjectResult, writing value of type 'Urbeat.Application.DTOs.ProductCategoryResponseDto'.
[22:29:10 INF] Executing ObjectResult, writing value of type '<>f__AnonymousType2`3[[System.Nullable`1[[System.Guid, System.Private.CoreLib, Version=9.0.0.0, Culture=neutral, PublicKeyToken=7cec85d7bea7798e]], System.Private.CoreLib, Version=9.0.0.0, Culture=neutral, PublicKeyToken=7cec85d7bea7798e],[System.Boolean, System.Private.CoreLib, Version=9.0.0.0, Culture=neutral, PublicKeyToken=7cec85d7bea7798e],[System.String, System.Private.CoreLib, Version=9.0.0.0, Culture=neutral, PublicKeyToken=7cec85d7bea7798e]]'.
[22:29:10 INF] Executing OkObjectResult, writing value of type 'Urbeat.Application.DTOs.StoreResponseDto'.
[22:29:10 INF] Executed action Urbeat.WebApi.Controllers.AuthController.RegisterCustomer (Urbeat.WebApi) in 120.0101ms
[22:29:10 INF] Executed action Urbeat.WebApi.Controllers.StoreCategoriesController.Create (Urbeat.WebApi) in 34.8559ms
[22:29:10 INF] Executed endpoint 'Urbeat.WebApi.Controllers.AuthController.RegisterCustomer (Urbeat.WebApi)'
[22:29:10 INF] Executed action Urbeat.WebApi.Controllers.AuthController.RegisterSeller (Urbeat.WebApi) in 153.447ms
[22:29:10 INF] Executed endpoint 'Urbeat.WebApi.Controllers.StoreCategoriesController.Create (Urbeat.WebApi)'
[22:29:10 INF] Executed endpoint 'Urbeat.WebApi.Controllers.AuthController.RegisterSeller (Urbeat.WebApi)'
[22:29:10 INF] HTTP POST /api/stores/019ea4d9-1305-7992-96a6-8261cf8e3c07/categories responded 201 in 35.4779 ms
[22:29:10 INF] HTTP POST /api/auth/register/customer responded 201 in 120.3473 ms
[22:29:10 INF] Executed action Urbeat.WebApi.Controllers.StoresController.UpdateDeliveryConfig (Urbeat.WebApi) in 34.9875ms
[22:29:10 INF] Executed endpoint 'Urbeat.WebApi.Controllers.StoresController.UpdateDeliveryConfig (Urbeat.WebApi)'
[22:29:10 INF] Executed action method Urbeat.WebApi.Controllers.AdminController.ProcessSubscriptionNotifications (Urbeat.WebApi), returned result Microsoft.AspNetCore.Mvc.NoContentResult in 120.6272ms.
[22:29:10 INF] Saved 2 entities to in-memory store.
[22:29:10 INF] Request finished HTTP/1.1 POST http://localhost/api/auth/register/customer - 201 null application/json; charset=utf-8 152.6045ms
[22:29:10 INF] Request finished HTTP/1.1 POST http://localhost/api/stores/019ea4d9-1305-7992-96a6-8261cf8e3c07/categories - 201 null application/json; charset=utf-8 73.4317ms
[22:29:10 INF] HTTP PATCH /api/stores/019ea4d9-12b8-7225-a1bb-29a4d79256dc/delivery-config responded 200 in 35.6267 ms
[22:29:10 INF] Starting Hangfire Server using job storage: 'In-Memory Storage'
[22:29:10 INF] Executing StatusCodeResult, setting HTTP status code 204
[22:29:10 INF] Using the following options for Hangfire Server:
    Worker count: 2
    Listening queues: 'default'
    Shutdown timeout: 00:00:15
    Schedule polling interval: 00:00:15
Activity.TraceId:            dca0dc1f2fbc80d3177ca89559d5bc04
[22:29:10 INF] Request finished HTTP/1.1 PATCH http://localhost/api/stores/019ea4d9-12b8-7225-a1bb-29a4d79256dc/delivery-config - 200 null application/json; charset=utf-8 73.7496ms
Activity.SpanId:             ae83c1e023fee8c8
Activity.TraceFlags:         Recorded
Activity.DisplayName:        POST api/stores/{storeId}/categories
Activity.Kind:               Server
Activity.StartTime:          2026-06-08T01:29:10.1519874Z
Activity.Duration:           00:00:00.0735500
Activity.Tags:
    server.address: localhost
    http.request.method: POST
    url.scheme: http
    url.path: /api/stores/019ea4d9-1305-7992-96a6-8261cf8e3c07/categories
    network.protocol.version: 1.1
    http.route: api/stores/{storeId}/categories
[22:29:10 WRN] Failed to process the job '446102c8-9b3b-4091-82c7-4477c4a0c583': an exception occurred. Retry attempt 1 of 10 will be performed in 00:00:17.
System.ObjectDisposedException: Cannot access a disposed object.
Object name: 'IServiceProvider'.
   at Microsoft.Extensions.DependencyInjection.ServiceLookup.ThrowHelper.ThrowObjectDisposedException()
   at Microsoft.Extensions.DependencyInjection.ServiceProvider.CreateScope()
   at Hangfire.AspNetCore.AspNetCoreJobActivator.BeginScope(JobActivatorContext context) in C:\projects\hangfire-525\src\Hangfire.NetCore\AspNetCore\AspNetCoreJobActivator.cs:line 34
   at Hangfire.JobActivator.BeginScope(PerformContext context) in C:\projects\hangfire-525\src\Hangfire.Core\JobActivator.cs:line 66
   at Hangfire.Server.CoreBackgroundJobPerformer.Perform(PerformContext context) in C:\projects\hangfire-525\src\Hangfire.Core\Server\CoreBackgroundJobPerformer.cs:line 49
   at Hangfire.Server.BackgroundJobPerformer.InvokeNextServerFilter(Enumerator& enumerator, IBackgroundJobPerformer innerPerformer, PerformContext context, PerformingContext preContext) in C:\projects\hangfire-525\src\Hangfire.Core\Server\BackgroundJobPerformer.cs:line 133
   at Hangfire.Server.BackgroundJobPerformer.InvokeServerFilter(Enumerator& enumerator, IBackgroundJobPerformer innerPerformer, PerformContext context, PerformingContext preContext) in C:\projects\hangfire-525\src\Hangfire.Core\Server\BackgroundJobPerformer.cs:line 174
   at Hangfire.Server.BackgroundJobPerformer.InvokeNextServerFilter(Enumerator& enumerator, IBackgroundJobPerformer innerPerformer, PerformContext context, PerformingContext preContext) in C:\projects\hangfire-525\src\Hangfire.Core\Server\BackgroundJobPerformer.cs:line 130
   at Hangfire.Server.BackgroundJobPerformer.PerformJobWithFilters(PerformContext context, FilterCollection`1 filters) in C:\projects\hangfire-525\src\Hangfire.Core\Server\BackgroundJobPerformer.cs:line 119
   at Hangfire.Server.BackgroundJobPerformer.Perform(PerformContext context) in C:\projects\hangfire-525\src\Hangfire.Core\Server\BackgroundJobPerformer.cs:line 78
   at Hangfire.Server.Worker.PerformJob(BackgroundProcessContext context, IStorageConnection connection, String jobId, BackgroundJob backgroundJob, IReadOnlyDictionary`2& customData) in C:\projects\hangfire-525\src\Hangfire.Core\Server\Worker.cs:line 320
[22:29:10 INF] Executed action Urbeat.WebApi.Controllers.AdminController.ProcessSubscriptionNotifications (Urbeat.WebApi) in 154.4473ms
[22:29:10 INF] Executed endpoint 'Urbeat.WebApi.Controllers.AdminController.ProcessSubscriptionNotifications (Urbeat.WebApi)'
    telemetry.sdk.version: 1.14.0
    http.response.status_code: 201
    service.name: unknown_service:testhost
Instrumentation scope (ActivitySource):
[22:29:10 INF] HTTP POST /api/admin/subscriptions/notifications/process responded 204 in 193.5482 ms
    Name: Microsoft.AspNetCore
Resource associated with Activity:
    telemetry.sdk.name: opentelemetry
    telemetry.sdk.language: dotnet
    telemetry.sdk.version: 1.14.0
    service.name: unknown_service:testhost
Activity.TraceId:            dca0dc1f2fbc80d3177ca89559d5bc04
Activity.SpanId:             ae83c1e023fee8c8
Activity.TraceFlags:         Recorded
Activity.DisplayName:        POST api/stores/{storeId}/categories
Activity.Kind:               Server
Activity.StartTime:          2026-06-08T01:29:10.1519874Z
Activity.Duration:           00:00:00.0735500
Activity.Tags:
    server.address: localhost
    http.request.method: POST
    url.scheme: http
    url.path: /api/stores/019ea4d9-1305-7992-96a6-8261cf8e3c07/categories
    network.protocol.version: 1.1
    http.route: api/stores/{storeId}/categories
[22:29:10 WRN] Failed to process the job '4c27bb6c-a67f-444b-96e7-7c7cda3c0dfa': an exception occurred. Retry attempt 1 of 10 will be performed in 00:00:34.
System.ObjectDisposedException: Cannot access a disposed object.
Object name: 'IServiceProvider'.
   at Microsoft.Extensions.DependencyInjection.ServiceLookup.ThrowHelper.ThrowObjectDisposedException()
   at Microsoft.Extensions.DependencyInjection.ServiceProvider.CreateScope()
   at Hangfire.AspNetCore.AspNetCoreJobActivator.BeginScope(JobActivatorContext context) in C:\projects\hangfire-525\src\Hangfire.NetCore\AspNetCore\AspNetCoreJobActivator.cs:line 34
   at Hangfire.JobActivator.BeginScope(PerformContext context) in C:\projects\hangfire-525\src\Hangfire.Core\JobActivator.cs:line 66
   at Hangfire.Server.CoreBackgroundJobPerformer.Perform(PerformContext context) in C:\projects\hangfire-525\src\Hangfire.Core\Server\CoreBackgroundJobPerformer.cs:line 49
   at Hangfire.Server.BackgroundJobPerformer.InvokeNextServerFilter(Enumerator& enumerator, IBackgroundJobPerformer innerPerformer, PerformContext context, PerformingContext preContext) in C:\projects\hangfire-525\src\Hangfire.Core\Server\BackgroundJobPerformer.cs:line 133
   at Hangfire.Server.BackgroundJobPerformer.InvokeServerFilter(Enumerator& enumerator, IBackgroundJobPerformer innerPerformer, PerformContext context, PerformingContext preContext) in C:\projects\hangfire-525\src\Hangfire.Core\Server\BackgroundJobPerformer.cs:line 174
   at Hangfire.Server.BackgroundJobPerformer.InvokeNextServerFilter(Enumerator& enumerator, IBackgroundJobPerformer innerPerformer, PerformContext context, PerformingContext preContext) in C:\projects\hangfire-525\src\Hangfire.Core\Server\BackgroundJobPerformer.cs:line 130
   at Hangfire.Server.BackgroundJobPerformer.PerformJobWithFilters(PerformContext context, FilterCollection`1 filters) in C:\projects\hangfire-525\src\Hangfire.Core\Server\BackgroundJobPerformer.cs:line 119
   at Hangfire.Server.BackgroundJobPerformer.Perform(PerformContext context) in C:\projects\hangfire-525\src\Hangfire.Core\Server\BackgroundJobPerformer.cs:line 78
   at Hangfire.Server.Worker.PerformJob(BackgroundProcessContext context, IStorageConnection connection, String jobId, BackgroundJob backgroundJob, IReadOnlyDictionary`2& customData) in C:\projects\hangfire-525\src\Hangfire.Core\Server\Worker.cs:line 320
    http.response.status_code: 201
Instrumentation scope (ActivitySource):
    Name: Microsoft.AspNetCore
Resource associated with Activity:
    telemetry.sdk.name: opentelemetry
[22:29:10 INF] Saved 1 entities to in-memory store.
    telemetry.sdk.language: dotnet
    telemetry.sdk.version: 1.14.0
    service.name: unknown_service:testhost
Activity.TraceId:            dca0dc1f2fbc80d3177ca89559d5bc04
Activity.SpanId:             ae83c1e023fee8c8
Activity.TraceFlags:         Recorded
Activity.DisplayName:        POST api/stores/{storeId}/categories
Activity.Kind:               Server
Activity.StartTime:          2026-06-08T01:29:10.1519874Z
Activity.Duration:           00:00:00.0735500
Activity.Tags:
    server.address: localhost
    http.request.method: POST
    url.scheme: http
    url.path: /api/stores/019ea4d9-1305-7992-96a6-8261cf8e3c07/categories
    network.protocol.version: 1.1
    http.route: api/stores/{storeId}/categories
    http.response.status_code: 201
Instrumentation scope (ActivitySource):
    Name: Microsoft.AspNetCore
Resource associated with Activity:
    telemetry.sdk.name: opentelemetry
    telemetry.sdk.language: dotnet
    telemetry.sdk.version: 1.14.0
    service.name: unknown_service:testhost
Activity.TraceId:            dca0dc1f2fbc80d3177ca89559d5bc04
Activity.SpanId:             ae83c1e023fee8c8
Activity.TraceFlags:         Recorded
Activity.DisplayName:        POST api/stores/{storeId}/categories
Activity.Kind:               Server
Activity.StartTime:          2026-06-08T01:29:10.1519874Z
Activity.Duration:           00:00:00.0735500
Activity.Tags:
    server.address: localhost
    http.request.method: POST
    url.scheme: http
[22:29:10 INF] Request finished HTTP/1.1 POST http://localhost/api/admin/subscriptions/notifications/process - 204 null null 225.0846ms
    url.path: /api/stores/019ea4d9-1305-7992-96a6-8261cf8e3c07/categories
    network.protocol.version: 1.1
    http.route: api/stores/{storeId}/categories
    http.response.status_code: 201
Instrumentation scope (ActivitySource):
    Name: Microsoft.AspNetCore
Resource associated with Activity:
    telemetry.sdk.name: opentelemetry
    telemetry.sdk.language: dotnet
    telemetry.sdk.version: 1.14.0
    service.name: unknown_service:testhost
Activity.TraceId:            dca0dc1f2fbc80d3177ca89559d5bc04
Activity.SpanId:             ae83c1e023fee8c8
Activity.TraceFlags:         Recorded
Activity.DisplayName:        POST api/stores/{storeId}/categories
Activity.Kind:               Server
Activity.StartTime:          2026-06-08T01:29:10.1519874Z
Activity.Duration:           00:00:00.0735500
Activity.Tags:
    server.address: localhost
    http.request.method: POST
    url.scheme: http
    url.path: /api/stores/019ea4d9-1305-7992-96a6-8261cf8e3c07/categories
    network.protocol.version: 1.1
    http.route: api/stores/{storeId}/categories
[22:29:10 INF] Request starting HTTP/1.1 POST http://localhost/api/auth/login/customer - application/json; charset=utf-8 null
    http.response.status_code: 201
Instrumentation scope (ActivitySource):
    Name: Microsoft.AspNetCore
Resource associated with Activity:
    telemetry.sdk.name: opentelemetry
    telemetry.sdk.language: dotnet
    telemetry.sdk.version: 1.14.0
    service.name: unknown_service:testhost
Activity.TraceId:            dca0dc1f2fbc80d3177ca89559d5bc04
Activity.SpanId:             ae83c1e023fee8c8
Activity.TraceFlags:         Recorded
Activity.DisplayName:        POST api/stores/{storeId}/categories
Activity.Kind:               Server
Activity.StartTime:          2026-06-08T01:29:10.1519874Z
Activity.Duration:           00:00:00.0735500
Activity.Tags:
    server.address: localhost
    http.request.method: POST
    url.scheme: http
    url.path: /api/stores/019ea4d9-1305-7992-96a6-8261cf8e3c07/categories
    network.protocol.version: 1.1
    http.route: api/stores/{storeId}/categories
    http.response.status_code: 201
Instrumentation scope (ActivitySource):
    Name: Microsoft.AspNetCore
Resource associated with Activity:
    telemetry.sdk.name: opentelemetry
    telemetry.sdk.language: dotnet
    telemetry.sdk.version: 1.14.0
    service.name: unknown_service:testhost
Activity.TraceId:            dca0dc1f2fbc80d3177ca89559d5bc04
Activity.SpanId:             ae83c1e023fee8c8
Activity.TraceFlags:         Recorded
Activity.DisplayName:        POST api/stores/{storeId}/categories
Activity.Kind:               Server
Activity.StartTime:          2026-06-08T01:29:10.1519874Z
Activity.Duration:           00:00:00.0735500
Activity.Tags:
    server.address: localhost
    http.request.method: POST
    url.scheme: http
    url.path: /api/stores/019ea4d9-1305-7992-96a6-8261cf8e3c07/categories
    network.protocol.version: 1.1
    http.route: api/stores/{storeId}/categories
    http.response.status_code: 201
Instrumentation scope (ActivitySource):
    Name: Microsoft.AspNetCore
Resource associated with Activity:
    telemetry.sdk.name: opentelemetry
    telemetry.sdk.language: dotnet
    telemetry.sdk.version: 1.14.0
    service.name: unknown_service:testhost
Activity.TraceId:            dca0dc1f2fbc80d3177ca89559d5bc04
Activity.SpanId:             ae83c1e023fee8c8
Activity.TraceFlags:         Recorded
Activity.DisplayName:        POST api/stores/{storeId}/categories
Activity.Kind:               Server
Activity.StartTime:          2026-06-08T01:29:10.1519874Z
Activity.Duration:           00:00:00.0735500
Activity.Tags:
    server.address: localhost
    http.request.method: POST
    url.scheme: http
    url.path: /api/stores/019ea4d9-1305-7992-96a6-8261cf8e3c07/categories
    network.protocol.version: 1.1
    http.route: api/stores/{storeId}/categories
    http.response.status_code: 201
Instrumentation scope (ActivitySource):
    Name: Microsoft.AspNetCore
Resource associated with Activity:
    telemetry.sdk.name: opentelemetry
    telemetry.sdk.language: dotnet
    telemetry.sdk.version: 1.14.0
    service.name: unknown_service:testhost
Activity.TraceId:            dca0dc1f2fbc80d3177ca89559d5bc04
Activity.TraceId:            dee7e263945f5f18b38050334cfdcc35
Activity.SpanId:             ae83c1e023fee8c8
Activity.SpanId:             e00320995ef7f6f0
Activity.TraceFlags:         Recorded
Activity.DisplayName:        POST api/stores/{storeId}/categories
Activity.TraceFlags:         Recorded
Activity.Kind:               Server
Activity.StartTime:          2026-06-08T01:29:10.1519874Z
Activity.Duration:           00:00:00.0735500
Activity.Tags:
Activity.DisplayName:        POST api/admin/subscriptions/notifications/process
Activity.Kind:               Server
    server.address: localhost
    http.request.method: POST
    url.scheme: http
    url.path: /api/stores/019ea4d9-1305-7992-96a6-8261cf8e3c07/categories
    network.protocol.version: 1.1
Activity.StartTime:          2026-06-08T01:29:10.0008954Z
    http.route: api/stores/{storeId}/categories
    http.response.status_code: 201
Activity.Duration:           00:00:00.2252915
Instrumentation scope (ActivitySource):
    Name: Microsoft.AspNetCore
Resource associated with Activity:
Activity.Tags:
    telemetry.sdk.name: opentelemetry
    server.address: localhost
    telemetry.sdk.language: dotnet
    http.request.method: POST
    telemetry.sdk.version: 1.14.0
    url.scheme: http
    service.name: unknown_service:testhost
    url.path: /api/admin/subscriptions/notifications/process
    network.protocol.version: 1.1
Activity.TraceId:            dca0dc1f2fbc80d3177ca89559d5bc04
    http.route: api/admin/subscriptions/notifications/process
Activity.SpanId:             ae83c1e023fee8c8
Activity.TraceFlags:         Recorded
Activity.DisplayName:        POST api/stores/{storeId}/categories
    http.response.status_code: 204
Activity.Kind:               Server
Instrumentation scope (ActivitySource):
Activity.StartTime:          2026-06-08T01:29:10.1519874Z
    Name: Microsoft.AspNetCore
Activity.Duration:           00:00:00.0735500
Resource associated with Activity:
Activity.Tags:
    server.address: localhost
    telemetry.sdk.name: opentelemetry
    http.request.method: POST
    telemetry.sdk.language: dotnet
    url.scheme: http
    telemetry.sdk.version: 1.14.0
    url.path: /api/stores/019ea4d9-1305-7992-96a6-8261cf8e3c07/categories
    service.name: unknown_service:testhost
    network.protocol.version: 1.1
    http.route: api/stores/{storeId}/categories
    http.response.status_code: 201
Instrumentation scope (ActivitySource):
    Name: Microsoft.AspNetCore
Resource associated with Activity:
Activity.TraceId:            dee7e263945f5f18b38050334cfdcc35
    telemetry.sdk.name: opentelemetry
Activity.SpanId:             e00320995ef7f6f0
    telemetry.sdk.language: dotnet
Activity.TraceFlags:         Recorded
    telemetry.sdk.version: 1.14.0
Activity.DisplayName:        POST api/admin/subscriptions/notifications/process
    service.name: unknown_service:testhost
Activity.Kind:               Server
[22:29:10 INF] Executing endpoint 'Urbeat.WebApi.Controllers.AuthController.LoginCustomer (Urbeat.WebApi)'
Activity.StartTime:          2026-06-08T01:29:10.0008954Z
[22:29:10 INF] Executed action method Urbeat.WebApi.Controllers.CustomerAddressesController.Create (Urbeat.WebApi), returned result Microsoft.AspNetCore.Mvc.ObjectResult in 1.9168ms.
Activity.Duration:           00:00:00.2252915
Activity.Tags:
    server.address: localhost
    http.request.method: POST
    url.scheme: http
    url.path: /api/admin/subscriptions/notifications/process
    network.protocol.version: 1.1
    http.route: api/admin/subscriptions/notifications/process
    http.response.status_code: 204
Instrumentation scope (ActivitySource):
    Name: Microsoft.AspNetCore
Resource associated with Activity:
    telemetry.sdk.name: opentelemetry
    telemetry.sdk.language: dotnet
    telemetry.sdk.version: 1.14.0
    service.name: unknown_service:testhost
Activity.TraceId:            dee7e263945f5f18b38050334cfdcc35
Activity.SpanId:             e00320995ef7f6f0
[22:29:10 INF] Route matched with {action = "LoginCustomer", controller = "Auth"}. Executing controller action with signature System.Threading.Tasks.Task`1[Microsoft.AspNetCore.Mvc.IActionResult] LoginCustomer(Urbeat.Application.DTOs.LoginRequestDto, System.Threading.CancellationToken) on controller Urbeat.WebApi.Controllers.AuthController (Urbeat.WebApi).
Activity.TraceId:            bad3a778c5235fb6dce8ad0b4bc5accb
[22:29:10 INF] Request starting HTTP/1.1 POST http://localhost/api/auth/register/customer - application/json; charset=utf-8 null
Activity.TraceFlags:         Recorded
[22:29:10 INF] Executing ObjectResult, writing value of type 'Urbeat.Application.DTOs.CustomerAddressResponseDto'.
Activity.DisplayName:        POST api/admin/subscriptions/notifications/process
Activity.SpanId:             c9b4683da27b3b99
Activity.Kind:               Server
[22:29:10 INF] HTTP POST /api/auth/register/seller responded 201 in 155.2410 ms
Activity.TraceFlags:         Recorded
Activity.DisplayName:        POST api/auth/register/customer
Activity.Kind:               Server
Activity.StartTime:          2026-06-08T01:29:10.0008954Z
[22:29:10 INF] Request starting HTTP/1.1 GET http://localhost/api/public/stores - null null
Activity.StartTime:          2026-06-08T01:29:10.0728103Z
Activity.Duration:           00:00:00.2252915
Activity.Duration:           00:00:00.1527354
Activity.Tags:
[22:29:10 INF] Executing action method Urbeat.WebApi.Controllers.StoreCategoriesController.Create (Urbeat.WebApi) - Validation state: Valid
    server.address: localhost
    http.request.method: POST
    url.scheme: http
    url.path: /api/auth/register/customer
    network.protocol.version: 1.1
Activity.Tags:
    http.route: api/auth/register/customer
    server.address: localhost
    http.response.status_code: 201
    http.request.method: POST
Instrumentation scope (ActivitySource):
    url.scheme: http
    Name: Microsoft.AspNetCore
    url.path: /api/admin/subscriptions/notifications/process
Resource associated with Activity:
    network.protocol.version: 1.1
    telemetry.sdk.name: opentelemetry
[22:29:10 INF] Server fabio-mobile:44964:5f6b9c7e successfully announced in 0,1518 ms
[22:29:10 INF] Request starting HTTP/1.1 PUT http://localhost/api/stores/019ea4d9-1305-7992-96a6-8261cf8e3c07/categories/019ea4d9-132f-7c9a-81b7-70da9920cba1 - application/json; charset=utf-8 null
    http.route: api/admin/subscriptions/notifications/process
[22:29:10 INF] Request starting HTTP/1.1 POST http://localhost/api/auth/register/seller - application/json; charset=utf-8 null
    http.response.status_code: 204
Instrumentation scope (ActivitySource):
    Name: Microsoft.AspNetCore
Resource associated with Activity:
    telemetry.sdk.name: opentelemetry
    telemetry.sdk.language: dotnet
    telemetry.sdk.version: 1.14.0
    service.name: unknown_service:testhost
Activity.TraceId:            dee7e263945f5f18b38050334cfdcc35
Activity.SpanId:             e00320995ef7f6f0
Activity.TraceFlags:         Recorded
Activity.DisplayName:        POST api/admin/subscriptions/notifications/process
Activity.Kind:               Server
Activity.StartTime:          2026-06-08T01:29:10.0008954Z
Activity.Duration:           00:00:00.2252915
Activity.Tags:
    server.address: localhost
    http.request.method: POST
    url.scheme: http
    url.path: /api/admin/subscriptions/notifications/process
    network.protocol.version: 1.1
    http.route: api/admin/subscriptions/notifications/process
[22:29:10 INF] Request finished HTTP/1.1 POST http://localhost/api/auth/register/seller - 201 null application/json; charset=utf-8 211.9764ms
    telemetry.sdk.language: dotnet
    telemetry.sdk.version: 1.14.0
    service.name: unknown_service:testhost
    http.response.status_code: 204
Instrumentation scope (ActivitySource):
    Name: Microsoft.AspNetCore
[22:29:10 INF] Executed action method Urbeat.WebApi.Controllers.StoresController.UpsertBusinessHours (Urbeat.WebApi), returned result Microsoft.AspNetCore.Mvc.OkObjectResult in 40.0246ms.
Resource associated with Activity:
Activity.TraceId:            bad3a778c5235fb6dce8ad0b4bc5accb
    telemetry.sdk.name: opentelemetry
    telemetry.sdk.language: dotnet
Activity.SpanId:             c9b4683da27b3b99
    telemetry.sdk.version: 1.14.0
Activity.TraceFlags:         Recorded
    service.name: unknown_service:testhost
Activity.DisplayName:        POST api/auth/register/customer
[22:29:10 INF] Executing endpoint 'Urbeat.WebApi.Controllers.AuthController.RegisterCustomer (Urbeat.WebApi)'
Activity.Kind:               Server
Activity.StartTime:          2026-06-08T01:29:10.0728103Z
Activity.Duration:           00:00:00.1527354
Activity.Tags:
    server.address: localhost
    http.request.method: POST
    url.scheme: http
    url.path: /api/auth/register/customer
Activity.TraceId:            dee7e263945f5f18b38050334cfdcc35
    network.protocol.version: 1.1
Activity.SpanId:             e00320995ef7f6f0
    http.route: api/auth/register/customer
Activity.TraceFlags:         Recorded
    http.response.status_code: 201
Activity.DisplayName:        POST api/admin/subscriptions/notifications/process
Instrumentation scope (ActivitySource):
Activity.Kind:               Server
    Name: Microsoft.AspNetCore
Resource associated with Activity:
    telemetry.sdk.name: opentelemetry
    telemetry.sdk.language: dotnet
Activity.StartTime:          2026-06-08T01:29:10.0008954Z
    telemetry.sdk.version: 1.14.0
Activity.Duration:           00:00:00.2252915
    service.name: unknown_service:testhost
Activity.Tags:
    server.address: localhost
Activity.TraceId:            bad3a778c5235fb6dce8ad0b4bc5accb
    http.request.method: POST
Activity.SpanId:             c9b4683da27b3b99
    url.scheme: http
Activity.TraceFlags:         Recorded
    url.path: /api/admin/subscriptions/notifications/process
Activity.DisplayName:        POST api/auth/register/customer
    network.protocol.version: 1.1
Activity.Kind:               Server
    http.route: api/admin/subscriptions/notifications/process
Activity.StartTime:          2026-06-08T01:29:10.0728103Z
Activity.Duration:           00:00:00.1527354
    http.response.status_code: 204
Activity.Tags:
    server.address: localhost
Instrumentation scope (ActivitySource):
    http.request.method: POST
    Name: Microsoft.AspNetCore
    url.scheme: http
Resource associated with Activity:
    url.path: /api/auth/register/customer
    network.protocol.version: 1.1
    telemetry.sdk.name: opentelemetry
    http.route: api/auth/register/customer
    telemetry.sdk.language: dotnet
[22:29:10 INF] Route matched with {action = "RegisterCustomer", controller = "Auth"}. Executing controller action with signature System.Threading.Tasks.Task`1[Microsoft.AspNetCore.Mvc.IActionResult] RegisterCustomer(Urbeat.Application.DTOs.RegisterUserRequestDto, System.Threading.CancellationToken) on controller Urbeat.WebApi.Controllers.AuthController (Urbeat.WebApi).
    telemetry.sdk.version: 1.14.0
    http.response.status_code: 201
Activity.TraceId:            d7a6c0329a6a6c04e8241d2c60e63a97
Instrumentation scope (ActivitySource):
Activity.SpanId:             19f5211576091b8c
    Name: Microsoft.AspNetCore
[22:29:10 INF] Executing endpoint 'Urbeat.WebApi.Controllers.PublicStoresController.List (Urbeat.WebApi)'
Resource associated with Activity:
Activity.TraceFlags:         Recorded
    telemetry.sdk.name: opentelemetry
    telemetry.sdk.language: dotnet
Activity.DisplayName:        POST api/auth/register/seller
    telemetry.sdk.version: 1.14.0
Activity.Kind:               Server
[22:29:10 INF] Executing OkObjectResult, writing value of type 'Urbeat.Application.DTOs.StoreBusinessHoursResponseDto'.
Activity.StartTime:          2026-06-08T01:29:10.0438571Z
[22:29:10 INF] Executing action method Urbeat.WebApi.Controllers.AuthController.LoginCustomer (Urbeat.WebApi) - Validation state: Valid
Activity.Duration:           00:00:00.2121647
Activity.Tags:
    service.name: unknown_service:testhost
    server.address: localhost
    http.request.method: POST
    url.scheme: http
    url.path: /api/auth/register/seller
    network.protocol.version: 1.1
    http.route: api/auth/register/seller
    http.response.status_code: 201
Instrumentation scope (ActivitySource):
    Name: Microsoft.AspNetCore
Activity.TraceId:            dee7e263945f5f18b38050334cfdcc35
Resource associated with Activity:
Activity.SpanId:             e00320995ef7f6f0
    telemetry.sdk.name: opentelemetry
Activity.TraceFlags:         Recorded
    telemetry.sdk.language: dotnet
Activity.DisplayName:        POST api/admin/subscriptions/notifications/process
    telemetry.sdk.version: 1.14.0
    service.name: unknown_service:testhost
Activity.Kind:               Server
Activity.StartTime:          2026-06-08T01:29:10.0008954Z
Activity.TraceId:            d7a6c0329a6a6c04e8241d2c60e63a97
Activity.Duration:           00:00:00.2252915
Activity.TraceId:            9af6c6d7183447379d8cade1047c9493
Activity.Tags:
Activity.SpanId:             6d0e4734c8380bfc
Activity.SpanId:             19f5211576091b8c
    server.address: localhost
Activity.TraceFlags:         Recorded
    http.request.method: POST
Activity.TraceFlags:         Recorded
    url.scheme: http
Activity.DisplayName:        PATCH api/stores/{storeId}/delivery-config
    url.path: /api/admin/subscriptions/notifications/process
Activity.Kind:               Server
    network.protocol.version: 1.1
    http.route: api/admin/subscriptions/notifications/process
Activity.StartTime:          2026-06-08T01:29:10.1518334Z
    http.response.status_code: 204
Activity.Duration:           00:00:00.0738315
Instrumentation scope (ActivitySource):
Activity.Tags:
    Name: Microsoft.AspNetCore
    server.address: localhost
Resource associated with Activity:
    http.request.method: PATCH
    url.scheme: http
    telemetry.sdk.name: opentelemetry
    url.path: /api/stores/019ea4d9-12b8-7225-a1bb-29a4d79256dc/delivery-config
    telemetry.sdk.language: dotnet
    network.protocol.version: 1.1
    telemetry.sdk.version: 1.14.0
    http.route: api/stores/{storeId}/delivery-config
    service.name: unknown_service:testhost
    http.response.status_code: 200
Instrumentation scope (ActivitySource):
    Name: Microsoft.AspNetCore
Resource associated with Activity:
    telemetry.sdk.name: opentelemetry
Activity.TraceId:            dee7e263945f5f18b38050334cfdcc35
    telemetry.sdk.language: dotnet
Activity.SpanId:             e00320995ef7f6f0
    telemetry.sdk.version: 1.14.0
    service.name: unknown_service:testhost
Activity.TraceFlags:         Recorded
Activity.DisplayName:        POST api/admin/subscriptions/notifications/process
Activity.Kind:               Server
Activity.StartTime:          2026-06-08T01:29:10.0008954Z
Activity.Duration:           00:00:00.2252915
Activity.Tags:
    server.address: localhost
    http.request.method: POST
    url.scheme: http
    url.path: /api/admin/subscriptions/notifications/process
    network.protocol.version: 1.1
    http.route: api/admin/subscriptions/notifications/process
    http.response.status_code: 204
    service.name: unknown_service:testhost
Instrumentation scope (ActivitySource):
    Name: Microsoft.AspNetCore
Activity.TraceId:            bad3a778c5235fb6dce8ad0b4bc5accb
Resource associated with Activity:
Activity.DisplayName:        POST api/auth/register/seller
    telemetry.sdk.name: opentelemetry
Activity.Kind:               Server
    telemetry.sdk.language: dotnet
Activity.SpanId:             c9b4683da27b3b99
    telemetry.sdk.version: 1.14.0
Activity.TraceFlags:         Recorded
    service.name: unknown_service:testhost
Activity.DisplayName:        POST api/auth/register/customer
Activity.Kind:               Server
Activity.StartTime:          2026-06-08T01:29:10.0438571Z
Activity.TraceId:            dee7e263945f5f18b38050334cfdcc35
Activity.StartTime:          2026-06-08T01:29:10.0728103Z
Activity.Duration:           00:00:00.2121647
Activity.Duration:           00:00:00.1527354
Activity.Tags:
Activity.Tags:
    server.address: localhost
    server.address: localhost
    http.request.method: POST
    http.request.method: POST
[22:29:10 INF] Saved 1 entities to in-memory store.
    url.scheme: http
    url.path: /api/auth/register/seller
    network.protocol.version: 1.1
    url.scheme: http
    http.route: api/auth/register/seller
    url.path: /api/auth/register/customer
    http.response.status_code: 201
    network.protocol.version: 1.1
Instrumentation scope (ActivitySource):
    http.route: api/auth/register/customer
    Name: Microsoft.AspNetCore
    http.response.status_code: 201
Resource associated with Activity:
Instrumentation scope (ActivitySource):
    Name: Microsoft.AspNetCore
Resource associated with Activity:
    telemetry.sdk.name: opentelemetry
Activity.SpanId:             e00320995ef7f6f0
    telemetry.sdk.language: dotnet
    telemetry.sdk.name: opentelemetry
Activity.TraceFlags:         Recorded
    telemetry.sdk.version: 1.14.0
    telemetry.sdk.language: dotnet
    service.name: unknown_service:testhost
    telemetry.sdk.version: 1.14.0
Activity.DisplayName:        POST api/admin/subscriptions/notifications/process
Activity.Kind:               Server
[22:29:10 INF] Executing action method Urbeat.WebApi.Controllers.AuthController.RegisterCustomer (Urbeat.WebApi) - Validation state: Valid
Activity.TraceId:            9af6c6d7183447379d8cade1047c9493
Activity.TraceId:            d7a6c0329a6a6c04e8241d2c60e63a97
Activity.SpanId:             6d0e4734c8380bfc
Activity.SpanId:             19f5211576091b8c
Activity.TraceFlags:         Recorded
Activity.DisplayName:        PATCH api/stores/{storeId}/delivery-config
Activity.TraceFlags:         Recorded
Activity.Kind:               Server
Activity.DisplayName:        POST api/auth/register/seller
    service.name: unknown_service:testhost
Activity.Kind:               Server
Activity.StartTime:          2026-06-08T01:29:10.1518334Z
Activity.Duration:           00:00:00.0738315
Activity.StartTime:          2026-06-08T01:29:10.0438571Z
Activity.Tags:
Activity.Duration:           00:00:00.2121647
Activity.TraceId:            bad3a778c5235fb6dce8ad0b4bc5accb
    server.address: localhost
Activity.Tags:
Activity.SpanId:             c9b4683da27b3b99
    http.request.method: PATCH
Activity.TraceFlags:         Recorded
    url.scheme: http
    server.address: localhost
    http.request.method: POST
    url.path: /api/stores/019ea4d9-12b8-7225-a1bb-29a4d79256dc/delivery-config
    url.scheme: http
Activity.DisplayName:        POST api/auth/register/customer
    url.path: /api/auth/register/seller
    network.protocol.version: 1.1
    network.protocol.version: 1.1
    http.route: api/stores/{storeId}/delivery-config
Activity.Kind:               Server
    http.response.status_code: 200
    http.route: api/auth/register/seller
Activity.StartTime:          2026-06-08T01:29:10.0728103Z
Instrumentation scope (ActivitySource):
Activity.Duration:           00:00:00.1527354
    http.response.status_code: 201
Activity.Tags:
Instrumentation scope (ActivitySource):
    Name: Microsoft.AspNetCore
    Name: Microsoft.AspNetCore
    server.address: localhost
Resource associated with Activity:
    http.request.method: POST
Resource associated with Activity:
    telemetry.sdk.name: opentelemetry
    telemetry.sdk.name: opentelemetry
    telemetry.sdk.language: dotnet
    telemetry.sdk.language: dotnet
    url.scheme: http
    telemetry.sdk.version: 1.14.0
    telemetry.sdk.version: 1.14.0
    service.name: unknown_service:testhost
    url.path: /api/auth/register/customer
    service.name: unknown_service:testhost
    network.protocol.version: 1.1
    http.route: api/auth/register/customer
Activity.TraceId:            9af6c6d7183447379d8cade1047c9493
Activity.SpanId:             6d0e4734c8380bfc
    http.response.status_code: 201
Activity.TraceFlags:         Recorded
Instrumentation scope (ActivitySource):
Activity.StartTime:          2026-06-08T01:29:10.0008954Z
Activity.DisplayName:        PATCH api/stores/{storeId}/delivery-config
    Name: Microsoft.AspNetCore
Activity.Duration:           00:00:00.2252915
Activity.Kind:               Server
Activity.Tags:
Resource associated with Activity:
    server.address: localhost
    telemetry.sdk.name: opentelemetry
Activity.StartTime:          2026-06-08T01:29:10.1518334Z
    http.request.method: POST
Activity.Duration:           00:00:00.0738315
    url.scheme: http
Activity.Tags:
    url.path: /api/admin/subscriptions/notifications/process
    telemetry.sdk.language: dotnet
    network.protocol.version: 1.1
    telemetry.sdk.version: 1.14.0
    http.route: api/admin/subscriptions/notifications/process
    service.name: unknown_service:testhost
    server.address: localhost
    http.response.status_code: 204
Activity.TraceId:            bad3a778c5235fb6dce8ad0b4bc5accb
Instrumentation scope (ActivitySource):
    http.request.method: PATCH
    Name: Microsoft.AspNetCore
Activity.SpanId:             c9b4683da27b3b99
Resource associated with Activity:
Activity.TraceFlags:         Recorded
    telemetry.sdk.name: opentelemetry
Activity.DisplayName:        POST api/auth/register/customer
    telemetry.sdk.language: dotnet
Activity.Kind:               Server
Activity.TraceId:            d7a6c0329a6a6c04e8241d2c60e63a97
Activity.StartTime:          2026-06-08T01:29:10.0728103Z
Activity.Duration:           00:00:00.1527354
Activity.SpanId:             19f5211576091b8c
    url.scheme: http
Activity.TraceFlags:         Recorded
Activity.Tags:
    url.path: /api/stores/019ea4d9-12b8-7225-a1bb-29a4d79256dc/delivery-config
Activity.DisplayName:        POST api/auth/register/seller
    network.protocol.version: 1.1
Activity.Kind:               Server
    http.route: api/stores/{storeId}/delivery-config
Activity.StartTime:          2026-06-08T01:29:10.0438571Z
    http.response.status_code: 200
    server.address: localhost
Instrumentation scope (ActivitySource):
Activity.Duration:           00:00:00.2121647
    http.request.method: POST
Activity.Tags:
    Name: Microsoft.AspNetCore
    server.address: localhost
Resource associated with Activity:
    http.request.method: POST
    telemetry.sdk.name: opentelemetry
    url.scheme: http
    url.scheme: http
    url.path: /api/auth/register/customer
    telemetry.sdk.language: dotnet
    url.path: /api/auth/register/seller
    network.protocol.version: 1.1
    telemetry.sdk.version: 1.14.0
    http.route: api/auth/register/seller
    service.name: unknown_service:testhost
    network.protocol.version: 1.1
    http.response.status_code: 201
Instrumentation scope (ActivitySource):
    Name: Microsoft.AspNetCore
    http.route: api/auth/register/customer
Resource associated with Activity:
    http.response.status_code: 201
    telemetry.sdk.name: opentelemetry
Instrumentation scope (ActivitySource):
    Name: Microsoft.AspNetCore
Resource associated with Activity:
    telemetry.sdk.language: dotnet
    telemetry.sdk.name: opentelemetry
    telemetry.sdk.version: 1.14.0
    telemetry.sdk.language: dotnet
    service.name: unknown_service:testhost
    telemetry.sdk.version: 1.14.0
    service.name: unknown_service:testhost
Activity.TraceId:            d7a6c0329a6a6c04e8241d2c60e63a97
Activity.TraceId:            9af6c6d7183447379d8cade1047c9493
Activity.SpanId:             6d0e4734c8380bfc
Activity.TraceFlags:         Recorded
Activity.TraceId:            bad3a778c5235fb6dce8ad0b4bc5accb
    telemetry.sdk.version: 1.14.0
Activity.SpanId:             c9b4683da27b3b99
Activity.SpanId:             19f5211576091b8c
    service.name: unknown_service:testhost
Activity.TraceFlags:         Recorded
Activity.TraceFlags:         Recorded
Activity.DisplayName:        POST api/auth/register/seller
Activity.TraceId:            dee7e263945f5f18b38050334cfdcc35
Activity.DisplayName:        PATCH api/stores/{storeId}/delivery-config
Activity.DisplayName:        POST api/auth/register/customer
Activity.SpanId:             e00320995ef7f6f0
Activity.Kind:               Server
Activity.Kind:               Server
[22:29:10 INF] Executed action Urbeat.WebApi.Controllers.StoresController.UpsertBusinessHours (Urbeat.WebApi) in 108.4251ms
Activity.StartTime:          2026-06-08T01:29:10.0438571Z
Activity.StartTime:          2026-06-08T01:29:10.0728103Z
Activity.Kind:               Server
Activity.Duration:           00:00:00.1527354
Activity.Tags:
Activity.StartTime:          2026-06-08T01:29:10.1518334Z
    server.address: localhost
Activity.Duration:           00:00:00.0738315
    http.request.method: POST
Activity.Tags:
    url.scheme: http
Activity.Duration:           00:00:00.2121647
    url.path: /api/auth/register/customer
Activity.Tags:
    network.protocol.version: 1.1
    server.address: localhost
    server.address: localhost
    http.request.method: POST
    http.request.method: PATCH
    url.scheme: http
    url.scheme: http
    url.path: /api/stores/019ea4d9-12b8-7225-a1bb-29a4d79256dc/delivery-config
    http.route: api/auth/register/customer
    url.path: /api/auth/register/seller
    network.protocol.version: 1.1
    http.response.status_code: 201
    network.protocol.version: 1.1
Instrumentation scope (ActivitySource):
[22:29:10 INF] Executed endpoint 'Urbeat.WebApi.Controllers.StoresController.UpsertBusinessHours (Urbeat.WebApi)'
    Name: Microsoft.AspNetCore
Resource associated with Activity:
    http.route: api/auth/register/seller
    telemetry.sdk.name: opentelemetry
    http.response.status_code: 201
    telemetry.sdk.language: dotnet
Instrumentation scope (ActivitySource):
    telemetry.sdk.version: 1.14.0
    Name: Microsoft.AspNetCore
Resource associated with Activity:
    service.name: unknown_service:testhost
    telemetry.sdk.name: opentelemetry
    telemetry.sdk.language: dotnet
    telemetry.sdk.version: 1.14.0
Activity.TraceId:            bad3a778c5235fb6dce8ad0b4bc5accb
    service.name: unknown_service:testhost
Activity.SpanId:             c9b4683da27b3b99
Activity.TraceId:            d7a6c0329a6a6c04e8241d2c60e63a97
Activity.SpanId:             19f5211576091b8c
Activity.TraceFlags:         Recorded
Activity.TraceFlags:         Recorded
Activity.DisplayName:        POST api/auth/register/customer
Activity.TraceFlags:         Recorded
Activity.DisplayName:        POST api/admin/subscriptions/notifications/process
Activity.Kind:               Server
Activity.DisplayName:        POST api/auth/register/seller
Activity.Kind:               Server
[22:29:10 INF] Saved 1 entities to in-memory store.
Activity.StartTime:          2026-06-08T01:29:10.0728103Z
    http.route: api/stores/{storeId}/delivery-config
Activity.Duration:           00:00:00.1527354
Activity.Tags:
    http.response.status_code: 200
Activity.Kind:               Server
Instrumentation scope (ActivitySource):
    server.address: localhost
Activity.StartTime:          2026-06-08T01:29:10.0438571Z
    http.request.method: POST
    Name: Microsoft.AspNetCore
    url.scheme: http
Resource associated with Activity:
    url.path: /api/auth/register/customer
    telemetry.sdk.name: opentelemetry
    network.protocol.version: 1.1
    telemetry.sdk.language: dotnet
Activity.StartTime:          2026-06-08T01:29:10.0008954Z
    telemetry.sdk.version: 1.14.0
    http.route: api/auth/register/customer
    service.name: unknown_service:testhost
Activity.Duration:           00:00:00.2252915
    http.response.status_code: 201
Activity.Tags:
Instrumentation scope (ActivitySource):
    Name: Microsoft.AspNetCore
Resource associated with Activity:
    server.address: localhost
Activity.TraceId:            9af6c6d7183447379d8cade1047c9493
    http.request.method: POST
    telemetry.sdk.name: opentelemetry
Activity.SpanId:             6d0e4734c8380bfc
    url.scheme: http
Activity.TraceFlags:         Recorded
[22:29:10 INF] Server fabio-mobile:44964:5f6b9c7e is starting the registered dispatchers: ServerWatchdog, ServerJobCancellationWatcher, Worker, DelayedJobScheduler, RecurringJobScheduler...
    telemetry.sdk.language: dotnet
    telemetry.sdk.version: 1.14.0
    service.name: unknown_service:testhost
[22:29:10 INF] HTTP PUT /api/stores/019ea4d9-1271-78ad-b009-45688dfe7a80/business-hours responded 200 in 174.4621 ms
Activity.Duration:           00:00:00.2121647
Activity.Tags:
    server.address: localhost
    http.request.method: POST
    url.scheme: http
    url.path: /api/auth/register/seller
    url.path: /api/admin/subscriptions/notifications/process
[22:29:10 INF] Executing endpoint 'Urbeat.WebApi.Controllers.StoreCategoriesController.Update (Urbeat.WebApi)'
    network.protocol.version: 1.1
    network.protocol.version: 1.1
    http.route: api/admin/subscriptions/notifications/process
[22:29:10 INF] Saved 1 entities to in-memory store.
    http.response.status_code: 204
    http.route: api/auth/register/seller
Instrumentation scope (ActivitySource):
    Name: Microsoft.AspNetCore
Resource associated with Activity:
    http.response.status_code: 201
[22:29:10 INF] Executed action Urbeat.WebApi.Controllers.CustomerAddressesController.Create (Urbeat.WebApi) in 68.2755ms
Instrumentation scope (ActivitySource):
    telemetry.sdk.name: opentelemetry
    telemetry.sdk.language: dotnet
    Name: Microsoft.AspNetCore
    telemetry.sdk.version: 1.14.0
Resource associated with Activity:
    service.name: unknown_service:testhost
[22:29:10 INF] Route matched with {action = "List", controller = "PublicStores"}. Executing controller action with signature System.Threading.Tasks.Task`1[Microsoft.AspNetCore.Mvc.IActionResult] List(System.String, System.Threading.CancellationToken) on controller Urbeat.WebApi.Controllers.PublicStoresController (Urbeat.WebApi).
    telemetry.sdk.name: opentelemetry
    telemetry.sdk.language: dotnet
[22:29:10 WRN] Failed to determine the https port for redirect.
Activity.TraceId:            dee7e263945f5f18b38050334cfdcc35
    telemetry.sdk.version: 1.14.0
    service.name: unknown_service:testhost
Activity.SpanId:             e00320995ef7f6f0
Activity.TraceFlags:         Recorded
Activity.DisplayName:        POST api/admin/subscriptions/notifications/process
Activity.TraceId:            d7a6c0329a6a6c04e8241d2c60e63a97
Activity.Kind:               Server
Activity.SpanId:             19f5211576091b8c
Activity.TraceFlags:         Recorded
Activity.StartTime:          2026-06-08T01:29:10.0008954Z
Activity.DisplayName:        POST api/auth/register/seller
Activity.Duration:           00:00:00.2252915
Activity.Kind:               Server
Activity.Tags:
    server.address: localhost
    http.request.method: POST
    url.scheme: http
Activity.StartTime:          2026-06-08T01:29:10.0438571Z
    url.path: /api/admin/subscriptions/notifications/process
Activity.Duration:           00:00:00.2121647
    network.protocol.version: 1.1
Activity.Tags:
    http.route: api/admin/subscriptions/notifications/process
[22:29:10 INF] Executed endpoint 'Urbeat.WebApi.Controllers.CustomerAddressesController.Create (Urbeat.WebApi)'
    server.address: localhost
    http.request.method: POST
    url.scheme: http
    http.response.status_code: 204
    url.path: /api/auth/register/seller
Instrumentation scope (ActivitySource):
    network.protocol.version: 1.1
    Name: Microsoft.AspNetCore
Resource associated with Activity:
    http.route: api/auth/register/seller
    http.response.status_code: 201
Instrumentation scope (ActivitySource):
    Name: Microsoft.AspNetCore
    telemetry.sdk.name: opentelemetry
    telemetry.sdk.language: dotnet
    telemetry.sdk.version: 1.14.0
Resource associated with Activity:
    service.name: unknown_service:testhost
    telemetry.sdk.name: opentelemetry
    telemetry.sdk.language: dotnet
    telemetry.sdk.version: 1.14.0
    service.name: unknown_service:testhost
Activity.TraceId:            d7a6c0329a6a6c04e8241d2c60e63a97
Activity.SpanId:             19f5211576091b8c
Activity.TraceFlags:         Recorded
Activity.DisplayName:        POST api/auth/register/seller
Activity.Kind:               Server
Activity.StartTime:          2026-06-08T01:29:10.0438571Z
Activity.Duration:           00:00:00.2121647
Activity.Tags:
Activity.TraceId:            bad3a778c5235fb6dce8ad0b4bc5accb
    server.address: localhost
Activity.SpanId:             c9b4683da27b3b99
    http.request.method: POST
Activity.TraceFlags:         Recorded
    url.scheme: http
Activity.DisplayName:        POST api/auth/register/customer
Activity.Kind:               Server
    url.path: /api/auth/register/seller
    network.protocol.version: 1.1
Activity.StartTime:          2026-06-08T01:29:10.0728103Z
    http.route: api/auth/register/seller
Activity.Duration:           00:00:00.1527354
    http.response.status_code: 201
Activity.Tags:
Instrumentation scope (ActivitySource):
    Name: Microsoft.AspNetCore
Activity.DisplayName:        PATCH api/stores/{storeId}/delivery-config
Resource associated with Activity:
    server.address: localhost
[22:29:10 INF] HTTP POST /api/customer/addresses responded 201 in 143.2044 ms
    http.request.method: POST
    url.scheme: http
Activity.Kind:               Server
    url.path: /api/auth/register/customer
[22:29:10 INF] Request finished HTTP/1.1 PUT http://localhost/api/stores/019ea4d9-1271-78ad-b009-45688dfe7a80/business-hours - 200 null application/json; charset=utf-8 243.374ms
    network.protocol.version: 1.1
Activity.StartTime:          2026-06-08T01:29:10.1518334Z
[22:29:10 INF] Saved 1 entities to in-memory store.
    http.route: api/auth/register/customer
Activity.Duration:           00:00:00.0738315
    http.response.status_code: 201
Activity.Tags:
Instrumentation scope (ActivitySource):
    server.address: localhost
    Name: Microsoft.AspNetCore
Resource associated with Activity:
    http.request.method: PATCH
    telemetry.sdk.name: opentelemetry
    url.scheme: http
    telemetry.sdk.language: dotnet
    url.path: /api/stores/019ea4d9-12b8-7225-a1bb-29a4d79256dc/delivery-config
    telemetry.sdk.version: 1.14.0
    network.protocol.version: 1.1
    service.name: unknown_service:testhost
    http.route: api/stores/{storeId}/delivery-config
    http.response.status_code: 200
Activity.TraceId:            bad3a778c5235fb6dce8ad0b4bc5accb
Activity.SpanId:             c9b4683da27b3b99
Instrumentation scope (ActivitySource):
Activity.TraceFlags:         Recorded
    Name: Microsoft.AspNetCore
Activity.DisplayName:        POST api/auth/register/customer
Resource associated with Activity:
Activity.Kind:               Server
    telemetry.sdk.name: opentelemetry
    telemetry.sdk.language: dotnet
Activity.StartTime:          2026-06-08T01:29:10.0728103Z
    telemetry.sdk.version: 1.14.0
Activity.Duration:           00:00:00.1527354
    service.name: unknown_service:testhost
Activity.Tags:
    server.address: localhost
    http.request.method: POST
    url.scheme: http
Activity.TraceId:            9af6c6d7183447379d8cade1047c9493
Activity.SpanId:             6d0e4734c8380bfc
Activity.TraceFlags:         Recorded
    url.path: /api/auth/register/customer
    network.protocol.version: 1.1
    http.route: api/auth/register/customer
Activity.DisplayName:        PATCH api/stores/{storeId}/delivery-config
    http.response.status_code: 201
Activity.Kind:               Server
Instrumentation scope (ActivitySource):
    Name: Microsoft.AspNetCore
Activity.StartTime:          2026-06-08T01:29:10.1518334Z
Resource associated with Activity:
[22:29:10 INF] Request finished HTTP/1.1 POST http://localhost/api/customer/addresses - 201 null application/json; charset=utf-8 185.186ms
Activity.Duration:           00:00:00.0738315
    telemetry.sdk.name: opentelemetry
Activity.Tags:
    telemetry.sdk.language: dotnet
    server.address: localhost
    telemetry.sdk.version: 1.14.0
    http.request.method: PATCH
    service.name: unknown_service:testhost
    url.scheme: http
    url.path: /api/stores/019ea4d9-12b8-7225-a1bb-29a4d79256dc/delivery-config
    network.protocol.version: 1.1
    http.route: api/stores/{storeId}/delivery-config
    http.response.status_code: 200
Instrumentation scope (ActivitySource):
    Name: Microsoft.AspNetCore
Resource associated with Activity:
    telemetry.sdk.name: opentelemetry
    telemetry.sdk.language: dotnet
    telemetry.sdk.version: 1.14.0
    service.name: unknown_service:testhost
Activity.TraceId:            9af6c6d7183447379d8cade1047c9493
Activity.SpanId:             6d0e4734c8380bfc
Activity.TraceFlags:         Recorded
Activity.DisplayName:        PATCH api/stores/{storeId}/delivery-config
Activity.Kind:               Server
Activity.TraceId:            058d45cc990b17fecda80fb683ed13b6
Activity.StartTime:          2026-06-08T01:29:10.1518334Z
Activity.SpanId:             9b0a679d2f167fd8
Activity.Duration:           00:00:00.0738315
Activity.TraceFlags:         Recorded
Activity.Tags:
Activity.DisplayName:        PUT api/stores/{storeId}/business-hours
    server.address: localhost
Activity.Kind:               Server
    http.request.method: PATCH
    url.scheme: http
    url.path: /api/stores/019ea4d9-12b8-7225-a1bb-29a4d79256dc/delivery-config
    network.protocol.version: 1.1
Activity.StartTime:          2026-06-08T01:29:10.0487762Z
Activity.Duration:           00:00:00.2435458
Activity.Tags:
    http.route: api/stores/{storeId}/delivery-config
[22:29:10 INF] Executing endpoint 'Urbeat.WebApi.Controllers.AuthController.RegisterSeller (Urbeat.WebApi)'
    http.response.status_code: 200
    server.address: localhost
Instrumentation scope (ActivitySource):
    Name: Microsoft.AspNetCore
Resource associated with Activity:
    http.request.method: PUT
    url.scheme: http
    telemetry.sdk.name: opentelemetry
    url.path: /api/stores/019ea4d9-1271-78ad-b009-45688dfe7a80/business-hours
    network.protocol.version: 1.1
    telemetry.sdk.language: dotnet
    http.route: api/stores/{storeId}/business-hours
    telemetry.sdk.version: 1.14.0
    http.response.status_code: 200
    service.name: unknown_service:testhost
Instrumentation scope (ActivitySource):
    Name: Microsoft.AspNetCore
Resource associated with Activity:
    telemetry.sdk.name: opentelemetry
    telemetry.sdk.language: dotnet
    telemetry.sdk.version: 1.14.0
    service.name: unknown_service:testhost
    telemetry.sdk.name: opentelemetry
Activity.TraceId:            058d45cc990b17fecda80fb683ed13b6
    telemetry.sdk.language: dotnet
Activity.SpanId:             9b0a679d2f167fd8
    telemetry.sdk.version: 1.14.0
Activity.TraceFlags:         Recorded
Activity.DisplayName:        PUT api/stores/{storeId}/business-hours
    service.name: unknown_service:testhost
Activity.Kind:               Server
Activity.TraceId:            d7a6c0329a6a6c04e8241d2c60e63a97
Activity.StartTime:          2026-06-08T01:29:10.0487762Z
Activity.TraceId:            601a82cee9f2c783ca5936348e62a961
Activity.SpanId:             19f5211576091b8c
Activity.SpanId:             ca460ff7d61fcaa5
Activity.Duration:           00:00:00.2435458
Activity.TraceFlags:         Recorded
Activity.TraceFlags:         Recorded
[22:29:10 INF] Request starting HTTP/1.1 GET http://localhost/api/stores/019ea4d9-1271-78ad-b009-45688dfe7a80/business-hours - null null
Activity.DisplayName:        POST api/auth/register/seller
Activity.DisplayName:        POST api/customer/addresses
Activity.Kind:               Server
Activity.Kind:               Server
Activity.StartTime:          2026-06-08T01:29:10.0438571Z
Activity.StartTime:          2026-06-08T01:29:10.1071050Z
Activity.Duration:           00:00:00.2121647
[22:29:10 INF] Request starting HTTP/1.1 POST http://localhost/api/auth/login/seller - application/json; charset=utf-8 null
Activity.Duration:           00:00:00.1853341
Activity.Tags:
Activity.Tags:
[22:29:10 INF] Executing action method Urbeat.WebApi.Controllers.PublicStoresController.List (Urbeat.WebApi) - Validation state: Valid
    server.address: localhost
    server.address: localhost
    http.request.method: POST
    http.request.method: POST
    url.scheme: http
    url.scheme: http
    url.path: /api/customer/addresses
    url.path: /api/auth/register/seller
    network.protocol.version: 1.1
    network.protocol.version: 1.1
    http.route: api/auth/register/seller
    http.response.status_code: 201
    http.route: api/customer/addresses
Instrumentation scope (ActivitySource):
    Name: Microsoft.AspNetCore
    http.response.status_code: 201
Resource associated with Activity:
Instrumentation scope (ActivitySource):
    telemetry.sdk.name: opentelemetry
    Name: Microsoft.AspNetCore
    telemetry.sdk.language: dotnet
Resource associated with Activity:
    telemetry.sdk.version: 1.14.0
    service.name: unknown_service:testhost
    telemetry.sdk.name: opentelemetry
    telemetry.sdk.language: dotnet
Activity.TraceId:            d7a6c0329a6a6c04e8241d2c60e63a97
    telemetry.sdk.version: 1.14.0
Activity.SpanId:             19f5211576091b8c
    service.name: unknown_service:testhost
Activity.TraceFlags:         Recorded
Activity.DisplayName:        POST api/auth/register/seller
Activity.TraceId:            601a82cee9f2c783ca5936348e62a961
Activity.Kind:               Server
Activity.SpanId:             ca460ff7d61fcaa5
Activity.StartTime:          2026-06-08T01:29:10.0438571Z
Activity.TraceFlags:         Recorded
Activity.Duration:           00:00:00.2121647
Activity.DisplayName:        POST api/customer/addresses
Activity.Tags:
Activity.Kind:               Server
    server.address: localhost
    http.request.method: POST
    url.scheme: http
Activity.StartTime:          2026-06-08T01:29:10.1071050Z
    url.path: /api/auth/register/seller
Activity.Duration:           00:00:00.1853341
    network.protocol.version: 1.1
Activity.Tags:
    http.route: api/auth/register/seller
    server.address: localhost
    http.response.status_code: 201
    http.request.method: POST
Instrumentation scope (ActivitySource):
    url.scheme: http
    Name: Microsoft.AspNetCore
Resource associated with Activity:
    url.path: /api/customer/addresses
    telemetry.sdk.name: opentelemetry
    network.protocol.version: 1.1
    telemetry.sdk.language: dotnet
    http.route: api/customer/addresses
    telemetry.sdk.version: 1.14.0
    http.response.status_code: 201
    service.name: unknown_service:testhost
Instrumentation scope (ActivitySource):
    Name: Microsoft.AspNetCore
Resource associated with Activity:
    telemetry.sdk.name: opentelemetry
    telemetry.sdk.language: dotnet
    telemetry.sdk.version: 1.14.0
    service.name: unknown_service:testhost
Activity.TraceId:            601a82cee9f2c783ca5936348e62a961
Activity.SpanId:             ca460ff7d61fcaa5
Activity.TraceFlags:         Recorded
Activity.DisplayName:        POST api/customer/addresses
Activity.Kind:               Server
Activity.StartTime:          2026-06-08T01:29:10.1071050Z
Activity.Duration:           00:00:00.1853341
Activity.Tags:
    server.address: localhost
    http.request.method: POST
    url.scheme: http
    url.path: /api/customer/addresses
    network.protocol.version: 1.1
    http.route: api/customer/addresses
    http.response.status_code: 201
Instrumentation scope (ActivitySource):
    Name: Microsoft.AspNetCore
Resource associated with Activity:
[22:29:10 INF] Request starting HTTP/1.1 POST http://localhost/api/orders - application/json; charset=utf-8 null
[22:29:10 INF] Executing endpoint 'Urbeat.WebApi.Controllers.AuthController.LoginSeller (Urbeat.WebApi)'
[22:29:10 INF] Route matched with {action = "LoginSeller", controller = "Auth"}. Executing controller action with signature System.Threading.Tasks.Task`1[Microsoft.AspNetCore.Mvc.IActionResult] LoginSeller(Urbeat.Application.DTOs.LoginRequestDto, System.Threading.CancellationToken) on controller Urbeat.WebApi.Controllers.AuthController (Urbeat.WebApi).
Activity.Tags:
    telemetry.sdk.name: opentelemetry
    telemetry.sdk.language: dotnet
    telemetry.sdk.version: 1.14.0
    service.name: unknown_service:testhost
    server.address: localhost
    http.request.method: PUT
    url.scheme: http
    url.path: /api/stores/019ea4d9-1271-78ad-b009-45688dfe7a80/business-hours
    network.protocol.version: 1.1
    http.route: api/stores/{storeId}/business-hours
    http.response.status_code: 200
Instrumentation scope (ActivitySource):
    Name: Microsoft.AspNetCore
Resource associated with Activity:
    telemetry.sdk.name: opentelemetry
    telemetry.sdk.language: dotnet
    telemetry.sdk.version: 1.14.0
    service.name: unknown_service:testhost
Activity.TraceId:            058d45cc990b17fecda80fb683ed13b6
Activity.SpanId:             9b0a679d2f167fd8
Activity.TraceId:            601a82cee9f2c783ca5936348e62a961
Activity.TraceFlags:         Recorded
Activity.DisplayName:        PUT api/stores/{storeId}/business-hours
Activity.Kind:               Server
Activity.SpanId:             ca460ff7d61fcaa5
Activity.TraceFlags:         Recorded
Activity.StartTime:          2026-06-08T01:29:10.0487762Z
Activity.DisplayName:        POST api/customer/addresses
Activity.Duration:           00:00:00.2435458
Activity.Kind:               Server
[22:29:10 INF] Executing endpoint 'Urbeat.WebApi.Controllers.StoresController.GetBusinessHours (Urbeat.WebApi)'
Activity.StartTime:          2026-06-08T01:29:10.1071050Z
[22:29:10 INF] Saved 2 entities to in-memory store.
Activity.Duration:           00:00:00.1853341
Activity.Tags:
    server.address: localhost
    http.request.method: POST
[22:29:10 INF] Executed action method Urbeat.WebApi.Controllers.StoreCategoriesController.Create (Urbeat.WebApi), returned result Microsoft.AspNetCore.Mvc.ObjectResult in 37.5437ms.
    url.scheme: http
    url.path: /api/customer/addresses
    network.protocol.version: 1.1
    http.route: api/customer/addresses
    http.response.status_code: 201
Instrumentation scope (ActivitySource):
    Name: Microsoft.AspNetCore
Resource associated with Activity:
    telemetry.sdk.name: opentelemetry
    telemetry.sdk.language: dotnet
    telemetry.sdk.version: 1.14.0
    service.name: unknown_service:testhost
Activity.TraceId:            601a82cee9f2c783ca5936348e62a961
Activity.SpanId:             ca460ff7d61fcaa5
Activity.TraceFlags:         Recorded
Activity.DisplayName:        POST api/customer/addresses
Activity.Kind:               Server
Activity.StartTime:          2026-06-08T01:29:10.1071050Z
Activity.Duration:           00:00:00.1853341
Activity.Tags:
    server.address: localhost
    http.request.method: POST
    url.scheme: http
    url.path: /api/customer/addresses
    network.protocol.version: 1.1
    http.route: api/customer/addresses
    http.response.status_code: 201
Instrumentation scope (ActivitySource):
    Name: Microsoft.AspNetCore
Resource associated with Activity:
    telemetry.sdk.name: opentelemetry
    telemetry.sdk.language: dotnet
    telemetry.sdk.version: 1.14.0
    service.name: unknown_service:testhost
Activity.Tags:
    server.address: localhost
    http.request.method: PUT
    url.scheme: http
    url.path: /api/stores/019ea4d9-1271-78ad-b009-45688dfe7a80/business-hours
    network.protocol.version: 1.1
[22:29:10 INF] Saved 1 entities to in-memory store.
    http.route: api/stores/{storeId}/business-hours
    http.response.status_code: 200
Instrumentation scope (ActivitySource):
    Name: Microsoft.AspNetCore
Resource associated with Activity:
[22:29:10 INF] Executing ObjectResult, writing value of type 'Urbeat.Application.DTOs.ProductCategoryResponseDto'.
    telemetry.sdk.name: opentelemetry
    telemetry.sdk.language: dotnet
    telemetry.sdk.version: 1.14.0
    service.name: unknown_service:testhost
[22:29:10 INF] SellerRegistered | Registration succeeded | UserId=019ea4d9-1350-767d-9497-9aa0f5a0cc3d | Email=store.search.b243a3d9025d41eba1cb11838c143429@urbeat.local | Role=Seller
Activity.TraceId:            058d45cc990b17fecda80fb683ed13b6
Activity.SpanId:             9b0a679d2f167fd8
Activity.TraceId:            601a82cee9f2c783ca5936348e62a961
Activity.TraceFlags:         Recorded
Activity.SpanId:             ca460ff7d61fcaa5
Activity.TraceFlags:         Recorded
Activity.DisplayName:        POST api/customer/addresses
Activity.Kind:               Server
Activity.StartTime:          2026-06-08T01:29:10.1071050Z
Activity.Duration:           00:00:00.1853341
Activity.DisplayName:        PUT api/stores/{storeId}/business-hours
Activity.Tags:
Activity.Kind:               Server
    server.address: localhost
    http.request.method: POST
[22:29:10 INF] Executing action method Urbeat.WebApi.Controllers.AuthController.LoginSeller (Urbeat.WebApi) - Validation state: Valid
Activity.StartTime:          2026-06-08T01:29:10.0487762Z
    url.scheme: http
Activity.Duration:           00:00:00.2435458
    url.path: /api/customer/addresses
Activity.Tags:
    network.protocol.version: 1.1
    server.address: localhost
    http.route: api/customer/addresses
    http.request.method: PUT
    url.scheme: http
    url.path: /api/stores/019ea4d9-1271-78ad-b009-45688dfe7a80/business-hours
    network.protocol.version: 1.1
Activity.TraceId:            9af6c6d7183447379d8cade1047c9493
    http.route: api/stores/{storeId}/business-hours
Activity.SpanId:             6d0e4734c8380bfc
    http.response.status_code: 200
Activity.TraceFlags:         Recorded
Activity.DisplayName:        PATCH api/stores/{storeId}/delivery-config
    http.response.status_code: 201
Activity.Kind:               Server
Instrumentation scope (ActivitySource):
Instrumentation scope (ActivitySource):
    Name: Microsoft.AspNetCore
Activity.StartTime:          2026-06-08T01:29:10.1518334Z
Resource associated with Activity:
Activity.Duration:           00:00:00.0738315
    Name: Microsoft.AspNetCore
Activity.Tags:
    telemetry.sdk.name: opentelemetry
Resource associated with Activity:
    server.address: localhost
    telemetry.sdk.name: opentelemetry
    http.request.method: PATCH
    telemetry.sdk.language: dotnet
    url.scheme: http
    telemetry.sdk.language: dotnet
    url.path: /api/stores/019ea4d9-12b8-7225-a1bb-29a4d79256dc/delivery-config
    telemetry.sdk.version: 1.14.0
    network.protocol.version: 1.1
    telemetry.sdk.version: 1.14.0
    http.route: api/stores/{storeId}/delivery-config
    service.name: unknown_service:testhost
    service.name: unknown_service:testhost
    http.response.status_code: 200
Instrumentation scope (ActivitySource):
    Name: Microsoft.AspNetCore
[22:29:10 INF] Executing endpoint 'Urbeat.WebApi.Controllers.OrdersController.Create (Urbeat.WebApi)'
Resource associated with Activity:
Activity.TraceId:            601a82cee9f2c783ca5936348e62a961
Activity.TraceId:            058d45cc990b17fecda80fb683ed13b6
    telemetry.sdk.name: opentelemetry
Activity.SpanId:             ca460ff7d61fcaa5
    telemetry.sdk.language: dotnet
Activity.TraceFlags:         Recorded
    telemetry.sdk.version: 1.14.0
[22:29:10 INF] Executed action method Urbeat.WebApi.Controllers.AuthController.RegisterSeller (Urbeat.WebApi), returned result Microsoft.AspNetCore.Mvc.ObjectResult in 69.6448ms.
    service.name: unknown_service:testhost
Activity.DisplayName:        POST api/customer/addresses
Activity.Kind:               Server
[22:29:10 INF] EMAIL_CONFIRM_JOB_STARTED | Sending confirmation email | UserId=019ea4d9-1350-767d-9497-9aa0f5a0cc3d
Activity.SpanId:             9b0a679d2f167fd8
Activity.StartTime:          2026-06-08T01:29:10.1071050Z
Activity.TraceFlags:         Recorded
Activity.DisplayName:        PUT api/stores/{storeId}/business-hours
Activity.Kind:               Server
[22:29:10 INF] Executed action Urbeat.WebApi.Controllers.StoreCategoriesController.Create (Urbeat.WebApi) in 70.2558ms
Activity.Duration:           00:00:00.1853341
Activity.TraceId:            9af6c6d7183447379d8cade1047c9493
Activity.Tags:
Activity.StartTime:          2026-06-08T01:29:10.0487762Z
Activity.Duration:           00:00:00.2435458
Activity.SpanId:             6d0e4734c8380bfc
Activity.Tags:
Activity.TraceFlags:         Recorded
    server.address: localhost
Activity.DisplayName:        PATCH api/stores/{storeId}/delivery-config
    server.address: localhost
    http.request.method: PUT
[22:29:10 INF] Route matched with {action = "Update", controller = "StoreCategories"}. Executing controller action with signature System.Threading.Tasks.Task`1[Microsoft.AspNetCore.Mvc.IActionResult] Update(System.Guid, Urbeat.Application.DTOs.UpdateProductCategoryRequestDto, System.Threading.CancellationToken) on controller Urbeat.WebApi.Controllers.StoreCategoriesController (Urbeat.WebApi).
    url.scheme: http
    url.path: /api/stores/019ea4d9-1271-78ad-b009-45688dfe7a80/business-hours
    network.protocol.version: 1.1
    http.route: api/stores/{storeId}/business-hours
    http.response.status_code: 200
Activity.Kind:               Server
Instrumentation scope (ActivitySource):
    Name: Microsoft.AspNetCore
Resource associated with Activity:
Activity.StartTime:          2026-06-08T01:29:10.1518334Z
    telemetry.sdk.name: opentelemetry
    http.request.method: POST
[22:29:10 INF] Server fabio-mobile:44964:5f6b9c7e all the dispatchers started
Activity.Duration:           00:00:00.0738315
    telemetry.sdk.language: dotnet
    telemetry.sdk.version: 1.14.0
Activity.Tags:
    service.name: unknown_service:testhost
    server.address: localhost
    http.request.method: PATCH
    url.scheme: http
[22:29:10 INF] Executed endpoint 'Urbeat.WebApi.Controllers.StoreCategoriesController.Create (Urbeat.WebApi)'
Activity.TraceId:            058d45cc990b17fecda80fb683ed13b6
    url.scheme: http
    url.path: /api/stores/019ea4d9-12b8-7225-a1bb-29a4d79256dc/delivery-config
    url.path: /api/customer/addresses
    network.protocol.version: 1.1
    network.protocol.version: 1.1
Activity.SpanId:             9b0a679d2f167fd8
    http.route: api/customer/addresses
    http.response.status_code: 201
Instrumentation scope (ActivitySource):
    Name: Microsoft.AspNetCore
    http.route: api/stores/{storeId}/delivery-config
    http.response.status_code: 200
Activity.TraceFlags:         Recorded
Instrumentation scope (ActivitySource):
Activity.DisplayName:        PUT api/stores/{storeId}/business-hours
    Name: Microsoft.AspNetCore
Activity.Kind:               Server
Resource associated with Activity:
Activity.StartTime:          2026-06-08T01:29:10.0487762Z
Activity.Duration:           00:00:00.2435458
    telemetry.sdk.name: opentelemetry
Activity.Tags:
Resource associated with Activity:
    server.address: localhost
    http.request.method: PUT
    telemetry.sdk.language: dotnet
    url.scheme: http
    telemetry.sdk.name: opentelemetry
    telemetry.sdk.version: 1.14.0
    telemetry.sdk.language: dotnet
    url.path: /api/stores/019ea4d9-1271-78ad-b009-45688dfe7a80/business-hours
    service.name: unknown_service:testhost
    telemetry.sdk.version: 1.14.0
    network.protocol.version: 1.1
    service.name: unknown_service:testhost
    http.route: api/stores/{storeId}/business-hours
Activity.TraceId:            9af6c6d7183447379d8cade1047c9493
    http.response.status_code: 200
Activity.TraceId:            601a82cee9f2c783ca5936348e62a961
Instrumentation scope (ActivitySource):
[22:29:10 INF] Route matched with {action = "GetBusinessHours", controller = "Stores"}. Executing controller action with signature System.Threading.Tasks.Task`1[Microsoft.AspNetCore.Mvc.IActionResult] GetBusinessHours(System.Guid, System.Threading.CancellationToken) on controller Urbeat.WebApi.Controllers.StoresController (Urbeat.WebApi).
    Name: Microsoft.AspNetCore
Resource associated with Activity:
    telemetry.sdk.name: opentelemetry
[22:29:10 INF] Executed action method Urbeat.WebApi.Controllers.PublicStoresController.List (Urbeat.WebApi), returned result Microsoft.AspNetCore.Mvc.OkObjectResult in 15.6241ms.
Activity.SpanId:             ca460ff7d61fcaa5
[22:29:10 INF] HTTP POST /api/stores/019ea4d9-12d9-7426-a3c6-60f0ee044707/categories responded 201 in 179.7235 ms
Activity.TraceFlags:         Recorded
Activity.DisplayName:        POST api/customer/addresses
[22:29:10 INF] Saved 1 entities to in-memory store.
Activity.SpanId:             6d0e4734c8380bfc
Activity.Kind:               Server
Activity.TraceFlags:         Recorded
Activity.DisplayName:        PATCH api/stores/{storeId}/delivery-config
Activity.Kind:               Server
Activity.StartTime:          2026-06-08T01:29:10.1071050Z
Activity.StartTime:          2026-06-08T01:29:10.1518334Z
    telemetry.sdk.language: dotnet
[22:29:10 INF] Saved 1 entities to in-memory store.
    telemetry.sdk.version: 1.14.0
Activity.Duration:           00:00:00.0738315
    service.name: unknown_service:testhost
Activity.Tags:
    server.address: localhost
Activity.TraceId:            058d45cc990b17fecda80fb683ed13b6
    http.request.method: PATCH
Activity.SpanId:             9b0a679d2f167fd8
Activity.Duration:           00:00:00.1853341
    url.scheme: http
Activity.TraceFlags:         Recorded
Activity.Tags:
    url.path: /api/stores/019ea4d9-12b8-7225-a1bb-29a4d79256dc/delivery-config
    network.protocol.version: 1.1
    server.address: localhost
Activity.DisplayName:        PUT api/stores/{storeId}/business-hours
    http.request.method: POST
Activity.Kind:               Server
    http.route: api/stores/{storeId}/delivery-config
    url.scheme: http
    http.response.status_code: 200
Activity.StartTime:          2026-06-08T01:29:10.0487762Z
[22:29:10 INF] USER_LOGGED_IN | Login succeeded | UserId=019ea4d9-12d9-78cf-9cd0-0532ab170c8d | Email=checkout.customer.6b4c3c95c4f047049748b66f11a4375b@urbeat.local | Role=Customer | IP=null
    url.path: /api/customer/addresses
Instrumentation scope (ActivitySource):
    Name: Microsoft.AspNetCore
    network.protocol.version: 1.1
Resource associated with Activity:
    http.route: api/customer/addresses
    telemetry.sdk.name: opentelemetry
    http.response.status_code: 201
Instrumentation scope (ActivitySource):
    Name: Microsoft.AspNetCore
Activity.Duration:           00:00:00.2435458
    telemetry.sdk.language: dotnet
Activity.Tags:
[22:29:10 INF] Route matched with {action = "RegisterSeller", controller = "Auth"}. Executing controller action with signature System.Threading.Tasks.Task`1[Microsoft.AspNetCore.Mvc.IActionResult] RegisterSeller(Urbeat.Application.DTOs.RegisterUserRequestDto, System.Threading.CancellationToken) on controller Urbeat.WebApi.Controllers.AuthController (Urbeat.WebApi).
    telemetry.sdk.version: 1.14.0
[22:29:10 INF] Executing OkObjectResult, writing value of type 'System.Collections.Generic.List`1[[Urbeat.Application.DTOs.StorePublicListItemDto, Urbeat.Application, Version=1.0.0.0, Culture=neutral, PublicKeyToken=null]]'.
    server.address: localhost
[22:29:10 INF] Request finished HTTP/1.1 POST http://localhost/api/stores/019ea4d9-12d9-7426-a3c6-60f0ee044707/categories - 201 null application/json; charset=utf-8 180.3927ms
    http.request.method: PUT
    url.scheme: http
[22:29:10 INF] Executing ObjectResult, writing value of type '<>f__AnonymousType2`3[[System.Nullable`1[[System.Guid, System.Private.CoreLib, Version=9.0.0.0, Culture=neutral, PublicKeyToken=7cec85d7bea7798e]], System.Private.CoreLib, Version=9.0.0.0, Culture=neutral, PublicKeyToken=7cec85d7bea7798e],[System.Boolean, System.Private.CoreLib, Version=9.0.0.0, Culture=neutral, PublicKeyToken=7cec85d7bea7798e],[System.String, System.Private.CoreLib, Version=9.0.0.0, Culture=neutral, PublicKeyToken=7cec85d7bea7798e]]'.
    url.path: /api/stores/019ea4d9-1271-78ad-b009-45688dfe7a80/business-hours
    network.protocol.version: 1.1
Resource associated with Activity:
    http.route: api/stores/{storeId}/business-hours
    telemetry.sdk.name: opentelemetry
    http.response.status_code: 200
    telemetry.sdk.language: dotnet
Instrumentation scope (ActivitySource):
    telemetry.sdk.version: 1.14.0
    Name: Microsoft.AspNetCore
    service.name: unknown_service:testhost
Resource associated with Activity:
    telemetry.sdk.name: opentelemetry
    telemetry.sdk.language: dotnet
    telemetry.sdk.version: 1.14.0
    service.name: unknown_service:testhost
Activity.TraceId:            601a82cee9f2c783ca5936348e62a961
Activity.SpanId:             ca460ff7d61fcaa5
Activity.TraceId:            058d45cc990b17fecda80fb683ed13b6
Activity.TraceFlags:         Recorded
Activity.SpanId:             9b0a679d2f167fd8
Activity.TraceFlags:         Recorded
Activity.DisplayName:        PUT api/stores/{storeId}/business-hours
Activity.Kind:               Server
Activity.DisplayName:        POST api/customer/addresses
Activity.StartTime:          2026-06-08T01:29:10.0487762Z
Activity.Kind:               Server
Activity.Duration:           00:00:00.2435458
Activity.Tags:
    server.address: localhost
Activity.StartTime:          2026-06-08T01:29:10.1071050Z
    http.request.method: PUT
Activity.Duration:           00:00:00.1853341
    url.scheme: http
Activity.Tags:
    url.path: /api/stores/019ea4d9-1271-78ad-b009-45688dfe7a80/business-hours
    server.address: localhost
    network.protocol.version: 1.1
    http.request.method: POST
[22:29:10 INF] Saved 1 entities to in-memory store.
    url.scheme: http
    http.route: api/stores/{storeId}/business-hours
    url.path: /api/customer/addresses
    http.response.status_code: 200
    network.protocol.version: 1.1
Instrumentation scope (ActivitySource):
    http.route: api/customer/addresses
    Name: Microsoft.AspNetCore
Resource associated with Activity:
    http.response.status_code: 201
    telemetry.sdk.name: opentelemetry
Instrumentation scope (ActivitySource):
    telemetry.sdk.language: dotnet
    Name: Microsoft.AspNetCore
    telemetry.sdk.version: 1.14.0
Resource associated with Activity:
[22:29:10 INF] Executed action Urbeat.WebApi.Controllers.AuthController.RegisterSeller (Urbeat.WebApi) in 140.6477ms
    telemetry.sdk.name: opentelemetry
    service.name: unknown_service:testhost
    telemetry.sdk.language: dotnet
    telemetry.sdk.version: 1.14.0
    service.name: unknown_service:testhost
    service.name: unknown_service:testhost
[22:29:10 INF] Executed endpoint 'Urbeat.WebApi.Controllers.AuthController.RegisterSeller (Urbeat.WebApi)'
[22:29:10 INF] Executed action method Urbeat.WebApi.Controllers.AuthController.LoginCustomer (Urbeat.WebApi), returned result Microsoft.AspNetCore.Mvc.OkObjectResult in 75.0187ms.
[22:29:10 INF] EMAIL_LOG_ONLY | Email skipped (LogOnly or no SMTP host) | To=store.search.b243a3d9025d41eba1cb11838c143429@urbeat.local | Subject=Confirme seu e-mail no Urbeat - Loja | Body=<!DOCTYPE html>
<html lang="pt-BR">
<head>
  <meta charset="UTF-8" />
  <meta name="viewport" content="width=device-width,initial-scale=1.0" />
  <title>Sua loja est� quase pronta!</title>
</head>
<body style="margin:0;padding:0;background:#FFF9F0;font-family:'Helvetica Neue',Helvetica,Arial,sans-serif;color:#2D2A2A;">
  <table role="presentation" width="100%" cellpadding="0" cellspacing="0" style="background:#FFF9F0;padding:32px 0;">
    <tr>
      <td align="center">
        <table role="presentation" width="560" cellpadding="0" cellspacing="0" style="background:#FFFCF8;border:1px solid #EDE4D9;border-radius:20px;overflow:hidden;">
          <tr>
            <td style="background:#C73E3A;padding:28px 32px;color:#FFFCF8;">
              <h1 style="margin:0;font-family:Georgia,serif;font-weight:400;font-size:28px;">Urbeat</h1>
            </td>
          </tr>
          <tr>
            <td style="padding:32px 40px 8px 40px;">
              <h2 style="margin:0 0 8px 0;font-family:Georgia,serif;font-weight:400;color:#2D2A2A;font-size:24px;">Sua loja est� quase pronta!</h2>
              <p style="margin:0;color:#7A7272;font-size:15px;">Ol�, vendedor(a)!</p>
            </td>
          </tr>
          <tr>
            <td style="padding:16px 40px;color:#2D2A2A;font-size:15px;line-height:1.6;">
              <p>Recebemos o cadastro da sua loja no <strong>Urbeat</strong>.
Para liberar o painel de vendas e receber pedidos, confirme seu e-mail.</p>
<p>Clique no bot�o abaixo para ativar sua conta. O link expira em 24 horas.</p>
            </td>
          </tr>
          <tr>
            <td align="center" style="padding:24px 40px 8px 40px;">
              <a href="https://urbeat.com.br/c/qmvZW0HHWvmrH2EQ2YUXhw3bA"
                 style="display:inline-block;background:#C73E3A;color:#FFFCF8;text-decoration:none;padding:14px 28px;border-radius:12px;font-weight:600;font-size:15px;">
                Confirmar e-mail da loja
              </a>
            </td>
          </tr>
          <tr>
            <td style="padding:8px 40px 24px 40px;color:#7A7272;font-size:13px;line-height:1.5;">
              <p>Se o bot�o n�o funcionar, copie e cole o link abaixo no seu navegador:</p>
              <p style="word-break:break-all;color:#C73E3A;"><a href="https://urbeat.com.br/c/qmvZW0HHWvmrH2EQ2YUXhw3bA" style="color:#C73E3A;">https://urbeat.com.br/c/qmvZW0HHWvmrH2EQ2YUXhw3bA</a></p>
            </td>
          </tr>
          <tr>
            <td style="padding:16px 40px 32px 40px;border-top:1px solid #EDE4D9;color:#7A7272;font-size:13px;line-height:1.5;">
              <p>Se voc� n�o criou um cadastro de loja no Urbeat, pode ignorar este e-mail.</p>
              <p style="margin-top:16px;">- Equipe Urbeat</p>
            </td>
          </tr>
        </table>
      </td>
    </tr>
  </table>
</body>
</html>
[22:29:10 INF] HTTP POST /api/auth/register/seller responded 201 in 141.0739 ms
Activity.TraceId:            058d45cc990b17fecda80fb683ed13b6
Activity.SpanId:             9b0a679d2f167fd8
Activity.TraceId:            30c1fee2e84205299c1e4c3437512666
Activity.SpanId:             17670bbf17aff2cf
Activity.TraceFlags:         Recorded
[22:29:10 INF] Executing OkObjectResult, writing value of type 'Urbeat.Application.DTOs.AuthTokenResponseDto'.
Activity.DisplayName:        POST api/stores/{storeId}/categories
Activity.Kind:               Server
[22:29:10 INF] Saved 1 entities to in-memory store.
[22:29:10 INF] Request finished HTTP/1.1 POST http://localhost/api/auth/register/seller - 201 null application/json; charset=utf-8 179.4755ms
Activity.TraceId:            601a82cee9f2c783ca5936348e62a961
Activity.SpanId:             ca460ff7d61fcaa5
Activity.TraceFlags:         Recorded
Activity.DisplayName:        POST api/customer/addresses
Activity.Kind:               Server
Activity.StartTime:          2026-06-08T01:29:10.1071050Z
Activity.Duration:           00:00:00.1853341
Activity.Tags:
[22:29:10 INF] EMAIL_CONFIRM_JOB_COMPLETED | Job completed | UserId=019ea4d9-1350-767d-9497-9aa0f5a0cc3d
    server.address: localhost
    http.request.method: POST
    url.scheme: http
    url.path: /api/customer/addresses
    network.protocol.version: 1.1
    http.route: api/customer/addresses
    http.response.status_code: 201
Instrumentation scope (ActivitySource):
    Name: Microsoft.AspNetCore
[22:29:10 INF] Executed action Urbeat.WebApi.Controllers.AuthController.LoginCustomer (Urbeat.WebApi) in 76.0069ms
Resource associated with Activity:
    telemetry.sdk.name: opentelemetry
    telemetry.sdk.language: dotnet
    telemetry.sdk.version: 1.14.0
    service.name: unknown_service:testhost
[22:29:10 INF] Executed endpoint 'Urbeat.WebApi.Controllers.AuthController.LoginCustomer (Urbeat.WebApi)'
Activity.StartTime:          2026-06-08T01:29:10.1506602Z
[22:29:10 INF] HTTP POST /api/auth/login/customer responded 200 in 105.3459 ms
Activity.Duration:           00:00:00.1805626
Activity.Tags:
    server.address: localhost
    http.request.method: POST
    url.scheme: http
    url.path: /api/stores/019ea4d9-12d9-7426-a3c6-60f0ee044707/categories
    network.protocol.version: 1.1
    http.route: api/stores/{storeId}/categories
    http.response.status_code: 201
Instrumentation scope (ActivitySource):
Activity.TraceFlags:         Recorded
    Name: Microsoft.AspNetCore
Activity.DisplayName:        PUT api/stores/{storeId}/business-hours
Resource associated with Activity:
Activity.Kind:               Server
    telemetry.sdk.name: opentelemetry
    telemetry.sdk.language: dotnet
Activity.StartTime:          2026-06-08T01:29:10.0487762Z
    telemetry.sdk.version: 1.14.0
Activity.Duration:           00:00:00.2435458
    service.name: unknown_service:testhost
Activity.Tags:
    server.address: localhost
    http.request.method: PUT
    url.scheme: http
    url.path: /api/stores/019ea4d9-1271-78ad-b009-45688dfe7a80/business-hours
Activity.TraceId:            30c1fee2e84205299c1e4c3437512666
    network.protocol.version: 1.1
Activity.SpanId:             17670bbf17aff2cf
    http.route: api/stores/{storeId}/business-hours
Activity.TraceFlags:         Recorded
    http.response.status_code: 200
Activity.DisplayName:        POST api/stores/{storeId}/categories
Instrumentation scope (ActivitySource):
Activity.Kind:               Server
    Name: Microsoft.AspNetCore
Resource associated with Activity:
[22:29:10 INF] Request finished HTTP/1.1 POST http://localhost/api/auth/login/customer - 200 null application/json; charset=utf-8 105.938ms
Activity.StartTime:          2026-06-08T01:29:10.1506602Z
[22:29:10 INF] Saved 2 entities to in-memory store.
Activity.Duration:           00:00:00.1805626
    telemetry.sdk.name: opentelemetry
Activity.Tags:
    server.address: localhost
    telemetry.sdk.language: dotnet
    http.request.method: POST
    telemetry.sdk.version: 1.14.0
    url.scheme: http
    service.name: unknown_service:testhost
    url.path: /api/stores/019ea4d9-12d9-7426-a3c6-60f0ee044707/categories
    network.protocol.version: 1.1
    http.route: api/stores/{storeId}/categories
Activity.TraceId:            058d45cc990b17fecda80fb683ed13b6
    http.response.status_code: 201
Activity.SpanId:             9b0a679d2f167fd8
Instrumentation scope (ActivitySource):
Activity.TraceFlags:         Recorded
    Name: Microsoft.AspNetCore
Activity.DisplayName:        PUT api/stores/{storeId}/business-hours
Resource associated with Activity:
Activity.Kind:               Server
    telemetry.sdk.name: opentelemetry
Activity.StartTime:          2026-06-08T01:29:10.0487762Z
    telemetry.sdk.language: dotnet
Activity.Duration:           00:00:00.2435458
    telemetry.sdk.version: 1.14.0
Activity.Tags:
    server.address: localhost
    service.name: unknown_service:testhost
    http.request.method: PUT
    url.scheme: http
    url.path: /api/stores/019ea4d9-1271-78ad-b009-45688dfe7a80/business-hours
    network.protocol.version: 1.1
Activity.TraceId:            30c1fee2e84205299c1e4c3437512666
    http.route: api/stores/{storeId}/business-hours
Activity.SpanId:             17670bbf17aff2cf
    http.response.status_code: 200
Activity.TraceFlags:         Recorded
Instrumentation scope (ActivitySource):
Activity.DisplayName:        POST api/stores/{storeId}/categories
    Name: Microsoft.AspNetCore
[22:29:10 INF] Executing action method Urbeat.WebApi.Controllers.StoresController.GetBusinessHours (Urbeat.WebApi) - Validation state: Valid
Activity.TraceId:            de301090e17cdd5c84d82125e5ccec23
Activity.SpanId:             709d4ad7ba0b0e1e
[22:29:10 INF] Executed action Urbeat.WebApi.Controllers.PublicStoresController.List (Urbeat.WebApi) in 39.9439ms
Activity.TraceFlags:         Recorded
Activity.DisplayName:        POST api/auth/login/customer
Activity.Kind:               Server
[22:29:10 INF] Saved 1 entities to in-memory store.
Activity.TraceId:            bb12c8fddfb74d19052b3ab8d2fe6d37
Activity.SpanId:             2da1aa97f20ccbb2
Activity.TraceFlags:         Recorded
Activity.DisplayName:        POST api/auth/register/seller
Activity.Kind:               Server
Activity.StartTime:          2026-06-08T01:29:10.1519979Z
Activity.Duration:           00:00:00.1795479
Activity.Tags:
Resource associated with Activity:
    server.address: localhost
    http.request.method: POST
[22:29:10 INF] Executed endpoint 'Urbeat.WebApi.Controllers.PublicStoresController.List (Urbeat.WebApi)'
    telemetry.sdk.name: opentelemetry
    url.scheme: http
    url.path: /api/auth/register/seller
    network.protocol.version: 1.1
    telemetry.sdk.language: dotnet
    http.route: api/auth/register/seller
    telemetry.sdk.version: 1.14.0
    http.response.status_code: 201
    service.name: unknown_service:testhost
Instrumentation scope (ActivitySource):
    Name: Microsoft.AspNetCore
Resource associated with Activity:
    telemetry.sdk.name: opentelemetry
    telemetry.sdk.language: dotnet
    telemetry.sdk.version: 1.14.0
    service.name: unknown_service:testhost
[22:29:10 INF] CustomerRegistered | Registration succeeded | UserId=019ea4d9-1371-740b-8c29-0b0001601230 | Email=payments.customer.114e5617a04a4f9db0c73fed7921a24d@urbeat.local | Role=Customer
[22:29:10 INF] Saved 1 entities to in-memory store.
Activity.TraceId:            bb12c8fddfb74d19052b3ab8d2fe6d37
Activity.SpanId:             2da1aa97f20ccbb2
Activity.StartTime:          2026-06-08T01:29:10.2258445Z
[22:29:10 INF] HTTP GET /api/public/stores responded 200 in 76.0652 ms
Activity.Duration:           00:00:00.1060335
Activity.Tags:
Activity.Kind:               Server
    server.address: localhost
[22:29:10 INF] Request starting HTTP/1.1 POST http://localhost/api/auth/login/seller - application/json; charset=utf-8 null
Activity.StartTime:          2026-06-08T01:29:10.1506602Z
Activity.Duration:           00:00:00.1805626
Activity.Tags:
Activity.TraceFlags:         Recorded
[22:29:10 INF] Request starting HTTP/1.1 POST http://localhost/api/customer/addresses - application/json; charset=utf-8 null
Activity.DisplayName:        POST api/auth/register/seller
[22:29:10 INF] Executed action method Urbeat.WebApi.Controllers.AuthController.RegisterCustomer (Urbeat.WebApi), returned result Microsoft.AspNetCore.Mvc.ObjectResult in 75.6534ms.
    http.request.method: POST
    url.scheme: http
    url.path: /api/auth/login/customer
    network.protocol.version: 1.1
[22:29:10 WRN] Failed to process the job '4f39d06d-205b-4fa9-b279-f1b7065da55f': an exception occurred. Retry attempt 1 of 10 will be performed in 00:00:21.
System.ObjectDisposedException: Cannot access a disposed object.
Object name: 'IServiceProvider'.
   at Microsoft.Extensions.DependencyInjection.ServiceLookup.ThrowHelper.ThrowObjectDisposedException()
   at Microsoft.Extensions.DependencyInjection.ServiceProvider.CreateScope()
   at Hangfire.AspNetCore.AspNetCoreJobActivator.BeginScope(JobActivatorContext context) in C:\projects\hangfire-525\src\Hangfire.NetCore\AspNetCore\AspNetCoreJobActivator.cs:line 34
   at Hangfire.JobActivator.BeginScope(PerformContext context) in C:\projects\hangfire-525\src\Hangfire.Core\JobActivator.cs:line 66
   at Hangfire.Server.CoreBackgroundJobPerformer.Perform(PerformContext context) in C:\projects\hangfire-525\src\Hangfire.Core\Server\CoreBackgroundJobPerformer.cs:line 49
   at Hangfire.Server.BackgroundJobPerformer.InvokeNextServerFilter(Enumerator& enumerator, IBackgroundJobPerformer innerPerformer, PerformContext context, PerformingContext preContext) in C:\projects\hangfire-525\src\Hangfire.Core\Server\BackgroundJobPerformer.cs:line 133
   at Hangfire.Server.BackgroundJobPerformer.InvokeServerFilter(Enumerator& enumerator, IBackgroundJobPerformer innerPerformer, PerformContext context, PerformingContext preContext) in C:\projects\hangfire-525\src\Hangfire.Core\Server\BackgroundJobPerformer.cs:line 174
   at Hangfire.Server.BackgroundJobPerformer.InvokeNextServerFilter(Enumerator& enumerator, IBackgroundJobPerformer innerPerformer, PerformContext context, PerformingContext preContext) in C:\projects\hangfire-525\src\Hangfire.Core\Server\BackgroundJobPerformer.cs:line 130
   at Hangfire.Server.BackgroundJobPerformer.PerformJobWithFilters(PerformContext context, FilterCollection`1 filters) in C:\projects\hangfire-525\src\Hangfire.Core\Server\BackgroundJobPerformer.cs:line 119
   at Hangfire.Server.BackgroundJobPerformer.Perform(PerformContext context) in C:\projects\hangfire-525\src\Hangfire.Core\Server\BackgroundJobPerformer.cs:line 78
   at Hangfire.Server.Worker.PerformJob(BackgroundProcessContext context, IStorageConnection connection, String jobId, BackgroundJob backgroundJob, IReadOnlyDictionary`2& customData) in C:\projects\hangfire-525\src\Hangfire.Core\Server\Worker.cs:line 320
    server.address: localhost
[22:29:10 INF] Executing action method Urbeat.WebApi.Controllers.StoreCategoriesController.Update (Urbeat.WebApi) - Validation state: Valid
    http.request.method: POST
    url.scheme: http
    url.path: /api/stores/019ea4d9-12d9-7426-a3c6-60f0ee044707/categories
    network.protocol.version: 1.1
    http.route: api/stores/{storeId}/categories
Activity.Kind:               Server
    http.response.status_code: 201
[22:29:10 INF] Executing action method Urbeat.WebApi.Controllers.AuthController.RegisterSeller (Urbeat.WebApi) - Validation state: Valid
Instrumentation scope (ActivitySource):
Activity.StartTime:          2026-06-08T01:29:10.1519979Z
    Name: Microsoft.AspNetCore
Activity.Duration:           00:00:00.1795479
Resource associated with Activity:
[22:29:10 INF] Route matched with {action = "Create", controller = "Orders"}. Executing controller action with signature System.Threading.Tasks.Task`1[Microsoft.AspNetCore.Mvc.IActionResult] Create(Urbeat.Application.DTOs.CheckoutRequestDto, System.Threading.CancellationToken) on controller Urbeat.WebApi.Controllers.OrdersController (Urbeat.WebApi).
Activity.Tags:
    server.address: localhost
    http.request.method: POST
    url.scheme: http
    url.path: /api/auth/register/seller
    network.protocol.version: 1.1
    http.route: api/auth/register/seller
    http.response.status_code: 201
Instrumentation scope (ActivitySource):
    Name: Microsoft.AspNetCore
Resource associated with Activity:
    telemetry.sdk.name: opentelemetry
    telemetry.sdk.language: dotnet
    telemetry.sdk.version: 1.14.0
    service.name: unknown_service:testhost
[22:29:10 INF] Request finished HTTP/1.1 GET http://localhost/api/public/stores - 200 null application/json; charset=utf-8 143.9667ms
[22:29:10 INF] Request starting HTTP/1.1 POST http://localhost/api/stores/019ea4d9-12d9-7426-a3c6-60f0ee044707/products - application/json; charset=utf-8 null
    http.route: api/auth/login/customer
[22:29:10 INF] Executed action method Urbeat.WebApi.Controllers.StoresController.GetBusinessHours (Urbeat.WebApi), returned result Microsoft.AspNetCore.Mvc.OkObjectResult in 23.2011ms.
    http.response.status_code: 200
Instrumentation scope (ActivitySource):
    telemetry.sdk.name: opentelemetry
    Name: Microsoft.AspNetCore
Resource associated with Activity:
    telemetry.sdk.language: dotnet
    telemetry.sdk.name: opentelemetry
    telemetry.sdk.version: 1.14.0
    telemetry.sdk.language: dotnet
    service.name: unknown_service:testhost
    telemetry.sdk.version: 1.14.0
    service.name: unknown_service:testhost
Activity.TraceId:            30c1fee2e84205299c1e4c3437512666
Activity.SpanId:             17670bbf17aff2cf
[22:29:10 INF] Executing ObjectResult, writing value of type '<>f__AnonymousType2`3[[System.Nullable`1[[System.Guid, System.Private.CoreLib, Version=9.0.0.0, Culture=neutral, PublicKeyToken=7cec85d7bea7798e]], System.Private.CoreLib, Version=9.0.0.0, Culture=neutral, PublicKeyToken=7cec85d7bea7798e],[System.Boolean, System.Private.CoreLib, Version=9.0.0.0, Culture=neutral, PublicKeyToken=7cec85d7bea7798e],[System.String, System.Private.CoreLib, Version=9.0.0.0, Culture=neutral, PublicKeyToken=7cec85d7bea7798e]]'.
Activity.TraceFlags:         Recorded
Activity.DisplayName:        POST api/stores/{storeId}/categories
Activity.Kind:               Server
Activity.StartTime:          2026-06-08T01:29:10.1506602Z
Activity.Duration:           00:00:00.1805626
Activity.Tags:
Activity.TraceId:            128d46808c4cb7c6ed3c7fa440e2e626
    server.address: localhost
Activity.SpanId:             bd4d751ed569a32d
    http.request.method: POST
    url.scheme: http
    url.path: /api/stores/019ea4d9-12d9-7426-a3c6-60f0ee044707/categories
Activity.TraceFlags:         Recorded
    network.protocol.version: 1.1
Activity.DisplayName:        GET api/public/stores
    http.route: api/stores/{storeId}/categories
Activity.Kind:               Server
    http.response.status_code: 201
Instrumentation scope (ActivitySource):
    Name: Microsoft.AspNetCore
Activity.StartTime:          2026-06-08T01:29:10.2266491Z
Resource associated with Activity:
Activity.Duration:           00:00:00.1441731
    telemetry.sdk.name: opentelemetry
Activity.Tags:
    telemetry.sdk.language: dotnet
    telemetry.sdk.version: 1.14.0
    server.address: localhost
    service.name: unknown_service:testhost
    http.request.method: GET
    url.scheme: http
    url.path: /api/public/stores
    network.protocol.version: 1.1
    http.route: api/public/stores
    http.response.status_code: 200
Activity.TraceId:            de301090e17cdd5c84d82125e5ccec23
Instrumentation scope (ActivitySource):
Activity.SpanId:             709d4ad7ba0b0e1e
    Name: Microsoft.AspNetCore
Activity.TraceFlags:         Recorded
Activity.DisplayName:        POST api/auth/login/customer
Resource associated with Activity:
Activity.Kind:               Server
    telemetry.sdk.name: opentelemetry
    telemetry.sdk.language: dotnet
    telemetry.sdk.version: 1.14.0
Activity.StartTime:          2026-06-08T01:29:10.2258445Z
    service.name: unknown_service:testhost
Activity.Duration:           00:00:00.1060335
Activity.Tags:
    server.address: localhost
    http.request.method: POST
    url.scheme: http
    url.path: /api/auth/login/customer
    network.protocol.version: 1.1
[22:29:10 INF] Executed action Urbeat.WebApi.Controllers.AuthController.RegisterCustomer (Urbeat.WebApi) in 114.8321ms
    http.route: api/auth/login/customer
    http.response.status_code: 200
Instrumentation scope (ActivitySource):
    Name: Microsoft.AspNetCore
Resource associated with Activity:
    telemetry.sdk.name: opentelemetry
    telemetry.sdk.language: dotnet
    telemetry.sdk.version: 1.14.0
[22:29:10 INF] Executing OkObjectResult, writing value of type 'Urbeat.Application.DTOs.StoreBusinessHoursResponseDto'.
    service.name: unknown_service:testhost
Activity.TraceId:            bb12c8fddfb74d19052b3ab8d2fe6d37
Activity.TraceId:            de301090e17cdd5c84d82125e5ccec23
Activity.SpanId:             709d4ad7ba0b0e1e
[22:29:10 INF] Executed endpoint 'Urbeat.WebApi.Controllers.AuthController.RegisterCustomer (Urbeat.WebApi)'
Activity.SpanId:             2da1aa97f20ccbb2
Activity.TraceFlags:         Recorded
Activity.TraceFlags:         Recorded
Activity.DisplayName:        POST api/auth/login/customer
Activity.DisplayName:        POST api/auth/register/seller
Activity.Kind:               Server
Activity.Kind:               Server
Activity.StartTime:          2026-06-08T01:29:10.2258445Z
Activity.Duration:           00:00:00.1060335
Activity.Tags:
Activity.StartTime:          2026-06-08T01:29:10.1519979Z
    server.address: localhost
Activity.Duration:           00:00:00.1795479
    http.request.method: POST
Activity.Tags:
    url.scheme: http
    server.address: localhost
    url.path: /api/auth/login/customer
    http.request.method: POST
    network.protocol.version: 1.1
    http.route: api/auth/login/customer
    url.scheme: http
    http.response.status_code: 200
    url.path: /api/auth/register/seller
Instrumentation scope (ActivitySource):
    Name: Microsoft.AspNetCore
    network.protocol.version: 1.1
Resource associated with Activity:
    http.route: api/auth/register/seller
    telemetry.sdk.name: opentelemetry
    http.response.status_code: 201
    telemetry.sdk.language: dotnet
Instrumentation scope (ActivitySource):
    Name: Microsoft.AspNetCore
    telemetry.sdk.version: 1.14.0
Resource associated with Activity:
    service.name: unknown_service:testhost
[22:29:10 INF] HTTP POST /api/auth/register/customer responded 201 in 115.4666 ms
    telemetry.sdk.name: opentelemetry
    telemetry.sdk.language: dotnet
    telemetry.sdk.version: 1.14.0
Activity.TraceId:            de301090e17cdd5c84d82125e5ccec23
Activity.SpanId:             709d4ad7ba0b0e1e
    service.name: unknown_service:testhost
Activity.TraceFlags:         Recorded
Activity.DisplayName:        POST api/auth/login/customer
Activity.Kind:               Server
Activity.TraceId:            bb12c8fddfb74d19052b3ab8d2fe6d37
Activity.StartTime:          2026-06-08T01:29:10.2258445Z
Activity.SpanId:             2da1aa97f20ccbb2
Activity.Duration:           00:00:00.1060335
Activity.Tags:
    server.address: localhost
Activity.TraceFlags:         Recorded
    http.request.method: POST
Activity.DisplayName:        POST api/auth/register/seller
    url.scheme: http
    url.path: /api/auth/login/customer
Activity.Kind:               Server
    network.protocol.version: 1.1
    http.route: api/auth/login/customer
Activity.StartTime:          2026-06-08T01:29:10.1519979Z
    http.response.status_code: 200
Activity.Duration:           00:00:00.1795479
Instrumentation scope (ActivitySource):
    Name: Microsoft.AspNetCore
Resource associated with Activity:
Activity.Tags:
    server.address: localhost
    telemetry.sdk.name: opentelemetry
    http.request.method: POST
    url.scheme: http
    url.path: /api/auth/register/seller
    telemetry.sdk.language: dotnet
    network.protocol.version: 1.1
    http.route: api/auth/register/seller
    telemetry.sdk.version: 1.14.0
    http.response.status_code: 201
    service.name: unknown_service:testhost
[22:29:10 INF] Executed action Urbeat.WebApi.Controllers.StoresController.GetBusinessHours (Urbeat.WebApi) in 40.4698ms
Activity.TraceId:            de301090e17cdd5c84d82125e5ccec23
Instrumentation scope (ActivitySource):
    Name: Microsoft.AspNetCore
Resource associated with Activity:
Activity.SpanId:             709d4ad7ba0b0e1e
    telemetry.sdk.name: opentelemetry
Activity.TraceFlags:         Recorded
Activity.DisplayName:        POST api/auth/login/customer
    telemetry.sdk.language: dotnet
Activity.Kind:               Server
    telemetry.sdk.version: 1.14.0
Activity.StartTime:          2026-06-08T01:29:10.2258445Z
Activity.Duration:           00:00:00.1060335
    service.name: unknown_service:testhost
[22:29:10 INF] Request finished HTTP/1.1 POST http://localhost/api/auth/register/customer - 201 null application/json; charset=utf-8 145.5471ms
Activity.Tags:
[22:29:10 INF] Executed endpoint 'Urbeat.WebApi.Controllers.StoresController.GetBusinessHours (Urbeat.WebApi)'
    server.address: localhost
    http.request.method: POST
    url.scheme: http
    url.path: /api/auth/login/customer
Activity.TraceId:            bb12c8fddfb74d19052b3ab8d2fe6d37
    network.protocol.version: 1.1
Activity.SpanId:             2da1aa97f20ccbb2
    http.route: api/auth/login/customer
Activity.TraceFlags:         Recorded
    http.response.status_code: 200
Activity.DisplayName:        POST api/auth/register/seller
Instrumentation scope (ActivitySource):
    Name: Microsoft.AspNetCore
Activity.Kind:               Server
Resource associated with Activity:
Activity.StartTime:          2026-06-08T01:29:10.1519979Z
[22:29:10 INF] HTTP GET /api/stores/019ea4d9-1271-78ad-b009-45688dfe7a80/business-hours responded 200 in 78.7964 ms
Activity.Duration:           00:00:00.1795479
    telemetry.sdk.name: opentelemetry
    telemetry.sdk.language: dotnet
Activity.Tags:
    telemetry.sdk.version: 1.14.0
    server.address: localhost
    service.name: unknown_service:testhost
    http.request.method: POST
[22:29:10 INF] Executing endpoint 'Urbeat.WebApi.Controllers.AuthController.LoginSeller (Urbeat.WebApi)'
    url.scheme: http
Activity.TraceId:            de301090e17cdd5c84d82125e5ccec23
    url.path: /api/auth/register/seller
Activity.SpanId:             709d4ad7ba0b0e1e
    network.protocol.version: 1.1
Activity.TraceFlags:         Recorded
    http.route: api/auth/register/seller
Activity.DisplayName:        POST api/auth/login/customer
    http.response.status_code: 201
Activity.Kind:               Server
Instrumentation scope (ActivitySource):
    Name: Microsoft.AspNetCore
Activity.StartTime:          2026-06-08T01:29:10.2258445Z
Resource associated with Activity:
Activity.Duration:           00:00:00.1060335
    telemetry.sdk.name: opentelemetry
Activity.Tags:
[22:29:10 INF] Executing endpoint 'Urbeat.WebApi.Controllers.CustomerAddressesController.Create (Urbeat.WebApi)'
    server.address: localhost
    http.request.method: POST
Activity.TraceId:            128d46808c4cb7c6ed3c7fa440e2e626
    url.scheme: http
Activity.SpanId:             bd4d751ed569a32d
    url.path: /api/auth/login/customer
[22:29:10 INF] Route matched with {action = "LoginSeller", controller = "Auth"}. Executing controller action with signature System.Threading.Tasks.Task`1[Microsoft.AspNetCore.Mvc.IActionResult] LoginSeller(Urbeat.Application.DTOs.LoginRequestDto, System.Threading.CancellationToken) on controller Urbeat.WebApi.Controllers.AuthController (Urbeat.WebApi).
    network.protocol.version: 1.1
Activity.TraceFlags:         Recorded
    http.route: api/auth/login/customer
Activity.DisplayName:        GET api/public/stores
    http.response.status_code: 200
Activity.Kind:               Server
Instrumentation scope (ActivitySource):
    Name: Microsoft.AspNetCore
Resource associated with Activity:
    telemetry.sdk.name: opentelemetry
    telemetry.sdk.language: dotnet
    telemetry.sdk.language: dotnet
    telemetry.sdk.version: 1.14.0
Activity.StartTime:          2026-06-08T01:29:10.2266491Z
[22:29:10 INF] Request finished HTTP/1.1 GET http://localhost/api/stores/019ea4d9-1271-78ad-b009-45688dfe7a80/business-hours - 200 null application/json; charset=utf-8 79.2573ms
    service.name: unknown_service:testhost
Activity.Duration:           00:00:00.1441731
Activity.Tags:
Activity.TraceId:            de301090e17cdd5c84d82125e5ccec23
    server.address: localhost
Activity.SpanId:             709d4ad7ba0b0e1e
    http.request.method: GET
    url.scheme: http
Activity.TraceFlags:         Recorded
[22:29:10 INF] Route matched with {action = "Create", controller = "CustomerAddresses"}. Executing controller action with signature System.Threading.Tasks.Task`1[Microsoft.AspNetCore.Mvc.IActionResult] Create(Urbeat.Application.DTOs.UpsertCustomerAddressRequestDto, System.Threading.CancellationToken) on controller Urbeat.WebApi.Controllers.CustomerAddressesController (Urbeat.WebApi).
Activity.DisplayName:        POST api/auth/login/customer
    url.path: /api/public/stores
Activity.Kind:               Server
    network.protocol.version: 1.1
Activity.StartTime:          2026-06-08T01:29:10.2258445Z
    http.route: api/public/stores
Activity.Duration:           00:00:00.1060335
    http.response.status_code: 200
    telemetry.sdk.version: 1.14.0
Activity.Tags:
Instrumentation scope (ActivitySource):
    service.name: unknown_service:testhost
    server.address: localhost
    Name: Microsoft.AspNetCore
    http.request.method: POST
    url.scheme: http
Resource associated with Activity:
Activity.TraceId:            bb12c8fddfb74d19052b3ab8d2fe6d37
    telemetry.sdk.name: opentelemetry
Activity.SpanId:             2da1aa97f20ccbb2
    url.path: /api/auth/login/customer
Activity.TraceFlags:         Recorded
    telemetry.sdk.language: dotnet
Activity.DisplayName:        POST api/auth/register/seller
    network.protocol.version: 1.1
    http.route: api/auth/login/customer
    telemetry.sdk.version: 1.14.0
    http.response.status_code: 200
Activity.Kind:               Server
    service.name: unknown_service:testhost
Instrumentation scope (ActivitySource):
    Name: Microsoft.AspNetCore
Resource associated with Activity:
Activity.StartTime:          2026-06-08T01:29:10.1519979Z
    telemetry.sdk.name: opentelemetry
Activity.Duration:           00:00:00.1795479
    telemetry.sdk.language: dotnet
Activity.Tags:
    telemetry.sdk.version: 1.14.0
    server.address: localhost
    service.name: unknown_service:testhost
    http.request.method: POST
    url.scheme: http
Activity.TraceId:            de301090e17cdd5c84d82125e5ccec23
Activity.SpanId:             709d4ad7ba0b0e1e
    url.path: /api/auth/register/seller
Activity.TraceFlags:         Recorded
Activity.DisplayName:        POST api/auth/login/customer
    network.protocol.version: 1.1
Activity.Kind:               Server
    http.route: api/auth/register/seller
Activity.StartTime:          2026-06-08T01:29:10.2258445Z
    http.response.status_code: 201
Activity.Duration:           00:00:00.1060335
Activity.Tags:
Instrumentation scope (ActivitySource):
    server.address: localhost
    Name: Microsoft.AspNetCore
Resource associated with Activity:
    http.request.method: POST
    url.scheme: http
    url.path: /api/auth/login/customer
    telemetry.sdk.name: opentelemetry
    network.protocol.version: 1.1
    http.route: api/auth/login/customer
    telemetry.sdk.language: dotnet
    http.response.status_code: 200
    telemetry.sdk.version: 1.14.0
Instrumentation scope (ActivitySource):
    Name: Microsoft.AspNetCore
Resource associated with Activity:
    service.name: unknown_service:testhost
    telemetry.sdk.name: opentelemetry
    telemetry.sdk.language: dotnet
Activity.TraceId:            bb12c8fddfb74d19052b3ab8d2fe6d37
    telemetry.sdk.version: 1.14.0
Activity.SpanId:             2da1aa97f20ccbb2
Activity.TraceId:            add3f1c7b45fabe2b37e3579e17ae2a6
    service.name: unknown_service:testhost
Activity.SpanId:             033b38b85951bf71
Activity.TraceFlags:         Recorded
Activity.TraceFlags:         Recorded
Activity.TraceId:            de301090e17cdd5c84d82125e5ccec23
Activity.DisplayName:        GET api/stores/{storeId}/business-hours
Activity.SpanId:             709d4ad7ba0b0e1e
Activity.Kind:               Server
Activity.TraceFlags:         Recorded
Activity.DisplayName:        POST api/auth/register/seller
Activity.Kind:               Server
Activity.DisplayName:        POST api/auth/login/customer
Activity.StartTime:          2026-06-08T01:29:10.2923832Z
Activity.StartTime:          2026-06-08T01:29:10.1519979Z
Activity.Duration:           00:00:00.0794198
Activity.Duration:           00:00:00.1795479
Activity.Kind:               Server
Activity.Tags:
Activity.Tags:
    server.address: localhost
Activity.StartTime:          2026-06-08T01:29:10.2258445Z
    server.address: localhost
    http.request.method: GET
    http.request.method: POST
    url.scheme: http
Activity.TraceId:            128d46808c4cb7c6ed3c7fa440e2e626
    url.path: /api/stores/019ea4d9-1271-78ad-b009-45688dfe7a80/business-hours
    url.scheme: http
    network.protocol.version: 1.1
Activity.Duration:           00:00:00.1060335
    url.path: /api/auth/register/seller
Activity.Tags:
    http.route: api/stores/{storeId}/business-hours
    network.protocol.version: 1.1
Activity.SpanId:             bd4d751ed569a32d
    http.response.status_code: 200
Activity.TraceFlags:         Recorded
    server.address: localhost
Instrumentation scope (ActivitySource):
    http.request.method: POST
    Name: Microsoft.AspNetCore
    http.route: api/auth/register/seller
Resource associated with Activity:
Activity.DisplayName:        GET api/public/stores
    telemetry.sdk.name: opentelemetry
Activity.Kind:               Server
    http.response.status_code: 201
    telemetry.sdk.language: dotnet
    url.scheme: http
    telemetry.sdk.version: 1.14.0
Instrumentation scope (ActivitySource):
    service.name: unknown_service:testhost
Activity.StartTime:          2026-06-08T01:29:10.2266491Z
    Name: Microsoft.AspNetCore
Activity.Duration:           00:00:00.1441731
    url.path: /api/auth/login/customer
Activity.Tags:
    network.protocol.version: 1.1
    server.address: localhost
Activity.TraceId:            add3f1c7b45fabe2b37e3579e17ae2a6
    http.route: api/auth/login/customer
Resource associated with Activity:
Activity.SpanId:             033b38b85951bf71
    http.response.status_code: 200
    telemetry.sdk.name: opentelemetry
Instrumentation scope (ActivitySource):
Activity.TraceFlags:         Recorded
    http.request.method: GET
    telemetry.sdk.language: dotnet
Activity.DisplayName:        GET api/stores/{storeId}/business-hours
    Name: Microsoft.AspNetCore
Activity.Kind:               Server
Resource associated with Activity:
    telemetry.sdk.version: 1.14.0
    url.scheme: http
Activity.StartTime:          2026-06-08T01:29:10.2923832Z
    telemetry.sdk.name: opentelemetry
Activity.Duration:           00:00:00.0794198
    service.name: unknown_service:testhost
Activity.Tags:
[22:29:10 INF] Executing action method Urbeat.WebApi.Controllers.AuthController.LoginSeller (Urbeat.WebApi) - Validation state: Valid
    server.address: localhost
    http.request.method: GET
Activity.TraceId:            bb12c8fddfb74d19052b3ab8d2fe6d37
Activity.SpanId:             2da1aa97f20ccbb2
Activity.TraceFlags:         Recorded
Activity.DisplayName:        POST api/auth/register/seller
Activity.Kind:               Server
Activity.TraceId:            30c1fee2e84205299c1e4c3437512666
    url.scheme: http
    url.path: /api/public/stores
Activity.SpanId:             17670bbf17aff2cf
    network.protocol.version: 1.1
    url.path: /api/stores/019ea4d9-1271-78ad-b009-45688dfe7a80/business-hours
Activity.TraceFlags:         Recorded
Activity.StartTime:          2026-06-08T01:29:10.1519979Z
    network.protocol.version: 1.1
Activity.DisplayName:        POST api/stores/{storeId}/categories
    http.route: api/stores/{storeId}/business-hours
    http.route: api/public/stores
Activity.Duration:           00:00:00.1795479
    http.response.status_code: 200
    http.response.status_code: 200
Instrumentation scope (ActivitySource):
Instrumentation scope (ActivitySource):
Activity.Tags:
    Name: Microsoft.AspNetCore
Activity.Kind:               Server
Resource associated with Activity:
    Name: Microsoft.AspNetCore
Activity.StartTime:          2026-06-08T01:29:10.1506602Z
    telemetry.sdk.language: dotnet
    telemetry.sdk.version: 1.14.0
    telemetry.sdk.name: opentelemetry
    service.name: unknown_service:testhost
    server.address: localhost
Activity.TraceId:            de301090e17cdd5c84d82125e5ccec23
    http.request.method: POST
Activity.SpanId:             709d4ad7ba0b0e1e
    url.scheme: http
Activity.TraceFlags:         Recorded
Activity.DisplayName:        POST api/auth/login/customer
    url.path: /api/auth/register/seller
Resource associated with Activity:
    telemetry.sdk.name: opentelemetry
[22:29:10 INF] Executing action method Urbeat.WebApi.Controllers.CustomerAddressesController.Create (Urbeat.WebApi) - Validation state: Valid
    telemetry.sdk.language: dotnet
    telemetry.sdk.version: 1.14.0
    service.name: unknown_service:testhost
Activity.Duration:           00:00:00.1805626
Activity.TraceId:            128d46808c4cb7c6ed3c7fa440e2e626
[22:29:10 INF] Request starting HTTP/1.1 POST http://localhost/api/auth/login/customer - application/json; charset=utf-8 null
Activity.Tags:
Activity.SpanId:             bd4d751ed569a32d
    telemetry.sdk.language: dotnet
Activity.TraceFlags:         Recorded
[22:29:10 INF] Server fabio-mobile:44964:8733ab84 caught stopping signal...
    telemetry.sdk.version: 1.14.0
    service.name: unknown_service:testhost
Activity.DisplayName:        GET api/public/stores
Activity.TraceId:            add3f1c7b45fabe2b37e3579e17ae2a6
Activity.Kind:               Server
Activity.SpanId:             033b38b85951bf71
[22:29:10 INF] Executing action method Urbeat.WebApi.Controllers.OrdersController.Create (Urbeat.WebApi) - Validation state: Valid
Activity.TraceFlags:         Recorded
[22:29:10 INF] Request starting HTTP/1.1 GET http://localhost/api/public/stores/019ea4d9-0eff-7cfc-8ee3-ef42a81dcd02 - null null
Activity.DisplayName:        GET api/stores/{storeId}/business-hours
Activity.Kind:               Server
[22:29:10 INF] Saved 1 entities to in-memory store.
Activity.StartTime:          2026-06-08T01:29:10.2923832Z
Activity.Duration:           00:00:00.0794198
Activity.Tags:
    server.address: localhost
    http.request.method: GET
    url.scheme: http
    url.path: /api/stores/019ea4d9-1271-78ad-b009-45688dfe7a80/business-hours
    network.protocol.version: 1.1
    http.route: api/stores/{storeId}/business-hours
    http.response.status_code: 200
Instrumentation scope (ActivitySource):
    Name: Microsoft.AspNetCore
Resource associated with Activity:
    telemetry.sdk.name: opentelemetry
    telemetry.sdk.language: dotnet
    telemetry.sdk.version: 1.14.0
    service.name: unknown_service:testhost
    network.protocol.version: 1.1
    http.route: api/auth/register/seller
    http.response.status_code: 201
[22:29:10 INF] Executing endpoint 'Urbeat.WebApi.Controllers.StoreProductsController.Create (Urbeat.WebApi)'
Instrumentation scope (ActivitySource):
    Name: Microsoft.AspNetCore
Resource associated with Activity:
    telemetry.sdk.name: opentelemetry
    telemetry.sdk.language: dotnet
    telemetry.sdk.version: 1.14.0
    service.name: unknown_service:testhost
[22:29:10 INF] Saved 1 entities to in-memory store.
Activity.TraceId:            bb12c8fddfb74d19052b3ab8d2fe6d37
Activity.SpanId:             2da1aa97f20ccbb2
Activity.TraceFlags:         Recorded
Activity.DisplayName:        POST api/auth/register/seller
Activity.Kind:               Server
Activity.StartTime:          2026-06-08T01:29:10.1519979Z
Activity.Duration:           00:00:00.1795479
Activity.Tags:
    server.address: localhost
    http.request.method: POST
    url.scheme: http
    url.path: /api/auth/register/seller
    network.protocol.version: 1.1
    http.route: api/auth/register/seller
    http.response.status_code: 201
Instrumentation scope (ActivitySource):
    Name: Microsoft.AspNetCore
Resource associated with Activity:
    telemetry.sdk.name: opentelemetry
    telemetry.sdk.language: dotnet
    telemetry.sdk.version: 1.14.0
    service.name: unknown_service:testhost
Activity.Kind:               Server
Activity.StartTime:          2026-06-08T01:29:10.2258445Z
Activity.Duration:           00:00:00.1060335
Activity.Tags:
    server.address: localhost
    http.request.method: POST
    url.scheme: http
    url.path: /api/auth/login/customer
[22:29:10 INF] USER_LOGGED_IN | Login succeeded | UserId=019ea4d9-12d9-7eb2-bb0a-149139ee238a | Email=subscription.contract.seller.743512eb6b6446caae8d07e77dd1ac25@urbeat.local | Role=Seller | IP=null
Activity.StartTime:          2026-06-08T01:29:10.2266491Z
[22:29:10 INF] Executing endpoint 'Urbeat.WebApi.Controllers.AuthController.LoginCustomer (Urbeat.WebApi)'
Activity.Duration:           00:00:00.1441731
Activity.Tags:
    server.address: localhost
    server.address: localhost
[22:29:10 INF] Executing endpoint 'Urbeat.WebApi.Controllers.PublicStoresController.GetById (Urbeat.WebApi)'
    http.request.method: GET
    url.scheme: http
    url.path: /api/public/stores
    network.protocol.version: 1.1
    http.route: api/public/stores
    http.response.status_code: 200
    network.protocol.version: 1.1
Instrumentation scope (ActivitySource):
    http.route: api/auth/login/customer
    Name: Microsoft.AspNetCore
    http.response.status_code: 200
    http.request.method: POST
Resource associated with Activity:
    url.scheme: http
    telemetry.sdk.name: opentelemetry
    url.path: /api/stores/019ea4d9-12d9-7426-a3c6-60f0ee044707/categories
    telemetry.sdk.language: dotnet
    network.protocol.version: 1.1
    telemetry.sdk.version: 1.14.0
    http.route: api/stores/{storeId}/categories
    service.name: unknown_service:testhost
    http.response.status_code: 201
[22:29:10 INF] Route matched with {action = "LoginCustomer", controller = "Auth"}. Executing controller action with signature System.Threading.Tasks.Task`1[Microsoft.AspNetCore.Mvc.IActionResult] LoginCustomer(Urbeat.Application.DTOs.LoginRequestDto, System.Threading.CancellationToken) on controller Urbeat.WebApi.Controllers.AuthController (Urbeat.WebApi).
Activity.TraceId:            128d46808c4cb7c6ed3c7fa440e2e626
Activity.SpanId:             bd4d751ed569a32d
Instrumentation scope (ActivitySource):
Activity.TraceFlags:         Recorded
    Name: Microsoft.AspNetCore
Activity.DisplayName:        GET api/public/stores
Resource associated with Activity:
Activity.Kind:               Server
    telemetry.sdk.name: opentelemetry
    telemetry.sdk.language: dotnet
    telemetry.sdk.version: 1.14.0
    service.name: unknown_service:testhost
Activity.StartTime:          2026-06-08T01:29:10.2266491Z
Activity.Duration:           00:00:00.1441731
Instrumentation scope (ActivitySource):
Activity.Tags:
    Name: Microsoft.AspNetCore
    server.address: localhost
Resource associated with Activity:
Activity.TraceId:            add3f1c7b45fabe2b37e3579e17ae2a6
    telemetry.sdk.name: opentelemetry
    http.request.method: GET
    telemetry.sdk.language: dotnet
Activity.SpanId:             033b38b85951bf71
    telemetry.sdk.version: 1.14.0
Activity.TraceFlags:         Recorded
    service.name: unknown_service:testhost
    url.scheme: http
Activity.DisplayName:        GET api/stores/{storeId}/business-hours
    url.path: /api/public/stores
    network.protocol.version: 1.1
Activity.Kind:               Server
Activity.StartTime:          2026-06-08T01:29:10.2923832Z
Activity.TraceId:            30c1fee2e84205299c1e4c3437512666
Activity.Duration:           00:00:00.0794198
    http.route: api/public/stores
    http.response.status_code: 200
[22:29:10 INF] Executed action method Urbeat.WebApi.Controllers.OrdersController.Create (Urbeat.WebApi), returned result Microsoft.AspNetCore.Mvc.BadRequestObjectResult in 0.5564ms.
Instrumentation scope (ActivitySource):
Activity.TraceId:            35e9df8ab84caaafbf45947e115c9d19
    Name: Microsoft.AspNetCore
[22:29:10 INF] Saved 1 entities to in-memory store.
Activity.SpanId:             494a6c62e3c9ea60
Resource associated with Activity:
Activity.TraceFlags:         Recorded
    telemetry.sdk.name: opentelemetry
    telemetry.sdk.language: dotnet
Activity.DisplayName:        POST api/auth/register/customer
    telemetry.sdk.version: 1.14.0
Activity.Kind:               Server
    service.name: unknown_service:testhost
Activity.StartTime:          2026-06-08T01:29:10.2258532Z
Activity.Duration:           00:00:00.1456663
Activity.TraceId:            128d46808c4cb7c6ed3c7fa440e2e626
Activity.Tags:
Activity.SpanId:             bd4d751ed569a32d
    server.address: localhost
Activity.TraceFlags:         Recorded
    http.request.method: POST
    url.scheme: http
Activity.DisplayName:        GET api/public/stores
    url.path: /api/auth/register/customer
Activity.Kind:               Server
    network.protocol.version: 1.1
    http.route: api/auth/register/customer
    http.response.status_code: 201
Instrumentation scope (ActivitySource):
    Name: Microsoft.AspNetCore
Activity.StartTime:          2026-06-08T01:29:10.2266491Z
Resource associated with Activity:
Activity.Duration:           00:00:00.1441731
    telemetry.sdk.name: opentelemetry
Activity.Tags:
    telemetry.sdk.language: dotnet
[22:29:10 INF] Saved 2 entities to in-memory store.
    server.address: localhost
    telemetry.sdk.version: 1.14.0
    http.request.method: GET
    service.name: unknown_service:testhost
    url.scheme: http
    url.path: /api/public/stores
Activity.TraceId:            35e9df8ab84caaafbf45947e115c9d19
    network.protocol.version: 1.1
Activity.SpanId:             494a6c62e3c9ea60
Activity.TraceFlags:         Recorded
Activity.DisplayName:        POST api/auth/register/customer
[22:29:10 INF] Executed action method Urbeat.WebApi.Controllers.AuthController.LoginSeller (Urbeat.WebApi), returned result Microsoft.AspNetCore.Mvc.OkObjectResult in 79.7028ms.
Activity.Kind:               Server
Activity.StartTime:          2026-06-08T01:29:10.2258532Z
Activity.Duration:           00:00:00.1456663
Activity.Tags:
    server.address: localhost
    http.request.method: POST
    url.scheme: http
    url.path: /api/auth/register/customer
    network.protocol.version: 1.1
    http.route: api/auth/register/customer
    http.response.status_code: 201
Instrumentation scope (ActivitySource):
    Name: Microsoft.AspNetCore
Resource associated with Activity:
    telemetry.sdk.name: opentelemetry
    telemetry.sdk.language: dotnet
    telemetry.sdk.version: 1.14.0
    service.name: unknown_service:testhost
[22:29:10 INF] Executed action method Urbeat.WebApi.Controllers.CustomerAddressesController.Create (Urbeat.WebApi), returned result Microsoft.AspNetCore.Mvc.ObjectResult in 1.0372ms.
    http.route: api/public/stores
    http.response.status_code: 200
Instrumentation scope (ActivitySource):
    Name: Microsoft.AspNetCore
Resource associated with Activity:
    telemetry.sdk.name: opentelemetry
    telemetry.sdk.language: dotnet
    telemetry.sdk.version: 1.14.0
    service.name: unknown_service:testhost
Activity.TraceId:            128d46808c4cb7c6ed3c7fa440e2e626
Activity.SpanId:             bd4d751ed569a32d
Activity.TraceFlags:         Recorded
Activity.DisplayName:        GET api/public/stores
Activity.Kind:               Server
Activity.StartTime:          2026-06-08T01:29:10.2266491Z
Activity.Duration:           00:00:00.1441731
Activity.Tags:
    server.address: localhost
    http.request.method: GET
    url.scheme: http
    url.path: /api/public/stores
    network.protocol.version: 1.1
    http.route: api/public/stores
    http.response.status_code: 200
Instrumentation scope (ActivitySource):
    Name: Microsoft.AspNetCore
Resource associated with Activity:
    telemetry.sdk.name: opentelemetry
    telemetry.sdk.language: dotnet
    telemetry.sdk.version: 1.14.0
    service.name: unknown_service:testhost
Activity.TraceId:            128d46808c4cb7c6ed3c7fa440e2e626
Activity.SpanId:             bd4d751ed569a32d
Activity.TraceFlags:         Recorded
Activity.DisplayName:        GET api/public/stores
Activity.Kind:               Server
Activity.StartTime:          2026-06-08T01:29:10.2266491Z
Activity.Duration:           00:00:00.1441731
Activity.Tags:
    server.address: localhost
    http.request.method: GET
    url.scheme: http
[22:29:10 INF] Executing BadRequestObjectResult, writing value of type 'Microsoft.AspNetCore.Mvc.ValidationProblemDetails'.
    url.path: /api/public/stores
[22:29:10 INF] Executing OkObjectResult, writing value of type 'Urbeat.Application.DTOs.AuthTokenResponseDto'.
    network.protocol.version: 1.1
[22:29:10 INF] Executing ObjectResult, writing value of type 'Urbeat.Application.DTOs.CustomerAddressResponseDto'.
    http.route: api/public/stores
    http.response.status_code: 200
Instrumentation scope (ActivitySource):
    Name: Microsoft.AspNetCore
Resource associated with Activity:
    telemetry.sdk.name: opentelemetry
    telemetry.sdk.language: dotnet
    telemetry.sdk.version: 1.14.0
    service.name: unknown_service:testhost
Activity.TraceId:            128d46808c4cb7c6ed3c7fa440e2e626
Activity.SpanId:             bd4d751ed569a32d
Activity.TraceFlags:         Recorded
Activity.DisplayName:        GET api/public/stores
Activity.Kind:               Server
Activity.StartTime:          2026-06-08T01:29:10.2266491Z
Activity.Duration:           00:00:00.1441731
Activity.Tags:
    server.address: localhost
    http.request.method: GET
    url.scheme: http
    url.path: /api/public/stores
    network.protocol.version: 1.1
    http.route: api/public/stores
    http.response.status_code: 200
Instrumentation scope (ActivitySource):
    Name: Microsoft.AspNetCore
Resource associated with Activity:
    telemetry.sdk.name: opentelemetry
    telemetry.sdk.language: dotnet
    telemetry.sdk.version: 1.14.0
Activity.TraceId:            bb12c8fddfb74d19052b3ab8d2fe6d37
Activity.SpanId:             2da1aa97f20ccbb2
Activity.SpanId:             17670bbf17aff2cf
Activity.TraceFlags:         Recorded
Activity.TraceFlags:         Recorded
Activity.DisplayName:        POST api/auth/register/seller
Activity.DisplayName:        POST api/stores/{storeId}/categories
Activity.Kind:               Server
Activity.Kind:               Server
Activity.StartTime:          2026-06-08T01:29:10.1506602Z
Activity.Duration:           00:00:00.1805626
Activity.Tags:
    server.address: localhost
    http.request.method: POST
    url.scheme: http
    url.path: /api/stores/019ea4d9-12d9-7426-a3c6-60f0ee044707/categories
    network.protocol.version: 1.1
    http.route: api/stores/{storeId}/categories
    http.response.status_code: 201
Instrumentation scope (ActivitySource):
    service.name: unknown_service:testhost
    Name: Microsoft.AspNetCore
Resource associated with Activity:
    telemetry.sdk.name: opentelemetry
    telemetry.sdk.language: dotnet
    telemetry.sdk.version: 1.14.0
    service.name: unknown_service:testhost
Activity.Tags:
Activity.TraceId:            35e9df8ab84caaafbf45947e115c9d19
[22:29:10 INF] Server fabio-mobile:44964:8733ab84 All dispatchers stopped
    server.address: localhost
Activity.SpanId:             494a6c62e3c9ea60
    http.request.method: GET
Activity.TraceFlags:         Recorded
[22:29:10 INF] Executing action method Urbeat.WebApi.Controllers.AuthController.LoginCustomer (Urbeat.WebApi) - Validation state: Valid
Activity.DisplayName:        POST api/auth/register/customer
Activity.Kind:               Server
[22:29:10 INF] Saved 1 entities to in-memory store.
Activity.StartTime:          2026-06-08T01:29:10.2258532Z
[22:29:10 INF] Executed action Urbeat.WebApi.Controllers.AuthController.LoginSeller (Urbeat.WebApi) in 116.8991ms
Activity.Duration:           00:00:00.1456663
Activity.Tags:
[22:29:10 INF] Executed action Urbeat.WebApi.Controllers.CustomerAddressesController.Create (Urbeat.WebApi) in 38.1849ms
    server.address: localhost
    http.request.method: POST
[22:29:10 INF] Executed endpoint 'Urbeat.WebApi.Controllers.CustomerAddressesController.Create (Urbeat.WebApi)'
    url.scheme: http
[22:29:10 INF] Executed action method Urbeat.WebApi.Controllers.StoreCategoriesController.Update (Urbeat.WebApi), returned result Microsoft.AspNetCore.Mvc.OkObjectResult in 39.7217ms.
    url.path: /api/auth/register/customer
    network.protocol.version: 1.1
    http.route: api/auth/register/customer
[22:29:10 INF] Executed endpoint 'Urbeat.WebApi.Controllers.AuthController.LoginSeller (Urbeat.WebApi)'
    http.response.status_code: 201
Instrumentation scope (ActivitySource):
    Name: Microsoft.AspNetCore
Resource associated with Activity:
    telemetry.sdk.name: opentelemetry
    telemetry.sdk.language: dotnet
    telemetry.sdk.version: 1.14.0
    service.name: unknown_service:testhost
[22:29:10 INF] HTTP POST /api/customer/addresses responded 201 in 39.1052 ms
[22:29:10 INF] HTTP POST /api/auth/login/seller responded 200 in 117.6781 ms
[22:29:10 INF] Executing OkObjectResult, writing value of type 'Urbeat.Application.DTOs.ProductCategoryResponseDto'.
[22:29:10 INF] Request finished HTTP/1.1 POST http://localhost/api/customer/addresses - 201 null application/json; charset=utf-8 78.2672ms
[22:29:10 INF] Request finished HTTP/1.1 POST http://localhost/api/auth/login/seller - 200 null application/json; charset=utf-8 118.2076ms
[22:29:10 INF] Executed action Urbeat.WebApi.Controllers.StoreCategoriesController.Update (Urbeat.WebApi) in 80.0584ms
Activity.TraceId:            df0d5987920b42cb617442a1cb3b6bf9
Activity.SpanId:             98feffc332110632
Activity.TraceFlags:         Recorded
Activity.DisplayName:        POST api/customer/addresses
Activity.Kind:               Server
Activity.StartTime:          2026-06-08T01:29:10.3322963Z
Activity.Duration:           00:00:00.0783839
Activity.Tags:
    server.address: localhost
    http.request.method: POST
    url.scheme: http
    url.path: /api/customer/addresses
    network.protocol.version: 1.1
    http.route: api/customer/addresses
    http.response.status_code: 201
Instrumentation scope (ActivitySource):
    Name: Microsoft.AspNetCore
Resource associated with Activity:
    telemetry.sdk.name: opentelemetry
[22:29:10 INF] Executed endpoint 'Urbeat.WebApi.Controllers.StoreCategoriesController.Update (Urbeat.WebApi)'
    telemetry.sdk.language: dotnet
    telemetry.sdk.version: 1.14.0
    service.name: unknown_service:testhost
Activity.TraceId:            df0d5987920b42cb617442a1cb3b6bf9
Activity.SpanId:             98feffc332110632
Activity.TraceFlags:         Recorded
Activity.DisplayName:        POST api/customer/addresses
Activity.Kind:               Server
Activity.StartTime:          2026-06-08T01:29:10.3322963Z
Activity.Duration:           00:00:00.0783839
Activity.Tags:
    server.address: localhost
    http.request.method: POST
    url.scheme: http
    url.path: /api/customer/addresses
    network.protocol.version: 1.1
    http.route: api/customer/addresses
    http.response.status_code: 201
Instrumentation scope (ActivitySource):
    Name: Microsoft.AspNetCore
Resource associated with Activity:
    telemetry.sdk.name: opentelemetry
    telemetry.sdk.language: dotnet
    telemetry.sdk.version: 1.14.0
    service.name: unknown_service:testhost
Activity.TraceId:            df0d5987920b42cb617442a1cb3b6bf9
Activity.SpanId:             98feffc332110632
Activity.TraceFlags:         Recorded
Activity.DisplayName:        POST api/customer/addresses
Activity.Kind:               Server
Activity.StartTime:          2026-06-08T01:29:10.3322963Z
Activity.Duration:           00:00:00.0783839
Activity.Tags:
    server.address: localhost
    http.request.method: POST
    url.scheme: http
[22:29:10 INF] HTTP PUT /api/stores/019ea4d9-1305-7992-96a6-8261cf8e3c07/categories/019ea4d9-132f-7c9a-81b7-70da9920cba1 responded 200 in 153.8106 ms
    url.path: /api/customer/addresses
    network.protocol.version: 1.1
    http.route: api/customer/addresses
    http.response.status_code: 201
Instrumentation scope (ActivitySource):
    Name: Microsoft.AspNetCore
Resource associated with Activity:
    telemetry.sdk.name: opentelemetry
    telemetry.sdk.language: dotnet
    telemetry.sdk.version: 1.14.0
    service.name: unknown_service:testhost
Activity.TraceId:            df0d5987920b42cb617442a1cb3b6bf9
Activity.SpanId:             98feffc332110632
Activity.TraceFlags:         Recorded
Activity.DisplayName:        POST api/customer/addresses
Activity.Kind:               Server
Activity.StartTime:          2026-06-08T01:29:10.3322963Z
Activity.Duration:           00:00:00.0783839
Activity.Tags:
    server.address: localhost
    http.request.method: POST
    url.scheme: http
    url.path: /api/customer/addresses
    network.protocol.version: 1.1
    http.route: api/customer/addresses
    http.response.status_code: 201
Instrumentation scope (ActivitySource):
    Name: Microsoft.AspNetCore
Resource associated with Activity:
    telemetry.sdk.name: opentelemetry
    telemetry.sdk.language: dotnet
    telemetry.sdk.version: 1.14.0
    service.name: unknown_service:testhost
[22:29:10 INF] Request starting HTTP/1.1 POST http://localhost/api/checkout/preview - application/json; charset=utf-8 null
[22:29:10 INF] Request starting HTTP/1.1 POST http://localhost/api/stores - application/json; charset=utf-8 null
[22:29:10 INF] Server fabio-mobile:44964:8733ab84 successfully reported itself as stopped in 0,3855 ms
[22:29:10 INF] Request finished HTTP/1.1 PUT http://localhost/api/stores/019ea4d9-1305-7992-96a6-8261cf8e3c07/categories/019ea4d9-132f-7c9a-81b7-70da9920cba1 - 200 null application/json; charset=utf-8 183.621ms
[22:29:10 INF] Server fabio-mobile:44964:8733ab84 has been stopped in total 2,4691 ms
Activity.TraceId:            d200a1973b8db5745e3f96fa9176b914
Activity.SpanId:             512e5893112aa2fc
Activity.TraceFlags:         Recorded
Activity.DisplayName:        PUT api/stores/{storeId}/categories/{categoryId}
Activity.Kind:               Server
Activity.StartTime:          2026-06-08T01:29:10.2273741Z
Activity.Duration:           00:00:00.1837789
Activity.Tags:
    server.address: localhost
    http.request.method: PUT
    url.scheme: http
    url.path: /api/stores/019ea4d9-1305-7992-96a6-8261cf8e3c07/categories/019ea4d9-132f-7c9a-81b7-70da9920cba1
    network.protocol.version: 1.1
    http.route: api/stores/{storeId}/categories/{categoryId}
    http.response.status_code: 200
Instrumentation scope (ActivitySource):
    Name: Microsoft.AspNetCore
Activity.TraceId:            30c1fee2e84205299c1e4c3437512666
Resource associated with Activity:
Activity.SpanId:             17670bbf17aff2cf
    telemetry.sdk.name: opentelemetry
Activity.TraceFlags:         Recorded
    telemetry.sdk.language: dotnet
    telemetry.sdk.version: 1.14.0
Activity.DisplayName:        POST api/stores/{storeId}/categories
    service.name: unknown_service:testhost
Activity.Kind:               Server
Activity.StartTime:          2026-06-08T01:29:10.1519979Z
Activity.StartTime:          2026-06-08T01:29:10.1506602Z
Activity.Duration:           00:00:00.1805626
Activity.Duration:           00:00:00.1795479
Activity.Tags:
    url.scheme: http
Activity.Tags:
    server.address: localhost
    url.path: /api/stores/019ea4d9-1271-78ad-b009-45688dfe7a80/business-hours
    server.address: localhost
    http.request.method: POST
Activity.TraceId:            08ef4f8138e4a96f46a6869b98e19eb4
    url.scheme: http
Activity.SpanId:             7dd8ffffb2df99d3
    url.path: /api/stores/019ea4d9-12d9-7426-a3c6-60f0ee044707/categories
Activity.TraceFlags:         Recorded
    http.request.method: POST
    network.protocol.version: 1.1
    url.scheme: http
[22:29:10 INF] Executed action Urbeat.WebApi.Controllers.OrdersController.Create (Urbeat.WebApi) in 40.8211ms
    url.path: /api/auth/register/seller
    http.route: api/stores/{storeId}/categories
    network.protocol.version: 1.1
    http.response.status_code: 201
    http.route: api/auth/register/seller
Instrumentation scope (ActivitySource):
Resource associated with Metrics:
Activity.TraceId:            d200a1973b8db5745e3f96fa9176b914
	telemetry.sdk.name: opentelemetry
Activity.SpanId:             512e5893112aa2fc
	telemetry.sdk.language: dotnet
    network.protocol.version: 1.1
Activity.TraceFlags:         Recorded
    http.route: api/stores/{storeId}/business-hours
Activity.DisplayName:        PUT api/stores/{storeId}/categories/{categoryId}
    http.response.status_code: 200
Activity.DisplayName:        POST api/auth/login/seller
Instrumentation scope (ActivitySource):
Activity.Kind:               Server
Activity.Kind:               Server
    Name: Microsoft.AspNetCore
Activity.StartTime:          2026-06-08T01:29:10.2923693Z
Activity.Duration:           00:00:00.1183515
Activity.StartTime:          2026-06-08T01:29:10.2273741Z
Activity.Tags:
Activity.Duration:           00:00:00.1837789
    server.address: localhost
Activity.Tags:
    http.request.method: POST
    server.address: localhost
    url.scheme: http
    url.path: /api/auth/login/seller
    http.request.method: PUT
    network.protocol.version: 1.1
    url.scheme: http
    http.route: api/auth/login/seller
    url.path: /api/stores/019ea4d9-1305-7992-96a6-8261cf8e3c07/categories/019ea4d9-132f-7c9a-81b7-70da9920cba1
    network.protocol.version: 1.1
    http.response.status_code: 200
    http.route: api/stores/{storeId}/categories/{categoryId}
Instrumentation scope (ActivitySource):
    http.response.status_code: 200
    Name: Microsoft.AspNetCore
Instrumentation scope (ActivitySource):
Resource associated with Activity:
[22:29:10 INF] Executing endpoint 'Urbeat.WebApi.Controllers.StoresController.Create (Urbeat.WebApi)'
    Name: Microsoft.AspNetCore
[22:29:10 INF] Executing endpoint 'Urbeat.WebApi.Controllers.CheckoutController.Preview (Urbeat.WebApi)'
Resource associated with Activity:
	telemetry.sdk.version: 1.14.0
    telemetry.sdk.name: opentelemetry
	service.name: unknown_service:testhost
    telemetry.sdk.language: dotnet
    telemetry.sdk.version: 1.14.0
    service.name: unknown_service:testhost
    http.response.status_code: 201
[22:29:10 INF] Route matched with {action = "GetById", controller = "PublicStores"}. Executing controller action with signature System.Threading.Tasks.Task`1[Microsoft.AspNetCore.Mvc.IActionResult] GetById(System.Guid, System.Threading.CancellationToken) on controller Urbeat.WebApi.Controllers.PublicStoresController (Urbeat.WebApi).
Activity.TraceId:            30c1fee2e84205299c1e4c3437512666
Activity.SpanId:             17670bbf17aff2cf
Metric Name: http.server.active_requests, Description: Number of active HTTP server requests., Unit: {request}, Metric Type: LongSumNonMonotonic
Resource associated with Activity:
Instrumentation scope (Meter):
Activity.TraceFlags:         Recorded
Activity.DisplayName:        POST api/stores/{storeId}/categories
    telemetry.sdk.name: opentelemetry
	Name: Microsoft.AspNetCore.Hosting
Activity.Kind:               Server
    telemetry.sdk.language: dotnet
    Name: Microsoft.AspNetCore
    telemetry.sdk.version: 1.14.0
Activity.StartTime:          2026-06-08T01:29:10.1506602Z
Resource associated with Activity:
    service.name: unknown_service:testhost
(2026-06-08T01:29:04.1532431Z, 2026-06-08T01:29:10.4115752Z] http.request.method: GET url.scheme: http
Value: 1
Activity.Duration:           00:00:00.1805626
    telemetry.sdk.name: opentelemetry
(2026-06-08T01:29:04.1532431Z, 2026-06-08T01:29:10.4115752Z] http.request.method: POST url.scheme: http
Value: 3
    telemetry.sdk.language: dotnet
Activity.Tags:
    telemetry.sdk.version: 1.14.0
    server.address: localhost
    http.request.method: POST
Activity.TraceId:            add3f1c7b45fabe2b37e3579e17ae2a6
(2026-06-08T01:29:04.1532431Z, 2026-06-08T01:29:10.4115752Z] http.request.method: PUT url.scheme: http
Value: 0
    service.name: unknown_service:testhost
    url.scheme: http
(2026-06-08T01:29:04.1532431Z, 2026-06-08T01:29:10.4115752Z] http.request.method: PATCH url.scheme: http
Value: 0
Activity.SpanId:             033b38b85951bf71
(2026-06-08T01:29:04.1532431Z, 2026-06-08T01:29:10.4115752Z] http.request.method: DELETE url.scheme: http
Value: 0
Activity.TraceFlags:         Recorded
Metric Name: http.server.request.duration, Description: Duration of HTTP server requests., Unit: s, Metric Type: Histogram
    url.path: /api/stores/019ea4d9-12d9-7426-a3c6-60f0ee044707/categories
Activity.DisplayName:        GET api/stores/{storeId}/business-hours
Instrumentation scope (Meter):
Activity.Kind:               Server
    network.protocol.version: 1.1
	Name: Microsoft.AspNetCore.Hosting
    http.route: api/stores/{storeId}/categories
Activity.StartTime:          2026-06-08T01:29:10.2923832Z
(2026-06-08T01:29:04.1532598Z, 2026-06-08T01:29:10.4115997Z] http.request.method: GET http.response.status_code: 401 http.route: api/stores/{storeId}/categories network.protocol.version: 1.1 url.scheme: http
Value: Sum: 0.1887134 Count: 1 Min: 0.1887134 Max: 0.1887134 
(-Infinity,0,005]:0
(0,005,0,01]:0
(0,01,0,025]:0
(0,025,0,05]:0
(0,05,0,075]:0
(0,075,0,1]:0
(0,1,0,25]:1
(0,25,0,5]:0
(0,5,0,75]:0
(0,75,1]:0
(1,2,5]:0
(2,5,5]:0
(5,7,5]:0
(7,5,10]:0
(10,+Infinity]:0
Activity.Duration:           00:00:00.0794198
Activity.Tags:
Instrumentation scope (ActivitySource):
    server.address: localhost
    Name: Microsoft.AspNetCore
(2026-06-08T01:29:04.1532598Z, 2026-06-08T01:29:10.4115997Z] http.request.method: GET http.response.status_code: 403 http.route: api/customer/home network.protocol.version: 1.1 url.scheme: http
Value: Sum: 0.1794913 Count: 1 Min: 0.1794913 Max: 0.1794913 
(-Infinity,0,005]:0
(0,005,0,01]:0
(0,01,0,025]:0
(0,025,0,05]:0
(0,05,0,075]:0
(0,075,0,1]:0
(0,1,0,25]:1
(0,25,0,5]:0
(0,5,0,75]:0
(0,75,1]:0
(1,2,5]:0
(2,5,5]:0
(5,7,5]:0
(7,5,10]:0
(10,+Infinity]:0
Resource associated with Activity:
    http.request.method: GET
[22:29:10 INF] Request starting HTTP/1.1 GET http://localhost/api/stores/019ea4d9-1305-7992-96a6-8261cf8e3c07/categories - null null
    telemetry.sdk.name: opentelemetry
    telemetry.sdk.language: dotnet
(2026-06-08T01:29:04.1532598Z, 2026-06-08T01:29:10.4115997Z] http.request.method: GET http.response.status_code: 400 http.route: api/address-lookup/cep/{cep} network.protocol.version: 1.1 url.scheme: http
Value: Sum: 0.214077 Count: 1 Min: 0.214077 Max: 0.214077 
(-Infinity,0,005]:0
(0,005,0,01]:0
(0,01,0,025]:0
(0,025,0,05]:0
(0,05,0,075]:0
(0,075,0,1]:0
(0,1,0,25]:1
(0,25,0,5]:0
(0,5,0,75]:0
(0,75,1]:0
(1,2,5]:0
(2,5,5]:0
(5,7,5]:0
(7,5,10]:0
(10,+Infinity]:0
    telemetry.sdk.version: 1.14.0
[22:29:10 INF] Route matched with {action = "Create", controller = "StoreProducts"}. Executing controller action with signature System.Threading.Tasks.Task`1[Microsoft.AspNetCore.Mvc.IActionResult] Create(System.Guid, Urbeat.Application.DTOs.CreateProductRequestDto, System.Threading.CancellationToken) on controller Urbeat.WebApi.Controllers.StoreProductsController (Urbeat.WebApi).
(2026-06-08T01:29:04.1532598Z, 2026-06-08T01:29:10.4115997Z] http.request.method: GET http.response.status_code: 403 http.route: api/admin/dashboard network.protocol.version: 1.1 url.scheme: http
Value: Sum: 0.0062894 Count: 1 Min: 0.0062894 Max: 0.0062894 
(-Infinity,0,005]:0
(0,005,0,01]:1
(0,01,0,025]:0
(0,025,0,05]:0
(0,05,0,075]:0
(0,075,0,1]:0
(0,1,0,25]:0
(0,25,0,5]:0
(0,5,0,75]:0
(0,75,1]:0
(1,2,5]:0
(2,5,5]:0
(5,7,5]:0
(7,5,10]:0
(10,+Infinity]:0
Activity.TraceId:            df0d5987920b42cb617442a1cb3b6bf9
[22:29:10 INF] Saved 1 entities to in-memory store.
Activity.SpanId:             98feffc332110632
(2026-06-08T01:29:04.1532598Z, 2026-06-08T01:29:10.4115997Z] http.request.method: GET http.response.status_code: 403 http.route: api/seller/panel network.protocol.version: 1.1 url.scheme: http
Value: Sum: 0.0081006 Count: 1 Min: 0.0081006 Max: 0.0081006 
(-Infinity,0,005]:0
(0,005,0,01]:1
(0,01,0,025]:0
(0,025,0,05]:0
(0,05,0,075]:0
(0,075,0,1]:0
(0,1,0,25]:0
(0,25,0,5]:0
(0,5,0,75]:0
(0,75,1]:0
(1,2,5]:0
(2,5,5]:0
(5,7,5]:0
(7,5,10]:0
(10,+Infinity]:0
Activity.TraceFlags:         Recorded
[22:29:10 INF] Saved 1 entities to in-memory store.
    http.response.status_code: 201
[22:29:10 INF] Executed endpoint 'Urbeat.WebApi.Controllers.OrdersController.Create (Urbeat.WebApi)'
    url.scheme: http
Instrumentation scope (ActivitySource):
    url.path: /api/stores/019ea4d9-1271-78ad-b009-45688dfe7a80/business-hours
    network.protocol.version: 1.1
[22:29:10 INF] Route matched with {action = "Preview", controller = "Checkout"}. Executing controller action with signature System.Threading.Tasks.Task`1[Microsoft.AspNetCore.Mvc.IActionResult] Preview(Urbeat.Application.DTOs.CheckoutRequestDto, System.Threading.CancellationToken) on controller Urbeat.WebApi.Controllers.CheckoutController (Urbeat.WebApi).
    Name: Microsoft.AspNetCore
Resource associated with Activity:
    http.route: api/stores/{storeId}/business-hours
    telemetry.sdk.name: opentelemetry
    telemetry.sdk.language: dotnet
    http.response.status_code: 200
    telemetry.sdk.version: 1.14.0
Instrumentation scope (ActivitySource):
[22:29:10 INF] Route matched with {action = "Create", controller = "Stores"}. Executing controller action with signature System.Threading.Tasks.Task`1[Microsoft.AspNetCore.Mvc.IActionResult] Create(Urbeat.Application.DTOs.CreateStoreRequestDto, System.Threading.CancellationToken) on controller Urbeat.WebApi.Controllers.StoresController (Urbeat.WebApi).
    Name: Microsoft.AspNetCore
    service.name: unknown_service:testhost
Resource associated with Activity:
Activity.DisplayName:        POST api/customer/addresses
    telemetry.sdk.name: opentelemetry
Activity.Kind:               Server
    telemetry.sdk.language: dotnet
    telemetry.sdk.name: opentelemetry
    telemetry.sdk.version: 1.14.0
Activity.TraceId:            128d46808c4cb7c6ed3c7fa440e2e626
    service.name: unknown_service:testhost
Activity.SpanId:             bd4d751ed569a32d
    telemetry.sdk.language: dotnet
Activity.TraceFlags:         Recorded
Activity.DisplayName:        GET api/public/stores
    telemetry.sdk.version: 1.14.0
    service.name: unknown_service:testhost
Activity.Kind:               Server
Activity.TraceId:            add3f1c7b45fabe2b37e3579e17ae2a6
Activity.TraceId:            d200a1973b8db5745e3f96fa9176b914
Activity.SpanId:             033b38b85951bf71
Activity.TraceId:            08ef4f8138e4a96f46a6869b98e19eb4
Activity.TraceFlags:         Recorded
Activity.SpanId:             7dd8ffffb2df99d3
Activity.SpanId:             512e5893112aa2fc
Activity.DisplayName:        GET api/stores/{storeId}/business-hours
Activity.TraceFlags:         Recorded
Activity.Kind:               Server
Activity.TraceFlags:         Recorded
Activity.DisplayName:        POST api/auth/login/seller
Activity.DisplayName:        PUT api/stores/{storeId}/categories/{categoryId}
Activity.StartTime:          2026-06-08T01:29:10.2923832Z
Activity.Kind:               Server
Activity.Duration:           00:00:00.0794198
Activity.StartTime:          2026-06-08T01:29:10.2923693Z
Activity.Tags:
Activity.Kind:               Server
Activity.Duration:           00:00:00.1183515
(2026-06-08T01:29:04.1532598Z, 2026-06-08T01:29:10.4115997Z] http.request.method: GET http.response.status_code: 200 http.route: api/customer/home network.protocol.version: 1.1 url.scheme: http
Value: Sum: 0.0835938 Count: 1 Min: 0.0835938 Max: 0.0835938 
(-Infinity,0,005]:0
(0,005,0,01]:0
(0,01,0,025]:0
(0,025,0,05]:0
(0,05,0,075]:0
(0,075,0,1]:1
(0,1,0,25]:0
(0,25,0,5]:0
(0,5,0,75]:0
(0,75,1]:0
(1,2,5]:0
(2,5,5]:0
(5,7,5]:0
(7,5,10]:0
(10,+Infinity]:0
    service.name: unknown_service:testhost
[22:29:10 INF] Executing action method Urbeat.WebApi.Controllers.PublicStoresController.GetById (Urbeat.WebApi) - Validation state: Valid
Activity.TraceId:            30c1fee2e84205299c1e4c3437512666
Activity.SpanId:             17670bbf17aff2cf
Activity.TraceFlags:         Recorded
Activity.DisplayName:        POST api/stores/{storeId}/categories
Activity.StartTime:          2026-06-08T01:29:10.2266491Z
Activity.Kind:               Server
Activity.Duration:           00:00:00.1441731
Activity.Tags:
    server.address: localhost
    http.request.method: GET
    url.scheme: http
Activity.StartTime:          2026-06-08T01:29:10.1506602Z
    server.address: localhost
Activity.Duration:           00:00:00.1805626
    url.path: /api/public/stores
Activity.Tags:
    network.protocol.version: 1.1
    server.address: localhost
    http.request.method: GET
    http.request.method: POST
    url.scheme: http
    url.scheme: http
    http.route: api/public/stores
Activity.Tags:
    http.response.status_code: 200
    server.address: localhost
Activity.StartTime:          2026-06-08T01:29:10.2273741Z
Activity.Duration:           00:00:00.1837789
Activity.Tags:
    server.address: localhost
(2026-06-08T01:29:04.1532598Z, 2026-06-08T01:29:10.4115997Z] http.request.method: GET http.response.status_code: 200 http.route: api/admin/dashboard network.protocol.version: 1.1 url.scheme: http
Value: Sum: 0.0702009 Count: 1 Min: 0.0702009 Max: 0.0702009 
(-Infinity,0,005]:0
(0,005,0,01]:0
(0,01,0,025]:0
(0,025,0,05]:0
(0,05,0,075]:1
(0,075,0,1]:0
(0,1,0,25]:0
(0,25,0,5]:0
(0,5,0,75]:0
(0,75,1]:0
(1,2,5]:0
(2,5,5]:0
(5,7,5]:0
(7,5,10]:0
(10,+Infinity]:0
Activity.StartTime:          2026-06-08T01:29:10.3322963Z
[22:29:10 INF] USER_LOGGED_IN | Login succeeded | UserId=019ea4d9-1350-767d-9497-9aa0f5a0cc3d | Email=store.search.b243a3d9025d41eba1cb11838c143429@urbeat.local | Role=Seller | IP=null
Activity.Duration:           00:00:00.0783839
Activity.Tags:
    server.address: localhost
    http.request.method: POST
    url.scheme: http
    url.path: /api/customer/addresses
    network.protocol.version: 1.1
[22:29:10 INF] HTTP POST /api/orders responded 400 in 156.1175 ms
(2026-06-08T01:29:04.1532598Z, 2026-06-08T01:29:10.4115997Z] http.request.method: GET http.response.status_code: 200 http.route: api/seller/panel network.protocol.version: 1.1 url.scheme: http
Value: Sum: 0.0039645 Count: 1 Min: 0.0039645 Max: 0.0039645 
(-Infinity,0,005]:1
(0,005,0,01]:0
(0,01,0,025]:0
(0,025,0,05]:0
(0,05,0,075]:0
(0,075,0,1]:0
(0,1,0,25]:0
(0,25,0,5]:0
(0,5,0,75]:0
(0,75,1]:0
(1,2,5]:0
(2,5,5]:0
(5,7,5]:0
(7,5,10]:0
(10,+Infinity]:0
    http.route: api/customer/addresses
    http.response.status_code: 201
Instrumentation scope (ActivitySource):
    url.path: /api/stores/019ea4d9-12d9-7426-a3c6-60f0ee044707/categories
    Name: Microsoft.AspNetCore
    network.protocol.version: 1.1
Resource associated with Activity:
    http.route: api/stores/{storeId}/categories
    telemetry.sdk.name: opentelemetry
    telemetry.sdk.language: dotnet
    http.response.status_code: 201
(2026-06-08T01:29:04.1532598Z, 2026-06-08T01:29:10.4115997Z] http.request.method: GET http.response.status_code: 401 http.route: api/seller/panel network.protocol.version: 1.1 url.scheme: http
Value: Sum: 0.0475293 Count: 1 Min: 0.0475293 Max: 0.0475293 
(-Infinity,0,005]:0
(0,005,0,01]:0
(0,01,0,025]:0
(0,025,0,05]:1
(0,05,0,075]:0
(0,075,0,1]:0
(0,1,0,25]:0
(0,25,0,5]:0
(0,5,0,75]:0
(0,75,1]:0
(1,2,5]:0
(2,5,5]:0
(5,7,5]:0
(7,5,10]:0
(10,+Infinity]:0
Instrumentation scope (ActivitySource):
[22:29:10 INF] Executing endpoint 'Urbeat.WebApi.Controllers.StoreCategoriesController.List (Urbeat.WebApi)'
    Name: Microsoft.AspNetCore
(2026-06-08T01:29:04.1532598Z, 2026-06-08T01:29:10.4115997Z] http.request.method: POST http.response.status_code: 200 http.route: api/auth/login/admin network.protocol.version: 1.1 url.scheme: http
Value: Sum: 1.0784249 Count: 5 Min: 0.0830577 Max: 0.4766453 
(-Infinity,0,005]:0
(0,005,0,01]:0
(0,01,0,025]:0
(0,025,0,05]:0
(0,05,0,075]:0
(0,075,0,1]:1
(0,1,0,25]:3
(0,25,0,5]:1
(0,5,0,75]:0
(0,75,1]:0
(1,2,5]:0
(2,5,5]:0
(5,7,5]:0
(7,5,10]:0
(10,+Infinity]:0
Resource associated with Activity:
    telemetry.sdk.name: opentelemetry
    telemetry.sdk.language: dotnet
    telemetry.sdk.version: 1.14.0
    service.name: unknown_service:testhost
(2026-06-08T01:29:04.1532598Z, 2026-06-08T01:29:10.4115997Z] http.request.method: POST http.response.status_code: 201 http.route: api/auth/register/seller network.protocol.version: 1.1 url.scheme: http
Value: Sum: 7.2049882000000025 Count: 25 Min: 0.0795934 Max: 0.6480225 
(-Infinity,0,005]:0
[xUnit.net 00:00:07.58]       Expected createOrderResponse.StatusCode to be HttpStatusCode.Created {value: 201}, but found HttpStatusCode.BadRequest {value: 400}.
(0,005,0,01]:0
(0,01,0,025]:0
(0,025,0,05]:0
(0,05,0,075]:0
(0,075,0,1]:1
(0,1,0,25]:15
(0,25,0,5]:2
(0,5,0,75]:7
(0,75,1]:0
(1,2,5]:0
(2,5,5]:0
(5,7,5]:0
(7,5,10]:0
(10,+Infinity]:0
    http.request.method: POST
    url.scheme: http
Instrumentation scope (ActivitySource):
    url.path: /api/auth/login/seller
    Name: Microsoft.AspNetCore
    network.protocol.version: 1.1
[xUnit.net 00:00:07.58]       Stack Trace:
Resource associated with Activity:
    http.route: api/auth/login/seller
    telemetry.sdk.name: opentelemetry
(2026-06-08T01:29:04.1532598Z, 2026-06-08T01:29:10.4115997Z] http.request.method: POST http.response.status_code: 201 http.route: api/auth/register/customer network.protocol.version: 1.1 url.scheme: http
Value: Sum: 2.0338778 Count: 8 Min: 0.1042389 Max: 0.6151793 
(-Infinity,0,005]:0
(0,005,0,01]:0
(0,01,0,025]:0
(0,025,0,05]:0
(0,05,0,075]:0
(0,075,0,1]:0
(0,1,0,25]:4
(0,25,0,5]:3
(0,5,0,75]:1
(0,75,1]:0
(1,2,5]:0
[xUnit.net 00:00:07.58]            at FluentAssertions.Execution.LateBoundTestFramework.Throw(String message)
(2,5,5]:0
(5,7,5]:0
(7,5,10]:0
(10,+Infinity]:0
[xUnit.net 00:00:07.58]            at FluentAssertions.Execution.DefaultAssertionStrategy.HandleFailure(String message)
[xUnit.net 00:00:07.58]            at FluentAssertions.Execution.AssertionScope.AddPreFormattedFailure(String formattedFailureMessage)
[22:29:10 INF] Route matched with {action = "List", controller = "StoreCategories"}. Executing controller action with signature System.Threading.Tasks.Task`1[Microsoft.AspNetCore.Mvc.IActionResult] List(System.Guid, System.Threading.CancellationToken) on controller Urbeat.WebApi.Controllers.StoreCategoriesController (Urbeat.WebApi).
(2026-06-08T01:29:04.1532598Z, 2026-06-08T01:29:10.4115997Z] http.request.method: GET http.response.status_code: 401 http.route: api/admin/dashboard network.protocol.version: 1.1 url.scheme: http
Value: Sum: 0.0472334 Count: 1 Min: 0.0472334 Max: 0.0472334 
(-Infinity,0,005]:0
(0,005,0,01]:0
(0,01,0,025]:0
(0,025,0,05]:1
(0,05,0,075]:0
(0,075,0,1]:0
[xUnit.net 00:00:07.58]            at FluentAssertions.Execution.AssertionChain.FailWith(Func`1 getFailureReason)
(0,1,0,25]:0
(0,25,0,5]:0
(0,5,0,75]:0
(0,75,1]:0
(1,2,5]:0
(2,5,5]:0
(5,7,5]:0
(7,5,10]:0
(10,+Infinity]:0
    url.path: /api/stores/019ea4d9-1271-78ad-b009-45688dfe7a80/business-hours
[xUnit.net 00:00:07.58]            at FluentAssertions.Execution.AssertionChain.FailWith(Func`1 getFailureReason)
[xUnit.net 00:00:07.58]            at FluentAssertions.Execution.AssertionChain.FailWith(String message, Object[] args)
[xUnit.net 00:00:07.58]            at FluentAssertions.Primitives.EnumAssertions`2.Be(TEnum expected, String because, Object[] becauseArgs)
[22:29:10 INF] Request finished HTTP/1.1 POST http://localhost/api/orders - 400 null application/problem+json; charset=utf-8 157.5988ms
    telemetry.sdk.version: 1.14.0
[22:29:10 INF] Saved 1 entities to in-memory store.
    service.name: unknown_service:testhost
    http.response.status_code: 200
Instrumentation scope (ActivitySource):
    Name: Microsoft.AspNetCore
Resource associated with Activity:
    http.request.method: PUT
    telemetry.sdk.name: opentelemetry
    url.scheme: http
    telemetry.sdk.language: dotnet
    url.path: /api/stores/019ea4d9-1305-7992-96a6-8261cf8e3c07/categories/019ea4d9-132f-7c9a-81b7-70da9920cba1
Activity.TraceId:            35e9df8ab84caaafbf45947e115c9d19
Activity.SpanId:             494a6c62e3c9ea60
    network.protocol.version: 1.1
Activity.TraceFlags:         Recorded
    http.route: api/stores/{storeId}/business-hours
Activity.DisplayName:        POST api/auth/register/customer
[xUnit.net 00:00:07.58]         C:\Projetos\urbeat\backend\tests\Urbeat.IntegrationTests\Api\OrdersFlowTests.cs(67,0): at Urbeat.IntegrationTests.Api.OrdersFlowTests.CustomerAndSeller_ShouldHandleOrdersLifecycle()
    http.response.status_code: 200
Activity.Kind:               Server
Instrumentation scope (ActivitySource):
    Name: Microsoft.AspNetCore
Resource associated with Activity:
[xUnit.net 00:00:07.58]         --- End of stack trace from previous location ---
Activity.StartTime:          2026-06-08T01:29:10.2258532Z
Activity.Duration:           00:00:00.1456663
Activity.Tags:
    telemetry.sdk.version: 1.14.0
    server.address: localhost
    http.request.method: POST
    service.name: unknown_service:testhost
    url.scheme: http
    network.protocol.version: 1.1
    url.path: /api/auth/register/customer
    http.route: api/stores/{storeId}/categories/{categoryId}
    network.protocol.version: 1.1
    http.response.status_code: 200
    http.route: api/auth/register/customer
    http.response.status_code: 201
Instrumentation scope (ActivitySource):
    telemetry.sdk.name: opentelemetry
    Name: Microsoft.AspNetCore
Instrumentation scope (ActivitySource):
Resource associated with Activity:
    Name: Microsoft.AspNetCore
    telemetry.sdk.language: dotnet
    telemetry.sdk.name: opentelemetry
    telemetry.sdk.version: 1.14.0
    telemetry.sdk.language: dotnet
    service.name: unknown_service:testhost
    telemetry.sdk.version: 1.14.0
    service.name: unknown_service:testhost
(2026-06-08T01:29:04.1532598Z, 2026-06-08T01:29:10.4115997Z] http.request.method: GET http.response.status_code: 401 http.route: api/customer/home network.protocol.version: 1.1 url.scheme: http
Value: Sum: 0.0376968 Count: 1 Min: 0.0376968 Max: 0.0376968 
(-Infinity,0,005]:0
(0,005,0,01]:0
(0,01,0,025]:0
(0,025,0,05]:1
(0,05,0,075]:0
(0,075,0,1]:0
(0,1,0,25]:0
(0,25,0,5]:0
(0,5,0,75]:0
(0,75,1]:0
(1,2,5]:0
(2,5,5]:0
(5,7,5]:0
(7,5,10]:0
(10,+Infinity]:0
Activity.TraceId:            08ef4f8138e4a96f46a6869b98e19eb4
Activity.TraceId:            df0d5987920b42cb617442a1cb3b6bf9
Activity.SpanId:             7dd8ffffb2df99d3
Activity.SpanId:             98feffc332110632
Activity.TraceFlags:         Recorded
Activity.DisplayName:        POST api/auth/login/seller
Activity.TraceFlags:         Recorded
Activity.Kind:               Server
Activity.DisplayName:        POST api/customer/addresses
Activity.Kind:               Server
Activity.StartTime:          2026-06-08T01:29:10.2923693Z
Activity.StartTime:          2026-06-08T01:29:10.3322963Z
Activity.Duration:           00:00:00.1183515
[22:29:10 INF] Executed action method Urbeat.WebApi.Controllers.AuthController.LoginSeller (Urbeat.WebApi), returned result Microsoft.AspNetCore.Mvc.OkObjectResult in 78.4078ms.
Activity.Duration:           00:00:00.0783839
Activity.Tags:
Activity.Tags:
    server.address: localhost
    http.request.method: POST
    url.scheme: http
(2026-06-08T01:29:04.1532598Z, 2026-06-08T01:29:10.4115997Z] http.request.method: POST http.response.status_code: 201 http.route: api/admin/plans network.protocol.version: 1.1 url.scheme: http
Value: Sum: 0.5383198 Count: 4 Min: 0.0746597 Max: 0.2358555 
(-Infinity,0,005]:0
(0,005,0,01]:0
(0,01,0,025]:0
(0,025,0,05]:0
(0,05,0,075]:1
(0,075,0,1]:1
(0,1,0,25]:2
(0,25,0,5]:0
(0,5,0,75]:0
(0,75,1]:0
(1,2,5]:0
(2,5,5]:0
(5,7,5]:0
(7,5,10]:0
(10,+Infinity]:0
[22:29:10 INF] Executing action method Urbeat.WebApi.Controllers.StoreCategoriesController.List (Urbeat.WebApi) - Validation state: Valid
    telemetry.sdk.language: dotnet
    telemetry.sdk.version: 1.14.0
    service.name: unknown_service:testhost
(2026-06-08T01:29:04.1532598Z, 2026-06-08T01:29:10.4115997Z] http.request.method: POST http.response.status_code: 200 http.route: api/auth/login/customer network.protocol.version: 1.1 url.scheme: http
Value: Sum: 0.8203032 Count: 4 Min: 0.105938 Max: 0.2854274 
(-Infinity,0,005]:0
(0,005,0,01]:0
(0,01,0,025]:0
(0,025,0,05]:0
(0,05,0,075]:0
(0,075,0,1]:0
(0,1,0,25]:3
(0,25,0,5]:1
(0,5,0,75]:0
(0,75,1]:0
(1,2,5]:0
(2,5,5]:0
(5,7,5]:0
(7,5,10]:0
(10,+Infinity]:0
Resource associated with Activity:
[22:29:10 INF] Saved 2 entities to in-memory store.
    telemetry.sdk.name: opentelemetry
Activity.TraceId:            30c1fee2e84205299c1e4c3437512666
[22:29:10 INF] Executing action method Urbeat.WebApi.Controllers.CheckoutController.Preview (Urbeat.WebApi) - Validation state: Valid
Activity.SpanId:             17670bbf17aff2cf
(2026-06-08T01:29:04.1532598Z, 2026-06-08T01:29:10.4115997Z] http.request.method: POST http.response.status_code: 200 http.route: api/auth/login/seller network.protocol.version: 1.1 url.scheme: http
Value: Sum: 3.1282587000000004 Count: 19 Min: 0.0901538 Max: 0.2976963 
(-Infinity,0,005]:0
(0,005,0,01]:0
(0,01,0,025]:0
(0,025,0,05]:0
(0,05,0,075]:0
(0,075,0,1]:2
(0,1,0,25]:15
(0,25,0,5]:2
(0,5,0,75]:0
(0,75,1]:0
(1,2,5]:0
(2,5,5]:0
(5,7,5]:0
(7,5,10]:0
(10,+Infinity]:0
  Passed Urbeat.IntegrationTests.Api.StoreCategoriesFlowTests.Seller_ShouldDeleteCategory [1 s]
  Passed Urbeat.IntegrationTests.Api.StoreFlowTests.Seller_ShouldNotCreateStore_WithInvalidCuisineType [511 ms]
  Passed Urbeat.IntegrationTests.Api.EmailConfirmationFlowTests.RegisterSeller_ShouldSendSellerSpecificTemplate [247 ms]
  Passed Urbeat.IntegrationTests.Api.SellerSubscriptionContractFlowTests.Contract_ShouldReturnConflict_WhenStoreAlreadyContracted [988 ms]
  Passed Urbeat.IntegrationTests.Api.StoreManagementFlowTests.Seller_ShouldUpsertAndGetBusinessHours [990 ms]
  Failed Urbeat.IntegrationTests.Api.OrdersFlowTests.CustomerAndSeller_ShouldHandleOrdersLifecycle [2 s]
  Error Message:
   Expected createOrderResponse.StatusCode to be HttpStatusCode.Created {value: 201}, but found HttpStatusCode.BadRequest {value: 400}.
  Stack Trace:
     at FluentAssertions.Execution.LateBoundTestFramework.Throw(String message)
   at FluentAssertions.Execution.DefaultAssertionStrategy.HandleFailure(String message)
   at FluentAssertions.Execution.AssertionScope.AddPreFormattedFailure(String formattedFailureMessage)
   at FluentAssertions.Execution.AssertionChain.FailWith(Func`1 getFailureReason)
   at FluentAssertions.Execution.AssertionChain.FailWith(Func`1 getFailureReason)
   at FluentAssertions.Execution.AssertionChain.FailWith(String message, Object[] args)
   at FluentAssertions.Primitives.EnumAssertions`2.Be(TEnum expected, String because, Object[] becauseArgs)
   at Urbeat.IntegrationTests.Api.OrdersFlowTests.CustomerAndSeller_ShouldHandleOrdersLifecycle() in C:\Projetos\urbeat\backend\tests\Urbeat.IntegrationTests\Api\OrdersFlowTests.cs:line 67
--- End of stack trace from previous location ---
Activity.TraceId:            add3f1c7b45fabe2b37e3579e17ae2a6
Activity.SpanId:             033b38b85951bf71
Activity.TraceFlags:         Recorded
(2026-06-08T01:29:04.1532598Z, 2026-06-08T01:29:10.4115997Z] http.request.method: POST http.response.status_code: 400 http.route: api/auth/email/confirm/{code} network.protocol.version: 1.1 url.scheme: http
Value: Sum: 0.3338337 Count: 4 Min: 0.0280381 Max: 0.2124374 
(-Infinity,0,005]:0
(0,005,0,01]:0
(0,01,0,025]:0
(0,025,0,05]:2
(0,05,0,075]:1
(0,075,0,1]:0
(0,1,0,25]:1
(0,25,0,5]:0
(0,5,0,75]:0
(0,75,1]:0
(1,2,5]:0
(2,5,5]:0
(5,7,5]:0
(7,5,10]:0
(10,+Infinity]:0
    url.path: /api/auth/login/seller
    telemetry.sdk.language: dotnet
(2026-06-08T01:29:04.1532598Z, 2026-06-08T01:29:10.4115997Z] http.request.method: POST http.response.status_code: 400 http.route: api/auth/email/resend-confirmation network.protocol.version: 1.1 url.scheme: http
Value: Sum: 0.2919295 Count: 2 Min: 0.0771669 Max: 0.2147626 
(-Infinity,0,005]:0
(0,005,0,01]:0
(0,01,0,025]:0
(0,025,0,05]:0
(0,05,0,075]:0
(0,075,0,1]:1
(0,1,0,25]:1
(0,25,0,5]:0
(0,5,0,75]:0
(0,75,1]:0
(1,2,5]:0
(2,5,5]:0
(5,7,5]:0
(7,5,10]:0
(10,+Infinity]:0
    telemetry.sdk.version: 1.14.0
    network.protocol.version: 1.1
    service.name: unknown_service:testhost
    http.route: api/auth/login/seller
(2026-06-08T01:29:04.1532598Z, 2026-06-08T01:29:10.4115997Z] http.request.method: PUT http.response.status_code: 200 http.route: api/admin/plans/{planId} network.protocol.version: 1.1 url.scheme: http
Value: Sum: 0.0809147 Count: 1 Min: 0.0809147 Max: 0.0809147 
(-Infinity,0,005]:0
(0,005,0,01]:0
(0,01,0,025]:0
(0,025,0,05]:0
(0,05,0,075]:0
(0,075,0,1]:1
(0,1,0,25]:0
(0,25,0,5]:0
(0,5,0,75]:0
(0,75,1]:0
(1,2,5]:0
(2,5,5]:0
(5,7,5]:0
(7,5,10]:0
(10,+Infinity]:0
    http.response.status_code: 200
Instrumentation scope (ActivitySource):
    Name: Microsoft.AspNetCore
Resource associated with Activity:
Activity.TraceId:            35e9df8ab84caaafbf45947e115c9d19
Activity.TraceId:            7baa666ab1fa11e8f04ab74e903eb4f0
Activity.SpanId:             494a6c62e3c9ea60
[22:29:10 INF] Executing OkObjectResult, writing value of type 'Urbeat.Application.DTOs.AuthTokenResponseDto'.
Activity.TraceFlags:         Recorded
[22:29:10 INF] Request starting HTTP/1.1 POST http://localhost/api/auth/register/seller - application/json; charset=utf-8 null
Activity.DisplayName:        POST api/auth/register/customer
Activity.SpanId:             bc9ca2c9f5b24ca7
Activity.Kind:               Server
Activity.TraceFlags:         Recorded
Activity.DisplayName:        POST api/orders
Activity.Kind:               Server
Activity.StartTime:          2026-06-08T01:29:10.2258532Z
    server.address: localhost
Activity.Duration:           00:00:00.1456663
    http.request.method: POST
Activity.StartTime:          2026-06-08T01:29:10.2926804Z
[22:29:10 INF] Executing action method Urbeat.WebApi.Controllers.StoresController.Create (Urbeat.WebApi) - Validation state: Valid
Activity.Duration:           00:00:00.1577927
    url.scheme: http
Activity.Tags:
    url.path: /api/customer/addresses
    server.address: localhost
[22:29:10 INF] Executed action method Urbeat.WebApi.Controllers.PublicStoresController.GetById (Urbeat.WebApi), returned result Microsoft.AspNetCore.Mvc.NotFoundResult in 7.6932ms.
    network.protocol.version: 1.1
    http.request.method: POST
    http.route: api/customer/addresses
    url.scheme: http
    http.response.status_code: 201
    url.path: /api/orders
[22:29:10 INF] Saved 1 entities to in-memory store.
    network.protocol.version: 1.1
    http.route: api/orders
Instrumentation scope (ActivitySource):
    http.response.status_code: 400
    Name: Microsoft.AspNetCore
Instrumentation scope (ActivitySource):
    Name: Microsoft.AspNetCore
Resource associated with Activity:
[22:29:10 INF] Executing action method Urbeat.WebApi.Controllers.StoreProductsController.Create (Urbeat.WebApi) - Validation state: Valid
Resource associated with Activity:
    telemetry.sdk.name: opentelemetry
    telemetry.sdk.name: opentelemetry
    telemetry.sdk.language: dotnet
    telemetry.sdk.version: 1.14.0
    service.name: unknown_service:testhost
    telemetry.sdk.language: dotnet
    telemetry.sdk.version: 1.14.0
    service.name: unknown_service:testhost
[22:29:10 INF] USER_LOGGED_IN | Login succeeded | UserId=019ea4d9-1371-740b-8c29-0b0001601230 | Email=payments.customer.114e5617a04a4f9db0c73fed7921a24d@urbeat.local | Role=Customer | IP=null
Activity.TraceId:            d200a1973b8db5745e3f96fa9176b914
[22:29:10 INF] Executed action Urbeat.WebApi.Controllers.AuthController.LoginSeller (Urbeat.WebApi) in 114.2108ms
Activity.SpanId:             512e5893112aa2fc
Activity.TraceFlags:         Recorded
Activity.DisplayName:        PUT api/stores/{storeId}/categories/{categoryId}
Activity.Kind:               Server
Activity.StartTime:          2026-06-08T01:29:10.2273741Z
Activity.Duration:           00:00:00.1837789
Activity.Tags:
    server.address: localhost
    http.request.method: PUT
    url.scheme: http
    url.path: /api/stores/019ea4d9-1305-7992-96a6-8261cf8e3c07/categories/019ea4d9-132f-7c9a-81b7-70da9920cba1
    network.protocol.version: 1.1
    http.route: api/stores/{storeId}/categories/{categoryId}
    http.response.status_code: 200
Instrumentation scope (ActivitySource):
[22:29:10 INF] Executed endpoint 'Urbeat.WebApi.Controllers.AuthController.LoginSeller (Urbeat.WebApi)'
    Name: Microsoft.AspNetCore
Resource associated with Activity:
    telemetry.sdk.name: opentelemetry
    telemetry.sdk.language: dotnet
    telemetry.sdk.version: 1.14.0
    service.name: unknown_service:testhost
[22:29:10 INF] Saved 1 entities to in-memory store.
    telemetry.sdk.name: opentelemetry
(2026-06-08T01:29:04.1532598Z, 2026-06-08T01:29:10.4115997Z] http.request.method: PATCH http.response.status_code: 200 http.route: api/admin/plans/{planId}/status network.protocol.version: 1.1 url.scheme: http
Value: Sum: 0.0077534 Count: 1 Min: 0.0077534 Max: 0.0077534 
(-Infinity,0,005]:0
(0,005,0,01]:1
(0,01,0,025]:0
(0,025,0,05]:0
(0,05,0,075]:0
(0,075,0,1]:0
(0,1,0,25]:0
(0,25,0,5]:0
(0,5,0,75]:0
(0,75,1]:0
(1,2,5]:0
(2,5,5]:0
(5,7,5]:0
(7,5,10]:0
(10,+Infinity]:0
Activity.TraceFlags:         Recorded
Activity.DisplayName:        POST api/stores/{storeId}/categories
Activity.Tags:
Activity.Kind:               Server
(2026-06-08T01:29:04.1532598Z, 2026-06-08T01:29:10.4115997Z] http.request.method: GET http.response.status_code: 200 http.route: /health network.protocol.version: 1.1 url.scheme: http
Value: Sum: 0.0093709 Count: 1 Min: 0.0093709 Max: 0.0093709 
(-Infinity,0,005]:0
(0,005,0,01]:1
(0,01,0,025]:0
(0,025,0,05]:0
(0,05,0,075]:0
(0,075,0,1]:0
(0,1,0,25]:0
(0,25,0,5]:0
(0,5,0,75]:0
(0,75,1]:0
(1,2,5]:0
(2,5,5]:0
(5,7,5]:0
(7,5,10]:0
(10,+Infinity]:0
    server.address: localhost
Activity.StartTime:          2026-06-08T01:29:10.1506602Z
    http.request.method: POST
Activity.Duration:           00:00:00.1805626
(2026-06-08T01:29:04.1532598Z, 2026-06-08T01:29:10.4115997Z] http.request.method: POST http.response.status_code: 400 http.route: api/stores network.protocol.version: 1.1 url.scheme: http
Value: Sum: 0.2921478 Count: 2 Min: 0.0445437 Max: 0.2476041 
(-Infinity,0,005]:0
(0,005,0,01]:0
(0,01,0,025]:0
(0,025,0,05]:1
(0,05,0,075]:0
(0,075,0,1]:0
(0,1,0,25]:1
(0,25,0,5]:0
(0,5,0,75]:0
(0,75,1]:0
(1,2,5]:0
(2,5,5]:0
(5,7,5]:0
(7,5,10]:0
(10,+Infinity]:0
Activity.Tags:
    server.address: localhost
Activity.DisplayName:        GET api/stores/{storeId}/business-hours
    http.request.method: POST
(2026-06-08T01:29:04.1532598Z, 2026-06-08T01:29:10.4115997Z] http.request.method: GET http.response.status_code: 200 http.route: api/stores/cuisine-types network.protocol.version: 1.1 url.scheme: http
Value: Sum: 0.1734619 Count: 1 Min: 0.1734619 Max: 0.1734619 
(-Infinity,0,005]:0
(0,005,0,01]:0
(0,01,0,025]:0
(0,025,0,05]:0
(0,05,0,075]:0
(0,075,0,1]:0
(0,1,0,25]:1
(0,25,0,5]:0
(0,5,0,75]:0
(0,75,1]:0
(1,2,5]:0
(2,5,5]:0
(5,7,5]:0
(7,5,10]:0
(10,+Infinity]:0
Activity.Kind:               Server
    url.scheme: http
Activity.StartTime:          2026-06-08T01:29:10.2923832Z
    url.path: /api/stores/019ea4d9-12d9-7426-a3c6-60f0ee044707/categories
Activity.Duration:           00:00:00.0794198
    network.protocol.version: 1.1
    telemetry.sdk.language: dotnet
    http.route: api/stores/{storeId}/categories
    telemetry.sdk.version: 1.14.0
    http.response.status_code: 201
    service.name: unknown_service:testhost
Instrumentation scope (ActivitySource):
    url.scheme: http
    Name: Microsoft.AspNetCore
    url.path: /api/auth/register/customer
Resource associated with Activity:
    network.protocol.version: 1.1
    http.route: api/auth/register/customer
    telemetry.sdk.name: opentelemetry
Activity.TraceId:            08ef4f8138e4a96f46a6869b98e19eb4
    telemetry.sdk.language: dotnet
Activity.SpanId:             7dd8ffffb2df99d3
    telemetry.sdk.version: 1.14.0
    http.response.status_code: 201
    service.name: unknown_service:testhost
Instrumentation scope (ActivitySource):
Activity.TraceFlags:         Recorded
    Name: Microsoft.AspNetCore
Activity.DisplayName:        POST api/auth/login/seller
Resource associated with Activity:
Activity.Kind:               Server
    telemetry.sdk.name: opentelemetry
    telemetry.sdk.language: dotnet
    telemetry.sdk.version: 1.14.0
    service.name: unknown_service:testhost
Activity.StartTime:          2026-06-08T01:29:10.2923693Z
Activity.Tags:
Activity.Duration:           00:00:00.1183515
Activity.TraceId:            35e9df8ab84caaafbf45947e115c9d19
    server.address: localhost
Activity.Tags:
Activity.TraceId:            7baa666ab1fa11e8f04ab74e903eb4f0
    http.request.method: GET
Activity.SpanId:             bc9ca2c9f5b24ca7
    server.address: localhost
    url.scheme: http
Activity.TraceFlags:         Recorded
    url.path: /api/stores/019ea4d9-1271-78ad-b009-45688dfe7a80/business-hours
Activity.DisplayName:        POST api/orders
    http.request.method: POST
    network.protocol.version: 1.1
    url.scheme: http
    http.route: api/stores/{storeId}/business-hours
    url.path: /api/auth/login/seller
Activity.Kind:               Server
    http.response.status_code: 200
    network.protocol.version: 1.1
Instrumentation scope (ActivitySource):
Activity.StartTime:          2026-06-08T01:29:10.2926804Z
    Name: Microsoft.AspNetCore
    http.route: api/auth/login/seller
Activity.Duration:           00:00:00.1577927
Resource associated with Activity:
Activity.Tags:
    telemetry.sdk.name: opentelemetry
    server.address: localhost
    telemetry.sdk.language: dotnet
    http.request.method: POST
    telemetry.sdk.version: 1.14.0
    http.response.status_code: 200
[22:29:10 INF] Executing ObjectResult, writing value of type 'Microsoft.AspNetCore.Mvc.ProblemDetails'.
    service.name: unknown_service:testhost
Instrumentation scope (ActivitySource):
    url.scheme: http
    url.path: /api/orders
    Name: Microsoft.AspNetCore
    network.protocol.version: 1.1
[22:29:10 INF] SellerRegistered | Registration succeeded | UserId=019ea4d9-13e3-7fd1-850c-59671f6b1a5c | Email=store.public.cd4845d4cb75434ea2c3ac4a90f79bdc@urbeat.local | Role=Seller
Activity.TraceId:            df0d5987920b42cb617442a1cb3b6bf9
Activity.TraceId:            add3f1c7b45fabe2b37e3579e17ae2a6
Activity.SpanId:             98feffc332110632
    http.route: api/orders
Activity.TraceFlags:         Recorded
Activity.SpanId:             033b38b85951bf71
[22:29:10 INF] Executed action method Urbeat.WebApi.Controllers.CheckoutController.Preview (Urbeat.WebApi), returned result Microsoft.AspNetCore.Mvc.BadRequestObjectResult in 0.2834ms.
Activity.DisplayName:        POST api/customer/addresses
Activity.TraceFlags:         Recorded
Activity.Kind:               Server
    http.response.status_code: 400
Activity.DisplayName:        GET api/stores/{storeId}/business-hours
Instrumentation scope (ActivitySource):
Activity.StartTime:          2026-06-08T01:29:10.3322963Z
[22:29:10 INF] HTTP POST /api/auth/login/seller responded 200 in 114.7406 ms
Activity.Duration:           00:00:00.0783839
Activity.Kind:               Server
    Name: Microsoft.AspNetCore
Activity.Tags:
Resource associated with Activity:
    server.address: localhost
Activity.StartTime:          2026-06-08T01:29:10.2923832Z
    http.request.method: POST
    telemetry.sdk.name: opentelemetry
Activity.Duration:           00:00:00.0794198
    telemetry.sdk.language: dotnet
Activity.Tags:
[22:29:10 INF] Executing endpoint 'Urbeat.WebApi.Controllers.AuthController.RegisterSeller (Urbeat.WebApi)'
    url.scheme: http
    server.address: localhost
    telemetry.sdk.version: 1.14.0
    http.request.method: GET
    url.path: /api/customer/addresses
    service.name: unknown_service:testhost
    url.scheme: http
    network.protocol.version: 1.1
    url.path: /api/stores/019ea4d9-1271-78ad-b009-45688dfe7a80/business-hours
    http.route: api/customer/addresses
    network.protocol.version: 1.1
    http.response.status_code: 201
Activity.TraceId:            7baa666ab1fa11e8f04ab74e903eb4f0
(2026-06-08T01:29:04.1532598Z, 2026-06-08T01:29:10.4115997Z] http.request.method: POST http.response.status_code: 201 http.route: api/customer/addresses network.protocol.version: 1.1 url.scheme: http
Value: Sum: 0.7514489 Count: 6 Min: 0.0676852 Max: 0.3100963 
(-Infinity,0,005]:0
(0,005,0,01]:0
(0,01,0,025]:0
(0,025,0,05]:0
(0,05,0,075]:1
(0,075,0,1]:2
(0,1,0,25]:2
(0,25,0,5]:1
(0,5,0,75]:0
(0,75,1]:0
(1,2,5]:0
(2,5,5]:0
(5,7,5]:0
(7,5,10]:0
(10,+Infinity]:0
Activity.SpanId:             bc9ca2c9f5b24ca7
Activity.TraceFlags:         Recorded
Activity.SpanId:             494a6c62e3c9ea60
Activity.DisplayName:        POST api/orders
Activity.Kind:               Server
Resource associated with Activity:
Activity.StartTime:          2026-06-08T01:29:10.2926804Z
Activity.TraceFlags:         Recorded
    http.route: api/stores/{storeId}/business-hours
Activity.DisplayName:        POST api/auth/register/customer
    http.response.status_code: 200
Activity.Kind:               Server
Instrumentation scope (ActivitySource):
Instrumentation scope (ActivitySource):
    Name: Microsoft.AspNetCore
Activity.StartTime:          2026-06-08T01:29:10.2258532Z
Resource associated with Activity:
Activity.Duration:           00:00:00.1456663
    telemetry.sdk.name: opentelemetry
Activity.Tags:
    telemetry.sdk.language: dotnet
    server.address: localhost
    http.request.method: POST
    url.scheme: http
    telemetry.sdk.version: 1.14.0
    url.path: /api/auth/register/customer
    service.name: unknown_service:testhost
Activity.TraceId:            d200a1973b8db5745e3f96fa9176b914
    network.protocol.version: 1.1
Activity.SpanId:             512e5893112aa2fc
    http.route: api/auth/register/customer
Activity.TraceFlags:         Recorded
    http.response.status_code: 201
Activity.DisplayName:        PUT api/stores/{storeId}/categories/{categoryId}
Instrumentation scope (ActivitySource):
Activity.Kind:               Server
[22:29:10 INF] Saved 1 entities to in-memory store.
Activity.TraceId:            add3f1c7b45fabe2b37e3579e17ae2a6
Activity.StartTime:          2026-06-08T01:29:10.2273741Z
Activity.SpanId:             033b38b85951bf71
Activity.Duration:           00:00:00.1837789
[22:29:10 INF] Route matched with {action = "RegisterSeller", controller = "Auth"}. Executing controller action with signature System.Threading.Tasks.Task`1[Microsoft.AspNetCore.Mvc.IActionResult] RegisterSeller(Urbeat.Application.DTOs.RegisterUserRequestDto, System.Threading.CancellationToken) on controller Urbeat.WebApi.Controllers.AuthController (Urbeat.WebApi).
Activity.Tags:
    server.address: localhost
    http.request.method: PUT
Activity.Duration:           00:00:00.1577927
[22:29:10 INF] Executing BadRequestObjectResult, writing value of type 'Microsoft.AspNetCore.Mvc.ValidationProblemDetails'.
    url.scheme: http
    url.path: /api/stores/019ea4d9-1305-7992-96a6-8261cf8e3c07/categories/019ea4d9-132f-7c9a-81b7-70da9920cba1
    network.protocol.version: 1.1
Activity.Tags:
    http.route: api/stores/{storeId}/categories/{categoryId}
    server.address: localhost
    http.response.status_code: 200
    http.request.method: POST
    url.scheme: http
Instrumentation scope (ActivitySource):
[22:29:10 INF] Request finished HTTP/1.1 POST http://localhost/api/auth/login/seller - 200 null application/json; charset=utf-8 154.2961ms
    Name: Microsoft.AspNetCore
    url.path: /api/orders
Resource associated with Activity:
    network.protocol.version: 1.1
    telemetry.sdk.name: opentelemetry
    http.route: api/orders
    telemetry.sdk.language: dotnet
    telemetry.sdk.version: 1.14.0
    http.response.status_code: 400
[22:29:10 INF] Executed action method Urbeat.WebApi.Controllers.AuthController.RegisterSeller (Urbeat.WebApi), returned result Microsoft.AspNetCore.Mvc.ObjectResult in 116.1066ms.
Instrumentation scope (ActivitySource):
    service.name: unknown_service:testhost
    Name: Microsoft.AspNetCore
Resource associated with Activity:
    telemetry.sdk.name: opentelemetry
    telemetry.sdk.language: dotnet
    telemetry.sdk.version: 1.14.0
(2026-06-08T01:29:04.1532598Z, 2026-06-08T01:29:10.4115997Z] http.request.method: POST http.response.status_code: 415 http.route: api/auth/email/confirm network.protocol.version: 1.1 url.scheme: http
Value: Sum: 0.1076132 Count: 2 Min: 0.0021767 Max: 0.1054365 
(-Infinity,0,005]:1
(0,005,0,01]:0
(0,01,0,025]:0
(0,025,0,05]:0
(0,05,0,075]:0
(0,075,0,1]:0
(0,1,0,25]:1
(0,25,0,5]:0
(0,5,0,75]:0
(0,75,1]:0
(1,2,5]:0
(2,5,5]:0
(5,7,5]:0
(7,5,10]:0
(10,+Infinity]:0
    service.name: unknown_service:testhost
    telemetry.sdk.name: opentelemetry
Activity.TraceId:            7baa666ab1fa11e8f04ab74e903eb4f0
[22:29:10 INF] Executed action method Urbeat.WebApi.Controllers.StoreCategoriesController.List (Urbeat.WebApi), returned result Microsoft.AspNetCore.Mvc.OkObjectResult in 1.2151ms.
(2026-06-08T01:29:04.1532598Z, 2026-06-08T01:29:10.4115997Z] http.request.method: POST http.response.status_code: 201 http.route: api/stores network.protocol.version: 1.1 url.scheme: http
Value: Sum: 3.1423821999999997 Count: 15 Min: 0.0656982 Max: 0.4716885 
(-Infinity,0,005]:0
(0,005,0,01]:0
(0,01,0,025]:0
(0,025,0,05]:0
(0,05,0,075]:1
(0,075,0,1]:2
(0,1,0,25]:7
(0,25,0,5]:5
(0,5,0,75]:0
(0,75,1]:0
(1,2,5]:0
(2,5,5]:0
(5,7,5]:0
(7,5,10]:0
(10,+Infinity]:0
Activity.SpanId:             bc9ca2c9f5b24ca7
Activity.TraceFlags:         Recorded
Activity.DisplayName:        POST api/orders
Activity.Kind:               Server
(2026-06-08T01:29:04.1532598Z, 2026-06-08T01:29:10.4115997Z] http.request.method: GET http.response.status_code: 200 http.route: api/admin/plans network.protocol.version: 1.1 url.scheme: http
Value: Sum: 0.1440776 Count: 1 Min: 0.1440776 Max: 0.1440776 
(-Infinity,0,005]:0
(0,005,0,01]:0
(0,01,0,025]:0
(0,025,0,05]:0
(0,05,0,075]:0
(0,075,0,1]:0
(0,1,0,25]:1
(0,25,0,5]:0
(0,5,0,75]:0
(0,75,1]:0
(1,2,5]:0
(2,5,5]:0
(5,7,5]:0
(7,5,10]:0
(10,+Infinity]:0
Activity.StartTime:          2026-06-08T01:29:10.2926804Z
Activity.Duration:           00:00:00.1577927
Activity.Tags:
    server.address: localhost
    http.request.method: POST
(2026-06-08T01:29:04.1532598Z, 2026-06-08T01:29:10.4115997Z] http.request.method: POST http.response.status_code: 200 http.route: api/auth/email/resend-confirmation network.protocol.version: 1.1 url.scheme: http
Value: Sum: 0.2775514 Count: 3 Min: 0.0689539 Max: 0.1048669 
(-Infinity,0,005]:0
(0,005,0,01]:0
(0,01,0,025]:0
(0,025,0,05]:0
(0,05,0,075]:1
(0,075,0,1]:0
(0,1,0,25]:2
(0,25,0,5]:0
(0,5,0,75]:0
(0,75,1]:0
(1,2,5]:0
(2,5,5]:0
(5,7,5]:0
(7,5,10]:0
(10,+Infinity]:0
[22:29:10 INF] Saved 1 entities to in-memory store.
    url.scheme: http
    url.path: /api/orders
    Name: Microsoft.AspNetCore
    network.protocol.version: 1.1
Resource associated with Activity:
    http.route: api/orders
    telemetry.sdk.name: opentelemetry
    http.response.status_code: 400
    telemetry.sdk.language: dotnet
Instrumentation scope (ActivitySource):
    telemetry.sdk.version: 1.14.0
    Name: Microsoft.AspNetCore
    service.name: unknown_service:testhost
Activity.TraceFlags:         Recorded
Resource associated with Activity:
Activity.DisplayName:        GET api/stores/{storeId}/business-hours
    telemetry.sdk.name: opentelemetry
Activity.TraceId:            d200a1973b8db5745e3f96fa9176b914
    telemetry.sdk.language: dotnet
Activity.Kind:               Server
    telemetry.sdk.version: 1.14.0
Activity.SpanId:             512e5893112aa2fc
    service.name: unknown_service:testhost
Activity.TraceFlags:         Recorded
    telemetry.sdk.language: dotnet
Activity.StartTime:          2026-06-08T01:29:10.2923832Z
Activity.DisplayName:        PUT api/stores/{storeId}/categories/{categoryId}
Activity.Duration:           00:00:00.0794198
    telemetry.sdk.version: 1.14.0
Activity.TraceId:            7baa666ab1fa11e8f04ab74e903eb4f0
    service.name: unknown_service:testhost
Activity.Kind:               Server
Activity.SpanId:             bc9ca2c9f5b24ca7
Activity.StartTime:          2026-06-08T01:29:10.2273741Z
Activity.TraceFlags:         Recorded
Activity.Duration:           00:00:00.1837789
Activity.DisplayName:        POST api/orders
Activity.TraceId:            08ef4f8138e4a96f46a6869b98e19eb4
Activity.Tags:
Activity.Kind:               Server
Activity.SpanId:             7dd8ffffb2df99d3
Activity.TraceId:            0c5eddf1b829ce3fdfa8eb3d1f09688b
Activity.TraceFlags:         Recorded
Activity.StartTime:          2026-06-08T01:29:10.2926804Z
Activity.SpanId:             0d8fa139854ef3e0
    server.address: localhost
Activity.DisplayName:        POST api/auth/login/seller
    http.request.method: PUT
Activity.Kind:               Server
Activity.Duration:           00:00:00.1577927
    url.scheme: http
Activity.Tags:
Activity.TraceFlags:         Recorded
Activity.StartTime:          2026-06-08T01:29:10.2923693Z
    server.address: localhost
    url.path: /api/stores/019ea4d9-1305-7992-96a6-8261cf8e3c07/categories/019ea4d9-132f-7c9a-81b7-70da9920cba1
Activity.Duration:           00:00:00.1183515
    network.protocol.version: 1.1
Activity.Tags:
    http.request.method: POST
    http.route: api/stores/{storeId}/categories/{categoryId}
    url.scheme: http
    server.address: localhost
    http.response.status_code: 200
    http.request.method: POST
    url.path: /api/orders
    network.protocol.version: 1.1
    http.route: api/orders
(2026-06-08T01:29:04.1532598Z, 2026-06-08T01:29:10.4115997Z] http.request.method: PATCH http.response.status_code: 200 http.route: api/stores/{storeId}/status network.protocol.version: 1.1 url.scheme: http
Value: Sum: 0.3247704 Count: 5 Min: 0.043708 Max: 0.0852825 
(-Infinity,0,005]:0
(0,005,0,01]:0
(0,01,0,025]:0
(0,025,0,05]:1
(0,05,0,075]:3
(0,075,0,1]:1
(0,1,0,25]:0
(0,25,0,5]:0
(0,5,0,75]:0
(0,75,1]:0
(1,2,5]:0
(2,5,5]:0
(5,7,5]:0
(7,5,10]:0
(10,+Infinity]:0
    http.response.status_code: 400
Instrumentation scope (ActivitySource):
[22:29:10 INF] Request starting HTTP/1.1 POST http://localhost/api/stores - application/json; charset=utf-8 null
    Name: Microsoft.AspNetCore
Resource associated with Activity:
    telemetry.sdk.name: opentelemetry
    telemetry.sdk.language: dotnet
    telemetry.sdk.version: 1.14.0
    Name: Microsoft.AspNetCore
[22:29:10 INF] EMAIL_CONFIRM_JOB_STARTED | Sending confirmation email | UserId=019ea4d9-13e3-7fd1-850c-59671f6b1a5c
    service.name: unknown_service:testhost
Resource associated with Activity:
    telemetry.sdk.name: opentelemetry
    telemetry.sdk.language: dotnet
[22:29:10 INF] Executed action Urbeat.WebApi.Controllers.PublicStoresController.GetById (Urbeat.WebApi) in 38.4407ms
    telemetry.sdk.version: 1.14.0
Activity.Tags:
    service.name: unknown_service:testhost
    server.address: localhost
[22:29:10 INF] Executed action method Urbeat.WebApi.Controllers.StoreProductsController.Create (Urbeat.WebApi), returned result Microsoft.AspNetCore.Mvc.BadRequestObjectResult in 3.7524ms.
    http.request.method: GET
    url.scheme: http
    url.path: /api/stores/019ea4d9-1271-78ad-b009-45688dfe7a80/business-hours
    network.protocol.version: 1.1
[22:29:10 INF] Executed action method Urbeat.WebApi.Controllers.AuthController.LoginCustomer (Urbeat.WebApi), returned result Microsoft.AspNetCore.Mvc.OkObjectResult in 107.1137ms.
Activity.DisplayName:        POST api/auth/login/seller
Activity.TraceId:            df0d5987920b42cb617442a1cb3b6bf9
    http.route: api/stores/{storeId}/business-hours
Activity.SpanId:             98feffc332110632
    http.response.status_code: 200
Activity.Kind:               Server
Instrumentation scope (ActivitySource):
    Name: Microsoft.AspNetCore
Activity.TraceFlags:         Recorded
Resource associated with Activity:
Activity.DisplayName:        POST api/customer/addresses
    telemetry.sdk.name: opentelemetry
Activity.StartTime:          2026-06-08T01:29:10.3322729Z
Activity.Kind:               Server
Activity.Duration:           00:00:00.1850728
[22:29:10 INF] Executed endpoint 'Urbeat.WebApi.Controllers.PublicStoresController.GetById (Urbeat.WebApi)'
Activity.StartTime:          2026-06-08T01:29:10.3322963Z
Activity.Tags:
Activity.Duration:           00:00:00.0783839
    server.address: localhost
Activity.Tags:
    http.request.method: POST
    server.address: localhost
    url.scheme: http
Activity.TraceId:            35e9df8ab84caaafbf45947e115c9d19
    url.path: /api/auth/login/seller
Activity.SpanId:             494a6c62e3c9ea60
    network.protocol.version: 1.1
Activity.TraceFlags:         Recorded
    http.request.method: POST
Activity.DisplayName:        POST api/auth/register/customer
    http.route: api/auth/login/seller
    url.scheme: http
    http.response.status_code: 200
Activity.Kind:               Server
Instrumentation scope (ActivitySource):
    Name: Microsoft.AspNetCore
    url.path: /api/customer/addresses
Resource associated with Activity:
Activity.StartTime:          2026-06-08T01:29:10.2258532Z
    telemetry.sdk.name: opentelemetry
Activity.Duration:           00:00:00.1456663
    telemetry.sdk.language: dotnet
Activity.Tags:
    network.protocol.version: 1.1
    telemetry.sdk.version: 1.14.0
    server.address: localhost
    http.request.method: POST
    service.name: unknown_service:testhost
    url.scheme: http
    url.path: /api/auth/register/customer
    http.route: api/customer/addresses
    network.protocol.version: 1.1
    http.response.status_code: 201
[22:29:10 INF] Executed action Urbeat.WebApi.Controllers.CheckoutController.Preview (Urbeat.WebApi) in 67.7344ms
Instrumentation scope (ActivitySource):
    Name: Microsoft.AspNetCore
[22:29:10 INF] HTTP GET /api/public/stores/019ea4d9-0eff-7cfc-8ee3-ef42a81dcd02 responded 404 in 108.9712 ms
Instrumentation scope (ActivitySource):
Resource associated with Activity:
[22:29:10 INF] Executing OkObjectResult, writing value of type 'System.Collections.Generic.List`1[[Urbeat.Application.DTOs.ProductCategoryResponseDto, Urbeat.Application, Version=1.0.0.0, Culture=neutral, PublicKeyToken=null]]'.
    Name: Microsoft.AspNetCore
[22:29:10 INF] Executing BadRequestObjectResult, writing value of type 'Microsoft.AspNetCore.Mvc.ValidationProblemDetails'.
Resource associated with Activity:
    telemetry.sdk.name: opentelemetry
    telemetry.sdk.name: opentelemetry
    telemetry.sdk.language: dotnet
    telemetry.sdk.language: dotnet
    telemetry.sdk.version: 1.14.0
    telemetry.sdk.version: 1.14.0
[22:29:10 INF] Executed endpoint 'Urbeat.WebApi.Controllers.CheckoutController.Preview (Urbeat.WebApi)'
    service.name: unknown_service:testhost
    service.name: unknown_service:testhost
[22:29:10 INF] Executing ObjectResult, writing value of type '<>f__AnonymousType2`3[[System.Nullable`1[[System.Guid, System.Private.CoreLib, Version=9.0.0.0, Culture=neutral, PublicKeyToken=7cec85d7bea7798e]], System.Private.CoreLib, Version=9.0.0.0, Culture=neutral, PublicKeyToken=7cec85d7bea7798e],[System.Boolean, System.Private.CoreLib, Version=9.0.0.0, Culture=neutral, PublicKeyToken=7cec85d7bea7798e],[System.String, System.Private.CoreLib, Version=9.0.0.0, Culture=neutral, PublicKeyToken=7cec85d7bea7798e]]'.
(2026-06-08T01:29:04.1532598Z, 2026-06-08T01:29:10.4115997Z] http.request.method: PATCH http.response.status_code: 200 http.route: api/stores/{storeId}/delivery-config network.protocol.version: 1.1 url.scheme: http
Value: Sum: 0.6103002 Count: 5 Min: 0.0737496 Max: 0.144072 
(-Infinity,0,005]:0
(0,005,0,01]:0
(0,01,0,025]:0
(0,025,0,05]:0
(0,05,0,075]:1
(0,075,0,1]:0
(0,1,0,25]:4
(0,25,0,5]:0
(0,5,0,75]:0
(0,75,1]:0
(1,2,5]:0
(2,5,5]:0
(5,7,5]:0
(7,5,10]:0
(10,+Infinity]:0
Activity.TraceId:            7baa666ab1fa11e8f04ab74e903eb4f0
Activity.SpanId:             bc9ca2c9f5b24ca7
[22:29:10 INF] Executing action method Urbeat.WebApi.Controllers.AuthController.RegisterSeller (Urbeat.WebApi) - Validation state: Valid
    telemetry.sdk.language: dotnet
Activity.TraceFlags:         Recorded
    telemetry.sdk.version: 1.14.0
Activity.DisplayName:        POST api/orders
    service.name: unknown_service:testhost
Activity.Kind:               Server
(2026-06-08T01:29:04.1532598Z, 2026-06-08T01:29:10.4115997Z] http.request.method: DELETE http.response.status_code: 404 http.route: api/stores/{storeId}/categories/{categoryId} network.protocol.version: 1.1 url.scheme: http
Value: Sum: 0.1927955 Count: 1 Min: 0.1927955 Max: 0.1927955 
(-Infinity,0,005]:0
(0,005,0,01]:0
(0,01,0,025]:0
(0,025,0,05]:0
(0,05,0,075]:0
(0,075,0,1]:0
(0,1,0,25]:1
(0,25,0,5]:0
(0,5,0,75]:0
(0,75,1]:0
(1,2,5]:0
(2,5,5]:0
(5,7,5]:0
(7,5,10]:0
(10,+Infinity]:0
Activity.StartTime:          2026-06-08T01:29:10.2926804Z
Activity.Duration:           00:00:00.1577927
Activity.Tags:
    server.address: localhost
    url.scheme: http
(2026-06-08T01:29:04.1532598Z, 2026-06-08T01:29:10.4115997Z] http.request.method: GET http.response.status_code: 200 http.route: api/stores/my-store network.protocol.version: 1.1 url.scheme: http
Value: Sum: 0.37820180000000003 Count: 3 Min: 0.0368988 Max: 0.2033987 
(-Infinity,0,005]:0
(0,005,0,01]:0
(0,01,0,025]:0
(0,025,0,05]:1
(0,05,0,075]:0
(0,075,0,1]:0
(0,1,0,25]:2
(0,25,0,5]:0
(0,5,0,75]:0
(0,75,1]:0
(1,2,5]:0
(2,5,5]:0
(5,7,5]:0
(7,5,10]:0
(10,+Infinity]:0
    url.path: /api/auth/login/seller
    http.request.method: POST
    network.protocol.version: 1.1
    url.scheme: http
    http.route: api/auth/login/seller
    url.path: /api/orders
    network.protocol.version: 1.1
    http.route: api/auth/register/customer
    http.route: api/orders
    http.response.status_code: 201
    http.response.status_code: 400
Instrumentation scope (ActivitySource):
Instrumentation scope (ActivitySource):
    Name: Microsoft.AspNetCore
    Name: Microsoft.AspNetCore
Resource associated with Activity:
(2026-06-08T01:29:04.1532598Z, 2026-06-08T01:29:10.4115997Z] http.request.method: POST http.response.status_code: 204 http.route: api/admin/subscriptions/status network.protocol.version: 1.1 url.scheme: http
Value: Sum: 0.2806839 Count: 2 Min: 0.0911552 Max: 0.1895287 
(-Infinity,0,005]:0
(0,005,0,01]:0
(0,01,0,025]:0
(0,025,0,05]:0
(0,05,0,075]:0
(0,075,0,1]:1
(0,1,0,25]:1
(0,25,0,5]:0
(0,5,0,75]:0
(0,75,1]:0
(1,2,5]:0
(2,5,5]:0
(5,7,5]:0
(7,5,10]:0
(10,+Infinity]:0
    telemetry.sdk.name: opentelemetry
    telemetry.sdk.language: dotnet
Resource associated with Activity:
    telemetry.sdk.version: 1.14.0
    telemetry.sdk.name: opentelemetry
    telemetry.sdk.language: dotnet
    telemetry.sdk.version: 1.14.0
    service.name: unknown_service:testhost
    service.name: unknown_service:testhost
[22:29:10 INF] STORE_CREATED | Store created | StoreId=019ea4d9-1456-7163-9fec-1232de6d7280 | OwnerUserId=019ea4d9-12d9-7eb2-bb0a-149139ee238a | Name=Loja Contract | CuisineType=null | IP=null
(2026-06-08T01:29:04.1532598Z, 2026-06-08T01:29:10.4115997Z] http.request.method: POST http.response.status_code: 409 http.route: api/customer/addresses network.protocol.version: 1.1 url.scheme: http
Value: Sum: 0.0664064 Count: 1 Min: 0.0664064 Max: 0.0664064 
(-Infinity,0,005]:0
(0,005,0,01]:0
(0,01,0,025]:0
(0,025,0,05]:0
(0,05,0,075]:1
(0,075,0,1]:0
(0,1,0,25]:0
(0,25,0,5]:0
(0,5,0,75]:0
(0,75,1]:0
(1,2,5]:0
(2,5,5]:0
(5,7,5]:0
(7,5,10]:0
(10,+Infinity]:0
Activity.TraceId:            35e9df8ab84caaafbf45947e115c9d19
Activity.TraceId:            7baa666ab1fa11e8f04ab74e903eb4f0
Activity.SpanId:             494a6c62e3c9ea60
Activity.SpanId:             bc9ca2c9f5b24ca7
Activity.TraceFlags:         Recorded
Activity.TraceFlags:         Recorded
Activity.DisplayName:        POST api/auth/register/customer
Activity.DisplayName:        POST api/orders
Activity.Kind:               Server
Activity.Kind:               Server
[22:29:10 INF] Executing OkObjectResult, writing value of type 'Urbeat.Application.DTOs.AuthTokenResponseDto'.
Activity.StartTime:          2026-06-08T01:29:10.2258532Z
(2026-06-08T01:29:04.1532598Z, 2026-06-08T01:29:10.4115997Z] http.request.method: GET http.response.status_code: 200 http.route: api/subscriptions/my network.protocol.version: 1.1 url.scheme: http
Value: Sum: 0.4010074 Count: 2 Min: 0.193226 Max: 0.2077814 
(-Infinity,0,005]:0
(0,005,0,01]:0
(0,01,0,025]:0
(0,025,0,05]:0
(0,05,0,075]:0
(0,075,0,1]:0
(0,1,0,25]:2
(0,25,0,5]:0
(0,5,0,75]:0
(0,75,1]:0
(1,2,5]:0
(2,5,5]:0
(5,7,5]:0
(7,5,10]:0
(10,+Infinity]:0
Activity.Duration:           00:00:00.1456663
Activity.Tags:
    server.address: localhost
Activity.TraceId:            df0d5987920b42cb617442a1cb3b6bf9
    http.request.method: POST
Activity.SpanId:             98feffc332110632
Activity.TraceFlags:         Recorded
    url.scheme: http
Activity.DisplayName:        POST api/customer/addresses
    url.path: /api/auth/register/customer
    http.response.status_code: 200
    network.protocol.version: 1.1
    http.route: api/auth/register/customer
Instrumentation scope (ActivitySource):
    http.response.status_code: 201
    Name: Microsoft.AspNetCore
Instrumentation scope (ActivitySource):
Resource associated with Activity:
    Name: Microsoft.AspNetCore
    telemetry.sdk.name: opentelemetry
    telemetry.sdk.language: dotnet
Resource associated with Activity:
    telemetry.sdk.version: 1.14.0
    telemetry.sdk.name: opentelemetry
    service.name: unknown_service:testhost
    telemetry.sdk.language: dotnet
    telemetry.sdk.version: 1.14.0
[22:29:10 INF] Request finished HTTP/1.1 GET http://localhost/api/public/stores/019ea4d9-0eff-7cfc-8ee3-ef42a81dcd02 - 404 null application/problem+json; charset=utf-8 143.8145ms
(2026-06-08T01:29:04.1532598Z, 2026-06-08T01:29:10.4115997Z] http.request.method: GET http.response.status_code: 200 http.route: api/customer/addresses network.protocol.version: 1.1 url.scheme: http
Value: Sum: 0.1926895 Count: 1 Min: 0.1926895 Max: 0.1926895 
(-Infinity,0,005]:0
(0,005,0,01]:0
(0,01,0,025]:0
(0,025,0,05]:0
(0,05,0,075]:0
(0,075,0,1]:0
(0,1,0,25]:1
(0,25,0,5]:0
(0,5,0,75]:0
(0,75,1]:0
(1,2,5]:0
(2,5,5]:0
(5,7,5]:0
(7,5,10]:0
(10,+Infinity]:0
Activity.Kind:               Server
Activity.TraceId:            08ef4f8138e4a96f46a6869b98e19eb4
Activity.StartTime:          2026-06-08T01:29:10.3322963Z
    service.name: unknown_service:testhost
Activity.SpanId:             7dd8ffffb2df99d3
(2026-06-08T01:29:04.1532598Z, 2026-06-08T01:29:10.4115997Z] http.request.method: GET http.response.status_code: 200 http.route: api/subscriptions/plans network.protocol.version: 1.1 url.scheme: http
Value: Sum: 0.1021946 Count: 1 Min: 0.1021946 Max: 0.1021946 
(-Infinity,0,005]:0
(0,005,0,01]:0
(0,01,0,025]:0
(0,025,0,05]:0
(0,05,0,075]:0
(0,075,0,1]:0
(0,1,0,25]:1
(0,25,0,5]:0
(0,5,0,75]:0
(0,75,1]:0
(1,2,5]:0
(2,5,5]:0
(5,7,5]:0
(7,5,10]:0
(10,+Infinity]:0
Activity.TraceFlags:         Recorded
Activity.DisplayName:        POST api/auth/login/seller
Activity.StartTime:          2026-06-08T01:29:10.2926804Z
(2026-06-08T01:29:04.1532598Z, 2026-06-08T01:29:10.4115997Z] http.request.method: POST http.response.status_code: 201 http.route: api/subscriptions/contract network.protocol.version: 1.1 url.scheme: http
Value: Sum: 0.4037082 Count: 2 Min: 0.1357914 Max: 0.2679168 
(-Infinity,0,005]:0
(0,005,0,01]:0
(0,01,0,025]:0
(0,025,0,05]:0
(0,05,0,075]:0
(0,075,0,1]:0
(0,1,0,25]:1
(0,25,0,5]:1
(0,5,0,75]:0
(0,75,1]:0
(1,2,5]:0
(2,5,5]:0
(5,7,5]:0
(7,5,10]:0
(10,+Infinity]:0
Activity.Duration:           00:00:00.1577927
Activity.Tags:
Activity.TraceId:            0c5eddf1b829ce3fdfa8eb3d1f09688b
    server.address: localhost
(2026-06-08T01:29:04.1532598Z, 2026-06-08T01:29:10.4115997Z] http.request.method: POST http.response.status_code: 403 http.route: api/auth/login/customer network.protocol.version: 1.1 url.scheme: http
Value: Sum: 0.2102732 Count: 1 Min: 0.2102732 Max: 0.2102732 
(-Infinity,0,005]:0
(0,005,0,01]:0
(0,01,0,025]:0
(0,025,0,05]:0
(0,05,0,075]:0
(0,075,0,1]:0
(0,1,0,25]:1
(0,25,0,5]:0
(0,5,0,75]:0
(0,75,1]:0
(1,2,5]:0
(2,5,5]:0
(5,7,5]:0
(7,5,10]:0
(10,+Infinity]:0
Activity.SpanId:             0d8fa139854ef3e0
    http.request.method: POST
Activity.TraceFlags:         Recorded
Activity.DisplayName:        POST api/auth/login/seller
    url.scheme: http
(2026-06-08T01:29:04.1532598Z, 2026-06-08T01:29:10.4115997Z] http.request.method: POST http.response.status_code: 409 http.route: api/stores network.protocol.version: 1.1 url.scheme: http
Value: Sum: 0.0766215 Count: 1 Min: 0.0766215 Max: 0.0766215 
(-Infinity,0,005]:0
(0,005,0,01]:0
(0,01,0,025]:0
(0,025,0,05]:0
(0,05,0,075]:0
(0,075,0,1]:1
(0,1,0,25]:0
(0,25,0,5]:0
(0,5,0,75]:0
(0,75,1]:0
(1,2,5]:0
(2,5,5]:0
(5,7,5]:0
(7,5,10]:0
(10,+Infinity]:0
    url.path: /api/orders
    network.protocol.version: 1.1
Activity.TraceId:            f5143eea1b77723ab06d9c34ec7c930e
Activity.Duration:           00:00:00.0783839
    http.route: api/orders
Activity.SpanId:             d9186163c4c8f624
Activity.Tags:
    http.response.status_code: 400
Activity.TraceFlags:         Recorded
    server.address: localhost
Instrumentation scope (ActivitySource):
Activity.DisplayName:        GET api/public/stores/{storeId}
    Name: Microsoft.AspNetCore
    http.request.method: POST
Activity.Kind:               Server
Resource associated with Activity:
    url.scheme: http
    telemetry.sdk.name: opentelemetry
Activity.StartTime:          2026-06-08T01:29:10.3741511Z
    url.path: /api/customer/addresses
    telemetry.sdk.language: dotnet
    network.protocol.version: 1.1
    telemetry.sdk.version: 1.14.0
    http.route: api/customer/addresses
Activity.Duration:           00:00:00.1761478
    service.name: unknown_service:testhost
Activity.Tags:
    http.response.status_code: 201
    server.address: localhost
Instrumentation scope (ActivitySource):
    http.request.method: GET
    Name: Microsoft.AspNetCore
    url.scheme: http
Resource associated with Activity:
    url.path: /api/public/stores/019ea4d9-0eff-7cfc-8ee3-ef42a81dcd02
Activity.TraceId:            7baa666ab1fa11e8f04ab74e903eb4f0
    telemetry.sdk.name: opentelemetry
Activity.SpanId:             bc9ca2c9f5b24ca7
    telemetry.sdk.language: dotnet
Activity.TraceFlags:         Recorded
    telemetry.sdk.version: 1.14.0
Activity.DisplayName:        POST api/orders
    service.name: unknown_service:testhost
Activity.Kind:               Server
Activity.Kind:               Server
Activity.StartTime:          2026-06-08T01:29:10.2926804Z
Activity.StartTime:          2026-06-08T01:29:10.2923693Z
Activity.TraceId:            35e9df8ab84caaafbf45947e115c9d19
Activity.Duration:           00:00:00.1183515
Activity.SpanId:             494a6c62e3c9ea60
Activity.Tags:
Activity.TraceFlags:         Recorded
Activity.Kind:               Server
Activity.DisplayName:        POST api/auth/register/customer
    server.address: localhost
Activity.Kind:               Server
    http.request.method: POST
    url.scheme: http
    url.path: /api/auth/login/seller
(2026-06-08T01:29:04.1532598Z, 2026-06-08T01:29:10.4115997Z] http.request.method: POST http.response.status_code: 201 http.route: api/stores/{storeId}/categories network.protocol.version: 1.1 url.scheme: http
Value: Sum: 0.3000175 Count: 2 Min: 0.0734317 Max: 0.2265858 
(-Infinity,0,005]:0
(0,005,0,01]:0
(0,01,0,025]:0
(0,025,0,05]:0
(0,05,0,075]:1
(0,075,0,1]:0
(0,1,0,25]:1
(0,25,0,5]:0
(0,5,0,75]:0
(0,75,1]:0
(1,2,5]:0
(2,5,5]:0
(5,7,5]:0
(7,5,10]:0
(10,+Infinity]:0
    network.protocol.version: 1.1
    http.route: api/auth/login/seller
    http.response.status_code: 200
    network.protocol.version: 1.1
(2026-06-08T01:29:04.1532598Z, 2026-06-08T01:29:10.4115997Z] http.request.method: DELETE http.response.status_code: 204 http.route: api/stores/{storeId}/categories/{categoryId} network.protocol.version: 1.1 url.scheme: http
Value: Sum: 0.1598871 Count: 1 Min: 0.1598871 Max: 0.1598871 
(-Infinity,0,005]:0
(0,005,0,01]:0
(0,01,0,025]:0
(0,025,0,05]:0
(0,05,0,075]:0
(0,075,0,1]:0
(0,1,0,25]:1
(0,25,0,5]:0
(0,5,0,75]:0
(0,75,1]:0
(1,2,5]:0
(2,5,5]:0
(5,7,5]:0
(7,5,10]:0
(10,+Infinity]:0
    http.route: api/public/stores/{storeId}
    http.response.status_code: 404
Activity.TraceId:            d200a1973b8db5745e3f96fa9176b914
(2026-06-08T01:29:04.1532598Z, 2026-06-08T01:29:10.4115997Z] http.request.method: POST http.response.status_code: 400 http.route: api/checkout/preview network.protocol.version: 1.1 url.scheme: http
Value: Sum: 0.1847957 Count: 1 Min: 0.1847957 Max: 0.1847957 
(-Infinity,0,005]:0
(0,005,0,01]:0
(0,01,0,025]:0
(0,025,0,05]:0
(0,05,0,075]:0
(0,075,0,1]:0
(0,1,0,25]:1
(0,25,0,5]:0
(0,5,0,75]:0
(0,75,1]:0
(1,2,5]:0
(2,5,5]:0
(5,7,5]:0
(7,5,10]:0
(10,+Infinity]:0
Activity.SpanId:             512e5893112aa2fc
Instrumentation scope (ActivitySource):
Activity.TraceFlags:         Recorded
    Name: Microsoft.AspNetCore
Activity.DisplayName:        PUT api/stores/{storeId}/categories/{categoryId}
Resource associated with Activity:
(2026-06-08T01:29:04.1532598Z, 2026-06-08T01:29:10.4115997Z] http.request.method: POST http.response.status_code: 400 http.route: api/orders network.protocol.version: 1.1 url.scheme: http
Value: Sum: 0.1574968 Count: 1 Min: 0.1574968 Max: 0.1574968 
(-Infinity,0,005]:0
(0,005,0,01]:0
(0,01,0,025]:0
(0,025,0,05]:0
(0,05,0,075]:0
(0,075,0,1]:0
(0,1,0,25]:1
(0,25,0,5]:0
(0,5,0,75]:0
(0,75,1]:0
(1,2,5]:0
(2,5,5]:0
(5,7,5]:0
(7,5,10]:0
(10,+Infinity]:0
    telemetry.sdk.name: opentelemetry
Activity.Kind:               Server
    telemetry.sdk.language: dotnet
    telemetry.sdk.version: 1.14.0
Activity.StartTime:          2026-06-08T01:29:10.2273741Z
    service.name: unknown_service:testhost
Activity.Duration:           00:00:00.1837789
(2026-06-08T01:29:04.1532598Z, 2026-06-08T01:29:10.4115997Z] http.request.method: GET http.response.status_code: 200 http.route: api/stores/{storeId}/categories network.protocol.version: 1.1 url.scheme: http
Value: Sum: 0.1260283 Count: 1 Min: 0.1260283 Max: 0.1260283 
(-Infinity,0,005]:0
(0,005,0,01]:0
(0,01,0,025]:0
(0,025,0,05]:0
(0,05,0,075]:0
(0,075,0,1]:0
(0,1,0,25]:1
(0,25,0,5]:0
(0,5,0,75]:0
(0,75,1]:0
(1,2,5]:0
(2,5,5]:0
(5,7,5]:0
(7,5,10]:0
(10,+Infinity]:0
[22:29:10 INF] Executed action Urbeat.WebApi.Controllers.StoreCategoriesController.List (Urbeat.WebApi) in 67.6326ms
Activity.TraceId:            f5143eea1b77723ab06d9c34ec7c930e
Activity.SpanId:             d9186163c4c8f624
Activity.Tags:
Activity.TraceFlags:         Recorded
(2026-06-08T01:29:04.1532598Z, 2026-06-08T01:29:10.4115997Z] http.request.method: POST http.response.status_code: 409 http.route: api/subscriptions/contract network.protocol.version: 1.1 url.scheme: http
Value: Sum: 0.0704267 Count: 1 Min: 0.0704267 Max: 0.0704267 
(-Infinity,0,005]:0
(0,005,0,01]:0
(0,01,0,025]:0
(0,025,0,05]:0
(0,05,0,075]:1
(0,075,0,1]:0
(0,1,0,25]:0
(0,25,0,5]:0
(0,5,0,75]:0
(0,75,1]:0
(1,2,5]:0
(2,5,5]:0
(5,7,5]:0
(7,5,10]:0
(10,+Infinity]:0
Activity.DisplayName:        GET api/public/stores/{storeId}
    server.address: localhost
Activity.Kind:               Server
    http.request.method: PUT
Activity.StartTime:          2026-06-08T01:29:10.3741511Z
(2026-06-08T01:29:04.1532598Z, 2026-06-08T01:29:10.4115997Z] http.request.method: POST http.response.status_code: 204 http.route: api/admin/subscriptions/notifications/process network.protocol.version: 1.1 url.scheme: http
Value: Sum: 0.2250846 Count: 1 Min: 0.2250846 Max: 0.2250846 
(-Infinity,0,005]:0
(0,005,0,01]:0
(0,01,0,025]:0
(0,025,0,05]:0
(0,05,0,075]:0
(0,075,0,1]:0
(0,1,0,25]:1
(0,25,0,5]:0
(0,5,0,75]:0
(0,75,1]:0
(1,2,5]:0
(2,5,5]:0
(5,7,5]:0
(7,5,10]:0
(10,+Infinity]:0
[22:29:10 INF] HTTP POST /api/checkout/preview responded 400 in 106.2890 ms
    url.scheme: http
Activity.Duration:           00:00:00.1761478
    url.path: /api/stores/019ea4d9-1305-7992-96a6-8261cf8e3c07/categories/019ea4d9-132f-7c9a-81b7-70da9920cba1
Activity.Tags:
Activity.Duration:           00:00:00.1577927
    server.address: localhost
[22:29:10 INF] Executing endpoint 'Urbeat.WebApi.Controllers.StoresController.Create (Urbeat.WebApi)'
    network.protocol.version: 1.1
    http.request.method: GET
    http.route: api/stores/{storeId}/categories/{categoryId}
    url.scheme: http
    http.response.status_code: 200
    url.path: /api/public/stores/019ea4d9-0eff-7cfc-8ee3-ef42a81dcd02
Instrumentation scope (ActivitySource):
    Name: Microsoft.AspNetCore
Resource associated with Activity:
    network.protocol.version: 1.1
Activity.StartTime:          2026-06-08T01:29:10.2258532Z
    http.route: api/public/stores/{storeId}
[22:29:10 INF] Saved 1 entities to in-memory store.
    telemetry.sdk.name: opentelemetry
    http.response.status_code: 404
    telemetry.sdk.language: dotnet
Instrumentation scope (ActivitySource):
    telemetry.sdk.version: 1.14.0
Activity.Duration:           00:00:00.1456663
    service.name: unknown_service:testhost
Activity.Tags:
    Name: Microsoft.AspNetCore
[22:29:10 INF] Executed action Urbeat.WebApi.Controllers.AuthController.LoginCustomer (Urbeat.WebApi) in 109.2894ms
Resource associated with Activity:
    server.address: localhost
    http.request.method: POST
    url.scheme: http
[22:29:10 INF] Executed endpoint 'Urbeat.WebApi.Controllers.StoreCategoriesController.List (Urbeat.WebApi)'
    url.path: /api/auth/register/customer
    telemetry.sdk.name: opentelemetry
    network.protocol.version: 1.1
    telemetry.sdk.language: dotnet
    http.route: api/auth/register/customer
    telemetry.sdk.version: 1.14.0
    http.response.status_code: 201
Instrumentation scope (ActivitySource):
    service.name: unknown_service:testhost
Activity.StartTime:          2026-06-08T01:29:10.3322729Z
Activity.TraceId:            f5143eea1b77723ab06d9c34ec7c930e
    Name: Microsoft.AspNetCore
Resource associated with Activity:
Activity.SpanId:             d9186163c4c8f624
    telemetry.sdk.name: opentelemetry
Activity.TraceFlags:         Recorded
Activity.Duration:           00:00:00.1850728
    telemetry.sdk.language: dotnet
Activity.Tags:
    telemetry.sdk.version: 1.14.0
    server.address: localhost
Activity.DisplayName:        GET api/public/stores/{storeId}
    service.name: unknown_service:testhost
Activity.Kind:               Server
    http.request.method: POST
    url.scheme: http
Activity.StartTime:          2026-06-08T01:29:10.3741511Z
    url.path: /api/auth/login/seller
Instrumentation scope (ActivitySource):
Activity.Duration:           00:00:00.1761478
    network.protocol.version: 1.1
    Name: Microsoft.AspNetCore
Activity.Tags:
Resource associated with Activity:
    server.address: localhost
    http.route: api/auth/login/seller
    telemetry.sdk.name: opentelemetry
    http.response.status_code: 200
    telemetry.sdk.language: dotnet
    telemetry.sdk.version: 1.14.0
(2026-06-08T01:29:04.1532598Z, 2026-06-08T01:29:10.4115997Z] http.request.method: PUT http.response.status_code: 200 http.route: api/stores/{storeId}/business-hours network.protocol.version: 1.1 url.scheme: http
Value: Sum: 0.243374 Count: 1 Min: 0.243374 Max: 0.243374 
(-Infinity,0,005]:0
[xUnit.net 00:00:07.68]       Expected previewResponse.StatusCode to be HttpStatusCode.Conflict {value: 409}, but found HttpStatusCode.BadRequest {value: 400}.
(0,005,0,01]:0
(0,01,0,025]:0
(0,025,0,05]:0
(0,05,0,075]:0
(0,075,0,1]:0
(0,1,0,25]:1
(0,25,0,5]:0
(0,5,0,75]:0
(0,75,1]:0
(1,2,5]:0
(2,5,5]:0
(5,7,5]:0
(7,5,10]:0
(10,+Infinity]:0
[xUnit.net 00:00:07.68]       Stack Trace:
    service.name: unknown_service:testhost
Instrumentation scope (ActivitySource):
    Name: Microsoft.AspNetCore
Resource associated with Activity:
Activity.TraceId:            08ef4f8138e4a96f46a6869b98e19eb4
[xUnit.net 00:00:07.68]            at FluentAssertions.Execution.LateBoundTestFramework.Throw(String message)
(2026-06-08T01:29:04.1532598Z, 2026-06-08T01:29:10.4115997Z] http.request.method: GET http.response.status_code: 200 http.route: api/public/stores network.protocol.version: 1.1 url.scheme: http
[xUnit.net 00:00:07.68]            at FluentAssertions.Execution.DefaultAssertionStrategy.HandleFailure(String message)
Value: Sum: 0.1439667 Count: 1 Min: 0.1439667 Max: 0.1439667 
(-Infinity,0,005]:0
(0,005,0,01]:0
(0,01,0,025]:0
(0,025,0,05]:0
(0,05,0,075]:0
(0,075,0,1]:0
(0,1,0,25]:1
(0,25,0,5]:0
(0,5,0,75]:0
(0,75,1]:0
(1,2,5]:0
(2,5,5]:0
(5,7,5]:0
(7,5,10]:0
[xUnit.net 00:00:07.68]            at FluentAssertions.Execution.AssertionScope.AddPreFormattedFailure(String formattedFailureMessage)
(10,+Infinity]:0
    telemetry.sdk.name: opentelemetry
    telemetry.sdk.language: dotnet
[22:29:10 INF] Executed endpoint 'Urbeat.WebApi.Controllers.AuthController.LoginCustomer (Urbeat.WebApi)'
    telemetry.sdk.version: 1.14.0
(2026-06-08T01:29:04.1532598Z, 2026-06-08T01:29:10.4115997Z] http.request.method: GET http.response.status_code: 200 http.route: api/stores/{storeId}/business-hours network.protocol.version: 1.1 url.scheme: http
Value: Sum: 0.0792573 Count: 1 Min: 0.0792573 Max: 0.0792573 
(-Infinity,0,005]:0
(0,005,0,01]:0
(0,01,0,025]:0
(0,025,0,05]:0
[xUnit.net 00:00:07.68]            at FluentAssertions.Execution.AssertionChain.FailWith(Func`1 getFailureReason)
(0,05,0,075]:0
(0,075,0,1]:1
(0,1,0,25]:0
(0,25,0,5]:0
[xUnit.net 00:00:07.68]            at FluentAssertions.Execution.AssertionChain.FailWith(Func`1 getFailureReason)
[xUnit.net 00:00:07.68]            at FluentAssertions.Execution.AssertionChain.FailWith(String message, Object[] args)
(0,5,0,75]:0
(0,75,1]:0
(1,2,5]:0
(2,5,5]:0
(5,7,5]:0
(7,5,10]:0
(10,+Infinity]:0
[xUnit.net 00:00:07.68]            at FluentAssertions.Primitives.EnumAssertions`2.Be(TEnum expected, String because, Object[] becauseArgs)
    service.name: unknown_service:testhost
[22:29:10 INF] Executed action Urbeat.WebApi.Controllers.StoreProductsController.Create (Urbeat.WebApi) in 68.8893ms
(2026-06-08T01:29:04.1532598Z, 2026-06-08T01:29:10.4115997Z] http.request.method: PUT http.response.status_code: 200 http.route: api/stores/{storeId}/categories/{categoryId} network.protocol.version: 1.1 url.scheme: http
Value: Sum: 0.183621 Count: 1 Min: 0.183621 Max: 0.183621 
(-Infinity,0,005]:0
(0,005,0,01]:0
(0,01,0,025]:0
(0,025,0,05]:0
(0,05,0,075]:0
(0,075,0,1]:0
(0,1,0,25]:1
(0,25,0,5]:0
(0,5,0,75]:0
(0,75,1]:0
(1,2,5]:0
(2,5,5]:0
[xUnit.net 00:00:07.68]         C:\Projetos\urbeat\backend\tests\Urbeat.IntegrationTests\Api\CheckoutFlowTests.cs(134,0): at Urbeat.IntegrationTests.Api.CheckoutFlowTests.Customer_ShouldBeBlocked_WhenStoreIsClosed()
(5,7,5]:0
(7,5,10]:0
(10,+Infinity]:0
Activity.TraceId:            0c5eddf1b829ce3fdfa8eb3d1f09688b
Metric Name: dotnet.gc.collections, Description: The number of garbage collections that have occurred since the process has started., Unit: {collection}, Metric Type: LongSum
[xUnit.net 00:00:07.68]         --- End of stack trace from previous location ---
Activity.SpanId:             0d8fa139854ef3e0
Instrumentation scope (Meter):
Activity.TraceFlags:         Recorded
Activity.DisplayName:        POST api/auth/login/seller
    http.request.method: GET
Activity.Kind:               Server
    url.scheme: http
    url.path: /api/public/stores/019ea4d9-0eff-7cfc-8ee3-ef42a81dcd02
	Name: System.Runtime
[22:29:10 INF] EMAIL_LOG_ONLY | Email skipped (LogOnly or no SMTP host) | To=store.public.cd4845d4cb75434ea2c3ac4a90f79bdc@urbeat.local | Subject=Confirme seu e-mail no Urbeat - Loja | Body=<!DOCTYPE html>
<html lang="pt-BR">
<head>
  <meta charset="UTF-8" />
  <meta name="viewport" content="width=device-width,initial-scale=1.0" />
  <title>Sua loja est� quase pronta!</title>
</head>
<body style="margin:0;padding:0;background:#FFF9F0;font-family:'Helvetica Neue',Helvetica,Arial,sans-serif;color:#2D2A2A;">
  <table role="presentation" width="100%" cellpadding="0" cellspacing="0" style="background:#FFF9F0;padding:32px 0;">
    <tr>
      <td align="center">
        <table role="presentation" width="560" cellpadding="0" cellspacing="0" style="background:#FFFCF8;border:1px solid #EDE4D9;border-radius:20px;overflow:hidden;">
          <tr>
            <td style="background:#C73E3A;padding:28px 32px;color:#FFFCF8;">
              <h1 style="margin:0;font-family:Georgia,serif;font-weight:400;font-size:28px;">Urbeat</h1>
            </td>
          </tr>
          <tr>
            <td style="padding:32px 40px 8px 40px;">
              <h2 style="margin:0 0 8px 0;font-family:Georgia,serif;font-weight:400;color:#2D2A2A;font-size:24px;">Sua loja est� quase pronta!</h2>
              <p style="margin:0;color:#7A7272;font-size:15px;">Ol�, vendedor(a)!</p>
            </td>
          </tr>
          <tr>
            <td style="padding:16px 40px;color:#2D2A2A;font-size:15px;line-height:1.6;">
              <p>Recebemos o cadastro da sua loja no <strong>Urbeat</strong>.
Para liberar o painel de vendas e receber pedidos, confirme seu e-mail.</p>
<p>Clique no bot�o abaixo para ativar sua conta. O link expira em 24 horas.</p>
            </td>
          </tr>
          <tr>
            <td align="center" style="padding:24px 40px 8px 40px;">
              <a href="https://urbeat.com.br/c/WcAw8FxnMDL8VnBmFjCgoJLk5"
                 style="display:inline-block;background:#C73E3A;color:#FFFCF8;text-decoration:none;padding:14px 28px;border-radius:12px;font-weight:600;font-size:15px;">
                Confirmar e-mail da loja
              </a>
            </td>
          </tr>
          <tr>
            <td style="padding:8px 40px 24px 40px;color:#7A7272;font-size:13px;line-height:1.5;">
              <p>Se o bot�o n�o funcionar, copie e cole o link abaixo no seu navegador:</p>
              <p style="word-break:break-all;color:#C73E3A;"><a href="https://urbeat.com.br/c/WcAw8FxnMDL8VnBmFjCgoJLk5" style="color:#C73E3A;">https://urbeat.com.br/c/WcAw8FxnMDL8VnBmFjCgoJLk5</a></p>
            </td>
          </tr>
          <tr>
            <td style="padding:16px 40px 32px 40px;border-top:1px solid #EDE4D9;color:#7A7272;font-size:13px;line-height:1.5;">
              <p>Se voc� n�o criou um cadastro de loja no Urbeat, pode ignorar este e-mail.</p>
              <p style="margin-top:16px;">- Equipe Urbeat</p>
            </td>
          </tr>
        </table>
      </td>
    </tr>
  </table>
</body>
</html>
Activity.SpanId:             7dd8ffffb2df99d3
[22:29:10 INF] Executed action Urbeat.WebApi.Controllers.AuthController.RegisterSeller (Urbeat.WebApi) in 187.6525ms
Activity.TraceFlags:         Recorded
Activity.DisplayName:        POST api/auth/login/seller
Activity.Kind:               Server
    network.protocol.version: 1.1
[22:29:10 INF] Request starting HTTP/1.1 PATCH http://localhost/api/stores/019ea4d9-0eff-7cfc-8ee3-ef42a81dcd02/status - application/json; charset=utf-8 null
    http.route: api/public/stores/{storeId}
Activity.StartTime:          2026-06-08T01:29:10.2923693Z
Activity.Duration:           00:00:00.1183515
(2026-06-08T01:29:04.1551749Z, 2026-06-08T01:29:10.4116009Z] gc.heap.generation: gen2
Value: 6
    http.response.status_code: 404
Activity.Tags:
[22:29:10 INF] Route matched with {action = "Create", controller = "Stores"}. Executing controller action with signature System.Threading.Tasks.Task`1[Microsoft.AspNetCore.Mvc.IActionResult] Create(Urbeat.Application.DTOs.CreateStoreRequestDto, System.Threading.CancellationToken) on controller Urbeat.WebApi.Controllers.StoresController (Urbeat.WebApi).
Instrumentation scope (ActivitySource):
    server.address: localhost
(2026-06-08T01:29:04.1551749Z, 2026-06-08T01:29:10.4116009Z] gc.heap.generation: gen1
Value: 12
    Name: Microsoft.AspNetCore
    http.request.method: POST
    url.scheme: http
    url.path: /api/auth/login/seller
Resource associated with Activity:
(2026-06-08T01:29:04.1551749Z, 2026-06-08T01:29:10.4116009Z] gc.heap.generation: gen0
Value: 36
    network.protocol.version: 1.1
    telemetry.sdk.name: opentelemetry
    http.route: api/auth/login/seller
    telemetry.sdk.language: dotnet
    http.response.status_code: 200
    telemetry.sdk.version: 1.14.0
Instrumentation scope (ActivitySource):
Metric Name: dotnet.process.memory.working_set, Description: The number of bytes of physical memory mapped to the process context., Unit: By, Metric Type: LongSumNonMonotonic
    service.name: unknown_service:testhost
    Name: Microsoft.AspNetCore
Instrumentation scope (Meter):
Activity.Tags:
	Name: System.Runtime
Activity.TraceId:            f5143eea1b77723ab06d9c34ec7c930e
Resource associated with Activity:
Activity.SpanId:             d9186163c4c8f624
    telemetry.sdk.name: opentelemetry
(2026-06-08T01:29:04.1551913Z, 2026-06-08T01:29:10.4116013Z]  
Value: 315027456
Activity.TraceFlags:         Recorded
    server.address: localhost
    telemetry.sdk.language: dotnet
    http.request.method: POST
[22:29:10 INF] Executed endpoint 'Urbeat.WebApi.Controllers.AuthController.RegisterSeller (Urbeat.WebApi)'
    url.scheme: http
    telemetry.sdk.version: 1.14.0
    url.path: /api/orders
    service.name: unknown_service:testhost
    network.protocol.version: 1.1
[22:29:10 INF] HTTP GET /api/stores/019ea4d9-1305-7992-96a6-8261cf8e3c07/categories responded 200 in 101.0281 ms
    http.route: api/orders
Activity.StartTime:          2026-06-08T01:29:10.3322729Z
[22:29:10 INF] Executed action method Urbeat.WebApi.Controllers.StoresController.Create (Urbeat.WebApi), returned result Microsoft.AspNetCore.Mvc.ObjectResult in 65.0706ms.
    http.response.status_code: 400
Activity.Duration:           00:00:00.1850728
Instrumentation scope (ActivitySource):
Activity.Tags:
    Name: Microsoft.AspNetCore
Resource associated with Activity:
    server.address: localhost
    telemetry.sdk.name: opentelemetry
    telemetry.sdk.language: dotnet
    http.request.method: POST
    telemetry.sdk.version: 1.14.0
    url.scheme: http
    service.name: unknown_service:testhost
    url.path: /api/auth/login/seller
    network.protocol.version: 1.1
    http.route: api/auth/login/seller
    http.response.status_code: 200
Instrumentation scope (ActivitySource):
Activity.TraceId:            7baa666ab1fa11e8f04ab74e903eb4f0
    Name: Microsoft.AspNetCore
Activity.SpanId:             bc9ca2c9f5b24ca7
Resource associated with Activity:
Activity.TraceFlags:         Recorded
    telemetry.sdk.name: opentelemetry
Activity.DisplayName:        POST api/orders
    telemetry.sdk.language: dotnet
Activity.Kind:               Server
    telemetry.sdk.version: 1.14.0
    service.name: unknown_service:testhost
Activity.StartTime:          2026-06-08T01:29:10.2926804Z
Activity.Duration:           00:00:00.1577927
Activity.Tags:
    server.address: localhost
    http.request.method: POST
    url.scheme: http
Activity.TraceId:            0c5eddf1b829ce3fdfa8eb3d1f09688b
    url.path: /api/orders
Activity.SpanId:             0d8fa139854ef3e0
    network.protocol.version: 1.1
Activity.TraceFlags:         Recorded
[22:29:10 INF] Saved 1 entities to in-memory store.
Activity.DisplayName:        POST api/auth/login/seller
    http.route: api/orders
Activity.Kind:               Server
    http.response.status_code: 400
Instrumentation scope (ActivitySource):
    Name: Microsoft.AspNetCore
Resource associated with Activity:
    telemetry.sdk.name: opentelemetry
Activity.StartTime:          2026-06-08T01:29:10.3322729Z
    telemetry.sdk.language: dotnet
Activity.Duration:           00:00:00.1850728
    telemetry.sdk.version: 1.14.0
Activity.Tags:
    service.name: unknown_service:testhost
    server.address: localhost
    http.request.method: POST
[22:29:10 INF] EMAIL_CONFIRM_JOB_COMPLETED | Job completed | UserId=019ea4d9-13e3-7fd1-850c-59671f6b1a5c
    url.scheme: http
    url.path: /api/auth/login/seller
    network.protocol.version: 1.1
    http.route: api/auth/login/seller
[22:29:10 INF] Executing ObjectResult, writing value of type 'Urbeat.Application.DTOs.StoreResponseDto'.
    http.response.status_code: 200
Instrumentation scope (ActivitySource):
    Name: Microsoft.AspNetCore
Resource associated with Activity:
    telemetry.sdk.name: opentelemetry
    telemetry.sdk.language: dotnet
    telemetry.sdk.version: 1.14.0
[22:29:10 INF] Request finished HTTP/1.1 GET http://localhost/api/stores/019ea4d9-1305-7992-96a6-8261cf8e3c07/categories - 200 null application/json; charset=utf-8 170.0696ms
    service.name: unknown_service:testhost
Activity.TraceId:            0c5eddf1b829ce3fdfa8eb3d1f09688b
Activity.SpanId:             0d8fa139854ef3e0
Activity.TraceFlags:         Recorded
Activity.DisplayName:        POST api/auth/login/seller
Activity.Kind:               Server
Activity.StartTime:          2026-06-08T01:29:10.3322729Z
[22:29:10 INF] Request finished HTTP/1.1 POST http://localhost/api/checkout/preview - 400 null application/problem+json; charset=utf-8 139.9817ms
Metric Name: dotnet.gc.heap.total_allocated, Description: The approximate number of bytes allocated on the managed GC heap since the process has started. The returned value does not include any native allocations., Unit: By, Metric Type: LongSum
Instrumentation scope (Meter):
	Name: System.Runtime
(2026-06-08T01:29:04.1552054Z, 2026-06-08T01:29:10.4116017Z]  
Value: 387417544
Metric Name: dotnet.gc.last_collection.memory.committed_size, Description: The amount of committed virtual memory in use by the .NET GC, as observed during the latest garbage collection., Unit: By, Metric Type: LongSumNonMonotonic
Instrumentation scope (Meter):
	Name: System.Runtime
[22:29:10 INF] Executed endpoint 'Urbeat.WebApi.Controllers.StoreProductsController.Create (Urbeat.WebApi)'
(2026-06-08T01:29:04.1552225Z, 2026-06-08T01:29:10.4116020Z]  
Value: 156532736
Activity.DisplayName:        GET api/public/stores/{storeId}
Metric Name: dotnet.gc.last_collection.heap.size, Description: The managed GC heap size (including fragmentation), as observed during the latest garbage collection., Unit: By, Metric Type: LongSumNonMonotonic
Instrumentation scope (Meter):
	Name: System.Runtime
(2026-06-08T01:29:04.1552460Z, 2026-06-08T01:29:10.4116024Z] gc.heap.generation: gen0
Value: 1065368
(2026-06-08T01:29:04.1552460Z, 2026-06-08T01:29:10.4116024Z] gc.heap.generation: gen1
Value: 7536152
(2026-06-08T01:29:04.1552460Z, 2026-06-08T01:29:10.4116024Z] gc.heap.generation: gen2
Value: 60510280
(2026-06-08T01:29:04.1552460Z, 2026-06-08T01:29:10.4116024Z] gc.heap.generation: loh
Value: 81035840
(2026-06-08T01:29:04.1552460Z, 2026-06-08T01:29:10.4116024Z] gc.heap.generation: poh
Value: 123736
Activity.TraceId:            477f7bd41c029577bedd76d31b5b8c17
Metric Name: dotnet.gc.last_collection.heap.fragmentation.size, Description: The heap fragmentation, as observed during the latest garbage collection., Unit: By, Metric Type: LongSumNonMonotonic
Instrumentation scope (Meter):
	Name: System.Runtime
Activity.SpanId:             1ee1ce8944560279
Activity.TraceFlags:         Recorded
(2026-06-08T01:29:04.1552592Z, 2026-06-08T01:29:10.4116030Z] gc.heap.generation: gen0
Value: 1065184
Activity.DisplayName:        GET api/stores/{storeId}/categories
(2026-06-08T01:29:04.1552592Z, 2026-06-08T01:29:10.4116030Z] gc.heap.generation: gen1
Value: 136848
Activity.Kind:               Server
(2026-06-08T01:29:04.1552592Z, 2026-06-08T01:29:10.4116030Z] gc.heap.generation: gen2
Value: 5477496
(2026-06-08T01:29:04.1552592Z, 2026-06-08T01:29:10.4116030Z] gc.heap.generation: loh
Value: 726664
Activity.StartTime:          2026-06-08T01:29:10.4125678Z
Activity.Duration:           00:00:00.1701381
(2026-06-08T01:29:04.1552592Z, 2026-06-08T01:29:10.4116030Z] gc.heap.generation: poh
Value: 0
Activity.Tags:
Metric Name: dotnet.gc.pause.time, Description: The total amount of time paused in GC since the process has started., Unit: s, Metric Type: DoubleSum
Instrumentation scope (Meter):
	Name: System.Runtime
    server.address: localhost
Activity.Duration:           00:00:00.1850728
(2026-06-08T01:29:04.1553024Z, 2026-06-08T01:29:10.4116037Z]  
Value: 0.487304
    http.request.method: GET
Metric Name: dotnet.jit.compiled_il.size, Description: Count of bytes of intermediate language that have been compiled since the process has started., Unit: By, Metric Type: LongSum
Instrumentation scope (Meter):
    url.scheme: http
	Name: System.Runtime
Activity.Tags:
    url.path: /api/stores/019ea4d9-1305-7992-96a6-8261cf8e3c07/categories
(2026-06-08T01:29:04.1645880Z, 2026-06-08T01:29:10.4116042Z]  
Value: 2052290
    network.protocol.version: 1.1
    http.route: api/stores/{storeId}/categories
Metric Name: dotnet.jit.compiled_methods, Description: The number of times the JIT compiler (re)compiled methods since the process has started., Unit: {method}, Metric Type: LongSum
    server.address: localhost
Activity.TraceId:            08ef4f8138e4a96f46a6869b98e19eb4
    http.request.method: POST
Activity.SpanId:             7dd8ffffb2df99d3
    url.scheme: http
Activity.TraceFlags:         Recorded
Activity.DisplayName:        POST api/auth/login/seller
Activity.Kind:               Server
    url.path: /api/auth/login/seller
    network.protocol.version: 1.1
    http.route: api/auth/login/seller
Activity.StartTime:          2026-06-08T01:29:10.2923693Z
[22:29:10 INF] HTTP POST /api/auth/login/customer responded 200 in 142.1965 ms
Activity.Kind:               Server
[22:29:10 INF] Server fabio-mobile:44964:871e12bc caught stopping signal...
Activity.StartTime:          2026-06-08T01:29:10.3741511Z
    http.response.status_code: 200
Activity.Duration:           00:00:00.1761478
[22:29:10 INF] Saved 1 entities to in-memory store.
Instrumentation scope (ActivitySource):
Activity.Tags:
    Name: Microsoft.AspNetCore
    server.address: localhost
Resource associated with Activity:
[22:29:10 INF] HTTP POST /api/stores/019ea4d9-12d9-7426-a3c6-60f0ee044707/products responded 400 in 208.2454 ms
    http.request.method: GET
    url.scheme: http
    url.path: /api/public/stores/019ea4d9-0eff-7cfc-8ee3-ef42a81dcd02
    telemetry.sdk.name: opentelemetry
    network.protocol.version: 1.1
    telemetry.sdk.language: dotnet
    telemetry.sdk.version: 1.14.0
    http.route: api/public/stores/{storeId}
    service.name: unknown_service:testhost
    http.response.status_code: 404
Instrumentation scope (ActivitySource):
    Name: Microsoft.AspNetCore
Resource associated with Activity:
    telemetry.sdk.name: opentelemetry
Activity.TraceId:            477f7bd41c029577bedd76d31b5b8c17
    telemetry.sdk.language: dotnet
    telemetry.sdk.version: 1.14.0
Activity.SpanId:             1ee1ce8944560279
    service.name: unknown_service:testhost
Activity.TraceFlags:         Recorded
Activity.DisplayName:        GET api/stores/{storeId}/categories
Activity.Kind:               Server
Activity.TraceId:            f5143eea1b77723ab06d9c34ec7c930e
Activity.SpanId:             d9186163c4c8f624
Activity.StartTime:          2026-06-08T01:29:10.4125678Z
Activity.TraceFlags:         Recorded
Activity.Duration:           00:00:00.1701381
Activity.DisplayName:        GET api/public/stores/{storeId}
Activity.Tags:
Activity.Kind:               Server
    server.address: localhost
Activity.StartTime:          2026-06-08T01:29:10.3741511Z
    http.request.method: GET
Activity.Duration:           00:00:00.1761478
    url.scheme: http
Activity.Tags:
    url.path: /api/stores/019ea4d9-1305-7992-96a6-8261cf8e3c07/categories
    server.address: localhost
    network.protocol.version: 1.1
    http.request.method: GET
    http.route: api/stores/{storeId}/categories
    url.scheme: http
    http.response.status_code: 200
    url.path: /api/public/stores/019ea4d9-0eff-7cfc-8ee3-ef42a81dcd02
    network.protocol.version: 1.1
Instrumentation scope (ActivitySource):
    Name: Microsoft.AspNetCore
    http.route: api/public/stores/{storeId}
Resource associated with Activity:
    http.response.status_code: 404
    telemetry.sdk.name: opentelemetry
Instrumentation scope (ActivitySource):
    Name: Microsoft.AspNetCore
Resource associated with Activity:
    telemetry.sdk.language: dotnet
    telemetry.sdk.name: opentelemetry
[22:29:10 INF] Executed action Urbeat.WebApi.Controllers.StoresController.Create (Urbeat.WebApi) in 133.0536ms
    telemetry.sdk.version: 1.14.0
    telemetry.sdk.language: dotnet
[22:29:10 INF] Request finished HTTP/1.1 POST http://localhost/api/auth/login/customer - 200 null application/json; charset=utf-8 210.7791ms
    service.name: unknown_service:testhost
    telemetry.sdk.version: 1.14.0
    service.name: unknown_service:testhost
Activity.TraceId:            f5143eea1b77723ab06d9c34ec7c930e
Activity.SpanId:             d9186163c4c8f624
Activity.TraceFlags:         Recorded
Activity.DisplayName:        GET api/public/stores/{storeId}
Activity.Kind:               Server
    http.response.status_code: 200
Activity.StartTime:          2026-06-08T01:29:10.3741511Z
Instrumentation scope (ActivitySource):
    Name: Microsoft.AspNetCore
Resource associated with Activity:
Activity.Duration:           00:00:00.1761478
    telemetry.sdk.name: opentelemetry
Activity.Tags:
    telemetry.sdk.language: dotnet
    server.address: localhost
    telemetry.sdk.version: 1.14.0
    http.request.method: GET
    url.scheme: http
    url.path: /api/public/stores/019ea4d9-0eff-7cfc-8ee3-ef42a81dcd02
    service.name: unknown_service:testhost
    network.protocol.version: 1.1
    http.route: api/public/stores/{storeId}
    http.response.status_code: 404
Activity.TraceId:            7f7761147cdabbbbf57be9aa6e161fe9
Instrumentation scope (ActivitySource):
Activity.SpanId:             d530498c547ed860
Activity.Duration:           00:00:00.1183515
Activity.TraceFlags:         Recorded
Activity.DisplayName:        POST api/auth/login/customer
Instrumentation scope (Meter):
Activity.Kind:               Server
[22:29:10 INF] Request finished HTTP/1.1 POST http://localhost/api/stores/019ea4d9-12d9-7426-a3c6-60f0ee044707/products - 400 null application/problem+json; charset=utf-8 236.8922ms
Activity.StartTime:          2026-06-08T01:29:10.3722299Z
    Name: Microsoft.AspNetCore
Activity.Duration:           00:00:00.2108566
Resource associated with Activity:
Activity.Tags:
[22:29:10 INF] Executed endpoint 'Urbeat.WebApi.Controllers.StoresController.Create (Urbeat.WebApi)'
    server.address: localhost
    telemetry.sdk.name: opentelemetry
    http.request.method: POST
    telemetry.sdk.language: dotnet
    url.scheme: http
[22:29:10 INF] Executing endpoint 'Urbeat.WebApi.Controllers.StoresController.UpdateStatus (Urbeat.WebApi)'
    url.path: /api/auth/login/customer
    telemetry.sdk.version: 1.14.0
Activity.TraceId:            477f7bd41c029577bedd76d31b5b8c17
    network.protocol.version: 1.1
Activity.SpanId:             1ee1ce8944560279
    http.route: api/auth/login/customer
    service.name: unknown_service:testhost
    http.response.status_code: 200
Activity.TraceFlags:         Recorded
Instrumentation scope (ActivitySource):
Activity.DisplayName:        GET api/stores/{storeId}/categories
    Name: Microsoft.AspNetCore
Activity.TraceId:            0c5eddf1b829ce3fdfa8eb3d1f09688b
Activity.TraceId:            f5143eea1b77723ab06d9c34ec7c930e
Activity.SpanId:             0d8fa139854ef3e0
Resource associated with Activity:
Activity.Kind:               Server
Activity.SpanId:             d9186163c4c8f624
    telemetry.sdk.name: opentelemetry
[22:29:10 INF] Server fabio-mobile:44964:871e12bc All dispatchers stopped
Activity.TraceFlags:         Recorded
    telemetry.sdk.language: dotnet
Activity.StartTime:          2026-06-08T01:29:10.4125678Z
    telemetry.sdk.version: 1.14.0
Activity.TraceFlags:         Recorded
Activity.Duration:           00:00:00.1701381
[22:29:10 INF] HTTP POST /api/stores responded 201 in 172.1212 ms
    service.name: unknown_service:testhost
Activity.DisplayName:        POST api/auth/login/seller
Activity.Kind:               Server
Activity.Tags:
Activity.DisplayName:        GET api/public/stores/{storeId}
    server.address: localhost
Activity.StartTime:          2026-06-08T01:29:10.3322729Z
Activity.TraceId:            7f7761147cdabbbbf57be9aa6e161fe9
Activity.Kind:               Server
Activity.SpanId:             d530498c547ed860
Activity.Duration:           00:00:00.1850728
    http.request.method: GET
Activity.Tags:
Activity.TraceFlags:         Recorded
    server.address: localhost
Activity.DisplayName:        POST api/auth/login/customer
Activity.StartTime:          2026-06-08T01:29:10.3741511Z
Activity.Kind:               Server
Activity.TraceId:            a19a0a26795133c2ac8e115a305731b1
    http.request.method: POST
Activity.Duration:           00:00:00.1761478
Activity.StartTime:          2026-06-08T01:29:10.3722299Z
    url.scheme: http
Activity.SpanId:             2c793e0a78e9ac0d
Activity.Duration:           00:00:00.2108566
    url.path: /api/auth/login/seller
[22:29:10 INF] Route matched with {action = "UpdateStatus", controller = "Stores"}. Executing controller action with signature System.Threading.Tasks.Task`1[Microsoft.AspNetCore.Mvc.IActionResult] UpdateStatus(System.Guid, Urbeat.Application.DTOs.UpdateStoreStatusRequestDto, System.Threading.CancellationToken) on controller Urbeat.WebApi.Controllers.StoresController (Urbeat.WebApi).
Activity.TraceFlags:         Recorded
    network.protocol.version: 1.1
Activity.DisplayName:        POST api/stores/{storeId}/products
Activity.Kind:               Server
    http.route: api/auth/login/seller
Activity.StartTime:          2026-06-08T01:29:10.3461699Z
Activity.Duration:           00:00:00.2371531
Activity.TraceId:            df99c92030bd48f8a5fd968f611d3c08
    http.response.status_code: 200
	Name: System.Runtime
Activity.SpanId:             9ac7edaf9250b5d6
Instrumentation scope (ActivitySource):
Activity.TraceFlags:         Recorded
    Name: Microsoft.AspNetCore
Activity.DisplayName:        POST api/checkout/preview
(2026-06-08T01:29:04.1646493Z, 2026-06-08T01:29:10.4116046Z]  
Value: 31459
Resource associated with Activity:
Activity.Kind:               Server
Metric Name: dotnet.jit.compilation.time, Description: The number of times the JIT compiler (re)compiled methods since the process has started., Unit: s, Metric Type: DoubleSum
Instrumentation scope (Meter):
	Name: System.Runtime
Activity.Tags:
Activity.Tags:
    server.address: localhost
(2026-06-08T01:29:04.1646937Z, 2026-06-08T01:29:10.4116052Z]  
Value: 5.1602534
    server.address: localhost
    http.request.method: GET
Activity.Tags:
    url.scheme: http
    server.address: localhost
    http.request.method: POST
    url.path: /api/public/stores/019ea4d9-0eff-7cfc-8ee3-ef42a81dcd02
Activity.Tags:
    network.protocol.version: 1.1
    http.route: api/public/stores/{storeId}
[22:29:10 INF] Request finished HTTP/1.1 POST http://localhost/api/stores - 201 null application/json; charset=utf-8 172.5641ms
    http.response.status_code: 404
Instrumentation scope (ActivitySource):
    Name: Microsoft.AspNetCore
    telemetry.sdk.name: opentelemetry
Resource associated with Activity:
    telemetry.sdk.language: dotnet
[22:29:10 INF] Executing action method Urbeat.WebApi.Controllers.StoresController.Create (Urbeat.WebApi) - Validation state: Valid
    telemetry.sdk.version: 1.14.0
Activity.StartTime:          2026-06-08T01:29:10.4108488Z
    service.name: unknown_service:testhost
    telemetry.sdk.name: opentelemetry
[22:29:10 INF] Server fabio-mobile:44964:871e12bc successfully reported itself as stopped in 0,0314 ms
    telemetry.sdk.language: dotnet
Activity.Duration:           00:00:00.1718987
    telemetry.sdk.version: 1.14.0
Activity.Tags:
    service.name: unknown_service:testhost
    server.address: localhost
    http.request.method: POST
    url.scheme: http
    url.path: /api/stores/019ea4d9-1305-7992-96a6-8261cf8e3c07/categories
    url.scheme: http
    network.protocol.version: 1.1
    url.path: /api/checkout/preview
    http.route: api/stores/{storeId}/categories
    network.protocol.version: 1.1
    http.response.status_code: 200
    http.route: api/checkout/preview
Instrumentation scope (ActivitySource):
    http.response.status_code: 400
    Name: Microsoft.AspNetCore
Instrumentation scope (ActivitySource):
Resource associated with Activity:
    Name: Microsoft.AspNetCore
    telemetry.sdk.name: opentelemetry
Resource associated with Activity:
    telemetry.sdk.language: dotnet
    telemetry.sdk.name: opentelemetry
    telemetry.sdk.version: 1.14.0
    telemetry.sdk.language: dotnet
    service.name: unknown_service:testhost
    telemetry.sdk.version: 1.14.0
[22:29:10 INF] HTTP POST /api/auth/register/seller responded 201 in 324.3662 ms
    service.name: unknown_service:testhost
[22:29:10 INF] Request starting HTTP/1.1 POST http://localhost/api/customer/addresses - application/json; charset=utf-8 null
[22:29:10 INF] Server fabio-mobile:44964:871e12bc has been stopped in total 42,309 ms
    url.scheme: http
[22:29:10 INF] Saved 2 entities to in-memory store.
    url.path: /api/auth/login/seller
    network.protocol.version: 1.1
Metric Name: dotnet.monitor.lock_contentions, Description: The number of times there was contention when trying to acquire a monitor lock since the process has started., Unit: {contention}, Metric Type: LongSum
    http.route: api/auth/login/seller
Instrumentation scope (Meter):
    http.response.status_code: 200
Instrumentation scope (ActivitySource):
    Name: Microsoft.AspNetCore
	Name: System.Runtime
Resource associated with Activity:
    telemetry.sdk.name: opentelemetry
    telemetry.sdk.language: dotnet
Activity.TraceId:            1dfc67976a2ddb020f9646b5ccaa7788
(2026-06-08T01:29:04.1647151Z, 2026-06-08T01:29:10.4116055Z]  
Value: 3383
    telemetry.sdk.version: 1.14.0
Activity.SpanId:             82afc413db4f2587
    service.name: unknown_service:testhost
Metric Name: dotnet.thread_pool.thread.count, Description: The number of thread pool threads that currently exist., Unit: {thread}, Metric Type: LongSum
Instrumentation scope (Meter):
	Name: System.Runtime
(2026-06-08T01:29:04.1647342Z, 2026-06-08T01:29:10.4116058Z]  
Value: 28
Metric Name: dotnet.thread_pool.work_item.count, Description: The number of work items that the thread pool has completed since the process has started., Unit: {work_item}, Metric Type: LongSum
Instrumentation scope (Meter):
Activity.TraceId:            08ef4f8138e4a96f46a6869b98e19eb4
	Name: System.Runtime
Activity.SpanId:             7dd8ffffb2df99d3
(2026-06-08T01:29:04.1647559Z, 2026-06-08T01:29:10.4116061Z]  
Value: 1172
Activity.TraceFlags:         Recorded
Activity.TraceFlags:         Recorded
Activity.DisplayName:        POST api/stores
Activity.DisplayName:        POST api/auth/login/seller
Metric Name: dotnet.thread_pool.queue.length, Description: The number of work items that are currently queued to be processed by the thread pool., Unit: {work_item}, Metric Type: LongSum
Instrumentation scope (Meter):
	Name: System.Runtime
Activity.Kind:               Server
(2026-06-08T01:29:04.1647721Z, 2026-06-08T01:29:10.4116063Z]  
Value: 2
Activity.Kind:               Server
Metric Name: dotnet.timer.count, Description: The number of timer instances that are currently active. An active timer is registered to tick at some point in the future and has not yet been canceled., Unit: {timer}, Metric Type: LongSumNonMonotonic
Instrumentation scope (Meter):
	Name: System.Runtime
Activity.StartTime:          2026-06-08T01:29:10.4108488Z
(2026-06-08T01:29:04.1877106Z, 2026-06-08T01:29:10.4116065Z]  
Value: 33
Activity.StartTime:          2026-06-08T01:29:10.2923693Z
Activity.Duration:           00:00:00.1183515
    http.request.method: POST
Activity.Tags:
    url.scheme: http
    server.address: localhost
    url.path: /api/auth/login/customer
    http.request.method: POST
    network.protocol.version: 1.1
    url.scheme: http
    http.route: api/auth/login/customer
    url.path: /api/auth/login/seller
    http.response.status_code: 200
Instrumentation scope (ActivitySource):
    Name: Microsoft.AspNetCore
Activity.Duration:           00:00:00.2144483
Resource associated with Activity:
Activity.Tags:
    server.address: localhost
    http.request.method: POST
    url.scheme: http
    url.path: /api/stores
Metric Name: dotnet.assembly.count, Description: The number of .NET assemblies that are currently loaded., Unit: {assembly}, Metric Type: LongSumNonMonotonic
    telemetry.sdk.name: opentelemetry
    network.protocol.version: 1.1
    telemetry.sdk.language: dotnet
    http.route: api/stores
Instrumentation scope (Meter):
    telemetry.sdk.version: 1.14.0
    server.address: localhost
    service.name: unknown_service:testhost
Activity.TraceId:            0c5eddf1b829ce3fdfa8eb3d1f09688b
Activity.TraceId:            7f7761147cdabbbbf57be9aa6e161fe9
Activity.TraceId:            f5143eea1b77723ab06d9c34ec7c930e
Activity.SpanId:             d530498c547ed860
Activity.SpanId:             0d8fa139854ef3e0
Activity.TraceFlags:         Recorded
Activity.SpanId:             d9186163c4c8f624
Activity.TraceFlags:         Recorded
Activity.TraceFlags:         Recorded
Activity.DisplayName:        POST api/auth/login/customer
Activity.DisplayName:        GET api/public/stores/{storeId}
Activity.Kind:               Server
Activity.Kind:               Server
Activity.DisplayName:        POST api/auth/login/seller
Activity.Kind:               Server
Activity.StartTime:          2026-06-08T01:29:10.3741511Z
Activity.StartTime:          2026-06-08T01:29:10.3722299Z
    network.protocol.version: 1.1
	Name: System.Runtime
    http.route: api/auth/login/seller
(2026-06-08T01:29:04.1877343Z, 2026-06-08T01:29:10.4116068Z]  
Value: 265
    http.response.status_code: 200
Metric Name: dotnet.exceptions, Description: The number of exceptions that have been thrown in managed code., Unit: {exception}, Metric Type: LongSum
Instrumentation scope (ActivitySource):
Instrumentation scope (Meter):
    Name: Microsoft.AspNetCore
	Name: System.Runtime
Resource associated with Activity:
(2026-06-08T01:29:04.1877466Z, 2026-06-08T01:29:10.4116076Z] error.type: SocketException
Value: 17
    http.request.method: POST
(2026-06-08T01:29:04.1877466Z, 2026-06-08T01:29:10.4116076Z] error.type: NullReferenceException
Value: 4
    url.scheme: http
    url.path: /api/stores/019ea4d9-12d9-7426-a3c6-60f0ee044707/products
    network.protocol.version: 1.1
[22:29:10 INF] Request starting HTTP/1.1 POST http://localhost/api/auth/login/admin - application/json; charset=utf-8 null
    http.route: api/stores/{storeId}/products
(2026-06-08T01:29:04.1877466Z, 2026-06-08T01:29:10.4116076Z] error.type: OperationCanceledException
Value: 56
    http.response.status_code: 400
Instrumentation scope (ActivitySource):
(2026-06-08T01:29:04.1877466Z, 2026-06-08T01:29:10.4116076Z] error.type: InvalidOperationException
Value: 5
[22:29:10 INF] Executing action method Urbeat.WebApi.Controllers.StoresController.UpdateStatus (Urbeat.WebApi) - Validation state: Valid
(2026-06-08T01:29:04.1877466Z, 2026-06-08T01:29:10.4116076Z] error.type: FileNotFoundException
Value: 1
    Name: Microsoft.AspNetCore
Resource associated with Activity:
(2026-06-08T01:29:04.1877466Z, 2026-06-08T01:29:10.4116076Z] error.type: XunitException
Value: 44
    telemetry.sdk.name: opentelemetry
    telemetry.sdk.language: dotnet
    telemetry.sdk.version: 1.14.0
(2026-06-08T01:29:04.1877466Z, 2026-06-08T01:29:10.4116076Z] error.type: NpgsqlException
Value: 24
    service.name: unknown_service:testhost
(2026-06-08T01:29:04.1877466Z, 2026-06-08T01:29:10.4116076Z] error.type: ObjectDisposedException
Value: 36
(2026-06-08T01:29:04.1877466Z, 2026-06-08T01:29:10.4116076Z] error.type: RuntimeBinderException
Value: 2
Metric Name: dotnet.process.cpu.count, Description: The number of processors available to the process., Unit: {cpu}, Metric Type: LongSumNonMonotonic
Instrumentation scope (Meter):
	Name: System.Runtime
Activity.TraceId:            a19a0a26795133c2ac8e115a305731b1
(2026-06-08T01:29:04.1877562Z, 2026-06-08T01:29:10.4116078Z]  
Value: 12
Metric Name: dotnet.process.cpu.time, Description: CPU time used by the process., Unit: s, Metric Type: DoubleSum
Instrumentation scope (Meter):
	Name: System.Runtime
(2026-06-08T01:29:04.1877680Z, 2026-06-08T01:29:10.4116087Z] cpu.mode: user
Value: 15.1875
Activity.SpanId:             2c793e0a78e9ac0d
(2026-06-08T01:29:04.1877680Z, 2026-06-08T01:29:10.4116087Z] cpu.mode: system
Value: 2.609375
Activity.TraceFlags:         Recorded
Metric Name: dns.lookup.duration, Description: Measures the time taken to perform a DNS lookup., Unit: s, Metric Type: Histogram
Instrumentation scope (Meter):
Activity.DisplayName:        POST api/stores/{storeId}/products
	Name: System.Net.NameResolution
Activity.Kind:               Server
Activity.StartTime:          2026-06-08T01:29:10.3461699Z
Activity.Duration:           00:00:00.2371531
Activity.Tags:
    server.address: localhost
    http.request.method: POST
(2026-06-08T01:29:04.2011269Z, 2026-06-08T01:29:10.4116095Z] dns.question.name: localhost
Value: Sum: 0.007569200000000001 Count: 7 Min: 0.000572 Max: 0.003488 
(-Infinity,0,005]:7
(0,005,0,01]:0
(0,01,0,025]:0
(0,025,0,05]:0
(0,05,0,075]:0
(0,075,0,1]:0
(0,1,0,25]:0
(0,25,0,5]:0
(0,5,0,75]:0
(0,75,1]:0
(1,2,5]:0
(2,5,5]:0
(5,7,5]:0
(7,5,10]:0
(10,+Infinity]:0
    url.scheme: http
Metric Name: aspnetcore.routing.match_attempts, Description: Number of requests that were attempted to be matched to an endpoint., Unit: {match_attempt}, Metric Type: LongSum
Instrumentation scope (Meter):
    url.path: /api/stores/019ea4d9-12d9-7426-a3c6-60f0ee044707/products
    network.protocol.version: 1.1
	Name: Microsoft.AspNetCore.Routing
    http.route: api/stores/{storeId}/products
    http.response.status_code: 400
(2026-06-08T01:29:05.8088695Z, 2026-06-08T01:29:10.4116110Z] aspnetcore.routing.is_fallback: false aspnetcore.routing.match_status: success http.route: api/auth/login/admin
Value: 5
Instrumentation scope (ActivitySource):
    Name: Microsoft.AspNetCore
(2026-06-08T01:29:05.8088695Z, 2026-06-08T01:29:10.4116110Z] aspnetcore.routing.is_fallback: false aspnetcore.routing.match_status: success http.route: api/auth/register/customer
Value: 8
Resource associated with Activity:
    telemetry.sdk.name: opentelemetry
    telemetry.sdk.language: dotnet
Activity.Duration:           00:00:00.2108566
    telemetry.sdk.version: 1.14.0
Activity.Tags:
    service.name: unknown_service:testhost
    server.address: localhost
Activity.Duration:           00:00:00.1761478
    http.request.method: POST
Activity.Tags:
    server.address: localhost
    url.scheme: http
    http.request.method: GET
    url.path: /api/auth/login/customer
    url.scheme: http
    network.protocol.version: 1.1
    url.path: /api/public/stores/019ea4d9-0eff-7cfc-8ee3-ef42a81dcd02
    http.route: api/auth/login/customer
    network.protocol.version: 1.1
    http.route: api/public/stores/{storeId}
    http.response.status_code: 200
    http.response.status_code: 404
Instrumentation scope (ActivitySource):
Instrumentation scope (ActivitySource):
    Name: Microsoft.AspNetCore
    Name: Microsoft.AspNetCore
Resource associated with Activity:
Resource associated with Activity:
    telemetry.sdk.name: opentelemetry
    http.response.status_code: 201
    telemetry.sdk.language: dotnet
    telemetry.sdk.version: 1.14.0
    telemetry.sdk.name: opentelemetry
(2026-06-08T01:29:05.8088695Z, 2026-06-08T01:29:10.4116110Z] aspnetcore.routing.is_fallback: false aspnetcore.routing.match_status: success http.route: api/address-lookup/cep/{cep}
Value: 1
    telemetry.sdk.language: dotnet
(2026-06-08T01:29:05.8088695Z, 2026-06-08T01:29:10.4116110Z] aspnetcore.routing.is_fallback: false aspnetcore.routing.match_status: success http.route: api/auth/register/seller
Value: 25
    telemetry.sdk.version: 1.14.0
(2026-06-08T01:29:05.8088695Z, 2026-06-08T01:29:10.4116110Z] aspnetcore.routing.is_fallback: false aspnetcore.routing.match_status: success http.route: api/stores/{storeId}/categories
Value: 4
    service.name: unknown_service:testhost
Activity.TraceId:            df99c92030bd48f8a5fd968f611d3c08
(2026-06-08T01:29:05.8088695Z, 2026-06-08T01:29:10.4116110Z] aspnetcore.routing.is_fallback: false aspnetcore.routing.match_status: success http.route: api/customer/home
Value: 3
Activity.SpanId:             9ac7edaf9250b5d6
(2026-06-08T01:29:05.8088695Z, 2026-06-08T01:29:10.4116110Z] aspnetcore.routing.is_fallback: false aspnetcore.routing.match_status: success http.route: api/admin/dashboard
Value: 3
Activity.TraceFlags:         Recorded
Activity.DisplayName:        POST api/checkout/preview
Activity.Kind:               Server
(2026-06-08T01:29:05.8088695Z, 2026-06-08T01:29:10.4116110Z] aspnetcore.routing.is_fallback: false aspnetcore.routing.match_status: success http.route: api/seller/panel
Value: 3
(2026-06-08T01:29:05.8088695Z, 2026-06-08T01:29:10.4116110Z] aspnetcore.routing.is_fallback: false aspnetcore.routing.match_status: success http.route: api/admin/plans
Value: 5
(2026-06-08T01:29:05.8088695Z, 2026-06-08T01:29:10.4116110Z] aspnetcore.routing.is_fallback: false aspnetcore.routing.match_status: success http.route: api/auth/login/customer
Value: 6
Activity.StartTime:          2026-06-08T01:29:10.4108488Z
(2026-06-08T01:29:05.8088695Z, 2026-06-08T01:29:10.4116110Z] aspnetcore.routing.is_fallback: false aspnetcore.routing.match_status: success http.route: api/auth/login/seller
Value: 19
Activity.Duration:           00:00:00.1718987
(2026-06-08T01:29:05.8088695Z, 2026-06-08T01:29:10.4116110Z] aspnetcore.routing.is_fallback: false aspnetcore.routing.match_status: success http.route: api/auth/email/resend-confirmation
Value: 5
Activity.Tags:
(2026-06-08T01:29:05.8088695Z, 2026-06-08T01:29:10.4116110Z] aspnetcore.routing.is_fallback: false aspnetcore.routing.match_status: success http.route: api/auth/email/confirm/{code}
Value: 4
(2026-06-08T01:29:05.8088695Z, 2026-06-08T01:29:10.4116110Z] aspnetcore.routing.is_fallback: false aspnetcore.routing.match_status: success http.route: api/stores
Value: 19
(2026-06-08T01:29:05.8088695Z, 2026-06-08T01:29:10.4116110Z] aspnetcore.routing.is_fallback: false aspnetcore.routing.match_status: success http.route: api/customer/addresses
Value: 8
(2026-06-08T01:29:05.8088695Z, 2026-06-08T01:29:10.4116110Z] aspnetcore.routing.is_fallback: false aspnetcore.routing.match_status: success http.route: api/stores/cuisine-types
Value: 1
(2026-06-08T01:29:05.8088695Z, 2026-06-08T01:29:10.4116110Z] aspnetcore.routing.is_fallback: false aspnetcore.routing.match_status: success http.route: api/admin/plans/{planId}
Value: 1
(2026-06-08T01:29:05.8088695Z, 2026-06-08T01:29:10.4116110Z] aspnetcore.routing.is_fallback: false aspnetcore.routing.match_status: success http.route: api/admin/plans/{planId}/status
Value: 1
    server.address: localhost
(2026-06-08T01:29:05.8088695Z, 2026-06-08T01:29:10.4116110Z] aspnetcore.routing.is_fallback: false aspnetcore.routing.match_status: success http.route: api/auth/email/confirm
Value: 2
    http.request.method: POST
    url.scheme: http
    url.path: /api/checkout/preview
(2026-06-08T01:29:05.8088695Z, 2026-06-08T01:29:10.4116110Z] aspnetcore.routing.is_fallback: false aspnetcore.routing.match_status: success http.route: api/stores/{storeId}/status
Value: 5
[22:29:10 INF] Request starting HTTP/1.1 POST http://localhost/api/auth/register/seller - application/json; charset=utf-8 null
    telemetry.sdk.name: opentelemetry
[22:29:10 INF] Request starting HTTP/1.1 POST http://localhost/api/auth/register/seller - application/json; charset=utf-8 null
    telemetry.sdk.language: dotnet
Activity.StartTime:          2026-06-08T01:29:10.3322729Z
    telemetry.sdk.version: 1.14.0
[22:29:10 INF] Request finished HTTP/1.1 POST http://localhost/api/auth/register/seller - 201 null application/json; charset=utf-8 397.2926ms
    service.name: unknown_service:testhost
[22:29:10 INF] Saved 1 entities to in-memory store.
Instrumentation scope (ActivitySource):
    Name: Microsoft.AspNetCore
    service.name: unknown_service:testhost
Activity.TraceId:            d200a1973b8db5745e3f96fa9176b914
Activity.SpanId:             512e5893112aa2fc
Activity.TraceFlags:         Recorded
Activity.DisplayName:        PUT api/stores/{storeId}/categories/{categoryId}
Activity.TraceId:            f5143eea1b77723ab06d9c34ec7c930e
Activity.Kind:               Server
Activity.SpanId:             d9186163c4c8f624
Activity.TraceFlags:         Recorded
Activity.DisplayName:        GET api/public/stores/{storeId}
Activity.StartTime:          2026-06-08T01:29:10.2273741Z
Activity.Kind:               Server
Activity.Duration:           00:00:00.1837789
Activity.Tags:
Activity.StartTime:          2026-06-08T01:29:10.3741511Z
    server.address: localhost
Activity.Duration:           00:00:00.1761478
    http.request.method: PUT
Activity.Tags:
    url.scheme: http
[22:29:10 INF] SellerRegistered | Registration succeeded | UserId=019ea4d9-1476-7cf7-b0e3-5707070d1c8f | Email=orders.seller.513467516b2542559079f4891af70307@urbeat.local | Role=Seller
    server.address: localhost
    http.request.method: GET
    url.scheme: http
    url.path: /api/public/stores/019ea4d9-0eff-7cfc-8ee3-ef42a81dcd02
    url.path: /api/stores/019ea4d9-1305-7992-96a6-8261cf8e3c07/categories/019ea4d9-132f-7c9a-81b7-70da9920cba1
    network.protocol.version: 1.1
    network.protocol.version: 1.1
    http.route: api/public/stores/{storeId}
    http.route: api/stores/{storeId}/categories/{categoryId}
    http.response.status_code: 404
    http.response.status_code: 200
Instrumentation scope (ActivitySource):
Instrumentation scope (ActivitySource):
[22:29:10 INF] Executing endpoint 'Urbeat.WebApi.Controllers.AuthController.LoginAdmin (Urbeat.WebApi)'
    Name: Microsoft.AspNetCore
    Name: Microsoft.AspNetCore
Resource associated with Activity:
Resource associated with Activity:
Activity.TraceId:            477f7bd41c029577bedd76d31b5b8c17
    telemetry.sdk.name: opentelemetry
    telemetry.sdk.name: opentelemetry
Activity.SpanId:             1ee1ce8944560279
    telemetry.sdk.language: dotnet
Activity.TraceFlags:         Recorded
    telemetry.sdk.language: dotnet
Activity.DisplayName:        GET api/stores/{storeId}/categories
    telemetry.sdk.version: 1.14.0
    telemetry.sdk.version: 1.14.0
    service.name: unknown_service:testhost
[22:29:10 INF] Executing endpoint 'Urbeat.WebApi.Controllers.AuthController.RegisterSeller (Urbeat.WebApi)'
[22:29:10 INF] Route matched with {action = "LoginAdmin", controller = "Auth"}. Executing controller action with signature System.Threading.Tasks.Task`1[Microsoft.AspNetCore.Mvc.IActionResult] LoginAdmin(Urbeat.Application.DTOs.LoginRequestDto, System.Threading.CancellationToken) on controller Urbeat.WebApi.Controllers.AuthController (Urbeat.WebApi).
[22:29:10 INF] Route matched with {action = "RegisterSeller", controller = "Auth"}. Executing controller action with signature System.Threading.Tasks.Task`1[Microsoft.AspNetCore.Mvc.IActionResult] RegisterSeller(Urbeat.Application.DTOs.RegisterUserRequestDto, System.Threading.CancellationToken) on controller Urbeat.WebApi.Controllers.AuthController (Urbeat.WebApi).
[22:29:10 WRN] STORE_STATUS_UPDATE_BLOCKED | Store status update blocked by subscription | OwnerUserId=019ea4d9-0d8f-7747-87aa-72998e07afb7 | StoreId=019ea4d9-0eff-7cfc-8ee3-ef42a81dcd02 | IP=null
(2026-06-08T01:29:05.8088695Z, 2026-06-08T01:29:10.4116110Z] aspnetcore.routing.is_fallback: false aspnetcore.routing.match_status: success http.route: api/stores/{storeId}/delivery-config
Value: 5
[22:29:10 INF] Executing endpoint 'Urbeat.WebApi.Controllers.CustomerAddressesController.Create (Urbeat.WebApi)'
Resource associated with Activity:
    telemetry.sdk.name: opentelemetry
    telemetry.sdk.language: dotnet
    telemetry.sdk.version: 1.14.0
    service.name: unknown_service:testhost
    service.name: unknown_service:testhost
Activity.Kind:               Server
Activity.TraceId:            d200a1973b8db5745e3f96fa9176b914
Activity.SpanId:             512e5893112aa2fc
Activity.TraceFlags:         Recorded
Activity.StartTime:          2026-06-08T01:29:10.4125678Z
Activity.DisplayName:        PUT api/stores/{storeId}/categories/{categoryId}
Activity.Duration:           00:00:00.1701381
Activity.Kind:               Server
Activity.Tags:
Activity.StartTime:          2026-06-08T01:29:10.2273741Z
    network.protocol.version: 1.1
(2026-06-08T01:29:05.8088695Z, 2026-06-08T01:29:10.4116110Z] aspnetcore.routing.is_fallback: false aspnetcore.routing.match_status: success http.route: api/stores/{storeId}/categories/{categoryId}
Value: 3
    http.route: api/checkout/preview
    http.response.status_code: 400
Activity.Duration:           00:00:00.1850728
Instrumentation scope (ActivitySource):
(2026-06-08T01:29:05.8088695Z, 2026-06-08T01:29:10.4116110Z] aspnetcore.routing.is_fallback: false aspnetcore.routing.match_status: success http.route: api/stores/my-store
Value: 3
    Name: Microsoft.AspNetCore
Activity.Tags:
Resource associated with Activity:
(2026-06-08T01:29:05.8088695Z, 2026-06-08T01:29:10.4116110Z] aspnetcore.routing.is_fallback: false aspnetcore.routing.match_status: success http.route: api/admin/subscriptions/status
Value: 2
    server.address: localhost
    telemetry.sdk.name: opentelemetry
    telemetry.sdk.language: dotnet
[22:29:10 INF] Executing action method Urbeat.WebApi.Controllers.AuthController.LoginAdmin (Urbeat.WebApi) - Validation state: Valid
    server.address: localhost
[22:29:10 INF] Executing action method Urbeat.WebApi.Controllers.AuthController.RegisterSeller (Urbeat.WebApi) - Validation state: Valid
    http.request.method: GET
Resource associated with Metrics:
[22:29:10 INF] Route matched with {action = "Create", controller = "CustomerAddresses"}. Executing controller action with signature System.Threading.Tasks.Task`1[Microsoft.AspNetCore.Mvc.IActionResult] Create(Urbeat.Application.DTOs.UpsertCustomerAddressRequestDto, System.Threading.CancellationToken) on controller Urbeat.WebApi.Controllers.CustomerAddressesController (Urbeat.WebApi).
	telemetry.sdk.name: opentelemetry
[22:29:10 INF] Executing endpoint 'Urbeat.WebApi.Controllers.AuthController.RegisterSeller (Urbeat.WebApi)'
	telemetry.sdk.language: dotnet
Activity.Duration:           00:00:00.1837789
	telemetry.sdk.version: 1.14.0
Activity.Tags:
	service.name: unknown_service:testhost
    server.address: localhost
    http.request.method: PUT
    url.scheme: http
(2026-06-08T01:29:05.8088695Z, 2026-06-08T01:29:10.4116110Z] aspnetcore.routing.is_fallback: false aspnetcore.routing.match_status: success http.route: api/subscriptions/my
Value: 2
    url.path: /api/stores/019ea4d9-1305-7992-96a6-8261cf8e3c07/categories/019ea4d9-132f-7c9a-81b7-70da9920cba1
Metric Name: http.server.active_requests, Description: Number of active HTTP server requests., Unit: {request}, Metric Type: LongSumNonMonotonic
    network.protocol.version: 1.1
Instrumentation scope (Meter):
    http.route: api/stores/{storeId}/categories/{categoryId}
(2026-06-08T01:29:05.8088695Z, 2026-06-08T01:29:10.4116110Z] aspnetcore.routing.is_fallback: false aspnetcore.routing.match_status: success http.route: api/subscriptions/contract
Value: 3
	Name: Microsoft.AspNetCore.Hosting
    http.response.status_code: 200
(2026-06-08T01:29:05.8088695Z, 2026-06-08T01:29:10.4116110Z] aspnetcore.routing.is_fallback: false aspnetcore.routing.match_status: success http.route: api/subscriptions/plans
Value: 1
Instrumentation scope (ActivitySource):
    Name: Microsoft.AspNetCore
Resource associated with Activity:
(2026-06-08T01:29:04.1529406Z, 2026-06-08T01:29:10.6272230Z] http.request.method: GET url.scheme: http
Value: 0
    telemetry.sdk.name: opentelemetry
    http.request.method: POST
    telemetry.sdk.language: dotnet
(2026-06-08T01:29:04.1529406Z, 2026-06-08T01:29:10.6272230Z] http.request.method: POST url.scheme: http
Value: 3
    telemetry.sdk.version: 1.14.0
    url.scheme: http
    service.name: unknown_service:testhost
    url.path: /api/auth/login/seller
(2026-06-08T01:29:04.1529406Z, 2026-06-08T01:29:10.6272230Z] http.request.method: PUT url.scheme: http
Value: 0
    network.protocol.version: 1.1
    http.route: api/auth/login/seller
(2026-06-08T01:29:04.1529406Z, 2026-06-08T01:29:10.6272230Z] http.request.method: PATCH url.scheme: http
Value: 1
    telemetry.sdk.version: 1.14.0
    url.scheme: http
    url.path: /api/stores/019ea4d9-1305-7992-96a6-8261cf8e3c07/categories
    network.protocol.version: 1.1
    http.route: api/stores/{storeId}/categories
(2026-06-08T01:29:05.8088695Z, 2026-06-08T01:29:10.4116110Z] aspnetcore.routing.is_fallback: false aspnetcore.routing.match_status: success http.route: api/orders
Value: 1
[22:29:10 INF] Saved 1 entities to in-memory store.
(2026-06-08T01:29:04.1529406Z, 2026-06-08T01:29:10.6272230Z] http.request.method: DELETE url.scheme: http
Value: 0
[22:29:10 INF] Executed action method Urbeat.WebApi.Controllers.AuthController.RegisterSeller (Urbeat.WebApi), returned result Microsoft.AspNetCore.Mvc.ObjectResult in 109.81ms.
(2026-06-08T01:29:05.8088695Z, 2026-06-08T01:29:10.4116110Z] aspnetcore.routing.is_fallback: false aspnetcore.routing.match_status: success http.route: api/checkout/preview
Value: 2
Metric Name: http.server.request.duration, Description: Duration of HTTP server requests., Unit: s, Metric Type: Histogram
(2026-06-08T01:29:05.8088695Z, 2026-06-08T01:29:10.4116110Z] aspnetcore.routing.is_fallback: false aspnetcore.routing.match_status: success http.route: api/admin/subscriptions/notifications/process
Value: 1
    http.response.status_code: 200
(2026-06-08T01:29:05.8088695Z, 2026-06-08T01:29:10.4116110Z] aspnetcore.routing.is_fallback: false aspnetcore.routing.match_status: success http.route: api/stores/{storeId}/business-hours
Value: 2
Instrumentation scope (ActivitySource):
    Name: Microsoft.AspNetCore
Resource associated with Activity:
(2026-06-08T01:29:05.8088695Z, 2026-06-08T01:29:10.4116110Z] aspnetcore.routing.is_fallback: false aspnetcore.routing.match_status: success http.route: api/public/stores
Value: 1
    service.name: unknown_service:testhost
    telemetry.sdk.name: opentelemetry
    telemetry.sdk.language: dotnet
    telemetry.sdk.version: 1.14.0
    service.name: unknown_service:testhost
    http.response.status_code: 200
Instrumentation scope (Meter):
Instrumentation scope (ActivitySource):
	Name: Microsoft.AspNetCore.Hosting
Activity.TraceId:            0c5eddf1b829ce3fdfa8eb3d1f09688b
    Name: Microsoft.AspNetCore
Activity.SpanId:             0d8fa139854ef3e0
Resource associated with Activity:
Activity.TraceFlags:         Recorded
Activity.DisplayName:        POST api/auth/login/seller
Activity.Kind:               Server
    telemetry.sdk.name: opentelemetry
[22:29:10 INF] Saved 1 entities to in-memory store.
Activity.StartTime:          2026-06-08T01:29:10.3322729Z
(2026-06-08T01:29:04.1529583Z, 2026-06-08T01:29:10.6272490Z] http.request.method: GET http.response.status_code: 401 http.route: api/stores/{storeId}/categories network.protocol.version: 1.1 url.scheme: http
Value: Sum: 0.1887134 Count: 1 Min: 0.1887134 Max: 0.1887134 
(-Infinity,0,005]:0
(0,005,0,01]:0
(0,01,0,025]:0
(0,025,0,05]:0
(0,05,0,075]:0
(0,075,0,1]:0
(0,1,0,25]:1
(0,25,0,5]:0
(0,5,0,75]:0
(0,75,1]:0
(1,2,5]:0
(2,5,5]:0
(5,7,5]:0
(7,5,10]:0
(10,+Infinity]:0
Activity.Duration:           00:00:00.1850728
Activity.Tags:
(2026-06-08T01:29:04.1529583Z, 2026-06-08T01:29:10.6272490Z] http.request.method: GET http.response.status_code: 403 http.route: api/customer/home network.protocol.version: 1.1 url.scheme: http
Value: Sum: 0.1794913 Count: 1 Min: 0.1794913 Max: 0.1794913 
(-Infinity,0,005]:0
(0,005,0,01]:0
(0,01,0,025]:0
(0,025,0,05]:0
(0,05,0,075]:0
(0,075,0,1]:0
(0,1,0,25]:1
(0,25,0,5]:0
(0,5,0,75]:0
(0,75,1]:0
(1,2,5]:0
(2,5,5]:0
(5,7,5]:0
(7,5,10]:0
(10,+Infinity]:0
[22:29:10 INF] Executing action method Urbeat.WebApi.Controllers.CustomerAddressesController.Create (Urbeat.WebApi) - Validation state: Valid
    server.address: localhost
(2026-06-08T01:29:05.8088695Z, 2026-06-08T01:29:10.4116110Z] aspnetcore.routing.is_fallback: false aspnetcore.routing.match_status: success http.route: api/public/stores/{storeId}
Value: 1
    http.request.method: POST
Activity.TraceId:            a19a0a26795133c2ac8e115a305731b1
    url.scheme: http
Activity.SpanId:             2c793e0a78e9ac0d
    url.path: /api/auth/login/seller
Metric Name: aspnetcore.routing.match_attempts, Description: Number of requests that were attempted to be matched to an endpoint., Unit: {match_attempt}, Metric Type: LongSum
Instrumentation scope (Meter):
Activity.TraceFlags:         Recorded
[22:29:10 INF] Saved 1 entities to in-memory store.
    network.protocol.version: 1.1
	Name: Microsoft.AspNetCore.Routing
    http.route: api/auth/login/seller
    http.response.status_code: 200
Instrumentation scope (ActivitySource):
    Name: Microsoft.AspNetCore
Resource associated with Activity:
    telemetry.sdk.language: dotnet
    telemetry.sdk.name: opentelemetry
[22:29:10 INF] EMAIL_CONFIRM_JOB_STARTED | Sending confirmation email | UserId=019ea4d9-1476-7cf7-b0e3-5707070d1c8f
    telemetry.sdk.version: 1.14.0
(2026-06-08T01:29:07.4204398Z, 2026-06-08T01:29:10.4116138Z] aspnetcore.routing.is_fallback: false aspnetcore.routing.match_status: success http.route: /health
Value: 1
    service.name: unknown_service:testhost
Metric Name: http.server.active_requests, Description: Number of active HTTP server requests., Unit: {request}, Metric Type: LongSumNonMonotonic
[22:29:10 WRN] Admin seeding skipped because the data store is unavailable.
System.InvalidOperationException: Relational-specific methods can only be used when the context is using a relational database provider.
   at Microsoft.EntityFrameworkCore.RelationalDatabaseFacadeExtensions.GetRelationalService[TService](IInfrastructure`1 databaseFacade)
   at Microsoft.EntityFrameworkCore.RelationalDatabaseFacadeExtensions.MigrateAsync(DatabaseFacade databaseFacade, CancellationToken cancellationToken)
   at Program.<Main>$(String[] args) in C:\Projetos\urbeat\backend\src\Urbeat.WebApi\Program.cs:line 42
Activity.TraceId:            477f7bd41c029577bedd76d31b5b8c17
Instrumentation scope (Meter):
	Name: Microsoft.AspNetCore.Hosting
Activity.SpanId:             1ee1ce8944560279
[22:29:10 INF] Route matched with {action = "RegisterSeller", controller = "Auth"}. Executing controller action with signature System.Threading.Tasks.Task`1[Microsoft.AspNetCore.Mvc.IActionResult] RegisterSeller(Urbeat.Application.DTOs.RegisterUserRequestDto, System.Threading.CancellationToken) on controller Urbeat.WebApi.Controllers.AuthController (Urbeat.WebApi).
Activity.TraceId:            7f7761147cdabbbbf57be9aa6e161fe9
Activity.TraceFlags:         Recorded
Activity.DisplayName:        GET api/stores/{storeId}/categories
Activity.SpanId:             d530498c547ed860
(2026-06-08T01:29:07.9116714Z, 2026-06-08T01:29:10.4116167Z] http.request.method: POST url.scheme: http
Value: 4
Activity.TraceFlags:         Recorded
Activity.Kind:               Server
[22:29:10 INF] Executed action method Urbeat.WebApi.Controllers.StoresController.UpdateStatus (Urbeat.WebApi), returned result Microsoft.AspNetCore.Mvc.ConflictObjectResult in 41.9421ms.
Activity.DisplayName:        POST api/auth/login/customer
Activity.StartTime:          2026-06-08T01:29:10.4125678Z
Activity.Kind:               Server
Activity.Duration:           00:00:00.1701381
(2026-06-08T01:29:07.9116714Z, 2026-06-08T01:29:10.4116167Z] http.request.method: PATCH url.scheme: http
Value: 0
Activity.Tags:
Metric Name: http.server.request.duration, Description: Duration of HTTP server requests., Unit: s, Metric Type: Histogram
Instrumentation scope (Meter):
Activity.StartTime:          2026-06-08T01:29:10.3722299Z
    server.address: localhost
Activity.Duration:           00:00:00.2108566
	Name: Microsoft.AspNetCore.Hosting
    http.request.method: GET
Activity.Tags:
Activity.TraceId:            df99c92030bd48f8a5fd968f611d3c08
    url.scheme: http
    server.address: localhost
    url.path: /api/stores/019ea4d9-1305-7992-96a6-8261cf8e3c07/categories
Activity.SpanId:             9ac7edaf9250b5d6
    network.protocol.version: 1.1
Activity.TraceFlags:         Recorded
    http.request.method: POST
    http.route: api/stores/{storeId}/categories
    url.scheme: http
Activity.DisplayName:        POST api/checkout/preview
    url.path: /api/auth/login/customer
(2026-06-08T01:29:07.9119007Z, 2026-06-08T01:29:10.4116220Z] http.request.method: POST http.response.status_code: 201 http.route: api/auth/register/seller network.protocol.version: 1.1 url.scheme: http
Value: Sum: 1.0845897999999998 Count: 4 Min: 0.1794755 Max: 0.362994 
(-Infinity,0,005]:0
(0,005,0,01]:0
(0,01,0,025]:0
(0,025,0,05]:0
(0,05,0,075]:0
(0,075,0,1]:0
(0,1,0,25]:1
(0,25,0,5]:3
(0,5,0,75]:0
(0,75,1]:0
(1,2,5]:0
(2,5,5]:0
(5,7,5]:0
(7,5,10]:0
(10,+Infinity]:0
Activity.Kind:               Server
    network.protocol.version: 1.1
    http.response.status_code: 200
    http.route: api/auth/login/customer
Instrumentation scope (ActivitySource):
Activity.StartTime:          2026-06-08T01:29:10.4108488Z
    http.response.status_code: 200
Activity.Duration:           00:00:00.1718987
    Name: Microsoft.AspNetCore
Activity.Tags:
Instrumentation scope (ActivitySource):
Resource associated with Activity:
    telemetry.sdk.name: opentelemetry
Activity.DisplayName:        POST api/stores/{storeId}/products
    telemetry.sdk.language: dotnet
Activity.Kind:               Server
    telemetry.sdk.version: 1.14.0
    service.name: unknown_service:testhost
    telemetry.sdk.language: dotnet
Activity.StartTime:          2026-06-08T01:29:10.3461699Z
    telemetry.sdk.version: 1.14.0
Activity.Duration:           00:00:00.2371531
Activity.Tags:
Activity.TraceId:            477f7bd41c029577bedd76d31b5b8c17
    service.name: unknown_service:testhost
    server.address: localhost
    http.request.method: POST
(2026-06-08T01:29:04.1529583Z, 2026-06-08T01:29:10.6272490Z] http.request.method: GET http.response.status_code: 400 http.route: api/address-lookup/cep/{cep} network.protocol.version: 1.1 url.scheme: http
Value: Sum: 0.214077 Count: 1 Min: 0.214077 Max: 0.214077 
(-Infinity,0,005]:0
(0,005,0,01]:0
(0,01,0,025]:0
(0,025,0,05]:0
(0,05,0,075]:0
(0,075,0,1]:0
(0,1,0,25]:1
(0,25,0,5]:0
(0,5,0,75]:0
(0,75,1]:0
(1,2,5]:0
(2,5,5]:0
(5,7,5]:0
(7,5,10]:0
(10,+Infinity]:0
    Name: Microsoft.AspNetCore
Resource associated with Activity:
(2026-06-08T01:29:07.9119007Z, 2026-06-08T01:29:10.4116220Z] http.request.method: POST http.response.status_code: 200 http.route: api/auth/login/seller network.protocol.version: 1.1 url.scheme: http
Value: Sum: 0.7424032 Count: 3 Min: 0.2353817 Max: 0.2704716 
(-Infinity,0,005]:0
(0,005,0,01]:0
(0,01,0,025]:0
(0,025,0,05]:0
(0,05,0,075]:0
(0,075,0,1]:0
(0,1,0,25]:2
(0,25,0,5]:1
(0,5,0,75]:0
(0,75,1]:0
(1,2,5]:0
(2,5,5]:0
(5,7,5]:0
(7,5,10]:0
(10,+Infinity]:0
    telemetry.sdk.name: opentelemetry
    telemetry.sdk.language: dotnet
    server.address: localhost
(2026-06-08T01:29:07.9119007Z, 2026-06-08T01:29:10.4116220Z] http.request.method: POST http.response.status_code: 201 http.route: api/stores network.protocol.version: 1.1 url.scheme: http
Value: Sum: 0.48311550000000003 Count: 3 Min: 0.149928 Max: 0.1813713 
(-Infinity,0,005]:0
(0,005,0,01]:0
(0,01,0,025]:0
(0,025,0,05]:0
(0,05,0,075]:0
(0,075,0,1]:0
(0,1,0,25]:3
(0,25,0,5]:0
(0,5,0,75]:0
(0,75,1]:0
(1,2,5]:0
(2,5,5]:0
(5,7,5]:0
(7,5,10]:0
(10,+Infinity]:0
    telemetry.sdk.version: 1.14.0
    http.request.method: POST
(2026-06-08T01:29:07.9119007Z, 2026-06-08T01:29:10.4116220Z] http.request.method: PATCH http.response.status_code: 200 http.route: api/stores/{storeId}/status network.protocol.version: 1.1 url.scheme: http
Value: Sum: 0.0343557 Count: 1 Min: 0.0343557 Max: 0.0343557 
(-Infinity,0,005]:0
(0,005,0,01]:0
(0,01,0,025]:0
(0,025,0,05]:1
(0,05,0,075]:0
(0,075,0,1]:0
(0,1,0,25]:0
(0,25,0,5]:0
(0,5,0,75]:0
(0,75,1]:0
(1,2,5]:0
(2,5,5]:0
(5,7,5]:0
(7,5,10]:0
(10,+Infinity]:0
    url.scheme: http
    url.path: /api/checkout/preview
    network.protocol.version: 1.1
    http.route: api/checkout/preview
(2026-06-08T01:29:07.9119007Z, 2026-06-08T01:29:10.4116220Z] http.request.method: PATCH http.response.status_code: 200 http.route: api/stores/{storeId}/delivery-config network.protocol.version: 1.1 url.scheme: http
Value: Sum: 0.1221238 Count: 1 Min: 0.1221238 Max: 0.1221238 
(-Infinity,0,005]:0
(0,005,0,01]:0
(0,01,0,025]:0
(0,025,0,05]:0
(0,05,0,075]:0
(0,075,0,1]:0
(0,1,0,25]:1
(0,25,0,5]:0
(0,5,0,75]:0
(0,75,1]:0
(1,2,5]:0
(2,5,5]:0
(5,7,5]:0
(7,5,10]:0
(10,+Infinity]:0
[22:29:10 INF] STORE_CREATED | Store created | StoreId=019ea4d9-14e3-7662-b01c-1c6c363dc24d | OwnerUserId=019ea4d9-1350-767d-9497-9aa0f5a0cc3d | Name=Loja Japonesa e16ddecdf946475c8c3053e57892d0b8 | CuisineType=null | IP=null
    http.response.status_code: 400
Instrumentation scope (ActivitySource):
Activity.SpanId:             1ee1ce8944560279
[22:29:10 INF] Executing ObjectResult, writing value of type '<>f__AnonymousType2`3[[System.Nullable`1[[System.Guid, System.Private.CoreLib, Version=9.0.0.0, Culture=neutral, PublicKeyToken=7cec85d7bea7798e]], System.Private.CoreLib, Version=9.0.0.0, Culture=neutral, PublicKeyToken=7cec85d7bea7798e],[System.Boolean, System.Private.CoreLib, Version=9.0.0.0, Culture=neutral, PublicKeyToken=7cec85d7bea7798e],[System.String, System.Private.CoreLib, Version=9.0.0.0, Culture=neutral, PublicKeyToken=7cec85d7bea7798e]]'.
Activity.TraceFlags:         Recorded
    Name: Microsoft.AspNetCore
Activity.DisplayName:        GET api/stores/{storeId}/categories
Activity.Kind:               Server
Resource associated with Activity:
Activity.StartTime:          2026-06-08T01:29:10.4125678Z
    telemetry.sdk.name: opentelemetry
Activity.Duration:           00:00:00.1701381
    telemetry.sdk.language: dotnet
[22:29:10 INF] Executing ConflictObjectResult, writing value of type '<>f__AnonymousType1`1[[System.String, System.Private.CoreLib, Version=9.0.0.0, Culture=neutral, PublicKeyToken=7cec85d7bea7798e]]'.
Activity.Tags:
    telemetry.sdk.version: 1.14.0
    server.address: localhost
    service.name: unknown_service:testhost
    http.request.method: GET
    url.scheme: http
    url.path: /api/stores/019ea4d9-1305-7992-96a6-8261cf8e3c07/categories
    network.protocol.version: 1.1
Activity.TraceId:            0c5eddf1b829ce3fdfa8eb3d1f09688b
    http.route: api/stores/{storeId}/categories
Activity.SpanId:             0d8fa139854ef3e0
Activity.TraceFlags:         Recorded
    http.response.status_code: 200
[22:29:10 INF] Saved 2 entities to in-memory store.
Activity.DisplayName:        POST api/auth/login/seller
[22:29:10 INF] Saved 1 entities to in-memory store.
Activity.Kind:               Server
[22:29:10 INF] Executed action Urbeat.WebApi.Controllers.AuthController.RegisterSeller (Urbeat.WebApi) in 151.2467ms
Activity.StartTime:          2026-06-08T01:29:10.3322729Z
Activity.Duration:           00:00:00.1850728
Activity.Tags:
    service.name: unknown_service:testhost
[22:29:10 INF] Executed action Urbeat.WebApi.Controllers.StoresController.UpdateStatus (Urbeat.WebApi) in 85.0653ms
[22:29:10 INF] Executed endpoint 'Urbeat.WebApi.Controllers.AuthController.RegisterSeller (Urbeat.WebApi)'
Activity.TraceId:            df99c92030bd48f8a5fd968f611d3c08
Activity.SpanId:             9ac7edaf9250b5d6
(2026-06-08T01:29:07.9119007Z, 2026-06-08T01:29:10.4116220Z] http.request.method: POST http.response.status_code: 201 http.route: api/auth/register/customer network.protocol.version: 1.1 url.scheme: http
Value: Sum: 0.2380296 Count: 1 Min: 0.2380296 Max: 0.2380296 
(-Infinity,0,005]:0
(0,005,0,01]:0
(0,01,0,025]:0
(0,025,0,05]:0
(0,05,0,075]:0
(0,075,0,1]:0
(0,1,0,25]:1
(0,25,0,5]:0
(0,5,0,75]:0
(0,75,1]:0
(1,2,5]:0
(2,5,5]:0
(5,7,5]:0
(7,5,10]:0
(10,+Infinity]:0
Activity.TraceId:            3d78d37757ab0a9728ffa652c4ff773e
Activity.TraceFlags:         Recorded
Activity.SpanId:             41cf990f52ca6158
[22:29:10 INF] Executed action method Urbeat.WebApi.Controllers.CustomerAddressesController.Create (Urbeat.WebApi), returned result Microsoft.AspNetCore.Mvc.ObjectResult in 0.6671ms.
Activity.DisplayName:        POST api/checkout/preview
[22:29:10 INF] Executed endpoint 'Urbeat.WebApi.Controllers.StoresController.UpdateStatus (Urbeat.WebApi)'
Activity.TraceFlags:         Recorded
[22:29:10 INF] Executed action method Urbeat.WebApi.Controllers.StoresController.Create (Urbeat.WebApi), returned result Microsoft.AspNetCore.Mvc.ObjectResult in 43.3317ms.
(2026-06-08T01:29:07.9119007Z, 2026-06-08T01:29:10.4116220Z] http.request.method: POST http.response.status_code: 200 http.route: api/auth/login/customer network.protocol.version: 1.1 url.scheme: http
Value: Sum: 0.1358588 Count: 1 Min: 0.1358588 Max: 0.1358588 
(-Infinity,0,005]:0
(0,005,0,01]:0
(0,01,0,025]:0
(0,025,0,05]:0
(0,05,0,075]:0
(0,075,0,1]:0
(0,1,0,25]:1
(0,25,0,5]:0
(0,5,0,75]:0
(0,75,1]:0
(1,2,5]:0
(2,5,5]:0
(5,7,5]:0
(7,5,10]:0
(10,+Infinity]:0
Activity.DisplayName:        POST api/auth/register/seller
Activity.Kind:               Server
    url.scheme: http
Activity.StartTime:          2026-06-08T01:29:10.2282042Z
(2026-06-08T01:29:07.9119007Z, 2026-06-08T01:29:10.4116220Z] http.request.method: POST http.response.status_code: 201 http.route: api/customer/addresses network.protocol.version: 1.1 url.scheme: http
Value: Sum: 0.185186 Count: 1 Min: 0.185186 Max: 0.185186 
(-Infinity,0,005]:0
(0,005,0,01]:0
(0,01,0,025]:0
(0,025,0,05]:0
(0,05,0,075]:0
(0,075,0,1]:0
(0,1,0,25]:1
(0,25,0,5]:0
(0,5,0,75]:0
(0,75,1]:0
(1,2,5]:0
(2,5,5]:0
(5,7,5]:0
(7,5,10]:0
(10,+Infinity]:0
    url.path: /api/stores/019ea4d9-12d9-7426-a3c6-60f0ee044707/products
(2026-06-08T01:29:04.1529583Z, 2026-06-08T01:29:10.6272490Z] http.request.method: GET http.response.status_code: 403 http.route: api/admin/dashboard network.protocol.version: 1.1 url.scheme: http
Value: Sum: 0.0062894 Count: 1 Min: 0.0062894 Max: 0.0062894 
(-Infinity,0,005]:0
(0,005,0,01]:1
(0,01,0,025]:0
(0,025,0,05]:0
(0,05,0,075]:0
(0,075,0,1]:0
(0,1,0,25]:0
(0,25,0,5]:0
(0,5,0,75]:0
(0,75,1]:0
(1,2,5]:0
(2,5,5]:0
(5,7,5]:0
(7,5,10]:0
(10,+Infinity]:0
(2026-06-08T01:29:07.9119007Z, 2026-06-08T01:29:10.4116220Z] http.request.method: POST http.response.status_code: 201 http.route: api/stores/{storeId}/categories network.protocol.version: 1.1 url.scheme: http
Value: Sum: 0.1803927 Count: 1 Min: 0.1803927 Max: 0.1803927 
(-Infinity,0,005]:0
(0,005,0,01]:0
(0,01,0,025]:0
(0,025,0,05]:0
(0,05,0,075]:0
(0,075,0,1]:0
(0,1,0,25]:1
(0,25,0,5]:0
(0,5,0,75]:0
(0,75,1]:0
(1,2,5]:0
(2,5,5]:0
(5,7,5]:0
(7,5,10]:0
(10,+Infinity]:0
    network.protocol.version: 1.1
Metric Name: aspnetcore.routing.match_attempts, Description: Number of requests that were attempted to be matched to an endpoint., Unit: {match_attempt}, Metric Type: LongSum
    http.route: api/stores/{storeId}/products
Instrumentation scope (Meter):
    http.response.status_code: 400
Instrumentation scope (ActivitySource):
	Name: Microsoft.AspNetCore.Routing
    Name: Microsoft.AspNetCore
Instrumentation scope (ActivitySource):
    Name: Microsoft.AspNetCore
[22:29:10 INF] EMAIL_LOG_ONLY | Email skipped (LogOnly or no SMTP host) | To=orders.seller.513467516b2542559079f4891af70307@urbeat.local | Subject=Confirme seu e-mail no Urbeat - Loja | Body=<!DOCTYPE html>
<html lang="pt-BR">
<head>
  <meta charset="UTF-8" />
  <meta name="viewport" content="width=device-width,initial-scale=1.0" />
  <title>Sua loja est� quase pronta!</title>
</head>
<body style="margin:0;padding:0;background:#FFF9F0;font-family:'Helvetica Neue',Helvetica,Arial,sans-serif;color:#2D2A2A;">
  <table role="presentation" width="100%" cellpadding="0" cellspacing="0" style="background:#FFF9F0;padding:32px 0;">
    <tr>
      <td align="center">
        <table role="presentation" width="560" cellpadding="0" cellspacing="0" style="background:#FFFCF8;border:1px solid #EDE4D9;border-radius:20px;overflow:hidden;">
          <tr>
            <td style="background:#C73E3A;padding:28px 32px;color:#FFFCF8;">
              <h1 style="margin:0;font-family:Georgia,serif;font-weight:400;font-size:28px;">Urbeat</h1>
            </td>
          </tr>
          <tr>
            <td style="padding:32px 40px 8px 40px;">
              <h2 style="margin:0 0 8px 0;font-family:Georgia,serif;font-weight:400;color:#2D2A2A;font-size:24px;">Sua loja est� quase pronta!</h2>
              <p style="margin:0;color:#7A7272;font-size:15px;">Ol�, vendedor(a)!</p>
            </td>
          </tr>
          <tr>
            <td style="padding:16px 40px;color:#2D2A2A;font-size:15px;line-height:1.6;">
              <p>Recebemos o cadastro da sua loja no <strong>Urbeat</strong>.
Para liberar o painel de vendas e receber pedidos, confirme seu e-mail.</p>
<p>Clique no bot�o abaixo para ativar sua conta. O link expira em 24 horas.</p>
            </td>
          </tr>
          <tr>
            <td align="center" style="padding:24px 40px 8px 40px;">
              <a href="https://urbeat.com.br/c/knBUSrLkfuAylk9Bo1cEcKZ7b"
                 style="display:inline-block;background:#C73E3A;color:#FFFCF8;text-decoration:none;padding:14px 28px;border-radius:12px;font-weight:600;font-size:15px;">
                Confirmar e-mail da loja
              </a>
            </td>
          </tr>
          <tr>
            <td style="padding:8px 40px 24px 40px;color:#7A7272;font-size:13px;line-height:1.5;">
              <p>Se o bot�o n�o funcionar, copie e cole o link abaixo no seu navegador:</p>
              <p style="word-break:break-all;color:#C73E3A;"><a href="https://urbeat.com.br/c/knBUSrLkfuAylk9Bo1cEcKZ7b" style="color:#C73E3A;">https://urbeat.com.br/c/knBUSrLkfuAylk9Bo1cEcKZ7b</a></p>
            </td>
          </tr>
          <tr>
            <td style="padding:16px 40px 32px 40px;border-top:1px solid #EDE4D9;color:#7A7272;font-size:13px;line-height:1.5;">
              <p>Se voc� n�o criou um cadastro de loja no Urbeat, pode ignorar este e-mail.</p>
              <p style="margin-top:16px;">- Equipe Urbeat</p>
            </td>
          </tr>
        </table>
      </td>
    </tr>
  </table>
</body>
</html>
(2026-06-08T01:29:07.9809081Z, 2026-06-08T01:29:10.4116228Z] aspnetcore.routing.is_fallback: false aspnetcore.routing.match_status: success http.route: api/auth/register/seller
Value: 5
(2026-06-08T01:29:07.9809081Z, 2026-06-08T01:29:10.4116228Z] aspnetcore.routing.is_fallback: false aspnetcore.routing.match_status: success http.route: api/auth/login/seller
Value: 4
    server.address: localhost
(2026-06-08T01:29:07.9809081Z, 2026-06-08T01:29:10.4116228Z] aspnetcore.routing.is_fallback: false aspnetcore.routing.match_status: success http.route: api/stores
Value: 3
    http.request.method: POST
Activity.Kind:               Server
    url.scheme: http
    url.path: /api/auth/login/seller
    network.protocol.version: 1.1
    http.route: api/auth/login/seller
Activity.Duration:           00:00:00.3986705
    http.response.status_code: 200
Instrumentation scope (ActivitySource):
Activity.Tags:
    Name: Microsoft.AspNetCore
Resource associated with Activity:
    server.address: localhost
(2026-06-08T01:29:04.1529583Z, 2026-06-08T01:29:10.6272490Z] http.request.method: GET http.response.status_code: 403 http.route: api/seller/panel network.protocol.version: 1.1 url.scheme: http
Value: Sum: 0.0081006 Count: 1 Min: 0.0081006 Max: 0.0081006 
(-Infinity,0,005]:0
(0,005,0,01]:1
(0,01,0,025]:0
(0,025,0,05]:0
(0,05,0,075]:0
(0,075,0,1]:0
(0,1,0,25]:0
(0,25,0,5]:0
(0,5,0,75]:0
(0,75,1]:0
(1,2,5]:0
(2,5,5]:0
(5,7,5]:0
(7,5,10]:0
(10,+Infinity]:0
    http.request.method: POST
    telemetry.sdk.name: opentelemetry
    url.scheme: http
    telemetry.sdk.language: dotnet
    url.path: /api/auth/register/seller
    telemetry.sdk.version: 1.14.0
    service.name: unknown_service:testhost
    network.protocol.version: 1.1
    http.route: api/auth/register/seller
    http.response.status_code: 201
Instrumentation scope (ActivitySource):
Resource associated with Activity:
    Name: Microsoft.AspNetCore
(2026-06-08T01:29:04.1529583Z, 2026-06-08T01:29:10.6272490Z] http.request.method: GET http.response.status_code: 200 http.route: api/customer/home network.protocol.version: 1.1 url.scheme: http
Value: Sum: 0.0835938 Count: 1 Min: 0.0835938 Max: 0.0835938 
(-Infinity,0,005]:0
(0,005,0,01]:0
(0,01,0,025]:0
(0,025,0,05]:0
(0,05,0,075]:0
(0,075,0,1]:1
(0,1,0,25]:0
(0,25,0,5]:0
(0,5,0,75]:0
(0,75,1]:0
(1,2,5]:0
(2,5,5]:0
(5,7,5]:0
(7,5,10]:0
(10,+Infinity]:0
    telemetry.sdk.name: opentelemetry
Resource associated with Activity:
    telemetry.sdk.language: dotnet
    telemetry.sdk.name: opentelemetry
    telemetry.sdk.language: dotnet
    telemetry.sdk.version: 1.14.0
    service.name: unknown_service:testhost
    telemetry.sdk.version: 1.14.0
    service.name: unknown_service:testhost
(2026-06-08T01:29:04.1529583Z, 2026-06-08T01:29:10.6272490Z] http.request.method: GET http.response.status_code: 200 http.route: api/admin/dashboard network.protocol.version: 1.1 url.scheme: http
Value: Sum: 0.0702009 Count: 1 Min: 0.0702009 Max: 0.0702009 
(-Infinity,0,005]:0
(0,005,0,01]:0
(0,01,0,025]:0
(0,025,0,05]:0
(0,05,0,075]:1
(0,075,0,1]:0
(0,1,0,25]:0
(0,25,0,5]:0
(0,5,0,75]:0
(0,75,1]:0
(1,2,5]:0
(2,5,5]:0
(5,7,5]:0
(7,5,10]:0
(10,+Infinity]:0
Resource associated with Activity:
Activity.TraceId:            477f7bd41c029577bedd76d31b5b8c17
(2026-06-08T01:29:04.1529583Z, 2026-06-08T01:29:10.6272490Z] http.request.method: GET http.response.status_code: 200 http.route: api/seller/panel network.protocol.version: 1.1 url.scheme: http
Value: Sum: 0.0039645 Count: 1 Min: 0.0039645 Max: 0.0039645 
(-Infinity,0,005]:1
(0,005,0,01]:0
(0,01,0,025]:0
(0,025,0,05]:0
(0,05,0,075]:0
(0,075,0,1]:0
(0,1,0,25]:0
(0,25,0,5]:0
(0,5,0,75]:0
(0,75,1]:0
(1,2,5]:0
(2,5,5]:0
(5,7,5]:0
(7,5,10]:0
(10,+Infinity]:0
Activity.SpanId:             1ee1ce8944560279
    telemetry.sdk.name: opentelemetry
    telemetry.sdk.language: dotnet
    telemetry.sdk.version: 1.14.0
(2026-06-08T01:29:04.1529583Z, 2026-06-08T01:29:10.6272490Z] http.request.method: GET http.response.status_code: 401 http.route: api/seller/panel network.protocol.version: 1.1 url.scheme: http
Value: Sum: 0.0475293 Count: 1 Min: 0.0475293 Max: 0.0475293 
(-Infinity,0,005]:0
(0,005,0,01]:0
(0,01,0,025]:0
(0,025,0,05]:1
(0,05,0,075]:0
(0,075,0,1]:0
(0,1,0,25]:0
(0,25,0,5]:0
(0,5,0,75]:0
(0,75,1]:0
(1,2,5]:0
(2,5,5]:0
(5,7,5]:0
(7,5,10]:0
(10,+Infinity]:0
    service.name: unknown_service:testhost
(2026-06-08T01:29:07.9809081Z, 2026-06-08T01:29:10.4116228Z] aspnetcore.routing.is_fallback: false aspnetcore.routing.match_status: success http.route: api/stores/{storeId}/status
Value: 1
Activity.TraceFlags:         Recorded
(2026-06-08T01:29:04.1529583Z, 2026-06-08T01:29:10.6272490Z] http.request.method: POST http.response.status_code: 200 http.route: api/auth/login/admin network.protocol.version: 1.1 url.scheme: http
Value: Sum: 1.0784249 Count: 5 Min: 0.0830577 Max: 0.4766453 
(-Infinity,0,005]:0
(0,005,0,01]:0
(0,01,0,025]:0
(0,025,0,05]:0
(0,05,0,075]:0
(0,075,0,1]:1
(0,1,0,25]:3
(0,25,0,5]:1
(0,5,0,75]:0
(0,75,1]:0
(1,2,5]:0
(2,5,5]:0
(5,7,5]:0
(7,5,10]:0
(10,+Infinity]:0
Activity.DisplayName:        GET api/stores/{storeId}/categories
(2026-06-08T01:29:07.9809081Z, 2026-06-08T01:29:10.4116228Z] aspnetcore.routing.is_fallback: false aspnetcore.routing.match_status: success http.route: api/stores/{storeId}/delivery-config
Value: 1
Activity.TraceId:            a19a0a26795133c2ac8e115a305731b1
(2026-06-08T01:29:07.9809081Z, 2026-06-08T01:29:10.4116228Z] aspnetcore.routing.is_fallback: false aspnetcore.routing.match_status: success http.route: api/auth/register/customer
Value: 1
(2026-06-08T01:29:04.1529583Z, 2026-06-08T01:29:10.6272490Z] http.request.method: POST http.response.status_code: 201 http.route: api/auth/register/seller network.protocol.version: 1.1 url.scheme: http
Value: Sum: 7.2049882000000025 Count: 25 Min: 0.0795934 Max: 0.6480225 
(-Infinity,0,005]:0
(0,005,0,01]:0
(0,01,0,025]:0
(0,025,0,05]:0
(0,05,0,075]:0
(0,075,0,1]:1
(0,1,0,25]:15
(0,25,0,5]:2
(0,5,0,75]:7
(0,75,1]:0
(1,2,5]:0
(2,5,5]:0
(5,7,5]:0
(7,5,10]:0
(10,+Infinity]:0
[22:29:10 INF] Executing ObjectResult, writing value of type 'Urbeat.Application.DTOs.StoreResponseDto'.
Activity.TraceId:            1dfc67976a2ddb020f9646b5ccaa7788
(2026-06-08T01:29:04.1529583Z, 2026-06-08T01:29:10.6272490Z] http.request.method: POST http.response.status_code: 201 http.route: api/auth/register/customer network.protocol.version: 1.1 url.scheme: http
Value: Sum: 2.0338778 Count: 8 Min: 0.1042389 Max: 0.6151793 
(-Infinity,0,005]:0
(0,005,0,01]:0
(0,01,0,025]:0
(0,025,0,05]:0
(0,05,0,075]:0
(0,075,0,1]:0
(0,1,0,25]:4
(0,25,0,5]:3
(0,5,0,75]:1
(0,75,1]:0
(1,2,5]:0
(2,5,5]:0
(5,7,5]:0
(7,5,10]:0
(10,+Infinity]:0
Activity.SpanId:             82afc413db4f2587
(2026-06-08T01:29:07.9809081Z, 2026-06-08T01:29:10.4116228Z] aspnetcore.routing.is_fallback: false aspnetcore.routing.match_status: success http.route: api/auth/login/customer
Value: 1
Activity.TraceFlags:         Recorded
Activity.DisplayName:        POST api/stores
(2026-06-08T01:29:07.9809081Z, 2026-06-08T01:29:10.4116228Z] aspnetcore.routing.is_fallback: false aspnetcore.routing.match_status: success http.route: api/customer/addresses
Value: 1
Activity.Kind:               Server
Activity.StartTime:          2026-06-08T01:29:10.4108488Z
(2026-06-08T01:29:04.1529583Z, 2026-06-08T01:29:10.6272490Z] http.request.method: GET http.response.status_code: 401 http.route: api/admin/dashboard network.protocol.version: 1.1 url.scheme: http
Value: Sum: 0.0472334 Count: 1 Min: 0.0472334 Max: 0.0472334 
(-Infinity,0,005]:0
(0,005,0,01]:0
(0,01,0,025]:0
(0,025,0,05]:1
(0,05,0,075]:0
(0,075,0,1]:0
(0,1,0,25]:0
(0,25,0,5]:0
(0,5,0,75]:0
(0,75,1]:0
(1,2,5]:0
(2,5,5]:0
(5,7,5]:0
(7,5,10]:0
(10,+Infinity]:0
[22:29:10 INF] Request starting HTTP/1.1 POST http://localhost/api/auth/login/seller - application/json; charset=utf-8 null
(2026-06-08T01:29:07.9809081Z, 2026-06-08T01:29:10.4116228Z] aspnetcore.routing.is_fallback: false aspnetcore.routing.match_status: success http.route: api/stores/{storeId}/categories
Value: 1
Activity.Duration:           00:00:00.1718987
(2026-06-08T01:29:07.9809081Z, 2026-06-08T01:29:10.4116228Z] aspnetcore.routing.is_fallback: false aspnetcore.routing.match_status: success http.route: api/orders
Value: 1
(2026-06-08T01:29:04.1529583Z, 2026-06-08T01:29:10.6272490Z] http.request.method: GET http.response.status_code: 401 http.route: api/customer/home network.protocol.version: 1.1 url.scheme: http
Value: Sum: 0.0376968 Count: 1 Min: 0.0376968 Max: 0.0376968 
(-Infinity,0,005]:0
(0,005,0,01]:0
(0,01,0,025]:0
(0,025,0,05]:1
(0,05,0,075]:0
(0,075,0,1]:0
(0,1,0,25]:0
(0,25,0,5]:0
(0,5,0,75]:0
(0,75,1]:0
(1,2,5]:0
(2,5,5]:0
(5,7,5]:0
(7,5,10]:0
(10,+Infinity]:0
(2026-06-08T01:29:07.9809081Z, 2026-06-08T01:29:10.4116228Z] aspnetcore.routing.is_fallback: false aspnetcore.routing.match_status: success http.route: api/stores/{storeId}/products
Value: 1
[22:29:10 INF] HTTP PATCH /api/stores/019ea4d9-0eff-7cfc-8ee3-ef42a81dcd02/status responded 409 in 86.1167 ms
Activity.SpanId:             2c793e0a78e9ac0d
(2026-06-08T01:29:04.1529583Z, 2026-06-08T01:29:10.6272490Z] http.request.method: POST http.response.status_code: 201 http.route: api/admin/plans network.protocol.version: 1.1 url.scheme: http
Value: Sum: 0.5383198 Count: 4 Min: 0.0746597 Max: 0.2358555 
(-Infinity,0,005]:0
(0,005,0,01]:0
(0,01,0,025]:0
(0,025,0,05]:0
(0,05,0,075]:1
(0,075,0,1]:1
(0,1,0,25]:2
(0,25,0,5]:0
(0,5,0,75]:0
(0,75,1]:0
(1,2,5]:0
(2,5,5]:0
(5,7,5]:0
(7,5,10]:0
(10,+Infinity]:0
[22:29:10 INF] Executing ObjectResult, writing value of type 'Urbeat.Application.DTOs.CustomerAddressResponseDto'.
Activity.Kind:               Server
[22:29:10 INF] EMAIL_CONFIRM_JOB_COMPLETED | Job completed | UserId=019ea4d9-1476-7cf7-b0e3-5707070d1c8f
Activity.StartTime:          2026-06-08T01:29:10.4108488Z
Activity.StartTime:          2026-06-08T01:29:10.4125678Z
Activity.Duration:           00:00:00.2144483
Activity.Tags:
[22:29:10 INF] HTTP POST /api/auth/register/seller responded 201 in 183.0271 ms
    server.address: localhost
Activity.Duration:           00:00:00.1701381
Activity.Tags:
Activity.Tags:
    server.address: localhost
[22:29:10 INF] Saved 1 entities to in-memory store.
    http.request.method: GET
    server.address: localhost
    http.request.method: POST
    url.scheme: http
    url.scheme: http
    url.path: /api/stores/019ea4d9-1305-7992-96a6-8261cf8e3c07/categories
    url.path: /api/checkout/preview
    network.protocol.version: 1.1
    network.protocol.version: 1.1
    http.route: api/checkout/preview
    http.route: api/stores/{storeId}/categories
    http.response.status_code: 400
    http.response.status_code: 200
Instrumentation scope (ActivitySource):
    Name: Microsoft.AspNetCore
[22:29:10 INF] Saved 1 entities to in-memory store.
Resource associated with Activity:
    telemetry.sdk.name: opentelemetry
    telemetry.sdk.language: dotnet
    telemetry.sdk.version: 1.14.0
    service.name: unknown_service:testhost
(2026-06-08T01:29:04.1529583Z, 2026-06-08T01:29:10.6272490Z] http.request.method: POST http.response.status_code: 200 http.route: api/auth/login/customer network.protocol.version: 1.1 url.scheme: http
Value: Sum: 1.0310823 Count: 5 Min: 0.105938 Max: 0.2854274 
(-Infinity,0,005]:0
(0,005,0,01]:0
(0,01,0,025]:0
(0,025,0,05]:0
(0,05,0,075]:0
(0,075,0,1]:0
(0,1,0,25]:4
(0,25,0,5]:1
(0,5,0,75]:0
(0,75,1]:0
(1,2,5]:0
(2,5,5]:0
(5,7,5]:0
(7,5,10]:0
(10,+Infinity]:0
[22:29:10 INF] Executed action Urbeat.WebApi.Controllers.CustomerAddressesController.Create (Urbeat.WebApi) in 76.0432ms
Activity.TraceId:            df99c92030bd48f8a5fd968f611d3c08
[22:29:10 INF] Executed action Urbeat.WebApi.Controllers.StoresController.Create (Urbeat.WebApi) in 121.561ms
Activity.SpanId:             9ac7edaf9250b5d6
[22:29:10 INF] Request finished HTTP/1.1 PATCH http://localhost/api/stores/019ea4d9-0eff-7cfc-8ee3-ef42a81dcd02/status - 409 null application/problem+json; charset=utf-8 185.6852ms
Activity.TraceFlags:         Recorded
Activity.DisplayName:        POST api/checkout/preview
[22:29:10 INF] USER_LOGGED_IN | Login succeeded | UserId=6d1cc16a-1efd-4fed-b11b-5be6d3276705 | Email=admin@urbeat.local | Role=Admin | IP=null
Activity.Kind:               Server
(2026-06-08T01:29:04.1529583Z, 2026-06-08T01:29:10.6272490Z] http.request.method: POST http.response.status_code: 200 http.route: api/auth/login/seller network.protocol.version: 1.1 url.scheme: http
Value: Sum: 3.1282587000000004 Count: 19 Min: 0.0901538 Max: 0.2976963 
(-Infinity,0,005]:0
(0,005,0,01]:0
(0,01,0,025]:0
(0,025,0,05]:0
(0,05,0,075]:0
(0,075,0,1]:2
(0,1,0,25]:15
(0,25,0,5]:2
(0,5,0,75]:0
(0,75,1]:0
(1,2,5]:0
(2,5,5]:0
(5,7,5]:0
(7,5,10]:0
(10,+Infinity]:0
Activity.StartTime:          2026-06-08T01:29:10.4108488Z
[22:29:10 INF] Executing action method Urbeat.WebApi.Controllers.AuthController.RegisterSeller (Urbeat.WebApi) - Validation state: Valid
[22:29:10 INF] Executed endpoint 'Urbeat.WebApi.Controllers.CustomerAddressesController.Create (Urbeat.WebApi)'
Activity.Duration:           00:00:00.1718987
[22:29:10 INF] Executed endpoint 'Urbeat.WebApi.Controllers.StoresController.Create (Urbeat.WebApi)'
Activity.Tags:
    server.address: localhost
(2026-06-08T01:29:04.1529583Z, 2026-06-08T01:29:10.6272490Z] http.request.method: POST http.response.status_code: 400 http.route: api/auth/email/confirm/{code} network.protocol.version: 1.1 url.scheme: http
Value: Sum: 0.3338337 Count: 4 Min: 0.0280381 Max: 0.2124374 
(-Infinity,0,005]:0
(0,005,0,01]:0
(0,01,0,025]:0
(0,025,0,05]:2
(0,05,0,075]:1
(0,075,0,1]:0
(0,1,0,25]:1
(0,25,0,5]:0
(0,5,0,75]:0
(0,75,1]:0
(1,2,5]:0
(2,5,5]:0
(5,7,5]:0
(7,5,10]:0
(10,+Infinity]:0
    http.request.method: POST
    url.scheme: http
    url.path: /api/checkout/preview
    network.protocol.version: 1.1
    http.route: api/checkout/preview
    http.response.status_code: 400
Instrumentation scope (ActivitySource):
    Name: Microsoft.AspNetCore
Resource associated with Activity:
    telemetry.sdk.name: opentelemetry
    telemetry.sdk.language: dotnet
(2026-06-08T01:29:04.1529583Z, 2026-06-08T01:29:10.6272490Z] http.request.method: POST http.response.status_code: 400 http.route: api/auth/email/resend-confirmation network.protocol.version: 1.1 url.scheme: http
Value: Sum: 0.2919295 Count: 2 Min: 0.0771669 Max: 0.2147626 
(-Infinity,0,005]:0
(0,005,0,01]:0
(0,01,0,025]:0
(0,025,0,05]:0
(0,05,0,075]:0
(0,075,0,1]:1
(0,1,0,25]:1
(0,25,0,5]:0
(0,5,0,75]:0
(0,75,1]:0
(1,2,5]:0
(2,5,5]:0
(5,7,5]:0
(7,5,10]:0
(10,+Infinity]:0
    telemetry.sdk.version: 1.14.0
    service.name: unknown_service:testhost
Activity.TraceId:            df99c92030bd48f8a5fd968f611d3c08
Activity.SpanId:             9ac7edaf9250b5d6
Activity.TraceFlags:         Recorded
Activity.DisplayName:        POST api/checkout/preview
Activity.Kind:               Server
Activity.StartTime:          2026-06-08T01:29:10.4108488Z
(2026-06-08T01:29:04.1529583Z, 2026-06-08T01:29:10.6272490Z] http.request.method: PUT http.response.status_code: 200 http.route: api/admin/plans/{planId} network.protocol.version: 1.1 url.scheme: http
Value: Sum: 0.0809147 Count: 1 Min: 0.0809147 Max: 0.0809147 
(-Infinity,0,005]:0
(0,005,0,01]:0
(0,01,0,025]:0
(0,025,0,05]:0
(0,05,0,075]:0
(0,075,0,1]:1
(0,1,0,25]:0
(0,25,0,5]:0
(0,5,0,75]:0
(0,75,1]:0
(1,2,5]:0
(2,5,5]:0
(5,7,5]:0
(7,5,10]:0
(10,+Infinity]:0
Activity.Duration:           00:00:00.1718987
[22:29:10 INF] HTTP POST /api/customer/addresses responded 201 in 77.9399 ms
[22:29:10 INF] HTTP POST /api/stores responded 201 in 186.2885 ms
Activity.Tags:
    server.address: localhost
    http.request.method: POST
    url.scheme: http
    url.path: /api/checkout/preview
(2026-06-08T01:29:04.1529583Z, 2026-06-08T01:29:10.6272490Z] http.request.method: PATCH http.response.status_code: 200 http.route: api/admin/plans/{planId}/status network.protocol.version: 1.1 url.scheme: http
Value: Sum: 0.0077534 Count: 1 Min: 0.0077534 Max: 0.0077534 
(-Infinity,0,005]:0
(0,005,0,01]:1
(0,01,0,025]:0
(0,025,0,05]:0
(0,05,0,075]:0
(0,075,0,1]:0
(0,1,0,25]:0
(0,25,0,5]:0
(0,5,0,75]:0
(0,75,1]:0
(1,2,5]:0
(2,5,5]:0
(5,7,5]:0
(7,5,10]:0
(10,+Infinity]:0
    http.request.method: POST
    network.protocol.version: 1.1
    url.scheme: http
    http.route: api/checkout/preview
    url.path: /api/stores
    http.response.status_code: 400
(2026-06-08T01:29:04.1529583Z, 2026-06-08T01:29:10.6272490Z] http.request.method: GET http.response.status_code: 200 http.route: /health network.protocol.version: 1.1 url.scheme: http
Value: Sum: 0.0093709 Count: 1 Min: 0.0093709 Max: 0.0093709 
(-Infinity,0,005]:0
(0,005,0,01]:1
(0,01,0,025]:0
(0,025,0,05]:0
(0,05,0,075]:0
(0,075,0,1]:0
(0,1,0,25]:0
(0,25,0,5]:0
(0,5,0,75]:0
(0,75,1]:0
(1,2,5]:0
(2,5,5]:0
(5,7,5]:0
(7,5,10]:0
(10,+Infinity]:0
    network.protocol.version: 1.1
Instrumentation scope (ActivitySource):
    Name: Microsoft.AspNetCore
Resource associated with Activity:
    http.route: api/stores
    telemetry.sdk.name: opentelemetry
    telemetry.sdk.language: dotnet
    telemetry.sdk.version: 1.14.0
    http.response.status_code: 201
    service.name: unknown_service:testhost
Instrumentation scope (ActivitySource):
(2026-06-08T01:29:04.1529583Z, 2026-06-08T01:29:10.6272490Z] http.request.method: POST http.response.status_code: 400 http.route: api/stores network.protocol.version: 1.1 url.scheme: http
Value: Sum: 0.2921478 Count: 2 Min: 0.0445437 Max: 0.2476041 
(-Infinity,0,005]:0
(0,005,0,01]:0
(0,01,0,025]:0
(0,025,0,05]:1
(0,05,0,075]:0
(0,075,0,1]:0
(0,1,0,25]:1
(0,25,0,5]:0
(0,5,0,75]:0
(0,75,1]:0
(1,2,5]:0
(2,5,5]:0
(5,7,5]:0
(7,5,10]:0
(10,+Infinity]:0
    Name: Microsoft.AspNetCore
Resource associated with Activity:
    telemetry.sdk.name: opentelemetry
    telemetry.sdk.language: dotnet
    telemetry.sdk.version: 1.14.0
    service.name: unknown_service:testhost
[22:29:10 INF] User profile is available. Using 'C:\Users\intfa\AppData\Local\ASP.NET\DataProtection-Keys' as key repository and Windows DPAPI to encrypt keys at rest.
(2026-06-08T01:29:04.1529583Z, 2026-06-08T01:29:10.6272490Z] http.request.method: GET http.response.status_code: 200 http.route: api/stores/cuisine-types network.protocol.version: 1.1 url.scheme: http
Value: Sum: 0.1734619 Count: 1 Min: 0.1734619 Max: 0.1734619 
(-Infinity,0,005]:0
(0,005,0,01]:0
(0,01,0,025]:0
(0,025,0,05]:0
(0,05,0,075]:0
(0,075,0,1]:0
(0,1,0,25]:1
(0,25,0,5]:0
(0,5,0,75]:0
(0,75,1]:0
(1,2,5]:0
(2,5,5]:0
(5,7,5]:0
(7,5,10]:0
(10,+Infinity]:0
Instrumentation scope (ActivitySource):
[22:29:10 INF] Request finished HTTP/1.1 POST http://localhost/api/customer/addresses - 201 null application/json; charset=utf-8 120.7996ms
    Name: Microsoft.AspNetCore
Resource associated with Activity:
    telemetry.sdk.name: opentelemetry
    telemetry.sdk.language: dotnet
(2026-06-08T01:29:04.1529583Z, 2026-06-08T01:29:10.6272490Z] http.request.method: POST http.response.status_code: 201 http.route: api/customer/addresses network.protocol.version: 1.1 url.scheme: http
Value: Sum: 0.7514489 Count: 6 Min: 0.0676852 Max: 0.3100963 
(-Infinity,0,005]:0
(0,005,0,01]:0
(0,01,0,025]:0
(0,025,0,05]:0
(0,05,0,075]:1
(0,075,0,1]:2
(0,1,0,25]:2
(0,25,0,5]:1
(0,5,0,75]:0
(0,75,1]:0
(1,2,5]:0
(2,5,5]:0
(5,7,5]:0
(7,5,10]:0
(10,+Infinity]:0
    telemetry.sdk.version: 1.14.0
    service.name: unknown_service:testhost
[22:29:10 INF] Request finished HTTP/1.1 POST http://localhost/api/auth/register/seller - 201 null application/json; charset=utf-8 248.3506ms
Activity.TraceFlags:         Recorded
Activity.TraceId:            477f7bd41c029577bedd76d31b5b8c17
Activity.DisplayName:        POST api/stores/{storeId}/products
[22:29:10 INF] Request finished HTTP/1.1 POST http://localhost/api/stores - 201 null application/json; charset=utf-8 217.4581ms
Activity.TraceId:            df99c92030bd48f8a5fd968f611d3c08
Activity.Kind:               Server
Activity.SpanId:             9ac7edaf9250b5d6
Activity.TraceFlags:         Recorded
(2026-06-08T01:29:04.1529583Z, 2026-06-08T01:29:10.6272490Z] http.request.method: POST http.response.status_code: 415 http.route: api/auth/email/confirm network.protocol.version: 1.1 url.scheme: http
Value: Sum: 0.1076132 Count: 2 Min: 0.0021767 Max: 0.1054365 
(-Infinity,0,005]:1
(0,005,0,01]:0
(0,01,0,025]:0
(0,025,0,05]:0
(0,05,0,075]:0
(0,075,0,1]:0
(0,1,0,25]:1
(0,25,0,5]:0
(0,5,0,75]:0
(0,75,1]:0
(1,2,5]:0
(2,5,5]:0
(5,7,5]:0
(7,5,10]:0
(10,+Infinity]:0
Activity.DisplayName:        POST api/checkout/preview
[22:29:10 INF] Saved 1 entities to in-memory store.
Activity.Kind:               Server
Activity.StartTime:          2026-06-08T01:29:10.4108488Z
[22:29:10 INF] Saved 2 entities to in-memory store.
Activity.Duration:           00:00:00.1718987
Activity.TraceId:            7f7761147cdabbbbf57be9aa6e161fe9
Activity.Tags:
Activity.SpanId:             d530498c547ed860
    server.address: localhost
    http.request.method: POST
Activity.TraceFlags:         Recorded
    url.scheme: http
Activity.DisplayName:        POST api/auth/login/customer
Activity.TraceId:            f9a0b58671fb4faecacdac02b9cdbf01
Activity.Kind:               Server
    url.path: /api/checkout/preview
[22:29:10 INF] Request starting HTTP/1.1 POST http://localhost/api/orders - application/json; charset=utf-8 null
Activity.SpanId:             1ee1ce8944560279
Activity.TraceFlags:         Recorded
Activity.TraceId:            6191277d72c3ad4b0024306bc7081767
[22:29:10 INF] Request starting HTTP/1.1 GET http://localhost/api/public/stores?cuisineType=Pizza - null null
Activity.StartTime:          2026-06-08T01:29:10.3461699Z
Activity.SpanId:             3aac9dfbcc3b90be
Activity.Duration:           00:00:00.2371531
Activity.Tags:
    server.address: localhost
    http.request.method: POST
    url.scheme: http
    url.path: /api/stores/019ea4d9-12d9-7426-a3c6-60f0ee044707/products
Activity.TraceFlags:         Recorded
[22:29:10 INF] Request starting HTTP/1.1 POST http://localhost/api/auth/login/seller - application/json; charset=utf-8 null
Activity.StartTime:          2026-06-08T01:29:10.3722299Z
Activity.Duration:           00:00:00.2108566
Activity.SpanId:             9aa4de98f6ce14c3
Activity.Tags:
Activity.TraceFlags:         Recorded
Activity.DisplayName:        POST api/customer/addresses
    server.address: localhost
    network.protocol.version: 1.1
    http.request.method: POST
[22:29:10 INF] Request starting HTTP/1.1 POST http://localhost/api/auth/register/customer - application/json; charset=utf-8 null
    http.route: api/checkout/preview
[22:29:10 INF] Executed action method Urbeat.WebApi.Controllers.AuthController.LoginAdmin (Urbeat.WebApi), returned result Microsoft.AspNetCore.Mvc.OkObjectResult in 107.9983ms.
    http.response.status_code: 400
    url.scheme: http
Instrumentation scope (ActivitySource):
[22:29:10 INF] Executing endpoint 'Urbeat.WebApi.Controllers.AuthController.LoginSeller (Urbeat.WebApi)'
    url.path: /api/auth/login/customer
    Name: Microsoft.AspNetCore
    network.protocol.version: 1.1
Resource associated with Activity:
    http.route: api/auth/login/customer
    telemetry.sdk.name: opentelemetry
    http.response.status_code: 200
    telemetry.sdk.language: dotnet
    telemetry.sdk.version: 1.14.0
Instrumentation scope (ActivitySource):
    service.name: unknown_service:testhost
[22:29:10 INF] Saved 1 entities to in-memory store.
Activity.Kind:               Server
Activity.DisplayName:        GET api/stores/{storeId}/categories
Activity.StartTime:          2026-06-08T01:29:10.5834264Z
Activity.Kind:               Server
Activity.Duration:           00:00:00.1208529
Activity.Tags:
Activity.StartTime:          2026-06-08T01:29:10.4125678Z
    server.address: localhost
Activity.Duration:           00:00:00.1701381
    http.request.method: POST
Activity.Tags:
    url.scheme: http
    server.address: localhost
    url.path: /api/customer/addresses
    http.request.method: GET
    network.protocol.version: 1.1
    url.scheme: http
    http.route: api/customer/addresses
    url.path: /api/stores/019ea4d9-1305-7992-96a6-8261cf8e3c07/categories
    network.protocol.version: 1.1
    http.response.status_code: 201
    http.route: api/stores/{storeId}/categories
Instrumentation scope (ActivitySource):
    http.response.status_code: 200
[22:29:10 INF] Saved 1 entities to in-memory store.
    Name: Microsoft.AspNetCore
Instrumentation scope (ActivitySource):
Resource associated with Activity:
    Name: Microsoft.AspNetCore
Resource associated with Activity:
    telemetry.sdk.name: opentelemetry
    telemetry.sdk.language: dotnet
    telemetry.sdk.name: opentelemetry
    telemetry.sdk.version: 1.14.0
    telemetry.sdk.language: dotnet
    telemetry.sdk.version: 1.14.0
    service.name: unknown_service:testhost
[22:29:10 INF] Executing OkObjectResult, writing value of type 'Urbeat.Application.DTOs.AuthTokenResponseDto'.
Activity.TraceId:            477f7bd41c029577bedd76d31b5b8c17
Activity.SpanId:             1ee1ce8944560279
Activity.TraceFlags:         Recorded
Activity.DisplayName:        GET api/stores/{storeId}/categories
Activity.Kind:               Server
Activity.StartTime:          2026-06-08T01:29:10.4125678Z
Activity.TraceId:            df99c92030bd48f8a5fd968f611d3c08
Activity.Duration:           00:00:00.1701381
Activity.SpanId:             9ac7edaf9250b5d6
Activity.Tags:
Activity.TraceFlags:         Recorded
    server.address: localhost
Activity.DisplayName:        POST api/checkout/preview
    http.request.method: GET
    url.scheme: http
Activity.Kind:               Server
    url.path: /api/stores/019ea4d9-1305-7992-96a6-8261cf8e3c07/categories
    network.protocol.version: 1.1
Activity.StartTime:          2026-06-08T01:29:10.4108488Z
    http.route: api/stores/{storeId}/categories
Activity.Duration:           00:00:00.1718987
    http.response.status_code: 200
Activity.Tags:
Instrumentation scope (ActivitySource):
    Name: Microsoft.AspNetCore
Resource associated with Activity:
    server.address: localhost
    telemetry.sdk.name: opentelemetry
    http.request.method: POST
    telemetry.sdk.language: dotnet
    telemetry.sdk.version: 1.14.0
[22:29:10 INF] Executing endpoint 'Urbeat.WebApi.Controllers.AuthController.LoginSeller (Urbeat.WebApi)'
    url.scheme: http
    url.path: /api/checkout/preview
    service.name: unknown_service:testhost
    network.protocol.version: 1.1
[22:29:10 INF] Executing endpoint 'Urbeat.WebApi.Controllers.PublicStoresController.List (Urbeat.WebApi)'
(2026-06-08T01:29:04.1529583Z, 2026-06-08T01:29:10.6272490Z] http.request.method: POST http.response.status_code: 201 http.route: api/stores network.protocol.version: 1.1 url.scheme: http
Value: Sum: 3.3149463 Count: 16 Min: 0.0656982 Max: 0.4716885 
(-Infinity,0,005]:0
(0,005,0,01]:0
(0,01,0,025]:0
(0,025,0,05]:0
(0,05,0,075]:1
(0,075,0,1]:2
(0,1,0,25]:8
(0,25,0,5]:5
(0,5,0,75]:0
(0,75,1]:0
(1,2,5]:0
(2,5,5]:0
(5,7,5]:0
(7,5,10]:0
(10,+Infinity]:0
[22:29:10 INF] Executed action Urbeat.WebApi.Controllers.AuthController.LoginAdmin (Urbeat.WebApi) in 109.1212ms
    network.protocol.version: 1.1
    http.route: api/stores/{storeId}/products
    http.response.status_code: 400
Activity.DisplayName:        POST api/auth/register/seller
Instrumentation scope (ActivitySource):
Activity.Kind:               Server
    Name: Microsoft.AspNetCore
Activity.StartTime:          2026-06-08T01:29:10.4557223Z
Resource associated with Activity:
[22:29:10 INF] Route matched with {action = "LoginSeller", controller = "Auth"}. Executing controller action with signature System.Threading.Tasks.Task`1[Microsoft.AspNetCore.Mvc.IActionResult] LoginSeller(Urbeat.Application.DTOs.LoginRequestDto, System.Threading.CancellationToken) on controller Urbeat.WebApi.Controllers.AuthController (Urbeat.WebApi).
(2026-06-08T01:29:04.1529583Z, 2026-06-08T01:29:10.6272490Z] http.request.method: GET http.response.status_code: 200 http.route: api/admin/plans network.protocol.version: 1.1 url.scheme: http
Value: Sum: 0.1440776 Count: 1 Min: 0.1440776 Max: 0.1440776 
(-Infinity,0,005]:0
(0,005,0,01]:0
(0,01,0,025]:0
(0,025,0,05]:0
(0,05,0,075]:0
(0,075,0,1]:0
(0,1,0,25]:1
(0,25,0,5]:0
(0,5,0,75]:0
(0,75,1]:0
(1,2,5]:0
(2,5,5]:0
(5,7,5]:0
(7,5,10]:0
(10,+Infinity]:0
[22:29:10 INF] Executed endpoint 'Urbeat.WebApi.Controllers.AuthController.LoginAdmin (Urbeat.WebApi)'
[22:29:10 INF] Executing endpoint 'Urbeat.WebApi.Controllers.AuthController.RegisterCustomer (Urbeat.WebApi)'
(2026-06-08T01:29:04.1529583Z, 2026-06-08T01:29:10.6272490Z] http.request.method: POST http.response.status_code: 200 http.route: api/auth/email/resend-confirmation network.protocol.version: 1.1 url.scheme: http
Value: Sum: 0.2775514 Count: 3 Min: 0.0689539 Max: 0.1048669 
(-Infinity,0,005]:0
(0,005,0,01]:0
(0,01,0,025]:0
(0,025,0,05]:0
(0,05,0,075]:1
(0,075,0,1]:0
(0,1,0,25]:2
(0,25,0,5]:0
(0,5,0,75]:0
(0,75,1]:0
(1,2,5]:0
(2,5,5]:0
(5,7,5]:0
(7,5,10]:0
(10,+Infinity]:0
(2026-06-08T01:29:04.1529583Z, 2026-06-08T01:29:10.6272490Z] http.request.method: PATCH http.response.status_code: 200 http.route: api/stores/{storeId}/status network.protocol.version: 1.1 url.scheme: http
Value: Sum: 0.3247704 Count: 5 Min: 0.043708 Max: 0.0852825 
(-Infinity,0,005]:0
(0,005,0,01]:0
(0,01,0,025]:0
(0,025,0,05]:1
(0,05,0,075]:3
(0,075,0,1]:1
(0,1,0,25]:0
(0,25,0,5]:0
(0,5,0,75]:0
(0,75,1]:0
(1,2,5]:0
(2,5,5]:0
(5,7,5]:0
(7,5,10]:0
(10,+Infinity]:0
(2026-06-08T01:29:04.1529583Z, 2026-06-08T01:29:10.6272490Z] http.request.method: PATCH http.response.status_code: 200 http.route: api/stores/{storeId}/delivery-config network.protocol.version: 1.1 url.scheme: http
Value: Sum: 0.6103002 Count: 5 Min: 0.0737496 Max: 0.144072 
(-Infinity,0,005]:0
(0,005,0,01]:0
(0,01,0,025]:0
(0,025,0,05]:0
(0,05,0,075]:1
(0,075,0,1]:0
(0,1,0,25]:4
(0,25,0,5]:0
(0,5,0,75]:0
(0,75,1]:0
(1,2,5]:0
(2,5,5]:0
(5,7,5]:0
(7,5,10]:0
(10,+Infinity]:0
(2026-06-08T01:29:04.1529583Z, 2026-06-08T01:29:10.6272490Z] http.request.method: DELETE http.response.status_code: 404 http.route: api/stores/{storeId}/categories/{categoryId} network.protocol.version: 1.1 url.scheme: http
Value: Sum: 0.1927955 Count: 1 Min: 0.1927955 Max: 0.1927955 
(-Infinity,0,005]:0
(0,005,0,01]:0
(0,01,0,025]:0
(0,025,0,05]:0
(0,05,0,075]:0
(0,075,0,1]:0
(0,1,0,25]:1
(0,25,0,5]:0
(0,5,0,75]:0
(0,75,1]:0
(1,2,5]:0
(2,5,5]:0
(5,7,5]:0
(7,5,10]:0
(10,+Infinity]:0
[22:29:10 INF] Saved 1 entities to in-memory store.
[22:29:10 INF] Executed action method Urbeat.WebApi.Controllers.AuthController.RegisterSeller (Urbeat.WebApi), returned result Microsoft.AspNetCore.Mvc.ObjectResult in 108.4874ms.
    Name: Microsoft.AspNetCore
[22:29:10 INF] Request finished HTTP/1.1 POST http://localhost/api/auth/login/admin - 200 null application/json; charset=utf-8 132.935ms
Resource associated with Activity:
    telemetry.sdk.name: opentelemetry
    telemetry.sdk.language: dotnet
[22:29:10 INF] Executing endpoint 'Urbeat.WebApi.Controllers.OrdersController.Create (Urbeat.WebApi)'
    http.route: api/checkout/preview
    http.response.status_code: 400
Activity.Duration:           00:00:00.2800558
Instrumentation scope (ActivitySource):
Activity.Tags:
    Name: Microsoft.AspNetCore
Resource associated with Activity:
    server.address: localhost
    telemetry.sdk.name: opentelemetry
    http.request.method: POST
    url.scheme: http
    telemetry.sdk.language: dotnet
    telemetry.sdk.version: 1.14.0
    url.path: /api/auth/register/seller
    service.name: unknown_service:testhost
    network.protocol.version: 1.1
    http.route: api/auth/register/seller
[22:29:10 INF] Route matched with {action = "Create", controller = "Orders"}. Executing controller action with signature System.Threading.Tasks.Task`1[Microsoft.AspNetCore.Mvc.IActionResult] Create(Urbeat.Application.DTOs.CheckoutRequestDto, System.Threading.CancellationToken) on controller Urbeat.WebApi.Controllers.OrdersController (Urbeat.WebApi).
Activity.TraceId:            df99c92030bd48f8a5fd968f611d3c08
Activity.SpanId:             9ac7edaf9250b5d6
    http.response.status_code: 201
Activity.TraceFlags:         Recorded
Activity.DisplayName:        POST api/checkout/preview
Instrumentation scope (ActivitySource):
Activity.Kind:               Server
    Name: Microsoft.AspNetCore
Resource associated with Activity:
    telemetry.sdk.name: opentelemetry
Activity.StartTime:          2026-06-08T01:29:10.4108488Z
    telemetry.sdk.language: dotnet
    telemetry.sdk.name: opentelemetry
    telemetry.sdk.version: 1.14.0
Activity.Duration:           00:00:00.1718987
    telemetry.sdk.language: dotnet
    service.name: unknown_service:testhost
    telemetry.sdk.version: 1.14.0
    service.name: unknown_service:testhost
Activity.Tags:
    server.address: localhost
    http.request.method: POST
Activity.TraceId:            a19a0a26795133c2ac8e115a305731b1
    url.scheme: http
    url.path: /api/checkout/preview
Activity.SpanId:             2c793e0a78e9ac0d
    network.protocol.version: 1.1
Activity.TraceFlags:         Recorded
    http.route: api/checkout/preview
Activity.DisplayName:        POST api/stores/{storeId}/products
    http.response.status_code: 400
Activity.Kind:               Server
Instrumentation scope (ActivitySource):
    Name: Microsoft.AspNetCore
Activity.TraceId:            1dfc67976a2ddb020f9646b5ccaa7788
Resource associated with Activity:
Activity.TraceId:            82b58302f6adfa0d92cd81c992f4e593
Activity.StartTime:          2026-06-08T01:29:10.3461699Z
Activity.SpanId:             ff71638d6e028085
    telemetry.sdk.name: opentelemetry
Activity.TraceFlags:         Recorded
    telemetry.sdk.language: dotnet
[22:29:10 INF] Executing action method Urbeat.WebApi.Controllers.AuthController.LoginSeller (Urbeat.WebApi) - Validation state: Valid
Activity.DisplayName:        POST api/stores
    telemetry.sdk.version: 1.14.0
Activity.Kind:               Server
    service.name: unknown_service:testhost
Activity.StartTime:          2026-06-08T01:29:10.4867977Z
[22:29:10 INF] Saved 1 entities to in-memory store.
Activity.Duration:           00:00:00.2489969
Activity.Tags:
    server.address: localhost
    http.request.method: POST
    url.scheme: http
    url.path: /api/stores
    network.protocol.version: 1.1
    http.route: api/stores
[22:29:10 INF] Executing ObjectResult, writing value of type '<>f__AnonymousType2`3[[System.Nullable`1[[System.Guid, System.Private.CoreLib, Version=9.0.0.0, Culture=neutral, PublicKeyToken=7cec85d7bea7798e]], System.Private.CoreLib, Version=9.0.0.0, Culture=neutral, PublicKeyToken=7cec85d7bea7798e],[System.Boolean, System.Private.CoreLib, Version=9.0.0.0, Culture=neutral, PublicKeyToken=7cec85d7bea7798e],[System.String, System.Private.CoreLib, Version=9.0.0.0, Culture=neutral, PublicKeyToken=7cec85d7bea7798e]]'.
(2026-06-08T01:29:04.1529583Z, 2026-06-08T01:29:10.6272490Z] http.request.method: GET http.response.status_code: 200 http.route: api/stores/my-store network.protocol.version: 1.1 url.scheme: http
Value: Sum: 0.37820180000000003 Count: 3 Min: 0.0368988 Max: 0.2033987 
(-Infinity,0,005]:0
(0,005,0,01]:0
(0,01,0,025]:0
(0,025,0,05]:1
(0,05,0,075]:0
(0,075,0,1]:0
(0,1,0,25]:2
(0,25,0,5]:0
(0,5,0,75]:0
(0,75,1]:0
(1,2,5]:0
(2,5,5]:0
(5,7,5]:0
(7,5,10]:0
(10,+Infinity]:0
(2026-06-08T01:29:04.1529583Z, 2026-06-08T01:29:10.6272490Z] http.request.method: POST http.response.status_code: 204 http.route: api/admin/subscriptions/status network.protocol.version: 1.1 url.scheme: http
Value: Sum: 0.2806839 Count: 2 Min: 0.0911552 Max: 0.1895287 
(-Infinity,0,005]:0
(0,005,0,01]:0
(0,01,0,025]:0
(0,025,0,05]:0
(0,05,0,075]:0
(0,075,0,1]:1
(0,1,0,25]:1
(0,25,0,5]:0
(0,5,0,75]:0
(0,75,1]:0
(1,2,5]:0
(2,5,5]:0
(5,7,5]:0
(7,5,10]:0
(10,+Infinity]:0
(2026-06-08T01:29:04.1529583Z, 2026-06-08T01:29:10.6272490Z] http.request.method: POST http.response.status_code: 409 http.route: api/customer/addresses network.protocol.version: 1.1 url.scheme: http
Value: Sum: 0.0664064 Count: 1 Min: 0.0664064 Max: 0.0664064 
(-Infinity,0,005]:0
(0,005,0,01]:0
(0,01,0,025]:0
(0,025,0,05]:0
(0,05,0,075]:1
(0,075,0,1]:0
(0,1,0,25]:0
(0,25,0,5]:0
(0,5,0,75]:0
(0,75,1]:0
(1,2,5]:0
(2,5,5]:0
(5,7,5]:0
(7,5,10]:0
(10,+Infinity]:0
(2026-06-08T01:29:04.1529583Z, 2026-06-08T01:29:10.6272490Z] http.request.method: GET http.response.status_code: 200 http.route: api/subscriptions/my network.protocol.version: 1.1 url.scheme: http
Value: Sum: 0.4010074 Count: 2 Min: 0.193226 Max: 0.2077814 
(-Infinity,0,005]:0
(0,005,0,01]:0
(0,01,0,025]:0
(0,025,0,05]:0
(0,05,0,075]:0
(0,075,0,1]:0
(0,1,0,25]:2
(0,25,0,5]:0
(0,5,0,75]:0
(0,75,1]:0
(1,2,5]:0
(2,5,5]:0
(5,7,5]:0
(7,5,10]:0
(10,+Infinity]:0
[22:29:10 INF] Executed action Urbeat.WebApi.Controllers.AuthController.RegisterSeller (Urbeat.WebApi) in 109.6821ms
(2026-06-08T01:29:04.1529583Z, 2026-06-08T01:29:10.6272490Z] http.request.method: GET http.response.status_code: 200 http.route: api/customer/addresses network.protocol.version: 1.1 url.scheme: http
Value: Sum: 0.1926895 Count: 1 Min: 0.1926895 Max: 0.1926895 
(-Infinity,0,005]:0
(0,005,0,01]:0
(0,01,0,025]:0
(0,025,0,05]:0
(0,05,0,075]:0
(0,075,0,1]:0
(0,1,0,25]:1
(0,25,0,5]:0
(0,5,0,75]:0
(0,75,1]:0
(1,2,5]:0
(2,5,5]:0
(5,7,5]:0
(7,5,10]:0
(10,+Infinity]:0
[22:29:10 INF] Executed endpoint 'Urbeat.WebApi.Controllers.AuthController.RegisterSeller (Urbeat.WebApi)'
(2026-06-08T01:29:04.1529583Z, 2026-06-08T01:29:10.6272490Z] http.request.method: GET http.response.status_code: 200 http.route: api/subscriptions/plans network.protocol.version: 1.1 url.scheme: http
Value: Sum: 0.1021946 Count: 1 Min: 0.1021946 Max: 0.1021946 
(-Infinity,0,005]:0
(0,005,0,01]:0
(0,01,0,025]:0
(0,025,0,05]:0
(0,05,0,075]:0
(0,075,0,1]:0
(0,1,0,25]:1
(0,25,0,5]:0
(0,5,0,75]:0
(0,75,1]:0
(1,2,5]:0
(2,5,5]:0
(5,7,5]:0
(7,5,10]:0
(10,+Infinity]:0
(2026-06-08T01:29:04.1529583Z, 2026-06-08T01:29:10.6272490Z] http.request.method: POST http.response.status_code: 201 http.route: api/subscriptions/contract network.protocol.version: 1.1 url.scheme: http
Value: Sum: 0.4037082 Count: 2 Min: 0.1357914 Max: 0.2679168 
(-Infinity,0,005]:0
(0,005,0,01]:0
(0,01,0,025]:0
(0,025,0,05]:0
(0,05,0,075]:0
(0,075,0,1]:0
(0,1,0,25]:1
(0,25,0,5]:1
(0,5,0,75]:0
(0,75,1]:0
(1,2,5]:0
(2,5,5]:0
(5,7,5]:0
(7,5,10]:0
(10,+Infinity]:0
(2026-06-08T01:29:04.1529583Z, 2026-06-08T01:29:10.6272490Z] http.request.method: POST http.response.status_code: 403 http.route: api/auth/login/customer network.protocol.version: 1.1 url.scheme: http
Value: Sum: 0.2102732 Count: 1 Min: 0.2102732 Max: 0.2102732 
(-Infinity,0,005]:0
(0,005,0,01]:0
(0,01,0,025]:0
(0,025,0,05]:0
(0,05,0,075]:0
(0,075,0,1]:0
(0,1,0,25]:1
(0,25,0,5]:0
(0,5,0,75]:0
(0,75,1]:0
(1,2,5]:0
(2,5,5]:0
(5,7,5]:0
(7,5,10]:0
(10,+Infinity]:0
(2026-06-08T01:29:04.1529583Z, 2026-06-08T01:29:10.6272490Z] http.request.method: POST http.response.status_code: 409 http.route: api/stores network.protocol.version: 1.1 url.scheme: http
Value: Sum: 0.0766215 Count: 1 Min: 0.0766215 Max: 0.0766215 
(-Infinity,0,005]:0
(0,005,0,01]:0
(0,01,0,025]:0
(0,025,0,05]:0
(0,05,0,075]:0
(0,075,0,1]:1
(0,1,0,25]:0
(0,25,0,5]:0
(0,5,0,75]:0
(0,75,1]:0
(1,2,5]:0
(2,5,5]:0
(5,7,5]:0
(7,5,10]:0
(10,+Infinity]:0
(2026-06-08T01:29:04.1529583Z, 2026-06-08T01:29:10.6272490Z] http.request.method: POST http.response.status_code: 201 http.route: api/stores/{storeId}/categories network.protocol.version: 1.1 url.scheme: http
Value: Sum: 0.3000175 Count: 2 Min: 0.0734317 Max: 0.2265858 
(-Infinity,0,005]:0
(0,005,0,01]:0
(0,01,0,025]:0
(0,025,0,05]:0
(0,05,0,075]:1
(0,075,0,1]:0
(0,1,0,25]:1
(0,25,0,5]:0
(0,5,0,75]:0
(0,75,1]:0
(1,2,5]:0
(2,5,5]:0
(5,7,5]:0
(7,5,10]:0
(10,+Infinity]:0
    service.name: unknown_service:testhost
Activity.SpanId:             82afc413db4f2587
Activity.TraceId:            cd686021584f50da9b740ea2b0c03d71
Activity.Duration:           00:00:00.2371531
Activity.TraceFlags:         Recorded
Activity.SpanId:             b8419abc4afa7d7d
(2026-06-08T01:29:04.1529583Z, 2026-06-08T01:29:10.6272490Z] http.request.method: DELETE http.response.status_code: 204 http.route: api/stores/{storeId}/categories/{categoryId} network.protocol.version: 1.1 url.scheme: http
Value: Sum: 0.1598871 Count: 1 Min: 0.1598871 Max: 0.1598871 
(-Infinity,0,005]:0
(0,005,0,01]:0
(0,01,0,025]:0
(0,025,0,05]:0
(0,05,0,075]:0
(0,075,0,1]:0
(0,1,0,25]:1
(0,25,0,5]:0
(0,5,0,75]:0
(0,75,1]:0
(1,2,5]:0
(2,5,5]:0
(5,7,5]:0
(7,5,10]:0
(10,+Infinity]:0
Activity.TraceFlags:         Recorded
Activity.Tags:
Activity.DisplayName:        POST api/stores
Activity.DisplayName:        PATCH api/stores/{storeId}/status
Activity.Kind:               Server
    server.address: localhost
(2026-06-08T01:29:04.1529583Z, 2026-06-08T01:29:10.6272490Z] http.request.method: POST http.response.status_code: 400 http.route: api/checkout/preview network.protocol.version: 1.1 url.scheme: http
Value: Sum: 0.3247774 Count: 2 Min: 0.1399817 Max: 0.1847957 
(-Infinity,0,005]:0
(0,005,0,01]:0
(0,01,0,025]:0
(0,025,0,05]:0
(0,05,0,075]:0
(0,075,0,1]:0
(0,1,0,25]:2
(0,25,0,5]:0
(0,5,0,75]:0
(0,75,1]:0
(1,2,5]:0
(2,5,5]:0
(5,7,5]:0
(7,5,10]:0
(10,+Infinity]:0
    http.request.method: POST
Activity.StartTime:          2026-06-08T01:29:10.4108488Z
    url.scheme: http
    http.response.status_code: 201
    url.path: /api/stores/019ea4d9-12d9-7426-a3c6-60f0ee044707/products
Activity.Kind:               Server
    telemetry.sdk.version: 1.14.0
Activity.StartTime:          2026-06-08T01:29:10.5182948Z
    service.name: unknown_service:testhost
Activity.Duration:           00:00:00.1858523
Activity.Tags:
[22:29:10 INF] Saved 7 entities to in-memory store.
    server.address: localhost
    http.request.method: PATCH
    url.scheme: http
    url.path: /api/stores/019ea4d9-0eff-7cfc-8ee3-ef42a81dcd02/status
    network.protocol.version: 1.1
    network.protocol.version: 1.1
Activity.TraceId:            3d78d37757ab0a9728ffa652c4ff773e
    http.route: api/stores/{storeId}/products
Activity.SpanId:             41cf990f52ca6158
    http.route: api/stores/{storeId}/status
[22:29:10 INF] Request starting HTTP/1.1 POST http://localhost/api/admin/plans - application/json; charset=utf-8 null
    http.response.status_code: 400
    http.response.status_code: 409
Activity.TraceFlags:         Recorded
Instrumentation scope (ActivitySource):
Activity.DisplayName:        POST api/auth/register/seller
    Name: Microsoft.AspNetCore
Activity.Kind:               Server
[22:29:10 INF] Request finished HTTP/1.1 POST http://localhost/api/auth/register/seller - 201 null application/json; charset=utf-8 131.8668ms
Instrumentation scope (ActivitySource):
Activity.StartTime:          2026-06-08T01:29:10.2282042Z
    Name: Microsoft.AspNetCore
Resource associated with Activity:
Resource associated with Activity:
[22:29:10 INF] Executing action method Urbeat.WebApi.Controllers.OrdersController.Create (Urbeat.WebApi) - Validation state: Valid
    telemetry.sdk.name: opentelemetry
    telemetry.sdk.name: opentelemetry
    telemetry.sdk.language: dotnet
    telemetry.sdk.language: dotnet
    telemetry.sdk.version: 1.14.0
[22:29:10 WRN] Failed to process the job '0909a730-33e0-4a9f-89f3-00ccc22176a1': an exception occurred. Retry attempt 1 of 10 will be performed in 00:00:28.
System.ObjectDisposedException: Cannot access a disposed object.
Object name: 'IServiceProvider'.
   at Microsoft.Extensions.DependencyInjection.ServiceLookup.ThrowHelper.ThrowObjectDisposedException()
   at Microsoft.Extensions.DependencyInjection.ServiceProvider.CreateScope()
   at Hangfire.AspNetCore.AspNetCoreJobActivator.BeginScope(JobActivatorContext context) in C:\projects\hangfire-525\src\Hangfire.NetCore\AspNetCore\AspNetCoreJobActivator.cs:line 34
   at Hangfire.JobActivator.BeginScope(PerformContext context) in C:\projects\hangfire-525\src\Hangfire.Core\JobActivator.cs:line 66
   at Hangfire.Server.CoreBackgroundJobPerformer.Perform(PerformContext context) in C:\projects\hangfire-525\src\Hangfire.Core\Server\CoreBackgroundJobPerformer.cs:line 49
   at Hangfire.Server.BackgroundJobPerformer.InvokeNextServerFilter(Enumerator& enumerator, IBackgroundJobPerformer innerPerformer, PerformContext context, PerformingContext preContext) in C:\projects\hangfire-525\src\Hangfire.Core\Server\BackgroundJobPerformer.cs:line 133
   at Hangfire.Server.BackgroundJobPerformer.InvokeServerFilter(Enumerator& enumerator, IBackgroundJobPerformer innerPerformer, PerformContext context, PerformingContext preContext) in C:\projects\hangfire-525\src\Hangfire.Core\Server\BackgroundJobPerformer.cs:line 174
   at Hangfire.Server.BackgroundJobPerformer.InvokeNextServerFilter(Enumerator& enumerator, IBackgroundJobPerformer innerPerformer, PerformContext context, PerformingContext preContext) in C:\projects\hangfire-525\src\Hangfire.Core\Server\BackgroundJobPerformer.cs:line 130
   at Hangfire.Server.BackgroundJobPerformer.PerformJobWithFilters(PerformContext context, FilterCollection`1 filters) in C:\projects\hangfire-525\src\Hangfire.Core\Server\BackgroundJobPerformer.cs:line 119
   at Hangfire.Server.BackgroundJobPerformer.Perform(PerformContext context) in C:\projects\hangfire-525\src\Hangfire.Core\Server\BackgroundJobPerformer.cs:line 78
   at Hangfire.Server.Worker.PerformJob(BackgroundProcessContext context, IStorageConnection connection, String jobId, BackgroundJob backgroundJob, IReadOnlyDictionary`2& customData) in C:\projects\hangfire-525\src\Hangfire.Core\Server\Worker.cs:line 320
    service.name: unknown_service:testhost
Activity.Duration:           00:00:00.2144483
Activity.Tags:
Activity.TraceId:            a767b4faca46af23c20ee8f11f4d1152
    server.address: localhost
Activity.SpanId:             ea7c40c6d4050aa3
    http.request.method: POST
Activity.TraceFlags:         Recorded
Activity.DisplayName:        POST api/auth/login/admin
    url.scheme: http
Activity.Kind:               Server
    url.path: /api/stores
    network.protocol.version: 1.1
Instrumentation scope (ActivitySource):
    http.route: api/stores
Activity.StartTime:          2026-06-08T01:29:10.6034762Z
[22:29:10 INF] Saved 1 entities to in-memory store.
    Name: Microsoft.AspNetCore
Activity.Duration:           00:00:00.1330368
    http.response.status_code: 201
Activity.Tags:
Instrumentation scope (ActivitySource):
    server.address: localhost
Resource associated with Activity:
    Name: Microsoft.AspNetCore
    http.request.method: POST
Resource associated with Activity:
    telemetry.sdk.name: opentelemetry
[22:29:10 INF] Route matched with {action = "RegisterCustomer", controller = "Auth"}. Executing controller action with signature System.Threading.Tasks.Task`1[Microsoft.AspNetCore.Mvc.IActionResult] RegisterCustomer(Urbeat.Application.DTOs.RegisterUserRequestDto, System.Threading.CancellationToken) on controller Urbeat.WebApi.Controllers.AuthController (Urbeat.WebApi).
    url.scheme: http
    telemetry.sdk.name: opentelemetry
    telemetry.sdk.language: dotnet
    url.path: /api/auth/login/admin
    telemetry.sdk.version: 1.14.0
    service.name: unknown_service:testhost
    network.protocol.version: 1.1
[22:29:10 INF] Route matched with {action = "List", controller = "PublicStores"}. Executing controller action with signature System.Threading.Tasks.Task`1[Microsoft.AspNetCore.Mvc.IActionResult] List(System.String, System.Threading.CancellationToken) on controller Urbeat.WebApi.Controllers.PublicStoresController (Urbeat.WebApi).
Activity.TraceId:            cd686021584f50da9b740ea2b0c03d71
Activity.Duration:           00:00:00.3986705
Activity.SpanId:             b8419abc4afa7d7d
Activity.TraceFlags:         Recorded
[22:29:10 INF] Route matched with {action = "LoginSeller", controller = "Auth"}. Executing controller action with signature System.Threading.Tasks.Task`1[Microsoft.AspNetCore.Mvc.IActionResult] LoginSeller(Urbeat.Application.DTOs.LoginRequestDto, System.Threading.CancellationToken) on controller Urbeat.WebApi.Controllers.AuthController (Urbeat.WebApi).
Activity.Tags:
    telemetry.sdk.version: 1.14.0
    server.address: localhost
    service.name: unknown_service:testhost
    http.request.method: POST
    url.scheme: http
    url.path: /api/auth/register/seller
[22:29:10 INF] Saved 1 entities to in-memory store.
    network.protocol.version: 1.1
Activity.TraceId:            a19a0a26795133c2ac8e115a305731b1
    http.route: api/auth/register/seller
Activity.SpanId:             2c793e0a78e9ac0d
    http.response.status_code: 201
Activity.TraceFlags:         Recorded
Instrumentation scope (ActivitySource):
Activity.DisplayName:        POST api/stores/{storeId}/products
    Name: Microsoft.AspNetCore
Activity.Kind:               Server
Resource associated with Activity:
    telemetry.sdk.name: opentelemetry
Activity.StartTime:          2026-06-08T01:29:10.3461699Z
    telemetry.sdk.language: dotnet
Activity.Duration:           00:00:00.2371531
    telemetry.sdk.version: 1.14.0
    service.name: unknown_service:testhost
Activity.Tags:
    server.address: localhost
Activity.DisplayName:        PATCH api/stores/{storeId}/status
    http.request.method: POST
    url.scheme: http
    url.path: /api/stores/019ea4d9-12d9-7426-a3c6-60f0ee044707/products
    network.protocol.version: 1.1
Activity.TraceId:            6191277d72c3ad4b0024306bc7081767
(2026-06-08T01:29:04.1529583Z, 2026-06-08T01:29:10.6272490Z] http.request.method: POST http.response.status_code: 400 http.route: api/orders network.protocol.version: 1.1 url.scheme: http
Value: Sum: 0.1574968 Count: 1 Min: 0.1574968 Max: 0.1574968 
(-Infinity,0,005]:0
(0,005,0,01]:0
(0,01,0,025]:0
(0,025,0,05]:0
(0,05,0,075]:0
(0,075,0,1]:0
(0,1,0,25]:1
(0,25,0,5]:0
(0,5,0,75]:0
(0,75,1]:0
(1,2,5]:0
(2,5,5]:0
(5,7,5]:0
(7,5,10]:0
(10,+Infinity]:0
Activity.Kind:               Server
    http.route: api/stores/{storeId}/products
Activity.SpanId:             3aac9dfbcc3b90be
    http.response.status_code: 400
Activity.TraceFlags:         Recorded
Instrumentation scope (ActivitySource):
Activity.DisplayName:        POST api/auth/register/seller
Activity.Kind:               Server
Activity.StartTime:          2026-06-08T01:29:10.4557223Z
Activity.Duration:           00:00:00.2800558
Activity.Tags:
    server.address: localhost
    telemetry.sdk.language: dotnet
    http.request.method: POST
    telemetry.sdk.version: 1.14.0
    url.scheme: http
    service.name: unknown_service:testhost
    url.path: /api/auth/register/seller
    network.protocol.version: 1.1
    http.route: api/auth/register/seller
    http.response.status_code: 201
    http.route: api/auth/login/admin
Activity.TraceId:            1dfc67976a2ddb020f9646b5ccaa7788
Instrumentation scope (ActivitySource):
Activity.SpanId:             82afc413db4f2587
    Name: Microsoft.AspNetCore
    http.response.status_code: 200
Activity.TraceFlags:         Recorded
Resource associated with Activity:
Activity.DisplayName:        POST api/stores
Instrumentation scope (ActivitySource):
    telemetry.sdk.name: opentelemetry
Activity.Kind:               Server
    Name: Microsoft.AspNetCore
    telemetry.sdk.language: dotnet
Activity.StartTime:          2026-06-08T01:29:10.4108488Z
Resource associated with Activity:
    telemetry.sdk.version: 1.14.0
Activity.Duration:           00:00:00.2144483
    telemetry.sdk.name: opentelemetry
Activity.Tags:
    service.name: unknown_service:testhost
    server.address: localhost
    http.request.method: POST
    url.scheme: http
    telemetry.sdk.language: dotnet
    url.path: /api/stores
    network.protocol.version: 1.1
    http.route: api/stores
    http.response.status_code: 201
Instrumentation scope (ActivitySource):
    Name: Microsoft.AspNetCore
Resource associated with Activity:
Activity.StartTime:          2026-06-08T01:29:10.5182948Z
Activity.TraceId:            82b58302f6adfa0d92cd81c992f4e593
    telemetry.sdk.name: opentelemetry
Activity.SpanId:             ff71638d6e028085
Activity.Duration:           00:00:00.1858523
    telemetry.sdk.language: dotnet
Activity.TraceFlags:         Recorded
    telemetry.sdk.version: 1.14.0
Activity.DisplayName:        POST api/stores
    service.name: unknown_service:testhost
    Name: Microsoft.AspNetCore
Resource associated with Activity:
Activity.Kind:               Server
    telemetry.sdk.name: opentelemetry
    telemetry.sdk.language: dotnet
    telemetry.sdk.version: 1.14.0
    service.name: unknown_service:testhost
Activity.StartTime:          2026-06-08T01:29:10.4867977Z
Activity.Duration:           00:00:00.2489969
(2026-06-08T01:29:04.1529583Z, 2026-06-08T01:29:10.6272490Z] http.request.method: GET http.response.status_code: 200 http.route: api/stores/{storeId}/categories network.protocol.version: 1.1 url.scheme: http
Value: Sum: 0.2960979 Count: 2 Min: 0.1260283 Max: 0.1700696 
(-Infinity,0,005]:0
(0,005,0,01]:0
(0,01,0,025]:0
(0,025,0,05]:0
(0,05,0,075]:0
(0,075,0,1]:0
(0,1,0,25]:2
(0,25,0,5]:0
(0,5,0,75]:0
(0,75,1]:0
(1,2,5]:0
(2,5,5]:0
(5,7,5]:0
(7,5,10]:0
(10,+Infinity]:0
[22:29:10 INF] Executed action method Urbeat.WebApi.Controllers.OrdersController.Create (Urbeat.WebApi), returned result Microsoft.AspNetCore.Mvc.BadRequestObjectResult in 0.2752ms.
Activity.TraceId:            7f7761147cdabbbbf57be9aa6e161fe9
[22:29:10 INF] Executing endpoint 'Urbeat.WebApi.Controllers.AdminController.CreatePlan (Urbeat.WebApi)'
Activity.SpanId:             d530498c547ed860
Activity.TraceFlags:         Recorded
Activity.DisplayName:        POST api/auth/login/customer
    telemetry.sdk.version: 1.14.0
[22:29:10 INF] Request starting HTTP/1.1 POST http://localhost/api/auth/login/seller - application/json; charset=utf-8 null
Activity.Kind:               Server
    service.name: unknown_service:testhost
Activity.StartTime:          2026-06-08T01:29:10.3722299Z
Activity.Duration:           00:00:00.2108566
Activity.Tags:
    server.address: localhost
Activity.TraceId:            3d78d37757ab0a9728ffa652c4ff773e
    http.request.method: POST
Activity.SpanId:             41cf990f52ca6158
    url.scheme: http
Activity.TraceFlags:         Recorded
    url.path: /api/auth/login/customer
Activity.DisplayName:        POST api/auth/register/seller
    network.protocol.version: 1.1
Activity.Kind:               Server
    http.route: api/auth/login/customer
Activity.StartTime:          2026-06-08T01:29:10.2282042Z
    http.response.status_code: 200
Activity.Duration:           00:00:00.3986705
[22:29:10 INF] Route matched with {action = "CreatePlan", controller = "Admin"}. Executing controller action with signature System.Threading.Tasks.Task`1[Microsoft.AspNetCore.Mvc.IActionResult] CreatePlan(Urbeat.Application.DTOs.CreatePlanRequestDto, System.Threading.CancellationToken) on controller Urbeat.WebApi.Controllers.AdminController (Urbeat.WebApi).
Activity.Tags:
Instrumentation scope (ActivitySource):
    server.address: localhost
    http.request.method: POST
    Name: Microsoft.AspNetCore
    url.scheme: http
Resource associated with Activity:
    url.path: /api/auth/register/seller
    telemetry.sdk.name: opentelemetry
    network.protocol.version: 1.1
    telemetry.sdk.language: dotnet
    http.route: api/auth/register/seller
    telemetry.sdk.version: 1.14.0
    http.response.status_code: 201
    service.name: unknown_service:testhost
Instrumentation scope (ActivitySource):
    Name: Microsoft.AspNetCore
Resource associated with Activity:
    telemetry.sdk.name: opentelemetry
Activity.TraceId:            7f7761147cdabbbbf57be9aa6e161fe9
    telemetry.sdk.language: dotnet
Activity.SpanId:             d530498c547ed860
    telemetry.sdk.version: 1.14.0
Activity.TraceFlags:         Recorded
    service.name: unknown_service:testhost
Activity.DisplayName:        POST api/auth/login/customer
Activity.Kind:               Server
Activity.StartTime:          2026-06-08T01:29:10.3722299Z
Activity.TraceId:            d14c40a24060fbfbea1aee9ca2740eb7
Activity.Duration:           00:00:00.2108566
[22:29:10 INF] Executing action method Urbeat.WebApi.Controllers.AuthController.RegisterCustomer (Urbeat.WebApi) - Validation state: Valid
Activity.Tags:
Activity.SpanId:             aca3e5f9203ecb22
    server.address: localhost
[22:29:10 INF] Executing BadRequestObjectResult, writing value of type 'Microsoft.AspNetCore.Mvc.ValidationProblemDetails'.
    http.request.method: POST
Activity.TraceFlags:         Recorded
    url.scheme: http
Activity.DisplayName:        POST api/auth/register/seller
    url.path: /api/auth/login/customer
Activity.Kind:               Server
    network.protocol.version: 1.1
    http.route: api/auth/login/customer
Activity.StartTime:          2026-06-08T01:29:10.6054340Z
    http.response.status_code: 200
Activity.Duration:           00:00:00.1668614
Instrumentation scope (ActivitySource):
    Name: Microsoft.AspNetCore
Activity.Tags:
Resource associated with Activity:
    server.address: localhost
    telemetry.sdk.name: opentelemetry
    http.request.method: POST
    telemetry.sdk.language: dotnet
    url.scheme: http
    telemetry.sdk.version: 1.14.0
    url.path: /api/auth/register/seller
    service.name: unknown_service:testhost
    network.protocol.version: 1.1
    http.route: api/auth/register/seller
    http.response.status_code: 201
Instrumentation scope (ActivitySource):
    Name: Microsoft.AspNetCore
Resource associated with Activity:
    telemetry.sdk.name: opentelemetry
    telemetry.sdk.language: dotnet
Activity.Tags:
    telemetry.sdk.version: 1.14.0
    server.address: localhost
    service.name: unknown_service:testhost
[22:29:10 INF] Executing endpoint 'Urbeat.WebApi.Controllers.AuthController.LoginSeller (Urbeat.WebApi)'
    http.request.method: PATCH
    url.scheme: http
    url.path: /api/stores/019ea4d9-0eff-7cfc-8ee3-ef42a81dcd02/status
    network.protocol.version: 1.1
    http.route: api/stores/{storeId}/status
Activity.TraceId:            6191277d72c3ad4b0024306bc7081767
    http.response.status_code: 409
Activity.SpanId:             3aac9dfbcc3b90be
[22:29:10 INF] Saved 2 entities to in-memory store.
Activity.TraceFlags:         Recorded
Activity.DisplayName:        POST api/auth/register/seller
Activity.Tags:
Activity.Kind:               Server
    server.address: localhost
Activity.StartTime:          2026-06-08T01:29:10.4557223Z
    http.request.method: POST
Activity.Duration:           00:00:00.2800558
Activity.TraceId:            a19a0a26795133c2ac8e115a305731b1
[22:29:10 INF] Route matched with {action = "LoginSeller", controller = "Auth"}. Executing controller action with signature System.Threading.Tasks.Task`1[Microsoft.AspNetCore.Mvc.IActionResult] LoginSeller(Urbeat.Application.DTOs.LoginRequestDto, System.Threading.CancellationToken) on controller Urbeat.WebApi.Controllers.AuthController (Urbeat.WebApi).
    url.scheme: http
Activity.SpanId:             2c793e0a78e9ac0d
    url.path: /api/stores
Activity.TraceFlags:         Recorded
Activity.Tags:
    network.protocol.version: 1.1
    server.address: localhost
    http.route: api/stores
[22:29:10 INF] Executed action Urbeat.WebApi.Controllers.OrdersController.Create (Urbeat.WebApi) in 36.8541ms
    http.request.method: POST
Activity.DisplayName:        POST api/stores/{storeId}/products
Activity.Kind:               Server
    url.scheme: http
Activity.StartTime:          2026-06-08T01:29:10.3461699Z
Activity.Duration:           00:00:00.2371531
Activity.Tags:
    url.path: /api/auth/register/seller
    server.address: localhost
    network.protocol.version: 1.1
(2026-06-08T01:29:04.1529583Z, 2026-06-08T01:29:10.6272490Z] http.request.method: POST http.response.status_code: 409 http.route: api/subscriptions/contract network.protocol.version: 1.1 url.scheme: http
Value: Sum: 0.0704267 Count: 1 Min: 0.0704267 Max: 0.0704267 
(-Infinity,0,005]:0
(0,005,0,01]:0
(0,01,0,025]:0
(0,025,0,05]:0
(0,05,0,075]:1
(0,075,0,1]:0
(0,1,0,25]:0
(0,25,0,5]:0
(0,5,0,75]:0
(0,75,1]:0
(1,2,5]:0
(2,5,5]:0
(5,7,5]:0
(7,5,10]:0
(10,+Infinity]:0
    http.request.method: POST
    http.route: api/auth/register/seller
    url.scheme: http
    http.response.status_code: 201
    url.path: /api/stores/019ea4d9-12d9-7426-a3c6-60f0ee044707/products
    http.response.status_code: 201
Instrumentation scope (ActivitySource):
[22:29:10 INF] Executed endpoint 'Urbeat.WebApi.Controllers.OrdersController.Create (Urbeat.WebApi)'
Instrumentation scope (ActivitySource):
[22:29:10 INF] Saved 1 entities to in-memory store.
Instrumentation scope (ActivitySource):
[22:29:10 INF] Executing action method Urbeat.WebApi.Controllers.AuthController.LoginSeller (Urbeat.WebApi) - Validation state: Valid
    Name: Microsoft.AspNetCore
Resource associated with Activity:
    telemetry.sdk.name: opentelemetry
(2026-06-08T01:29:04.1529583Z, 2026-06-08T01:29:10.6272490Z] http.request.method: POST http.response.status_code: 204 http.route: api/admin/subscriptions/notifications/process network.protocol.version: 1.1 url.scheme: http
Value: Sum: 0.2250846 Count: 1 Min: 0.2250846 Max: 0.2250846 
(-Infinity,0,005]:0
(0,005,0,01]:0
(0,01,0,025]:0
(0,025,0,05]:0
(0,05,0,075]:0
(0,075,0,1]:0
(0,1,0,25]:1
(0,25,0,5]:0
(0,5,0,75]:0
(0,75,1]:0
(1,2,5]:0
(2,5,5]:0
(5,7,5]:0
(7,5,10]:0
(10,+Infinity]:0
[22:29:10 INF] Executing action method Urbeat.WebApi.Controllers.AuthController.LoginSeller (Urbeat.WebApi) - Validation state: Valid
    network.protocol.version: 1.1
[22:29:10 INF] Executing action method Urbeat.WebApi.Controllers.AdminController.CreatePlan (Urbeat.WebApi) - Validation state: Valid
    http.route: api/stores/{storeId}/products
    http.response.status_code: 400
    Name: Microsoft.AspNetCore
Instrumentation scope (ActivitySource):
[22:29:10 INF] Executing action method Urbeat.WebApi.Controllers.PublicStoresController.List (Urbeat.WebApi) - Validation state: Valid
Resource associated with Activity:
(2026-06-08T01:29:04.1529583Z, 2026-06-08T01:29:10.6272490Z] http.request.method: PUT http.response.status_code: 200 http.route: api/stores/{storeId}/business-hours network.protocol.version: 1.1 url.scheme: http
Value: Sum: 0.243374 Count: 1 Min: 0.243374 Max: 0.243374 
(-Infinity,0,005]:0
(0,005,0,01]:0
(0,01,0,025]:0
(0,025,0,05]:0
(0,05,0,075]:0
(0,075,0,1]:0
(0,1,0,25]:1
(0,25,0,5]:0
(0,5,0,75]:0
(0,75,1]:0
(1,2,5]:0
(2,5,5]:0
(5,7,5]:0
(7,5,10]:0
(10,+Infinity]:0
    telemetry.sdk.name: opentelemetry
    Name: Microsoft.AspNetCore
    telemetry.sdk.language: dotnet
[22:29:10 INF] Saved 1 entities to in-memory store.
    telemetry.sdk.version: 1.14.0
Resource associated with Activity:
    service.name: unknown_service:testhost
    telemetry.sdk.name: opentelemetry
(2026-06-08T01:29:04.1529583Z, 2026-06-08T01:29:10.6272490Z] http.request.method: GET http.response.status_code: 200 http.route: api/public/stores network.protocol.version: 1.1 url.scheme: http
Value: Sum: 0.1439667 Count: 1 Min: 0.1439667 Max: 0.1439667 
(-Infinity,0,005]:0
(0,005,0,01]:0
(0,01,0,025]:0
(0,025,0,05]:0
(0,05,0,075]:0
(0,075,0,1]:0
(0,1,0,25]:1
(0,25,0,5]:0
(0,5,0,75]:0
(0,75,1]:0
(1,2,5]:0
(2,5,5]:0
(5,7,5]:0
(7,5,10]:0
(10,+Infinity]:0
    telemetry.sdk.language: dotnet
    telemetry.sdk.version: 1.14.0
    service.name: unknown_service:testhost
Activity.TraceId:            1dfc67976a2ddb020f9646b5ccaa7788
(2026-06-08T01:29:04.1529583Z, 2026-06-08T01:29:10.6272490Z] http.request.method: GET http.response.status_code: 200 http.route: api/stores/{storeId}/business-hours network.protocol.version: 1.1 url.scheme: http
Value: Sum: 0.0792573 Count: 1 Min: 0.0792573 Max: 0.0792573 
(-Infinity,0,005]:0
(0,005,0,01]:0
(0,01,0,025]:0
(0,025,0,05]:0
(0,05,0,075]:0
(0,075,0,1]:1
(0,1,0,25]:0
(0,25,0,5]:0
(0,5,0,75]:0
(0,75,1]:0
(1,2,5]:0
(2,5,5]:0
(5,7,5]:0
(7,5,10]:0
(10,+Infinity]:0
Activity.TraceId:            7f7761147cdabbbbf57be9aa6e161fe9
Activity.SpanId:             82afc413db4f2587
Activity.SpanId:             d530498c547ed860
    Name: Microsoft.AspNetCore
Activity.TraceFlags:         Recorded
Resource associated with Activity:
    telemetry.sdk.name: opentelemetry
    telemetry.sdk.language: dotnet
    telemetry.sdk.version: 1.14.0
    telemetry.sdk.language: dotnet
    service.name: unknown_service:testhost
    telemetry.sdk.version: 1.14.0
    service.name: unknown_service:testhost
Activity.TraceId:            a19a0a26795133c2ac8e115a305731b1
Activity.TraceId:            82b58302f6adfa0d92cd81c992f4e593
Activity.SpanId:             2c793e0a78e9ac0d
Activity.TraceId:            cd686021584f50da9b740ea2b0c03d71
Activity.TraceFlags:         Recorded
Activity.SpanId:             ff71638d6e028085
Activity.SpanId:             b8419abc4afa7d7d
[22:29:10 INF] Request finished HTTP/1.1 POST http://localhost/api/orders - 400 null application/problem+json; charset=utf-8 107.1399ms
Activity.DisplayName:        POST api/stores/{storeId}/products
Activity.Kind:               Server
Activity.DisplayName:        POST api/auth/login/customer
Activity.StartTime:          2026-06-08T01:29:10.3461699Z
Activity.Kind:               Server
Activity.Duration:           00:00:00.2371531
(2026-06-08T01:29:04.1529583Z, 2026-06-08T01:29:10.6272490Z] http.request.method: PUT http.response.status_code: 200 http.route: api/stores/{storeId}/categories/{categoryId} network.protocol.version: 1.1 url.scheme: http
Value: Sum: 0.183621 Count: 1 Min: 0.183621 Max: 0.183621 
(-Infinity,0,005]:0
(0,005,0,01]:0
(0,01,0,025]:0
(0,025,0,05]:0
(0,05,0,075]:0
(0,075,0,1]:0
(0,1,0,25]:1
(0,25,0,5]:0
(0,5,0,75]:0
(0,75,1]:0
(1,2,5]:0
(2,5,5]:0
(5,7,5]:0
(7,5,10]:0
(10,+Infinity]:0
Activity.StartTime:          2026-06-08T01:29:10.3722299Z
Activity.Tags:
Activity.Duration:           00:00:00.2108566
    server.address: localhost
Activity.Tags:
    http.request.method: POST
    url.scheme: http
    server.address: localhost
    url.path: /api/stores/019ea4d9-12d9-7426-a3c6-60f0ee044707/products
    network.protocol.version: 1.1
    http.request.method: POST
    http.route: api/stores/{storeId}/products
    url.scheme: http
    http.response.status_code: 400
(2026-06-08T01:29:04.1529583Z, 2026-06-08T01:29:10.6272490Z] http.request.method: GET http.response.status_code: 404 http.route: api/public/stores/{storeId} network.protocol.version: 1.1 url.scheme: http
Value: Sum: 0.1438145 Count: 1 Min: 0.1438145 Max: 0.1438145 
(-Infinity,0,005]:0
(0,005,0,01]:0
(0,01,0,025]:0
(0,025,0,05]:0
(0,05,0,075]:0
(0,075,0,1]:0
(0,1,0,25]:1
(0,25,0,5]:0
(0,5,0,75]:0
(0,75,1]:0
(1,2,5]:0
(2,5,5]:0
(5,7,5]:0
(7,5,10]:0
(10,+Infinity]:0
Instrumentation scope (ActivitySource):
    Name: Microsoft.AspNetCore
Activity.TraceFlags:         Recorded
Resource associated with Activity:
Activity.DisplayName:        POST api/stores
Activity.Kind:               Server
    telemetry.sdk.name: opentelemetry
Activity.TraceFlags:         Recorded
Metric Name: dotnet.gc.collections, Description: The number of garbage collections that have occurred since the process has started., Unit: {collection}, Metric Type: LongSum
Activity.DisplayName:        POST api/stores
Instrumentation scope (Meter):
Activity.Kind:               Server
	Name: System.Runtime
[22:29:10 INF] Saved 1 entities to in-memory store.
Activity.StartTime:          2026-06-08T01:29:10.4867977Z
(2026-06-08T01:29:04.1531211Z, 2026-06-08T01:29:10.6272505Z] gc.heap.generation: gen2
Value: 6
Activity.Duration:           00:00:00.2489969
Activity.TraceFlags:         Recorded
(2026-06-08T01:29:04.1531211Z, 2026-06-08T01:29:10.6272505Z] gc.heap.generation: gen1
Value: 13
Activity.DisplayName:        PATCH api/stores/{storeId}/status
[22:29:10 INF] Saved 1 entities to in-memory store.
(2026-06-08T01:29:04.1531211Z, 2026-06-08T01:29:10.6272505Z] gc.heap.generation: gen0
Value: 36
    url.path: /api/auth/login/customer
Metric Name: dotnet.process.memory.working_set, Description: The number of bytes of physical memory mapped to the process context., Unit: By, Metric Type: LongSumNonMonotonic
Instrumentation scope (Meter):
Activity.TraceId:            6191277d72c3ad4b0024306bc7081767
	Name: System.Runtime
Activity.SpanId:             3aac9dfbcc3b90be
(2026-06-08T01:29:04.1531375Z, 2026-06-08T01:29:10.6272508Z]  
Value: 320991232
Activity.TraceFlags:         Recorded
    telemetry.sdk.language: dotnet
Activity.DisplayName:        POST api/auth/register/seller
[22:29:10 INF] Executed action method Urbeat.WebApi.Controllers.AdminController.CreatePlan (Urbeat.WebApi), returned result Microsoft.AspNetCore.Mvc.ObjectResult in 0.3682ms.
    telemetry.sdk.version: 1.14.0
Activity.Kind:               Server
    service.name: unknown_service:testhost
[22:29:10 INF] Executed action method Urbeat.WebApi.Controllers.AuthController.LoginSeller (Urbeat.WebApi), returned result Microsoft.AspNetCore.Mvc.OkObjectResult in 75.7871ms.
Activity.StartTime:          2026-06-08T01:29:10.4557223Z
Activity.Duration:           00:00:00.2800558
Activity.StartTime:          2026-06-08T01:29:10.4108488Z
Activity.Duration:           00:00:00.2144483
Activity.Tags:
    server.address: localhost
    http.request.method: POST
    url.scheme: http
    url.path: /api/stores
Activity.Tags:
    network.protocol.version: 1.1
    server.address: localhost
    http.route: api/stores
    http.response.status_code: 201
Instrumentation scope (ActivitySource):
    Name: Microsoft.AspNetCore
Resource associated with Activity:
    telemetry.sdk.name: opentelemetry
    telemetry.sdk.language: dotnet
    telemetry.sdk.version: 1.14.0
    service.name: unknown_service:testhost
Activity.TraceId:            1dfc67976a2ddb020f9646b5ccaa7788
    http.request.method: POST
Activity.SpanId:             82afc413db4f2587
    url.scheme: http
Activity.TraceFlags:         Recorded
    url.path: /api/auth/register/seller
Activity.DisplayName:        POST api/stores
    network.protocol.version: 1.1
Activity.Kind:               Server
    http.route: api/auth/register/seller
Activity.StartTime:          2026-06-08T01:29:10.4108488Z
Activity.Duration:           00:00:00.2144483
    http.response.status_code: 201
Activity.Tags:
Activity.Tags:
Instrumentation scope (ActivitySource):
    server.address: localhost
    Name: Microsoft.AspNetCore
    http.request.method: POST
    server.address: localhost
    url.scheme: http
    http.request.method: POST
    url.path: /api/stores
    url.scheme: http
    network.protocol.version: 1.1
    url.path: /api/stores
[22:29:10 INF] Executing ObjectResult, writing value of type 'Urbeat.Application.DTOs.PlanResponseDto'.
    http.route: api/stores
    network.protocol.version: 1.1
    http.response.status_code: 201
    http.route: api/stores
Instrumentation scope (ActivitySource):
    http.response.status_code: 201
    Name: Microsoft.AspNetCore
Instrumentation scope (ActivitySource):
Resource associated with Activity:
    Name: Microsoft.AspNetCore
    telemetry.sdk.name: opentelemetry
Resource associated with Activity:
    telemetry.sdk.language: dotnet
    telemetry.sdk.name: opentelemetry
    telemetry.sdk.version: 1.14.0
    telemetry.sdk.language: dotnet
Activity.Kind:               Server
    telemetry.sdk.version: 1.14.0
    service.name: unknown_service:testhost
Activity.StartTime:          2026-06-08T01:29:10.5182948Z
    network.protocol.version: 1.1
Activity.Duration:           00:00:00.1858523
    http.route: api/auth/login/customer
Activity.Tags:
    http.response.status_code: 200
    server.address: localhost
Instrumentation scope (ActivitySource):
    http.request.method: PATCH
    Name: Microsoft.AspNetCore
    url.scheme: http
Resource associated with Activity:
    url.path: /api/stores/019ea4d9-0eff-7cfc-8ee3-ef42a81dcd02/status
    telemetry.sdk.name: opentelemetry
    network.protocol.version: 1.1
    telemetry.sdk.language: dotnet
    http.route: api/stores/{storeId}/status
    telemetry.sdk.version: 1.14.0
    http.response.status_code: 409
    service.name: unknown_service:testhost
Instrumentation scope (ActivitySource):
    Name: Microsoft.AspNetCore
Activity.TraceId:            7f7761147cdabbbbf57be9aa6e161fe9
Resource associated with Activity:
Activity.SpanId:             d530498c547ed860
    telemetry.sdk.name: opentelemetry
Activity.TraceFlags:         Recorded
    telemetry.sdk.language: dotnet
Activity.DisplayName:        POST api/auth/login/customer
    telemetry.sdk.version: 1.14.0
Activity.Kind:               Server
    service.name: unknown_service:testhost
Activity.StartTime:          2026-06-08T01:29:10.3722299Z
Activity.Duration:           00:00:00.2108566
Resource associated with Activity:
Activity.TraceId:            cd686021584f50da9b740ea2b0c03d71
    telemetry.sdk.name: opentelemetry
    telemetry.sdk.language: dotnet
[22:29:10 INF] Executing OkObjectResult, writing value of type 'Urbeat.Application.DTOs.AuthTokenResponseDto'.
    telemetry.sdk.version: 1.14.0
    service.name: unknown_service:testhost
    service.name: unknown_service:testhost
[22:29:10 INF] Executed action method Urbeat.WebApi.Controllers.AuthController.RegisterSeller (Urbeat.WebApi), returned result Microsoft.AspNetCore.Mvc.ObjectResult in 108.628ms.
Activity.TraceId:            f9a0b58671fb4faecacdac02b9cdbf01
[22:29:10 INF] Executed action Urbeat.WebApi.Controllers.AdminController.CreatePlan (Urbeat.WebApi) in 39.5177ms
Activity.TraceId:            1dfc67976a2ddb020f9646b5ccaa7788
Metric Name: dotnet.gc.heap.total_allocated, Description: The approximate number of bytes allocated on the managed GC heap since the process has started. The returned value does not include any native allocations., Unit: By, Metric Type: LongSum
Activity.SpanId:             82afc413db4f2587
Instrumentation scope (Meter):
Activity.TraceFlags:         Recorded
	Name: System.Runtime
Activity.DisplayName:        POST api/stores
Activity.Kind:               Server
(2026-06-08T01:29:04.1531601Z, 2026-06-08T01:29:10.6272511Z]  
Value: 391822544
Activity.Tags:
[22:29:10 INF] Executed endpoint 'Urbeat.WebApi.Controllers.AdminController.CreatePlan (Urbeat.WebApi)'
Activity.StartTime:          2026-06-08T01:29:10.4108488Z
    server.address: localhost
Activity.Duration:           00:00:00.2144483
    http.request.method: POST
Activity.Tags:
    url.scheme: http
    server.address: localhost
    url.path: /api/auth/login/customer
    http.request.method: POST
    network.protocol.version: 1.1
[22:29:10 INF] Executed action Urbeat.WebApi.Controllers.AuthController.LoginSeller (Urbeat.WebApi) in 76.6633ms
    http.route: api/auth/login/customer
    url.scheme: http
    http.response.status_code: 200
    url.path: /api/stores
Instrumentation scope (ActivitySource):
    network.protocol.version: 1.1
[22:29:10 INF] Executing ObjectResult, writing value of type '<>f__AnonymousType2`3[[System.Nullable`1[[System.Guid, System.Private.CoreLib, Version=9.0.0.0, Culture=neutral, PublicKeyToken=7cec85d7bea7798e]], System.Private.CoreLib, Version=9.0.0.0, Culture=neutral, PublicKeyToken=7cec85d7bea7798e],[System.Boolean, System.Private.CoreLib, Version=9.0.0.0, Culture=neutral, PublicKeyToken=7cec85d7bea7798e],[System.String, System.Private.CoreLib, Version=9.0.0.0, Culture=neutral, PublicKeyToken=7cec85d7bea7798e]]'.
    http.route: api/stores
[22:29:10 INF] Executed endpoint 'Urbeat.WebApi.Controllers.AuthController.LoginSeller (Urbeat.WebApi)'
    http.response.status_code: 201
Activity.SpanId:             b8419abc4afa7d7d
Instrumentation scope (ActivitySource):
Activity.TraceFlags:         Recorded
    Name: Microsoft.AspNetCore
Activity.DisplayName:        PATCH api/stores/{storeId}/status
Resource associated with Activity:
Activity.TraceId:            7961786612fe7020239d704f592ec314
Activity.Kind:               Server
Activity.SpanId:             7612bde3af977be6
    telemetry.sdk.name: opentelemetry
Activity.StartTime:          2026-06-08T01:29:10.5182948Z
Activity.TraceFlags:         Recorded
Activity.Duration:           00:00:00.1858523
Activity.DisplayName:        POST api/orders
Activity.Tags:
Activity.Kind:               Server
    server.address: localhost
    telemetry.sdk.language: dotnet
    http.request.method: PATCH
Activity.StartTime:          2026-06-08T01:29:10.7050563Z
    url.scheme: http
Activity.Duration:           00:00:00.1072892
    url.path: /api/stores/019ea4d9-0eff-7cfc-8ee3-ef42a81dcd02/status
Activity.Tags:
    network.protocol.version: 1.1
    server.address: localhost
    http.route: api/stores/{storeId}/status
[22:29:10 INF] Request finished HTTP/1.1 POST http://localhost/api/admin/plans - 201 null application/json; charset=utf-8 76.1778ms
    http.response.status_code: 409
Instrumentation scope (ActivitySource):
    Name: Microsoft.AspNetCore
[22:29:10 INF] EMAIL_CONFIRM_JOB_STARTED | Sending confirmation email | UserId=019ea4d9-1530-754a-b3b3-434ae09b02da
Activity.SpanId:             9aa4de98f6ce14c3
[22:29:10 INF] Executed action Urbeat.WebApi.Controllers.AuthController.RegisterSeller (Urbeat.WebApi) in 145.0796ms
[22:29:10 INF] Request finished HTTP/1.1 POST http://localhost/api/auth/login/seller - 200 null application/json; charset=utf-8 107.7796ms
Activity.TraceFlags:         Recorded
Activity.DisplayName:        POST api/customer/addresses
    Name: Microsoft.AspNetCore
[xUnit.net 00:00:07.96]       Expected createOrderResponse.StatusCode to be HttpStatusCode.Created {value: 201}, but found HttpStatusCode.BadRequest {value: 400}.
Activity.Kind:               Server
Resource associated with Activity:
Activity.StartTime:          2026-06-08T01:29:10.5834264Z
Activity.Duration:           00:00:00.1208529
Activity.Tags:
    telemetry.sdk.name: opentelemetry
    telemetry.sdk.version: 1.14.0
    server.address: localhost
[22:29:10 INF] Executed endpoint 'Urbeat.WebApi.Controllers.AuthController.RegisterSeller (Urbeat.WebApi)'
    service.name: unknown_service:testhost
    http.request.method: POST
Activity.TraceId:            1dfc67976a2ddb020f9646b5ccaa7788
[xUnit.net 00:00:07.96]       Stack Trace:
    url.scheme: http
    http.request.method: POST
Activity.SpanId:             82afc413db4f2587
    url.scheme: http
    url.path: /api/customer/addresses
    url.path: /api/orders
Activity.TraceFlags:         Recorded
    network.protocol.version: 1.1
    network.protocol.version: 1.1
Activity.DisplayName:        POST api/stores
    http.route: api/orders
Activity.Kind:               Server
    http.route: api/customer/addresses
[xUnit.net 00:00:07.96]            at FluentAssertions.Execution.LateBoundTestFramework.Throw(String message)
[xUnit.net 00:00:07.96]            at FluentAssertions.Execution.DefaultAssertionStrategy.HandleFailure(String message)
    http.response.status_code: 400
    http.response.status_code: 201
Instrumentation scope (ActivitySource):
Activity.StartTime:          2026-06-08T01:29:10.4108488Z
[xUnit.net 00:00:07.96]            at FluentAssertions.Execution.AssertionScope.AddPreFormattedFailure(String formattedFailureMessage)
    Name: Microsoft.AspNetCore
Instrumentation scope (ActivitySource):
Activity.Duration:           00:00:00.2144483
Resource associated with Activity:
Activity.Tags:
    Name: Microsoft.AspNetCore
    telemetry.sdk.name: opentelemetry
Resource associated with Activity:
    telemetry.sdk.language: dotnet
    telemetry.sdk.name: opentelemetry
    server.address: localhost
    telemetry.sdk.version: 1.14.0
[xUnit.net 00:00:07.96]            at FluentAssertions.Execution.AssertionChain.FailWith(Func`1 getFailureReason)
Activity.TraceId:            6191277d72c3ad4b0024306bc7081767
    service.name: unknown_service:testhost
    telemetry.sdk.language: dotnet
Activity.SpanId:             3aac9dfbcc3b90be
    telemetry.sdk.version: 1.14.0
Activity.TraceFlags:         Recorded
    service.name: unknown_service:testhost
Activity.DisplayName:        POST api/auth/register/seller
Activity.TraceId:            6b5d284383f1467efe43e8b09c13928c
[xUnit.net 00:00:07.96]            at FluentAssertions.Execution.AssertionChain.FailWith(Func`1 getFailureReason)
[xUnit.net 00:00:07.96]            at FluentAssertions.Execution.AssertionChain.FailWith(String message, Object[] args)
Activity.SpanId:             3520f51219432d7a
Resource associated with Activity:
Activity.TraceFlags:         Recorded
    telemetry.sdk.name: opentelemetry
Activity.DisplayName:        POST api/admin/plans
    telemetry.sdk.language: dotnet
Metric Name: dotnet.gc.last_collection.memory.committed_size, Description: The amount of committed virtual memory in use by the .NET GC, as observed during the latest garbage collection., Unit: By, Metric Type: LongSumNonMonotonic
    telemetry.sdk.version: 1.14.0
Instrumentation scope (Meter):
[xUnit.net 00:00:07.96]            at FluentAssertions.Primitives.EnumAssertions`2.Be(TEnum expected, String because, Object[] becauseArgs)
    service.name: unknown_service:testhost
Activity.Kind:               Server
	Name: System.Runtime
Activity.StartTime:          2026-06-08T01:29:10.7368757Z
Activity.Duration:           00:00:00.0762660
(2026-06-08T01:29:04.1531778Z, 2026-06-08T01:29:10.6272514Z]  
Value: 161153024
    telemetry.sdk.language: dotnet
[xUnit.net 00:00:07.96]         C:\Projetos\urbeat\backend\tests\Urbeat.IntegrationTests\Api\PaymentsFlowTests.cs(150,0): at Urbeat.IntegrationTests.Api.PaymentsFlowTests.Customer_ShouldNotStartOnlinePayment_ForCashOrder()
[xUnit.net 00:00:07.96]         --- End of stack trace from previous location ---
Metric Name: dotnet.gc.last_collection.heap.size, Description: The managed GC heap size (including fragmentation), as observed during the latest garbage collection., Unit: By, Metric Type: LongSumNonMonotonic
    telemetry.sdk.version: 1.14.0
Instrumentation scope (Meter):
    service.name: unknown_service:testhost
	Name: System.Runtime
(2026-06-08T01:29:04.1531938Z, 2026-06-08T01:29:10.6272518Z] gc.heap.generation: gen0
Value: 0
    http.request.method: POST
(2026-06-08T01:29:04.1531938Z, 2026-06-08T01:29:10.6272518Z] gc.heap.generation: gen1
Value: 3256200
    url.scheme: http
Activity.TraceId:            56ba524cb8998794f5fd88fdb75abb81
(2026-06-08T01:29:04.1531938Z, 2026-06-08T01:29:10.6272518Z] gc.heap.generation: gen2
Value: 64165160
Activity.SpanId:             4a25fc8878356adf
    url.path: /api/stores
Activity.TraceFlags:         Recorded
Activity.DisplayName:        POST api/auth/login/seller
(2026-06-08T01:29:04.1531938Z, 2026-06-08T01:29:10.6272518Z] gc.heap.generation: loh
Value: 81298096
    network.protocol.version: 1.1
Activity.Kind:               Server
(2026-06-08T01:29:04.1531938Z, 2026-06-08T01:29:10.6272518Z] gc.heap.generation: poh
Value: 123736
Activity.Tags:
Activity.Kind:               Server
Metric Name: dotnet.gc.last_collection.heap.fragmentation.size, Description: The heap fragmentation, as observed during the latest garbage collection., Unit: By, Metric Type: LongSumNonMonotonic
Instrumentation scope (Meter):
	Name: System.Runtime
    http.route: api/stores
Activity.StartTime:          2026-06-08T01:29:10.7053152Z
Activity.Duration:           00:00:00.1078583
Activity.Tags:
    http.response.status_code: 201
    server.address: localhost
Activity.StartTime:          2026-06-08T01:29:10.4557223Z
Activity.Duration:           00:00:00.2800558
Activity.Tags:
Activity.TraceId:            7961786612fe7020239d704f592ec314
    server.address: localhost
    http.request.method: POST
[22:29:10 INF] Request finished HTTP/1.1 POST http://localhost/api/auth/register/seller - 201 null application/json; charset=utf-8 208.2173ms
    url.scheme: http
    url.path: /api/auth/register/seller
    network.protocol.version: 1.1
    http.route: api/auth/register/seller
    server.address: localhost
[22:29:10 INF] EMAIL_LOG_ONLY | Email skipped (LogOnly or no SMTP host) | To=products.flow.b13e7faae0514941afe5843ba97ed7e7@urbeat.local | Subject=Confirme seu e-mail no Urbeat - Loja | Body=<!DOCTYPE html>
<html lang="pt-BR">
<head>
  <meta charset="UTF-8" />
  <meta name="viewport" content="width=device-width,initial-scale=1.0" />
  <title>Sua loja est� quase pronta!</title>
</head>
<body style="margin:0;padding:0;background:#FFF9F0;font-family:'Helvetica Neue',Helvetica,Arial,sans-serif;color:#2D2A2A;">
  <table role="presentation" width="100%" cellpadding="0" cellspacing="0" style="background:#FFF9F0;padding:32px 0;">
    <tr>
      <td align="center">
        <table role="presentation" width="560" cellpadding="0" cellspacing="0" style="background:#FFFCF8;border:1px solid #EDE4D9;border-radius:20px;overflow:hidden;">
          <tr>
            <td style="background:#C73E3A;padding:28px 32px;color:#FFFCF8;">
              <h1 style="margin:0;font-family:Georgia,serif;font-weight:400;font-size:28px;">Urbeat</h1>
            </td>
          </tr>
          <tr>
            <td style="padding:32px 40px 8px 40px;">
              <h2 style="margin:0 0 8px 0;font-family:Georgia,serif;font-weight:400;color:#2D2A2A;font-size:24px;">Sua loja est� quase pronta!</h2>
              <p style="margin:0;color:#7A7272;font-size:15px;">Ol�, vendedor(a)!</p>
            </td>
          </tr>
          <tr>
            <td style="padding:16px 40px;color:#2D2A2A;font-size:15px;line-height:1.6;">
              <p>Recebemos o cadastro da sua loja no <strong>Urbeat</strong>.
Para liberar o painel de vendas e receber pedidos, confirme seu e-mail.</p>
<p>Clique no bot�o abaixo para ativar sua conta. O link expira em 24 horas.</p>
            </td>
          </tr>
          <tr>
            <td align="center" style="padding:24px 40px 8px 40px;">
              <a href="https://urbeat.com.br/c/B8wCmQf7GJoRzMnQvDg1cblfI"
                 style="display:inline-block;background:#C73E3A;color:#FFFCF8;text-decoration:none;padding:14px 28px;border-radius:12px;font-weight:600;font-size:15px;">
                Confirmar e-mail da loja
              </a>
            </td>
          </tr>
          <tr>
            <td style="padding:8px 40px 24px 40px;color:#7A7272;font-size:13px;line-height:1.5;">
              <p>Se o bot�o n�o funcionar, copie e cole o link abaixo no seu navegador:</p>
              <p style="word-break:break-all;color:#C73E3A;"><a href="https://urbeat.com.br/c/B8wCmQf7GJoRzMnQvDg1cblfI" style="color:#C73E3A;">https://urbeat.com.br/c/B8wCmQf7GJoRzMnQvDg1cblfI</a></p>
            </td>
          </tr>
          <tr>
            <td style="padding:16px 40px 32px 40px;border-top:1px solid #EDE4D9;color:#7A7272;font-size:13px;line-height:1.5;">
              <p>Se voc� n�o criou um cadastro de loja no Urbeat, pode ignorar este e-mail.</p>
              <p style="margin-top:16px;">- Equipe Urbeat</p>
            </td>
          </tr>
        </table>
      </td>
    </tr>
  </table>
</body>
</html>
(2026-06-08T01:29:04.1532145Z, 2026-06-08T01:29:10.6272522Z] gc.heap.generation: gen0
Value: 0
    http.request.method: POST
    url.scheme: http
    url.path: /api/auth/login/seller
(2026-06-08T01:29:04.1532145Z, 2026-06-08T01:29:10.6272522Z] gc.heap.generation: gen1
Value: 1921808
Instrumentation scope (ActivitySource):
(2026-06-08T01:29:04.1532145Z, 2026-06-08T01:29:10.6272522Z] gc.heap.generation: gen2
Value: 3103960
    Name: Microsoft.AspNetCore
(2026-06-08T01:29:04.1532145Z, 2026-06-08T01:29:10.6272522Z] gc.heap.generation: loh
Value: 726728
Resource associated with Activity:
Activity.SpanId:             7612bde3af977be6
(2026-06-08T01:29:04.1532145Z, 2026-06-08T01:29:10.6272522Z] gc.heap.generation: poh
Value: 0
    telemetry.sdk.name: opentelemetry
Metric Name: dotnet.gc.pause.time, Description: The total amount of time paused in GC since the process has started., Unit: s, Metric Type: DoubleSum
    http.response.status_code: 201
Instrumentation scope (Meter):
    telemetry.sdk.language: dotnet
	Name: System.Runtime
Instrumentation scope (ActivitySource):
    telemetry.sdk.version: 1.14.0
Activity.TraceFlags:         Recorded
    http.request.method: POST
Activity.DisplayName:        POST api/orders
    url.scheme: http
    url.path: /api/admin/plans
    network.protocol.version: 1.1
    http.route: api/admin/plans
    http.response.status_code: 201
    network.protocol.version: 1.1
Instrumentation scope (ActivitySource):
    http.route: api/auth/login/seller
    Name: Microsoft.AspNetCore
    http.response.status_code: 200
Instrumentation scope (ActivitySource):
Resource associated with Activity:
    Name: Microsoft.AspNetCore
Resource associated with Activity:
    telemetry.sdk.name: opentelemetry
    telemetry.sdk.name: opentelemetry
    telemetry.sdk.language: dotnet
    telemetry.sdk.language: dotnet
(2026-06-08T01:29:04.1533001Z, 2026-06-08T01:29:10.6272527Z]  
Value: 0.506372
    telemetry.sdk.version: 1.14.0
    telemetry.sdk.version: 1.14.0
    service.name: unknown_service:testhost
    service.name: unknown_service:testhost
Metric Name: dotnet.jit.compiled_il.size, Description: Count of bytes of intermediate language that have been compiled since the process has started., Unit: By, Metric Type: LongSum
Instrumentation scope (Meter):
	Name: System.Runtime
    Name: Microsoft.AspNetCore
Activity.TraceId:            56ba524cb8998794f5fd88fdb75abb81
Resource associated with Activity:
Activity.SpanId:             4a25fc8878356adf
(2026-06-08T01:29:04.1548114Z, 2026-06-08T01:29:10.6272530Z]  
Value: 2076843
Activity.TraceId:            f9a0b58671fb4faecacdac02b9cdbf01
Activity.SpanId:             9aa4de98f6ce14c3
Activity.Kind:               Server
Activity.TraceFlags:         Recorded
Activity.DisplayName:        POST api/customer/addresses
Activity.Kind:               Server
Activity.StartTime:          2026-06-08T01:29:10.7050563Z
[22:29:10 INF] Request starting HTTP/1.1 POST http://localhost/api/stores - application/json; charset=utf-8 null
Activity.StartTime:          2026-06-08T01:29:10.5834264Z
Activity.Duration:           00:00:00.1208529
    telemetry.sdk.name: opentelemetry
Activity.Tags:
[22:29:10 INF] Request starting HTTP/1.1 POST http://localhost/api/subscriptions/contract - application/json; charset=utf-8 null
    telemetry.sdk.language: dotnet
    server.address: localhost
    telemetry.sdk.version: 1.14.0
    http.request.method: POST
    service.name: unknown_service:testhost
[22:29:10 INF] Saved 1 entities to in-memory store.
    url.scheme: http
    url.path: /api/customer/addresses
    network.protocol.version: 1.1
Activity.TraceFlags:         Recorded
    http.route: api/customer/addresses
Activity.DisplayName:        POST api/auth/login/seller
[22:29:10 INF] Request starting HTTP/1.1 POST http://localhost/api/auth/register/seller - application/json; charset=utf-8 null
Activity.TraceId:            6191277d72c3ad4b0024306bc7081767
    http.response.status_code: 201
Activity.SpanId:             3aac9dfbcc3b90be
Instrumentation scope (ActivitySource):
Activity.TraceId:            cd686021584f50da9b740ea2b0c03d71
    Name: Microsoft.AspNetCore
Activity.SpanId:             b8419abc4afa7d7d
[22:29:10 INF] Executed action method Urbeat.WebApi.Controllers.PublicStoresController.List (Urbeat.WebApi), returned result Microsoft.AspNetCore.Mvc.OkObjectResult in 35.632ms.
Activity.TraceFlags:         Recorded
Resource associated with Activity:
Activity.DisplayName:        PATCH api/stores/{storeId}/status
    telemetry.sdk.name: opentelemetry
Activity.Kind:               Server
    telemetry.sdk.language: dotnet
[22:29:10 INF] Saved 1 entities to in-memory store.
    telemetry.sdk.version: 1.14.0
    service.name: unknown_service:testhost
    service.name: unknown_service:testhost
[22:29:10 INF] Saved 1 entities to in-memory store.
Activity.TraceId:            012b403915e9d31e377992fa225a827c
Activity.SpanId:             cf20f75b19f7b2f2
Activity.TraceId:            1dfc67976a2ddb020f9646b5ccaa7788
Activity.Duration:           00:00:00.1072892
Activity.SpanId:             82afc413db4f2587
Activity.Tags:
Activity.TraceFlags:         Recorded
Activity.TraceFlags:         Recorded
[22:29:10 INF] Saved 1 entities to in-memory store.
    server.address: localhost
Activity.DisplayName:        POST api/stores
    http.request.method: POST
Activity.DisplayName:        POST api/auth/register/seller
    url.scheme: http
Activity.Kind:               Server
    url.path: /api/orders
Activity.Kind:               Server
    network.protocol.version: 1.1
Activity.StartTime:          2026-06-08T01:29:10.4108488Z
    http.route: api/orders
Activity.Duration:           00:00:00.2144483
Activity.StartTime:          2026-06-08T01:29:10.6054340Z
Activity.Tags:
    http.response.status_code: 400
Activity.Duration:           00:00:00.2557614
Instrumentation scope (ActivitySource):
Activity.Tags:
    Name: Microsoft.AspNetCore
    server.address: localhost
    server.address: localhost
Resource associated with Activity:
    http.request.method: POST
    telemetry.sdk.name: opentelemetry
    http.request.method: POST
    telemetry.sdk.language: dotnet
    url.scheme: http
    telemetry.sdk.version: 1.14.0
    url.path: /api/auth/register/seller
    service.name: unknown_service:testhost
[22:29:10 INF] EMAIL_CONFIRM_JOB_COMPLETED | Job completed | UserId=019ea4d9-1530-754a-b3b3-434ae09b02da
    network.protocol.version: 1.1
    http.route: api/auth/register/seller
    http.response.status_code: 201
Activity.Kind:               Server
[22:29:10 INF] Executing OkObjectResult, writing value of type 'System.Collections.Generic.List`1[[Urbeat.Application.DTOs.StorePublicListItemDto, Urbeat.Application, Version=1.0.0.0, Culture=neutral, PublicKeyToken=null]]'.
Activity.StartTime:          2026-06-08T01:29:10.7053152Z
Instrumentation scope (ActivitySource):
Activity.Duration:           00:00:00.1078583
    Name: Microsoft.AspNetCore
Activity.Tags:
Resource associated with Activity:
    server.address: localhost
    telemetry.sdk.name: opentelemetry
    telemetry.sdk.language: dotnet
    http.request.method: POST
    url.scheme: http
    url.path: /api/auth/login/seller
    network.protocol.version: 1.1
    telemetry.sdk.version: 1.14.0
    http.route: api/auth/login/seller
    service.name: unknown_service:testhost
    http.response.status_code: 200
Instrumentation scope (ActivitySource):
    Name: Microsoft.AspNetCore
Resource associated with Activity:
    telemetry.sdk.name: opentelemetry
    telemetry.sdk.language: dotnet
    telemetry.sdk.version: 1.14.0
Activity.TraceId:            7961786612fe7020239d704f592ec314
Activity.TraceId:            3d78d37757ab0a9728ffa652c4ff773e
    service.name: unknown_service:testhost
Activity.SpanId:             7612bde3af977be6
Activity.TraceFlags:         Recorded
Activity.DisplayName:        POST api/orders
Activity.Kind:               Server
Activity.StartTime:          2026-06-08T01:29:10.7050563Z
Activity.Duration:           00:00:00.1072892
Activity.Tags:
    server.address: localhost
    http.request.method: POST
    url.scheme: http
    url.path: /api/orders
    network.protocol.version: 1.1
    http.route: api/orders
    http.response.status_code: 400
Instrumentation scope (ActivitySource):
    Name: Microsoft.AspNetCore
Resource associated with Activity:
    telemetry.sdk.name: opentelemetry
    telemetry.sdk.language: dotnet
    telemetry.sdk.version: 1.14.0
    service.name: unknown_service:testhost
Activity.StartTime:          2026-06-08T01:29:10.5182948Z
Activity.Duration:           00:00:00.1858523
Metric Name: dotnet.jit.compiled_methods, Description: The number of times the JIT compiler (re)compiled methods since the process has started., Unit: {method}, Metric Type: LongSum
Activity.Tags:
Instrumentation scope (Meter):
    server.address: localhost
	Name: System.Runtime
    http.request.method: PATCH
    url.scheme: http
    url.scheme: http
(2026-06-08T01:29:04.1548434Z, 2026-06-08T01:29:10.6272533Z]  
Value: 31687
    url.path: /api/stores
Metric Name: dotnet.jit.compilation.time, Description: The number of times the JIT compiler (re)compiled methods since the process has started., Unit: s, Metric Type: DoubleSum
Instrumentation scope (Meter):
Activity.SpanId:             41cf990f52ca6158
	Name: System.Runtime
    network.protocol.version: 1.1
Activity.TraceFlags:         Recorded
    http.route: api/stores
Activity.DisplayName:        POST api/auth/register/seller
    http.response.status_code: 201
Activity.Kind:               Server
Activity.StartTime:          2026-06-08T01:29:10.2282042Z
Activity.Duration:           00:00:00.3986705
Activity.Tags:
[22:29:10 INF] Executing endpoint 'Urbeat.WebApi.Controllers.AuthController.RegisterSeller (Urbeat.WebApi)'
Activity.TraceId:            56ba524cb8998794f5fd88fdb75abb81
Activity.SpanId:             4a25fc8878356adf
    server.address: localhost
Activity.TraceFlags:         Recorded
Activity.TraceId:            012b403915e9d31e377992fa225a827c
[22:29:10 INF] Request starting HTTP/1.1 POST http://localhost/api/auth/login/seller - application/json; charset=utf-8 null
Activity.DisplayName:        POST api/auth/login/seller
    http.request.method: POST
Activity.SpanId:             cf20f75b19f7b2f2
Activity.Kind:               Server
    url.scheme: http
    url.path: /api/auth/register/seller
[22:29:10 INF] Executing endpoint 'Urbeat.WebApi.Controllers.SubscriptionsController.Contract (Urbeat.WebApi)'
    network.protocol.version: 1.1
Activity.StartTime:          2026-06-08T01:29:10.7053152Z
Activity.TraceFlags:         Recorded
    http.route: api/auth/register/seller
Activity.Duration:           00:00:00.1078583
    http.response.status_code: 201
[22:29:10 INF] Executing endpoint 'Urbeat.WebApi.Controllers.StoresController.Create (Urbeat.WebApi)'
Activity.Tags:
Activity.DisplayName:        POST api/auth/register/seller
Instrumentation scope (ActivitySource):
    server.address: localhost
Activity.Kind:               Server
    http.request.method: POST
    Name: Microsoft.AspNetCore
    url.scheme: http
    url.path: /api/auth/login/seller
Resource associated with Activity:
Activity.StartTime:          2026-06-08T01:29:10.6054340Z
    network.protocol.version: 1.1
    telemetry.sdk.name: opentelemetry
Activity.Duration:           00:00:00.2557614
    http.route: api/auth/login/seller
Activity.Tags:
    telemetry.sdk.language: dotnet
    http.response.status_code: 200
    telemetry.sdk.version: 1.14.0
    server.address: localhost
    service.name: unknown_service:testhost
[22:29:10 INF] Route matched with {action = "RegisterSeller", controller = "Auth"}. Executing controller action with signature System.Threading.Tasks.Task`1[Microsoft.AspNetCore.Mvc.IActionResult] RegisterSeller(Urbeat.Application.DTOs.RegisterUserRequestDto, System.Threading.CancellationToken) on controller Urbeat.WebApi.Controllers.AuthController (Urbeat.WebApi).
Instrumentation scope (ActivitySource):
    Name: Microsoft.AspNetCore
    http.request.method: POST
Resource associated with Activity:
    url.scheme: http
    telemetry.sdk.name: opentelemetry
    url.path: /api/auth/register/seller
    telemetry.sdk.language: dotnet
    network.protocol.version: 1.1
    http.route: api/auth/register/seller
Activity.TraceId:            d14c40a24060fbfbea1aee9ca2740eb7
    telemetry.sdk.version: 1.14.0
Activity.SpanId:             aca3e5f9203ecb22
    http.response.status_code: 201
[22:29:10 INF] Route matched with {action = "Contract", controller = "Subscriptions"}. Executing controller action with signature System.Threading.Tasks.Task`1[Microsoft.AspNetCore.Mvc.IActionResult] Contract(Urbeat.Application.DTOs.ContractSellerSubscriptionRequestDto, System.Threading.CancellationToken) on controller Urbeat.WebApi.Controllers.SubscriptionsController (Urbeat.WebApi).
Instrumentation scope (ActivitySource):
    Name: Microsoft.AspNetCore
[22:29:10 INF] Executed action Urbeat.WebApi.Controllers.PublicStoresController.List (Urbeat.WebApi) in 89.9153ms
Resource associated with Activity:
Activity.TraceFlags:         Recorded
    telemetry.sdk.name: opentelemetry
Activity.DisplayName:        POST api/auth/register/seller
    telemetry.sdk.language: dotnet
Activity.Kind:               Server
    telemetry.sdk.version: 1.14.0
Activity.StartTime:          2026-06-08T01:29:10.4557223Z
[22:29:10 INF] Route matched with {action = "Create", controller = "Stores"}. Executing controller action with signature System.Threading.Tasks.Task`1[Microsoft.AspNetCore.Mvc.IActionResult] Create(Urbeat.Application.DTOs.CreateStoreRequestDto, System.Threading.CancellationToken) on controller Urbeat.WebApi.Controllers.StoresController (Urbeat.WebApi).
Activity.Duration:           00:00:00.2800558
    service.name: unknown_service:testhost
Activity.Tags:
    server.address: localhost
    http.request.method: POST
    url.scheme: http
    url.path: /api/stores/019ea4d9-0eff-7cfc-8ee3-ef42a81dcd02/status
    url.path: /api/auth/register/seller
    network.protocol.version: 1.1
    network.protocol.version: 1.1
    http.route: api/stores/{storeId}/status
    http.route: api/auth/register/seller
(2026-06-08T01:29:04.1548765Z, 2026-06-08T01:29:10.6272536Z]  
Value: 5.2059394
    http.response.status_code: 409
    http.response.status_code: 201
Instrumentation scope (ActivitySource):
Metric Name: dotnet.monitor.lock_contentions, Description: The number of times there was contention when trying to acquire a monitor lock since the process has started., Unit: {contention}, Metric Type: LongSum
    Name: Microsoft.AspNetCore
Instrumentation scope (ActivitySource):
Instrumentation scope (Meter):
Resource associated with Activity:
    Name: Microsoft.AspNetCore
Instrumentation scope (ActivitySource):
Resource associated with Activity:
    telemetry.sdk.name: opentelemetry
    telemetry.sdk.name: opentelemetry
    telemetry.sdk.language: dotnet
    telemetry.sdk.language: dotnet
    telemetry.sdk.version: 1.14.0
    telemetry.sdk.version: 1.14.0
    service.name: unknown_service:testhost
    Name: Microsoft.AspNetCore
Resource associated with Activity:
    service.name: unknown_service:testhost
    telemetry.sdk.name: opentelemetry
    telemetry.sdk.language: dotnet
    telemetry.sdk.version: 1.14.0
    service.name: unknown_service:testhost
    service.name: unknown_service:testhost
Activity.TraceFlags:         Recorded
Activity.TraceId:            6191277d72c3ad4b0024306bc7081767
Activity.SpanId:             3aac9dfbcc3b90be
Activity.DisplayName:        POST api/auth/register/seller
Activity.TraceFlags:         Recorded
Activity.Kind:               Server
Activity.DisplayName:        POST api/auth/register/seller
Activity.TraceId:            7961786612fe7020239d704f592ec314
Activity.StartTime:          2026-06-08T01:29:10.6054340Z
Activity.TraceId:            cd686021584f50da9b740ea2b0c03d71
[xUnit.net 00:00:08.00]       Expected payload! not to be empty.
[xUnit.net 00:00:08.00]       Stack Trace:
Activity.SpanId:             7612bde3af977be6
Activity.SpanId:             b8419abc4afa7d7d
Activity.TraceFlags:         Recorded
Activity.Duration:           00:00:00.1668614
Activity.TraceFlags:         Recorded
Activity.DisplayName:        POST api/orders
Activity.Tags:
Activity.Kind:               Server
Activity.DisplayName:        PATCH api/stores/{storeId}/status
    server.address: localhost
Activity.Kind:               Server
Activity.TraceId:            3d78d37757ab0a9728ffa652c4ff773e
Activity.StartTime:          2026-06-08T01:29:10.5182948Z
    http.request.method: POST
Activity.SpanId:             41cf990f52ca6158
Activity.Duration:           00:00:00.1858523
Activity.TraceFlags:         Recorded
Activity.Tags:
    url.scheme: http
Activity.DisplayName:        POST api/auth/register/seller
[xUnit.net 00:00:08.00]            at FluentAssertions.Execution.LateBoundTestFramework.Throw(String message)
    url.path: /api/auth/register/seller
Activity.Kind:               Server
    server.address: localhost
    network.protocol.version: 1.1
    http.request.method: PATCH
[xUnit.net 00:00:08.00]            at FluentAssertions.Execution.DefaultAssertionStrategy.HandleFailure(String message)
    http.route: api/auth/register/seller
    url.scheme: http
Activity.StartTime:          2026-06-08T01:29:10.2282042Z
    url.path: /api/stores/019ea4d9-0eff-7cfc-8ee3-ef42a81dcd02/status
    http.response.status_code: 201
    network.protocol.version: 1.1
Activity.Duration:           00:00:00.3986705
Instrumentation scope (ActivitySource):
[xUnit.net 00:00:08.00]            at FluentAssertions.Execution.AssertionScope.AddPreFormattedFailure(String formattedFailureMessage)
    http.route: api/stores/{storeId}/status
Activity.Tags:
    Name: Microsoft.AspNetCore
    http.response.status_code: 409
    server.address: localhost
Instrumentation scope (ActivitySource):
Resource associated with Activity:
    Name: Microsoft.AspNetCore
    telemetry.sdk.name: opentelemetry
    http.request.method: POST
Resource associated with Activity:
    telemetry.sdk.language: dotnet
    telemetry.sdk.name: opentelemetry
    url.scheme: http
    telemetry.sdk.language: dotnet
    url.path: /api/auth/register/seller
    telemetry.sdk.version: 1.14.0
    telemetry.sdk.version: 1.14.0
[xUnit.net 00:00:08.00]            at FluentAssertions.Execution.AssertionChain.FailWith(Func`1 getFailureReason)
    network.protocol.version: 1.1
[xUnit.net 00:00:08.00]            at FluentAssertions.Execution.AssertionChain.FailWith(Func`1 getFailureReason)
    service.name: unknown_service:testhost
[xUnit.net 00:00:08.00]            at FluentAssertions.Execution.AssertionChain.FailWith(String message, Object[] args)
    service.name: unknown_service:testhost
    http.route: api/auth/register/seller
    http.response.status_code: 201
Instrumentation scope (ActivitySource):
    Name: Microsoft.AspNetCore
Resource associated with Activity:
    telemetry.sdk.name: opentelemetry
[22:29:10 INF] Executed endpoint 'Urbeat.WebApi.Controllers.PublicStoresController.List (Urbeat.WebApi)'
    telemetry.sdk.language: dotnet
    telemetry.sdk.version: 1.14.0
Activity.TraceId:            d14c40a24060fbfbea1aee9ca2740eb7
    service.name: unknown_service:testhost
Activity.SpanId:             aca3e5f9203ecb22
Activity.TraceId:            a767b4faca46af23c20ee8f11f4d1152
[xUnit.net 00:00:08.00]            at FluentAssertions.Execution.GivenSelector`1.FailWith(String message, Object[] args)
[22:29:10 INF] Saved 2 entities to in-memory store.
Activity.SpanId:             ea7c40c6d4050aa3
Activity.TraceFlags:         Recorded
Activity.TraceFlags:         Recorded
[22:29:10 INF] Executing action method Urbeat.WebApi.Controllers.AuthController.RegisterSeller (Urbeat.WebApi) - Validation state: Valid
[xUnit.net 00:00:08.00]            at FluentAssertions.Execution.GivenSelector`1.FailWith(String message)
Activity.DisplayName:        POST api/auth/register/seller
Activity.Kind:               Server
	Name: System.Runtime
Activity.StartTime:          2026-06-08T01:29:10.6054340Z
Activity.Duration:           00:00:00.1668614
Activity.Tags:
Activity.Kind:               Server
    server.address: localhost
    http.request.method: POST
[xUnit.net 00:00:08.00]            at FluentAssertions.Collections.GenericCollectionAssertions`3.<NotBeEmpty>b__56_0(AssertionChain chain)
Activity.StartTime:          2026-06-08T01:29:10.4557223Z
Activity.StartTime:          2026-06-08T01:29:10.7050563Z
(2026-06-08T01:29:04.1548899Z, 2026-06-08T01:29:10.6272538Z]  
Value: 3655
    url.scheme: http
Activity.Duration:           00:00:00.1072892
    url.path: /api/auth/register/seller
Metric Name: dotnet.thread_pool.thread.count, Description: The number of thread pool threads that currently exist., Unit: {thread}, Metric Type: LongSum
[xUnit.net 00:00:08.00]            at FluentAssertions.Execution.AssertionChain.WithExpectation(String message, Action`1 chain, Object[] args)
Activity.Tags:
    network.protocol.version: 1.1
Instrumentation scope (Meter):
    server.address: localhost
    http.route: api/auth/register/seller
[xUnit.net 00:00:08.00]            at FluentAssertions.Execution.AssertionChain.WithExpectation(String message, Action`1 chain)
	Name: System.Runtime
    http.response.status_code: 201
    http.request.method: POST
Instrumentation scope (ActivitySource):
[xUnit.net 00:00:08.00]            at FluentAssertions.Collections.GenericCollectionAssertions`3.NotBeEmpty(String because, Object[] becauseArgs)
    url.scheme: http
    Name: Microsoft.AspNetCore
    url.path: /api/orders
(2026-06-08T01:29:04.1549015Z, 2026-06-08T01:29:10.6272543Z]  
Value: 32
[xUnit.net 00:00:08.00]         C:\Projetos\urbeat\backend\tests\Urbeat.IntegrationTests\Api\PublicStoresSearchFlowTests.cs(33,0): at Urbeat.IntegrationTests.Api.PublicStoresSearchFlowTests.PublicList_ShouldFilterByCuisineType()
    network.protocol.version: 1.1
Resource associated with Activity:
[xUnit.net 00:00:08.00]         --- End of stack trace from previous location ---
Metric Name: dotnet.thread_pool.work_item.count, Description: The number of work items that the thread pool has completed since the process has started., Unit: {work_item}, Metric Type: LongSum
    http.route: api/orders
Instrumentation scope (Meter):
    http.response.status_code: 400
	Name: System.Runtime
    telemetry.sdk.name: opentelemetry
Instrumentation scope (ActivitySource):
    telemetry.sdk.language: dotnet
    Name: Microsoft.AspNetCore
    telemetry.sdk.version: 1.14.0
(2026-06-08T01:29:04.1549145Z, 2026-06-08T01:29:10.6272545Z]  
Value: 1230
Resource associated with Activity:
    service.name: unknown_service:testhost
Metric Name: dotnet.thread_pool.queue.length, Description: The number of work items that are currently queued to be processed by the thread pool., Unit: {work_item}, Metric Type: LongSum
    telemetry.sdk.name: opentelemetry
Instrumentation scope (Meter):
    telemetry.sdk.language: dotnet
	Name: System.Runtime
    telemetry.sdk.version: 1.14.0
Activity.TraceId:            012b403915e9d31e377992fa225a827c
    service.name: unknown_service:testhost
(2026-06-08T01:29:04.1551105Z, 2026-06-08T01:29:10.6272548Z]  
Value: 0
Activity.SpanId:             cf20f75b19f7b2f2
Metric Name: dotnet.timer.count, Description: The number of timer instances that are currently active. An active timer is registered to tick at some point in the future and has not yet been canceled., Unit: {timer}, Metric Type: LongSumNonMonotonic
Instrumentation scope (Meter):
	Name: System.Runtime
Activity.TraceFlags:         Recorded
(2026-06-08T01:29:04.1873323Z, 2026-06-08T01:29:10.6272551Z]  
Value: 32
Activity.DisplayName:        POST api/auth/register/seller
Metric Name: dotnet.assembly.count, Description: The number of .NET assemblies that are currently loaded., Unit: {assembly}, Metric Type: LongSumNonMonotonic
Activity.TraceId:            f9a0b58671fb4faecacdac02b9cdbf01
Instrumentation scope (Meter):
Activity.DisplayName:        POST api/auth/login/admin
	Name: System.Runtime
Activity.SpanId:             9aa4de98f6ce14c3
Activity.Kind:               Server
(2026-06-08T01:29:04.1873856Z, 2026-06-08T01:29:10.6272553Z]  
Value: 266
Activity.TraceFlags:         Recorded
Activity.StartTime:          2026-06-08T01:29:10.6034762Z
Metric Name: dotnet.exceptions, Description: The number of exceptions that have been thrown in managed code., Unit: {exception}, Metric Type: LongSum
Instrumentation scope (Meter):
Activity.Duration:           00:00:00.1330368
Activity.TraceId:            3d78d37757ab0a9728ffa652c4ff773e
Activity.DisplayName:        POST api/customer/addresses
Activity.Tags:
Activity.SpanId:             41cf990f52ca6158
Activity.Kind:               Server
Activity.TraceFlags:         Recorded
    server.address: localhost
Activity.DisplayName:        POST api/auth/register/seller
    http.request.method: POST
Activity.StartTime:          2026-06-08T01:29:10.5834264Z
    url.scheme: http
Activity.Kind:               Server
    url.path: /api/auth/login/admin
    network.protocol.version: 1.1
Activity.Duration:           00:00:00.1208529
    http.route: api/auth/login/admin
Activity.StartTime:          2026-06-08T01:29:10.2282042Z
    http.response.status_code: 200
Activity.Tags:
Instrumentation scope (ActivitySource):
    Name: Microsoft.AspNetCore
Activity.Duration:           00:00:00.3986705
    server.address: localhost
Activity.Tags:
Resource associated with Activity:
    server.address: localhost
    telemetry.sdk.name: opentelemetry
    telemetry.sdk.language: dotnet
    http.request.method: POST
    telemetry.sdk.version: 1.14.0
    url.scheme: http
    url.path: /api/auth/register/seller
    network.protocol.version: 1.1
    http.request.method: POST
    http.route: api/auth/register/seller
    url.scheme: http
    http.response.status_code: 201
    url.path: /api/customer/addresses
Instrumentation scope (ActivitySource):
    network.protocol.version: 1.1
    service.name: unknown_service:testhost
    http.route: api/customer/addresses
    http.response.status_code: 201
    Name: Microsoft.AspNetCore
Instrumentation scope (ActivitySource):
    Name: Microsoft.AspNetCore
Resource associated with Activity:
Resource associated with Activity:
    telemetry.sdk.name: opentelemetry
    telemetry.sdk.name: opentelemetry
    telemetry.sdk.language: dotnet
    telemetry.sdk.language: dotnet
Activity.TraceId:            a767b4faca46af23c20ee8f11f4d1152
Activity.TraceId:            82b58302f6adfa0d92cd81c992f4e593
    telemetry.sdk.version: 1.14.0
[22:29:10 INF] Saved 2 entities to in-memory store.
    telemetry.sdk.version: 1.14.0
Activity.SpanId:             ff71638d6e028085
    service.name: unknown_service:testhost
    service.name: unknown_service:testhost
Activity.TraceFlags:         Recorded
Activity.DisplayName:        POST api/stores
Activity.Kind:               Server
Activity.Duration:           00:00:00.2800558
Activity.StartTime:          2026-06-08T01:29:10.4867977Z
Activity.TraceId:            d14c40a24060fbfbea1aee9ca2740eb7
Activity.SpanId:             aca3e5f9203ecb22
Activity.TraceFlags:         Recorded
Activity.DisplayName:        POST api/auth/register/seller
Activity.TraceId:            7961786612fe7020239d704f592ec314
Activity.Kind:               Server
Activity.SpanId:             7612bde3af977be6
Activity.TraceFlags:         Recorded
Activity.Kind:               Server
Activity.StartTime:          2026-06-08T01:29:10.6054340Z
Activity.DisplayName:        POST api/orders
Activity.StartTime:          2026-06-08T01:29:10.6054340Z
Activity.Kind:               Server
Activity.Duration:           00:00:00.2557614
Activity.Duration:           00:00:00.1668614
Activity.StartTime:          2026-06-08T01:29:10.7050563Z
Activity.Tags:
Activity.Tags:
    server.address: localhost
    server.address: localhost
    http.request.method: POST
    url.scheme: http
    http.request.method: POST
    url.scheme: http
Activity.SpanId:             ea7c40c6d4050aa3
    url.path: /api/auth/register/seller
    url.path: /api/auth/register/seller
Activity.TraceFlags:         Recorded
    network.protocol.version: 1.1
Activity.DisplayName:        POST api/auth/login/admin
    http.route: api/auth/register/seller
    network.protocol.version: 1.1
Activity.Kind:               Server
    http.response.status_code: 201
    http.route: api/auth/register/seller
Instrumentation scope (ActivitySource):
Activity.StartTime:          2026-06-08T01:29:10.6034762Z
    Name: Microsoft.AspNetCore
    http.response.status_code: 201
Activity.Duration:           00:00:00.1330368
Instrumentation scope (ActivitySource):
Activity.Tags:
Resource associated with Activity:
    server.address: localhost
    telemetry.sdk.name: opentelemetry
[22:29:10 INF] Executing action method Urbeat.WebApi.Controllers.SubscriptionsController.Contract (Urbeat.WebApi) - Validation state: Valid
    http.request.method: POST
    url.scheme: http
    Name: Microsoft.AspNetCore
    url.path: /api/auth/login/admin
    network.protocol.version: 1.1
Resource associated with Activity:
    http.route: api/auth/login/admin
[22:29:10 INF] Request finished HTTP/1.1 GET http://localhost/api/public/stores?cuisineType=Pizza - 200 null application/json; charset=utf-8 158.115ms
    http.response.status_code: 200
    telemetry.sdk.name: opentelemetry
Instrumentation scope (ActivitySource):
    telemetry.sdk.language: dotnet
    Name: Microsoft.AspNetCore
    telemetry.sdk.version: 1.14.0
Resource associated with Activity:
    service.name: unknown_service:testhost
    telemetry.sdk.name: opentelemetry
[22:29:10 INF] Saved 1 entities to in-memory store.
    telemetry.sdk.language: dotnet
    telemetry.sdk.version: 1.14.0
    service.name: unknown_service:testhost
Activity.Tags:
[22:29:10 INF] Executing endpoint 'Urbeat.WebApi.Controllers.AuthController.LoginSeller (Urbeat.WebApi)'
    server.address: localhost
    http.request.method: POST
    url.scheme: http
Activity.Duration:           00:00:00.2489969
[22:29:10 INF] Executing action method Urbeat.WebApi.Controllers.StoresController.Create (Urbeat.WebApi) - Validation state: Valid
Activity.Tags:
    url.path: /api/auth/register/seller
    server.address: localhost
    network.protocol.version: 1.1
    http.request.method: POST
    http.route: api/auth/register/seller
    url.scheme: http
    http.response.status_code: 201
    url.path: /api/stores
Instrumentation scope (ActivitySource):
    network.protocol.version: 1.1
    Name: Microsoft.AspNetCore
    http.route: api/stores
Resource associated with Activity:
    telemetry.sdk.name: opentelemetry
    http.response.status_code: 201
    telemetry.sdk.language: dotnet
    telemetry.sdk.version: 1.14.0
Instrumentation scope (ActivitySource):
    service.name: unknown_service:testhost
    Name: Microsoft.AspNetCore
Resource associated with Activity:
	Name: System.Runtime
    telemetry.sdk.name: opentelemetry
[22:29:10 INF] Server fabio-mobile:44964:e329407b caught stopping signal...
Activity.TraceId:            6191277d72c3ad4b0024306bc7081767
(2026-06-08T01:29:04.1875177Z, 2026-06-08T01:29:10.6272561Z] error.type: SocketException
Value: 17
Activity.SpanId:             3aac9dfbcc3b90be
(2026-06-08T01:29:04.1875177Z, 2026-06-08T01:29:10.6272561Z] error.type: NullReferenceException
Value: 4
Activity.TraceId:            cd686021584f50da9b740ea2b0c03d71
Activity.TraceFlags:         Recorded
(2026-06-08T01:29:04.1875177Z, 2026-06-08T01:29:10.6272561Z] error.type: OperationCanceledException
Value: 63
Activity.SpanId:             b8419abc4afa7d7d
(2026-06-08T01:29:04.1875177Z, 2026-06-08T01:29:10.6272561Z] error.type: InvalidOperationException
Value: 5
Activity.TraceFlags:         Recorded
Activity.DisplayName:        POST api/auth/register/seller
(2026-06-08T01:29:04.1875177Z, 2026-06-08T01:29:10.6272561Z] error.type: FileNotFoundException
Value: 1
Activity.DisplayName:        PATCH api/stores/{storeId}/status
Activity.Kind:               Server
(2026-06-08T01:29:04.1875177Z, 2026-06-08T01:29:10.6272561Z] error.type: XunitException
Value: 52
Activity.Kind:               Server
(2026-06-08T01:29:04.1875177Z, 2026-06-08T01:29:10.6272561Z] error.type: NpgsqlException
Value: 24
Activity.StartTime:          2026-06-08T01:29:10.4557223Z
[22:29:10 INF] Route matched with {action = "LoginSeller", controller = "Auth"}. Executing controller action with signature System.Threading.Tasks.Task`1[Microsoft.AspNetCore.Mvc.IActionResult] LoginSeller(Urbeat.Application.DTOs.LoginRequestDto, System.Threading.CancellationToken) on controller Urbeat.WebApi.Controllers.AuthController (Urbeat.WebApi).
(2026-06-08T01:29:04.1875177Z, 2026-06-08T01:29:10.6272561Z] error.type: ObjectDisposedException
Value: 36
Activity.StartTime:          2026-06-08T01:29:10.5182948Z
Activity.Duration:           00:00:00.2800558
Activity.Duration:           00:00:00.1858523
(2026-06-08T01:29:04.1875177Z, 2026-06-08T01:29:10.6272561Z] error.type: RuntimeBinderException
Value: 2
Activity.Tags:
Activity.Tags:
Metric Name: dotnet.process.cpu.count, Description: The number of processors available to the process., Unit: {cpu}, Metric Type: LongSumNonMonotonic
    server.address: localhost
    server.address: localhost
    http.request.method: POST
    http.request.method: PATCH
    url.scheme: http
    url.scheme: http
    url.path: /api/auth/register/seller
Instrumentation scope (Meter):
    url.path: /api/stores/019ea4d9-0eff-7cfc-8ee3-ef42a81dcd02/status
    network.protocol.version: 1.1
    network.protocol.version: 1.1
    http.route: api/auth/register/seller
	Name: System.Runtime
    http.response.status_code: 201
Activity.TraceId:            e92f8f5bc518ac0fdff82eeb780fcb00
    http.route: api/stores/{storeId}/status
(2026-06-08T01:29:04.1875445Z, 2026-06-08T01:29:10.6272563Z]  
Value: 12
    telemetry.sdk.language: dotnet
Metric Name: dotnet.process.cpu.time, Description: CPU time used by the process., Unit: s, Metric Type: DoubleSum
    telemetry.sdk.version: 1.14.0
Instrumentation scope (Meter):
    service.name: unknown_service:testhost
	Name: System.Runtime
(2026-06-08T01:29:04.1875718Z, 2026-06-08T01:29:10.6272567Z] cpu.mode: user
Value: 15.421875
    telemetry.sdk.language: dotnet
(2026-06-08T01:29:04.1875718Z, 2026-06-08T01:29:10.6272567Z] cpu.mode: system
Value: 2.6875
Activity.TraceId:            a767b4faca46af23c20ee8f11f4d1152
    telemetry.sdk.version: 1.14.0
Metric Name: dns.lookup.duration, Description: Measures the time taken to perform a DNS lookup., Unit: s, Metric Type: Histogram
Activity.SpanId:             ea7c40c6d4050aa3
    service.name: unknown_service:testhost
Instrumentation scope (Meter):
	Name: System.Net.NameResolution
Activity.TraceFlags:         Recorded
Activity.DisplayName:        POST api/auth/login/admin
Activity.Kind:               Server
Instrumentation scope (ActivitySource):
Activity.StartTime:          2026-06-08T01:29:10.6034762Z
    Name: Microsoft.AspNetCore
Resource associated with Activity:
Activity.Duration:           00:00:00.1330368
    telemetry.sdk.name: opentelemetry
Activity.Tags:
    telemetry.sdk.language: dotnet
Activity.SpanId:             74a79959c0b853ca
    server.address: localhost
Activity.TraceFlags:         Recorded
    http.request.method: POST
Activity.DisplayName:        GET api/public/stores
    telemetry.sdk.version: 1.14.0
    url.scheme: http
    service.name: unknown_service:testhost
Activity.Kind:               Server
    url.path: /api/auth/login/admin
Activity.StartTime:          2026-06-08T01:29:10.7047697Z
    network.protocol.version: 1.1
Activity.Duration:           00:00:00.1909643
    http.route: api/auth/login/admin
Activity.TraceId:            6191277d72c3ad4b0024306bc7081767
    http.response.status_code: 200
Activity.SpanId:             3aac9dfbcc3b90be
Activity.TraceFlags:         Recorded
Activity.Duration:           00:00:00.1072892
Activity.DisplayName:        POST api/auth/register/seller
Activity.Tags:
Activity.Kind:               Server
    server.address: localhost
Activity.TraceId:            6b5d284383f1467efe43e8b09c13928c
Activity.StartTime:          2026-06-08T01:29:10.4557223Z
Activity.SpanId:             3520f51219432d7a
Activity.Duration:           00:00:00.2800558
Activity.TraceFlags:         Recorded
Activity.DisplayName:        POST api/admin/plans
Activity.Tags:
Activity.Kind:               Server
(2026-06-08T01:29:04.2011669Z, 2026-06-08T01:29:10.6272578Z] dns.question.name: localhost
Value: Sum: 0.007569200000000001 Count: 7 Min: 0.000572 Max: 0.003488 
(-Infinity,0,005]:7
(0,005,0,01]:0
(0,01,0,025]:0
(0,025,0,05]:0
(0,05,0,075]:0
(0,075,0,1]:0
(0,1,0,25]:0
(0,25,0,5]:0
(0,5,0,75]:0
(0,75,1]:0
(1,2,5]:0
(2,5,5]:0
(5,7,5]:0
(7,5,10]:0
(10,+Infinity]:0
    http.response.status_code: 409
Metric Name: aspnetcore.routing.match_attempts, Description: Number of requests that were attempted to be matched to an endpoint., Unit: {match_attempt}, Metric Type: LongSum
Instrumentation scope (ActivitySource):
Instrumentation scope (Meter):
    Name: Microsoft.AspNetCore
	Name: Microsoft.AspNetCore.Routing
Resource associated with Activity:
    telemetry.sdk.name: opentelemetry
(2026-06-08T01:29:05.8089653Z, 2026-06-08T01:29:10.6272595Z] aspnetcore.routing.is_fallback: false aspnetcore.routing.match_status: success http.route: api/auth/login/admin
Value: 6
    telemetry.sdk.language: dotnet
[22:29:10 INF] Saved 1 entities to in-memory store.
(2026-06-08T01:29:05.8089653Z, 2026-06-08T01:29:10.6272595Z] aspnetcore.routing.is_fallback: false aspnetcore.routing.match_status: success http.route: api/auth/register/customer
Value: 8
(2026-06-08T01:29:05.8089653Z, 2026-06-08T01:29:10.6272595Z] aspnetcore.routing.is_fallback: false aspnetcore.routing.match_status: success http.route: api/auth/register/seller
Value: 26
[22:29:10 INF] Executed action method Urbeat.WebApi.Controllers.AuthController.RegisterCustomer (Urbeat.WebApi), returned result Microsoft.AspNetCore.Mvc.ObjectResult in 123.0867ms.
Activity.Tags:
(2026-06-08T01:29:05.8089653Z, 2026-06-08T01:29:10.6272595Z] aspnetcore.routing.is_fallback: false aspnetcore.routing.match_status: success http.route: api/customer/home
Value: 3
    server.address: localhost
    url.query: ?cuisineType=Redacted
    http.request.method: GET
    url.scheme: http
(2026-06-08T01:29:05.8089653Z, 2026-06-08T01:29:10.6272595Z] aspnetcore.routing.is_fallback: false aspnetcore.routing.match_status: success http.route: api/stores/{storeId}/categories
Value: 5
Instrumentation scope (ActivitySource):
    url.path: /api/public/stores
[22:29:10 INF] Saved 1 entities to in-memory store.
    Name: Microsoft.AspNetCore
    network.protocol.version: 1.1
(2026-06-08T01:29:05.8089653Z, 2026-06-08T01:29:10.6272595Z] aspnetcore.routing.is_fallback: false aspnetcore.routing.match_status: success http.route: api/address-lookup/cep/{cep}
Value: 1
Resource associated with Activity:
    http.route: api/public/stores
    telemetry.sdk.name: opentelemetry
    telemetry.sdk.language: dotnet
    telemetry.sdk.version: 1.14.0
(2026-06-08T01:29:05.8089653Z, 2026-06-08T01:29:10.6272595Z] aspnetcore.routing.is_fallback: false aspnetcore.routing.match_status: success http.route: api/admin/dashboard
Value: 3
    service.name: unknown_service:testhost
    http.response.status_code: 200
Instrumentation scope (ActivitySource):
(2026-06-08T01:29:05.8089653Z, 2026-06-08T01:29:10.6272595Z] aspnetcore.routing.is_fallback: false aspnetcore.routing.match_status: success http.route: api/seller/panel
Value: 3
    Name: Microsoft.AspNetCore
Resource associated with Activity:
    telemetry.sdk.name: opentelemetry
(2026-06-08T01:29:05.8089653Z, 2026-06-08T01:29:10.6272595Z] aspnetcore.routing.is_fallback: false aspnetcore.routing.match_status: success http.route: api/admin/plans
Value: 5
[22:29:10 INF] Server fabio-mobile:44964:e329407b All dispatchers stopped
    telemetry.sdk.language: dotnet
(2026-06-08T01:29:05.8089653Z, 2026-06-08T01:29:10.6272595Z] aspnetcore.routing.is_fallback: false aspnetcore.routing.match_status: success http.route: api/auth/login/customer
Value: 6
    telemetry.sdk.version: 1.14.0
    service.name: unknown_service:testhost
(2026-06-08T01:29:05.8089653Z, 2026-06-08T01:29:10.6272595Z] aspnetcore.routing.is_fallback: false aspnetcore.routing.match_status: success http.route: api/auth/login/seller
Value: 19
Activity.TraceId:            e92f8f5bc518ac0fdff82eeb780fcb00
Activity.SpanId:             74a79959c0b853ca
Activity.TraceFlags:         Recorded
(2026-06-08T01:29:05.8089653Z, 2026-06-08T01:29:10.6272595Z] aspnetcore.routing.is_fallback: false aspnetcore.routing.match_status: success http.route: api/auth/email/resend-confirmation
Value: 5
Activity.DisplayName:        GET api/public/stores
Activity.Kind:               Server
(2026-06-08T01:29:05.8089653Z, 2026-06-08T01:29:10.6272595Z] aspnetcore.routing.is_fallback: false aspnetcore.routing.match_status: success http.route: api/auth/email/confirm/{code}
Value: 4
Activity.StartTime:          2026-06-08T01:29:10.7047697Z
Activity.Duration:           00:00:00.1909643
Activity.Tags:
(2026-06-08T01:29:05.8089653Z, 2026-06-08T01:29:10.6272595Z] aspnetcore.routing.is_fallback: false aspnetcore.routing.match_status: success http.route: api/stores
Value: 19
    server.address: localhost
    url.query: ?cuisineType=Redacted
    http.request.method: GET
    url.scheme: http
    url.path: /api/public/stores
    server.address: localhost
    network.protocol.version: 1.1
    http.request.method: POST
    http.route: api/public/stores
    url.scheme: http
    http.response.status_code: 200
    url.path: /api/auth/register/seller
Activity.StartTime:          2026-06-08T01:29:10.7368757Z
Instrumentation scope (ActivitySource):
    Name: Microsoft.AspNetCore
    telemetry.sdk.version: 1.14.0
Resource associated with Activity:
    service.name: unknown_service:testhost
    telemetry.sdk.name: opentelemetry
(2026-06-08T01:29:05.8089653Z, 2026-06-08T01:29:10.6272595Z] aspnetcore.routing.is_fallback: false aspnetcore.routing.match_status: success http.route: api/customer/addresses
Value: 9
    telemetry.sdk.language: dotnet
    telemetry.sdk.version: 1.14.0
    service.name: unknown_service:testhost
    http.request.method: POST
Activity.TraceId:            e92f8f5bc518ac0fdff82eeb780fcb00
Activity.TraceId:            3d78d37757ab0a9728ffa652c4ff773e
(2026-06-08T01:29:05.8089653Z, 2026-06-08T01:29:10.6272595Z] aspnetcore.routing.is_fallback: false aspnetcore.routing.match_status: success http.route: api/stores/cuisine-types
Value: 1
Activity.SpanId:             41cf990f52ca6158
(2026-06-08T01:29:05.8089653Z, 2026-06-08T01:29:10.6272595Z] aspnetcore.routing.is_fallback: false aspnetcore.routing.match_status: success http.route: api/admin/plans/{planId}
Value: 1
Activity.TraceFlags:         Recorded
(2026-06-08T01:29:05.8089653Z, 2026-06-08T01:29:10.6272595Z] aspnetcore.routing.is_fallback: false aspnetcore.routing.match_status: success http.route: api/admin/plans/{planId}/status
Value: 1
(2026-06-08T01:29:05.8089653Z, 2026-06-08T01:29:10.6272595Z] aspnetcore.routing.is_fallback: false aspnetcore.routing.match_status: success http.route: api/auth/email/confirm
Value: 2
[22:29:10 INF] Executed action method Urbeat.WebApi.Controllers.SubscriptionsController.Contract (Urbeat.WebApi), returned result Microsoft.AspNetCore.Mvc.BadRequestObjectResult in 0.5616ms.
    network.protocol.version: 1.1
[22:29:10 INF] Executing action method Urbeat.WebApi.Controllers.AuthController.LoginSeller (Urbeat.WebApi) - Validation state: Valid
    http.route: api/auth/register/seller
Activity.Duration:           00:00:00.0762660
    http.response.status_code: 201
[22:29:10 INF] Executing ObjectResult, writing value of type '<>f__AnonymousType2`3[[System.Nullable`1[[System.Guid, System.Private.CoreLib, Version=9.0.0.0, Culture=neutral, PublicKeyToken=7cec85d7bea7798e]], System.Private.CoreLib, Version=9.0.0.0, Culture=neutral, PublicKeyToken=7cec85d7bea7798e],[System.Boolean, System.Private.CoreLib, Version=9.0.0.0, Culture=neutral, PublicKeyToken=7cec85d7bea7798e],[System.String, System.Private.CoreLib, Version=9.0.0.0, Culture=neutral, PublicKeyToken=7cec85d7bea7798e]]'.
Activity.Tags:
Instrumentation scope (ActivitySource):
    Name: Microsoft.AspNetCore
    url.scheme: http
Resource associated with Activity:
    url.path: /api/orders
    telemetry.sdk.name: opentelemetry
    network.protocol.version: 1.1
    telemetry.sdk.language: dotnet
Activity.SpanId:             74a79959c0b853ca
    telemetry.sdk.version: 1.14.0
    http.route: api/orders
    service.name: unknown_service:testhost
    http.response.status_code: 400
Instrumentation scope (ActivitySource):
Activity.TraceFlags:         Recorded
    Name: Microsoft.AspNetCore
Activity.DisplayName:        GET api/public/stores
Activity.Kind:               Server
Resource associated with Activity:
    telemetry.sdk.name: opentelemetry
    telemetry.sdk.language: dotnet
    telemetry.sdk.version: 1.14.0
(2026-06-08T01:29:05.8089653Z, 2026-06-08T01:29:10.6272595Z] aspnetcore.routing.is_fallback: false aspnetcore.routing.match_status: success http.route: api/stores/{storeId}/status
Value: 6
    service.name: unknown_service:testhost
Activity.StartTime:          2026-06-08T01:29:10.7047697Z
Activity.Duration:           00:00:00.1909643
Activity.Tags:
    server.address: localhost
Activity.DisplayName:        POST api/auth/register/seller
    url.query: ?cuisineType=Redacted
Activity.TraceId:            7961786612fe7020239d704f592ec314
Activity.Kind:               Server
(2026-06-08T01:29:05.8089653Z, 2026-06-08T01:29:10.6272595Z] aspnetcore.routing.is_fallback: false aspnetcore.routing.match_status: success http.route: api/stores/{storeId}/delivery-config
Value: 5
    http.request.method: GET
[22:29:10 INF] Saved 1 entities to in-memory store.
Activity.TraceId:            f9a0b58671fb4faecacdac02b9cdbf01
(2026-06-08T01:29:05.8089653Z, 2026-06-08T01:29:10.6272595Z] aspnetcore.routing.is_fallback: false aspnetcore.routing.match_status: success http.route: api/stores/{storeId}/categories/{categoryId}
Value: 3
Activity.SpanId:             9aa4de98f6ce14c3
Activity.StartTime:          2026-06-08T01:29:10.2282042Z
Activity.TraceFlags:         Recorded
(2026-06-08T01:29:05.8089653Z, 2026-06-08T01:29:10.6272595Z] aspnetcore.routing.is_fallback: false aspnetcore.routing.match_status: success http.route: api/stores/my-store
Value: 3
Activity.DisplayName:        POST api/customer/addresses
Activity.Duration:           00:00:00.3986705
Activity.Kind:               Server
Activity.Tags:
Activity.StartTime:          2026-06-08T01:29:10.5834264Z
    server.address: localhost
Activity.Duration:           00:00:00.1208529
    http.request.method: POST
Activity.Tags:
    server.address: localhost
    server.address: localhost
    http.request.method: POST
    http.request.method: POST
    url.scheme: http
    url.scheme: http
    url.path: /api/admin/plans
    network.protocol.version: 1.1
    http.route: api/admin/plans
    http.response.status_code: 201
    url.path: /api/customer/addresses
Instrumentation scope (ActivitySource):
    network.protocol.version: 1.1
    Name: Microsoft.AspNetCore
    http.route: api/customer/addresses
Resource associated with Activity:
    http.response.status_code: 201
    telemetry.sdk.name: opentelemetry
Instrumentation scope (ActivitySource):
    telemetry.sdk.language: dotnet
    Name: Microsoft.AspNetCore
    telemetry.sdk.version: 1.14.0
Resource associated with Activity:
    service.name: unknown_service:testhost
    telemetry.sdk.name: opentelemetry
    telemetry.sdk.language: dotnet
    telemetry.sdk.version: 1.14.0
    service.name: unknown_service:testhost
Activity.SpanId:             7612bde3af977be6
Activity.TraceFlags:         Recorded
Activity.TraceId:            6b5d284383f1467efe43e8b09c13928c
Activity.DisplayName:        POST api/orders
Activity.TraceId:            56ba524cb8998794f5fd88fdb75abb81
Activity.SpanId:             3520f51219432d7a
Activity.Kind:               Server
Activity.SpanId:             4a25fc8878356adf
Activity.TraceFlags:         Recorded
Activity.TraceId:            d14c40a24060fbfbea1aee9ca2740eb7
Activity.StartTime:          2026-06-08T01:29:10.7050563Z
Activity.SpanId:             aca3e5f9203ecb22
[22:29:10 INF] Server fabio-mobile:44964:e329407b successfully reported itself as stopped in 0,0195 ms
Activity.TraceFlags:         Recorded
Activity.Duration:           00:00:00.1072892
Activity.DisplayName:        POST api/auth/register/seller
Activity.Tags:
Activity.Kind:               Server
    server.address: localhost
Activity.StartTime:          2026-06-08T01:29:10.6054340Z
    http.request.method: POST
Activity.Duration:           00:00:00.1668614
    url.scheme: http
    url.scheme: http
    url.path: /api/orders
Activity.Tags:
    network.protocol.version: 1.1
    server.address: localhost
    http.route: api/orders
    http.request.method: POST
    http.response.status_code: 400
    url.path: /api/public/stores
Instrumentation scope (ActivitySource):
    url.scheme: http
    network.protocol.version: 1.1
    url.path: /api/auth/register/seller
    http.route: api/public/stores
    Name: Microsoft.AspNetCore
    http.response.status_code: 200
    network.protocol.version: 1.1
Resource associated with Activity:
Activity.TraceId:            cd686021584f50da9b740ea2b0c03d71
    telemetry.sdk.name: opentelemetry
    telemetry.sdk.language: dotnet
    telemetry.sdk.version: 1.14.0
Activity.SpanId:             b8419abc4afa7d7d
    service.name: unknown_service:testhost
Activity.TraceFlags:         Recorded
(2026-06-08T01:29:05.8089653Z, 2026-06-08T01:29:10.6272595Z] aspnetcore.routing.is_fallback: false aspnetcore.routing.match_status: success http.route: api/admin/subscriptions/status
Value: 2
Activity.DisplayName:        PATCH api/stores/{storeId}/status
Activity.Kind:               Server
(2026-06-08T01:29:05.8089653Z, 2026-06-08T01:29:10.6272595Z] aspnetcore.routing.is_fallback: false aspnetcore.routing.match_status: success http.route: api/subscriptions/my
Value: 2
Activity.StartTime:          2026-06-08T01:29:10.5182948Z
    url.scheme: http
(2026-06-08T01:29:05.8089653Z, 2026-06-08T01:29:10.6272595Z] aspnetcore.routing.is_fallback: false aspnetcore.routing.match_status: success http.route: api/subscriptions/contract
Value: 3
    url.path: /api/auth/register/seller
Activity.Duration:           00:00:00.1858523
(2026-06-08T01:29:05.8089653Z, 2026-06-08T01:29:10.6272595Z] aspnetcore.routing.is_fallback: false aspnetcore.routing.match_status: success http.route: api/subscriptions/plans
Value: 1
Activity.Tags:
    network.protocol.version: 1.1
    server.address: localhost
    http.route: api/auth/register/seller
(2026-06-08T01:29:05.8089653Z, 2026-06-08T01:29:10.6272595Z] aspnetcore.routing.is_fallback: false aspnetcore.routing.match_status: success http.route: api/orders
Value: 1
    http.response.status_code: 201
    http.request.method: PATCH
Instrumentation scope (ActivitySource):
(2026-06-08T01:29:05.8089653Z, 2026-06-08T01:29:10.6272595Z] aspnetcore.routing.is_fallback: false aspnetcore.routing.match_status: success http.route: api/checkout/preview
Value: 2
    url.scheme: http
Activity.TraceFlags:         Recorded
    url.path: /api/stores/019ea4d9-0eff-7cfc-8ee3-ef42a81dcd02/status
    network.protocol.version: 1.1
Activity.DisplayName:        POST api/auth/login/seller
    http.route: api/stores/{storeId}/status
(2026-06-08T01:29:05.8089653Z, 2026-06-08T01:29:10.6272595Z] aspnetcore.routing.is_fallback: false aspnetcore.routing.match_status: success http.route: api/admin/subscriptions/notifications/process
Value: 1
    http.response.status_code: 409
Activity.Kind:               Server
Instrumentation scope (ActivitySource):
(2026-06-08T01:29:05.8089653Z, 2026-06-08T01:29:10.6272595Z] aspnetcore.routing.is_fallback: false aspnetcore.routing.match_status: success http.route: api/stores/{storeId}/business-hours
Value: 2
    Name: Microsoft.AspNetCore
Resource associated with Activity:
    telemetry.sdk.name: opentelemetry
Activity.StartTime:          2026-06-08T01:29:10.7053152Z
Activity.DisplayName:        POST api/admin/plans
Activity.Duration:           00:00:00.1078583
(2026-06-08T01:29:05.8089653Z, 2026-06-08T01:29:10.6272595Z] aspnetcore.routing.is_fallback: false aspnetcore.routing.match_status: success http.route: api/public/stores
Value: 1
Activity.Tags:
Activity.Kind:               Server
    server.address: localhost
(2026-06-08T01:29:05.8089653Z, 2026-06-08T01:29:10.6272595Z] aspnetcore.routing.is_fallback: false aspnetcore.routing.match_status: success http.route: api/public/stores/{storeId}
Value: 1
    http.request.method: POST
Activity.StartTime:          2026-06-08T01:29:10.7368757Z
    url.scheme: http
Activity.Duration:           00:00:00.0762660
    url.path: /api/auth/login/seller
Activity.Tags:
    network.protocol.version: 1.1
    server.address: localhost
    http.route: api/auth/login/seller
    http.request.method: POST
    http.response.status_code: 200
Instrumentation scope (ActivitySource):
[22:29:10 INF] Saved 1 entities to in-memory store.
    Name: Microsoft.AspNetCore
Resource associated with Activity:
    telemetry.sdk.name: opentelemetry
    telemetry.sdk.language: dotnet
    telemetry.sdk.version: 1.14.0
Instrumentation scope (ActivitySource):
    Name: Microsoft.AspNetCore
Resource associated with Activity:
    telemetry.sdk.name: opentelemetry
    telemetry.sdk.language: dotnet
    http.route: api/auth/register/seller
    telemetry.sdk.version: 1.14.0
    http.response.status_code: 201
    service.name: unknown_service:testhost
Instrumentation scope (ActivitySource):
Activity.TraceId:            f9a0b58671fb4faecacdac02b9cdbf01
    Name: Microsoft.AspNetCore
Activity.SpanId:             9aa4de98f6ce14c3
Activity.TraceFlags:         Recorded
Resource associated with Activity:
Activity.DisplayName:        POST api/customer/addresses
    telemetry.sdk.name: opentelemetry
    Name: Microsoft.AspNetCore
    telemetry.sdk.language: dotnet
Resource associated with Activity:
    telemetry.sdk.version: 1.14.0
    telemetry.sdk.name: opentelemetry
    service.name: unknown_service:testhost
    telemetry.sdk.language: dotnet
    telemetry.sdk.version: 1.14.0
    service.name: unknown_service:testhost
    telemetry.sdk.language: dotnet
    telemetry.sdk.version: 1.14.0
    service.name: unknown_service:testhost
Activity.TraceId:            82b58302f6adfa0d92cd81c992f4e593
Metric Name: aspnetcore.routing.match_attempts, Description: Number of requests that were attempted to be matched to an endpoint., Unit: {match_attempt}, Metric Type: LongSum
Activity.SpanId:             ff71638d6e028085
Activity.TraceId:            3d78d37757ab0a9728ffa652c4ff773e
Activity.TraceFlags:         Recorded
Instrumentation scope (Meter):
Activity.DisplayName:        POST api/stores
	Name: Microsoft.AspNetCore.Routing
Activity.Kind:               Server
    url.scheme: http
(2026-06-08T01:29:07.4205075Z, 2026-06-08T01:29:10.6272665Z] aspnetcore.routing.is_fallback: false aspnetcore.routing.match_status: success http.route: /health
Value: 1
    url.path: /api/admin/plans
    network.protocol.version: 1.1
Metric Name: http.server.active_requests, Description: Number of active HTTP server requests., Unit: {request}, Metric Type: LongSumNonMonotonic
    http.route: api/admin/plans
Instrumentation scope (Meter):
	Name: Microsoft.AspNetCore.Hosting
    service.name: unknown_service:testhost
    http.response.status_code: 201
(2026-06-08T01:29:07.9117416Z, 2026-06-08T01:29:10.6272699Z] http.request.method: POST url.scheme: http
Value: 3
Instrumentation scope (ActivitySource):
(2026-06-08T01:29:07.9117416Z, 2026-06-08T01:29:10.6272699Z] http.request.method: PATCH url.scheme: http
Value: 0
    Name: Microsoft.AspNetCore
Metric Name: http.server.request.duration, Description: Duration of HTTP server requests., Unit: s, Metric Type: Histogram
Instrumentation scope (Meter):
Resource associated with Activity:
[22:29:10 WRN] Failed to process the job 'ec304b68-adcb-4a25-abc2-31b84441da75': an exception occurred. Retry attempt 1 of 10 will be performed in 00:00:43.
System.ObjectDisposedException: Cannot access a disposed object.
Object name: 'IServiceProvider'.
   at Microsoft.Extensions.DependencyInjection.ServiceLookup.ThrowHelper.ThrowObjectDisposedException()
   at Microsoft.Extensions.DependencyInjection.ServiceProvider.CreateScope()
   at Hangfire.AspNetCore.AspNetCoreJobActivator.BeginScope(JobActivatorContext context) in C:\projects\hangfire-525\src\Hangfire.NetCore\AspNetCore\AspNetCoreJobActivator.cs:line 34
   at Hangfire.JobActivator.BeginScope(PerformContext context) in C:\projects\hangfire-525\src\Hangfire.Core\JobActivator.cs:line 66
   at Hangfire.Server.CoreBackgroundJobPerformer.Perform(PerformContext context) in C:\projects\hangfire-525\src\Hangfire.Core\Server\CoreBackgroundJobPerformer.cs:line 49
   at Hangfire.Server.BackgroundJobPerformer.InvokeNextServerFilter(Enumerator& enumerator, IBackgroundJobPerformer innerPerformer, PerformContext context, PerformingContext preContext) in C:\projects\hangfire-525\src\Hangfire.Core\Server\BackgroundJobPerformer.cs:line 133
   at Hangfire.Server.BackgroundJobPerformer.InvokeServerFilter(Enumerator& enumerator, IBackgroundJobPerformer innerPerformer, PerformContext context, PerformingContext preContext) in C:\projects\hangfire-525\src\Hangfire.Core\Server\BackgroundJobPerformer.cs:line 174
   at Hangfire.Server.BackgroundJobPerformer.InvokeNextServerFilter(Enumerator& enumerator, IBackgroundJobPerformer innerPerformer, PerformContext context, PerformingContext preContext) in C:\projects\hangfire-525\src\Hangfire.Core\Server\BackgroundJobPerformer.cs:line 130
   at Hangfire.Server.BackgroundJobPerformer.PerformJobWithFilters(PerformContext context, FilterCollection`1 filters) in C:\projects\hangfire-525\src\Hangfire.Core\Server\BackgroundJobPerformer.cs:line 119
   at Hangfire.Server.BackgroundJobPerformer.Perform(PerformContext context) in C:\projects\hangfire-525\src\Hangfire.Core\Server\BackgroundJobPerformer.cs:line 78
   at Hangfire.Server.Worker.PerformJob(BackgroundProcessContext context, IStorageConnection connection, String jobId, BackgroundJob backgroundJob, IReadOnlyDictionary`2& customData) in C:\projects\hangfire-525\src\Hangfire.Core\Server\Worker.cs:line 320
Activity.TraceId:            012b403915e9d31e377992fa225a827c
Activity.SpanId:             cf20f75b19f7b2f2
Activity.TraceFlags:         Recorded
Activity.DisplayName:        POST api/auth/register/seller
Activity.Kind:               Server
Activity.Kind:               Server
[22:29:10 INF] Executed action method Urbeat.WebApi.Controllers.StoresController.Create (Urbeat.WebApi), returned result Microsoft.AspNetCore.Mvc.ObjectResult in 1.3965ms.
Activity.StartTime:          2026-06-08T01:29:10.6054340Z
Activity.StartTime:          2026-06-08T01:29:10.5834264Z
Activity.Duration:           00:00:00.2557614
Activity.Duration:           00:00:00.1208529
Activity.Tags:
Activity.Tags:
    server.address: localhost
    server.address: localhost
    http.request.method: POST
[22:29:10 INF] Route matched with {action = "RegisterCustomer", controller = "Auth"}. Executing controller action with signature System.Threading.Tasks.Task`1[Microsoft.AspNetCore.Mvc.IActionResult] RegisterCustomer(Urbeat.Application.DTOs.RegisterUserRequestDto, System.Threading.CancellationToken) on controller Urbeat.WebApi.Controllers.AuthController (Urbeat.WebApi).
    http.request.method: POST
    url.scheme: http
    url.scheme: http
    url.path: /api/customer/addresses
    url.path: /api/auth/register/seller
    network.protocol.version: 1.1
[22:29:10 INF] Executing BadRequestObjectResult, writing value of type '<>f__AnonymousType1`1[[System.String, System.Private.CoreLib, Version=9.0.0.0, Culture=neutral, PublicKeyToken=7cec85d7bea7798e]]'.
    http.route: api/customer/addresses
    network.protocol.version: 1.1
    http.response.status_code: 201
Instrumentation scope (ActivitySource):
Activity.SpanId:             41cf990f52ca6158
    Name: Microsoft.AspNetCore
    http.route: api/auth/register/seller
Resource associated with Activity:
Activity.TraceFlags:         Recorded
    telemetry.sdk.name: opentelemetry
Activity.DisplayName:        POST api/auth/register/seller
    http.response.status_code: 201
    telemetry.sdk.language: dotnet
Activity.Kind:               Server
    telemetry.sdk.version: 1.14.0
Instrumentation scope (ActivitySource):
    service.name: unknown_service:testhost
Activity.StartTime:          2026-06-08T01:29:10.2282042Z
    Name: Microsoft.AspNetCore
Activity.Duration:           00:00:00.3986705
Resource associated with Activity:
Activity.Tags:
    telemetry.sdk.name: opentelemetry
    telemetry.sdk.language: dotnet
    telemetry.sdk.version: 1.14.0
    service.name: unknown_service:testhost
    server.address: localhost
    http.request.method: POST
    url.scheme: http
[22:29:10 INF] Executed action Urbeat.WebApi.Controllers.AuthController.RegisterCustomer (Urbeat.WebApi) in 163.4571ms
    url.path: /api/auth/register/seller
Activity.TraceId:            e92f8f5bc518ac0fdff82eeb780fcb00
Activity.TraceId:            d14c40a24060fbfbea1aee9ca2740eb7
    network.protocol.version: 1.1
Activity.SpanId:             aca3e5f9203ecb22
    http.route: api/auth/register/seller
Activity.TraceFlags:         Recorded
    http.response.status_code: 201
Activity.DisplayName:        POST api/auth/register/seller
Instrumentation scope (ActivitySource):
Activity.TraceId:            7961786612fe7020239d704f592ec314
    Name: Microsoft.AspNetCore
Resource associated with Activity:
Activity.Kind:               Server
    telemetry.sdk.name: opentelemetry
Activity.SpanId:             7612bde3af977be6
    telemetry.sdk.language: dotnet
Activity.StartTime:          2026-06-08T01:29:10.6054340Z
Activity.TraceFlags:         Recorded
    telemetry.sdk.version: 1.14.0
Activity.Duration:           00:00:00.1668614
    service.name: unknown_service:testhost
Activity.DisplayName:        POST api/orders
Activity.Kind:               Server
Activity.Tags:
Activity.StartTime:          2026-06-08T01:29:10.7050563Z
    server.address: localhost
Activity.Duration:           00:00:00.1072892
Activity.StartTime:          2026-06-08T01:29:10.4867977Z
Activity.Tags:
    http.request.method: POST
    server.address: localhost
Activity.Duration:           00:00:00.2489969
    http.request.method: POST
    url.scheme: http
    url.scheme: http
Activity.Tags:
    url.path: /api/orders
    server.address: localhost
    url.path: /api/auth/register/seller
    http.request.method: POST
    network.protocol.version: 1.1
    url.scheme: http
    http.route: api/orders
    url.path: /api/stores
    http.response.status_code: 400
    network.protocol.version: 1.1
Instrumentation scope (ActivitySource):
    http.route: api/stores
    Name: Microsoft.AspNetCore
    http.response.status_code: 201
Instrumentation scope (ActivitySource):
Resource associated with Activity:
    Name: Microsoft.AspNetCore
    telemetry.sdk.name: opentelemetry
Resource associated with Activity:
    telemetry.sdk.language: dotnet
    telemetry.sdk.name: opentelemetry
    telemetry.sdk.version: 1.14.0
    telemetry.sdk.language: dotnet
    telemetry.sdk.name: opentelemetry
    service.name: unknown_service:testhost
    telemetry.sdk.language: dotnet
    telemetry.sdk.version: 1.14.0
    telemetry.sdk.version: 1.14.0
    service.name: unknown_service:testhost
    service.name: unknown_service:testhost
Activity.TraceId:            7961786612fe7020239d704f592ec314
Activity.SpanId:             7612bde3af977be6
  Failed Urbeat.IntegrationTests.Api.CheckoutFlowTests.Customer_ShouldBeBlocked_WhenStoreIsClosed [1 s]
  Error Message:
   Expected previewResponse.StatusCode to be HttpStatusCode.Conflict {value: 409}, but found HttpStatusCode.BadRequest {value: 400}.
  Stack Trace:
     at FluentAssertions.Execution.LateBoundTestFramework.Throw(String message)
   at FluentAssertions.Execution.DefaultAssertionStrategy.HandleFailure(String message)
   at FluentAssertions.Execution.AssertionScope.AddPreFormattedFailure(String formattedFailureMessage)
   at FluentAssertions.Execution.AssertionChain.FailWith(Func`1 getFailureReason)
   at FluentAssertions.Execution.AssertionChain.FailWith(Func`1 getFailureReason)
   at FluentAssertions.Execution.AssertionChain.FailWith(String message, Object[] args)
   at FluentAssertions.Primitives.EnumAssertions`2.Be(TEnum expected, String because, Object[] becauseArgs)
   at Urbeat.IntegrationTests.Api.CheckoutFlowTests.Customer_ShouldBeBlocked_WhenStoreIsClosed() in C:\Projetos\urbeat\backend\tests\Urbeat.IntegrationTests\Api\CheckoutFlowTests.cs:line 134
--- End of stack trace from previous location ---
  Passed Urbeat.IntegrationTests.Api.StoreCategoriesFlowTests.Seller_ShouldUpdateCategory [982 ms]
  Passed Urbeat.IntegrationTests.Api.StoreProductsFlowTests.Seller_ShouldReturnBadRequest_WhenCreatingProductWithEmptyName [1 s]
  Failed Urbeat.IntegrationTests.Api.PaymentsFlowTests.Customer_ShouldNotStartOnlinePayment_ForCashOrder [1 s]
  Error Message:
   Expected createOrderResponse.StatusCode to be HttpStatusCode.Created {value: 201}, but found HttpStatusCode.BadRequest {value: 400}.
  Stack Trace:
     at FluentAssertions.Execution.LateBoundTestFramework.Throw(String message)
   at FluentAssertions.Execution.DefaultAssertionStrategy.HandleFailure(String message)
   at FluentAssertions.Execution.AssertionScope.AddPreFormattedFailure(String formattedFailureMessage)
   at FluentAssertions.Execution.AssertionChain.FailWith(Func`1 getFailureReason)
   at FluentAssertions.Execution.AssertionChain.FailWith(Func`1 getFailureReason)
   at FluentAssertions.Execution.AssertionChain.FailWith(String message, Object[] args)
   at FluentAssertions.Primitives.EnumAssertions`2.Be(TEnum expected, String because, Object[] becauseArgs)
   at Urbeat.IntegrationTests.Api.PaymentsFlowTests.Customer_ShouldNotStartOnlinePayment_ForCashOrder() in C:\Projetos\urbeat\backend\tests\Urbeat.IntegrationTests\Api\PaymentsFlowTests.cs:line 150
--- End of stack trace from previous location ---
  Failed Urbeat.IntegrationTests.Api.PublicStoresSearchFlowTests.PublicList_ShouldFilterByCuisineType [1 s]
  Error Message:
   Expected payload! not to be empty.
  Stack Trace:
     at FluentAssertions.Execution.LateBoundTestFramework.Throw(String message)
   at FluentAssertions.Execution.DefaultAssertionStrategy.HandleFailure(String message)
   at FluentAssertions.Execution.AssertionScope.AddPreFormattedFailure(String formattedFailureMessage)
   at FluentAssertions.Execution.AssertionChain.FailWith(Func`1 getFailureReason)
   at FluentAssertions.Execution.AssertionChain.FailWith(Func`1 getFailureReason)
   at FluentAssertions.Execution.AssertionChain.FailWith(String message, Object[] args)
   at FluentAssertions.Execution.GivenSelector`1.FailWith(String message, Object[] args)
   at FluentAssertions.Execution.GivenSelector`1.FailWith(String message)
   at FluentAssertions.Collections.GenericCollectionAssertions`3.<NotBeEmpty>b__56_0(AssertionChain chain)
   at FluentAssertions.Execution.AssertionChain.WithExpectation(String message, Action`1 chain, Object[] args)
   at FluentAssertions.Execution.AssertionChain.WithExpectation(String message, Action`1 chain)
   at FluentAssertions.Collections.GenericCollectionAssertions`3.NotBeEmpty(String because, Object[] becauseArgs)
   at Urbeat.IntegrationTests.Api.PublicStoresSearchFlowTests.PublicList_ShouldFilterByCuisineType() in C:\Projetos\urbeat\backend\tests\Urbeat.IntegrationTests\Api\PublicStoresSearchFlowTests.cs:line 33
--- End of stack trace from previous location ---
Activity.TraceId:            6b5d284383f1467efe43e8b09c13928c
Activity.TraceFlags:         Recorded
Activity.SpanId:             3520f51219432d7a
Activity.DisplayName:        POST api/orders
Activity.TraceId:            f9a0b58671fb4faecacdac02b9cdbf01
Activity.TraceId:            a767b4faca46af23c20ee8f11f4d1152
Activity.Kind:               Server
Activity.SpanId:             ea7c40c6d4050aa3
Activity.TraceFlags:         Recorded
Activity.TraceFlags:         Recorded
Activity.StartTime:          2026-06-08T01:29:10.7050563Z
Activity.SpanId:             9aa4de98f6ce14c3
Activity.Duration:           00:00:00.1072892
Activity.DisplayName:        POST api/auth/login/admin
Activity.TraceFlags:         Recorded
Activity.Tags:
Activity.Kind:               Server
    server.address: localhost
Activity.DisplayName:        POST api/customer/addresses
    http.request.method: POST
Activity.Kind:               Server
Activity.StartTime:          2026-06-08T01:29:10.6034762Z
    url.scheme: http
Activity.Duration:           00:00:00.1330368
    url.path: /api/orders
Activity.Tags:
Activity.StartTime:          2026-06-08T01:29:10.5834264Z
    network.protocol.version: 1.1
    server.address: localhost
    http.route: api/orders
Activity.Duration:           00:00:00.1208529
    http.response.status_code: 400
Activity.Tags:
Instrumentation scope (ActivitySource):
    http.request.method: POST
    Name: Microsoft.AspNetCore
    url.scheme: http
Resource associated with Activity:
    url.path: /api/auth/login/admin
    network.protocol.version: 1.1
    http.route: api/auth/login/admin
    http.response.status_code: 200
Instrumentation scope (ActivitySource):
    Name: Microsoft.AspNetCore
Resource associated with Activity:
	Name: Microsoft.AspNetCore.Hosting
    telemetry.sdk.name: opentelemetry
    telemetry.sdk.language: dotnet
    telemetry.sdk.version: 1.14.0
    service.name: unknown_service:testhost
Activity.SpanId:             74a79959c0b853ca
[22:29:10 INF] Server fabio-mobile:44964:e329407b has been stopped in total 40,2767 ms
Activity.TraceId:            56ba524cb8998794f5fd88fdb75abb81
Activity.TraceFlags:         Recorded
    network.protocol.version: 1.1
Activity.SpanId:             4a25fc8878356adf
(2026-06-08T01:29:07.9119730Z, 2026-06-08T01:29:10.6272755Z] http.request.method: POST http.response.status_code: 201 http.route: api/auth/register/seller network.protocol.version: 1.1 url.scheme: http
Value: Sum: 1.4818824 Count: 5 Min: 0.1794755 Max: 0.3972926 
(-Infinity,0,005]:0
(0,005,0,01]:0
(0,01,0,025]:0
(0,025,0,05]:0
(0,05,0,075]:0
(0,075,0,1]:0
(0,1,0,25]:1
(0,25,0,5]:4
(0,5,0,75]:0
(0,75,1]:0
(1,2,5]:0
(2,5,5]:0
(5,7,5]:0
(7,5,10]:0
(10,+Infinity]:0
Activity.TraceFlags:         Recorded
[22:29:10 INF] Executed action method Urbeat.WebApi.Controllers.AuthController.LoginSeller (Urbeat.WebApi), returned result Microsoft.AspNetCore.Mvc.OkObjectResult in 124.0372ms.
Activity.DisplayName:        POST api/auth/login/seller
    http.route: api/auth/register/seller
Activity.Kind:               Server
    http.response.status_code: 201
Instrumentation scope (ActivitySource):
Activity.StartTime:          2026-06-08T01:29:10.7053152Z
Activity.DisplayName:        POST api/admin/plans
    Name: Microsoft.AspNetCore
(2026-06-08T01:29:07.9119730Z, 2026-06-08T01:29:10.6272755Z] http.request.method: POST http.response.status_code: 200 http.route: api/auth/login/seller network.protocol.version: 1.1 url.scheme: http
Value: Sum: 0.8966993000000001 Count: 4 Min: 0.1542961 Max: 0.2704716 
(-Infinity,0,005]:0
(0,005,0,01]:0
(0,01,0,025]:0
(0,025,0,05]:0
(0,05,0,075]:0
(0,075,0,1]:0
(0,1,0,25]:3
(0,25,0,5]:1
(0,5,0,75]:0
(0,75,1]:0
(1,2,5]:0
(2,5,5]:0
(5,7,5]:0
(7,5,10]:0
(10,+Infinity]:0
[22:29:10 INF] Executed endpoint 'Urbeat.WebApi.Controllers.AuthController.RegisterCustomer (Urbeat.WebApi)'
Resource associated with Activity:
Activity.Kind:               Server
    telemetry.sdk.name: opentelemetry
    telemetry.sdk.language: dotnet
    telemetry.sdk.name: opentelemetry
    telemetry.sdk.version: 1.14.0
    service.name: unknown_service:testhost
    telemetry.sdk.language: dotnet
    telemetry.sdk.version: 1.14.0
    service.name: unknown_service:testhost
Activity.Duration:           00:00:00.1078583
Activity.TraceId:            7961786612fe7020239d704f592ec314
Activity.TraceId:            82b58302f6adfa0d92cd81c992f4e593
[22:29:10 INF] Executed action method Urbeat.WebApi.Controllers.AuthController.LoginSeller (Urbeat.WebApi), returned result Microsoft.AspNetCore.Mvc.OkObjectResult in 124.2594ms.
Activity.SpanId:             ff71638d6e028085
(2026-06-08T01:29:07.9119730Z, 2026-06-08T01:29:10.6272755Z] http.request.method: POST http.response.status_code: 201 http.route: api/stores network.protocol.version: 1.1 url.scheme: http
Value: Sum: 0.48311550000000003 Count: 3 Min: 0.149928 Max: 0.1813713 
(-Infinity,0,005]:0
(0,005,0,01]:0
(0,01,0,025]:0
(0,025,0,05]:0
(0,05,0,075]:0
(0,075,0,1]:0
(0,1,0,25]:3
(0,25,0,5]:0
(0,5,0,75]:0
(0,75,1]:0
(1,2,5]:0
(2,5,5]:0
(5,7,5]:0
(7,5,10]:0
(10,+Infinity]:0
[22:29:10 INF] Executing ObjectResult, writing value of type 'Urbeat.Application.DTOs.StoreResponseDto'.
Activity.TraceFlags:         Recorded
Activity.DisplayName:        POST api/stores
    server.address: localhost
[22:29:10 INF] Executed action Urbeat.WebApi.Controllers.SubscriptionsController.Contract (Urbeat.WebApi) in 74.3045ms
    http.request.method: POST
Activity.Kind:               Server
    url.scheme: http
[22:29:10 INF] Executing OkObjectResult, writing value of type 'Urbeat.Application.DTOs.AuthTokenResponseDto'.
    url.path: /api/customer/addresses
Activity.StartTime:          2026-06-08T01:29:10.7368757Z
Activity.StartTime:          2026-06-08T01:29:10.4867977Z
    network.protocol.version: 1.1
Activity.Duration:           00:00:00.2489969
Activity.Duration:           00:00:00.0762660
    http.route: api/customer/addresses
Activity.Tags:
(2026-06-08T01:29:07.9119730Z, 2026-06-08T01:29:10.6272755Z] http.request.method: PATCH http.response.status_code: 200 http.route: api/stores/{storeId}/status network.protocol.version: 1.1 url.scheme: http
Value: Sum: 0.0343557 Count: 1 Min: 0.0343557 Max: 0.0343557 
(-Infinity,0,005]:0
(0,005,0,01]:0
(0,01,0,025]:0
(0,025,0,05]:1
(0,05,0,075]:0
(0,075,0,1]:0
(0,1,0,25]:0
(0,25,0,5]:0
(0,5,0,75]:0
(0,75,1]:0
(1,2,5]:0
(2,5,5]:0
(5,7,5]:0
(7,5,10]:0
(10,+Infinity]:0
[22:29:10 INF] Request finished HTTP/1.1 POST http://localhost/api/auth/register/customer - 201 null application/json; charset=utf-8 231.8069ms
    server.address: localhost
Activity.Tags:
    http.request.method: POST
    server.address: localhost
(2026-06-08T01:29:07.9119730Z, 2026-06-08T01:29:10.6272755Z] http.request.method: PATCH http.response.status_code: 200 http.route: api/stores/{storeId}/delivery-config network.protocol.version: 1.1 url.scheme: http
Value: Sum: 0.1221238 Count: 1 Min: 0.1221238 Max: 0.1221238 
(-Infinity,0,005]:0
(0,005,0,01]:0
(0,01,0,025]:0
(0,025,0,05]:0
(0,05,0,075]:0
(0,075,0,1]:0
(0,1,0,25]:1
(0,25,0,5]:0
(0,5,0,75]:0
(0,75,1]:0
(1,2,5]:0
(2,5,5]:0
(5,7,5]:0
(7,5,10]:0
(10,+Infinity]:0
    http.request.method: POST
    url.scheme: http
[22:29:10 INF] Request starting HTTP/1.1 POST http://localhost/api/auth/login/customer - application/json; charset=utf-8 null
Resource associated with Metrics:
(2026-06-08T01:29:07.9119730Z, 2026-06-08T01:29:10.6272755Z] http.request.method: POST http.response.status_code: 201 http.route: api/auth/register/customer network.protocol.version: 1.1 url.scheme: http
Value: Sum: 0.2380296 Count: 1 Min: 0.2380296 Max: 0.2380296 
(-Infinity,0,005]:0
(0,005,0,01]:0
(0,01,0,025]:0
(0,025,0,05]:0
(0,05,0,075]:0
(0,075,0,1]:0
(0,1,0,25]:1
(0,25,0,5]:0
(0,5,0,75]:0
(0,75,1]:0
(1,2,5]:0
(2,5,5]:0
(5,7,5]:0
(7,5,10]:0
(10,+Infinity]:0
	telemetry.sdk.name: opentelemetry
	telemetry.sdk.language: dotnet
Activity.DisplayName:        GET api/public/stores
	telemetry.sdk.version: 1.14.0
Activity.Kind:               Server
	service.name: unknown_service:testhost
Activity.StartTime:          2026-06-08T01:29:10.7047697Z
Activity.Duration:           00:00:00.1909643
Activity.Tags:
    server.address: localhost
    url.query: ?cuisineType=Redacted
    http.request.method: GET
    url.scheme: http
(2026-06-08T01:29:07.9119730Z, 2026-06-08T01:29:10.6272755Z] http.request.method: POST http.response.status_code: 200 http.route: api/auth/login/customer network.protocol.version: 1.1 url.scheme: http
Value: Sum: 0.1358588 Count: 1 Min: 0.1358588 Max: 0.1358588 
(-Infinity,0,005]:0
(0,005,0,01]:0
(0,01,0,025]:0
(0,025,0,05]:0
(0,05,0,075]:0
(0,075,0,1]:0
(0,1,0,25]:1
(0,25,0,5]:0
(0,5,0,75]:0
(0,75,1]:0
(1,2,5]:0
(2,5,5]:0
(5,7,5]:0
(7,5,10]:0
(10,+Infinity]:0
Metric Name: http.server.active_requests, Description: Number of active HTTP server requests., Unit: {request}, Metric Type: LongSumNonMonotonic
Instrumentation scope (Meter):
    url.path: /api/public/stores
	Name: Microsoft.AspNetCore.Hosting
    network.protocol.version: 1.1
    http.route: api/public/stores
    http.response.status_code: 200
(2026-06-08T01:29:09.0015674Z, 2026-06-08T01:29:10.9373901Z] http.request.method: POST url.scheme: http
Value: 3
(2026-06-08T01:29:07.9119730Z, 2026-06-08T01:29:10.6272755Z] http.request.method: POST http.response.status_code: 201 http.route: api/customer/addresses network.protocol.version: 1.1 url.scheme: http
Value: Sum: 0.185186 Count: 1 Min: 0.185186 Max: 0.185186 
(-Infinity,0,005]:0
(0,005,0,01]:0
(0,01,0,025]:0
(0,025,0,05]:0
(0,05,0,075]:0
(0,075,0,1]:0
(0,1,0,25]:1
(0,25,0,5]:0
(0,5,0,75]:0
(0,75,1]:0
(1,2,5]:0
(2,5,5]:0
(5,7,5]:0
(7,5,10]:0
(10,+Infinity]:0
Activity.SpanId:             7612bde3af977be6
(2026-06-08T01:29:09.0015674Z, 2026-06-08T01:29:10.9373901Z] http.request.method: PATCH url.scheme: http
Value: 0
Instrumentation scope (ActivitySource):
Activity.TraceFlags:         Recorded
(2026-06-08T01:29:09.0015674Z, 2026-06-08T01:29:10.9373901Z] http.request.method: DELETE url.scheme: http
Value: 0
    Name: Microsoft.AspNetCore
Activity.DisplayName:        POST api/orders
Resource associated with Activity:
Activity.Tags:
    telemetry.sdk.name: opentelemetry
(2026-06-08T01:29:07.9119730Z, 2026-06-08T01:29:10.6272755Z] http.request.method: POST http.response.status_code: 201 http.route: api/stores/{storeId}/categories network.protocol.version: 1.1 url.scheme: http
Value: Sum: 0.1803927 Count: 1 Min: 0.1803927 Max: 0.1803927 
(-Infinity,0,005]:0
(0,005,0,01]:0
(0,01,0,025]:0
(0,025,0,05]:0
(0,05,0,075]:0
(0,075,0,1]:0
(0,1,0,25]:1
(0,25,0,5]:0
(0,5,0,75]:0
(0,75,1]:0
(1,2,5]:0
(2,5,5]:0
(5,7,5]:0
(7,5,10]:0
(10,+Infinity]:0
Activity.Kind:               Server
    telemetry.sdk.language: dotnet
(2026-06-08T01:29:07.9119730Z, 2026-06-08T01:29:10.6272755Z] http.request.method: POST http.response.status_code: 400 http.route: api/orders network.protocol.version: 1.1 url.scheme: http
Value: Sum: 0.1575988 Count: 1 Min: 0.1575988 Max: 0.1575988 
(-Infinity,0,005]:0
(0,005,0,01]:0
(0,01,0,025]:0
(0,025,0,05]:0
(0,05,0,075]:0
(0,075,0,1]:0
(0,1,0,25]:1
(0,25,0,5]:0
(0,5,0,75]:0
(0,75,1]:0
(1,2,5]:0
(2,5,5]:0
(5,7,5]:0
(7,5,10]:0
(10,+Infinity]:0
    telemetry.sdk.version: 1.14.0
    service.name: unknown_service:testhost
    http.response.status_code: 201
(2026-06-08T01:29:07.9119730Z, 2026-06-08T01:29:10.6272755Z] http.request.method: POST http.response.status_code: 400 http.route: api/stores/{storeId}/products network.protocol.version: 1.1 url.scheme: http
Value: Sum: 0.2368922 Count: 1 Min: 0.2368922 Max: 0.2368922 
(-Infinity,0,005]:0
(0,005,0,01]:0
(0,01,0,025]:0
(0,025,0,05]:0
(0,05,0,075]:0
(0,075,0,1]:0
(0,1,0,25]:1
(0,25,0,5]:0
(0,5,0,75]:0
(0,75,1]:0
(1,2,5]:0
(2,5,5]:0
(5,7,5]:0
(7,5,10]:0
(10,+Infinity]:0
Activity.TraceId:            2c9c872063b4f7024772358b04e5f285
Metric Name: aspnetcore.routing.match_attempts, Description: Number of requests that were attempted to be matched to an endpoint., Unit: {match_attempt}, Metric Type: LongSum
Instrumentation scope (Meter):
Activity.SpanId:             3479cf9272977385
	Name: Microsoft.AspNetCore.Routing
Activity.TraceFlags:         Recorded
Activity.DisplayName:        POST api/auth/register/customer
Activity.Kind:               Server
(2026-06-08T01:29:07.9809929Z, 2026-06-08T01:29:10.6272765Z] aspnetcore.routing.is_fallback: false aspnetcore.routing.match_status: success http.route: api/auth/register/seller
Value: 6
Activity.StartTime:          2026-06-08T01:29:10.7053723Z
    url.scheme: http
[22:29:10 INF] Executing action method Urbeat.WebApi.Controllers.AuthController.RegisterCustomer (Urbeat.WebApi) - Validation state: Valid
    url.path: /api/stores
Activity.Duration:           00:00:00.2745155
    network.protocol.version: 1.1
Activity.Tags:
    http.route: api/stores
    server.address: localhost
    http.response.status_code: 201
    url.path: /api/admin/plans
Instrumentation scope (ActivitySource):
    network.protocol.version: 1.1
    Name: Microsoft.AspNetCore
    http.route: api/admin/plans
Resource associated with Activity:
    http.response.status_code: 201
    telemetry.sdk.name: opentelemetry
Instrumentation scope (ActivitySource):
    telemetry.sdk.language: dotnet
    Name: Microsoft.AspNetCore
    telemetry.sdk.version: 1.14.0
Resource associated with Activity:
    service.name: unknown_service:testhost
    telemetry.sdk.name: opentelemetry
    telemetry.sdk.language: dotnet
(2026-06-08T01:29:09.0015674Z, 2026-06-08T01:29:10.9373901Z] http.request.method: GET url.scheme: http
Value: 0
    telemetry.sdk.version: 1.14.0
    service.name: unknown_service:testhost
(2026-06-08T01:29:09.0015674Z, 2026-06-08T01:29:10.9373901Z] http.request.method: PUT url.scheme: http
Value: 0
    server.address: localhost
Activity.TraceId:            a767b4faca46af23c20ee8f11f4d1152
    http.request.method: POST
Activity.SpanId:             ea7c40c6d4050aa3
Metric Name: http.server.request.duration, Description: Duration of HTTP server requests., Unit: s, Metric Type: Histogram
Instrumentation scope (Meter):
Activity.TraceFlags:         Recorded
    url.scheme: http
Activity.DisplayName:        POST api/auth/login/admin
	Name: Microsoft.AspNetCore.Hosting
    url.path: /api/auth/login/seller
Activity.Kind:               Server
    network.protocol.version: 1.1
Activity.StartTime:          2026-06-08T01:29:10.6034762Z
Activity.Duration:           00:00:00.1330368
    http.route: api/auth/login/seller
Activity.Tags:
    http.response.status_code: 200
    server.address: localhost
Instrumentation scope (ActivitySource):
Activity.StartTime:          2026-06-08T01:29:10.7050563Z
    http.request.method: POST
    Name: Microsoft.AspNetCore
(2026-06-08T01:29:09.0015787Z, 2026-06-08T01:29:10.9374047Z] http.request.method: POST http.response.status_code: 200 http.route: api/auth/login/customer network.protocol.version: 1.1 url.scheme: http
Value: Sum: 0.6716934999999999 Count: 4 Min: 0.105938 Max: 0.2191176 
(-Infinity,0,005]:0
(0,005,0,01]:0
(0,01,0,025]:0
(0,025,0,05]:0
(0,05,0,075]:0
(0,075,0,1]:0
(0,1,0,25]:4
(0,25,0,5]:0
(0,5,0,75]:0
(0,75,1]:0
(1,2,5]:0
(2,5,5]:0
(5,7,5]:0
(7,5,10]:0
(10,+Infinity]:0
Activity.Duration:           00:00:00.1072892
Resource associated with Activity:
Activity.Tags:
    url.scheme: http
    url.path: /api/auth/login/admin
(2026-06-08T01:29:09.0015787Z, 2026-06-08T01:29:10.9374047Z] http.request.method: POST http.response.status_code: 200 http.route: api/auth/login/seller network.protocol.version: 1.1 url.scheme: http
Value: Sum: 1.665378 Count: 12 Min: 0.0901538 Max: 0.2704716 
(-Infinity,0,005]:0
(0,005,0,01]:0
(0,01,0,025]:0
(0,025,0,05]:0
(0,05,0,075]:0
(0,075,0,1]:2
(0,1,0,25]:9
(0,25,0,5]:1
(0,5,0,75]:0
(0,75,1]:0
(1,2,5]:0
(2,5,5]:0
(5,7,5]:0
(7,5,10]:0
(10,+Infinity]:0
    server.address: localhost
    network.protocol.version: 1.1
    http.request.method: POST
    http.route: api/auth/login/admin
    url.scheme: http
(2026-06-08T01:29:09.0015787Z, 2026-06-08T01:29:10.9374047Z] http.request.method: POST http.response.status_code: 415 http.route: api/auth/email/confirm network.protocol.version: 1.1 url.scheme: http
Value: Sum: 0.0021767 Count: 1 Min: 0.0021767 Max: 0.0021767 
(-Infinity,0,005]:1
(0,005,0,01]:0
(0,01,0,025]:0
(0,025,0,05]:0
(0,05,0,075]:0
(0,075,0,1]:0
(0,1,0,25]:0
(0,25,0,5]:0
(0,5,0,75]:0
(0,75,1]:0
(1,2,5]:0
(2,5,5]:0
(5,7,5]:0
(7,5,10]:0
(10,+Infinity]:0
    http.response.status_code: 200
Instrumentation scope (ActivitySource):
    Name: Microsoft.AspNetCore
Instrumentation scope (ActivitySource):
Resource associated with Activity:
    Name: Microsoft.AspNetCore
    telemetry.sdk.name: opentelemetry
    telemetry.sdk.language: dotnet
Resource associated with Activity:
    telemetry.sdk.version: 1.14.0
    telemetry.sdk.name: opentelemetry
    service.name: unknown_service:testhost
    telemetry.sdk.language: dotnet
(2026-06-08T01:29:07.9809929Z, 2026-06-08T01:29:10.6272765Z] aspnetcore.routing.is_fallback: false aspnetcore.routing.match_status: success http.route: api/auth/login/seller
Value: 4
    telemetry.sdk.version: 1.14.0
    service.name: unknown_service:testhost
Activity.TraceId:            a767b4faca46af23c20ee8f11f4d1152
(2026-06-08T01:29:07.9809929Z, 2026-06-08T01:29:10.6272765Z] aspnetcore.routing.is_fallback: false aspnetcore.routing.match_status: success http.route: api/stores
Value: 4
Activity.SpanId:             ea7c40c6d4050aa3
(2026-06-08T01:29:07.9809929Z, 2026-06-08T01:29:10.6272765Z] aspnetcore.routing.is_fallback: false aspnetcore.routing.match_status: success http.route: api/stores/{storeId}/status
Value: 1
Activity.TraceFlags:         Recorded
Activity.DisplayName:        POST api/auth/login/admin
Activity.Kind:               Server
(2026-06-08T01:29:07.9809929Z, 2026-06-08T01:29:10.6272765Z] aspnetcore.routing.is_fallback: false aspnetcore.routing.match_status: success http.route: api/stores/{storeId}/delivery-config
Value: 1
    http.request.method: POST
(2026-06-08T01:29:07.9809929Z, 2026-06-08T01:29:10.6272765Z] aspnetcore.routing.is_fallback: false aspnetcore.routing.match_status: success http.route: api/auth/register/customer
Value: 1
Activity.StartTime:          2026-06-08T01:29:10.6034762Z
(2026-06-08T01:29:07.9809929Z, 2026-06-08T01:29:10.6272765Z] aspnetcore.routing.is_fallback: false aspnetcore.routing.match_status: success http.route: api/auth/login/customer
Value: 1
Activity.Duration:           00:00:00.1330368
Activity.Tags:
(2026-06-08T01:29:07.9809929Z, 2026-06-08T01:29:10.6272765Z] aspnetcore.routing.is_fallback: false aspnetcore.routing.match_status: success http.route: api/customer/addresses
Value: 1
    telemetry.sdk.name: opentelemetry
    url.scheme: http
(2026-06-08T01:29:07.9809929Z, 2026-06-08T01:29:10.6272765Z] aspnetcore.routing.is_fallback: false aspnetcore.routing.match_status: success http.route: api/stores/{storeId}/categories
Value: 1
    telemetry.sdk.language: dotnet
    url.path: /api/auth/register/customer
    telemetry.sdk.version: 1.14.0
    network.protocol.version: 1.1
(2026-06-08T01:29:07.9809929Z, 2026-06-08T01:29:10.6272765Z] aspnetcore.routing.is_fallback: false aspnetcore.routing.match_status: success http.route: api/orders
Value: 1
    service.name: unknown_service:testhost
    http.route: api/auth/register/customer
(2026-06-08T01:29:07.9809929Z, 2026-06-08T01:29:10.6272765Z] aspnetcore.routing.is_fallback: false aspnetcore.routing.match_status: success http.route: api/stores/{storeId}/products
Value: 1
    http.response.status_code: 201
Instrumentation scope (ActivitySource):
    Name: Microsoft.AspNetCore
Activity.TraceId:            012b403915e9d31e377992fa225a827c
    url.path: /api/orders
Resource associated with Activity:
Activity.SpanId:             cf20f75b19f7b2f2
    network.protocol.version: 1.1
    telemetry.sdk.name: opentelemetry
    http.route: api/orders
Activity.TraceFlags:         Recorded
    telemetry.sdk.language: dotnet
    http.response.status_code: 400
Activity.DisplayName:        POST api/auth/register/seller
    telemetry.sdk.version: 1.14.0
Activity.Kind:               Server
Instrumentation scope (ActivitySource):
    service.name: unknown_service:testhost
Activity.StartTime:          2026-06-08T01:29:10.6054340Z
    Name: Microsoft.AspNetCore
Resource associated with Activity:
Activity.TraceId:            2c9c872063b4f7024772358b04e5f285
Activity.Duration:           00:00:00.2557614
Activity.SpanId:             3479cf9272977385
    telemetry.sdk.name: opentelemetry
Activity.Tags:
    telemetry.sdk.language: dotnet
Activity.TraceFlags:         Recorded
    telemetry.sdk.version: 1.14.0
Activity.DisplayName:        POST api/auth/register/customer
    server.address: localhost
Activity.Kind:               Server
    service.name: unknown_service:testhost
    http.request.method: POST
    url.scheme: http
Activity.StartTime:          2026-06-08T01:29:10.7053723Z
    url.path: /api/auth/register/seller
Activity.Duration:           00:00:00.2745155
    network.protocol.version: 1.1
Activity.Tags:
    http.route: api/auth/register/seller
    server.address: localhost
    http.request.method: POST
    url.scheme: http
    url.path: /api/auth/register/customer
    http.response.status_code: 201
    network.protocol.version: 1.1
Instrumentation scope (ActivitySource):
    Name: Microsoft.AspNetCore
    http.route: api/auth/register/customer
Resource associated with Activity:
    http.response.status_code: 201
    telemetry.sdk.name: opentelemetry
Instrumentation scope (ActivitySource):
    telemetry.sdk.language: dotnet
    Name: Microsoft.AspNetCore
(2026-06-08T01:29:09.0015787Z, 2026-06-08T01:29:10.9374047Z] http.request.method: POST http.response.status_code: 409 http.route: api/stores network.protocol.version: 1.1 url.scheme: http
Value: Sum: 0.0766215 Count: 1 Min: 0.0766215 Max: 0.0766215 
(-Infinity,0,005]:0
(0,005,0,01]:0
(0,01,0,025]:0
(0,025,0,05]:0
(0,05,0,075]:0
(0,075,0,1]:1
(0,1,0,25]:0
(0,25,0,5]:0
(0,5,0,75]:0
(0,75,1]:0
(1,2,5]:0
(2,5,5]:0
(5,7,5]:0
(7,5,10]:0
(10,+Infinity]:0
    telemetry.sdk.version: 1.14.0
    service.name: unknown_service:testhost
Activity.TraceId:            f9a0b58671fb4faecacdac02b9cdbf01
Activity.SpanId:             9aa4de98f6ce14c3
Activity.TraceFlags:         Recorded
Activity.DisplayName:        POST api/customer/addresses
Activity.Kind:               Server
[22:29:10 INF] Saved 1 entities to in-memory store.
Activity.StartTime:          2026-06-08T01:29:10.5834264Z
Activity.TraceId:            e92f8f5bc518ac0fdff82eeb780fcb00
Activity.Duration:           00:00:00.1208529
Activity.SpanId:             74a79959c0b853ca
Activity.Tags:
(2026-06-08T01:29:09.0015787Z, 2026-06-08T01:29:10.9374047Z] http.request.method: POST http.response.status_code: 201 http.route: api/stores/{storeId}/categories network.protocol.version: 1.1 url.scheme: http
Value: Sum: 0.4804102 Count: 3 Min: 0.0734317 Max: 0.2265858 
(-Infinity,0,005]:0
(0,005,0,01]:0
(0,01,0,025]:0
(0,025,0,05]:0
(0,05,0,075]:1
(0,075,0,1]:0
(0,1,0,25]:2
(0,25,0,5]:0
(0,5,0,75]:0
(0,75,1]:0
(1,2,5]:0
(2,5,5]:0
(5,7,5]:0
(7,5,10]:0
(10,+Infinity]:0
    server.address: localhost
Resource associated with Activity:
    http.request.method: POST
    url.scheme: http
    telemetry.sdk.name: opentelemetry
    url.path: /api/customer/addresses
Activity.TraceFlags:         Recorded
    network.protocol.version: 1.1
    http.route: api/customer/addresses
    telemetry.sdk.language: dotnet
    http.response.status_code: 201
    telemetry.sdk.version: 1.14.0
Instrumentation scope (ActivitySource):
    service.name: unknown_service:testhost
    Name: Microsoft.AspNetCore
Resource associated with Activity:
[22:29:10 WRN] Admin seeding skipped because the data store is unavailable.
System.InvalidOperationException: Relational-specific methods can only be used when the context is using a relational database provider.
   at Microsoft.EntityFrameworkCore.RelationalDatabaseFacadeExtensions.GetRelationalService[TService](IInfrastructure`1 databaseFacade)
   at Microsoft.EntityFrameworkCore.RelationalDatabaseFacadeExtensions.MigrateAsync(DatabaseFacade databaseFacade, CancellationToken cancellationToken)
   at Program.<Main>$(String[] args) in C:\Projetos\urbeat\backend\src\Urbeat.WebApi\Program.cs:line 42
    server.address: localhost
[22:29:10 INF] Executed endpoint 'Urbeat.WebApi.Controllers.SubscriptionsController.Contract (Urbeat.WebApi)'
    http.request.method: POST
    url.scheme: http
(2026-06-08T01:29:09.0015787Z, 2026-06-08T01:29:10.9374047Z] http.request.method: POST http.response.status_code: 201 http.route: api/auth/register/seller network.protocol.version: 1.1 url.scheme: http
Value: Sum: 2.7662192 Count: 15 Min: 0.0795934 Max: 0.2765342 
(-Infinity,0,005]:0
(0,005,0,01]:0
(0,01,0,025]:0
(0,025,0,05]:0
(0,05,0,075]:0
(0,075,0,1]:1
(0,1,0,25]:12
(0,25,0,5]:2
(0,5,0,75]:0
(0,75,1]:0
(1,2,5]:0
(2,5,5]:0
(5,7,5]:0
(7,5,10]:0
(10,+Infinity]:0
    url.path: /api/auth/login/admin
[22:29:10 INF] Executing OkObjectResult, writing value of type 'Urbeat.Application.DTOs.AuthTokenResponseDto'.
    network.protocol.version: 1.1
    http.route: api/auth/login/admin
    http.response.status_code: 200
Instrumentation scope (ActivitySource):
    Name: Microsoft.AspNetCore
Resource associated with Activity:
[22:29:10 INF] Executed action Urbeat.WebApi.Controllers.AuthController.LoginSeller (Urbeat.WebApi) in 206.4005ms
    telemetry.sdk.name: opentelemetry
Activity.DisplayName:        GET api/public/stores
    telemetry.sdk.language: dotnet
(2026-06-08T01:29:09.0015787Z, 2026-06-08T01:29:10.9374047Z] http.request.method: POST http.response.status_code: 201 http.route: api/customer/addresses network.protocol.version: 1.1 url.scheme: http
Value: Sum: 0.5773081 Count: 5 Min: 0.0782672 Max: 0.185186 
(-Infinity,0,005]:0
(0,005,0,01]:0
(0,01,0,025]:0
(0,025,0,05]:0
(0,05,0,075]:0
(0,075,0,1]:2
(0,1,0,25]:3
(0,25,0,5]:0
(0,5,0,75]:0
(0,75,1]:0
(1,2,5]:0
(2,5,5]:0
(5,7,5]:0
(7,5,10]:0
(10,+Infinity]:0
    telemetry.sdk.name: opentelemetry
Activity.Kind:               Server
    telemetry.sdk.language: dotnet
    telemetry.sdk.version: 1.14.0
    service.name: unknown_service:testhost
Activity.StartTime:          2026-06-08T01:29:10.7047697Z
Activity.TraceId:            2c9c872063b4f7024772358b04e5f285
(2026-06-08T01:29:09.0015787Z, 2026-06-08T01:29:10.9374047Z] http.request.method: POST http.response.status_code: 201 http.route: api/stores network.protocol.version: 1.1 url.scheme: http
Value: Sum: 1.4303322 Count: 11 Min: 0.0656982 Max: 0.2174581 
(-Infinity,0,005]:0
(0,005,0,01]:0
(0,01,0,025]:0
(0,025,0,05]:0
(0,05,0,075]:1
(0,075,0,1]:2
(0,1,0,25]:8
(0,25,0,5]:0
(0,5,0,75]:0
(0,75,1]:0
(1,2,5]:0
(2,5,5]:0
(5,7,5]:0
(7,5,10]:0
(10,+Infinity]:0
Activity.SpanId:             3479cf9272977385
Activity.Duration:           00:00:00.1909643
Activity.TraceFlags:         Recorded
Activity.Tags:
Activity.DisplayName:        POST api/auth/register/customer
    server.address: localhost
Activity.Kind:               Server
[22:29:10 INF] Executed action Urbeat.WebApi.Controllers.StoresController.Create (Urbeat.WebApi) in 117.4904ms
(2026-06-08T01:29:09.0015787Z, 2026-06-08T01:29:10.9374047Z] http.request.method: PATCH http.response.status_code: 200 http.route: api/stores/{storeId}/status network.protocol.version: 1.1 url.scheme: http
Value: Sum: 0.23552510000000001 Count: 4 Min: 0.0343557 Max: 0.0852825 
(-Infinity,0,005]:0
(0,005,0,01]:0
(0,01,0,025]:0
(0,025,0,05]:2
(0,05,0,075]:1
(0,075,0,1]:1
(0,1,0,25]:0
(0,25,0,5]:0
(0,5,0,75]:0
(0,75,1]:0
(1,2,5]:0
(2,5,5]:0
(5,7,5]:0
(7,5,10]:0
(10,+Infinity]:0
    telemetry.sdk.version: 1.14.0
    service.name: unknown_service:testhost
    url.query: ?cuisineType=Redacted
(2026-06-08T01:29:09.0015787Z, 2026-06-08T01:29:10.9374047Z] http.request.method: GET http.response.status_code: 200 http.route: api/stores/my-store network.protocol.version: 1.1 url.scheme: http
Value: Sum: 0.0368988 Count: 1 Min: 0.0368988 Max: 0.0368988 
(-Infinity,0,005]:0
(0,005,0,01]:0
(0,01,0,025]:0
(0,025,0,05]:1
(0,05,0,075]:0
(0,075,0,1]:0
(0,1,0,25]:0
(0,25,0,5]:0
(0,5,0,75]:0
(0,75,1]:0
(1,2,5]:0
(2,5,5]:0
(5,7,5]:0
(7,5,10]:0
(10,+Infinity]:0
    http.request.method: GET
    url.scheme: http
    url.path: /api/public/stores
Activity.StartTime:          2026-06-08T01:29:10.7053723Z
Activity.TraceId:            d14c40a24060fbfbea1aee9ca2740eb7
Activity.Duration:           00:00:00.2745155
Activity.TraceId:            a767b4faca46af23c20ee8f11f4d1152
Activity.Tags:
Activity.SpanId:             aca3e5f9203ecb22
Activity.SpanId:             ea7c40c6d4050aa3
    server.address: localhost
Activity.TraceFlags:         Recorded
    http.request.method: POST
Activity.TraceFlags:         Recorded
    url.scheme: http
Activity.DisplayName:        POST api/auth/login/admin
    url.path: /api/auth/register/customer
Activity.DisplayName:        POST api/auth/register/seller
Activity.Kind:               Server
Activity.Kind:               Server
    network.protocol.version: 1.1
Activity.StartTime:          2026-06-08T01:29:10.6054340Z
    http.route: api/auth/register/customer
Activity.Duration:           00:00:00.1668614
    http.response.status_code: 201
Instrumentation scope (ActivitySource):
    Name: Microsoft.AspNetCore
Resource associated with Activity:
Activity.Tags:
    telemetry.sdk.name: opentelemetry
    server.address: localhost
    telemetry.sdk.language: dotnet
    http.request.method: POST
    url.scheme: http
    telemetry.sdk.version: 1.14.0
    url.path: /api/auth/register/seller
    service.name: unknown_service:testhost
    network.protocol.version: 1.1
    http.route: api/auth/register/seller
Activity.TraceId:            2c9c872063b4f7024772358b04e5f285
    http.response.status_code: 201
Activity.SpanId:             3479cf9272977385
Instrumentation scope (ActivitySource):
Activity.TraceFlags:         Recorded
    Name: Microsoft.AspNetCore
Activity.DisplayName:        POST api/auth/register/customer
    network.protocol.version: 1.1
Activity.Kind:               Server
    http.route: api/public/stores
[22:29:11 INF] Request finished HTTP/1.1 POST http://localhost/api/subscriptions/contract - 400 null application/problem+json; charset=utf-8 201.9646ms
    http.response.status_code: 200
Activity.StartTime:          2026-06-08T01:29:10.7053723Z
Instrumentation scope (ActivitySource):
Activity.Duration:           00:00:00.2745155
    Name: Microsoft.AspNetCore
Activity.Tags:
    server.address: localhost
Resource associated with Activity:
    http.request.method: POST
    url.scheme: http
[22:29:11 INF] Executed endpoint 'Urbeat.WebApi.Controllers.StoresController.Create (Urbeat.WebApi)'
    telemetry.sdk.name: opentelemetry
    url.path: /api/auth/register/customer
    telemetry.sdk.language: dotnet
    network.protocol.version: 1.1
[22:29:10 INF] Executing endpoint 'Urbeat.WebApi.Controllers.AuthController.LoginCustomer (Urbeat.WebApi)'
    telemetry.sdk.version: 1.14.0
    http.route: api/auth/register/customer
    service.name: unknown_service:testhost
    http.response.status_code: 201
Instrumentation scope (ActivitySource):
[22:29:10 INF] Saved 2 entities to in-memory store.
    Name: Microsoft.AspNetCore
Resource associated with Activity:
Activity.TraceId:            6b5d284383f1467efe43e8b09c13928c
[22:29:10 INF] Saved 1 entities to in-memory store.
(2026-06-08T01:29:09.0015787Z, 2026-06-08T01:29:10.9374047Z] http.request.method: DELETE http.response.status_code: 204 http.route: api/stores/{storeId}/categories/{categoryId} network.protocol.version: 1.1 url.scheme: http
Value: Sum: 0.1598871 Count: 1 Min: 0.1598871 Max: 0.1598871 
(-Infinity,0,005]:0
(0,005,0,01]:0
(0,01,0,025]:0
(0,025,0,05]:0
(0,05,0,075]:0
(0,075,0,1]:0
(0,1,0,25]:1
(0,25,0,5]:0
(0,5,0,75]:0
(0,75,1]:0
(1,2,5]:0
(2,5,5]:0
(5,7,5]:0
(7,5,10]:0
(10,+Infinity]:0
    telemetry.sdk.name: opentelemetry
Activity.SpanId:             3520f51219432d7a
    telemetry.sdk.language: dotnet
Activity.TraceFlags:         Recorded
[22:29:11 INF] Executed endpoint 'Urbeat.WebApi.Controllers.AuthController.LoginSeller (Urbeat.WebApi)'
    telemetry.sdk.version: 1.14.0
Activity.DisplayName:        POST api/admin/plans
    service.name: unknown_service:testhost
Activity.Kind:               Server
Activity.StartTime:          2026-06-08T01:29:10.7368757Z
Activity.Duration:           00:00:00.0762660
Activity.Tags:
(2026-06-08T01:29:09.0015787Z, 2026-06-08T01:29:10.9374047Z] http.request.method: POST http.response.status_code: 400 http.route: api/auth/email/confirm/{code} network.protocol.version: 1.1 url.scheme: http
Value: Sum: 0.0632913 Count: 1 Min: 0.0632913 Max: 0.0632913 
(-Infinity,0,005]:0
(0,005,0,01]:0
(0,01,0,025]:0
(0,025,0,05]:0
(0,05,0,075]:1
(0,075,0,1]:0
(0,1,0,25]:0
(0,25,0,5]:0
(0,5,0,75]:0
(0,75,1]:0
(1,2,5]:0
(2,5,5]:0
(5,7,5]:0
(7,5,10]:0
(10,+Infinity]:0
    server.address: localhost
Activity.StartTime:          2026-06-08T01:29:10.6034762Z
    http.request.method: POST
Activity.Duration:           00:00:00.1330368
    url.scheme: http
Activity.Tags:
    url.path: /api/admin/plans
    server.address: localhost
    network.protocol.version: 1.1
(2026-06-08T01:29:09.0015787Z, 2026-06-08T01:29:10.9374047Z] http.request.method: POST http.response.status_code: 400 http.route: api/checkout/preview network.protocol.version: 1.1 url.scheme: http
Value: Sum: 0.3247774 Count: 2 Min: 0.1399817 Max: 0.1847957 
(-Infinity,0,005]:0
(0,005,0,01]:0
(0,01,0,025]:0
(0,025,0,05]:0
(0,05,0,075]:0
(0,075,0,1]:0
(0,1,0,25]:2
(0,25,0,5]:0
(0,5,0,75]:0
(0,75,1]:0
(1,2,5]:0
(2,5,5]:0
(5,7,5]:0
(7,5,10]:0
(10,+Infinity]:0
    http.route: api/admin/plans
    http.request.method: POST
    http.response.status_code: 201
    url.scheme: http
Instrumentation scope (ActivitySource):
    Name: Microsoft.AspNetCore
    url.path: /api/auth/login/admin
Resource associated with Activity:
    network.protocol.version: 1.1
    telemetry.sdk.name: opentelemetry
(2026-06-08T01:29:09.0015787Z, 2026-06-08T01:29:10.9374047Z] http.request.method: POST http.response.status_code: 400 http.route: api/orders network.protocol.version: 1.1 url.scheme: http
Value: Sum: 0.42223550000000004 Count: 3 Min: 0.1071399 Max: 0.1575988 
(-Infinity,0,005]:0
(0,005,0,01]:0
(0,01,0,025]:0
(0,025,0,05]:0
(0,05,0,075]:0
(0,075,0,1]:0
(0,1,0,25]:3
(0,25,0,5]:0
(0,5,0,75]:0
(0,75,1]:0
(1,2,5]:0
(2,5,5]:0
(5,7,5]:0
(7,5,10]:0
(10,+Infinity]:0
    telemetry.sdk.language: dotnet
    http.route: api/auth/login/admin
    telemetry.sdk.version: 1.14.0
[22:29:11 INF] Request finished HTTP/1.1 POST http://localhost/api/stores - 201 null application/json; charset=utf-8 202.2587ms
Activity.TraceId:            35bd80ecb5f77e7cc4400ea31b0161fa
    service.name: unknown_service:testhost
    http.response.status_code: 200
(2026-06-08T01:29:09.0015787Z, 2026-06-08T01:29:10.9374047Z] http.request.method: PATCH http.response.status_code: 200 http.route: api/stores/{storeId}/delivery-config network.protocol.version: 1.1 url.scheme: http
Value: Sum: 0.3177696 Count: 3 Min: 0.0737496 Max: 0.1221238 
(-Infinity,0,005]:0
(0,005,0,01]:0
(0,01,0,025]:0
(0,025,0,05]:0
(0,05,0,075]:1
(0,075,0,1]:0
(0,1,0,25]:2
(0,25,0,5]:0
(0,5,0,75]:0
(0,75,1]:0
(1,2,5]:0
(2,5,5]:0
(5,7,5]:0
(7,5,10]:0
(10,+Infinity]:0
Activity.TraceId:            4351e3e93b6ec5bdd64db3162ba46cb5
Activity.SpanId:             5dfaeb7ca56f6f52
Activity.TraceFlags:         Recorded
Activity.DisplayName:        POST api/stores
(2026-06-08T01:29:09.0015787Z, 2026-06-08T01:29:10.9374047Z] http.request.method: POST http.response.status_code: 200 http.route: api/auth/login/admin network.protocol.version: 1.1 url.scheme: http
Value: Sum: 0.36921269999999995 Count: 3 Min: 0.0830577 Max: 0.15322 
(-Infinity,0,005]:0
(0,005,0,01]:0
(0,01,0,025]:0
(0,025,0,05]:0
(0,05,0,075]:0
(0,075,0,1]:1
(0,1,0,25]:2
(0,25,0,5]:0
(0,5,0,75]:0
(0,75,1]:0
(1,2,5]:0
(2,5,5]:0
(5,7,5]:0
(7,5,10]:0
(10,+Infinity]:0
Activity.SpanId:             d5b6ea674797ee82
Activity.Kind:               Server
[22:29:11 INF] Request finished HTTP/1.1 POST http://localhost/api/auth/login/seller - 200 null application/json; charset=utf-8 243.3851ms
(2026-06-08T01:29:09.0015787Z, 2026-06-08T01:29:10.9374047Z] http.request.method: GET http.response.status_code: 200 http.route: api/stores/{storeId}/categories network.protocol.version: 1.1 url.scheme: http
Value: Sum: 0.2960979 Count: 2 Min: 0.1260283 Max: 0.1700696 
(-Infinity,0,005]:0
(0,005,0,01]:0
(0,01,0,025]:0
(0,025,0,05]:0
(0,05,0,075]:0
(0,075,0,1]:0
(0,1,0,25]:2
(0,25,0,5]:0
(0,5,0,75]:0
(0,75,1]:0
(1,2,5]:0
(2,5,5]:0
(5,7,5]:0
(7,5,10]:0
(10,+Infinity]:0
Activity.StartTime:          2026-06-08T01:29:10.8136878Z
Activity.Duration:           00:00:00.2022984
Activity.Tags:
    server.address: localhost
    http.request.method: POST
(2026-06-08T01:29:09.0015787Z, 2026-06-08T01:29:10.9374047Z] http.request.method: POST http.response.status_code: 400 http.route: api/stores network.protocol.version: 1.1 url.scheme: http
Value: Sum: 0.0445437 Count: 1 Min: 0.0445437 Max: 0.0445437 
(-Infinity,0,005]:0
(0,005,0,01]:0
(0,01,0,025]:0
(0,025,0,05]:1
(0,05,0,075]:0
(0,075,0,1]:0
(0,1,0,25]:0
(0,25,0,5]:0
(0,5,0,75]:0
(0,75,1]:0
(1,2,5]:0
(2,5,5]:0
(5,7,5]:0
(7,5,10]:0
(10,+Infinity]:0
[22:29:11 INF] Saved 1 entities to in-memory store.
[22:29:11 INF] Saved 1 entities to in-memory store.
Instrumentation scope (ActivitySource):
    Name: Microsoft.AspNetCore
(2026-06-08T01:29:09.0015787Z, 2026-06-08T01:29:10.9374047Z] http.request.method: POST http.response.status_code: 201 http.route: api/admin/plans network.protocol.version: 1.1 url.scheme: http
Value: Sum: 0.1508375 Count: 2 Min: 0.0746597 Max: 0.0761778 
(-Infinity,0,005]:0
(0,005,0,01]:0
(0,01,0,025]:0
(0,025,0,05]:0
(0,05,0,075]:1
(0,075,0,1]:1
(0,1,0,25]:0
(0,25,0,5]:0
(0,5,0,75]:0
(0,75,1]:0
(1,2,5]:0
(2,5,5]:0
(5,7,5]:0
(7,5,10]:0
(10,+Infinity]:0
Activity.TraceFlags:         Recorded
Resource associated with Activity:
Activity.DisplayName:        POST api/subscriptions/contract
(2026-06-08T01:29:09.0015787Z, 2026-06-08T01:29:10.9374047Z] http.request.method: POST http.response.status_code: 201 http.route: api/auth/register/customer network.protocol.version: 1.1 url.scheme: http
Value: Sum: 0.5361812 Count: 3 Min: 0.1455471 Max: 0.2380296 
(-Infinity,0,005]:0
(0,005,0,01]:0
(0,01,0,025]:0
(0,025,0,05]:0
(0,05,0,075]:0
(0,075,0,1]:0
(0,1,0,25]:3
(0,25,0,5]:0
(0,5,0,75]:0
(0,75,1]:0
(1,2,5]:0
(2,5,5]:0
(5,7,5]:0
(7,5,10]:0
(10,+Infinity]:0
Resource associated with Activity:
Activity.Kind:               Server
    telemetry.sdk.name: opentelemetry
    telemetry.sdk.name: opentelemetry
    telemetry.sdk.language: dotnet
    telemetry.sdk.language: dotnet
(2026-06-08T01:29:09.0015787Z, 2026-06-08T01:29:10.9374047Z] http.request.method: POST http.response.status_code: 201 http.route: api/subscriptions/contract network.protocol.version: 1.1 url.scheme: http
Value: Sum: 0.1357914 Count: 1 Min: 0.1357914 Max: 0.1357914 
(-Infinity,0,005]:0
(0,005,0,01]:0
(0,01,0,025]:0
(0,025,0,05]:0
(0,05,0,075]:0
(0,075,0,1]:0
(0,1,0,25]:1
(0,25,0,5]:0
(0,5,0,75]:0
(0,75,1]:0
(1,2,5]:0
(2,5,5]:0
(5,7,5]:0
(7,5,10]:0
(10,+Infinity]:0
[22:29:11 INF] Executed action method Urbeat.WebApi.Controllers.AuthController.LoginSeller (Urbeat.WebApi), returned result Microsoft.AspNetCore.Mvc.OkObjectResult in 80.5131ms.
    url.scheme: http
(2026-06-08T01:29:09.0015787Z, 2026-06-08T01:29:10.9374047Z] http.request.method: POST http.response.status_code: 204 http.route: api/admin/subscriptions/status network.protocol.version: 1.1 url.scheme: http
Value: Sum: 0.0911552 Count: 1 Min: 0.0911552 Max: 0.0911552 
(-Infinity,0,005]:0
(0,005,0,01]:0
(0,01,0,025]:0
(0,025,0,05]:0
(0,05,0,075]:0
(0,075,0,1]:1
(0,1,0,25]:0
(0,25,0,5]:0
(0,5,0,75]:0
(0,75,1]:0
(1,2,5]:0
(2,5,5]:0
(5,7,5]:0
(7,5,10]:0
(10,+Infinity]:0
    url.path: /api/stores
    network.protocol.version: 1.1
    http.route: api/stores
(2026-06-08T01:29:09.0015787Z, 2026-06-08T01:29:10.9374047Z] http.request.method: POST http.response.status_code: 409 http.route: api/subscriptions/contract network.protocol.version: 1.1 url.scheme: http
Value: Sum: 0.0704267 Count: 1 Min: 0.0704267 Max: 0.0704267 
(-Infinity,0,005]:0
(0,005,0,01]:0
(0,01,0,025]:0
(0,025,0,05]:0
(0,05,0,075]:1
(0,075,0,1]:0
(0,1,0,25]:0
(0,25,0,5]:0
(0,5,0,75]:0
(0,75,1]:0
(1,2,5]:0
(2,5,5]:0
(5,7,5]:0
(7,5,10]:0
(10,+Infinity]:0
    http.response.status_code: 201
(2026-06-08T01:29:09.0015787Z, 2026-06-08T01:29:10.9374047Z] http.request.method: POST http.response.status_code: 204 http.route: api/admin/subscriptions/notifications/process network.protocol.version: 1.1 url.scheme: http
Value: Sum: 0.2250846 Count: 1 Min: 0.2250846 Max: 0.2250846 
(-Infinity,0,005]:0
(0,005,0,01]:0
(0,01,0,025]:0
(0,025,0,05]:0
(0,05,0,075]:0
(0,075,0,1]:0
(0,1,0,25]:1
(0,25,0,5]:0
(0,5,0,75]:0
(0,75,1]:0
(1,2,5]:0
(2,5,5]:0
(5,7,5]:0
(7,5,10]:0
(10,+Infinity]:0
Instrumentation scope (ActivitySource):
    telemetry.sdk.version: 1.14.0
    Name: Microsoft.AspNetCore
    service.name: unknown_service:testhost
(2026-06-08T01:29:09.0015787Z, 2026-06-08T01:29:10.9374047Z] http.request.method: PUT http.response.status_code: 200 http.route: api/stores/{storeId}/business-hours network.protocol.version: 1.1 url.scheme: http
Value: Sum: 0.243374 Count: 1 Min: 0.243374 Max: 0.243374 
(-Infinity,0,005]:0
(0,005,0,01]:0
(0,01,0,025]:0
(0,025,0,05]:0
(0,05,0,075]:0
(0,075,0,1]:0
(0,1,0,25]:1
(0,25,0,5]:0
(0,5,0,75]:0
(0,75,1]:0
(1,2,5]:0
(2,5,5]:0
(5,7,5]:0
(7,5,10]:0
(10,+Infinity]:0
Activity.TraceId:            2c9c872063b4f7024772358b04e5f285
Activity.StartTime:          2026-06-08T01:29:10.8137796Z
Activity.SpanId:             3479cf9272977385
Activity.Duration:           00:00:00.2021285
Activity.Tags:
(2026-06-08T01:29:09.0015787Z, 2026-06-08T01:29:10.9374047Z] http.request.method: GET http.response.status_code: 200 http.route: api/public/stores network.protocol.version: 1.1 url.scheme: http
Value: Sum: 0.3020817 Count: 2 Min: 0.1439667 Max: 0.158115 
(-Infinity,0,005]:0
(0,005,0,01]:0
(0,01,0,025]:0
(0,025,0,05]:0
(0,05,0,075]:0
(0,075,0,1]:0
(0,1,0,25]:2
(0,25,0,5]:0
(0,5,0,75]:0
(0,75,1]:0
(1,2,5]:0
(2,5,5]:0
(5,7,5]:0
(7,5,10]:0
(10,+Infinity]:0
Resource associated with Activity:
    server.address: localhost
    http.request.method: POST
    telemetry.sdk.name: opentelemetry
    url.scheme: http
    telemetry.sdk.language: dotnet
Activity.TraceFlags:         Recorded
    telemetry.sdk.version: 1.14.0
    url.path: /api/subscriptions/contract
Activity.DisplayName:        POST api/auth/register/customer
    service.name: unknown_service:testhost
    network.protocol.version: 1.1
    http.route: api/subscriptions/contract
    http.response.status_code: 400
Activity.TraceId:            4351e3e93b6ec5bdd64db3162ba46cb5
Activity.Kind:               Server
Instrumentation scope (ActivitySource):
    telemetry.sdk.version: 1.14.0
    Name: Microsoft.AspNetCore
Activity.StartTime:          2026-06-08T01:29:10.7053723Z
Resource associated with Activity:
Activity.Duration:           00:00:00.2745155
    service.name: unknown_service:testhost
    telemetry.sdk.name: opentelemetry
    telemetry.sdk.language: dotnet
[22:29:11 INF] Executing OkObjectResult, writing value of type 'Urbeat.Application.DTOs.AuthTokenResponseDto'.
Activity.Tags:
Activity.TraceId:            a767b4faca46af23c20ee8f11f4d1152
    telemetry.sdk.version: 1.14.0
Activity.SpanId:             ea7c40c6d4050aa3
    service.name: unknown_service:testhost
    server.address: localhost
    http.request.method: POST
Activity.TraceFlags:         Recorded
    url.scheme: http
Activity.DisplayName:        POST api/auth/login/admin
Activity.Kind:               Server
[22:29:11 INF] Request starting HTTP/1.1 POST http://localhost/api/stores - application/json; charset=utf-8 null
    url.path: /api/auth/register/customer
Activity.StartTime:          2026-06-08T01:29:10.6034762Z
    network.protocol.version: 1.1
Activity.Duration:           00:00:00.1330368
    http.route: api/auth/register/customer
Activity.Tags:
Activity.TraceId:            4219fc294d512c1c0db02967e68474dc
[22:29:11 INF] Executed action method Urbeat.WebApi.Controllers.AuthController.RegisterSeller (Urbeat.WebApi), returned result Microsoft.AspNetCore.Mvc.ObjectResult in 121.1781ms.
Activity.SpanId:             79d0f8759a94df56
    http.response.status_code: 201
Activity.TraceFlags:         Recorded
Instrumentation scope (ActivitySource):
    Name: Microsoft.AspNetCore
Activity.DisplayName:        POST api/auth/login/seller
Resource associated with Activity:
[22:29:11 INF] Executed action Urbeat.WebApi.Controllers.AuthController.LoginSeller (Urbeat.WebApi) in 244.5391ms
Activity.Kind:               Server
(2026-06-08T01:29:09.0015787Z, 2026-06-08T01:29:10.9374047Z] http.request.method: GET http.response.status_code: 200 http.route: api/stores/{storeId}/business-hours network.protocol.version: 1.1 url.scheme: http
Value: Sum: 0.0792573 Count: 1 Min: 0.0792573 Max: 0.0792573 
(-Infinity,0,005]:0
(0,005,0,01]:0
(0,01,0,025]:0
(0,025,0,05]:0
(0,05,0,075]:0
(0,075,0,1]:1
(0,1,0,25]:0
(0,25,0,5]:0
(0,5,0,75]:0
(0,75,1]:0
(1,2,5]:0
(2,5,5]:0
(5,7,5]:0
(7,5,10]:0
(10,+Infinity]:0
    telemetry.sdk.name: opentelemetry
    telemetry.sdk.language: dotnet
Activity.StartTime:          2026-06-08T01:29:10.7726411Z
    telemetry.sdk.version: 1.14.0
Activity.Duration:           00:00:00.2434761
    service.name: unknown_service:testhost
Activity.Tags:
[22:29:11 WRN] Failed to process the job 'f99c0ee3-e3c0-4c19-9044-9cdafb7d21c0': an exception occurred. Retry attempt 1 of 10 will be performed in 00:00:36.
System.ObjectDisposedException: Cannot access a disposed object.
Object name: 'IServiceProvider'.
   at Microsoft.Extensions.DependencyInjection.ServiceLookup.ThrowHelper.ThrowObjectDisposedException()
   at Microsoft.Extensions.DependencyInjection.ServiceProvider.CreateScope()
   at Hangfire.AspNetCore.AspNetCoreJobActivator.BeginScope(JobActivatorContext context) in C:\projects\hangfire-525\src\Hangfire.NetCore\AspNetCore\AspNetCoreJobActivator.cs:line 34
   at Hangfire.JobActivator.BeginScope(PerformContext context) in C:\projects\hangfire-525\src\Hangfire.Core\JobActivator.cs:line 66
   at Hangfire.Server.CoreBackgroundJobPerformer.Perform(PerformContext context) in C:\projects\hangfire-525\src\Hangfire.Core\Server\CoreBackgroundJobPerformer.cs:line 49
   at Hangfire.Server.BackgroundJobPerformer.InvokeNextServerFilter(Enumerator& enumerator, IBackgroundJobPerformer innerPerformer, PerformContext context, PerformingContext preContext) in C:\projects\hangfire-525\src\Hangfire.Core\Server\BackgroundJobPerformer.cs:line 133
   at Hangfire.Server.BackgroundJobPerformer.InvokeServerFilter(Enumerator& enumerator, IBackgroundJobPerformer innerPerformer, PerformContext context, PerformingContext preContext) in C:\projects\hangfire-525\src\Hangfire.Core\Server\BackgroundJobPerformer.cs:line 174
   at Hangfire.Server.BackgroundJobPerformer.InvokeNextServerFilter(Enumerator& enumerator, IBackgroundJobPerformer innerPerformer, PerformContext context, PerformingContext preContext) in C:\projects\hangfire-525\src\Hangfire.Core\Server\BackgroundJobPerformer.cs:line 130
   at Hangfire.Server.BackgroundJobPerformer.PerformJobWithFilters(PerformContext context, FilterCollection`1 filters) in C:\projects\hangfire-525\src\Hangfire.Core\Server\BackgroundJobPerformer.cs:line 119
   at Hangfire.Server.BackgroundJobPerformer.Perform(PerformContext context) in C:\projects\hangfire-525\src\Hangfire.Core\Server\BackgroundJobPerformer.cs:line 78
   at Hangfire.Server.Worker.PerformJob(BackgroundProcessContext context, IStorageConnection connection, String jobId, BackgroundJob backgroundJob, IReadOnlyDictionary`2& customData) in C:\projects\hangfire-525\src\Hangfire.Core\Server\Worker.cs:line 320
(2026-06-08T01:29:09.0015787Z, 2026-06-08T01:29:10.9374047Z] http.request.method: PUT http.response.status_code: 200 http.route: api/stores/{storeId}/categories/{categoryId} network.protocol.version: 1.1 url.scheme: http
Value: Sum: 0.183621 Count: 1 Min: 0.183621 Max: 0.183621 
(-Infinity,0,005]:0
(0,005,0,01]:0
(0,01,0,025]:0
(0,025,0,05]:0
(0,05,0,075]:0
(0,075,0,1]:0
(0,1,0,25]:1
(0,25,0,5]:0
(0,5,0,75]:0
(0,75,1]:0
(1,2,5]:0
(2,5,5]:0
(5,7,5]:0
(7,5,10]:0
(10,+Infinity]:0
[22:29:11 INF] Server fabio-mobile:44964:576a6a59 caught stopping signal...
(2026-06-08T01:29:09.0015787Z, 2026-06-08T01:29:10.9374047Z] http.request.method: GET http.response.status_code: 404 http.route: api/public/stores/{storeId} network.protocol.version: 1.1 url.scheme: http
Value: Sum: 0.1438145 Count: 1 Min: 0.1438145 Max: 0.1438145 
(-Infinity,0,005]:0
(0,005,0,01]:0
(0,01,0,025]:0
(0,025,0,05]:0
(0,05,0,075]:0
(0,075,0,1]:0
(0,1,0,25]:1
(0,25,0,5]:0
(0,5,0,75]:0
(0,75,1]:0
(1,2,5]:0
(2,5,5]:0
(5,7,5]:0
(7,5,10]:0
(10,+Infinity]:0
[22:29:11 INF] Request starting HTTP/1.1 PATCH http://localhost/api/stores/019ea4d9-15f0-7645-b91c-26bc5304e599/status - application/json; charset=utf-8 null
Activity.TraceId:            d14c40a24060fbfbea1aee9ca2740eb7
Activity.SpanId:             aca3e5f9203ecb22
[22:29:11 INF] Executed endpoint 'Urbeat.WebApi.Controllers.AuthController.LoginSeller (Urbeat.WebApi)'
(2026-06-08T01:29:09.0015787Z, 2026-06-08T01:29:10.9374047Z] http.request.method: POST http.response.status_code: 400 http.route: api/stores/{storeId}/products network.protocol.version: 1.1 url.scheme: http
Value: Sum: 0.2368922 Count: 1 Min: 0.2368922 Max: 0.2368922 
(-Infinity,0,005]:0
(0,005,0,01]:0
(0,01,0,025]:0
(0,025,0,05]:0
(0,05,0,075]:0
(0,075,0,1]:0
(0,1,0,25]:1
(0,25,0,5]:0
(0,5,0,75]:0
(0,75,1]:0
(1,2,5]:0
(2,5,5]:0
(5,7,5]:0
(7,5,10]:0
(10,+Infinity]:0
Activity.TraceFlags:         Recorded
Activity.TraceId:            82b58302f6adfa0d92cd81c992f4e593
Activity.DisplayName:        POST api/auth/register/seller
Activity.SpanId:             ff71638d6e028085
Activity.Kind:               Server
[22:29:11 INF] Executed action Urbeat.WebApi.Controllers.AuthController.LoginSeller (Urbeat.WebApi) in 155.9643ms
Activity.TraceFlags:         Recorded
(2026-06-08T01:29:09.0015787Z, 2026-06-08T01:29:10.9374047Z] http.request.method: PATCH http.response.status_code: 409 http.route: api/stores/{storeId}/status network.protocol.version: 1.1 url.scheme: http
Value: Sum: 0.1856852 Count: 1 Min: 0.1856852 Max: 0.1856852 
(-Infinity,0,005]:0
(0,005,0,01]:0
(0,01,0,025]:0
(0,025,0,05]:0
(0,05,0,075]:0
(0,075,0,1]:0
(0,1,0,25]:1
(0,25,0,5]:0
(0,5,0,75]:0
(0,75,1]:0
(1,2,5]:0
(2,5,5]:0
(5,7,5]:0
(7,5,10]:0
(10,+Infinity]:0
Activity.DisplayName:        POST api/stores
Activity.StartTime:          2026-06-08T01:29:10.6054340Z
Activity.Kind:               Server
Activity.Duration:           00:00:00.1668614
Activity.Tags:
    server.address: localhost
Activity.StartTime:          2026-06-08T01:29:10.4867977Z
    http.request.method: POST
    url.scheme: http
Activity.Duration:           00:00:00.2489969
    url.path: /api/auth/register/seller
Activity.Tags:
    network.protocol.version: 1.1
Metric Name: dotnet.gc.collections, Description: The number of garbage collections that have occurred since the process has started., Unit: {collection}, Metric Type: LongSum
    http.route: api/auth/register/seller
    server.address: localhost
Instrumentation scope (Meter):
    http.request.method: POST
	Name: System.Runtime
(2026-06-08T01:29:09.0016843Z, 2026-06-08T01:29:10.9374060Z] gc.heap.generation: gen2
Value: 6
(2026-06-08T01:29:09.0016843Z, 2026-06-08T01:29:10.9374060Z] gc.heap.generation: gen1
Value: 14
(2026-06-08T01:29:09.0016843Z, 2026-06-08T01:29:10.9374060Z] gc.heap.generation: gen0
Value: 37
Metric Name: dotnet.process.memory.working_set, Description: The number of bytes of physical memory mapped to the process context., Unit: By, Metric Type: LongSumNonMonotonic
Instrumentation scope (Meter):
	Name: System.Runtime
(2026-06-08T01:29:09.0016959Z, 2026-06-08T01:29:10.9374065Z]  
Value: 321851392
Metric Name: dotnet.gc.heap.total_allocated, Description: The approximate number of bytes allocated on the managed GC heap since the process has started. The returned value does not include any native allocations., Unit: By, Metric Type: LongSum
Instrumentation scope (Meter):
	Name: System.Runtime
(2026-06-08T01:29:09.0017065Z, 2026-06-08T01:29:10.9374067Z]  
Value: 411961936
Metric Name: dotnet.gc.last_collection.memory.committed_size, Description: The amount of committed virtual memory in use by the .NET GC, as observed during the latest garbage collection., Unit: By, Metric Type: LongSumNonMonotonic
Instrumentation scope (Meter):
	Name: System.Runtime
Activity.TraceId:            35bd80ecb5f77e7cc4400ea31b0161fa
(2026-06-08T01:29:09.0017179Z, 2026-06-08T01:29:10.9374072Z]  
Value: 166264832
Activity.SpanId:             d5b6ea674797ee82
Activity.TraceFlags:         Recorded
    server.address: localhost
Metric Name: dotnet.gc.last_collection.heap.size, Description: The managed GC heap size (including fragmentation), as observed during the latest garbage collection., Unit: By, Metric Type: LongSumNonMonotonic
    http.request.method: POST
Instrumentation scope (Meter):
    url.scheme: http
	Name: System.Runtime
    url.path: /api/auth/login/admin
    network.protocol.version: 1.1
(2026-06-08T01:29:09.0017293Z, 2026-06-08T01:29:10.9374077Z] gc.heap.generation: gen0
Value: 2750296
    http.route: api/auth/login/admin
    http.response.status_code: 200
(2026-06-08T01:29:09.0017293Z, 2026-06-08T01:29:10.9374077Z] gc.heap.generation: gen1
Value: 3256200
Instrumentation scope (ActivitySource):
    Name: Microsoft.AspNetCore
(2026-06-08T01:29:09.0017293Z, 2026-06-08T01:29:10.9374077Z] gc.heap.generation: gen2
Value: 66271128
Resource associated with Activity:
(2026-06-08T01:29:09.0017293Z, 2026-06-08T01:29:10.9374077Z] gc.heap.generation: loh
Value: 86410864
    telemetry.sdk.name: opentelemetry
    telemetry.sdk.language: dotnet
(2026-06-08T01:29:09.0017293Z, 2026-06-08T01:29:10.9374077Z] gc.heap.generation: poh
Value: 123736
    telemetry.sdk.version: 1.14.0
    service.name: unknown_service:testhost
Metric Name: dotnet.gc.last_collection.heap.fragmentation.size, Description: The heap fragmentation, as observed during the latest garbage collection., Unit: By, Metric Type: LongSumNonMonotonic
Instrumentation scope (Meter):
    server.address: localhost
    http.request.method: POST
    url.scheme: http
	Name: System.Runtime
    url.path: /api/auth/login/seller
(2026-06-08T01:29:09.0017406Z, 2026-06-08T01:29:10.9374081Z] gc.heap.generation: gen0
Value: 2733112
[22:29:11 INF] Executed endpoint 'Urbeat.WebApi.Controllers.AuthController.LoginSeller (Urbeat.WebApi)'
(2026-06-08T01:29:09.0017406Z, 2026-06-08T01:29:10.9374081Z] gc.heap.generation: gen1
Value: 1492072
[22:29:11 INF] Server fabio-mobile:44964:576a6a59 All dispatchers stopped
(2026-06-08T01:29:09.0017406Z, 2026-06-08T01:29:10.9374081Z] gc.heap.generation: gen2
Value: 3103960
(2026-06-08T01:29:09.0017406Z, 2026-06-08T01:29:10.9374081Z] gc.heap.generation: loh
Value: 727880
(2026-06-08T01:29:09.0017406Z, 2026-06-08T01:29:10.9374081Z] gc.heap.generation: poh
Value: 0
Metric Name: dotnet.gc.pause.time, Description: The total amount of time paused in GC since the process has started., Unit: s, Metric Type: DoubleSum
Instrumentation scope (Meter):
	Name: System.Runtime
[22:29:11 INF] Executing endpoint 'Urbeat.WebApi.Controllers.StoresController.UpdateStatus (Urbeat.WebApi)'
(2026-06-08T01:29:09.0017581Z, 2026-06-08T01:29:10.9374091Z]  
Value: 0.531297
Metric Name: dotnet.jit.compiled_il.size, Description: Count of bytes of intermediate language that have been compiled since the process has started., Unit: By, Metric Type: LongSum
[22:29:11 INF] Executing endpoint 'Urbeat.WebApi.Controllers.StoresController.Create (Urbeat.WebApi)'
Instrumentation scope (Meter):
	Name: System.Runtime
(2026-06-08T01:29:09.0017686Z, 2026-06-08T01:29:10.9374097Z]  
Value: 2101256
Metric Name: dotnet.jit.compiled_methods, Description: The number of times the JIT compiler (re)compiled methods since the process has started., Unit: {method}, Metric Type: LongSum
Instrumentation scope (Meter):
	Name: System.Runtime
(2026-06-08T01:29:09.0017847Z, 2026-06-08T01:29:10.9374101Z]  
Value: 31822
Metric Name: dotnet.jit.compilation.time, Description: The number of times the JIT compiler (re)compiled methods since the process has started., Unit: s, Metric Type: DoubleSum
Instrumentation scope (Meter):
    url.scheme: http
	Name: System.Runtime
[22:29:11 INF] Route matched with {action = "UpdateStatus", controller = "Stores"}. Executing controller action with signature System.Threading.Tasks.Task`1[Microsoft.AspNetCore.Mvc.IActionResult] UpdateStatus(System.Guid, Urbeat.Application.DTOs.UpdateStoreStatusRequestDto, System.Threading.CancellationToken) on controller Urbeat.WebApi.Controllers.StoresController (Urbeat.WebApi).
    url.path: /api/stores
(2026-06-08T01:29:09.0017979Z, 2026-06-08T01:29:10.9374106Z]  
Value: 5.2656616
    network.protocol.version: 1.1
Metric Name: dotnet.monitor.lock_contentions, Description: The number of times there was contention when trying to acquire a monitor lock since the process has started., Unit: {contention}, Metric Type: LongSum
Instrumentation scope (Meter):
    http.response.status_code: 201
    http.route: api/stores
	Name: System.Runtime
    http.response.status_code: 201
[22:29:11 INF] Saved 1 entities to in-memory store.
(2026-06-08T01:29:09.0018112Z, 2026-06-08T01:29:10.9374108Z]  
Value: 4050
[22:29:11 INF] Request finished HTTP/1.1 POST http://localhost/api/auth/login/seller - 200 null application/json; charset=utf-8 190.4343ms
Metric Name: dotnet.thread_pool.thread.count, Description: The number of thread pool threads that currently exist., Unit: {thread}, Metric Type: LongSum
Instrumentation scope (Meter):
	Name: System.Runtime
[22:29:11 INF] Executing ObjectResult, writing value of type '<>f__AnonymousType2`3[[System.Nullable`1[[System.Guid, System.Private.CoreLib, Version=9.0.0.0, Culture=neutral, PublicKeyToken=7cec85d7bea7798e]], System.Private.CoreLib, Version=9.0.0.0, Culture=neutral, PublicKeyToken=7cec85d7bea7798e],[System.Boolean, System.Private.CoreLib, Version=9.0.0.0, Culture=neutral, PublicKeyToken=7cec85d7bea7798e],[System.String, System.Private.CoreLib, Version=9.0.0.0, Culture=neutral, PublicKeyToken=7cec85d7bea7798e]]'.
(2026-06-08T01:29:09.0018224Z, 2026-06-08T01:29:10.9374113Z]  
Value: 36
Metric Name: dotnet.thread_pool.work_item.count, Description: The number of work items that the thread pool has completed since the process has started., Unit: {work_item}, Metric Type: LongSum
Instrumentation scope (Meter):
Activity.SpanId:             5dfaeb7ca56f6f52
	Name: System.Runtime
Activity.TraceFlags:         Recorded
(2026-06-08T01:29:09.0018332Z, 2026-06-08T01:29:10.9374115Z]  
Value: 1307
Activity.DisplayName:        POST api/stores
Metric Name: dotnet.thread_pool.queue.length, Description: The number of work items that are currently queued to be processed by the thread pool., Unit: {work_item}, Metric Type: LongSum
Activity.Kind:               Server
Instrumentation scope (Meter):
	Name: System.Runtime
(2026-06-08T01:29:09.0018438Z, 2026-06-08T01:29:10.9374119Z]  
Value: 0
Activity.StartTime:          2026-06-08T01:29:10.8136878Z
Metric Name: dotnet.timer.count, Description: The number of timer instances that are currently active. An active timer is registered to tick at some point in the future and has not yet been canceled., Unit: {timer}, Metric Type: LongSumNonMonotonic
Activity.Duration:           00:00:00.2022984
Instrumentation scope (Meter):
	Name: System.Runtime
(2026-06-08T01:29:09.0018616Z, 2026-06-08T01:29:10.9374122Z]  
Value: 32
[22:29:11 INF] Route matched with {action = "LoginCustomer", controller = "Auth"}. Executing controller action with signature System.Threading.Tasks.Task`1[Microsoft.AspNetCore.Mvc.IActionResult] LoginCustomer(Urbeat.Application.DTOs.LoginRequestDto, System.Threading.CancellationToken) on controller Urbeat.WebApi.Controllers.AuthController (Urbeat.WebApi).
Metric Name: dotnet.assembly.count, Description: The number of .NET assemblies that are currently loaded., Unit: {assembly}, Metric Type: LongSumNonMonotonic
Instrumentation scope (Meter):
Activity.Tags:
	Name: System.Runtime
    server.address: localhost
Activity.DisplayName:        POST api/subscriptions/contract
    http.request.method: POST
(2026-06-08T01:29:09.0018728Z, 2026-06-08T01:29:10.9374125Z]  
Value: 266
    url.scheme: http
Metric Name: dotnet.exceptions, Description: The number of exceptions that have been thrown in managed code., Unit: {exception}, Metric Type: LongSum
Instrumentation scope (Meter):
    url.path: /api/stores
Activity.Kind:               Server
	Name: System.Runtime
    network.protocol.version: 1.1
Activity.TraceId:            e9e1cab7e77a114b78f08876a547c66f
Activity.StartTime:          2026-06-08T01:29:10.8137796Z
    http.route: api/stores
(2026-06-08T01:29:09.0018832Z, 2026-06-08T01:29:10.9374131Z] error.type: InvalidOperationException
Value: 3
Activity.SpanId:             81582a57300956b7
    http.response.status_code: 201
Activity.TraceFlags:         Recorded
Activity.Duration:           00:00:00.2021285
Instrumentation scope (ActivitySource):
Activity.Tags:
    Name: Microsoft.AspNetCore
    server.address: localhost
Resource associated with Activity:
[22:29:11 INF] Executed action Urbeat.WebApi.Controllers.AuthController.RegisterSeller (Urbeat.WebApi) in 190.1129ms
    telemetry.sdk.name: opentelemetry
Activity.DisplayName:        POST api/auth/login/seller
    telemetry.sdk.language: dotnet
    telemetry.sdk.version: 1.14.0
    http.request.method: POST
[22:29:11 INF] Request starting HTTP/1.1 POST http://localhost/api/stores - application/json; charset=utf-8 null
Activity.Kind:               Server
[22:29:11 INF] Route matched with {action = "Create", controller = "Stores"}. Executing controller action with signature System.Threading.Tasks.Task`1[Microsoft.AspNetCore.Mvc.IActionResult] Create(Urbeat.Application.DTOs.CreateStoreRequestDto, System.Threading.CancellationToken) on controller Urbeat.WebApi.Controllers.StoresController (Urbeat.WebApi).
    url.scheme: http
Activity.StartTime:          2026-06-08T01:29:10.8618375Z
    url.path: /api/subscriptions/contract
Activity.Duration:           00:00:00.1905433
    network.protocol.version: 1.1
Activity.Tags:
    http.route: api/subscriptions/contract
[22:29:11 INF] Request finished HTTP/1.1 POST http://localhost/api/auth/login/seller - 200 null application/json; charset=utf-8 383.696ms
[22:29:11 INF] Executed endpoint 'Urbeat.WebApi.Controllers.AuthController.RegisterSeller (Urbeat.WebApi)'
    http.response.status_code: 400
[22:29:11 INF] Request starting HTTP/1.1 POST http://localhost/api/stores - application/json; charset=utf-8 null
Instrumentation scope (ActivitySource):
    Name: Microsoft.AspNetCore
Resource associated with Activity:
    telemetry.sdk.name: opentelemetry
    telemetry.sdk.language: dotnet
    telemetry.sdk.version: 1.14.0
    network.protocol.version: 1.1
    service.name: unknown_service:testhost
Instrumentation scope (ActivitySource):
Instrumentation scope (ActivitySource):
    Name: Microsoft.AspNetCore
    Name: Microsoft.AspNetCore
Resource associated with Activity:
Resource associated with Activity:
    telemetry.sdk.name: opentelemetry
(2026-06-08T01:29:09.0018832Z, 2026-06-08T01:29:10.9374131Z] error.type: SocketException
Value: 7
    telemetry.sdk.language: dotnet
    telemetry.sdk.name: opentelemetry
    telemetry.sdk.version: 1.14.0
    telemetry.sdk.language: dotnet
    service.name: unknown_service:testhost
    telemetry.sdk.version: 1.14.0
    service.name: unknown_service:testhost
    service.name: unknown_service:testhost
(2026-06-08T01:29:09.0018832Z, 2026-06-08T01:29:10.9374131Z] error.type: XunitException
Value: 32
Activity.TraceId:            82b58302f6adfa0d92cd81c992f4e593
Activity.TraceId:            56ba524cb8998794f5fd88fdb75abb81
Activity.SpanId:             ff71638d6e028085
(2026-06-08T01:29:09.0018832Z, 2026-06-08T01:29:10.9374131Z] error.type: ObjectDisposedException
Value: 37
Activity.SpanId:             4a25fc8878356adf
(2026-06-08T01:29:09.0018832Z, 2026-06-08T01:29:10.9374131Z] error.type: OperationCanceledException
Value: 35
Activity.TraceFlags:         Recorded
Activity.TraceFlags:         Recorded
Activity.DisplayName:        POST api/stores
Activity.DisplayName:        POST api/auth/login/seller
(2026-06-08T01:29:09.0018832Z, 2026-06-08T01:29:10.9374131Z] error.type: RuntimeBinderException
Value: 2
Activity.Kind:               Server
Activity.Kind:               Server
Metric Name: dotnet.process.cpu.count, Description: The number of processors available to the process., Unit: {cpu}, Metric Type: LongSumNonMonotonic
Instrumentation scope (Meter):
	Name: System.Runtime
(2026-06-08T01:29:09.0018936Z, 2026-06-08T01:29:10.9374133Z]  
Value: 12
Activity.StartTime:          2026-06-08T01:29:10.4867977Z
Activity.StartTime:          2026-06-08T01:29:10.7053152Z
Activity.Duration:           00:00:00.2489969
Metric Name: dotnet.process.cpu.time, Description: CPU time used by the process., Unit: s, Metric Type: DoubleSum
Instrumentation scope (Meter):
    server.address: localhost
Activity.Tags:
	Name: System.Runtime
    server.address: localhost
    http.request.method: POST
    http.request.method: POST
    url.scheme: http
    url.path: /api/stores
    url.scheme: http
    network.protocol.version: 1.1
    url.path: /api/auth/login/seller
    http.route: api/stores
(2026-06-08T01:29:09.0019054Z, 2026-06-08T01:29:10.9374137Z] cpu.mode: user
Value: 16.3125
    network.protocol.version: 1.1
    http.response.status_code: 201
(2026-06-08T01:29:09.0019054Z, 2026-06-08T01:29:10.9374137Z] cpu.mode: system
Value: 2.890625
    http.route: api/auth/login/seller
Metric Name: dns.lookup.duration, Description: Measures the time taken to perform a DNS lookup., Unit: s, Metric Type: Histogram
Instrumentation scope (Meter):
Instrumentation scope (ActivitySource):
    http.route: api/auth/login/seller
    Name: Microsoft.AspNetCore
    http.response.status_code: 200
Resource associated with Activity:
	Name: System.Net.NameResolution
    telemetry.sdk.name: opentelemetry
Instrumentation scope (ActivitySource):
    http.response.status_code: 200
    Name: Microsoft.AspNetCore
    telemetry.sdk.language: dotnet
Resource associated with Activity:
Instrumentation scope (ActivitySource):
    telemetry.sdk.version: 1.14.0
(2026-06-08T01:29:09.0019200Z, 2026-06-08T01:29:10.9374144Z] dns.question.name: localhost
Value: Sum: 0.0022903 Count: 3 Min: 0.0005828 Max: 0.0011086 
(-Infinity,0,005]:3
(0,005,0,01]:0
(0,01,0,025]:0
(0,025,0,05]:0
(0,05,0,075]:0
(0,075,0,1]:0
(0,1,0,25]:0
(0,25,0,5]:0
(0,5,0,75]:0
(0,75,1]:0
(1,2,5]:0
(2,5,5]:0
(5,7,5]:0
(7,5,10]:0
(10,+Infinity]:0
    service.name: unknown_service:testhost
Metric Name: aspnetcore.routing.match_attempts, Description: Number of requests that were attempted to be matched to an endpoint., Unit: {match_attempt}, Metric Type: LongSum
Instrumentation scope (Meter):
	Name: Microsoft.AspNetCore.Routing
(2026-06-08T01:29:09.0019323Z, 2026-06-08T01:29:10.9374156Z] aspnetcore.routing.is_fallback: false aspnetcore.routing.match_status: success http.route: api/stores
Value: 14
[22:29:11 INF] Server fabio-mobile:44964:576a6a59 successfully reported itself as stopped in 0,0231 ms
(2026-06-08T01:29:09.0019323Z, 2026-06-08T01:29:10.9374156Z] aspnetcore.routing.is_fallback: false aspnetcore.routing.match_status: success http.route: api/customer/addresses
Value: 5
(2026-06-08T01:29:09.0019323Z, 2026-06-08T01:29:10.9374156Z] aspnetcore.routing.is_fallback: false aspnetcore.routing.match_status: success http.route: api/auth/email/confirm
Value: 1
(2026-06-08T01:29:09.0019323Z, 2026-06-08T01:29:10.9374156Z] aspnetcore.routing.is_fallback: false aspnetcore.routing.match_status: success http.route: api/auth/register/seller
Value: 16
Activity.TraceId:            d14c40a24060fbfbea1aee9ca2740eb7
(2026-06-08T01:29:09.0019323Z, 2026-06-08T01:29:10.9374156Z] aspnetcore.routing.is_fallback: false aspnetcore.routing.match_status: success http.route: api/stores/{storeId}/status
Value: 5
[22:29:11 INF] Executing endpoint 'Urbeat.WebApi.Controllers.StoresController.Create (Urbeat.WebApi)'
Activity.SpanId:             aca3e5f9203ecb22
(2026-06-08T01:29:09.0019323Z, 2026-06-08T01:29:10.9374156Z] aspnetcore.routing.is_fallback: false aspnetcore.routing.match_status: success http.route: api/stores/{storeId}/categories/{categoryId}
Value: 2
Activity.TraceFlags:         Recorded
(2026-06-08T01:29:09.0019323Z, 2026-06-08T01:29:10.9374156Z] aspnetcore.routing.is_fallback: false aspnetcore.routing.match_status: success http.route: api/auth/login/seller
Value: 13
[22:29:11 INF] Executing action method Urbeat.WebApi.Controllers.StoresController.UpdateStatus (Urbeat.WebApi) - Validation state: Valid
Activity.DisplayName:        POST api/auth/register/seller
Activity.Kind:               Server
(2026-06-08T01:29:09.0019323Z, 2026-06-08T01:29:10.9374156Z] aspnetcore.routing.is_fallback: false aspnetcore.routing.match_status: success http.route: api/orders
Value: 3
[22:29:11 INF] Request finished HTTP/1.1 POST http://localhost/api/auth/register/seller - 201 null application/json; charset=utf-8 218.7297ms
Activity.StartTime:          2026-06-08T01:29:10.6054340Z
(2026-06-08T01:29:09.0019323Z, 2026-06-08T01:29:10.9374156Z] aspnetcore.routing.is_fallback: false aspnetcore.routing.match_status: success http.route: api/checkout/preview
Value: 2
[22:29:11 INF] Server fabio-mobile:44964:576a6a59 has been stopped in total 26,1204 ms
Activity.Duration:           00:00:00.1078583
Activity.Duration:           00:00:00.1668614
[22:29:11 INF] Executing action method Urbeat.WebApi.Controllers.StoresController.Create (Urbeat.WebApi) - Validation state: Valid
(2026-06-08T01:29:09.0019323Z, 2026-06-08T01:29:10.9374156Z] aspnetcore.routing.is_fallback: false aspnetcore.routing.match_status: success http.route: api/stores/my-store
Value: 1
Activity.Tags:
(2026-06-08T01:29:09.0019323Z, 2026-06-08T01:29:10.9374156Z] aspnetcore.routing.is_fallback: false aspnetcore.routing.match_status: success http.route: api/auth/email/confirm/{code}
Value: 1
    server.address: localhost
    telemetry.sdk.name: opentelemetry
    http.request.method: POST
[22:29:11 INF] Executing action method Urbeat.WebApi.Controllers.AuthController.LoginCustomer (Urbeat.WebApi) - Validation state: Valid
    telemetry.sdk.language: dotnet
(2026-06-08T01:29:09.0019323Z, 2026-06-08T01:29:10.9374156Z] aspnetcore.routing.is_fallback: false aspnetcore.routing.match_status: success http.route: api/stores/{storeId}/delivery-config
Value: 3
    telemetry.sdk.version: 1.14.0
    url.scheme: http
(2026-06-08T01:29:09.0019323Z, 2026-06-08T01:29:10.9374156Z] aspnetcore.routing.is_fallback: false aspnetcore.routing.match_status: success http.route: api/stores/{storeId}/categories
Value: 4
    service.name: unknown_service:testhost
    url.path: /api/auth/register/seller
[22:29:11 INF] Saved 2 entities to in-memory store.
(2026-06-08T01:29:09.0019323Z, 2026-06-08T01:29:10.9374156Z] aspnetcore.routing.is_fallback: false aspnetcore.routing.match_status: success http.route: api/auth/login/admin
Value: 3
    network.protocol.version: 1.1
Activity.TraceId:            4219fc294d512c1c0db02967e68474dc
    http.route: api/auth/register/seller
Activity.SpanId:             79d0f8759a94df56
(2026-06-08T01:29:09.0019323Z, 2026-06-08T01:29:10.9374156Z] aspnetcore.routing.is_fallback: false aspnetcore.routing.match_status: success http.route: api/auth/register/customer
Value: 4
[22:29:11 INF] Saved 1 entities to in-memory store.
Activity.TraceFlags:         Recorded
(2026-06-08T01:29:09.0019323Z, 2026-06-08T01:29:10.9374156Z] aspnetcore.routing.is_fallback: false aspnetcore.routing.match_status: success http.route: api/admin/plans
Value: 2
Activity.DisplayName:        POST api/auth/login/seller
    http.response.status_code: 201
Activity.Kind:               Server
(2026-06-08T01:29:09.0019323Z, 2026-06-08T01:29:10.9374156Z] aspnetcore.routing.is_fallback: false aspnetcore.routing.match_status: success http.route: api/subscriptions/contract
Value: 3
[22:29:11 INF] Route matched with {action = "Create", controller = "Stores"}. Executing controller action with signature System.Threading.Tasks.Task`1[Microsoft.AspNetCore.Mvc.IActionResult] Create(Urbeat.Application.DTOs.CreateStoreRequestDto, System.Threading.CancellationToken) on controller Urbeat.WebApi.Controllers.StoresController (Urbeat.WebApi).
(2026-06-08T01:29:09.0019323Z, 2026-06-08T01:29:10.9374156Z] aspnetcore.routing.is_fallback: false aspnetcore.routing.match_status: success http.route: api/admin/subscriptions/status
Value: 1
Activity.StartTime:          2026-06-08T01:29:10.7726411Z
(2026-06-08T01:29:09.0019323Z, 2026-06-08T01:29:10.9374156Z] aspnetcore.routing.is_fallback: false aspnetcore.routing.match_status: success http.route: api/auth/login/customer
Value: 3
Activity.Duration:           00:00:00.2434761
Instrumentation scope (ActivitySource):
(2026-06-08T01:29:09.0019323Z, 2026-06-08T01:29:10.9374156Z] aspnetcore.routing.is_fallback: false aspnetcore.routing.match_status: success http.route: api/admin/subscriptions/notifications/process
Value: 1
[22:29:11 INF] Executing endpoint 'Urbeat.WebApi.Controllers.StoresController.Create (Urbeat.WebApi)'
Activity.Tags:
    Name: Microsoft.AspNetCore
    server.address: localhost
(2026-06-08T01:29:09.0019323Z, 2026-06-08T01:29:10.9374156Z] aspnetcore.routing.is_fallback: false aspnetcore.routing.match_status: success http.route: api/stores/{storeId}/business-hours
Value: 2
    http.request.method: POST
Resource associated with Activity:
    url.scheme: http
    telemetry.sdk.name: opentelemetry
(2026-06-08T01:29:09.0019323Z, 2026-06-08T01:29:10.9374156Z] aspnetcore.routing.is_fallback: false aspnetcore.routing.match_status: success http.route: api/public/stores
Value: 2
    url.path: /api/auth/login/seller
    telemetry.sdk.language: dotnet
(2026-06-08T01:29:09.0019323Z, 2026-06-08T01:29:10.9374156Z] aspnetcore.routing.is_fallback: false aspnetcore.routing.match_status: success http.route: api/stores/{storeId}/products
Value: 1
    network.protocol.version: 1.1
    telemetry.sdk.version: 1.14.0
    http.route: api/auth/login/seller
    service.name: unknown_service:testhost
    http.response.status_code: 200
(2026-06-08T01:29:09.0019323Z, 2026-06-08T01:29:10.9374156Z] aspnetcore.routing.is_fallback: false aspnetcore.routing.match_status: success http.route: api/public/stores/{storeId}
Value: 1
Instrumentation scope (ActivitySource):
Metric Name: http.server.active_requests, Description: Number of active HTTP server requests., Unit: {request}, Metric Type: LongSumNonMonotonic
Instrumentation scope (Meter):
	Name: Microsoft.AspNetCore.Hosting
(2026-06-08T01:29:10.0718355Z, 2026-06-08T01:29:10.9374187Z] http.request.method: POST url.scheme: http
Value: 2
Metric Name: http.server.request.duration, Description: Duration of HTTP server requests., Unit: s, Metric Type: Histogram
Instrumentation scope (Meter):
	Name: Microsoft.AspNetCore.Hosting
(2026-06-08T01:29:10.0720119Z, 2026-06-08T01:29:10.9374196Z] http.request.method: POST http.response.status_code: 201 http.route: api/auth/register/seller network.protocol.version: 1.1 url.scheme: http
Value: Sum: 0.3972926 Count: 1 Min: 0.3972926 Max: 0.3972926 
(-Infinity,0,005]:0
(0,005,0,01]:0
(0,01,0,025]:0
(0,025,0,05]:0
(0,05,0,075]:0
(0,075,0,1]:0
(0,1,0,25]:0
(0,25,0,5]:1
(0,5,0,75]:0
(0,75,1]:0
(1,2,5]:0
(2,5,5]:0
(5,7,5]:0
(7,5,10]:0
(10,+Infinity]:0
Metric Name: aspnetcore.routing.match_attempts, Description: Number of requests that were attempted to be matched to an endpoint., Unit: {match_attempt}, Metric Type: LongSum
Instrumentation scope (Meter):
	Name: Microsoft.AspNetCore.Routing
(2026-06-08T01:29:10.1061336Z, 2026-06-08T01:29:10.9374201Z] aspnetcore.routing.is_fallback: false aspnetcore.routing.match_status: success http.route: api/auth/register/seller
Value: 1
(2026-06-08T01:29:10.1061336Z, 2026-06-08T01:29:10.9374201Z] aspnetcore.routing.is_fallback: false aspnetcore.routing.match_status: success http.route: api/auth/login/seller
Value: 1
(2026-06-08T01:29:10.1061336Z, 2026-06-08T01:29:10.9374201Z] aspnetcore.routing.is_fallback: false aspnetcore.routing.match_status: success http.route: api/auth/register/customer
Value: 1
    Name: Microsoft.AspNetCore
Resource associated with Activity:
Activity.Tags:
    telemetry.sdk.name: opentelemetry
    telemetry.sdk.language: dotnet
    telemetry.sdk.version: 1.14.0
    service.name: unknown_service:testhost
    server.address: localhost
    http.request.method: POST
Activity.TraceId:            4351e3e93b6ec5bdd64db3162ba46cb5
Activity.SpanId:             5dfaeb7ca56f6f52
Activity.TraceId:            82b58302f6adfa0d92cd81c992f4e593
Activity.SpanId:             ff71638d6e028085
[22:29:11 INF] Saved 1 entities to in-memory store.
Activity.TraceFlags:         Recorded
Activity.DisplayName:        POST api/stores
[22:29:11 INF] Saved 1 entities to in-memory store.
Activity.Kind:               Server
    Name: Microsoft.AspNetCore
Activity.StartTime:          2026-06-08T01:29:10.4867977Z
Resource associated with Activity:
Activity.Duration:           00:00:00.2489969
[22:29:11 INF] Saved 1 entities to in-memory store.
    telemetry.sdk.name: opentelemetry
    telemetry.sdk.language: dotnet
Activity.Tags:
    url.scheme: http
    telemetry.sdk.version: 1.14.0
    server.address: localhost
    service.name: unknown_service:testhost
    http.request.method: POST
    url.path: /api/auth/login/seller
    url.scheme: http
    network.protocol.version: 1.1
    url.path: /api/stores
    http.route: api/auth/login/seller
    network.protocol.version: 1.1
    http.response.status_code: 200
Instrumentation scope (ActivitySource):
Activity.TraceFlags:         Recorded
    Name: Microsoft.AspNetCore
Activity.DisplayName:        POST api/stores
Resource associated with Activity:
Activity.Kind:               Server
    telemetry.sdk.name: opentelemetry
    telemetry.sdk.language: dotnet
Activity.TraceId:            e9e1cab7e77a114b78f08876a547c66f
Activity.StartTime:          2026-06-08T01:29:10.8136878Z
Resource associated with Metrics:
Activity.Duration:           00:00:00.2022984
    telemetry.sdk.version: 1.14.0
Activity.Tags:
    service.name: unknown_service:testhost
    server.address: localhost
    http.request.method: POST
    url.scheme: http
Activity.TraceId:            56ba524cb8998794f5fd88fdb75abb81
    url.path: /api/stores
Activity.SpanId:             4a25fc8878356adf
    network.protocol.version: 1.1
Activity.TraceFlags:         Recorded
Activity.TraceId:            981904d2c92589448ebb4af05a235544
    http.route: api/stores
Activity.SpanId:             99ddccdb297fd91c
    http.response.status_code: 201
Activity.TraceFlags:         Recorded
Instrumentation scope (ActivitySource):
Activity.DisplayName:        POST api/auth/login/seller
    Name: Microsoft.AspNetCore
Activity.Kind:               Server
Resource associated with Activity:
Activity.StartTime:          2026-06-08T01:29:10.6685257Z
[22:29:11 INF] Saved 1 entities to in-memory store.
Activity.SpanId:             81582a57300956b7
Activity.TraceFlags:         Recorded
	telemetry.sdk.name: opentelemetry
Activity.DisplayName:        POST api/auth/login/seller
	telemetry.sdk.language: dotnet
	telemetry.sdk.version: 1.14.0
	service.name: unknown_service:testhost
Activity.Kind:               Server
    http.route: api/stores
Metric Name: http.server.active_requests, Description: Number of active HTTP server requests., Unit: {request}, Metric Type: LongSumNonMonotonic
Instrumentation scope (Meter):
    http.response.status_code: 201
	Name: Microsoft.AspNetCore.Hosting
Activity.StartTime:          2026-06-08T01:29:10.8618375Z
Instrumentation scope (ActivitySource):
(2026-06-08T01:29:04.1529529Z, 2026-06-08T01:29:11.0784498Z] http.request.method: GET url.scheme: http
Value: 0
    Name: Microsoft.AspNetCore
(2026-06-08T01:29:04.1529529Z, 2026-06-08T01:29:11.0784498Z] http.request.method: POST url.scheme: http
Value: 3
Resource associated with Activity:
(2026-06-08T01:29:04.1529529Z, 2026-06-08T01:29:11.0784498Z] http.request.method: PUT url.scheme: http
Value: 0
[22:29:11 INF] Executed action method Urbeat.WebApi.Controllers.StoresController.UpdateStatus (Urbeat.WebApi), returned result Microsoft.AspNetCore.Mvc.OkObjectResult in 0.7646ms.
    telemetry.sdk.name: opentelemetry
Activity.TraceId:            012b403915e9d31e377992fa225a827c
[22:29:11 INF] Executing action method Urbeat.WebApi.Controllers.StoresController.Create (Urbeat.WebApi) - Validation state: Valid
Activity.SpanId:             cf20f75b19f7b2f2
Activity.TraceFlags:         Recorded
Activity.DisplayName:        POST api/auth/login/seller
Activity.DisplayName:        POST api/auth/register/seller
Activity.Kind:               Server
Activity.Kind:               Server
Activity.StartTime:          2026-06-08T01:29:10.7053152Z
    telemetry.sdk.name: opentelemetry
Activity.Duration:           00:00:00.1078583
    telemetry.sdk.language: dotnet
Activity.Tags:
    telemetry.sdk.version: 1.14.0
Activity.StartTime:          2026-06-08T01:29:10.6054340Z
    service.name: unknown_service:testhost
Activity.Duration:           00:00:00.2557614
Activity.Tags:
    server.address: localhost
    http.request.method: POST
    url.scheme: http
    server.address: localhost
    http.request.method: POST
    url.scheme: http
    url.path: /api/auth/login/seller
    url.path: /api/auth/register/seller
    network.protocol.version: 1.1
    network.protocol.version: 1.1
    http.route: api/auth/login/seller
    http.route: api/auth/register/seller
    http.response.status_code: 200
    http.response.status_code: 201
Instrumentation scope (ActivitySource):
Instrumentation scope (ActivitySource):
    Name: Microsoft.AspNetCore
    Name: Microsoft.AspNetCore
Resource associated with Activity:
Resource associated with Activity:
    telemetry.sdk.name: opentelemetry
    telemetry.sdk.name: opentelemetry
    telemetry.sdk.language: dotnet
    telemetry.sdk.version: 1.14.0
    service.name: unknown_service:testhost
    telemetry.sdk.language: dotnet
    telemetry.sdk.version: 1.14.0
    service.name: unknown_service:testhost
[22:29:11 INF] Executing OkObjectResult, writing value of type 'Urbeat.Application.DTOs.StoreResponseDto'.
Activity.TraceId:            012b403915e9d31e377992fa225a827c
Activity.TraceId:            56ba524cb8998794f5fd88fdb75abb81
Activity.SpanId:             cf20f75b19f7b2f2
Activity.TraceFlags:         Recorded
Activity.TraceId:            6b5d284383f1467efe43e8b09c13928c
Activity.DisplayName:        POST api/auth/register/seller
Activity.SpanId:             3520f51219432d7a
Activity.Kind:               Server
Activity.SpanId:             4a25fc8878356adf
Activity.TraceFlags:         Recorded
Activity.TraceFlags:         Recorded
Activity.Duration:           00:00:00.3840728
Activity.DisplayName:        POST api/admin/plans
Activity.Tags:
Activity.StartTime:          2026-06-08T01:29:10.6054340Z
    server.address: localhost
Activity.Duration:           00:00:00.2557614
    http.request.method: POST
Activity.Kind:               Server
    url.scheme: http
Activity.Tags:
    url.path: /api/auth/login/seller
    server.address: localhost
    network.protocol.version: 1.1
    http.request.method: POST
Activity.StartTime:          2026-06-08T01:29:10.7368757Z
    http.route: api/auth/login/seller
Activity.Duration:           00:00:00.0762660
    http.response.status_code: 200
Activity.Tags:
    url.scheme: http
    server.address: localhost
Instrumentation scope (ActivitySource):
    url.path: /api/auth/register/seller
    http.request.method: POST
    Name: Microsoft.AspNetCore
    network.protocol.version: 1.1
Resource associated with Activity:
    url.scheme: http
    telemetry.sdk.name: opentelemetry
    url.path: /api/admin/plans
    telemetry.sdk.language: dotnet
    http.route: api/auth/register/seller
    telemetry.sdk.version: 1.14.0
    network.protocol.version: 1.1
    service.name: unknown_service:testhost
    http.response.status_code: 201
    http.route: api/admin/plans
    http.response.status_code: 201
Instrumentation scope (ActivitySource):
Instrumentation scope (ActivitySource):
    Name: Microsoft.AspNetCore
Resource associated with Activity:
    Name: Microsoft.AspNetCore
    telemetry.sdk.name: opentelemetry
Activity.Duration:           00:00:00.1905433
Activity.TraceId:            35bd80ecb5f77e7cc4400ea31b0161fa
    telemetry.sdk.language: dotnet
Resource associated with Activity:
Activity.SpanId:             d5b6ea674797ee82
Activity.Tags:
Activity.TraceFlags:         Recorded
    server.address: localhost
    telemetry.sdk.version: 1.14.0
    telemetry.sdk.name: opentelemetry
Activity.DisplayName:        POST api/subscriptions/contract
    http.request.method: POST
Activity.Kind:               Server
    url.scheme: http
    service.name: unknown_service:testhost
    url.path: /api/auth/login/seller
    network.protocol.version: 1.1
Activity.StartTime:          2026-06-08T01:29:10.8137796Z
    http.route: api/auth/login/seller
    telemetry.sdk.language: dotnet
Activity.Duration:           00:00:00.2021285
    telemetry.sdk.version: 1.14.0
Activity.Tags:
    http.response.status_code: 200
    server.address: localhost
Instrumentation scope (ActivitySource):
    http.request.method: POST
    Name: Microsoft.AspNetCore
    service.name: unknown_service:testhost
    url.scheme: http
Activity.TraceId:            e92f8f5bc518ac0fdff82eeb780fcb00
    url.path: /api/subscriptions/contract
Resource associated with Activity:
    network.protocol.version: 1.1
    telemetry.sdk.name: opentelemetry
Activity.TraceId:            6b5d284383f1467efe43e8b09c13928c
    http.route: api/subscriptions/contract
Activity.SpanId:             3520f51219432d7a
    telemetry.sdk.language: dotnet
Activity.TraceFlags:         Recorded
    http.response.status_code: 400
Activity.DisplayName:        POST api/admin/plans
    telemetry.sdk.version: 1.14.0
Instrumentation scope (ActivitySource):
    service.name: unknown_service:testhost
(2026-06-08T01:29:04.1529529Z, 2026-06-08T01:29:11.0784498Z] http.request.method: PATCH url.scheme: http
Value: 0
Activity.TraceId:            e9e1cab7e77a114b78f08876a547c66f
Activity.SpanId:             81582a57300956b7
Activity.TraceFlags:         Recorded
    telemetry.sdk.language: dotnet
(2026-06-08T01:29:04.1529529Z, 2026-06-08T01:29:11.0784498Z] http.request.method: DELETE url.scheme: http
Value: 0
Activity.DisplayName:        POST api/auth/login/seller
    telemetry.sdk.version: 1.14.0
Activity.Kind:               Server
Metric Name: http.server.request.duration, Description: Duration of HTTP server requests., Unit: s, Metric Type: Histogram
Instrumentation scope (Meter):
    service.name: unknown_service:testhost
	Name: Microsoft.AspNetCore.Hosting
Activity.StartTime:          2026-06-08T01:29:10.8618375Z
Activity.Duration:           00:00:00.1905433
Activity.Tags:
[22:29:11 INF] Saved 1 entities to in-memory store.
    server.address: localhost
    http.request.method: POST
(2026-06-08T01:29:04.1529688Z, 2026-06-08T01:29:11.0784760Z] http.request.method: GET http.response.status_code: 401 http.route: api/stores/{storeId}/categories network.protocol.version: 1.1 url.scheme: http
Value: Sum: 0.1887134 Count: 1 Min: 0.1887134 Max: 0.1887134 
(-Infinity,0,005]:0
(0,005,0,01]:0
(0,01,0,025]:0
(0,025,0,05]:0
(0,05,0,075]:0
(0,075,0,1]:0
(0,1,0,25]:1
(0,25,0,5]:0
(0,5,0,75]:0
(0,75,1]:0
(1,2,5]:0
(2,5,5]:0
(5,7,5]:0
(7,5,10]:0
(10,+Infinity]:0
    url.scheme: http
    url.path: /api/auth/login/seller
    network.protocol.version: 1.1
Activity.DisplayName:        POST api/auth/login/seller
Activity.TraceId:            981904d2c92589448ebb4af05a235544
Activity.Kind:               Server
[22:29:11 INF] Executed action Urbeat.WebApi.Controllers.StoresController.UpdateStatus (Urbeat.WebApi) in 26.6772ms
(2026-06-08T01:29:04.1529688Z, 2026-06-08T01:29:11.0784760Z] http.request.method: GET http.response.status_code: 403 http.route: api/customer/home network.protocol.version: 1.1 url.scheme: http
Value: Sum: 0.1794913 Count: 1 Min: 0.1794913 Max: 0.1794913 
(-Infinity,0,005]:0
(0,005,0,01]:0
(0,01,0,025]:0
(0,025,0,05]:0
(0,05,0,075]:0
(0,075,0,1]:0
(0,1,0,25]:1
(0,25,0,5]:0
(0,5,0,75]:0
(0,75,1]:0
(1,2,5]:0
(2,5,5]:0
(5,7,5]:0
(7,5,10]:0
(10,+Infinity]:0
Activity.SpanId:             74a79959c0b853ca
    Name: Microsoft.AspNetCore
Activity.TraceFlags:         Recorded
Activity.DisplayName:        GET api/public/stores
Activity.Kind:               Server
Activity.Kind:               Server
Activity.StartTime:          2026-06-08T01:29:10.7368757Z
Activity.StartTime:          2026-06-08T01:29:10.7047697Z
Activity.Duration:           00:00:00.0762660
Activity.Duration:           00:00:00.1909643
Activity.Tags:
Activity.TraceId:            adf87312dcd5c757a6e208ba6b6a2367
Activity.Tags:
Activity.SpanId:             f7d53bea03954c76
    server.address: localhost
Activity.TraceFlags:         Recorded
    server.address: localhost
    http.request.method: POST
    url.query: ?cuisineType=Redacted
    url.scheme: http
    http.request.method: GET
Activity.DisplayName:        POST api/auth/register/seller
    url.path: /api/admin/plans
Activity.Kind:               Server
    url.scheme: http
    network.protocol.version: 1.1
    url.path: /api/public/stores
    http.route: api/admin/plans
    network.protocol.version: 1.1
    http.response.status_code: 201
    http.route: api/public/stores
Activity.StartTime:          2026-06-08T01:29:10.8341714Z
Instrumentation scope (ActivitySource):
Activity.Duration:           00:00:00.2438463
    http.response.status_code: 200
    Name: Microsoft.AspNetCore
Activity.Tags:
Instrumentation scope (ActivitySource):
Resource associated with Activity:
    Name: Microsoft.AspNetCore
    server.address: localhost
Resource associated with Activity:
    telemetry.sdk.name: opentelemetry
    http.request.method: POST
    url.scheme: http
    telemetry.sdk.language: dotnet
    telemetry.sdk.name: opentelemetry
    url.path: /api/auth/register/seller
    telemetry.sdk.language: dotnet
    network.protocol.version: 1.1
    telemetry.sdk.version: 1.14.0
    http.route: api/auth/register/seller
    service.name: unknown_service:testhost
    telemetry.sdk.version: 1.14.0
    http.response.status_code: 201
    service.name: unknown_service:testhost
Instrumentation scope (ActivitySource):
    Name: Microsoft.AspNetCore
Resource associated with Activity:
    telemetry.sdk.name: opentelemetry
    telemetry.sdk.language: dotnet
Activity.SpanId:             99ddccdb297fd91c
Activity.TraceId:            e92f8f5bc518ac0fdff82eeb780fcb00
    telemetry.sdk.version: 1.14.0
Activity.TraceFlags:         Recorded
    service.name: unknown_service:testhost
Activity.TraceId:            2c9c872063b4f7024772358b04e5f285
Activity.DisplayName:        POST api/auth/login/seller
Activity.SpanId:             3479cf9272977385
Activity.Kind:               Server
Activity.TraceFlags:         Recorded
Activity.DisplayName:        POST api/auth/register/customer
Activity.StartTime:          2026-06-08T01:29:10.6685257Z
    http.route: api/auth/login/seller
Activity.Duration:           00:00:00.3840728
    http.response.status_code: 200
Activity.Tags:
    server.address: localhost
Activity.StartTime:          2026-06-08T01:29:10.7053152Z
    http.request.method: POST
Activity.Duration:           00:00:00.1078583
Instrumentation scope (ActivitySource):
    url.scheme: http
    Name: Microsoft.AspNetCore
    url.path: /api/auth/login/seller
Activity.Tags:
Resource associated with Activity:
    network.protocol.version: 1.1
    telemetry.sdk.name: opentelemetry
    server.address: localhost
    http.route: api/auth/login/seller
    http.request.method: POST
    telemetry.sdk.language: dotnet
    http.response.status_code: 200
    telemetry.sdk.version: 1.14.0
    url.scheme: http
    service.name: unknown_service:testhost
Instrumentation scope (ActivitySource):
    Name: Microsoft.AspNetCore
    url.path: /api/auth/login/seller
Resource associated with Activity:
    network.protocol.version: 1.1
    telemetry.sdk.name: opentelemetry
Activity.TraceId:            4351e3e93b6ec5bdd64db3162ba46cb5
    telemetry.sdk.language: dotnet
    http.route: api/auth/login/seller
    telemetry.sdk.version: 1.14.0
Activity.SpanId:             5dfaeb7ca56f6f52
    service.name: unknown_service:testhost
    http.response.status_code: 200
Activity.TraceFlags:         Recorded
Instrumentation scope (ActivitySource):
Activity.DisplayName:        POST api/stores
    Name: Microsoft.AspNetCore
Activity.Kind:               Server
Resource associated with Activity:
Activity.StartTime:          2026-06-08T01:29:10.8136878Z
Activity.Duration:           00:00:00.2022984
Activity.Tags:
    server.address: localhost
(2026-06-08T01:29:04.1529688Z, 2026-06-08T01:29:11.0784760Z] http.request.method: GET http.response.status_code: 400 http.route: api/address-lookup/cep/{cep} network.protocol.version: 1.1 url.scheme: http
Value: Sum: 0.214077 Count: 1 Min: 0.214077 Max: 0.214077 
(-Infinity,0,005]:0
(0,005,0,01]:0
(0,01,0,025]:0
(0,025,0,05]:0
(0,05,0,075]:0
(0,075,0,1]:0
(0,1,0,25]:1
(0,25,0,5]:0
(0,5,0,75]:0
(0,75,1]:0
(1,2,5]:0
(2,5,5]:0
(5,7,5]:0
(7,5,10]:0
(10,+Infinity]:0
[22:29:11 INF] Request starting HTTP/1.1 POST http://localhost/api/auth/login/seller - application/json; charset=utf-8 null
    telemetry.sdk.name: opentelemetry
    telemetry.sdk.language: dotnet
    http.request.method: POST
    telemetry.sdk.version: 1.14.0
    url.scheme: http
    url.path: /api/stores
    network.protocol.version: 1.1
    http.route: api/stores
[22:29:11 INF] Saved 1 entities to in-memory store.
(2026-06-08T01:29:04.1529688Z, 2026-06-08T01:29:11.0784760Z] http.request.method: GET http.response.status_code: 403 http.route: api/admin/dashboard network.protocol.version: 1.1 url.scheme: http
Value: Sum: 0.0062894 Count: 1 Min: 0.0062894 Max: 0.0062894 
(-Infinity,0,005]:0
(0,005,0,01]:1
(0,01,0,025]:0
(0,025,0,05]:0
(0,05,0,075]:0
(0,075,0,1]:0
(0,1,0,25]:0
(0,25,0,5]:0
(0,5,0,75]:0
(0,75,1]:0
(1,2,5]:0
(2,5,5]:0
(5,7,5]:0
(7,5,10]:0
(10,+Infinity]:0
    http.response.status_code: 201
Resource associated with Activity:
Instrumentation scope (ActivitySource):
(2026-06-08T01:29:04.1529688Z, 2026-06-08T01:29:11.0784760Z] http.request.method: GET http.response.status_code: 403 http.route: api/seller/panel network.protocol.version: 1.1 url.scheme: http
Value: Sum: 0.0081006 Count: 1 Min: 0.0081006 Max: 0.0081006 
(-Infinity,0,005]:0
(0,005,0,01]:1
(0,01,0,025]:0
(0,025,0,05]:0
(0,05,0,075]:0
(0,075,0,1]:0
(0,1,0,25]:0
(0,25,0,5]:0
(0,5,0,75]:0
(0,75,1]:0
(1,2,5]:0
(2,5,5]:0
(5,7,5]:0
(7,5,10]:0
(10,+Infinity]:0
    telemetry.sdk.name: opentelemetry
    Name: Microsoft.AspNetCore
Resource associated with Activity:
    telemetry.sdk.language: dotnet
    telemetry.sdk.name: opentelemetry
    telemetry.sdk.version: 1.14.0
    telemetry.sdk.language: dotnet
    service.name: unknown_service:testhost
(2026-06-08T01:29:04.1529688Z, 2026-06-08T01:29:11.0784760Z] http.request.method: GET http.response.status_code: 200 http.route: api/customer/home network.protocol.version: 1.1 url.scheme: http
Value: Sum: 0.0835938 Count: 1 Min: 0.0835938 Max: 0.0835938 
(-Infinity,0,005]:0
(0,005,0,01]:0
(0,01,0,025]:0
(0,025,0,05]:0
(0,05,0,075]:0
(0,075,0,1]:1
(0,1,0,25]:0
(0,25,0,5]:0
(0,5,0,75]:0
(0,75,1]:0
(1,2,5]:0
(2,5,5]:0
(5,7,5]:0
(7,5,10]:0
(10,+Infinity]:0
    telemetry.sdk.version: 1.14.0
    service.name: unknown_service:testhost
(2026-06-08T01:29:04.1529688Z, 2026-06-08T01:29:11.0784760Z] http.request.method: GET http.response.status_code: 200 http.route: api/admin/dashboard network.protocol.version: 1.1 url.scheme: http
Value: Sum: 0.0702009 Count: 1 Min: 0.0702009 Max: 0.0702009 
(-Infinity,0,005]:0
(0,005,0,01]:0
(0,01,0,025]:0
(0,025,0,05]:0
(0,05,0,075]:1
(0,075,0,1]:0
(0,1,0,25]:0
(0,25,0,5]:0
(0,5,0,75]:0
(0,75,1]:0
(1,2,5]:0
(2,5,5]:0
(5,7,5]:0
(7,5,10]:0
(10,+Infinity]:0
Activity.TraceId:            35bd80ecb5f77e7cc4400ea31b0161fa
Activity.SpanId:             74a79959c0b853ca
Activity.TraceId:            4219fc294d512c1c0db02967e68474dc
(2026-06-08T01:29:04.1529688Z, 2026-06-08T01:29:11.0784760Z] http.request.method: GET http.response.status_code: 200 http.route: api/seller/panel network.protocol.version: 1.1 url.scheme: http
Value: Sum: 0.0039645 Count: 1 Min: 0.0039645 Max: 0.0039645 
(-Infinity,0,005]:1
(0,005,0,01]:0
(0,01,0,025]:0
(0,025,0,05]:0
(0,05,0,075]:0
(0,075,0,1]:0
(0,1,0,25]:0
(0,25,0,5]:0
(0,5,0,75]:0
(0,75,1]:0
(1,2,5]:0
(2,5,5]:0
(5,7,5]:0
(7,5,10]:0
(10,+Infinity]:0
Activity.SpanId:             79d0f8759a94df56
(2026-06-08T01:29:04.1529688Z, 2026-06-08T01:29:11.0784760Z] http.request.method: GET http.response.status_code: 401 http.route: api/seller/panel network.protocol.version: 1.1 url.scheme: http
Value: Sum: 0.0475293 Count: 1 Min: 0.0475293 Max: 0.0475293 
(-Infinity,0,005]:0
(0,005,0,01]:0
(0,01,0,025]:0
(0,025,0,05]:1
(0,05,0,075]:0
(0,075,0,1]:0
(0,1,0,25]:0
(0,25,0,5]:0
(0,5,0,75]:0
(0,75,1]:0
(1,2,5]:0
(2,5,5]:0
(5,7,5]:0
(7,5,10]:0
(10,+Infinity]:0
Activity.TraceFlags:         Recorded
Activity.DisplayName:        POST api/auth/login/seller
Activity.Kind:               Server
(2026-06-08T01:29:04.1529688Z, 2026-06-08T01:29:11.0784760Z] http.request.method: POST http.response.status_code: 200 http.route: api/auth/login/admin network.protocol.version: 1.1 url.scheme: http
Value: Sum: 1.2113599 Count: 6 Min: 0.0830577 Max: 0.4766453 
(-Infinity,0,005]:0
(0,005,0,01]:0
(0,01,0,025]:0
(0,025,0,05]:0
(0,05,0,075]:0
(0,075,0,1]:1
(0,1,0,25]:4
(0,25,0,5]:1
(0,5,0,75]:0
(0,75,1]:0
(1,2,5]:0
(2,5,5]:0
(5,7,5]:0
(7,5,10]:0
(10,+Infinity]:0
Activity.Kind:               Server
(2026-06-08T01:29:04.1529688Z, 2026-06-08T01:29:11.0784760Z] http.request.method: POST http.response.status_code: 201 http.route: api/auth/register/seller network.protocol.version: 1.1 url.scheme: http
Value: Sum: 7.5555847000000025 Count: 27 Min: 0.0795934 Max: 0.6480225 
(-Infinity,0,005]:0
(0,005,0,01]:0
(0,01,0,025]:0
(0,025,0,05]:0
(0,05,0,075]:0
(0,075,0,1]:1
(0,1,0,25]:17
(0,25,0,5]:2
(0,5,0,75]:7
(0,75,1]:0
(1,2,5]:0
(2,5,5]:0
(5,7,5]:0
(7,5,10]:0
(10,+Infinity]:0
Activity.StartTime:          2026-06-08T01:29:10.7053723Z
Activity.Duration:           00:00:00.2745155
Activity.Tags:
Activity.TraceId:            e9e1cab7e77a114b78f08876a547c66f
    server.address: localhost
    http.request.method: POST
(2026-06-08T01:29:04.1529688Z, 2026-06-08T01:29:11.0784760Z] http.request.method: POST http.response.status_code: 201 http.route: api/auth/register/customer network.protocol.version: 1.1 url.scheme: http
Value: Sum: 2.2656847 Count: 9 Min: 0.1042389 Max: 0.6151793 
(-Infinity,0,005]:0
(0,005,0,01]:0
(0,01,0,025]:0
(0,025,0,05]:0
(0,05,0,075]:0
(0,075,0,1]:0
(0,1,0,25]:5
(0,25,0,5]:3
(0,5,0,75]:1
(0,75,1]:0
(1,2,5]:0
(2,5,5]:0
(5,7,5]:0
(7,5,10]:0
(10,+Infinity]:0
Activity.SpanId:             81582a57300956b7
    url.scheme: http
Activity.TraceFlags:         Recorded
    url.path: /api/auth/register/customer
Activity.DisplayName:        POST api/auth/login/seller
    network.protocol.version: 1.1
Activity.Kind:               Server
    service.name: unknown_service:testhost
(2026-06-08T01:29:04.1529688Z, 2026-06-08T01:29:11.0784760Z] http.request.method: GET http.response.status_code: 401 http.route: api/admin/dashboard network.protocol.version: 1.1 url.scheme: http
Value: Sum: 0.0472334 Count: 1 Min: 0.0472334 Max: 0.0472334 
(-Infinity,0,005]:0
(0,005,0,01]:0
(0,01,0,025]:0
(0,025,0,05]:1
(0,05,0,075]:0
(0,075,0,1]:0
(0,1,0,25]:0
(0,25,0,5]:0
(0,5,0,75]:0
(0,75,1]:0
(1,2,5]:0
(2,5,5]:0
(5,7,5]:0
(7,5,10]:0
(10,+Infinity]:0
    http.route: api/auth/register/customer
Activity.StartTime:          2026-06-08T01:29:10.8618375Z
Activity.TraceId:            012b403915e9d31e377992fa225a827c
(2026-06-08T01:29:04.1529688Z, 2026-06-08T01:29:11.0784760Z] http.request.method: GET http.response.status_code: 401 http.route: api/customer/home network.protocol.version: 1.1 url.scheme: http
Value: Sum: 0.0376968 Count: 1 Min: 0.0376968 Max: 0.0376968 
(-Infinity,0,005]:0
(0,005,0,01]:0
(0,01,0,025]:0
(0,025,0,05]:1
(0,05,0,075]:0
(0,075,0,1]:0
(0,1,0,25]:0
(0,25,0,5]:0
(0,5,0,75]:0
(0,75,1]:0
(1,2,5]:0
(2,5,5]:0
(5,7,5]:0
(7,5,10]:0
(10,+Infinity]:0
Activity.Duration:           00:00:00.1905433
Activity.SpanId:             cf20f75b19f7b2f2
(2026-06-08T01:29:04.1529688Z, 2026-06-08T01:29:11.0784760Z] http.request.method: POST http.response.status_code: 201 http.route: api/admin/plans network.protocol.version: 1.1 url.scheme: http
Value: Sum: 0.6144976 Count: 5 Min: 0.0746597 Max: 0.2358555 
(-Infinity,0,005]:0
(0,005,0,01]:0
(0,01,0,025]:0
(0,025,0,05]:0
(0,05,0,075]:1
(0,075,0,1]:2
(0,1,0,25]:2
(0,25,0,5]:0
(0,5,0,75]:0
(0,75,1]:0
(1,2,5]:0
(2,5,5]:0
(5,7,5]:0
(7,5,10]:0
(10,+Infinity]:0
Activity.Tags:
Activity.TraceFlags:         Recorded
    server.address: localhost
Activity.DisplayName:        POST api/auth/register/seller
    http.request.method: POST
Activity.Kind:               Server
    url.scheme: http
(2026-06-08T01:29:04.1529688Z, 2026-06-08T01:29:11.0784760Z] http.request.method: POST http.response.status_code: 200 http.route: api/auth/login/customer network.protocol.version: 1.1 url.scheme: http
Value: Sum: 1.0310823 Count: 5 Min: 0.105938 Max: 0.2854274 
(-Infinity,0,005]:0
(0,005,0,01]:0
(0,01,0,025]:0
(0,025,0,05]:0
(0,05,0,075]:0
(0,075,0,1]:0
(0,1,0,25]:4
(0,25,0,5]:1
(0,5,0,75]:0
(0,75,1]:0
(1,2,5]:0
(2,5,5]:0
(5,7,5]:0
(7,5,10]:0
(10,+Infinity]:0
Activity.StartTime:          2026-06-08T01:29:10.6054340Z
    url.path: /api/auth/login/seller
Activity.Duration:           00:00:00.2557614
    network.protocol.version: 1.1
Activity.Tags:
    server.address: localhost
(2026-06-08T01:29:04.1529688Z, 2026-06-08T01:29:11.0784760Z] http.request.method: POST http.response.status_code: 200 http.route: api/auth/login/seller network.protocol.version: 1.1 url.scheme: http
Value: Sum: 3.3716438 Count: 20 Min: 0.0901538 Max: 0.2976963 
(-Infinity,0,005]:0
(0,005,0,01]:0
(0,01,0,025]:0
(0,025,0,05]:0
(0,05,0,075]:0
(0,075,0,1]:2
(0,1,0,25]:16
(0,25,0,5]:2
(0,5,0,75]:0
(0,75,1]:0
(1,2,5]:0
(2,5,5]:0
(5,7,5]:0
(7,5,10]:0
(10,+Infinity]:0
    http.route: api/auth/login/seller
    http.request.method: POST
    url.scheme: http
    http.response.status_code: 200
    url.path: /api/auth/register/seller
Instrumentation scope (ActivitySource):
    Name: Microsoft.AspNetCore
Resource associated with Activity:
    telemetry.sdk.name: opentelemetry
    telemetry.sdk.language: dotnet
    telemetry.sdk.version: 1.14.0
Activity.TraceFlags:         Recorded
    service.name: unknown_service:testhost
Activity.DisplayName:        GET api/public/stores
Activity.TraceId:            adf87312dcd5c757a6e208ba6b6a2367
Activity.Kind:               Server
Activity.SpanId:             f7d53bea03954c76
Activity.StartTime:          2026-06-08T01:29:10.7047697Z
Activity.TraceFlags:         Recorded
Activity.TraceId:            4351e3e93b6ec5bdd64db3162ba46cb5
Activity.Duration:           00:00:00.1909643
Activity.SpanId:             5dfaeb7ca56f6f52
Activity.Tags:
Activity.TraceFlags:         Recorded
    server.address: localhost
Activity.DisplayName:        POST api/stores
    url.query: ?cuisineType=Redacted
Activity.Kind:               Server
    http.request.method: GET
Activity.StartTime:          2026-06-08T01:29:10.8136878Z
    url.scheme: http
Activity.Duration:           00:00:00.2022984
    url.path: /api/public/stores
    http.response.status_code: 201
Activity.Tags:
    network.protocol.version: 1.1
Instrumentation scope (ActivitySource):
    http.route: api/public/stores
    Name: Microsoft.AspNetCore
    http.response.status_code: 200
Resource associated with Activity:
Instrumentation scope (ActivitySource):
    telemetry.sdk.name: opentelemetry
    Name: Microsoft.AspNetCore
Activity.SpanId:             d5b6ea674797ee82
Resource associated with Activity:
    telemetry.sdk.language: dotnet
    telemetry.sdk.name: opentelemetry
Activity.TraceFlags:         Recorded
    telemetry.sdk.version: 1.14.0
Activity.DisplayName:        POST api/subscriptions/contract
(2026-06-08T01:29:04.1529688Z, 2026-06-08T01:29:11.0784760Z] http.request.method: POST http.response.status_code: 400 http.route: api/auth/email/confirm/{code} network.protocol.version: 1.1 url.scheme: http
Value: Sum: 0.3338337 Count: 4 Min: 0.0280381 Max: 0.2124374 
(-Infinity,0,005]:0
(0,005,0,01]:0
(0,01,0,025]:0
(0,025,0,05]:2
(0,05,0,075]:1
(0,075,0,1]:0
(0,1,0,25]:1
(0,25,0,5]:0
(0,5,0,75]:0
(0,75,1]:0
(1,2,5]:0
(2,5,5]:0
(5,7,5]:0
(7,5,10]:0
(10,+Infinity]:0
    service.name: unknown_service:testhost
Activity.Kind:               Server
    telemetry.sdk.language: dotnet
Activity.StartTime:          2026-06-08T01:29:10.8137796Z
    telemetry.sdk.version: 1.14.0
Activity.Duration:           00:00:00.2021285
    service.name: unknown_service:testhost
Activity.Tags:
Activity.TraceId:            e9e1cab7e77a114b78f08876a547c66f
(2026-06-08T01:29:04.1529688Z, 2026-06-08T01:29:11.0784760Z] http.request.method: POST http.response.status_code: 400 http.route: api/auth/email/resend-confirmation network.protocol.version: 1.1 url.scheme: http
Value: Sum: 0.2919295 Count: 2 Min: 0.0771669 Max: 0.2147626 
(-Infinity,0,005]:0
(0,005,0,01]:0
(0,01,0,025]:0
(0,025,0,05]:0
(0,05,0,075]:0
(0,075,0,1]:1
(0,1,0,25]:1
(0,25,0,5]:0
(0,5,0,75]:0
(0,75,1]:0
(1,2,5]:0
(2,5,5]:0
(5,7,5]:0
(7,5,10]:0
(10,+Infinity]:0
    network.protocol.version: 1.1
(2026-06-08T01:29:04.1529688Z, 2026-06-08T01:29:11.0784760Z] http.request.method: PUT http.response.status_code: 200 http.route: api/admin/plans/{planId} network.protocol.version: 1.1 url.scheme: http
Value: Sum: 0.0809147 Count: 1 Min: 0.0809147 Max: 0.0809147 
(-Infinity,0,005]:0
(0,005,0,01]:0
(0,01,0,025]:0
(0,025,0,05]:0
(0,05,0,075]:0
(0,075,0,1]:1
(0,1,0,25]:0
(0,25,0,5]:0
(0,5,0,75]:0
(0,75,1]:0
(1,2,5]:0
(2,5,5]:0
(5,7,5]:0
(7,5,10]:0
(10,+Infinity]:0
    http.route: api/auth/register/seller
(2026-06-08T01:29:04.1529688Z, 2026-06-08T01:29:11.0784760Z] http.request.method: PATCH http.response.status_code: 200 http.route: api/admin/plans/{planId}/status network.protocol.version: 1.1 url.scheme: http
Value: Sum: 0.0077534 Count: 1 Min: 0.0077534 Max: 0.0077534 
(-Infinity,0,005]:0
(0,005,0,01]:1
(0,01,0,025]:0
(0,025,0,05]:0
(0,05,0,075]:0
(0,075,0,1]:0
(0,1,0,25]:0
(0,25,0,5]:0
(0,5,0,75]:0
(0,75,1]:0
(1,2,5]:0
(2,5,5]:0
(5,7,5]:0
(7,5,10]:0
(10,+Infinity]:0
[22:29:11 INF] Executed action method Urbeat.WebApi.Controllers.AuthController.RegisterCustomer (Urbeat.WebApi), returned result Microsoft.AspNetCore.Mvc.ObjectResult in 99.172ms.
    http.response.status_code: 201
(2026-06-08T01:29:04.1529688Z, 2026-06-08T01:29:11.0784760Z] http.request.method: GET http.response.status_code: 200 http.route: /health network.protocol.version: 1.1 url.scheme: http
Value: Sum: 0.0093709 Count: 1 Min: 0.0093709 Max: 0.0093709 
(-Infinity,0,005]:0
(0,005,0,01]:1
(0,01,0,025]:0
(0,025,0,05]:0
(0,05,0,075]:0
(0,075,0,1]:0
(0,1,0,25]:0
(0,25,0,5]:0
(0,5,0,75]:0
(0,75,1]:0
(1,2,5]:0
(2,5,5]:0
(5,7,5]:0
(7,5,10]:0
(10,+Infinity]:0
Instrumentation scope (ActivitySource):
    Name: Microsoft.AspNetCore
[22:29:11 INF] Saved 1 entities to in-memory store.
Resource associated with Activity:
(2026-06-08T01:29:04.1529688Z, 2026-06-08T01:29:11.0784760Z] http.request.method: POST http.response.status_code: 400 http.route: api/stores network.protocol.version: 1.1 url.scheme: http
Value: Sum: 0.2921478 Count: 2 Min: 0.0445437 Max: 0.2476041 
(-Infinity,0,005]:0
(0,005,0,01]:0
(0,01,0,025]:0
(0,025,0,05]:1
(0,05,0,075]:0
(0,075,0,1]:0
(0,1,0,25]:1
(0,25,0,5]:0
(0,5,0,75]:0
(0,75,1]:0
(1,2,5]:0
(2,5,5]:0
(5,7,5]:0
(7,5,10]:0
(10,+Infinity]:0
Activity.DisplayName:        POST api/auth/register/seller
    telemetry.sdk.name: opentelemetry
(2026-06-08T01:29:04.1529688Z, 2026-06-08T01:29:11.0784760Z] http.request.method: GET http.response.status_code: 200 http.route: api/stores/cuisine-types network.protocol.version: 1.1 url.scheme: http
Value: Sum: 0.1734619 Count: 1 Min: 0.1734619 Max: 0.1734619 
(-Infinity,0,005]:0
(0,005,0,01]:0
(0,01,0,025]:0
(0,025,0,05]:0
(0,05,0,075]:0
(0,075,0,1]:0
(0,1,0,25]:1
(0,25,0,5]:0
(0,5,0,75]:0
(0,75,1]:0
(1,2,5]:0
(2,5,5]:0
(5,7,5]:0
(7,5,10]:0
(10,+Infinity]:0
Activity.Kind:               Server
    telemetry.sdk.language: dotnet
(2026-06-08T01:29:04.1529688Z, 2026-06-08T01:29:11.0784760Z] http.request.method: POST http.response.status_code: 201 http.route: api/customer/addresses network.protocol.version: 1.1 url.scheme: http
Value: Sum: 0.8722485 Count: 7 Min: 0.0676852 Max: 0.3100963 
(-Infinity,0,005]:0
(0,005,0,01]:0
(0,01,0,025]:0
(0,025,0,05]:0
(0,05,0,075]:1
(0,075,0,1]:2
(0,1,0,25]:3
(0,25,0,5]:1
(0,5,0,75]:0
(0,75,1]:0
(1,2,5]:0
(2,5,5]:0
(5,7,5]:0
(7,5,10]:0
(10,+Infinity]:0
    telemetry.sdk.version: 1.14.0
Activity.StartTime:          2026-06-08T01:29:10.8341714Z
    service.name: unknown_service:testhost
Activity.Duration:           00:00:00.2438463
[22:29:11 INF] Saved 1 entities to in-memory store.
Activity.StartTime:          2026-06-08T01:29:10.7726411Z
Activity.Tags:
(2026-06-08T01:29:04.1529688Z, 2026-06-08T01:29:11.0784760Z] http.request.method: POST http.response.status_code: 415 http.route: api/auth/email/confirm network.protocol.version: 1.1 url.scheme: http
Value: Sum: 0.1076132 Count: 2 Min: 0.0021767 Max: 0.1054365 
(-Infinity,0,005]:1
(0,005,0,01]:0
(0,01,0,025]:0
(0,025,0,05]:0
(0,05,0,075]:0
(0,075,0,1]:0
(0,1,0,25]:1
(0,25,0,5]:0
(0,5,0,75]:0
(0,75,1]:0
(1,2,5]:0
(2,5,5]:0
(5,7,5]:0
(7,5,10]:0
(10,+Infinity]:0
    server.address: localhost
    http.request.method: POST
    server.address: localhost
    url.scheme: http
(2026-06-08T01:29:04.1529688Z, 2026-06-08T01:29:11.0784760Z] http.request.method: POST http.response.status_code: 201 http.route: api/stores network.protocol.version: 1.1 url.scheme: http
Value: Sum: 3.3149463 Count: 16 Min: 0.0656982 Max: 0.4716885 
(-Infinity,0,005]:0
(0,005,0,01]:0
(0,01,0,025]:0
(0,025,0,05]:0
(0,05,0,075]:1
(0,075,0,1]:2
(0,1,0,25]:8
(0,25,0,5]:5
(0,5,0,75]:0
(0,75,1]:0
(1,2,5]:0
(2,5,5]:0
(5,7,5]:0
(7,5,10]:0
(10,+Infinity]:0
    url.path: /api/stores
    http.request.method: POST
    network.protocol.version: 1.1
(2026-06-08T01:29:04.1529688Z, 2026-06-08T01:29:11.0784760Z] http.request.method: GET http.response.status_code: 200 http.route: api/admin/plans network.protocol.version: 1.1 url.scheme: http
Value: Sum: 0.1440776 Count: 1 Min: 0.1440776 Max: 0.1440776 
(-Infinity,0,005]:0
(0,005,0,01]:0
(0,01,0,025]:0
(0,025,0,05]:0
(0,05,0,075]:0
(0,075,0,1]:0
(0,1,0,25]:1
(0,25,0,5]:0
(0,5,0,75]:0
(0,75,1]:0
(1,2,5]:0
(2,5,5]:0
(5,7,5]:0
(7,5,10]:0
(10,+Infinity]:0
    http.route: api/stores
    http.response.status_code: 201
(2026-06-08T01:29:04.1529688Z, 2026-06-08T01:29:11.0784760Z] http.request.method: POST http.response.status_code: 200 http.route: api/auth/email/resend-confirmation network.protocol.version: 1.1 url.scheme: http
Value: Sum: 0.2775514 Count: 3 Min: 0.0689539 Max: 0.1048669 
(-Infinity,0,005]:0
(0,005,0,01]:0
(0,01,0,025]:0
(0,025,0,05]:0
(0,05,0,075]:1
(0,075,0,1]:0
(0,1,0,25]:2
(0,25,0,5]:0
(0,5,0,75]:0
(0,75,1]:0
(1,2,5]:0
(2,5,5]:0
(5,7,5]:0
(7,5,10]:0
(10,+Infinity]:0
Instrumentation scope (ActivitySource):
    Name: Microsoft.AspNetCore
Activity.SpanId:             81582a57300956b7
Resource associated with Activity:
Activity.TraceFlags:         Recorded
    telemetry.sdk.name: opentelemetry
    telemetry.sdk.language: dotnet
Activity.DisplayName:        POST api/auth/login/seller
    telemetry.sdk.version: 1.14.0
Activity.TraceId:            2c9c872063b4f7024772358b04e5f285
Activity.Kind:               Server
    service.name: unknown_service:testhost
Activity.SpanId:             3479cf9272977385
Activity.StartTime:          2026-06-08T01:29:10.8618375Z
Activity.Duration:           00:00:00.1905433
Activity.TraceFlags:         Recorded
Activity.Tags:
Activity.DisplayName:        POST api/auth/register/customer
    server.address: localhost
Activity.Kind:               Server
    http.request.method: POST
    url.scheme: http
    url.path: /api/auth/login/seller
    network.protocol.version: 1.1
    http.route: api/auth/login/seller
Activity.StartTime:          2026-06-08T01:29:10.7053723Z
    http.response.status_code: 200
Activity.Duration:           00:00:00.2745155
Instrumentation scope (ActivitySource):
Activity.TraceId:            6b5d284383f1467efe43e8b09c13928c
    Name: Microsoft.AspNetCore
Activity.Tags:
Activity.SpanId:             3520f51219432d7a
Resource associated with Activity:
Activity.TraceFlags:         Recorded
Activity.DisplayName:        POST api/admin/plans
    server.address: localhost
Activity.Kind:               Server
    http.request.method: POST
    telemetry.sdk.name: opentelemetry
    url.scheme: http
    telemetry.sdk.language: dotnet
    url.path: /api/auth/register/seller
    network.protocol.version: 1.1
    telemetry.sdk.version: 1.14.0
    http.route: api/auth/register/seller
    service.name: unknown_service:testhost
    http.response.status_code: 201
Instrumentation scope (ActivitySource):
    Name: Microsoft.AspNetCore
Resource associated with Activity:
    telemetry.sdk.name: opentelemetry
    telemetry.sdk.language: dotnet
    telemetry.sdk.version: 1.14.0
    service.name: unknown_service:testhost
Activity.TraceId:            4351e3e93b6ec5bdd64db3162ba46cb5
[22:29:11 INF] Route matched with {action = "Create", controller = "Stores"}. Executing controller action with signature System.Threading.Tasks.Task`1[Microsoft.AspNetCore.Mvc.IActionResult] Create(Urbeat.Application.DTOs.CreateStoreRequestDto, System.Threading.CancellationToken) on controller Urbeat.WebApi.Controllers.StoresController (Urbeat.WebApi).
Activity.TraceId:            981904d2c92589448ebb4af05a235544
Activity.SpanId:             99ddccdb297fd91c
Activity.TraceFlags:         Recorded
    url.scheme: http
Activity.DisplayName:        POST api/auth/login/seller
[22:29:11 INF] Executed endpoint 'Urbeat.WebApi.Controllers.StoresController.UpdateStatus (Urbeat.WebApi)'
(2026-06-08T01:29:04.1529688Z, 2026-06-08T01:29:11.0784760Z] http.request.method: PATCH http.response.status_code: 200 http.route: api/stores/{storeId}/status network.protocol.version: 1.1 url.scheme: http
Value: Sum: 0.3247704 Count: 5 Min: 0.043708 Max: 0.0852825 
(-Infinity,0,005]:0
(0,005,0,01]:0
(0,01,0,025]:0
(0,025,0,05]:1
(0,05,0,075]:3
(0,075,0,1]:1
(0,1,0,25]:0
(0,25,0,5]:0
(0,5,0,75]:0
(0,75,1]:0
(1,2,5]:0
(2,5,5]:0
(5,7,5]:0
(7,5,10]:0
(10,+Infinity]:0
[22:29:11 INF] Executing endpoint 'Urbeat.WebApi.Controllers.AuthController.LoginSeller (Urbeat.WebApi)'
Activity.Duration:           00:00:00.2434761
Activity.Tags:
    server.address: localhost
    http.request.method: POST
    url.scheme: http
    url.path: /api/auth/login/seller
    network.protocol.version: 1.1
[22:29:11 INF] Saved 1 entities to in-memory store.
    http.route: api/auth/login/seller
    http.response.status_code: 200
Instrumentation scope (ActivitySource):
    Name: Microsoft.AspNetCore
Resource associated with Activity:
[22:29:11 INF] Saved 1 entities to in-memory store.
    telemetry.sdk.name: opentelemetry
    telemetry.sdk.language: dotnet
    telemetry.sdk.version: 1.14.0
    service.name: unknown_service:testhost
Activity.TraceId:            adf87312dcd5c757a6e208ba6b6a2367
Activity.SpanId:             f7d53bea03954c76
Activity.TraceFlags:         Recorded
Activity.DisplayName:        POST api/auth/register/seller
Activity.Kind:               Server
Activity.StartTime:          2026-06-08T01:29:10.8341714Z
Activity.Duration:           00:00:00.2438463
Activity.Tags:
    server.address: localhost
    http.request.method: POST
    url.scheme: http
    url.path: /api/auth/register/seller
    network.protocol.version: 1.1
    http.route: api/auth/register/seller
    http.response.status_code: 201
Instrumentation scope (ActivitySource):
    Name: Microsoft.AspNetCore
Activity.StartTime:          2026-06-08T01:29:10.7368757Z
Resource associated with Activity:
    telemetry.sdk.name: opentelemetry
Activity.Duration:           00:00:00.0762660
    telemetry.sdk.language: dotnet
Activity.Tags:
    telemetry.sdk.version: 1.14.0
    service.name: unknown_service:testhost
    server.address: localhost
    http.request.method: POST
    url.scheme: http
    url.path: /api/admin/plans
    network.protocol.version: 1.1
    http.route: api/admin/plans
    http.response.status_code: 201
Instrumentation scope (ActivitySource):
Activity.SpanId:             5dfaeb7ca56f6f52
    Name: Microsoft.AspNetCore
Activity.TraceFlags:         Recorded
Resource associated with Activity:
Activity.DisplayName:        POST api/stores
    telemetry.sdk.name: opentelemetry
    url.path: /api/subscriptions/contract
    telemetry.sdk.language: dotnet
    network.protocol.version: 1.1
Activity.Kind:               Server
    http.route: api/subscriptions/contract
Activity.StartTime:          2026-06-08T01:29:10.8136878Z
    telemetry.sdk.version: 1.14.0
    http.response.status_code: 400
    service.name: unknown_service:testhost
Activity.Duration:           00:00:00.2022984
Instrumentation scope (ActivitySource):
Activity.Tags:
    server.address: localhost
    Name: Microsoft.AspNetCore
    http.request.method: POST
    url.scheme: http
    url.path: /api/stores
Resource associated with Activity:
    network.protocol.version: 1.1
    telemetry.sdk.name: opentelemetry
    telemetry.sdk.language: dotnet
    http.route: api/stores
    telemetry.sdk.version: 1.14.0
    http.response.status_code: 201
    service.name: unknown_service:testhost
Instrumentation scope (ActivitySource):
Activity.TraceId:            e92f8f5bc518ac0fdff82eeb780fcb00
Activity.Kind:               Server
    Name: Microsoft.AspNetCore
Resource associated with Activity:
Activity.TraceId:            35bd80ecb5f77e7cc4400ea31b0161fa
Activity.SpanId:             74a79959c0b853ca
    telemetry.sdk.name: opentelemetry
Activity.StartTime:          2026-06-08T01:29:10.6685257Z
Activity.SpanId:             d5b6ea674797ee82
Activity.TraceId:            adf87312dcd5c757a6e208ba6b6a2367
Activity.Duration:           00:00:00.3840728
Activity.SpanId:             f7d53bea03954c76
    telemetry.sdk.language: dotnet
Activity.Tags:
Activity.TraceFlags:         Recorded
    server.address: localhost
    telemetry.sdk.version: 1.14.0
    http.request.method: POST
Activity.DisplayName:        POST api/auth/register/seller
    url.scheme: http
Activity.Kind:               Server
    url.path: /api/auth/login/seller
    service.name: unknown_service:testhost
    network.protocol.version: 1.1
    http.route: api/auth/login/seller
Activity.StartTime:          2026-06-08T01:29:10.8341714Z
    http.response.status_code: 200
Instrumentation scope (ActivitySource):
    Name: Microsoft.AspNetCore
Activity.Duration:           00:00:00.2438463
Resource associated with Activity:
Activity.Tags:
    telemetry.sdk.name: opentelemetry
    server.address: localhost
    telemetry.sdk.language: dotnet
    server.address: localhost
    telemetry.sdk.version: 1.14.0
    http.request.method: POST
    service.name: unknown_service:testhost
    http.request.method: POST
    url.scheme: http
    url.scheme: http
    url.path: /api/auth/register/customer
    url.path: /api/auth/register/seller
    network.protocol.version: 1.1
    network.protocol.version: 1.1
    http.route: api/auth/register/seller
(2026-06-08T01:29:04.1529688Z, 2026-06-08T01:29:11.0784760Z] http.request.method: PATCH http.response.status_code: 200 http.route: api/stores/{storeId}/delivery-config network.protocol.version: 1.1 url.scheme: http
Value: Sum: 0.6103002 Count: 5 Min: 0.0737496 Max: 0.144072 
(-Infinity,0,005]:0
(0,005,0,01]:0
(0,01,0,025]:0
(0,025,0,05]:0
(0,05,0,075]:1
(0,075,0,1]:0
(0,1,0,25]:4
(0,25,0,5]:0
(0,5,0,75]:0
(0,75,1]:0
(1,2,5]:0
(2,5,5]:0
(5,7,5]:0
(7,5,10]:0
(10,+Infinity]:0
    http.response.status_code: 201
Instrumentation scope (ActivitySource):
    Name: Microsoft.AspNetCore
Resource associated with Activity:
[22:29:11 INF] Saved 1 entities to in-memory store.
    telemetry.sdk.name: opentelemetry
    telemetry.sdk.language: dotnet
(2026-06-08T01:29:04.1529688Z, 2026-06-08T01:29:11.0784760Z] http.request.method: DELETE http.response.status_code: 404 http.route: api/stores/{storeId}/categories/{categoryId} network.protocol.version: 1.1 url.scheme: http
Value: Sum: 0.1927955 Count: 1 Min: 0.1927955 Max: 0.1927955 
(-Infinity,0,005]:0
(0,005,0,01]:0
(0,01,0,025]:0
(0,025,0,05]:0
(0,05,0,075]:0
(0,075,0,1]:0
(0,1,0,25]:1
(0,25,0,5]:0
(0,5,0,75]:0
(0,75,1]:0
(1,2,5]:0
(2,5,5]:0
(5,7,5]:0
(7,5,10]:0
(10,+Infinity]:0
[22:29:11 INF] Route matched with {action = "LoginSeller", controller = "Auth"}. Executing controller action with signature System.Threading.Tasks.Task`1[Microsoft.AspNetCore.Mvc.IActionResult] LoginSeller(Urbeat.Application.DTOs.LoginRequestDto, System.Threading.CancellationToken) on controller Urbeat.WebApi.Controllers.AuthController (Urbeat.WebApi).
    telemetry.sdk.version: 1.14.0
    service.name: unknown_service:testhost
[22:29:11 INF] Executed action method Urbeat.WebApi.Controllers.StoresController.Create (Urbeat.WebApi), returned result Microsoft.AspNetCore.Mvc.ObjectResult in 58.5019ms.
Activity.TraceFlags:         Recorded
Activity.TraceId:            4219fc294d512c1c0db02967e68474dc
Activity.DisplayName:        GET api/public/stores
[22:29:11 INF] Request finished HTTP/1.1 PATCH http://localhost/api/stores/019ea4d9-15f0-7645-b91c-26bc5304e599/status - 200 null application/json; charset=utf-8 119.2859ms
Activity.TraceFlags:         Recorded
    http.route: api/auth/register/customer
(2026-06-08T01:29:04.1529688Z, 2026-06-08T01:29:11.0784760Z] http.request.method: GET http.response.status_code: 200 http.route: api/stores/my-store network.protocol.version: 1.1 url.scheme: http
Value: Sum: 0.37820180000000003 Count: 3 Min: 0.0368988 Max: 0.2033987 
(-Infinity,0,005]:0
(0,005,0,01]:0
(0,01,0,025]:0
(0,025,0,05]:1
(0,05,0,075]:0
(0,075,0,1]:0
(0,1,0,25]:2
(0,25,0,5]:0
(0,5,0,75]:0
(0,75,1]:0
(1,2,5]:0
(2,5,5]:0
(5,7,5]:0
(7,5,10]:0
(10,+Infinity]:0
    http.response.status_code: 201
Activity.DisplayName:        POST api/subscriptions/contract
Instrumentation scope (ActivitySource):
Activity.Kind:               Server
    Name: Microsoft.AspNetCore
Activity.SpanId:             79d0f8759a94df56
Resource associated with Activity:
Activity.StartTime:          2026-06-08T01:29:10.8137796Z
Activity.TraceFlags:         Recorded
Activity.DisplayName:        POST api/auth/login/seller
Activity.Duration:           00:00:00.2021285
    telemetry.sdk.name: opentelemetry
Activity.Tags:
Activity.Kind:               Server
Activity.Kind:               Server
[22:29:11 INF] Executed action Urbeat.WebApi.Controllers.AuthController.RegisterCustomer (Urbeat.WebApi) in 199.9871ms
Activity.StartTime:          2026-06-08T01:29:10.7047697Z
Activity.StartTime:          2026-06-08T01:29:10.7726411Z
Activity.Duration:           00:00:00.1909643
Activity.Duration:           00:00:00.2434761
(2026-06-08T01:29:04.1529688Z, 2026-06-08T01:29:11.0784760Z] http.request.method: POST http.response.status_code: 204 http.route: api/admin/subscriptions/status network.protocol.version: 1.1 url.scheme: http
Value: Sum: 0.2806839 Count: 2 Min: 0.0911552 Max: 0.1895287 
(-Infinity,0,005]:0
(0,005,0,01]:0
(0,01,0,025]:0
(0,025,0,05]:0
(0,05,0,075]:0
(0,075,0,1]:1
(0,1,0,25]:1
(0,25,0,5]:0
(0,5,0,75]:0
(0,75,1]:0
(1,2,5]:0
(2,5,5]:0
(5,7,5]:0
(7,5,10]:0
(10,+Infinity]:0
Activity.Tags:
Activity.Tags:
    server.address: localhost
    server.address: localhost
    http.request.method: POST
Activity.TraceId:            1d1cdc49f2529c795209fbd10df86aec
    url.query: ?cuisineType=Redacted
    url.scheme: http
    http.request.method: GET
    url.path: /api/auth/login/seller
Activity.SpanId:             3a4b362036e82e0d
    url.scheme: http
Activity.TraceFlags:         Recorded
(2026-06-08T01:29:04.1529688Z, 2026-06-08T01:29:11.0784760Z] http.request.method: POST http.response.status_code: 409 http.route: api/customer/addresses network.protocol.version: 1.1 url.scheme: http
Value: Sum: 0.0664064 Count: 1 Min: 0.0664064 Max: 0.0664064 
(-Infinity,0,005]:0
(0,005,0,01]:0
(0,01,0,025]:0
(0,025,0,05]:0
(0,05,0,075]:1
(0,075,0,1]:0
(0,1,0,25]:0
(0,25,0,5]:0
(0,5,0,75]:0
(0,75,1]:0
(1,2,5]:0
(2,5,5]:0
(5,7,5]:0
(7,5,10]:0
(10,+Infinity]:0
    url.path: /api/public/stores
    network.protocol.version: 1.1
[22:29:11 INF] Saved 1 entities to in-memory store.
    http.route: api/public/stores
    http.response.status_code: 200
    network.protocol.version: 1.1
(2026-06-08T01:29:04.1529688Z, 2026-06-08T01:29:11.0784760Z] http.request.method: GET http.response.status_code: 200 http.route: api/subscriptions/my network.protocol.version: 1.1 url.scheme: http
Value: Sum: 0.4010074 Count: 2 Min: 0.193226 Max: 0.2077814 
(-Infinity,0,005]:0
(0,005,0,01]:0
(0,01,0,025]:0
(0,025,0,05]:0
(0,05,0,075]:0
(0,075,0,1]:0
(0,1,0,25]:2
(0,25,0,5]:0
(0,5,0,75]:0
(0,75,1]:0
(1,2,5]:0
(2,5,5]:0
(5,7,5]:0
(7,5,10]:0
(10,+Infinity]:0
Instrumentation scope (ActivitySource):
    http.route: api/auth/login/seller
    Name: Microsoft.AspNetCore
[22:29:11 INF] Saved 7 entities to in-memory store.
    http.response.status_code: 200
Resource associated with Activity:
(2026-06-08T01:29:04.1529688Z, 2026-06-08T01:29:11.0784760Z] http.request.method: GET http.response.status_code: 200 http.route: api/customer/addresses network.protocol.version: 1.1 url.scheme: http
Value: Sum: 0.1926895 Count: 1 Min: 0.1926895 Max: 0.1926895 
(-Infinity,0,005]:0
(0,005,0,01]:0
(0,01,0,025]:0
(0,025,0,05]:0
(0,05,0,075]:0
(0,075,0,1]:0
(0,1,0,25]:1
(0,25,0,5]:0
(0,5,0,75]:0
(0,75,1]:0
(1,2,5]:0
(2,5,5]:0
(5,7,5]:0
(7,5,10]:0
(10,+Infinity]:0
    telemetry.sdk.name: opentelemetry
Instrumentation scope (ActivitySource):
    Name: Microsoft.AspNetCore
Resource associated with Activity:
    telemetry.sdk.name: opentelemetry
    telemetry.sdk.language: dotnet
(2026-06-08T01:29:04.1529688Z, 2026-06-08T01:29:11.0784760Z] http.request.method: GET http.response.status_code: 200 http.route: api/subscriptions/plans network.protocol.version: 1.1 url.scheme: http
Value: Sum: 0.1021946 Count: 1 Min: 0.1021946 Max: 0.1021946 
(-Infinity,0,005]:0
(0,005,0,01]:0
(0,01,0,025]:0
(0,025,0,05]:0
(0,05,0,075]:0
(0,075,0,1]:0
(0,1,0,25]:1
(0,25,0,5]:0
(0,5,0,75]:0
(0,75,1]:0
(1,2,5]:0
(2,5,5]:0
(5,7,5]:0
(7,5,10]:0
(10,+Infinity]:0
    telemetry.sdk.language: dotnet
    telemetry.sdk.version: 1.14.0
(2026-06-08T01:29:04.1529688Z, 2026-06-08T01:29:11.0784760Z] http.request.method: POST http.response.status_code: 201 http.route: api/subscriptions/contract network.protocol.version: 1.1 url.scheme: http
Value: Sum: 0.4037082 Count: 2 Min: 0.1357914 Max: 0.2679168 
(-Infinity,0,005]:0
(0,005,0,01]:0
(0,01,0,025]:0
(0,025,0,05]:0
(0,05,0,075]:0
(0,075,0,1]:0
(0,1,0,25]:1
(0,25,0,5]:1
(0,5,0,75]:0
(0,75,1]:0
(1,2,5]:0
(2,5,5]:0
(5,7,5]:0
(7,5,10]:0
(10,+Infinity]:0
    service.name: unknown_service:testhost
    telemetry.sdk.version: 1.14.0
(2026-06-08T01:29:04.1529688Z, 2026-06-08T01:29:11.0784760Z] http.request.method: POST http.response.status_code: 403 http.route: api/auth/login/customer network.protocol.version: 1.1 url.scheme: http
Value: Sum: 0.2102732 Count: 1 Min: 0.2102732 Max: 0.2102732 
(-Infinity,0,005]:0
(0,005,0,01]:0
(0,01,0,025]:0
(0,025,0,05]:0
(0,05,0,075]:0
(0,075,0,1]:0
(0,1,0,25]:1
(0,25,0,5]:0
(0,5,0,75]:0
(0,75,1]:0
(1,2,5]:0
(2,5,5]:0
(5,7,5]:0
(7,5,10]:0
(10,+Infinity]:0
    service.name: unknown_service:testhost
[22:29:11 INF] Executed action method Urbeat.WebApi.Controllers.StoresController.Create (Urbeat.WebApi), returned result Microsoft.AspNetCore.Mvc.ObjectResult in 58.0707ms.
(2026-06-08T01:29:04.1529688Z, 2026-06-08T01:29:11.0784760Z] http.request.method: POST http.response.status_code: 409 http.route: api/stores network.protocol.version: 1.1 url.scheme: http
Value: Sum: 0.0766215 Count: 1 Min: 0.0766215 Max: 0.0766215 
(-Infinity,0,005]:0
(0,005,0,01]:0
(0,01,0,025]:0
(0,025,0,05]:0
(0,05,0,075]:0
(0,075,0,1]:1
(0,1,0,25]:0
(0,25,0,5]:0
(0,5,0,75]:0
(0,75,1]:0
(1,2,5]:0
(2,5,5]:0
(5,7,5]:0
(7,5,10]:0
(10,+Infinity]:0
[22:29:11 INF] Executing ObjectResult, writing value of type 'Urbeat.Application.DTOs.StoreResponseDto'.
(2026-06-08T01:29:04.1529688Z, 2026-06-08T01:29:11.0784760Z] http.request.method: POST http.response.status_code: 201 http.route: api/stores/{storeId}/categories network.protocol.version: 1.1 url.scheme: http
Value: Sum: 0.3000175 Count: 2 Min: 0.0734317 Max: 0.2265858 
(-Infinity,0,005]:0
(0,005,0,01]:0
(0,01,0,025]:0
(0,025,0,05]:0
(0,05,0,075]:1
(0,075,0,1]:0
(0,1,0,25]:1
(0,25,0,5]:0
(0,5,0,75]:0
(0,75,1]:0
(1,2,5]:0
(2,5,5]:0
(5,7,5]:0
(7,5,10]:0
(10,+Infinity]:0
Activity.DisplayName:        PATCH api/stores/{storeId}/status
Activity.Kind:               Server
    server.address: localhost
Activity.StartTime:          2026-06-08T01:29:11.0172097Z
    http.request.method: POST
Activity.Duration:           00:00:00.1472673
    url.scheme: http
Activity.Tags:
    url.path: /api/subscriptions/contract
    server.address: localhost
(2026-06-08T01:29:04.1529688Z, 2026-06-08T01:29:11.0784760Z] http.request.method: DELETE http.response.status_code: 204 http.route: api/stores/{storeId}/categories/{categoryId} network.protocol.version: 1.1 url.scheme: http
Value: Sum: 0.1598871 Count: 1 Min: 0.1598871 Max: 0.1598871 
(-Infinity,0,005]:0
(0,005,0,01]:0
(0,01,0,025]:0
(0,025,0,05]:0
(0,05,0,075]:0
(0,075,0,1]:0
(0,1,0,25]:1
(0,25,0,5]:0
(0,5,0,75]:0
(0,75,1]:0
(1,2,5]:0
(2,5,5]:0
(5,7,5]:0
(7,5,10]:0
(10,+Infinity]:0
[22:29:11 INF] Request starting HTTP/1.1 PATCH http://localhost/api/stores/019ea4d9-15f0-7645-b91c-26bc5304e599/delivery-config - application/json; charset=utf-8 null
(2026-06-08T01:29:04.1529688Z, 2026-06-08T01:29:11.0784760Z] http.request.method: POST http.response.status_code: 400 http.route: api/checkout/preview network.protocol.version: 1.1 url.scheme: http
Value: Sum: 0.3247774 Count: 2 Min: 0.1399817 Max: 0.1847957 
(-Infinity,0,005]:0
(0,005,0,01]:0
(0,01,0,025]:0
(0,025,0,05]:0
(0,05,0,075]:0
(0,075,0,1]:0
(0,1,0,25]:2
(0,25,0,5]:0
(0,5,0,75]:0
(0,75,1]:0
(1,2,5]:0
(2,5,5]:0
(5,7,5]:0
(7,5,10]:0
(10,+Infinity]:0
[22:29:11 INF] Executing action method Urbeat.WebApi.Controllers.AuthController.LoginSeller (Urbeat.WebApi) - Validation state: Valid
    telemetry.sdk.language: dotnet
[22:29:11 INF] Executing action method Urbeat.WebApi.Controllers.StoresController.Create (Urbeat.WebApi) - Validation state: Valid
    http.request.method: PATCH
    telemetry.sdk.version: 1.14.0
    url.scheme: http
    url.path: /api/stores/019ea4d9-15f0-7645-b91c-26bc5304e599/status
    service.name: unknown_service:testhost
    network.protocol.version: 1.1
    http.route: api/stores/{storeId}/status
    http.response.status_code: 200
Instrumentation scope (ActivitySource):
    Name: Microsoft.AspNetCore
[22:29:11 INF] Executed action Urbeat.WebApi.Controllers.StoresController.Create (Urbeat.WebApi) in 112.3909ms
Resource associated with Activity:
Activity.TraceId:            2c9c872063b4f7024772358b04e5f285
    network.protocol.version: 1.1
    telemetry.sdk.name: opentelemetry
[22:29:11 INF] Executing ObjectResult, writing value of type 'Urbeat.Application.DTOs.StoreResponseDto'.
    http.route: api/subscriptions/contract
    telemetry.sdk.language: dotnet
    http.response.status_code: 400
    telemetry.sdk.version: 1.14.0
Instrumentation scope (ActivitySource):
[22:29:11 INF] Executed action method Urbeat.WebApi.Controllers.AuthController.LoginCustomer (Urbeat.WebApi), returned result Microsoft.AspNetCore.Mvc.OkObjectResult in 86.744ms.
    Name: Microsoft.AspNetCore
[22:29:11 INF] Executed endpoint 'Urbeat.WebApi.Controllers.StoresController.Create (Urbeat.WebApi)'
Resource associated with Activity:
    service.name: unknown_service:testhost
(2026-06-08T01:29:04.1529688Z, 2026-06-08T01:29:11.0784760Z] http.request.method: POST http.response.status_code: 400 http.route: api/orders network.protocol.version: 1.1 url.scheme: http
Value: Sum: 0.2646367 Count: 2 Min: 0.1071399 Max: 0.1574968 
(-Infinity,0,005]:0
(0,005,0,01]:0
(0,01,0,025]:0
(0,025,0,05]:0
(0,05,0,075]:0
(0,075,0,1]:0
(0,1,0,25]:2
(0,25,0,5]:0
(0,5,0,75]:0
(0,75,1]:0
(1,2,5]:0
(2,5,5]:0
(5,7,5]:0
(7,5,10]:0
(10,+Infinity]:0
    telemetry.sdk.name: opentelemetry
    telemetry.sdk.language: dotnet
(2026-06-08T01:29:04.1529688Z, 2026-06-08T01:29:11.0784760Z] http.request.method: GET http.response.status_code: 200 http.route: api/stores/{storeId}/categories network.protocol.version: 1.1 url.scheme: http
Value: Sum: 0.2960979 Count: 2 Min: 0.1260283 Max: 0.1700696 
(-Infinity,0,005]:0
(0,005,0,01]:0
(0,01,0,025]:0
(0,025,0,05]:0
(0,05,0,075]:0
(0,075,0,1]:0
(0,1,0,25]:2
(0,25,0,5]:0
(0,5,0,75]:0
(0,75,1]:0
(1,2,5]:0
(2,5,5]:0
(5,7,5]:0
(7,5,10]:0
(10,+Infinity]:0
    telemetry.sdk.version: 1.14.0
    service.name: unknown_service:testhost
Activity.TraceId:            e9e1cab7e77a114b78f08876a547c66f
Activity.SpanId:             81582a57300956b7
(2026-06-08T01:29:04.1529688Z, 2026-06-08T01:29:11.0784760Z] http.request.method: POST http.response.status_code: 409 http.route: api/subscriptions/contract network.protocol.version: 1.1 url.scheme: http
Value: Sum: 0.0704267 Count: 1 Min: 0.0704267 Max: 0.0704267 
(-Infinity,0,005]:0
(0,005,0,01]:0
(0,01,0,025]:0
(0,025,0,05]:0
(0,05,0,075]:1
(0,075,0,1]:0
(0,1,0,25]:0
(0,25,0,5]:0
(0,5,0,75]:0
(0,75,1]:0
(1,2,5]:0
(2,5,5]:0
(5,7,5]:0
(7,5,10]:0
(10,+Infinity]:0
Activity.TraceFlags:         Recorded
Activity.DisplayName:        POST api/auth/login/seller
Activity.TraceId:            35bd80ecb5f77e7cc4400ea31b0161fa
Activity.Kind:               Server
Activity.SpanId:             d5b6ea674797ee82
(2026-06-08T01:29:04.1529688Z, 2026-06-08T01:29:11.0784760Z] http.request.method: POST http.response.status_code: 204 http.route: api/admin/subscriptions/notifications/process network.protocol.version: 1.1 url.scheme: http
Value: Sum: 0.2250846 Count: 1 Min: 0.2250846 Max: 0.2250846 
(-Infinity,0,005]:0
(0,005,0,01]:0
(0,01,0,025]:0
(0,025,0,05]:0
(0,05,0,075]:0
(0,075,0,1]:0
(0,1,0,25]:1
(0,25,0,5]:0
(0,5,0,75]:0
(0,75,1]:0
(1,2,5]:0
(2,5,5]:0
(5,7,5]:0
(7,5,10]:0
(10,+Infinity]:0
Activity.StartTime:          2026-06-08T01:29:10.8618375Z
Activity.TraceFlags:         Recorded
Activity.Duration:           00:00:00.1905433
Activity.DisplayName:        POST api/subscriptions/contract
Activity.Tags:
Activity.Kind:               Server
    server.address: localhost
(2026-06-08T01:29:04.1529688Z, 2026-06-08T01:29:11.0784760Z] http.request.method: PUT http.response.status_code: 200 http.route: api/stores/{storeId}/business-hours network.protocol.version: 1.1 url.scheme: http
Value: Sum: 0.243374 Count: 1 Min: 0.243374 Max: 0.243374 
(-Infinity,0,005]:0
(0,005,0,01]:0
(0,01,0,025]:0
(0,025,0,05]:0
(0,05,0,075]:0
(0,075,0,1]:0
(0,1,0,25]:1
(0,25,0,5]:0
(0,5,0,75]:0
(0,75,1]:0
(1,2,5]:0
(2,5,5]:0
(5,7,5]:0
(7,5,10]:0
(10,+Infinity]:0
[22:29:11 INF] Executed action Urbeat.WebApi.Controllers.StoresController.Create (Urbeat.WebApi) in 87.037ms
Activity.StartTime:          2026-06-08T01:29:10.8137796Z
    http.request.method: POST
    url.scheme: http
Activity.Duration:           00:00:00.2021285
(2026-06-08T01:29:04.1529688Z, 2026-06-08T01:29:11.0784760Z] http.request.method: GET http.response.status_code: 200 http.route: api/public/stores network.protocol.version: 1.1 url.scheme: http
Value: Sum: 0.1439667 Count: 1 Min: 0.1439667 Max: 0.1439667 
(-Infinity,0,005]:0
(0,005,0,01]:0
(0,01,0,025]:0
(0,025,0,05]:0
(0,05,0,075]:0
(0,075,0,1]:0
(0,1,0,25]:1
(0,25,0,5]:0
(0,5,0,75]:0
(0,75,1]:0
(1,2,5]:0
(2,5,5]:0
(5,7,5]:0
(7,5,10]:0
(10,+Infinity]:0
Activity.Tags:
    url.path: /api/auth/login/seller
    server.address: localhost
[22:29:11 INF] Executed endpoint 'Urbeat.WebApi.Controllers.StoresController.Create (Urbeat.WebApi)'
    http.request.method: POST
    network.protocol.version: 1.1
(2026-06-08T01:29:04.1529688Z, 2026-06-08T01:29:11.0784760Z] http.request.method: GET http.response.status_code: 200 http.route: api/stores/{storeId}/business-hours network.protocol.version: 1.1 url.scheme: http
Value: Sum: 0.0792573 Count: 1 Min: 0.0792573 Max: 0.0792573 
(-Infinity,0,005]:0
(0,005,0,01]:0
(0,01,0,025]:0
(0,025,0,05]:0
(0,05,0,075]:0
(0,075,0,1]:1
(0,1,0,25]:0
(0,25,0,5]:0
(0,5,0,75]:0
(0,75,1]:0
(1,2,5]:0
(2,5,5]:0
(5,7,5]:0
(7,5,10]:0
(10,+Infinity]:0
[22:29:11 INF] Executing OkObjectResult, writing value of type 'Urbeat.Application.DTOs.AuthTokenResponseDto'.
    http.route: api/auth/login/seller
[22:29:11 INF] Request finished HTTP/1.1 POST http://localhost/api/stores - 201 null application/json; charset=utf-8 148.7781ms
Activity.TraceId:            981904d2c92589448ebb4af05a235544
    http.response.status_code: 200
(2026-06-08T01:29:04.1529688Z, 2026-06-08T01:29:11.0784760Z] http.request.method: PUT http.response.status_code: 200 http.route: api/stores/{storeId}/categories/{categoryId} network.protocol.version: 1.1 url.scheme: http
Value: Sum: 0.183621 Count: 1 Min: 0.183621 Max: 0.183621 
(-Infinity,0,005]:0
(0,005,0,01]:0
(0,01,0,025]:0
(0,025,0,05]:0
(0,05,0,075]:0
(0,075,0,1]:0
(0,1,0,25]:1
(0,25,0,5]:0
(0,5,0,75]:0
(0,75,1]:0
(1,2,5]:0
(2,5,5]:0
(5,7,5]:0
(7,5,10]:0
(10,+Infinity]:0
Activity.SpanId:             99ddccdb297fd91c
Instrumentation scope (ActivitySource):
Activity.TraceFlags:         Recorded
    Name: Microsoft.AspNetCore
Activity.DisplayName:        POST api/auth/login/seller
(2026-06-08T01:29:04.1529688Z, 2026-06-08T01:29:11.0784760Z] http.request.method: GET http.response.status_code: 404 http.route: api/public/stores/{storeId} network.protocol.version: 1.1 url.scheme: http
Value: Sum: 0.1438145 Count: 1 Min: 0.1438145 Max: 0.1438145 
(-Infinity,0,005]:0
(0,005,0,01]:0
(0,01,0,025]:0
(0,025,0,05]:0
(0,05,0,075]:0
(0,075,0,1]:0
(0,1,0,25]:1
(0,25,0,5]:0
(0,5,0,75]:0
(0,75,1]:0
(1,2,5]:0
(2,5,5]:0
(5,7,5]:0
(7,5,10]:0
(10,+Infinity]:0
Activity.Kind:               Server
Activity.TraceId:            1d1cdc49f2529c795209fbd10df86aec
Activity.StartTime:          2026-06-08T01:29:10.6685257Z
(2026-06-08T01:29:04.1529688Z, 2026-06-08T01:29:11.0784760Z] http.request.method: PATCH http.response.status_code: 409 http.route: api/stores/{storeId}/status network.protocol.version: 1.1 url.scheme: http
Value: Sum: 0.1856852 Count: 1 Min: 0.1856852 Max: 0.1856852 
(-Infinity,0,005]:0
(0,005,0,01]:0
(0,01,0,025]:0
(0,025,0,05]:0
(0,05,0,075]:0
(0,075,0,1]:0
(0,1,0,25]:1
(0,25,0,5]:0
(0,5,0,75]:0
(0,75,1]:0
(1,2,5]:0
(2,5,5]:0
(5,7,5]:0
(7,5,10]:0
(10,+Infinity]:0
Activity.Duration:           00:00:00.3840728
Activity.SpanId:             3a4b362036e82e0d
Activity.Tags:
Activity.TraceFlags:         Recorded
    server.address: localhost
Activity.DisplayName:        PATCH api/stores/{storeId}/status
    http.request.method: POST
Activity.Kind:               Server
    url.scheme: http
(2026-06-08T01:29:04.1529688Z, 2026-06-08T01:29:11.0784760Z] http.request.method: POST http.response.status_code: 400 http.route: api/subscriptions/contract network.protocol.version: 1.1 url.scheme: http
Value: Sum: 0.2019646 Count: 1 Min: 0.2019646 Max: 0.2019646 
(-Infinity,0,005]:0
(0,005,0,01]:0
(0,01,0,025]:0
(0,025,0,05]:0
(0,05,0,075]:0
(0,075,0,1]:0
(0,1,0,25]:1
(0,25,0,5]:0
(0,5,0,75]:0
(0,75,1]:0
(1,2,5]:0
(2,5,5]:0
(5,7,5]:0
(7,5,10]:0
(10,+Infinity]:0
Activity.SpanId:             3479cf9272977385
Metric Name: dotnet.gc.collections, Description: The number of garbage collections that have occurred since the process has started., Unit: {collection}, Metric Type: LongSum
Activity.TraceFlags:         Recorded
Instrumentation scope (Meter):
Activity.DisplayName:        POST api/auth/register/customer
Activity.Kind:               Server
    url.path: /api/auth/login/seller
Activity.StartTime:          2026-06-08T01:29:11.0172097Z
    network.protocol.version: 1.1
Activity.Duration:           00:00:00.1472673
    http.route: api/auth/login/seller
    url.scheme: http
    http.response.status_code: 200
[22:29:11 INF] Request finished HTTP/1.1 POST http://localhost/api/stores - 201 null application/json; charset=utf-8 112.8022ms
Instrumentation scope (ActivitySource):
    url.path: /api/subscriptions/contract
    Name: Microsoft.AspNetCore
    network.protocol.version: 1.1
Resource associated with Activity:
    http.route: api/subscriptions/contract
Activity.TraceId:            fc165ebf537d154d40c25ed635994d68
    http.response.status_code: 400
Activity.SpanId:             a79f9d0532d9e143
Instrumentation scope (ActivitySource):
Activity.TraceId:            14ae825a2bf87f89dd49a1afd30560ee
    Name: Microsoft.AspNetCore
Activity.TraceFlags:         Recorded
Activity.SpanId:             d91fe5fbd14c9dee
Resource associated with Activity:
Activity.TraceFlags:         Recorded
    telemetry.sdk.name: opentelemetry
Activity.DisplayName:        POST api/auth/register/customer
Activity.Kind:               Server
Activity.StartTime:          2026-06-08T01:29:10.8968757Z
Resource associated with Activity:
Activity.Duration:           00:00:00.2686118
    telemetry.sdk.name: opentelemetry
Activity.Tags:
    telemetry.sdk.language: dotnet
    server.address: localhost
    telemetry.sdk.version: 1.14.0
    http.request.method: POST
    service.name: unknown_service:testhost
    url.scheme: http
    url.path: /api/auth/register/customer
    network.protocol.version: 1.1
    http.route: api/auth/register/customer
Activity.Tags:
    http.response.status_code: 201
    server.address: localhost
Instrumentation scope (ActivitySource):
    http.request.method: PATCH
    url.scheme: http
    Name: Microsoft.AspNetCore
    telemetry.sdk.name: opentelemetry
Activity.TraceId:            4351e3e93b6ec5bdd64db3162ba46cb5
    url.path: /api/stores/019ea4d9-15f0-7645-b91c-26bc5304e599/status
    telemetry.sdk.language: dotnet
Activity.SpanId:             5dfaeb7ca56f6f52
    telemetry.sdk.version: 1.14.0
Activity.TraceFlags:         Recorded
    service.name: unknown_service:testhost
    network.protocol.version: 1.1
Activity.DisplayName:        POST api/stores
Activity.TraceId:            adf87312dcd5c757a6e208ba6b6a2367
Activity.SpanId:             f7d53bea03954c76
Activity.TraceFlags:         Recorded
Activity.DisplayName:        POST api/auth/register/seller
Activity.Kind:               Server
Activity.Kind:               Server
Activity.StartTime:          2026-06-08T01:29:10.8341714Z
[22:29:11 INF] Executed action Urbeat.WebApi.Controllers.AuthController.LoginCustomer (Urbeat.WebApi) in 112.7894ms
Activity.Duration:           00:00:00.2438463
Activity.StartTime:          2026-06-08T01:29:10.8136878Z
Activity.Tags:
Activity.Duration:           00:00:00.2022984
    server.address: localhost
[22:29:11 INF] Executing endpoint 'Urbeat.WebApi.Controllers.StoresController.UpdateDeliveryConfig (Urbeat.WebApi)'
Activity.Tags:
    http.request.method: POST
    url.scheme: http
    server.address: localhost
[22:29:11 INF] Request starting HTTP/1.1 POST http://localhost/api/stores/019ea4d9-16a7-770a-ad09-2c633189bfc7/categories - application/json; charset=utf-8 null
    url.path: /api/auth/register/seller
    http.request.method: POST
    network.protocol.version: 1.1
    url.scheme: http
    http.route: api/auth/register/seller
    url.path: /api/stores
Activity.DisplayName:        POST api/stores
    network.protocol.version: 1.1
    http.response.status_code: 201
    http.route: api/stores
Instrumentation scope (ActivitySource):
Activity.Kind:               Server
    http.response.status_code: 201
    Name: Microsoft.AspNetCore
Resource associated with Activity:
Instrumentation scope (ActivitySource):
    telemetry.sdk.name: opentelemetry
Activity.StartTime:          2026-06-08T01:29:11.0163209Z
    Name: Microsoft.AspNetCore
    telemetry.sdk.language: dotnet
Resource associated with Activity:
    telemetry.sdk.version: 1.14.0
    service.name: unknown_service:testhost
    telemetry.sdk.language: dotnet
Activity.TraceId:            4219fc294d512c1c0db02967e68474dc
Activity.SpanId:             79d0f8759a94df56
    telemetry.sdk.version: 1.14.0
Activity.TraceFlags:         Recorded
    service.name: unknown_service:testhost
Activity.DisplayName:        POST api/auth/login/seller
	Name: System.Runtime
Activity.Kind:               Server
Activity.TraceId:            adf87312dcd5c757a6e208ba6b6a2367
Activity.SpanId:             f7d53bea03954c76
Activity.StartTime:          2026-06-08T01:29:10.7726411Z
(2026-06-08T01:29:04.1531335Z, 2026-06-08T01:29:11.0784773Z] gc.heap.generation: gen2
Value: 6
Activity.StartTime:          2026-06-08T01:29:10.7053723Z
Activity.TraceFlags:         Recorded
Activity.Duration:           00:00:00.2434761
Activity.DisplayName:        POST api/auth/register/seller
Activity.Tags:
Activity.Duration:           00:00:00.2745155
(2026-06-08T01:29:04.1531335Z, 2026-06-08T01:29:11.0784773Z] gc.heap.generation: gen1
Value: 14
Activity.Kind:               Server
Activity.Tags:
    server.address: localhost
    server.address: localhost
    http.request.method: POST
Activity.StartTime:          2026-06-08T01:29:10.8341714Z
    url.scheme: http
Activity.Duration:           00:00:00.2438463
(2026-06-08T01:29:04.1531335Z, 2026-06-08T01:29:11.0784773Z] gc.heap.generation: gen0
Value: 39
Activity.Tags:
    url.path: /api/auth/login/seller
    server.address: localhost
    network.protocol.version: 1.1
    http.request.method: POST
Metric Name: dotnet.process.memory.working_set, Description: The number of bytes of physical memory mapped to the process context., Unit: By, Metric Type: LongSumNonMonotonic
Instrumentation scope (Meter):
    url.scheme: http
    http.route: api/auth/login/seller
	Name: System.Runtime
    http.response.status_code: 200
    url.path: /api/auth/register/seller
(2026-06-08T01:29:04.1531563Z, 2026-06-08T01:29:11.0784778Z]  
Value: 321982464
Instrumentation scope (ActivitySource):
    network.protocol.version: 1.1
Metric Name: dotnet.gc.heap.total_allocated, Description: The approximate number of bytes allocated on the managed GC heap since the process has started. The returned value does not include any native allocations., Unit: By, Metric Type: LongSum
Instrumentation scope (Meter):
	Name: System.Runtime
Resource associated with Activity:
    http.route: api/auth/register/seller
(2026-06-08T01:29:04.1531739Z, 2026-06-08T01:29:11.0784781Z]  
Value: 427208296
    Name: Microsoft.AspNetCore
    telemetry.sdk.name: opentelemetry
Metric Name: dotnet.gc.last_collection.memory.committed_size, Description: The amount of committed virtual memory in use by the .NET GC, as observed during the latest garbage collection., Unit: By, Metric Type: LongSumNonMonotonic
    telemetry.sdk.language: dotnet
Instrumentation scope (Meter):
    telemetry.sdk.version: 1.14.0
Resource associated with Activity:
	Name: System.Runtime
    service.name: unknown_service:testhost
(2026-06-08T01:29:04.1531896Z, 2026-06-08T01:29:11.0784786Z]  
Value: 171008000
    telemetry.sdk.name: opentelemetry
Metric Name: dotnet.gc.last_collection.heap.size, Description: The managed GC heap size (including fragmentation), as observed during the latest garbage collection., Unit: By, Metric Type: LongSumNonMonotonic
    telemetry.sdk.language: dotnet
Instrumentation scope (Meter):
	Name: System.Runtime
    telemetry.sdk.version: 1.14.0
(2026-06-08T01:29:04.1532052Z, 2026-06-08T01:29:11.0784792Z] gc.heap.generation: gen0
Value: 0
    service.name: unknown_service:testhost
(2026-06-08T01:29:04.1532052Z, 2026-06-08T01:29:11.0784792Z] gc.heap.generation: gen1
Value: 6952744
Activity.TraceId:            d4e8884a9b0b37321b62b45ba6b06127
(2026-06-08T01:29:04.1532052Z, 2026-06-08T01:29:11.0784792Z] gc.heap.generation: gen2
Value: 66271128
Activity.SpanId:             01b8bbd7f9602960
    http.route: api/stores/{storeId}/status
(2026-06-08T01:29:04.1532052Z, 2026-06-08T01:29:11.0784792Z] gc.heap.generation: loh
Value: 91156392
Activity.TraceFlags:         Recorded
    http.response.status_code: 200
(2026-06-08T01:29:04.1532052Z, 2026-06-08T01:29:11.0784792Z] gc.heap.generation: poh
Value: 123736
Instrumentation scope (ActivitySource):
Activity.DisplayName:        POST api/stores
    Name: Microsoft.AspNetCore
Activity.Kind:               Server
Resource associated with Activity:
Metric Name: dotnet.gc.last_collection.heap.fragmentation.size, Description: The heap fragmentation, as observed during the latest garbage collection., Unit: By, Metric Type: LongSumNonMonotonic
Activity.StartTime:          2026-06-08T01:29:11.0524046Z
    telemetry.sdk.name: opentelemetry
Activity.Duration:           00:00:00.1538579
    telemetry.sdk.language: dotnet
Activity.Tags:
Instrumentation scope (Meter):
	Name: System.Runtime
[22:29:11 INF] Saved 1 entities to in-memory store.
    server.address: localhost
(2026-06-08T01:29:04.1532206Z, 2026-06-08T01:29:11.0784798Z] gc.heap.generation: gen0
Value: 0
    telemetry.sdk.version: 1.14.0
    http.request.method: POST
    service.name: unknown_service:testhost
(2026-06-08T01:29:04.1532206Z, 2026-06-08T01:29:11.0784798Z] gc.heap.generation: gen1
Value: 2397536
[22:29:11 INF] Request starting HTTP/1.1 GET http://localhost/api/stores/019ea4d9-16a6-7726-9a57-230ff2b5f978/categories - null null
    url.scheme: http
(2026-06-08T01:29:04.1532206Z, 2026-06-08T01:29:11.0784798Z] gc.heap.generation: gen2
Value: 3103960
    url.path: /api/stores
(2026-06-08T01:29:04.1532206Z, 2026-06-08T01:29:11.0784798Z] gc.heap.generation: loh
Value: 728936
[22:29:11 INF] Route matched with {action = "LoginCustomer", controller = "Auth"}. Executing controller action with signature System.Threading.Tasks.Task`1[Microsoft.AspNetCore.Mvc.IActionResult] LoginCustomer(Urbeat.Application.DTOs.LoginRequestDto, System.Threading.CancellationToken) on controller Urbeat.WebApi.Controllers.AuthController (Urbeat.WebApi).
(2026-06-08T01:29:04.1532206Z, 2026-06-08T01:29:11.0784798Z] gc.heap.generation: poh
Value: 0
Activity.TraceId:            14ae825a2bf87f89dd49a1afd30560ee
    network.protocol.version: 1.1
Activity.SpanId:             d91fe5fbd14c9dee
    telemetry.sdk.name: opentelemetry
    http.route: api/stores
Activity.TraceFlags:         Recorded
    http.response.status_code: 201
Activity.DisplayName:        POST api/auth/register/customer
Activity.Kind:               Server
Instrumentation scope (ActivitySource):
    Name: Microsoft.AspNetCore
Resource associated with Activity:
Activity.Duration:           00:00:00.1488742
Activity.StartTime:          2026-06-08T01:29:10.8968757Z
    telemetry.sdk.name: opentelemetry
Activity.Tags:
Activity.Duration:           00:00:00.2686118
    telemetry.sdk.language: dotnet
Activity.Tags:
    server.address: localhost
    server.address: localhost
    http.request.method: POST
    http.request.method: POST
    telemetry.sdk.version: 1.14.0
    url.scheme: http
    url.path: /api/stores
    network.protocol.version: 1.1
    url.scheme: http
    http.request.method: POST
    http.route: api/stores
    url.scheme: http
    http.response.status_code: 201
    url.path: /api/auth/register/customer
Instrumentation scope (ActivitySource):
    network.protocol.version: 1.1
    http.response.status_code: 201
    http.route: api/auth/register/customer
    Name: Microsoft.AspNetCore
Instrumentation scope (ActivitySource):
    http.response.status_code: 201
Resource associated with Activity:
    Name: Microsoft.AspNetCore
Instrumentation scope (ActivitySource):
Resource associated with Activity:
    Name: Microsoft.AspNetCore
    telemetry.sdk.name: opentelemetry
Resource associated with Activity:
    telemetry.sdk.name: opentelemetry
    telemetry.sdk.language: dotnet
    telemetry.sdk.name: opentelemetry
    telemetry.sdk.language: dotnet
    telemetry.sdk.language: dotnet
    telemetry.sdk.version: 1.14.0
    telemetry.sdk.version: 1.14.0
    service.name: unknown_service:testhost
    service.name: unknown_service:testhost
Metric Name: dotnet.gc.pause.time, Description: The total amount of time paused in GC since the process has started., Unit: s, Metric Type: DoubleSum
Activity.TraceId:            981904d2c92589448ebb4af05a235544
Instrumentation scope (Meter):
Activity.SpanId:             99ddccdb297fd91c
	Name: System.Runtime
Activity.TraceFlags:         Recorded
Activity.TraceId:            e9e1cab7e77a114b78f08876a547c66f
Activity.DisplayName:        POST api/auth/login/seller
Activity.SpanId:             81582a57300956b7
Activity.Kind:               Server
Activity.TraceFlags:         Recorded
Activity.DisplayName:        POST api/auth/login/seller
Activity.StartTime:          2026-06-08T01:29:10.6685257Z
Activity.Kind:               Server
Activity.Duration:           00:00:00.3840728
(2026-06-08T01:29:04.1532924Z, 2026-06-08T01:29:11.0784807Z]  
Value: 0.548656
Activity.Tags:
Activity.StartTime:          2026-06-08T01:29:10.8618375Z
    server.address: localhost
Activity.Duration:           00:00:00.1905433
Metric Name: dotnet.jit.compiled_il.size, Description: Count of bytes of intermediate language that have been compiled since the process has started., Unit: By, Metric Type: LongSum
Activity.Tags:
    http.request.method: POST
Instrumentation scope (Meter):
    server.address: localhost
	Name: System.Runtime
    http.request.method: POST
    url.scheme: http
[22:29:11 INF] Executed endpoint 'Urbeat.WebApi.Controllers.AuthController.LoginCustomer (Urbeat.WebApi)'
(2026-06-08T01:29:04.1547365Z, 2026-06-08T01:29:11.0784813Z]  
Value: 2103484
    url.path: /api/auth/login/seller
    network.protocol.version: 1.1
Metric Name: dotnet.jit.compiled_methods, Description: The number of times the JIT compiler (re)compiled methods since the process has started., Unit: {method}, Metric Type: LongSum
Instrumentation scope (Meter):
	Name: System.Runtime
    http.route: api/auth/login/seller
(2026-06-08T01:29:04.1548393Z, 2026-06-08T01:29:11.0784817Z]  
Value: 31860
    http.response.status_code: 200
Metric Name: dotnet.jit.compilation.time, Description: The number of times the JIT compiler (re)compiled methods since the process has started., Unit: s, Metric Type: DoubleSum
Instrumentation scope (ActivitySource):
Instrumentation scope (Meter):
	Name: System.Runtime
[22:29:11 INF] Route matched with {action = "UpdateDeliveryConfig", controller = "Stores"}. Executing controller action with signature System.Threading.Tasks.Task`1[Microsoft.AspNetCore.Mvc.IActionResult] UpdateDeliveryConfig(System.Guid, Urbeat.Application.DTOs.UpdateStoreDeliveryConfigRequestDto, System.Threading.CancellationToken) on controller Urbeat.WebApi.Controllers.StoresController (Urbeat.WebApi).
    Name: Microsoft.AspNetCore
[22:29:11 INF] Saved 1 entities to in-memory store.
(2026-06-08T01:29:04.1548564Z, 2026-06-08T01:29:11.0784823Z]  
Value: 5.273691
Resource associated with Activity:
Metric Name: dotnet.monitor.lock_contentions, Description: The number of times there was contention when trying to acquire a monitor lock since the process has started., Unit: {contention}, Metric Type: LongSum
Instrumentation scope (Meter):
	Name: System.Runtime
    telemetry.sdk.name: opentelemetry
(2026-06-08T01:29:04.1548714Z, 2026-06-08T01:29:11.0784826Z]  
Value: 4172
[22:29:11 INF] Executing endpoint 'Urbeat.WebApi.Controllers.StoreCategoriesController.Create (Urbeat.WebApi)'
    telemetry.sdk.language: dotnet
Metric Name: dotnet.thread_pool.thread.count, Description: The number of thread pool threads that currently exist., Unit: {thread}, Metric Type: LongSum
    telemetry.sdk.version: 1.14.0
    service.name: unknown_service:testhost
Instrumentation scope (Meter):
	Name: System.Runtime
Activity.TraceId:            e9e1cab7e77a114b78f08876a547c66f
Activity.SpanId:             81582a57300956b7
(2026-06-08T01:29:04.1549286Z, 2026-06-08T01:29:11.0784830Z]  
Value: 36
Activity.TraceFlags:         Recorded
Metric Name: dotnet.thread_pool.work_item.count, Description: The number of work items that the thread pool has completed since the process has started., Unit: {work_item}, Metric Type: LongSum
Instrumentation scope (Meter):
Activity.DisplayName:        POST api/auth/login/seller
	Name: System.Runtime
[22:29:11 INF] Executing endpoint 'Urbeat.WebApi.Controllers.StoreCategoriesController.List (Urbeat.WebApi)'
Activity.Kind:               Server
(2026-06-08T01:29:04.1551950Z, 2026-06-08T01:29:11.0784833Z]  
Value: 1358
Activity.StartTime:          2026-06-08T01:29:10.8618375Z
Activity.Duration:           00:00:00.1905433
Metric Name: dotnet.thread_pool.queue.length, Description: The number of work items that are currently queued to be processed by the thread pool., Unit: {work_item}, Metric Type: LongSum
Instrumentation scope (Meter):
	Name: System.Runtime
Activity.Tags:
(2026-06-08T01:29:04.1552094Z, 2026-06-08T01:29:11.0784838Z]  
Value: 3
    telemetry.sdk.language: dotnet
Metric Name: dotnet.timer.count, Description: The number of timer instances that are currently active. An active timer is registered to tick at some point in the future and has not yet been canceled., Unit: {timer}, Metric Type: LongSumNonMonotonic
Instrumentation scope (Meter):
	Name: System.Runtime
    telemetry.sdk.version: 1.14.0
(2026-06-08T01:29:04.1650133Z, 2026-06-08T01:29:11.0784840Z]  
Value: 32
    service.name: unknown_service:testhost
[22:29:11 INF] Route matched with {action = "Create", controller = "StoreCategories"}. Executing controller action with signature System.Threading.Tasks.Task`1[Microsoft.AspNetCore.Mvc.IActionResult] Create(System.Guid, Urbeat.Application.DTOs.CreateProductCategoryRequestDto, System.Threading.CancellationToken) on controller Urbeat.WebApi.Controllers.StoreCategoriesController (Urbeat.WebApi).
Metric Name: dotnet.assembly.count, Description: The number of .NET assemblies that are currently loaded., Unit: {assembly}, Metric Type: LongSumNonMonotonic
Instrumentation scope (Meter):
	Name: System.Runtime
Activity.TraceId:            4351e3e93b6ec5bdd64db3162ba46cb5
[22:29:11 INF] Route matched with {action = "List", controller = "StoreCategories"}. Executing controller action with signature System.Threading.Tasks.Task`1[Microsoft.AspNetCore.Mvc.IActionResult] List(System.Guid, System.Threading.CancellationToken) on controller Urbeat.WebApi.Controllers.StoreCategoriesController (Urbeat.WebApi).
Activity.SpanId:             5dfaeb7ca56f6f52
(2026-06-08T01:29:04.1650311Z, 2026-06-08T01:29:11.0784844Z]  
Value: 266
Activity.TraceFlags:         Recorded
Metric Name: dotnet.exceptions, Description: The number of exceptions that have been thrown in managed code., Unit: {exception}, Metric Type: LongSum
Instrumentation scope (Meter):
	Name: System.Runtime
Activity.DisplayName:        POST api/stores
Activity.Kind:               Server
(2026-06-08T01:29:04.1872952Z, 2026-06-08T01:29:11.0784854Z] error.type: SocketException
Value: 23
    url.path: /api/auth/register/customer
Activity.StartTime:          2026-06-08T01:29:10.8136878Z
(2026-06-08T01:29:04.1872952Z, 2026-06-08T01:29:11.0784854Z] error.type: NullReferenceException
Value: 4
Activity.Duration:           00:00:00.2022984
    network.protocol.version: 1.1
Activity.Tags:
    server.address: localhost
(2026-06-08T01:29:04.1872952Z, 2026-06-08T01:29:11.0784854Z] error.type: OperationCanceledException
Value: 77
    http.request.method: POST
    http.route: api/auth/register/customer
(2026-06-08T01:29:04.1872952Z, 2026-06-08T01:29:11.0784854Z] error.type: InvalidOperationException
Value: 7
    service.name: unknown_service:testhost
(2026-06-08T01:29:04.1872952Z, 2026-06-08T01:29:11.0784854Z] error.type: FileNotFoundException
Value: 1
Activity.TraceId:            35bd80ecb5f77e7cc4400ea31b0161fa
(2026-06-08T01:29:04.1872952Z, 2026-06-08T01:29:11.0784854Z] error.type: XunitException
Value: 60
    http.response.status_code: 201
Activity.SpanId:             d5b6ea674797ee82
Instrumentation scope (ActivitySource):
(2026-06-08T01:29:04.1872952Z, 2026-06-08T01:29:11.0784854Z] error.type: NpgsqlException
Value: 24
    telemetry.sdk.version: 1.14.0
(2026-06-08T01:29:04.1872952Z, 2026-06-08T01:29:11.0784854Z] error.type: ObjectDisposedException
Value: 45
    service.name: unknown_service:testhost
(2026-06-08T01:29:04.1872952Z, 2026-06-08T01:29:11.0784854Z] error.type: RuntimeBinderException
Value: 2
Metric Name: dotnet.process.cpu.count, Description: The number of processors available to the process., Unit: {cpu}, Metric Type: LongSumNonMonotonic
Instrumentation scope (Meter):
	Name: System.Runtime
[22:29:11 INF] Request finished HTTP/1.1 POST http://localhost/api/auth/login/customer - 200 null application/json; charset=utf-8 269.444ms
(2026-06-08T01:29:04.1873406Z, 2026-06-08T01:29:11.0784858Z]  
Value: 12
Metric Name: dotnet.process.cpu.time, Description: CPU time used by the process., Unit: s, Metric Type: DoubleSum
    url.scheme: http
Instrumentation scope (Meter):
	Name: System.Runtime
    url.path: /api/stores
(2026-06-08T01:29:04.1875512Z, 2026-06-08T01:29:11.0784864Z] cpu.mode: user
Value: 16.5
    network.protocol.version: 1.1
    http.route: api/stores
    Name: Microsoft.AspNetCore
(2026-06-08T01:29:04.1875512Z, 2026-06-08T01:29:11.0784864Z] cpu.mode: system
Value: 2.9375
    http.response.status_code: 201
Resource associated with Activity:
Metric Name: dns.lookup.duration, Description: Measures the time taken to perform a DNS lookup., Unit: s, Metric Type: Histogram
Instrumentation scope (ActivitySource):
Instrumentation scope (Meter):
    Name: Microsoft.AspNetCore
    telemetry.sdk.name: opentelemetry
	Name: System.Net.NameResolution
    telemetry.sdk.language: dotnet
Resource associated with Activity:
    telemetry.sdk.name: opentelemetry
    url.scheme: http
    telemetry.sdk.language: dotnet
(2026-06-08T01:29:04.2010846Z, 2026-06-08T01:29:11.0784872Z] dns.question.name: localhost
Value: Sum: 0.0096021 Count: 9 Min: 0.000572 Max: 0.003488 
(-Infinity,0,005]:9
(0,005,0,01]:0
(0,01,0,025]:0
(0,025,0,05]:0
(0,05,0,075]:0
(0,075,0,1]:0
(0,1,0,25]:0
(0,25,0,5]:0
(0,5,0,75]:0
(0,75,1]:0
(1,2,5]:0
(2,5,5]:0
(5,7,5]:0
(7,5,10]:0
(10,+Infinity]:0
    telemetry.sdk.version: 1.14.0
    url.path: /api/auth/login/seller
    service.name: unknown_service:testhost
    network.protocol.version: 1.1
Metric Name: aspnetcore.routing.match_attempts, Description: Number of requests that were attempted to be matched to an endpoint., Unit: {match_attempt}, Metric Type: LongSum
Instrumentation scope (Meter):
    http.route: api/auth/login/seller
	Name: Microsoft.AspNetCore.Routing
    http.response.status_code: 200
Instrumentation scope (ActivitySource):
Activity.TraceId:            fc165ebf537d154d40c25ed635994d68
    Name: Microsoft.AspNetCore
(2026-06-08T01:29:05.8087830Z, 2026-06-08T01:29:11.0784889Z] aspnetcore.routing.is_fallback: false aspnetcore.routing.match_status: success http.route: api/auth/login/admin
Value: 6
Resource associated with Activity:
Activity.SpanId:             a79f9d0532d9e143
    telemetry.sdk.name: opentelemetry
(2026-06-08T01:29:05.8087830Z, 2026-06-08T01:29:11.0784889Z] aspnetcore.routing.is_fallback: false aspnetcore.routing.match_status: success http.route: api/auth/register/customer
Value: 9
    telemetry.sdk.language: dotnet
Activity.TraceFlags:         Recorded
    telemetry.sdk.version: 1.14.0
Activity.DisplayName:        POST api/stores
    service.name: unknown_service:testhost
(2026-06-08T01:29:05.8087830Z, 2026-06-08T01:29:11.0784889Z] aspnetcore.routing.is_fallback: false aspnetcore.routing.match_status: success http.route: api/address-lookup/cep/{cep}
Value: 1
Activity.Kind:               Server
(2026-06-08T01:29:05.8087830Z, 2026-06-08T01:29:11.0784889Z] aspnetcore.routing.is_fallback: false aspnetcore.routing.match_status: success http.route: api/auth/register/seller
Value: 27
(2026-06-08T01:29:05.8087830Z, 2026-06-08T01:29:11.0784889Z] aspnetcore.routing.is_fallback: false aspnetcore.routing.match_status: success http.route: api/stores/{storeId}/categories
Value: 5
Activity.TraceId:            1d1cdc49f2529c795209fbd10df86aec
Activity.StartTime:          2026-06-08T01:29:11.0163209Z
(2026-06-08T01:29:05.8087830Z, 2026-06-08T01:29:11.0784889Z] aspnetcore.routing.is_fallback: false aspnetcore.routing.match_status: success http.route: api/customer/home
Value: 3
Activity.SpanId:             3a4b362036e82e0d
Activity.Duration:           00:00:00.1488742
Activity.TraceId:            4219fc294d512c1c0db02967e68474dc
    server.address: localhost
    http.request.method: POST
[22:29:11 INF] Executing action method Urbeat.WebApi.Controllers.StoreCategoriesController.List (Urbeat.WebApi) - Validation state: Valid
    url.scheme: http
Activity.TraceFlags:         Recorded
[22:29:11 INF] Executing action method Urbeat.WebApi.Controllers.StoresController.UpdateDeliveryConfig (Urbeat.WebApi) - Validation state: Valid
Activity.DisplayName:        POST api/subscriptions/contract
    url.path: /api/auth/login/seller
Activity.Kind:               Server
    network.protocol.version: 1.1
    telemetry.sdk.version: 1.14.0
    http.route: api/auth/login/seller
[22:29:11 INF] Executing action method Urbeat.WebApi.Controllers.StoreCategoriesController.Create (Urbeat.WebApi) - Validation state: Valid
    http.response.status_code: 200
Instrumentation scope (ActivitySource):
Activity.SpanId:             79d0f8759a94df56
    Name: Microsoft.AspNetCore
Activity.TraceFlags:         Recorded
(2026-06-08T01:29:05.8087830Z, 2026-06-08T01:29:11.0784889Z] aspnetcore.routing.is_fallback: false aspnetcore.routing.match_status: success http.route: api/admin/dashboard
Value: 3
Activity.DisplayName:        POST api/auth/login/seller
Resource associated with Activity:
Activity.Kind:               Server
Activity.TraceFlags:         Recorded
Activity.StartTime:          2026-06-08T01:29:10.7726411Z
    telemetry.sdk.name: opentelemetry
Activity.DisplayName:        PATCH api/stores/{storeId}/status
Activity.Duration:           00:00:00.2434761
    telemetry.sdk.language: dotnet
(2026-06-08T01:29:05.8087830Z, 2026-06-08T01:29:11.0784889Z] aspnetcore.routing.is_fallback: false aspnetcore.routing.match_status: success http.route: api/seller/panel
Value: 3
    telemetry.sdk.version: 1.14.0
(2026-06-08T01:29:05.8087830Z, 2026-06-08T01:29:11.0784889Z] aspnetcore.routing.is_fallback: false aspnetcore.routing.match_status: success http.route: api/admin/plans
Value: 6
    service.name: unknown_service:testhost
(2026-06-08T01:29:05.8087830Z, 2026-06-08T01:29:11.0784889Z] aspnetcore.routing.is_fallback: false aspnetcore.routing.match_status: success http.route: api/auth/login/customer
Value: 7
Activity.Tags:
    server.address: localhost
    http.request.method: POST
    url.scheme: http
    url.path: /api/auth/login/seller
Activity.Tags:
    network.protocol.version: 1.1
(2026-06-08T01:29:05.8087830Z, 2026-06-08T01:29:11.0784889Z] aspnetcore.routing.is_fallback: false aspnetcore.routing.match_status: success http.route: api/auth/login/seller
Value: 20
    server.address: localhost
    http.route: api/auth/login/seller
    http.request.method: POST
    http.response.status_code: 200
    url.scheme: http
(2026-06-08T01:29:05.8087830Z, 2026-06-08T01:29:11.0784889Z] aspnetcore.routing.is_fallback: false aspnetcore.routing.match_status: success http.route: api/auth/email/resend-confirmation
Value: 5
Instrumentation scope (ActivitySource):
    url.path: /api/stores
    Name: Microsoft.AspNetCore
    network.protocol.version: 1.1
(2026-06-08T01:29:05.8087830Z, 2026-06-08T01:29:11.0784889Z] aspnetcore.routing.is_fallback: false aspnetcore.routing.match_status: success http.route: api/auth/email/confirm/{code}
Value: 4
    http.route: api/stores
Resource associated with Activity:
    http.response.status_code: 201
Instrumentation scope (ActivitySource):
    Name: Microsoft.AspNetCore
    service.name: unknown_service:testhost
Resource associated with Activity:
    telemetry.sdk.name: opentelemetry
Activity.TraceId:            d4e8884a9b0b37321b62b45ba6b06127
    telemetry.sdk.language: dotnet
    telemetry.sdk.version: 1.14.0
    service.name: unknown_service:testhost
Activity.SpanId:             01b8bbd7f9602960
Activity.TraceFlags:         Recorded
Activity.DisplayName:        POST api/stores
Activity.Kind:               Server
Activity.Kind:               Server
Activity.StartTime:          2026-06-08T01:29:11.0524046Z
Activity.Duration:           00:00:00.1538579
Activity.Tags:
    server.address: localhost
Activity.StartTime:          2026-06-08T01:29:11.0172097Z
    http.request.method: POST
Activity.StartTime:          2026-06-08T01:29:10.8137796Z
    url.scheme: http
Activity.Duration:           00:00:00.2021285
(2026-06-08T01:29:05.8087830Z, 2026-06-08T01:29:11.0784889Z] aspnetcore.routing.is_fallback: false aspnetcore.routing.match_status: success http.route: api/stores
Value: 20
Activity.Tags:
    url.path: /api/stores
    server.address: localhost
    network.protocol.version: 1.1
(2026-06-08T01:29:05.8087830Z, 2026-06-08T01:29:11.0784889Z] aspnetcore.routing.is_fallback: false aspnetcore.routing.match_status: success http.route: api/customer/addresses
Value: 9
    http.request.method: POST
    http.route: api/stores
    url.scheme: http
(2026-06-08T01:29:05.8087830Z, 2026-06-08T01:29:11.0784889Z] aspnetcore.routing.is_fallback: false aspnetcore.routing.match_status: success http.route: api/stores/cuisine-types
Value: 1
    http.response.status_code: 201
    url.path: /api/subscriptions/contract
Instrumentation scope (ActivitySource):
    network.protocol.version: 1.1
(2026-06-08T01:29:05.8087830Z, 2026-06-08T01:29:11.0784889Z] aspnetcore.routing.is_fallback: false aspnetcore.routing.match_status: success http.route: api/admin/plans/{planId}
Value: 1
    http.route: api/subscriptions/contract
    Name: Microsoft.AspNetCore
(2026-06-08T01:29:05.8087830Z, 2026-06-08T01:29:11.0784889Z] aspnetcore.routing.is_fallback: false aspnetcore.routing.match_status: success http.route: api/admin/plans/{planId}/status
Value: 1
    http.response.status_code: 400
Resource associated with Activity:
(2026-06-08T01:29:05.8087830Z, 2026-06-08T01:29:11.0784889Z] aspnetcore.routing.is_fallback: false aspnetcore.routing.match_status: success http.route: api/auth/email/confirm
Value: 2
Instrumentation scope (ActivitySource):
(2026-06-08T01:29:05.8087830Z, 2026-06-08T01:29:11.0784889Z] aspnetcore.routing.is_fallback: false aspnetcore.routing.match_status: success http.route: api/stores/{storeId}/status
Value: 6
    Name: Microsoft.AspNetCore
    telemetry.sdk.name: opentelemetry
Resource associated with Activity:
(2026-06-08T01:29:05.8087830Z, 2026-06-08T01:29:11.0784889Z] aspnetcore.routing.is_fallback: false aspnetcore.routing.match_status: success http.route: api/stores/{storeId}/delivery-config
Value: 5
    telemetry.sdk.language: dotnet
    telemetry.sdk.name: opentelemetry
    telemetry.sdk.version: 1.14.0
    telemetry.sdk.language: dotnet
(2026-06-08T01:29:05.8087830Z, 2026-06-08T01:29:11.0784889Z] aspnetcore.routing.is_fallback: false aspnetcore.routing.match_status: success http.route: api/stores/{storeId}/categories/{categoryId}
Value: 3
    telemetry.sdk.version: 1.14.0
    service.name: unknown_service:testhost
    service.name: unknown_service:testhost
(2026-06-08T01:29:05.8087830Z, 2026-06-08T01:29:11.0784889Z] aspnetcore.routing.is_fallback: false aspnetcore.routing.match_status: success http.route: api/stores/my-store
Value: 3
(2026-06-08T01:29:05.8087830Z, 2026-06-08T01:29:11.0784889Z] aspnetcore.routing.is_fallback: false aspnetcore.routing.match_status: success http.route: api/admin/subscriptions/status
Value: 2
    telemetry.sdk.name: opentelemetry
Activity.TraceId:            fc165ebf537d154d40c25ed635994d68
    telemetry.sdk.language: dotnet
Activity.TraceId:            35bd80ecb5f77e7cc4400ea31b0161fa
    telemetry.sdk.version: 1.14.0
Activity.SpanId:             a79f9d0532d9e143
Activity.SpanId:             d5b6ea674797ee82
    service.name: unknown_service:testhost
Activity.TraceFlags:         Recorded
Activity.TraceFlags:         Recorded
Activity.DisplayName:        POST api/stores
Activity.Kind:               Server
Activity.DisplayName:        POST api/subscriptions/contract
Activity.TraceId:            adf87312dcd5c757a6e208ba6b6a2367
Activity.Kind:               Server
Activity.SpanId:             f7d53bea03954c76
Activity.StartTime:          2026-06-08T01:29:11.0163209Z
Activity.StartTime:          2026-06-08T01:29:10.8137796Z
Activity.TraceFlags:         Recorded
Activity.Duration:           00:00:00.2021285
Activity.Duration:           00:00:00.1488742
Activity.Tags:
Activity.Tags:
    server.address: localhost
    server.address: localhost
    http.request.method: POST
Activity.DisplayName:        POST api/auth/register/seller
    url.scheme: http
    http.request.method: POST
Activity.Kind:               Server
    url.path: /api/subscriptions/contract
    url.scheme: http
    network.protocol.version: 1.1
    url.path: /api/stores
    http.route: api/subscriptions/contract
    network.protocol.version: 1.1
Activity.StartTime:          2026-06-08T01:29:10.8341714Z
    http.response.status_code: 400
Activity.Duration:           00:00:00.2438463
Instrumentation scope (ActivitySource):
    http.route: api/stores
    Name: Microsoft.AspNetCore
    http.response.status_code: 201
Instrumentation scope (ActivitySource):
    Name: Microsoft.AspNetCore
Resource associated with Activity:
    telemetry.sdk.name: opentelemetry
    telemetry.sdk.language: dotnet
    telemetry.sdk.version: 1.14.0
Resource associated with Activity:
    service.name: unknown_service:testhost
    telemetry.sdk.name: opentelemetry
Activity.TraceId:            fc165ebf537d154d40c25ed635994d68
    telemetry.sdk.language: dotnet
Activity.SpanId:             a79f9d0532d9e143
    telemetry.sdk.version: 1.14.0
Activity.TraceFlags:         Recorded
    service.name: unknown_service:testhost
[22:29:11 INF] Request starting HTTP/1.1 POST http://localhost/api/customer/addresses - application/json; charset=utf-8 null
Activity.DisplayName:        POST api/stores
Activity.Kind:               Server
Activity.StartTime:          2026-06-08T01:29:11.0163209Z
Activity.Duration:           00:00:00.1488742
Activity.Tags:
    server.address: localhost
    http.request.method: POST
    url.scheme: http
Activity.Duration:           00:00:00.1472673
    url.path: /api/stores
Activity.Tags:
    network.protocol.version: 1.1
(2026-06-08T01:29:05.8087830Z, 2026-06-08T01:29:11.0784889Z] aspnetcore.routing.is_fallback: false aspnetcore.routing.match_status: success http.route: api/subscriptions/my
Value: 2
    server.address: localhost
[22:29:11 INF] Executing action method Urbeat.WebApi.Controllers.AuthController.LoginCustomer (Urbeat.WebApi) - Validation state: Valid
    http.request.method: PATCH
(2026-06-08T01:29:05.8087830Z, 2026-06-08T01:29:11.0784889Z] aspnetcore.routing.is_fallback: false aspnetcore.routing.match_status: success http.route: api/subscriptions/contract
Value: 4
    url.scheme: http
    url.path: /api/stores/019ea4d9-15f0-7645-b91c-26bc5304e599/status
[22:29:11 INF] Executed action method Urbeat.WebApi.Controllers.StoresController.Create (Urbeat.WebApi), returned result Microsoft.AspNetCore.Mvc.ObjectResult in 44.243ms.
(2026-06-08T01:29:05.8087830Z, 2026-06-08T01:29:11.0784889Z] aspnetcore.routing.is_fallback: false aspnetcore.routing.match_status: success http.route: api/subscriptions/plans
Value: 1
    network.protocol.version: 1.1
(2026-06-08T01:29:05.8087830Z, 2026-06-08T01:29:11.0784889Z] aspnetcore.routing.is_fallback: false aspnetcore.routing.match_status: success http.route: api/orders
Value: 2
    http.route: api/stores/{storeId}/status
(2026-06-08T01:29:05.8087830Z, 2026-06-08T01:29:11.0784889Z] aspnetcore.routing.is_fallback: false aspnetcore.routing.match_status: success http.route: api/checkout/preview
Value: 2
[22:29:11 INF] Saved 1 entities to in-memory store.
(2026-06-08T01:29:05.8087830Z, 2026-06-08T01:29:11.0784889Z] aspnetcore.routing.is_fallback: false aspnetcore.routing.match_status: success http.route: api/admin/subscriptions/notifications/process
Value: 1
(2026-06-08T01:29:05.8087830Z, 2026-06-08T01:29:11.0784889Z] aspnetcore.routing.is_fallback: false aspnetcore.routing.match_status: success http.route: api/stores/{storeId}/business-hours
Value: 2
(2026-06-08T01:29:05.8087830Z, 2026-06-08T01:29:11.0784889Z] aspnetcore.routing.is_fallback: false aspnetcore.routing.match_status: success http.route: api/public/stores
Value: 1
[22:29:11 INF] Saved 1 entities to in-memory store.
(2026-06-08T01:29:05.8087830Z, 2026-06-08T01:29:11.0784889Z] aspnetcore.routing.is_fallback: false aspnetcore.routing.match_status: success http.route: api/public/stores/{storeId}
Value: 1
Metric Name: aspnetcore.routing.match_attempts, Description: Number of requests that were attempted to be matched to an endpoint., Unit: {match_attempt}, Metric Type: LongSum
Instrumentation scope (Meter):
	Name: Microsoft.AspNetCore.Routing
(2026-06-08T01:29:07.4203655Z, 2026-06-08T01:29:11.0784915Z] aspnetcore.routing.is_fallback: false aspnetcore.routing.match_status: success http.route: /health
Value: 1
[22:29:11 INF] Executed action method Urbeat.WebApi.Controllers.StoresController.UpdateDeliveryConfig (Urbeat.WebApi), returned result Microsoft.AspNetCore.Mvc.OkObjectResult in 0.5689ms.
Metric Name: http.server.active_requests, Description: Number of active HTTP server requests., Unit: {request}, Metric Type: LongSumNonMonotonic
Instrumentation scope (Meter):
	Name: Microsoft.AspNetCore.Hosting
(2026-06-08T01:29:07.9115980Z, 2026-06-08T01:29:11.0784944Z] http.request.method: POST url.scheme: http
Value: 3
(2026-06-08T01:29:07.9115980Z, 2026-06-08T01:29:11.0784944Z] http.request.method: PATCH url.scheme: http
Value: 1
(2026-06-08T01:29:07.9115980Z, 2026-06-08T01:29:11.0784944Z] http.request.method: GET url.scheme: http
Value: 0
Metric Name: http.server.request.duration, Description: Duration of HTTP server requests., Unit: s, Metric Type: Histogram
Instrumentation scope (Meter):
	Name: Microsoft.AspNetCore.Hosting
(2026-06-08T01:29:07.9118236Z, 2026-06-08T01:29:11.0785009Z] http.request.method: POST http.response.status_code: 201 http.route: api/auth/register/seller network.protocol.version: 1.1 url.scheme: http
Value: Sum: 1.9384503 Count: 7 Min: 0.1794755 Max: 0.3972926 
(-Infinity,0,005]:0
(0,005,0,01]:0
(0,01,0,025]:0
(0,025,0,05]:0
(0,05,0,075]:0
(0,075,0,1]:0
(0,1,0,25]:3
(0,25,0,5]:4
(0,5,0,75]:0
(0,75,1]:0
(1,2,5]:0
(2,5,5]:0
(5,7,5]:0
(7,5,10]:0
(10,+Infinity]:0
(2026-06-08T01:29:07.9118236Z, 2026-06-08T01:29:11.0785009Z] http.request.method: POST http.response.status_code: 200 http.route: api/auth/login/seller network.protocol.version: 1.1 url.scheme: http
Value: Sum: 1.5786092 Count: 7 Min: 0.1077796 Max: 0.383696 
(-Infinity,0,005]:0
(0,005,0,01]:0
(0,01,0,025]:0
(0,025,0,05]:0
(0,05,0,075]:0
(0,075,0,1]:0
(0,1,0,25]:5
(0,25,0,5]:2
(0,5,0,75]:0
(0,75,1]:0
(1,2,5]:0
(2,5,5]:0
(5,7,5]:0
(7,5,10]:0
(10,+Infinity]:0
(2026-06-08T01:29:07.9118236Z, 2026-06-08T01:29:11.0785009Z] http.request.method: POST http.response.status_code: 201 http.route: api/stores network.protocol.version: 1.1 url.scheme: http
Value: Sum: 0.9028323 Count: 5 Min: 0.149928 Max: 0.2174581 
(-Infinity,0,005]:0
(0,005,0,01]:0
(0,01,0,025]:0
(0,025,0,05]:0
(0,05,0,075]:0
(0,075,0,1]:0
(0,1,0,25]:5
(0,25,0,5]:0
(0,5,0,75]:0
(0,75,1]:0
(1,2,5]:0
(2,5,5]:0
(5,7,5]:0
(7,5,10]:0
(10,+Infinity]:0
(2026-06-08T01:29:07.9118236Z, 2026-06-08T01:29:11.0785009Z] http.request.method: PATCH http.response.status_code: 200 http.route: api/stores/{storeId}/status network.protocol.version: 1.1 url.scheme: http
Value: Sum: 0.0343557 Count: 1 Min: 0.0343557 Max: 0.0343557 
(-Infinity,0,005]:0
(0,005,0,01]:0
(0,01,0,025]:0
(0,025,0,05]:1
(0,05,0,075]:0
(0,075,0,1]:0
(0,1,0,25]:0
(0,25,0,5]:0
(0,5,0,75]:0
(0,75,1]:0
(1,2,5]:0
(2,5,5]:0
(5,7,5]:0
(7,5,10]:0
(10,+Infinity]:0
[22:29:11 INF] Executing OkObjectResult, writing value of type 'Urbeat.Application.DTOs.StoreResponseDto'.
(2026-06-08T01:29:07.9118236Z, 2026-06-08T01:29:11.0785009Z] http.request.method: PATCH http.response.status_code: 200 http.route: api/stores/{storeId}/delivery-config network.protocol.version: 1.1 url.scheme: http
Value: Sum: 0.1221238 Count: 1 Min: 0.1221238 Max: 0.1221238 
(-Infinity,0,005]:0
(0,005,0,01]:0
(0,01,0,025]:0
(0,025,0,05]:0
(0,05,0,075]:0
(0,075,0,1]:0
(0,1,0,25]:1
(0,25,0,5]:0
(0,5,0,75]:0
(0,75,1]:0
(1,2,5]:0
(2,5,5]:0
(5,7,5]:0
(7,5,10]:0
(10,+Infinity]:0
    http.route: api/stores
    http.response.status_code: 201
(2026-06-08T01:29:07.9118236Z, 2026-06-08T01:29:11.0785009Z] http.request.method: POST http.response.status_code: 201 http.route: api/auth/register/customer network.protocol.version: 1.1 url.scheme: http
Value: Sum: 0.2380296 Count: 1 Min: 0.2380296 Max: 0.2380296 
(-Infinity,0,005]:0
(0,005,0,01]:0
(0,01,0,025]:0
(0,025,0,05]:0
(0,05,0,075]:0
(0,075,0,1]:0
(0,1,0,25]:1
(0,25,0,5]:0
(0,5,0,75]:0
(0,75,1]:0
(1,2,5]:0
(2,5,5]:0
(5,7,5]:0
(7,5,10]:0
(10,+Infinity]:0
Instrumentation scope (ActivitySource):
    Name: Microsoft.AspNetCore
Resource associated with Activity:
    telemetry.sdk.name: opentelemetry
    telemetry.sdk.language: dotnet
    telemetry.sdk.version: 1.14.0
(2026-06-08T01:29:07.9118236Z, 2026-06-08T01:29:11.0785009Z] http.request.method: POST http.response.status_code: 200 http.route: api/auth/login/customer network.protocol.version: 1.1 url.scheme: http
Value: Sum: 0.1358588 Count: 1 Min: 0.1358588 Max: 0.1358588 
(-Infinity,0,005]:0
(0,005,0,01]:0
(0,01,0,025]:0
(0,025,0,05]:0
(0,05,0,075]:0
(0,075,0,1]:0
(0,1,0,25]:1
(0,25,0,5]:0
(0,5,0,75]:0
(0,75,1]:0
(1,2,5]:0
(2,5,5]:0
(5,7,5]:0
(7,5,10]:0
(10,+Infinity]:0
    service.name: unknown_service:testhost
    http.response.status_code: 200
(2026-06-08T01:29:07.9118236Z, 2026-06-08T01:29:11.0785009Z] http.request.method: POST http.response.status_code: 201 http.route: api/customer/addresses network.protocol.version: 1.1 url.scheme: http
Value: Sum: 0.185186 Count: 1 Min: 0.185186 Max: 0.185186 
(-Infinity,0,005]:0
(0,005,0,01]:0
(0,01,0,025]:0
(0,025,0,05]:0
(0,05,0,075]:0
(0,075,0,1]:0
(0,1,0,25]:1
(0,25,0,5]:0
(0,5,0,75]:0
(0,75,1]:0
(1,2,5]:0
(2,5,5]:0
(5,7,5]:0
(7,5,10]:0
(10,+Infinity]:0
Instrumentation scope (ActivitySource):
Activity.TraceId:            fc165ebf537d154d40c25ed635994d68
    Name: Microsoft.AspNetCore
Activity.SpanId:             a79f9d0532d9e143
Resource associated with Activity:
[22:29:11 INF] Executing ObjectResult, writing value of type 'Urbeat.Application.DTOs.StoreResponseDto'.
    telemetry.sdk.name: opentelemetry
    telemetry.sdk.language: dotnet
    telemetry.sdk.version: 1.14.0
[22:29:11 INF] Executed action method Urbeat.WebApi.Controllers.StoreCategoriesController.List (Urbeat.WebApi), returned result Microsoft.AspNetCore.Mvc.OkObjectResult in 0.3631ms.
    service.name: unknown_service:testhost
[22:29:11 INF] Executed action Urbeat.WebApi.Controllers.StoresController.UpdateDeliveryConfig (Urbeat.WebApi) in 31.7779ms
Activity.TraceId:            1d1cdc49f2529c795209fbd10df86aec
Activity.SpanId:             3a4b362036e82e0d
Activity.TraceFlags:         Recorded
Activity.TraceId:            cb4f3dd9c3a510ff60edbfdd4e7f1552
Activity.DisplayName:        PATCH api/stores/{storeId}/status
Activity.SpanId:             4e877038648177b1
Activity.Kind:               Server
Activity.TraceFlags:         Recorded
Activity.DisplayName:        POST api/auth/login/customer
(2026-06-08T01:29:07.9118236Z, 2026-06-08T01:29:11.0785009Z] http.request.method: POST http.response.status_code: 201 http.route: api/stores/{storeId}/categories network.protocol.version: 1.1 url.scheme: http
Value: Sum: 0.1803927 Count: 1 Min: 0.1803927 Max: 0.1803927 
(-Infinity,0,005]:0
(0,005,0,01]:0
(0,01,0,025]:0
(0,025,0,05]:0
(0,05,0,075]:0
(0,075,0,1]:0
(0,1,0,25]:1
(0,25,0,5]:0
(0,5,0,75]:0
(0,75,1]:0
(1,2,5]:0
(2,5,5]:0
(5,7,5]:0
(7,5,10]:0
(10,+Infinity]:0
Activity.Kind:               Server
Activity.TraceFlags:         Recorded
Activity.StartTime:          2026-06-08T01:29:10.9378524Z
Activity.Duration:           00:00:00.3002050
Activity.DisplayName:        POST api/stores
Activity.StartTime:          2026-06-08T01:29:11.0172097Z
Activity.Kind:               Server
(2026-06-08T01:29:07.9118236Z, 2026-06-08T01:29:11.0785009Z] http.request.method: POST http.response.status_code: 400 http.route: api/orders network.protocol.version: 1.1 url.scheme: http
Value: Sum: 0.1575988 Count: 1 Min: 0.1575988 Max: 0.1575988 
(-Infinity,0,005]:0
(0,005,0,01]:0
(0,01,0,025]:0
(0,025,0,05]:0
(0,05,0,075]:0
(0,075,0,1]:0
(0,1,0,25]:1
(0,25,0,5]:0
(0,5,0,75]:0
(0,75,1]:0
(1,2,5]:0
(2,5,5]:0
(5,7,5]:0
(7,5,10]:0
(10,+Infinity]:0
Activity.StartTime:          2026-06-08T01:29:11.0163209Z
Activity.Duration:           00:00:00.1488742
(2026-06-08T01:29:07.9118236Z, 2026-06-08T01:29:11.0785009Z] http.request.method: POST http.response.status_code: 400 http.route: api/stores/{storeId}/products network.protocol.version: 1.1 url.scheme: http
Value: Sum: 0.2368922 Count: 1 Min: 0.2368922 Max: 0.2368922 
(-Infinity,0,005]:0
(0,005,0,01]:0
(0,01,0,025]:0
(0,025,0,05]:0
(0,05,0,075]:0
(0,075,0,1]:0
(0,1,0,25]:1
(0,25,0,5]:0
(0,5,0,75]:0
(0,75,1]:0
(1,2,5]:0
(2,5,5]:0
(5,7,5]:0
(7,5,10]:0
(10,+Infinity]:0
Activity.Tags:
[22:29:11 INF] Saved 1 entities to in-memory store.
    server.address: localhost
    http.request.method: POST
(2026-06-08T01:29:07.9118236Z, 2026-06-08T01:29:11.0785009Z] http.request.method: GET http.response.status_code: 200 http.route: api/public/stores network.protocol.version: 1.1 url.scheme: http
Value: Sum: 0.158115 Count: 1 Min: 0.158115 Max: 0.158115 
(-Infinity,0,005]:0
(0,005,0,01]:0
(0,01,0,025]:0
(0,025,0,05]:0
(0,05,0,075]:0
(0,075,0,1]:0
(0,1,0,25]:1
(0,25,0,5]:0
(0,5,0,75]:0
(0,75,1]:0
(1,2,5]:0
(2,5,5]:0
(5,7,5]:0
(7,5,10]:0
(10,+Infinity]:0
Activity.Tags:
Metric Name: aspnetcore.routing.match_attempts, Description: Number of requests that were attempted to be matched to an endpoint., Unit: {match_attempt}, Metric Type: LongSum
    server.address: localhost
Instrumentation scope (Meter):
Activity.Duration:           00:00:00.1472673
	Name: Microsoft.AspNetCore.Routing
Activity.Tags:
    url.scheme: http
    server.address: localhost
    url.path: /api/stores
    network.protocol.version: 1.1
    http.request.method: PATCH
    http.route: api/stores
    url.scheme: http
    url.path: /api/stores/019ea4d9-15f0-7645-b91c-26bc5304e599/status
    http.response.status_code: 201
    network.protocol.version: 1.1
    http.route: api/stores/{storeId}/status
(2026-06-08T01:29:07.9808327Z, 2026-06-08T01:29:11.0785018Z] aspnetcore.routing.is_fallback: false aspnetcore.routing.match_status: success http.route: api/auth/register/seller
Value: 7
Instrumentation scope (ActivitySource):
    http.response.status_code: 200
    Name: Microsoft.AspNetCore
Activity.Tags:
Instrumentation scope (ActivitySource):
(2026-06-08T01:29:07.9808327Z, 2026-06-08T01:29:11.0785018Z] aspnetcore.routing.is_fallback: false aspnetcore.routing.match_status: success http.route: api/auth/login/seller
Value: 7
Resource associated with Activity:
(2026-06-08T01:29:07.9808327Z, 2026-06-08T01:29:11.0785018Z] aspnetcore.routing.is_fallback: false aspnetcore.routing.match_status: success http.route: api/stores
Value: 7
    telemetry.sdk.name: opentelemetry
    telemetry.sdk.language: dotnet
    telemetry.sdk.version: 1.14.0
    service.name: unknown_service:testhost
[22:29:11 INF] Executed endpoint 'Urbeat.WebApi.Controllers.StoresController.UpdateDeliveryConfig (Urbeat.WebApi)'
(2026-06-08T01:29:07.9808327Z, 2026-06-08T01:29:11.0785018Z] aspnetcore.routing.is_fallback: false aspnetcore.routing.match_status: success http.route: api/stores/{storeId}/status
Value: 2
(2026-06-08T01:29:07.9808327Z, 2026-06-08T01:29:11.0785018Z] aspnetcore.routing.is_fallback: false aspnetcore.routing.match_status: success http.route: api/stores/{storeId}/delivery-config
Value: 1
(2026-06-08T01:29:07.9808327Z, 2026-06-08T01:29:11.0785018Z] aspnetcore.routing.is_fallback: false aspnetcore.routing.match_status: success http.route: api/auth/register/customer
Value: 2
[22:29:11 INF] Executing endpoint 'Urbeat.WebApi.Controllers.CustomerAddressesController.Create (Urbeat.WebApi)'
    http.request.method: POST
(2026-06-08T01:29:07.9808327Z, 2026-06-08T01:29:11.0785018Z] aspnetcore.routing.is_fallback: false aspnetcore.routing.match_status: success http.route: api/auth/login/customer
Value: 1
    url.scheme: http
(2026-06-08T01:29:07.9808327Z, 2026-06-08T01:29:11.0785018Z] aspnetcore.routing.is_fallback: false aspnetcore.routing.match_status: success http.route: api/customer/addresses
Value: 1
    url.path: /api/auth/login/customer
    server.address: localhost
    network.protocol.version: 1.1
(2026-06-08T01:29:07.9808327Z, 2026-06-08T01:29:11.0785018Z] aspnetcore.routing.is_fallback: false aspnetcore.routing.match_status: success http.route: api/stores/{storeId}/categories
Value: 1
    http.route: api/auth/login/customer
    http.request.method: POST
(2026-06-08T01:29:07.9808327Z, 2026-06-08T01:29:11.0785018Z] aspnetcore.routing.is_fallback: false aspnetcore.routing.match_status: success http.route: api/orders
Value: 1
    http.response.status_code: 200
(2026-06-08T01:29:07.9808327Z, 2026-06-08T01:29:11.0785018Z] aspnetcore.routing.is_fallback: false aspnetcore.routing.match_status: success http.route: api/stores/{storeId}/products
Value: 1
    url.scheme: http
Instrumentation scope (ActivitySource):
    url.path: /api/auth/register/seller
    Name: Microsoft.AspNetCore
    network.protocol.version: 1.1
Resource associated with Activity:
    http.route: api/auth/register/seller
(2026-06-08T01:29:07.9808327Z, 2026-06-08T01:29:11.0785018Z] aspnetcore.routing.is_fallback: false aspnetcore.routing.match_status: success http.route: api/public/stores
Value: 1
    http.response.status_code: 201
    telemetry.sdk.name: opentelemetry
Instrumentation scope (ActivitySource):
    telemetry.sdk.language: dotnet
    Name: Microsoft.AspNetCore
    telemetry.sdk.version: 1.14.0
Resource associated with Activity:
    service.name: unknown_service:testhost
    telemetry.sdk.name: opentelemetry
    telemetry.sdk.language: dotnet
    telemetry.sdk.version: 1.14.0
    service.name: unknown_service:testhost
Activity.TraceId:            adf87312dcd5c757a6e208ba6b6a2367
Activity.TraceId:            cb4f3dd9c3a510ff60edbfdd4e7f1552
Activity.SpanId:             f7d53bea03954c76
Activity.TraceFlags:         Recorded
Activity.TraceId:            981904d2c92589448ebb4af05a235544
Activity.TraceId:            14ae825a2bf87f89dd49a1afd30560ee
Activity.SpanId:             4e877038648177b1
Activity.SpanId:             d91fe5fbd14c9dee
Activity.TraceFlags:         Recorded
Activity.DisplayName:        POST api/auth/login/customer
    Name: Microsoft.AspNetCore
Activity.Kind:               Server
Resource associated with Activity:
Activity.StartTime:          2026-06-08T01:29:10.9378524Z
    telemetry.sdk.name: opentelemetry
    telemetry.sdk.language: dotnet
Activity.Duration:           00:00:00.3002050
    telemetry.sdk.version: 1.14.0
Activity.Tags:
    service.name: unknown_service:testhost
    server.address: localhost
Activity.TraceId:            1d1cdc49f2529c795209fbd10df86aec
    http.request.method: POST
Activity.SpanId:             3a4b362036e82e0d
    url.scheme: http
Activity.TraceFlags:         Recorded
    url.path: /api/auth/login/customer
Activity.DisplayName:        PATCH api/stores/{storeId}/status
    network.protocol.version: 1.1
Activity.Kind:               Server
    http.route: api/auth/login/customer
    http.response.status_code: 200
Activity.StartTime:          2026-06-08T01:29:11.0172097Z
Instrumentation scope (ActivitySource):
Activity.Duration:           00:00:00.1472673
    Name: Microsoft.AspNetCore
Activity.Tags:
Resource associated with Activity:
    server.address: localhost
    telemetry.sdk.name: opentelemetry
    http.request.method: PATCH
    telemetry.sdk.language: dotnet
Activity.DisplayName:        POST api/auth/register/seller
    telemetry.sdk.version: 1.14.0
Activity.Kind:               Server
    service.name: unknown_service:testhost
    url.scheme: http
Activity.StartTime:          2026-06-08T01:29:10.8341714Z
Activity.Duration:           00:00:00.2438463
    url.path: /api/stores/019ea4d9-15f0-7645-b91c-26bc5304e599/status
Activity.Tags:
Activity.TraceId:            cb4f3dd9c3a510ff60edbfdd4e7f1552
    server.address: localhost
    network.protocol.version: 1.1
    http.request.method: POST
    http.route: api/stores/{storeId}/status
Activity.SpanId:             4e877038648177b1
    url.scheme: http
Activity.TraceFlags:         Recorded
    http.response.status_code: 200
Activity.DisplayName:        POST api/auth/login/customer
    url.path: /api/auth/register/seller
Activity.Kind:               Server
    network.protocol.version: 1.1
Instrumentation scope (ActivitySource):
    Name: Microsoft.AspNetCore
Resource associated with Activity:
Activity.StartTime:          2026-06-08T01:29:10.9378524Z
    http.route: api/auth/register/seller
Activity.Duration:           00:00:00.3002050
    http.response.status_code: 201
    telemetry.sdk.name: opentelemetry
Activity.Tags:
    telemetry.sdk.language: dotnet
    server.address: localhost
Instrumentation scope (ActivitySource):
    http.request.method: POST
    telemetry.sdk.version: 1.14.0
    url.scheme: http
    Name: Microsoft.AspNetCore
    url.path: /api/auth/login/customer
Resource associated with Activity:
    service.name: unknown_service:testhost
    network.protocol.version: 1.1
    http.route: api/auth/login/customer
    telemetry.sdk.name: opentelemetry
    http.response.status_code: 200
    telemetry.sdk.language: dotnet
Instrumentation scope (ActivitySource):
Activity.TraceFlags:         Recorded
    Name: Microsoft.AspNetCore
    telemetry.sdk.version: 1.14.0
Resource associated with Activity:
Activity.DisplayName:        POST api/auth/register/customer
    service.name: unknown_service:testhost
[22:29:11 INF] Executing OkObjectResult, writing value of type 'System.Collections.Generic.List`1[[Urbeat.Application.DTOs.ProductCategoryResponseDto, Urbeat.Application, Version=1.0.0.0, Culture=neutral, PublicKeyToken=null]]'.
Activity.Kind:               Server
    telemetry.sdk.name: opentelemetry
    telemetry.sdk.language: dotnet
    telemetry.sdk.version: 1.14.0
    service.name: unknown_service:testhost
Activity.SpanId:             99ddccdb297fd91c
Activity.TraceId:            cb4f3dd9c3a510ff60edbfdd4e7f1552
Activity.TraceId:            adf87312dcd5c757a6e208ba6b6a2367
Activity.SpanId:             4e877038648177b1
Activity.SpanId:             f7d53bea03954c76
Activity.TraceFlags:         Recorded
Activity.TraceFlags:         Recorded
Activity.DisplayName:        POST api/auth/login/seller
Activity.DisplayName:        POST api/auth/login/customer
Activity.Kind:               Server
Activity.Kind:               Server
Activity.TraceFlags:         Recorded
Activity.StartTime:          2026-06-08T01:29:10.9378524Z
Activity.StartTime:          2026-06-08T01:29:10.6685257Z
Activity.Duration:           00:00:00.3002050
Activity.Duration:           00:00:00.3840728
Activity.Tags:
Activity.Tags:
    server.address: localhost
    server.address: localhost
    http.request.method: POST
    http.request.method: POST
    url.scheme: http
[22:29:11 INF] Saved 1 entities to in-memory store.
    url.path: /api/auth/login/customer
    network.protocol.version: 1.1
    http.route: api/auth/login/customer
Activity.StartTime:          2026-06-08T01:29:10.8968757Z
    http.response.status_code: 200
Activity.Duration:           00:00:00.2686118
Instrumentation scope (ActivitySource):
[22:29:11 INF] Saved 2 entities to in-memory store.
    Name: Microsoft.AspNetCore
Resource associated with Activity:
Activity.Tags:
    telemetry.sdk.name: opentelemetry
    server.address: localhost
    telemetry.sdk.language: dotnet
    http.request.method: POST
    telemetry.sdk.version: 1.14.0
    url.scheme: http
    service.name: unknown_service:testhost
    url.path: /api/auth/register/customer
Activity.TraceId:            cb4f3dd9c3a510ff60edbfdd4e7f1552
    network.protocol.version: 1.1
Activity.SpanId:             4e877038648177b1
Activity.DisplayName:        POST api/auth/register/seller
    http.route: api/auth/register/customer
Activity.TraceFlags:         Recorded
[22:29:11 INF] Executed action method Urbeat.WebApi.Controllers.AuthController.LoginSeller (Urbeat.WebApi), returned result Microsoft.AspNetCore.Mvc.OkObjectResult in 75.3391ms.
Activity.DisplayName:        POST api/auth/login/customer
Activity.Kind:               Server
Activity.Kind:               Server
Activity.StartTime:          2026-06-08T01:29:10.8341714Z
Activity.Duration:           00:00:00.2438463
Activity.StartTime:          2026-06-08T01:29:10.9378524Z
[22:29:11 INF] Executed action Urbeat.WebApi.Controllers.StoresController.Create (Urbeat.WebApi) in 104.3641ms
Activity.Tags:
Activity.Duration:           00:00:00.3002050
    server.address: localhost
Activity.Tags:
    http.request.method: POST
    server.address: localhost
    url.scheme: http
    http.request.method: POST
[22:29:11 INF] Request finished HTTP/1.1 PATCH http://localhost/api/stores/019ea4d9-15f0-7645-b91c-26bc5304e599/delivery-config - 200 null application/json; charset=utf-8 134.9803ms
    url.scheme: http
    url.path: /api/auth/register/seller
    network.protocol.version: 1.1
    http.route: api/auth/register/seller
[22:29:11 INF] Executed action Urbeat.WebApi.Controllers.StoreCategoriesController.List (Urbeat.WebApi) in 65.0328ms
    url.path: /api/auth/login/customer
    http.response.status_code: 201
    network.protocol.version: 1.1
Instrumentation scope (ActivitySource):
    http.route: api/auth/login/customer
    Name: Microsoft.AspNetCore
Resource associated with Activity:
    http.response.status_code: 200
    telemetry.sdk.name: opentelemetry
Instrumentation scope (ActivitySource):
[22:29:11 INF] Executed endpoint 'Urbeat.WebApi.Controllers.StoresController.Create (Urbeat.WebApi)'
    Name: Microsoft.AspNetCore
Resource associated with Activity:
    telemetry.sdk.language: dotnet
    telemetry.sdk.name: opentelemetry
    telemetry.sdk.version: 1.14.0
    telemetry.sdk.language: dotnet
    service.name: unknown_service:testhost
    telemetry.sdk.version: 1.14.0
[22:29:11 INF] Executed endpoint 'Urbeat.WebApi.Controllers.StoreCategoriesController.List (Urbeat.WebApi)'
    service.name: unknown_service:testhost
    url.scheme: http
    url.path: /api/auth/login/seller
    network.protocol.version: 1.1
    http.route: api/auth/login/seller
[22:29:11 INF] Executing OkObjectResult, writing value of type 'Urbeat.Application.DTOs.AuthTokenResponseDto'.
    http.response.status_code: 200
Instrumentation scope (ActivitySource):
    Name: Microsoft.AspNetCore
Activity.TraceId:            66317ec498cf29f7fd991481fa9ed530
Resource associated with Activity:
Activity.SpanId:             a4eb5f9b00ef0ad5
    telemetry.sdk.name: opentelemetry
Activity.TraceFlags:         Recorded
    telemetry.sdk.language: dotnet
Activity.DisplayName:        PATCH api/stores/{storeId}/delivery-config
    telemetry.sdk.version: 1.14.0
Activity.Kind:               Server
    service.name: unknown_service:testhost
Activity.StartTime:          2026-06-08T01:29:11.1369451Z
Activity.TraceId:            981904d2c92589448ebb4af05a235544
Activity.Duration:           00:00:00.1354567
Activity.SpanId:             99ddccdb297fd91c
Activity.Tags:
Activity.TraceFlags:         Recorded
    server.address: localhost
Activity.DisplayName:        POST api/auth/login/seller
    http.request.method: PATCH
Activity.Kind:               Server
    url.scheme: http
    url.path: /api/stores/019ea4d9-15f0-7645-b91c-26bc5304e599/delivery-config
    network.protocol.version: 1.1
Activity.StartTime:          2026-06-08T01:29:10.6685257Z
    http.route: api/stores/{storeId}/delivery-config
Activity.Duration:           00:00:00.3840728
[22:29:11 INF] Request finished HTTP/1.1 POST http://localhost/api/stores - 201 null application/json; charset=utf-8 220.1614ms
Activity.Tags:
    http.response.status_code: 200
    server.address: localhost
Instrumentation scope (ActivitySource):
    http.request.method: POST
    Name: Microsoft.AspNetCore
    url.scheme: http
[22:29:11 INF] Request finished HTTP/1.1 GET http://localhost/api/stores/019ea4d9-16a6-7726-9a57-230ff2b5f978/categories - 200 null application/json; charset=utf-8 106.8226ms
    url.path: /api/auth/login/seller
Resource associated with Activity:
    network.protocol.version: 1.1
    telemetry.sdk.name: opentelemetry
    http.route: api/auth/login/seller
    telemetry.sdk.language: dotnet
    http.response.status_code: 200
    telemetry.sdk.version: 1.14.0
Instrumentation scope (ActivitySource):
    service.name: unknown_service:testhost
    Name: Microsoft.AspNetCore
Resource associated with Activity:
Activity.TraceId:            66317ec498cf29f7fd991481fa9ed530
    telemetry.sdk.name: opentelemetry
    telemetry.sdk.language: dotnet
Activity.SpanId:             a4eb5f9b00ef0ad5
    telemetry.sdk.version: 1.14.0
Activity.TraceFlags:         Recorded
    service.name: unknown_service:testhost
Activity.DisplayName:        PATCH api/stores/{storeId}/delivery-config
Activity.Kind:               Server
Activity.TraceId:            981904d2c92589448ebb4af05a235544
Activity.StartTime:          2026-06-08T01:29:11.1369451Z
Activity.SpanId:             99ddccdb297fd91c
Activity.Duration:           00:00:00.1354567
Activity.TraceFlags:         Recorded
Activity.Tags:
Activity.DisplayName:        POST api/auth/login/seller
    server.address: localhost
Activity.Kind:               Server
    http.request.method: PATCH
    http.response.status_code: 201
Activity.StartTime:          2026-06-08T01:29:10.6685257Z
    url.scheme: http
Activity.Duration:           00:00:00.3840728
    url.path: /api/stores/019ea4d9-15f0-7645-b91c-26bc5304e599/delivery-config
Activity.Tags:
    network.protocol.version: 1.1
    server.address: localhost
    http.route: api/stores/{storeId}/delivery-config
Activity.TraceId:            3f3710d29cc3fe1a9228c181fab36dea
    http.response.status_code: 200
Activity.SpanId:             bf817469f902c334
    http.request.method: POST
Activity.TraceFlags:         Recorded
    url.scheme: http
Instrumentation scope (ActivitySource):
    url.path: /api/auth/login/seller
    Name: Microsoft.AspNetCore
    network.protocol.version: 1.1
Resource associated with Activity:
    http.route: api/auth/login/seller
    telemetry.sdk.name: opentelemetry
    http.response.status_code: 200
    telemetry.sdk.language: dotnet
Instrumentation scope (ActivitySource):
    telemetry.sdk.version: 1.14.0
    Name: Microsoft.AspNetCore
    service.name: unknown_service:testhost
Resource associated with Activity:
Activity.TraceId:            cb4f3dd9c3a510ff60edbfdd4e7f1552
    telemetry.sdk.name: opentelemetry
Activity.SpanId:             4e877038648177b1
    telemetry.sdk.language: dotnet
Activity.TraceFlags:         Recorded
    telemetry.sdk.version: 1.14.0
Activity.DisplayName:        POST api/auth/login/customer
    service.name: unknown_service:testhost
Activity.Kind:               Server
Activity.StartTime:          2026-06-08T01:29:10.9378524Z
Activity.Duration:           00:00:00.3002050
Activity.Tags:
[22:29:11 INF] Executed action Urbeat.WebApi.Controllers.AuthController.LoginSeller (Urbeat.WebApi) in 135.7467ms
    server.address: localhost
    http.request.method: POST
    url.scheme: http
    url.path: /api/auth/login/customer
    network.protocol.version: 1.1
    http.route: api/auth/login/customer
Activity.DisplayName:        POST api/stores
    http.response.status_code: 200
Activity.Kind:               Server
Instrumentation scope (ActivitySource):
Activity.StartTime:          2026-06-08T01:29:11.0523590Z
    Name: Microsoft.AspNetCore
Activity.Duration:           00:00:00.2202094
Resource associated with Activity:
Activity.Tags:
    telemetry.sdk.name: opentelemetry
    server.address: localhost
Instrumentation scope (ActivitySource):
    http.request.method: POST
    Name: Microsoft.AspNetCore
    url.scheme: http
Resource associated with Activity:
    telemetry.sdk.language: dotnet
    url.path: /api/stores
    telemetry.sdk.name: opentelemetry
    telemetry.sdk.version: 1.14.0
    telemetry.sdk.language: dotnet
    network.protocol.version: 1.1
    service.name: unknown_service:testhost
    http.route: api/stores
    http.response.status_code: 201
    telemetry.sdk.version: 1.14.0
Instrumentation scope (ActivitySource):
    service.name: unknown_service:testhost
    Name: Microsoft.AspNetCore
Resource associated with Activity:
Activity.TraceId:            4219fc294d512c1c0db02967e68474dc
    telemetry.sdk.name: opentelemetry
[22:29:11 INF] Saved 1 entities to in-memory store.
    telemetry.sdk.language: dotnet
Activity.SpanId:             79d0f8759a94df56
Activity.TraceId:            14ae825a2bf87f89dd49a1afd30560ee
Activity.TraceFlags:         Recorded
    telemetry.sdk.version: 1.14.0
Activity.DisplayName:        POST api/auth/login/seller
    service.name: unknown_service:testhost
Activity.SpanId:             d91fe5fbd14c9dee
[22:29:11 INF] Executed endpoint 'Urbeat.WebApi.Controllers.AuthController.LoginSeller (Urbeat.WebApi)'
Activity.TraceFlags:         Recorded
Activity.TraceId:            d4e8884a9b0b37321b62b45ba6b06127
[22:29:11 INF] Request starting HTTP/1.1 POST http://localhost/api/stores/019ea4d9-16a6-7726-9a57-230ff2b5f978/categories - application/json; charset=utf-8 null
Activity.DisplayName:        POST api/auth/register/customer
Activity.SpanId:             01b8bbd7f9602960
Activity.Kind:               Server
Activity.TraceId:            cb4f3dd9c3a510ff60edbfdd4e7f1552
Activity.StartTime:          2026-06-08T01:29:10.8968757Z
Activity.Duration:           00:00:00.2686118
Activity.SpanId:             4e877038648177b1
Activity.Kind:               Server
Activity.TraceFlags:         Recorded
Activity.DisplayName:        POST api/auth/login/customer
Activity.Kind:               Server
Activity.StartTime:          2026-06-08T01:29:10.7726411Z
Activity.StartTime:          2026-06-08T01:29:10.9378524Z
Activity.Duration:           00:00:00.2434761
Activity.Duration:           00:00:00.3002050
Activity.TraceId:            3f3710d29cc3fe1a9228c181fab36dea
Activity.SpanId:             bf817469f902c334
Activity.Tags:
Activity.Tags:
Activity.TraceFlags:         Recorded
    server.address: localhost
[22:29:11 INF] Request starting HTTP/1.1 POST http://localhost/api/auth/register/customer - application/json; charset=utf-8 null
    server.address: localhost
Activity.DisplayName:        POST api/stores
    http.request.method: POST
Activity.Kind:               Server
    url.scheme: http
[22:29:11 INF] Executed action method Urbeat.WebApi.Controllers.StoreCategoriesController.Create (Urbeat.WebApi), returned result Microsoft.AspNetCore.Mvc.ObjectResult in 34.2954ms.
Activity.StartTime:          2026-06-08T01:29:11.0523590Z
    url.path: /api/auth/login/customer
Activity.Duration:           00:00:00.2202094
    network.protocol.version: 1.1
Activity.Tags:
    http.route: api/auth/login/customer
[22:29:11 INF] Request finished HTTP/1.1 POST http://localhost/api/auth/login/seller - 200 null application/json; charset=utf-8 194.6083ms
    http.response.status_code: 200
    server.address: localhost
Instrumentation scope (ActivitySource):
    Name: Microsoft.AspNetCore
    http.request.method: POST
    url.scheme: http
Resource associated with Activity:
    url.path: /api/stores
[22:29:11 INF] Request starting HTTP/1.1 POST http://localhost/api/stores - application/json; charset=utf-8 null
    network.protocol.version: 1.1
    telemetry.sdk.name: opentelemetry
    telemetry.sdk.language: dotnet
    telemetry.sdk.version: 1.14.0
    service.name: unknown_service:testhost
    http.route: api/stores
    http.response.status_code: 201
Instrumentation scope (ActivitySource):
    Name: Microsoft.AspNetCore
    http.request.method: POST
Activity.TraceId:            cb4f3dd9c3a510ff60edbfdd4e7f1552
Resource associated with Activity:
Activity.SpanId:             4e877038648177b1
    telemetry.sdk.name: opentelemetry
Activity.TraceFlags:         Recorded
    telemetry.sdk.language: dotnet
    url.scheme: http
Activity.DisplayName:        POST api/auth/login/customer
    url.path: /api/auth/login/seller
Activity.Kind:               Server
    telemetry.sdk.version: 1.14.0
Activity.StartTime:          2026-06-08T01:29:10.9378524Z
    network.protocol.version: 1.1
    service.name: unknown_service:testhost
Activity.Duration:           00:00:00.3002050
    http.route: api/auth/login/seller
    http.response.status_code: 200
Activity.Tags:
Instrumentation scope (ActivitySource):
    server.address: localhost
    Name: Microsoft.AspNetCore
Activity.TraceFlags:         Recorded
Resource associated with Activity:
    http.request.method: POST
    telemetry.sdk.name: opentelemetry
    telemetry.sdk.language: dotnet
    url.scheme: http
    url.path: /api/auth/login/customer
    telemetry.sdk.version: 1.14.0
Activity.DisplayName:        POST api/stores
    network.protocol.version: 1.1
    http.route: api/auth/login/customer
Activity.Kind:               Server
Activity.Tags:
    http.response.status_code: 200
Activity.StartTime:          2026-06-08T01:29:11.0524046Z
Instrumentation scope (ActivitySource):
    service.name: unknown_service:testhost
    server.address: localhost
    http.request.method: POST
    Name: Microsoft.AspNetCore
    url.scheme: http
Activity.Duration:           00:00:00.1538579
Resource associated with Activity:
Activity.Tags:
    url.path: /api/auth/register/customer
    server.address: localhost
    network.protocol.version: 1.1
Activity.TraceId:            fc165ebf537d154d40c25ed635994d68
    http.request.method: POST
    telemetry.sdk.name: opentelemetry
    url.scheme: http
    http.route: api/auth/register/customer
    url.path: /api/stores
[22:29:11 INF] Executing ObjectResult, writing value of type 'Urbeat.Application.DTOs.ProductCategoryResponseDto'.
    telemetry.sdk.language: dotnet
Activity.SpanId:             a79f9d0532d9e143
    http.response.status_code: 201
    network.protocol.version: 1.1
    telemetry.sdk.version: 1.14.0
Instrumentation scope (ActivitySource):
    service.name: unknown_service:testhost
    Name: Microsoft.AspNetCore
Activity.TraceFlags:         Recorded
Resource associated with Activity:
    http.route: api/stores
    telemetry.sdk.name: opentelemetry
    http.response.status_code: 201
Activity.DisplayName:        POST api/stores
    telemetry.sdk.language: dotnet
Instrumentation scope (ActivitySource):
    telemetry.sdk.version: 1.14.0
    Name: Microsoft.AspNetCore
Activity.Kind:               Server
Resource associated with Activity:
    service.name: unknown_service:testhost
Activity.StartTime:          2026-06-08T01:29:11.0163209Z
Activity.Duration:           00:00:00.1488742
    telemetry.sdk.name: opentelemetry
Activity.Tags:
    telemetry.sdk.language: dotnet
    server.address: localhost
    telemetry.sdk.version: 1.14.0
Activity.TraceId:            14ae825a2bf87f89dd49a1afd30560ee
    http.request.method: POST
Activity.SpanId:             d91fe5fbd14c9dee
    service.name: unknown_service:testhost
Activity.TraceFlags:         Recorded
    url.scheme: http
Activity.DisplayName:        POST api/auth/register/customer
Activity.TraceId:            3f3710d29cc3fe1a9228c181fab36dea
Activity.Kind:               Server
    url.path: /api/stores
Activity.SpanId:             bf817469f902c334
    network.protocol.version: 1.1
Activity.TraceId:            d4e8884a9b0b37321b62b45ba6b06127
Activity.StartTime:          2026-06-08T01:29:10.8968757Z
    http.route: api/stores
Activity.Duration:           00:00:00.2686118
Activity.TraceFlags:         Recorded
Activity.Tags:
Activity.DisplayName:        POST api/stores
    server.address: localhost
[22:29:11 INF] Executing endpoint 'Urbeat.WebApi.Controllers.AuthController.RegisterCustomer (Urbeat.WebApi)'
[22:29:11 INF] Executed action Urbeat.WebApi.Controllers.StoreCategoriesController.Create (Urbeat.WebApi) in 101.9627ms
Activity.TraceId:            4219fc294d512c1c0db02967e68474dc
Activity.SpanId:             79d0f8759a94df56
Activity.TraceFlags:         Recorded
Activity.DisplayName:        POST api/auth/login/seller
Activity.Kind:               Server
Activity.StartTime:          2026-06-08T01:29:10.7726411Z
Activity.SpanId:             01b8bbd7f9602960
Activity.Duration:           00:00:00.2434761
Activity.TraceFlags:         Recorded
Activity.Tags:
Activity.DisplayName:        POST api/stores
[22:29:11 INF] Request starting HTTP/1.1 PUT http://localhost/api/stores/019ea4d9-16fd-700f-b11c-dffd6722e56d/address - application/json; charset=utf-8 null
Activity.Kind:               Server
[22:29:11 INF] Executed endpoint 'Urbeat.WebApi.Controllers.StoreCategoriesController.Create (Urbeat.WebApi)'
    server.address: localhost
    http.response.status_code: 201
[22:29:11 INF] Route matched with {action = "Create", controller = "CustomerAddresses"}. Executing controller action with signature System.Threading.Tasks.Task`1[Microsoft.AspNetCore.Mvc.IActionResult] Create(Urbeat.Application.DTOs.UpsertCustomerAddressRequestDto, System.Threading.CancellationToken) on controller Urbeat.WebApi.Controllers.CustomerAddressesController (Urbeat.WebApi).
Instrumentation scope (ActivitySource):
    Name: Microsoft.AspNetCore
[22:29:11 INF] Route matched with {action = "RegisterCustomer", controller = "Auth"}. Executing controller action with signature System.Threading.Tasks.Task`1[Microsoft.AspNetCore.Mvc.IActionResult] RegisterCustomer(Urbeat.Application.DTOs.RegisterUserRequestDto, System.Threading.CancellationToken) on controller Urbeat.WebApi.Controllers.AuthController (Urbeat.WebApi).
Resource associated with Activity:
[22:29:11 INF] Saved 1 entities to in-memory store.
    telemetry.sdk.name: opentelemetry
    telemetry.sdk.language: dotnet
    http.request.method: POST
    telemetry.sdk.version: 1.14.0
    url.scheme: http
    service.name: unknown_service:testhost
    url.path: /api/auth/register/customer
    network.protocol.version: 1.1
[22:29:11 INF] HTTP POST /api/stores/019ea4d9-16a7-770a-ad09-2c633189bfc7/categories responded 201 in 102.5720 ms
Activity.Kind:               Server
Activity.TraceId:            1d1cdc49f2529c795209fbd10df86aec
Activity.SpanId:             3a4b362036e82e0d
Activity.TraceFlags:         Recorded
Activity.DisplayName:        PATCH api/stores/{storeId}/status
Activity.Kind:               Server
Activity.StartTime:          2026-06-08T01:29:11.0172097Z
Activity.Duration:           00:00:00.1472673
Activity.Tags:
    server.address: localhost
    http.request.method: PATCH
    url.scheme: http
    url.path: /api/stores/019ea4d9-15f0-7645-b91c-26bc5304e599/status
    network.protocol.version: 1.1
    http.route: api/stores/{storeId}/status
    http.response.status_code: 200
Instrumentation scope (ActivitySource):
    Name: Microsoft.AspNetCore
Resource associated with Activity:
    telemetry.sdk.name: opentelemetry
    telemetry.sdk.language: dotnet
    telemetry.sdk.version: 1.14.0
    service.name: unknown_service:testhost
[22:29:11 INF] Executing endpoint 'Urbeat.WebApi.Controllers.StoreCategoriesController.Create (Urbeat.WebApi)'
Activity.StartTime:          2026-06-08T01:29:11.0524046Z
Activity.StartTime:          2026-06-08T01:29:11.0523590Z
Activity.Duration:           00:00:00.1538579
Activity.Duration:           00:00:00.2202094
[22:29:11 INF] USER_LOGGED_IN | Login succeeded | UserId=019ea4d9-1644-7bc0-82cc-ec39f2d43d8b | Email=refresh.45be24aa6deb4ddbb231246e613e6267@urbeat.local | Role=Customer | IP=null
Activity.Tags:
Activity.Tags:
    server.address: localhost
    server.address: localhost
    http.request.method: POST
    http.request.method: POST
    url.scheme: http
    url.scheme: http
    url.path: /api/stores
    url.path: /api/stores
    network.protocol.version: 1.1
    http.route: api/stores
    network.protocol.version: 1.1
    http.response.status_code: 201
    http.route: api/stores
Instrumentation scope (ActivitySource):
    http.response.status_code: 201
    Name: Microsoft.AspNetCore
Instrumentation scope (ActivitySource):
    Name: Microsoft.AspNetCore
Resource associated with Activity:
    telemetry.sdk.name: opentelemetry
Resource associated with Activity:
    telemetry.sdk.language: dotnet
[22:29:11 INF] Request finished HTTP/1.1 POST http://localhost/api/stores/019ea4d9-16a7-770a-ad09-2c633189bfc7/categories - 201 null application/json; charset=utf-8 143.9614ms
    telemetry.sdk.version: 1.14.0
    service.name: unknown_service:testhost
    telemetry.sdk.name: opentelemetry
    telemetry.sdk.language: dotnet
    telemetry.sdk.version: 1.14.0
    service.name: unknown_service:testhost
[22:29:11 INF] Executing endpoint 'Urbeat.WebApi.Controllers.StoresController.Create (Urbeat.WebApi)'
Activity.TraceId:            3f3710d29cc3fe1a9228c181fab36dea
Activity.SpanId:             bf817469f902c334
[22:29:11 INF] Executing OkObjectResult, writing value of type 'System.Collections.Generic.List`1[[Urbeat.Application.DTOs.ProductCategoryResponseDto, Urbeat.Application, Version=1.0.0.0, Culture=neutral, PublicKeyToken=null]]'.
[22:29:11 INF] Route matched with {action = "Create", controller = "Stores"}. Executing controller action with signature System.Threading.Tasks.Task`1[Microsoft.AspNetCore.Mvc.IActionResult] Create(Urbeat.Application.DTOs.CreateStoreRequestDto, System.Threading.CancellationToken) on controller Urbeat.WebApi.Controllers.StoresController (Urbeat.WebApi).
    http.request.method: POST
    url.scheme: http
    http.route: api/auth/register/customer
    url.path: /api/auth/login/seller
    http.response.status_code: 201
    network.protocol.version: 1.1
Activity.TraceId:            b81595c2e0af55fe4f28683ce2034e90
Instrumentation scope (ActivitySource):
Activity.SpanId:             ca485e9979914a5f
    Name: Microsoft.AspNetCore
Activity.TraceFlags:         Recorded
Resource associated with Activity:
Activity.DisplayName:        POST api/stores/{storeId}/categories
Activity.TraceFlags:         Recorded
    telemetry.sdk.name: opentelemetry
Activity.Kind:               Server
    telemetry.sdk.language: dotnet
[22:29:11 INF] Saved 1 entities to in-memory store.
Activity.StartTime:          2026-06-08T01:29:11.1655711Z
Activity.DisplayName:        POST api/stores
Activity.Duration:           00:00:00.1440761
Activity.Kind:               Server
    telemetry.sdk.version: 1.14.0
Activity.Tags:
Activity.StartTime:          2026-06-08T01:29:11.0523590Z
    service.name: unknown_service:testhost
Activity.Duration:           00:00:00.2202094
    server.address: localhost
Activity.Tags:
    http.request.method: POST
    server.address: localhost
    url.scheme: http
    http.request.method: POST
Activity.TraceId:            14ae825a2bf87f89dd49a1afd30560ee
    url.path: /api/stores/019ea4d9-16a7-770a-ad09-2c633189bfc7/categories
Activity.SpanId:             d91fe5fbd14c9dee
    network.protocol.version: 1.1
Activity.TraceFlags:         Recorded
    http.route: api/stores/{storeId}/categories
Activity.DisplayName:        POST api/auth/register/customer
    http.response.status_code: 201
Activity.Kind:               Server
Instrumentation scope (ActivitySource):
    Name: Microsoft.AspNetCore
Resource associated with Activity:
Activity.StartTime:          2026-06-08T01:29:10.8968757Z
    telemetry.sdk.name: opentelemetry
Activity.Duration:           00:00:00.2686118
    telemetry.sdk.language: dotnet
Activity.Tags:
    server.address: localhost
    telemetry.sdk.version: 1.14.0
    http.request.method: POST
    service.name: unknown_service:testhost
[22:29:11 INF] Executed action method Urbeat.WebApi.Controllers.AuthController.LoginCustomer (Urbeat.WebApi), returned result Microsoft.AspNetCore.Mvc.OkObjectResult in 71.116ms.
Activity.TraceId:            b81595c2e0af55fe4f28683ce2034e90
Activity.SpanId:             ca485e9979914a5f
Activity.TraceFlags:         Recorded
Activity.DisplayName:        POST api/stores/{storeId}/categories
Activity.Kind:               Server
    url.scheme: http
    url.path: /api/stores
    network.protocol.version: 1.1
    http.route: api/stores
    http.response.status_code: 201
[22:29:11 WRN] Admin seeding skipped because the data store is unavailable.
System.InvalidOperationException: Relational-specific methods can only be used when the context is using a relational database provider.
   at Microsoft.EntityFrameworkCore.RelationalDatabaseFacadeExtensions.GetRelationalService[TService](IInfrastructure`1 databaseFacade)
   at Microsoft.EntityFrameworkCore.RelationalDatabaseFacadeExtensions.MigrateAsync(DatabaseFacade databaseFacade, CancellationToken cancellationToken)
   at Program.<Main>$(String[] args) in C:\Projetos\urbeat\backend\src\Urbeat.WebApi\Program.cs:line 42
Instrumentation scope (ActivitySource):
    Name: Microsoft.AspNetCore
Resource associated with Activity:
    telemetry.sdk.name: opentelemetry
    http.route: api/auth/login/seller
    telemetry.sdk.language: dotnet
    http.response.status_code: 200
    url.scheme: http
Instrumentation scope (ActivitySource):
    Name: Microsoft.AspNetCore
    url.path: /api/auth/register/customer
[22:29:11 INF] Route matched with {action = "Create", controller = "StoreCategories"}. Executing controller action with signature System.Threading.Tasks.Task`1[Microsoft.AspNetCore.Mvc.IActionResult] Create(System.Guid, Urbeat.Application.DTOs.CreateProductCategoryRequestDto, System.Threading.CancellationToken) on controller Urbeat.WebApi.Controllers.StoreCategoriesController (Urbeat.WebApi).
    network.protocol.version: 1.1
Resource associated with Activity:
    http.route: api/auth/register/customer
    telemetry.sdk.name: opentelemetry
    http.response.status_code: 201
Instrumentation scope (ActivitySource):
    Name: Microsoft.AspNetCore
Resource associated with Activity:
    telemetry.sdk.name: opentelemetry
    telemetry.sdk.language: dotnet
    telemetry.sdk.version: 1.14.0
    service.name: unknown_service:testhost
Activity.TraceId:            d4e8884a9b0b37321b62b45ba6b06127
Activity.SpanId:             01b8bbd7f9602960
Activity.TraceFlags:         Recorded
Activity.DisplayName:        POST api/stores
Activity.Kind:               Server
Activity.StartTime:          2026-06-08T01:29:11.0524046Z
Activity.Duration:           00:00:00.1538579
Activity.StartTime:          2026-06-08T01:29:11.1655711Z
Activity.Duration:           00:00:00.1440761
Activity.Tags:
    server.address: localhost
    http.request.method: POST
    url.scheme: http
    url.path: /api/stores/019ea4d9-16a7-770a-ad09-2c633189bfc7/categories
    network.protocol.version: 1.1
    http.route: api/stores/{storeId}/categories
    http.response.status_code: 201
Instrumentation scope (ActivitySource):
    Name: Microsoft.AspNetCore
Resource associated with Activity:
    telemetry.sdk.version: 1.14.0
    service.name: unknown_service:testhost
    telemetry.sdk.language: dotnet
    telemetry.sdk.version: 1.14.0
    service.name: unknown_service:testhost
Activity.Tags:
    server.address: localhost
    http.request.method: POST
    url.scheme: http
    url.path: /api/stores
    network.protocol.version: 1.1
    http.route: api/stores
[22:29:11 INF] Executed action Urbeat.WebApi.Controllers.AuthController.LoginCustomer (Urbeat.WebApi) in 103.4211ms
    http.response.status_code: 201
Instrumentation scope (ActivitySource):
    Name: Microsoft.AspNetCore
Resource associated with Activity:
    telemetry.sdk.name: opentelemetry
    telemetry.sdk.language: dotnet
    telemetry.sdk.version: 1.14.0
    service.name: unknown_service:testhost
[22:29:11 INF] Executing action method Urbeat.WebApi.Controllers.StoreCategoriesController.Create (Urbeat.WebApi) - Validation state: Valid
Activity.TraceId:            d4e8884a9b0b37321b62b45ba6b06127
[22:29:11 INF] Executing action method Urbeat.WebApi.Controllers.StoresController.Create (Urbeat.WebApi) - Validation state: Valid
Activity.SpanId:             01b8bbd7f9602960
Activity.TraceFlags:         Recorded
Activity.DisplayName:        POST api/stores
[22:29:11 INF] Executing action method Urbeat.WebApi.Controllers.AuthController.RegisterCustomer (Urbeat.WebApi) - Validation state: Valid
Activity.Kind:               Server
[22:29:11 INF] HTTP POST /api/auth/login/customer responded 200 in 141.7349 ms
Activity.StartTime:          2026-06-08T01:29:11.0524046Z
Activity.Duration:           00:00:00.1538579
Activity.Tags:
    server.address: localhost
    http.request.method: POST
    url.scheme: http
    url.path: /api/stores
    network.protocol.version: 1.1
    http.route: api/stores
    http.response.status_code: 201
Instrumentation scope (ActivitySource):
    Name: Microsoft.AspNetCore
Resource associated with Activity:
    telemetry.sdk.name: opentelemetry
    telemetry.sdk.language: dotnet
    telemetry.sdk.version: 1.14.0
    service.name: unknown_service:testhost
Activity.TraceId:            d4e8884a9b0b37321b62b45ba6b06127
Activity.SpanId:             01b8bbd7f9602960
Activity.TraceFlags:         Recorded
Activity.DisplayName:        POST api/stores
Activity.Kind:               Server
Activity.StartTime:          2026-06-08T01:29:11.0524046Z
Activity.Duration:           00:00:00.1538579
Activity.Tags:
    server.address: localhost
    http.request.method: POST
    url.scheme: http
    url.path: /api/stores
    network.protocol.version: 1.1
    http.route: api/stores
    http.response.status_code: 201
Instrumentation scope (ActivitySource):
    Name: Microsoft.AspNetCore
Resource associated with Activity:
    telemetry.sdk.name: opentelemetry
    telemetry.sdk.language: dotnet
    telemetry.sdk.version: 1.14.0
    service.name: unknown_service:testhost
Activity.TraceId:            d4e8884a9b0b37321b62b45ba6b06127
Activity.SpanId:             01b8bbd7f9602960
Activity.TraceFlags:         Recorded
Activity.DisplayName:        POST api/stores
Activity.Kind:               Server
Activity.StartTime:          2026-06-08T01:29:11.0524046Z
Activity.Duration:           00:00:00.1538579
Activity.Tags:
    server.address: localhost
    http.request.method: POST
    url.scheme: http
    url.path: /api/stores
    network.protocol.version: 1.1
    http.route: api/stores
    http.response.status_code: 201
Instrumentation scope (ActivitySource):
    Name: Microsoft.AspNetCore
Resource associated with Activity:
    telemetry.sdk.name: opentelemetry
    telemetry.sdk.language: dotnet
    telemetry.sdk.version: 1.14.0
    service.name: unknown_service:testhost
    telemetry.sdk.name: opentelemetry
Activity.TraceId:            538a048834db3de5b2bbe6e7d105d922
    telemetry.sdk.language: dotnet
Activity.SpanId:             f9f32320932056b6
    telemetry.sdk.version: 1.14.0
Activity.TraceFlags:         Recorded
    service.name: unknown_service:testhost
Activity.DisplayName:        POST api/auth/login/customer
Activity.Kind:               Server
Activity.StartTime:          2026-06-08T01:29:11.1661459Z
Activity.Duration:           00:00:00.1444043
Activity.TraceId:            b81595c2e0af55fe4f28683ce2034e90
Activity.Tags:
Activity.SpanId:             ca485e9979914a5f
    server.address: localhost
Activity.TraceFlags:         Recorded
    http.request.method: POST
Activity.DisplayName:        POST api/stores/{storeId}/categories
    url.scheme: http
    url.path: /api/auth/login/customer
    network.protocol.version: 1.1
    http.route: api/auth/login/customer
    http.response.status_code: 200
Activity.Kind:               Server
Instrumentation scope (ActivitySource):
    Name: Microsoft.AspNetCore
Resource associated with Activity:
    telemetry.sdk.name: opentelemetry
    telemetry.sdk.language: dotnet
    telemetry.sdk.version: 1.14.0
Activity.StartTime:          2026-06-08T01:29:11.1655711Z
    service.name: unknown_service:testhost
Activity.Duration:           00:00:00.1440761
Activity.TraceId:            538a048834db3de5b2bbe6e7d105d922
Activity.Tags:
Activity.SpanId:             f9f32320932056b6
    server.address: localhost
Activity.TraceFlags:         Recorded
    http.request.method: POST
Activity.DisplayName:        POST api/auth/login/customer
    url.scheme: http
Activity.Kind:               Server
Activity.StartTime:          2026-06-08T01:29:11.1661459Z
    url.path: /api/stores/019ea4d9-16a7-770a-ad09-2c633189bfc7/categories
    network.protocol.version: 1.1
Activity.Duration:           00:00:00.1444043
    http.route: api/stores/{storeId}/categories
Activity.Tags:
    server.address: localhost
    http.response.status_code: 201
    http.request.method: POST
    url.scheme: http
    url.path: /api/auth/login/customer
    network.protocol.version: 1.1
    http.route: api/auth/login/customer
Activity.TraceId:            1d1cdc49f2529c795209fbd10df86aec
    http.response.status_code: 200
Activity.SpanId:             3a4b362036e82e0d
Instrumentation scope (ActivitySource):
    Name: Microsoft.AspNetCore
Resource associated with Activity:
Activity.TraceId:            3f3710d29cc3fe1a9228c181fab36dea
    telemetry.sdk.name: opentelemetry
Activity.TraceFlags:         Recorded
    telemetry.sdk.language: dotnet
Activity.DisplayName:        PATCH api/stores/{storeId}/status
Activity.SpanId:             bf817469f902c334
Activity.Kind:               Server
    telemetry.sdk.version: 1.14.0
Activity.TraceFlags:         Recorded
    service.name: unknown_service:testhost
[22:29:11 INF] Saved 1 entities to in-memory store.
Instrumentation scope (ActivitySource):
[22:29:11 INF] HTTP GET /api/public/stores/cbf1171c-3fc1-4cd2-8274-0cd4d69d1b21/catalog/categories responded 200 in 25.7532 ms
    Name: Microsoft.AspNetCore
Activity.DisplayName:        POST api/stores
Resource associated with Activity:
Activity.Kind:               Server
[22:29:11 INF] Saved 1 entities to in-memory store.
    telemetry.sdk.name: opentelemetry
Activity.StartTime:          2026-06-08T01:29:11.0523590Z
    telemetry.sdk.language: dotnet
    telemetry.sdk.version: 1.14.0
Activity.Duration:           00:00:00.2202094
    service.name: unknown_service:testhost
Activity.Tags:
    server.address: localhost
Activity.StartTime:          2026-06-08T01:29:11.0172097Z
    http.request.method: POST
Activity.TraceId:            b81595c2e0af55fe4f28683ce2034e90
Activity.Duration:           00:00:00.1472673
Activity.SpanId:             ca485e9979914a5f
Activity.Tags:
Activity.TraceFlags:         Recorded
    server.address: localhost
Activity.TraceId:            538a048834db3de5b2bbe6e7d105d922
Activity.DisplayName:        POST api/stores/{storeId}/categories
Activity.SpanId:             f9f32320932056b6
    http.request.method: PATCH
Activity.TraceFlags:         Recorded
    url.scheme: http
Activity.DisplayName:        POST api/auth/login/customer
    url.path: /api/stores/019ea4d9-15f0-7645-b91c-26bc5304e599/status
Activity.Kind:               Server
    network.protocol.version: 1.1
Activity.StartTime:          2026-06-08T01:29:11.1661459Z
    http.route: api/stores/{storeId}/status
Activity.Duration:           00:00:00.1444043
    http.response.status_code: 200
Activity.Tags:
[22:29:11 INF] Executing endpoint 'Urbeat.WebApi.Controllers.StoresController.UpsertAddress (Urbeat.WebApi)'
    server.address: localhost
Instrumentation scope (ActivitySource):
    http.request.method: POST
    Name: Microsoft.AspNetCore
    url.scheme: http
Resource associated with Activity:
[22:29:11 INF] Request starting HTTP/1.1 POST http://localhost/api/stores/019ea4d9-16a7-770a-ad09-2c633189bfc7/products - application/json; charset=utf-8 null
    url.path: /api/auth/login/customer
    telemetry.sdk.name: opentelemetry
    network.protocol.version: 1.1
    telemetry.sdk.language: dotnet
    http.route: api/auth/login/customer
[22:29:11 INF] Executing action method Urbeat.WebApi.Controllers.CustomerAddressesController.Create (Urbeat.WebApi) - Validation state: Valid
    http.response.status_code: 200
    telemetry.sdk.version: 1.14.0
Instrumentation scope (ActivitySource):
    service.name: unknown_service:testhost
    Name: Microsoft.AspNetCore
Resource associated with Activity:
[22:29:11 INF] Route matched with {action = "Refresh", controller = "Auth"}. Executing controller action with signature System.Threading.Tasks.Task`1[Microsoft.AspNetCore.Mvc.IActionResult] Refresh(System.Threading.CancellationToken) on controller Urbeat.WebApi.Controllers.AuthController (Urbeat.WebApi).
    telemetry.sdk.name: opentelemetry
Activity.TraceId:            1d1cdc49f2529c795209fbd10df86aec
Activity.SpanId:             3a4b362036e82e0d
Activity.TraceFlags:         Recorded
    telemetry.sdk.language: dotnet
    url.scheme: http
Activity.DisplayName:        PATCH api/stores/{storeId}/status
    url.path: /api/stores
Activity.Kind:               Server
    network.protocol.version: 1.1
[22:29:11 INF] STORE_CREATED | Store created | StoreId=019ea4d9-178f-73aa-9b7f-23eaf064d6d0 | OwnerUserId=019ea4d9-15ef-7ecc-a8d6-8d66ac1d69e2 | Name=Loja Payments | CuisineType=null | IP=null
Activity.StartTime:          2026-06-08T01:29:11.0172097Z
    http.route: api/stores
Activity.Duration:           00:00:00.1472673
    http.response.status_code: 201
Instrumentation scope (ActivitySource):
    Name: Microsoft.AspNetCore
Activity.Tags:
Activity.Kind:               Server
Resource associated with Activity:
    server.address: localhost
    http.request.method: PATCH
Activity.StartTime:          2026-06-08T01:29:11.1655711Z
    url.scheme: http
Activity.Duration:           00:00:00.1440761
    telemetry.sdk.name: opentelemetry
    url.path: /api/stores/019ea4d9-15f0-7645-b91c-26bc5304e599/status
Activity.Tags:
    telemetry.sdk.language: dotnet
    network.protocol.version: 1.1
    telemetry.sdk.version: 1.14.0
    server.address: localhost
    http.route: api/stores/{storeId}/status
    service.name: unknown_service:testhost
    http.response.status_code: 200
    http.request.method: POST
    url.scheme: http
Instrumentation scope (ActivitySource):
[22:29:11 INF] Saved 1 entities to in-memory store.
    url.path: /api/stores/019ea4d9-16a7-770a-ad09-2c633189bfc7/categories
    Name: Microsoft.AspNetCore
Activity.TraceId:            3f3710d29cc3fe1a9228c181fab36dea
Resource associated with Activity:
Activity.SpanId:             bf817469f902c334
    telemetry.sdk.name: opentelemetry
Activity.TraceFlags:         Recorded
    telemetry.sdk.language: dotnet
Activity.DisplayName:        POST api/stores
    telemetry.sdk.version: 1.14.0
Activity.Kind:               Server
[22:29:11 INF] Saved 1 entities to in-memory store.
    service.name: unknown_service:testhost
Activity.StartTime:          2026-06-08T01:29:11.0523590Z
Activity.Duration:           00:00:00.2202094
Activity.Tags:
    telemetry.sdk.version: 1.14.0
    server.address: localhost
Activity.TraceId:            4cc0b6616bf6590310ed2c61ab809dcf
    http.request.method: POST
Activity.SpanId:             297342234acb1491
    service.name: unknown_service:testhost
Activity.TraceFlags:         Recorded
    url.scheme: http
Activity.DisplayName:        GET api/public/stores/{storeId}/catalog/categories
    url.path: /api/stores
[22:29:11 INF] Executed action method Urbeat.WebApi.Controllers.StoreCategoriesController.Create (Urbeat.WebApi), returned result Microsoft.AspNetCore.Mvc.ObjectResult in 31.9341ms.
Activity.Kind:               Server
    network.protocol.version: 1.1
Activity.StartTime:          2026-06-08T01:29:11.2733072Z
    http.route: api/stores
Activity.Duration:           00:00:00.0689371
    http.response.status_code: 201
Activity.Tags:
Instrumentation scope (ActivitySource):
    server.address: localhost
Activity.TraceId:            fc165ebf537d154d40c25ed635994d68
    http.request.method: GET
Activity.SpanId:             a79f9d0532d9e143
    url.scheme: http
    Name: Microsoft.AspNetCore
    url.path: /api/public/stores/cbf1171c-3fc1-4cd2-8274-0cd4d69d1b21/catalog/categories
Resource associated with Activity:
    network.protocol.version: 1.1
Activity.TraceFlags:         Recorded
    http.route: api/public/stores/{storeId}/catalog/categories
Activity.DisplayName:        POST api/stores
    http.response.status_code: 200
    telemetry.sdk.name: opentelemetry
Activity.Kind:               Server
Instrumentation scope (ActivitySource):
    Name: Microsoft.AspNetCore
Resource associated with Activity:
    network.protocol.version: 1.1
    telemetry.sdk.name: opentelemetry
    http.route: api/stores/{storeId}/categories
    telemetry.sdk.language: dotnet
    http.response.status_code: 201
    telemetry.sdk.version: 1.14.0
Instrumentation scope (ActivitySource):
    service.name: unknown_service:testhost
    Name: Microsoft.AspNetCore
Resource associated with Activity:
Activity.TraceId:            4cc0b6616bf6590310ed2c61ab809dcf
Activity.SpanId:             297342234acb1491
    telemetry.sdk.name: opentelemetry
Activity.TraceFlags:         Recorded
[22:29:11 INF] Executed action method Urbeat.WebApi.Controllers.StoresController.Create (Urbeat.WebApi), returned result Microsoft.AspNetCore.Mvc.ObjectResult in 31.9532ms.
Activity.DisplayName:        GET api/public/stores/{storeId}/catalog/categories
Activity.Kind:               Server
    telemetry.sdk.language: dotnet
Activity.StartTime:          2026-06-08T01:29:11.2733072Z
    telemetry.sdk.version: 1.14.0
Activity.Duration:           00:00:00.0689371
[22:29:11 INF] Executing ObjectResult, writing value of type 'Urbeat.Application.DTOs.ProductCategoryResponseDto'.
Activity.Tags:
    service.name: unknown_service:testhost
    server.address: localhost
    http.request.method: GET
    url.scheme: http
Activity.StartTime:          2026-06-08T01:29:11.0163209Z
    url.path: /api/public/stores/cbf1171c-3fc1-4cd2-8274-0cd4d69d1b21/catalog/categories
Activity.Duration:           00:00:00.1488742
Activity.Tags:
    network.protocol.version: 1.1
    server.address: localhost
    http.route: api/public/stores/{storeId}/catalog/categories
    http.request.method: POST
    url.scheme: http
    http.response.status_code: 200
    url.path: /api/stores
Instrumentation scope (ActivitySource):
    network.protocol.version: 1.1
    Name: Microsoft.AspNetCore
    http.route: api/stores
Resource associated with Activity:
    http.response.status_code: 201
    telemetry.sdk.name: opentelemetry
    telemetry.sdk.language: dotnet
Instrumentation scope (ActivitySource):
    telemetry.sdk.version: 1.14.0
Activity.TraceId:            eff00732e4ee496029582b9aa369cb3d
    service.name: unknown_service:testhost
    telemetry.sdk.language: dotnet
    Name: Microsoft.AspNetCore
    telemetry.sdk.version: 1.14.0
Activity.SpanId:             23f97f7007fc56dd
Resource associated with Activity:
Activity.TraceFlags:         Recorded
    service.name: unknown_service:testhost
    telemetry.sdk.name: opentelemetry
    telemetry.sdk.language: dotnet
    telemetry.sdk.version: 1.14.0
    service.name: unknown_service:testhost
Activity.TraceId:            b81595c2e0af55fe4f28683ce2034e90
Activity.SpanId:             ca485e9979914a5f
Activity.TraceId:            fc165ebf537d154d40c25ed635994d68
Activity.TraceFlags:         Recorded
Activity.SpanId:             a79f9d0532d9e143
Activity.DisplayName:        POST api/stores/{storeId}/categories
Activity.TraceFlags:         Recorded
Activity.Kind:               Server
Activity.DisplayName:        GET api/stores/{storeId}/categories
Activity.DisplayName:        POST api/stores
Activity.Kind:               Server
Activity.StartTime:          2026-06-08T01:29:11.1655711Z
Activity.Kind:               Server
Activity.Duration:           00:00:00.1440761
Activity.StartTime:          2026-06-08T01:29:11.1656684Z
Activity.StartTime:          2026-06-08T01:29:11.0163209Z
Activity.Duration:           00:00:00.1069242
Activity.Tags:
Activity.Duration:           00:00:00.1488742
    server.address: localhost
Activity.Tags:
[22:29:11 INF] Executed action Urbeat.WebApi.Controllers.StoreCategoriesController.Create (Urbeat.WebApi) in 32.6728ms
    http.request.method: POST
    server.address: localhost
    url.scheme: http
[22:29:11 INF] Saved 2 entities to in-memory store.
    url.path: /api/stores/019ea4d9-16a7-770a-ad09-2c633189bfc7/categories
    http.request.method: POST
    network.protocol.version: 1.1
    http.route: api/stores/{storeId}/categories
Activity.Tags:
    http.response.status_code: 201
    server.address: localhost
[22:29:11 INF] Executed endpoint 'Urbeat.WebApi.Controllers.StoreCategoriesController.Create (Urbeat.WebApi)'
Instrumentation scope (ActivitySource):
    http.request.method: GET
    Name: Microsoft.AspNetCore
    url.scheme: http
Resource associated with Activity:
    url.path: /api/stores/019ea4d9-16a6-7726-9a57-230ff2b5f978/categories
    telemetry.sdk.name: opentelemetry
    network.protocol.version: 1.1
    telemetry.sdk.language: dotnet
    http.route: api/stores/{storeId}/categories
    telemetry.sdk.version: 1.14.0
    http.response.status_code: 200
    service.name: unknown_service:testhost
Instrumentation scope (ActivitySource):
    Name: Microsoft.AspNetCore
Activity.TraceId:            b81595c2e0af55fe4f28683ce2034e90
Resource associated with Activity:
Activity.SpanId:             ca485e9979914a5f
Activity.TraceId:            3f3710d29cc3fe1a9228c181fab36dea
    telemetry.sdk.name: opentelemetry
Activity.TraceFlags:         Recorded
Activity.SpanId:             bf817469f902c334
Activity.DisplayName:        POST api/stores/{storeId}/categories
    telemetry.sdk.language: dotnet
Activity.Kind:               Server
    telemetry.sdk.version: 1.14.0
Activity.TraceFlags:         Recorded
    service.name: unknown_service:testhost
Activity.StartTime:          2026-06-08T01:29:11.1655711Z
Activity.DisplayName:        POST api/stores
Activity.Duration:           00:00:00.1440761
Activity.Kind:               Server
Activity.TraceId:            66317ec498cf29f7fd991481fa9ed530
Activity.StartTime:          2026-06-08T01:29:11.0523590Z
[22:29:11 INF] HTTP POST /api/stores/019ea4d9-16a6-7726-9a57-230ff2b5f978/categories responded 201 in 33.6178 ms
Activity.Tags:
[22:29:11 INF] Executing ObjectResult, writing value of type 'Urbeat.Application.DTOs.StoreResponseDto'.
    server.address: localhost
    http.request.method: POST
    url.scheme: http
    url.path: /api/stores/019ea4d9-16a7-770a-ad09-2c633189bfc7/categories
    network.protocol.version: 1.1
    http.route: api/stores/{storeId}/categories
    http.response.status_code: 201
Instrumentation scope (ActivitySource):
    Name: Microsoft.AspNetCore
Resource associated with Activity:
    telemetry.sdk.name: opentelemetry
    telemetry.sdk.language: dotnet
    telemetry.sdk.version: 1.14.0
Activity.TraceId:            eff00732e4ee496029582b9aa369cb3d
    service.name: unknown_service:testhost
Activity.SpanId:             23f97f7007fc56dd
Activity.TraceFlags:         Recorded
Activity.DisplayName:        GET api/stores/{storeId}/categories
Activity.Kind:               Server
Activity.StartTime:          2026-06-08T01:29:11.1656684Z
Activity.Duration:           00:00:00.1069242
Activity.Tags:
    server.address: localhost
    http.request.method: GET
    url.scheme: http
    url.path: /api/stores/019ea4d9-16a6-7726-9a57-230ff2b5f978/categories
    network.protocol.version: 1.1
Activity.SpanId:             a4eb5f9b00ef0ad5
    http.route: api/stores/{storeId}/categories
Activity.TraceFlags:         Recorded
Activity.DisplayName:        PATCH api/stores/{storeId}/delivery-config
    http.response.status_code: 200
[22:29:11 INF] Executing endpoint 'Urbeat.WebApi.Controllers.StoreProductsController.Create (Urbeat.WebApi)'
Activity.Kind:               Server
Instrumentation scope (ActivitySource):
    Name: Microsoft.AspNetCore
Resource associated with Activity:
Activity.StartTime:          2026-06-08T01:29:11.1369451Z
    telemetry.sdk.name: opentelemetry
Activity.Duration:           00:00:00.1354567
    telemetry.sdk.language: dotnet
Activity.Tags:
    telemetry.sdk.version: 1.14.0
    server.address: localhost
    service.name: unknown_service:testhost
    http.request.method: PATCH
    url.scheme: http
    url.path: /api/stores/019ea4d9-15f0-7645-b91c-26bc5304e599/delivery-config
    network.protocol.version: 1.1
Activity.Duration:           00:00:00.2202094
    http.route: api/stores/{storeId}/delivery-config
Activity.Tags:
    http.response.status_code: 200
Instrumentation scope (ActivitySource):
Activity.TraceId:            538a048834db3de5b2bbe6e7d105d922
    Name: Microsoft.AspNetCore
Activity.SpanId:             f9f32320932056b6
Resource associated with Activity:
    telemetry.sdk.name: opentelemetry
Activity.TraceFlags:         Recorded
    telemetry.sdk.language: dotnet
    telemetry.sdk.version: 1.14.0
Activity.DisplayName:        POST api/auth/login/customer
    service.name: unknown_service:testhost
Activity.Kind:               Server
Activity.TraceId:            eff00732e4ee496029582b9aa369cb3d
Activity.SpanId:             23f97f7007fc56dd
Activity.StartTime:          2026-06-08T01:29:11.1661459Z
Activity.TraceFlags:         Recorded
Activity.Duration:           00:00:00.1444043
Activity.DisplayName:        GET api/stores/{storeId}/categories
Activity.Tags:
Activity.Kind:               Server
    server.address: localhost
Activity.StartTime:          2026-06-08T01:29:11.1656684Z
    http.request.method: POST
Activity.Duration:           00:00:00.1069242
[22:29:11 INF] Executed action Urbeat.WebApi.Controllers.StoresController.Create (Urbeat.WebApi) in 33.3542ms
Activity.Tags:
Activity.TraceId:            8e03d635a95d237b93ded55d5bf9842f
[22:29:11 INF] Request finished HTTP/1.1 POST http://localhost/api/stores/019ea4d9-16a6-7726-9a57-230ff2b5f978/categories - 201 null application/json; charset=utf-8 70.2828ms
    server.address: localhost
Activity.SpanId:             75931cef5a2c1195
    http.request.method: GET
Activity.TraceFlags:         Recorded
    url.scheme: http
Activity.DisplayName:        POST api/auth/login/seller
    url.path: /api/stores/019ea4d9-16a6-7726-9a57-230ff2b5f978/categories
Activity.Kind:               Server
    network.protocol.version: 1.1
    http.route: api/stores/{storeId}/categories
    http.response.status_code: 200
[22:29:11 INF] Route matched with {action = "Create", controller = "StoreProducts"}. Executing controller action with signature System.Threading.Tasks.Task`1[Microsoft.AspNetCore.Mvc.IActionResult] Create(System.Guid, Urbeat.Application.DTOs.CreateProductRequestDto, System.Threading.CancellationToken) on controller Urbeat.WebApi.Controllers.StoreProductsController (Urbeat.WebApi).
[22:29:11 INF] Executed endpoint 'Urbeat.WebApi.Controllers.StoresController.Create (Urbeat.WebApi)'
Instrumentation scope (ActivitySource):
    Name: Microsoft.AspNetCore
Resource associated with Activity:
    telemetry.sdk.name: opentelemetry
    telemetry.sdk.language: dotnet
    telemetry.sdk.version: 1.14.0
    service.name: unknown_service:testhost
    url.scheme: http
    url.path: /api/stores
    network.protocol.version: 1.1
    http.route: api/stores
    http.response.status_code: 201
Instrumentation scope (ActivitySource):
    Name: Microsoft.AspNetCore
Resource associated with Activity:
    telemetry.sdk.name: opentelemetry
    telemetry.sdk.language: dotnet
    telemetry.sdk.version: 1.14.0
    service.name: unknown_service:testhost
    server.address: localhost
    http.request.method: POST
    url.scheme: http
    url.path: /api/stores
    url.scheme: http
    network.protocol.version: 1.1
    url.path: /api/auth/login/customer
    network.protocol.version: 1.1
    http.route: api/stores
[22:29:11 INF] HTTP POST /api/stores responded 201 in 34.5808 ms
    http.response.status_code: 201
Activity.StartTime:          2026-06-08T01:29:11.0789199Z
    http.route: api/auth/login/customer
Instrumentation scope (ActivitySource):
Activity.Duration:           00:00:00.2303082
    Name: Microsoft.AspNetCore
Activity.Tags:
Resource associated with Activity:
    http.response.status_code: 200
    server.address: localhost
Instrumentation scope (ActivitySource):
    http.request.method: POST
    telemetry.sdk.name: opentelemetry
    Name: Microsoft.AspNetCore
Resource associated with Activity:
    url.scheme: http
    telemetry.sdk.name: opentelemetry
    url.path: /api/auth/login/seller
    telemetry.sdk.language: dotnet
    telemetry.sdk.language: dotnet
    telemetry.sdk.version: 1.14.0
    telemetry.sdk.version: 1.14.0
    service.name: unknown_service:testhost
    service.name: unknown_service:testhost
[22:29:11 INF] Request starting HTTP/1.1 GET http://localhost/api/stores/019ea4d9-16a6-7726-9a57-230ff2b5f978/categories - null null
Activity.TraceId:            3f3710d29cc3fe1a9228c181fab36dea
Activity.TraceId:            538a048834db3de5b2bbe6e7d105d922
Activity.SpanId:             f9f32320932056b6
Activity.TraceId:            14ae825a2bf87f89dd49a1afd30560ee
    network.protocol.version: 1.1
Activity.SpanId:             d91fe5fbd14c9dee
Activity.SpanId:             bf817469f902c334
Activity.TraceFlags:         Recorded
    http.route: api/auth/login/seller
Activity.DisplayName:        POST api/auth/register/customer
Activity.TraceFlags:         Recorded
Activity.Kind:               Server
[22:29:11 INF] Request finished HTTP/1.1 POST http://localhost/api/stores - 201 null application/json; charset=utf-8 70.5524ms
Activity.StartTime:          2026-06-08T01:29:10.8968757Z
Activity.DisplayName:        POST api/stores
Activity.Duration:           00:00:00.2686118
Activity.Kind:               Server
Activity.Tags:
Activity.StartTime:          2026-06-08T01:29:11.0523590Z
Activity.Duration:           00:00:00.2202094
Activity.Tags:
    server.address: localhost
Activity.TraceFlags:         Recorded
    http.request.method: POST
Activity.DisplayName:        POST api/auth/login/customer
    server.address: localhost
    url.scheme: http
Activity.Kind:               Server
    http.request.method: POST
    url.path: /api/auth/register/customer
    url.scheme: http
    network.protocol.version: 1.1
    url.path: /api/stores
    http.route: api/auth/register/customer
    network.protocol.version: 1.1
Activity.StartTime:          2026-06-08T01:29:11.1661459Z
Activity.TraceId:            eff00732e4ee496029582b9aa369cb3d
Activity.Duration:           00:00:00.1444043
Activity.SpanId:             23f97f7007fc56dd
    http.response.status_code: 201
Activity.TraceFlags:         Recorded
Instrumentation scope (ActivitySource):
    Name: Microsoft.AspNetCore
Resource associated with Activity:
Activity.DisplayName:        GET api/stores/{storeId}/categories
    http.route: api/stores
    telemetry.sdk.name: opentelemetry
    telemetry.sdk.language: dotnet
    http.response.status_code: 201
    telemetry.sdk.version: 1.14.0
[22:29:11 INF] Executed action method Urbeat.WebApi.Controllers.CustomerAddressesController.Create (Urbeat.WebApi), returned result Microsoft.AspNetCore.Mvc.ObjectResult in 2.0033ms.
Instrumentation scope (ActivitySource):
    service.name: unknown_service:testhost
    Name: Microsoft.AspNetCore
Resource associated with Activity:
    telemetry.sdk.name: opentelemetry
    telemetry.sdk.language: dotnet
Activity.Tags:
    telemetry.sdk.version: 1.14.0
[22:29:11 INF] Executing endpoint 'Urbeat.WebApi.Controllers.StoreCategoriesController.List (Urbeat.WebApi)'
    server.address: localhost
    service.name: unknown_service:testhost
    http.request.method: POST
Activity.TraceId:            b81595c2e0af55fe4f28683ce2034e90
[22:29:11 INF] Request starting HTTP/1.1 PATCH http://localhost/api/stores/019ea4d9-178f-73aa-9b7f-23eaf064d6d0/status - application/json; charset=utf-8 null
Activity.TraceId:            14ae825a2bf87f89dd49a1afd30560ee
Activity.SpanId:             d91fe5fbd14c9dee
    http.response.status_code: 200
Activity.TraceFlags:         Recorded
[22:29:11 INF] Executing action method Urbeat.WebApi.Controllers.StoreProductsController.Create (Urbeat.WebApi) - Validation state: Valid
Activity.DisplayName:        POST api/auth/register/customer
Instrumentation scope (ActivitySource):
    Name: Microsoft.AspNetCore
Activity.Kind:               Server
Resource associated with Activity:
[22:29:11 INF] Route matched with {action = "UpsertAddress", controller = "Stores"}. Executing controller action with signature System.Threading.Tasks.Task`1[Microsoft.AspNetCore.Mvc.IActionResult] UpsertAddress(System.Guid, Urbeat.Application.DTOs.UpdateStoreAddressRequestDto, System.Threading.CancellationToken) on controller Urbeat.WebApi.Controllers.StoresController (Urbeat.WebApi).
    telemetry.sdk.name: opentelemetry
Activity.StartTime:          2026-06-08T01:29:10.8968757Z
    telemetry.sdk.language: dotnet
Activity.Duration:           00:00:00.2686118
[22:29:11 INF] User profile is available. Using 'C:\Users\intfa\AppData\Local\ASP.NET\DataProtection-Keys' as key repository and Windows DPAPI to encrypt keys at rest.
    telemetry.sdk.version: 1.14.0
Activity.Tags:
    service.name: unknown_service:testhost
[22:29:11 INF] Executing action method Urbeat.WebApi.Controllers.AuthController.Refresh (Urbeat.WebApi) - Validation state: Valid
Activity.Kind:               Server
Activity.StartTime:          2026-06-08T01:29:11.1656684Z
    url.scheme: http
Activity.Duration:           00:00:00.1069242
    url.path: /api/auth/login/customer
Activity.TraceId:            8e03d635a95d237b93ded55d5bf9842f
Activity.TraceId:            4cc0b6616bf6590310ed2c61ab809dcf
    network.protocol.version: 1.1
Activity.SpanId:             297342234acb1491
[22:29:11 INF] Saved 1 entities to in-memory store.
    http.route: api/auth/login/customer
Activity.SpanId:             ca485e9979914a5f
[22:29:11 INF] Route matched with {action = "List", controller = "StoreCategories"}. Executing controller action with signature System.Threading.Tasks.Task`1[Microsoft.AspNetCore.Mvc.IActionResult] List(System.Guid, System.Threading.CancellationToken) on controller Urbeat.WebApi.Controllers.StoreCategoriesController (Urbeat.WebApi).
Activity.TraceFlags:         Recorded
[22:29:11 INF] Executing ObjectResult, writing value of type 'Urbeat.Application.DTOs.CustomerAddressResponseDto'.
Activity.DisplayName:        POST api/stores/{storeId}/categories
Activity.Kind:               Server
Activity.SpanId:             75931cef5a2c1195
Activity.StartTime:          2026-06-08T01:29:11.1655711Z
Activity.TraceFlags:         Recorded
Activity.Duration:           00:00:00.1440761
Activity.DisplayName:        POST api/auth/login/seller
Activity.Tags:
Activity.Kind:               Server
    server.address: localhost
    http.request.method: POST
Activity.StartTime:          2026-06-08T01:29:11.0789199Z
    url.scheme: http
Activity.Duration:           00:00:00.2303082
    url.path: /api/stores/019ea4d9-16a7-770a-ad09-2c633189bfc7/categories
Activity.Tags:
    network.protocol.version: 1.1
    server.address: localhost
    http.route: api/stores/{storeId}/categories
    http.request.method: POST
    http.response.status_code: 201
    url.scheme: http
Instrumentation scope (ActivitySource):
    url.path: /api/auth/login/seller
    Name: Microsoft.AspNetCore
    network.protocol.version: 1.1
Resource associated with Activity:
    http.route: api/auth/login/seller
    telemetry.sdk.name: opentelemetry
    http.response.status_code: 200
    telemetry.sdk.language: dotnet
Instrumentation scope (ActivitySource):
    telemetry.sdk.version: 1.14.0
    Name: Microsoft.AspNetCore
    service.name: unknown_service:testhost
Resource associated with Activity:
    telemetry.sdk.name: opentelemetry
    telemetry.sdk.language: dotnet
    telemetry.sdk.version: 1.14.0
    service.name: unknown_service:testhost
Activity.TraceId:            8e03d635a95d237b93ded55d5bf9842f
Activity.SpanId:             75931cef5a2c1195
Activity.TraceFlags:         Recorded
Activity.DisplayName:        POST api/auth/login/seller
Activity.Kind:               Server
Activity.StartTime:          2026-06-08T01:29:11.0789199Z
Activity.Tags:
Activity.Duration:           00:00:00.2303082
    server.address: localhost
Activity.Tags:
    http.request.method: GET
    server.address: localhost
    http.request.method: POST
    url.scheme: http
    url.scheme: http
    url.path: /api/stores/019ea4d9-16a6-7726-9a57-230ff2b5f978/categories
    url.path: /api/auth/login/seller
Activity.TraceFlags:         Recorded
    network.protocol.version: 1.1
    network.protocol.version: 1.1
Activity.DisplayName:        GET api/public/stores/{storeId}/catalog/categories
    http.route: api/auth/login/seller
Activity.Kind:               Server
    http.route: api/stores/{storeId}/categories
    http.response.status_code: 200
Activity.StartTime:          2026-06-08T01:29:11.2733072Z
Instrumentation scope (ActivitySource):
Activity.Duration:           00:00:00.0689371
    Name: Microsoft.AspNetCore
Activity.Tags:
Resource associated with Activity:
    server.address: localhost
    telemetry.sdk.name: opentelemetry
    http.request.method: GET
    telemetry.sdk.language: dotnet
    url.scheme: http
    telemetry.sdk.version: 1.14.0
    url.path: /api/public/stores/cbf1171c-3fc1-4cd2-8274-0cd4d69d1b21/catalog/categories
    service.name: unknown_service:testhost
    network.protocol.version: 1.1
[22:29:11 INF] Executing action method Urbeat.WebApi.Controllers.StoreCategoriesController.List (Urbeat.WebApi) - Validation state: Valid
    http.route: api/public/stores/{storeId}/catalog/categories
    http.response.status_code: 200
Instrumentation scope (ActivitySource):
    http.response.status_code: 200
    Name: Microsoft.AspNetCore
Instrumentation scope (ActivitySource):
Resource associated with Activity:
    Name: Microsoft.AspNetCore
    telemetry.sdk.name: opentelemetry
Resource associated with Activity:
    telemetry.sdk.language: dotnet
    telemetry.sdk.name: opentelemetry
    telemetry.sdk.version: 1.14.0
    telemetry.sdk.language: dotnet
    service.name: unknown_service:testhost
    telemetry.sdk.version: 1.14.0
    service.name: unknown_service:testhost
Activity.TraceId:            538a048834db3de5b2bbe6e7d105d922
Activity.SpanId:             f9f32320932056b6
Activity.TraceId:            bee36f9ad992824990f90830a3a5a507
Activity.TraceFlags:         Recorded
Activity.SpanId:             4c48a979a43ea903
Activity.DisplayName:        POST api/auth/login/customer
Activity.TraceFlags:         Recorded
Activity.Kind:               Server
Activity.DisplayName:        POST api/stores/{storeId}/categories
Activity.Kind:               Server
Activity.StartTime:          2026-06-08T01:29:11.1661459Z
Activity.Duration:           00:00:00.1444043
Activity.StartTime:          2026-06-08T01:29:11.2727543Z
Activity.Tags:
Activity.Duration:           00:00:00.0709271
    server.address: localhost
Activity.Tags:
    http.request.method: POST
    server.address: localhost
    url.scheme: http
    http.request.method: POST
    url.scheme: http
    url.path: /api/auth/login/customer
    url.path: /api/stores/019ea4d9-16a6-7726-9a57-230ff2b5f978/categories
    network.protocol.version: 1.1
    network.protocol.version: 1.1
    http.route: api/stores/{storeId}/categories
    http.route: api/auth/login/customer
    http.response.status_code: 201
    http.response.status_code: 200
Instrumentation scope (ActivitySource):
    Name: Microsoft.AspNetCore
Instrumentation scope (ActivitySource):
Resource associated with Activity:
    Name: Microsoft.AspNetCore
    telemetry.sdk.name: opentelemetry
    telemetry.sdk.language: dotnet
Resource associated with Activity:
    telemetry.sdk.version: 1.14.0
    telemetry.sdk.name: opentelemetry
    service.name: unknown_service:testhost
[22:29:11 INF] Executing endpoint 'Urbeat.WebApi.Controllers.StoresController.UpdateStatus (Urbeat.WebApi)'
    telemetry.sdk.language: dotnet
    telemetry.sdk.version: 1.14.0
Activity.TraceId:            538a048834db3de5b2bbe6e7d105d922
Activity.SpanId:             f9f32320932056b6
    service.name: unknown_service:testhost
Activity.TraceFlags:         Recorded
Activity.DisplayName:        POST api/auth/login/customer
Activity.Kind:               Server
Activity.StartTime:          2026-06-08T01:29:11.1661459Z
Activity.TraceId:            bee36f9ad992824990f90830a3a5a507
Activity.Duration:           00:00:00.1444043
Activity.SpanId:             4c48a979a43ea903
Activity.Tags:
Activity.TraceFlags:         Recorded
    server.address: localhost
    http.request.method: POST
    url.scheme: http
Activity.DisplayName:        POST api/stores/{storeId}/categories
    url.path: /api/auth/login/customer
Activity.Kind:               Server
    network.protocol.version: 1.1
    http.route: api/auth/login/customer
Activity.StartTime:          2026-06-08T01:29:11.2727543Z
    http.response.status_code: 200
Activity.Duration:           00:00:00.0709271
Instrumentation scope (ActivitySource):
    Name: Microsoft.AspNetCore
Resource associated with Activity:
Activity.Tags:
    telemetry.sdk.name: opentelemetry
    server.address: localhost
    telemetry.sdk.language: dotnet
    http.request.method: POST
    url.scheme: http
    telemetry.sdk.version: 1.14.0
    url.path: /api/stores/019ea4d9-16a6-7726-9a57-230ff2b5f978/categories
    service.name: unknown_service:testhost
    network.protocol.version: 1.1
[22:29:11 INF] Route matched with {action = "UpdateStatus", controller = "Stores"}. Executing controller action with signature System.Threading.Tasks.Task`1[Microsoft.AspNetCore.Mvc.IActionResult] UpdateStatus(System.Guid, Urbeat.Application.DTOs.UpdateStoreStatusRequestDto, System.Threading.CancellationToken) on controller Urbeat.WebApi.Controllers.StoresController (Urbeat.WebApi).
    http.route: api/stores/{storeId}/categories
    http.response.status_code: 201
Instrumentation scope (ActivitySource):
    Name: Microsoft.AspNetCore
Resource associated with Activity:
    telemetry.sdk.name: opentelemetry
    telemetry.sdk.language: dotnet
    telemetry.sdk.version: 1.14.0
    service.name: unknown_service:testhost
Activity.TraceId:            bee36f9ad992824990f90830a3a5a507
Activity.SpanId:             4c48a979a43ea903
Activity.TraceFlags:         Recorded
Activity.TraceId:            d2361e0f2e5a91eaddd4e13cbd551c5d
Activity.SpanId:             0d4ad8dda71689f8
Activity.DisplayName:        POST api/stores/{storeId}/categories
Activity.TraceFlags:         Recorded
Activity.Kind:               Server
Activity.DisplayName:        POST api/stores
Activity.StartTime:          2026-06-08T01:29:11.2727543Z
Activity.Kind:               Server
Activity.Duration:           00:00:00.0709271
Activity.StartTime:          2026-06-08T01:29:11.2732927Z
Activity.Tags:
Activity.Duration:           00:00:00.0708015
    server.address: localhost
Activity.Tags:
    http.request.method: POST
    server.address: localhost
    url.scheme: http
    http.request.method: POST
    url.path: /api/stores/019ea4d9-16a6-7726-9a57-230ff2b5f978/categories
    url.scheme: http
    url.path: /api/stores
    network.protocol.version: 1.1
    network.protocol.version: 1.1
    http.route: api/stores
    http.route: api/stores/{storeId}/categories
    http.response.status_code: 201
    http.response.status_code: 201
Instrumentation scope (ActivitySource):
Instrumentation scope (ActivitySource):
    Name: Microsoft.AspNetCore
Resource associated with Activity:
    Name: Microsoft.AspNetCore
    telemetry.sdk.name: opentelemetry
Resource associated with Activity:
    telemetry.sdk.language: dotnet
    telemetry.sdk.name: opentelemetry
    telemetry.sdk.version: 1.14.0
    telemetry.sdk.language: dotnet
    service.name: unknown_service:testhost
    telemetry.sdk.version: 1.14.0
    service.name: unknown_service:testhost
Activity.TraceId:            d2361e0f2e5a91eaddd4e13cbd551c5d
Activity.SpanId:             0d4ad8dda71689f8
Activity.TraceFlags:         Recorded
Activity.DisplayName:        POST api/stores
Activity.Kind:               Server
Activity.StartTime:          2026-06-08T01:29:11.2732927Z
Activity.Duration:           00:00:00.0708015
Activity.Tags:
    server.address: localhost
    server.address: localhost
    http.request.method: POST
    url.scheme: http
    url.path: /api/stores
    http.request.method: POST
    network.protocol.version: 1.1
[22:29:11 INF] Executed action method Urbeat.WebApi.Controllers.StoreCategoriesController.List (Urbeat.WebApi), returned result Microsoft.AspNetCore.Mvc.OkObjectResult in 0.3369ms.
    http.route: api/stores
    url.scheme: http
    http.response.status_code: 201
[22:29:11 INF] Executed action Urbeat.WebApi.Controllers.CustomerAddressesController.Create (Urbeat.WebApi) in 72.4ms
    url.path: /api/auth/register/customer
Instrumentation scope (ActivitySource):
    network.protocol.version: 1.1
    Name: Microsoft.AspNetCore
Resource associated with Activity:
    http.route: api/auth/register/customer
    telemetry.sdk.name: opentelemetry
    http.response.status_code: 201
    telemetry.sdk.language: dotnet
Instrumentation scope (ActivitySource):
    Name: Microsoft.AspNetCore
Resource associated with Activity:
    telemetry.sdk.name: opentelemetry
[22:29:11 INF] Executed endpoint 'Urbeat.WebApi.Controllers.CustomerAddressesController.Create (Urbeat.WebApi)'
    telemetry.sdk.version: 1.14.0
    service.name: unknown_service:testhost
Activity.TraceId:            d2361e0f2e5a91eaddd4e13cbd551c5d
Activity.SpanId:             0d4ad8dda71689f8
Activity.TraceFlags:         Recorded
Activity.DisplayName:        POST api/stores
Activity.Kind:               Server
    http.response.status_code: 200
Activity.StartTime:          2026-06-08T01:29:11.2732927Z
Activity.Duration:           00:00:00.0708015
Instrumentation scope (ActivitySource):
[22:29:11 INF] Executing OkObjectResult, writing value of type 'System.Collections.Generic.List`1[[Urbeat.Application.DTOs.ProductCategoryResponseDto, Urbeat.Application, Version=1.0.0.0, Culture=neutral, PublicKeyToken=null]]'.
    Name: Microsoft.AspNetCore
Activity.Tags:
    telemetry.sdk.language: dotnet
    server.address: localhost
    telemetry.sdk.version: 1.14.0
    http.request.method: POST
    service.name: unknown_service:testhost
[22:29:11 INF] HTTP POST /api/customer/addresses responded 201 in 143.0491 ms
    url.scheme: http
Activity.TraceId:            538a048834db3de5b2bbe6e7d105d922
    url.path: /api/stores
Activity.SpanId:             f9f32320932056b6
[22:29:11 INF] Executed action Urbeat.WebApi.Controllers.StoreCategoriesController.List (Urbeat.WebApi) in 0.8976ms
    network.protocol.version: 1.1
Activity.TraceFlags:         Recorded
    http.route: api/stores
Activity.DisplayName:        POST api/auth/login/customer
    http.response.status_code: 201
Resource associated with Activity:
Instrumentation scope (ActivitySource):
    Name: Microsoft.AspNetCore
    telemetry.sdk.name: opentelemetry
    telemetry.sdk.language: dotnet
Resource associated with Activity:
    telemetry.sdk.version: 1.14.0
    telemetry.sdk.name: opentelemetry
[22:29:11 INF] Executed endpoint 'Urbeat.WebApi.Controllers.StoreCategoriesController.List (Urbeat.WebApi)'
    telemetry.sdk.language: dotnet
    telemetry.sdk.version: 1.14.0
    service.name: unknown_service:testhost
    service.name: unknown_service:testhost
Activity.TraceId:            d2361e0f2e5a91eaddd4e13cbd551c5d
Activity.TraceId:            eff00732e4ee496029582b9aa369cb3d
Activity.SpanId:             0d4ad8dda71689f8
Activity.SpanId:             23f97f7007fc56dd
Activity.TraceFlags:         Recorded
Activity.TraceFlags:         Recorded
Activity.DisplayName:        POST api/stores
Activity.DisplayName:        GET api/stores/{storeId}/categories
Activity.Kind:               Server
Activity.Kind:               Server
Activity.StartTime:          2026-06-08T01:29:11.1656684Z
Activity.StartTime:          2026-06-08T01:29:11.2732927Z
Activity.Duration:           00:00:00.1069242
Activity.Duration:           00:00:00.0708015
Activity.Tags:
Activity.Tags:
    server.address: localhost
[22:29:11 INF] HTTP GET /api/stores/019ea4d9-16a6-7726-9a57-230ff2b5f978/categories responded 200 in 37.9744 ms
    http.request.method: GET
    server.address: localhost
    url.scheme: http
    http.request.method: POST
    url.path: /api/stores/019ea4d9-16a6-7726-9a57-230ff2b5f978/categories
    url.scheme: http
    network.protocol.version: 1.1
    url.path: /api/stores
    network.protocol.version: 1.1
    http.route: api/stores
    http.route: api/stores/{storeId}/categories
    http.response.status_code: 201
    http.response.status_code: 200
Instrumentation scope (ActivitySource):
    Name: Microsoft.AspNetCore
[22:29:11 INF] Request finished HTTP/1.1 POST http://localhost/api/customer/addresses - 201 null application/json; charset=utf-8 174.3354ms
Resource associated with Activity:
Instrumentation scope (ActivitySource):
    Name: Microsoft.AspNetCore
    telemetry.sdk.name: opentelemetry
Resource associated with Activity:
    telemetry.sdk.language: dotnet
    telemetry.sdk.name: opentelemetry
    telemetry.sdk.version: 1.14.0
    service.name: unknown_service:testhost
    telemetry.sdk.language: dotnet
    telemetry.sdk.version: 1.14.0
    service.name: unknown_service:testhost
Activity.TraceId:            eff00732e4ee496029582b9aa369cb3d
Activity.SpanId:             23f97f7007fc56dd
Activity.Kind:               Server
Activity.TraceFlags:         Recorded
Activity.StartTime:          2026-06-08T01:29:11.1661459Z
Activity.DisplayName:        GET api/stores/{storeId}/categories
Activity.Kind:               Server
Activity.Duration:           00:00:00.1444043
Activity.StartTime:          2026-06-08T01:29:11.1656684Z
Activity.Tags:
Activity.Duration:           00:00:00.1069242
Activity.Tags:
    server.address: localhost
    server.address: localhost
    http.request.method: POST
    url.scheme: http
    http.request.method: GET
    url.path: /api/auth/login/customer
    url.scheme: http
    network.protocol.version: 1.1
    url.path: /api/stores/019ea4d9-16a6-7726-9a57-230ff2b5f978/categories
    http.route: api/auth/login/customer
    network.protocol.version: 1.1
    http.route: api/stores/{storeId}/categories
    http.response.status_code: 200
    http.response.status_code: 200
Instrumentation scope (ActivitySource):
    Name: Microsoft.AspNetCore
Resource associated with Activity:
[22:29:11 INF] Request finished HTTP/1.1 GET http://localhost/api/stores/019ea4d9-16a6-7726-9a57-230ff2b5f978/categories - 200 null application/json; charset=utf-8 38.8313ms
    telemetry.sdk.name: opentelemetry
Instrumentation scope (ActivitySource):
    Name: Microsoft.AspNetCore
Resource associated with Activity:
    telemetry.sdk.name: opentelemetry
    telemetry.sdk.language: dotnet
    telemetry.sdk.version: 1.14.0
    service.name: unknown_service:testhost
Activity.TraceId:            6b1933ac032a12b67b3dbf960439a168
Activity.TraceId:            eff00732e4ee496029582b9aa369cb3d
Activity.SpanId:             713738ec91bc758e
Activity.SpanId:             23f97f7007fc56dd
Activity.TraceFlags:         Recorded
Activity.TraceFlags:         Recorded
Activity.DisplayName:        POST api/customer/addresses
Activity.DisplayName:        GET api/stores/{storeId}/categories
Activity.Kind:               Server
Activity.Kind:               Server
Activity.StartTime:          2026-06-08T01:29:11.2078046Z
[22:29:11 INF] Saved 2 entities to in-memory store.
Activity.StartTime:          2026-06-08T01:29:11.1656684Z
Activity.Duration:           00:00:00.1744465
Activity.Duration:           00:00:00.1069242
Activity.Tags:
Activity.Tags:
    server.address: localhost
    http.request.method: POST
    url.scheme: http
    server.address: localhost
    url.path: /api/customer/addresses
    telemetry.sdk.language: dotnet
    http.request.method: GET
    network.protocol.version: 1.1
    telemetry.sdk.version: 1.14.0
    url.scheme: http
    http.route: api/customer/addresses
    service.name: unknown_service:testhost
    http.response.status_code: 201
Instrumentation scope (ActivitySource):
    url.path: /api/stores/019ea4d9-16a6-7726-9a57-230ff2b5f978/categories
    Name: Microsoft.AspNetCore
    network.protocol.version: 1.1
Resource associated with Activity:
    http.route: api/stores/{storeId}/categories
    telemetry.sdk.name: opentelemetry
    http.response.status_code: 200
    telemetry.sdk.language: dotnet
Instrumentation scope (ActivitySource):
    telemetry.sdk.version: 1.14.0
    Name: Microsoft.AspNetCore
    service.name: unknown_service:testhost
Resource associated with Activity:
Activity.TraceId:            b81595c2e0af55fe4f28683ce2034e90
    telemetry.sdk.name: opentelemetry
Activity.SpanId:             ca485e9979914a5f
Activity.TraceId:            bee36f9ad992824990f90830a3a5a507
Activity.TraceId:            6b1933ac032a12b67b3dbf960439a168
Activity.SpanId:             4c48a979a43ea903
Activity.SpanId:             713738ec91bc758e
Activity.TraceFlags:         Recorded
Activity.TraceFlags:         Recorded
Activity.TraceFlags:         Recorded
    telemetry.sdk.language: dotnet
Activity.TraceId:            d2361e0f2e5a91eaddd4e13cbd551c5d
Activity.DisplayName:        POST api/stores/{storeId}/categories
    telemetry.sdk.version: 1.14.0
Activity.SpanId:             0d4ad8dda71689f8
Activity.TraceFlags:         Recorded
Activity.DisplayName:        POST api/stores
Activity.TraceId:            d33623dc4b47080b573ab39112ff81f9
    service.name: unknown_service:testhost
Activity.Kind:               Server
Activity.Kind:               Server
Activity.SpanId:             25fcacd836f2e675
Activity.TraceFlags:         Recorded
Activity.DisplayName:        GET api/stores/{storeId}/categories
[22:29:11 INF] Saved 1 entities to in-memory store.
Activity.StartTime:          2026-06-08T01:29:11.1655711Z
Activity.Kind:               Server
Activity.StartTime:          2026-06-08T01:29:11.2732927Z
Activity.Duration:           00:00:00.1440761
Activity.Duration:           00:00:00.0708015
Activity.StartTime:          2026-06-08T01:29:11.3434482Z
Activity.Tags:
Activity.Duration:           00:00:00.0388403
Activity.Tags:
    server.address: localhost
    server.address: localhost
    http.request.method: POST
Activity.Tags:
    url.scheme: http
    server.address: localhost
    url.path: /api/stores/019ea4d9-16a7-770a-ad09-2c633189bfc7/categories
    http.request.method: GET
    network.protocol.version: 1.1
    url.scheme: http
    http.request.method: POST
    http.route: api/stores/{storeId}/categories
    url.path: /api/stores/019ea4d9-16a6-7726-9a57-230ff2b5f978/categories
    network.protocol.version: 1.1
    http.response.status_code: 201
    url.scheme: http
    http.route: api/stores/{storeId}/categories
    url.path: /api/stores
Instrumentation scope (ActivitySource):
    http.response.status_code: 200
    Name: Microsoft.AspNetCore
Instrumentation scope (ActivitySource):
    network.protocol.version: 1.1
Resource associated with Activity:
    Name: Microsoft.AspNetCore
    http.route: api/stores
    telemetry.sdk.name: opentelemetry
Resource associated with Activity:
    telemetry.sdk.language: dotnet
    http.response.status_code: 201
    telemetry.sdk.version: 1.14.0
    telemetry.sdk.name: opentelemetry
    service.name: unknown_service:testhost
    telemetry.sdk.language: dotnet
    telemetry.sdk.version: 1.14.0
    service.name: unknown_service:testhost
Instrumentation scope (ActivitySource):
    Name: Microsoft.AspNetCore
Activity.DisplayName:        POST api/customer/addresses
Activity.TraceId:            eff00732e4ee496029582b9aa369cb3d
Resource associated with Activity:
Activity.Kind:               Server
Activity.SpanId:             23f97f7007fc56dd
    telemetry.sdk.name: opentelemetry
Activity.StartTime:          2026-06-08T01:29:11.2078046Z
Activity.TraceFlags:         Recorded
    telemetry.sdk.language: dotnet
Activity.DisplayName:        GET api/stores/{storeId}/categories
    telemetry.sdk.version: 1.14.0
Activity.Kind:               Server
    service.name: unknown_service:testhost
Activity.StartTime:          2026-06-08T01:29:11.1656684Z
Activity.DisplayName:        POST api/stores/{storeId}/categories
Activity.Duration:           00:00:00.1069242
Activity.Kind:               Server
Activity.Tags:
Activity.TraceId:            d2361e0f2e5a91eaddd4e13cbd551c5d
Activity.StartTime:          2026-06-08T01:29:11.2727543Z
    server.address: localhost
Activity.Duration:           00:00:00.0709271
    http.request.method: GET
Activity.Tags:
    url.scheme: http
Activity.SpanId:             0d4ad8dda71689f8
    server.address: localhost
Activity.TraceFlags:         Recorded
    http.request.method: POST
    url.path: /api/stores/019ea4d9-16a6-7726-9a57-230ff2b5f978/categories
    url.scheme: http
    network.protocol.version: 1.1
    url.path: /api/stores/019ea4d9-16a6-7726-9a57-230ff2b5f978/categories
    http.route: api/stores/{storeId}/categories
    network.protocol.version: 1.1
    http.response.status_code: 200
Activity.DisplayName:        POST api/stores
Instrumentation scope (ActivitySource):
Activity.Kind:               Server
    Name: Microsoft.AspNetCore
    http.route: api/stores/{storeId}/categories
Resource associated with Activity:
    http.response.status_code: 201
    telemetry.sdk.name: opentelemetry
Instrumentation scope (ActivitySource):
    telemetry.sdk.language: dotnet
    Name: Microsoft.AspNetCore
    telemetry.sdk.version: 1.14.0
Resource associated with Activity:
    service.name: unknown_service:testhost
    telemetry.sdk.name: opentelemetry
    telemetry.sdk.language: dotnet
    telemetry.sdk.version: 1.14.0
    service.name: unknown_service:testhost
Activity.TraceId:            bee36f9ad992824990f90830a3a5a507
Activity.Duration:           00:00:00.1744465
[22:29:11 INF] Executing action method Urbeat.WebApi.Controllers.StoresController.UpdateStatus (Urbeat.WebApi) - Validation state: Valid
Activity.SpanId:             4c48a979a43ea903
Activity.TraceId:            66317ec498cf29f7fd991481fa9ed530
Activity.Tags:
Activity.SpanId:             a4eb5f9b00ef0ad5
Activity.TraceFlags:         Recorded
    server.address: localhost
[22:29:11 INF] Request starting HTTP/1.1 POST http://localhost/api/checkout/preview - application/json; charset=utf-8 null
Activity.TraceFlags:         Recorded
Activity.DisplayName:        POST api/stores/{storeId}/categories
    http.request.method: POST
Activity.DisplayName:        PATCH api/stores/{storeId}/delivery-config
Activity.Kind:               Server
Activity.Kind:               Server
    url.scheme: http
Activity.StartTime:          2026-06-08T01:29:11.2727543Z
    url.path: /api/customer/addresses
Activity.StartTime:          2026-06-08T01:29:11.1369451Z
    network.protocol.version: 1.1
[22:29:11 INF] Executing action method Urbeat.WebApi.Controllers.StoresController.UpsertAddress (Urbeat.WebApi) - Validation state: Valid
Activity.Duration:           00:00:00.0709271
Activity.Duration:           00:00:00.1354567
    http.route: api/customer/addresses
[22:29:11 INF] Request starting HTTP/1.1 POST http://localhost/api/auth/register/seller - application/json; charset=utf-8 null
    http.response.status_code: 201
Instrumentation scope (ActivitySource):
[22:29:11 WRN] The WebRootPath was not found: C:\Projetos\urbeat\backend\src\Urbeat.WebApi\wwwroot. Static files may be unavailable.
    Name: Microsoft.AspNetCore
Activity.StartTime:          2026-06-08T01:29:11.2732927Z
Resource associated with Activity:
[22:29:11 INF] CustomerRegistered | Registration succeeded | UserId=019ea4d9-178e-7337-914e-a8e009c47d29 | Email=orders.customer.55c093c6af574a14ac4dd1805166614a@urbeat.local | Role=Customer
    telemetry.sdk.name: opentelemetry
    telemetry.sdk.language: dotnet
    telemetry.sdk.version: 1.14.0
Activity.Duration:           00:00:00.0708015
    service.name: unknown_service:testhost
Activity.Tags:
[22:29:11 INF] Executed action method Urbeat.WebApi.Controllers.AuthController.Refresh (Urbeat.WebApi), returned result Microsoft.AspNetCore.Mvc.OkObjectResult in 9.2135ms.
    server.address: localhost
    http.request.method: POST
    url.scheme: http
[22:29:11 INF] Saved 1 entities to in-memory store.
    url.path: /api/stores
Activity.Tags:
    network.protocol.version: 1.1
Activity.TraceId:            6b1933ac032a12b67b3dbf960439a168
    http.route: api/stores
    server.address: localhost
    http.response.status_code: 201
Activity.SpanId:             713738ec91bc758e
Instrumentation scope (ActivitySource):
Activity.TraceFlags:         Recorded
    http.request.method: POST
Activity.DisplayName:        POST api/customer/addresses
    url.scheme: http
    url.path: /api/stores/019ea4d9-16a6-7726-9a57-230ff2b5f978/categories
    Name: Microsoft.AspNetCore
Activity.Kind:               Server
    network.protocol.version: 1.1
Resource associated with Activity:
Activity.StartTime:          2026-06-08T01:29:11.2078046Z
    http.route: api/stores/{storeId}/categories
    telemetry.sdk.name: opentelemetry
Activity.Duration:           00:00:00.1744465
    telemetry.sdk.language: dotnet
Activity.Tags:
    http.response.status_code: 201
    telemetry.sdk.version: 1.14.0
    server.address: localhost
    service.name: unknown_service:testhost
Instrumentation scope (ActivitySource):
    http.request.method: POST
    url.scheme: http
Activity.TraceId:            d2361e0f2e5a91eaddd4e13cbd551c5d
    Name: Microsoft.AspNetCore
    url.path: /api/customer/addresses
Activity.SpanId:             0d4ad8dda71689f8
Resource associated with Activity:
    network.protocol.version: 1.1
    telemetry.sdk.name: opentelemetry
Activity.TraceFlags:         Recorded
    telemetry.sdk.language: dotnet
Activity.DisplayName:        POST api/stores
    telemetry.sdk.version: 1.14.0
    http.route: api/customer/addresses
    service.name: unknown_service:testhost
    http.response.status_code: 201
Activity.Kind:               Server
Instrumentation scope (ActivitySource):
    Name: Microsoft.AspNetCore
Resource associated with Activity:
Activity.TraceId:            bee36f9ad992824990f90830a3a5a507
    telemetry.sdk.name: opentelemetry
Activity.StartTime:          2026-06-08T01:29:11.2732927Z
Activity.SpanId:             4c48a979a43ea903
    telemetry.sdk.language: dotnet
    telemetry.sdk.version: 1.14.0
Activity.Duration:           00:00:00.0708015
    service.name: unknown_service:testhost
Activity.TraceFlags:         Recorded
Activity.Tags:
Activity.DisplayName:        POST api/stores/{storeId}/categories
    server.address: localhost
    http.request.method: POST
Activity.Kind:               Server
    url.scheme: http
    url.path: /api/stores
    network.protocol.version: 1.1
    http.route: api/stores
Activity.StartTime:          2026-06-08T01:29:11.2727543Z
Activity.TraceId:            d33623dc4b47080b573ab39112ff81f9
Activity.Duration:           00:00:00.0709271
Activity.SpanId:             25fcacd836f2e675
Activity.Tags:
[22:29:11 INF] Saved 1 entities to in-memory store.
Activity.TraceFlags:         Recorded
    http.response.status_code: 201
Activity.DisplayName:        GET api/stores/{storeId}/categories
    server.address: localhost
Instrumentation scope (ActivitySource):
Activity.Kind:               Server
    http.request.method: POST
    Name: Microsoft.AspNetCore
Resource associated with Activity:
    url.scheme: http
Activity.StartTime:          2026-06-08T01:29:11.3434482Z
    url.path: /api/stores/019ea4d9-16a6-7726-9a57-230ff2b5f978/categories
    telemetry.sdk.name: opentelemetry
    telemetry.sdk.language: dotnet
    telemetry.sdk.version: 1.14.0
    service.name: unknown_service:testhost
Activity.Duration:           00:00:00.0388403
Activity.TraceId:            d2361e0f2e5a91eaddd4e13cbd551c5d
    network.protocol.version: 1.1
Activity.Tags:
Activity.SpanId:             0d4ad8dda71689f8
    server.address: localhost
    http.route: api/stores/{storeId}/categories
Activity.TraceFlags:         Recorded
    http.response.status_code: 201
Activity.DisplayName:        POST api/stores
Instrumentation scope (ActivitySource):
    Name: Microsoft.AspNetCore
Resource associated with Activity:
    telemetry.sdk.name: opentelemetry
    telemetry.sdk.language: dotnet
    http.request.method: GET
    telemetry.sdk.version: 1.14.0
    url.scheme: http
    url.path: /api/stores/019ea4d9-16a6-7726-9a57-230ff2b5f978/categories
    network.protocol.version: 1.1
    service.name: unknown_service:testhost
    http.route: api/stores/{storeId}/categories
    http.response.status_code: 200
[22:29:11 INF] Executed action Urbeat.WebApi.Controllers.AuthController.Refresh (Urbeat.WebApi) in 77.9206ms
Instrumentation scope (ActivitySource):
    Name: Microsoft.AspNetCore
Resource associated with Activity:
Activity.TraceId:            bee36f9ad992824990f90830a3a5a507
    telemetry.sdk.name: opentelemetry
Activity.SpanId:             4c48a979a43ea903
    telemetry.sdk.language: dotnet
Activity.TraceFlags:         Recorded
    telemetry.sdk.version: 1.14.0
    service.name: unknown_service:testhost
Activity.DisplayName:        POST api/stores/{storeId}/categories
[22:29:11 INF] Executing endpoint 'Urbeat.WebApi.Controllers.AuthController.RegisterSeller (Urbeat.WebApi)'
Activity.Tags:
[22:29:11 INF] HTTP POST /api/auth/refresh responded 200 in 107.8895 ms
    server.address: localhost
    http.request.method: PATCH
    url.scheme: http
    url.path: /api/stores/019ea4d9-15f0-7645-b91c-26bc5304e599/delivery-config
Activity.Kind:               Server
    network.protocol.version: 1.1
    http.route: api/stores/{storeId}/delivery-config
Activity.TraceId:            d33623dc4b47080b573ab39112ff81f9
    http.response.status_code: 200
Activity.SpanId:             25fcacd836f2e675
[22:29:11 INF] Saved 1 entities to in-memory store.
Activity.TraceFlags:         Recorded
Activity.StartTime:          2026-06-08T01:29:11.2727543Z
Activity.DisplayName:        GET api/stores/{storeId}/categories
Instrumentation scope (ActivitySource):
Activity.Kind:               Server
    Name: Microsoft.AspNetCore
Activity.Duration:           00:00:00.0709271
Resource associated with Activity:
Activity.Tags:
    telemetry.sdk.name: opentelemetry
Activity.StartTime:          2026-06-08T01:29:11.3434482Z
    server.address: localhost
[22:29:11 INF] Route matched with {action = "RegisterSeller", controller = "Auth"}. Executing controller action with signature System.Threading.Tasks.Task`1[Microsoft.AspNetCore.Mvc.IActionResult] RegisterSeller(Urbeat.Application.DTOs.RegisterUserRequestDto, System.Threading.CancellationToken) on controller Urbeat.WebApi.Controllers.AuthController (Urbeat.WebApi).
    http.request.method: POST
    url.scheme: http
    url.path: /api/stores/019ea4d9-16a6-7726-9a57-230ff2b5f978/categories
    network.protocol.version: 1.1
    http.route: api/stores/{storeId}/categories
    http.response.status_code: 201
    telemetry.sdk.language: dotnet
Instrumentation scope (ActivitySource):
    telemetry.sdk.version: 1.14.0
    service.name: unknown_service:testhost
    Name: Microsoft.AspNetCore
Activity.Duration:           00:00:00.0388403
Activity.TraceId:            66317ec498cf29f7fd991481fa9ed530
Activity.SpanId:             a4eb5f9b00ef0ad5
Activity.Kind:               Server
Activity.TraceId:            4cc0b6616bf6590310ed2c61ab809dcf
Activity.StartTime:          2026-06-08T01:29:11.2732927Z
Activity.SpanId:             297342234acb1491
Activity.Duration:           00:00:00.0708015
Activity.TraceFlags:         Recorded
Activity.Tags:
Activity.DisplayName:        GET api/public/stores/{storeId}/catalog/categories
    server.address: localhost
Activity.Kind:               Server
Activity.Tags:
    http.request.method: POST
Activity.StartTime:          2026-06-08T01:29:11.2733072Z
    server.address: localhost
Activity.Duration:           00:00:00.0689371
    http.request.method: GET
Activity.Tags:
    url.scheme: http
    url.path: /api/stores
    server.address: localhost
    network.protocol.version: 1.1
    http.request.method: GET
    http.route: api/stores
    url.scheme: http
    url.scheme: http
    url.path: /api/public/stores/cbf1171c-3fc1-4cd2-8274-0cd4d69d1b21/catalog/categories
    network.protocol.version: 1.1
    http.route: api/public/stores/{storeId}/catalog/categories
    http.response.status_code: 200
Resource associated with Activity:
Instrumentation scope (ActivitySource):
Activity.TraceFlags:         Recorded
    Name: Microsoft.AspNetCore
    http.response.status_code: 201
Resource associated with Activity:
Instrumentation scope (ActivitySource):
    telemetry.sdk.name: opentelemetry
    url.path: /api/stores/019ea4d9-16a6-7726-9a57-230ff2b5f978/categories
    telemetry.sdk.language: dotnet
    Name: Microsoft.AspNetCore
    telemetry.sdk.version: 1.14.0
    network.protocol.version: 1.1
    service.name: unknown_service:testhost
    http.route: api/stores/{storeId}/categories
    http.response.status_code: 200
Resource associated with Activity:
Instrumentation scope (ActivitySource):
    telemetry.sdk.name: opentelemetry
    Name: Microsoft.AspNetCore
Resource associated with Activity:
    telemetry.sdk.language: dotnet
    telemetry.sdk.version: 1.14.0
    telemetry.sdk.name: opentelemetry
    service.name: unknown_service:testhost
    telemetry.sdk.language: dotnet
    telemetry.sdk.version: 1.14.0
Activity.TraceId:            8e03d635a95d237b93ded55d5bf9842f
Activity.TraceId:            33871e35043ac337940d5fdee92b1279
Activity.SpanId:             eb1bed8d5c994095
[22:29:11 INF] Executing endpoint 'Urbeat.WebApi.Controllers.CheckoutController.Preview (Urbeat.WebApi)'
Activity.TraceFlags:         Recorded
Activity.DisplayName:        POST api/auth/refresh
Activity.Kind:               Server
    telemetry.sdk.name: opentelemetry
Activity.StartTime:          2026-06-08T01:29:11.3113672Z
    telemetry.sdk.language: dotnet
Activity.Duration:           00:00:00.1090785
    telemetry.sdk.version: 1.14.0
Activity.Tags:
    service.name: unknown_service:testhost
    server.address: localhost
    http.request.method: POST
    url.scheme: http
    url.path: /api/auth/refresh
Activity.DisplayName:        PATCH api/stores/{storeId}/delivery-config
Activity.TraceId:            bee36f9ad992824990f90830a3a5a507
    network.protocol.version: 1.1
Activity.SpanId:             4c48a979a43ea903
    http.route: api/auth/refresh
Activity.TraceFlags:         Recorded
    http.response.status_code: 200
Activity.DisplayName:        POST api/stores/{storeId}/categories
Instrumentation scope (ActivitySource):
Activity.Kind:               Server
Activity.Kind:               Server
    Name: Microsoft.AspNetCore
Activity.StartTime:          2026-06-08T01:29:11.2727543Z
Activity.StartTime:          2026-06-08T01:29:11.1369451Z
Activity.Duration:           00:00:00.0709271
Activity.Duration:           00:00:00.1354567
Activity.Tags:
Resource associated with Activity:
Activity.Tags:
    telemetry.sdk.name: opentelemetry
    server.address: localhost
    server.address: localhost
    http.request.method: PATCH
    http.request.method: POST
    telemetry.sdk.language: dotnet
    url.scheme: http
    url.scheme: http
    telemetry.sdk.version: 1.14.0
    url.path: /api/stores/019ea4d9-15f0-7645-b91c-26bc5304e599/delivery-config
    service.name: unknown_service:testhost
    url.path: /api/stores/019ea4d9-16a6-7726-9a57-230ff2b5f978/categories
    network.protocol.version: 1.1
    network.protocol.version: 1.1
    http.route: api/stores/{storeId}/categories
    http.route: api/stores/{storeId}/delivery-config
    http.response.status_code: 201
    http.response.status_code: 200
Instrumentation scope (ActivitySource):
Instrumentation scope (ActivitySource):
    Name: Microsoft.AspNetCore
    Name: Microsoft.AspNetCore
Resource associated with Activity:
Resource associated with Activity:
    telemetry.sdk.name: opentelemetry
    telemetry.sdk.name: opentelemetry
    telemetry.sdk.language: dotnet
    telemetry.sdk.language: dotnet
    telemetry.sdk.version: 1.14.0
    service.name: unknown_service:testhost
    telemetry.sdk.version: 1.14.0
    service.name: unknown_service:testhost
Activity.TraceId:            66317ec498cf29f7fd991481fa9ed530
Activity.SpanId:             a4eb5f9b00ef0ad5
Activity.TraceFlags:         Recorded
Activity.DisplayName:        PATCH api/stores/{storeId}/delivery-config
Activity.Kind:               Server
[22:29:11 INF] STORE_STATUS_UPDATED | Store status updated | StoreId=019ea4d9-178f-73aa-9b7f-23eaf064d6d0 | OwnerUserId=019ea4d9-15ef-7ecc-a8d6-8d66ac1d69e2 | IsOpen=True | IP=null
Activity.StartTime:          2026-06-08T01:29:11.1369451Z
Activity.Duration:           00:00:00.1354567
Activity.Tags:
    server.address: localhost
    http.request.method: PATCH
    url.scheme: http
    url.path: /api/stores/019ea4d9-15f0-7645-b91c-26bc5304e599/delivery-config
    network.protocol.version: 1.1
[22:29:11 INF] Executed action method Urbeat.WebApi.Controllers.AuthController.RegisterCustomer (Urbeat.WebApi), returned result Microsoft.AspNetCore.Mvc.ObjectResult in 110.1402ms.
    http.route: api/stores/{storeId}/delivery-config
    http.response.status_code: 200
Instrumentation scope (ActivitySource):
    Name: Microsoft.AspNetCore
Resource associated with Activity:
    telemetry.sdk.name: opentelemetry
    telemetry.sdk.language: dotnet
    telemetry.sdk.version: 1.14.0
    service.name: unknown_service:testhost
Activity.TraceId:            66317ec498cf29f7fd991481fa9ed530
Activity.SpanId:             a4eb5f9b00ef0ad5
Activity.TraceFlags:         Recorded
Activity.DisplayName:        PATCH api/stores/{storeId}/delivery-config
Activity.Kind:               Server
Activity.StartTime:          2026-06-08T01:29:11.1369451Z
Activity.Duration:           00:00:00.1354567
Activity.Tags:
    server.address: localhost
    http.request.method: PATCH
    url.scheme: http
    url.path: /api/stores/019ea4d9-15f0-7645-b91c-26bc5304e599/delivery-config
    network.protocol.version: 1.1
    http.route: api/stores/{storeId}/delivery-config
    http.response.status_code: 200
Instrumentation scope (ActivitySource):
    Name: Microsoft.AspNetCore
Resource associated with Activity:
    service.name: unknown_service:testhost
    telemetry.sdk.name: opentelemetry
    telemetry.sdk.language: dotnet
    telemetry.sdk.version: 1.14.0
    service.name: unknown_service:testhost
Activity.SpanId:             75931cef5a2c1195
Activity.TraceId:            66317ec498cf29f7fd991481fa9ed530
Activity.TraceId:            33871e35043ac337940d5fdee92b1279
Activity.SpanId:             a4eb5f9b00ef0ad5
Activity.SpanId:             eb1bed8d5c994095
Activity.TraceFlags:         Recorded
Activity.TraceFlags:         Recorded
Activity.DisplayName:        PATCH api/stores/{storeId}/delivery-config
Activity.DisplayName:        POST api/auth/login/seller
Activity.Kind:               Server
Activity.TraceFlags:         Recorded
[22:29:11 INF] EMAIL_CONFIRM_JOB_STARTED | Sending confirmation email | UserId=019ea4d9-178e-7337-914e-a8e009c47d29
Activity.DisplayName:        POST api/auth/refresh
Activity.Kind:               Server
Activity.StartTime:          2026-06-08T01:29:11.1369451Z
Activity.Duration:           00:00:00.1354567
Activity.TraceId:            4cc0b6616bf6590310ed2c61ab809dcf
Activity.Tags:
Activity.StartTime:          2026-06-08T01:29:11.3113672Z
    server.address: localhost
Activity.Duration:           00:00:00.1090785
    http.request.method: PATCH
[22:29:11 INF] Executing action method Urbeat.WebApi.Controllers.AuthController.RegisterSeller (Urbeat.WebApi) - Validation state: Valid
Activity.Kind:               Server
[22:29:11 INF] Saved 1 entities to in-memory store.
Activity.StartTime:          2026-06-08T01:29:11.0789199Z
Activity.SpanId:             297342234acb1491
Activity.Duration:           00:00:00.2303082
[22:29:11 INF] Saved 1 entities to in-memory store.
Activity.TraceFlags:         Recorded
Activity.Tags:
Activity.DisplayName:        GET api/public/stores/{storeId}/catalog/categories
[22:29:11 INF] Executing ObjectResult, writing value of type '<>f__AnonymousType2`3[[System.Nullable`1[[System.Guid, System.Private.CoreLib, Version=9.0.0.0, Culture=neutral, PublicKeyToken=7cec85d7bea7798e]], System.Private.CoreLib, Version=9.0.0.0, Culture=neutral, PublicKeyToken=7cec85d7bea7798e],[System.Boolean, System.Private.CoreLib, Version=9.0.0.0, Culture=neutral, PublicKeyToken=7cec85d7bea7798e],[System.String, System.Private.CoreLib, Version=9.0.0.0, Culture=neutral, PublicKeyToken=7cec85d7bea7798e]]'.
Activity.Tags:
[22:29:11 INF] Saved 2 entities to in-memory store.
    server.address: localhost
    http.request.method: POST
    url.scheme: http
    url.scheme: http
    url.path: /api/stores/019ea4d9-15f0-7645-b91c-26bc5304e599/delivery-config
    url.path: /api/auth/login/seller
[22:29:11 INF] Saved 1 entities to in-memory store.
    network.protocol.version: 1.1
    http.route: api/auth/login/seller
    server.address: localhost
    http.response.status_code: 200
    http.request.method: POST
    url.scheme: http
Instrumentation scope (ActivitySource):
    url.path: /api/auth/refresh
    Name: Microsoft.AspNetCore
[22:29:11 INF] Route matched with {action = "Preview", controller = "Checkout"}. Executing controller action with signature System.Threading.Tasks.Task`1[Microsoft.AspNetCore.Mvc.IActionResult] Preview(Urbeat.Application.DTOs.CheckoutRequestDto, System.Threading.CancellationToken) on controller Urbeat.WebApi.Controllers.CheckoutController (Urbeat.WebApi).
    network.protocol.version: 1.1
Resource associated with Activity:
    http.route: api/auth/refresh
[22:29:11 INF] Executed action method Urbeat.WebApi.Controllers.StoresController.UpdateStatus (Urbeat.WebApi), returned result Microsoft.AspNetCore.Mvc.OkObjectResult in 35.7857ms.
    telemetry.sdk.name: opentelemetry
    telemetry.sdk.language: dotnet
    http.response.status_code: 200
    telemetry.sdk.version: 1.14.0
Instrumentation scope (ActivitySource):
    service.name: unknown_service:testhost
    Name: Microsoft.AspNetCore
[22:29:11 INF] Route matched with {action = "RegisterSeller", controller = "Auth"}. Executing controller action with signature System.Threading.Tasks.Task`1[Microsoft.AspNetCore.Mvc.IActionResult] RegisterSeller(Urbeat.Application.DTOs.RegisterUserRequestDto, System.Threading.CancellationToken) on controller Urbeat.WebApi.Controllers.AuthController (Urbeat.WebApi).
Resource associated with Activity:
Activity.Kind:               Server
    telemetry.sdk.name: opentelemetry
Activity.StartTime:          2026-06-08T01:29:11.2733072Z
    telemetry.sdk.language: dotnet
Activity.Duration:           00:00:00.0689371
    telemetry.sdk.version: 1.14.0
Activity.Tags:
    service.name: unknown_service:testhost
[22:29:11 INF] Executed action Urbeat.WebApi.Controllers.AuthController.RegisterCustomer (Urbeat.WebApi) in 146.2492ms
    server.address: localhost
    http.request.method: GET
    url.scheme: http
    url.path: /api/public/stores/cbf1171c-3fc1-4cd2-8274-0cd4d69d1b21/catalog/categories
Activity.TraceId:            33871e35043ac337940d5fdee92b1279
    network.protocol.version: 1.1
Activity.SpanId:             eb1bed8d5c994095
Activity.TraceFlags:         Recorded
Activity.DisplayName:        POST api/auth/refresh
    http.route: api/public/stores/{storeId}/catalog/categories
[22:29:11 INF] Executed endpoint 'Urbeat.WebApi.Controllers.AuthController.RegisterCustomer (Urbeat.WebApi)'
    http.response.status_code: 200
Activity.Kind:               Server
Instrumentation scope (ActivitySource):
    Name: Microsoft.AspNetCore
Activity.StartTime:          2026-06-08T01:29:11.3113672Z
Resource associated with Activity:
Activity.Duration:           00:00:00.1090785
    telemetry.sdk.name: opentelemetry
Activity.Tags:
    telemetry.sdk.language: dotnet
    server.address: localhost
    telemetry.sdk.version: 1.14.0
    http.request.method: POST
    service.name: unknown_service:testhost
    url.scheme: http
    url.path: /api/auth/refresh
    network.protocol.version: 1.1
Activity.TraceId:            4cc0b6616bf6590310ed2c61ab809dcf
    http.route: api/auth/refresh
Activity.SpanId:             297342234acb1491
    http.response.status_code: 200
Activity.TraceFlags:         Recorded
[22:29:11 INF] Executing OkObjectResult, writing value of type 'Urbeat.Application.DTOs.StoreResponseDto'.
Activity.DisplayName:        GET api/public/stores/{storeId}/catalog/categories
Instrumentation scope (ActivitySource):
Activity.Kind:               Server
    Name: Microsoft.AspNetCore
Resource associated with Activity:
[22:29:11 INF] HTTP POST /api/auth/register/customer responded 201 in 146.6073 ms
Activity.StartTime:          2026-06-08T01:29:11.2733072Z
    telemetry.sdk.name: opentelemetry
[22:29:11 INF] Saved 1 entities to in-memory store.
    telemetry.sdk.language: dotnet
    telemetry.sdk.version: 1.14.0
    service.name: unknown_service:testhost
[22:29:11 INF] Saved 1 entities to in-memory store.
[22:29:11 INF] EMAIL_ALREADY_CONFIRMED | Already confirmed | UserId=019ea4d9-178e-7337-914e-a8e009c47d29
[22:29:11 INF] SellerRegistered | Registration succeeded | UserId=019ea4d9-17b9-7b58-bb3b-f04a00c7b697 | Email=catalog.flow.6362fbb14a7048e8b8cf1fdd9ddc4f3c@urbeat.local | Role=Seller
Activity.TraceId:            8e03d635a95d237b93ded55d5bf9842f
Activity.SpanId:             75931cef5a2c1195
    network.protocol.version: 1.1
Activity.TraceFlags:         Recorded
    http.route: api/stores/{storeId}/delivery-config
Activity.DisplayName:        POST api/auth/login/seller
    http.response.status_code: 200
[22:29:11 INF] Saved 1 entities to in-memory store.
Instrumentation scope (ActivitySource):
    Name: Microsoft.AspNetCore
[22:29:11 INF] EMAIL_CONFIRM_JOB_COMPLETED | Job completed | UserId=019ea4d9-178e-7337-914e-a8e009c47d29
Resource associated with Activity:
    telemetry.sdk.name: opentelemetry
    telemetry.sdk.language: dotnet
    telemetry.sdk.version: 1.14.0
    service.name: unknown_service:testhost
[22:29:11 INF] Executed action Urbeat.WebApi.Controllers.StoresController.UpdateStatus (Urbeat.WebApi) in 74.2311ms
[22:29:11 INF] Request finished HTTP/1.1 POST http://localhost/api/auth/register/customer - 201 null application/json; charset=utf-8 183.0624ms
Activity.Duration:           00:00:00.0689371
Activity.Tags:
    server.address: localhost
    http.request.method: GET
    url.scheme: http
    url.path: /api/public/stores/cbf1171c-3fc1-4cd2-8274-0cd4d69d1b21/catalog/categories
[22:29:11 INF] Executed endpoint 'Urbeat.WebApi.Controllers.StoresController.UpdateStatus (Urbeat.WebApi)'
    network.protocol.version: 1.1
    http.route: api/public/stores/{storeId}/catalog/categories
    http.response.status_code: 200
Instrumentation scope (ActivitySource):
    Name: Microsoft.AspNetCore
Resource associated with Activity:
    telemetry.sdk.name: opentelemetry
    telemetry.sdk.language: dotnet
    telemetry.sdk.version: 1.14.0
    service.name: unknown_service:testhost
Activity.TraceId:            4cc0b6616bf6590310ed2c61ab809dcf
Activity.SpanId:             297342234acb1491
Activity.TraceFlags:         Recorded
[22:29:11 INF] HTTP PATCH /api/stores/019ea4d9-178f-73aa-9b7f-23eaf064d6d0/status responded 200 in 74.7432 ms
Activity.DisplayName:        GET api/public/stores/{storeId}/catalog/categories
Activity.Kind:               Server
Activity.StartTime:          2026-06-08T01:29:11.2733072Z
Activity.Duration:           00:00:00.0689371
Activity.TraceId:            f669266225bd2df02987eb44912a4325
Activity.Tags:
Activity.SpanId:             0b38c61219678404
    server.address: localhost
Activity.TraceFlags:         Recorded
    http.request.method: GET
Activity.DisplayName:        POST api/auth/register/customer
    url.scheme: http
Activity.Kind:               Server
Activity.StartTime:          2026-06-08T01:29:11.2727959Z
Activity.Duration:           00:00:00.1831672
Activity.Tags:
    server.address: localhost
    http.request.method: POST
    url.scheme: http
    url.path: /api/auth/register/customer
    network.protocol.version: 1.1
    http.route: api/auth/register/customer
Activity.TraceId:            33871e35043ac337940d5fdee92b1279
    http.response.status_code: 201
Activity.SpanId:             eb1bed8d5c994095
Instrumentation scope (ActivitySource):
Activity.TraceFlags:         Recorded
    Name: Microsoft.AspNetCore
Activity.DisplayName:        POST api/auth/refresh
Resource associated with Activity:
Activity.Kind:               Server
Activity.StartTime:          2026-06-08T01:29:11.3113672Z
[22:29:11 INF] Request finished HTTP/1.1 PATCH http://localhost/api/stores/019ea4d9-178f-73aa-9b7f-23eaf064d6d0/status - 200 null application/json; charset=utf-8 111.054ms
    telemetry.sdk.name: opentelemetry
Activity.Duration:           00:00:00.1090785
    telemetry.sdk.language: dotnet
    telemetry.sdk.version: 1.14.0
Activity.Tags:
    service.name: unknown_service:testhost
    server.address: localhost
    http.request.method: POST
Activity.Kind:               Server
Activity.TraceId:            f669266225bd2df02987eb44912a4325
    url.scheme: http
Activity.SpanId:             0b38c61219678404
Activity.StartTime:          2026-06-08T01:29:11.0789199Z
Activity.TraceFlags:         Recorded
Activity.Duration:           00:00:00.2303082
Activity.DisplayName:        POST api/auth/register/customer
Activity.Tags:
[22:29:11 INF] Saved 1 entities to in-memory store.
    server.address: localhost
Activity.Kind:               Server
    http.request.method: POST
Activity.StartTime:          2026-06-08T01:29:11.2727959Z
    url.scheme: http
Activity.Duration:           00:00:00.1831672
    url.path: /api/auth/login/seller
    network.protocol.version: 1.1
Activity.Tags:
    http.route: api/auth/login/seller
    server.address: localhost
    http.response.status_code: 200
    http.request.method: POST
Instrumentation scope (ActivitySource):
    url.scheme: http
    url.path: /api/auth/register/customer
    network.protocol.version: 1.1
    http.route: api/auth/register/customer
    Name: Microsoft.AspNetCore
    http.response.status_code: 201
Resource associated with Activity:
Instrumentation scope (ActivitySource):
    Name: Microsoft.AspNetCore
    telemetry.sdk.name: opentelemetry
Resource associated with Activity:
    telemetry.sdk.language: dotnet
    telemetry.sdk.name: opentelemetry
    url.path: /api/public/stores/cbf1171c-3fc1-4cd2-8274-0cd4d69d1b21/catalog/categories
    telemetry.sdk.language: dotnet
    network.protocol.version: 1.1
    http.route: api/public/stores/{storeId}/catalog/categories
    telemetry.sdk.version: 1.14.0
    http.response.status_code: 200
    service.name: unknown_service:testhost
Instrumentation scope (ActivitySource):
    Name: Microsoft.AspNetCore
    url.path: /api/auth/refresh
Resource associated with Activity:
    network.protocol.version: 1.1
    telemetry.sdk.name: opentelemetry
    http.route: api/auth/refresh
    telemetry.sdk.language: dotnet
    http.response.status_code: 200
    telemetry.sdk.version: 1.14.0
Instrumentation scope (ActivitySource):
    service.name: unknown_service:testhost
    Name: Microsoft.AspNetCore
Resource associated with Activity:
Activity.TraceId:            4cc0b6616bf6590310ed2c61ab809dcf
    telemetry.sdk.name: opentelemetry
Activity.SpanId:             297342234acb1491
    telemetry.sdk.language: dotnet
Activity.TraceId:            a8ff1f720ce675c73911ce3bfde37b9d
Activity.TraceFlags:         Recorded
    telemetry.sdk.version: 1.14.0
Activity.DisplayName:        GET api/public/stores/{storeId}/catalog/categories
Activity.SpanId:             e19133da8d662703
Activity.Kind:               Server
    service.name: unknown_service:testhost
Activity.TraceFlags:         Recorded
Activity.DisplayName:        PATCH api/stores/{storeId}/status
Activity.StartTime:          2026-06-08T01:29:11.2733072Z
Activity.Kind:               Server
Activity.Duration:           00:00:00.0689371
Activity.TraceId:            33871e35043ac337940d5fdee92b1279
Activity.Tags:
Activity.StartTime:          2026-06-08T01:29:11.3450552Z
    server.address: localhost
Activity.Duration:           00:00:00.1111123
    http.request.method: GET
Activity.Tags:
[22:29:11 INF] Executing action method Urbeat.WebApi.Controllers.AuthController.RegisterSeller (Urbeat.WebApi) - Validation state: Valid
    server.address: localhost
    http.request.method: PATCH
    url.scheme: http
    url.path: /api/stores/019ea4d9-178f-73aa-9b7f-23eaf064d6d0/status
    network.protocol.version: 1.1
    http.route: api/stores/{storeId}/status
    http.response.status_code: 200
Instrumentation scope (ActivitySource):
    Name: Microsoft.AspNetCore
Resource associated with Activity:
Activity.TraceId:            8e03d635a95d237b93ded55d5bf9842f
    telemetry.sdk.name: opentelemetry
Activity.SpanId:             75931cef5a2c1195
Activity.TraceFlags:         Recorded
    telemetry.sdk.language: dotnet
    telemetry.sdk.version: 1.14.0
Activity.DisplayName:        POST api/auth/login/seller
    telemetry.sdk.version: 1.14.0
Activity.Kind:               Server
    service.name: unknown_service:testhost
[22:29:11 INF] Saved 7 entities to in-memory store.
Activity.SpanId:             eb1bed8d5c994095
[22:29:11 INF] Request starting HTTP/1.1 POST http://localhost/api/auth/login/customer - application/json; charset=utf-8 null
Activity.TraceId:            6b1933ac032a12b67b3dbf960439a168
Activity.SpanId:             713738ec91bc758e
    url.scheme: http
Activity.TraceFlags:         Recorded
    url.path: /api/public/stores/cbf1171c-3fc1-4cd2-8274-0cd4d69d1b21/catalog/categories
Activity.DisplayName:        POST api/customer/addresses
    network.protocol.version: 1.1
Activity.Kind:               Server
    http.route: api/public/stores/{storeId}/catalog/categories
Activity.StartTime:          2026-06-08T01:29:11.2078046Z
    http.response.status_code: 200
Activity.Duration:           00:00:00.1744465
Activity.Tags:
    server.address: localhost
    http.request.method: POST
Instrumentation scope (ActivitySource):
    url.scheme: http
    Name: Microsoft.AspNetCore
    url.path: /api/customer/addresses
Resource associated with Activity:
    network.protocol.version: 1.1
    telemetry.sdk.name: opentelemetry
    http.route: api/customer/addresses
    telemetry.sdk.language: dotnet
Activity.TraceId:            a8ff1f720ce675c73911ce3bfde37b9d
    telemetry.sdk.version: 1.14.0
    http.response.status_code: 201
    service.name: unknown_service:testhost
Instrumentation scope (ActivitySource):
    Name: Microsoft.AspNetCore
    service.name: unknown_service:testhost
Resource associated with Activity:
    telemetry.sdk.name: opentelemetry
Activity.StartTime:          2026-06-08T01:29:11.0789199Z
Activity.TraceId:            f669266225bd2df02987eb44912a4325
Activity.Duration:           00:00:00.2303082
Activity.SpanId:             0b38c61219678404
Activity.Tags:
    telemetry.sdk.language: dotnet
    server.address: localhost
Activity.TraceFlags:         Recorded
    http.request.method: POST
    telemetry.sdk.version: 1.14.0
    url.scheme: http
    service.name: unknown_service:testhost
    url.path: /api/auth/login/seller
Activity.DisplayName:        POST api/auth/register/customer
    network.protocol.version: 1.1
Activity.Kind:               Server
    http.route: api/auth/login/seller
Activity.StartTime:          2026-06-08T01:29:11.2727959Z
    http.response.status_code: 200
Activity.TraceId:            d33623dc4b47080b573ab39112ff81f9
Instrumentation scope (ActivitySource):
Activity.TraceFlags:         Recorded
Activity.SpanId:             25fcacd836f2e675
Activity.Duration:           00:00:00.1831672
Activity.DisplayName:        POST api/auth/refresh
Activity.TraceFlags:         Recorded
Activity.Tags:
Activity.Kind:               Server
    server.address: localhost
Activity.DisplayName:        GET api/stores/{storeId}/categories
Activity.StartTime:          2026-06-08T01:29:11.3113672Z
    http.request.method: POST
Activity.Kind:               Server
    url.scheme: http
Activity.Duration:           00:00:00.1090785
Activity.StartTime:          2026-06-08T01:29:11.3434482Z
    url.path: /api/auth/register/customer
    network.protocol.version: 1.1
Activity.Duration:           00:00:00.0388403
    http.route: api/auth/register/customer
Activity.Tags:
Activity.Tags:
    http.response.status_code: 201
    server.address: localhost
Instrumentation scope (ActivitySource):
    http.request.method: GET
    server.address: localhost
    http.request.method: POST
    Name: Microsoft.AspNetCore
    url.scheme: http
    url.scheme: http
    url.path: /api/auth/refresh
    url.path: /api/stores/019ea4d9-16a6-7726-9a57-230ff2b5f978/categories
Resource associated with Activity:
    network.protocol.version: 1.1
    telemetry.sdk.name: opentelemetry
    network.protocol.version: 1.1
    http.route: api/auth/refresh
    http.route: api/stores/{storeId}/categories
    http.response.status_code: 200
    http.response.status_code: 200
    telemetry.sdk.language: dotnet
Instrumentation scope (ActivitySource):
Instrumentation scope (ActivitySource):
    telemetry.sdk.version: 1.14.0
    Name: Microsoft.AspNetCore
    Name: Microsoft.AspNetCore
    service.name: unknown_service:testhost
Resource associated with Activity:
Resource associated with Activity:
    telemetry.sdk.name: opentelemetry
    telemetry.sdk.name: opentelemetry
    telemetry.sdk.language: dotnet
    telemetry.sdk.language: dotnet
    telemetry.sdk.version: 1.14.0
[22:29:11 INF] Executing ObjectResult, writing value of type '<>f__AnonymousType2`3[[System.Nullable`1[[System.Guid, System.Private.CoreLib, Version=9.0.0.0, Culture=neutral, PublicKeyToken=7cec85d7bea7798e]], System.Private.CoreLib, Version=9.0.0.0, Culture=neutral, PublicKeyToken=7cec85d7bea7798e],[System.Boolean, System.Private.CoreLib, Version=9.0.0.0, Culture=neutral, PublicKeyToken=7cec85d7bea7798e],[System.String, System.Private.CoreLib, Version=9.0.0.0, Culture=neutral, PublicKeyToken=7cec85d7bea7798e]]'.
    service.name: unknown_service:testhost
    telemetry.sdk.version: 1.14.0
    service.name: unknown_service:testhost
Activity.TraceId:            6b1933ac032a12b67b3dbf960439a168
Activity.TraceId:            f669266225bd2df02987eb44912a4325
Activity.SpanId:             713738ec91bc758e
Activity.SpanId:             0b38c61219678404
    Name: Microsoft.AspNetCore
Activity.TraceFlags:         Recorded
Activity.TraceFlags:         Recorded
Activity.DisplayName:        POST api/auth/register/customer
Activity.DisplayName:        POST api/customer/addresses
Resource associated with Activity:
Activity.Kind:               Server
Activity.Kind:               Server
    telemetry.sdk.name: opentelemetry
Activity.StartTime:          2026-06-08T01:29:11.2078046Z
Activity.StartTime:          2026-06-08T01:29:11.2727959Z
    telemetry.sdk.language: dotnet
Activity.Duration:           00:00:00.1831672
    telemetry.sdk.version: 1.14.0
Activity.Duration:           00:00:00.1744465
Activity.Tags:
    service.name: unknown_service:testhost
    server.address: localhost
[22:29:11 INF] Executing endpoint 'Urbeat.WebApi.Controllers.AuthController.LoginCustomer (Urbeat.WebApi)'
    http.request.method: POST
Activity.Tags:
Activity.TraceId:            8e03d635a95d237b93ded55d5bf9842f
    url.scheme: http
    server.address: localhost
Activity.SpanId:             75931cef5a2c1195
    http.request.method: POST
    url.path: /api/auth/register/customer
Activity.TraceFlags:         Recorded
    network.protocol.version: 1.1
Activity.DisplayName:        POST api/auth/login/seller
    url.scheme: http
Activity.Kind:               Server
    http.route: api/auth/register/customer
    url.path: /api/customer/addresses
Activity.TraceId:            33871e35043ac337940d5fdee92b1279
    http.response.status_code: 201
Activity.StartTime:          2026-06-08T01:29:11.0789199Z
Activity.SpanId:             eb1bed8d5c994095
Activity.Duration:           00:00:00.2303082
Instrumentation scope (ActivitySource):
Activity.Tags:
Activity.TraceFlags:         Recorded
    server.address: localhost
    network.protocol.version: 1.1
    Name: Microsoft.AspNetCore
    http.route: api/customer/addresses
Resource associated with Activity:
Activity.DisplayName:        POST api/auth/refresh
    telemetry.sdk.name: opentelemetry
    http.response.status_code: 201
    telemetry.sdk.language: dotnet
Instrumentation scope (ActivitySource):
    http.request.method: POST
    telemetry.sdk.version: 1.14.0
Activity.Kind:               Server
    url.scheme: http
    service.name: unknown_service:testhost
Activity.StartTime:          2026-06-08T01:29:11.3113672Z
    url.path: /api/auth/login/seller
    network.protocol.version: 1.1
    http.route: api/auth/login/seller
    http.response.status_code: 200
Instrumentation scope (ActivitySource):
    Name: Microsoft.AspNetCore
Resource associated with Activity:
    telemetry.sdk.name: opentelemetry
    telemetry.sdk.language: dotnet
[22:29:11 INF] Request starting HTTP/1.1 PATCH http://localhost/api/stores/019ea4d9-178f-73aa-9b7f-23eaf064d6d0/delivery-config - application/json; charset=utf-8 null
    telemetry.sdk.version: 1.14.0
    service.name: unknown_service:testhost
Activity.Duration:           00:00:00.1090785
Activity.SpanId:             e19133da8d662703
Activity.TraceId:            8e03d635a95d237b93ded55d5bf9842f
    Name: Microsoft.AspNetCore
Activity.TraceFlags:         Recorded
Activity.SpanId:             75931cef5a2c1195
Activity.DisplayName:        PATCH api/stores/{storeId}/status
Resource associated with Activity:
Activity.TraceFlags:         Recorded
Activity.Kind:               Server
Activity.DisplayName:        POST api/auth/login/seller
    telemetry.sdk.name: opentelemetry
Activity.Kind:               Server
    telemetry.sdk.language: dotnet
Activity.StartTime:          2026-06-08T01:29:11.3450552Z
Activity.StartTime:          2026-06-08T01:29:11.0789199Z
[22:29:11 INF] Saved 1 entities to in-memory store.
Activity.Duration:           00:00:00.1111123
Activity.Duration:           00:00:00.2303082
Activity.Tags:
Activity.Tags:
[22:29:11 INF] EMAIL_CONFIRM_JOB_STARTED | Sending confirmation email | UserId=019ea4d9-17b9-7b58-bb3b-f04a00c7b697
    server.address: localhost
    server.address: localhost
    http.request.method: PATCH
Activity.Tags:
[22:29:11 INF] Route matched with {action = "LoginCustomer", controller = "Auth"}. Executing controller action with signature System.Threading.Tasks.Task`1[Microsoft.AspNetCore.Mvc.IActionResult] LoginCustomer(Urbeat.Application.DTOs.LoginRequestDto, System.Threading.CancellationToken) on controller Urbeat.WebApi.Controllers.AuthController (Urbeat.WebApi).
    server.address: localhost
[22:29:11 INF] HTTP POST /api/auth/register/seller responded 201 in 107.7243 ms
    http.request.method: POST
    url.scheme: http
    url.path: /api/auth/refresh
    telemetry.sdk.version: 1.14.0
    network.protocol.version: 1.1
    service.name: unknown_service:testhost
    http.route: api/auth/refresh
    http.response.status_code: 200
    http.request.method: POST
Instrumentation scope (ActivitySource):
    url.scheme: http
    Name: Microsoft.AspNetCore
    url.path: /api/auth/login/seller
Resource associated with Activity:
    network.protocol.version: 1.1
Activity.TraceId:            d33623dc4b47080b573ab39112ff81f9
    http.route: api/auth/login/seller
Activity.SpanId:             25fcacd836f2e675
    telemetry.sdk.name: opentelemetry
    http.response.status_code: 200
    telemetry.sdk.language: dotnet
Activity.TraceFlags:         Recorded
Instrumentation scope (ActivitySource):
    telemetry.sdk.version: 1.14.0
    Name: Microsoft.AspNetCore
    service.name: unknown_service:testhost
Resource associated with Activity:
Activity.DisplayName:        GET api/stores/{storeId}/categories
    telemetry.sdk.name: opentelemetry
Activity.Kind:               Server
    telemetry.sdk.language: dotnet
    telemetry.sdk.version: 1.14.0
Activity.StartTime:          2026-06-08T01:29:11.3434482Z
    service.name: unknown_service:testhost
Activity.Duration:           00:00:00.0388403
Activity.TraceId:            6b1933ac032a12b67b3dbf960439a168
Activity.TraceId:            33871e35043ac337940d5fdee92b1279
Activity.SpanId:             713738ec91bc758e
Activity.Tags:
Activity.SpanId:             eb1bed8d5c994095
    server.address: localhost
Activity.TraceFlags:         Recorded
Activity.TraceFlags:         Recorded
Activity.DisplayName:        POST api/customer/addresses
    http.request.method: GET
    url.scheme: http
    url.path: /api/stores/019ea4d9-16a6-7726-9a57-230ff2b5f978/categories
Activity.Kind:               Server
    network.protocol.version: 1.1
Activity.DisplayName:        POST api/auth/refresh
    http.route: api/stores/{storeId}/categories
Activity.Kind:               Server
    http.response.status_code: 200
Activity.StartTime:          2026-06-08T01:29:11.2078046Z
Activity.StartTime:          2026-06-08T01:29:11.3113672Z
Activity.Duration:           00:00:00.1744465
Instrumentation scope (ActivitySource):
Activity.Tags:
Activity.Duration:           00:00:00.1090785
    server.address: localhost
Activity.Tags:
    http.request.method: POST
    Name: Microsoft.AspNetCore
Resource associated with Activity:
    server.address: localhost
    http.request.method: POST
    url.scheme: http
    telemetry.sdk.name: opentelemetry
    url.path: /api/customer/addresses
    telemetry.sdk.language: dotnet
    url.scheme: http
    network.protocol.version: 1.1
    url.path: /api/auth/refresh
    http.route: api/customer/addresses
    telemetry.sdk.version: 1.14.0
    http.response.status_code: 201
    network.protocol.version: 1.1
    http.route: api/auth/refresh
Instrumentation scope (ActivitySource):
    http.response.status_code: 200
    service.name: unknown_service:testhost
    Name: Microsoft.AspNetCore
Instrumentation scope (ActivitySource):
    Name: Microsoft.AspNetCore
Resource associated with Activity:
Resource associated with Activity:
    telemetry.sdk.name: opentelemetry
    telemetry.sdk.name: opentelemetry
    telemetry.sdk.language: dotnet
    telemetry.sdk.language: dotnet
    telemetry.sdk.version: 1.14.0
Activity.TraceId:            f669266225bd2df02987eb44912a4325
    telemetry.sdk.version: 1.14.0
Activity.SpanId:             0b38c61219678404
    service.name: unknown_service:testhost
    service.name: unknown_service:testhost
Activity.TraceId:            33871e35043ac337940d5fdee92b1279
Activity.TraceFlags:         Recorded
Activity.SpanId:             eb1bed8d5c994095
Activity.TraceFlags:         Recorded
Activity.DisplayName:        POST api/auth/refresh
Activity.Kind:               Server
Activity.StartTime:          2026-06-08T01:29:11.3113672Z
Activity.TraceId:            6b1933ac032a12b67b3dbf960439a168
Activity.SpanId:             713738ec91bc758e
Activity.Duration:           00:00:00.1090785
Activity.DisplayName:        POST api/auth/register/customer
Activity.Tags:
Activity.TraceFlags:         Recorded
    server.address: localhost
Activity.DisplayName:        POST api/customer/addresses
    http.request.method: POST
Activity.Kind:               Server
    url.scheme: http
Activity.Kind:               Server
Activity.TraceId:            d33623dc4b47080b573ab39112ff81f9
[22:29:11 INF] Executing action method Urbeat.WebApi.Controllers.CheckoutController.Preview (Urbeat.WebApi) - Validation state: Valid
Activity.SpanId:             25fcacd836f2e675
Activity.TraceFlags:         Recorded
Activity.DisplayName:        GET api/stores/{storeId}/categories
Activity.Kind:               Server
[22:29:11 INF] Executed action method Urbeat.WebApi.Controllers.StoreProductsController.Create (Urbeat.WebApi), returned result Microsoft.AspNetCore.Mvc.ObjectResult in 86.3103ms.
Activity.StartTime:          2026-06-08T01:29:11.3434482Z
Activity.Duration:           00:00:00.0388403
Activity.Tags:
    server.address: localhost
    http.request.method: GET
    url.scheme: http
    url.path: /api/stores/019ea4d9-16a6-7726-9a57-230ff2b5f978/categories
    network.protocol.version: 1.1
    http.route: api/stores/{storeId}/categories
    http.response.status_code: 200
Instrumentation scope (ActivitySource):
    Name: Microsoft.AspNetCore
Resource associated with Activity:
    telemetry.sdk.name: opentelemetry
    telemetry.sdk.language: dotnet
    telemetry.sdk.version: 1.14.0
    service.name: unknown_service:testhost
    url.scheme: http
    url.path: /api/stores/019ea4d9-178f-73aa-9b7f-23eaf064d6d0/status
    url.path: /api/auth/refresh
    network.protocol.version: 1.1
    network.protocol.version: 1.1
    http.route: api/stores/{storeId}/status
    http.route: api/auth/refresh
    http.response.status_code: 200
    http.response.status_code: 200
Instrumentation scope (ActivitySource):
    Name: Microsoft.AspNetCore
Instrumentation scope (ActivitySource):
Resource associated with Activity:
    Name: Microsoft.AspNetCore
    telemetry.sdk.name: opentelemetry
Resource associated with Activity:
Activity.StartTime:          2026-06-08T01:29:11.2727959Z
    telemetry.sdk.language: dotnet
[22:29:11 INF] Executing endpoint 'Urbeat.WebApi.Controllers.StoresController.UpdateDeliveryConfig (Urbeat.WebApi)'
Activity.StartTime:          2026-06-08T01:29:11.2078046Z
Activity.Duration:           00:00:00.1744465
    telemetry.sdk.name: opentelemetry
Activity.Tags:
    telemetry.sdk.language: dotnet
    server.address: localhost
    telemetry.sdk.version: 1.14.0
    service.name: unknown_service:testhost
    http.request.method: POST
Activity.TraceId:            33871e35043ac337940d5fdee92b1279
[22:29:11 INF] Executing ObjectResult, writing value of type 'Urbeat.Application.DTOs.ProductResponseDto'.
    url.scheme: http
Activity.SpanId:             eb1bed8d5c994095
    url.path: /api/customer/addresses
    network.protocol.version: 1.1
Activity.TraceFlags:         Recorded
    http.route: api/customer/addresses
Activity.DisplayName:        POST api/auth/refresh
    http.response.status_code: 201
Activity.Kind:               Server
Instrumentation scope (ActivitySource):
    Name: Microsoft.AspNetCore
Activity.StartTime:          2026-06-08T01:29:11.3113672Z
Resource associated with Activity:
Activity.Duration:           00:00:00.1090785
    telemetry.sdk.name: opentelemetry
Activity.Tags:
    telemetry.sdk.language: dotnet
[22:29:11 INF] Route matched with {action = "UpdateDeliveryConfig", controller = "Stores"}. Executing controller action with signature System.Threading.Tasks.Task`1[Microsoft.AspNetCore.Mvc.IActionResult] UpdateDeliveryConfig(System.Guid, Urbeat.Application.DTOs.UpdateStoreDeliveryConfigRequestDto, System.Threading.CancellationToken) on controller Urbeat.WebApi.Controllers.StoresController (Urbeat.WebApi).
    telemetry.sdk.version: 1.14.0
[22:29:11 INF] Executed action method Urbeat.WebApi.Controllers.CheckoutController.Preview (Urbeat.WebApi), returned result Microsoft.AspNetCore.Mvc.BadRequestObjectResult in 0.2125ms.
    service.name: unknown_service:testhost
Activity.TraceId:            6b1933ac032a12b67b3dbf960439a168
Activity.SpanId:             713738ec91bc758e
Activity.TraceId:            d33623dc4b47080b573ab39112ff81f9
Activity.TraceFlags:         Recorded
Activity.SpanId:             25fcacd836f2e675
Activity.DisplayName:        POST api/customer/addresses
Activity.TraceFlags:         Recorded
Activity.Kind:               Server
Activity.DisplayName:        GET api/stores/{storeId}/categories
Activity.Kind:               Server
Activity.StartTime:          2026-06-08T01:29:11.2078046Z
Activity.Duration:           00:00:00.1744465
Activity.Tags:
Activity.StartTime:          2026-06-08T01:29:11.3434482Z
    server.address: localhost
Activity.Duration:           00:00:00.0388403
    http.request.method: POST
Activity.Tags:
    url.scheme: http
    server.address: localhost
    url.path: /api/customer/addresses
    http.request.method: GET
    url.scheme: http
    url.path: /api/stores/019ea4d9-16a6-7726-9a57-230ff2b5f978/categories
    network.protocol.version: 1.1
    http.route: api/customer/addresses
    network.protocol.version: 1.1
    http.response.status_code: 201
Instrumentation scope (ActivitySource):
    Name: Microsoft.AspNetCore
    http.route: api/stores/{storeId}/categories
    http.response.status_code: 200
Resource associated with Activity:
Instrumentation scope (ActivitySource):
    telemetry.sdk.name: opentelemetry
    telemetry.sdk.language: dotnet
    telemetry.sdk.version: 1.14.0
    Name: Microsoft.AspNetCore
    service.name: unknown_service:testhost
Resource associated with Activity:
    telemetry.sdk.name: opentelemetry
    telemetry.sdk.language: dotnet
    telemetry.sdk.version: 1.14.0
    service.name: unknown_service:testhost
Activity.TraceId:            d33623dc4b47080b573ab39112ff81f9
Activity.SpanId:             25fcacd836f2e675
Activity.TraceFlags:         Recorded
Activity.DisplayName:        GET api/stores/{storeId}/categories
Activity.Kind:               Server
Activity.StartTime:          2026-06-08T01:29:11.3434482Z
[22:29:11 INF] Executing BadRequestObjectResult, writing value of type 'Microsoft.AspNetCore.Mvc.ValidationProblemDetails'.
Activity.Duration:           00:00:00.0388403
Activity.Tags:
    server.address: localhost
    http.request.method: GET
    url.scheme: http
    url.path: /api/stores/019ea4d9-16a6-7726-9a57-230ff2b5f978/categories
    network.protocol.version: 1.1
    http.route: api/stores/{storeId}/categories
    http.response.status_code: 200
Instrumentation scope (ActivitySource):
    Name: Microsoft.AspNetCore
Resource associated with Activity:
    telemetry.sdk.name: opentelemetry
    telemetry.sdk.language: dotnet
    telemetry.sdk.version: 1.14.0
    service.name: unknown_service:testhost
    telemetry.sdk.version: 1.14.0
    service.name: unknown_service:testhost
Activity.Duration:           00:00:00.1831672
[22:29:11 INF] Executing action method Urbeat.WebApi.Controllers.AuthController.LoginCustomer (Urbeat.WebApi) - Validation state: Valid
Activity.Tags:
    server.address: localhost
    http.request.method: POST
    server.address: localhost
    url.scheme: http
    http.request.method: POST
Activity.TraceId:            a8ff1f720ce675c73911ce3bfde37b9d
    url.path: /api/auth/register/customer
    network.protocol.version: 1.1
Activity.SpanId:             e19133da8d662703
    http.route: api/auth/register/customer
Activity.TraceFlags:         Recorded
    http.response.status_code: 201
Activity.DisplayName:        PATCH api/stores/{storeId}/status
Instrumentation scope (ActivitySource):
    Name: Microsoft.AspNetCore
Activity.Kind:               Server
Resource associated with Activity:
Activity.StartTime:          2026-06-08T01:29:11.3450552Z
    url.scheme: http
Activity.Duration:           00:00:00.1111123
    url.path: /api/auth/refresh
    network.protocol.version: 1.1
Activity.Tags:
    telemetry.sdk.name: opentelemetry
    server.address: localhost
    http.route: api/auth/refresh
    http.request.method: PATCH
    http.response.status_code: 200
    telemetry.sdk.language: dotnet
Instrumentation scope (ActivitySource):
    telemetry.sdk.version: 1.14.0
    url.scheme: http
    service.name: unknown_service:testhost
    url.path: /api/stores/019ea4d9-178f-73aa-9b7f-23eaf064d6d0/status
    Name: Microsoft.AspNetCore
    network.protocol.version: 1.1
Resource associated with Activity:
    http.route: api/stores/{storeId}/status
Activity.TraceId:            f669266225bd2df02987eb44912a4325
    telemetry.sdk.name: opentelemetry
Activity.SpanId:             0b38c61219678404
    http.response.status_code: 200
    telemetry.sdk.language: dotnet
Activity.TraceFlags:         Recorded
    telemetry.sdk.version: 1.14.0
Activity.DisplayName:        POST api/auth/register/customer
Instrumentation scope (ActivitySource):
    Name: Microsoft.AspNetCore
    service.name: unknown_service:testhost
Activity.Kind:               Server
Resource associated with Activity:
Activity.StartTime:          2026-06-08T01:29:11.2727959Z
    telemetry.sdk.name: opentelemetry
Activity.Duration:           00:00:00.1831672
    telemetry.sdk.language: dotnet
Activity.Tags:
    telemetry.sdk.version: 1.14.0
    service.name: unknown_service:testhost
    server.address: localhost
    http.request.method: POST
    url.scheme: http
    url.path: /api/auth/register/customer
Activity.TraceId:            a8ff1f720ce675c73911ce3bfde37b9d
    network.protocol.version: 1.1
Activity.SpanId:             e19133da8d662703
    http.route: api/auth/register/customer
Activity.TraceFlags:         Recorded
    http.response.status_code: 201
Activity.DisplayName:        PATCH api/stores/{storeId}/status
Instrumentation scope (ActivitySource):
    Name: Microsoft.AspNetCore
Resource associated with Activity:
Activity.Kind:               Server
    telemetry.sdk.name: opentelemetry
Activity.StartTime:          2026-06-08T01:29:11.3450552Z
Activity.Duration:           00:00:00.1111123
Activity.Tags:
    server.address: localhost
    telemetry.sdk.language: dotnet
    telemetry.sdk.version: 1.14.0
    http.request.method: PATCH
    service.name: unknown_service:testhost
    url.scheme: http
Activity.TraceId:            f669266225bd2df02987eb44912a4325
    url.path: /api/stores/019ea4d9-178f-73aa-9b7f-23eaf064d6d0/status
Activity.SpanId:             0b38c61219678404
    network.protocol.version: 1.1
    http.route: api/stores/{storeId}/status
Activity.TraceFlags:         Recorded
    http.response.status_code: 200
Activity.DisplayName:        POST api/auth/register/customer
Instrumentation scope (ActivitySource):
Activity.Kind:               Server
    Name: Microsoft.AspNetCore
Activity.StartTime:          2026-06-08T01:29:11.2727959Z
Activity.Duration:           00:00:00.1831672
Activity.Tags:
Resource associated with Activity:
    server.address: localhost
    http.request.method: POST
    telemetry.sdk.name: opentelemetry
    url.scheme: http
    telemetry.sdk.language: dotnet
    url.path: /api/auth/register/customer
    telemetry.sdk.version: 1.14.0
    network.protocol.version: 1.1
    http.route: api/auth/register/customer
    service.name: unknown_service:testhost
    http.response.status_code: 201
Instrumentation scope (ActivitySource):
Activity.TraceId:            a8ff1f720ce675c73911ce3bfde37b9d
Activity.SpanId:             e19133da8d662703
    Name: Microsoft.AspNetCore
Resource associated with Activity:
Activity.TraceFlags:         Recorded
Activity.DisplayName:        PATCH api/stores/{storeId}/status
    telemetry.sdk.name: opentelemetry
    telemetry.sdk.language: dotnet
Activity.Kind:               Server
    telemetry.sdk.version: 1.14.0
    service.name: unknown_service:testhost
Activity.StartTime:          2026-06-08T01:29:11.3450552Z
Activity.Duration:           00:00:00.1111123
Activity.TraceId:            f669266225bd2df02987eb44912a4325
Activity.SpanId:             0b38c61219678404
Activity.TraceFlags:         Recorded
Activity.Tags:
Activity.DisplayName:        POST api/auth/register/customer
    server.address: localhost
Activity.Kind:               Server
    http.request.method: PATCH
Activity.StartTime:          2026-06-08T01:29:11.2727959Z
Activity.Duration:           00:00:00.1831672
    url.scheme: http
Activity.Tags:
    url.path: /api/stores/019ea4d9-178f-73aa-9b7f-23eaf064d6d0/status
    server.address: localhost
    network.protocol.version: 1.1
    http.request.method: POST
    http.route: api/stores/{storeId}/status
    url.scheme: http
    http.response.status_code: 200
    url.path: /api/auth/register/customer
Instrumentation scope (ActivitySource):
    Name: Microsoft.AspNetCore
Resource associated with Activity:
    telemetry.sdk.name: opentelemetry
    telemetry.sdk.language: dotnet
    telemetry.sdk.version: 1.14.0
    network.protocol.version: 1.1
    service.name: unknown_service:testhost
    http.route: api/auth/register/customer
Activity.TraceId:            a8ff1f720ce675c73911ce3bfde37b9d
[22:29:11 INF] EMAIL_LOG_ONLY | Email skipped (LogOnly or no SMTP host) | To=catalog.flow.6362fbb14a7048e8b8cf1fdd9ddc4f3c@urbeat.local | Subject=Confirme seu e-mail no Urbeat - Loja | Body=<!DOCTYPE html>
<html lang="pt-BR">
<head>
  <meta charset="UTF-8" />
  <meta name="viewport" content="width=device-width,initial-scale=1.0" />
  <title>Sua loja est� quase pronta!</title>
</head>
<body style="margin:0;padding:0;background:#FFF9F0;font-family:'Helvetica Neue',Helvetica,Arial,sans-serif;color:#2D2A2A;">
  <table role="presentation" width="100%" cellpadding="0" cellspacing="0" style="background:#FFF9F0;padding:32px 0;">
    <tr>
      <td align="center">
        <table role="presentation" width="560" cellpadding="0" cellspacing="0" style="background:#FFFCF8;border:1px solid #EDE4D9;border-radius:20px;overflow:hidden;">
          <tr>
            <td style="background:#C73E3A;padding:28px 32px;color:#FFFCF8;">
              <h1 style="margin:0;font-family:Georgia,serif;font-weight:400;font-size:28px;">Urbeat</h1>
            </td>
          </tr>
          <tr>
            <td style="padding:32px 40px 8px 40px;">
              <h2 style="margin:0 0 8px 0;font-family:Georgia,serif;font-weight:400;color:#2D2A2A;font-size:24px;">Sua loja est� quase pronta!</h2>
              <p style="margin:0;color:#7A7272;font-size:15px;">Ol�, vendedor(a)!</p>
            </td>
          </tr>
          <tr>
            <td style="padding:16px 40px;color:#2D2A2A;font-size:15px;line-height:1.6;">
              <p>Recebemos o cadastro da sua loja no <strong>Urbeat</strong>.
Para liberar o painel de vendas e receber pedidos, confirme seu e-mail.</p>
<p>Clique no bot�o abaixo para ativar sua conta. O link expira em 24 horas.</p>
            </td>
          </tr>
          <tr>
            <td align="center" style="padding:24px 40px 8px 40px;">
              <a href="https://urbeat.com.br/c/Y76udglOor9iY9LGfbErnWTTE"
                 style="display:inline-block;background:#C73E3A;color:#FFFCF8;text-decoration:none;padding:14px 28px;border-radius:12px;font-weight:600;font-size:15px;">
                Confirmar e-mail da loja
              </a>
            </td>
          </tr>
          <tr>
            <td style="padding:8px 40px 24px 40px;color:#7A7272;font-size:13px;line-height:1.5;">
              <p>Se o bot�o n�o funcionar, copie e cole o link abaixo no seu navegador:</p>
              <p style="word-break:break-all;color:#C73E3A;"><a href="https://urbeat.com.br/c/Y76udglOor9iY9LGfbErnWTTE" style="color:#C73E3A;">https://urbeat.com.br/c/Y76udglOor9iY9LGfbErnWTTE</a></p>
            </td>
          </tr>
          <tr>
            <td style="padding:16px 40px 32px 40px;border-top:1px solid #EDE4D9;color:#7A7272;font-size:13px;line-height:1.5;">
              <p>Se voc� n�o criou um cadastro de loja no Urbeat, pode ignorar este e-mail.</p>
              <p style="margin-top:16px;">- Equipe Urbeat</p>
            </td>
          </tr>
        </table>
      </td>
    </tr>
  </table>
</body>
</html>
    http.response.status_code: 201
Activity.SpanId:             e19133da8d662703
Instrumentation scope (ActivitySource):
    Name: Microsoft.AspNetCore
Activity.TraceFlags:         Recorded
Resource associated with Activity:
Activity.DisplayName:        PATCH api/stores/{storeId}/status
Activity.TraceId:            58959eb09efcfa14b64557ba4db0c291
Activity.SpanId:             26d3c1a06d7e6d5a
Activity.TraceFlags:         Recorded
Activity.DisplayName:        POST api/auth/register/seller
Activity.Kind:               Server
[22:29:11 INF] Executing action method Urbeat.WebApi.Controllers.StoresController.UpdateDeliveryConfig (Urbeat.WebApi) - Validation state: Valid
Activity.StartTime:          2026-06-08T01:29:11.3482085Z
Activity.Duration:           00:00:00.1535780
Activity.Tags:
    telemetry.sdk.name: opentelemetry
[22:29:11 INF] Saved 1 entities to in-memory store.
    server.address: localhost
    telemetry.sdk.language: dotnet
    http.request.method: POST
    url.scheme: http
    telemetry.sdk.version: 1.14.0
    url.path: /api/auth/register/seller
    service.name: unknown_service:testhost
[22:29:11 INF] Executed action Urbeat.WebApi.Controllers.CheckoutController.Preview (Urbeat.WebApi) in 48.1387ms
Activity.Kind:               Server
    network.protocol.version: 1.1
    http.route: api/auth/register/seller
    http.response.status_code: 201
[22:29:11 INF] Executed action Urbeat.WebApi.Controllers.StoreProductsController.Create (Urbeat.WebApi) in 160.5991ms
Instrumentation scope (ActivitySource):
    Name: Microsoft.AspNetCore
Activity.StartTime:          2026-06-08T01:29:11.3450552Z
Resource associated with Activity:
Activity.Duration:           00:00:00.1111123
Activity.TraceId:            f669266225bd2df02987eb44912a4325
[22:29:11 INF] Executed action method Urbeat.WebApi.Controllers.StoresController.UpsertAddress (Urbeat.WebApi), returned result Microsoft.AspNetCore.Mvc.OkObjectResult in 84.7216ms.
Activity.SpanId:             0b38c61219678404
[22:29:11 INF] Saved 1 entities to in-memory store.
Activity.TraceFlags:         Recorded
Activity.DisplayName:        POST api/auth/register/customer
Activity.Kind:               Server
Activity.StartTime:          2026-06-08T01:29:11.2727959Z
[22:29:11 INF] Executed endpoint 'Urbeat.WebApi.Controllers.StoreProductsController.Create (Urbeat.WebApi)'
Activity.Duration:           00:00:00.1831672
[22:29:11 INF] Executed endpoint 'Urbeat.WebApi.Controllers.CheckoutController.Preview (Urbeat.WebApi)'
Activity.Tags:
    server.address: localhost
    telemetry.sdk.name: opentelemetry
    http.request.method: POST
    telemetry.sdk.language: dotnet
    url.scheme: http
    telemetry.sdk.version: 1.14.0
    url.path: /api/auth/register/customer
    service.name: unknown_service:testhost
    network.protocol.version: 1.1
    http.route: api/auth/register/customer
[22:29:11 INF] Saved 1 entities to in-memory store.
Activity.TraceId:            58959eb09efcfa14b64557ba4db0c291
    http.response.status_code: 201
Activity.SpanId:             26d3c1a06d7e6d5a
Activity.Tags:
Activity.TraceFlags:         Recorded
[22:29:11 INF] Saved 1 entities to in-memory store.
Activity.DisplayName:        POST api/auth/register/seller
    server.address: localhost
Activity.Kind:               Server
    http.request.method: PATCH
[22:29:11 INF] HTTP POST /api/checkout/preview responded 400 in 115.4984 ms
    url.scheme: http
Activity.StartTime:          2026-06-08T01:29:11.3482085Z
[22:29:11 INF] Saved 1 entities to in-memory store.
Activity.Duration:           00:00:00.1535780
Instrumentation scope (ActivitySource):
Activity.Tags:
    url.path: /api/stores/019ea4d9-178f-73aa-9b7f-23eaf064d6d0/status
    server.address: localhost
    network.protocol.version: 1.1
    http.request.method: POST
[22:29:11 INF] HTTP POST /api/stores/019ea4d9-16a7-770a-ad09-2c633189bfc7/products responded 201 in 193.0084 ms
    url.scheme: http
    url.path: /api/auth/register/seller
    http.route: api/stores/{storeId}/status
    network.protocol.version: 1.1
    http.response.status_code: 200
    http.route: api/auth/register/seller
Instrumentation scope (ActivitySource):
    http.response.status_code: 201
[22:29:11 INF] EMAIL_CONFIRM_JOB_COMPLETED | Job completed | UserId=019ea4d9-17b9-7b58-bb3b-f04a00c7b697
    Name: Microsoft.AspNetCore
    Name: Microsoft.AspNetCore
Resource associated with Activity:
Resource associated with Activity:
    telemetry.sdk.name: opentelemetry
    telemetry.sdk.name: opentelemetry
    telemetry.sdk.language: dotnet
    telemetry.sdk.language: dotnet
    telemetry.sdk.version: 1.14.0
    telemetry.sdk.version: 1.14.0
    service.name: unknown_service:testhost
    service.name: unknown_service:testhost
Activity.TraceId:            a8ff1f720ce675c73911ce3bfde37b9d
Activity.SpanId:             e19133da8d662703
Activity.TraceFlags:         Recorded
Activity.DisplayName:        PATCH api/stores/{storeId}/status
Activity.Kind:               Server
Activity.StartTime:          2026-06-08T01:29:11.3450552Z
Activity.Duration:           00:00:00.1111123
Activity.Tags:
    server.address: localhost
    http.request.method: PATCH
    url.scheme: http
    url.path: /api/stores/019ea4d9-178f-73aa-9b7f-23eaf064d6d0/status
    network.protocol.version: 1.1
    http.route: api/stores/{storeId}/status
    http.response.status_code: 200
Instrumentation scope (ActivitySource):
    Name: Microsoft.AspNetCore
Resource associated with Activity:
    telemetry.sdk.name: opentelemetry
    telemetry.sdk.language: dotnet
    telemetry.sdk.version: 1.14.0
    service.name: unknown_service:testhost
Activity.TraceId:            a8ff1f720ce675c73911ce3bfde37b9d
Activity.SpanId:             e19133da8d662703
Activity.TraceFlags:         Recorded
Activity.DisplayName:        PATCH api/stores/{storeId}/status
Activity.Kind:               Server
Activity.StartTime:          2026-06-08T01:29:11.3450552Z
[22:29:11 INF] Executing OkObjectResult, writing value of type 'Urbeat.Application.DTOs.StoreAddressResponseDto'.
Activity.Duration:           00:00:00.1111123
Activity.Tags:
    server.address: localhost
    http.request.method: PATCH
    url.scheme: http
    url.path: /api/stores/019ea4d9-178f-73aa-9b7f-23eaf064d6d0/status
    network.protocol.version: 1.1
Instrumentation scope (ActivitySource):
    http.route: api/stores/{storeId}/status
    Name: Microsoft.AspNetCore
    http.response.status_code: 200
Resource associated with Activity:
Instrumentation scope (ActivitySource):
[22:29:11 INF] Saved 1 entities to in-memory store.
    Name: Microsoft.AspNetCore
    telemetry.sdk.name: opentelemetry
Resource associated with Activity:
    telemetry.sdk.language: dotnet
[22:29:11 INF] Request finished HTTP/1.1 POST http://localhost/api/checkout/preview - 400 null application/problem+json; charset=utf-8 153.1914ms
    telemetry.sdk.name: opentelemetry
    telemetry.sdk.language: dotnet
    telemetry.sdk.version: 1.14.0
    telemetry.sdk.version: 1.14.0
[22:29:11 INF] Request finished HTTP/1.1 POST http://localhost/api/stores/019ea4d9-16a7-770a-ad09-2c633189bfc7/products - 201 null application/json; charset=utf-8 223.7816ms
    service.name: unknown_service:testhost
Activity.TraceId:            58959eb09efcfa14b64557ba4db0c291
Activity.SpanId:             26d3c1a06d7e6d5a
Activity.TraceFlags:         Recorded
Activity.DisplayName:        POST api/auth/register/seller
    service.name: unknown_service:testhost
Activity.Kind:               Server
Activity.StartTime:          2026-06-08T01:29:11.3482085Z
Activity.TraceId:            a8ff1f720ce675c73911ce3bfde37b9d
Activity.Duration:           00:00:00.1535780
Activity.SpanId:             e19133da8d662703
Activity.Tags:
Activity.TraceFlags:         Recorded
    server.address: localhost
Activity.DisplayName:        PATCH api/stores/{storeId}/status
    http.request.method: POST
Activity.Kind:               Server
    url.scheme: http
    url.path: /api/auth/register/seller
    network.protocol.version: 1.1
Activity.StartTime:          2026-06-08T01:29:11.3450552Z
    http.route: api/auth/register/seller
Activity.Duration:           00:00:00.1111123
    http.response.status_code: 201
Activity.Tags:
Instrumentation scope (ActivitySource):
    server.address: localhost
    Name: Microsoft.AspNetCore
[22:29:11 INF] STORE_DELIVERY_CONFIG_UPDATED | Store delivery config updated | StoreId=019ea4d9-178f-73aa-9b7f-23eaf064d6d0 | OwnerUserId=019ea4d9-15ef-7ecc-a8d6-8d66ac1d69e2 | DeliveryFee=5 | MinimumOrderValue=10 | IP=null
Resource associated with Activity:
    telemetry.sdk.name: opentelemetry
    telemetry.sdk.language: dotnet
    telemetry.sdk.version: 1.14.0
    service.name: unknown_service:testhost
Activity.TraceId:            58959eb09efcfa14b64557ba4db0c291
Activity.SpanId:             26d3c1a06d7e6d5a
Activity.TraceFlags:         Recorded
Activity.DisplayName:        POST api/auth/register/seller
Activity.Kind:               Server
Activity.StartTime:          2026-06-08T01:29:11.3482085Z
Activity.Duration:           00:00:00.1535780
Activity.Tags:
    server.address: localhost
Activity.TraceId:            2c3533c560d1b9c39d1522fe21daa427
    http.request.method: POST
Activity.TraceId:            0ddd300d6816d864268a625e9793c210
Activity.SpanId:             5390caa72164b326
Activity.SpanId:             87ac30ec4cbd1d4f
Activity.TraceFlags:         Recorded
Activity.TraceFlags:         Recorded
Activity.DisplayName:        POST api/stores/{storeId}/products
Activity.DisplayName:        POST api/checkout/preview
Activity.Kind:               Server
Activity.StartTime:          2026-06-08T01:29:11.3120524Z
Activity.Kind:               Server
Activity.Duration:           00:00:00.2240679
Activity.Tags:
    server.address: localhost
Activity.StartTime:          2026-06-08T01:29:11.3825128Z
[22:29:11 INF] Saved 1 entities to in-memory store.
Activity.Duration:           00:00:00.1535896
    http.request.method: POST
    url.scheme: http
Activity.Tags:
    url.path: /api/stores/019ea4d9-16a7-770a-ad09-2c633189bfc7/products
    server.address: localhost
    network.protocol.version: 1.1
    http.request.method: POST
    url.scheme: http
    http.route: api/stores/{storeId}/products
    url.path: /api/checkout/preview
    http.response.status_code: 201
    network.protocol.version: 1.1
Instrumentation scope (ActivitySource):
    http.route: api/checkout/preview
    Name: Microsoft.AspNetCore
Resource associated with Activity:
    http.response.status_code: 400
    telemetry.sdk.name: opentelemetry
Instrumentation scope (ActivitySource):
    telemetry.sdk.language: dotnet
    Name: Microsoft.AspNetCore
    telemetry.sdk.version: 1.14.0
Resource associated with Activity:
    service.name: unknown_service:testhost
    telemetry.sdk.name: opentelemetry
    telemetry.sdk.language: dotnet
[22:29:11 INF] Executed action method Urbeat.WebApi.Controllers.StoresController.UpdateDeliveryConfig (Urbeat.WebApi), returned result Microsoft.AspNetCore.Mvc.OkObjectResult in 0.9048ms.
Activity.TraceId:            2c3533c560d1b9c39d1522fe21daa427
    telemetry.sdk.version: 1.14.0
Activity.SpanId:             5390caa72164b326
    service.name: unknown_service:testhost
Activity.TraceFlags:         Recorded
Activity.DisplayName:        POST api/stores/{storeId}/products
Activity.Kind:               Server
Activity.TraceId:            0ddd300d6816d864268a625e9793c210
Activity.StartTime:          2026-06-08T01:29:11.3120524Z
Activity.SpanId:             87ac30ec4cbd1d4f
Activity.Duration:           00:00:00.2240679
Activity.TraceFlags:         Recorded
Activity.Tags:
Activity.DisplayName:        POST api/checkout/preview
    server.address: localhost
Activity.Kind:               Server
    http.request.method: POST
    url.scheme: http
Activity.StartTime:          2026-06-08T01:29:11.3825128Z
    url.path: /api/stores/019ea4d9-16a7-770a-ad09-2c633189bfc7/products
Activity.Duration:           00:00:00.1535896
    network.protocol.version: 1.1
Activity.Tags:
    http.route: api/stores/{storeId}/products
    server.address: localhost
    http.response.status_code: 201
    http.request.method: POST
Instrumentation scope (ActivitySource):
    url.scheme: http
[22:29:11 INF] Saved 2 entities to in-memory store.
    http.request.method: PATCH
    url.scheme: http
    url.scheme: http
    url.path: /api/stores/019ea4d9-178f-73aa-9b7f-23eaf064d6d0/status
[22:29:11 INF] Saved 2 entities to in-memory store.
[22:29:11 INF] Executing OkObjectResult, writing value of type 'Urbeat.Application.DTOs.StoreResponseDto'.
    Name: Microsoft.AspNetCore
Resource associated with Activity:
    url.path: /api/auth/register/seller
    telemetry.sdk.name: opentelemetry
    network.protocol.version: 1.1
    telemetry.sdk.language: dotnet
    http.route: api/auth/register/seller
    telemetry.sdk.version: 1.14.0
    http.response.status_code: 201
    service.name: unknown_service:testhost
Instrumentation scope (ActivitySource):
    Name: Microsoft.AspNetCore
Activity.TraceId:            2c3533c560d1b9c39d1522fe21daa427
Resource associated with Activity:
Activity.SpanId:             5390caa72164b326
Activity.TraceFlags:         Recorded
    network.protocol.version: 1.1
    telemetry.sdk.name: opentelemetry
Activity.DisplayName:        POST api/stores/{storeId}/products
    telemetry.sdk.language: dotnet
    http.route: api/stores/{storeId}/status
Activity.Kind:               Server
    telemetry.sdk.version: 1.14.0
    http.response.status_code: 200
    service.name: unknown_service:testhost
Instrumentation scope (ActivitySource):
    Name: Microsoft.AspNetCore
[22:29:11 INF] Saved 1 entities to in-memory store.
Activity.TraceId:            58959eb09efcfa14b64557ba4db0c291
Activity.SpanId:             26d3c1a06d7e6d5a
Activity.TraceFlags:         Recorded
[22:29:11 INF] Starting Hangfire Server using job storage: 'In-Memory Storage'
Activity.DisplayName:        POST api/auth/register/seller
    url.path: /api/checkout/preview
Activity.Kind:               Server
    network.protocol.version: 1.1
[22:29:11 INF] Executed action Urbeat.WebApi.Controllers.StoresController.UpdateDeliveryConfig (Urbeat.WebApi) in 34.3991ms
Activity.StartTime:          2026-06-08T01:29:11.3482085Z
Activity.StartTime:          2026-06-08T01:29:11.3120524Z
Activity.Duration:           00:00:00.1535780
[22:29:11 INF] Using the following options for Hangfire Server:
    Worker count: 2
    Listening queues: 'default'
    Shutdown timeout: 00:00:15
    Schedule polling interval: 00:00:15
Activity.Tags:
Activity.Duration:           00:00:00.2240679
    server.address: localhost
Activity.Tags:
    http.request.method: POST
[22:29:11 INF] SellerRegistered | Registration succeeded | UserId=019ea4d9-1820-73c4-b1a8-3363bbf56ec9 | Email=seller.f6e23727380e473f9cd9824607bfa20c@urbeat.local | Role=Seller
    url.scheme: http
    server.address: localhost
    url.path: /api/auth/register/seller
[22:29:11 INF] Executed endpoint 'Urbeat.WebApi.Controllers.StoresController.UpdateDeliveryConfig (Urbeat.WebApi)'
    network.protocol.version: 1.1
    http.request.method: POST
    http.route: api/auth/register/seller
    url.scheme: http
    http.response.status_code: 201
    url.path: /api/stores/019ea4d9-16a7-770a-ad09-2c633189bfc7/products
Instrumentation scope (ActivitySource):
    network.protocol.version: 1.1
    Name: Microsoft.AspNetCore
    http.route: api/stores/{storeId}/products
Resource associated with Activity:
    http.response.status_code: 201
    telemetry.sdk.name: opentelemetry
    telemetry.sdk.language: dotnet
Instrumentation scope (ActivitySource):
Resource associated with Activity:
    Name: Microsoft.AspNetCore
    telemetry.sdk.name: opentelemetry
Resource associated with Activity:
    telemetry.sdk.language: dotnet
    http.route: api/checkout/preview
    telemetry.sdk.version: 1.14.0
    telemetry.sdk.name: opentelemetry
    service.name: unknown_service:testhost
    http.response.status_code: 400
Instrumentation scope (ActivitySource):
    telemetry.sdk.language: dotnet
    Name: Microsoft.AspNetCore
    telemetry.sdk.version: 1.14.0
Resource associated with Activity:
    service.name: unknown_service:testhost
    telemetry.sdk.name: opentelemetry
    telemetry.sdk.language: dotnet
Activity.TraceId:            2c3533c560d1b9c39d1522fe21daa427
Activity.SpanId:             5390caa72164b326
Activity.TraceFlags:         Recorded
Activity.DisplayName:        POST api/stores/{storeId}/products
Activity.Kind:               Server
    telemetry.sdk.version: 1.14.0
Activity.StartTime:          2026-06-08T01:29:11.3120524Z
    service.name: unknown_service:testhost
Activity.Duration:           00:00:00.2240679
Activity.Tags:
    server.address: localhost
Activity.TraceId:            0ddd300d6816d864268a625e9793c210
    http.request.method: POST
Activity.SpanId:             87ac30ec4cbd1d4f
    url.scheme: http
Activity.TraceFlags:         Recorded
    url.path: /api/stores/019ea4d9-16a7-770a-ad09-2c633189bfc7/products
Activity.DisplayName:        POST api/checkout/preview
    network.protocol.version: 1.1
Activity.Kind:               Server
    http.route: api/stores/{storeId}/products
    http.response.status_code: 201
Instrumentation scope (ActivitySource):
    Name: Microsoft.AspNetCore
Activity.StartTime:          2026-06-08T01:29:11.3825128Z
Resource associated with Activity:
Activity.Duration:           00:00:00.1535896
    telemetry.sdk.name: opentelemetry
Activity.Tags:
    telemetry.sdk.language: dotnet
    server.address: localhost
    http.request.method: POST
    url.scheme: http
    telemetry.sdk.version: 1.14.0
    url.path: /api/checkout/preview
    service.name: unknown_service:testhost
    telemetry.sdk.version: 1.14.0
[22:29:11 INF] HTTP PATCH /api/stores/019ea4d9-178f-73aa-9b7f-23eaf064d6d0/delivery-config responded 200 in 35.0186 ms
    service.name: unknown_service:testhost
Activity.TraceId:            58959eb09efcfa14b64557ba4db0c291
    network.protocol.version: 1.1
Activity.SpanId:             26d3c1a06d7e6d5a
    http.route: api/checkout/preview
Activity.TraceId:            2c3533c560d1b9c39d1522fe21daa427
    http.response.status_code: 400
Activity.TraceFlags:         Recorded
Instrumentation scope (ActivitySource):
Activity.DisplayName:        POST api/auth/register/seller
    Name: Microsoft.AspNetCore
Activity.Kind:               Server
Resource associated with Activity:
[xUnit.net 00:00:08.67]       Expected checkoutResponse.StatusCode to be HttpStatusCode.Conflict {value: 409}, but found HttpStatusCode.BadRequest {value: 400}.
Activity.SpanId:             5390caa72164b326
    telemetry.sdk.name: opentelemetry
Activity.StartTime:          2026-06-08T01:29:11.3482085Z
Activity.TraceFlags:         Recorded
Activity.Duration:           00:00:00.1535780
    telemetry.sdk.language: dotnet
Activity.Tags:
    telemetry.sdk.version: 1.14.0
[xUnit.net 00:00:08.67]       Stack Trace:
[xUnit.net 00:00:08.67]            at FluentAssertions.Execution.LateBoundTestFramework.Throw(String message)
[xUnit.net 00:00:08.67]            at FluentAssertions.Execution.DefaultAssertionStrategy.HandleFailure(String message)
Activity.DisplayName:        POST api/stores/{storeId}/products
    service.name: unknown_service:testhost
    server.address: localhost
    http.request.method: POST
Activity.Kind:               Server
Activity.TraceId:            0ddd300d6816d864268a625e9793c210
    url.scheme: http
Activity.SpanId:             87ac30ec4cbd1d4f
Activity.StartTime:          2026-06-08T01:29:11.3120524Z
Activity.TraceFlags:         Recorded
Activity.Duration:           00:00:00.2240679
Activity.DisplayName:        POST api/checkout/preview
    url.path: /api/auth/register/seller
[xUnit.net 00:00:08.67]            at FluentAssertions.Execution.AssertionScope.AddPreFormattedFailure(String formattedFailureMessage)
Activity.Kind:               Server
    network.protocol.version: 1.1
Activity.Tags:
Activity.StartTime:          2026-06-08T01:29:11.3825128Z
    server.address: localhost
    http.route: api/auth/register/seller
Activity.Duration:           00:00:00.1535896
    http.response.status_code: 201
Activity.Tags:
    http.request.method: POST
    server.address: localhost
Instrumentation scope (ActivitySource):
    url.scheme: http
[xUnit.net 00:00:08.67]            at FluentAssertions.Execution.AssertionChain.FailWith(Func`1 getFailureReason)
[xUnit.net 00:00:08.67]            at FluentAssertions.Execution.AssertionChain.FailWith(Func`1 getFailureReason)
[xUnit.net 00:00:08.67]            at FluentAssertions.Execution.AssertionChain.FailWith(String message, Object[] args)
    http.request.method: POST
    Name: Microsoft.AspNetCore
    url.scheme: http
Resource associated with Activity:
    url.path: /api/checkout/preview
    url.path: /api/stores/019ea4d9-16a7-770a-ad09-2c633189bfc7/products
    network.protocol.version: 1.1
    telemetry.sdk.name: opentelemetry
    network.protocol.version: 1.1
    telemetry.sdk.language: dotnet
    http.route: api/checkout/preview
[xUnit.net 00:00:08.67]            at FluentAssertions.Primitives.EnumAssertions`2.Be(TEnum expected, String because, Object[] becauseArgs)
    telemetry.sdk.version: 1.14.0
    http.response.status_code: 400
    service.name: unknown_service:testhost
Instrumentation scope (ActivitySource):
    Name: Microsoft.AspNetCore
    http.route: api/stores/{storeId}/products
Resource associated with Activity:
    http.response.status_code: 201
    telemetry.sdk.name: opentelemetry
Activity.TraceId:            58959eb09efcfa14b64557ba4db0c291
Instrumentation scope (ActivitySource):
Activity.SpanId:             26d3c1a06d7e6d5a
    Name: Microsoft.AspNetCore
Activity.TraceFlags:         Recorded
Resource associated with Activity:
[xUnit.net 00:00:08.67]         C:\Projetos\urbeat\backend\tests\Urbeat.IntegrationTests\Api\SubscriptionEnforcementFlowTests.cs(97,0): at Urbeat.IntegrationTests.Api.SubscriptionEnforcementFlowTests.OverdueSubscription_ShouldBlockStore_FromPublicAndCheckout()
[xUnit.net 00:00:08.67]         --- End of stack trace from previous location ---
Activity.DisplayName:        POST api/auth/register/seller
    telemetry.sdk.name: opentelemetry
Activity.Kind:               Server
    telemetry.sdk.language: dotnet
Activity.StartTime:          2026-06-08T01:29:11.3482085Z
    telemetry.sdk.version: 1.14.0
Activity.Duration:           00:00:00.1535780
    service.name: unknown_service:testhost
[22:29:11 INF] Saved 2 entities to in-memory store.
Activity.Tags:
    server.address: localhost
Activity.TraceId:            2c3533c560d1b9c39d1522fe21daa427
Activity.SpanId:             5390caa72164b326
Activity.TraceFlags:         Recorded
Activity.DisplayName:        POST api/stores/{storeId}/products
    http.request.method: POST
Activity.Kind:               Server
    url.scheme: http
    telemetry.sdk.language: dotnet
    url.path: /api/auth/register/seller
Activity.StartTime:          2026-06-08T01:29:11.3120524Z
[22:29:11 INF] Executed action method Urbeat.WebApi.Controllers.AuthController.RegisterSeller (Urbeat.WebApi), returned result Microsoft.AspNetCore.Mvc.ObjectResult in 80.4709ms.
    network.protocol.version: 1.1
[22:29:11 INF] Request finished HTTP/1.1 PATCH http://localhost/api/stores/019ea4d9-178f-73aa-9b7f-23eaf064d6d0/delivery-config - 200 null application/json; charset=utf-8 79.8386ms
    http.route: api/auth/register/seller
    telemetry.sdk.version: 1.14.0
[22:29:11 INF] Saved 1 entities to in-memory store.
    service.name: unknown_service:testhost
Activity.Duration:           00:00:00.2240679
[22:29:11 INF] Request starting HTTP/1.1 POST http://localhost/api/auth/register/customer - application/json; charset=utf-8 null
Activity.TraceId:            0ddd300d6816d864268a625e9793c210
Activity.Tags:
Activity.SpanId:             87ac30ec4cbd1d4f
    server.address: localhost
[22:29:11 INF] Server fabio-mobile:44964:0fb033d7 successfully announced in 0,0625 ms
Activity.TraceFlags:         Recorded
[22:29:11 INF] Executed action Urbeat.WebApi.Controllers.StoresController.UpsertAddress (Urbeat.WebApi) in 156.9158ms
    http.request.method: POST
Activity.DisplayName:        POST api/checkout/preview
    url.scheme: http
Activity.Kind:               Server
    http.response.status_code: 201
    url.path: /api/stores/019ea4d9-16a7-770a-ad09-2c633189bfc7/products
Activity.StartTime:          2026-06-08T01:29:11.3825128Z
    network.protocol.version: 1.1
Activity.Duration:           00:00:00.1535896
    http.route: api/stores/{storeId}/products
[22:29:11 INF] Request starting HTTP/1.1 POST http://localhost/api/auth/login/admin - application/json; charset=utf-8 null
Activity.Tags:
    http.response.status_code: 201
Instrumentation scope (ActivitySource):
Instrumentation scope (ActivitySource):
    Name: Microsoft.AspNetCore
    Name: Microsoft.AspNetCore
Activity.TraceId:            08d52e850fa5d8ee8140593bbb072b32
Resource associated with Activity:
Activity.SpanId:             810f4fe2b3c4c42a
Resource associated with Activity:
Activity.TraceFlags:         Recorded
    telemetry.sdk.name: opentelemetry
    telemetry.sdk.name: opentelemetry
Activity.DisplayName:        PATCH api/stores/{storeId}/delivery-config
    telemetry.sdk.language: dotnet
Activity.Kind:               Server
    telemetry.sdk.version: 1.14.0
Activity.StartTime:          2026-06-08T01:29:11.4571324Z
Activity.Duration:           00:00:00.1114686
    service.name: unknown_service:testhost
Activity.Tags:
    server.address: localhost
    http.request.method: PATCH
[22:29:11 INF] Executed action Urbeat.WebApi.Controllers.AuthController.RegisterSeller (Urbeat.WebApi) in 113.069ms
    url.scheme: http
    url.path: /api/stores/019ea4d9-178f-73aa-9b7f-23eaf064d6d0/delivery-config
    network.protocol.version: 1.1
    http.route: api/stores/{storeId}/delivery-config
[22:29:11 INF] Server fabio-mobile:44964:380a3d04 caught stopping signal...
    http.response.status_code: 200
Instrumentation scope (ActivitySource):
    Name: Microsoft.AspNetCore
Resource associated with Activity:
[22:29:11 INF] Request starting HTTP/1.1 PUT http://localhost/api/stores/019ea4d9-16a7-770a-ad09-2c633189bfc7/products/019ea4d9-17da-7273-ad72-7c436b691146 - application/json; charset=utf-8 null
    telemetry.sdk.language: dotnet
    telemetry.sdk.name: opentelemetry
    telemetry.sdk.version: 1.14.0
    telemetry.sdk.language: dotnet
    service.name: unknown_service:testhost
    telemetry.sdk.version: 1.14.0
    service.name: unknown_service:testhost
Activity.TraceId:            08d52e850fa5d8ee8140593bbb072b32
Activity.TraceId:            58959eb09efcfa14b64557ba4db0c291
Activity.SpanId:             810f4fe2b3c4c42a
Activity.SpanId:             26d3c1a06d7e6d5a
Activity.TraceFlags:         Recorded
    server.address: localhost
[22:29:11 INF] USER_LOGGED_IN | Login succeeded | UserId=019ea4d9-178e-7337-914e-a8e009c47d29 | Email=orders.customer.55c093c6af574a14ac4dd1805166614a@urbeat.local | Role=Customer | IP=null
    http.request.method: POST
    url.scheme: http
    url.path: /api/checkout/preview
    network.protocol.version: 1.1
    http.route: api/checkout/preview
    http.response.status_code: 400
Instrumentation scope (ActivitySource):
    Name: Microsoft.AspNetCore
Resource associated with Activity:
    telemetry.sdk.name: opentelemetry
[22:29:11 INF] Executing endpoint 'Urbeat.WebApi.Controllers.AuthController.RegisterCustomer (Urbeat.WebApi)'
    telemetry.sdk.language: dotnet
Activity.DisplayName:        PATCH api/stores/{storeId}/delivery-config
Activity.Kind:               Server
Activity.TraceId:            2c3533c560d1b9c39d1522fe21daa427
Activity.StartTime:          2026-06-08T01:29:11.4571324Z
Activity.SpanId:             5390caa72164b326
Activity.Duration:           00:00:00.1114686
Activity.TraceFlags:         Recorded
Activity.Tags:
Activity.DisplayName:        POST api/stores/{storeId}/products
    server.address: localhost
    http.request.method: PATCH
Activity.Kind:               Server
    url.scheme: http
Activity.StartTime:          2026-06-08T01:29:11.3120524Z
    url.path: /api/stores/019ea4d9-178f-73aa-9b7f-23eaf064d6d0/delivery-config
Activity.Duration:           00:00:00.2240679
    network.protocol.version: 1.1
Activity.Tags:
    http.route: api/stores/{storeId}/delivery-config
    server.address: localhost
    http.response.status_code: 200
    http.request.method: POST
    url.scheme: http
Instrumentation scope (ActivitySource):
    url.path: /api/stores/019ea4d9-16a7-770a-ad09-2c633189bfc7/products
    network.protocol.version: 1.1
    http.route: api/stores/{storeId}/products
    Name: Microsoft.AspNetCore
    http.response.status_code: 201
Instrumentation scope (ActivitySource):
    Name: Microsoft.AspNetCore
Resource associated with Activity:
    telemetry.sdk.version: 1.14.0
    telemetry.sdk.name: opentelemetry
    service.name: unknown_service:testhost
    telemetry.sdk.language: dotnet
    telemetry.sdk.version: 1.14.0
    service.name: unknown_service:testhost
Activity.TraceId:            0ddd300d6816d864268a625e9793c210
Activity.SpanId:             87ac30ec4cbd1d4f
Resource associated with Activity:
Activity.TraceFlags:         Recorded
    telemetry.sdk.name: opentelemetry
Activity.DisplayName:        POST api/checkout/preview
    telemetry.sdk.language: dotnet
[22:29:11 INF] Executed endpoint 'Urbeat.WebApi.Controllers.StoresController.UpsertAddress (Urbeat.WebApi)'
    telemetry.sdk.version: 1.14.0
    service.name: unknown_service:testhost
Activity.TraceId:            08d52e850fa5d8ee8140593bbb072b32
[22:29:11 INF] SellerRegistered | Registration succeeded | UserId=019ea4d9-181f-77e9-9741-655d7c0c1ca8 | Email=categories.flow.c968e8c6169a479c8720781adf4d7fdd@urbeat.local | Role=Seller
Activity.SpanId:             810f4fe2b3c4c42a
Activity.TraceFlags:         Recorded
Activity.TraceFlags:         Recorded
[22:29:11 INF] Server fabio-mobile:44964:380a3d04 All dispatchers stopped
[22:29:11 INF] Route matched with {action = "RegisterCustomer", controller = "Auth"}. Executing controller action with signature System.Threading.Tasks.Task`1[Microsoft.AspNetCore.Mvc.IActionResult] RegisterCustomer(Urbeat.Application.DTOs.RegisterUserRequestDto, System.Threading.CancellationToken) on controller Urbeat.WebApi.Controllers.AuthController (Urbeat.WebApi).
Activity.DisplayName:        POST api/auth/register/seller
Activity.DisplayName:        PATCH api/stores/{storeId}/delivery-config
Activity.Kind:               Server
Activity.Kind:               Server
[22:29:11 INF] Executed action method Urbeat.WebApi.Controllers.AuthController.LoginCustomer (Urbeat.WebApi), returned result Microsoft.AspNetCore.Mvc.OkObjectResult in 66.584ms.
Activity.StartTime:          2026-06-08T01:29:11.4571324Z
Activity.StartTime:          2026-06-08T01:29:11.3482085Z
Activity.Duration:           00:00:00.1114686
Activity.Duration:           00:00:00.1535780
Activity.Tags:
Activity.Tags:
    server.address: localhost
    server.address: localhost
    http.request.method: PATCH
    http.request.method: POST
    url.scheme: http
    url.scheme: http
    url.path: /api/stores/019ea4d9-178f-73aa-9b7f-23eaf064d6d0/delivery-config
    url.path: /api/auth/register/seller
    network.protocol.version: 1.1
    network.protocol.version: 1.1
    http.route: api/stores/{storeId}/delivery-config
    http.route: api/auth/register/seller
    http.response.status_code: 200
Instrumentation scope (ActivitySource):
    Name: Microsoft.AspNetCore
Resource associated with Activity:
    telemetry.sdk.name: opentelemetry
    telemetry.sdk.language: dotnet
    telemetry.sdk.version: 1.14.0
    service.name: unknown_service:testhost
    http.response.status_code: 201
Activity.TraceId:            08d52e850fa5d8ee8140593bbb072b32
Instrumentation scope (ActivitySource):
Activity.SpanId:             810f4fe2b3c4c42a
    Name: Microsoft.AspNetCore
Activity.TraceFlags:         Recorded
Resource associated with Activity:
Activity.DisplayName:        PATCH api/stores/{storeId}/delivery-config
Activity.Kind:               Server
    telemetry.sdk.name: opentelemetry
Activity.StartTime:          2026-06-08T01:29:11.4571324Z
    telemetry.sdk.language: dotnet
Activity.Duration:           00:00:00.1114686
Activity.Tags:
    server.address: localhost
    http.request.method: PATCH
    url.scheme: http
    url.path: /api/stores/019ea4d9-178f-73aa-9b7f-23eaf064d6d0/delivery-config
    network.protocol.version: 1.1
    http.route: api/stores/{storeId}/delivery-config
Activity.Kind:               Server
    http.response.status_code: 200
Instrumentation scope (ActivitySource):
    Name: Microsoft.AspNetCore
Resource associated with Activity:
Activity.StartTime:          2026-06-08T01:29:11.3825128Z
    telemetry.sdk.name: opentelemetry
Activity.Duration:           00:00:00.1535896
    telemetry.sdk.language: dotnet
Activity.Tags:
    server.address: localhost
    http.request.method: POST
    url.scheme: http
    url.path: /api/checkout/preview
    network.protocol.version: 1.1
    http.route: api/checkout/preview
    http.response.status_code: 400
[22:29:11 INF] HTTP PUT /api/stores/019ea4d9-16fd-700f-b11c-dffd6722e56d/address responded 200 in 257.5610 ms
    telemetry.sdk.version: 1.14.0
[22:29:11 INF] Executing OkObjectResult, writing value of type 'Urbeat.Application.DTOs.AuthTokenResponseDto'.
    service.name: unknown_service:testhost
    telemetry.sdk.version: 1.14.0
[22:29:11 INF] Server fabio-mobile:44964:380a3d04 successfully reported itself as stopped in 0,0426 ms
    service.name: unknown_service:testhost
Instrumentation scope (ActivitySource):
Activity.TraceId:            08d52e850fa5d8ee8140593bbb072b32
    Name: Microsoft.AspNetCore
Activity.SpanId:             810f4fe2b3c4c42a
Resource associated with Activity:
Activity.TraceFlags:         Recorded
    telemetry.sdk.name: opentelemetry
Activity.DisplayName:        PATCH api/stores/{storeId}/delivery-config
    telemetry.sdk.language: dotnet
    telemetry.sdk.version: 1.14.0
Activity.Kind:               Server
    service.name: unknown_service:testhost
[22:29:11 INF] Server fabio-mobile:44964:380a3d04 has been stopped in total 0,6663 ms
Activity.StartTime:          2026-06-08T01:29:11.4571324Z
Activity.Duration:           00:00:00.1114686
Activity.TraceId:            2c3533c560d1b9c39d1522fe21daa427
Activity.TraceId:            58959eb09efcfa14b64557ba4db0c291
Activity.Tags:
Activity.TraceId:            0ddd300d6816d864268a625e9793c210
Activity.SpanId:             26d3c1a06d7e6d5a
    server.address: localhost
Activity.SpanId:             5390caa72164b326
Activity.SpanId:             87ac30ec4cbd1d4f
    http.request.method: PATCH
Activity.TraceFlags:         Recorded
    url.scheme: http
Activity.TraceFlags:         Recorded
Activity.TraceFlags:         Recorded
Activity.DisplayName:        POST api/stores/{storeId}/products
Activity.DisplayName:        POST api/checkout/preview
Activity.DisplayName:        POST api/auth/register/seller
Activity.Kind:               Server
Activity.Kind:               Server
[22:29:11 INF] Executed action Urbeat.WebApi.Controllers.AuthController.LoginCustomer (Urbeat.WebApi) in 68.0103ms
Activity.StartTime:          2026-06-08T01:29:11.3482085Z
    url.path: /api/stores/019ea4d9-178f-73aa-9b7f-23eaf064d6d0/delivery-config
Activity.Duration:           00:00:00.1535780
    network.protocol.version: 1.1
Activity.Tags:
    http.route: api/stores/{storeId}/delivery-config
    server.address: localhost
Activity.Kind:               Server
[22:29:11 INF] Executed endpoint 'Urbeat.WebApi.Controllers.AuthController.LoginCustomer (Urbeat.WebApi)'
    http.request.method: POST
Activity.StartTime:          2026-06-08T01:29:11.3120524Z
    url.scheme: http
Activity.Duration:           00:00:00.2240679
    url.path: /api/auth/register/seller
Activity.Tags:
    network.protocol.version: 1.1
    server.address: localhost
    http.route: api/auth/register/seller
    http.request.method: POST
    http.response.status_code: 201
    url.scheme: http
Instrumentation scope (ActivitySource):
    Name: Microsoft.AspNetCore
    url.path: /api/stores/019ea4d9-16a7-770a-ad09-2c633189bfc7/products
Resource associated with Activity:
    telemetry.sdk.name: opentelemetry
[22:29:11 INF] Request finished HTTP/1.1 PUT http://localhost/api/stores/019ea4d9-16fd-700f-b11c-dffd6722e56d/address - 200 null application/json; charset=utf-8 295.5106ms
    telemetry.sdk.language: dotnet
    telemetry.sdk.version: 1.14.0
    service.name: unknown_service:testhost
[22:29:11 INF] HTTP POST /api/auth/login/customer responded 200 in 112.9805 ms
    http.response.status_code: 200
    network.protocol.version: 1.1
Instrumentation scope (ActivitySource):
    Name: Microsoft.AspNetCore
Resource associated with Activity:
[22:29:11 INF] Server fabio-mobile:44964:0fb033d7 is starting the registered dispatchers: ServerWatchdog, ServerJobCancellationWatcher, Worker, DelayedJobScheduler, RecurringJobScheduler...
    telemetry.sdk.name: opentelemetry
[22:29:11 INF] Executing action method Urbeat.WebApi.Controllers.AuthController.RegisterCustomer (Urbeat.WebApi) - Validation state: Valid
    telemetry.sdk.language: dotnet
    telemetry.sdk.version: 1.14.0
    service.name: unknown_service:testhost
    http.route: api/stores/{storeId}/products
Activity.TraceId:            08d52e850fa5d8ee8140593bbb072b32
Activity.SpanId:             810f4fe2b3c4c42a
    http.response.status_code: 201
Activity.TraceFlags:         Recorded
Activity.DisplayName:        PATCH api/stores/{storeId}/delivery-config
Activity.Kind:               Server
Instrumentation scope (ActivitySource):
Activity.StartTime:          2026-06-08T01:29:11.4571324Z
Activity.Duration:           00:00:00.1114686
Activity.Tags:
    server.address: localhost
    http.request.method: PATCH
    url.scheme: http
    url.path: /api/stores/019ea4d9-178f-73aa-9b7f-23eaf064d6d0/delivery-config
    network.protocol.version: 1.1
    http.route: api/stores/{storeId}/delivery-config
    http.response.status_code: 200
Activity.StartTime:          2026-06-08T01:29:11.3825128Z
Instrumentation scope (ActivitySource):
    Name: Microsoft.AspNetCore
[22:29:11 INF] Request finished HTTP/1.1 POST http://localhost/api/auth/login/customer - 200 null application/json; charset=utf-8 124.0858ms
Activity.Duration:           00:00:00.1535896
Resource associated with Activity:
Activity.Tags:
    telemetry.sdk.name: opentelemetry
    server.address: localhost
    telemetry.sdk.language: dotnet
    http.request.method: POST
    telemetry.sdk.version: 1.14.0
    url.scheme: http
    service.name: unknown_service:testhost
    url.path: /api/checkout/preview
Activity.TraceId:            ec42ec163ebe18de43cfed2de07f1e3e
    network.protocol.version: 1.1
Activity.SpanId:             1dc6c4ed7bc77350
    http.route: api/checkout/preview
Activity.TraceFlags:         Recorded
    http.response.status_code: 400
Activity.DisplayName:        PUT api/stores/{storeId}/address
Instrumentation scope (ActivitySource):
Activity.Kind:               Server
    Name: Microsoft.AspNetCore
Resource associated with Activity:
Activity.StartTime:          2026-06-08T01:29:11.2741724Z
    telemetry.sdk.name: opentelemetry
Activity.Duration:           00:00:00.3063095
    telemetry.sdk.language: dotnet
Activity.Tags:
    telemetry.sdk.version: 1.14.0
    server.address: localhost
    service.name: unknown_service:testhost
    http.request.method: PUT
    Name: Microsoft.AspNetCore
Resource associated with Metrics:
Resource associated with Activity:
	telemetry.sdk.name: opentelemetry
    telemetry.sdk.name: opentelemetry
	telemetry.sdk.language: dotnet
    telemetry.sdk.language: dotnet
	telemetry.sdk.version: 1.14.0
    telemetry.sdk.version: 1.14.0
    service.name: unknown_service:testhost
	service.name: unknown_service:testhost
Activity.TraceId:            2c3533c560d1b9c39d1522fe21daa427
Activity.SpanId:             5390caa72164b326
Metric Name: http.server.active_requests, Description: Number of active HTTP server requests., Unit: {request}, Metric Type: LongSumNonMonotonic
Instrumentation scope (Meter):
	Name: Microsoft.AspNetCore.Hosting
Activity.TraceFlags:         Recorded
    url.scheme: http
Activity.DisplayName:        POST api/stores/{storeId}/products
(2026-06-08T01:29:04.1532344Z, 2026-06-08T01:29:11.5805281Z] http.request.method: GET url.scheme: http
Value: 0
    url.path: /api/stores/019ea4d9-16fd-700f-b11c-dffd6722e56d/address
Activity.Kind:               Server
    network.protocol.version: 1.1
(2026-06-08T01:29:04.1532344Z, 2026-06-08T01:29:11.5805281Z] http.request.method: POST url.scheme: http
Value: 2
    http.route: api/stores/{storeId}/address
Activity.StartTime:          2026-06-08T01:29:11.3120524Z
(2026-06-08T01:29:04.1532344Z, 2026-06-08T01:29:11.5805281Z] http.request.method: PUT url.scheme: http
Value: 0
    http.response.status_code: 200
(2026-06-08T01:29:04.1532344Z, 2026-06-08T01:29:11.5805281Z] http.request.method: PATCH url.scheme: http
Value: 0
Activity.Duration:           00:00:00.2240679
(2026-06-08T01:29:04.1532344Z, 2026-06-08T01:29:11.5805281Z] http.request.method: DELETE url.scheme: http
Value: 0
Instrumentation scope (ActivitySource):
Metric Name: http.server.request.duration, Description: Duration of HTTP server requests., Unit: s, Metric Type: Histogram
Instrumentation scope (Meter):
    Name: Microsoft.AspNetCore
Activity.Tags:
Resource associated with Activity:
	Name: Microsoft.AspNetCore.Hosting
    server.address: localhost
    telemetry.sdk.name: opentelemetry
    http.request.method: POST
    telemetry.sdk.language: dotnet
  Passed Urbeat.IntegrationTests.Api.SellerSubscriptionContractFlowTests.Contract_ShouldReturnBadRequest_WhenPlanIsInactive [974 ms]
    url.scheme: http
  Passed Urbeat.IntegrationTests.Api.PublicCatalogFlowTests.Public_ShouldReturnEmptyList_WhenStoreDoesNotExist [407 ms]
  Passed Urbeat.IntegrationTests.Api.StoreCategoriesFlowTests.Seller_ShouldCreateAndListCategories [779 ms]
  Passed Urbeat.IntegrationTests.Api.AuthenticationFlowTests.RefreshToken_ShouldReturnNewAccessToken_WhenCookieIsValid [793 ms]
  Failed Urbeat.IntegrationTests.Api.SubscriptionEnforcementFlowTests.OverdueSubscription_ShouldBlockStore_FromPublicAndCheckout [2 s]
  Error Message:
   Expected checkoutResponse.StatusCode to be HttpStatusCode.Conflict {value: 409}, but found HttpStatusCode.BadRequest {value: 400}.
  Stack Trace:
     at FluentAssertions.Execution.LateBoundTestFramework.Throw(String message)
   at FluentAssertions.Execution.DefaultAssertionStrategy.HandleFailure(String message)
   at FluentAssertions.Execution.AssertionScope.AddPreFormattedFailure(String formattedFailureMessage)
   at FluentAssertions.Execution.AssertionChain.FailWith(Func`1 getFailureReason)
   at FluentAssertions.Execution.AssertionChain.FailWith(Func`1 getFailureReason)
   at FluentAssertions.Execution.AssertionChain.FailWith(String message, Object[] args)
   at FluentAssertions.Primitives.EnumAssertions`2.Be(TEnum expected, String because, Object[] becauseArgs)
   at Urbeat.IntegrationTests.Api.SubscriptionEnforcementFlowTests.OverdueSubscription_ShouldBlockStore_FromPublicAndCheckout() in C:\Projetos\urbeat\backend\tests\Urbeat.IntegrationTests\Api\SubscriptionEnforcementFlowTests.cs:line 97
--- End of stack trace from previous location ---
    telemetry.sdk.version: 1.14.0
    url.path: /api/stores/019ea4d9-16a7-770a-ad09-2c633189bfc7/products
    service.name: unknown_service:testhost
    network.protocol.version: 1.1
    http.route: api/stores/{storeId}/products
    http.response.status_code: 201
(2026-06-08T01:29:04.1532575Z, 2026-06-08T01:29:11.5805587Z] http.request.method: GET http.response.status_code: 401 http.route: api/stores/{storeId}/categories network.protocol.version: 1.1 url.scheme: http
Value: Sum: 0.1887134 Count: 1 Min: 0.1887134 Max: 0.1887134 
(-Infinity,0,005]:0
(0,005,0,01]:0
(0,01,0,025]:0
(0,025,0,05]:0
(0,05,0,075]:0
(0,075,0,1]:0
(0,1,0,25]:1
(0,25,0,5]:0
(0,5,0,75]:0
(0,75,1]:0
(1,2,5]:0
(2,5,5]:0
(5,7,5]:0
(7,5,10]:0
(10,+Infinity]:0
Instrumentation scope (ActivitySource):
    Name: Microsoft.AspNetCore
Resource associated with Activity:
    telemetry.sdk.name: opentelemetry
    telemetry.sdk.language: dotnet
Activity.TraceId:            310622f24db1b6e9a97b750ff56c4ffb
Activity.TraceId:            ec42ec163ebe18de43cfed2de07f1e3e
(2026-06-08T01:29:04.1532575Z, 2026-06-08T01:29:11.5805587Z] http.request.method: GET http.response.status_code: 403 http.route: api/customer/home network.protocol.version: 1.1 url.scheme: http
Value: Sum: 0.1794913 Count: 1 Min: 0.1794913 Max: 0.1794913 
(-Infinity,0,005]:0
(0,005,0,01]:0
(0,01,0,025]:0
(0,025,0,05]:0
(0,05,0,075]:0
(0,075,0,1]:0
(0,1,0,25]:1
(0,25,0,5]:0
(0,5,0,75]:0
(0,75,1]:0
(1,2,5]:0
(2,5,5]:0
(5,7,5]:0
(7,5,10]:0
(10,+Infinity]:0
Activity.SpanId:             1dc6c4ed7bc77350
    telemetry.sdk.version: 1.14.0
Activity.TraceFlags:         Recorded
Activity.SpanId:             ffe1d7e8d8edf39e
    service.name: unknown_service:testhost
Activity.DisplayName:        PUT api/stores/{storeId}/address
(2026-06-08T01:29:04.1532575Z, 2026-06-08T01:29:11.5805587Z] http.request.method: GET http.response.status_code: 400 http.route: api/address-lookup/cep/{cep} network.protocol.version: 1.1 url.scheme: http
Value: Sum: 0.214077 Count: 1 Min: 0.214077 Max: 0.214077 
(-Infinity,0,005]:0
(0,005,0,01]:0
(0,01,0,025]:0
(0,025,0,05]:0
(0,05,0,075]:0
(0,075,0,1]:0
(0,1,0,25]:1
(0,25,0,5]:0
(0,5,0,75]:0
(0,75,1]:0
(1,2,5]:0
(2,5,5]:0
(5,7,5]:0
(7,5,10]:0
(10,+Infinity]:0
Activity.Kind:               Server
(2026-06-08T01:29:04.1532575Z, 2026-06-08T01:29:11.5805587Z] http.request.method: GET http.response.status_code: 403 http.route: api/admin/dashboard network.protocol.version: 1.1 url.scheme: http
Value: Sum: 0.0062894 Count: 1 Min: 0.0062894 Max: 0.0062894 
(-Infinity,0,005]:0
(0,005,0,01]:1
(0,01,0,025]:0
(0,025,0,05]:0
(0,05,0,075]:0
(0,075,0,1]:0
(0,1,0,25]:0
(0,25,0,5]:0
(0,5,0,75]:0
(0,75,1]:0
(1,2,5]:0
(2,5,5]:0
(5,7,5]:0
(7,5,10]:0
(10,+Infinity]:0
Activity.TraceFlags:         Recorded
Activity.DisplayName:        POST api/auth/login/customer
Activity.StartTime:          2026-06-08T01:29:11.2741724Z
Activity.Kind:               Server
(2026-06-08T01:29:04.1532575Z, 2026-06-08T01:29:11.5805587Z] http.request.method: GET http.response.status_code: 403 http.route: api/seller/panel network.protocol.version: 1.1 url.scheme: http
Value: Sum: 0.0081006 Count: 1 Min: 0.0081006 Max: 0.0081006 
(-Infinity,0,005]:0
(0,005,0,01]:1
(0,01,0,025]:0
(0,025,0,05]:0
(0,05,0,075]:0
(0,075,0,1]:0
(0,1,0,25]:0
(0,25,0,5]:0
(0,5,0,75]:0
(0,75,1]:0
(1,2,5]:0
(2,5,5]:0
(5,7,5]:0
(7,5,10]:0
(10,+Infinity]:0
Activity.Duration:           00:00:00.3063095
Activity.StartTime:          2026-06-08T01:29:11.4563767Z
Activity.Tags:
Activity.Duration:           00:00:00.1242020
    server.address: localhost
Activity.Tags:
    http.request.method: PUT
(2026-06-08T01:29:04.1532575Z, 2026-06-08T01:29:11.5805587Z] http.request.method: GET http.response.status_code: 200 http.route: api/customer/home network.protocol.version: 1.1 url.scheme: http
Value: Sum: 0.0835938 Count: 1 Min: 0.0835938 Max: 0.0835938 
(-Infinity,0,005]:0
(0,005,0,01]:0
(0,01,0,025]:0
(0,025,0,05]:0
(0,05,0,075]:0
(0,075,0,1]:1
(0,1,0,25]:0
(0,25,0,5]:0
(0,5,0,75]:0
(0,75,1]:0
(1,2,5]:0
(2,5,5]:0
(5,7,5]:0
(7,5,10]:0
(10,+Infinity]:0
    url.scheme: http
    url.path: /api/stores/019ea4d9-16fd-700f-b11c-dffd6722e56d/address
    server.address: localhost
    network.protocol.version: 1.1
(2026-06-08T01:29:04.1532575Z, 2026-06-08T01:29:11.5805587Z] http.request.method: GET http.response.status_code: 200 http.route: api/admin/dashboard network.protocol.version: 1.1 url.scheme: http
Value: Sum: 0.0702009 Count: 1 Min: 0.0702009 Max: 0.0702009 
(-Infinity,0,005]:0
(0,005,0,01]:0
(0,01,0,025]:0
(0,025,0,05]:0
(0,05,0,075]:1
(0,075,0,1]:0
(0,1,0,25]:0
(0,25,0,5]:0
(0,5,0,75]:0
(0,75,1]:0
(1,2,5]:0
(2,5,5]:0
(5,7,5]:0
(7,5,10]:0
(10,+Infinity]:0
Activity.TraceId:            08d52e850fa5d8ee8140593bbb072b32
(2026-06-08T01:29:04.1532575Z, 2026-06-08T01:29:11.5805587Z] http.request.method: GET http.response.status_code: 200 http.route: api/seller/panel network.protocol.version: 1.1 url.scheme: http
Value: Sum: 0.0039645 Count: 1 Min: 0.0039645 Max: 0.0039645 
(-Infinity,0,005]:1
(0,005,0,01]:0
(0,01,0,025]:0
(0,025,0,05]:0
(0,05,0,075]:0
(0,075,0,1]:0
(0,1,0,25]:0
(0,25,0,5]:0
(0,5,0,75]:0
(0,75,1]:0
(1,2,5]:0
(2,5,5]:0
(5,7,5]:0
(7,5,10]:0
(10,+Infinity]:0
[22:29:11 INF] Request starting HTTP/1.1 PUT http://localhost/api/stores/019ea4d9-16fd-700f-b11c-dffd6722e56d/business-hours - application/json; charset=utf-8 null
Activity.SpanId:             810f4fe2b3c4c42a
(2026-06-08T01:29:04.1532575Z, 2026-06-08T01:29:11.5805587Z] http.request.method: GET http.response.status_code: 401 http.route: api/seller/panel network.protocol.version: 1.1 url.scheme: http
Value: Sum: 0.0475293 Count: 1 Min: 0.0475293 Max: 0.0475293 
(-Infinity,0,005]:0
(0,005,0,01]:0
(0,01,0,025]:0
(0,025,0,05]:1
(0,05,0,075]:0
(0,075,0,1]:0
(0,1,0,25]:0
(0,25,0,5]:0
(0,5,0,75]:0
(0,75,1]:0
(1,2,5]:0
(2,5,5]:0
(5,7,5]:0
(7,5,10]:0
(10,+Infinity]:0
Activity.TraceFlags:         Recorded
Activity.TraceId:            0ddd300d6816d864268a625e9793c210
(2026-06-08T01:29:04.1532575Z, 2026-06-08T01:29:11.5805587Z] http.request.method: POST http.response.status_code: 200 http.route: api/auth/login/admin network.protocol.version: 1.1 url.scheme: http
Value: Sum: 1.2113599 Count: 6 Min: 0.0830577 Max: 0.4766453 
(-Infinity,0,005]:0
(0,005,0,01]:0
(0,01,0,025]:0
(0,025,0,05]:0
(0,05,0,075]:0
(0,075,0,1]:1
(0,1,0,25]:4
(0,25,0,5]:1
(0,5,0,75]:0
(0,75,1]:0
(1,2,5]:0
(2,5,5]:0
(5,7,5]:0
(7,5,10]:0
(10,+Infinity]:0
Activity.DisplayName:        PATCH api/stores/{storeId}/delivery-config
Activity.SpanId:             87ac30ec4cbd1d4f
Activity.Kind:               Server
[22:29:11 INF] Request starting HTTP/1.1 POST http://localhost/api/customer/addresses - application/json; charset=utf-8 null
Activity.TraceFlags:         Recorded
(2026-06-08T01:29:04.1532575Z, 2026-06-08T01:29:11.5805587Z] http.request.method: POST http.response.status_code: 201 http.route: api/auth/register/seller network.protocol.version: 1.1 url.scheme: http
Value: Sum: 7.5555847000000025 Count: 27 Min: 0.0795934 Max: 0.6480225 
(-Infinity,0,005]:0
(0,005,0,01]:0
(0,01,0,025]:0
(0,025,0,05]:0
(0,05,0,075]:0
(0,075,0,1]:1
(0,1,0,25]:17
(0,25,0,5]:2
(0,5,0,75]:7
(0,75,1]:0
(1,2,5]:0
(2,5,5]:0
(5,7,5]:0
(7,5,10]:0
(10,+Infinity]:0
Activity.StartTime:          2026-06-08T01:29:11.4571324Z
Activity.DisplayName:        POST api/checkout/preview
Activity.Duration:           00:00:00.1114686
Activity.Kind:               Server
Activity.Tags:
(2026-06-08T01:29:04.1532575Z, 2026-06-08T01:29:11.5805587Z] http.request.method: POST http.response.status_code: 201 http.route: api/auth/register/customer network.protocol.version: 1.1 url.scheme: http
Value: Sum: 2.2656847 Count: 9 Min: 0.1042389 Max: 0.6151793 
(-Infinity,0,005]:0
(0,005,0,01]:0
(0,01,0,025]:0
(0,025,0,05]:0
(0,05,0,075]:0
(0,075,0,1]:0
(0,1,0,25]:5
(0,25,0,5]:3
(0,5,0,75]:1
(0,75,1]:0
(1,2,5]:0
(2,5,5]:0
(5,7,5]:0
(7,5,10]:0
(10,+Infinity]:0
Activity.StartTime:          2026-06-08T01:29:11.3825128Z
    server.address: localhost
[22:29:11 INF] Executed action method Urbeat.WebApi.Controllers.AuthController.RegisterSeller (Urbeat.WebApi), returned result Microsoft.AspNetCore.Mvc.ObjectResult in 125.5429ms.
    http.request.method: PATCH
    http.request.method: POST
(2026-06-08T01:29:04.1532575Z, 2026-06-08T01:29:11.5805587Z] http.request.method: GET http.response.status_code: 401 http.route: api/admin/dashboard network.protocol.version: 1.1 url.scheme: http
Value: Sum: 0.0472334 Count: 1 Min: 0.0472334 Max: 0.0472334 
(-Infinity,0,005]:0
(0,005,0,01]:0
(0,01,0,025]:0
(0,025,0,05]:1
(0,05,0,075]:0
(0,075,0,1]:0
(0,1,0,25]:0
(0,25,0,5]:0
(0,5,0,75]:0
(0,75,1]:0
(1,2,5]:0
(2,5,5]:0
(5,7,5]:0
(7,5,10]:0
(10,+Infinity]:0
    url.scheme: http
    url.path: /api/stores/019ea4d9-178f-73aa-9b7f-23eaf064d6d0/delivery-config
[22:29:11 WRN] Failed to process the job '3bed6327-a5a0-4c2d-bcd8-10c7c5c7c0a5': an exception occurred. Retry attempt 1 of 10 will be performed in 00:00:39.
System.ObjectDisposedException: Cannot access a disposed object.
Object name: 'IServiceProvider'.
   at Microsoft.Extensions.DependencyInjection.ServiceLookup.ThrowHelper.ThrowObjectDisposedException()
   at Microsoft.Extensions.DependencyInjection.ServiceProvider.CreateScope()
   at Hangfire.AspNetCore.AspNetCoreJobActivator.BeginScope(JobActivatorContext context) in C:\projects\hangfire-525\src\Hangfire.NetCore\AspNetCore\AspNetCoreJobActivator.cs:line 34
   at Hangfire.JobActivator.BeginScope(PerformContext context) in C:\projects\hangfire-525\src\Hangfire.Core\JobActivator.cs:line 66
   at Hangfire.Server.CoreBackgroundJobPerformer.Perform(PerformContext context) in C:\projects\hangfire-525\src\Hangfire.Core\Server\CoreBackgroundJobPerformer.cs:line 49
   at Hangfire.Server.BackgroundJobPerformer.InvokeNextServerFilter(Enumerator& enumerator, IBackgroundJobPerformer innerPerformer, PerformContext context, PerformingContext preContext) in C:\projects\hangfire-525\src\Hangfire.Core\Server\BackgroundJobPerformer.cs:line 133
   at Hangfire.Server.BackgroundJobPerformer.InvokeServerFilter(Enumerator& enumerator, IBackgroundJobPerformer innerPerformer, PerformContext context, PerformingContext preContext) in C:\projects\hangfire-525\src\Hangfire.Core\Server\BackgroundJobPerformer.cs:line 174
   at Hangfire.Server.BackgroundJobPerformer.InvokeNextServerFilter(Enumerator& enumerator, IBackgroundJobPerformer innerPerformer, PerformContext context, PerformingContext preContext) in C:\projects\hangfire-525\src\Hangfire.Core\Server\BackgroundJobPerformer.cs:line 130
   at Hangfire.Server.BackgroundJobPerformer.PerformJobWithFilters(PerformContext context, FilterCollection`1 filters) in C:\projects\hangfire-525\src\Hangfire.Core\Server\BackgroundJobPerformer.cs:line 119
   at Hangfire.Server.BackgroundJobPerformer.Perform(PerformContext context) in C:\projects\hangfire-525\src\Hangfire.Core\Server\BackgroundJobPerformer.cs:line 78
   at Hangfire.Server.Worker.PerformJob(BackgroundProcessContext context, IStorageConnection connection, String jobId, BackgroundJob backgroundJob, IReadOnlyDictionary`2& customData) in C:\projects\hangfire-525\src\Hangfire.Core\Server\Worker.cs:line 320
    http.route: api/stores/{storeId}/address
(2026-06-08T01:29:04.1532575Z, 2026-06-08T01:29:11.5805587Z] http.request.method: GET http.response.status_code: 401 http.route: api/customer/home network.protocol.version: 1.1 url.scheme: http
Value: Sum: 0.0376968 Count: 1 Min: 0.0376968 Max: 0.0376968 
(-Infinity,0,005]:0
(0,005,0,01]:0
(0,01,0,025]:0
(0,025,0,05]:1
(0,05,0,075]:0
(0,075,0,1]:0
(0,1,0,25]:0
(0,25,0,5]:0
(0,5,0,75]:0
(0,75,1]:0
(1,2,5]:0
(2,5,5]:0
(5,7,5]:0
(7,5,10]:0
(10,+Infinity]:0
    http.response.status_code: 200
Instrumentation scope (ActivitySource):
[22:29:11 INF] Executing endpoint 'Urbeat.WebApi.Controllers.StoreProductsController.Update (Urbeat.WebApi)'
(2026-06-08T01:29:04.1532575Z, 2026-06-08T01:29:11.5805587Z] http.request.method: POST http.response.status_code: 201 http.route: api/admin/plans network.protocol.version: 1.1 url.scheme: http
Value: Sum: 0.6144976 Count: 5 Min: 0.0746597 Max: 0.2358555 
(-Infinity,0,005]:0
(0,005,0,01]:0
(0,01,0,025]:0
(0,025,0,05]:0
(0,05,0,075]:1
(0,075,0,1]:2
(0,1,0,25]:2
(0,25,0,5]:0
(0,5,0,75]:0
(0,75,1]:0
(1,2,5]:0
(2,5,5]:0
(5,7,5]:0
(7,5,10]:0
(10,+Infinity]:0
    Name: Microsoft.AspNetCore
Resource associated with Activity:
    telemetry.sdk.name: opentelemetry
    telemetry.sdk.language: dotnet
    telemetry.sdk.version: 1.14.0
    service.name: unknown_service:testhost
(2026-06-08T01:29:04.1532575Z, 2026-06-08T01:29:11.5805587Z] http.request.method: POST http.response.status_code: 200 http.route: api/auth/login/customer network.protocol.version: 1.1 url.scheme: http
Value: Sum: 1.3005263 Count: 6 Min: 0.105938 Max: 0.2854274 
(-Infinity,0,005]:0
(0,005,0,01]:0
(0,01,0,025]:0
(0,025,0,05]:0
(0,05,0,075]:0
(0,075,0,1]:0
(0,1,0,25]:4
(0,25,0,5]:2
(0,5,0,75]:0
(0,75,1]:0
(1,2,5]:0
(2,5,5]:0
(5,7,5]:0
(7,5,10]:0
(10,+Infinity]:0
(2026-06-08T01:29:04.1532575Z, 2026-06-08T01:29:11.5805587Z] http.request.method: POST http.response.status_code: 200 http.route: api/auth/login/seller network.protocol.version: 1.1 url.scheme: http
Value: Sum: 3.5662521000000003 Count: 21 Min: 0.0901538 Max: 0.2976963 
(-Infinity,0,005]:0
(0,005,0,01]:0
(0,01,0,025]:0
(0,025,0,05]:0
(0,05,0,075]:0
(0,075,0,1]:2
(0,1,0,25]:17
(0,25,0,5]:2
(0,5,0,75]:0
(0,75,1]:0
(1,2,5]:0
(2,5,5]:0
(5,7,5]:0
(7,5,10]:0
(10,+Infinity]:0
Activity.TraceId:            ec42ec163ebe18de43cfed2de07f1e3e
Activity.SpanId:             1dc6c4ed7bc77350
Activity.TraceFlags:         Recorded
Activity.DisplayName:        PUT api/stores/{storeId}/address
Activity.Kind:               Server
Activity.StartTime:          2026-06-08T01:29:11.2741724Z
(2026-06-08T01:29:04.1532575Z, 2026-06-08T01:29:11.5805587Z] http.request.method: POST http.response.status_code: 400 http.route: api/auth/email/confirm/{code} network.protocol.version: 1.1 url.scheme: http
Value: Sum: 0.3338337 Count: 4 Min: 0.0280381 Max: 0.2124374 
(-Infinity,0,005]:0
(0,005,0,01]:0
(0,01,0,025]:0
(0,025,0,05]:2
(0,05,0,075]:1
(0,075,0,1]:0
(0,1,0,25]:1
(0,25,0,5]:0
(0,5,0,75]:0
(0,75,1]:0
(1,2,5]:0
(2,5,5]:0
(5,7,5]:0
(7,5,10]:0
(10,+Infinity]:0
Activity.Duration:           00:00:00.3063095
Activity.Tags:
    server.address: localhost
    http.request.method: PUT
    url.scheme: http
    url.path: /api/stores/019ea4d9-16fd-700f-b11c-dffd6722e56d/address
    network.protocol.version: 1.1
    http.route: api/stores/{storeId}/address
(2026-06-08T01:29:04.1532575Z, 2026-06-08T01:29:11.5805587Z] http.request.method: POST http.response.status_code: 400 http.route: api/auth/email/resend-confirmation network.protocol.version: 1.1 url.scheme: http
Value: Sum: 0.2919295 Count: 2 Min: 0.0771669 Max: 0.2147626 
(-Infinity,0,005]:0
(0,005,0,01]:0
(0,01,0,025]:0
(0,025,0,05]:0
(0,05,0,075]:0
(0,075,0,1]:1
(0,1,0,25]:1
(0,25,0,5]:0
(0,5,0,75]:0
(0,75,1]:0
(1,2,5]:0
(2,5,5]:0
(5,7,5]:0
(7,5,10]:0
(10,+Infinity]:0
    http.response.status_code: 200
Instrumentation scope (ActivitySource):
    Name: Microsoft.AspNetCore
Resource associated with Activity:
    telemetry.sdk.name: opentelemetry
    telemetry.sdk.language: dotnet
    telemetry.sdk.version: 1.14.0
    service.name: unknown_service:testhost
(2026-06-08T01:29:04.1532575Z, 2026-06-08T01:29:11.5805587Z] http.request.method: PUT http.response.status_code: 200 http.route: api/admin/plans/{planId} network.protocol.version: 1.1 url.scheme: http
Value: Sum: 0.0809147 Count: 1 Min: 0.0809147 Max: 0.0809147 
(-Infinity,0,005]:0
(0,005,0,01]:0
(0,01,0,025]:0
(0,025,0,05]:0
(0,05,0,075]:0
(0,075,0,1]:1
(0,1,0,25]:0
(0,25,0,5]:0
(0,5,0,75]:0
(0,75,1]:0
(1,2,5]:0
(2,5,5]:0
(5,7,5]:0
(7,5,10]:0
(10,+Infinity]:0
Activity.TraceId:            ec42ec163ebe18de43cfed2de07f1e3e
Activity.SpanId:             1dc6c4ed7bc77350
Activity.TraceFlags:         Recorded
Activity.DisplayName:        PUT api/stores/{storeId}/address
Activity.Kind:               Server
Activity.StartTime:          2026-06-08T01:29:11.2741724Z
Activity.Duration:           00:00:00.3063095
Activity.Tags:
    server.address: localhost
    http.request.method: PUT
Activity.Duration:           00:00:00.1535896
(2026-06-08T01:29:04.1532575Z, 2026-06-08T01:29:11.5805587Z] http.request.method: PATCH http.response.status_code: 200 http.route: api/admin/plans/{planId}/status network.protocol.version: 1.1 url.scheme: http
Value: Sum: 0.0077534 Count: 1 Min: 0.0077534 Max: 0.0077534 
(-Infinity,0,005]:0
(0,005,0,01]:1
(0,01,0,025]:0
(0,025,0,05]:0
(0,05,0,075]:0
(0,075,0,1]:0
(0,1,0,25]:0
(0,25,0,5]:0
(0,5,0,75]:0
(0,75,1]:0
(1,2,5]:0
(2,5,5]:0
(5,7,5]:0
(7,5,10]:0
(10,+Infinity]:0
Activity.Tags:
    url.scheme: http
    server.address: localhost
    http.request.method: POST
    url.scheme: http
    url.path: /api/checkout/preview
(2026-06-08T01:29:04.1532575Z, 2026-06-08T01:29:11.5805587Z] http.request.method: GET http.response.status_code: 200 http.route: /health network.protocol.version: 1.1 url.scheme: http
Value: Sum: 0.0093709 Count: 1 Min: 0.0093709 Max: 0.0093709 
(-Infinity,0,005]:0
(0,005,0,01]:1
(0,01,0,025]:0
(0,025,0,05]:0
(0,05,0,075]:0
(0,075,0,1]:0
(0,1,0,25]:0
(0,25,0,5]:0
(0,5,0,75]:0
(0,75,1]:0
(1,2,5]:0
(2,5,5]:0
(5,7,5]:0
(7,5,10]:0
(10,+Infinity]:0
    network.protocol.version: 1.1
    url.path: /api/stores/019ea4d9-16fd-700f-b11c-dffd6722e56d/address
    network.protocol.version: 1.1
    url.scheme: http
    http.route: api/checkout/preview
    http.route: api/stores/{storeId}/address
    url.path: /api/auth/login/customer
    http.response.status_code: 400
    network.protocol.version: 1.1
(2026-06-08T01:29:04.1532575Z, 2026-06-08T01:29:11.5805587Z] http.request.method: POST http.response.status_code: 400 http.route: api/stores network.protocol.version: 1.1 url.scheme: http
Value: Sum: 0.2921478 Count: 2 Min: 0.0445437 Max: 0.2476041 
(-Infinity,0,005]:0
(0,005,0,01]:0
(0,01,0,025]:0
(0,025,0,05]:1
(0,05,0,075]:0
(0,075,0,1]:0
(0,1,0,25]:1
(0,25,0,5]:0
(0,5,0,75]:0
(0,75,1]:0
(1,2,5]:0
(2,5,5]:0
(5,7,5]:0
(7,5,10]:0
(10,+Infinity]:0
Instrumentation scope (ActivitySource):
    http.route: api/auth/login/customer
    network.protocol.version: 1.1
    http.response.status_code: 200
    Name: Microsoft.AspNetCore
Instrumentation scope (ActivitySource):
Resource associated with Activity:
    http.route: api/stores/{storeId}/delivery-config
    telemetry.sdk.name: opentelemetry
    http.response.status_code: 200
(2026-06-08T01:29:04.1532575Z, 2026-06-08T01:29:11.5805587Z] http.request.method: GET http.response.status_code: 200 http.route: api/stores/cuisine-types network.protocol.version: 1.1 url.scheme: http
Value: Sum: 0.1734619 Count: 1 Min: 0.1734619 Max: 0.1734619 
(-Infinity,0,005]:0
(0,005,0,01]:0
(0,01,0,025]:0
(0,025,0,05]:0
(0,05,0,075]:0
(0,075,0,1]:0
(0,1,0,25]:1
(0,25,0,5]:0
(0,5,0,75]:0
(0,75,1]:0
(1,2,5]:0
(2,5,5]:0
(5,7,5]:0
(7,5,10]:0
(10,+Infinity]:0
    http.response.status_code: 200
Instrumentation scope (ActivitySource):
    Name: Microsoft.AspNetCore
Resource associated with Activity:
    Name: Microsoft.AspNetCore
    telemetry.sdk.name: opentelemetry
    telemetry.sdk.language: dotnet
Resource associated with Activity:
    telemetry.sdk.version: 1.14.0
    telemetry.sdk.name: opentelemetry
(2026-06-08T01:29:04.1532575Z, 2026-06-08T01:29:11.5805587Z] http.request.method: POST http.response.status_code: 201 http.route: api/customer/addresses network.protocol.version: 1.1 url.scheme: http
Value: Sum: 1.0465839 Count: 8 Min: 0.0676852 Max: 0.3100963 
(-Infinity,0,005]:0
(0,005,0,01]:0
(0,01,0,025]:0
(0,025,0,05]:0
(0,05,0,075]:1
(0,075,0,1]:2
(0,1,0,25]:4
(0,25,0,5]:1
(0,5,0,75]:0
(0,75,1]:0
(1,2,5]:0
(2,5,5]:0
(5,7,5]:0
(7,5,10]:0
(10,+Infinity]:0
    service.name: unknown_service:testhost
    telemetry.sdk.language: dotnet
    telemetry.sdk.version: 1.14.0
Activity.TraceId:            310622f24db1b6e9a97b750ff56c4ffb
    service.name: unknown_service:testhost
(2026-06-08T01:29:04.1532575Z, 2026-06-08T01:29:11.5805587Z] http.request.method: POST http.response.status_code: 415 http.route: api/auth/email/confirm network.protocol.version: 1.1 url.scheme: http
Value: Sum: 0.1076132 Count: 2 Min: 0.0021767 Max: 0.1054365 
(-Infinity,0,005]:1
(0,005,0,01]:0
(0,01,0,025]:0
(0,025,0,05]:0
(0,05,0,075]:0
(0,075,0,1]:0
(0,1,0,25]:1
(0,25,0,5]:0
(0,5,0,75]:0
(0,75,1]:0
(1,2,5]:0
(2,5,5]:0
(5,7,5]:0
(7,5,10]:0
(10,+Infinity]:0
    telemetry.sdk.language: dotnet
    telemetry.sdk.version: 1.14.0
    service.name: unknown_service:testhost
Instrumentation scope (ActivitySource):
Activity.TraceId:            ec42ec163ebe18de43cfed2de07f1e3e
    Name: Microsoft.AspNetCore
Resource associated with Activity:
Activity.SpanId:             1dc6c4ed7bc77350
    telemetry.sdk.name: opentelemetry
(2026-06-08T01:29:04.1532575Z, 2026-06-08T01:29:11.5805587Z] http.request.method: POST http.response.status_code: 201 http.route: api/stores network.protocol.version: 1.1 url.scheme: http
Value: Sum: 3.5342767999999998 Count: 18 Min: 0.0656982 Max: 0.4716885 
(-Infinity,0,005]:0
(0,005,0,01]:0
(0,01,0,025]:0
(0,025,0,05]:0
(0,05,0,075]:2
(0,075,0,1]:2
(0,1,0,25]:9
(0,25,0,5]:5
(0,5,0,75]:0
(0,75,1]:0
(1,2,5]:0
(2,5,5]:0
(5,7,5]:0
(7,5,10]:0
(10,+Infinity]:0
Activity.TraceFlags:         Recorded
    telemetry.sdk.language: dotnet
    telemetry.sdk.version: 1.14.0
Activity.TraceId:            0ddd300d6816d864268a625e9793c210
    service.name: unknown_service:testhost
Activity.DisplayName:        PUT api/stores/{storeId}/address
Activity.SpanId:             87ac30ec4cbd1d4f
Activity.Kind:               Server
Activity.TraceFlags:         Recorded
Activity.StartTime:          2026-06-08T01:29:11.2741724Z
Activity.DisplayName:        POST api/checkout/preview
Activity.TraceId:            08d52e850fa5d8ee8140593bbb072b32
Activity.SpanId:             810f4fe2b3c4c42a
Activity.TraceFlags:         Recorded
Activity.SpanId:             ffe1d7e8d8edf39e
Activity.DisplayName:        PATCH api/stores/{storeId}/delivery-config
Activity.Kind:               Server
Activity.TraceFlags:         Recorded
Activity.DisplayName:        POST api/auth/login/customer
Activity.Kind:               Server
Activity.Kind:               Server
Activity.StartTime:          2026-06-08T01:29:11.4571324Z
Activity.StartTime:          2026-06-08T01:29:11.4563767Z
Activity.Duration:           00:00:00.1114686
Activity.Tags:
Activity.Duration:           00:00:00.1242020
    server.address: localhost
Activity.Tags:
Activity.StartTime:          2026-06-08T01:29:11.3825128Z
(2026-06-08T01:29:04.1532575Z, 2026-06-08T01:29:11.5805587Z] http.request.method: GET http.response.status_code: 200 http.route: api/admin/plans network.protocol.version: 1.1 url.scheme: http
Value: Sum: 0.1440776 Count: 1 Min: 0.1440776 Max: 0.1440776 
(-Infinity,0,005]:0
(0,005,0,01]:0
(0,01,0,025]:0
(0,025,0,05]:0
(0,05,0,075]:0
(0,075,0,1]:0
(0,1,0,25]:1
(0,25,0,5]:0
(0,5,0,75]:0
(0,75,1]:0
(1,2,5]:0
(2,5,5]:0
(5,7,5]:0
(7,5,10]:0
(10,+Infinity]:0
    server.address: localhost
    http.request.method: POST
    url.scheme: http
Activity.Duration:           00:00:00.3063095
    url.path: /api/auth/login/customer
Activity.Tags:
    network.protocol.version: 1.1
    http.route: api/auth/login/customer
[22:29:11 INF] Server fabio-mobile:44964:0fb033d7 all the dispatchers started
    http.response.status_code: 200
Instrumentation scope (ActivitySource):
(2026-06-08T01:29:04.1532575Z, 2026-06-08T01:29:11.5805587Z] http.request.method: POST http.response.status_code: 200 http.route: api/auth/email/resend-confirmation network.protocol.version: 1.1 url.scheme: http
Value: Sum: 0.2775514 Count: 3 Min: 0.0689539 Max: 0.1048669 
(-Infinity,0,005]:0
(0,005,0,01]:0
(0,01,0,025]:0
(0,025,0,05]:0
(0,05,0,075]:1
(0,075,0,1]:0
(0,1,0,25]:2
(0,25,0,5]:0
(0,5,0,75]:0
(0,75,1]:0
(1,2,5]:0
(2,5,5]:0
(5,7,5]:0
(7,5,10]:0
(10,+Infinity]:0
Activity.Duration:           00:00:00.1535896
    Name: Microsoft.AspNetCore
Activity.Tags:
Resource associated with Activity:
    server.address: localhost
(2026-06-08T01:29:04.1532575Z, 2026-06-08T01:29:11.5805587Z] http.request.method: PATCH http.response.status_code: 200 http.route: api/stores/{storeId}/status network.protocol.version: 1.1 url.scheme: http
Value: Sum: 0.4358244 Count: 6 Min: 0.043708 Max: 0.111054 
(-Infinity,0,005]:0
(0,005,0,01]:0
(0,01,0,025]:0
(0,025,0,05]:1
(0,05,0,075]:3
(0,075,0,1]:1
(0,1,0,25]:1
(0,25,0,5]:0
(0,5,0,75]:0
(0,75,1]:0
(1,2,5]:0
(2,5,5]:0
(5,7,5]:0
(7,5,10]:0
(10,+Infinity]:0
    http.request.method: POST
    telemetry.sdk.name: opentelemetry
    http.request.method: PATCH
    url.scheme: http
    url.scheme: http
    url.path: /api/checkout/preview
    telemetry.sdk.language: dotnet
    url.path: /api/stores/019ea4d9-178f-73aa-9b7f-23eaf064d6d0/delivery-config
    telemetry.sdk.version: 1.14.0
    network.protocol.version: 1.1
    network.protocol.version: 1.1
(2026-06-08T01:29:04.1532575Z, 2026-06-08T01:29:11.5805587Z] http.request.method: PATCH http.response.status_code: 200 http.route: api/stores/{storeId}/delivery-config network.protocol.version: 1.1 url.scheme: http
Value: Sum: 0.6901387999999999 Count: 6 Min: 0.0737496 Max: 0.144072 
(-Infinity,0,005]:0
(0,005,0,01]:0
(0,01,0,025]:0
(0,025,0,05]:0
(0,05,0,075]:1
(0,075,0,1]:1
(0,1,0,25]:4
(0,25,0,5]:0
(0,5,0,75]:0
(0,75,1]:0
(1,2,5]:0
(2,5,5]:0
(5,7,5]:0
(7,5,10]:0
(10,+Infinity]:0
    http.route: api/stores/{storeId}/delivery-config
    http.route: api/checkout/preview
    service.name: unknown_service:testhost
    http.response.status_code: 400
Instrumentation scope (ActivitySource):
    Name: Microsoft.AspNetCore
    http.response.status_code: 200
Resource associated with Activity:
Instrumentation scope (ActivitySource):
[22:29:11 WRN] Failed to determine the https port for redirect.
    Name: Microsoft.AspNetCore
Resource associated with Activity:
    server.address: localhost
[22:29:11 INF] HTTP POST /api/auth/register/seller responded 201 in 167.8101 ms
    http.request.method: PUT
    telemetry.sdk.name: opentelemetry
    url.scheme: http
    telemetry.sdk.language: dotnet
    url.path: /api/stores/019ea4d9-16fd-700f-b11c-dffd6722e56d/address
    telemetry.sdk.version: 1.14.0
    network.protocol.version: 1.1
    service.name: unknown_service:testhost
    http.route: api/stores/{storeId}/address
[22:29:11 WRN] Admin seeding skipped because the data store is unavailable.
System.InvalidOperationException: Relational-specific methods can only be used when the context is using a relational database provider.
   at Microsoft.EntityFrameworkCore.RelationalDatabaseFacadeExtensions.GetRelationalService[TService](IInfrastructure`1 databaseFacade)
   at Microsoft.EntityFrameworkCore.RelationalDatabaseFacadeExtensions.MigrateAsync(DatabaseFacade databaseFacade, CancellationToken cancellationToken)
   at Program.<Main>$(String[] args) in C:\Projetos\urbeat\backend\src\Urbeat.WebApi\Program.cs:line 42
(2026-06-08T01:29:04.1532575Z, 2026-06-08T01:29:11.5805587Z] http.request.method: DELETE http.response.status_code: 404 http.route: api/stores/{storeId}/categories/{categoryId} network.protocol.version: 1.1 url.scheme: http
Value: Sum: 0.1927955 Count: 1 Min: 0.1927955 Max: 0.1927955 
(-Infinity,0,005]:0
(0,005,0,01]:0
(0,01,0,025]:0
(0,025,0,05]:0
(0,05,0,075]:0
(0,075,0,1]:0
(0,1,0,25]:1
(0,25,0,5]:0
(0,5,0,75]:0
(0,75,1]:0
(1,2,5]:0
(2,5,5]:0
(5,7,5]:0
(7,5,10]:0
(10,+Infinity]:0
[22:29:11 INF] Saved 1 entities to in-memory store.
Activity.TraceId:            310622f24db1b6e9a97b750ff56c4ffb
Activity.SpanId:             ffe1d7e8d8edf39e
Activity.TraceFlags:         Recorded
[22:29:11 INF] Executing ObjectResult, writing value of type '<>f__AnonymousType2`3[[System.Nullable`1[[System.Guid, System.Private.CoreLib, Version=9.0.0.0, Culture=neutral, PublicKeyToken=7cec85d7bea7798e]], System.Private.CoreLib, Version=9.0.0.0, Culture=neutral, PublicKeyToken=7cec85d7bea7798e],[System.Boolean, System.Private.CoreLib, Version=9.0.0.0, Culture=neutral, PublicKeyToken=7cec85d7bea7798e],[System.String, System.Private.CoreLib, Version=9.0.0.0, Culture=neutral, PublicKeyToken=7cec85d7bea7798e]]'.
Activity.DisplayName:        POST api/auth/login/customer
Activity.Kind:               Server
(2026-06-08T01:29:04.1532575Z, 2026-06-08T01:29:11.5805587Z] http.request.method: GET http.response.status_code: 200 http.route: api/stores/my-store network.protocol.version: 1.1 url.scheme: http
Value: Sum: 0.37820180000000003 Count: 3 Min: 0.0368988 Max: 0.2033987 
(-Infinity,0,005]:0
(0,005,0,01]:0
(0,01,0,025]:0
(0,025,0,05]:1
(0,05,0,075]:0
(0,075,0,1]:0
(0,1,0,25]:2
(0,25,0,5]:0
(0,5,0,75]:0
(0,75,1]:0
(1,2,5]:0
(2,5,5]:0
(5,7,5]:0
(7,5,10]:0
(10,+Infinity]:0
[22:29:11 INF] Executing endpoint 'Urbeat.WebApi.Controllers.CustomerAddressesController.Create (Urbeat.WebApi)'
    telemetry.sdk.name: opentelemetry
(2026-06-08T01:29:04.1532575Z, 2026-06-08T01:29:11.5805587Z] http.request.method: POST http.response.status_code: 204 http.route: api/admin/subscriptions/status network.protocol.version: 1.1 url.scheme: http
Value: Sum: 0.2806839 Count: 2 Min: 0.0911552 Max: 0.1895287 
(-Infinity,0,005]:0
(0,005,0,01]:0
(0,01,0,025]:0
(0,025,0,05]:0
(0,05,0,075]:0
(0,075,0,1]:1
(0,1,0,25]:1
(0,25,0,5]:0
(0,5,0,75]:0
(0,75,1]:0
(1,2,5]:0
(2,5,5]:0
(5,7,5]:0
(7,5,10]:0
(10,+Infinity]:0
    telemetry.sdk.language: dotnet
    telemetry.sdk.version: 1.14.0
    service.name: unknown_service:testhost
(2026-06-08T01:29:04.1532575Z, 2026-06-08T01:29:11.5805587Z] http.request.method: POST http.response.status_code: 409 http.route: api/customer/addresses network.protocol.version: 1.1 url.scheme: http
Value: Sum: 0.0664064 Count: 1 Min: 0.0664064 Max: 0.0664064 
(-Infinity,0,005]:0
(0,005,0,01]:0
(0,01,0,025]:0
(0,025,0,05]:0
(0,05,0,075]:1
(0,075,0,1]:0
(0,1,0,25]:0
(0,25,0,5]:0
(0,5,0,75]:0
(0,75,1]:0
(1,2,5]:0
(2,5,5]:0
(5,7,5]:0
(7,5,10]:0
(10,+Infinity]:0
    http.response.status_code: 200
Activity.StartTime:          2026-06-08T01:29:11.4563767Z
Instrumentation scope (ActivitySource):
Activity.Duration:           00:00:00.1242020
    Name: Microsoft.AspNetCore
Activity.Tags:
(2026-06-08T01:29:04.1532575Z, 2026-06-08T01:29:11.5805587Z] http.request.method: GET http.response.status_code: 200 http.route: api/subscriptions/my network.protocol.version: 1.1 url.scheme: http
Value: Sum: 0.4010074 Count: 2 Min: 0.193226 Max: 0.2077814 
(-Infinity,0,005]:0
(0,005,0,01]:0
(0,01,0,025]:0
(0,025,0,05]:0
(0,05,0,075]:0
(0,075,0,1]:0
(0,1,0,25]:2
(0,25,0,5]:0
(0,5,0,75]:0
(0,75,1]:0
(1,2,5]:0
(2,5,5]:0
(5,7,5]:0
(7,5,10]:0
(10,+Infinity]:0
    server.address: localhost
Activity.TraceId:            08d52e850fa5d8ee8140593bbb072b32
    http.request.method: POST
    url.scheme: http
    url.path: /api/auth/login/customer
Activity.SpanId:             810f4fe2b3c4c42a
    network.protocol.version: 1.1
Activity.TraceFlags:         Recorded
    http.route: api/auth/login/customer
Activity.DisplayName:        PATCH api/stores/{storeId}/delivery-config
    http.response.status_code: 200
Activity.Kind:               Server
Activity.TraceId:            4ce4df55eb398f7342f5bb0cf8b6d51d
Activity.StartTime:          2026-06-08T01:29:11.4571324Z
Instrumentation scope (ActivitySource):
Activity.SpanId:             2f690e7bd4a1acd6
Activity.Duration:           00:00:00.1114686
Activity.TraceFlags:         Recorded
Activity.Tags:
    Name: Microsoft.AspNetCore
    server.address: localhost
Activity.DisplayName:        POST api/auth/register/seller
[22:29:11 INF] Executing endpoint 'Urbeat.WebApi.Controllers.StoresController.UpsertBusinessHours (Urbeat.WebApi)'
    http.request.method: PATCH
Activity.Kind:               Server
    url.scheme: http
(2026-06-08T01:29:04.1532575Z, 2026-06-08T01:29:11.5805587Z] http.request.method: GET http.response.status_code: 200 http.route: api/customer/addresses network.protocol.version: 1.1 url.scheme: http
Value: Sum: 0.1926895 Count: 1 Min: 0.1926895 Max: 0.1926895 
(-Infinity,0,005]:0
(0,005,0,01]:0
(0,01,0,025]:0
(0,025,0,05]:0
(0,05,0,075]:0
(0,075,0,1]:0
(0,1,0,25]:1
(0,25,0,5]:0
(0,5,0,75]:0
(0,75,1]:0
(1,2,5]:0
(2,5,5]:0
(5,7,5]:0
(7,5,10]:0
(10,+Infinity]:0
Activity.StartTime:          2026-06-08T01:29:11.4229399Z
Activity.Duration:           00:00:00.2210602
Activity.Tags:
    server.address: localhost
    http.request.method: POST
    url.scheme: http
[22:29:11 INF] Route matched with {action = "Update", controller = "StoreProducts"}. Executing controller action with signature System.Threading.Tasks.Task`1[Microsoft.AspNetCore.Mvc.IActionResult] Update(System.Guid, Urbeat.Application.DTOs.UpdateProductRequestDto, System.Threading.CancellationToken) on controller Urbeat.WebApi.Controllers.StoreProductsController (Urbeat.WebApi).
(2026-06-08T01:29:04.1532575Z, 2026-06-08T01:29:11.5805587Z] http.request.method: GET http.response.status_code: 200 http.route: api/subscriptions/plans network.protocol.version: 1.1 url.scheme: http
Value: Sum: 0.1021946 Count: 1 Min: 0.1021946 Max: 0.1021946 
(-Infinity,0,005]:0
(0,005,0,01]:0
(0,01,0,025]:0
(0,025,0,05]:0
(0,05,0,075]:0
(0,075,0,1]:0
(0,1,0,25]:1
(0,25,0,5]:0
(0,5,0,75]:0
(0,75,1]:0
(1,2,5]:0
(2,5,5]:0
(5,7,5]:0
(7,5,10]:0
(10,+Infinity]:0
    url.path: /api/auth/register/seller
    network.protocol.version: 1.1
    http.route: api/auth/register/seller
    http.response.status_code: 201
[22:29:11 INF] Saved 1 entities to in-memory store.
Instrumentation scope (ActivitySource):
    Name: Microsoft.AspNetCore
(2026-06-08T01:29:04.1532575Z, 2026-06-08T01:29:11.5805587Z] http.request.method: POST http.response.status_code: 201 http.route: api/subscriptions/contract network.protocol.version: 1.1 url.scheme: http
Value: Sum: 0.4037082 Count: 2 Min: 0.1357914 Max: 0.2679168 
(-Infinity,0,005]:0
(0,005,0,01]:0
(0,01,0,025]:0
(0,025,0,05]:0
(0,05,0,075]:0
(0,075,0,1]:0
(0,1,0,25]:1
(0,25,0,5]:1
(0,5,0,75]:0
(0,75,1]:0
(1,2,5]:0
(2,5,5]:0
(5,7,5]:0
(7,5,10]:0
(10,+Infinity]:0
Resource associated with Activity:
    telemetry.sdk.name: opentelemetry
[22:29:11 INF] USER_LOGGED_IN | Login succeeded | UserId=019ea4d9-17b9-7b58-bb3b-f04a00c7b697 | Email=catalog.flow.6362fbb14a7048e8b8cf1fdd9ddc4f3c@urbeat.local | Role=Seller | IP=null
    telemetry.sdk.language: dotnet
    telemetry.sdk.version: 1.14.0
(2026-06-08T01:29:04.1532575Z, 2026-06-08T01:29:11.5805587Z] http.request.method: POST http.response.status_code: 403 http.route: api/auth/login/customer network.protocol.version: 1.1 url.scheme: http
Value: Sum: 0.2102732 Count: 1 Min: 0.2102732 Max: 0.2102732 
(-Infinity,0,005]:0
(0,005,0,01]:0
(0,01,0,025]:0
(0,025,0,05]:0
(0,05,0,075]:0
(0,075,0,1]:0
(0,1,0,25]:1
(0,25,0,5]:0
(0,5,0,75]:0
(0,75,1]:0
(1,2,5]:0
(2,5,5]:0
(5,7,5]:0
(7,5,10]:0
(10,+Infinity]:0
    service.name: unknown_service:testhost
Activity.TraceId:            4ce4df55eb398f7342f5bb0cf8b6d51d
(2026-06-08T01:29:04.1532575Z, 2026-06-08T01:29:11.5805587Z] http.request.method: POST http.response.status_code: 409 http.route: api/stores network.protocol.version: 1.1 url.scheme: http
Value: Sum: 0.0766215 Count: 1 Min: 0.0766215 Max: 0.0766215 
(-Infinity,0,005]:0
(0,005,0,01]:0
(0,01,0,025]:0
(0,025,0,05]:0
(0,05,0,075]:0
(0,075,0,1]:1
(0,1,0,25]:0
(0,25,0,5]:0
(0,5,0,75]:0
(0,75,1]:0
(1,2,5]:0
(2,5,5]:0
(5,7,5]:0
(7,5,10]:0
(10,+Infinity]:0
Activity.SpanId:             2f690e7bd4a1acd6
Activity.TraceFlags:         Recorded
Activity.DisplayName:        POST api/auth/register/seller
Activity.Kind:               Server
(2026-06-08T01:29:04.1532575Z, 2026-06-08T01:29:11.5805587Z] http.request.method: POST http.response.status_code: 201 http.route: api/stores/{storeId}/categories network.protocol.version: 1.1 url.scheme: http
Value: Sum: 0.3703003 Count: 3 Min: 0.0702828 Max: 0.2265858 
(-Infinity,0,005]:0
(0,005,0,01]:0
(0,01,0,025]:0
(0,025,0,05]:0
(0,05,0,075]:2
(0,075,0,1]:0
(0,1,0,25]:1
(0,25,0,5]:0
(0,5,0,75]:0
(0,75,1]:0
(1,2,5]:0
(2,5,5]:0
(5,7,5]:0
(7,5,10]:0
(10,+Infinity]:0
Activity.StartTime:          2026-06-08T01:29:11.4229399Z
Activity.Duration:           00:00:00.2210602
Activity.Tags:
    server.address: localhost
    http.request.method: POST
    url.scheme: http
    url.path: /api/auth/register/seller
    network.protocol.version: 1.1
    http.route: api/auth/register/seller
    http.response.status_code: 201
Instrumentation scope (ActivitySource):
    Name: Microsoft.AspNetCore
Resource associated with Activity:
    telemetry.sdk.name: opentelemetry
    telemetry.sdk.language: dotnet
    telemetry.sdk.version: 1.14.0
    service.name: unknown_service:testhost
[22:29:11 INF] Route matched with {action = "Create", controller = "CustomerAddresses"}. Executing controller action with signature System.Threading.Tasks.Task`1[Microsoft.AspNetCore.Mvc.IActionResult] Create(Urbeat.Application.DTOs.UpsertCustomerAddressRequestDto, System.Threading.CancellationToken) on controller Urbeat.WebApi.Controllers.CustomerAddressesController (Urbeat.WebApi).
(2026-06-08T01:29:04.1532575Z, 2026-06-08T01:29:11.5805587Z] http.request.method: DELETE http.response.status_code: 204 http.route: api/stores/{storeId}/categories/{categoryId} network.protocol.version: 1.1 url.scheme: http
Value: Sum: 0.1598871 Count: 1 Min: 0.1598871 Max: 0.1598871 
(-Infinity,0,005]:0
(0,005,0,01]:0
(0,01,0,025]:0
(0,025,0,05]:0
(0,05,0,075]:0
(0,075,0,1]:0
(0,1,0,25]:1
(0,25,0,5]:0
(0,5,0,75]:0
(0,75,1]:0
(1,2,5]:0
(2,5,5]:0
(5,7,5]:0
(7,5,10]:0
(10,+Infinity]:0
[22:29:11 INF] Executed action Urbeat.WebApi.Controllers.AuthController.RegisterSeller (Urbeat.WebApi) in 223.6647ms
(2026-06-08T01:29:04.1532575Z, 2026-06-08T01:29:11.5805587Z] http.request.method: POST http.response.status_code: 400 http.route: api/checkout/preview network.protocol.version: 1.1 url.scheme: http
Value: Sum: 0.47796879999999997 Count: 3 Min: 0.1399817 Max: 0.1847957 
(-Infinity,0,005]:0
(0,005,0,01]:0
(0,01,0,025]:0
(0,025,0,05]:0
(0,05,0,075]:0
(0,075,0,1]:0
(0,1,0,25]:3
(0,25,0,5]:0
(0,5,0,75]:0
(0,75,1]:0
(1,2,5]:0
(2,5,5]:0
(5,7,5]:0
(7,5,10]:0
(10,+Infinity]:0
(2026-06-08T01:29:04.1532575Z, 2026-06-08T01:29:11.5805587Z] http.request.method: POST http.response.status_code: 400 http.route: api/orders network.protocol.version: 1.1 url.scheme: http
Value: Sum: 0.2646367 Count: 2 Min: 0.1071399 Max: 0.1574968 
(-Infinity,0,005]:0
(0,005,0,01]:0
(0,01,0,025]:0
(0,025,0,05]:0
(0,05,0,075]:0
(0,075,0,1]:0
(0,1,0,25]:2
(0,25,0,5]:0
(0,5,0,75]:0
(0,75,1]:0
(1,2,5]:0
(2,5,5]:0
(5,7,5]:0
(7,5,10]:0
(10,+Infinity]:0
[22:29:11 INF] Executed endpoint 'Urbeat.WebApi.Controllers.AuthController.RegisterSeller (Urbeat.WebApi)'
(2026-06-08T01:29:04.1532575Z, 2026-06-08T01:29:11.5805587Z] http.request.method: GET http.response.status_code: 200 http.route: api/stores/{storeId}/categories network.protocol.version: 1.1 url.scheme: http
Value: Sum: 0.44175180000000003 Count: 4 Min: 0.0388313 Max: 0.1700696 
(-Infinity,0,005]:0
(0,005,0,01]:0
(0,01,0,025]:0
(0,025,0,05]:1
(0,05,0,075]:0
(0,075,0,1]:0
(0,1,0,25]:3
(0,25,0,5]:0
(0,5,0,75]:0
(0,75,1]:0
(1,2,5]:0
(2,5,5]:0
(5,7,5]:0
(7,5,10]:0
(10,+Infinity]:0
[22:29:11 INF] Executing endpoint 'Urbeat.WebApi.Controllers.AuthController.LoginAdmin (Urbeat.WebApi)'
(2026-06-08T01:29:04.1532575Z, 2026-06-08T01:29:11.5805587Z] http.request.method: POST http.response.status_code: 409 http.route: api/subscriptions/contract network.protocol.version: 1.1 url.scheme: http
Value: Sum: 0.0704267 Count: 1 Min: 0.0704267 Max: 0.0704267 
(-Infinity,0,005]:0
(0,005,0,01]:0
(0,01,0,025]:0
(0,025,0,05]:0
(0,05,0,075]:1
(0,075,0,1]:0
(0,1,0,25]:0
(0,25,0,5]:0
(0,5,0,75]:0
(0,75,1]:0
(1,2,5]:0
(2,5,5]:0
(5,7,5]:0
(7,5,10]:0
(10,+Infinity]:0
Resource associated with Activity:
Resource associated with Activity:
    telemetry.sdk.name: opentelemetry
(2026-06-08T01:29:04.1532575Z, 2026-06-08T01:29:11.5805587Z] http.request.method: POST http.response.status_code: 204 http.route: api/admin/subscriptions/notifications/process network.protocol.version: 1.1 url.scheme: http
Value: Sum: 0.2250846 Count: 1 Min: 0.2250846 Max: 0.2250846 
(-Infinity,0,005]:0
(0,005,0,01]:0
(0,01,0,025]:0
(0,025,0,05]:0
(0,05,0,075]:0
(0,075,0,1]:0
(0,1,0,25]:1
(0,25,0,5]:0
(0,5,0,75]:0
(0,75,1]:0
(1,2,5]:0
(2,5,5]:0
(5,7,5]:0
(7,5,10]:0
(10,+Infinity]:0
[22:29:11 INF] Saved 1 entities to in-memory store.
(2026-06-08T01:29:04.1532575Z, 2026-06-08T01:29:11.5805587Z] http.request.method: PUT http.response.status_code: 200 http.route: api/stores/{storeId}/business-hours network.protocol.version: 1.1 url.scheme: http
Value: Sum: 0.243374 Count: 1 Min: 0.243374 Max: 0.243374 
(-Infinity,0,005]:0
(0,005,0,01]:0
(0,01,0,025]:0
(0,025,0,05]:0
(0,05,0,075]:0
(0,075,0,1]:0
(0,1,0,25]:1
(0,25,0,5]:0
(0,5,0,75]:0
(0,75,1]:0
(1,2,5]:0
(2,5,5]:0
(5,7,5]:0
(7,5,10]:0
(10,+Infinity]:0
    url.path: /api/stores/019ea4d9-178f-73aa-9b7f-23eaf064d6d0/delivery-config
(2026-06-08T01:29:04.1532575Z, 2026-06-08T01:29:11.5805587Z] http.request.method: GET http.response.status_code: 200 http.route: api/public/stores network.protocol.version: 1.1 url.scheme: http
Value: Sum: 0.1439667 Count: 1 Min: 0.1439667 Max: 0.1439667 
(-Infinity,0,005]:0
(0,005,0,01]:0
(0,01,0,025]:0
(0,025,0,05]:0
(0,05,0,075]:0
(0,075,0,1]:0
(0,1,0,25]:1
(0,25,0,5]:0
(0,5,0,75]:0
(0,75,1]:0
(1,2,5]:0
(2,5,5]:0
(5,7,5]:0
(7,5,10]:0
(10,+Infinity]:0
    network.protocol.version: 1.1
[22:29:11 INF] Executing action method Urbeat.WebApi.Controllers.CustomerAddressesController.Create (Urbeat.WebApi) - Validation state: Valid
    http.route: api/stores/{storeId}/delivery-config
(2026-06-08T01:29:04.1532575Z, 2026-06-08T01:29:11.5805587Z] http.request.method: GET http.response.status_code: 200 http.route: api/stores/{storeId}/business-hours network.protocol.version: 1.1 url.scheme: http
Value: Sum: 0.0792573 Count: 1 Min: 0.0792573 Max: 0.0792573 
(-Infinity,0,005]:0
(0,005,0,01]:0
(0,01,0,025]:0
(0,025,0,05]:0
(0,05,0,075]:0
(0,075,0,1]:1
(0,1,0,25]:0
(0,25,0,5]:0
(0,5,0,75]:0
(0,75,1]:0
(1,2,5]:0
(2,5,5]:0
(5,7,5]:0
(7,5,10]:0
(10,+Infinity]:0
    telemetry.sdk.language: dotnet
    http.response.status_code: 200
(2026-06-08T01:29:04.1532575Z, 2026-06-08T01:29:11.5805587Z] http.request.method: PUT http.response.status_code: 200 http.route: api/stores/{storeId}/categories/{categoryId} network.protocol.version: 1.1 url.scheme: http
Value: Sum: 0.183621 Count: 1 Min: 0.183621 Max: 0.183621 
(-Infinity,0,005]:0
(0,005,0,01]:0
(0,01,0,025]:0
(0,025,0,05]:0
(0,05,0,075]:0
(0,075,0,1]:0
(0,1,0,25]:1
(0,25,0,5]:0
(0,5,0,75]:0
(0,75,1]:0
(1,2,5]:0
(2,5,5]:0
(5,7,5]:0
(7,5,10]:0
(10,+Infinity]:0
    telemetry.sdk.version: 1.14.0
[22:29:11 INF] HTTP POST /api/auth/register/seller responded 201 in 224.8664 ms
    service.name: unknown_service:testhost
(2026-06-08T01:29:04.1532575Z, 2026-06-08T01:29:11.5805587Z] http.request.method: GET http.response.status_code: 404 http.route: api/public/stores/{storeId} network.protocol.version: 1.1 url.scheme: http
Value: Sum: 0.1438145 Count: 1 Min: 0.1438145 Max: 0.1438145 
(-Infinity,0,005]:0
(0,005,0,01]:0
(0,01,0,025]:0
(0,025,0,05]:0
(0,05,0,075]:0
(0,075,0,1]:0
(0,1,0,25]:1
(0,25,0,5]:0
(0,5,0,75]:0
(0,75,1]:0
(1,2,5]:0
(2,5,5]:0
(5,7,5]:0
(7,5,10]:0
(10,+Infinity]:0
Instrumentation scope (ActivitySource):
    Name: Microsoft.AspNetCore
[22:29:11 INF] Saved 2 entities to in-memory store.
    telemetry.sdk.name: opentelemetry
Activity.TraceId:            ec42ec163ebe18de43cfed2de07f1e3e
    telemetry.sdk.language: dotnet
Activity.SpanId:             1dc6c4ed7bc77350
    telemetry.sdk.version: 1.14.0
[22:29:11 INF] Route matched with {action = "UpsertBusinessHours", controller = "Stores"}. Executing controller action with signature System.Threading.Tasks.Task`1[Microsoft.AspNetCore.Mvc.IActionResult] UpsertBusinessHours(System.Guid, Urbeat.Application.DTOs.UpsertStoreBusinessHoursRequestDto, System.Threading.CancellationToken) on controller Urbeat.WebApi.Controllers.StoresController (Urbeat.WebApi).
    service.name: unknown_service:testhost
(2026-06-08T01:29:04.1532575Z, 2026-06-08T01:29:11.5805587Z] http.request.method: PATCH http.response.status_code: 409 http.route: api/stores/{storeId}/status network.protocol.version: 1.1 url.scheme: http
Value: Sum: 0.1856852 Count: 1 Min: 0.1856852 Max: 0.1856852 
(-Infinity,0,005]:0
(0,005,0,01]:0
(0,01,0,025]:0
(0,025,0,05]:0
(0,05,0,075]:0
(0,075,0,1]:0
(0,1,0,25]:1
(0,25,0,5]:0
(0,5,0,75]:0
(0,75,1]:0
(1,2,5]:0
(2,5,5]:0
(5,7,5]:0
(7,5,10]:0
(10,+Infinity]:0
Activity.TraceFlags:         Recorded
Activity.TraceId:            310622f24db1b6e9a97b750ff56c4ffb
Activity.DisplayName:        PUT api/stores/{storeId}/address
Activity.TraceId:            4ce4df55eb398f7342f5bb0cf8b6d51d
Activity.SpanId:             ffe1d7e8d8edf39e
Activity.SpanId:             2f690e7bd4a1acd6
Resource associated with Activity:
Activity.TraceFlags:         Recorded
Activity.Kind:               Server
Activity.DisplayName:        POST api/auth/login/customer
Activity.TraceFlags:         Recorded
(2026-06-08T01:29:04.1532575Z, 2026-06-08T01:29:11.5805587Z] http.request.method: POST http.response.status_code: 400 http.route: api/subscriptions/contract network.protocol.version: 1.1 url.scheme: http
Value: Sum: 0.2019646 Count: 1 Min: 0.2019646 Max: 0.2019646 
(-Infinity,0,005]:0
(0,005,0,01]:0
(0,01,0,025]:0
(0,025,0,05]:0
(0,05,0,075]:0
(0,075,0,1]:0
(0,1,0,25]:1
(0,25,0,5]:0
(0,5,0,75]:0
(0,75,1]:0
(1,2,5]:0
(2,5,5]:0
(5,7,5]:0
(7,5,10]:0
(10,+Infinity]:0
Activity.StartTime:          2026-06-08T01:29:11.2741724Z
Activity.Kind:               Server
    telemetry.sdk.name: opentelemetry
Activity.Duration:           00:00:00.3063095
Activity.DisplayName:        POST api/auth/register/seller
Metric Name: dotnet.gc.collections, Description: The number of garbage collections that have occurred since the process has started., Unit: {collection}, Metric Type: LongSum
Activity.Kind:               Server
Instrumentation scope (Meter):
	Name: System.Runtime
Activity.StartTime:          2026-06-08T01:29:11.4229399Z
Activity.Duration:           00:00:00.2210602
(2026-06-08T01:29:04.1548828Z, 2026-06-08T01:29:11.5805600Z] gc.heap.generation: gen2
Value: 6
Activity.Tags:
Activity.Tags:
    server.address: localhost
    server.address: localhost
    http.request.method: PUT
    url.scheme: http
(2026-06-08T01:29:04.1548828Z, 2026-06-08T01:29:11.5805600Z] gc.heap.generation: gen1
Value: 15
    url.path: /api/stores/019ea4d9-16fd-700f-b11c-dffd6722e56d/address
    telemetry.sdk.language: dotnet
    http.request.method: POST
    telemetry.sdk.version: 1.14.0
    service.name: unknown_service:testhost
    url.scheme: http
(2026-06-08T01:29:04.1548828Z, 2026-06-08T01:29:11.5805600Z] gc.heap.generation: gen0
Value: 42
    network.protocol.version: 1.1
    http.route: api/stores/{storeId}/address
    url.path: /api/auth/register/seller
    http.response.status_code: 200
    network.protocol.version: 1.1
    http.route: api/auth/register/seller
Instrumentation scope (ActivitySource):
Activity.StartTime:          2026-06-08T01:29:11.4563767Z
    Name: Microsoft.AspNetCore
    http.response.status_code: 201
Resource associated with Activity:
Activity.Duration:           00:00:00.1242020
    telemetry.sdk.name: opentelemetry
Activity.Tags:
Instrumentation scope (ActivitySource):
    server.address: localhost
    telemetry.sdk.language: dotnet
    Name: Microsoft.AspNetCore
    telemetry.sdk.version: 1.14.0
    http.request.method: POST
Resource associated with Activity:
    service.name: unknown_service:testhost
    url.scheme: http
    url.path: /api/auth/login/customer
    network.protocol.version: 1.1
    http.route: api/auth/login/customer
Activity.TraceId:            ec42ec163ebe18de43cfed2de07f1e3e
Activity.SpanId:             1dc6c4ed7bc77350
    http.response.status_code: 200
Activity.TraceFlags:         Recorded
Instrumentation scope (ActivitySource):
Activity.DisplayName:        PUT api/stores/{storeId}/address
[22:29:11 INF] Route matched with {action = "LoginAdmin", controller = "Auth"}. Executing controller action with signature System.Threading.Tasks.Task`1[Microsoft.AspNetCore.Mvc.IActionResult] LoginAdmin(Urbeat.Application.DTOs.LoginRequestDto, System.Threading.CancellationToken) on controller Urbeat.WebApi.Controllers.AuthController (Urbeat.WebApi).
    Name: Microsoft.AspNetCore
Activity.Kind:               Server
Resource associated with Activity:
Activity.StartTime:          2026-06-08T01:29:11.2741724Z
    telemetry.sdk.name: opentelemetry
Metric Name: dotnet.process.memory.working_set, Description: The number of bytes of physical memory mapped to the process context., Unit: By, Metric Type: LongSumNonMonotonic
Activity.Duration:           00:00:00.3063095
    telemetry.sdk.name: opentelemetry
Activity.Tags:
    telemetry.sdk.language: dotnet
    server.address: localhost
    telemetry.sdk.version: 1.14.0
    http.request.method: PUT
    service.name: unknown_service:testhost
    url.scheme: http
    telemetry.sdk.language: dotnet
    telemetry.sdk.version: 1.14.0
    service.name: unknown_service:testhost
    url.path: /api/stores/019ea4d9-16fd-700f-b11c-dffd6722e56d/address
    network.protocol.version: 1.1
    http.route: api/stores/{storeId}/address
Activity.TraceId:            4ce4df55eb398f7342f5bb0cf8b6d51d
Activity.TraceId:            310622f24db1b6e9a97b750ff56c4ffb
Activity.SpanId:             2f690e7bd4a1acd6
    http.response.status_code: 200
Activity.SpanId:             ffe1d7e8d8edf39e
Instrumentation scope (ActivitySource):
Instrumentation scope (Meter):
    Name: Microsoft.AspNetCore
Activity.TraceFlags:         Recorded
	Name: System.Runtime
Activity.DisplayName:        POST api/auth/login/customer
Resource associated with Activity:
Activity.Kind:               Server
    telemetry.sdk.name: opentelemetry
Activity.StartTime:          2026-06-08T01:29:11.4563767Z
    telemetry.sdk.language: dotnet
Activity.Duration:           00:00:00.1242020
[22:29:11 INF] Executing action method Urbeat.WebApi.Controllers.StoreProductsController.Update (Urbeat.WebApi) - Validation state: Valid
    telemetry.sdk.version: 1.14.0
    service.name: unknown_service:testhost
Activity.Tags:
    server.address: localhost
[22:29:11 INF] User profile is available. Using 'C:\Users\intfa\AppData\Local\ASP.NET\DataProtection-Keys' as key repository and Windows DPAPI to encrypt keys at rest.
Activity.TraceFlags:         Recorded
    http.request.method: POST
Activity.TraceId:            ec42ec163ebe18de43cfed2de07f1e3e
    url.scheme: http
Activity.DisplayName:        POST api/auth/register/seller
    url.path: /api/auth/login/customer
Activity.Kind:               Server
[22:29:11 INF] Request finished HTTP/1.1 POST http://localhost/api/auth/register/seller - 201 null application/json; charset=utf-8 296.1054ms
Activity.StartTime:          2026-06-08T01:29:11.4229399Z
[22:29:11 INF] Saved 2 entities to in-memory store.
Activity.Duration:           00:00:00.2210602
Activity.Tags:
(2026-06-08T01:29:04.1549053Z, 2026-06-08T01:29:11.5805605Z]  
Value: 334839808
    server.address: localhost
[22:29:11 INF] Executing OkObjectResult, writing value of type 'Urbeat.Application.DTOs.AuthTokenResponseDto'.
Metric Name: dotnet.gc.heap.total_allocated, Description: The approximate number of bytes allocated on the managed GC heap since the process has started. The returned value does not include any native allocations., Unit: By, Metric Type: LongSum
    http.request.method: POST
    url.scheme: http
Instrumentation scope (Meter):
[22:29:11 INF] Saved 1 entities to in-memory store.
	Name: System.Runtime
    url.path: /api/auth/register/seller
    network.protocol.version: 1.1
    http.route: api/auth/register/seller
(2026-06-08T01:29:04.1550222Z, 2026-06-08T01:29:11.5805609Z]  
Value: 458206048
    http.response.status_code: 201
Metric Name: dotnet.gc.last_collection.memory.committed_size, Description: The amount of committed virtual memory in use by the .NET GC, as observed during the latest garbage collection., Unit: By, Metric Type: LongSumNonMonotonic
Instrumentation scope (Meter):
	Name: System.Runtime
Instrumentation scope (ActivitySource):
(2026-06-08T01:29:04.1550343Z, 2026-06-08T01:29:11.5805613Z]  
Value: 190517248
    Name: Microsoft.AspNetCore
Resource associated with Activity:
Metric Name: dotnet.gc.last_collection.heap.size, Description: The managed GC heap size (including fragmentation), as observed during the latest garbage collection., Unit: By, Metric Type: LongSumNonMonotonic
    telemetry.sdk.name: opentelemetry
Instrumentation scope (Meter):
	Name: System.Runtime
[22:29:11 INF] Executed action method Urbeat.WebApi.Controllers.CustomerAddressesController.Create (Urbeat.WebApi), returned result Microsoft.AspNetCore.Mvc.ObjectResult in 0.5286ms.
    telemetry.sdk.language: dotnet
(2026-06-08T01:29:04.1550455Z, 2026-06-08T01:29:11.5805619Z] gc.heap.generation: gen0
Value: 1730688
    telemetry.sdk.version: 1.14.0
(2026-06-08T01:29:04.1550455Z, 2026-06-08T01:29:11.5805619Z] gc.heap.generation: gen1
Value: 6308024
    service.name: unknown_service:testhost
(2026-06-08T01:29:04.1550455Z, 2026-06-08T01:29:11.5805619Z] gc.heap.generation: gen2
Value: 73985168
(2026-06-08T01:29:04.1550455Z, 2026-06-08T01:29:11.5805619Z] gc.heap.generation: loh
Value: 100175632
(2026-06-08T01:29:04.1550455Z, 2026-06-08T01:29:11.5805619Z] gc.heap.generation: poh
Value: 123736
Metric Name: dotnet.gc.last_collection.heap.fragmentation.size, Description: The heap fragmentation, as observed during the latest garbage collection., Unit: By, Metric Type: LongSumNonMonotonic
Instrumentation scope (Meter):
	Name: System.Runtime
[22:29:11 INF] CustomerRegistered | Registration succeeded | UserId=019ea4d9-189c-739d-9a6c-eb8c143ed1bb | Email=payments.customer.369482d873f042bd99d6d322b91f941c@urbeat.local | Role=Customer
(2026-06-08T01:29:04.1550577Z, 2026-06-08T01:29:11.5805623Z] gc.heap.generation: gen0
Value: 1730504
(2026-06-08T01:29:04.1550577Z, 2026-06-08T01:29:11.5805623Z] gc.heap.generation: gen1
Value: 2862200
(2026-06-08T01:29:04.1550577Z, 2026-06-08T01:29:11.5805623Z] gc.heap.generation: gen2
Value: 4393384
(2026-06-08T01:29:04.1550577Z, 2026-06-08T01:29:11.5805623Z] gc.heap.generation: loh
Value: 730952
(2026-06-08T01:29:04.1550577Z, 2026-06-08T01:29:11.5805623Z] gc.heap.generation: poh
Value: 0
Metric Name: dotnet.gc.pause.time, Description: The total amount of time paused in GC since the process has started., Unit: s, Metric Type: DoubleSum
Instrumentation scope (Meter):
	Name: System.Runtime
Activity.TraceId:            c5c3d22446e3094c54daa3bdbba603b6
(2026-06-08T01:29:04.1550788Z, 2026-06-08T01:29:11.5805634Z]  
Value: 0.591644
Activity.SpanId:             5575e146aea4adab
Metric Name: dotnet.jit.compiled_il.size, Description: Count of bytes of intermediate language that have been compiled since the process has started., Unit: By, Metric Type: LongSum
Activity.TraceFlags:         Recorded
Instrumentation scope (Meter):
Activity.DisplayName:        POST api/auth/register/seller
	Name: System.Runtime
Activity.Kind:               Server
(2026-06-08T01:29:04.1551122Z, 2026-06-08T01:29:11.5805639Z]  
Value: 2175580
[22:29:11 INF] Executing ObjectResult, writing value of type 'Urbeat.Application.DTOs.CustomerAddressResponseDto'.
Metric Name: dotnet.jit.compiled_methods, Description: The number of times the JIT compiler (re)compiled methods since the process has started., Unit: {method}, Metric Type: LongSum
Activity.StartTime:          2026-06-08T01:29:11.3846311Z
Instrumentation scope (Meter):
	Name: System.Runtime
Activity.Duration:           00:00:00.2964575
(2026-06-08T01:29:04.1551295Z, 2026-06-08T01:29:11.5805644Z]  
Value: 32816
Activity.Tags:
Metric Name: dotnet.jit.compilation.time, Description: The number of times the JIT compiler (re)compiled methods since the process has started., Unit: s, Metric Type: DoubleSum
    server.address: localhost
Instrumentation scope (Meter):
    http.request.method: POST
	Name: System.Runtime
    url.scheme: http
Activity.SpanId:             1dc6c4ed7bc77350
(2026-06-08T01:29:04.1551420Z, 2026-06-08T01:29:11.5805652Z]  
Value: 5.4396693
    url.path: /api/auth/register/seller
Activity.TraceFlags:         Recorded
    network.protocol.version: 1.1
Activity.DisplayName:        PUT api/stores/{storeId}/address
    http.route: api/auth/register/seller
Metric Name: dotnet.monitor.lock_contentions, Description: The number of times there was contention when trying to acquire a monitor lock since the process has started., Unit: {contention}, Metric Type: LongSum
Activity.Kind:               Server
Instrumentation scope (Meter):
    http.response.status_code: 201
Activity.StartTime:          2026-06-08T01:29:11.2741724Z
Instrumentation scope (ActivitySource):
Activity.Duration:           00:00:00.3063095
    Name: Microsoft.AspNetCore
Activity.Tags:
Resource associated with Activity:
    server.address: localhost
	Name: System.Runtime
    telemetry.sdk.name: opentelemetry
    http.request.method: PUT
    telemetry.sdk.language: dotnet
    url.scheme: http
    telemetry.sdk.version: 1.14.0
(2026-06-08T01:29:04.1551581Z, 2026-06-08T01:29:11.5805655Z]  
Value: 4739
    url.path: /api/stores/019ea4d9-16fd-700f-b11c-dffd6722e56d/address
    service.name: unknown_service:testhost
Metric Name: dotnet.thread_pool.thread.count, Description: The number of thread pool threads that currently exist., Unit: {thread}, Metric Type: LongSum
Instrumentation scope (Meter):
	Name: System.Runtime
    network.protocol.version: 1.1
Activity.TraceId:            c5c3d22446e3094c54daa3bdbba603b6
(2026-06-08T01:29:04.1551699Z, 2026-06-08T01:29:11.5805657Z]  
Value: 36
Activity.SpanId:             5575e146aea4adab
    http.route: api/stores/{storeId}/address
Metric Name: dotnet.thread_pool.work_item.count, Description: The number of work items that the thread pool has completed since the process has started., Unit: {work_item}, Metric Type: LongSum
Activity.TraceFlags:         Recorded
[22:29:11 INF] Executed action Urbeat.WebApi.Controllers.CustomerAddressesController.Create (Urbeat.WebApi) in 37.0213ms
Instrumentation scope (Meter):
Activity.DisplayName:        POST api/auth/register/seller
    http.response.status_code: 200
	Name: System.Runtime
    network.protocol.version: 1.1
Instrumentation scope (ActivitySource):
Activity.Kind:               Server
    http.route: api/auth/login/customer
(2026-06-08T01:29:04.1552762Z, 2026-06-08T01:29:11.5805662Z]  
Value: 1526
    http.response.status_code: 200
Activity.StartTime:          2026-06-08T01:29:11.3846311Z
    Name: Microsoft.AspNetCore
Activity.Duration:           00:00:00.2964575
[22:29:11 INF] Executed endpoint 'Urbeat.WebApi.Controllers.CustomerAddressesController.Create (Urbeat.WebApi)'
Activity.Tags:
Resource associated with Activity:
Instrumentation scope (ActivitySource):
    server.address: localhost
    telemetry.sdk.name: opentelemetry
    Name: Microsoft.AspNetCore
    http.request.method: POST
Resource associated with Activity:
    url.scheme: http
    telemetry.sdk.name: opentelemetry
    telemetry.sdk.language: dotnet
    url.path: /api/auth/register/seller
    telemetry.sdk.language: dotnet
Metric Name: dotnet.thread_pool.queue.length, Description: The number of work items that are currently queued to be processed by the thread pool., Unit: {work_item}, Metric Type: LongSum
    telemetry.sdk.version: 1.14.0
Instrumentation scope (Meter):
    service.name: unknown_service:testhost
	Name: System.Runtime
    network.protocol.version: 1.1
(2026-06-08T01:29:04.1553083Z, 2026-06-08T01:29:11.5805666Z]  
Value: 1
Activity.TraceId:            310622f24db1b6e9a97b750ff56c4ffb
    http.route: api/auth/register/seller
Metric Name: dotnet.timer.count, Description: The number of timer instances that are currently active. An active timer is registered to tick at some point in the future and has not yet been canceled., Unit: {timer}, Metric Type: LongSumNonMonotonic
Activity.TraceId:            4ce4df55eb398f7342f5bb0cf8b6d51d
    telemetry.sdk.version: 1.14.0
Activity.SpanId:             2f690e7bd4a1acd6
    service.name: unknown_service:testhost
    http.response.status_code: 201
Instrumentation scope (ActivitySource):
    Name: Microsoft.AspNetCore
Resource associated with Activity:
Activity.TraceFlags:         Recorded
    telemetry.sdk.name: opentelemetry
Activity.DisplayName:        POST api/auth/register/seller
[22:29:11 INF] HTTP POST /api/customer/addresses responded 201 in 72.2084 ms
Activity.Kind:               Server
    telemetry.sdk.language: dotnet
    telemetry.sdk.version: 1.14.0
    service.name: unknown_service:testhost
Activity.StartTime:          2026-06-08T01:29:11.4229399Z
Activity.SpanId:             ffe1d7e8d8edf39e
[22:29:11 INF] Executed action method Urbeat.WebApi.Controllers.AuthController.RegisterCustomer (Urbeat.WebApi), returned result Microsoft.AspNetCore.Mvc.ObjectResult in 101.0357ms.
Activity.TraceFlags:         Recorded
Activity.TraceId:            c5c3d22446e3094c54daa3bdbba603b6
Activity.DisplayName:        POST api/auth/login/customer
Activity.Duration:           00:00:00.2210602
Activity.SpanId:             5575e146aea4adab
Activity.Kind:               Server
Activity.TraceFlags:         Recorded
Activity.Tags:
    server.address: localhost
Instrumentation scope (Meter):
	Name: System.Runtime
Activity.StartTime:          2026-06-08T01:29:11.4563767Z
[22:29:11 INF] HTTP POST /api/auth/login/seller responded 200 in 144.1498 ms
(2026-06-08T01:29:04.1650196Z, 2026-06-08T01:29:11.5805669Z]  
Value: 32
Activity.Duration:           00:00:00.1242020
Metric Name: dotnet.assembly.count, Description: The number of .NET assemblies that are currently loaded., Unit: {assembly}, Metric Type: LongSumNonMonotonic
[22:29:11 WRN] Failed to process the job 'f9976bf3-95e4-4107-9917-be692b42f6e6': an exception occurred. Retry attempt 1 of 10 will be performed in 00:00:35.
System.ObjectDisposedException: Cannot access a disposed object.
Object name: 'IServiceProvider'.
   at Microsoft.Extensions.DependencyInjection.ServiceLookup.ThrowHelper.ThrowObjectDisposedException()
   at Microsoft.Extensions.DependencyInjection.ServiceProvider.CreateScope()
   at Hangfire.AspNetCore.AspNetCoreJobActivator.BeginScope(JobActivatorContext context) in C:\projects\hangfire-525\src\Hangfire.NetCore\AspNetCore\AspNetCoreJobActivator.cs:line 34
   at Hangfire.JobActivator.BeginScope(PerformContext context) in C:\projects\hangfire-525\src\Hangfire.Core\JobActivator.cs:line 66
   at Hangfire.Server.CoreBackgroundJobPerformer.Perform(PerformContext context) in C:\projects\hangfire-525\src\Hangfire.Core\Server\CoreBackgroundJobPerformer.cs:line 49
   at Hangfire.Server.BackgroundJobPerformer.InvokeNextServerFilter(Enumerator& enumerator, IBackgroundJobPerformer innerPerformer, PerformContext context, PerformingContext preContext) in C:\projects\hangfire-525\src\Hangfire.Core\Server\BackgroundJobPerformer.cs:line 133
   at Hangfire.Server.BackgroundJobPerformer.InvokeServerFilter(Enumerator& enumerator, IBackgroundJobPerformer innerPerformer, PerformContext context, PerformingContext preContext) in C:\projects\hangfire-525\src\Hangfire.Core\Server\BackgroundJobPerformer.cs:line 174
   at Hangfire.Server.BackgroundJobPerformer.InvokeNextServerFilter(Enumerator& enumerator, IBackgroundJobPerformer innerPerformer, PerformContext context, PerformingContext preContext) in C:\projects\hangfire-525\src\Hangfire.Core\Server\BackgroundJobPerformer.cs:line 130
   at Hangfire.Server.BackgroundJobPerformer.PerformJobWithFilters(PerformContext context, FilterCollection`1 filters) in C:\projects\hangfire-525\src\Hangfire.Core\Server\BackgroundJobPerformer.cs:line 119
   at Hangfire.Server.BackgroundJobPerformer.Perform(PerformContext context) in C:\projects\hangfire-525\src\Hangfire.Core\Server\BackgroundJobPerformer.cs:line 78
   at Hangfire.Server.Worker.PerformJob(BackgroundProcessContext context, IStorageConnection connection, String jobId, BackgroundJob backgroundJob, IReadOnlyDictionary`2& customData) in C:\projects\hangfire-525\src\Hangfire.Core\Server\Worker.cs:line 320
    http.request.method: POST
[22:29:11 INF] Executing action method Urbeat.WebApi.Controllers.AuthController.LoginAdmin (Urbeat.WebApi) - Validation state: Valid
    url.scheme: http
[22:29:11 INF] Request finished HTTP/1.1 POST http://localhost/api/customer/addresses - 201 null application/json; charset=utf-8 135.5513ms
    url.path: /api/auth/register/seller
    network.protocol.version: 1.1
Activity.Tags:
[22:29:11 INF] Executing action method Urbeat.WebApi.Controllers.StoresController.UpsertBusinessHours (Urbeat.WebApi) - Validation state: Valid
    server.address: localhost
    http.request.method: POST
    url.scheme: http
    url.path: /api/auth/login/customer
Instrumentation scope (Meter):
[22:29:11 INF] Saved 1 entities to in-memory store.
	Name: System.Runtime
    network.protocol.version: 1.1
    http.route: api/auth/login/customer
    http.response.status_code: 200
(2026-06-08T01:29:04.1650430Z, 2026-06-08T01:29:11.5805672Z]  
Value: 266
Instrumentation scope (ActivitySource):
Activity.DisplayName:        POST api/auth/register/seller
    Name: Microsoft.AspNetCore
Activity.Kind:               Server
Resource associated with Activity:
    http.route: api/auth/register/seller
    telemetry.sdk.name: opentelemetry
Activity.StartTime:          2026-06-08T01:29:11.3846311Z
    http.response.status_code: 201
Activity.Duration:           00:00:00.2964575
Instrumentation scope (ActivitySource):
    telemetry.sdk.language: dotnet
Activity.Tags:
    telemetry.sdk.version: 1.14.0
    server.address: localhost
    Name: Microsoft.AspNetCore
    http.request.method: POST
    service.name: unknown_service:testhost
    url.scheme: http
Resource associated with Activity:
    url.path: /api/auth/register/seller
    telemetry.sdk.name: opentelemetry
    telemetry.sdk.language: dotnet
Activity.TraceId:            310622f24db1b6e9a97b750ff56c4ffb
    network.protocol.version: 1.1
Activity.TraceId:            500c51d57037c159face9d9615ebd459
    http.route: api/auth/register/seller
Activity.SpanId:             ffe1d7e8d8edf39e
Activity.SpanId:             a362840e92f3e738
    http.response.status_code: 201
    telemetry.sdk.version: 1.14.0
[22:29:11 INF] Executing ObjectResult, writing value of type '<>f__AnonymousType2`3[[System.Nullable`1[[System.Guid, System.Private.CoreLib, Version=9.0.0.0, Culture=neutral, PublicKeyToken=7cec85d7bea7798e]], System.Private.CoreLib, Version=9.0.0.0, Culture=neutral, PublicKeyToken=7cec85d7bea7798e],[System.Boolean, System.Private.CoreLib, Version=9.0.0.0, Culture=neutral, PublicKeyToken=7cec85d7bea7798e],[System.String, System.Private.CoreLib, Version=9.0.0.0, Culture=neutral, PublicKeyToken=7cec85d7bea7798e]]'.
Activity.TraceFlags:         Recorded
Instrumentation scope (ActivitySource):
    service.name: unknown_service:testhost
Activity.DisplayName:        POST api/customer/addresses
    Name: Microsoft.AspNetCore
Activity.Kind:               Server
Activity.TraceFlags:         Recorded
Resource associated with Activity:
Activity.DisplayName:        POST api/auth/login/customer
    telemetry.sdk.name: opentelemetry
Activity.StartTime:          2026-06-08T01:29:11.5808690Z
Activity.Kind:               Server
Activity.Duration:           00:00:00.1357115
    telemetry.sdk.language: dotnet
Activity.TraceId:            4ce4df55eb398f7342f5bb0cf8b6d51d
    telemetry.sdk.version: 1.14.0
Activity.StartTime:          2026-06-08T01:29:11.4563767Z
Activity.Tags:
Activity.SpanId:             2f690e7bd4a1acd6
    service.name: unknown_service:testhost
    server.address: localhost
    http.request.method: POST
Activity.TraceFlags:         Recorded
Activity.Duration:           00:00:00.1242020
Activity.DisplayName:        POST api/auth/register/seller
    url.scheme: http
Activity.Tags:
Activity.TraceId:            c5c3d22446e3094c54daa3bdbba603b6
    server.address: localhost
Activity.SpanId:             5575e146aea4adab
    url.path: /api/customer/addresses
    http.request.method: POST
Activity.TraceFlags:         Recorded
Activity.Kind:               Server
    network.protocol.version: 1.1
Activity.DisplayName:        POST api/auth/register/seller
    url.scheme: http
    http.route: api/customer/addresses
Activity.StartTime:          2026-06-08T01:29:11.4229399Z
Activity.Kind:               Server
Activity.Duration:           00:00:00.2210602
    http.response.status_code: 201
Activity.Tags:
Instrumentation scope (ActivitySource):
    url.path: /api/auth/login/customer
    server.address: localhost
Activity.StartTime:          2026-06-08T01:29:11.3846311Z
    Name: Microsoft.AspNetCore
    network.protocol.version: 1.1
Resource associated with Activity:
Activity.Duration:           00:00:00.2964575
    telemetry.sdk.name: opentelemetry
    http.request.method: POST
Activity.Tags:
    telemetry.sdk.language: dotnet
    server.address: localhost
    http.route: api/auth/login/customer
    telemetry.sdk.version: 1.14.0
    service.name: unknown_service:testhost
Metric Name: dotnet.exceptions, Description: The number of exceptions that have been thrown in managed code., Unit: {exception}, Metric Type: LongSum
Instrumentation scope (Meter):
	Name: System.Runtime
Activity.TraceId:            500c51d57037c159face9d9615ebd459
Activity.SpanId:             a362840e92f3e738
Activity.TraceFlags:         Recorded
Activity.DisplayName:        POST api/customer/addresses
Activity.Kind:               Server
Activity.TraceId:            6a723656a12507dc1fed8bd5d21c01a4
(2026-06-08T01:29:04.1650612Z, 2026-06-08T01:29:11.5805680Z] error.type: SocketException
Value: 26
    http.request.method: POST
(2026-06-08T01:29:04.1650612Z, 2026-06-08T01:29:11.5805680Z] error.type: NullReferenceException
Value: 4
    url.scheme: http
    url.path: /api/auth/register/seller
    network.protocol.version: 1.1
    http.route: api/auth/register/seller
    url.scheme: http
(2026-06-08T01:29:04.1650612Z, 2026-06-08T01:29:11.5805680Z] error.type: OperationCanceledException
Value: 84
    http.response.status_code: 201
    url.path: /api/auth/register/seller
Instrumentation scope (ActivitySource):
    Name: Microsoft.AspNetCore
    network.protocol.version: 1.1
(2026-06-08T01:29:04.1650612Z, 2026-06-08T01:29:11.5805680Z] error.type: InvalidOperationException
Value: 8
Resource associated with Activity:
    http.route: api/auth/register/seller
    http.response.status_code: 200
(2026-06-08T01:29:04.1650612Z, 2026-06-08T01:29:11.5805680Z] error.type: FileNotFoundException
Value: 1
    http.response.status_code: 201
Instrumentation scope (ActivitySource):
Instrumentation scope (ActivitySource):
    Name: Microsoft.AspNetCore
    Name: Microsoft.AspNetCore
Resource associated with Activity:
(2026-06-08T01:29:04.1650612Z, 2026-06-08T01:29:11.5805680Z] error.type: XunitException
Value: 64
    telemetry.sdk.name: opentelemetry
    telemetry.sdk.language: dotnet
    telemetry.sdk.version: 1.14.0
    service.name: unknown_service:testhost
[22:29:11 INF] Executed action Urbeat.WebApi.Controllers.AuthController.RegisterCustomer (Urbeat.WebApi) in 147.5892ms
Activity.TraceId:            310622f24db1b6e9a97b750ff56c4ffb
Activity.StartTime:          2026-06-08T01:29:11.5808690Z
[22:29:11 INF] Saved 1 entities to in-memory store.
Activity.Duration:           00:00:00.1357115
Activity.Tags:
    server.address: localhost
    http.request.method: POST
    url.scheme: http
    url.path: /api/customer/addresses
    network.protocol.version: 1.1
Activity.SpanId:             ed4e19e0531c13de
[22:29:11 INF] Saved 1 entities to in-memory store.
    http.route: api/customer/addresses
Activity.TraceFlags:         Recorded
    http.response.status_code: 201
Activity.DisplayName:        POST api/auth/login/seller
Instrumentation scope (ActivitySource):
Activity.Kind:               Server
    Name: Microsoft.AspNetCore
Resource associated with Activity:
    telemetry.sdk.name: opentelemetry
Activity.StartTime:          2026-06-08T01:29:11.5358339Z
[22:29:11 INF] Executed endpoint 'Urbeat.WebApi.Controllers.AuthController.RegisterCustomer (Urbeat.WebApi)'
Activity.Duration:           00:00:00.1807696
Activity.Tags:
    telemetry.sdk.language: dotnet
    server.address: localhost
    http.request.method: POST
    url.scheme: http
    url.path: /api/auth/login/seller
    telemetry.sdk.version: 1.14.0
    network.protocol.version: 1.1
    telemetry.sdk.name: opentelemetry
    service.name: unknown_service:testhost
    http.route: api/auth/login/seller
    telemetry.sdk.language: dotnet
    http.response.status_code: 200
Activity.TraceId:            500c51d57037c159face9d9615ebd459
Instrumentation scope (ActivitySource):
Activity.SpanId:             a362840e92f3e738
    Name: Microsoft.AspNetCore
    telemetry.sdk.version: 1.14.0
Activity.TraceFlags:         Recorded
    service.name: unknown_service:testhost
Resource associated with Activity:
Activity.DisplayName:        POST api/customer/addresses
    telemetry.sdk.name: opentelemetry
Activity.Kind:               Server
    telemetry.sdk.language: dotnet
    telemetry.sdk.version: 1.14.0
    service.name: unknown_service:testhost
Activity.StartTime:          2026-06-08T01:29:11.5808690Z
Activity.Duration:           00:00:00.1357115
Resource associated with Activity:
Activity.TraceId:            6a723656a12507dc1fed8bd5d21c01a4
Activity.Tags:
    telemetry.sdk.name: opentelemetry
    server.address: localhost
    telemetry.sdk.language: dotnet
    http.request.method: POST
Activity.SpanId:             ed4e19e0531c13de
    url.scheme: http
Activity.TraceFlags:         Recorded
    url.path: /api/customer/addresses
    telemetry.sdk.version: 1.14.0
    network.protocol.version: 1.1
Activity.DisplayName:        POST api/auth/login/seller
    service.name: unknown_service:testhost
Activity.Kind:               Server
    http.route: api/customer/addresses
Activity.StartTime:          2026-06-08T01:29:11.5358339Z
[22:29:11 INF] HTTP POST /api/auth/register/customer responded 201 in 148.9446 ms
Activity.Duration:           00:00:00.1807696
Activity.Tags:
    server.address: localhost
    http.request.method: POST
    url.scheme: http
    url.path: /api/auth/login/seller
    network.protocol.version: 1.1
(2026-06-08T01:29:04.1650612Z, 2026-06-08T01:29:11.5805680Z] error.type: NpgsqlException
Value: 36
    http.route: api/auth/login/seller
    http.response.status_code: 200
Activity.SpanId:             ffe1d7e8d8edf39e
Instrumentation scope (ActivitySource):
(2026-06-08T01:29:04.1650612Z, 2026-06-08T01:29:11.5805680Z] error.type: ObjectDisposedException
Value: 45
Activity.TraceFlags:         Recorded
    Name: Microsoft.AspNetCore
Activity.DisplayName:        POST api/auth/login/customer
Resource associated with Activity:
Activity.TraceId:            c5c3d22446e3094c54daa3bdbba603b6
Activity.Kind:               Server
    telemetry.sdk.name: opentelemetry
(2026-06-08T01:29:04.1650612Z, 2026-06-08T01:29:11.5805680Z] error.type: RuntimeBinderException
Value: 2
[22:29:11 INF] Saved 1 entities to in-memory store.
Activity.SpanId:             5575e146aea4adab
Metric Name: dotnet.process.cpu.count, Description: The number of processors available to the process., Unit: {cpu}, Metric Type: LongSumNonMonotonic
    telemetry.sdk.language: dotnet
Activity.TraceFlags:         Recorded
Instrumentation scope (Meter):
Activity.DisplayName:        POST api/auth/register/seller
	Name: System.Runtime
    telemetry.sdk.version: 1.14.0
Activity.Kind:               Server
(2026-06-08T01:29:04.1877157Z, 2026-06-08T01:29:11.5805683Z]  
Value: 12
    service.name: unknown_service:testhost
Metric Name: dotnet.process.cpu.time, Description: CPU time used by the process., Unit: s, Metric Type: DoubleSum
Instrumentation scope (Meter):
Activity.StartTime:          2026-06-08T01:29:11.3846311Z
	Name: System.Runtime
Activity.TraceId:            4ce4df55eb398f7342f5bb0cf8b6d51d
Activity.Duration:           00:00:00.2964575
(2026-06-08T01:29:04.1877442Z, 2026-06-08T01:29:11.5805690Z] cpu.mode: user
Value: 17.515625
Activity.SpanId:             2f690e7bd4a1acd6
Activity.Tags:
    server.address: localhost
    http.request.method: POST
    http.response.status_code: 201
[22:29:11 INF] Request finished HTTP/1.1 POST http://localhost/api/auth/register/customer - 201 null application/json; charset=utf-8 180.6427ms
Activity.StartTime:          2026-06-08T01:29:11.4563767Z
Activity.Duration:           00:00:00.1242020
Activity.Tags:
    server.address: localhost
    http.request.method: POST
    url.scheme: http
    url.path: /api/auth/login/customer
Activity.TraceFlags:         Recorded
Activity.DisplayName:        POST api/auth/register/seller
(2026-06-08T01:29:04.1877442Z, 2026-06-08T01:29:11.5805690Z] cpu.mode: system
Value: 3.046875
Activity.Kind:               Server
Metric Name: dns.lookup.duration, Description: Measures the time taken to perform a DNS lookup., Unit: s, Metric Type: Histogram
Instrumentation scope (Meter):
	Name: System.Net.NameResolution
Activity.StartTime:          2026-06-08T01:29:11.4229399Z
    url.scheme: http
Activity.Duration:           00:00:00.2210602
    url.path: /api/auth/register/seller
    network.protocol.version: 1.1
    http.route: api/auth/register/seller
Activity.Tags:
Instrumentation scope (ActivitySource):
[22:29:11 INF] Executed action method Urbeat.WebApi.Controllers.StoreProductsController.Update (Urbeat.WebApi), returned result Microsoft.AspNetCore.Mvc.OkObjectResult in 37.0021ms.
    http.response.status_code: 201
    Name: Microsoft.AspNetCore
Instrumentation scope (ActivitySource):
    Name: Microsoft.AspNetCore
Resource associated with Activity:
Resource associated with Activity:
    telemetry.sdk.name: opentelemetry
    telemetry.sdk.language: dotnet
    telemetry.sdk.version: 1.14.0
    service.name: unknown_service:testhost
    network.protocol.version: 1.1
Activity.TraceId:            500c51d57037c159face9d9615ebd459
Activity.TraceId:            6a723656a12507dc1fed8bd5d21c01a4
    http.route: api/auth/login/customer
Activity.SpanId:             ed4e19e0531c13de
Activity.SpanId:             a362840e92f3e738
Activity.TraceFlags:         Recorded
    http.response.status_code: 200
Activity.TraceId:            257a68c98689bd6cf4d7b11190f029ff
Instrumentation scope (ActivitySource):
Activity.SpanId:             c16f1300ee0c6c8b
    Name: Microsoft.AspNetCore
Activity.TraceFlags:         Recorded
Resource associated with Activity:
Activity.DisplayName:        POST api/auth/register/customer
    telemetry.sdk.name: opentelemetry
Activity.Kind:               Server
    telemetry.sdk.language: dotnet
    server.address: localhost
    telemetry.sdk.version: 1.14.0
Activity.StartTime:          2026-06-08T01:29:11.5372581Z
    service.name: unknown_service:testhost
Activity.Duration:           00:00:00.1807703
    http.request.method: POST
Activity.Tags:
    server.address: localhost
    url.scheme: http
    http.request.method: POST
    url.path: /api/auth/register/seller
    url.scheme: http
    network.protocol.version: 1.1
    url.path: /api/auth/register/customer
    http.route: api/auth/register/seller
    network.protocol.version: 1.1
    http.response.status_code: 201
    http.route: api/auth/register/customer
Instrumentation scope (ActivitySource):
    http.response.status_code: 201
    Name: Microsoft.AspNetCore
Instrumentation scope (ActivitySource):
Resource associated with Activity:
    Name: Microsoft.AspNetCore
(2026-06-08T01:29:04.2010465Z, 2026-06-08T01:29:11.5805698Z] dns.question.name: localhost
Value: Sum: 0.010769 Count: 11 Min: 0.0005103 Max: 0.003488 
(-Infinity,0,005]:11
(0,005,0,01]:0
(0,01,0,025]:0
(0,025,0,05]:0
(0,05,0,075]:0
(0,075,0,1]:0
(0,1,0,25]:0
(0,25,0,5]:0
(0,5,0,75]:0
(0,75,1]:0
(1,2,5]:0
(2,5,5]:0
(5,7,5]:0
(7,5,10]:0
(10,+Infinity]:0
Resource associated with Activity:
    telemetry.sdk.name: opentelemetry
Metric Name: aspnetcore.routing.match_attempts, Description: Number of requests that were attempted to be matched to an endpoint., Unit: {match_attempt}, Metric Type: LongSum
    telemetry.sdk.name: opentelemetry
Instrumentation scope (Meter):
    telemetry.sdk.language: dotnet
	Name: Microsoft.AspNetCore.Routing
    telemetry.sdk.version: 1.14.0
Activity.TraceFlags:         Recorded
    service.name: unknown_service:testhost
Activity.DisplayName:        POST api/customer/addresses
Activity.Kind:               Server
(2026-06-08T01:29:05.8087004Z, 2026-06-08T01:29:11.5805711Z] aspnetcore.routing.is_fallback: false aspnetcore.routing.match_status: success http.route: api/auth/register/customer
Value: 10
Activity.TraceId:            c5c3d22446e3094c54daa3bdbba603b6
Activity.StartTime:          2026-06-08T01:29:11.5808690Z
Activity.SpanId:             5575e146aea4adab
(2026-06-08T01:29:05.8087004Z, 2026-06-08T01:29:11.5805711Z] aspnetcore.routing.is_fallback: false aspnetcore.routing.match_status: success http.route: api/auth/login/admin
Value: 6
Activity.DisplayName:        POST api/auth/login/seller
(2026-06-08T01:29:05.8087004Z, 2026-06-08T01:29:11.5805711Z] aspnetcore.routing.is_fallback: false aspnetcore.routing.match_status: success http.route: api/address-lookup/cep/{cep}
Value: 1
Activity.Kind:               Server
(2026-06-08T01:29:05.8087004Z, 2026-06-08T01:29:11.5805711Z] aspnetcore.routing.is_fallback: false aspnetcore.routing.match_status: success http.route: api/auth/register/seller
Value: 28
(2026-06-08T01:29:05.8087004Z, 2026-06-08T01:29:11.5805711Z] aspnetcore.routing.is_fallback: false aspnetcore.routing.match_status: success http.route: api/stores/{storeId}/categories
Value: 8
    telemetry.sdk.name: opentelemetry
(2026-06-08T01:29:05.8087004Z, 2026-06-08T01:29:11.5805711Z] aspnetcore.routing.is_fallback: false aspnetcore.routing.match_status: success http.route: api/customer/home
Value: 3
Activity.StartTime:          2026-06-08T01:29:11.5358339Z
    telemetry.sdk.language: dotnet
(2026-06-08T01:29:05.8087004Z, 2026-06-08T01:29:11.5805711Z] aspnetcore.routing.is_fallback: false aspnetcore.routing.match_status: success http.route: api/admin/dashboard
Value: 3
    telemetry.sdk.version: 1.14.0
Activity.Duration:           00:00:00.1807696
(2026-06-08T01:29:05.8087004Z, 2026-06-08T01:29:11.5805711Z] aspnetcore.routing.is_fallback: false aspnetcore.routing.match_status: success http.route: api/seller/panel
Value: 3
    service.name: unknown_service:testhost
Activity.Tags:
(2026-06-08T01:29:05.8087004Z, 2026-06-08T01:29:11.5805711Z] aspnetcore.routing.is_fallback: false aspnetcore.routing.match_status: success http.route: api/admin/plans
Value: 6
    server.address: localhost
Activity.TraceId:            257a68c98689bd6cf4d7b11190f029ff
    http.request.method: POST
(2026-06-08T01:29:05.8087004Z, 2026-06-08T01:29:11.5805711Z] aspnetcore.routing.is_fallback: false aspnetcore.routing.match_status: success http.route: api/auth/login/customer
Value: 7
Activity.SpanId:             c16f1300ee0c6c8b
    url.scheme: http
    url.path: /api/auth/login/seller
(2026-06-08T01:29:05.8087004Z, 2026-06-08T01:29:11.5805711Z] aspnetcore.routing.is_fallback: false aspnetcore.routing.match_status: success http.route: api/auth/login/seller
Value: 21
Activity.TraceFlags:         Recorded
    network.protocol.version: 1.1
Activity.DisplayName:        POST api/auth/register/customer
    http.route: api/auth/login/seller
(2026-06-08T01:29:05.8087004Z, 2026-06-08T01:29:11.5805711Z] aspnetcore.routing.is_fallback: false aspnetcore.routing.match_status: success http.route: api/auth/email/resend-confirmation
Value: 5
[22:29:11 INF] Executing OkObjectResult, writing value of type 'Urbeat.Application.DTOs.ProductResponseDto'.
    telemetry.sdk.language: dotnet
[22:29:11 INF] Executed action method Urbeat.WebApi.Controllers.StoresController.UpsertBusinessHours (Urbeat.WebApi), returned result Microsoft.AspNetCore.Mvc.OkObjectResult in 2.5521ms.
    telemetry.sdk.version: 1.14.0
    service.name: unknown_service:testhost
Activity.Duration:           00:00:00.1357115
Activity.Kind:               Server
Activity.TraceId:            4ce4df55eb398f7342f5bb0cf8b6d51d
Activity.SpanId:             2f690e7bd4a1acd6
Activity.TraceFlags:         Recorded
Activity.DisplayName:        POST api/auth/register/seller
Activity.Tags:
    http.response.status_code: 200
Activity.Kind:               Server
(2026-06-08T01:29:05.8087004Z, 2026-06-08T01:29:11.5805711Z] aspnetcore.routing.is_fallback: false aspnetcore.routing.match_status: success http.route: api/auth/email/confirm/{code}
Value: 4
Activity.StartTime:          2026-06-08T01:29:11.4229399Z
Activity.TraceFlags:         Recorded
Activity.Duration:           00:00:00.2210602
(2026-06-08T01:29:05.8087004Z, 2026-06-08T01:29:11.5805711Z] aspnetcore.routing.is_fallback: false aspnetcore.routing.match_status: success http.route: api/stores
Value: 21
Activity.Tags:
Activity.DisplayName:        POST api/auth/register/seller
    server.address: localhost
(2026-06-08T01:29:05.8087004Z, 2026-06-08T01:29:11.5805711Z] aspnetcore.routing.is_fallback: false aspnetcore.routing.match_status: success http.route: api/customer/addresses
Value: 10
    http.request.method: POST
Activity.Kind:               Server
    url.scheme: http
Activity.StartTime:          2026-06-08T01:29:11.5372581Z
    url.path: /api/auth/register/seller
Activity.Duration:           00:00:00.1807703
Activity.Tags:
    network.protocol.version: 1.1
    server.address: localhost
    http.route: api/auth/register/seller
    server.address: localhost
    http.request.method: POST
    url.scheme: http
    url.path: /api/auth/register/customer
    http.request.method: POST
    http.response.status_code: 201
[22:29:11 INF] Executed action Urbeat.WebApi.Controllers.StoreProductsController.Update (Urbeat.WebApi) in 103.1306ms
Instrumentation scope (ActivitySource):
    Name: Microsoft.AspNetCore
Resource associated with Activity:
Instrumentation scope (ActivitySource):
    telemetry.sdk.name: opentelemetry
    Name: Microsoft.AspNetCore
    telemetry.sdk.language: dotnet
Resource associated with Activity:
    telemetry.sdk.version: 1.14.0
    telemetry.sdk.name: opentelemetry
    telemetry.sdk.language: dotnet
    telemetry.sdk.version: 1.14.0
    service.name: unknown_service:testhost
    service.name: unknown_service:testhost
(2026-06-08T01:29:05.8087004Z, 2026-06-08T01:29:11.5805711Z] aspnetcore.routing.is_fallback: false aspnetcore.routing.match_status: success http.route: api/stores/cuisine-types
Value: 1
Activity.StartTime:          2026-06-08T01:29:11.3846311Z
Activity.Duration:           00:00:00.2964575
(2026-06-08T01:29:05.8087004Z, 2026-06-08T01:29:11.5805711Z] aspnetcore.routing.is_fallback: false aspnetcore.routing.match_status: success http.route: api/admin/plans/{planId}
Value: 1
    url.scheme: http
Activity.Tags:
(2026-06-08T01:29:05.8087004Z, 2026-06-08T01:29:11.5805711Z] aspnetcore.routing.is_fallback: false aspnetcore.routing.match_status: success http.route: api/admin/plans/{planId}/status
Value: 1
    server.address: localhost
(2026-06-08T01:29:05.8087004Z, 2026-06-08T01:29:11.5805711Z] aspnetcore.routing.is_fallback: false aspnetcore.routing.match_status: success http.route: api/auth/email/confirm
Value: 2
    url.path: /api/customer/addresses
(2026-06-08T01:29:05.8087004Z, 2026-06-08T01:29:11.5805711Z] aspnetcore.routing.is_fallback: false aspnetcore.routing.match_status: success http.route: api/stores/{storeId}/status
Value: 7
    http.request.method: POST
    network.protocol.version: 1.1
(2026-06-08T01:29:05.8087004Z, 2026-06-08T01:29:11.5805711Z] aspnetcore.routing.is_fallback: false aspnetcore.routing.match_status: success http.route: api/stores/{storeId}/delivery-config
Value: 6
    http.route: api/customer/addresses
    url.scheme: http
    url.path: /api/auth/register/seller
    http.response.status_code: 201
(2026-06-08T01:29:05.8087004Z, 2026-06-08T01:29:11.5805711Z] aspnetcore.routing.is_fallback: false aspnetcore.routing.match_status: success http.route: api/stores/{storeId}/categories/{categoryId}
Value: 3
    network.protocol.version: 1.1
Instrumentation scope (ActivitySource):
(2026-06-08T01:29:05.8087004Z, 2026-06-08T01:29:11.5805711Z] aspnetcore.routing.is_fallback: false aspnetcore.routing.match_status: success http.route: api/stores/my-store
Value: 3
    Name: Microsoft.AspNetCore
    http.route: api/auth/register/seller
(2026-06-08T01:29:05.8087004Z, 2026-06-08T01:29:11.5805711Z] aspnetcore.routing.is_fallback: false aspnetcore.routing.match_status: success http.route: api/admin/subscriptions/status
Value: 2
Resource associated with Activity:
    http.response.status_code: 201
(2026-06-08T01:29:05.8087004Z, 2026-06-08T01:29:11.5805711Z] aspnetcore.routing.is_fallback: false aspnetcore.routing.match_status: success http.route: api/subscriptions/my
Value: 2
    telemetry.sdk.name: opentelemetry
Instrumentation scope (ActivitySource):
(2026-06-08T01:29:05.8087004Z, 2026-06-08T01:29:11.5805711Z] aspnetcore.routing.is_fallback: false aspnetcore.routing.match_status: success http.route: api/subscriptions/contract
Value: 4
    telemetry.sdk.language: dotnet
(2026-06-08T01:29:05.8087004Z, 2026-06-08T01:29:11.5805711Z] aspnetcore.routing.is_fallback: false aspnetcore.routing.match_status: success http.route: api/subscriptions/plans
Value: 1
    telemetry.sdk.version: 1.14.0
    Name: Microsoft.AspNetCore
    service.name: unknown_service:testhost
(2026-06-08T01:29:05.8087004Z, 2026-06-08T01:29:11.5805711Z] aspnetcore.routing.is_fallback: false aspnetcore.routing.match_status: success http.route: api/orders
Value: 2
(2026-06-08T01:29:05.8087004Z, 2026-06-08T01:29:11.5805711Z] aspnetcore.routing.is_fallback: false aspnetcore.routing.match_status: success http.route: api/checkout/preview
Value: 3
Resource associated with Activity:
(2026-06-08T01:29:05.8087004Z, 2026-06-08T01:29:11.5805711Z] aspnetcore.routing.is_fallback: false aspnetcore.routing.match_status: success http.route: api/admin/subscriptions/notifications/process
Value: 1
    telemetry.sdk.name: opentelemetry
(2026-06-08T01:29:05.8087004Z, 2026-06-08T01:29:11.5805711Z] aspnetcore.routing.is_fallback: false aspnetcore.routing.match_status: success http.route: api/stores/{storeId}/business-hours
Value: 2
    telemetry.sdk.language: dotnet
    telemetry.sdk.version: 1.14.0
Activity.TraceId:            6a723656a12507dc1fed8bd5d21c01a4
    service.name: unknown_service:testhost
Activity.TraceId:            500c51d57037c159face9d9615ebd459
Activity.SpanId:             a362840e92f3e738
Activity.TraceId:            c5c3d22446e3094c54daa3bdbba603b6
Activity.SpanId:             5575e146aea4adab
Activity.TraceFlags:         Recorded
Activity.TraceFlags:         Recorded
Activity.SpanId:             ed4e19e0531c13de
    network.protocol.version: 1.1
Activity.DisplayName:        POST api/customer/addresses
    http.route: api/auth/register/customer
    http.response.status_code: 201
[22:29:11 INF] Executing OkObjectResult, writing value of type 'Urbeat.Application.DTOs.StoreBusinessHoursResponseDto'.
Instrumentation scope (ActivitySource):
    Name: Microsoft.AspNetCore
Resource associated with Activity:
(2026-06-08T01:29:05.8087004Z, 2026-06-08T01:29:11.5805711Z] aspnetcore.routing.is_fallback: false aspnetcore.routing.match_status: success http.route: api/public/stores
Value: 1
    telemetry.sdk.name: opentelemetry
[22:29:11 INF] Executed endpoint 'Urbeat.WebApi.Controllers.StoreProductsController.Update (Urbeat.WebApi)'
    telemetry.sdk.language: dotnet
    telemetry.sdk.version: 1.14.0
    service.name: unknown_service:testhost
(2026-06-08T01:29:05.8087004Z, 2026-06-08T01:29:11.5805711Z] aspnetcore.routing.is_fallback: false aspnetcore.routing.match_status: success http.route: api/public/stores/{storeId}
Value: 1
Activity.DisplayName:        POST api/auth/register/seller
Metric Name: aspnetcore.routing.match_attempts, Description: Number of requests that were attempted to be matched to an endpoint., Unit: {match_attempt}, Metric Type: LongSum
Instrumentation scope (Meter):
Activity.Kind:               Server
	Name: Microsoft.AspNetCore.Routing
Activity.StartTime:          2026-06-08T01:29:11.3846311Z
Activity.Duration:           00:00:00.2964575
Activity.Kind:               Server
Activity.Tags:
(2026-06-08T01:29:07.4201082Z, 2026-06-08T01:29:11.5805738Z] aspnetcore.routing.is_fallback: false aspnetcore.routing.match_status: success http.route: /health
Value: 1
Activity.StartTime:          2026-06-08T01:29:11.5808690Z
    server.address: localhost
Metric Name: http.server.active_requests, Description: Number of active HTTP server requests., Unit: {request}, Metric Type: LongSumNonMonotonic
    http.request.method: POST
Instrumentation scope (Meter):
    url.scheme: http
	Name: Microsoft.AspNetCore.Hosting
Activity.TraceFlags:         Recorded
    url.path: /api/auth/register/seller
(2026-06-08T01:29:07.9115516Z, 2026-06-08T01:29:11.5805799Z] http.request.method: POST url.scheme: http
Value: 2
    network.protocol.version: 1.1
Activity.TraceId:            257a68c98689bd6cf4d7b11190f029ff
Activity.DisplayName:        POST api/auth/login/seller
(2026-06-08T01:29:07.9115516Z, 2026-06-08T01:29:11.5805799Z] http.request.method: PATCH url.scheme: http
Value: 0
Activity.SpanId:             c16f1300ee0c6c8b
Activity.Kind:               Server
Activity.TraceFlags:         Recorded
(2026-06-08T01:29:07.9115516Z, 2026-06-08T01:29:11.5805799Z] http.request.method: GET url.scheme: http
Value: 0
Activity.StartTime:          2026-06-08T01:29:11.5358339Z
Activity.DisplayName:        POST api/auth/register/customer
[22:29:11 INF] HTTP PUT /api/stores/019ea4d9-16a7-770a-ad09-2c633189bfc7/products/019ea4d9-17da-7273-ad72-7c436b691146 responded 200 in 165.8050 ms
(2026-06-08T01:29:07.9115516Z, 2026-06-08T01:29:11.5805799Z] http.request.method: PUT url.scheme: http
Value: 1
Activity.Duration:           00:00:00.1357115
Metric Name: http.server.request.duration, Description: Duration of HTTP server requests., Unit: s, Metric Type: Histogram
Activity.Tags:
Instrumentation scope (Meter):
    server.address: localhost
    http.request.method: POST
	Name: Microsoft.AspNetCore.Hosting
    http.route: api/auth/register/seller
Activity.Kind:               Server
    http.response.status_code: 201
Activity.StartTime:          2026-06-08T01:29:11.5372581Z
Instrumentation scope (ActivitySource):
Activity.Duration:           00:00:00.1807703
    Name: Microsoft.AspNetCore
Activity.Tags:
Resource associated with Activity:
Activity.Duration:           00:00:00.1807696
    telemetry.sdk.name: opentelemetry
Activity.Tags:
(2026-06-08T01:29:07.9117845Z, 2026-06-08T01:29:11.5805875Z] http.request.method: POST http.response.status_code: 201 http.route: api/auth/register/seller network.protocol.version: 1.1 url.scheme: http
Value: Sum: 2.0919942 Count: 8 Min: 0.1535439 Max: 0.3972926 
(-Infinity,0,005]:0
(0,005,0,01]:0
(0,01,0,025]:0
(0,025,0,05]:0
(0,05,0,075]:0
(0,075,0,1]:0
(0,1,0,25]:4
(0,25,0,5]:4
(0,5,0,75]:0
(0,75,1]:0
(1,2,5]:0
(2,5,5]:0
(5,7,5]:0
(7,5,10]:0
(10,+Infinity]:0
    telemetry.sdk.language: dotnet
    server.address: localhost
    server.address: localhost
    telemetry.sdk.version: 1.14.0
    http.request.method: POST
    http.request.method: POST
    url.scheme: http
    service.name: unknown_service:testhost
    url.scheme: http
(2026-06-08T01:29:07.9117845Z, 2026-06-08T01:29:11.5805875Z] http.request.method: POST http.response.status_code: 200 http.route: api/auth/login/seller network.protocol.version: 1.1 url.scheme: http
Value: Sum: 1.5786092 Count: 7 Min: 0.1077796 Max: 0.383696 
(-Infinity,0,005]:0
(0,005,0,01]:0
(0,01,0,025]:0
(0,025,0,05]:0
(0,05,0,075]:0
(0,075,0,1]:0
(0,1,0,25]:5
(0,25,0,5]:2
(0,5,0,75]:0
(0,75,1]:0
(1,2,5]:0
(2,5,5]:0
(5,7,5]:0
(7,5,10]:0
(10,+Infinity]:0
    url.path: /api/auth/login/seller
    network.protocol.version: 1.1
    url.path: /api/auth/register/customer
    http.route: api/auth/login/seller
    network.protocol.version: 1.1
Activity.TraceId:            c5c3d22446e3094c54daa3bdbba603b6
(2026-06-08T01:29:07.9117845Z, 2026-06-08T01:29:11.5805875Z] http.request.method: POST http.response.status_code: 201 http.route: api/stores network.protocol.version: 1.1 url.scheme: http
Value: Sum: 1.2357959 Count: 7 Min: 0.1128022 Max: 0.2201614 
(-Infinity,0,005]:0
(0,005,0,01]:0
(0,01,0,025]:0
(0,025,0,05]:0
(0,05,0,075]:0
(0,075,0,1]:0
(0,1,0,25]:7
(0,25,0,5]:0
(0,5,0,75]:0
(0,75,1]:0
(1,2,5]:0
(2,5,5]:0
(5,7,5]:0
(7,5,10]:0
(10,+Infinity]:0
Activity.SpanId:             5575e146aea4adab
    http.response.status_code: 200
Activity.TraceFlags:         Recorded
    http.route: api/auth/register/customer
Instrumentation scope (ActivitySource):
(2026-06-08T01:29:07.9117845Z, 2026-06-08T01:29:11.5805875Z] http.request.method: PATCH http.response.status_code: 200 http.route: api/stores/{storeId}/status network.protocol.version: 1.1 url.scheme: http
Value: Sum: 0.1536416 Count: 2 Min: 0.0343557 Max: 0.1192859 
(-Infinity,0,005]:0
(0,005,0,01]:0
(0,01,0,025]:0
(0,025,0,05]:1
(0,05,0,075]:0
(0,075,0,1]:0
(0,1,0,25]:1
(0,25,0,5]:0
(0,5,0,75]:0
(0,75,1]:0
(1,2,5]:0
(2,5,5]:0
(5,7,5]:0
(7,5,10]:0
(10,+Infinity]:0
Activity.DisplayName:        POST api/auth/register/seller
    Name: Microsoft.AspNetCore
Activity.Kind:               Server
Resource associated with Activity:
    http.response.status_code: 201
(2026-06-08T01:29:07.9117845Z, 2026-06-08T01:29:11.5805875Z] http.request.method: PATCH http.response.status_code: 200 http.route: api/stores/{storeId}/delivery-config network.protocol.version: 1.1 url.scheme: http
Value: Sum: 0.2571041 Count: 2 Min: 0.1221238 Max: 0.1349803 
(-Infinity,0,005]:0
(0,005,0,01]:0
(0,01,0,025]:0
(0,025,0,05]:0
(0,05,0,075]:0
(0,075,0,1]:0
(0,1,0,25]:2
(0,25,0,5]:0
(0,5,0,75]:0
(0,75,1]:0
(1,2,5]:0
(2,5,5]:0
(5,7,5]:0
(7,5,10]:0
(10,+Infinity]:0
Instrumentation scope (ActivitySource):
Activity.StartTime:          2026-06-08T01:29:11.3846311Z
(2026-06-08T01:29:07.9117845Z, 2026-06-08T01:29:11.5805875Z] http.request.method: POST http.response.status_code: 201 http.route: api/auth/register/customer network.protocol.version: 1.1 url.scheme: http
Value: Sum: 0.6896701 Count: 3 Min: 0.1830624 Max: 0.2685781 
(-Infinity,0,005]:0
(0,005,0,01]:0
(0,01,0,025]:0
(0,025,0,05]:0
(0,05,0,075]:0
(0,075,0,1]:0
(0,1,0,25]:2
(0,25,0,5]:1
(0,5,0,75]:0
(0,75,1]:0
(1,2,5]:0
(2,5,5]:0
(5,7,5]:0
(7,5,10]:0
(10,+Infinity]:0
Activity.Duration:           00:00:00.2964575
    url.scheme: http
Activity.Tags:
    url.path: /api/customer/addresses
    server.address: localhost
(2026-06-08T01:29:07.9117845Z, 2026-06-08T01:29:11.5805875Z] http.request.method: POST http.response.status_code: 200 http.route: api/auth/login/customer network.protocol.version: 1.1 url.scheme: http
Value: Sum: 0.4042865 Count: 3 Min: 0.1240858 Max: 0.1443419 
(-Infinity,0,005]:0
(0,005,0,01]:0
(0,01,0,025]:0
(0,025,0,05]:0
(0,05,0,075]:0
(0,075,0,1]:0
(0,1,0,25]:3
(0,25,0,5]:0
(0,5,0,75]:0
(0,75,1]:0
(1,2,5]:0
(2,5,5]:0
(5,7,5]:0
(7,5,10]:0
(10,+Infinity]:0
    Name: Microsoft.AspNetCore
(2026-06-08T01:29:07.9117845Z, 2026-06-08T01:29:11.5805875Z] http.request.method: POST http.response.status_code: 201 http.route: api/customer/addresses network.protocol.version: 1.1 url.scheme: http
Value: Sum: 0.185186 Count: 1 Min: 0.185186 Max: 0.185186 
(-Infinity,0,005]:0
(0,005,0,01]:0
(0,01,0,025]:0
(0,025,0,05]:0
(0,05,0,075]:0
(0,075,0,1]:0
(0,1,0,25]:1
(0,25,0,5]:0
(0,5,0,75]:0
(0,75,1]:0
(1,2,5]:0
(2,5,5]:0
(5,7,5]:0
(7,5,10]:0
(10,+Infinity]:0
Resource associated with Activity:
    http.request.method: POST
    telemetry.sdk.name: opentelemetry
(2026-06-08T01:29:07.9117845Z, 2026-06-08T01:29:11.5805875Z] http.request.method: POST http.response.status_code: 201 http.route: api/stores/{storeId}/categories network.protocol.version: 1.1 url.scheme: http
Value: Sum: 0.3243541 Count: 2 Min: 0.1439614 Max: 0.1803927 
(-Infinity,0,005]:0
(0,005,0,01]:0
(0,01,0,025]:0
(0,025,0,05]:0
(0,05,0,075]:0
(0,075,0,1]:0
(0,1,0,25]:2
(0,25,0,5]:0
(0,5,0,75]:0
(0,75,1]:0
(1,2,5]:0
(2,5,5]:0
(5,7,5]:0
(7,5,10]:0
(10,+Infinity]:0
    network.protocol.version: 1.1
    http.route: api/customer/addresses
    telemetry.sdk.name: opentelemetry
    http.response.status_code: 201
(2026-06-08T01:29:07.9117845Z, 2026-06-08T01:29:11.5805875Z] http.request.method: POST http.response.status_code: 400 http.route: api/orders network.protocol.version: 1.1 url.scheme: http
Value: Sum: 0.1575988 Count: 1 Min: 0.1575988 Max: 0.1575988 
(-Infinity,0,005]:0
(0,005,0,01]:0
(0,01,0,025]:0
(0,025,0,05]:0
(0,05,0,075]:0
(0,075,0,1]:0
(0,1,0,25]:1
(0,25,0,5]:0
(0,5,0,75]:0
(0,75,1]:0
(1,2,5]:0
(2,5,5]:0
(5,7,5]:0
(7,5,10]:0
(10,+Infinity]:0
Instrumentation scope (ActivitySource):
    Name: Microsoft.AspNetCore
(2026-06-08T01:29:07.9117845Z, 2026-06-08T01:29:11.5805875Z] http.request.method: POST http.response.status_code: 400 http.route: api/stores/{storeId}/products network.protocol.version: 1.1 url.scheme: http
Value: Sum: 0.2368922 Count: 1 Min: 0.2368922 Max: 0.2368922 
(-Infinity,0,005]:0
(0,005,0,01]:0
(0,01,0,025]:0
(0,025,0,05]:0
(0,05,0,075]:0
(0,075,0,1]:0
(0,1,0,25]:1
(0,25,0,5]:0
(0,5,0,75]:0
(0,75,1]:0
(1,2,5]:0
(2,5,5]:0
(5,7,5]:0
(7,5,10]:0
(10,+Infinity]:0
[22:29:11 INF] Request finished HTTP/1.1 PUT http://localhost/api/stores/019ea4d9-16a7-770a-ad09-2c633189bfc7/products/019ea4d9-17da-7273-ad72-7c436b691146 - 200 null application/json; charset=utf-8 208.7002ms
(2026-06-08T01:29:07.9117845Z, 2026-06-08T01:29:11.5805875Z] http.request.method: GET http.response.status_code: 200 http.route: api/public/stores network.protocol.version: 1.1 url.scheme: http
Value: Sum: 0.158115 Count: 1 Min: 0.158115 Max: 0.158115 
(-Infinity,0,005]:0
(0,005,0,01]:0
(0,01,0,025]:0
(0,025,0,05]:0
(0,05,0,075]:0
(0,075,0,1]:0
(0,1,0,25]:1
(0,25,0,5]:0
(0,5,0,75]:0
(0,75,1]:0
(1,2,5]:0
(2,5,5]:0
(5,7,5]:0
(7,5,10]:0
(10,+Infinity]:0
    url.scheme: http
(2026-06-08T01:29:07.9117845Z, 2026-06-08T01:29:11.5805875Z] http.request.method: GET http.response.status_code: 200 http.route: api/public/stores/{storeId}/catalog/categories network.protocol.version: 1.1 url.scheme: http
Value: Sum: 0.0688572 Count: 1 Min: 0.0688572 Max: 0.0688572 
(-Infinity,0,005]:0
(0,005,0,01]:0
(0,01,0,025]:0
(0,025,0,05]:0
(0,05,0,075]:1
(0,075,0,1]:0
(0,1,0,25]:0
(0,25,0,5]:0
(0,5,0,75]:0
(0,75,1]:0
(1,2,5]:0
(2,5,5]:0
(5,7,5]:0
(7,5,10]:0
(10,+Infinity]:0
    url.path: /api/auth/register/seller
    network.protocol.version: 1.1
    http.route: api/auth/register/seller
    http.response.status_code: 201
    telemetry.sdk.language: dotnet
Instrumentation scope (ActivitySource):
(2026-06-08T01:29:07.9117845Z, 2026-06-08T01:29:11.5805875Z] http.request.method: POST http.response.status_code: 200 http.route: api/auth/refresh network.protocol.version: 1.1 url.scheme: http
Value: Sum: 0.1089914 Count: 1 Min: 0.1089914 Max: 0.1089914 
(-Infinity,0,005]:0
(0,005,0,01]:0
(0,01,0,025]:0
(0,025,0,05]:0
(0,05,0,075]:0
(0,075,0,1]:0
(0,1,0,25]:1
(0,25,0,5]:0
(0,5,0,75]:0
(0,75,1]:0
(1,2,5]:0
(2,5,5]:0
(5,7,5]:0
(7,5,10]:0
(10,+Infinity]:0
    telemetry.sdk.version: 1.14.0
    Name: Microsoft.AspNetCore
    service.name: unknown_service:testhost
Resource associated with Activity:
(2026-06-08T01:29:07.9117845Z, 2026-06-08T01:29:11.5805875Z] http.request.method: POST http.response.status_code: 201 http.route: api/stores/{storeId}/products network.protocol.version: 1.1 url.scheme: http
Value: Sum: 0.2237816 Count: 1 Min: 0.2237816 Max: 0.2237816 
(-Infinity,0,005]:0
(0,005,0,01]:0
(0,01,0,025]:0
(0,025,0,05]:0
(0,05,0,075]:0
(0,075,0,1]:0
(0,1,0,25]:1
(0,25,0,5]:0
(0,5,0,75]:0
(0,75,1]:0
(1,2,5]:0
(2,5,5]:0
(5,7,5]:0
(7,5,10]:0
(10,+Infinity]:0
    telemetry.sdk.name: opentelemetry
    telemetry.sdk.language: dotnet
    telemetry.sdk.language: dotnet
    telemetry.sdk.version: 1.14.0
    telemetry.sdk.version: 1.14.0
    service.name: unknown_service:testhost
(2026-06-08T01:29:07.9117845Z, 2026-06-08T01:29:11.5805875Z] http.request.method: PUT http.response.status_code: 200 http.route: api/stores/{storeId}/address network.protocol.version: 1.1 url.scheme: http
Value: Sum: 0.2955106 Count: 1 Min: 0.2955106 Max: 0.2955106 
(-Infinity,0,005]:0
(0,005,0,01]:0
(0,01,0,025]:0
(0,025,0,05]:0
(0,05,0,075]:0
(0,075,0,1]:0
(0,1,0,25]:0
(0,25,0,5]:1
(0,5,0,75]:0
(0,75,1]:0
(1,2,5]:0
(2,5,5]:0
(5,7,5]:0
(7,5,10]:0
(10,+Infinity]:0
    service.name: unknown_service:testhost
Metric Name: aspnetcore.routing.match_attempts, Description: Number of requests that were attempted to be matched to an endpoint., Unit: {match_attempt}, Metric Type: LongSum
Instrumentation scope (Meter):
	Name: Microsoft.AspNetCore.Routing
Resource associated with Activity:
(2026-06-08T01:29:07.9807809Z, 2026-06-08T01:29:11.5805918Z] aspnetcore.routing.is_fallback: false aspnetcore.routing.match_status: success http.route: api/auth/register/seller
Value: 9
    telemetry.sdk.name: opentelemetry
(2026-06-08T01:29:07.9807809Z, 2026-06-08T01:29:11.5805918Z] aspnetcore.routing.is_fallback: false aspnetcore.routing.match_status: success http.route: api/auth/login/seller
Value: 8
    telemetry.sdk.language: dotnet
(2026-06-08T01:29:07.9807809Z, 2026-06-08T01:29:11.5805918Z] aspnetcore.routing.is_fallback: false aspnetcore.routing.match_status: success http.route: api/stores
Value: 7
    telemetry.sdk.version: 1.14.0
    service.name: unknown_service:testhost
(2026-06-08T01:29:07.9807809Z, 2026-06-08T01:29:11.5805918Z] aspnetcore.routing.is_fallback: false aspnetcore.routing.match_status: success http.route: api/stores/{storeId}/status
Value: 2
(2026-06-08T01:29:07.9807809Z, 2026-06-08T01:29:11.5805918Z] aspnetcore.routing.is_fallback: false aspnetcore.routing.match_status: success http.route: api/stores/{storeId}/delivery-config
Value: 2
(2026-06-08T01:29:07.9807809Z, 2026-06-08T01:29:11.5805918Z] aspnetcore.routing.is_fallback: false aspnetcore.routing.match_status: success http.route: api/auth/register/customer
Value: 3
Activity.TraceId:            6a723656a12507dc1fed8bd5d21c01a4
Activity.SpanId:             ed4e19e0531c13de
Activity.TraceId:            500c51d57037c159face9d9615ebd459
Activity.TraceFlags:         Recorded
(2026-06-08T01:29:07.9807809Z, 2026-06-08T01:29:11.5805918Z] aspnetcore.routing.is_fallback: false aspnetcore.routing.match_status: success http.route: api/auth/login/customer
Value: 3
Activity.SpanId:             a362840e92f3e738
Activity.DisplayName:        POST api/auth/login/seller
Activity.TraceFlags:         Recorded
Activity.Kind:               Server
(2026-06-08T01:29:07.9807809Z, 2026-06-08T01:29:11.5805918Z] aspnetcore.routing.is_fallback: false aspnetcore.routing.match_status: success http.route: api/customer/addresses
Value: 1
Activity.DisplayName:        POST api/customer/addresses
Activity.StartTime:          2026-06-08T01:29:11.5358339Z
Activity.TraceId:            257a68c98689bd6cf4d7b11190f029ff
Activity.Duration:           00:00:00.1807696
Activity.SpanId:             c16f1300ee0c6c8b
Activity.TraceFlags:         Recorded
Activity.Tags:
Activity.DisplayName:        POST api/auth/register/customer
Activity.Kind:               Server
    server.address: localhost
Activity.TraceId:            ff137fed5a48458b5be42019f7b4c63c
    http.request.method: POST
Activity.StartTime:          2026-06-08T01:29:11.5372581Z
    url.scheme: http
Activity.SpanId:             13fd642e3c509409
Activity.Duration:           00:00:00.1807703
    url.path: /api/auth/login/seller
Activity.TraceFlags:         Recorded
Activity.Tags:
Activity.DisplayName:        PUT api/stores/{storeId}/products/{productId}
    server.address: localhost
Activity.Kind:               Server
    http.request.method: POST
    network.protocol.version: 1.1
    url.scheme: http
    http.route: api/auth/login/seller
Activity.StartTime:          2026-06-08T01:29:11.5391241Z
Activity.Duration:           00:00:00.2090634
[22:29:11 INF] Executed action Urbeat.WebApi.Controllers.StoresController.UpsertBusinessHours (Urbeat.WebApi) in 67.9345ms
Activity.Tags:
    server.address: localhost
    http.request.method: PUT
    url.scheme: http
    url.path: /api/stores/019ea4d9-16a7-770a-ad09-2c633189bfc7/products/019ea4d9-17da-7273-ad72-7c436b691146
(2026-06-08T01:29:07.9807809Z, 2026-06-08T01:29:11.5805918Z] aspnetcore.routing.is_fallback: false aspnetcore.routing.match_status: success http.route: api/stores/{storeId}/categories
Value: 2
Activity.Kind:               Server
(2026-06-08T01:29:07.9807809Z, 2026-06-08T01:29:11.5805918Z] aspnetcore.routing.is_fallback: false aspnetcore.routing.match_status: success http.route: api/orders
Value: 1
    url.path: /api/auth/register/customer
Activity.StartTime:          2026-06-08T01:29:11.5808690Z
    network.protocol.version: 1.1
(2026-06-08T01:29:07.9807809Z, 2026-06-08T01:29:11.5805918Z] aspnetcore.routing.is_fallback: false aspnetcore.routing.match_status: success http.route: api/stores/{storeId}/products
Value: 2
Activity.Duration:           00:00:00.1357115
(2026-06-08T01:29:07.9807809Z, 2026-06-08T01:29:11.5805918Z] aspnetcore.routing.is_fallback: false aspnetcore.routing.match_status: success http.route: api/public/stores
Value: 1
    http.route: api/auth/register/customer
Activity.Tags:
    http.response.status_code: 201
    server.address: localhost
(2026-06-08T01:29:07.9807809Z, 2026-06-08T01:29:11.5805918Z] aspnetcore.routing.is_fallback: false aspnetcore.routing.match_status: success http.route: api/public/stores/{storeId}/catalog/categories
Value: 1
    http.request.method: POST
Instrumentation scope (ActivitySource):
(2026-06-08T01:29:07.9807809Z, 2026-06-08T01:29:11.5805918Z] aspnetcore.routing.is_fallback: false aspnetcore.routing.match_status: success http.route: api/stores/{storeId}/address
Value: 1
    Name: Microsoft.AspNetCore
(2026-06-08T01:29:07.9807809Z, 2026-06-08T01:29:11.5805918Z] aspnetcore.routing.is_fallback: false aspnetcore.routing.match_status: success http.route: api/auth/refresh
Value: 1
    url.scheme: http
Metric Name: http.server.active_requests, Description: Number of active HTTP server requests., Unit: {request}, Metric Type: LongSumNonMonotonic
    url.path: /api/customer/addresses
Instrumentation scope (Meter):
    network.protocol.version: 1.1
    http.response.status_code: 200
	Name: Microsoft.AspNetCore.Hosting
    http.route: api/customer/addresses
Instrumentation scope (ActivitySource):
    Name: Microsoft.AspNetCore
    http.response.status_code: 201
Resource associated with Activity:
(2026-06-08T01:29:11.3815126Z, 2026-06-08T01:29:11.5805944Z] http.request.method: POST url.scheme: http
Value: 1
Instrumentation scope (ActivitySource):
    telemetry.sdk.name: opentelemetry
    Name: Microsoft.AspNetCore
    telemetry.sdk.language: dotnet
Resource associated with Activity:
    telemetry.sdk.version: 1.14.0
    telemetry.sdk.name: opentelemetry
    service.name: unknown_service:testhost
    telemetry.sdk.language: dotnet
    telemetry.sdk.version: 1.14.0
[22:29:11 INF] Saved 1 entities to in-memory store.
    service.name: unknown_service:testhost
    network.protocol.version: 1.1
    http.route: api/stores/{storeId}/products/{productId}
    http.response.status_code: 200
Instrumentation scope (ActivitySource):
    Name: Microsoft.AspNetCore
Resource associated with Activity:
Resource associated with Activity:
    telemetry.sdk.name: opentelemetry
    telemetry.sdk.name: opentelemetry
    telemetry.sdk.language: dotnet
    telemetry.sdk.language: dotnet
    telemetry.sdk.version: 1.14.0
    telemetry.sdk.version: 1.14.0
    service.name: unknown_service:testhost
    service.name: unknown_service:testhost
Activity.TraceId:            ff137fed5a48458b5be42019f7b4c63c
Activity.SpanId:             13fd642e3c509409
Activity.TraceFlags:         Recorded
Activity.DisplayName:        PUT api/stores/{storeId}/products/{productId}
Activity.TraceId:            500c51d57037c159face9d9615ebd459
Activity.TraceId:            257a68c98689bd6cf4d7b11190f029ff
Activity.Kind:               Server
Activity.SpanId:             a362840e92f3e738
Activity.SpanId:             c16f1300ee0c6c8b
Activity.StartTime:          2026-06-08T01:29:11.5391241Z
Activity.TraceFlags:         Recorded
Activity.Duration:           00:00:00.2090634
Activity.DisplayName:        POST api/customer/addresses
Activity.TraceFlags:         Recorded
Activity.Kind:               Server
Activity.DisplayName:        POST api/auth/register/customer
Activity.Tags:
Activity.StartTime:          2026-06-08T01:29:11.5808690Z
Activity.Kind:               Server
    server.address: localhost
Activity.Duration:           00:00:00.1357115
    http.request.method: PUT
[22:29:11 INF] Executed endpoint 'Urbeat.WebApi.Controllers.StoresController.UpsertBusinessHours (Urbeat.WebApi)'
Activity.Tags:
    url.scheme: http
    server.address: localhost
    http.request.method: POST
    url.scheme: http
    url.path: /api/customer/addresses
    network.protocol.version: 1.1
    http.route: api/customer/addresses
    url.path: /api/stores/019ea4d9-16a7-770a-ad09-2c633189bfc7/products/019ea4d9-17da-7273-ad72-7c436b691146
    http.response.status_code: 201
    network.protocol.version: 1.1
[22:29:11 INF] USER_LOGGED_IN | Login succeeded | UserId=9eb4047e-0be4-4b54-a659-9a8521391823 | Email=admin@urbeat.local | Role=Admin | IP=null
Instrumentation scope (ActivitySource):
    http.route: api/stores/{storeId}/products/{productId}
    Name: Microsoft.AspNetCore
    http.response.status_code: 200
Resource associated with Activity:
Instrumentation scope (ActivitySource):
    Name: Microsoft.AspNetCore
Resource associated with Activity:
    telemetry.sdk.name: opentelemetry
    telemetry.sdk.name: opentelemetry
Activity.TraceId:            6a723656a12507dc1fed8bd5d21c01a4
    telemetry.sdk.language: dotnet
    telemetry.sdk.version: 1.14.0
Activity.SpanId:             ed4e19e0531c13de
    service.name: unknown_service:testhost
Activity.TraceFlags:         Recorded
    telemetry.sdk.language: dotnet
Activity.DisplayName:        POST api/auth/login/seller
    telemetry.sdk.version: 1.14.0
    service.name: unknown_service:testhost
Activity.Kind:               Server
Activity.TraceId:            ff137fed5a48458b5be42019f7b4c63c
Activity.SpanId:             13fd642e3c509409
Activity.StartTime:          2026-06-08T01:29:11.5372581Z
Activity.TraceFlags:         Recorded
Activity.Duration:           00:00:00.1807703
Activity.DisplayName:        PUT api/stores/{storeId}/products/{productId}
Activity.StartTime:          2026-06-08T01:29:11.5358339Z
Activity.Kind:               Server
Activity.Duration:           00:00:00.1807696
[22:29:11 INF] HTTP PUT /api/stores/019ea4d9-16fd-700f-b11c-dffd6722e56d/business-hours responded 200 in 169.7632 ms
Activity.Tags:
Activity.StartTime:          2026-06-08T01:29:11.5391241Z
Activity.TraceId:            500c51d57037c159face9d9615ebd459
    server.address: localhost
Activity.SpanId:             a362840e92f3e738
Activity.TraceFlags:         Recorded
    http.request.method: POST
Activity.DisplayName:        POST api/customer/addresses
    url.scheme: http
Activity.Tags:
Activity.Kind:               Server
    server.address: localhost
    url.path: /api/auth/login/seller
    network.protocol.version: 1.1
    http.route: api/auth/login/seller
    http.request.method: POST
    http.response.status_code: 200
Activity.StartTime:          2026-06-08T01:29:11.5808690Z
Instrumentation scope (ActivitySource):
Activity.Duration:           00:00:00.1357115
    url.scheme: http
Activity.Tags:
    Name: Microsoft.AspNetCore
    server.address: localhost
Resource associated with Activity:
    http.request.method: POST
    url.scheme: http
    url.path: /api/customer/addresses
    network.protocol.version: 1.1
    telemetry.sdk.name: opentelemetry
    telemetry.sdk.language: dotnet
    http.route: api/customer/addresses
    telemetry.sdk.version: 1.14.0
    http.response.status_code: 201
Activity.Duration:           00:00:00.2090634
Instrumentation scope (ActivitySource):
Activity.Tags:
    service.name: unknown_service:testhost
    server.address: localhost
    Name: Microsoft.AspNetCore
    http.request.method: PUT
Resource associated with Activity:
    url.scheme: http
    telemetry.sdk.name: opentelemetry
    url.path: /api/stores/019ea4d9-16a7-770a-ad09-2c633189bfc7/products/019ea4d9-17da-7273-ad72-7c436b691146
    telemetry.sdk.language: dotnet
    network.protocol.version: 1.1
Activity.TraceId:            6a723656a12507dc1fed8bd5d21c01a4
    telemetry.sdk.version: 1.14.0
    http.route: api/stores/{storeId}/products/{productId}
    service.name: unknown_service:testhost
    http.response.status_code: 200
Activity.SpanId:             ed4e19e0531c13de
Instrumentation scope (ActivitySource):
Activity.TraceFlags:         Recorded
    Name: Microsoft.AspNetCore
Resource associated with Activity:
Activity.DisplayName:        POST api/auth/login/seller
    telemetry.sdk.name: opentelemetry
Activity.TraceId:            500c51d57037c159face9d9615ebd459
Activity.Kind:               Server
    telemetry.sdk.language: dotnet
    telemetry.sdk.version: 1.14.0
Activity.StartTime:          2026-06-08T01:29:11.5358339Z
Activity.SpanId:             a362840e92f3e738
Activity.Duration:           00:00:00.1807696
    service.name: unknown_service:testhost
Activity.TraceFlags:         Recorded
Activity.DisplayName:        POST api/customer/addresses
Activity.Tags:
Activity.Kind:               Server
Activity.TraceId:            ff137fed5a48458b5be42019f7b4c63c
    server.address: localhost
Activity.StartTime:          2026-06-08T01:29:11.5808690Z
Activity.SpanId:             13fd642e3c509409
Activity.Duration:           00:00:00.1357115
    http.request.method: POST
Activity.Tags:
Activity.TraceFlags:         Recorded
    url.scheme: http
    server.address: localhost
Activity.DisplayName:        PUT api/stores/{storeId}/products/{productId}
    http.request.method: POST
    url.path: /api/auth/login/seller
Activity.Kind:               Server
    network.protocol.version: 1.1
[22:29:11 INF] Request finished HTTP/1.1 PUT http://localhost/api/stores/019ea4d9-16fd-700f-b11c-dffd6722e56d/business-hours - 200 null application/json; charset=utf-8 199.3077ms
    url.scheme: http
    url.path: /api/customer/addresses
    network.protocol.version: 1.1
Activity.StartTime:          2026-06-08T01:29:11.5391241Z
    http.route: api/auth/login/seller
Activity.Duration:           00:00:00.2090634
    http.response.status_code: 200
Activity.Tags:
Instrumentation scope (ActivitySource):
    http.route: api/customer/addresses
    Name: Microsoft.AspNetCore
    http.response.status_code: 201
Resource associated with Activity:
Instrumentation scope (ActivitySource):
    server.address: localhost
[22:29:11 INF] Saved 1 entities to in-memory store.
    telemetry.sdk.name: opentelemetry
    telemetry.sdk.language: dotnet
    telemetry.sdk.version: 1.14.0
    service.name: unknown_service:testhost
    Name: Microsoft.AspNetCore
Resource associated with Activity:
    http.request.method: PUT
    url.scheme: http
Activity.TraceId:            6a723656a12507dc1fed8bd5d21c01a4
    telemetry.sdk.name: opentelemetry
    url.path: /api/stores/019ea4d9-16a7-770a-ad09-2c633189bfc7/products/019ea4d9-17da-7273-ad72-7c436b691146
    telemetry.sdk.language: dotnet
Activity.SpanId:             ed4e19e0531c13de
Activity.TraceFlags:         Recorded
Activity.DisplayName:        POST api/auth/login/seller
    network.protocol.version: 1.1
    http.route: api/stores/{storeId}/products/{productId}
Activity.Kind:               Server
    telemetry.sdk.version: 1.14.0
Activity.StartTime:          2026-06-08T01:29:11.5358339Z
    service.name: unknown_service:testhost
Activity.Duration:           00:00:00.1807696
Activity.Tags:
    server.address: localhost
    http.request.method: POST
    url.scheme: http
    http.response.status_code: 200
    url.path: /api/auth/login/seller
    network.protocol.version: 1.1
    http.route: api/auth/login/seller
Instrumentation scope (ActivitySource):
    Name: Microsoft.AspNetCore
    http.response.status_code: 200
Instrumentation scope (ActivitySource):
Resource associated with Activity:
    telemetry.sdk.name: opentelemetry
    Name: Microsoft.AspNetCore
    telemetry.sdk.language: dotnet
Resource associated with Activity:
    telemetry.sdk.version: 1.14.0
    service.name: unknown_service:testhost
    telemetry.sdk.name: opentelemetry
    telemetry.sdk.language: dotnet
    telemetry.sdk.version: 1.14.0
    url.path: /api/auth/register/customer
    service.name: unknown_service:testhost
    network.protocol.version: 1.1
    http.route: api/auth/register/customer
Activity.TraceId:            6a723656a12507dc1fed8bd5d21c01a4
    http.response.status_code: 201
Activity.SpanId:             ed4e19e0531c13de
Instrumentation scope (ActivitySource):
Activity.TraceFlags:         Recorded
    Name: Microsoft.AspNetCore
Activity.DisplayName:        POST api/auth/login/seller
Activity.Kind:               Server
Resource associated with Activity:
Activity.StartTime:          2026-06-08T01:29:11.5358339Z
    telemetry.sdk.name: opentelemetry
    telemetry.sdk.language: dotnet
    telemetry.sdk.version: 1.14.0
    service.name: unknown_service:testhost
Activity.Duration:           00:00:00.1807696
Activity.Tags:
    server.address: localhost
Activity.TraceId:            ff137fed5a48458b5be42019f7b4c63c
    http.request.method: POST
Activity.SpanId:             13fd642e3c509409
Activity.TraceId:            257a68c98689bd6cf4d7b11190f029ff
    url.scheme: http
    url.path: /api/auth/login/seller
Activity.TraceFlags:         Recorded
Activity.SpanId:             c16f1300ee0c6c8b
Activity.DisplayName:        PUT api/stores/{storeId}/products/{productId}
    network.protocol.version: 1.1
Activity.Kind:               Server
    http.route: api/auth/login/seller
[22:29:11 INF] Executed action method Urbeat.WebApi.Controllers.AuthController.LoginAdmin (Urbeat.WebApi), returned result Microsoft.AspNetCore.Mvc.OkObjectResult in 63.7546ms.
    http.response.status_code: 200
Instrumentation scope (ActivitySource):
Activity.TraceFlags:         Recorded
    Name: Microsoft.AspNetCore
Activity.DisplayName:        POST api/auth/register/customer
Activity.Kind:               Server
Resource associated with Activity:
Activity.StartTime:          2026-06-08T01:29:11.5372581Z
    telemetry.sdk.name: opentelemetry
Activity.Duration:           00:00:00.1807703
    telemetry.sdk.language: dotnet
    telemetry.sdk.version: 1.14.0
    service.name: unknown_service:testhost
Activity.Tags:
Activity.TraceId:            0284ba6813f584acfe4842c7e5658021
    server.address: localhost
Activity.SpanId:             bdd605648d113890
Activity.StartTime:          2026-06-08T01:29:11.5391241Z
Activity.TraceFlags:         Recorded
Activity.Duration:           00:00:00.2090634
Activity.DisplayName:        PUT api/stores/{storeId}/business-hours
Activity.Tags:
Activity.Kind:               Server
    server.address: localhost
Activity.StartTime:          2026-06-08T01:29:11.5808129Z
    http.request.method: PUT
Activity.Duration:           00:00:00.1994790
    http.request.method: POST
Activity.Tags:
    url.scheme: http
    server.address: localhost
    url.scheme: http
    http.request.method: PUT
    url.path: /api/auth/register/customer
    url.path: /api/stores/019ea4d9-16a7-770a-ad09-2c633189bfc7/products/019ea4d9-17da-7273-ad72-7c436b691146
    network.protocol.version: 1.1
    url.scheme: http
    http.route: api/auth/register/customer
    url.path: /api/stores/019ea4d9-16fd-700f-b11c-dffd6722e56d/business-hours
    network.protocol.version: 1.1
    network.protocol.version: 1.1
    http.route: api/stores/{storeId}/products/{productId}
    http.route: api/stores/{storeId}/business-hours
    http.response.status_code: 200
    http.response.status_code: 200
Instrumentation scope (ActivitySource):
Instrumentation scope (ActivitySource):
    Name: Microsoft.AspNetCore
    http.response.status_code: 201
Resource associated with Activity:
Instrumentation scope (ActivitySource):
    telemetry.sdk.name: opentelemetry
    Name: Microsoft.AspNetCore
    telemetry.sdk.language: dotnet
Resource associated with Activity:
    Name: Microsoft.AspNetCore
    telemetry.sdk.name: opentelemetry
    telemetry.sdk.version: 1.14.0
Resource associated with Activity:
    telemetry.sdk.language: dotnet
    service.name: unknown_service:testhost
    telemetry.sdk.version: 1.14.0
    telemetry.sdk.name: opentelemetry
    telemetry.sdk.language: dotnet
    service.name: unknown_service:testhost
    telemetry.sdk.version: 1.14.0
Activity.TraceId:            0284ba6813f584acfe4842c7e5658021
    service.name: unknown_service:testhost
Activity.SpanId:             bdd605648d113890
Activity.TraceFlags:         Recorded
Activity.DisplayName:        PUT api/stores/{storeId}/business-hours
Activity.Kind:               Server
Activity.TraceId:            ff137fed5a48458b5be42019f7b4c63c
Activity.StartTime:          2026-06-08T01:29:11.5808129Z
Activity.SpanId:             13fd642e3c509409
Activity.TraceId:            257a68c98689bd6cf4d7b11190f029ff
Activity.Duration:           00:00:00.1994790
Activity.SpanId:             c16f1300ee0c6c8b
Activity.TraceFlags:         Recorded
Activity.TraceFlags:         Recorded
Activity.DisplayName:        PUT api/stores/{storeId}/products/{productId}
Activity.Tags:
Activity.Kind:               Server
Activity.DisplayName:        POST api/auth/register/customer
Activity.Kind:               Server
Activity.StartTime:          2026-06-08T01:29:11.5391241Z
Activity.StartTime:          2026-06-08T01:29:11.5372581Z
Activity.Duration:           00:00:00.2090634
Activity.Tags:
    server.address: localhost
    server.address: localhost
    http.request.method: PUT
    http.request.method: PUT
    url.scheme: http
    url.path: /api/stores/019ea4d9-16a7-770a-ad09-2c633189bfc7/products/019ea4d9-17da-7273-ad72-7c436b691146
    network.protocol.version: 1.1
    url.scheme: http
Activity.Duration:           00:00:00.1807703
    http.route: api/stores/{storeId}/products/{productId}
    url.path: /api/stores/019ea4d9-16fd-700f-b11c-dffd6722e56d/business-hours
Activity.Tags:
    http.response.status_code: 200
    network.protocol.version: 1.1
Instrumentation scope (ActivitySource):
    server.address: localhost
    http.route: api/stores/{storeId}/business-hours
    http.request.method: POST
    Name: Microsoft.AspNetCore
    url.scheme: http
Resource associated with Activity:
    url.path: /api/auth/register/customer
    telemetry.sdk.name: opentelemetry
    network.protocol.version: 1.1
    telemetry.sdk.language: dotnet
    http.response.status_code: 200
    telemetry.sdk.version: 1.14.0
Instrumentation scope (ActivitySource):
    http.route: api/auth/register/customer
    service.name: unknown_service:testhost
    http.response.status_code: 201
    Name: Microsoft.AspNetCore
Resource associated with Activity:
Instrumentation scope (ActivitySource):
    Name: Microsoft.AspNetCore
Resource associated with Activity:
    telemetry.sdk.name: opentelemetry
    telemetry.sdk.language: dotnet
    telemetry.sdk.version: 1.14.0
    service.name: unknown_service:testhost
    telemetry.sdk.name: opentelemetry
Activity.TraceId:            257a68c98689bd6cf4d7b11190f029ff
Activity.SpanId:             c16f1300ee0c6c8b
Activity.TraceFlags:         Recorded
Activity.DisplayName:        POST api/auth/register/customer
    telemetry.sdk.language: dotnet
Activity.TraceId:            ff137fed5a48458b5be42019f7b4c63c
    telemetry.sdk.version: 1.14.0
Activity.SpanId:             13fd642e3c509409
Activity.Kind:               Server
Activity.TraceFlags:         Recorded
    service.name: unknown_service:testhost
Activity.DisplayName:        PUT api/stores/{storeId}/products/{productId}
Activity.StartTime:          2026-06-08T01:29:11.5372581Z
[22:29:11 INF] Executed action Urbeat.WebApi.Controllers.AuthController.LoginAdmin (Urbeat.WebApi) in 99.9094ms
Activity.Duration:           00:00:00.1807703
Activity.Tags:
    server.address: localhost
    http.request.method: POST
Activity.TraceId:            0284ba6813f584acfe4842c7e5658021
Activity.Kind:               Server
Activity.SpanId:             bdd605648d113890
    url.scheme: http
Activity.TraceFlags:         Recorded
    url.path: /api/auth/register/customer
Activity.DisplayName:        PUT api/stores/{storeId}/business-hours
Activity.StartTime:          2026-06-08T01:29:11.5391241Z
    network.protocol.version: 1.1
Activity.Kind:               Server
Activity.Duration:           00:00:00.2090634
    http.route: api/auth/register/customer
Activity.Tags:
    http.response.status_code: 201
Activity.StartTime:          2026-06-08T01:29:11.5808129Z
    server.address: localhost
Activity.Duration:           00:00:00.1994790
    http.request.method: PUT
Instrumentation scope (ActivitySource):
    url.scheme: http
Activity.Tags:
    Name: Microsoft.AspNetCore
    server.address: localhost
    url.path: /api/stores/019ea4d9-16a7-770a-ad09-2c633189bfc7/products/019ea4d9-17da-7273-ad72-7c436b691146
    http.request.method: PUT
    network.protocol.version: 1.1
    url.scheme: http
    http.route: api/stores/{storeId}/products/{productId}
Resource associated with Activity:
    url.path: /api/stores/019ea4d9-16fd-700f-b11c-dffd6722e56d/business-hours
    http.response.status_code: 200
    network.protocol.version: 1.1
    telemetry.sdk.name: opentelemetry
    http.route: api/stores/{storeId}/business-hours
Instrumentation scope (ActivitySource):
    http.response.status_code: 200
[22:29:11 INF] Executed endpoint 'Urbeat.WebApi.Controllers.AuthController.LoginAdmin (Urbeat.WebApi)'
Instrumentation scope (ActivitySource):
    Name: Microsoft.AspNetCore
Resource associated with Activity:
    Name: Microsoft.AspNetCore
    telemetry.sdk.name: opentelemetry
Resource associated with Activity:
    telemetry.sdk.language: dotnet
    telemetry.sdk.name: opentelemetry
    telemetry.sdk.version: 1.14.0
    telemetry.sdk.language: dotnet
    telemetry.sdk.language: dotnet
    service.name: unknown_service:testhost
    telemetry.sdk.version: 1.14.0
    telemetry.sdk.version: 1.14.0
    service.name: unknown_service:testhost
    service.name: unknown_service:testhost
Activity.TraceId:            0284ba6813f584acfe4842c7e5658021
Activity.TraceId:            257a68c98689bd6cf4d7b11190f029ff
Activity.SpanId:             c16f1300ee0c6c8b
Activity.SpanId:             bdd605648d113890
Activity.TraceFlags:         Recorded
Activity.TraceId:            ff137fed5a48458b5be42019f7b4c63c
Activity.TraceFlags:         Recorded
Activity.SpanId:             13fd642e3c509409
Activity.DisplayName:        POST api/auth/register/customer
Activity.TraceFlags:         Recorded
Activity.Kind:               Server
Activity.DisplayName:        PUT api/stores/{storeId}/products/{productId}
Activity.DisplayName:        PUT api/stores/{storeId}/business-hours
Activity.Kind:               Server
Activity.Kind:               Server
Activity.StartTime:          2026-06-08T01:29:11.5808129Z
Activity.Duration:           00:00:00.1994790
Activity.Tags:
Activity.StartTime:          2026-06-08T01:29:11.5391241Z
    server.address: localhost
Activity.StartTime:          2026-06-08T01:29:11.5372581Z
    http.request.method: PUT
    url.scheme: http
    url.path: /api/stores/019ea4d9-16fd-700f-b11c-dffd6722e56d/business-hours
Activity.Duration:           00:00:00.2090634
Activity.Duration:           00:00:00.1807703
Activity.Tags:
Activity.Tags:
    server.address: localhost
    server.address: localhost
    http.request.method: POST
    url.scheme: http
    url.path: /api/auth/register/customer
    http.request.method: PUT
    network.protocol.version: 1.1
    url.scheme: http
    network.protocol.version: 1.1
    url.path: /api/stores/019ea4d9-16a7-770a-ad09-2c633189bfc7/products/019ea4d9-17da-7273-ad72-7c436b691146
    http.route: api/stores/{storeId}/business-hours
    network.protocol.version: 1.1
    http.response.status_code: 200
    http.route: api/auth/register/customer
Instrumentation scope (ActivitySource):
    http.response.status_code: 201
    Name: Microsoft.AspNetCore
Instrumentation scope (ActivitySource):
Resource associated with Activity:
    http.route: api/stores/{storeId}/products/{productId}
    telemetry.sdk.name: opentelemetry
    http.response.status_code: 200
    telemetry.sdk.language: dotnet
    Name: Microsoft.AspNetCore
    telemetry.sdk.version: 1.14.0
Resource associated with Activity:
    service.name: unknown_service:testhost
    telemetry.sdk.name: opentelemetry
Instrumentation scope (ActivitySource):
    telemetry.sdk.language: dotnet
    Name: Microsoft.AspNetCore
    telemetry.sdk.version: 1.14.0
Activity.TraceId:            0284ba6813f584acfe4842c7e5658021
Resource associated with Activity:
Activity.SpanId:             bdd605648d113890
    service.name: unknown_service:testhost
    telemetry.sdk.name: opentelemetry
Activity.TraceFlags:         Recorded
Activity.DisplayName:        PUT api/stores/{storeId}/business-hours
    telemetry.sdk.language: dotnet
Activity.Kind:               Server
    telemetry.sdk.version: 1.14.0
    service.name: unknown_service:testhost
Activity.StartTime:          2026-06-08T01:29:11.5808129Z
Activity.Duration:           00:00:00.1994790
Activity.TraceId:            ff137fed5a48458b5be42019f7b4c63c
Activity.Tags:
Activity.SpanId:             13fd642e3c509409
    server.address: localhost
Activity.TraceFlags:         Recorded
    http.request.method: PUT
Activity.DisplayName:        PUT api/stores/{storeId}/products/{productId}
    url.scheme: http
Activity.Kind:               Server
    url.path: /api/stores/019ea4d9-16fd-700f-b11c-dffd6722e56d/business-hours
Activity.StartTime:          2026-06-08T01:29:11.5391241Z
    network.protocol.version: 1.1
Activity.Duration:           00:00:00.2090634
    http.route: api/stores/{storeId}/business-hours
Activity.Tags:
    http.response.status_code: 200
    server.address: localhost
Instrumentation scope (ActivitySource):
    http.request.method: PUT
    url.scheme: http
    Name: Microsoft.AspNetCore
    url.path: /api/stores/019ea4d9-16a7-770a-ad09-2c633189bfc7/products/019ea4d9-17da-7273-ad72-7c436b691146
Resource associated with Activity:
    network.protocol.version: 1.1
    telemetry.sdk.name: opentelemetry
    http.route: api/stores/{storeId}/products/{productId}
    telemetry.sdk.language: dotnet
    http.response.status_code: 200
    telemetry.sdk.version: 1.14.0
Instrumentation scope (ActivitySource):
    service.name: unknown_service:testhost
    Name: Microsoft.AspNetCore
Resource associated with Activity:
    telemetry.sdk.name: opentelemetry
Activity.TraceId:            0284ba6813f584acfe4842c7e5658021
    telemetry.sdk.language: dotnet
Activity.SpanId:             bdd605648d113890
    telemetry.sdk.version: 1.14.0
Activity.TraceFlags:         Recorded
    service.name: unknown_service:testhost
Activity.DisplayName:        PUT api/stores/{storeId}/business-hours
Activity.Kind:               Server
Activity.StartTime:          2026-06-08T01:29:11.5808129Z
Activity.Duration:           00:00:00.1994790
Activity.Tags:
    server.address: localhost
    http.request.method: PUT
    url.scheme: http
    url.path: /api/stores/019ea4d9-16fd-700f-b11c-dffd6722e56d/business-hours
    network.protocol.version: 1.1
    http.route: api/stores/{storeId}/business-hours
    http.response.status_code: 200
Instrumentation scope (ActivitySource):
    Name: Microsoft.AspNetCore
Resource associated with Activity:
    telemetry.sdk.name: opentelemetry
    telemetry.sdk.language: dotnet
    telemetry.sdk.version: 1.14.0
    service.name: unknown_service:testhost
Activity.TraceId:            0284ba6813f584acfe4842c7e5658021
Activity.SpanId:             bdd605648d113890
Activity.TraceFlags:         Recorded
Activity.DisplayName:        PUT api/stores/{storeId}/business-hours
Activity.Kind:               Server
Activity.StartTime:          2026-06-08T01:29:11.5808129Z
Activity.Duration:           00:00:00.1994790
Activity.Tags:
    server.address: localhost
    http.request.method: PUT
    url.scheme: http
    url.path: /api/stores/019ea4d9-16fd-700f-b11c-dffd6722e56d/business-hours
    network.protocol.version: 1.1
    http.route: api/stores/{storeId}/business-hours
    http.response.status_code: 200
Instrumentation scope (ActivitySource):
    Name: Microsoft.AspNetCore
Resource associated with Activity:
    telemetry.sdk.name: opentelemetry
    telemetry.sdk.language: dotnet
    telemetry.sdk.version: 1.14.0
    service.name: unknown_service:testhost
Activity.TraceId:            0284ba6813f584acfe4842c7e5658021
Activity.SpanId:             bdd605648d113890
Activity.TraceFlags:         Recorded
Activity.DisplayName:        PUT api/stores/{storeId}/business-hours
Activity.Kind:               Server
Activity.StartTime:          2026-06-08T01:29:11.5808129Z
Activity.Duration:           00:00:00.1994790
Activity.Tags:
    server.address: localhost
    http.request.method: PUT
    url.scheme: http
    url.path: /api/stores/019ea4d9-16fd-700f-b11c-dffd6722e56d/business-hours
    network.protocol.version: 1.1
    http.route: api/stores/{storeId}/business-hours
    http.response.status_code: 200
Instrumentation scope (ActivitySource):
    Name: Microsoft.AspNetCore
Resource associated with Activity:
    telemetry.sdk.name: opentelemetry
    telemetry.sdk.language: dotnet
    telemetry.sdk.version: 1.14.0
    service.name: unknown_service:testhost
[22:29:11 INF] Request finished HTTP/1.1 POST http://localhost/api/auth/login/admin - 200 null application/json; charset=utf-8 269.0333ms
Activity.TraceId:            0284ba6813f584acfe4842c7e5658021
Activity.SpanId:             bdd605648d113890
Activity.TraceFlags:         Recorded
Activity.DisplayName:        PUT api/stores/{storeId}/business-hours
Activity.Kind:               Server
Activity.StartTime:          2026-06-08T01:29:11.5808129Z
Activity.Duration:           00:00:00.1994790
Activity.Tags:
    server.address: localhost
    http.request.method: PUT
    url.scheme: http
    url.path: /api/stores/019ea4d9-16fd-700f-b11c-dffd6722e56d/business-hours
    network.protocol.version: 1.1
    http.route: api/stores/{storeId}/business-hours
    http.response.status_code: 200
Instrumentation scope (ActivitySource):
    Name: Microsoft.AspNetCore
Resource associated with Activity:
    telemetry.sdk.name: opentelemetry
    telemetry.sdk.language: dotnet
    telemetry.sdk.version: 1.14.0
    service.name: unknown_service:testhost
Activity.TraceId:            a3870752daf075b1e83542b37c5305c8
Activity.SpanId:             38ee4d54cdd87910
Activity.TraceFlags:         Recorded
Activity.DisplayName:        POST api/auth/login/admin
Activity.Kind:               Server
Activity.StartTime:          2026-06-08T01:29:11.5383233Z
Activity.Duration:           00:00:00.2692162
Activity.Tags:
    server.address: localhost
    http.request.method: POST
    url.scheme: http
    url.path: /api/auth/login/admin
    network.protocol.version: 1.1
    http.route: api/auth/login/admin
    http.response.status_code: 200
Instrumentation scope (ActivitySource):
    Name: Microsoft.AspNetCore
Resource associated with Activity:
    telemetry.sdk.name: opentelemetry
    telemetry.sdk.language: dotnet
    telemetry.sdk.version: 1.14.0
    service.name: unknown_service:testhost
Activity.TraceId:            a3870752daf075b1e83542b37c5305c8
Activity.SpanId:             38ee4d54cdd87910
Activity.TraceFlags:         Recorded
Activity.DisplayName:        POST api/auth/login/admin
Activity.Kind:               Server
Activity.StartTime:          2026-06-08T01:29:11.5383233Z
Activity.Duration:           00:00:00.2692162
Activity.Tags:
    server.address: localhost
    http.request.method: POST
    url.scheme: http
    url.path: /api/auth/login/admin
    network.protocol.version: 1.1
    http.route: api/auth/login/admin
    http.response.status_code: 200
Instrumentation scope (ActivitySource):
    Name: Microsoft.AspNetCore
Resource associated with Activity:
    telemetry.sdk.name: opentelemetry
    telemetry.sdk.language: dotnet
    telemetry.sdk.version: 1.14.0
    service.name: unknown_service:testhost
Activity.TraceId:            a3870752daf075b1e83542b37c5305c8
Activity.SpanId:             38ee4d54cdd87910
Activity.TraceFlags:         Recorded
Activity.DisplayName:        POST api/auth/login/admin
Activity.Kind:               Server
Activity.StartTime:          2026-06-08T01:29:11.5383233Z
Activity.Duration:           00:00:00.2692162
Activity.Tags:
    server.address: localhost
    http.request.method: POST
    url.scheme: http
    url.path: /api/auth/login/admin
    network.protocol.version: 1.1
    http.route: api/auth/login/admin
    http.response.status_code: 200
Instrumentation scope (ActivitySource):
    Name: Microsoft.AspNetCore
Resource associated with Activity:
    telemetry.sdk.name: opentelemetry
    telemetry.sdk.language: dotnet
    telemetry.sdk.version: 1.14.0
    service.name: unknown_service:testhost
Activity.TraceId:            a3870752daf075b1e83542b37c5305c8
Activity.SpanId:             38ee4d54cdd87910
Activity.TraceFlags:         Recorded
Activity.DisplayName:        POST api/auth/login/admin
Activity.Kind:               Server
Activity.StartTime:          2026-06-08T01:29:11.5383233Z
Activity.Duration:           00:00:00.2692162
Activity.Tags:
    server.address: localhost
    http.request.method: POST
    url.scheme: http
    url.path: /api/auth/login/admin
    network.protocol.version: 1.1
    http.route: api/auth/login/admin
    http.response.status_code: 200
Instrumentation scope (ActivitySource):
    Name: Microsoft.AspNetCore
Resource associated with Activity:
    telemetry.sdk.name: opentelemetry
    telemetry.sdk.language: dotnet
    telemetry.sdk.version: 1.14.0
    service.name: unknown_service:testhost
Activity.TraceId:            a3870752daf075b1e83542b37c5305c8
Activity.SpanId:             38ee4d54cdd87910
Activity.TraceFlags:         Recorded
Activity.DisplayName:        POST api/auth/login/admin
Activity.Kind:               Server
Activity.StartTime:          2026-06-08T01:29:11.5383233Z
Activity.Duration:           00:00:00.2692162
Activity.Tags:
    server.address: localhost
    http.request.method: POST
    url.scheme: http
    url.path: /api/auth/login/admin
    network.protocol.version: 1.1
    http.route: api/auth/login/admin
    http.response.status_code: 200
Instrumentation scope (ActivitySource):
    Name: Microsoft.AspNetCore
Resource associated with Activity:
    telemetry.sdk.name: opentelemetry
    telemetry.sdk.language: dotnet
    telemetry.sdk.version: 1.14.0
    service.name: unknown_service:testhost
Activity.TraceId:            a3870752daf075b1e83542b37c5305c8
Activity.SpanId:             38ee4d54cdd87910
Activity.TraceFlags:         Recorded
Activity.DisplayName:        POST api/auth/login/admin
Activity.Kind:               Server
Activity.StartTime:          2026-06-08T01:29:11.5383233Z
Activity.Duration:           00:00:00.2692162
Activity.Tags:
    server.address: localhost
    http.request.method: POST
    url.scheme: http
    url.path: /api/auth/login/admin
    network.protocol.version: 1.1
    http.route: api/auth/login/admin
    http.response.status_code: 200
Instrumentation scope (ActivitySource):
    Name: Microsoft.AspNetCore
Resource associated with Activity:
    telemetry.sdk.name: opentelemetry
    telemetry.sdk.language: dotnet
    telemetry.sdk.version: 1.14.0
    service.name: unknown_service:testhost
Activity.TraceId:            a3870752daf075b1e83542b37c5305c8
Activity.SpanId:             38ee4d54cdd87910
Activity.TraceFlags:         Recorded
Activity.DisplayName:        POST api/auth/login/admin
Activity.Kind:               Server
Activity.StartTime:          2026-06-08T01:29:11.5383233Z
Activity.Duration:           00:00:00.2692162
Activity.Tags:
    server.address: localhost
    http.request.method: POST
    url.scheme: http
    url.path: /api/auth/login/admin
    network.protocol.version: 1.1
    http.route: api/auth/login/admin
    http.response.status_code: 200
Instrumentation scope (ActivitySource):
    Name: Microsoft.AspNetCore
Resource associated with Activity:
    telemetry.sdk.name: opentelemetry
    telemetry.sdk.language: dotnet
    telemetry.sdk.version: 1.14.0
    service.name: unknown_service:testhost
Activity.TraceId:            a3870752daf075b1e83542b37c5305c8
Activity.SpanId:             38ee4d54cdd87910
Activity.TraceFlags:         Recorded
Activity.DisplayName:        POST api/auth/login/admin
Activity.Kind:               Server
Activity.StartTime:          2026-06-08T01:29:11.5383233Z
Activity.Duration:           00:00:00.2692162
Activity.Tags:
    server.address: localhost
    http.request.method: POST
    url.scheme: http
    url.path: /api/auth/login/admin
    network.protocol.version: 1.1
    http.route: api/auth/login/admin
    http.response.status_code: 200
Instrumentation scope (ActivitySource):
    Name: Microsoft.AspNetCore
Resource associated with Activity:
    telemetry.sdk.name: opentelemetry
    telemetry.sdk.language: dotnet
    telemetry.sdk.version: 1.14.0
    service.name: unknown_service:testhost
Activity.TraceId:            a3870752daf075b1e83542b37c5305c8
Activity.SpanId:             38ee4d54cdd87910
Activity.TraceFlags:         Recorded
Activity.DisplayName:        POST api/auth/login/admin
Activity.Kind:               Server
Activity.StartTime:          2026-06-08T01:29:11.5383233Z
Activity.Duration:           00:00:00.2692162
Activity.Tags:
    server.address: localhost
    http.request.method: POST
    url.scheme: http
    url.path: /api/auth/login/admin
    network.protocol.version: 1.1
    http.route: api/auth/login/admin
    http.response.status_code: 200
Instrumentation scope (ActivitySource):
    Name: Microsoft.AspNetCore
Resource associated with Activity:
    telemetry.sdk.name: opentelemetry
    telemetry.sdk.language: dotnet
    telemetry.sdk.version: 1.14.0
    service.name: unknown_service:testhost
[22:29:11 INF] Saved 1 entities to in-memory store.
[22:29:11 INF] Request starting HTTP/1.1 POST http://localhost/api/landingpagecontent - application/json; charset=utf-8 null
[22:29:11 INF] Saved 1 entities to in-memory store.
[22:29:11 INF] Saved 1 entities to in-memory store.
[22:29:11 INF] Saved 1 entities to in-memory store.
[22:29:11 INF] Saved 7 entities to in-memory store.
[22:29:11 INF] Executing endpoint 'Urbeat.WebApi.Controllers.LandingPageContentController.Create (Urbeat.WebApi)'
[22:29:11 INF] Route matched with {action = "Create", controller = "LandingPageContent"}. Executing controller action with signature System.Threading.Tasks.Task`1[Microsoft.AspNetCore.Mvc.IActionResult] Create(Urbeat.Application.Dtos.LandingPageContentRequestDto, System.Threading.CancellationToken) on controller Urbeat.WebApi.Controllers.LandingPageContentController (Urbeat.WebApi).
[22:29:11 INF] Executing action method Urbeat.WebApi.Controllers.LandingPageContentController.Create (Urbeat.WebApi) - Validation state: Valid
[22:29:11 INF] Saved 1 entities to in-memory store.
[22:29:11 INF] Executed action method Urbeat.WebApi.Controllers.LandingPageContentController.Create (Urbeat.WebApi), returned result Microsoft.AspNetCore.Mvc.CreatedAtActionResult in 12.1821ms.
[22:29:11 INF] Executed action Urbeat.WebApi.Controllers.LandingPageContentController.Create (Urbeat.WebApi) in 24.2754ms
[22:29:11 INF] Executed endpoint 'Urbeat.WebApi.Controllers.LandingPageContentController.Create (Urbeat.WebApi)'
[22:29:11 INF] Request finished HTTP/1.1 POST http://localhost/api/landingpagecontent - 201 null application/json; charset=utf-8 28.6965ms
Activity.TraceId:            fc2c36da95f7a2f503b2830c5e3360f9
Activity.SpanId:             211d3762f5a01a06
Activity.TraceFlags:         Recorded
Activity.DisplayName:        POST api/LandingPageContent
Activity.Kind:               Server
Activity.StartTime:          2026-06-08T01:29:11.8213227Z
Activity.Duration:           00:00:00.0288000
Activity.Tags:
    server.address: localhost
    http.request.method: POST
    url.scheme: http
    url.path: /api/landingpagecontent
    network.protocol.version: 1.1
    http.route: api/LandingPageContent
    http.response.status_code: 201
Instrumentation scope (ActivitySource):
    Name: Microsoft.AspNetCore
Resource associated with Activity:
    telemetry.sdk.name: opentelemetry
    telemetry.sdk.language: dotnet
    telemetry.sdk.version: 1.14.0
    service.name: unknown_service:testhost
Activity.TraceId:            fc2c36da95f7a2f503b2830c5e3360f9
Activity.SpanId:             211d3762f5a01a06
Activity.TraceFlags:         Recorded
Activity.DisplayName:        POST api/LandingPageContent
Activity.Kind:               Server
Activity.StartTime:          2026-06-08T01:29:11.8213227Z
Activity.Duration:           00:00:00.0288000
Activity.Tags:
    server.address: localhost
    http.request.method: POST
    url.scheme: http
    url.path: /api/landingpagecontent
    network.protocol.version: 1.1
    http.route: api/LandingPageContent
    http.response.status_code: 201
Instrumentation scope (ActivitySource):
    Name: Microsoft.AspNetCore
Resource associated with Activity:
    telemetry.sdk.name: opentelemetry
    telemetry.sdk.language: dotnet
    telemetry.sdk.version: 1.14.0
    service.name: unknown_service:testhost
Activity.TraceId:            fc2c36da95f7a2f503b2830c5e3360f9
Activity.SpanId:             211d3762f5a01a06
Activity.TraceFlags:         Recorded
Activity.DisplayName:        POST api/LandingPageContent
Activity.Kind:               Server
Activity.StartTime:          2026-06-08T01:29:11.8213227Z
Activity.Duration:           00:00:00.0288000
Activity.Tags:
    server.address: localhost
    http.request.method: POST
    url.scheme: http
    url.path: /api/landingpagecontent
    network.protocol.version: 1.1
    http.route: api/LandingPageContent
    http.response.status_code: 201
Instrumentation scope (ActivitySource):
    Name: Microsoft.AspNetCore
Resource associated with Activity:
    telemetry.sdk.name: opentelemetry
    telemetry.sdk.language: dotnet
    telemetry.sdk.version: 1.14.0
    service.name: unknown_service:testhost
Activity.TraceId:            fc2c36da95f7a2f503b2830c5e3360f9
Activity.SpanId:             211d3762f5a01a06
Activity.TraceFlags:         Recorded
Activity.DisplayName:        POST api/LandingPageContent
Activity.Kind:               Server
Activity.StartTime:          2026-06-08T01:29:11.8213227Z
Activity.Duration:           00:00:00.0288000
Activity.Tags:
    server.address: localhost
    http.request.method: POST
    url.scheme: http
    url.path: /api/landingpagecontent
    network.protocol.version: 1.1
    http.route: api/LandingPageContent
    http.response.status_code: 201
Instrumentation scope (ActivitySource):
    Name: Microsoft.AspNetCore
Resource associated with Activity:
    telemetry.sdk.name: opentelemetry
    telemetry.sdk.language: dotnet
    telemetry.sdk.version: 1.14.0
    service.name: unknown_service:testhost
Activity.TraceId:            fc2c36da95f7a2f503b2830c5e3360f9
Activity.SpanId:             211d3762f5a01a06
Activity.TraceFlags:         Recorded
Activity.DisplayName:        POST api/LandingPageContent
Activity.Kind:               Server
Activity.StartTime:          2026-06-08T01:29:11.8213227Z
Activity.Duration:           00:00:00.0288000
Activity.Tags:
    server.address: localhost
    http.request.method: POST
    url.scheme: http
    url.path: /api/landingpagecontent
    network.protocol.version: 1.1
    http.route: api/LandingPageContent
    http.response.status_code: 201
Instrumentation scope (ActivitySource):
    Name: Microsoft.AspNetCore
Resource associated with Activity:
    telemetry.sdk.name: opentelemetry
    telemetry.sdk.language: dotnet
    telemetry.sdk.version: 1.14.0
    service.name: unknown_service:testhost
Activity.TraceId:            fc2c36da95f7a2f503b2830c5e3360f9
Activity.SpanId:             211d3762f5a01a06
Activity.TraceFlags:         Recorded
Activity.DisplayName:        POST api/LandingPageContent
Activity.Kind:               Server
Activity.StartTime:          2026-06-08T01:29:11.8213227Z
Activity.Duration:           00:00:00.0288000
Activity.Tags:
    server.address: localhost
    http.request.method: POST
    url.scheme: http
    url.path: /api/landingpagecontent
    network.protocol.version: 1.1
    http.route: api/LandingPageContent
    http.response.status_code: 201
Instrumentation scope (ActivitySource):
    Name: Microsoft.AspNetCore
Resource associated with Activity:
    telemetry.sdk.name: opentelemetry
    telemetry.sdk.language: dotnet
    telemetry.sdk.version: 1.14.0
    service.name: unknown_service:testhost
Activity.TraceId:            fc2c36da95f7a2f503b2830c5e3360f9
Activity.SpanId:             211d3762f5a01a06
Activity.TraceFlags:         Recorded
Activity.DisplayName:        POST api/LandingPageContent
Activity.Kind:               Server
Activity.StartTime:          2026-06-08T01:29:11.8213227Z
Activity.Duration:           00:00:00.0288000
Activity.Tags:
    server.address: localhost
    http.request.method: POST
    url.scheme: http
    url.path: /api/landingpagecontent
    network.protocol.version: 1.1
    http.route: api/LandingPageContent
    http.response.status_code: 201
Instrumentation scope (ActivitySource):
    Name: Microsoft.AspNetCore
Resource associated with Activity:
    telemetry.sdk.name: opentelemetry
    telemetry.sdk.language: dotnet
    telemetry.sdk.version: 1.14.0
    service.name: unknown_service:testhost
Activity.TraceId:            fc2c36da95f7a2f503b2830c5e3360f9
Activity.SpanId:             211d3762f5a01a06
Activity.TraceFlags:         Recorded
Activity.DisplayName:        POST api/LandingPageContent
Activity.Kind:               Server
Activity.StartTime:          2026-06-08T01:29:11.8213227Z
Activity.Duration:           00:00:00.0288000
Activity.Tags:
    server.address: localhost
    http.request.method: POST
    url.scheme: http
    url.path: /api/landingpagecontent
    network.protocol.version: 1.1
    http.route: api/LandingPageContent
    http.response.status_code: 201
Instrumentation scope (ActivitySource):
    Name: Microsoft.AspNetCore
Resource associated with Activity:
    telemetry.sdk.name: opentelemetry
    telemetry.sdk.language: dotnet
    telemetry.sdk.version: 1.14.0
    service.name: unknown_service:testhost
Activity.TraceId:            fc2c36da95f7a2f503b2830c5e3360f9
Activity.SpanId:             211d3762f5a01a06
Activity.TraceFlags:         Recorded
Activity.DisplayName:        POST api/LandingPageContent
Activity.Kind:               Server
Activity.StartTime:          2026-06-08T01:29:11.8213227Z
Activity.Duration:           00:00:00.0288000
Activity.Tags:
    server.address: localhost
    http.request.method: POST
    url.scheme: http
    url.path: /api/landingpagecontent
    network.protocol.version: 1.1
    http.route: api/LandingPageContent
    http.response.status_code: 201
Instrumentation scope (ActivitySource):
    Name: Microsoft.AspNetCore
Resource associated with Activity:
    telemetry.sdk.name: opentelemetry
    telemetry.sdk.language: dotnet
    telemetry.sdk.version: 1.14.0
    service.name: unknown_service:testhost
[22:29:11 INF] Route matched with {action = "LoginSeller", controller = "Auth"}. Executing controller action with signature System.Threading.Tasks.Task`1[Microsoft.AspNetCore.Mvc.IActionResult] LoginSeller(Urbeat.Application.DTOs.LoginRequestDto, System.Threading.CancellationToken) on controller Urbeat.WebApi.Controllers.AuthController (Urbeat.WebApi).
[22:29:11 INF] Executing action method Urbeat.WebApi.Controllers.AuthController.LoginSeller (Urbeat.WebApi) - Validation state: Valid
[22:29:11 INF] Saved 1 entities to in-memory store.
[22:29:11 INF] Saved 2 entities to in-memory store.
[22:29:11 INF] Saved 1 entities to in-memory store.
[22:29:11 INF] Saved 1 entities to in-memory store.
[22:29:11 INF] Executed action method Urbeat.WebApi.Controllers.AuthController.LoginSeller (Urbeat.WebApi), returned result Microsoft.AspNetCore.Mvc.OkObjectResult in 47.5569ms.
[22:29:11 INF] Executed action Urbeat.WebApi.Controllers.AuthController.LoginSeller (Urbeat.WebApi) in 48.2953ms
Activity.TraceId:            a08ac25b94b0f79f5f43bdf2a2790e08
Activity.SpanId:             1076b60cb25b6a74
Activity.TraceFlags:         Recorded
Activity.DisplayName:        POST api/auth/login/seller
Activity.Kind:               Server
Activity.StartTime:          2026-06-08T01:29:11.8507594Z
Activity.Duration:           00:00:00.0513027
Activity.Tags:
    server.address: localhost
    http.request.method: POST
    url.scheme: http
    url.path: /api/auth/login/seller
    network.protocol.version: 1.1
    http.route: api/auth/login/seller
    http.response.status_code: 200
Instrumentation scope (ActivitySource):
    Name: Microsoft.AspNetCore
Resource associated with Activity:
    telemetry.sdk.name: opentelemetry
    telemetry.sdk.language: dotnet
    telemetry.sdk.version: 1.14.0
    service.name: unknown_service:testhost
Activity.TraceId:            a08ac25b94b0f79f5f43bdf2a2790e08
Activity.SpanId:             1076b60cb25b6a74
Activity.TraceFlags:         Recorded
Activity.DisplayName:        POST api/auth/login/seller
Activity.Kind:               Server
Activity.StartTime:          2026-06-08T01:29:11.8507594Z
Activity.Duration:           00:00:00.0513027
Activity.Tags:
    server.address: localhost
    http.request.method: POST
    url.scheme: http
    url.path: /api/auth/login/seller
    network.protocol.version: 1.1
    http.route: api/auth/login/seller
    http.response.status_code: 200
Instrumentation scope (ActivitySource):
    Name: Microsoft.AspNetCore
Resource associated with Activity:
    telemetry.sdk.name: opentelemetry
    telemetry.sdk.language: dotnet
    telemetry.sdk.version: 1.14.0
    service.name: unknown_service:testhost
Activity.TraceId:            a08ac25b94b0f79f5f43bdf2a2790e08
Activity.SpanId:             1076b60cb25b6a74
Activity.TraceFlags:         Recorded
Activity.DisplayName:        POST api/auth/login/seller
Activity.Kind:               Server
Activity.StartTime:          2026-06-08T01:29:11.8507594Z
Activity.Duration:           00:00:00.0513027
Activity.Tags:
    server.address: localhost
    http.request.method: POST
    url.scheme: http
    url.path: /api/auth/login/seller
    network.protocol.version: 1.1
    http.route: api/auth/login/seller
    http.response.status_code: 200
Instrumentation scope (ActivitySource):
    Name: Microsoft.AspNetCore
Resource associated with Activity:
    telemetry.sdk.name: opentelemetry
    telemetry.sdk.language: dotnet
    telemetry.sdk.version: 1.14.0
    service.name: unknown_service:testhost
Activity.TraceId:            a08ac25b94b0f79f5f43bdf2a2790e08
Activity.SpanId:             1076b60cb25b6a74
Activity.TraceFlags:         Recorded
Activity.DisplayName:        POST api/auth/login/seller
Activity.Kind:               Server
Activity.StartTime:          2026-06-08T01:29:11.8507594Z
Activity.Duration:           00:00:00.0513027
Activity.Tags:
    server.address: localhost
    http.request.method: POST
    url.scheme: http
    url.path: /api/auth/login/seller
    network.protocol.version: 1.1
    http.route: api/auth/login/seller
    http.response.status_code: 200
Instrumentation scope (ActivitySource):
    Name: Microsoft.AspNetCore
Resource associated with Activity:
    telemetry.sdk.name: opentelemetry
    telemetry.sdk.language: dotnet
    telemetry.sdk.version: 1.14.0
    service.name: unknown_service:testhost
Activity.TraceId:            a08ac25b94b0f79f5f43bdf2a2790e08
Activity.SpanId:             1076b60cb25b6a74
Activity.TraceFlags:         Recorded
Activity.DisplayName:        POST api/auth/login/seller
Activity.Kind:               Server
Activity.StartTime:          2026-06-08T01:29:11.8507594Z
Activity.Duration:           00:00:00.0513027
Activity.Tags:
    server.address: localhost
    http.request.method: POST
    url.scheme: http
    url.path: /api/auth/login/seller
    network.protocol.version: 1.1
    http.route: api/auth/login/seller
    http.response.status_code: 200
Instrumentation scope (ActivitySource):
    Name: Microsoft.AspNetCore
Resource associated with Activity:
    telemetry.sdk.name: opentelemetry
    telemetry.sdk.language: dotnet
    telemetry.sdk.version: 1.14.0
    service.name: unknown_service:testhost
Activity.TraceId:            a08ac25b94b0f79f5f43bdf2a2790e08
Activity.SpanId:             1076b60cb25b6a74
Activity.TraceFlags:         Recorded
Activity.DisplayName:        POST api/auth/login/seller
Activity.Kind:               Server
Activity.StartTime:          2026-06-08T01:29:11.8507594Z
Activity.Duration:           00:00:00.0513027
Activity.Tags:
    server.address: localhost
    http.request.method: POST
    url.scheme: http
    url.path: /api/auth/login/seller
    network.protocol.version: 1.1
    http.route: api/auth/login/seller
    http.response.status_code: 200
Instrumentation scope (ActivitySource):
    Name: Microsoft.AspNetCore
Resource associated with Activity:
    telemetry.sdk.name: opentelemetry
    telemetry.sdk.language: dotnet
    telemetry.sdk.version: 1.14.0
    service.name: unknown_service:testhost
Activity.TraceId:            a08ac25b94b0f79f5f43bdf2a2790e08
Activity.SpanId:             1076b60cb25b6a74
Activity.TraceFlags:         Recorded
Activity.DisplayName:        POST api/auth/login/seller
Activity.Kind:               Server
Activity.StartTime:          2026-06-08T01:29:11.8507594Z
Activity.Duration:           00:00:00.0513027
Activity.Tags:
    server.address: localhost
    http.request.method: POST
    url.scheme: http
    url.path: /api/auth/login/seller
    network.protocol.version: 1.1
    http.route: api/auth/login/seller
    http.response.status_code: 200
Instrumentation scope (ActivitySource):
    Name: Microsoft.AspNetCore
Resource associated with Activity:
    telemetry.sdk.name: opentelemetry
    telemetry.sdk.language: dotnet
    telemetry.sdk.version: 1.14.0
    service.name: unknown_service:testhost
Activity.TraceId:            a08ac25b94b0f79f5f43bdf2a2790e08
Activity.SpanId:             1076b60cb25b6a74
Activity.TraceFlags:         Recorded
Activity.DisplayName:        POST api/auth/login/seller
Activity.Kind:               Server
Activity.StartTime:          2026-06-08T01:29:11.8507594Z
Activity.Duration:           00:00:00.0513027
Activity.Tags:
    server.address: localhost
    http.request.method: POST
    url.scheme: http
    url.path: /api/auth/login/seller
    network.protocol.version: 1.1
    http.route: api/auth/login/seller
    http.response.status_code: 200
Instrumentation scope (ActivitySource):
    Name: Microsoft.AspNetCore
Resource associated with Activity:
    telemetry.sdk.name: opentelemetry
    telemetry.sdk.language: dotnet
    telemetry.sdk.version: 1.14.0
    service.name: unknown_service:testhost
Activity.TraceId:            a08ac25b94b0f79f5f43bdf2a2790e08
Activity.SpanId:             1076b60cb25b6a74
Activity.TraceFlags:         Recorded
Activity.DisplayName:        POST api/auth/login/seller
Activity.Kind:               Server
Activity.StartTime:          2026-06-08T01:29:11.8507594Z
Activity.Duration:           00:00:00.0513027
Activity.Tags:
    server.address: localhost
    http.request.method: POST
    url.scheme: http
    url.path: /api/auth/login/seller
    network.protocol.version: 1.1
    http.route: api/auth/login/seller
    http.response.status_code: 200
Instrumentation scope (ActivitySource):
    Name: Microsoft.AspNetCore
Resource associated with Activity:
    telemetry.sdk.name: opentelemetry
    telemetry.sdk.language: dotnet
    telemetry.sdk.version: 1.14.0
    service.name: unknown_service:testhost
[22:29:11 INF] Request starting HTTP/1.1 POST http://localhost/api/auth/login/seller - application/json; charset=utf-8 null
[22:29:11 INF] Executing endpoint 'Urbeat.WebApi.Controllers.AuthController.LoginSeller (Urbeat.WebApi)'
[22:29:11 INF] Route matched with {action = "LoginSeller", controller = "Auth"}. Executing controller action with signature System.Threading.Tasks.Task`1[Microsoft.AspNetCore.Mvc.IActionResult] LoginSeller(Urbeat.Application.DTOs.LoginRequestDto, System.Threading.CancellationToken) on controller Urbeat.WebApi.Controllers.AuthController (Urbeat.WebApi).
[22:29:11 INF] Executing action method Urbeat.WebApi.Controllers.AuthController.LoginSeller (Urbeat.WebApi) - Validation state: Valid
[22:29:11 INF] Saved 1 entities to in-memory store.
[22:29:11 INF] Saved 1 entities to in-memory store.
[22:29:11 INF] Executed action method Urbeat.WebApi.Controllers.AuthController.LoginSeller (Urbeat.WebApi), returned result Microsoft.AspNetCore.Mvc.OkObjectResult in 45.4429ms.
[22:29:11 INF] Executing OkObjectResult, writing value of type 'Urbeat.Application.DTOs.AuthTokenResponseDto'.
[22:29:11 INF] Executed action Urbeat.WebApi.Controllers.AuthController.LoginSeller (Urbeat.WebApi) in 46.0296ms
[22:29:11 INF] Executed endpoint 'Urbeat.WebApi.Controllers.AuthController.LoginSeller (Urbeat.WebApi)'
[22:29:11 INF] Request finished HTTP/1.1 POST http://localhost/api/auth/login/seller - 200 null application/json; charset=utf-8 46.6753ms
Activity.TraceId:            12619ef0528f1c19b04db555cb3340aa
Activity.SpanId:             ee20f1bdfaec1651
Activity.TraceFlags:         Recorded
Activity.DisplayName:        POST api/auth/login/seller
Activity.Kind:               Server
Activity.StartTime:          2026-06-08T01:29:11.9027617Z
Activity.Duration:           00:00:00.0467769
Activity.Tags:
    server.address: localhost
    http.request.method: POST
    url.scheme: http
    url.path: /api/auth/login/seller
    network.protocol.version: 1.1
    http.route: api/auth/login/seller
    http.response.status_code: 200
Instrumentation scope (ActivitySource):
    Name: Microsoft.AspNetCore
Resource associated with Activity:
    telemetry.sdk.name: opentelemetry
    telemetry.sdk.language: dotnet
    telemetry.sdk.version: 1.14.0
    service.name: unknown_service:testhost
Activity.TraceId:            12619ef0528f1c19b04db555cb3340aa
Activity.SpanId:             ee20f1bdfaec1651
Activity.TraceFlags:         Recorded
Activity.DisplayName:        POST api/auth/login/seller
Activity.Kind:               Server
Activity.StartTime:          2026-06-08T01:29:11.9027617Z
Activity.Duration:           00:00:00.0467769
Activity.Tags:
    server.address: localhost
    http.request.method: POST
    url.scheme: http
    url.path: /api/auth/login/seller
    network.protocol.version: 1.1
    http.route: api/auth/login/seller
    http.response.status_code: 200
Instrumentation scope (ActivitySource):
    Name: Microsoft.AspNetCore
Resource associated with Activity:
    telemetry.sdk.name: opentelemetry
    telemetry.sdk.language: dotnet
    telemetry.sdk.version: 1.14.0
    service.name: unknown_service:testhost
Activity.TraceId:            12619ef0528f1c19b04db555cb3340aa
Activity.SpanId:             ee20f1bdfaec1651
Activity.TraceFlags:         Recorded
Activity.DisplayName:        POST api/auth/login/seller
Activity.Kind:               Server
Activity.StartTime:          2026-06-08T01:29:11.9027617Z
Activity.Duration:           00:00:00.0467769
Activity.Tags:
    server.address: localhost
    http.request.method: POST
    url.scheme: http
    url.path: /api/auth/login/seller
    network.protocol.version: 1.1
    http.route: api/auth/login/seller
    http.response.status_code: 200
Instrumentation scope (ActivitySource):
    Name: Microsoft.AspNetCore
Resource associated with Activity:
    telemetry.sdk.name: opentelemetry
    telemetry.sdk.language: dotnet
    telemetry.sdk.version: 1.14.0
    service.name: unknown_service:testhost
Activity.TraceId:            12619ef0528f1c19b04db555cb3340aa
Activity.SpanId:             ee20f1bdfaec1651
Activity.TraceFlags:         Recorded
Activity.DisplayName:        POST api/auth/login/seller
Activity.Kind:               Server
Activity.StartTime:          2026-06-08T01:29:11.9027617Z
Activity.Duration:           00:00:00.0467769
Activity.Tags:
    server.address: localhost
    http.request.method: POST
    url.scheme: http
    url.path: /api/auth/login/seller
    network.protocol.version: 1.1
    http.route: api/auth/login/seller
    http.response.status_code: 200
Instrumentation scope (ActivitySource):
    Name: Microsoft.AspNetCore
Resource associated with Activity:
    telemetry.sdk.name: opentelemetry
    telemetry.sdk.language: dotnet
    telemetry.sdk.version: 1.14.0
    service.name: unknown_service:testhost
Activity.TraceId:            12619ef0528f1c19b04db555cb3340aa
Activity.SpanId:             ee20f1bdfaec1651
Activity.TraceFlags:         Recorded
Activity.DisplayName:        POST api/auth/login/seller
Activity.Kind:               Server
Activity.StartTime:          2026-06-08T01:29:11.9027617Z
Activity.Duration:           00:00:00.0467769
Activity.Tags:
    server.address: localhost
    http.request.method: POST
    url.scheme: http
    url.path: /api/auth/login/seller
    network.protocol.version: 1.1
    http.route: api/auth/login/seller
    http.response.status_code: 200
Instrumentation scope (ActivitySource):
    Name: Microsoft.AspNetCore
Resource associated with Activity:
    telemetry.sdk.name: opentelemetry
    telemetry.sdk.language: dotnet
    telemetry.sdk.version: 1.14.0
    service.name: unknown_service:testhost
Activity.TraceId:            12619ef0528f1c19b04db555cb3340aa
Activity.SpanId:             ee20f1bdfaec1651
Activity.TraceFlags:         Recorded
Activity.DisplayName:        POST api/auth/login/seller
Activity.Kind:               Server
Activity.StartTime:          2026-06-08T01:29:11.9027617Z
Activity.Duration:           00:00:00.0467769
Activity.Tags:
    server.address: localhost
    http.request.method: POST
    url.scheme: http
    url.path: /api/auth/login/seller
    network.protocol.version: 1.1
    http.route: api/auth/login/seller
    http.response.status_code: 200
Instrumentation scope (ActivitySource):
    Name: Microsoft.AspNetCore
Resource associated with Activity:
    telemetry.sdk.name: opentelemetry
    telemetry.sdk.language: dotnet
    telemetry.sdk.version: 1.14.0
    service.name: unknown_service:testhost
Activity.TraceId:            12619ef0528f1c19b04db555cb3340aa
Activity.SpanId:             ee20f1bdfaec1651
Activity.TraceFlags:         Recorded
Activity.DisplayName:        POST api/auth/login/seller
Activity.Kind:               Server
Activity.StartTime:          2026-06-08T01:29:11.9027617Z
Activity.Duration:           00:00:00.0467769
Activity.Tags:
    server.address: localhost
    http.request.method: POST
    url.scheme: http
    url.path: /api/auth/login/seller
    network.protocol.version: 1.1
    http.route: api/auth/login/seller
    http.response.status_code: 200
Instrumentation scope (ActivitySource):
    Name: Microsoft.AspNetCore
Resource associated with Activity:
    telemetry.sdk.name: opentelemetry
    telemetry.sdk.language: dotnet
    telemetry.sdk.version: 1.14.0
    service.name: unknown_service:testhost
Activity.TraceId:            12619ef0528f1c19b04db555cb3340aa
Activity.SpanId:             ee20f1bdfaec1651
Activity.TraceFlags:         Recorded
Activity.DisplayName:        POST api/auth/login/seller
Activity.Kind:               Server
Activity.StartTime:          2026-06-08T01:29:11.9027617Z
Activity.Duration:           00:00:00.0467769
Activity.Tags:
    server.address: localhost
    http.request.method: POST
    url.scheme: http
    url.path: /api/auth/login/seller
    network.protocol.version: 1.1
    http.route: api/auth/login/seller
    http.response.status_code: 200
Instrumentation scope (ActivitySource):
    Name: Microsoft.AspNetCore
Resource associated with Activity:
    telemetry.sdk.name: opentelemetry
    telemetry.sdk.language: dotnet
    telemetry.sdk.version: 1.14.0
    service.name: unknown_service:testhost
Activity.TraceId:            12619ef0528f1c19b04db555cb3340aa
Activity.SpanId:             ee20f1bdfaec1651
Activity.TraceFlags:         Recorded
Activity.DisplayName:        POST api/auth/login/seller
Activity.Kind:               Server
Activity.StartTime:          2026-06-08T01:29:11.9027617Z
Activity.Duration:           00:00:00.0467769
Activity.Tags:
    server.address: localhost
    http.request.method: POST
    url.scheme: http
    url.path: /api/auth/login/seller
    network.protocol.version: 1.1
    http.route: api/auth/login/seller
    http.response.status_code: 200
Instrumentation scope (ActivitySource):
    Name: Microsoft.AspNetCore
Resource associated with Activity:
    telemetry.sdk.name: opentelemetry
    telemetry.sdk.language: dotnet
    telemetry.sdk.version: 1.14.0
    service.name: unknown_service:testhost
[22:29:11 INF] Request starting HTTP/1.1 POST http://localhost/api/orders - application/json; charset=utf-8 null
[22:29:11 INF] Executing endpoint 'Urbeat.WebApi.Controllers.OrdersController.Create (Urbeat.WebApi)'
[22:29:11 INF] Route matched with {action = "Create", controller = "Orders"}. Executing controller action with signature System.Threading.Tasks.Task`1[Microsoft.AspNetCore.Mvc.IActionResult] Create(Urbeat.Application.DTOs.CheckoutRequestDto, System.Threading.CancellationToken) on controller Urbeat.WebApi.Controllers.OrdersController (Urbeat.WebApi).
[22:29:11 INF] Executing action method Urbeat.WebApi.Controllers.OrdersController.Create (Urbeat.WebApi) - Validation state: Valid
[22:29:11 INF] Executed action method Urbeat.WebApi.Controllers.OrdersController.Create (Urbeat.WebApi), returned result Microsoft.AspNetCore.Mvc.BadRequestObjectResult in 0.1493ms.
[22:29:11 INF] Executing BadRequestObjectResult, writing value of type 'Microsoft.AspNetCore.Mvc.ValidationProblemDetails'.
[22:29:11 INF] Executed action Urbeat.WebApi.Controllers.OrdersController.Create (Urbeat.WebApi) in 0.9368ms
[22:29:11 INF] Executed endpoint 'Urbeat.WebApi.Controllers.OrdersController.Create (Urbeat.WebApi)'
[22:29:11 INF] Request finished HTTP/1.1 POST http://localhost/api/orders - 400 null application/problem+json; charset=utf-8 1.6659ms
Activity.TraceId:            9df375178dbf72a9e25b04dbe37fb115
Activity.SpanId:             97c11f984d1bc86b
Activity.TraceFlags:         Recorded
Activity.DisplayName:        POST api/orders
Activity.Kind:               Server
Activity.StartTime:          2026-06-08T01:29:11.9502219Z
Activity.Duration:           00:00:00.0017422
Activity.Tags:
    server.address: localhost
    http.request.method: POST
    url.scheme: http
    url.path: /api/orders
    network.protocol.version: 1.1
    http.route: api/orders
    http.response.status_code: 400
Instrumentation scope (ActivitySource):
    Name: Microsoft.AspNetCore
Resource associated with Activity:
    telemetry.sdk.name: opentelemetry
    telemetry.sdk.language: dotnet
    telemetry.sdk.version: 1.14.0
    service.name: unknown_service:testhost
Activity.TraceId:            9df375178dbf72a9e25b04dbe37fb115
Activity.SpanId:             97c11f984d1bc86b
Activity.TraceFlags:         Recorded
Activity.DisplayName:        POST api/orders
Activity.Kind:               Server
Activity.StartTime:          2026-06-08T01:29:11.9502219Z
Activity.Duration:           00:00:00.0017422
Activity.Tags:
    server.address: localhost
    http.request.method: POST
    url.scheme: http
    url.path: /api/orders
    network.protocol.version: 1.1
    http.route: api/orders
    http.response.status_code: 400
Instrumentation scope (ActivitySource):
    Name: Microsoft.AspNetCore
Resource associated with Activity:
    telemetry.sdk.name: opentelemetry
    telemetry.sdk.language: dotnet
    telemetry.sdk.version: 1.14.0
    service.name: unknown_service:testhost
Activity.TraceId:            9df375178dbf72a9e25b04dbe37fb115
Activity.SpanId:             97c11f984d1bc86b
Activity.TraceFlags:         Recorded
Activity.DisplayName:        POST api/orders
Activity.Kind:               Server
Activity.StartTime:          2026-06-08T01:29:11.9502219Z
Activity.Duration:           00:00:00.0017422
Activity.Tags:
    server.address: localhost
    http.request.method: POST
    url.scheme: http
    url.path: /api/orders
    network.protocol.version: 1.1
    http.route: api/orders
    http.response.status_code: 400
Instrumentation scope (ActivitySource):
    Name: Microsoft.AspNetCore
Resource associated with Activity:
    telemetry.sdk.name: opentelemetry
    telemetry.sdk.language: dotnet
    telemetry.sdk.version: 1.14.0
    service.name: unknown_service:testhost
Activity.TraceId:            9df375178dbf72a9e25b04dbe37fb115
Activity.SpanId:             97c11f984d1bc86b
Activity.TraceFlags:         Recorded
Activity.DisplayName:        POST api/orders
Activity.Kind:               Server
Activity.StartTime:          2026-06-08T01:29:11.9502219Z
Activity.Duration:           00:00:00.0017422
Activity.Tags:
    server.address: localhost
    http.request.method: POST
    url.scheme: http
    url.path: /api/orders
    network.protocol.version: 1.1
    http.route: api/orders
    http.response.status_code: 400
Instrumentation scope (ActivitySource):
    Name: Microsoft.AspNetCore
Resource associated with Activity:
    telemetry.sdk.name: opentelemetry
    telemetry.sdk.language: dotnet
    telemetry.sdk.version: 1.14.0
    service.name: unknown_service:testhost
Activity.TraceId:            9df375178dbf72a9e25b04dbe37fb115
Activity.SpanId:             97c11f984d1bc86b
Activity.TraceFlags:         Recorded
Activity.DisplayName:        POST api/orders
Activity.Kind:               Server
Activity.StartTime:          2026-06-08T01:29:11.9502219Z
Activity.Duration:           00:00:00.0017422
Activity.Tags:
    server.address: localhost
    http.request.method: POST
    url.scheme: http
    url.path: /api/orders
    network.protocol.version: 1.1
    http.route: api/orders
    http.response.status_code: 400
Instrumentation scope (ActivitySource):
    Name: Microsoft.AspNetCore
Resource associated with Activity:
    telemetry.sdk.name: opentelemetry
    telemetry.sdk.language: dotnet
    telemetry.sdk.version: 1.14.0
    service.name: unknown_service:testhost
Activity.TraceId:            9df375178dbf72a9e25b04dbe37fb115
Activity.SpanId:             97c11f984d1bc86b
Activity.TraceFlags:         Recorded
Activity.DisplayName:        POST api/orders
Activity.Kind:               Server
Activity.StartTime:          2026-06-08T01:29:11.9502219Z
Activity.Duration:           00:00:00.0017422
Activity.Tags:
    server.address: localhost
    http.request.method: POST
    url.scheme: http
    url.path: /api/orders
    network.protocol.version: 1.1
    http.route: api/orders
    http.response.status_code: 400
Instrumentation scope (ActivitySource):
    Name: Microsoft.AspNetCore
Resource associated with Activity:
    telemetry.sdk.name: opentelemetry
    telemetry.sdk.language: dotnet
    telemetry.sdk.version: 1.14.0
    service.name: unknown_service:testhost
Activity.TraceId:            9df375178dbf72a9e25b04dbe37fb115
Activity.SpanId:             97c11f984d1bc86b
Activity.TraceFlags:         Recorded
Activity.DisplayName:        POST api/orders
Activity.Kind:               Server
Activity.StartTime:          2026-06-08T01:29:11.9502219Z
Activity.Duration:           00:00:00.0017422
Activity.Tags:
    server.address: localhost
    http.request.method: POST
    url.scheme: http
    url.path: /api/orders
    network.protocol.version: 1.1
    http.route: api/orders
    http.response.status_code: 400
Instrumentation scope (ActivitySource):
    Name: Microsoft.AspNetCore
Resource associated with Activity:
    telemetry.sdk.name: opentelemetry
    telemetry.sdk.language: dotnet
    telemetry.sdk.version: 1.14.0
    service.name: unknown_service:testhost
Activity.TraceId:            9df375178dbf72a9e25b04dbe37fb115
Activity.SpanId:             97c11f984d1bc86b
Activity.TraceFlags:         Recorded
Activity.DisplayName:        POST api/orders
Activity.Kind:               Server
Activity.StartTime:          2026-06-08T01:29:11.9502219Z
Activity.Duration:           00:00:00.0017422
Activity.Tags:
    server.address: localhost
    http.request.method: POST
    url.scheme: http
    url.path: /api/orders
    network.protocol.version: 1.1
    http.route: api/orders
    http.response.status_code: 400
Instrumentation scope (ActivitySource):
    Name: Microsoft.AspNetCore
Resource associated with Activity:
    telemetry.sdk.name: opentelemetry
    telemetry.sdk.language: dotnet
    telemetry.sdk.version: 1.14.0
    service.name: unknown_service:testhost
Activity.TraceId:            9df375178dbf72a9e25b04dbe37fb115
Activity.SpanId:             97c11f984d1bc86b
Activity.TraceFlags:         Recorded
Activity.DisplayName:        POST api/orders
Activity.Kind:               Server
Activity.StartTime:          2026-06-08T01:29:11.9502219Z
Activity.Duration:           00:00:00.0017422
Activity.Tags:
    server.address: localhost
    http.request.method: POST
    url.scheme: http
    url.path: /api/orders
    network.protocol.version: 1.1
    http.route: api/orders
    http.response.status_code: 400
Instrumentation scope (ActivitySource):
    Name: Microsoft.AspNetCore
Resource associated with Activity:
    telemetry.sdk.name: opentelemetry
    telemetry.sdk.language: dotnet
    telemetry.sdk.version: 1.14.0
    service.name: unknown_service:testhost
[22:29:11 INF] Server fabio-mobile:44964:bb71dc8a caught stopping signal...
[xUnit.net 00:00:09.09]       Expected response.StatusCode to be HttpStatusCode.Created {value: 201}, but found HttpStatusCode.BadRequest {value: 400}.
[xUnit.net 00:00:09.09]       Stack Trace:
[xUnit.net 00:00:09.09]            at FluentAssertions.Execution.LateBoundTestFramework.Throw(String message)
[xUnit.net 00:00:09.09]            at FluentAssertions.Execution.DefaultAssertionStrategy.HandleFailure(String message)
[xUnit.net 00:00:09.09]            at FluentAssertions.Execution.AssertionScope.AddPreFormattedFailure(String formattedFailureMessage)
[xUnit.net 00:00:09.09]            at FluentAssertions.Execution.AssertionChain.FailWith(Func`1 getFailureReason)
[xUnit.net 00:00:09.09]            at FluentAssertions.Execution.AssertionChain.FailWith(Func`1 getFailureReason)
[xUnit.net 00:00:09.09]            at FluentAssertions.Execution.AssertionChain.FailWith(String message, Object[] args)
[xUnit.net 00:00:09.09]            at FluentAssertions.Primitives.EnumAssertions`2.Be(TEnum expected, String because, Object[] becauseArgs)
[xUnit.net 00:00:09.09]         C:\Projetos\urbeat\backend\tests\Urbeat.IntegrationTests\Api\OrdersFlowTests.cs(201,0): at Urbeat.IntegrationTests.Api.OrdersFlowTests.CreateOrderAsync(HttpClient customerClient, Guid storeId, Guid addressId, PaymentMethod paymentMethod, String itemName)
[xUnit.net 00:00:09.09]         C:\Projetos\urbeat\backend\tests\Urbeat.IntegrationTests\Api\OrdersFlowTests.cs(147,0): at Urbeat.IntegrationTests.Api.OrdersFlowTests.SellerStoreHistory_ShouldFilterByStatus_AndPaginate()
[xUnit.net 00:00:09.09]         --- End of stack trace from previous location ---
[22:29:11 INF] Saved 1 entities to in-memory store.
[22:29:11 INF] Saved 1 entities to in-memory store.
[22:29:11 INF] Executing ObjectResult, writing value of type 'Urbeat.Application.DTOs.StoreResponseDto'.
Activity.TraceId:            2827533628fca5a514edd4344ad19984
Activity.SpanId:             44d93c6e8c5904e3
Activity.TraceFlags:         Recorded
Activity.DisplayName:        POST api/stores
Activity.Kind:               Server
Activity.StartTime:          2026-06-08T01:29:11.9545349Z
Activity.Duration:           00:00:00.0104721
Activity.Tags:
    server.address: localhost
    http.request.method: POST
    url.scheme: http
    url.path: /api/stores
    network.protocol.version: 1.1
    http.route: api/stores
    http.response.status_code: 201
Instrumentation scope (ActivitySource):
    Name: Microsoft.AspNetCore
Resource associated with Activity:
    telemetry.sdk.name: opentelemetry
    telemetry.sdk.language: dotnet
    telemetry.sdk.version: 1.14.0
    service.name: unknown_service:testhost
Activity.TraceId:            2827533628fca5a514edd4344ad19984
Activity.SpanId:             44d93c6e8c5904e3
Activity.TraceFlags:         Recorded
Activity.DisplayName:        POST api/stores
Activity.Kind:               Server
Activity.StartTime:          2026-06-08T01:29:11.9545349Z
Activity.Duration:           00:00:00.0104721
Activity.Tags:
    server.address: localhost
    http.request.method: POST
    url.scheme: http
    url.path: /api/stores
    network.protocol.version: 1.1
    http.route: api/stores
    http.response.status_code: 201
Instrumentation scope (ActivitySource):
    Name: Microsoft.AspNetCore
Resource associated with Activity:
    telemetry.sdk.name: opentelemetry
    telemetry.sdk.language: dotnet
    telemetry.sdk.version: 1.14.0
    service.name: unknown_service:testhost
Activity.TraceId:            2827533628fca5a514edd4344ad19984
Activity.SpanId:             44d93c6e8c5904e3
Activity.TraceFlags:         Recorded
Activity.DisplayName:        POST api/stores
Activity.Kind:               Server
Activity.StartTime:          2026-06-08T01:29:11.9545349Z
Activity.Duration:           00:00:00.0104721
Activity.Tags:
    server.address: localhost
    http.request.method: POST
    url.scheme: http
    url.path: /api/stores
    network.protocol.version: 1.1
    http.route: api/stores
    http.response.status_code: 201
Instrumentation scope (ActivitySource):
    Name: Microsoft.AspNetCore
Resource associated with Activity:
    telemetry.sdk.name: opentelemetry
    telemetry.sdk.language: dotnet
    telemetry.sdk.version: 1.14.0
    service.name: unknown_service:testhost
Activity.TraceId:            2827533628fca5a514edd4344ad19984
Activity.SpanId:             44d93c6e8c5904e3
Activity.TraceFlags:         Recorded
Activity.DisplayName:        POST api/stores
Activity.Kind:               Server
Activity.StartTime:          2026-06-08T01:29:11.9545349Z
Activity.Duration:           00:00:00.0104721
Activity.Tags:
    server.address: localhost
    http.request.method: POST
    url.scheme: http
    url.path: /api/stores
    network.protocol.version: 1.1
    http.route: api/stores
    http.response.status_code: 201
Instrumentation scope (ActivitySource):
    Name: Microsoft.AspNetCore
Resource associated with Activity:
    telemetry.sdk.name: opentelemetry
    telemetry.sdk.language: dotnet
    telemetry.sdk.version: 1.14.0
    service.name: unknown_service:testhost
Activity.TraceId:            2827533628fca5a514edd4344ad19984
Activity.SpanId:             44d93c6e8c5904e3
Activity.TraceFlags:         Recorded
Activity.DisplayName:        POST api/stores
Activity.Kind:               Server
Activity.StartTime:          2026-06-08T01:29:11.9545349Z
Activity.Duration:           00:00:00.0104721
Activity.Tags:
    server.address: localhost
    http.request.method: POST
    url.scheme: http
    url.path: /api/stores
    network.protocol.version: 1.1
    http.route: api/stores
    http.response.status_code: 201
Instrumentation scope (ActivitySource):
    Name: Microsoft.AspNetCore
Resource associated with Activity:
    telemetry.sdk.name: opentelemetry
    telemetry.sdk.language: dotnet
    telemetry.sdk.version: 1.14.0
    service.name: unknown_service:testhost
Activity.TraceId:            2827533628fca5a514edd4344ad19984
Activity.SpanId:             44d93c6e8c5904e3
Activity.TraceFlags:         Recorded
Activity.DisplayName:        POST api/stores
Activity.Kind:               Server
Activity.StartTime:          2026-06-08T01:29:11.9545349Z
Activity.Duration:           00:00:00.0104721
Activity.Tags:
    server.address: localhost
    http.request.method: POST
    url.scheme: http
    url.path: /api/stores
    network.protocol.version: 1.1
    http.route: api/stores
    http.response.status_code: 201
Instrumentation scope (ActivitySource):
    Name: Microsoft.AspNetCore
Resource associated with Activity:
    telemetry.sdk.name: opentelemetry
    telemetry.sdk.language: dotnet
    telemetry.sdk.version: 1.14.0
    service.name: unknown_service:testhost
Activity.TraceId:            2827533628fca5a514edd4344ad19984
Activity.SpanId:             44d93c6e8c5904e3
Activity.TraceFlags:         Recorded
Activity.DisplayName:        POST api/stores
Activity.Kind:               Server
Activity.StartTime:          2026-06-08T01:29:11.9545349Z
Activity.Duration:           00:00:00.0104721
Activity.Tags:
    server.address: localhost
    http.request.method: POST
    url.scheme: http
    url.path: /api/stores
    network.protocol.version: 1.1
    http.route: api/stores
    http.response.status_code: 201
Instrumentation scope (ActivitySource):
    Name: Microsoft.AspNetCore
Resource associated with Activity:
    telemetry.sdk.name: opentelemetry
    telemetry.sdk.language: dotnet
    telemetry.sdk.version: 1.14.0
    service.name: unknown_service:testhost
Activity.TraceId:            2827533628fca5a514edd4344ad19984
Activity.SpanId:             44d93c6e8c5904e3
Activity.TraceFlags:         Recorded
Activity.DisplayName:        POST api/stores
Activity.Kind:               Server
Activity.StartTime:          2026-06-08T01:29:11.9545349Z
Activity.Duration:           00:00:00.0104721
Activity.Tags:
    server.address: localhost
    http.request.method: POST
    url.scheme: http
    url.path: /api/stores
    network.protocol.version: 1.1
    http.route: api/stores
    http.response.status_code: 201
Instrumentation scope (ActivitySource):
    Name: Microsoft.AspNetCore
Resource associated with Activity:
    telemetry.sdk.name: opentelemetry
    telemetry.sdk.language: dotnet
    telemetry.sdk.version: 1.14.0
    service.name: unknown_service:testhost
Activity.TraceId:            2827533628fca5a514edd4344ad19984
Activity.SpanId:             44d93c6e8c5904e3
Activity.TraceFlags:         Recorded
Activity.DisplayName:        POST api/stores
Activity.Kind:               Server
Activity.StartTime:          2026-06-08T01:29:11.9545349Z
Activity.Duration:           00:00:00.0104721
Activity.Tags:
    server.address: localhost
    http.request.method: POST
    url.scheme: http
    url.path: /api/stores
    network.protocol.version: 1.1
    http.route: api/stores
    http.response.status_code: 201
Instrumentation scope (ActivitySource):
    Name: Microsoft.AspNetCore
Resource associated with Activity:
    telemetry.sdk.name: opentelemetry
    telemetry.sdk.language: dotnet
    telemetry.sdk.version: 1.14.0
    service.name: unknown_service:testhost
[22:29:11 INF] Server fabio-mobile:44964:bb71dc8a All dispatchers stopped
[22:29:11 INF] Request starting HTTP/1.1 POST http://localhost/api/auth/login/customer - application/json; charset=utf-8 null
[22:29:11 INF] Executing endpoint 'Urbeat.WebApi.Controllers.AuthController.LoginCustomer (Urbeat.WebApi)'
[22:29:11 INF] Route matched with {action = "LoginCustomer", controller = "Auth"}. Executing controller action with signature System.Threading.Tasks.Task`1[Microsoft.AspNetCore.Mvc.IActionResult] LoginCustomer(Urbeat.Application.DTOs.LoginRequestDto, System.Threading.CancellationToken) on controller Urbeat.WebApi.Controllers.AuthController (Urbeat.WebApi).
[22:29:11 INF] Server fabio-mobile:44964:bb71dc8a successfully reported itself as stopped in 0,0734 ms
[22:29:11 INF] Request starting HTTP/1.1 GET http://localhost/api/public/stores - null null
[22:29:11 INF] Server fabio-mobile:44964:bb71dc8a has been stopped in total 10,6131 ms
[22:29:11 INF] Executing endpoint 'Urbeat.WebApi.Controllers.PublicStoresController.List (Urbeat.WebApi)'
[22:29:11 INF] Executing action method Urbeat.WebApi.Controllers.AuthController.LoginCustomer (Urbeat.WebApi) - Validation state: Valid
[22:29:11 INF] Route matched with {action = "List", controller = "PublicStores"}. Executing controller action with signature System.Threading.Tasks.Task`1[Microsoft.AspNetCore.Mvc.IActionResult] List(System.String, System.Threading.CancellationToken) on controller Urbeat.WebApi.Controllers.PublicStoresController (Urbeat.WebApi).
[22:29:11 INF] Executing action method Urbeat.WebApi.Controllers.PublicStoresController.List (Urbeat.WebApi) - Validation state: Valid
[22:29:11 INF] Executed action method Urbeat.WebApi.Controllers.PublicStoresController.List (Urbeat.WebApi), returned result Microsoft.AspNetCore.Mvc.OkObjectResult in 2.4452ms.
[22:29:11 INF] Executing OkObjectResult, writing value of type 'System.Collections.Generic.List`1[[Urbeat.Application.DTOs.StorePublicListItemDto, Urbeat.Application, Version=1.0.0.0, Culture=neutral, PublicKeyToken=null]]'.
[22:29:11 INF] Executed action Urbeat.WebApi.Controllers.PublicStoresController.List (Urbeat.WebApi) in 4.6294ms
[22:29:11 INF] Executed endpoint 'Urbeat.WebApi.Controllers.PublicStoresController.List (Urbeat.WebApi)'
[22:29:11 INF] Request finished HTTP/1.1 GET http://localhost/api/public/stores - 200 null application/json; charset=utf-8 8.8641ms
Activity.TraceId:            0bd80e62eefb30434afc4943870feac7
Activity.SpanId:             97c46d6272f09fd7
Activity.TraceFlags:         Recorded
Activity.DisplayName:        GET api/public/stores
Activity.Kind:               Server
Activity.StartTime:          2026-06-08T01:29:11.9661519Z
Activity.Duration:           00:00:00.0089712
Activity.Tags:
    server.address: localhost
    http.request.method: GET
    url.scheme: http
    url.path: /api/public/stores
    network.protocol.version: 1.1
    http.route: api/public/stores
    http.response.status_code: 200
Instrumentation scope (ActivitySource):
    Name: Microsoft.AspNetCore
Resource associated with Activity:
    telemetry.sdk.name: opentelemetry
    telemetry.sdk.language: dotnet
    telemetry.sdk.version: 1.14.0
    service.name: unknown_service:testhost
Activity.TraceId:            0bd80e62eefb30434afc4943870feac7
Activity.SpanId:             97c46d6272f09fd7
Activity.TraceFlags:         Recorded
Activity.DisplayName:        GET api/public/stores
Activity.Kind:               Server
Activity.StartTime:          2026-06-08T01:29:11.9661519Z
Activity.Duration:           00:00:00.0089712
Activity.Tags:
    server.address: localhost
    http.request.method: GET
    url.scheme: http
    url.path: /api/public/stores
    network.protocol.version: 1.1
    http.route: api/public/stores
    http.response.status_code: 200
Instrumentation scope (ActivitySource):
    Name: Microsoft.AspNetCore
Resource associated with Activity:
    telemetry.sdk.name: opentelemetry
    telemetry.sdk.language: dotnet
    telemetry.sdk.version: 1.14.0
    service.name: unknown_service:testhost
Activity.TraceId:            0bd80e62eefb30434afc4943870feac7
Activity.SpanId:             97c46d6272f09fd7
Activity.TraceFlags:         Recorded
Activity.DisplayName:        GET api/public/stores
Activity.Kind:               Server
Activity.StartTime:          2026-06-08T01:29:11.9661519Z
Activity.Duration:           00:00:00.0089712
Activity.Tags:
    server.address: localhost
    http.request.method: GET
    url.scheme: http
    url.path: /api/public/stores
    network.protocol.version: 1.1
    http.route: api/public/stores
    http.response.status_code: 200
Instrumentation scope (ActivitySource):
    Name: Microsoft.AspNetCore
Resource associated with Activity:
    telemetry.sdk.name: opentelemetry
    telemetry.sdk.language: dotnet
    telemetry.sdk.version: 1.14.0
    service.name: unknown_service:testhost
Activity.TraceId:            0bd80e62eefb30434afc4943870feac7
Activity.SpanId:             97c46d6272f09fd7
Activity.TraceFlags:         Recorded
Activity.DisplayName:        GET api/public/stores
Activity.Kind:               Server
Activity.StartTime:          2026-06-08T01:29:11.9661519Z
Activity.Duration:           00:00:00.0089712
Activity.Tags:
    server.address: localhost
    http.request.method: GET
    url.scheme: http
    url.path: /api/public/stores
    network.protocol.version: 1.1
    http.route: api/public/stores
    http.response.status_code: 200
Instrumentation scope (ActivitySource):
    Name: Microsoft.AspNetCore
Resource associated with Activity:
    telemetry.sdk.name: opentelemetry
    telemetry.sdk.language: dotnet
    telemetry.sdk.version: 1.14.0
    service.name: unknown_service:testhost
Activity.TraceId:            0bd80e62eefb30434afc4943870feac7
Activity.SpanId:             97c46d6272f09fd7
Activity.TraceFlags:         Recorded
Activity.DisplayName:        GET api/public/stores
Activity.Kind:               Server
Activity.StartTime:          2026-06-08T01:29:11.9661519Z
Activity.Duration:           00:00:00.0089712
Activity.Tags:
    server.address: localhost
    http.request.method: GET
    url.scheme: http
    url.path: /api/public/stores
    network.protocol.version: 1.1
    http.route: api/public/stores
    http.response.status_code: 200
Instrumentation scope (ActivitySource):
    Name: Microsoft.AspNetCore
Resource associated with Activity:
    telemetry.sdk.name: opentelemetry
    telemetry.sdk.language: dotnet
    telemetry.sdk.version: 1.14.0
    service.name: unknown_service:testhost
Activity.TraceId:            0bd80e62eefb30434afc4943870feac7
Activity.SpanId:             97c46d6272f09fd7
Activity.TraceFlags:         Recorded
Activity.DisplayName:        GET api/public/stores
Activity.Kind:               Server
Activity.StartTime:          2026-06-08T01:29:11.9661519Z
Activity.Duration:           00:00:00.0089712
Activity.Tags:
    server.address: localhost
    http.request.method: GET
    url.scheme: http
    url.path: /api/public/stores
    network.protocol.version: 1.1
    http.route: api/public/stores
    http.response.status_code: 200
Instrumentation scope (ActivitySource):
    Name: Microsoft.AspNetCore
Resource associated with Activity:
    telemetry.sdk.name: opentelemetry
    telemetry.sdk.language: dotnet
    telemetry.sdk.version: 1.14.0
    service.name: unknown_service:testhost
Activity.TraceId:            0bd80e62eefb30434afc4943870feac7
Activity.SpanId:             97c46d6272f09fd7
Activity.TraceFlags:         Recorded
Activity.DisplayName:        GET api/public/stores
Activity.Kind:               Server
Activity.StartTime:          2026-06-08T01:29:11.9661519Z
Activity.Duration:           00:00:00.0089712
Activity.Tags:
    server.address: localhost
    http.request.method: GET
    url.scheme: http
    url.path: /api/public/stores
    network.protocol.version: 1.1
    http.route: api/public/stores
    http.response.status_code: 200
Instrumentation scope (ActivitySource):
    Name: Microsoft.AspNetCore
Resource associated with Activity:
    telemetry.sdk.name: opentelemetry
    telemetry.sdk.language: dotnet
    telemetry.sdk.version: 1.14.0
    service.name: unknown_service:testhost
Activity.TraceId:            0bd80e62eefb30434afc4943870feac7
Activity.SpanId:             97c46d6272f09fd7
Activity.TraceFlags:         Recorded
Activity.DisplayName:        GET api/public/stores
Activity.Kind:               Server
Activity.StartTime:          2026-06-08T01:29:11.9661519Z
Activity.Duration:           00:00:00.0089712
Activity.Tags:
    server.address: localhost
    http.request.method: GET
    url.scheme: http
    url.path: /api/public/stores
    network.protocol.version: 1.1
    http.route: api/public/stores
    http.response.status_code: 200
Instrumentation scope (ActivitySource):
    Name: Microsoft.AspNetCore
Resource associated with Activity:
    telemetry.sdk.name: opentelemetry
    telemetry.sdk.language: dotnet
    telemetry.sdk.version: 1.14.0
    service.name: unknown_service:testhost
Activity.TraceId:            0bd80e62eefb30434afc4943870feac7
Activity.SpanId:             97c46d6272f09fd7
Activity.TraceFlags:         Recorded
Activity.DisplayName:        GET api/public/stores
Activity.Kind:               Server
Activity.StartTime:          2026-06-08T01:29:11.9661519Z
Activity.Duration:           00:00:00.0089712
Activity.Tags:
    server.address: localhost
    http.request.method: GET
    url.scheme: http
    url.path: /api/public/stores
    network.protocol.version: 1.1
    http.route: api/public/stores
    http.response.status_code: 200
Instrumentation scope (ActivitySource):
    Name: Microsoft.AspNetCore
Resource associated with Activity:
    telemetry.sdk.name: opentelemetry
    telemetry.sdk.language: dotnet
    telemetry.sdk.version: 1.14.0
    service.name: unknown_service:testhost
Resource associated with Metrics:
	telemetry.sdk.name: opentelemetry
	telemetry.sdk.language: dotnet
	telemetry.sdk.version: 1.14.0
	service.name: unknown_service:testhost
Metric Name: http.server.active_requests, Description: Number of active HTTP server requests., Unit: {request}, Metric Type: LongSumNonMonotonic
Instrumentation scope (Meter):
	Name: Microsoft.AspNetCore.Hosting
(2026-06-08T01:29:07.9131291Z, 2026-06-08T01:29:11.9781048Z] http.request.method: PATCH url.scheme: http
Value: 0
(2026-06-08T01:29:07.9131291Z, 2026-06-08T01:29:11.9781048Z] http.request.method: POST url.scheme: http
Value: -3
(2026-06-08T01:29:07.9131291Z, 2026-06-08T01:29:11.9781048Z] http.request.method: DELETE url.scheme: http
Value: 0
(2026-06-08T01:29:07.9131291Z, 2026-06-08T01:29:11.9781048Z] http.request.method: GET url.scheme: http
Value: 0
(2026-06-08T01:29:07.9131291Z, 2026-06-08T01:29:11.9781048Z] http.request.method: PUT url.scheme: http
Value: 0
Metric Name: http.server.request.duration, Description: Duration of HTTP server requests., Unit: s, Metric Type: Histogram
Instrumentation scope (Meter):
	Name: Microsoft.AspNetCore.Hosting
(2026-06-08T01:29:07.9131368Z, 2026-06-08T01:29:11.9781259Z] http.request.method: POST http.response.status_code: 201 http.route: api/customer/addresses network.protocol.version: 1.1 url.scheme: http
Value: Sum: 1.0572249 Count: 9 Min: 0.0676852 Max: 0.185186 
(-Infinity,0,005]:0
(0,005,0,01]:0
(0,01,0,025]:0
(0,025,0,05]:0
(0,05,0,075]:1
(0,075,0,1]:2
(0,1,0,25]:6
(0,25,0,5]:0
(0,5,0,75]:0
(0,75,1]:0
(1,2,5]:0
(2,5,5]:0
(5,7,5]:0
(7,5,10]:0
(10,+Infinity]:0
(2026-06-08T01:29:07.9131368Z, 2026-06-08T01:29:11.9781259Z] http.request.method: POST http.response.status_code: 201 http.route: api/auth/register/seller network.protocol.version: 1.1 url.scheme: http
Value: Sum: 4.3246497 Count: 22 Min: 0.0795934 Max: 0.362994 
(-Infinity,0,005]:0
(0,005,0,01]:0
(0,01,0,025]:0
(0,025,0,05]:0
(0,05,0,075]:0
(0,075,0,1]:1
(0,1,0,25]:18
(0,25,0,5]:3
(0,5,0,75]:0
(0,75,1]:0
(1,2,5]:0
(2,5,5]:0
(5,7,5]:0
(7,5,10]:0
(10,+Infinity]:0
(2026-06-08T01:29:07.9131368Z, 2026-06-08T01:29:11.9781259Z] http.request.method: POST http.response.status_code: 201 http.route: api/stores network.protocol.version: 1.1 url.scheme: http
Value: Sum: 1.8659622 Count: 15 Min: 0.0656982 Max: 0.2022587 
(-Infinity,0,005]:0
(0,005,0,01]:0
(0,01,0,025]:0
(0,025,0,05]:0
(0,05,0,075]:2
(0,075,0,1]:2
(0,1,0,25]:11
(0,25,0,5]:0
(0,5,0,75]:0
(0,75,1]:0
(1,2,5]:0
(2,5,5]:0
(5,7,5]:0
(7,5,10]:0
(10,+Infinity]:0
(2026-06-08T01:29:07.9131368Z, 2026-06-08T01:29:11.9781259Z] http.request.method: POST http.response.status_code: 200 http.route: api/auth/login/admin network.protocol.version: 1.1 url.scheme: http
Value: Sum: 0.7347146 Count: 5 Min: 0.0830577 Max: 0.1914271 
(-Infinity,0,005]:0
(0,005,0,01]:0
(0,01,0,025]:0
(0,025,0,05]:0
(0,05,0,075]:0
(0,075,0,1]:1
(0,1,0,25]:4
(0,25,0,5]:0
(0,5,0,75]:0
(0,75,1]:0
(1,2,5]:0
(2,5,5]:0
(5,7,5]:0
(7,5,10]:0
(10,+Infinity]:0
(2026-06-08T01:29:07.9131368Z, 2026-06-08T01:29:11.9781259Z] http.request.method: PATCH http.response.status_code: 200 http.route: api/stores/{storeId}/status network.protocol.version: 1.1 url.scheme: http
Value: Sum: 0.589466 Count: 8 Min: 0.0343557 Max: 0.1192859 
(-Infinity,0,005]:0
(0,005,0,01]:0
(0,01,0,025]:0
(0,025,0,05]:2
(0,05,0,075]:3
(0,075,0,1]:1
(0,1,0,25]:2
(0,25,0,5]:0
(0,5,0,75]:0
(0,75,1]:0
(1,2,5]:0
(2,5,5]:0
(5,7,5]:0
(7,5,10]:0
(10,+Infinity]:0
(2026-06-08T01:29:07.9131368Z, 2026-06-08T01:29:11.9781259Z] http.request.method: PATCH http.response.status_code: 200 http.route: api/stores/{storeId}/delivery-config network.protocol.version: 1.1 url.scheme: http
Value: Sum: 0.9472429 Count: 8 Min: 0.0737496 Max: 0.144072 
(-Infinity,0,005]:0
(0,005,0,01]:0
(0,01,0,025]:0
(0,025,0,05]:0
(0,05,0,075]:1
(0,075,0,1]:1
(0,1,0,25]:6
(0,25,0,5]:0
(0,5,0,75]:0
(0,75,1]:0
(1,2,5]:0
(2,5,5]:0
(5,7,5]:0
(7,5,10]:0
(10,+Infinity]:0
(2026-06-08T01:29:07.9131368Z, 2026-06-08T01:29:11.9781259Z] http.request.method: POST http.response.status_code: 201 http.route: api/auth/register/customer network.protocol.version: 1.1 url.scheme: http
Value: Sum: 1.8056846 Count: 9 Min: 0.1042389 Max: 0.3005711 
(-Infinity,0,005]:0
(0,005,0,01]:0
(0,01,0,025]:0
(0,025,0,05]:0
(0,05,0,075]:0
(0,075,0,1]:0
(0,1,0,25]:7
(0,25,0,5]:2
(0,5,0,75]:0
(0,75,1]:0
(1,2,5]:0
(2,5,5]:0
(5,7,5]:0
(7,5,10]:0
(10,+Infinity]:0
(2026-06-08T01:29:07.9131368Z, 2026-06-08T01:29:11.9781259Z] http.request.method: DELETE http.response.status_code: 404 http.route: api/stores/{storeId}/categories/{categoryId} network.protocol.version: 1.1 url.scheme: http
Value: Sum: 0.1927955 Count: 1 Min: 0.1927955 Max: 0.1927955 
(-Infinity,0,005]:0
(0,005,0,01]:0
(0,01,0,025]:0
(0,025,0,05]:0
(0,05,0,075]:0
(0,075,0,1]:0
(0,1,0,25]:1
(0,25,0,5]:0
(0,5,0,75]:0
(0,75,1]:0
(1,2,5]:0
(2,5,5]:0
(5,7,5]:0
(7,5,10]:0
(10,+Infinity]:0
(2026-06-08T01:29:07.9131368Z, 2026-06-08T01:29:11.9781259Z] http.request.method: POST http.response.status_code: 200 http.route: api/auth/email/resend-confirmation network.protocol.version: 1.1 url.scheme: http
Value: Sum: 0.1738208 Count: 2 Min: 0.0689539 Max: 0.1048669 
(-Infinity,0,005]:0
(0,005,0,01]:0
(0,01,0,025]:0
(0,025,0,05]:0
(0,05,0,075]:1
(0,075,0,1]:0
(0,1,0,25]:1
(0,25,0,5]:0
(0,5,0,75]:0
(0,75,1]:0
(1,2,5]:0
(2,5,5]:0
(5,7,5]:0
(7,5,10]:0
(10,+Infinity]:0
(2026-06-08T01:29:07.9131368Z, 2026-06-08T01:29:11.9781259Z] http.request.method: GET http.response.status_code: 200 http.route: api/stores/my-store network.protocol.version: 1.1 url.scheme: http
Value: Sum: 0.37820180000000003 Count: 3 Min: 0.0368988 Max: 0.2033987 
(-Infinity,0,005]:0
(0,005,0,01]:0
(0,01,0,025]:0
(0,025,0,05]:1
(0,05,0,075]:0
(0,075,0,1]:0
(0,1,0,25]:2
(0,25,0,5]:0
(0,5,0,75]:0
(0,75,1]:0
(1,2,5]:0
(2,5,5]:0
(5,7,5]:0
(7,5,10]:0
(10,+Infinity]:0
(2026-06-08T01:29:07.9131368Z, 2026-06-08T01:29:11.9781259Z] http.request.method: POST http.response.status_code: 204 http.route: api/admin/subscriptions/status network.protocol.version: 1.1 url.scheme: http
Value: Sum: 0.2806839 Count: 2 Min: 0.0911552 Max: 0.1895287 
(-Infinity,0,005]:0
(0,005,0,01]:0
(0,01,0,025]:0
(0,025,0,05]:0
(0,05,0,075]:0
(0,075,0,1]:1
(0,1,0,25]:1
(0,25,0,5]:0
(0,5,0,75]:0
(0,75,1]:0
(1,2,5]:0
(2,5,5]:0
(5,7,5]:0
(7,5,10]:0
(10,+Infinity]:0
(2026-06-08T01:29:07.9131368Z, 2026-06-08T01:29:11.9781259Z] http.request.method: POST http.response.status_code: 409 http.route: api/customer/addresses network.protocol.version: 1.1 url.scheme: http
Value: Sum: 0.0664064 Count: 1 Min: 0.0664064 Max: 0.0664064 
(-Infinity,0,005]:0
(0,005,0,01]:0
(0,01,0,025]:0
(0,025,0,05]:0
(0,05,0,075]:1
(0,075,0,1]:0
(0,1,0,25]:0
(0,25,0,5]:0
(0,5,0,75]:0
(0,75,1]:0
(1,2,5]:0
(2,5,5]:0
(5,7,5]:0
(7,5,10]:0
(10,+Infinity]:0
(2026-06-08T01:29:07.9131368Z, 2026-06-08T01:29:11.9781259Z] http.request.method: POST http.response.status_code: 400 http.route: api/auth/email/confirm/{code} network.protocol.version: 1.1 url.scheme: http
Value: Sum: 0.0933582 Count: 2 Min: 0.0300669 Max: 0.0632913 
(-Infinity,0,005]:0
(0,005,0,01]:0
(0,01,0,025]:0
(0,025,0,05]:1
(0,05,0,075]:1
(0,075,0,1]:0
(0,1,0,25]:0
(0,25,0,5]:0
(0,5,0,75]:0
(0,75,1]:0
(1,2,5]:0
(2,5,5]:0
(5,7,5]:0
(7,5,10]:0
(10,+Infinity]:0
(2026-06-08T01:29:07.9131368Z, 2026-06-08T01:29:11.9781259Z] http.request.method: POST http.response.status_code: 201 http.route: api/admin/plans network.protocol.version: 1.1 url.scheme: http
Value: Sum: 0.24654009999999998 Count: 3 Min: 0.0746597 Max: 0.0957026 
(-Infinity,0,005]:0
(0,005,0,01]:0
(0,01,0,025]:0
(0,025,0,05]:0
(0,05,0,075]:1
(0,075,0,1]:2
(0,1,0,25]:0
(0,25,0,5]:0
(0,5,0,75]:0
(0,75,1]:0
(1,2,5]:0
(2,5,5]:0
(5,7,5]:0
(7,5,10]:0
(10,+Infinity]:0
(2026-06-08T01:29:07.9131368Z, 2026-06-08T01:29:11.9781259Z] http.request.method: POST http.response.status_code: 200 http.route: api/auth/login/seller network.protocol.version: 1.1 url.scheme: http
Value: Sum: 2.3278016999999998 Count: 17 Min: 0.0466753 Max: 0.2433851 
(-Infinity,0,005]:0
(0,005,0,01]:0
(0,01,0,025]:0
(0,025,0,05]:1
(0,05,0,075]:0
(0,075,0,1]:2
(0,1,0,25]:14
(0,25,0,5]:0
(0,5,0,75]:0
(0,75,1]:0
(1,2,5]:0
(2,5,5]:0
(5,7,5]:0
(7,5,10]:0
(10,+Infinity]:0
(2026-06-08T01:29:07.9131368Z, 2026-06-08T01:29:11.9781259Z] http.request.method: GET http.response.status_code: 200 http.route: api/subscriptions/my network.protocol.version: 1.1 url.scheme: http
Value: Sum: 0.4010074 Count: 2 Min: 0.193226 Max: 0.2077814 
(-Infinity,0,005]:0
(0,005,0,01]:0
(0,01,0,025]:0
(0,025,0,05]:0
(0,05,0,075]:0
(0,075,0,1]:0
(0,1,0,25]:2
(0,25,0,5]:0
(0,5,0,75]:0
(0,75,1]:0
(1,2,5]:0
(2,5,5]:0
(5,7,5]:0
(7,5,10]:0
(10,+Infinity]:0
(2026-06-08T01:29:07.9131368Z, 2026-06-08T01:29:11.9781259Z] http.request.method: GET http.response.status_code: 200 http.route: api/customer/addresses network.protocol.version: 1.1 url.scheme: http
Value: Sum: 0.1926895 Count: 1 Min: 0.1926895 Max: 0.1926895 
(-Infinity,0,005]:0
(0,005,0,01]:0
(0,01,0,025]:0
(0,025,0,05]:0
(0,05,0,075]:0
(0,075,0,1]:0
(0,1,0,25]:1
(0,25,0,5]:0
(0,5,0,75]:0
(0,75,1]:0
(1,2,5]:0
(2,5,5]:0
(5,7,5]:0
(7,5,10]:0
(10,+Infinity]:0
(2026-06-08T01:29:07.9131368Z, 2026-06-08T01:29:11.9781259Z] http.request.method: GET http.response.status_code: 200 http.route: api/subscriptions/plans network.protocol.version: 1.1 url.scheme: http
Value: Sum: 0.1021946 Count: 1 Min: 0.1021946 Max: 0.1021946 
(-Infinity,0,005]:0
(0,005,0,01]:0
(0,01,0,025]:0
(0,025,0,05]:0
(0,05,0,075]:0
(0,075,0,1]:0
(0,1,0,25]:1
(0,25,0,5]:0
(0,5,0,75]:0
(0,75,1]:0
(1,2,5]:0
(2,5,5]:0
(5,7,5]:0
(7,5,10]:0
(10,+Infinity]:0
(2026-06-08T01:29:07.9131368Z, 2026-06-08T01:29:11.9781259Z] http.request.method: POST http.response.status_code: 201 http.route: api/subscriptions/contract network.protocol.version: 1.1 url.scheme: http
Value: Sum: 0.4037082 Count: 2 Min: 0.1357914 Max: 0.2679168 
(-Infinity,0,005]:0
(0,005,0,01]:0
(0,01,0,025]:0
(0,025,0,05]:0
(0,05,0,075]:0
(0,075,0,1]:0
(0,1,0,25]:1
(0,25,0,5]:1
(0,5,0,75]:0
(0,75,1]:0
(1,2,5]:0
(2,5,5]:0
(5,7,5]:0
(7,5,10]:0
(10,+Infinity]:0
(2026-06-08T01:29:07.9131368Z, 2026-06-08T01:29:11.9781259Z] http.request.method: POST http.response.status_code: 403 http.route: api/auth/login/customer network.protocol.version: 1.1 url.scheme: http
Value: Sum: 0.2102732 Count: 1 Min: 0.2102732 Max: 0.2102732 
(-Infinity,0,005]:0
(0,005,0,01]:0
(0,01,0,025]:0
(0,025,0,05]:0
(0,05,0,075]:0
(0,075,0,1]:0
(0,1,0,25]:1
(0,25,0,5]:0
(0,5,0,75]:0
(0,75,1]:0
(1,2,5]:0
(2,5,5]:0
(5,7,5]:0
(7,5,10]:0
(10,+Infinity]:0
(2026-06-08T01:29:07.9131368Z, 2026-06-08T01:29:11.9781259Z] http.request.method: POST http.response.status_code: 200 http.route: api/auth/login/customer network.protocol.version: 1.1 url.scheme: http
Value: Sum: 1.2750435 Count: 7 Min: 0.105938 Max: 0.269444 
(-Infinity,0,005]:0
(0,005,0,01]:0
(0,01,0,025]:0
(0,025,0,05]:0
(0,05,0,075]:0
(0,075,0,1]:0
(0,1,0,25]:6
(0,25,0,5]:1
(0,5,0,75]:0
(0,75,1]:0
(1,2,5]:0
(2,5,5]:0
(5,7,5]:0
(7,5,10]:0
(10,+Infinity]:0
(2026-06-08T01:29:07.9131368Z, 2026-06-08T01:29:11.9781259Z] http.request.method: POST http.response.status_code: 415 http.route: api/auth/email/confirm network.protocol.version: 1.1 url.scheme: http
Value: Sum: 0.0021767 Count: 1 Min: 0.0021767 Max: 0.0021767 
(-Infinity,0,005]:1
(0,005,0,01]:0
(0,01,0,025]:0
(0,025,0,05]:0
(0,05,0,075]:0
(0,075,0,1]:0
(0,1,0,25]:0
(0,25,0,5]:0
(0,5,0,75]:0
(0,75,1]:0
(1,2,5]:0
(2,5,5]:0
(5,7,5]:0
(7,5,10]:0
(10,+Infinity]:0
(2026-06-08T01:29:07.9131368Z, 2026-06-08T01:29:11.9781259Z] http.request.method: POST http.response.status_code: 409 http.route: api/stores network.protocol.version: 1.1 url.scheme: http
Value: Sum: 0.0766215 Count: 1 Min: 0.0766215 Max: 0.0766215 
(-Infinity,0,005]:0
(0,005,0,01]:0
(0,01,0,025]:0
(0,025,0,05]:0
(0,05,0,075]:0
(0,075,0,1]:1
(0,1,0,25]:0
(0,25,0,5]:0
(0,5,0,75]:0
(0,75,1]:0
(1,2,5]:0
(2,5,5]:0
(5,7,5]:0
(7,5,10]:0
(10,+Infinity]:0
(2026-06-08T01:29:07.9131368Z, 2026-06-08T01:29:11.9781259Z] http.request.method: POST http.response.status_code: 201 http.route: api/stores/{storeId}/categories network.protocol.version: 1.1 url.scheme: http
Value: Sum: 0.3703003 Count: 3 Min: 0.0702828 Max: 0.2265858 
(-Infinity,0,005]:0
(0,005,0,01]:0
(0,01,0,025]:0
(0,025,0,05]:0
(0,05,0,075]:2
(0,075,0,1]:0
(0,1,0,25]:1
(0,25,0,5]:0
(0,5,0,75]:0
(0,75,1]:0
(1,2,5]:0
(2,5,5]:0
(5,7,5]:0
(7,5,10]:0
(10,+Infinity]:0
(2026-06-08T01:29:07.9131368Z, 2026-06-08T01:29:11.9781259Z] http.request.method: DELETE http.response.status_code: 204 http.route: api/stores/{storeId}/categories/{categoryId} network.protocol.version: 1.1 url.scheme: http
Value: Sum: 0.1598871 Count: 1 Min: 0.1598871 Max: 0.1598871 
(-Infinity,0,005]:0
(0,005,0,01]:0
(0,01,0,025]:0
(0,025,0,05]:0
(0,05,0,075]:0
(0,075,0,1]:0
(0,1,0,25]:1
(0,25,0,5]:0
(0,5,0,75]:0
(0,75,1]:0
(1,2,5]:0
(2,5,5]:0
(5,7,5]:0
(7,5,10]:0
(10,+Infinity]:0
(2026-06-08T01:29:07.9131368Z, 2026-06-08T01:29:11.9781259Z] http.request.method: POST http.response.status_code: 400 http.route: api/checkout/preview network.protocol.version: 1.1 url.scheme: http
Value: Sum: 0.47796879999999997 Count: 3 Min: 0.1399817 Max: 0.1847957 
(-Infinity,0,005]:0
(0,005,0,01]:0
(0,01,0,025]:0
(0,025,0,05]:0
(0,05,0,075]:0
(0,075,0,1]:0
(0,1,0,25]:3
(0,25,0,5]:0
(0,5,0,75]:0
(0,75,1]:0
(1,2,5]:0
(2,5,5]:0
(5,7,5]:0
(7,5,10]:0
(10,+Infinity]:0
(2026-06-08T01:29:07.9131368Z, 2026-06-08T01:29:11.9781259Z] http.request.method: POST http.response.status_code: 400 http.route: api/orders network.protocol.version: 1.1 url.scheme: http
Value: Sum: 0.42390140000000004 Count: 4 Min: 0.0016659 Max: 0.1575988 
(-Infinity,0,005]:1
(0,005,0,01]:0
(0,01,0,025]:0
(0,025,0,05]:0
(0,05,0,075]:0
(0,075,0,1]:0
(0,1,0,25]:3
(0,25,0,5]:0
(0,5,0,75]:0
(0,75,1]:0
(1,2,5]:0
(2,5,5]:0
(5,7,5]:0
(7,5,10]:0
(10,+Infinity]:0
(2026-06-08T01:29:07.9131368Z, 2026-06-08T01:29:11.9781259Z] http.request.method: GET http.response.status_code: 200 http.route: api/stores/{storeId}/categories network.protocol.version: 1.1 url.scheme: http
Value: Sum: 0.44175180000000003 Count: 4 Min: 0.0388313 Max: 0.1700696 
(-Infinity,0,005]:0
(0,005,0,01]:0
(0,01,0,025]:0
(0,025,0,05]:1
(0,05,0,075]:0
(0,075,0,1]:0
(0,1,0,25]:3
(0,25,0,5]:0
(0,5,0,75]:0
(0,75,1]:0
(1,2,5]:0
(2,5,5]:0
(5,7,5]:0
(7,5,10]:0
(10,+Infinity]:0
(2026-06-08T01:29:07.9131368Z, 2026-06-08T01:29:11.9781259Z] http.request.method: POST http.response.status_code: 400 http.route: api/stores network.protocol.version: 1.1 url.scheme: http
Value: Sum: 0.0445437 Count: 1 Min: 0.0445437 Max: 0.0445437 
(-Infinity,0,005]:0
(0,005,0,01]:0
(0,01,0,025]:0
(0,025,0,05]:1
(0,05,0,075]:0
(0,075,0,1]:0
(0,1,0,25]:0
(0,25,0,5]:0
(0,5,0,75]:0
(0,75,1]:0
(1,2,5]:0
(2,5,5]:0
(5,7,5]:0
(7,5,10]:0
(10,+Infinity]:0
(2026-06-08T01:29:07.9131368Z, 2026-06-08T01:29:11.9781259Z] http.request.method: POST http.response.status_code: 409 http.route: api/subscriptions/contract network.protocol.version: 1.1 url.scheme: http
Value: Sum: 0.0704267 Count: 1 Min: 0.0704267 Max: 0.0704267 
(-Infinity,0,005]:0
(0,005,0,01]:0
(0,01,0,025]:0
(0,025,0,05]:0
(0,05,0,075]:1
(0,075,0,1]:0
(0,1,0,25]:0
(0,25,0,5]:0
(0,5,0,75]:0
(0,75,1]:0
(1,2,5]:0
(2,5,5]:0
(5,7,5]:0
(7,5,10]:0
(10,+Infinity]:0
(2026-06-08T01:29:07.9131368Z, 2026-06-08T01:29:11.9781259Z] http.request.method: POST http.response.status_code: 204 http.route: api/admin/subscriptions/notifications/process network.protocol.version: 1.1 url.scheme: http
Value: Sum: 0.2250846 Count: 1 Min: 0.2250846 Max: 0.2250846 
(-Infinity,0,005]:0
(0,005,0,01]:0
(0,01,0,025]:0
(0,025,0,05]:0
(0,05,0,075]:0
(0,075,0,1]:0
(0,1,0,25]:1
(0,25,0,5]:0
(0,5,0,75]:0
(0,75,1]:0
(1,2,5]:0
(2,5,5]:0
(5,7,5]:0
(7,5,10]:0
(10,+Infinity]:0
(2026-06-08T01:29:07.9131368Z, 2026-06-08T01:29:11.9781259Z] http.request.method: PUT http.response.status_code: 200 http.route: api/stores/{storeId}/business-hours network.protocol.version: 1.1 url.scheme: http
Value: Sum: 0.243374 Count: 1 Min: 0.243374 Max: 0.243374 
(-Infinity,0,005]:0
(0,005,0,01]:0
(0,01,0,025]:0
(0,025,0,05]:0
(0,05,0,075]:0
(0,075,0,1]:0
(0,1,0,25]:1
(0,25,0,5]:0
(0,5,0,75]:0
(0,75,1]:0
(1,2,5]:0
(2,5,5]:0
(5,7,5]:0
(7,5,10]:0
(10,+Infinity]:0
(2026-06-08T01:29:07.9131368Z, 2026-06-08T01:29:11.9781259Z] http.request.method: GET http.response.status_code: 200 http.route: api/public/stores network.protocol.version: 1.1 url.scheme: http
Value: Sum: 0.1439667 Count: 1 Min: 0.1439667 Max: 0.1439667 
(-Infinity,0,005]:0
(0,005,0,01]:0
(0,01,0,025]:0
(0,025,0,05]:0
(0,05,0,075]:0
(0,075,0,1]:0
(0,1,0,25]:1
(0,25,0,5]:0
(0,5,0,75]:0
(0,75,1]:0
(1,2,5]:0
(2,5,5]:0
(5,7,5]:0
(7,5,10]:0
(10,+Infinity]:0
(2026-06-08T01:29:07.9131368Z, 2026-06-08T01:29:11.9781259Z] http.request.method: GET http.response.status_code: 200 http.route: api/stores/{storeId}/business-hours network.protocol.version: 1.1 url.scheme: http
Value: Sum: 0.0792573 Count: 1 Min: 0.0792573 Max: 0.0792573 
(-Infinity,0,005]:0
(0,005,0,01]:0
(0,01,0,025]:0
(0,025,0,05]:0
(0,05,0,075]:0
(0,075,0,1]:1
(0,1,0,25]:0
(0,25,0,5]:0
(0,5,0,75]:0
(0,75,1]:0
(1,2,5]:0
(2,5,5]:0
(5,7,5]:0
(7,5,10]:0
(10,+Infinity]:0
(2026-06-08T01:29:07.9131368Z, 2026-06-08T01:29:11.9781259Z] http.request.method: PUT http.response.status_code: 200 http.route: api/stores/{storeId}/categories/{categoryId} network.protocol.version: 1.1 url.scheme: http
Value: Sum: 0.183621 Count: 1 Min: 0.183621 Max: 0.183621 
(-Infinity,0,005]:0
(0,005,0,01]:0
(0,01,0,025]:0
(0,025,0,05]:0
(0,05,0,075]:0
(0,075,0,1]:0
(0,1,0,25]:1
(0,25,0,5]:0
(0,5,0,75]:0
(0,75,1]:0
(1,2,5]:0
(2,5,5]:0
(5,7,5]:0
(7,5,10]:0
(10,+Infinity]:0
(2026-06-08T01:29:07.9131368Z, 2026-06-08T01:29:11.9781259Z] http.request.method: GET http.response.status_code: 404 http.route: api/public/stores/{storeId} network.protocol.version: 1.1 url.scheme: http
Value: Sum: 0.1438145 Count: 1 Min: 0.1438145 Max: 0.1438145 
(-Infinity,0,005]:0
(0,005,0,01]:0
(0,01,0,025]:0
(0,025,0,05]:0
(0,05,0,075]:0
(0,075,0,1]:0
(0,1,0,25]:1
(0,25,0,5]:0
(0,5,0,75]:0
(0,75,1]:0
(1,2,5]:0
(2,5,5]:0
(5,7,5]:0
(7,5,10]:0
(10,+Infinity]:0
(2026-06-08T01:29:07.9131368Z, 2026-06-08T01:29:11.9781259Z] http.request.method: PATCH http.response.status_code: 409 http.route: api/stores/{storeId}/status network.protocol.version: 1.1 url.scheme: http
Value: Sum: 0.1856852 Count: 1 Min: 0.1856852 Max: 0.1856852 
(-Infinity,0,005]:0
(0,005,0,01]:0
(0,01,0,025]:0
(0,025,0,05]:0
(0,05,0,075]:0
(0,075,0,1]:0
(0,1,0,25]:1
(0,25,0,5]:0
(0,5,0,75]:0
(0,75,1]:0
(1,2,5]:0
(2,5,5]:0
(5,7,5]:0
(7,5,10]:0
(10,+Infinity]:0
(2026-06-08T01:29:07.9131368Z, 2026-06-08T01:29:11.9781259Z] http.request.method: POST http.response.status_code: 400 http.route: api/subscriptions/contract network.protocol.version: 1.1 url.scheme: http
Value: Sum: 0.2019646 Count: 1 Min: 0.2019646 Max: 0.2019646 
(-Infinity,0,005]:0
(0,005,0,01]:0
(0,01,0,025]:0
(0,025,0,05]:0
(0,05,0,075]:0
(0,075,0,1]:0
(0,1,0,25]:1
(0,25,0,5]:0
(0,5,0,75]:0
(0,75,1]:0
(1,2,5]:0
(2,5,5]:0
(5,7,5]:0
(7,5,10]:0
(10,+Infinity]:0
Metric Name: dotnet.gc.collections, Description: The number of garbage collections that have occurred since the process has started., Unit: {collection}, Metric Type: LongSum
Instrumentation scope (Meter):
	Name: System.Runtime
(2026-06-08T01:29:07.9132319Z, 2026-06-08T01:29:11.9781268Z] gc.heap.generation: gen2
Value: 6
(2026-06-08T01:29:07.9132319Z, 2026-06-08T01:29:11.9781268Z] gc.heap.generation: gen1
Value: 15
(2026-06-08T01:29:07.9132319Z, 2026-06-08T01:29:11.9781268Z] gc.heap.generation: gen0
Value: 44
Metric Name: dotnet.process.memory.working_set, Description: The number of bytes of physical memory mapped to the process context., Unit: By, Metric Type: LongSumNonMonotonic
Instrumentation scope (Meter):
	Name: System.Runtime
(2026-06-08T01:29:07.9132395Z, 2026-06-08T01:29:11.9781271Z]  
Value: 338628608
Metric Name: dotnet.gc.heap.total_allocated, Description: The approximate number of bytes allocated on the managed GC heap since the process has started. The returned value does not include any native allocations., Unit: By, Metric Type: LongSum
Instrumentation scope (Meter):
	Name: System.Runtime
(2026-06-08T01:29:07.9132468Z, 2026-06-08T01:29:11.9781274Z]  
Value: 479173608
Metric Name: dotnet.gc.last_collection.memory.committed_size, Description: The amount of committed virtual memory in use by the .NET GC, as observed during the latest garbage collection., Unit: By, Metric Type: LongSumNonMonotonic
Instrumentation scope (Meter):
	Name: System.Runtime
(2026-06-08T01:29:07.9132545Z, 2026-06-08T01:29:11.9781276Z]  
Value: 196358144
Metric Name: dotnet.gc.last_collection.heap.size, Description: The managed GC heap size (including fragmentation), as observed during the latest garbage collection., Unit: By, Metric Type: LongSumNonMonotonic
Instrumentation scope (Meter):
	Name: System.Runtime
(2026-06-08T01:29:07.9132621Z, 2026-06-08T01:29:11.9781280Z] gc.heap.generation: gen0
Value: 0
(2026-06-08T01:29:07.9132621Z, 2026-06-08T01:29:11.9781280Z] gc.heap.generation: gen1
Value: 9837872
(2026-06-08T01:29:07.9132621Z, 2026-06-08T01:29:11.9781280Z] gc.heap.generation: gen2
Value: 73985168
(2026-06-08T01:29:07.9132621Z, 2026-06-08T01:29:11.9781280Z] gc.heap.generation: loh
Value: 103924832
(2026-06-08T01:29:07.9132621Z, 2026-06-08T01:29:11.9781280Z] gc.heap.generation: poh
Value: 123736
[22:29:12 INF] Saved 1 entities to in-memory store.
Metric Name: dotnet.gc.last_collection.heap.fragmentation.size, Description: The heap fragmentation, as observed during the latest garbage collection., Unit: By, Metric Type: LongSumNonMonotonic
Instrumentation scope (Meter):
	Name: System.Runtime
(2026-06-08T01:29:07.9132691Z, 2026-06-08T01:29:11.9781283Z] gc.heap.generation: gen0
Value: 0
(2026-06-08T01:29:07.9132691Z, 2026-06-08T01:29:11.9781283Z] gc.heap.generation: gen1
Value: 3343440
(2026-06-08T01:29:07.9132691Z, 2026-06-08T01:29:11.9781283Z] gc.heap.generation: gen2
Value: 4393384
(2026-06-08T01:29:07.9132691Z, 2026-06-08T01:29:11.9781283Z] gc.heap.generation: loh
Value: 731784
(2026-06-08T01:29:07.9132691Z, 2026-06-08T01:29:11.9781283Z] gc.heap.generation: poh
Value: 0
Metric Name: dotnet.gc.pause.time, Description: The total amount of time paused in GC since the process has started., Unit: s, Metric Type: DoubleSum
Instrumentation scope (Meter):
	Name: System.Runtime
(2026-06-08T01:29:07.9132797Z, 2026-06-08T01:29:11.9781290Z]  
Value: 0.609697
Metric Name: dotnet.jit.compiled_il.size, Description: Count of bytes of intermediate language that have been compiled since the process has started., Unit: By, Metric Type: LongSum
Instrumentation scope (Meter):
	Name: System.Runtime
(2026-06-08T01:29:07.9132872Z, 2026-06-08T01:29:11.9781293Z]  
Value: 2216475
Metric Name: dotnet.jit.compiled_methods, Description: The number of times the JIT compiler (re)compiled methods since the process has started., Unit: {method}, Metric Type: LongSum
Instrumentation scope (Meter):
	Name: System.Runtime
(2026-06-08T01:29:07.9132943Z, 2026-06-08T01:29:11.9781295Z]  
Value: 33362
Metric Name: dotnet.jit.compilation.time, Description: The number of times the JIT compiler (re)compiled methods since the process has started., Unit: s, Metric Type: DoubleSum
Instrumentation scope (Meter):
	Name: System.Runtime
(2026-06-08T01:29:07.9133044Z, 2026-06-08T01:29:11.9781311Z]  
Value: 5.5147921
Metric Name: dotnet.monitor.lock_contentions, Description: The number of times there was contention when trying to acquire a monitor lock since the process has started., Unit: {contention}, Metric Type: LongSum
Instrumentation scope (Meter):
	Name: System.Runtime
(2026-06-08T01:29:07.9133119Z, 2026-06-08T01:29:11.9781314Z]  
Value: 4959
Metric Name: dotnet.thread_pool.thread.count, Description: The number of thread pool threads that currently exist., Unit: {thread}, Metric Type: LongSum
Instrumentation scope (Meter):
	Name: System.Runtime
(2026-06-08T01:29:07.9133190Z, 2026-06-08T01:29:11.9781316Z]  
Value: 36
Metric Name: dotnet.thread_pool.work_item.count, Description: The number of work items that the thread pool has completed since the process has started., Unit: {work_item}, Metric Type: LongSum
Instrumentation scope (Meter):
	Name: System.Runtime
(2026-06-08T01:29:07.9133263Z, 2026-06-08T01:29:11.9781318Z]  
Value: 1593
Metric Name: dotnet.thread_pool.queue.length, Description: The number of work items that are currently queued to be processed by the thread pool., Unit: {work_item}, Metric Type: LongSum
Instrumentation scope (Meter):
	Name: System.Runtime
(2026-06-08T01:29:07.9133347Z, 2026-06-08T01:29:11.9781320Z]  
Value: 22
Metric Name: dotnet.timer.count, Description: The number of timer instances that are currently active. An active timer is registered to tick at some point in the future and has not yet been canceled., Unit: {timer}, Metric Type: LongSumNonMonotonic
Instrumentation scope (Meter):
	Name: System.Runtime
(2026-06-08T01:29:07.9133469Z, 2026-06-08T01:29:11.9781322Z]  
Value: 31
Metric Name: dotnet.assembly.count, Description: The number of .NET assemblies that are currently loaded., Unit: {assembly}, Metric Type: LongSumNonMonotonic
Instrumentation scope (Meter):
	Name: System.Runtime
(2026-06-08T01:29:07.9133545Z, 2026-06-08T01:29:11.9781323Z]  
Value: 266
Metric Name: dotnet.exceptions, Description: The number of exceptions that have been thrown in managed code., Unit: {exception}, Metric Type: LongSum
Instrumentation scope (Meter):
	Name: System.Runtime
(2026-06-08T01:29:07.9133616Z, 2026-06-08T01:29:11.9781331Z] error.type: XunitException
Value: 57
(2026-06-08T01:29:07.9133616Z, 2026-06-08T01:29:11.9781331Z] error.type: SocketException
Value: 21
(2026-06-08T01:29:07.9133616Z, 2026-06-08T01:29:11.9781331Z] error.type: NpgsqlException
Value: 48
(2026-06-08T01:29:07.9133616Z, 2026-06-08T01:29:11.9781331Z] error.type: OperationCanceledException
Value: 77
(2026-06-08T01:29:07.9133616Z, 2026-06-08T01:29:11.9781331Z] error.type: ObjectDisposedException
Value: 52
(2026-06-08T01:29:07.9133616Z, 2026-06-08T01:29:11.9781331Z] error.type: InvalidOperationException
Value: 7
(2026-06-08T01:29:07.9133616Z, 2026-06-08T01:29:11.9781331Z] error.type: RuntimeBinderException
Value: 2
Metric Name: dotnet.process.cpu.count, Description: The number of processors available to the process., Unit: {cpu}, Metric Type: LongSumNonMonotonic
Instrumentation scope (Meter):
	Name: System.Runtime
(2026-06-08T01:29:07.9133694Z, 2026-06-08T01:29:11.9781333Z]  
Value: 12
Metric Name: dotnet.process.cpu.time, Description: CPU time used by the process., Unit: s, Metric Type: DoubleSum
Instrumentation scope (Meter):
	Name: System.Runtime
(2026-06-08T01:29:07.9133773Z, 2026-06-08T01:29:11.9781339Z] cpu.mode: user
Value: 18.0625
(2026-06-08T01:29:07.9133773Z, 2026-06-08T01:29:11.9781339Z] cpu.mode: system
Value: 3.125
Metric Name: dns.lookup.duration, Description: Measures the time taken to perform a DNS lookup., Unit: s, Metric Type: Histogram
Instrumentation scope (Meter):
	Name: System.Net.NameResolution
(2026-06-08T01:29:07.9133873Z, 2026-06-08T01:29:11.9781349Z] dns.question.name: localhost
Value: Sum: 0.0061868 Count: 9 Min: 0.0004525 Max: 0.0011086 
(-Infinity,0,005]:9
(0,005,0,01]:0
(0,01,0,025]:0
(0,025,0,05]:0
(0,05,0,075]:0
(0,075,0,1]:0
(0,1,0,25]:0
(0,25,0,5]:0
(0,5,0,75]:0
(0,75,1]:0
(1,2,5]:0
(2,5,5]:0
(5,7,5]:0
(7,5,10]:0
(10,+Infinity]:0
Metric Name: aspnetcore.routing.match_attempts, Description: Number of requests that were attempted to be matched to an endpoint., Unit: {match_attempt}, Metric Type: LongSum
Instrumentation scope (Meter):
	Name: Microsoft.AspNetCore.Routing
(2026-06-08T01:29:07.9133951Z, 2026-06-08T01:29:11.9781361Z] aspnetcore.routing.is_fallback: false aspnetcore.routing.match_status: success http.route: api/stores/{storeId}/status
Value: 9
(2026-06-08T01:29:07.9133951Z, 2026-06-08T01:29:11.9781361Z] aspnetcore.routing.is_fallback: false aspnetcore.routing.match_status: success http.route: api/stores/{storeId}/delivery-config
Value: 8
(2026-06-08T01:29:07.9133951Z, 2026-06-08T01:29:11.9781361Z] aspnetcore.routing.is_fallback: false aspnetcore.routing.match_status: success http.route: api/auth/login/admin
Value: 4
(2026-06-08T01:29:07.9133951Z, 2026-06-08T01:29:11.9781361Z] aspnetcore.routing.is_fallback: false aspnetcore.routing.match_status: success http.route: api/auth/register/seller
Value: 21
(2026-06-08T01:29:07.9133951Z, 2026-06-08T01:29:11.9781361Z] aspnetcore.routing.is_fallback: false aspnetcore.routing.match_status: success http.route: api/stores/{storeId}/categories/{categoryId}
Value: 3
(2026-06-08T01:29:07.9133951Z, 2026-06-08T01:29:11.9781361Z] aspnetcore.routing.is_fallback: false aspnetcore.routing.match_status: success http.route: api/auth/register/customer
Value: 9
(2026-06-08T01:29:07.9133951Z, 2026-06-08T01:29:11.9781361Z] aspnetcore.routing.is_fallback: false aspnetcore.routing.match_status: success http.route: api/customer/addresses
Value: 10
(2026-06-08T01:29:07.9133951Z, 2026-06-08T01:29:11.9781361Z] aspnetcore.routing.is_fallback: false aspnetcore.routing.match_status: success http.route: api/stores/my-store
Value: 3
(2026-06-08T01:29:07.9133951Z, 2026-06-08T01:29:11.9781361Z] aspnetcore.routing.is_fallback: false aspnetcore.routing.match_status: success http.route: api/admin/subscriptions/status
Value: 2
(2026-06-08T01:29:07.9133951Z, 2026-06-08T01:29:11.9781361Z] aspnetcore.routing.is_fallback: false aspnetcore.routing.match_status: success http.route: api/auth/email/resend-confirmation
Value: 2
(2026-06-08T01:29:07.9133951Z, 2026-06-08T01:29:11.9781361Z] aspnetcore.routing.is_fallback: false aspnetcore.routing.match_status: success http.route: api/admin/plans
Value: 3
(2026-06-08T01:29:07.9133951Z, 2026-06-08T01:29:11.9781361Z] aspnetcore.routing.is_fallback: false aspnetcore.routing.match_status: success http.route: api/auth/login/seller
Value: 17
[22:29:12 INF] Saved 1 entities to in-memory store.
(2026-06-08T01:29:07.9133951Z, 2026-06-08T01:29:11.9781361Z] aspnetcore.routing.is_fallback: false aspnetcore.routing.match_status: success http.route: api/auth/email/confirm/{code}
Value: 2
(2026-06-08T01:29:07.9133951Z, 2026-06-08T01:29:11.9781361Z] aspnetcore.routing.is_fallback: false aspnetcore.routing.match_status: success http.route: api/subscriptions/my
Value: 2
(2026-06-08T01:29:07.9133951Z, 2026-06-08T01:29:11.9781361Z] aspnetcore.routing.is_fallback: false aspnetcore.routing.match_status: success http.route: api/subscriptions/contract
Value: 4
(2026-06-08T01:29:07.9133951Z, 2026-06-08T01:29:11.9781361Z] aspnetcore.routing.is_fallback: false aspnetcore.routing.match_status: success http.route: api/subscriptions/plans
Value: 1
(2026-06-08T01:29:07.9133951Z, 2026-06-08T01:29:11.9781361Z] aspnetcore.routing.is_fallback: false aspnetcore.routing.match_status: success http.route: api/auth/login/customer
Value: 9
(2026-06-08T01:29:07.9133951Z, 2026-06-08T01:29:11.9781361Z] aspnetcore.routing.is_fallback: false aspnetcore.routing.match_status: success http.route: api/stores
Value: 16
(2026-06-08T01:29:07.9133951Z, 2026-06-08T01:29:11.9781361Z] aspnetcore.routing.is_fallback: false aspnetcore.routing.match_status: success http.route: api/stores/{storeId}/categories
Value: 7
(2026-06-08T01:29:07.9133951Z, 2026-06-08T01:29:11.9781361Z] aspnetcore.routing.is_fallback: false aspnetcore.routing.match_status: success http.route: api/auth/email/confirm
Value: 1
(2026-06-08T01:29:07.9133951Z, 2026-06-08T01:29:11.9781361Z] aspnetcore.routing.is_fallback: false aspnetcore.routing.match_status: success http.route: api/orders
Value: 4
(2026-06-08T01:29:07.9133951Z, 2026-06-08T01:29:11.9781361Z] aspnetcore.routing.is_fallback: false aspnetcore.routing.match_status: success http.route: api/checkout/preview
Value: 3
(2026-06-08T01:29:07.9133951Z, 2026-06-08T01:29:11.9781361Z] aspnetcore.routing.is_fallback: false aspnetcore.routing.match_status: success http.route: api/admin/subscriptions/notifications/process
Value: 1
(2026-06-08T01:29:07.9133951Z, 2026-06-08T01:29:11.9781361Z] aspnetcore.routing.is_fallback: false aspnetcore.routing.match_status: success http.route: api/stores/{storeId}/business-hours
Value: 2
(2026-06-08T01:29:07.9133951Z, 2026-06-08T01:29:11.9781361Z] aspnetcore.routing.is_fallback: false aspnetcore.routing.match_status: success http.route: api/public/stores
Value: 1
[22:29:12 INF] Executed action method Urbeat.WebApi.Controllers.AuthController.LoginCustomer (Urbeat.WebApi), returned result Microsoft.AspNetCore.Mvc.OkObjectResult in 61.9433ms.
(2026-06-08T01:29:07.9133951Z, 2026-06-08T01:29:11.9781361Z] aspnetcore.routing.is_fallback: false aspnetcore.routing.match_status: success http.route: api/public/stores/{storeId}
Value: 1
Metric Name: http.server.active_requests, Description: Number of active HTTP server requests., Unit: {request}, Metric Type: LongSumNonMonotonic
Instrumentation scope (Meter):
	Name: Microsoft.AspNetCore.Hosting
(2026-06-08T01:29:09.0000853Z, 2026-06-08T01:29:11.9781433Z] http.request.method: POST url.scheme: http
Value: 0
(2026-06-08T01:29:09.0000853Z, 2026-06-08T01:29:11.9781433Z] http.request.method: GET url.scheme: http
Value: 0
(2026-06-08T01:29:09.0000853Z, 2026-06-08T01:29:11.9781433Z] http.request.method: PUT url.scheme: http
Value: 0
Metric Name: http.server.request.duration, Description: Duration of HTTP server requests., Unit: s, Metric Type: Histogram
Instrumentation scope (Meter):
	Name: Microsoft.AspNetCore.Hosting
(2026-06-08T01:29:09.0002017Z, 2026-06-08T01:29:11.9781524Z] http.request.method: POST http.response.status_code: 201 http.route: api/auth/register/seller network.protocol.version: 1.1 url.scheme: http
Value: Sum: 1.7016849 Count: 7 Min: 0.1535439 Max: 0.3972926 
(-Infinity,0,005]:0
(0,005,0,01]:0
(0,01,0,025]:0
(0,025,0,05]:0
(0,05,0,075]:0
(0,075,0,1]:0
(0,1,0,25]:4
(0,25,0,5]:3
(0,5,0,75]:0
(0,75,1]:0
(1,2,5]:0
(2,5,5]:0
(5,7,5]:0
(7,5,10]:0
(10,+Infinity]:0
(2026-06-08T01:29:09.0002017Z, 2026-06-08T01:29:11.9781524Z] http.request.method: POST http.response.status_code: 200 http.route: api/auth/login/seller network.protocol.version: 1.1 url.scheme: http
Value: Sum: 1.467427 Count: 7 Min: 0.0512623 Max: 0.383696 
(-Infinity,0,005]:0
(0,005,0,01]:0
(0,01,0,025]:0
(0,025,0,05]:0
(0,05,0,075]:1
(0,075,0,1]:0
(0,1,0,25]:4
(0,25,0,5]:2
(0,5,0,75]:0
(0,75,1]:0
(1,2,5]:0
(2,5,5]:0
(5,7,5]:0
(7,5,10]:0
(10,+Infinity]:0
(2026-06-08T01:29:09.0002017Z, 2026-06-08T01:29:11.9781524Z] http.request.method: POST http.response.status_code: 201 http.route: api/stores network.protocol.version: 1.1 url.scheme: http
Value: Sum: 0.8921009 Count: 6 Min: 0.0103799 Max: 0.2201614 
(-Infinity,0,005]:0
(0,005,0,01]:0
(0,01,0,025]:1
(0,025,0,05]:0
(0,05,0,075]:0
(0,075,0,1]:0
(0,1,0,25]:5
(0,25,0,5]:0
(0,5,0,75]:0
(0,75,1]:0
(1,2,5]:0
(2,5,5]:0
(5,7,5]:0
(7,5,10]:0
(10,+Infinity]:0
(2026-06-08T01:29:09.0002017Z, 2026-06-08T01:29:11.9781524Z] http.request.method: POST http.response.status_code: 201 http.route: api/stores/{storeId}/categories network.protocol.version: 1.1 url.scheme: http
Value: Sum: 0.3243541 Count: 2 Min: 0.1439614 Max: 0.1803927 
(-Infinity,0,005]:0
(0,005,0,01]:0
(0,01,0,025]:0
(0,025,0,05]:0
(0,05,0,075]:0
(0,075,0,1]:0
(0,1,0,25]:2
(0,25,0,5]:0
(0,5,0,75]:0
(0,75,1]:0
(1,2,5]:0
(2,5,5]:0
(5,7,5]:0
(7,5,10]:0
(10,+Infinity]:0
[22:29:12 INF] Executing OkObjectResult, writing value of type 'Urbeat.Application.DTOs.AuthTokenResponseDto'.
(2026-06-08T01:29:09.0002017Z, 2026-06-08T01:29:11.9781524Z] http.request.method: POST http.response.status_code: 400 http.route: api/stores/{storeId}/products network.protocol.version: 1.1 url.scheme: http
Value: Sum: 0.2368922 Count: 1 Min: 0.2368922 Max: 0.2368922 
(-Infinity,0,005]:0
(0,005,0,01]:0
(0,01,0,025]:0
(0,025,0,05]:0
(0,05,0,075]:0
(0,075,0,1]:0
(0,1,0,25]:1
(0,25,0,5]:0
(0,5,0,75]:0
(0,75,1]:0
(1,2,5]:0
(2,5,5]:0
(5,7,5]:0
(7,5,10]:0
(10,+Infinity]:0
(2026-06-08T01:29:09.0002017Z, 2026-06-08T01:29:11.9781524Z] http.request.method: GET http.response.status_code: 200 http.route: api/public/stores network.protocol.version: 1.1 url.scheme: http
Value: Sum: 0.1669791 Count: 2 Min: 0.0088641 Max: 0.158115 
(-Infinity,0,005]:0
(0,005,0,01]:1
(0,01,0,025]:0
(0,025,0,05]:0
(0,05,0,075]:0
(0,075,0,1]:0
(0,1,0,25]:1
(0,25,0,5]:0
(0,5,0,75]:0
(0,75,1]:0
(1,2,5]:0
(2,5,5]:0
(5,7,5]:0
(7,5,10]:0
(10,+Infinity]:0
(2026-06-08T01:29:09.0002017Z, 2026-06-08T01:29:11.9781524Z] http.request.method: POST http.response.status_code: 201 http.route: api/auth/register/customer network.protocol.version: 1.1 url.scheme: http
Value: Sum: 0.2685781 Count: 1 Min: 0.2685781 Max: 0.2685781 
(-Infinity,0,005]:0
(0,005,0,01]:0
(0,01,0,025]:0
(0,025,0,05]:0
(0,05,0,075]:0
(0,075,0,1]:0
(0,1,0,25]:0
(0,25,0,5]:1
(0,5,0,75]:0
(0,75,1]:0
(1,2,5]:0
(2,5,5]:0
(5,7,5]:0
(7,5,10]:0
(10,+Infinity]:0
(2026-06-08T01:29:09.0002017Z, 2026-06-08T01:29:11.9781524Z] http.request.method: POST http.response.status_code: 200 http.route: api/auth/login/customer network.protocol.version: 1.1 url.scheme: http
Value: Sum: 0.1443419 Count: 1 Min: 0.1443419 Max: 0.1443419 
(-Infinity,0,005]:0
(0,005,0,01]:0
(0,01,0,025]:0
(0,025,0,05]:0
(0,05,0,075]:0
(0,075,0,1]:0
(0,1,0,25]:1
(0,25,0,5]:0
(0,5,0,75]:0
(0,75,1]:0
(1,2,5]:0
(2,5,5]:0
(5,7,5]:0
(7,5,10]:0
(10,+Infinity]:0
(2026-06-08T01:29:09.0002017Z, 2026-06-08T01:29:11.9781524Z] http.request.method: GET http.response.status_code: 200 http.route: api/public/stores/{storeId}/catalog/categories network.protocol.version: 1.1 url.scheme: http
Value: Sum: 0.0688572 Count: 1 Min: 0.0688572 Max: 0.0688572 
(-Infinity,0,005]:0
(0,005,0,01]:0
(0,01,0,025]:0
(0,025,0,05]:0
(0,05,0,075]:1
(0,075,0,1]:0
(0,1,0,25]:0
(0,25,0,5]:0
(0,5,0,75]:0
(0,75,1]:0
(1,2,5]:0
(2,5,5]:0
(5,7,5]:0
(7,5,10]:0
(10,+Infinity]:0
(2026-06-08T01:29:09.0002017Z, 2026-06-08T01:29:11.9781524Z] http.request.method: POST http.response.status_code: 200 http.route: api/auth/refresh network.protocol.version: 1.1 url.scheme: http
Value: Sum: 0.1089914 Count: 1 Min: 0.1089914 Max: 0.1089914 
(-Infinity,0,005]:0
(0,005,0,01]:0
(0,01,0,025]:0
(0,025,0,05]:0
(0,05,0,075]:0
(0,075,0,1]:0
(0,1,0,25]:1
(0,25,0,5]:0
(0,5,0,75]:0
(0,75,1]:0
(1,2,5]:0
(2,5,5]:0
(5,7,5]:0
(7,5,10]:0
(10,+Infinity]:0
(2026-06-08T01:29:09.0002017Z, 2026-06-08T01:29:11.9781524Z] http.request.method: POST http.response.status_code: 201 http.route: api/stores/{storeId}/products network.protocol.version: 1.1 url.scheme: http
Value: Sum: 0.2237816 Count: 1 Min: 0.2237816 Max: 0.2237816 
(-Infinity,0,005]:0
(0,005,0,01]:0
(0,01,0,025]:0
(0,025,0,05]:0
(0,05,0,075]:0
(0,075,0,1]:0
(0,1,0,25]:1
(0,25,0,5]:0
(0,5,0,75]:0
(0,75,1]:0
(1,2,5]:0
(2,5,5]:0
(5,7,5]:0
(7,5,10]:0
(10,+Infinity]:0
(2026-06-08T01:29:09.0002017Z, 2026-06-08T01:29:11.9781524Z] http.request.method: PUT http.response.status_code: 200 http.route: api/stores/{storeId}/address network.protocol.version: 1.1 url.scheme: http
Value: Sum: 0.2955106 Count: 1 Min: 0.2955106 Max: 0.2955106 
(-Infinity,0,005]:0
(0,005,0,01]:0
(0,01,0,025]:0
(0,025,0,05]:0
(0,05,0,075]:0
(0,075,0,1]:0
(0,1,0,25]:0
(0,25,0,5]:1
(0,5,0,75]:0
(0,75,1]:0
(1,2,5]:0
(2,5,5]:0
(5,7,5]:0
(7,5,10]:0
(10,+Infinity]:0
(2026-06-08T01:29:09.0002017Z, 2026-06-08T01:29:11.9781524Z] http.request.method: PUT http.response.status_code: 200 http.route: api/stores/{storeId}/products/{productId} network.protocol.version: 1.1 url.scheme: http
Value: Sum: 0.2087002 Count: 1 Min: 0.2087002 Max: 0.2087002 
(-Infinity,0,005]:0
(0,005,0,01]:0
(0,01,0,025]:0
(0,025,0,05]:0
(0,05,0,075]:0
(0,075,0,1]:0
(0,1,0,25]:1
(0,25,0,5]:0
(0,5,0,75]:0
(0,75,1]:0
(1,2,5]:0
(2,5,5]:0
(5,7,5]:0
(7,5,10]:0
(10,+Infinity]:0
[22:29:12 INF] Executed action Urbeat.WebApi.Controllers.AuthController.LoginCustomer (Urbeat.WebApi) in 62.7924ms
(2026-06-08T01:29:09.0002017Z, 2026-06-08T01:29:11.9781524Z] http.request.method: PUT http.response.status_code: 200 http.route: api/stores/{storeId}/business-hours network.protocol.version: 1.1 url.scheme: http
Value: Sum: 0.1993077 Count: 1 Min: 0.1993077 Max: 0.1993077 
(-Infinity,0,005]:0
(0,005,0,01]:0
(0,01,0,025]:0
(0,025,0,05]:0
(0,05,0,075]:0
(0,075,0,1]:0
(0,1,0,25]:1
(0,25,0,5]:0
(0,5,0,75]:0
(0,75,1]:0
(1,2,5]:0
(2,5,5]:0
(5,7,5]:0
(7,5,10]:0
(10,+Infinity]:0
Metric Name: aspnetcore.routing.match_attempts, Description: Number of requests that were attempted to be matched to an endpoint., Unit: {match_attempt}, Metric Type: LongSum
Instrumentation scope (Meter):
	Name: Microsoft.AspNetCore.Routing
(2026-06-08T01:29:09.0690417Z, 2026-06-08T01:29:11.9781567Z] aspnetcore.routing.is_fallback: false aspnetcore.routing.match_status: success http.route: api/auth/register/seller
Value: 7
(2026-06-08T01:29:09.0690417Z, 2026-06-08T01:29:11.9781567Z] aspnetcore.routing.is_fallback: false aspnetcore.routing.match_status: success http.route: api/auth/login/seller
Value: 7
[22:29:12 INF] Executed endpoint 'Urbeat.WebApi.Controllers.AuthController.LoginCustomer (Urbeat.WebApi)'
(2026-06-08T01:29:09.0690417Z, 2026-06-08T01:29:11.9781567Z] aspnetcore.routing.is_fallback: false aspnetcore.routing.match_status: success http.route: api/stores
Value: 6
(2026-06-08T01:29:09.0690417Z, 2026-06-08T01:29:11.9781567Z] aspnetcore.routing.is_fallback: false aspnetcore.routing.match_status: success http.route: api/stores/{storeId}/categories
Value: 2
(2026-06-08T01:29:09.0690417Z, 2026-06-08T01:29:11.9781567Z] aspnetcore.routing.is_fallback: false aspnetcore.routing.match_status: success http.route: api/stores/{storeId}/products
Value: 2
(2026-06-08T01:29:09.0690417Z, 2026-06-08T01:29:11.9781567Z] aspnetcore.routing.is_fallback: false aspnetcore.routing.match_status: success http.route: api/public/stores
Value: 2
(2026-06-08T01:29:09.0690417Z, 2026-06-08T01:29:11.9781567Z] aspnetcore.routing.is_fallback: false aspnetcore.routing.match_status: success http.route: api/auth/register/customer
Value: 1
(2026-06-08T01:29:09.0690417Z, 2026-06-08T01:29:11.9781567Z] aspnetcore.routing.is_fallback: false aspnetcore.routing.match_status: success http.route: api/auth/login/customer
Value: 1
(2026-06-08T01:29:09.0690417Z, 2026-06-08T01:29:11.9781567Z] aspnetcore.routing.is_fallback: false aspnetcore.routing.match_status: success http.route: api/public/stores/{storeId}/catalog/categories
Value: 1
(2026-06-08T01:29:09.0690417Z, 2026-06-08T01:29:11.9781567Z] aspnetcore.routing.is_fallback: false aspnetcore.routing.match_status: success http.route: api/stores/{storeId}/address
Value: 1
(2026-06-08T01:29:09.0690417Z, 2026-06-08T01:29:11.9781567Z] aspnetcore.routing.is_fallback: false aspnetcore.routing.match_status: success http.route: api/auth/refresh
Value: 1
(2026-06-08T01:29:09.0690417Z, 2026-06-08T01:29:11.9781567Z] aspnetcore.routing.is_fallback: false aspnetcore.routing.match_status: success http.route: api/stores/{storeId}/products/{productId}
Value: 1
(2026-06-08T01:29:09.0690417Z, 2026-06-08T01:29:11.9781567Z] aspnetcore.routing.is_fallback: false aspnetcore.routing.match_status: success http.route: api/stores/{storeId}/business-hours
Value: 1
Metric Name: http.server.active_requests, Description: Number of active HTTP server requests., Unit: {request}, Metric Type: LongSumNonMonotonic
Instrumentation scope (Meter):
	Name: Microsoft.AspNetCore.Hosting
[22:29:12 INF] Request finished HTTP/1.1 POST http://localhost/api/auth/login/customer - 200 null application/json; charset=utf-8 63.4958ms
(2026-06-08T01:29:11.3815772Z, 2026-06-08T01:29:11.9781593Z] http.request.method: POST url.scheme: http
Value: 0
Metric Name: http.server.request.duration, Description: Duration of HTTP server requests., Unit: s, Metric Type: Histogram
Instrumentation scope (Meter):
	Name: Microsoft.AspNetCore.Hosting
(2026-06-08T01:29:11.3817112Z, 2026-06-08T01:29:11.9781608Z] http.request.method: POST http.response.status_code: 200 http.route: api/auth/login/admin network.protocol.version: 1.1 url.scheme: http
Value: Sum: 0.2690333 Count: 1 Min: 0.2690333 Max: 0.2690333 
(-Infinity,0,005]:0
(0,005,0,01]:0
(0,01,0,025]:0
(0,025,0,05]:0
(0,05,0,075]:0
(0,075,0,1]:0
(0,1,0,25]:0
(0,25,0,5]:1
(0,5,0,75]:0
(0,75,1]:0
(1,2,5]:0
(2,5,5]:0
(5,7,5]:0
(7,5,10]:0
(10,+Infinity]:0
(2026-06-08T01:29:11.3817112Z, 2026-06-08T01:29:11.9781608Z] http.request.method: POST http.response.status_code: 201 http.route: api/LandingPageContent network.protocol.version: 1.1 url.scheme: http
Value: Sum: 0.0286965 Count: 1 Min: 0.0286965 Max: 0.0286965 
(-Infinity,0,005]:0
(0,005,0,01]:0
(0,01,0,025]:0
(0,025,0,05]:1
(0,05,0,075]:0
(0,075,0,1]:0
(0,1,0,25]:0
(0,25,0,5]:0
(0,5,0,75]:0
(0,75,1]:0
(1,2,5]:0
(2,5,5]:0
(5,7,5]:0
(7,5,10]:0
(10,+Infinity]:0
Metric Name: aspnetcore.routing.match_attempts, Description: Number of requests that were attempted to be matched to an endpoint., Unit: {match_attempt}, Metric Type: LongSum
Instrumentation scope (Meter):
	Name: Microsoft.AspNetCore.Routing
(2026-06-08T01:29:11.4206477Z, 2026-06-08T01:29:11.9781613Z] aspnetcore.routing.is_fallback: false aspnetcore.routing.match_status: success http.route: api/auth/login/admin
Value: 1
(2026-06-08T01:29:11.4206477Z, 2026-06-08T01:29:11.9781613Z] aspnetcore.routing.is_fallback: false aspnetcore.routing.match_status: success http.route: api/LandingPageContent
Value: 1
Activity.TraceId:            b68470bdc03c2762e223cd3e8baff34e
Activity.SpanId:             2938b6f5b90d6782
Activity.TraceFlags:         Recorded
Activity.DisplayName:        POST api/auth/login/customer
Activity.Kind:               Server
Activity.StartTime:          2026-06-08T01:29:11.9655069Z
Activity.Duration:           00:00:00.0886924
Activity.Tags:
    server.address: localhost
    http.request.method: POST
    url.scheme: http
    url.path: /api/auth/login/customer
    network.protocol.version: 1.1
    http.route: api/auth/login/customer
    http.response.status_code: 200
Instrumentation scope (ActivitySource):
    Name: Microsoft.AspNetCore
Resource associated with Activity:
    telemetry.sdk.name: opentelemetry
    telemetry.sdk.language: dotnet
    telemetry.sdk.version: 1.14.0
    service.name: unknown_service:testhost
Activity.TraceId:            b68470bdc03c2762e223cd3e8baff34e
Activity.SpanId:             2938b6f5b90d6782
Activity.TraceFlags:         Recorded
Activity.DisplayName:        POST api/auth/login/customer
Activity.Kind:               Server
Activity.StartTime:          2026-06-08T01:29:11.9655069Z
Activity.Duration:           00:00:00.0886924
Activity.Tags:
    server.address: localhost
    http.request.method: POST
    url.scheme: http
    url.path: /api/auth/login/customer
    network.protocol.version: 1.1
    http.route: api/auth/login/customer
    http.response.status_code: 200
Instrumentation scope (ActivitySource):
    Name: Microsoft.AspNetCore
Resource associated with Activity:
    telemetry.sdk.name: opentelemetry
    telemetry.sdk.language: dotnet
    telemetry.sdk.version: 1.14.0
    service.name: unknown_service:testhost
Activity.TraceId:            b68470bdc03c2762e223cd3e8baff34e
Activity.SpanId:             2938b6f5b90d6782
Activity.TraceFlags:         Recorded
Activity.DisplayName:        POST api/auth/login/customer
Activity.Kind:               Server
Activity.StartTime:          2026-06-08T01:29:11.9655069Z
Activity.Duration:           00:00:00.0886924
Activity.Tags:
    server.address: localhost
    http.request.method: POST
    url.scheme: http
    url.path: /api/auth/login/customer
    network.protocol.version: 1.1
    http.route: api/auth/login/customer
    http.response.status_code: 200
Instrumentation scope (ActivitySource):
    Name: Microsoft.AspNetCore
Resource associated with Activity:
    telemetry.sdk.name: opentelemetry
    telemetry.sdk.language: dotnet
    telemetry.sdk.version: 1.14.0
    service.name: unknown_service:testhost
Activity.TraceId:            b68470bdc03c2762e223cd3e8baff34e
Activity.SpanId:             2938b6f5b90d6782
Activity.TraceFlags:         Recorded
Activity.DisplayName:        POST api/auth/login/customer
Activity.Kind:               Server
Activity.StartTime:          2026-06-08T01:29:11.9655069Z
Activity.Duration:           00:00:00.0886924
Activity.Tags:
    server.address: localhost
    http.request.method: POST
    url.scheme: http
    url.path: /api/auth/login/customer
    network.protocol.version: 1.1
    http.route: api/auth/login/customer
    http.response.status_code: 200
Instrumentation scope (ActivitySource):
    Name: Microsoft.AspNetCore
Resource associated with Activity:
    telemetry.sdk.name: opentelemetry
    telemetry.sdk.language: dotnet
    telemetry.sdk.version: 1.14.0
    service.name: unknown_service:testhost
Activity.TraceId:            b68470bdc03c2762e223cd3e8baff34e
Activity.SpanId:             2938b6f5b90d6782
Activity.TraceFlags:         Recorded
Activity.DisplayName:        POST api/auth/login/customer
Activity.Kind:               Server
Activity.StartTime:          2026-06-08T01:29:11.9655069Z
Activity.Duration:           00:00:00.0886924
Activity.Tags:
    server.address: localhost
    http.request.method: POST
    url.scheme: http
    url.path: /api/auth/login/customer
    network.protocol.version: 1.1
    http.route: api/auth/login/customer
    http.response.status_code: 200
Instrumentation scope (ActivitySource):
    Name: Microsoft.AspNetCore
Resource associated with Activity:
    telemetry.sdk.name: opentelemetry
    telemetry.sdk.language: dotnet
    telemetry.sdk.version: 1.14.0
    service.name: unknown_service:testhost
Activity.TraceId:            b68470bdc03c2762e223cd3e8baff34e
Activity.SpanId:             2938b6f5b90d6782
Activity.TraceFlags:         Recorded
Activity.DisplayName:        POST api/auth/login/customer
Activity.Kind:               Server
Activity.StartTime:          2026-06-08T01:29:11.9655069Z
Activity.Duration:           00:00:00.0886924
Activity.Tags:
    server.address: localhost
    http.request.method: POST
    url.scheme: http
    url.path: /api/auth/login/customer
    network.protocol.version: 1.1
    http.route: api/auth/login/customer
    http.response.status_code: 200
Instrumentation scope (ActivitySource):
    Name: Microsoft.AspNetCore
Resource associated with Activity:
    telemetry.sdk.name: opentelemetry
    telemetry.sdk.language: dotnet
    telemetry.sdk.version: 1.14.0
    service.name: unknown_service:testhost
Activity.TraceId:            b68470bdc03c2762e223cd3e8baff34e
Activity.SpanId:             2938b6f5b90d6782
Activity.TraceFlags:         Recorded
Activity.DisplayName:        POST api/auth/login/customer
Activity.Kind:               Server
Activity.StartTime:          2026-06-08T01:29:11.9655069Z
Activity.Duration:           00:00:00.0886924
Activity.Tags:
    server.address: localhost
    http.request.method: POST
    url.scheme: http
    url.path: /api/auth/login/customer
    network.protocol.version: 1.1
    http.route: api/auth/login/customer
    http.response.status_code: 200
Instrumentation scope (ActivitySource):
    Name: Microsoft.AspNetCore
Resource associated with Activity:
    telemetry.sdk.name: opentelemetry
    telemetry.sdk.language: dotnet
    telemetry.sdk.version: 1.14.0
    service.name: unknown_service:testhost
Activity.TraceId:            b68470bdc03c2762e223cd3e8baff34e
Activity.SpanId:             2938b6f5b90d6782
Activity.TraceFlags:         Recorded
Activity.DisplayName:        POST api/auth/login/customer
Activity.Kind:               Server
Activity.StartTime:          2026-06-08T01:29:11.9655069Z
Activity.Duration:           00:00:00.0886924
Activity.Tags:
    server.address: localhost
    http.request.method: POST
    url.scheme: http
    url.path: /api/auth/login/customer
    network.protocol.version: 1.1
    http.route: api/auth/login/customer
    http.response.status_code: 200
Instrumentation scope (ActivitySource):
    Name: Microsoft.AspNetCore
Resource associated with Activity:
    telemetry.sdk.name: opentelemetry
    telemetry.sdk.language: dotnet
    telemetry.sdk.version: 1.14.0
    service.name: unknown_service:testhost
[22:29:12 INF] Request starting HTTP/1.1 POST http://localhost/api/auth/register/seller - application/json; charset=utf-8 null
[22:29:12 INF] Executing endpoint 'Urbeat.WebApi.Controllers.AuthController.RegisterSeller (Urbeat.WebApi)'
[22:29:12 INF] Request starting HTTP/1.1 POST http://localhost/api/landingpagecontent - application/json; charset=utf-8 null
[22:29:12 INF] Route matched with {action = "RegisterSeller", controller = "Auth"}. Executing controller action with signature System.Threading.Tasks.Task`1[Microsoft.AspNetCore.Mvc.IActionResult] RegisterSeller(Urbeat.Application.DTOs.RegisterUserRequestDto, System.Threading.CancellationToken) on controller Urbeat.WebApi.Controllers.AuthController (Urbeat.WebApi).
[22:29:12 INF] Executing action method Urbeat.WebApi.Controllers.AuthController.RegisterSeller (Urbeat.WebApi) - Validation state: Valid
[22:29:12 INF] Executing endpoint 'Urbeat.WebApi.Controllers.LandingPageContentController.Create (Urbeat.WebApi)'
[22:29:12 INF] Route matched with {action = "Create", controller = "LandingPageContent"}. Executing controller action with signature System.Threading.Tasks.Task`1[Microsoft.AspNetCore.Mvc.IActionResult] Create(Urbeat.Application.Dtos.LandingPageContentRequestDto, System.Threading.CancellationToken) on controller Urbeat.WebApi.Controllers.LandingPageContentController (Urbeat.WebApi).
[22:29:12 INF] Executing action method Urbeat.WebApi.Controllers.LandingPageContentController.Create (Urbeat.WebApi) - Validation state: Valid
[22:29:12 INF] Saved 1 entities to in-memory store.
[22:29:12 INF] Executed action method Urbeat.WebApi.Controllers.LandingPageContentController.Create (Urbeat.WebApi), returned result Microsoft.AspNetCore.Mvc.CreatedAtActionResult in 0.2122ms.
[22:29:12 INF] Executed action Urbeat.WebApi.Controllers.LandingPageContentController.Create (Urbeat.WebApi) in 0.9258ms
[22:29:12 INF] Executed endpoint 'Urbeat.WebApi.Controllers.LandingPageContentController.Create (Urbeat.WebApi)'
[22:29:12 INF] Request finished HTTP/1.1 POST http://localhost/api/landingpagecontent - 201 null application/json; charset=utf-8 2.9564ms
Activity.TraceId:            ac929d9cd5fef1f22c5dadfa0a4917d1
Activity.SpanId:             c047ef9a09f7105f
Activity.TraceFlags:         Recorded
Activity.DisplayName:        POST api/LandingPageContent
Activity.Kind:               Server
Activity.StartTime:          2026-06-08T01:29:12.0551079Z
Activity.Duration:           00:00:00.0030240
Activity.Tags:
    server.address: localhost
    http.request.method: POST
    url.scheme: http
    url.path: /api/landingpagecontent
    network.protocol.version: 1.1
    http.route: api/LandingPageContent
    http.response.status_code: 201
Instrumentation scope (ActivitySource):
    Name: Microsoft.AspNetCore
Resource associated with Activity:
    telemetry.sdk.name: opentelemetry
    telemetry.sdk.language: dotnet
    telemetry.sdk.version: 1.14.0
    service.name: unknown_service:testhost
Activity.TraceId:            ac929d9cd5fef1f22c5dadfa0a4917d1
Activity.SpanId:             c047ef9a09f7105f
Activity.TraceFlags:         Recorded
Activity.DisplayName:        POST api/LandingPageContent
Activity.Kind:               Server
Activity.StartTime:          2026-06-08T01:29:12.0551079Z
Activity.Duration:           00:00:00.0030240
Activity.Tags:
    server.address: localhost
    http.request.method: POST
    url.scheme: http
    url.path: /api/landingpagecontent
    network.protocol.version: 1.1
    http.route: api/LandingPageContent
    http.response.status_code: 201
Instrumentation scope (ActivitySource):
    Name: Microsoft.AspNetCore
Resource associated with Activity:
    telemetry.sdk.name: opentelemetry
    telemetry.sdk.language: dotnet
    telemetry.sdk.version: 1.14.0
    service.name: unknown_service:testhost
Activity.TraceId:            ac929d9cd5fef1f22c5dadfa0a4917d1
Activity.SpanId:             c047ef9a09f7105f
Activity.TraceFlags:         Recorded
Activity.DisplayName:        POST api/LandingPageContent
Activity.Kind:               Server
Activity.StartTime:          2026-06-08T01:29:12.0551079Z
Activity.Duration:           00:00:00.0030240
Activity.Tags:
    server.address: localhost
    http.request.method: POST
    url.scheme: http
    url.path: /api/landingpagecontent
    network.protocol.version: 1.1
    http.route: api/LandingPageContent
    http.response.status_code: 201
Instrumentation scope (ActivitySource):
    Name: Microsoft.AspNetCore
Resource associated with Activity:
    telemetry.sdk.name: opentelemetry
    telemetry.sdk.language: dotnet
    telemetry.sdk.version: 1.14.0
    service.name: unknown_service:testhost
Activity.TraceId:            ac929d9cd5fef1f22c5dadfa0a4917d1
Activity.SpanId:             c047ef9a09f7105f
Activity.TraceFlags:         Recorded
Activity.DisplayName:        POST api/LandingPageContent
Activity.Kind:               Server
Activity.StartTime:          2026-06-08T01:29:12.0551079Z
Activity.Duration:           00:00:00.0030240
Activity.Tags:
    server.address: localhost
    http.request.method: POST
    url.scheme: http
    url.path: /api/landingpagecontent
    network.protocol.version: 1.1
    http.route: api/LandingPageContent
    http.response.status_code: 201
Instrumentation scope (ActivitySource):
    Name: Microsoft.AspNetCore
Resource associated with Activity:
    telemetry.sdk.name: opentelemetry
    telemetry.sdk.language: dotnet
    telemetry.sdk.version: 1.14.0
    service.name: unknown_service:testhost
Activity.TraceId:            ac929d9cd5fef1f22c5dadfa0a4917d1
Activity.SpanId:             c047ef9a09f7105f
Activity.TraceFlags:         Recorded
Activity.DisplayName:        POST api/LandingPageContent
Activity.Kind:               Server
Activity.StartTime:          2026-06-08T01:29:12.0551079Z
Activity.Duration:           00:00:00.0030240
Activity.Tags:
    server.address: localhost
    http.request.method: POST
    url.scheme: http
    url.path: /api/landingpagecontent
    network.protocol.version: 1.1
    http.route: api/LandingPageContent
    http.response.status_code: 201
Instrumentation scope (ActivitySource):
    Name: Microsoft.AspNetCore
Resource associated with Activity:
    telemetry.sdk.name: opentelemetry
    telemetry.sdk.language: dotnet
    telemetry.sdk.version: 1.14.0
    service.name: unknown_service:testhost
Activity.TraceId:            ac929d9cd5fef1f22c5dadfa0a4917d1
Activity.SpanId:             c047ef9a09f7105f
Activity.TraceFlags:         Recorded
Activity.DisplayName:        POST api/LandingPageContent
Activity.Kind:               Server
Activity.StartTime:          2026-06-08T01:29:12.0551079Z
Activity.Duration:           00:00:00.0030240
Activity.Tags:
    server.address: localhost
    http.request.method: POST
    url.scheme: http
    url.path: /api/landingpagecontent
    network.protocol.version: 1.1
    http.route: api/LandingPageContent
    http.response.status_code: 201
Instrumentation scope (ActivitySource):
    Name: Microsoft.AspNetCore
Resource associated with Activity:
    telemetry.sdk.name: opentelemetry
    telemetry.sdk.language: dotnet
    telemetry.sdk.version: 1.14.0
    service.name: unknown_service:testhost
Activity.TraceId:            ac929d9cd5fef1f22c5dadfa0a4917d1
Activity.SpanId:             c047ef9a09f7105f
Activity.TraceFlags:         Recorded
Activity.DisplayName:        POST api/LandingPageContent
Activity.Kind:               Server
Activity.StartTime:          2026-06-08T01:29:12.0551079Z
Activity.Duration:           00:00:00.0030240
Activity.Tags:
    server.address: localhost
    http.request.method: POST
    url.scheme: http
    url.path: /api/landingpagecontent
    network.protocol.version: 1.1
    http.route: api/LandingPageContent
    http.response.status_code: 201
Instrumentation scope (ActivitySource):
    Name: Microsoft.AspNetCore
Resource associated with Activity:
    telemetry.sdk.name: opentelemetry
    telemetry.sdk.language: dotnet
    telemetry.sdk.version: 1.14.0
    service.name: unknown_service:testhost
Activity.TraceId:            ac929d9cd5fef1f22c5dadfa0a4917d1
Activity.SpanId:             c047ef9a09f7105f
Activity.TraceFlags:         Recorded
Activity.DisplayName:        POST api/LandingPageContent
Activity.Kind:               Server
Activity.StartTime:          2026-06-08T01:29:12.0551079Z
Activity.Duration:           00:00:00.0030240
Activity.Tags:
    server.address: localhost
    http.request.method: POST
    url.scheme: http
    url.path: /api/landingpagecontent
    network.protocol.version: 1.1
    http.route: api/LandingPageContent
    http.response.status_code: 201
Instrumentation scope (ActivitySource):
    Name: Microsoft.AspNetCore
Resource associated with Activity:
    telemetry.sdk.name: opentelemetry
    telemetry.sdk.language: dotnet
    telemetry.sdk.version: 1.14.0
    service.name: unknown_service:testhost
Activity.TraceId:            223715653ed2fd2f526ccff98f272478
Activity.SpanId:             c6d68ae6da5f28ff
Activity.TraceFlags:         Recorded
Activity.DisplayName:        GET api/customer/home
Activity.Kind:               Server
Activity.StartTime:          2026-06-08T01:29:12.0588167Z
Activity.Duration:           00:00:00.0007773
Activity.Tags:
    server.address: localhost
    http.request.method: GET
    url.scheme: http
    url.path: /api/customer/home
    network.protocol.version: 1.1
    http.route: api/customer/home
    http.response.status_code: 403
Instrumentation scope (ActivitySource):
    Name: Microsoft.AspNetCore
Resource associated with Activity:
    telemetry.sdk.name: opentelemetry
    telemetry.sdk.language: dotnet
    telemetry.sdk.version: 1.14.0
    service.name: unknown_service:testhost
Activity.TraceId:            223715653ed2fd2f526ccff98f272478
Activity.SpanId:             c6d68ae6da5f28ff
Activity.TraceFlags:         Recorded
Activity.DisplayName:        GET api/customer/home
Activity.Kind:               Server
Activity.StartTime:          2026-06-08T01:29:12.0588167Z
Activity.Duration:           00:00:00.0007773
Activity.Tags:
    server.address: localhost
    http.request.method: GET
    url.scheme: http
    url.path: /api/customer/home
    network.protocol.version: 1.1
    http.route: api/customer/home
    http.response.status_code: 403
Instrumentation scope (ActivitySource):
    Name: Microsoft.AspNetCore
Resource associated with Activity:
    telemetry.sdk.name: opentelemetry
    telemetry.sdk.language: dotnet
    telemetry.sdk.version: 1.14.0
    service.name: unknown_service:testhost
Activity.TraceId:            223715653ed2fd2f526ccff98f272478
Activity.SpanId:             c6d68ae6da5f28ff
Activity.TraceFlags:         Recorded
Activity.DisplayName:        GET api/customer/home
Activity.Kind:               Server
Activity.StartTime:          2026-06-08T01:29:12.0588167Z
Activity.Duration:           00:00:00.0007773
Activity.Tags:
    server.address: localhost
    http.request.method: GET
    url.scheme: http
    url.path: /api/customer/home
    network.protocol.version: 1.1
    http.route: api/customer/home
    http.response.status_code: 403
Instrumentation scope (ActivitySource):
    Name: Microsoft.AspNetCore
Resource associated with Activity:
    telemetry.sdk.name: opentelemetry
    telemetry.sdk.language: dotnet
    telemetry.sdk.version: 1.14.0
    service.name: unknown_service:testhost
Activity.TraceId:            223715653ed2fd2f526ccff98f272478
Activity.SpanId:             c6d68ae6da5f28ff
Activity.TraceFlags:         Recorded
Activity.DisplayName:        GET api/customer/home
Activity.Kind:               Server
Activity.StartTime:          2026-06-08T01:29:12.0588167Z
Activity.Duration:           00:00:00.0007773
Activity.Tags:
    server.address: localhost
    http.request.method: GET
    url.scheme: http
    url.path: /api/customer/home
    network.protocol.version: 1.1
    http.route: api/customer/home
    http.response.status_code: 403
Instrumentation scope (ActivitySource):
    Name: Microsoft.AspNetCore
Resource associated with Activity:
    telemetry.sdk.name: opentelemetry
    telemetry.sdk.language: dotnet
    telemetry.sdk.version: 1.14.0
    service.name: unknown_service:testhost
Activity.TraceId:            223715653ed2fd2f526ccff98f272478
Activity.SpanId:             c6d68ae6da5f28ff
Activity.TraceFlags:         Recorded
Activity.DisplayName:        GET api/customer/home
Activity.Kind:               Server
Activity.StartTime:          2026-06-08T01:29:12.0588167Z
Activity.Duration:           00:00:00.0007773
Activity.Tags:
    server.address: localhost
    http.request.method: GET
    url.scheme: http
    url.path: /api/customer/home
    network.protocol.version: 1.1
    http.route: api/customer/home
    http.response.status_code: 403
Instrumentation scope (ActivitySource):
    Name: Microsoft.AspNetCore
Resource associated with Activity:
    telemetry.sdk.name: opentelemetry
    telemetry.sdk.language: dotnet
    telemetry.sdk.version: 1.14.0
    service.name: unknown_service:testhost
Activity.TraceId:            223715653ed2fd2f526ccff98f272478
Activity.SpanId:             c6d68ae6da5f28ff
Activity.TraceFlags:         Recorded
Activity.DisplayName:        GET api/customer/home
Activity.Kind:               Server
Activity.StartTime:          2026-06-08T01:29:12.0588167Z
Activity.Duration:           00:00:00.0007773
Activity.Tags:
    server.address: localhost
    http.request.method: GET
    url.scheme: http
[22:29:12 INF] Request starting HTTP/1.1 POST http://localhost/api/stores - application/json; charset=utf-8 null
    url.path: /api/customer/home
    network.protocol.version: 1.1
    http.route: api/customer/home
    http.response.status_code: 403
Instrumentation scope (ActivitySource):
    Name: Microsoft.AspNetCore
Resource associated with Activity:
    telemetry.sdk.name: opentelemetry
    telemetry.sdk.language: dotnet
    telemetry.sdk.version: 1.14.0
    service.name: unknown_service:testhost
Activity.TraceId:            223715653ed2fd2f526ccff98f272478
Activity.SpanId:             c6d68ae6da5f28ff
Activity.TraceFlags:         Recorded
Activity.DisplayName:        GET api/customer/home
Activity.Kind:               Server
Activity.StartTime:          2026-06-08T01:29:12.0588167Z
Activity.Duration:           00:00:00.0007773
Activity.Tags:
    server.address: localhost
    http.request.method: GET
    url.scheme: http
    url.path: /api/customer/home
    network.protocol.version: 1.1
    http.route: api/customer/home
    http.response.status_code: 403
Instrumentation scope (ActivitySource):
    Name: Microsoft.AspNetCore
Resource associated with Activity:
    telemetry.sdk.name: opentelemetry
    telemetry.sdk.language: dotnet
    telemetry.sdk.version: 1.14.0
    service.name: unknown_service:testhost
Activity.TraceId:            223715653ed2fd2f526ccff98f272478
Activity.SpanId:             c6d68ae6da5f28ff
Activity.TraceFlags:         Recorded
Activity.DisplayName:        GET api/customer/home
Activity.Kind:               Server
Activity.StartTime:          2026-06-08T01:29:12.0588167Z
Activity.Duration:           00:00:00.0007773
Activity.Tags:
    server.address: localhost
    http.request.method: GET
    url.scheme: http
    url.path: /api/customer/home
    network.protocol.version: 1.1
    http.route: api/customer/home
    http.response.status_code: 403
Instrumentation scope (ActivitySource):
    Name: Microsoft.AspNetCore
Resource associated with Activity:
    telemetry.sdk.name: opentelemetry
    telemetry.sdk.language: dotnet
    telemetry.sdk.version: 1.14.0
    service.name: unknown_service:testhost
[22:29:12 INF] Executing endpoint 'Urbeat.WebApi.Controllers.StoresController.Create (Urbeat.WebApi)'
[22:29:12 INF] Route matched with {action = "Create", controller = "Stores"}. Executing controller action with signature System.Threading.Tasks.Task`1[Microsoft.AspNetCore.Mvc.IActionResult] Create(Urbeat.Application.DTOs.CreateStoreRequestDto, System.Threading.CancellationToken) on controller Urbeat.WebApi.Controllers.StoresController (Urbeat.WebApi).
[22:29:12 INF] Executing action method Urbeat.WebApi.Controllers.StoresController.Create (Urbeat.WebApi) - Validation state: Valid
[22:29:12 INF] Saved 1 entities to in-memory store.
[22:29:12 INF] Saved 1 entities to in-memory store.
[22:29:12 INF] Executed action method Urbeat.WebApi.Controllers.StoresController.Create (Urbeat.WebApi), returned result Microsoft.AspNetCore.Mvc.ObjectResult in 1.8434ms.
[22:29:12 INF] Executing ObjectResult, writing value of type 'Urbeat.Application.DTOs.StoreResponseDto'.
[22:29:12 INF] Executed action Urbeat.WebApi.Controllers.StoresController.Create (Urbeat.WebApi) in 21.2267ms
[22:29:12 INF] Executed endpoint 'Urbeat.WebApi.Controllers.StoresController.Create (Urbeat.WebApi)'
[22:29:12 INF] Request finished HTTP/1.1 POST http://localhost/api/stores - 201 null application/json; charset=utf-8 54.2961ms
Activity.TraceId:            46b6e43b93c99e58247741f782e94f89
Activity.SpanId:             69dc49d6786c52e8
Activity.TraceFlags:         Recorded
[22:29:12 INF] Saved 1 entities to in-memory store.
Activity.DisplayName:        POST api/stores
Activity.Kind:               Server
Activity.StartTime:          2026-06-08T01:29:12.0599617Z
Activity.Duration:           00:00:00.0544006
Activity.Tags:
    server.address: localhost
    http.request.method: POST
    url.scheme: http
    url.path: /api/stores
    network.protocol.version: 1.1
    http.route: api/stores
    http.response.status_code: 201
Instrumentation scope (ActivitySource):
    Name: Microsoft.AspNetCore
Resource associated with Activity:
    telemetry.sdk.name: opentelemetry
    telemetry.sdk.language: dotnet
    telemetry.sdk.version: 1.14.0
    service.name: unknown_service:testhost
Activity.TraceId:            46b6e43b93c99e58247741f782e94f89
Activity.SpanId:             69dc49d6786c52e8
Activity.TraceFlags:         Recorded
Activity.DisplayName:        POST api/stores
Activity.Kind:               Server
Activity.StartTime:          2026-06-08T01:29:12.0599617Z
Activity.Duration:           00:00:00.0544006
Activity.Tags:
    server.address: localhost
    http.request.method: POST
    url.scheme: http
    url.path: /api/stores
    network.protocol.version: 1.1
    http.route: api/stores
    http.response.status_code: 201
Instrumentation scope (ActivitySource):
    Name: Microsoft.AspNetCore
Resource associated with Activity:
    telemetry.sdk.name: opentelemetry
    telemetry.sdk.language: dotnet
    telemetry.sdk.version: 1.14.0
    service.name: unknown_service:testhost
Activity.TraceId:            46b6e43b93c99e58247741f782e94f89
Activity.SpanId:             69dc49d6786c52e8
Activity.TraceFlags:         Recorded
Activity.DisplayName:        POST api/stores
Activity.Kind:               Server
Activity.StartTime:          2026-06-08T01:29:12.0599617Z
Activity.Duration:           00:00:00.0544006
Activity.Tags:
    server.address: localhost
    http.request.method: POST
    url.scheme: http
    url.path: /api/stores
    network.protocol.version: 1.1
    http.route: api/stores
    http.response.status_code: 201
Instrumentation scope (ActivitySource):
    Name: Microsoft.AspNetCore
Resource associated with Activity:
    telemetry.sdk.name: opentelemetry
    telemetry.sdk.language: dotnet
    telemetry.sdk.version: 1.14.0
    service.name: unknown_service:testhost
Activity.TraceId:            46b6e43b93c99e58247741f782e94f89
Activity.SpanId:             69dc49d6786c52e8
Activity.TraceFlags:         Recorded
Activity.DisplayName:        POST api/stores
Activity.Kind:               Server
Activity.StartTime:          2026-06-08T01:29:12.0599617Z
Activity.Duration:           00:00:00.0544006
Activity.Tags:
    server.address: localhost
    http.request.method: POST
    url.scheme: http
    url.path: /api/stores
    network.protocol.version: 1.1
    http.route: api/stores
    http.response.status_code: 201
Instrumentation scope (ActivitySource):
    Name: Microsoft.AspNetCore
Resource associated with Activity:
    telemetry.sdk.name: opentelemetry
    telemetry.sdk.language: dotnet
    telemetry.sdk.version: 1.14.0
    service.name: unknown_service:testhost
Activity.TraceId:            46b6e43b93c99e58247741f782e94f89
Activity.SpanId:             69dc49d6786c52e8
Activity.TraceFlags:         Recorded
Activity.DisplayName:        POST api/stores
Activity.Kind:               Server
Activity.StartTime:          2026-06-08T01:29:12.0599617Z
Activity.Duration:           00:00:00.0544006
Activity.Tags:
    server.address: localhost
    http.request.method: POST
    url.scheme: http
    url.path: /api/stores
    network.protocol.version: 1.1
    http.route: api/stores
    http.response.status_code: 201
Instrumentation scope (ActivitySource):
    Name: Microsoft.AspNetCore
Resource associated with Activity:
    telemetry.sdk.name: opentelemetry
    telemetry.sdk.language: dotnet
    telemetry.sdk.version: 1.14.0
    service.name: unknown_service:testhost
Activity.TraceId:            46b6e43b93c99e58247741f782e94f89
Activity.SpanId:             69dc49d6786c52e8
Activity.TraceFlags:         Recorded
Activity.DisplayName:        POST api/stores
Activity.Kind:               Server
Activity.StartTime:          2026-06-08T01:29:12.0599617Z
Activity.Duration:           00:00:00.0544006
Activity.Tags:
    server.address: localhost
    http.request.method: POST
    url.scheme: http
    url.path: /api/stores
    network.protocol.version: 1.1
    http.route: api/stores
    http.response.status_code: 201
Instrumentation scope (ActivitySource):
    Name: Microsoft.AspNetCore
Resource associated with Activity:
    telemetry.sdk.name: opentelemetry
    telemetry.sdk.language: dotnet
    telemetry.sdk.version: 1.14.0
    service.name: unknown_service:testhost
Activity.TraceId:            46b6e43b93c99e58247741f782e94f89
Activity.SpanId:             69dc49d6786c52e8
Activity.TraceFlags:         Recorded
Activity.DisplayName:        POST api/stores
Activity.Kind:               Server
Activity.StartTime:          2026-06-08T01:29:12.0599617Z
Activity.Duration:           00:00:00.0544006
Activity.Tags:
    server.address: localhost
    http.request.method: POST
    url.scheme: http
    url.path: /api/stores
    network.protocol.version: 1.1
    http.route: api/stores
    http.response.status_code: 201
Instrumentation scope (ActivitySource):
    Name: Microsoft.AspNetCore
Resource associated with Activity:
    telemetry.sdk.name: opentelemetry
    telemetry.sdk.language: dotnet
    telemetry.sdk.version: 1.14.0
    service.name: unknown_service:testhost
Activity.TraceId:            46b6e43b93c99e58247741f782e94f89
Activity.SpanId:             69dc49d6786c52e8
Activity.TraceFlags:         Recorded
Activity.DisplayName:        POST api/stores
Activity.Kind:               Server
Activity.StartTime:          2026-06-08T01:29:12.0599617Z
Activity.Duration:           00:00:00.0544006
Activity.Tags:
    server.address: localhost
    http.request.method: POST
    url.scheme: http
    url.path: /api/stores
    network.protocol.version: 1.1
    http.route: api/stores
    http.response.status_code: 201
Instrumentation scope (ActivitySource):
    Name: Microsoft.AspNetCore
Resource associated with Activity:
    telemetry.sdk.name: opentelemetry
    telemetry.sdk.language: dotnet
    telemetry.sdk.version: 1.14.0
    service.name: unknown_service:testhost
[22:29:12 INF] Saved 2 entities to in-memory store.
[22:29:12 INF] Saved 1 entities to in-memory store.
[22:29:12 INF] Request starting HTTP/1.1 GET http://localhost/api/public/stores/019ea4d9-16fd-700f-b11c-dffd6722e56d - null null
[22:29:12 INF] Executed action method Urbeat.WebApi.Controllers.AuthController.RegisterSeller (Urbeat.WebApi), returned result Microsoft.AspNetCore.Mvc.ObjectResult in 60.016ms.
[22:29:12 INF] Executing endpoint 'Urbeat.WebApi.Controllers.PublicStoresController.GetById (Urbeat.WebApi)'
[22:29:12 INF] Executing ObjectResult, writing value of type '<>f__AnonymousType2`3[[System.Nullable`1[[System.Guid, System.Private.CoreLib, Version=9.0.0.0, Culture=neutral, PublicKeyToken=7cec85d7bea7798e]], System.Private.CoreLib, Version=9.0.0.0, Culture=neutral, PublicKeyToken=7cec85d7bea7798e],[System.Boolean, System.Private.CoreLib, Version=9.0.0.0, Culture=neutral, PublicKeyToken=7cec85d7bea7798e],[System.String, System.Private.CoreLib, Version=9.0.0.0, Culture=neutral, PublicKeyToken=7cec85d7bea7798e]]'.
[22:29:12 INF] Executed action Urbeat.WebApi.Controllers.AuthController.RegisterSeller (Urbeat.WebApi) in 60.7109ms
[22:29:12 INF] Executed endpoint 'Urbeat.WebApi.Controllers.AuthController.RegisterSeller (Urbeat.WebApi)'
[22:29:12 INF] Request finished HTTP/1.1 POST http://localhost/api/auth/register/seller - 201 null application/json; charset=utf-8 61.6086ms
Activity.TraceId:            acea939bccbcbccf08e35fdc99b75088
Activity.SpanId:             a14b8e9598f19577
Activity.TraceFlags:         Recorded
Activity.DisplayName:        POST api/auth/register/seller
Activity.Kind:               Server
Activity.StartTime:          2026-06-08T01:29:12.0548195Z
Activity.Duration:           00:00:00.0617223
Activity.Tags:
    server.address: localhost
    http.request.method: POST
    url.scheme: http
    url.path: /api/auth/register/seller
    network.protocol.version: 1.1
    http.route: api/auth/register/seller
    http.response.status_code: 201
Instrumentation scope (ActivitySource):
    Name: Microsoft.AspNetCore
Resource associated with Activity:
    telemetry.sdk.name: opentelemetry
    telemetry.sdk.language: dotnet
    telemetry.sdk.version: 1.14.0
    service.name: unknown_service:testhost
Activity.TraceId:            acea939bccbcbccf08e35fdc99b75088
Activity.SpanId:             a14b8e9598f19577
Activity.TraceFlags:         Recorded
Activity.DisplayName:        POST api/auth/register/seller
Activity.Kind:               Server
Activity.StartTime:          2026-06-08T01:29:12.0548195Z
Activity.Duration:           00:00:00.0617223
Activity.Tags:
    server.address: localhost
    http.request.method: POST
    url.scheme: http
    url.path: /api/auth/register/seller
    network.protocol.version: 1.1
    http.route: api/auth/register/seller
    http.response.status_code: 201
Instrumentation scope (ActivitySource):
    Name: Microsoft.AspNetCore
Resource associated with Activity:
    telemetry.sdk.name: opentelemetry
    telemetry.sdk.language: dotnet
    telemetry.sdk.version: 1.14.0
    service.name: unknown_service:testhost
Activity.TraceId:            acea939bccbcbccf08e35fdc99b75088
Activity.SpanId:             a14b8e9598f19577
Activity.TraceFlags:         Recorded
Activity.DisplayName:        POST api/auth/register/seller
Activity.Kind:               Server
Activity.StartTime:          2026-06-08T01:29:12.0548195Z
Activity.Duration:           00:00:00.0617223
Activity.Tags:
    server.address: localhost
    http.request.method: POST
    url.scheme: http
    url.path: /api/auth/register/seller
    network.protocol.version: 1.1
    http.route: api/auth/register/seller
    http.response.status_code: 201
Instrumentation scope (ActivitySource):
    Name: Microsoft.AspNetCore
Resource associated with Activity:
    telemetry.sdk.name: opentelemetry
    telemetry.sdk.language: dotnet
    telemetry.sdk.version: 1.14.0
    service.name: unknown_service:testhost
Activity.TraceId:            acea939bccbcbccf08e35fdc99b75088
Activity.SpanId:             a14b8e9598f19577
Activity.TraceFlags:         Recorded
Activity.DisplayName:        POST api/auth/register/seller
Activity.Kind:               Server
Activity.StartTime:          2026-06-08T01:29:12.0548195Z
Activity.Duration:           00:00:00.0617223
Activity.Tags:
    server.address: localhost
    http.request.method: POST
    url.scheme: http
    url.path: /api/auth/register/seller
    network.protocol.version: 1.1
    http.route: api/auth/register/seller
    http.response.status_code: 201
Instrumentation scope (ActivitySource):
    Name: Microsoft.AspNetCore
Resource associated with Activity:
    telemetry.sdk.name: opentelemetry
    telemetry.sdk.language: dotnet
    telemetry.sdk.version: 1.14.0
    service.name: unknown_service:testhost
Activity.TraceId:            acea939bccbcbccf08e35fdc99b75088
Activity.SpanId:             a14b8e9598f19577
Activity.TraceFlags:         Recorded
Activity.DisplayName:        POST api/auth/register/seller
Activity.Kind:               Server
Activity.StartTime:          2026-06-08T01:29:12.0548195Z
Activity.Duration:           00:00:00.0617223
Activity.Tags:
    server.address: localhost
    http.request.method: POST
    url.scheme: http
    url.path: /api/auth/register/seller
    network.protocol.version: 1.1
    http.route: api/auth/register/seller
    http.response.status_code: 201
Instrumentation scope (ActivitySource):
    Name: Microsoft.AspNetCore
Resource associated with Activity:
    telemetry.sdk.name: opentelemetry
    telemetry.sdk.language: dotnet
    telemetry.sdk.version: 1.14.0
    service.name: unknown_service:testhost
Activity.TraceId:            acea939bccbcbccf08e35fdc99b75088
Activity.SpanId:             a14b8e9598f19577
Activity.TraceFlags:         Recorded
Activity.DisplayName:        POST api/auth/register/seller
Activity.Kind:               Server
Activity.StartTime:          2026-06-08T01:29:12.0548195Z
Activity.Duration:           00:00:00.0617223
Activity.Tags:
    server.address: localhost
    http.request.method: POST
    url.scheme: http
    url.path: /api/auth/register/seller
    network.protocol.version: 1.1
    http.route: api/auth/register/seller
    http.response.status_code: 201
Instrumentation scope (ActivitySource):
    Name: Microsoft.AspNetCore
Resource associated with Activity:
    telemetry.sdk.name: opentelemetry
    telemetry.sdk.language: dotnet
    telemetry.sdk.version: 1.14.0
    service.name: unknown_service:testhost
Activity.TraceId:            acea939bccbcbccf08e35fdc99b75088
Activity.SpanId:             a14b8e9598f19577
Activity.TraceFlags:         Recorded
Activity.DisplayName:        POST api/auth/register/seller
Activity.Kind:               Server
Activity.StartTime:          2026-06-08T01:29:12.0548195Z
Activity.Duration:           00:00:00.0617223
Activity.Tags:
    server.address: localhost
    http.request.method: POST
    url.scheme: http
    url.path: /api/auth/register/seller
    network.protocol.version: 1.1
    http.route: api/auth/register/seller
    http.response.status_code: 201
Instrumentation scope (ActivitySource):
    Name: Microsoft.AspNetCore
Resource associated with Activity:
    telemetry.sdk.name: opentelemetry
    telemetry.sdk.language: dotnet
    telemetry.sdk.version: 1.14.0
    service.name: unknown_service:testhost
Activity.TraceId:            acea939bccbcbccf08e35fdc99b75088
Activity.SpanId:             a14b8e9598f19577
Activity.TraceFlags:         Recorded
Activity.DisplayName:        POST api/auth/register/seller
Activity.Kind:               Server
Activity.StartTime:          2026-06-08T01:29:12.0548195Z
Activity.Duration:           00:00:00.0617223
Activity.Tags:
    server.address: localhost
    http.request.method: POST
    url.scheme: http
    url.path: /api/auth/register/seller
    network.protocol.version: 1.1
    http.route: api/auth/register/seller
    http.response.status_code: 201
Instrumentation scope (ActivitySource):
    Name: Microsoft.AspNetCore
Resource associated with Activity:
    telemetry.sdk.name: opentelemetry
    telemetry.sdk.language: dotnet
    telemetry.sdk.version: 1.14.0
    service.name: unknown_service:testhost
[22:29:12 INF] Saved 1 entities to in-memory store.
[22:29:12 INF] Saved 1 entities to in-memory store.
[22:29:12 INF] Saved 1 entities to in-memory store.
[22:29:12 INF] Route matched with {action = "GetById", controller = "PublicStores"}. Executing controller action with signature System.Threading.Tasks.Task`1[Microsoft.AspNetCore.Mvc.IActionResult] GetById(System.Guid, System.Threading.CancellationToken) on controller Urbeat.WebApi.Controllers.PublicStoresController (Urbeat.WebApi).
[22:29:12 INF] Executing ObjectResult, writing value of type 'Urbeat.Application.DTOs.ProductCategoryResponseDto'.
[22:29:12 INF] Executing action method Urbeat.WebApi.Controllers.PublicStoresController.GetById (Urbeat.WebApi) - Validation state: Valid
Activity.TraceId:            45bee322434b2ab7d64bca98ff188ecf
Activity.SpanId:             a05719fd8ced1305
Activity.TraceFlags:         Recorded
Activity.DisplayName:        POST api/stores/{storeId}/categories
Activity.Kind:               Server
Activity.StartTime:          2026-06-08T01:29:12.0931917Z
Activity.Duration:           00:00:00.0260037
Activity.Tags:
    server.address: localhost
    http.request.method: POST
    url.scheme: http
    url.path: /api/stores/019ea4d9-1a18-72f0-808a-d51d50e9501a/categories
    network.protocol.version: 1.1
    http.route: api/stores/{storeId}/categories
    http.response.status_code: 201
Instrumentation scope (ActivitySource):
    Name: Microsoft.AspNetCore
Resource associated with Activity:
    telemetry.sdk.name: opentelemetry
    telemetry.sdk.language: dotnet
    telemetry.sdk.version: 1.14.0
    service.name: unknown_service:testhost
Activity.TraceId:            45bee322434b2ab7d64bca98ff188ecf
Activity.SpanId:             a05719fd8ced1305
Activity.TraceFlags:         Recorded
Activity.DisplayName:        POST api/stores/{storeId}/categories
Activity.Kind:               Server
Activity.StartTime:          2026-06-08T01:29:12.0931917Z
Activity.Duration:           00:00:00.0260037
Activity.Tags:
    server.address: localhost
    http.request.method: POST
    url.scheme: http
    url.path: /api/stores/019ea4d9-1a18-72f0-808a-d51d50e9501a/categories
    network.protocol.version: 1.1
    http.route: api/stores/{storeId}/categories
    http.response.status_code: 201
Instrumentation scope (ActivitySource):
    Name: Microsoft.AspNetCore
Resource associated with Activity:
    telemetry.sdk.name: opentelemetry
    telemetry.sdk.language: dotnet
    telemetry.sdk.version: 1.14.0
    service.name: unknown_service:testhost
Activity.TraceId:            45bee322434b2ab7d64bca98ff188ecf
Activity.SpanId:             a05719fd8ced1305
Activity.TraceFlags:         Recorded
Activity.DisplayName:        POST api/stores/{storeId}/categories
Activity.Kind:               Server
Activity.StartTime:          2026-06-08T01:29:12.0931917Z
Activity.Duration:           00:00:00.0260037
Activity.Tags:
    server.address: localhost
    http.request.method: POST
    url.scheme: http
    url.path: /api/stores/019ea4d9-1a18-72f0-808a-d51d50e9501a/categories
[22:29:12 INF] Executed action method Urbeat.WebApi.Controllers.PublicStoresController.GetById (Urbeat.WebApi), returned result Microsoft.AspNetCore.Mvc.OkObjectResult in 5.3842ms.
    network.protocol.version: 1.1
    http.route: api/stores/{storeId}/categories
    http.response.status_code: 201
Instrumentation scope (ActivitySource):
[22:29:12 WRN] Admin seeding skipped because the data store is unavailable.
System.InvalidOperationException: Relational-specific methods can only be used when the context is using a relational database provider.
   at Microsoft.EntityFrameworkCore.RelationalDatabaseFacadeExtensions.GetRelationalService[TService](IInfrastructure`1 databaseFacade)
   at Microsoft.EntityFrameworkCore.RelationalDatabaseFacadeExtensions.MigrateAsync(DatabaseFacade databaseFacade, CancellationToken cancellationToken)
   at Program.<Main>$(String[] args) in C:\Projetos\urbeat\backend\src\Urbeat.WebApi\Program.cs:line 42
    Name: Microsoft.AspNetCore
Resource associated with Activity:
    telemetry.sdk.name: opentelemetry
    telemetry.sdk.language: dotnet
    telemetry.sdk.version: 1.14.0
    service.name: unknown_service:testhost
Activity.TraceId:            45bee322434b2ab7d64bca98ff188ecf
Activity.SpanId:             a05719fd8ced1305
Activity.TraceFlags:         Recorded
Activity.DisplayName:        POST api/stores/{storeId}/categories
Activity.Kind:               Server
Activity.StartTime:          2026-06-08T01:29:12.0931917Z
Activity.Duration:           00:00:00.0260037
Activity.Tags:
    server.address: localhost
    http.request.method: POST
    url.scheme: http
    url.path: /api/stores/019ea4d9-1a18-72f0-808a-d51d50e9501a/categories
    network.protocol.version: 1.1
    http.route: api/stores/{storeId}/categories
    http.response.status_code: 201
Instrumentation scope (ActivitySource):
    Name: Microsoft.AspNetCore
Resource associated with Activity:
    telemetry.sdk.name: opentelemetry
    telemetry.sdk.language: dotnet
    telemetry.sdk.version: 1.14.0
    service.name: unknown_service:testhost
Activity.TraceId:            45bee322434b2ab7d64bca98ff188ecf
Activity.SpanId:             a05719fd8ced1305
Activity.TraceFlags:         Recorded
Activity.DisplayName:        POST api/stores/{storeId}/categories
Activity.Kind:               Server
Activity.StartTime:          2026-06-08T01:29:12.0931917Z
Activity.Duration:           00:00:00.0260037
Activity.Tags:
    server.address: localhost
    http.request.method: POST
    url.scheme: http
    url.path: /api/stores/019ea4d9-1a18-72f0-808a-d51d50e9501a/categories
    network.protocol.version: 1.1
    http.route: api/stores/{storeId}/categories
    http.response.status_code: 201
Instrumentation scope (ActivitySource):
    Name: Microsoft.AspNetCore
Resource associated with Activity:
    telemetry.sdk.name: opentelemetry
    telemetry.sdk.language: dotnet
    telemetry.sdk.version: 1.14.0
    service.name: unknown_service:testhost
Activity.TraceId:            45bee322434b2ab7d64bca98ff188ecf
Activity.SpanId:             a05719fd8ced1305
[22:29:12 INF] Executing OkObjectResult, writing value of type 'Urbeat.Application.DTOs.StorePublicDetailsDto'.
Activity.TraceFlags:         Recorded
Activity.DisplayName:        POST api/stores/{storeId}/categories
Activity.Kind:               Server
Activity.StartTime:          2026-06-08T01:29:12.0931917Z
Activity.Duration:           00:00:00.0260037
Activity.Tags:
    server.address: localhost
    http.request.method: POST
    url.scheme: http
    url.path: /api/stores/019ea4d9-1a18-72f0-808a-d51d50e9501a/categories
    network.protocol.version: 1.1
    http.route: api/stores/{storeId}/categories
    http.response.status_code: 201
Instrumentation scope (ActivitySource):
    Name: Microsoft.AspNetCore
Resource associated with Activity:
    telemetry.sdk.name: opentelemetry
    telemetry.sdk.language: dotnet
    telemetry.sdk.version: 1.14.0
    service.name: unknown_service:testhost
Activity.TraceId:            45bee322434b2ab7d64bca98ff188ecf
Activity.SpanId:             a05719fd8ced1305
Activity.TraceFlags:         Recorded
Activity.DisplayName:        POST api/stores/{storeId}/categories
Activity.Kind:               Server
Activity.StartTime:          2026-06-08T01:29:12.0931917Z
Activity.Duration:           00:00:00.0260037
Activity.Tags:
    server.address: localhost
    http.request.method: POST
    url.scheme: http
    url.path: /api/stores/019ea4d9-1a18-72f0-808a-d51d50e9501a/categories
    network.protocol.version: 1.1
    http.route: api/stores/{storeId}/categories
    http.response.status_code: 201
Instrumentation scope (ActivitySource):
    Name: Microsoft.AspNetCore
Resource associated with Activity:
    telemetry.sdk.name: opentelemetry
    telemetry.sdk.language: dotnet
    telemetry.sdk.version: 1.14.0
    service.name: unknown_service:testhost
Activity.TraceId:            45bee322434b2ab7d64bca98ff188ecf
Activity.SpanId:             a05719fd8ced1305
Activity.TraceFlags:         Recorded
Activity.DisplayName:        POST api/stores/{storeId}/categories
Activity.Kind:               Server
Activity.StartTime:          2026-06-08T01:29:12.0931917Z
Activity.Duration:           00:00:00.0260037
Activity.Tags:
    server.address: localhost
    http.request.method: POST
    url.scheme: http
    url.path: /api/stores/019ea4d9-1a18-72f0-808a-d51d50e9501a/categories
    network.protocol.version: 1.1
    http.route: api/stores/{storeId}/categories
    http.response.status_code: 201
Instrumentation scope (ActivitySource):
    Name: Microsoft.AspNetCore
Resource associated with Activity:
    telemetry.sdk.name: opentelemetry
    telemetry.sdk.language: dotnet
    telemetry.sdk.version: 1.14.0
    service.name: unknown_service:testhost
[22:29:12 INF] Executed action Urbeat.WebApi.Controllers.PublicStoresController.GetById (Urbeat.WebApi) in 18.6987ms
[22:29:12 INF] Executed endpoint 'Urbeat.WebApi.Controllers.PublicStoresController.GetById (Urbeat.WebApi)'
[22:29:12 INF] HTTP GET /api/public/stores/019ea4d9-16fd-700f-b11c-dffd6722e56d responded 200 in 21.9132 ms
[22:29:12 INF] Request finished HTTP/1.1 GET http://localhost/api/public/stores/019ea4d9-16fd-700f-b11c-dffd6722e56d - 200 null application/json; charset=utf-8 22.4112ms
Activity.TraceId:            aacf954ef81039a49fedecac8e345cef
Activity.SpanId:             be7046b0bcdc0cb2
Activity.TraceFlags:         Recorded
Activity.DisplayName:        GET api/public/stores/{storeId}
Activity.Kind:               Server
Activity.StartTime:          2026-06-08T01:29:12.1154116Z
Activity.Duration:           00:00:00.0225033
Activity.Tags:
    server.address: localhost
    http.request.method: GET
    url.scheme: http
    url.path: /api/public/stores/019ea4d9-16fd-700f-b11c-dffd6722e56d
    network.protocol.version: 1.1
    http.route: api/public/stores/{storeId}
    http.response.status_code: 200
Instrumentation scope (ActivitySource):
    Name: Microsoft.AspNetCore
Resource associated with Activity:
    telemetry.sdk.name: opentelemetry
    telemetry.sdk.language: dotnet
    telemetry.sdk.version: 1.14.0
    service.name: unknown_service:testhost
Activity.TraceId:            aacf954ef81039a49fedecac8e345cef
Activity.SpanId:             be7046b0bcdc0cb2
Activity.TraceFlags:         Recorded
Activity.DisplayName:        GET api/public/stores/{storeId}
Activity.Kind:               Server
Activity.StartTime:          2026-06-08T01:29:12.1154116Z
Activity.Duration:           00:00:00.0225033
Activity.Tags:
    server.address: localhost
    http.request.method: GET
    url.scheme: http
    url.path: /api/public/stores/019ea4d9-16fd-700f-b11c-dffd6722e56d
    network.protocol.version: 1.1
    http.route: api/public/stores/{storeId}
    http.response.status_code: 200
Instrumentation scope (ActivitySource):
    Name: Microsoft.AspNetCore
Resource associated with Activity:
    telemetry.sdk.name: opentelemetry
    telemetry.sdk.language: dotnet
    telemetry.sdk.version: 1.14.0
    service.name: unknown_service:testhost
Activity.TraceId:            aacf954ef81039a49fedecac8e345cef
Activity.SpanId:             be7046b0bcdc0cb2
Activity.TraceFlags:         Recorded
Activity.DisplayName:        GET api/public/stores/{storeId}
Activity.Kind:               Server
Activity.StartTime:          2026-06-08T01:29:12.1154116Z
Activity.Duration:           00:00:00.0225033
Activity.Tags:
    server.address: localhost
    http.request.method: GET
    url.scheme: http
    url.path: /api/public/stores/019ea4d9-16fd-700f-b11c-dffd6722e56d
    network.protocol.version: 1.1
    http.route: api/public/stores/{storeId}
    http.response.status_code: 200
Instrumentation scope (ActivitySource):
    Name: Microsoft.AspNetCore
Resource associated with Activity:
    telemetry.sdk.name: opentelemetry
    telemetry.sdk.language: dotnet
    telemetry.sdk.version: 1.14.0
    service.name: unknown_service:testhost
Activity.TraceId:            aacf954ef81039a49fedecac8e345cef
Activity.SpanId:             be7046b0bcdc0cb2
Activity.TraceFlags:         Recorded
Activity.DisplayName:        GET api/public/stores/{storeId}
Activity.Kind:               Server
Activity.StartTime:          2026-06-08T01:29:12.1154116Z
Activity.Duration:           00:00:00.0225033
Activity.Tags:
    server.address: localhost
    http.request.method: GET
    url.scheme: http
    url.path: /api/public/stores/019ea4d9-16fd-700f-b11c-dffd6722e56d
    network.protocol.version: 1.1
    http.route: api/public/stores/{storeId}
    http.response.status_code: 200
Instrumentation scope (ActivitySource):
    Name: Microsoft.AspNetCore
Resource associated with Activity:
    telemetry.sdk.name: opentelemetry
    telemetry.sdk.language: dotnet
    telemetry.sdk.version: 1.14.0
    service.name: unknown_service:testhost
Activity.TraceId:            aacf954ef81039a49fedecac8e345cef
Activity.SpanId:             be7046b0bcdc0cb2
Activity.TraceFlags:         Recorded
Activity.DisplayName:        GET api/public/stores/{storeId}
Activity.Kind:               Server
Activity.StartTime:          2026-06-08T01:29:12.1154116Z
Activity.Duration:           00:00:00.0225033
Activity.Tags:
    server.address: localhost
    http.request.method: GET
    url.scheme: http
    url.path: /api/public/stores/019ea4d9-16fd-700f-b11c-dffd6722e56d
    network.protocol.version: 1.1
    http.route: api/public/stores/{storeId}
    http.response.status_code: 200
Instrumentation scope (ActivitySource):
    Name: Microsoft.AspNetCore
Resource associated with Activity:
    telemetry.sdk.name: opentelemetry
    telemetry.sdk.language: dotnet
    telemetry.sdk.version: 1.14.0
    service.name: unknown_service:testhost
Activity.TraceId:            aacf954ef81039a49fedecac8e345cef
Activity.SpanId:             be7046b0bcdc0cb2
Activity.TraceFlags:         Recorded
Activity.DisplayName:        GET api/public/stores/{storeId}
Activity.Kind:               Server
Activity.StartTime:          2026-06-08T01:29:12.1154116Z
Activity.Duration:           00:00:00.0225033
Activity.Tags:
    server.address: localhost
    http.request.method: GET
    url.scheme: http
    url.path: /api/public/stores/019ea4d9-16fd-700f-b11c-dffd6722e56d
    network.protocol.version: 1.1
    http.route: api/public/stores/{storeId}
    http.response.status_code: 200
Instrumentation scope (ActivitySource):
    Name: Microsoft.AspNetCore
Resource associated with Activity:
    telemetry.sdk.name: opentelemetry
    telemetry.sdk.language: dotnet
    telemetry.sdk.version: 1.14.0
    service.name: unknown_service:testhost
Activity.TraceId:            aacf954ef81039a49fedecac8e345cef
Activity.SpanId:             be7046b0bcdc0cb2
Activity.TraceFlags:         Recorded
Activity.DisplayName:        GET api/public/stores/{storeId}
Activity.Kind:               Server
Activity.StartTime:          2026-06-08T01:29:12.1154116Z
Activity.Duration:           00:00:00.0225033
Activity.Tags:
    server.address: localhost
    http.request.method: GET
    url.scheme: http
    url.path: /api/public/stores/019ea4d9-16fd-700f-b11c-dffd6722e56d
    network.protocol.version: 1.1
    http.route: api/public/stores/{storeId}
    http.response.status_code: 200
Instrumentation scope (ActivitySource):
    Name: Microsoft.AspNetCore
Resource associated with Activity:
    telemetry.sdk.name: opentelemetry
    telemetry.sdk.language: dotnet
    telemetry.sdk.version: 1.14.0
    service.name: unknown_service:testhost
Activity.TraceId:            aacf954ef81039a49fedecac8e345cef
Activity.SpanId:             be7046b0bcdc0cb2
Activity.TraceFlags:         Recorded
Activity.DisplayName:        GET api/public/stores/{storeId}
Activity.Kind:               Server
Activity.StartTime:          2026-06-08T01:29:12.1154116Z
Activity.Duration:           00:00:00.0225033
Activity.Tags:
    server.address: localhost
    http.request.method: GET
    url.scheme: http
    url.path: /api/public/stores/019ea4d9-16fd-700f-b11c-dffd6722e56d
    network.protocol.version: 1.1
    http.route: api/public/stores/{storeId}
    http.response.status_code: 200
Instrumentation scope (ActivitySource):
    Name: Microsoft.AspNetCore
Resource associated with Activity:
    telemetry.sdk.name: opentelemetry
    telemetry.sdk.language: dotnet
    telemetry.sdk.version: 1.14.0
    service.name: unknown_service:testhost
[22:29:12 INF] Request starting HTTP/1.1 POST http://localhost/api/customer/addresses - application/json; charset=utf-8 null
[22:29:12 INF] Request starting HTTP/1.1 GET http://localhost/api/landingpagecontent - null null
[22:29:12 INF] Server fabio-mobile:44964:5f6b9c7e caught stopping signal...
[22:29:12 INF] Executing endpoint 'Urbeat.WebApi.Controllers.LandingPageContentController.GetAll (Urbeat.WebApi)'
[22:29:12 INF] Executing endpoint 'Urbeat.WebApi.Controllers.CustomerAddressesController.Create (Urbeat.WebApi)'
[22:29:12 INF] Route matched with {action = "Create", controller = "CustomerAddresses"}. Executing controller action with signature System.Threading.Tasks.Task`1[Microsoft.AspNetCore.Mvc.IActionResult] Create(Urbeat.Application.DTOs.UpsertCustomerAddressRequestDto, System.Threading.CancellationToken) on controller Urbeat.WebApi.Controllers.CustomerAddressesController (Urbeat.WebApi).
[22:29:12 INF] Executing action method Urbeat.WebApi.Controllers.CustomerAddressesController.Create (Urbeat.WebApi) - Validation state: Valid
[22:29:12 INF] Saved 2 entities to in-memory store.
[22:29:12 INF] Executed action method Urbeat.WebApi.Controllers.CustomerAddressesController.Create (Urbeat.WebApi), returned result Microsoft.AspNetCore.Mvc.ObjectResult in 0.8804ms.
[22:29:12 INF] Executing ObjectResult, writing value of type 'Urbeat.Application.DTOs.CustomerAddressResponseDto'.
[22:29:12 INF] Route matched with {action = "GetAll", controller = "LandingPageContent"}. Executing controller action with signature System.Threading.Tasks.Task`1[Microsoft.AspNetCore.Mvc.IActionResult] GetAll(System.Threading.CancellationToken) on controller Urbeat.WebApi.Controllers.LandingPageContentController (Urbeat.WebApi).
[22:29:12 INF] Executed action Urbeat.WebApi.Controllers.CustomerAddressesController.Create (Urbeat.WebApi) in 2.9237ms
[22:29:12 INF] Executed endpoint 'Urbeat.WebApi.Controllers.CustomerAddressesController.Create (Urbeat.WebApi)'
[22:29:12 INF] HTTP POST /api/customer/addresses responded 201 in 3.5678 ms
[22:29:12 INF] Request finished HTTP/1.1 POST http://localhost/api/customer/addresses - 201 null application/json; charset=utf-8 4.1332ms
Activity.TraceId:            a8bc924d248a571ba24f396c213a4de9
Activity.SpanId:             69d0a15c9a5e71ae
Activity.TraceFlags:         Recorded
Activity.DisplayName:        POST api/customer/addresses
Activity.Kind:               Server
Activity.StartTime:          2026-06-08T01:29:12.1405187Z
Activity.Duration:           00:00:00.0041988
Activity.Tags:
    server.address: localhost
    http.request.method: POST
    url.scheme: http
    url.path: /api/customer/addresses
    network.protocol.version: 1.1
    http.route: api/customer/addresses
    http.response.status_code: 201
Instrumentation scope (ActivitySource):
    Name: Microsoft.AspNetCore
Resource associated with Activity:
    telemetry.sdk.name: opentelemetry
    telemetry.sdk.language: dotnet
    telemetry.sdk.version: 1.14.0
    service.name: unknown_service:testhost
Activity.TraceId:            a8bc924d248a571ba24f396c213a4de9
Activity.SpanId:             69d0a15c9a5e71ae
Activity.TraceFlags:         Recorded
Activity.DisplayName:        POST api/customer/addresses
Activity.Kind:               Server
Activity.StartTime:          2026-06-08T01:29:12.1405187Z
Activity.Duration:           00:00:00.0041988
Activity.Tags:
    server.address: localhost
    http.request.method: POST
    url.scheme: http
    url.path: /api/customer/addresses
    network.protocol.version: 1.1
    http.route: api/customer/addresses
    http.response.status_code: 201
Instrumentation scope (ActivitySource):
    Name: Microsoft.AspNetCore
Resource associated with Activity:
    telemetry.sdk.name: opentelemetry
    telemetry.sdk.language: dotnet
    telemetry.sdk.version: 1.14.0
    service.name: unknown_service:testhost
Activity.TraceId:            a8bc924d248a571ba24f396c213a4de9
Activity.SpanId:             69d0a15c9a5e71ae
Activity.TraceFlags:         Recorded
Activity.DisplayName:        POST api/customer/addresses
Activity.Kind:               Server
Activity.StartTime:          2026-06-08T01:29:12.1405187Z
Activity.Duration:           00:00:00.0041988
Activity.Tags:
    server.address: localhost
    http.request.method: POST
    url.scheme: http
    url.path: /api/customer/addresses
    network.protocol.version: 1.1
    http.route: api/customer/addresses
    http.response.status_code: 201
Instrumentation scope (ActivitySource):
    Name: Microsoft.AspNetCore
Resource associated with Activity:
    telemetry.sdk.name: opentelemetry
    telemetry.sdk.language: dotnet
    telemetry.sdk.version: 1.14.0
    service.name: unknown_service:testhost
Activity.TraceId:            a8bc924d248a571ba24f396c213a4de9
Activity.SpanId:             69d0a15c9a5e71ae
Activity.TraceFlags:         Recorded
Activity.DisplayName:        POST api/customer/addresses
Activity.Kind:               Server
Activity.StartTime:          2026-06-08T01:29:12.1405187Z
Activity.Duration:           00:00:00.0041988
Activity.Tags:
    server.address: localhost
    http.request.method: POST
    url.scheme: http
    url.path: /api/customer/addresses
    network.protocol.version: 1.1
    http.route: api/customer/addresses
    http.response.status_code: 201
Instrumentation scope (ActivitySource):
    Name: Microsoft.AspNetCore
Resource associated with Activity:
    telemetry.sdk.name: opentelemetry
    telemetry.sdk.language: dotnet
    telemetry.sdk.version: 1.14.0
    service.name: unknown_service:testhost
Activity.TraceId:            a8bc924d248a571ba24f396c213a4de9
Activity.SpanId:             69d0a15c9a5e71ae
Activity.TraceFlags:         Recorded
Activity.DisplayName:        POST api/customer/addresses
Activity.Kind:               Server
Activity.StartTime:          2026-06-08T01:29:12.1405187Z
Activity.Duration:           00:00:00.0041988
Activity.Tags:
    server.address: localhost
    http.request.method: POST
    url.scheme: http
    url.path: /api/customer/addresses
    network.protocol.version: 1.1
    http.route: api/customer/addresses
    http.response.status_code: 201
Instrumentation scope (ActivitySource):
    Name: Microsoft.AspNetCore
Resource associated with Activity:
    telemetry.sdk.name: opentelemetry
    telemetry.sdk.language: dotnet
    telemetry.sdk.version: 1.14.0
    service.name: unknown_service:testhost
Activity.TraceId:            a8bc924d248a571ba24f396c213a4de9
Activity.SpanId:             69d0a15c9a5e71ae
Activity.TraceFlags:         Recorded
Activity.DisplayName:        POST api/customer/addresses
Activity.Kind:               Server
Activity.StartTime:          2026-06-08T01:29:12.1405187Z
Activity.Duration:           00:00:00.0041988
Activity.Tags:
    server.address: localhost
    http.request.method: POST
    url.scheme: http
    url.path: /api/customer/addresses
    network.protocol.version: 1.1
    http.route: api/customer/addresses
    http.response.status_code: 201
Instrumentation scope (ActivitySource):
    Name: Microsoft.AspNetCore
Resource associated with Activity:
    telemetry.sdk.name: opentelemetry
    telemetry.sdk.language: dotnet
    telemetry.sdk.version: 1.14.0
    service.name: unknown_service:testhost
Activity.TraceId:            a8bc924d248a571ba24f396c213a4de9
Activity.SpanId:             69d0a15c9a5e71ae
Activity.TraceFlags:         Recorded
Activity.DisplayName:        POST api/customer/addresses
Activity.Kind:               Server
Activity.StartTime:          2026-06-08T01:29:12.1405187Z
Activity.Duration:           00:00:00.0041988
Activity.Tags:
    server.address: localhost
    http.request.method: POST
    url.scheme: http
    url.path: /api/customer/addresses
    network.protocol.version: 1.1
    http.route: api/customer/addresses
    http.response.status_code: 201
Instrumentation scope (ActivitySource):
    Name: Microsoft.AspNetCore
Resource associated with Activity:
    telemetry.sdk.name: opentelemetry
    telemetry.sdk.language: dotnet
    telemetry.sdk.version: 1.14.0
    service.name: unknown_service:testhost
Activity.TraceId:            a8bc924d248a571ba24f396c213a4de9
Activity.SpanId:             69d0a15c9a5e71ae
Activity.TraceFlags:         Recorded
Activity.DisplayName:        POST api/customer/addresses
Activity.Kind:               Server
Activity.StartTime:          2026-06-08T01:29:12.1405187Z
Activity.Duration:           00:00:00.0041988
Activity.Tags:
    server.address: localhost
    http.request.method: POST
    url.scheme: http
    url.path: /api/customer/addresses
    network.protocol.version: 1.1
    http.route: api/customer/addresses
    http.response.status_code: 201
Instrumentation scope (ActivitySource):
    Name: Microsoft.AspNetCore
Resource associated with Activity:
    telemetry.sdk.name: opentelemetry
    telemetry.sdk.language: dotnet
    telemetry.sdk.version: 1.14.0
    service.name: unknown_service:testhost
[22:29:12 INF] Server fabio-mobile:44964:5f6b9c7e All dispatchers stopped
[22:29:12 INF] Executing action method Urbeat.WebApi.Controllers.LandingPageContentController.GetAll (Urbeat.WebApi) - Validation state: Valid
[22:29:12 INF] Request starting HTTP/1.1 POST http://localhost/api/auth/register/seller - application/json; charset=utf-8 null
[22:29:12 INF] Route matched with {action = "RegisterSeller", controller = "Auth"}. Executing controller action with signature System.Threading.Tasks.Task`1[Microsoft.AspNetCore.Mvc.IActionResult] RegisterSeller(Urbeat.Application.DTOs.RegisterUserRequestDto, System.Threading.CancellationToken) on controller Urbeat.WebApi.Controllers.AuthController (Urbeat.WebApi).
[22:29:12 INF] Executed action method Urbeat.WebApi.Controllers.LandingPageContentController.GetAll (Urbeat.WebApi), returned result Microsoft.AspNetCore.Mvc.OkObjectResult in 17.8854ms.
[22:29:12 INF] User profile is available. Using 'C:\Users\intfa\AppData\Local\ASP.NET\DataProtection-Keys' as key repository and Windows DPAPI to encrypt keys at rest.
[22:29:12 INF] Executed action Urbeat.WebApi.Controllers.LandingPageContentController.GetAll (Urbeat.WebApi) in 29.3046ms
[22:29:12 INF] Executed endpoint 'Urbeat.WebApi.Controllers.LandingPageContentController.GetAll (Urbeat.WebApi)'
[22:29:12 INF] HTTP GET /api/landingpagecontent responded 200 in 32.6979 ms
[22:29:12 INF] Request finished HTTP/1.1 GET http://localhost/api/landingpagecontent - 200 null application/json; charset=utf-8 33.1468ms
Activity.TraceId:            307e701236fe30b8ff863ba254e51c1c
Activity.SpanId:             e1d8382a35bd306a
Activity.TraceFlags:         Recorded
Activity.DisplayName:        GET api/LandingPageContent
Activity.Kind:               Server
Activity.StartTime:          2026-06-08T01:29:12.1406721Z
Activity.Duration:           00:00:00.0332283
Activity.Tags:
    server.address: localhost
    http.request.method: GET
    url.scheme: http
    url.path: /api/landingpagecontent
    network.protocol.version: 1.1
    http.route: api/LandingPageContent
    http.response.status_code: 200
Instrumentation scope (ActivitySource):
    Name: Microsoft.AspNetCore
Resource associated with Activity:
    telemetry.sdk.name: opentelemetry
    telemetry.sdk.language: dotnet
    telemetry.sdk.version: 1.14.0
    service.name: unknown_service:testhost
Activity.TraceId:            307e701236fe30b8ff863ba254e51c1c
Activity.SpanId:             e1d8382a35bd306a
Activity.TraceFlags:         Recorded
Activity.DisplayName:        GET api/LandingPageContent
Activity.Kind:               Server
Activity.StartTime:          2026-06-08T01:29:12.1406721Z
Activity.Duration:           00:00:00.0332283
Activity.Tags:
    server.address: localhost
    http.request.method: GET
    url.scheme: http
    url.path: /api/landingpagecontent
    network.protocol.version: 1.1
    http.route: api/LandingPageContent
    http.response.status_code: 200
Instrumentation scope (ActivitySource):
    Name: Microsoft.AspNetCore
Resource associated with Activity:
    telemetry.sdk.name: opentelemetry
    telemetry.sdk.language: dotnet
    telemetry.sdk.version: 1.14.0
    service.name: unknown_service:testhost
Activity.TraceId:            307e701236fe30b8ff863ba254e51c1c
Activity.SpanId:             e1d8382a35bd306a
Activity.TraceFlags:         Recorded
Activity.DisplayName:        GET api/LandingPageContent
Activity.Kind:               Server
Activity.StartTime:          2026-06-08T01:29:12.1406721Z
Activity.Duration:           00:00:00.0332283
Activity.Tags:
    server.address: localhost
    http.request.method: GET
    url.scheme: http
    url.path: /api/landingpagecontent
    network.protocol.version: 1.1
    http.route: api/LandingPageContent
    http.response.status_code: 200
Instrumentation scope (ActivitySource):
    Name: Microsoft.AspNetCore
Resource associated with Activity:
    telemetry.sdk.name: opentelemetry
    telemetry.sdk.language: dotnet
    telemetry.sdk.version: 1.14.0
    service.name: unknown_service:testhost
Activity.TraceId:            307e701236fe30b8ff863ba254e51c1c
Activity.SpanId:             e1d8382a35bd306a
Activity.TraceFlags:         Recorded
Activity.DisplayName:        GET api/LandingPageContent
Activity.Kind:               Server
Activity.StartTime:          2026-06-08T01:29:12.1406721Z
Activity.Duration:           00:00:00.0332283
Activity.Tags:
    server.address: localhost
    http.request.method: GET
    url.scheme: http
    url.path: /api/landingpagecontent
    network.protocol.version: 1.1
    http.route: api/LandingPageContent
    http.response.status_code: 200
Instrumentation scope (ActivitySource):
    Name: Microsoft.AspNetCore
Resource associated with Activity:
    telemetry.sdk.name: opentelemetry
    telemetry.sdk.language: dotnet
    telemetry.sdk.version: 1.14.0
    service.name: unknown_service:testhost
Activity.TraceId:            307e701236fe30b8ff863ba254e51c1c
Activity.SpanId:             e1d8382a35bd306a
Activity.TraceFlags:         Recorded
Activity.DisplayName:        GET api/LandingPageContent
Activity.Kind:               Server
Activity.StartTime:          2026-06-08T01:29:12.1406721Z
Activity.Duration:           00:00:00.0332283
Activity.Tags:
    server.address: localhost
    http.request.method: GET
    url.scheme: http
    url.path: /api/landingpagecontent
    network.protocol.version: 1.1
    http.route: api/LandingPageContent
    http.response.status_code: 200
Instrumentation scope (ActivitySource):
    Name: Microsoft.AspNetCore
Resource associated with Activity:
    telemetry.sdk.name: opentelemetry
    telemetry.sdk.language: dotnet
    telemetry.sdk.version: 1.14.0
    service.name: unknown_service:testhost
Activity.TraceId:            307e701236fe30b8ff863ba254e51c1c
Activity.SpanId:             e1d8382a35bd306a
Activity.TraceFlags:         Recorded
Activity.DisplayName:        GET api/LandingPageContent
Activity.Kind:               Server
Activity.StartTime:          2026-06-08T01:29:12.1406721Z
Activity.Duration:           00:00:00.0332283
Activity.Tags:
    server.address: localhost
    http.request.method: GET
    url.scheme: http
    url.path: /api/landingpagecontent
    network.protocol.version: 1.1
    http.route: api/LandingPageContent
    http.response.status_code: 200
Instrumentation scope (ActivitySource):
    Name: Microsoft.AspNetCore
Resource associated with Activity:
    telemetry.sdk.name: opentelemetry
    telemetry.sdk.language: dotnet
    telemetry.sdk.version: 1.14.0
    service.name: unknown_service:testhost
Activity.TraceId:            307e701236fe30b8ff863ba254e51c1c
Activity.SpanId:             e1d8382a35bd306a
Activity.TraceFlags:         Recorded
Activity.DisplayName:        GET api/LandingPageContent
Activity.Kind:               Server
Activity.StartTime:          2026-06-08T01:29:12.1406721Z
Activity.Duration:           00:00:00.0332283
Activity.Tags:
    server.address: localhost
    http.request.method: GET
    url.scheme: http
    url.path: /api/landingpagecontent
    network.protocol.version: 1.1
    http.route: api/LandingPageContent
    http.response.status_code: 200
Instrumentation scope (ActivitySource):
    Name: Microsoft.AspNetCore
Resource associated with Activity:
    telemetry.sdk.name: opentelemetry
    telemetry.sdk.language: dotnet
    telemetry.sdk.version: 1.14.0
    service.name: unknown_service:testhost
Activity.TraceId:            307e701236fe30b8ff863ba254e51c1c
Activity.SpanId:             e1d8382a35bd306a
Activity.TraceFlags:         Recorded
Activity.DisplayName:        GET api/LandingPageContent
Activity.Kind:               Server
Activity.StartTime:          2026-06-08T01:29:12.1406721Z
Activity.Duration:           00:00:00.0332283
Activity.Tags:
    server.address: localhost
    http.request.method: GET
    url.scheme: http
    url.path: /api/landingpagecontent
    network.protocol.version: 1.1
    http.route: api/LandingPageContent
    http.response.status_code: 200
Instrumentation scope (ActivitySource):
    Name: Microsoft.AspNetCore
Resource associated with Activity:
    telemetry.sdk.name: opentelemetry
    telemetry.sdk.language: dotnet
    telemetry.sdk.version: 1.14.0
    service.name: unknown_service:testhost
[22:29:12 INF] Executing action method Urbeat.WebApi.Controllers.AuthController.RegisterSeller (Urbeat.WebApi) - Validation state: Valid
[22:29:12 INF] Server fabio-mobile:44964:5f6b9c7e successfully reported itself as stopped in 0,0522 ms
[22:29:12 INF] Server fabio-mobile:44964:5f6b9c7e has been stopped in total 34,4225 ms
[22:29:12 INF] Route matched with {action = "RegisterCustomer", controller = "Auth"}. Executing controller action with signature System.Threading.Tasks.Task`1[Microsoft.AspNetCore.Mvc.IActionResult] RegisterCustomer(Urbeat.Application.DTOs.RegisterUserRequestDto, System.Threading.CancellationToken) on controller Urbeat.WebApi.Controllers.AuthController (Urbeat.WebApi).
[22:29:12 INF] Executing action method Urbeat.WebApi.Controllers.AuthController.RegisterCustomer (Urbeat.WebApi) - Validation state: Valid
[22:29:12 INF] Saved 1 entities to in-memory store.
[22:29:12 INF] Saved 2 entities to in-memory store.
[22:29:12 INF] Saved 1 entities to in-memory store.
[22:29:12 INF] SellerRegistered | Registration succeeded | UserId=019ea4d9-1aef-7571-98b0-20ac6d255623 | Email=store.address.342effa106834dc78331f7443766b1db@urbeat.local | Role=Seller
[22:29:12 INF] Executed action method Urbeat.WebApi.Controllers.AuthController.RegisterSeller (Urbeat.WebApi), returned result Microsoft.AspNetCore.Mvc.ObjectResult in 49.4096ms.
[22:29:12 INF] Executing ObjectResult, writing value of type '<>f__AnonymousType2`3[[System.Nullable`1[[System.Guid, System.Private.CoreLib, Version=9.0.0.0, Culture=neutral, PublicKeyToken=7cec85d7bea7798e]], System.Private.CoreLib, Version=9.0.0.0, Culture=neutral, PublicKeyToken=7cec85d7bea7798e],[System.Boolean, System.Private.CoreLib, Version=9.0.0.0, Culture=neutral, PublicKeyToken=7cec85d7bea7798e],[System.String, System.Private.CoreLib, Version=9.0.0.0, Culture=neutral, PublicKeyToken=7cec85d7bea7798e]]'.
[22:29:12 INF] CustomerRegistered | Registration succeeded | UserId=019ea4d9-1af0-70df-9663-de6e689a0fa9 | Email=lockout.99792875639a43148535971dac615268@urbeat.local | Role=Customer
[22:29:12 INF] Executed action Urbeat.WebApi.Controllers.AuthController.RegisterSeller (Urbeat.WebApi) in 52.06ms
[22:29:12 INF] Executed action method Urbeat.WebApi.Controllers.AuthController.RegisterCustomer (Urbeat.WebApi), returned result Microsoft.AspNetCore.Mvc.ObjectResult in 48.7214ms.
[22:29:12 INF] Executed action Urbeat.WebApi.Controllers.AuthController.RegisterCustomer (Urbeat.WebApi) in 49.4584ms
[22:29:12 INF] HTTP POST /api/auth/register/seller responded 201 in 68.3120 ms
[22:29:12 INF] Request finished HTTP/1.1 POST http://localhost/api/auth/register/seller - 201 null application/json; charset=utf-8 79.9565ms
Activity.TraceId:            66d62df90f0e3eaa1f98c1b927fcff78
Activity.SpanId:             b8fcf00a1c7ed6ca
Activity.TraceFlags:         Recorded
Activity.DisplayName:        POST api/auth/register/seller
Activity.Kind:               Server
Activity.StartTime:          2026-06-08T01:29:12.1455104Z
Activity.Duration:           00:00:00.0800306
Activity.Tags:
    server.address: localhost
    http.request.method: POST
    url.scheme: http
    url.path: /api/auth/register/seller
    network.protocol.version: 1.1
    http.route: api/auth/register/seller
    http.response.status_code: 201
Instrumentation scope (ActivitySource):
    Name: Microsoft.AspNetCore
Resource associated with Activity:
    telemetry.sdk.name: opentelemetry
    telemetry.sdk.language: dotnet
    telemetry.sdk.version: 1.14.0
    service.name: unknown_service:testhost
Activity.TraceId:            66d62df90f0e3eaa1f98c1b927fcff78
Activity.SpanId:             b8fcf00a1c7ed6ca
Activity.TraceFlags:         Recorded
Activity.DisplayName:        POST api/auth/register/seller
Activity.Kind:               Server
Activity.StartTime:          2026-06-08T01:29:12.1455104Z
Activity.Duration:           00:00:00.0800306
Activity.Tags:
    server.address: localhost
    http.request.method: POST
    url.scheme: http
    url.path: /api/auth/register/seller
    network.protocol.version: 1.1
    http.route: api/auth/register/seller
    http.response.status_code: 201
Instrumentation scope (ActivitySource):
    Name: Microsoft.AspNetCore
Resource associated with Activity:
    telemetry.sdk.name: opentelemetry
    telemetry.sdk.language: dotnet
[22:29:12 INF] HTTP POST /api/auth/register/customer responded 201 in 49.9190 ms
    telemetry.sdk.version: 1.14.0
    service.name: unknown_service:testhost
Activity.TraceId:            66d62df90f0e3eaa1f98c1b927fcff78
Activity.SpanId:             b8fcf00a1c7ed6ca
Activity.TraceFlags:         Recorded
Activity.DisplayName:        POST api/auth/register/seller
Activity.Kind:               Server
Activity.StartTime:          2026-06-08T01:29:12.1455104Z
Activity.Duration:           00:00:00.0800306
Activity.Tags:
    server.address: localhost
    http.request.method: POST
    url.scheme: http
    url.path: /api/auth/register/seller
    network.protocol.version: 1.1
    http.route: api/auth/register/seller
    http.response.status_code: 201
Instrumentation scope (ActivitySource):
    Name: Microsoft.AspNetCore
Resource associated with Activity:
    telemetry.sdk.name: opentelemetry
    telemetry.sdk.language: dotnet
    telemetry.sdk.version: 1.14.0
    service.name: unknown_service:testhost
Activity.TraceId:            66d62df90f0e3eaa1f98c1b927fcff78
Activity.SpanId:             b8fcf00a1c7ed6ca
Activity.TraceFlags:         Recorded
Activity.DisplayName:        POST api/auth/register/seller
Activity.Kind:               Server
Activity.StartTime:          2026-06-08T01:29:12.1455104Z
Activity.Duration:           00:00:00.0800306
Activity.Tags:
    server.address: localhost
    http.request.method: POST
    url.scheme: http
    url.path: /api/auth/register/seller
    network.protocol.version: 1.1
    http.route: api/auth/register/seller
    http.response.status_code: 201
Instrumentation scope (ActivitySource):
    Name: Microsoft.AspNetCore
Resource associated with Activity:
    telemetry.sdk.name: opentelemetry
    telemetry.sdk.language: dotnet
    telemetry.sdk.version: 1.14.0
    service.name: unknown_service:testhost
Activity.TraceId:            66d62df90f0e3eaa1f98c1b927fcff78
Activity.SpanId:             b8fcf00a1c7ed6ca
Activity.TraceFlags:         Recorded
Activity.DisplayName:        POST api/auth/register/seller
Activity.Kind:               Server
Activity.StartTime:          2026-06-08T01:29:12.1455104Z
Activity.Duration:           00:00:00.0800306
Activity.Tags:
    server.address: localhost
    http.request.method: POST
    url.scheme: http
    url.path: /api/auth/register/seller
    network.protocol.version: 1.1
    http.route: api/auth/register/seller
    http.response.status_code: 201
Instrumentation scope (ActivitySource):
    Name: Microsoft.AspNetCore
Resource associated with Activity:
    telemetry.sdk.name: opentelemetry
    telemetry.sdk.language: dotnet
    telemetry.sdk.version: 1.14.0
    service.name: unknown_service:testhost
Activity.TraceId:            66d62df90f0e3eaa1f98c1b927fcff78
Activity.SpanId:             b8fcf00a1c7ed6ca
Activity.TraceId:            2c56dfc4f2151f638eeeed6070d90c0b
Activity.TraceFlags:         Recorded
Activity.DisplayName:        POST api/auth/register/seller
Activity.SpanId:             3e9624686847938e
Activity.Kind:               Server
Activity.TraceFlags:         Recorded
Activity.StartTime:          2026-06-08T01:29:12.1455104Z
Activity.DisplayName:        POST api/auth/register/customer
Activity.Duration:           00:00:00.0800306
Activity.Kind:               Server
Activity.Tags:
    server.address: localhost
Activity.StartTime:          2026-06-08T01:29:12.1754860Z
    http.request.method: POST
Activity.Duration:           00:00:00.0503507
    url.scheme: http
    url.path: /api/auth/register/seller
Activity.Tags:
    network.protocol.version: 1.1
    server.address: localhost
    http.route: api/auth/register/seller
    http.request.method: POST
    url.scheme: http
    url.path: /api/auth/register/customer
    network.protocol.version: 1.1
    http.route: api/auth/register/customer
    http.response.status_code: 201
    http.response.status_code: 201
Instrumentation scope (ActivitySource):
Instrumentation scope (ActivitySource):
    Name: Microsoft.AspNetCore
    Name: Microsoft.AspNetCore
Resource associated with Activity:
Resource associated with Activity:
    telemetry.sdk.name: opentelemetry
    telemetry.sdk.name: opentelemetry
    telemetry.sdk.language: dotnet
    telemetry.sdk.version: 1.14.0
    service.name: unknown_service:testhost
    telemetry.sdk.language: dotnet
Activity.TraceId:            2c56dfc4f2151f638eeeed6070d90c0b
Activity.SpanId:             3e9624686847938e
    telemetry.sdk.version: 1.14.0
Activity.TraceFlags:         Recorded
    service.name: unknown_service:testhost
Activity.DisplayName:        POST api/auth/register/customer
Activity.Kind:               Server
Activity.TraceId:            66d62df90f0e3eaa1f98c1b927fcff78
Activity.StartTime:          2026-06-08T01:29:12.1754860Z
Activity.SpanId:             b8fcf00a1c7ed6ca
Activity.Duration:           00:00:00.0503507
Activity.TraceFlags:         Recorded
Activity.Tags:
    server.address: localhost
    http.request.method: POST
    url.scheme: http
    url.path: /api/auth/register/customer
    network.protocol.version: 1.1
    http.route: api/auth/register/customer
Activity.DisplayName:        POST api/auth/register/seller
    http.response.status_code: 201
Activity.Kind:               Server
Instrumentation scope (ActivitySource):
    Name: Microsoft.AspNetCore
Resource associated with Activity:
    telemetry.sdk.name: opentelemetry
Activity.StartTime:          2026-06-08T01:29:12.1455104Z
    telemetry.sdk.language: dotnet
Activity.Duration:           00:00:00.0800306
    telemetry.sdk.version: 1.14.0
Activity.Tags:
    service.name: unknown_service:testhost
    server.address: localhost
Activity.TraceId:            2c56dfc4f2151f638eeeed6070d90c0b
    http.request.method: POST
Activity.SpanId:             3e9624686847938e
    url.scheme: http
    url.path: /api/auth/register/seller
Activity.TraceFlags:         Recorded
    network.protocol.version: 1.1
Activity.DisplayName:        POST api/auth/register/customer
    http.route: api/auth/register/seller
Activity.Kind:               Server
    http.response.status_code: 201
Instrumentation scope (ActivitySource):
    Name: Microsoft.AspNetCore
Activity.StartTime:          2026-06-08T01:29:12.1754860Z
Resource associated with Activity:
Activity.Duration:           00:00:00.0503507
    telemetry.sdk.name: opentelemetry
Activity.Tags:
    telemetry.sdk.language: dotnet
    server.address: localhost
    http.request.method: POST
    telemetry.sdk.version: 1.14.0
    url.scheme: http
    url.path: /api/auth/register/customer
    service.name: unknown_service:testhost
    network.protocol.version: 1.1
    http.route: api/auth/register/customer
    http.response.status_code: 201
Activity.TraceId:            66d62df90f0e3eaa1f98c1b927fcff78
Instrumentation scope (ActivitySource):
Activity.SpanId:             b8fcf00a1c7ed6ca
    Name: Microsoft.AspNetCore
Activity.TraceFlags:         Recorded
Resource associated with Activity:
Activity.DisplayName:        POST api/auth/register/seller
    telemetry.sdk.name: opentelemetry
    telemetry.sdk.language: dotnet
Activity.Kind:               Server
    telemetry.sdk.version: 1.14.0
    service.name: unknown_service:testhost
Activity.StartTime:          2026-06-08T01:29:12.1455104Z
Activity.TraceId:            2c56dfc4f2151f638eeeed6070d90c0b
Activity.Duration:           00:00:00.0800306
Activity.SpanId:             3e9624686847938e
Activity.TraceFlags:         Recorded
Activity.Tags:
Activity.DisplayName:        POST api/auth/register/customer
    server.address: localhost
Activity.Kind:               Server
    http.request.method: POST
    url.scheme: http
    url.path: /api/auth/register/seller
    network.protocol.version: 1.1
    http.route: api/auth/register/seller
    http.response.status_code: 201
Instrumentation scope (ActivitySource):
Activity.StartTime:          2026-06-08T01:29:12.1754860Z
    Name: Microsoft.AspNetCore
Activity.Duration:           00:00:00.0503507
Resource associated with Activity:
Activity.Tags:
    telemetry.sdk.name: opentelemetry
    server.address: localhost
    telemetry.sdk.language: dotnet
    telemetry.sdk.version: 1.14.0
    service.name: unknown_service:testhost
    http.request.method: POST
    url.scheme: http
    url.path: /api/auth/register/customer
Activity.TraceId:            66d62df90f0e3eaa1f98c1b927fcff78
    network.protocol.version: 1.1
Activity.SpanId:             b8fcf00a1c7ed6ca
    http.route: api/auth/register/customer
Activity.TraceFlags:         Recorded
    http.response.status_code: 201
Activity.DisplayName:        POST api/auth/register/seller
Instrumentation scope (ActivitySource):
Activity.Kind:               Server
    Name: Microsoft.AspNetCore
Activity.StartTime:          2026-06-08T01:29:12.1455104Z
Resource associated with Activity:
Activity.Duration:           00:00:00.0800306
Activity.Tags:
    telemetry.sdk.name: opentelemetry
    server.address: localhost
    http.request.method: POST
    url.scheme: http
    url.path: /api/auth/register/seller
    network.protocol.version: 1.1
    http.route: api/auth/register/seller
    telemetry.sdk.language: dotnet
    telemetry.sdk.version: 1.14.0
    http.response.status_code: 201
    service.name: unknown_service:testhost
Instrumentation scope (ActivitySource):
    Name: Microsoft.AspNetCore
Resource associated with Activity:
    telemetry.sdk.name: opentelemetry
    telemetry.sdk.language: dotnet
Activity.TraceId:            2c56dfc4f2151f638eeeed6070d90c0b
    telemetry.sdk.version: 1.14.0
Activity.SpanId:             3e9624686847938e
    service.name: unknown_service:testhost
Activity.TraceFlags:         Recorded
Activity.DisplayName:        POST api/auth/register/customer
Activity.Kind:               Server
Activity.StartTime:          2026-06-08T01:29:12.1754860Z
Activity.Duration:           00:00:00.0503507
Activity.Tags:
    server.address: localhost
    http.request.method: POST
    url.scheme: http
    url.path: /api/auth/register/customer
    network.protocol.version: 1.1
    http.route: api/auth/register/customer
    http.response.status_code: 201
Instrumentation scope (ActivitySource):
    Name: Microsoft.AspNetCore
Resource associated with Activity:
    telemetry.sdk.name: opentelemetry
    telemetry.sdk.language: dotnet
    telemetry.sdk.version: 1.14.0
    service.name: unknown_service:testhost
Activity.TraceId:            2c56dfc4f2151f638eeeed6070d90c0b
Activity.SpanId:             3e9624686847938e
Activity.TraceFlags:         Recorded
Activity.DisplayName:        POST api/auth/register/customer
Activity.Kind:               Server
Activity.StartTime:          2026-06-08T01:29:12.1754860Z
Activity.Duration:           00:00:00.0503507
Activity.Tags:
    server.address: localhost
    http.request.method: POST
    url.scheme: http
    url.path: /api/auth/register/customer
    network.protocol.version: 1.1
    http.route: api/auth/register/customer
    http.response.status_code: 201
Instrumentation scope (ActivitySource):
    Name: Microsoft.AspNetCore
Resource associated with Activity:
    telemetry.sdk.name: opentelemetry
    telemetry.sdk.language: dotnet
    telemetry.sdk.version: 1.14.0
    service.name: unknown_service:testhost
Activity.TraceId:            2c56dfc4f2151f638eeeed6070d90c0b
Activity.SpanId:             3e9624686847938e
Activity.TraceFlags:         Recorded
Activity.DisplayName:        POST api/auth/register/customer
Activity.Kind:               Server
Activity.StartTime:          2026-06-08T01:29:12.1754860Z
Activity.Duration:           00:00:00.0503507
Activity.Tags:
    server.address: localhost
    http.request.method: POST
    url.scheme: http
    url.path: /api/auth/register/customer
    network.protocol.version: 1.1
    http.route: api/auth/register/customer
    http.response.status_code: 201
Instrumentation scope (ActivitySource):
    Name: Microsoft.AspNetCore
Resource associated with Activity:
    telemetry.sdk.name: opentelemetry
    telemetry.sdk.language: dotnet
    telemetry.sdk.version: 1.14.0
    service.name: unknown_service:testhost
Activity.TraceId:            2c56dfc4f2151f638eeeed6070d90c0b
Activity.SpanId:             3e9624686847938e
Activity.TraceFlags:         Recorded
Activity.DisplayName:        POST api/auth/register/customer
Activity.Kind:               Server
Activity.StartTime:          2026-06-08T01:29:12.1754860Z
Activity.Duration:           00:00:00.0503507
Activity.Tags:
    server.address: localhost
    http.request.method: POST
    url.scheme: http
    url.path: /api/auth/register/customer
    network.protocol.version: 1.1
    http.route: api/auth/register/customer
    http.response.status_code: 201
Instrumentation scope (ActivitySource):
    Name: Microsoft.AspNetCore
Resource associated with Activity:
    telemetry.sdk.name: opentelemetry
    telemetry.sdk.language: dotnet
    telemetry.sdk.version: 1.14.0
    service.name: unknown_service:testhost
Activity.TraceId:            2c56dfc4f2151f638eeeed6070d90c0b
Activity.SpanId:             3e9624686847938e
Activity.TraceFlags:         Recorded
Activity.DisplayName:        POST api/auth/register/customer
Activity.Kind:               Server
Activity.StartTime:          2026-06-08T01:29:12.1754860Z
Activity.Duration:           00:00:00.0503507
Activity.Tags:
    server.address: localhost
    http.request.method: POST
    url.scheme: http
    url.path: /api/auth/register/customer
    network.protocol.version: 1.1
    http.route: api/auth/register/customer
    http.response.status_code: 201
Instrumentation scope (ActivitySource):
    Name: Microsoft.AspNetCore
Resource associated with Activity:
    telemetry.sdk.name: opentelemetry
    telemetry.sdk.language: dotnet
    telemetry.sdk.version: 1.14.0
    service.name: unknown_service:testhost
[22:29:12 INF] Request starting HTTP/1.1 POST http://localhost/api/stores/019ea4d9-1a9e-7da8-94ff-29754ed2ce27/categories - application/json; charset=utf-8 null
[22:29:12 INF] Saved 1 entities to in-memory store.
Resource associated with Metrics:
	telemetry.sdk.name: opentelemetry
	telemetry.sdk.language: dotnet
	telemetry.sdk.version: 1.14.0
	service.name: unknown_service:testhost
Metric Name: http.server.active_requests, Description: Number of active HTTP server requests., Unit: {request}, Metric Type: LongSumNonMonotonic
Instrumentation scope (Meter):
	Name: Microsoft.AspNetCore.Hosting
(2026-06-08T01:29:10.0732857Z, 2026-06-08T01:29:12.2270108Z] http.request.method: POST url.scheme: http
Value: -7
(2026-06-08T01:29:10.0732857Z, 2026-06-08T01:29:12.2270108Z] http.request.method: PATCH url.scheme: http
Value: 0
(2026-06-08T01:29:10.0732857Z, 2026-06-08T01:29:12.2270108Z] http.request.method: GET url.scheme: http
Value: 0
(2026-06-08T01:29:10.0732857Z, 2026-06-08T01:29:12.2270108Z] http.request.method: PUT url.scheme: http
Value: -1
Metric Name: http.server.request.duration, Description: Duration of HTTP server requests., Unit: s, Metric Type: Histogram
Instrumentation scope (Meter):
	Name: Microsoft.AspNetCore.Hosting
(2026-06-08T01:29:10.0733380Z, 2026-06-08T01:29:12.2270275Z] http.request.method: POST http.response.status_code: 201 http.route: api/stores network.protocol.version: 1.1 url.scheme: http
Value: Sum: 1.7132113999999998 Count: 12 Min: 0.0542961 Max: 0.2201614 
(-Infinity,0,005]:0
(0,005,0,01]:0
(0,01,0,025]:0
(0,025,0,05]:0
(0,05,0,075]:2
(0,075,0,1]:1
(0,1,0,25]:9
(0,25,0,5]:0
(0,5,0,75]:0
(0,75,1]:0
(1,2,5]:0
(2,5,5]:0
(5,7,5]:0
(7,5,10]:0
(10,+Infinity]:0
(2026-06-08T01:29:10.0733380Z, 2026-06-08T01:29:12.2270275Z] http.request.method: POST http.response.status_code: 200 http.route: api/auth/login/customer network.protocol.version: 1.1 url.scheme: http
Value: Sum: 0.9096015000000001 Count: 6 Min: 0.0634958 Max: 0.269444 
(-Infinity,0,005]:0
(0,005,0,01]:0
(0,01,0,025]:0
(0,025,0,05]:0
(0,05,0,075]:1
(0,075,0,1]:0
(0,1,0,25]:4
(0,25,0,5]:1
(0,5,0,75]:0
(0,75,1]:0
(1,2,5]:0
(2,5,5]:0
(5,7,5]:0
(7,5,10]:0
(10,+Infinity]:0
(2026-06-08T01:29:10.0733380Z, 2026-06-08T01:29:12.2270275Z] http.request.method: PATCH http.response.status_code: 200 http.route: api/stores/{storeId}/status network.protocol.version: 1.1 url.scheme: http
Value: Sum: 0.2740479 Count: 3 Min: 0.043708 Max: 0.1192859 
(-Infinity,0,005]:0
(0,005,0,01]:0
(0,01,0,025]:0
(0,025,0,05]:1
(0,05,0,075]:0
(0,075,0,1]:0
(0,1,0,25]:2
(0,25,0,5]:0
(0,5,0,75]:0
(0,75,1]:0
(1,2,5]:0
(2,5,5]:0
(5,7,5]:0
(7,5,10]:0
(10,+Infinity]:0
(2026-06-08T01:29:10.0733380Z, 2026-06-08T01:29:12.2270275Z] http.request.method: POST http.response.status_code: 201 http.route: api/stores/{storeId}/categories network.protocol.version: 1.1 url.scheme: http
Value: Sum: 0.46806859999999995 Count: 4 Min: 0.0702828 Max: 0.1803927 
(-Infinity,0,005]:0
(0,005,0,01]:0
(0,01,0,025]:0
(0,025,0,05]:0
(0,05,0,075]:2
(0,075,0,1]:0
(0,1,0,25]:2
(0,25,0,5]:0
(0,5,0,75]:0
(0,75,1]:0
(1,2,5]:0
(2,5,5]:0
(5,7,5]:0
(7,5,10]:0
(10,+Infinity]:0
(2026-06-08T01:29:10.0733380Z, 2026-06-08T01:29:12.2270275Z] http.request.method: POST http.response.status_code: 201 http.route: api/auth/register/customer network.protocol.version: 1.1 url.scheme: http
Value: Sum: 0.8936636 Count: 5 Min: 0.1455471 Max: 0.2318069 
(-Infinity,0,005]:0
(0,005,0,01]:0
(0,01,0,025]:0
(0,025,0,05]:0
(0,05,0,075]:0
(0,075,0,1]:0
(0,1,0,25]:5
(0,25,0,5]:0
(0,5,0,75]:0
(0,75,1]:0
(1,2,5]:0
(2,5,5]:0
(5,7,5]:0
(7,5,10]:0
(10,+Infinity]:0
(2026-06-08T01:29:10.0733380Z, 2026-06-08T01:29:12.2270275Z] http.request.method: PATCH http.response.status_code: 200 http.route: api/stores/{storeId}/delivery-config network.protocol.version: 1.1 url.scheme: http
Value: Sum: 0.2885685 Count: 3 Min: 0.0737496 Max: 0.1349803 
(-Infinity,0,005]:0
(0,005,0,01]:0
(0,01,0,025]:0
(0,025,0,05]:0
(0,05,0,075]:1
(0,075,0,1]:1
(0,1,0,25]:1
(0,25,0,5]:0
(0,5,0,75]:0
(0,75,1]:0
(1,2,5]:0
(2,5,5]:0
(5,7,5]:0
(7,5,10]:0
(10,+Infinity]:0
[22:29:12 INF] Executing endpoint 'Urbeat.WebApi.Controllers.StoreCategoriesController.Create (Urbeat.WebApi)'
(2026-06-08T01:29:10.0733380Z, 2026-06-08T01:29:12.2270275Z] http.request.method: POST http.response.status_code: 204 http.route: api/admin/subscriptions/notifications/process network.protocol.version: 1.1 url.scheme: http
Value: Sum: 0.2250846 Count: 1 Min: 0.2250846 Max: 0.2250846 
(-Infinity,0,005]:0
(0,005,0,01]:0
(0,01,0,025]:0
(0,025,0,05]:0
(0,05,0,075]:0
(0,075,0,1]:0
(0,1,0,25]:1
(0,25,0,5]:0
(0,5,0,75]:0
(0,75,1]:0
(1,2,5]:0
(2,5,5]:0
(5,7,5]:0
(7,5,10]:0
(10,+Infinity]:0
(2026-06-08T01:29:10.0733380Z, 2026-06-08T01:29:12.2270275Z] http.request.method: POST http.response.status_code: 201 http.route: api/auth/register/seller network.protocol.version: 1.1 url.scheme: http
Value: Sum: 1.9536229 Count: 9 Min: 0.0616086 Max: 0.3972926 
(-Infinity,0,005]:0
(0,005,0,01]:0
(0,01,0,025]:0
(0,025,0,05]:0
(0,05,0,075]:1
(0,075,0,1]:0
(0,1,0,25]:6
(0,25,0,5]:2
(0,5,0,75]:0
(0,75,1]:0
(1,2,5]:0
(2,5,5]:0
(5,7,5]:0
(7,5,10]:0
(10,+Infinity]:0
(2026-06-08T01:29:10.0733380Z, 2026-06-08T01:29:12.2270275Z] http.request.method: PUT http.response.status_code: 200 http.route: api/stores/{storeId}/business-hours network.protocol.version: 1.1 url.scheme: http
Value: Sum: 0.4426817 Count: 2 Min: 0.1993077 Max: 0.243374 
(-Infinity,0,005]:0
(0,005,0,01]:0
(0,01,0,025]:0
(0,025,0,05]:0
(0,05,0,075]:0
(0,075,0,1]:0
(0,1,0,25]:2
(0,25,0,5]:0
(0,5,0,75]:0
(0,75,1]:0
(1,2,5]:0
(2,5,5]:0
(5,7,5]:0
(7,5,10]:0
(10,+Infinity]:0
(2026-06-08T01:29:10.0733380Z, 2026-06-08T01:29:12.2270275Z] http.request.method: POST http.response.status_code: 201 http.route: api/customer/addresses network.protocol.version: 1.1 url.scheme: http
Value: Sum: 0.6982727 Count: 6 Min: 0.0041332 Max: 0.185186 
(-Infinity,0,005]:1
(0,005,0,01]:0
(0,01,0,025]:0
(0,025,0,05]:0
(0,05,0,075]:0
(0,075,0,1]:1
(0,1,0,25]:4
(0,25,0,5]:0
(0,5,0,75]:0
(0,75,1]:0
(1,2,5]:0
(2,5,5]:0
(5,7,5]:0
(7,5,10]:0
(10,+Infinity]:0
[22:29:12 INF] Route matched with {action = "Create", controller = "StoreCategories"}. Executing controller action with signature System.Threading.Tasks.Task`1[Microsoft.AspNetCore.Mvc.IActionResult] Create(System.Guid, Urbeat.Application.DTOs.CreateProductCategoryRequestDto, System.Threading.CancellationToken) on controller Urbeat.WebApi.Controllers.StoreCategoriesController (Urbeat.WebApi).
(2026-06-08T01:29:10.0733380Z, 2026-06-08T01:29:12.2270275Z] http.request.method: GET http.response.status_code: 200 http.route: api/public/stores network.protocol.version: 1.1 url.scheme: http
Value: Sum: 0.3109458 Count: 3 Min: 0.0088641 Max: 0.158115 
(-Infinity,0,005]:0
(0,005,0,01]:1
(0,01,0,025]:0
(0,025,0,05]:0
(0,05,0,075]:0
(0,075,0,1]:0
(0,1,0,25]:2
(0,25,0,5]:0
(0,5,0,75]:0
(0,75,1]:0
(1,2,5]:0
(2,5,5]:0
(5,7,5]:0
(7,5,10]:0
(10,+Infinity]:0
(2026-06-08T01:29:10.0733380Z, 2026-06-08T01:29:12.2270275Z] http.request.method: GET http.response.status_code: 200 http.route: api/stores/{storeId}/business-hours network.protocol.version: 1.1 url.scheme: http
Value: Sum: 0.0792573 Count: 1 Min: 0.0792573 Max: 0.0792573 
(-Infinity,0,005]:0
(0,005,0,01]:0
(0,01,0,025]:0
(0,025,0,05]:0
(0,05,0,075]:0
(0,075,0,1]:1
(0,1,0,25]:0
(0,25,0,5]:0
(0,5,0,75]:0
(0,75,1]:0
(1,2,5]:0
(2,5,5]:0
(5,7,5]:0
(7,5,10]:0
(10,+Infinity]:0
(2026-06-08T01:29:10.0733380Z, 2026-06-08T01:29:12.2270275Z] http.request.method: POST http.response.status_code: 200 http.route: api/auth/login/seller network.protocol.version: 1.1 url.scheme: http
Value: Sum: 1.4390823000000001 Count: 8 Min: 0.0466753 Max: 0.383696 
(-Infinity,0,005]:0
(0,005,0,01]:0
(0,01,0,025]:0
(0,025,0,05]:1
(0,05,0,075]:0
(0,075,0,1]:0
(0,1,0,25]:6
(0,25,0,5]:1
(0,5,0,75]:0
(0,75,1]:0
(1,2,5]:0
(2,5,5]:0
(5,7,5]:0
(7,5,10]:0
(10,+Infinity]:0
(2026-06-08T01:29:10.0733380Z, 2026-06-08T01:29:12.2270275Z] http.request.method: PUT http.response.status_code: 200 http.route: api/stores/{storeId}/categories/{categoryId} network.protocol.version: 1.1 url.scheme: http
Value: Sum: 0.183621 Count: 1 Min: 0.183621 Max: 0.183621 
(-Infinity,0,005]:0
(0,005,0,01]:0
(0,01,0,025]:0
(0,025,0,05]:0
(0,05,0,075]:0
(0,075,0,1]:0
(0,1,0,25]:1
(0,25,0,5]:0
(0,5,0,75]:0
(0,75,1]:0
(1,2,5]:0
(2,5,5]:0
(5,7,5]:0
(7,5,10]:0
(10,+Infinity]:0
(2026-06-08T01:29:10.0733380Z, 2026-06-08T01:29:12.2270275Z] http.request.method: POST http.response.status_code: 400 http.route: api/orders network.protocol.version: 1.1 url.scheme: http
Value: Sum: 0.2664046 Count: 3 Min: 0.0016659 Max: 0.1575988 
(-Infinity,0,005]:1
(0,005,0,01]:0
(0,01,0,025]:0
(0,025,0,05]:0
(0,05,0,075]:0
(0,075,0,1]:0
(0,1,0,25]:2
(0,25,0,5]:0
(0,5,0,75]:0
(0,75,1]:0
(1,2,5]:0
(2,5,5]:0
(5,7,5]:0
(7,5,10]:0
(10,+Infinity]:0
[22:29:12 INF] Executing action method Urbeat.WebApi.Controllers.StoreCategoriesController.Create (Urbeat.WebApi) - Validation state: Valid
(2026-06-08T01:29:10.0733380Z, 2026-06-08T01:29:12.2270275Z] http.request.method: GET http.response.status_code: 404 http.route: api/public/stores/{storeId} network.protocol.version: 1.1 url.scheme: http
Value: Sum: 0.1438145 Count: 1 Min: 0.1438145 Max: 0.1438145 
(-Infinity,0,005]:0
(0,005,0,01]:0
(0,01,0,025]:0
(0,025,0,05]:0
(0,05,0,075]:0
(0,075,0,1]:0
(0,1,0,25]:1
(0,25,0,5]:0
(0,5,0,75]:0
(0,75,1]:0
(1,2,5]:0
(2,5,5]:0
(5,7,5]:0
(7,5,10]:0
(10,+Infinity]:0
(2026-06-08T01:29:10.0733380Z, 2026-06-08T01:29:12.2270275Z] http.request.method: GET http.response.status_code: 200 http.route: api/stores/{storeId}/categories network.protocol.version: 1.1 url.scheme: http
Value: Sum: 0.3157235 Count: 3 Min: 0.0388313 Max: 0.1700696 
(-Infinity,0,005]:0
(0,005,0,01]:0
(0,01,0,025]:0
(0,025,0,05]:1
(0,05,0,075]:0
(0,075,0,1]:0
(0,1,0,25]:2
(0,25,0,5]:0
(0,5,0,75]:0
(0,75,1]:0
(1,2,5]:0
(2,5,5]:0
(5,7,5]:0
(7,5,10]:0
(10,+Infinity]:0
(2026-06-08T01:29:10.0733380Z, 2026-06-08T01:29:12.2270275Z] http.request.method: POST http.response.status_code: 400 http.route: api/checkout/preview network.protocol.version: 1.1 url.scheme: http
Value: Sum: 0.29317309999999996 Count: 2 Min: 0.1399817 Max: 0.1531914 
(-Infinity,0,005]:0
(0,005,0,01]:0
(0,01,0,025]:0
(0,025,0,05]:0
(0,05,0,075]:0
(0,075,0,1]:0
(0,1,0,25]:2
(0,25,0,5]:0
(0,5,0,75]:0
(0,75,1]:0
(1,2,5]:0
(2,5,5]:0
(5,7,5]:0
(7,5,10]:0
(10,+Infinity]:0
(2026-06-08T01:29:10.0733380Z, 2026-06-08T01:29:12.2270275Z] http.request.method: POST http.response.status_code: 400 http.route: api/stores/{storeId}/products network.protocol.version: 1.1 url.scheme: http
Value: Sum: 0.2368922 Count: 1 Min: 0.2368922 Max: 0.2368922 
(-Infinity,0,005]:0
(0,005,0,01]:0
(0,01,0,025]:0
(0,025,0,05]:0
(0,05,0,075]:0
(0,075,0,1]:0
(0,1,0,25]:1
(0,25,0,5]:0
(0,5,0,75]:0
(0,75,1]:0
(1,2,5]:0
(2,5,5]:0
(5,7,5]:0
(7,5,10]:0
(10,+Infinity]:0
(2026-06-08T01:29:10.0733380Z, 2026-06-08T01:29:12.2270275Z] http.request.method: PATCH http.response.status_code: 409 http.route: api/stores/{storeId}/status network.protocol.version: 1.1 url.scheme: http
Value: Sum: 0.1856852 Count: 1 Min: 0.1856852 Max: 0.1856852 
(-Infinity,0,005]:0
(0,005,0,01]:0
(0,01,0,025]:0
(0,025,0,05]:0
(0,05,0,075]:0
(0,075,0,1]:0
(0,1,0,25]:1
(0,25,0,5]:0
(0,5,0,75]:0
(0,75,1]:0
(1,2,5]:0
(2,5,5]:0
(5,7,5]:0
(7,5,10]:0
(10,+Infinity]:0
(2026-06-08T01:29:10.0733380Z, 2026-06-08T01:29:12.2270275Z] http.request.method: POST http.response.status_code: 200 http.route: api/auth/login/admin network.protocol.version: 1.1 url.scheme: http
Value: Sum: 0.132935 Count: 1 Min: 0.132935 Max: 0.132935 
(-Infinity,0,005]:0
(0,005,0,01]:0
(0,01,0,025]:0
(0,025,0,05]:0
(0,05,0,075]:0
(0,075,0,1]:0
(0,1,0,25]:1
(0,25,0,5]:0
(0,5,0,75]:0
(0,75,1]:0
(1,2,5]:0
(2,5,5]:0
(5,7,5]:0
(7,5,10]:0
(10,+Infinity]:0
(2026-06-08T01:29:10.0733380Z, 2026-06-08T01:29:12.2270275Z] http.request.method: POST http.response.status_code: 201 http.route: api/admin/plans network.protocol.version: 1.1 url.scheme: http
Value: Sum: 0.0761778 Count: 1 Min: 0.0761778 Max: 0.0761778 
(-Infinity,0,005]:0
(0,005,0,01]:0
(0,01,0,025]:0
(0,025,0,05]:0
(0,05,0,075]:0
(0,075,0,1]:1
(0,1,0,25]:0
(0,25,0,5]:0
(0,5,0,75]:0
(0,75,1]:0
(1,2,5]:0
(2,5,5]:0
(5,7,5]:0
(7,5,10]:0
(10,+Infinity]:0
(2026-06-08T01:29:10.0733380Z, 2026-06-08T01:29:12.2270275Z] http.request.method: POST http.response.status_code: 400 http.route: api/subscriptions/contract network.protocol.version: 1.1 url.scheme: http
Value: Sum: 0.2019646 Count: 1 Min: 0.2019646 Max: 0.2019646 
(-Infinity,0,005]:0
(0,005,0,01]:0
(0,01,0,025]:0
(0,025,0,05]:0
(0,05,0,075]:0
(0,075,0,1]:0
(0,1,0,25]:1
(0,25,0,5]:0
(0,5,0,75]:0
(0,75,1]:0
(1,2,5]:0
(2,5,5]:0
(5,7,5]:0
(7,5,10]:0
(10,+Infinity]:0
(2026-06-08T01:29:10.0733380Z, 2026-06-08T01:29:12.2270275Z] http.request.method: POST http.response.status_code: 201 http.route: api/stores/{storeId}/products network.protocol.version: 1.1 url.scheme: http
Value: Sum: 0.2237816 Count: 1 Min: 0.2237816 Max: 0.2237816 
(-Infinity,0,005]:0
(0,005,0,01]:0
(0,01,0,025]:0
(0,025,0,05]:0
(0,05,0,075]:0
(0,075,0,1]:0
(0,1,0,25]:1
(0,25,0,5]:0
(0,5,0,75]:0
(0,75,1]:0
(1,2,5]:0
(2,5,5]:0
(5,7,5]:0
(7,5,10]:0
(10,+Infinity]:0
(2026-06-08T01:29:10.0733380Z, 2026-06-08T01:29:12.2270275Z] http.request.method: PUT http.response.status_code: 200 http.route: api/stores/{storeId}/address network.protocol.version: 1.1 url.scheme: http
Value: Sum: 0.2955106 Count: 1 Min: 0.2955106 Max: 0.2955106 
(-Infinity,0,005]:0
(0,005,0,01]:0
(0,01,0,025]:0
(0,025,0,05]:0
(0,05,0,075]:0
(0,075,0,1]:0
(0,1,0,25]:0
(0,25,0,5]:1
(0,5,0,75]:0
(0,75,1]:0
(1,2,5]:0
(2,5,5]:0
(5,7,5]:0
(7,5,10]:0
(10,+Infinity]:0
(2026-06-08T01:29:10.0733380Z, 2026-06-08T01:29:12.2270275Z] http.request.method: PUT http.response.status_code: 200 http.route: api/stores/{storeId}/products/{productId} network.protocol.version: 1.1 url.scheme: http
Value: Sum: 0.2087002 Count: 1 Min: 0.2087002 Max: 0.2087002 
(-Infinity,0,005]:0
(0,005,0,01]:0
(0,01,0,025]:0
(0,025,0,05]:0
(0,05,0,075]:0
(0,075,0,1]:0
(0,1,0,25]:1
(0,25,0,5]:0
(0,5,0,75]:0
(0,75,1]:0
(1,2,5]:0
(2,5,5]:0
(5,7,5]:0
(7,5,10]:0
(10,+Infinity]:0
(2026-06-08T01:29:10.0733380Z, 2026-06-08T01:29:12.2270275Z] http.request.method: GET http.response.status_code: 200 http.route: api/public/stores/{storeId} network.protocol.version: 1.1 url.scheme: http
Value: Sum: 0.0224112 Count: 1 Min: 0.0224112 Max: 0.0224112 
(-Infinity,0,005]:0
(0,005,0,01]:0
(0,01,0,025]:1
(0,025,0,05]:0
(0,05,0,075]:0
(0,075,0,1]:0
(0,1,0,25]:0
(0,25,0,5]:0
(0,5,0,75]:0
(0,75,1]:0
(1,2,5]:0
(2,5,5]:0
(5,7,5]:0
(7,5,10]:0
(10,+Infinity]:0
Metric Name: dotnet.gc.collections, Description: The number of garbage collections that have occurred since the process has started., Unit: {collection}, Metric Type: LongSum
Instrumentation scope (Meter):
	Name: System.Runtime
(2026-06-08T01:29:10.0734374Z, 2026-06-08T01:29:12.2270289Z] gc.heap.generation: gen2
Value: 6
(2026-06-08T01:29:10.0734374Z, 2026-06-08T01:29:12.2270289Z] gc.heap.generation: gen1
Value: 16
(2026-06-08T01:29:10.0734374Z, 2026-06-08T01:29:12.2270289Z] gc.heap.generation: gen0
Value: 45
Metric Name: dotnet.process.memory.working_set, Description: The number of bytes of physical memory mapped to the process context., Unit: By, Metric Type: LongSumNonMonotonic
Instrumentation scope (Meter):
	Name: System.Runtime
(2026-06-08T01:29:10.0734992Z, 2026-06-08T01:29:12.2270292Z]  
Value: 340439040
Metric Name: dotnet.gc.heap.total_allocated, Description: The approximate number of bytes allocated on the managed GC heap since the process has started. The returned value does not include any native allocations., Unit: By, Metric Type: LongSum
Instrumentation scope (Meter):
	Name: System.Runtime
(2026-06-08T01:29:10.0735513Z, 2026-06-08T01:29:12.2270295Z]  
Value: 495981840
Metric Name: dotnet.gc.last_collection.memory.committed_size, Description: The amount of committed virtual memory in use by the .NET GC, as observed during the latest garbage collection., Unit: By, Metric Type: LongSumNonMonotonic
Instrumentation scope (Meter):
	Name: System.Runtime
(2026-06-08T01:29:10.0736180Z, 2026-06-08T01:29:12.2270297Z]  
Value: 199233536
Metric Name: dotnet.gc.last_collection.heap.size, Description: The managed GC heap size (including fragmentation), as observed during the latest garbage collection., Unit: By, Metric Type: LongSumNonMonotonic
Instrumentation scope (Meter):
	Name: System.Runtime
(2026-06-08T01:29:10.0736671Z, 2026-06-08T01:29:12.2270302Z] gc.heap.generation: gen0
Value: 1449456
(2026-06-08T01:29:10.0736671Z, 2026-06-08T01:29:12.2270302Z] gc.heap.generation: gen1
Value: 2926992
(2026-06-08T01:29:10.0736671Z, 2026-06-08T01:29:12.2270302Z] gc.heap.generation: gen2
Value: 77985312
(2026-06-08T01:29:10.0736671Z, 2026-06-08T01:29:12.2270302Z] gc.heap.generation: loh
Value: 104632760
(2026-06-08T01:29:10.0736671Z, 2026-06-08T01:29:12.2270302Z] gc.heap.generation: poh
Value: 123736
Metric Name: dotnet.gc.last_collection.heap.fragmentation.size, Description: The heap fragmentation, as observed during the latest garbage collection., Unit: By, Metric Type: LongSumNonMonotonic
Instrumentation scope (Meter):
	Name: System.Runtime
(2026-06-08T01:29:10.0737255Z, 2026-06-08T01:29:12.2270305Z] gc.heap.generation: gen0
Value: 1416464
(2026-06-08T01:29:10.0737255Z, 2026-06-08T01:29:12.2270305Z] gc.heap.generation: gen1
Value: 48648
(2026-06-08T01:29:10.0737255Z, 2026-06-08T01:29:12.2270305Z] gc.heap.generation: gen2
Value: 3071344
(2026-06-08T01:29:10.0737255Z, 2026-06-08T01:29:12.2270305Z] gc.heap.generation: loh
Value: 731944
(2026-06-08T01:29:10.0737255Z, 2026-06-08T01:29:12.2270305Z] gc.heap.generation: poh
Value: 0
Metric Name: dotnet.gc.pause.time, Description: The total amount of time paused in GC since the process has started., Unit: s, Metric Type: DoubleSum
Instrumentation scope (Meter):
	Name: System.Runtime
(2026-06-08T01:29:10.0737815Z, 2026-06-08T01:29:12.2270312Z]  
Value: 0.63666
Metric Name: dotnet.jit.compiled_il.size, Description: Count of bytes of intermediate language that have been compiled since the process has started., Unit: By, Metric Type: LongSum
Instrumentation scope (Meter):
	Name: System.Runtime
(2026-06-08T01:29:10.0738299Z, 2026-06-08T01:29:12.2270316Z]  
Value: 2228992
Metric Name: dotnet.jit.compiled_methods, Description: The number of times the JIT compiler (re)compiled methods since the process has started., Unit: {method}, Metric Type: LongSum
Instrumentation scope (Meter):
	Name: System.Runtime
(2026-06-08T01:29:10.0738805Z, 2026-06-08T01:29:12.2270319Z]  
Value: 33587
Metric Name: dotnet.jit.compilation.time, Description: The number of times the JIT compiler (re)compiled methods since the process has started., Unit: s, Metric Type: DoubleSum
Instrumentation scope (Meter):
	Name: System.Runtime
(2026-06-08T01:29:10.0826933Z, 2026-06-08T01:29:12.2270322Z]  
Value: 5.5714181
Metric Name: dotnet.monitor.lock_contentions, Description: The number of times there was contention when trying to acquire a monitor lock since the process has started., Unit: {contention}, Metric Type: LongSum
Instrumentation scope (Meter):
	Name: System.Runtime
(2026-06-08T01:29:10.0827439Z, 2026-06-08T01:29:12.2270324Z]  
Value: 4967
Metric Name: dotnet.thread_pool.thread.count, Description: The number of thread pool threads that currently exist., Unit: {thread}, Metric Type: LongSum
Instrumentation scope (Meter):
	Name: System.Runtime
(2026-06-08T01:29:10.0827964Z, 2026-06-08T01:29:12.2270326Z]  
Value: 36
Metric Name: dotnet.thread_pool.work_item.count, Description: The number of work items that the thread pool has completed since the process has started., Unit: {work_item}, Metric Type: LongSum
Instrumentation scope (Meter):
	Name: System.Runtime
(2026-06-08T01:29:10.0828486Z, 2026-06-08T01:29:12.2270329Z]  
Value: 1662
Metric Name: dotnet.thread_pool.queue.length, Description: The number of work items that are currently queued to be processed by the thread pool., Unit: {work_item}, Metric Type: LongSum
Instrumentation scope (Meter):
	Name: System.Runtime
(2026-06-08T01:29:10.0829043Z, 2026-06-08T01:29:12.2270331Z]  
Value: 20
Metric Name: dotnet.timer.count, Description: The number of timer instances that are currently active. An active timer is registered to tick at some point in the future and has not yet been canceled., Unit: {timer}, Metric Type: LongSumNonMonotonic
Instrumentation scope (Meter):
	Name: System.Runtime
(2026-06-08T01:29:10.0829672Z, 2026-06-08T01:29:12.2270334Z]  
Value: 31
Metric Name: dotnet.assembly.count, Description: The number of .NET assemblies that are currently loaded., Unit: {assembly}, Metric Type: LongSumNonMonotonic
Instrumentation scope (Meter):
	Name: System.Runtime
(2026-06-08T01:29:10.0830225Z, 2026-06-08T01:29:12.2270336Z]  
Value: 266
Metric Name: dotnet.exceptions, Description: The number of exceptions that have been thrown in managed code., Unit: {exception}, Metric Type: LongSum
Instrumentation scope (Meter):
	Name: System.Runtime
(2026-06-08T01:29:10.0830679Z, 2026-06-08T01:29:12.2270342Z] error.type: RuntimeBinderException
Value: 2
(2026-06-08T01:29:10.0830679Z, 2026-06-08T01:29:12.2270342Z] error.type: ObjectDisposedException
Value: 25
(2026-06-08T01:29:10.0830679Z, 2026-06-08T01:29:12.2270342Z] error.type: OperationCanceledException
Value: 49
(2026-06-08T01:29:10.0830679Z, 2026-06-08T01:29:12.2270342Z] error.type: XunitException
Value: 25
(2026-06-08T01:29:10.0830679Z, 2026-06-08T01:29:12.2270342Z] error.type: InvalidOperationException
Value: 5
(2026-06-08T01:29:10.0830679Z, 2026-06-08T01:29:12.2270342Z] error.type: SocketException
Value: 15
(2026-06-08T01:29:10.0830679Z, 2026-06-08T01:29:12.2270342Z] error.type: NpgsqlException
Value: 24
Metric Name: dotnet.process.cpu.count, Description: The number of processors available to the process., Unit: {cpu}, Metric Type: LongSumNonMonotonic
Instrumentation scope (Meter):
	Name: System.Runtime
(2026-06-08T01:29:10.0831135Z, 2026-06-08T01:29:12.2270345Z]  
Value: 12
Metric Name: dotnet.process.cpu.time, Description: CPU time used by the process., Unit: s, Metric Type: DoubleSum
Instrumentation scope (Meter):
	Name: System.Runtime
(2026-06-08T01:29:10.0831620Z, 2026-06-08T01:29:12.2270348Z] cpu.mode: user
Value: 18.40625
(2026-06-08T01:29:10.0831620Z, 2026-06-08T01:29:12.2270348Z] cpu.mode: system
Value: 3.15625
Metric Name: dns.lookup.duration, Description: Measures the time taken to perform a DNS lookup., Unit: s, Metric Type: Histogram
Instrumentation scope (Meter):
	Name: System.Net.NameResolution
(2026-06-08T01:29:10.0832159Z, 2026-06-08T01:29:12.2270359Z] dns.question.name: localhost
Value: Sum: 0.0047478 Count: 7 Min: 0.0004438 Max: 0.0011086 
(-Infinity,0,005]:7
(0,005,0,01]:0
(0,01,0,025]:0
(0,025,0,05]:0
(0,05,0,075]:0
(0,075,0,1]:0
(0,1,0,25]:0
(0,25,0,5]:0
(0,5,0,75]:0
(0,75,1]:0
(1,2,5]:0
(2,5,5]:0
(5,7,5]:0
(7,5,10]:0
(10,+Infinity]:0
Metric Name: aspnetcore.routing.match_attempts, Description: Number of requests that were attempted to be matched to an endpoint., Unit: {match_attempt}, Metric Type: LongSum
Instrumentation scope (Meter):
	Name: Microsoft.AspNetCore.Routing
(2026-06-08T01:29:10.0832686Z, 2026-06-08T01:29:12.2270371Z] aspnetcore.routing.is_fallback: false aspnetcore.routing.match_status: success http.route: api/stores
Value: 9
(2026-06-08T01:29:10.0832686Z, 2026-06-08T01:29:12.2270371Z] aspnetcore.routing.is_fallback: false aspnetcore.routing.match_status: success http.route: api/auth/register/customer
Value: 5
(2026-06-08T01:29:10.0832686Z, 2026-06-08T01:29:12.2270371Z] aspnetcore.routing.is_fallback: false aspnetcore.routing.match_status: success http.route: api/stores/{storeId}/status
Value: 4
(2026-06-08T01:29:10.0832686Z, 2026-06-08T01:29:12.2270371Z] aspnetcore.routing.is_fallback: false aspnetcore.routing.match_status: success http.route: api/customer/addresses
Value: 6
(2026-06-08T01:29:10.0832686Z, 2026-06-08T01:29:12.2270371Z] aspnetcore.routing.is_fallback: false aspnetcore.routing.match_status: success http.route: api/stores/{storeId}/categories
Value: 8
(2026-06-08T01:29:10.0832686Z, 2026-06-08T01:29:12.2270371Z] aspnetcore.routing.is_fallback: false aspnetcore.routing.match_status: success http.route: api/stores/{storeId}/delivery-config
Value: 3
(2026-06-08T01:29:10.0832686Z, 2026-06-08T01:29:12.2270371Z] aspnetcore.routing.is_fallback: false aspnetcore.routing.match_status: success http.route: api/auth/register/seller
Value: 8
(2026-06-08T01:29:10.0832686Z, 2026-06-08T01:29:12.2270371Z] aspnetcore.routing.is_fallback: false aspnetcore.routing.match_status: success http.route: api/auth/login/customer
Value: 5
(2026-06-08T01:29:10.0832686Z, 2026-06-08T01:29:12.2270371Z] aspnetcore.routing.is_fallback: false aspnetcore.routing.match_status: success http.route: api/public/stores
Value: 3
(2026-06-08T01:29:10.0832686Z, 2026-06-08T01:29:12.2270371Z] aspnetcore.routing.is_fallback: false aspnetcore.routing.match_status: success http.route: api/stores/{storeId}/categories/{categoryId}
Value: 1
(2026-06-08T01:29:10.0832686Z, 2026-06-08T01:29:12.2270371Z] aspnetcore.routing.is_fallback: false aspnetcore.routing.match_status: success http.route: api/stores/{storeId}/business-hours
Value: 2
(2026-06-08T01:29:10.0832686Z, 2026-06-08T01:29:12.2270371Z] aspnetcore.routing.is_fallback: false aspnetcore.routing.match_status: success http.route: api/auth/login/seller
Value: 8
(2026-06-08T01:29:10.0832686Z, 2026-06-08T01:29:12.2270371Z] aspnetcore.routing.is_fallback: false aspnetcore.routing.match_status: success http.route: api/orders
Value: 3
(2026-06-08T01:29:10.0832686Z, 2026-06-08T01:29:12.2270371Z] aspnetcore.routing.is_fallback: false aspnetcore.routing.match_status: success http.route: api/stores/{storeId}/products
Value: 2
[22:29:12 INF] Executed action method Urbeat.WebApi.Controllers.StoreCategoriesController.Create (Urbeat.WebApi), returned result Microsoft.AspNetCore.Mvc.BadRequestObjectResult in 0.5613ms.
(2026-06-08T01:29:10.0832686Z, 2026-06-08T01:29:12.2270371Z] aspnetcore.routing.is_fallback: false aspnetcore.routing.match_status: success http.route: api/public/stores/{storeId}
Value: 2
(2026-06-08T01:29:10.0832686Z, 2026-06-08T01:29:12.2270371Z] aspnetcore.routing.is_fallback: false aspnetcore.routing.match_status: success http.route: api/checkout/preview
Value: 2
(2026-06-08T01:29:10.0832686Z, 2026-06-08T01:29:12.2270371Z] aspnetcore.routing.is_fallback: false aspnetcore.routing.match_status: success http.route: api/auth/login/admin
Value: 1
(2026-06-08T01:29:10.0832686Z, 2026-06-08T01:29:12.2270371Z] aspnetcore.routing.is_fallback: false aspnetcore.routing.match_status: success http.route: api/admin/plans
Value: 1
(2026-06-08T01:29:10.0832686Z, 2026-06-08T01:29:12.2270371Z] aspnetcore.routing.is_fallback: false aspnetcore.routing.match_status: success http.route: api/subscriptions/contract
Value: 1
(2026-06-08T01:29:10.0832686Z, 2026-06-08T01:29:12.2270371Z] aspnetcore.routing.is_fallback: false aspnetcore.routing.match_status: success http.route: api/stores/{storeId}/address
Value: 1
(2026-06-08T01:29:10.0832686Z, 2026-06-08T01:29:12.2270371Z] aspnetcore.routing.is_fallback: false aspnetcore.routing.match_status: success http.route: api/stores/{storeId}/products/{productId}
Value: 1
Metric Name: http.server.active_requests, Description: Number of active HTTP server requests., Unit: {request}, Metric Type: LongSumNonMonotonic
Instrumentation scope (Meter):
	Name: Microsoft.AspNetCore.Hosting
(2026-06-08T01:29:10.7045986Z, 2026-06-08T01:29:12.2270403Z] http.request.method: POST url.scheme: http
Value: 0
(2026-06-08T01:29:10.7045986Z, 2026-06-08T01:29:12.2270403Z] http.request.method: GET url.scheme: http
Value: 0
Metric Name: http.server.request.duration, Description: Duration of HTTP server requests., Unit: s, Metric Type: Histogram
Instrumentation scope (Meter):
	Name: Microsoft.AspNetCore.Hosting
(2026-06-08T01:29:10.7047011Z, 2026-06-08T01:29:12.2270471Z] http.request.method: POST http.response.status_code: 201 http.route: api/auth/register/customer network.protocol.version: 1.1 url.scheme: http
Value: Sum: 0.318911 Count: 2 Min: 0.0503329 Max: 0.2685781 
(-Infinity,0,005]:0
(0,005,0,01]:0
(0,01,0,025]:0
(0,025,0,05]:0
(0,05,0,075]:1
(0,075,0,1]:0
(0,1,0,25]:0
(0,25,0,5]:1
(0,5,0,75]:0
(0,75,1]:0
(1,2,5]:0
(2,5,5]:0
(5,7,5]:0
(7,5,10]:0
(10,+Infinity]:0
(2026-06-08T01:29:10.7047011Z, 2026-06-08T01:29:12.2270471Z] http.request.method: POST http.response.status_code: 200 http.route: api/auth/login/customer network.protocol.version: 1.1 url.scheme: http
Value: Sum: 0.1443419 Count: 1 Min: 0.1443419 Max: 0.1443419 
(-Infinity,0,005]:0
(0,005,0,01]:0
(0,01,0,025]:0
(0,025,0,05]:0
(0,05,0,075]:0
(0,075,0,1]:0
(0,1,0,25]:1
(0,25,0,5]:0
(0,5,0,75]:0
(0,75,1]:0
(1,2,5]:0
(2,5,5]:0
(5,7,5]:0
(7,5,10]:0
(10,+Infinity]:0
(2026-06-08T01:29:10.7047011Z, 2026-06-08T01:29:12.2270471Z] http.request.method: GET http.response.status_code: 200 http.route: api/public/stores/{storeId}/catalog/categories network.protocol.version: 1.1 url.scheme: http
Value: Sum: 0.0688572 Count: 1 Min: 0.0688572 Max: 0.0688572 
(-Infinity,0,005]:0
(0,005,0,01]:0
(0,01,0,025]:0
(0,025,0,05]:0
(0,05,0,075]:1
(0,075,0,1]:0
(0,1,0,25]:0
(0,25,0,5]:0
(0,5,0,75]:0
(0,75,1]:0
(1,2,5]:0
(2,5,5]:0
(5,7,5]:0
(7,5,10]:0
(10,+Infinity]:0
(2026-06-08T01:29:10.7047011Z, 2026-06-08T01:29:12.2270471Z] http.request.method: POST http.response.status_code: 200 http.route: api/auth/refresh network.protocol.version: 1.1 url.scheme: http
Value: Sum: 0.1089914 Count: 1 Min: 0.1089914 Max: 0.1089914 
(-Infinity,0,005]:0
(0,005,0,01]:0
(0,01,0,025]:0
(0,025,0,05]:0
(0,05,0,075]:0
(0,075,0,1]:0
(0,1,0,25]:1
(0,25,0,5]:0
(0,5,0,75]:0
(0,75,1]:0
(1,2,5]:0
(2,5,5]:0
(5,7,5]:0
(7,5,10]:0
(10,+Infinity]:0
(2026-06-08T01:29:10.7047011Z, 2026-06-08T01:29:12.2270471Z] http.request.method: POST http.response.status_code: 201 http.route: api/auth/register/seller network.protocol.version: 1.1 url.scheme: http
Value: Sum: 0.4545357 Count: 3 Min: 0.0799565 Max: 0.2210353 
(-Infinity,0,005]:0
(0,005,0,01]:0
(0,01,0,025]:0
(0,025,0,05]:0
(0,05,0,075]:0
(0,075,0,1]:1
(0,1,0,25]:2
(0,25,0,5]:0
(0,5,0,75]:0
(0,75,1]:0
(1,2,5]:0
(2,5,5]:0
(5,7,5]:0
(7,5,10]:0
(10,+Infinity]:0
(2026-06-08T01:29:10.7047011Z, 2026-06-08T01:29:12.2270471Z] http.request.method: POST http.response.status_code: 200 http.route: api/auth/login/seller network.protocol.version: 1.1 url.scheme: http
Value: Sum: 0.2319791 Count: 2 Min: 0.0512623 Max: 0.1807168 
(-Infinity,0,005]:0
(0,005,0,01]:0
(0,01,0,025]:0
(0,025,0,05]:0
(0,05,0,075]:1
(0,075,0,1]:0
(0,1,0,25]:1
(0,25,0,5]:0
(0,5,0,75]:0
(0,75,1]:0
(1,2,5]:0
(2,5,5]:0
(5,7,5]:0
(7,5,10]:0
(10,+Infinity]:0
(2026-06-08T01:29:10.7047011Z, 2026-06-08T01:29:12.2270471Z] http.request.method: POST http.response.status_code: 200 http.route: api/auth/login/admin network.protocol.version: 1.1 url.scheme: http
Value: Sum: 0.2690333 Count: 1 Min: 0.2690333 Max: 0.2690333 
(-Infinity,0,005]:0
(0,005,0,01]:0
(0,01,0,025]:0
(0,025,0,05]:0
(0,05,0,075]:0
(0,075,0,1]:0
(0,1,0,25]:0
(0,25,0,5]:1
(0,5,0,75]:0
(0,75,1]:0
(1,2,5]:0
(2,5,5]:0
(5,7,5]:0
(7,5,10]:0
(10,+Infinity]:0
(2026-06-08T01:29:10.7047011Z, 2026-06-08T01:29:12.2270471Z] http.request.method: POST http.response.status_code: 201 http.route: api/LandingPageContent network.protocol.version: 1.1 url.scheme: http
Value: Sum: 0.0316529 Count: 2 Min: 0.0029564 Max: 0.0286965 
(-Infinity,0,005]:1
(0,005,0,01]:0
(0,01,0,025]:0
(0,025,0,05]:1
(0,05,0,075]:0
(0,075,0,1]:0
(0,1,0,25]:0
(0,25,0,5]:0
(0,5,0,75]:0
(0,75,1]:0
(1,2,5]:0
(2,5,5]:0
(5,7,5]:0
(7,5,10]:0
(10,+Infinity]:0
(2026-06-08T01:29:10.7047011Z, 2026-06-08T01:29:12.2270471Z] http.request.method: POST http.response.status_code: 201 http.route: api/stores network.protocol.version: 1.1 url.scheme: http
Value: Sum: 0.0103799 Count: 1 Min: 0.0103799 Max: 0.0103799 
(-Infinity,0,005]:0
(0,005,0,01]:0
(0,01,0,025]:1
(0,025,0,05]:0
(0,05,0,075]:0
(0,075,0,1]:0
(0,1,0,25]:0
(0,25,0,5]:0
(0,5,0,75]:0
(0,75,1]:0
(1,2,5]:0
(2,5,5]:0
(5,7,5]:0
(7,5,10]:0
(10,+Infinity]:0
(2026-06-08T01:29:10.7047011Z, 2026-06-08T01:29:12.2270471Z] http.request.method: GET http.response.status_code: 403 http.route: api/customer/home network.protocol.version: 1.1 url.scheme: http
Value: Sum: 0.0007044 Count: 1 Min: 0.0007044 Max: 0.0007044 
(-Infinity,0,005]:1
(0,005,0,01]:0
(0,01,0,025]:0
(0,025,0,05]:0
(0,05,0,075]:0
(0,075,0,1]:0
(0,1,0,25]:0
(0,25,0,5]:0
(0,5,0,75]:0
(0,75,1]:0
(1,2,5]:0
(2,5,5]:0
(5,7,5]:0
(7,5,10]:0
(10,+Infinity]:0
[22:29:12 INF] Executing BadRequestObjectResult, writing value of type 'Microsoft.AspNetCore.Mvc.ValidationProblemDetails'.
(2026-06-08T01:29:10.7047011Z, 2026-06-08T01:29:12.2270471Z] http.request.method: POST http.response.status_code: 201 http.route: api/stores/{storeId}/categories network.protocol.version: 1.1 url.scheme: http
Value: Sum: 0.0259508 Count: 1 Min: 0.0259508 Max: 0.0259508 
(-Infinity,0,005]:0
(0,005,0,01]:0
(0,01,0,025]:0
(0,025,0,05]:1
(0,05,0,075]:0
(0,075,0,1]:0
(0,1,0,25]:0
(0,25,0,5]:0
(0,5,0,75]:0
(0,75,1]:0
(1,2,5]:0
(2,5,5]:0
(5,7,5]:0
(7,5,10]:0
(10,+Infinity]:0
(2026-06-08T01:29:10.7047011Z, 2026-06-08T01:29:12.2270471Z] http.request.method: GET http.response.status_code: 200 http.route: api/LandingPageContent network.protocol.version: 1.1 url.scheme: http
Value: Sum: 0.0331468 Count: 1 Min: 0.0331468 Max: 0.0331468 
(-Infinity,0,005]:0
(0,005,0,01]:0
(0,01,0,025]:0
(0,025,0,05]:1
(0,05,0,075]:0
(0,075,0,1]:0
(0,1,0,25]:0
(0,25,0,5]:0
(0,5,0,75]:0
(0,75,1]:0
(1,2,5]:0
(2,5,5]:0
(5,7,5]:0
(7,5,10]:0
(10,+Infinity]:0
Metric Name: aspnetcore.routing.match_attempts, Description: Number of requests that were attempted to be matched to an endpoint., Unit: {match_attempt}, Metric Type: LongSum
Instrumentation scope (Meter):
	Name: Microsoft.AspNetCore.Routing
(2026-06-08T01:29:10.7118392Z, 2026-06-08T01:29:12.2270480Z] aspnetcore.routing.is_fallback: false aspnetcore.routing.match_status: success http.route: api/auth/register/customer
Value: 2
(2026-06-08T01:29:10.7118392Z, 2026-06-08T01:29:12.2270480Z] aspnetcore.routing.is_fallback: false aspnetcore.routing.match_status: success http.route: api/auth/login/customer
Value: 1
(2026-06-08T01:29:10.7118392Z, 2026-06-08T01:29:12.2270480Z] aspnetcore.routing.is_fallback: false aspnetcore.routing.match_status: success http.route: api/public/stores/{storeId}/catalog/categories
Value: 1
(2026-06-08T01:29:10.7118392Z, 2026-06-08T01:29:12.2270480Z] aspnetcore.routing.is_fallback: false aspnetcore.routing.match_status: success http.route: api/auth/refresh
Value: 1
(2026-06-08T01:29:10.7118392Z, 2026-06-08T01:29:12.2270480Z] aspnetcore.routing.is_fallback: false aspnetcore.routing.match_status: success http.route: api/auth/register/seller
Value: 3
(2026-06-08T01:29:10.7118392Z, 2026-06-08T01:29:12.2270480Z] aspnetcore.routing.is_fallback: false aspnetcore.routing.match_status: success http.route: api/auth/login/seller
Value: 2
(2026-06-08T01:29:10.7118392Z, 2026-06-08T01:29:12.2270480Z] aspnetcore.routing.is_fallback: false aspnetcore.routing.match_status: success http.route: api/auth/login/admin
Value: 1
(2026-06-08T01:29:10.7118392Z, 2026-06-08T01:29:12.2270480Z] aspnetcore.routing.is_fallback: false aspnetcore.routing.match_status: success http.route: api/LandingPageContent
Value: 3
(2026-06-08T01:29:10.7118392Z, 2026-06-08T01:29:12.2270480Z] aspnetcore.routing.is_fallback: false aspnetcore.routing.match_status: success http.route: api/stores
Value: 1
(2026-06-08T01:29:10.7118392Z, 2026-06-08T01:29:12.2270480Z] aspnetcore.routing.is_fallback: false aspnetcore.routing.match_status: success http.route: api/customer/home
Value: 1
(2026-06-08T01:29:10.7118392Z, 2026-06-08T01:29:12.2270480Z] aspnetcore.routing.is_fallback: false aspnetcore.routing.match_status: success http.route: api/stores/{storeId}/categories
Value: 1
[22:29:12 INF] Executed action Urbeat.WebApi.Controllers.StoreCategoriesController.Create (Urbeat.WebApi) in 48.4416ms
[22:29:12 INF] Executed endpoint 'Urbeat.WebApi.Controllers.StoreCategoriesController.Create (Urbeat.WebApi)'
[22:29:12 INF] Request finished HTTP/1.1 POST http://localhost/api/stores/019ea4d9-1a9e-7da8-94ff-29754ed2ce27/categories - 400 null application/problem+json; charset=utf-8 49.4563ms
Activity.TraceId:            cc5ab6b5f339ecf2b015d606f820e665
Activity.SpanId:             f404cb4a740d4971
Activity.TraceFlags:         Recorded
Activity.DisplayName:        POST api/stores/{storeId}/categories
Activity.Kind:               Server
Activity.StartTime:          2026-06-08T01:29:12.2267173Z
Activity.Duration:           00:00:00.0495382
Activity.Tags:
    server.address: localhost
    http.request.method: POST
    url.scheme: http
    url.path: /api/stores/019ea4d9-1a9e-7da8-94ff-29754ed2ce27/categories
    network.protocol.version: 1.1
    http.route: api/stores/{storeId}/categories
    http.response.status_code: 400
Instrumentation scope (ActivitySource):
    Name: Microsoft.AspNetCore
Resource associated with Activity:
    telemetry.sdk.name: opentelemetry
    telemetry.sdk.language: dotnet
    telemetry.sdk.version: 1.14.0
    service.name: unknown_service:testhost
Activity.TraceId:            cc5ab6b5f339ecf2b015d606f820e665
Activity.SpanId:             f404cb4a740d4971
Activity.TraceFlags:         Recorded
Activity.DisplayName:        POST api/stores/{storeId}/categories
Activity.Kind:               Server
Activity.StartTime:          2026-06-08T01:29:12.2267173Z
Activity.Duration:           00:00:00.0495382
Activity.Tags:
    server.address: localhost
    http.request.method: POST
    url.scheme: http
    url.path: /api/stores/019ea4d9-1a9e-7da8-94ff-29754ed2ce27/categories
    network.protocol.version: 1.1
    http.route: api/stores/{storeId}/categories
    http.response.status_code: 400
Instrumentation scope (ActivitySource):
    Name: Microsoft.AspNetCore
Resource associated with Activity:
    telemetry.sdk.name: opentelemetry
    telemetry.sdk.language: dotnet
    telemetry.sdk.version: 1.14.0
    service.name: unknown_service:testhost
Activity.TraceId:            cc5ab6b5f339ecf2b015d606f820e665
Activity.SpanId:             f404cb4a740d4971
Activity.TraceFlags:         Recorded
Activity.DisplayName:        POST api/stores/{storeId}/categories
Activity.Kind:               Server
Activity.StartTime:          2026-06-08T01:29:12.2267173Z
Activity.Duration:           00:00:00.0495382
Activity.Tags:
    server.address: localhost
    http.request.method: POST
    url.scheme: http
    url.path: /api/stores/019ea4d9-1a9e-7da8-94ff-29754ed2ce27/categories
    network.protocol.version: 1.1
    http.route: api/stores/{storeId}/categories
    http.response.status_code: 400
Instrumentation scope (ActivitySource):
    Name: Microsoft.AspNetCore
Resource associated with Activity:
    telemetry.sdk.name: opentelemetry
    telemetry.sdk.language: dotnet
    telemetry.sdk.version: 1.14.0
    service.name: unknown_service:testhost
Activity.TraceId:            cc5ab6b5f339ecf2b015d606f820e665
Activity.SpanId:             f404cb4a740d4971
Activity.TraceFlags:         Recorded
Activity.DisplayName:        POST api/stores/{storeId}/categories
Activity.Kind:               Server
Activity.StartTime:          2026-06-08T01:29:12.2267173Z
Activity.Duration:           00:00:00.0495382
Activity.Tags:
    server.address: localhost
    http.request.method: POST
    url.scheme: http
    url.path: /api/stores/019ea4d9-1a9e-7da8-94ff-29754ed2ce27/categories
    network.protocol.version: 1.1
    http.route: api/stores/{storeId}/categories
    http.response.status_code: 400
Instrumentation scope (ActivitySource):
    Name: Microsoft.AspNetCore
Resource associated with Activity:
    telemetry.sdk.name: opentelemetry
    telemetry.sdk.language: dotnet
    telemetry.sdk.version: 1.14.0
    service.name: unknown_service:testhost
Activity.TraceId:            cc5ab6b5f339ecf2b015d606f820e665
Activity.SpanId:             f404cb4a740d4971
Activity.TraceFlags:         Recorded
Activity.DisplayName:        POST api/stores/{storeId}/categories
Activity.Kind:               Server
Activity.StartTime:          2026-06-08T01:29:12.2267173Z
Activity.Duration:           00:00:00.0495382
Activity.Tags:
    server.address: localhost
    http.request.method: POST
    url.scheme: http
    url.path: /api/stores/019ea4d9-1a9e-7da8-94ff-29754ed2ce27/categories
    network.protocol.version: 1.1
    http.route: api/stores/{storeId}/categories
    http.response.status_code: 400
Instrumentation scope (ActivitySource):
    Name: Microsoft.AspNetCore
Resource associated with Activity:
    telemetry.sdk.name: opentelemetry
    telemetry.sdk.language: dotnet
    telemetry.sdk.version: 1.14.0
    service.name: unknown_service:testhost
Activity.TraceId:            cc5ab6b5f339ecf2b015d606f820e665
Activity.SpanId:             f404cb4a740d4971
Activity.TraceFlags:         Recorded
Activity.DisplayName:        POST api/stores/{storeId}/categories
Activity.Kind:               Server
Activity.StartTime:          2026-06-08T01:29:12.2267173Z
Activity.Duration:           00:00:00.0495382
Activity.Tags:
    server.address: localhost
    http.request.method: POST
    url.scheme: http
    url.path: /api/stores/019ea4d9-1a9e-7da8-94ff-29754ed2ce27/categories
    network.protocol.version: 1.1
    http.route: api/stores/{storeId}/categories
    http.response.status_code: 400
Instrumentation scope (ActivitySource):
    Name: Microsoft.AspNetCore
Resource associated with Activity:
    telemetry.sdk.name: opentelemetry
    telemetry.sdk.language: dotnet
    telemetry.sdk.version: 1.14.0
    service.name: unknown_service:testhost
Activity.TraceId:            cc5ab6b5f339ecf2b015d606f820e665
Activity.SpanId:             f404cb4a740d4971
Activity.TraceFlags:         Recorded
Activity.DisplayName:        POST api/stores/{storeId}/categories
Activity.Kind:               Server
Activity.StartTime:          2026-06-08T01:29:12.2267173Z
Activity.Duration:           00:00:00.0495382
Activity.Tags:
    server.address: localhost
    http.request.method: POST
    url.scheme: http
    url.path: /api/stores/019ea4d9-1a9e-7da8-94ff-29754ed2ce27/categories
    network.protocol.version: 1.1
    http.route: api/stores/{storeId}/categories
    http.response.status_code: 400
Instrumentation scope (ActivitySource):
    Name: Microsoft.AspNetCore
Resource associated with Activity:
    telemetry.sdk.name: opentelemetry
    telemetry.sdk.language: dotnet
    telemetry.sdk.version: 1.14.0
    service.name: unknown_service:testhost
Activity.TraceId:            cc5ab6b5f339ecf2b015d606f820e665
Activity.SpanId:             f404cb4a740d4971
Activity.TraceFlags:         Recorded
Activity.DisplayName:        POST api/stores/{storeId}/categories
Activity.Kind:               Server
Activity.StartTime:          2026-06-08T01:29:12.2267173Z
Activity.Duration:           00:00:00.0495382
Activity.Tags:
    server.address: localhost
    http.request.method: POST
    url.scheme: http
    url.path: /api/stores/019ea4d9-1a9e-7da8-94ff-29754ed2ce27/categories
    network.protocol.version: 1.1
    http.route: api/stores/{storeId}/categories
    http.response.status_code: 400
Instrumentation scope (ActivitySource):
    Name: Microsoft.AspNetCore
Resource associated with Activity:
    telemetry.sdk.name: opentelemetry
    telemetry.sdk.language: dotnet
    telemetry.sdk.version: 1.14.0
    service.name: unknown_service:testhost
[22:29:12 INF] EMAIL_CONFIRM_JOB_STARTED | Sending confirmation email | UserId=019ea4d9-1a77-73bd-a8e0-5a5da14ec80c
[22:29:12 INF] EMAIL_ALREADY_CONFIRMED | Already confirmed | UserId=019ea4d9-1a77-73bd-a8e0-5a5da14ec80c
[22:29:12 INF] Server fabio-mobile:44964:38b5ff1b caught stopping signal...
[22:29:12 INF] EMAIL_CONFIRM_JOB_COMPLETED | Job completed | UserId=019ea4d9-1a77-73bd-a8e0-5a5da14ec80c
[22:29:12 INF] Request starting HTTP/1.1 POST http://localhost/api/auth/login/seller - application/json; charset=utf-8 null
[22:29:12 INF] Executing endpoint 'Urbeat.WebApi.Controllers.AuthController.LoginSeller (Urbeat.WebApi)'
[22:29:12 INF] Route matched with {action = "LoginSeller", controller = "Auth"}. Executing controller action with signature System.Threading.Tasks.Task`1[Microsoft.AspNetCore.Mvc.IActionResult] LoginSeller(Urbeat.Application.DTOs.LoginRequestDto, System.Threading.CancellationToken) on controller Urbeat.WebApi.Controllers.AuthController (Urbeat.WebApi).
[22:29:12 INF] Executing action method Urbeat.WebApi.Controllers.AuthController.LoginSeller (Urbeat.WebApi) - Validation state: Valid
[22:29:12 INF] Saved 1 entities to in-memory store.
[22:29:12 INF] Saved 1 entities to in-memory store.
[22:29:12 INF] Executed action method Urbeat.WebApi.Controllers.AuthController.LoginSeller (Urbeat.WebApi), returned result Microsoft.AspNetCore.Mvc.OkObjectResult in 45.2761ms.
[22:29:12 INF] Executing OkObjectResult, writing value of type 'Urbeat.Application.DTOs.AuthTokenResponseDto'.
[22:29:12 INF] Executed action Urbeat.WebApi.Controllers.AuthController.LoginSeller (Urbeat.WebApi) in 45.8275ms
[22:29:12 INF] Executed endpoint 'Urbeat.WebApi.Controllers.AuthController.LoginSeller (Urbeat.WebApi)'
[22:29:12 INF] Request finished HTTP/1.1 POST http://localhost/api/auth/login/seller - 200 null application/json; charset=utf-8 46.5088ms
Activity.TraceId:            79db3992eaf37569462ac7394b93db9f
Activity.SpanId:             b234afac9dfc9626
Activity.TraceFlags:         Recorded
Activity.DisplayName:        POST api/auth/login/seller
Activity.Kind:               Server
Activity.StartTime:          2026-06-08T01:29:12.2778407Z
Activity.Duration:           00:00:00.0465969
Activity.Tags:
    server.address: localhost
    http.request.method: POST
    url.scheme: http
    url.path: /api/auth/login/seller
    network.protocol.version: 1.1
    http.route: api/auth/login/seller
    http.response.status_code: 200
Instrumentation scope (ActivitySource):
    Name: Microsoft.AspNetCore
Resource associated with Activity:
    telemetry.sdk.name: opentelemetry
    telemetry.sdk.language: dotnet
    telemetry.sdk.version: 1.14.0
    service.name: unknown_service:testhost
Activity.TraceId:            79db3992eaf37569462ac7394b93db9f
Activity.SpanId:             b234afac9dfc9626
Activity.TraceFlags:         Recorded
Activity.DisplayName:        POST api/auth/login/seller
Activity.Kind:               Server
Activity.StartTime:          2026-06-08T01:29:12.2778407Z
Activity.Duration:           00:00:00.0465969
Activity.Tags:
    server.address: localhost
    http.request.method: POST
    url.scheme: http
    url.path: /api/auth/login/seller
    network.protocol.version: 1.1
    http.route: api/auth/login/seller
    http.response.status_code: 200
Instrumentation scope (ActivitySource):
    Name: Microsoft.AspNetCore
Resource associated with Activity:
    telemetry.sdk.name: opentelemetry
    telemetry.sdk.language: dotnet
    telemetry.sdk.version: 1.14.0
    service.name: unknown_service:testhost
Activity.TraceId:            79db3992eaf37569462ac7394b93db9f
Activity.SpanId:             b234afac9dfc9626
Activity.TraceFlags:         Recorded
Activity.DisplayName:        POST api/auth/login/seller
Activity.Kind:               Server
Activity.StartTime:          2026-06-08T01:29:12.2778407Z
Activity.Duration:           00:00:00.0465969
Activity.Tags:
    server.address: localhost
    http.request.method: POST
    url.scheme: http
    url.path: /api/auth/login/seller
    network.protocol.version: 1.1
    http.route: api/auth/login/seller
    http.response.status_code: 200
Instrumentation scope (ActivitySource):
    Name: Microsoft.AspNetCore
Resource associated with Activity:
    telemetry.sdk.name: opentelemetry
    telemetry.sdk.language: dotnet
    telemetry.sdk.version: 1.14.0
    service.name: unknown_service:testhost
Activity.TraceId:            79db3992eaf37569462ac7394b93db9f
Activity.SpanId:             b234afac9dfc9626
Activity.TraceFlags:         Recorded
Activity.DisplayName:        POST api/auth/login/seller
Activity.Kind:               Server
Activity.StartTime:          2026-06-08T01:29:12.2778407Z
Activity.Duration:           00:00:00.0465969
Activity.Tags:
    server.address: localhost
    http.request.method: POST
    url.scheme: http
    url.path: /api/auth/login/seller
    network.protocol.version: 1.1
    http.route: api/auth/login/seller
    http.response.status_code: 200
Instrumentation scope (ActivitySource):
    Name: Microsoft.AspNetCore
Resource associated with Activity:
    telemetry.sdk.name: opentelemetry
    telemetry.sdk.language: dotnet
    telemetry.sdk.version: 1.14.0
    service.name: unknown_service:testhost
Activity.TraceId:            79db3992eaf37569462ac7394b93db9f
Activity.SpanId:             b234afac9dfc9626
Activity.TraceFlags:         Recorded
Activity.DisplayName:        POST api/auth/login/seller
Activity.Kind:               Server
Activity.StartTime:          2026-06-08T01:29:12.2778407Z
Activity.Duration:           00:00:00.0465969
Activity.Tags:
    server.address: localhost
    http.request.method: POST
    url.scheme: http
    url.path: /api/auth/login/seller
    network.protocol.version: 1.1
    http.route: api/auth/login/seller
    http.response.status_code: 200
Instrumentation scope (ActivitySource):
    Name: Microsoft.AspNetCore
Resource associated with Activity:
    telemetry.sdk.name: opentelemetry
    telemetry.sdk.language: dotnet
    telemetry.sdk.version: 1.14.0
    service.name: unknown_service:testhost
Activity.TraceId:            79db3992eaf37569462ac7394b93db9f
Activity.SpanId:             b234afac9dfc9626
Activity.TraceFlags:         Recorded
Activity.DisplayName:        POST api/auth/login/seller
Activity.Kind:               Server
Activity.StartTime:          2026-06-08T01:29:12.2778407Z
Activity.Duration:           00:00:00.0465969
Activity.Tags:
    server.address: localhost
    http.request.method: POST
    url.scheme: http
    url.path: /api/auth/login/seller
    network.protocol.version: 1.1
    http.route: api/auth/login/seller
    http.response.status_code: 200
Instrumentation scope (ActivitySource):
    Name: Microsoft.AspNetCore
Resource associated with Activity:
    telemetry.sdk.name: opentelemetry
    telemetry.sdk.language: dotnet
    telemetry.sdk.version: 1.14.0
    service.name: unknown_service:testhost
Activity.TraceId:            79db3992eaf37569462ac7394b93db9f
Activity.SpanId:             b234afac9dfc9626
Activity.TraceFlags:         Recorded
Activity.DisplayName:        POST api/auth/login/seller
Activity.Kind:               Server
Activity.StartTime:          2026-06-08T01:29:12.2778407Z
Activity.Duration:           00:00:00.0465969
Activity.Tags:
    server.address: localhost
    http.request.method: POST
    url.scheme: http
    url.path: /api/auth/login/seller
    network.protocol.version: 1.1
    http.route: api/auth/login/seller
    http.response.status_code: 200
Instrumentation scope (ActivitySource):
    Name: Microsoft.AspNetCore
Resource associated with Activity:
    telemetry.sdk.name: opentelemetry
    telemetry.sdk.language: dotnet
    telemetry.sdk.version: 1.14.0
    service.name: unknown_service:testhost
Activity.TraceId:            79db3992eaf37569462ac7394b93db9f
Activity.SpanId:             b234afac9dfc9626
Activity.TraceFlags:         Recorded
Activity.DisplayName:        POST api/auth/login/seller
Activity.Kind:               Server
Activity.StartTime:          2026-06-08T01:29:12.2778407Z
Activity.Duration:           00:00:00.0465969
Activity.Tags:
    server.address: localhost
    http.request.method: POST
    url.scheme: http
    url.path: /api/auth/login/seller
    network.protocol.version: 1.1
    http.route: api/auth/login/seller
    http.response.status_code: 200
Instrumentation scope (ActivitySource):
    Name: Microsoft.AspNetCore
Resource associated with Activity:
    telemetry.sdk.name: opentelemetry
    telemetry.sdk.language: dotnet
    telemetry.sdk.version: 1.14.0
    service.name: unknown_service:testhost
[22:29:12 INF] Server fabio-mobile:44964:38b5ff1b All dispatchers stopped
[22:29:12 INF] Saved 1 entities to in-memory store.
[22:29:12 INF] Saved 1 entities to in-memory store.
[22:29:12 INF] Executing ObjectResult, writing value of type 'Urbeat.Application.DTOs.ProductCategoryResponseDto'.
Activity.TraceId:            3601b7e0216aa75f845199daa99c273e
Activity.SpanId:             a12d68976b57e77a
Activity.TraceFlags:         Recorded
Activity.DisplayName:        POST api/stores/{storeId}/categories
Activity.Kind:               Server
Activity.StartTime:          2026-06-08T01:29:12.3251902Z
Activity.Duration:           00:00:00.0040109
Activity.Tags:
    server.address: localhost
    http.request.method: POST
    url.scheme: http
    url.path: /api/stores/019ea4d9-1a18-72f0-808a-d51d50e9501a/categories
    network.protocol.version: 1.1
    http.route: api/stores/{storeId}/categories
    http.response.status_code: 201
Instrumentation scope (ActivitySource):
    Name: Microsoft.AspNetCore
Resource associated with Activity:
    telemetry.sdk.name: opentelemetry
    telemetry.sdk.language: dotnet
    telemetry.sdk.version: 1.14.0
    service.name: unknown_service:testhost
Activity.TraceId:            3601b7e0216aa75f845199daa99c273e
Activity.SpanId:             a12d68976b57e77a
Activity.TraceFlags:         Recorded
Activity.DisplayName:        POST api/stores/{storeId}/categories
Activity.Kind:               Server
Activity.StartTime:          2026-06-08T01:29:12.3251902Z
Activity.Duration:           00:00:00.0040109
Activity.Tags:
    server.address: localhost
    http.request.method: POST
    url.scheme: http
    url.path: /api/stores/019ea4d9-1a18-72f0-808a-d51d50e9501a/categories
    network.protocol.version: 1.1
    http.route: api/stores/{storeId}/categories
    http.response.status_code: 201
Instrumentation scope (ActivitySource):
    Name: Microsoft.AspNetCore
Resource associated with Activity:
    telemetry.sdk.name: opentelemetry
    telemetry.sdk.language: dotnet
    telemetry.sdk.version: 1.14.0
    service.name: unknown_service:testhost
Activity.TraceId:            3601b7e0216aa75f845199daa99c273e
Activity.SpanId:             a12d68976b57e77a
Activity.TraceFlags:         Recorded
Activity.DisplayName:        POST api/stores/{storeId}/categories
Activity.Kind:               Server
Activity.StartTime:          2026-06-08T01:29:12.3251902Z
Activity.Duration:           00:00:00.0040109
Activity.Tags:
    server.address: localhost
    http.request.method: POST
    url.scheme: http
    url.path: /api/stores/019ea4d9-1a18-72f0-808a-d51d50e9501a/categories
    network.protocol.version: 1.1
    http.route: api/stores/{storeId}/categories
    http.response.status_code: 201
Instrumentation scope (ActivitySource):
    Name: Microsoft.AspNetCore
Resource associated with Activity:
    telemetry.sdk.name: opentelemetry
    telemetry.sdk.language: dotnet
    telemetry.sdk.version: 1.14.0
    service.name: unknown_service:testhost
Activity.TraceId:            3601b7e0216aa75f845199daa99c273e
Activity.SpanId:             a12d68976b57e77a
Activity.TraceFlags:         Recorded
Activity.DisplayName:        POST api/stores/{storeId}/categories
Activity.Kind:               Server
Activity.StartTime:          2026-06-08T01:29:12.3251902Z
Activity.Duration:           00:00:00.0040109
Activity.Tags:
    server.address: localhost
    http.request.method: POST
    url.scheme: http
    url.path: /api/stores/019ea4d9-1a18-72f0-808a-d51d50e9501a/categories
    network.protocol.version: 1.1
    http.route: api/stores/{storeId}/categories
    http.response.status_code: 201
Instrumentation scope (ActivitySource):
    Name: Microsoft.AspNetCore
Resource associated with Activity:
    telemetry.sdk.name: opentelemetry
    telemetry.sdk.language: dotnet
    telemetry.sdk.version: 1.14.0
    service.name: unknown_service:testhost
Activity.TraceId:            3601b7e0216aa75f845199daa99c273e
Activity.SpanId:             a12d68976b57e77a
Activity.TraceFlags:         Recorded
Activity.DisplayName:        POST api/stores/{storeId}/categories
Activity.Kind:               Server
Activity.StartTime:          2026-06-08T01:29:12.3251902Z
Activity.Duration:           00:00:00.0040109
Activity.Tags:
    server.address: localhost
    http.request.method: POST
    url.scheme: http
    url.path: /api/stores/019ea4d9-1a18-72f0-808a-d51d50e9501a/categories
    network.protocol.version: 1.1
    http.route: api/stores/{storeId}/categories
    http.response.status_code: 201
Instrumentation scope (ActivitySource):
    Name: Microsoft.AspNetCore
Resource associated with Activity:
    telemetry.sdk.name: opentelemetry
    telemetry.sdk.language: dotnet
    telemetry.sdk.version: 1.14.0
    service.name: unknown_service:testhost
Activity.TraceId:            3601b7e0216aa75f845199daa99c273e
Activity.SpanId:             a12d68976b57e77a
Activity.TraceFlags:         Recorded
Activity.DisplayName:        POST api/stores/{storeId}/categories
Activity.Kind:               Server
Activity.StartTime:          2026-06-08T01:29:12.3251902Z
Activity.Duration:           00:00:00.0040109
Activity.Tags:
    server.address: localhost
    http.request.method: POST
    url.scheme: http
    url.path: /api/stores/019ea4d9-1a18-72f0-808a-d51d50e9501a/categories
    network.protocol.version: 1.1
    http.route: api/stores/{storeId}/categories
    http.response.status_code: 201
Instrumentation scope (ActivitySource):
    Name: Microsoft.AspNetCore
Resource associated with Activity:
    telemetry.sdk.name: opentelemetry
    telemetry.sdk.language: dotnet
    telemetry.sdk.version: 1.14.0
    service.name: unknown_service:testhost
Activity.TraceId:            3601b7e0216aa75f845199daa99c273e
Activity.SpanId:             a12d68976b57e77a
Activity.TraceFlags:         Recorded
Activity.DisplayName:        POST api/stores/{storeId}/categories
Activity.Kind:               Server
Activity.StartTime:          2026-06-08T01:29:12.3251902Z
Activity.Duration:           00:00:00.0040109
Activity.Tags:
    server.address: localhost
    http.request.method: POST
    url.scheme: http
    url.path: /api/stores/019ea4d9-1a18-72f0-808a-d51d50e9501a/categories
    network.protocol.version: 1.1
    http.route: api/stores/{storeId}/categories
    http.response.status_code: 201
Instrumentation scope (ActivitySource):
    Name: Microsoft.AspNetCore
Resource associated with Activity:
    telemetry.sdk.name: opentelemetry
    telemetry.sdk.language: dotnet
    telemetry.sdk.version: 1.14.0
    service.name: unknown_service:testhost
Activity.TraceId:            3601b7e0216aa75f845199daa99c273e
Activity.SpanId:             a12d68976b57e77a
Activity.TraceFlags:         Recorded
Activity.DisplayName:        POST api/stores/{storeId}/categories
Activity.Kind:               Server
Activity.StartTime:          2026-06-08T01:29:12.3251902Z
Activity.Duration:           00:00:00.0040109
Activity.Tags:
    server.address: localhost
    http.request.method: POST
    url.scheme: http
    url.path: /api/stores/019ea4d9-1a18-72f0-808a-d51d50e9501a/categories
    network.protocol.version: 1.1
    http.route: api/stores/{storeId}/categories
    http.response.status_code: 201
Instrumentation scope (ActivitySource):
    Name: Microsoft.AspNetCore
Resource associated with Activity:
    telemetry.sdk.name: opentelemetry
    telemetry.sdk.language: dotnet
    telemetry.sdk.version: 1.14.0
    service.name: unknown_service:testhost
[22:29:12 INF] Server fabio-mobile:44964:38b5ff1b successfully reported itself as stopped in 0,0282 ms
[22:29:12 INF] Request starting HTTP/1.1 POST http://localhost/api/orders - application/json; charset=utf-8 null
[22:29:12 INF] Server fabio-mobile:44964:38b5ff1b has been stopped in total 52,2432 ms
[22:29:12 INF] Executing endpoint 'Urbeat.WebApi.Controllers.OrdersController.Create (Urbeat.WebApi)'
[22:29:12 INF] Route matched with {action = "Create", controller = "Orders"}. Executing controller action with signature System.Threading.Tasks.Task`1[Microsoft.AspNetCore.Mvc.IActionResult] Create(Urbeat.Application.DTOs.CheckoutRequestDto, System.Threading.CancellationToken) on controller Urbeat.WebApi.Controllers.OrdersController (Urbeat.WebApi).
[22:29:12 INF] Executing action method Urbeat.WebApi.Controllers.OrdersController.Create (Urbeat.WebApi) - Validation state: Valid
[22:29:12 INF] Executed action method Urbeat.WebApi.Controllers.OrdersController.Create (Urbeat.WebApi), returned result Microsoft.AspNetCore.Mvc.BadRequestObjectResult in 0.1374ms.
[22:29:12 INF] Executing BadRequestObjectResult, writing value of type 'Microsoft.AspNetCore.Mvc.ValidationProblemDetails'.
[22:29:12 INF] Executed action Urbeat.WebApi.Controllers.OrdersController.Create (Urbeat.WebApi) in 3.0473ms
[22:29:12 INF] Executed endpoint 'Urbeat.WebApi.Controllers.OrdersController.Create (Urbeat.WebApi)'
[22:29:12 INF] Request finished HTTP/1.1 POST http://localhost/api/orders - 400 null application/problem+json; charset=utf-8 3.7446ms
Activity.TraceId:            82fe1e8b259d27ceb5864708bf65042b
Activity.SpanId:             93660aa6f9ecc8f6
Activity.TraceFlags:         Recorded
Activity.DisplayName:        POST api/orders
Activity.Kind:               Server
Activity.StartTime:          2026-06-08T01:29:12.3299672Z
Activity.Duration:           00:00:00.0038059
Activity.Tags:
    server.address: localhost
    http.request.method: POST
    url.scheme: http
    url.path: /api/orders
    network.protocol.version: 1.1
    http.route: api/orders
    http.response.status_code: 400
Instrumentation scope (ActivitySource):
    Name: Microsoft.AspNetCore
Resource associated with Activity:
    telemetry.sdk.name: opentelemetry
    telemetry.sdk.language: dotnet
    telemetry.sdk.version: 1.14.0
    service.name: unknown_service:testhost
Activity.TraceId:            82fe1e8b259d27ceb5864708bf65042b
Activity.SpanId:             93660aa6f9ecc8f6
Activity.TraceFlags:         Recorded
Activity.DisplayName:        POST api/orders
Activity.Kind:               Server
Activity.StartTime:          2026-06-08T01:29:12.3299672Z
Activity.Duration:           00:00:00.0038059
Activity.Tags:
    server.address: localhost
    http.request.method: POST
    url.scheme: http
    url.path: /api/orders
    network.protocol.version: 1.1
    http.route: api/orders
    http.response.status_code: 400
Instrumentation scope (ActivitySource):
    Name: Microsoft.AspNetCore
Resource associated with Activity:
    telemetry.sdk.name: opentelemetry
    telemetry.sdk.language: dotnet
    telemetry.sdk.version: 1.14.0
    service.name: unknown_service:testhost
Activity.TraceId:            82fe1e8b259d27ceb5864708bf65042b
Activity.SpanId:             93660aa6f9ecc8f6
Activity.TraceFlags:         Recorded
Activity.DisplayName:        POST api/orders
Activity.Kind:               Server
Activity.StartTime:          2026-06-08T01:29:12.3299672Z
Activity.Duration:           00:00:00.0038059
Activity.Tags:
    server.address: localhost
    http.request.method: POST
    url.scheme: http
    url.path: /api/orders
    network.protocol.version: 1.1
    http.route: api/orders
    http.response.status_code: 400
Instrumentation scope (ActivitySource):
    Name: Microsoft.AspNetCore
Resource associated with Activity:
    telemetry.sdk.name: opentelemetry
    telemetry.sdk.language: dotnet
    telemetry.sdk.version: 1.14.0
    service.name: unknown_service:testhost
Activity.TraceId:            82fe1e8b259d27ceb5864708bf65042b
Activity.SpanId:             93660aa6f9ecc8f6
Activity.TraceFlags:         Recorded
Activity.DisplayName:        POST api/orders
Activity.Kind:               Server
Activity.StartTime:          2026-06-08T01:29:12.3299672Z
Activity.Duration:           00:00:00.0038059
Activity.Tags:
    server.address: localhost
    http.request.method: POST
    url.scheme: http
    url.path: /api/orders
    network.protocol.version: 1.1
    http.route: api/orders
    http.response.status_code: 400
Instrumentation scope (ActivitySource):
    Name: Microsoft.AspNetCore
Resource associated with Activity:
    telemetry.sdk.name: opentelemetry
    telemetry.sdk.language: dotnet
    telemetry.sdk.version: 1.14.0
    service.name: unknown_service:testhost
Activity.TraceId:            82fe1e8b259d27ceb5864708bf65042b
Activity.SpanId:             93660aa6f9ecc8f6
Activity.TraceFlags:         Recorded
Activity.DisplayName:        POST api/orders
Activity.Kind:               Server
Activity.StartTime:          2026-06-08T01:29:12.3299672Z
Activity.Duration:           00:00:00.0038059
Activity.Tags:
    server.address: localhost
    http.request.method: POST
    url.scheme: http
    url.path: /api/orders
    network.protocol.version: 1.1
    http.route: api/orders
    http.response.status_code: 400
Instrumentation scope (ActivitySource):
    Name: Microsoft.AspNetCore
Resource associated with Activity:
    telemetry.sdk.name: opentelemetry
    telemetry.sdk.language: dotnet
    telemetry.sdk.version: 1.14.0
    service.name: unknown_service:testhost
Activity.TraceId:            82fe1e8b259d27ceb5864708bf65042b
Activity.SpanId:             93660aa6f9ecc8f6
Activity.TraceFlags:         Recorded
Activity.DisplayName:        POST api/orders
Activity.Kind:               Server
Activity.StartTime:          2026-06-08T01:29:12.3299672Z
Activity.Duration:           00:00:00.0038059
Activity.Tags:
    server.address: localhost
    http.request.method: POST
    url.scheme: http
    url.path: /api/orders
    network.protocol.version: 1.1
    http.route: api/orders
    http.response.status_code: 400
Instrumentation scope (ActivitySource):
    Name: Microsoft.AspNetCore
[xUnit.net 00:00:09.47]       Expected createOrderResponse.StatusCode to be HttpStatusCode.Created {value: 201}, but found HttpStatusCode.BadRequest {value: 400}.
[xUnit.net 00:00:09.47]       Stack Trace:
Resource associated with Activity:
[xUnit.net 00:00:09.47]            at FluentAssertions.Execution.LateBoundTestFramework.Throw(String message)
    telemetry.sdk.name: opentelemetry
    telemetry.sdk.language: dotnet
    telemetry.sdk.version: 1.14.0
    service.name: unknown_service:testhost
Activity.TraceId:            82fe1e8b259d27ceb5864708bf65042b
Activity.SpanId:             93660aa6f9ecc8f6
Activity.TraceFlags:         Recorded
Activity.DisplayName:        POST api/orders
Activity.Kind:               Server
Activity.StartTime:          2026-06-08T01:29:12.3299672Z
Activity.Duration:           00:00:00.0038059
Activity.Tags:
[xUnit.net 00:00:09.47]            at FluentAssertions.Execution.DefaultAssertionStrategy.HandleFailure(String message)
    server.address: localhost
    http.request.method: POST
    url.scheme: http
    url.path: /api/orders
    network.protocol.version: 1.1
    http.route: api/orders
    http.response.status_code: 400
Instrumentation scope (ActivitySource):
    Name: Microsoft.AspNetCore
Resource associated with Activity:
    telemetry.sdk.name: opentelemetry
    telemetry.sdk.language: dotnet
    telemetry.sdk.version: 1.14.0
[xUnit.net 00:00:09.47]            at FluentAssertions.Execution.AssertionScope.AddPreFormattedFailure(String formattedFailureMessage)
    service.name: unknown_service:testhost
[xUnit.net 00:00:09.47]            at FluentAssertions.Execution.AssertionChain.FailWith(Func`1 getFailureReason)
[xUnit.net 00:00:09.47]            at FluentAssertions.Execution.AssertionChain.FailWith(Func`1 getFailureReason)
Activity.TraceId:            82fe1e8b259d27ceb5864708bf65042b
Activity.SpanId:             93660aa6f9ecc8f6
Activity.TraceFlags:         Recorded
Activity.DisplayName:        POST api/orders
Activity.Kind:               Server
Activity.StartTime:          2026-06-08T01:29:12.3299672Z
Activity.Duration:           00:00:00.0038059
Activity.Tags:
    server.address: localhost
[xUnit.net 00:00:09.47]            at FluentAssertions.Execution.AssertionChain.FailWith(String message, Object[] args)
    http.request.method: POST
    url.scheme: http
    url.path: /api/orders
    network.protocol.version: 1.1
    http.route: api/orders
    http.response.status_code: 400
Instrumentation scope (ActivitySource):
    Name: Microsoft.AspNetCore
Resource associated with Activity:
    telemetry.sdk.name: opentelemetry
    telemetry.sdk.language: dotnet
    telemetry.sdk.version: 1.14.0
    service.name: unknown_service:testhost
[xUnit.net 00:00:09.47]            at FluentAssertions.Primitives.EnumAssertions`2.Be(TEnum expected, String because, Object[] becauseArgs)
Resource associated with Metrics:
	telemetry.sdk.name: opentelemetry
	telemetry.sdk.language: dotnet
	telemetry.sdk.version: 1.14.0
	service.name: unknown_service:testhost
[xUnit.net 00:00:09.47]         C:\Projetos\urbeat\backend\tests\Urbeat.IntegrationTests\Api\PaymentsFlowTests.cs(222,0): at Urbeat.IntegrationTests.Api.PaymentsFlowTests.MercadoPagoWebhook_ShouldConfirmPayment_AndBeIdempotent()
Metric Name: http.server.active_requests, Description: Number of active HTTP server requests., Unit: {request}, Metric Type: LongSumNonMonotonic
Instrumentation scope (Meter):
	Name: Microsoft.AspNetCore.Hosting
(2026-06-08T01:29:04.1532233Z, 2026-06-08T01:29:12.3354049Z] http.request.method: GET url.scheme: http
Value: 0
(2026-06-08T01:29:04.1532233Z, 2026-06-08T01:29:12.3354049Z] http.request.method: POST url.scheme: http
Value: 0
(2026-06-08T01:29:04.1532233Z, 2026-06-08T01:29:12.3354049Z] http.request.method: PUT url.scheme: http
Value: 0
[xUnit.net 00:00:09.47]         --- End of stack trace from previous location ---
(2026-06-08T01:29:04.1532233Z, 2026-06-08T01:29:12.3354049Z] http.request.method: PATCH url.scheme: http
Value: 0
(2026-06-08T01:29:04.1532233Z, 2026-06-08T01:29:12.3354049Z] http.request.method: DELETE url.scheme: http
Value: 0
Metric Name: http.server.request.duration, Description: Duration of HTTP server requests., Unit: s, Metric Type: Histogram
Instrumentation scope (Meter):
	Name: Microsoft.AspNetCore.Hosting
(2026-06-08T01:29:04.1532393Z, 2026-06-08T01:29:12.3354323Z] http.request.method: GET http.response.status_code: 401 http.route: api/stores/{storeId}/categories network.protocol.version: 1.1 url.scheme: http
Value: Sum: 0.1887134 Count: 1 Min: 0.1887134 Max: 0.1887134 
(-Infinity,0,005]:0
(0,005,0,01]:0
(0,01,0,025]:0
(0,025,0,05]:0
(0,05,0,075]:0
(0,075,0,1]:0
(0,1,0,25]:1
(0,25,0,5]:0
(0,5,0,75]:0
(0,75,1]:0
(1,2,5]:0
(2,5,5]:0
(5,7,5]:0
(7,5,10]:0
(10,+Infinity]:0
(2026-06-08T01:29:04.1532393Z, 2026-06-08T01:29:12.3354323Z] http.request.method: GET http.response.status_code: 403 http.route: api/customer/home network.protocol.version: 1.1 url.scheme: http
Value: Sum: 0.1794913 Count: 1 Min: 0.1794913 Max: 0.1794913 
(-Infinity,0,005]:0
(0,005,0,01]:0
(0,01,0,025]:0
(0,025,0,05]:0
(0,05,0,075]:0
(0,075,0,1]:0
(0,1,0,25]:1
(0,25,0,5]:0
(0,5,0,75]:0
(0,75,1]:0
(1,2,5]:0
(2,5,5]:0
(5,7,5]:0
(7,5,10]:0
(10,+Infinity]:0
(2026-06-08T01:29:04.1532393Z, 2026-06-08T01:29:12.3354323Z] http.request.method: GET http.response.status_code: 400 http.route: api/address-lookup/cep/{cep} network.protocol.version: 1.1 url.scheme: http
Value: Sum: 0.214077 Count: 1 Min: 0.214077 Max: 0.214077 
(-Infinity,0,005]:0
(0,005,0,01]:0
(0,01,0,025]:0
(0,025,0,05]:0
(0,05,0,075]:0
(0,075,0,1]:0
(0,1,0,25]:1
(0,25,0,5]:0
(0,5,0,75]:0
(0,75,1]:0
(1,2,5]:0
(2,5,5]:0
(5,7,5]:0
(7,5,10]:0
(10,+Infinity]:0
[22:29:12 INF] Server fabio-mobile:44964:45267c46 caught stopping signal...
(2026-06-08T01:29:04.1532393Z, 2026-06-08T01:29:12.3354323Z] http.request.method: GET http.response.status_code: 403 http.route: api/admin/dashboard network.protocol.version: 1.1 url.scheme: http
Value: Sum: 0.0062894 Count: 1 Min: 0.0062894 Max: 0.0062894 
(-Infinity,0,005]:0
(0,005,0,01]:1
(0,01,0,025]:0
(0,025,0,05]:0
(0,05,0,075]:0
(0,075,0,1]:0
(0,1,0,25]:0
(0,25,0,5]:0
(0,5,0,75]:0
(0,75,1]:0
(1,2,5]:0
(2,5,5]:0
(5,7,5]:0
(7,5,10]:0
(10,+Infinity]:0
(2026-06-08T01:29:04.1532393Z, 2026-06-08T01:29:12.3354323Z] http.request.method: GET http.response.status_code: 403 http.route: api/seller/panel network.protocol.version: 1.1 url.scheme: http
Value: Sum: 0.0081006 Count: 1 Min: 0.0081006 Max: 0.0081006 
(-Infinity,0,005]:0
(0,005,0,01]:1
(0,01,0,025]:0
(0,025,0,05]:0
(0,05,0,075]:0
(0,075,0,1]:0
(0,1,0,25]:0
(0,25,0,5]:0
(0,5,0,75]:0
(0,75,1]:0
(1,2,5]:0
(2,5,5]:0
(5,7,5]:0
(7,5,10]:0
(10,+Infinity]:0
(2026-06-08T01:29:04.1532393Z, 2026-06-08T01:29:12.3354323Z] http.request.method: GET http.response.status_code: 200 http.route: api/customer/home network.protocol.version: 1.1 url.scheme: http
Value: Sum: 0.0835938 Count: 1 Min: 0.0835938 Max: 0.0835938 
(-Infinity,0,005]:0
(0,005,0,01]:0
(0,01,0,025]:0
(0,025,0,05]:0
(0,05,0,075]:0
(0,075,0,1]:1
(0,1,0,25]:0
(0,25,0,5]:0
(0,5,0,75]:0
(0,75,1]:0
(1,2,5]:0
(2,5,5]:0
(5,7,5]:0
(7,5,10]:0
(10,+Infinity]:0
(2026-06-08T01:29:04.1532393Z, 2026-06-08T01:29:12.3354323Z] http.request.method: GET http.response.status_code: 200 http.route: api/admin/dashboard network.protocol.version: 1.1 url.scheme: http
Value: Sum: 0.0702009 Count: 1 Min: 0.0702009 Max: 0.0702009 
(-Infinity,0,005]:0
(0,005,0,01]:0
(0,01,0,025]:0
(0,025,0,05]:0
(0,05,0,075]:1
(0,075,0,1]:0
(0,1,0,25]:0
(0,25,0,5]:0
(0,5,0,75]:0
(0,75,1]:0
(1,2,5]:0
(2,5,5]:0
(5,7,5]:0
(7,5,10]:0
(10,+Infinity]:0
(2026-06-08T01:29:04.1532393Z, 2026-06-08T01:29:12.3354323Z] http.request.method: GET http.response.status_code: 200 http.route: api/seller/panel network.protocol.version: 1.1 url.scheme: http
Value: Sum: 0.0039645 Count: 1 Min: 0.0039645 Max: 0.0039645 
(-Infinity,0,005]:1
(0,005,0,01]:0
(0,01,0,025]:0
(0,025,0,05]:0
(0,05,0,075]:0
(0,075,0,1]:0
(0,1,0,25]:0
(0,25,0,5]:0
(0,5,0,75]:0
(0,75,1]:0
(1,2,5]:0
(2,5,5]:0
(5,7,5]:0
(7,5,10]:0
(10,+Infinity]:0
(2026-06-08T01:29:04.1532393Z, 2026-06-08T01:29:12.3354323Z] http.request.method: GET http.response.status_code: 401 http.route: api/seller/panel network.protocol.version: 1.1 url.scheme: http
Value: Sum: 0.0475293 Count: 1 Min: 0.0475293 Max: 0.0475293 
(-Infinity,0,005]:0
(0,005,0,01]:0
(0,01,0,025]:0
(0,025,0,05]:1
(0,05,0,075]:0
(0,075,0,1]:0
(0,1,0,25]:0
(0,25,0,5]:0
(0,5,0,75]:0
(0,75,1]:0
(1,2,5]:0
(2,5,5]:0
(5,7,5]:0
(7,5,10]:0
(10,+Infinity]:0
(2026-06-08T01:29:04.1532393Z, 2026-06-08T01:29:12.3354323Z] http.request.method: POST http.response.status_code: 200 http.route: api/auth/login/admin network.protocol.version: 1.1 url.scheme: http
Value: Sum: 1.2113599 Count: 6 Min: 0.0830577 Max: 0.4766453 
(-Infinity,0,005]:0
(0,005,0,01]:0
(0,01,0,025]:0
(0,025,0,05]:0
(0,05,0,075]:0
(0,075,0,1]:1
(0,1,0,25]:4
(0,25,0,5]:1
(0,5,0,75]:0
(0,75,1]:0
(1,2,5]:0
(2,5,5]:0
(5,7,5]:0
(7,5,10]:0
(10,+Infinity]:0
(2026-06-08T01:29:04.1532393Z, 2026-06-08T01:29:12.3354323Z] http.request.method: POST http.response.status_code: 201 http.route: api/auth/register/seller network.protocol.version: 1.1 url.scheme: http
Value: Sum: 7.851690100000003 Count: 28 Min: 0.0795934 Max: 0.6480225 
(-Infinity,0,005]:0
(0,005,0,01]:0
(0,01,0,025]:0
(0,025,0,05]:0
(0,05,0,075]:0
(0,075,0,1]:1
(0,1,0,25]:17
(0,25,0,5]:3
(0,5,0,75]:7
(0,75,1]:0
(1,2,5]:0
(2,5,5]:0
(5,7,5]:0
(7,5,10]:0
(10,+Infinity]:0
(2026-06-08T01:29:04.1532393Z, 2026-06-08T01:29:12.3354323Z] http.request.method: POST http.response.status_code: 201 http.route: api/auth/register/customer network.protocol.version: 1.1 url.scheme: http
Value: Sum: 2.4463274 Count: 10 Min: 0.1042389 Max: 0.6151793 
(-Infinity,0,005]:0
(0,005,0,01]:0
(0,01,0,025]:0
(0,025,0,05]:0
(0,05,0,075]:0
(0,075,0,1]:0
(0,1,0,25]:6
(0,25,0,5]:3
(0,5,0,75]:1
(0,75,1]:0
(1,2,5]:0
(2,5,5]:0
(5,7,5]:0
(7,5,10]:0
(10,+Infinity]:0
(2026-06-08T01:29:04.1532393Z, 2026-06-08T01:29:12.3354323Z] http.request.method: GET http.response.status_code: 401 http.route: api/admin/dashboard network.protocol.version: 1.1 url.scheme: http
Value: Sum: 0.0472334 Count: 1 Min: 0.0472334 Max: 0.0472334 
(-Infinity,0,005]:0
(0,005,0,01]:0
(0,01,0,025]:0
(0,025,0,05]:1
(0,05,0,075]:0
(0,075,0,1]:0
(0,1,0,25]:0
(0,25,0,5]:0
(0,5,0,75]:0
(0,75,1]:0
(1,2,5]:0
(2,5,5]:0
(5,7,5]:0
(7,5,10]:0
(10,+Infinity]:0
(2026-06-08T01:29:04.1532393Z, 2026-06-08T01:29:12.3354323Z] http.request.method: GET http.response.status_code: 401 http.route: api/customer/home network.protocol.version: 1.1 url.scheme: http
Value: Sum: 0.0376968 Count: 1 Min: 0.0376968 Max: 0.0376968 
(-Infinity,0,005]:0
(0,005,0,01]:0
(0,01,0,025]:0
(0,025,0,05]:1
(0,05,0,075]:0
(0,075,0,1]:0
(0,1,0,25]:0
(0,25,0,5]:0
(0,5,0,75]:0
(0,75,1]:0
(1,2,5]:0
(2,5,5]:0
(5,7,5]:0
(7,5,10]:0
(10,+Infinity]:0
(2026-06-08T01:29:04.1532393Z, 2026-06-08T01:29:12.3354323Z] http.request.method: POST http.response.status_code: 201 http.route: api/admin/plans network.protocol.version: 1.1 url.scheme: http
Value: Sum: 0.6144976 Count: 5 Min: 0.0746597 Max: 0.2358555 
(-Infinity,0,005]:0
(0,005,0,01]:0
(0,01,0,025]:0
(0,025,0,05]:0
(0,05,0,075]:1
(0,075,0,1]:2
(0,1,0,25]:2
(0,25,0,5]:0
(0,5,0,75]:0
(0,75,1]:0
(1,2,5]:0
(2,5,5]:0
(5,7,5]:0
(7,5,10]:0
(10,+Infinity]:0
(2026-06-08T01:29:04.1532393Z, 2026-06-08T01:29:12.3354323Z] http.request.method: POST http.response.status_code: 200 http.route: api/auth/login/customer network.protocol.version: 1.1 url.scheme: http
Value: Sum: 1.3640221000000001 Count: 7 Min: 0.0634958 Max: 0.2854274 
(-Infinity,0,005]:0
(0,005,0,01]:0
(0,01,0,025]:0
(0,025,0,05]:0
(0,05,0,075]:1
(0,075,0,1]:0
(0,1,0,25]:4
(0,25,0,5]:2
(0,5,0,75]:0
(0,75,1]:0
(1,2,5]:0
(2,5,5]:0
(5,7,5]:0
(7,5,10]:0
(10,+Infinity]:0
(2026-06-08T01:29:04.1532393Z, 2026-06-08T01:29:12.3354323Z] http.request.method: POST http.response.status_code: 200 http.route: api/auth/login/seller network.protocol.version: 1.1 url.scheme: http
Value: Sum: 3.6129274000000002 Count: 22 Min: 0.0466753 Max: 0.2976963 
(-Infinity,0,005]:0
(0,005,0,01]:0
(0,01,0,025]:0
(0,025,0,05]:1
(0,05,0,075]:0
(0,075,0,1]:2
(0,1,0,25]:17
(0,25,0,5]:2
(0,5,0,75]:0
(0,75,1]:0
(1,2,5]:0
(2,5,5]:0
(5,7,5]:0
(7,5,10]:0
(10,+Infinity]:0
(2026-06-08T01:29:04.1532393Z, 2026-06-08T01:29:12.3354323Z] http.request.method: POST http.response.status_code: 400 http.route: api/auth/email/confirm/{code} network.protocol.version: 1.1 url.scheme: http
Value: Sum: 0.3338337 Count: 4 Min: 0.0280381 Max: 0.2124374 
(-Infinity,0,005]:0
(0,005,0,01]:0
(0,01,0,025]:0
(0,025,0,05]:2
(0,05,0,075]:1
(0,075,0,1]:0
(0,1,0,25]:1
(0,25,0,5]:0
(0,5,0,75]:0
(0,75,1]:0
(1,2,5]:0
(2,5,5]:0
(5,7,5]:0
(7,5,10]:0
(10,+Infinity]:0
(2026-06-08T01:29:04.1532393Z, 2026-06-08T01:29:12.3354323Z] http.request.method: POST http.response.status_code: 400 http.route: api/auth/email/resend-confirmation network.protocol.version: 1.1 url.scheme: http
Value: Sum: 0.2919295 Count: 2 Min: 0.0771669 Max: 0.2147626 
(-Infinity,0,005]:0
(0,005,0,01]:0
(0,01,0,025]:0
(0,025,0,05]:0
(0,05,0,075]:0
(0,075,0,1]:1
(0,1,0,25]:1
(0,25,0,5]:0
(0,5,0,75]:0
(0,75,1]:0
(1,2,5]:0
(2,5,5]:0
(5,7,5]:0
(7,5,10]:0
(10,+Infinity]:0
(2026-06-08T01:29:04.1532393Z, 2026-06-08T01:29:12.3354323Z] http.request.method: PUT http.response.status_code: 200 http.route: api/admin/plans/{planId} network.protocol.version: 1.1 url.scheme: http
Value: Sum: 0.0809147 Count: 1 Min: 0.0809147 Max: 0.0809147 
(-Infinity,0,005]:0
(0,005,0,01]:0
(0,01,0,025]:0
(0,025,0,05]:0
(0,05,0,075]:0
(0,075,0,1]:1
(0,1,0,25]:0
(0,25,0,5]:0
(0,5,0,75]:0
(0,75,1]:0
(1,2,5]:0
(2,5,5]:0
(5,7,5]:0
(7,5,10]:0
(10,+Infinity]:0
(2026-06-08T01:29:04.1532393Z, 2026-06-08T01:29:12.3354323Z] http.request.method: PATCH http.response.status_code: 200 http.route: api/admin/plans/{planId}/status network.protocol.version: 1.1 url.scheme: http
Value: Sum: 0.0077534 Count: 1 Min: 0.0077534 Max: 0.0077534 
(-Infinity,0,005]:0
(0,005,0,01]:1
(0,01,0,025]:0
(0,025,0,05]:0
(0,05,0,075]:0
(0,075,0,1]:0
(0,1,0,25]:0
(0,25,0,5]:0
(0,5,0,75]:0
(0,75,1]:0
(1,2,5]:0
(2,5,5]:0
(5,7,5]:0
(7,5,10]:0
(10,+Infinity]:0
(2026-06-08T01:29:04.1532393Z, 2026-06-08T01:29:12.3354323Z] http.request.method: GET http.response.status_code: 200 http.route: /health network.protocol.version: 1.1 url.scheme: http
Value: Sum: 0.0093709 Count: 1 Min: 0.0093709 Max: 0.0093709 
(-Infinity,0,005]:0
(0,005,0,01]:1
(0,01,0,025]:0
(0,025,0,05]:0
(0,05,0,075]:0
(0,075,0,1]:0
(0,1,0,25]:0
(0,25,0,5]:0
(0,5,0,75]:0
(0,75,1]:0
(1,2,5]:0
(2,5,5]:0
(5,7,5]:0
(7,5,10]:0
(10,+Infinity]:0
(2026-06-08T01:29:04.1532393Z, 2026-06-08T01:29:12.3354323Z] http.request.method: POST http.response.status_code: 400 http.route: api/stores network.protocol.version: 1.1 url.scheme: http
Value: Sum: 0.2921478 Count: 2 Min: 0.0445437 Max: 0.2476041 
(-Infinity,0,005]:0
(0,005,0,01]:0
(0,01,0,025]:0
(0,025,0,05]:1
(0,05,0,075]:0
(0,075,0,1]:0
(0,1,0,25]:1
(0,25,0,5]:0
(0,5,0,75]:0
(0,75,1]:0
(1,2,5]:0
(2,5,5]:0
(5,7,5]:0
(7,5,10]:0
(10,+Infinity]:0
(2026-06-08T01:29:04.1532393Z, 2026-06-08T01:29:12.3354323Z] http.request.method: GET http.response.status_code: 200 http.route: api/stores/cuisine-types network.protocol.version: 1.1 url.scheme: http
Value: Sum: 0.1734619 Count: 1 Min: 0.1734619 Max: 0.1734619 
(-Infinity,0,005]:0
(0,005,0,01]:0
(0,01,0,025]:0
(0,025,0,05]:0
(0,05,0,075]:0
(0,075,0,1]:0
(0,1,0,25]:1
(0,25,0,5]:0
(0,5,0,75]:0
(0,75,1]:0
(1,2,5]:0
(2,5,5]:0
(5,7,5]:0
(7,5,10]:0
(10,+Infinity]:0
(2026-06-08T01:29:04.1532393Z, 2026-06-08T01:29:12.3354323Z] http.request.method: POST http.response.status_code: 201 http.route: api/customer/addresses network.protocol.version: 1.1 url.scheme: http
Value: Sum: 1.0507171 Count: 9 Min: 0.0041332 Max: 0.3100963 
(-Infinity,0,005]:1
(0,005,0,01]:0
(0,01,0,025]:0
(0,025,0,05]:0
(0,05,0,075]:1
(0,075,0,1]:2
(0,1,0,25]:4
(0,25,0,5]:1
(0,5,0,75]:0
(0,75,1]:0
(1,2,5]:0
(2,5,5]:0
(5,7,5]:0
(7,5,10]:0
(10,+Infinity]:0
(2026-06-08T01:29:04.1532393Z, 2026-06-08T01:29:12.3354323Z] http.request.method: POST http.response.status_code: 415 http.route: api/auth/email/confirm network.protocol.version: 1.1 url.scheme: http
Value: Sum: 0.1076132 Count: 2 Min: 0.0021767 Max: 0.1054365 
(-Infinity,0,005]:1
(0,005,0,01]:0
(0,01,0,025]:0
(0,025,0,05]:0
(0,05,0,075]:0
(0,075,0,1]:0
(0,1,0,25]:1
(0,25,0,5]:0
(0,5,0,75]:0
(0,75,1]:0
(1,2,5]:0
(2,5,5]:0
(5,7,5]:0
(7,5,10]:0
(10,+Infinity]:0
(2026-06-08T01:29:04.1532393Z, 2026-06-08T01:29:12.3354323Z] http.request.method: POST http.response.status_code: 201 http.route: api/stores network.protocol.version: 1.1 url.scheme: http
Value: Sum: 3.5885729 Count: 19 Min: 0.0542961 Max: 0.4716885 
(-Infinity,0,005]:0
(0,005,0,01]:0
(0,01,0,025]:0
(0,025,0,05]:0
(0,05,0,075]:3
(0,075,0,1]:2
(0,1,0,25]:9
(0,25,0,5]:5
(0,5,0,75]:0
(0,75,1]:0
(1,2,5]:0
(2,5,5]:0
(5,7,5]:0
(7,5,10]:0
(10,+Infinity]:0
(2026-06-08T01:29:04.1532393Z, 2026-06-08T01:29:12.3354323Z] http.request.method: GET http.response.status_code: 200 http.route: api/admin/plans network.protocol.version: 1.1 url.scheme: http
Value: Sum: 0.1440776 Count: 1 Min: 0.1440776 Max: 0.1440776 
(-Infinity,0,005]:0
(0,005,0,01]:0
(0,01,0,025]:0
(0,025,0,05]:0
(0,05,0,075]:0
(0,075,0,1]:0
(0,1,0,25]:1
(0,25,0,5]:0
(0,5,0,75]:0
(0,75,1]:0
(1,2,5]:0
(2,5,5]:0
(5,7,5]:0
(7,5,10]:0
(10,+Infinity]:0
(2026-06-08T01:29:04.1532393Z, 2026-06-08T01:29:12.3354323Z] http.request.method: POST http.response.status_code: 200 http.route: api/auth/email/resend-confirmation network.protocol.version: 1.1 url.scheme: http
Value: Sum: 0.2775514 Count: 3 Min: 0.0689539 Max: 0.1048669 
(-Infinity,0,005]:0
(0,005,0,01]:0
(0,01,0,025]:0
(0,025,0,05]:0
(0,05,0,075]:1
(0,075,0,1]:0
(0,1,0,25]:2
(0,25,0,5]:0
(0,5,0,75]:0
(0,75,1]:0
(1,2,5]:0
(2,5,5]:0
(5,7,5]:0
(7,5,10]:0
(10,+Infinity]:0
(2026-06-08T01:29:04.1532393Z, 2026-06-08T01:29:12.3354323Z] http.request.method: PATCH http.response.status_code: 200 http.route: api/stores/{storeId}/status network.protocol.version: 1.1 url.scheme: http
Value: Sum: 0.4358244 Count: 6 Min: 0.043708 Max: 0.111054 
(-Infinity,0,005]:0
(0,005,0,01]:0
(0,01,0,025]:0
(0,025,0,05]:1
(0,05,0,075]:3
(0,075,0,1]:1
(0,1,0,25]:1
(0,25,0,5]:0
(0,5,0,75]:0
(0,75,1]:0
(1,2,5]:0
(2,5,5]:0
(5,7,5]:0
(7,5,10]:0
(10,+Infinity]:0
(2026-06-08T01:29:04.1532393Z, 2026-06-08T01:29:12.3354323Z] http.request.method: PATCH http.response.status_code: 200 http.route: api/stores/{storeId}/delivery-config network.protocol.version: 1.1 url.scheme: http
Value: Sum: 0.6901387999999999 Count: 6 Min: 0.0737496 Max: 0.144072 
(-Infinity,0,005]:0
(0,005,0,01]:0
(0,01,0,025]:0
(0,025,0,05]:0
(0,05,0,075]:1
(0,075,0,1]:1
(0,1,0,25]:4
(0,25,0,5]:0
(0,5,0,75]:0
(0,75,1]:0
(1,2,5]:0
(2,5,5]:0
(5,7,5]:0
(7,5,10]:0
(10,+Infinity]:0
(2026-06-08T01:29:04.1532393Z, 2026-06-08T01:29:12.3354323Z] http.request.method: DELETE http.response.status_code: 404 http.route: api/stores/{storeId}/categories/{categoryId} network.protocol.version: 1.1 url.scheme: http
Value: Sum: 0.1927955 Count: 1 Min: 0.1927955 Max: 0.1927955 
(-Infinity,0,005]:0
(0,005,0,01]:0
(0,01,0,025]:0
(0,025,0,05]:0
(0,05,0,075]:0
(0,075,0,1]:0
(0,1,0,25]:1
(0,25,0,5]:0
(0,5,0,75]:0
(0,75,1]:0
(1,2,5]:0
(2,5,5]:0
(5,7,5]:0
(7,5,10]:0
(10,+Infinity]:0
(2026-06-08T01:29:04.1532393Z, 2026-06-08T01:29:12.3354323Z] http.request.method: GET http.response.status_code: 200 http.route: api/stores/my-store network.protocol.version: 1.1 url.scheme: http
Value: Sum: 0.37820180000000003 Count: 3 Min: 0.0368988 Max: 0.2033987 
(-Infinity,0,005]:0
(0,005,0,01]:0
(0,01,0,025]:0
(0,025,0,05]:1
(0,05,0,075]:0
(0,075,0,1]:0
(0,1,0,25]:2
(0,25,0,5]:0
(0,5,0,75]:0
(0,75,1]:0
(1,2,5]:0
(2,5,5]:0
(5,7,5]:0
(7,5,10]:0
(10,+Infinity]:0
(2026-06-08T01:29:04.1532393Z, 2026-06-08T01:29:12.3354323Z] http.request.method: POST http.response.status_code: 204 http.route: api/admin/subscriptions/status network.protocol.version: 1.1 url.scheme: http
Value: Sum: 0.2806839 Count: 2 Min: 0.0911552 Max: 0.1895287 
(-Infinity,0,005]:0
(0,005,0,01]:0
(0,01,0,025]:0
(0,025,0,05]:0
(0,05,0,075]:0
(0,075,0,1]:1
(0,1,0,25]:1
(0,25,0,5]:0
(0,5,0,75]:0
(0,75,1]:0
(1,2,5]:0
(2,5,5]:0
(5,7,5]:0
(7,5,10]:0
(10,+Infinity]:0
(2026-06-08T01:29:04.1532393Z, 2026-06-08T01:29:12.3354323Z] http.request.method: POST http.response.status_code: 409 http.route: api/customer/addresses network.protocol.version: 1.1 url.scheme: http
Value: Sum: 0.0664064 Count: 1 Min: 0.0664064 Max: 0.0664064 
(-Infinity,0,005]:0
(0,005,0,01]:0
(0,01,0,025]:0
(0,025,0,05]:0
(0,05,0,075]:1
(0,075,0,1]:0
(0,1,0,25]:0
(0,25,0,5]:0
(0,5,0,75]:0
(0,75,1]:0
(1,2,5]:0
(2,5,5]:0
(5,7,5]:0
(7,5,10]:0
(10,+Infinity]:0
(2026-06-08T01:29:04.1532393Z, 2026-06-08T01:29:12.3354323Z] http.request.method: GET http.response.status_code: 200 http.route: api/subscriptions/my network.protocol.version: 1.1 url.scheme: http
Value: Sum: 0.4010074 Count: 2 Min: 0.193226 Max: 0.2077814 
(-Infinity,0,005]:0
(0,005,0,01]:0
(0,01,0,025]:0
(0,025,0,05]:0
(0,05,0,075]:0
(0,075,0,1]:0
(0,1,0,25]:2
(0,25,0,5]:0
(0,5,0,75]:0
(0,75,1]:0
(1,2,5]:0
(2,5,5]:0
(5,7,5]:0
(7,5,10]:0
(10,+Infinity]:0
(2026-06-08T01:29:04.1532393Z, 2026-06-08T01:29:12.3354323Z] http.request.method: GET http.response.status_code: 200 http.route: api/customer/addresses network.protocol.version: 1.1 url.scheme: http
Value: Sum: 0.1926895 Count: 1 Min: 0.1926895 Max: 0.1926895 
(-Infinity,0,005]:0
(0,005,0,01]:0
(0,01,0,025]:0
(0,025,0,05]:0
(0,05,0,075]:0
(0,075,0,1]:0
(0,1,0,25]:1
(0,25,0,5]:0
(0,5,0,75]:0
(0,75,1]:0
(1,2,5]:0
(2,5,5]:0
(5,7,5]:0
(7,5,10]:0
(10,+Infinity]:0
(2026-06-08T01:29:04.1532393Z, 2026-06-08T01:29:12.3354323Z] http.request.method: GET http.response.status_code: 200 http.route: api/subscriptions/plans network.protocol.version: 1.1 url.scheme: http
Value: Sum: 0.1021946 Count: 1 Min: 0.1021946 Max: 0.1021946 
(-Infinity,0,005]:0
(0,005,0,01]:0
(0,01,0,025]:0
(0,025,0,05]:0
(0,05,0,075]:0
(0,075,0,1]:0
(0,1,0,25]:1
(0,25,0,5]:0
(0,5,0,75]:0
(0,75,1]:0
(1,2,5]:0
(2,5,5]:0
(5,7,5]:0
(7,5,10]:0
(10,+Infinity]:0
(2026-06-08T01:29:04.1532393Z, 2026-06-08T01:29:12.3354323Z] http.request.method: POST http.response.status_code: 201 http.route: api/subscriptions/contract network.protocol.version: 1.1 url.scheme: http
Value: Sum: 0.4037082 Count: 2 Min: 0.1357914 Max: 0.2679168 
(-Infinity,0,005]:0
(0,005,0,01]:0
(0,01,0,025]:0
(0,025,0,05]:0
(0,05,0,075]:0
(0,075,0,1]:0
(0,1,0,25]:1
(0,25,0,5]:1
(0,5,0,75]:0
(0,75,1]:0
(1,2,5]:0
(2,5,5]:0
(5,7,5]:0
(7,5,10]:0
(10,+Infinity]:0
(2026-06-08T01:29:04.1532393Z, 2026-06-08T01:29:12.3354323Z] http.request.method: POST http.response.status_code: 403 http.route: api/auth/login/customer network.protocol.version: 1.1 url.scheme: http
Value: Sum: 0.2102732 Count: 1 Min: 0.2102732 Max: 0.2102732 
(-Infinity,0,005]:0
(0,005,0,01]:0
(0,01,0,025]:0
(0,025,0,05]:0
(0,05,0,075]:0
(0,075,0,1]:0
(0,1,0,25]:1
(0,25,0,5]:0
(0,5,0,75]:0
(0,75,1]:0
(1,2,5]:0
(2,5,5]:0
(5,7,5]:0
(7,5,10]:0
(10,+Infinity]:0
(2026-06-08T01:29:04.1532393Z, 2026-06-08T01:29:12.3354323Z] http.request.method: POST http.response.status_code: 409 http.route: api/stores network.protocol.version: 1.1 url.scheme: http
Value: Sum: 0.0766215 Count: 1 Min: 0.0766215 Max: 0.0766215 
(-Infinity,0,005]:0
(0,005,0,01]:0
(0,01,0,025]:0
(0,025,0,05]:0
(0,05,0,075]:0
(0,075,0,1]:1
(0,1,0,25]:0
(0,25,0,5]:0
(0,5,0,75]:0
(0,75,1]:0
(1,2,5]:0
(2,5,5]:0
(5,7,5]:0
(7,5,10]:0
(10,+Infinity]:0
(2026-06-08T01:29:04.1532393Z, 2026-06-08T01:29:12.3354323Z] http.request.method: POST http.response.status_code: 201 http.route: api/stores/{storeId}/categories network.protocol.version: 1.1 url.scheme: http
Value: Sum: 0.3703003 Count: 3 Min: 0.0702828 Max: 0.2265858 
(-Infinity,0,005]:0
(0,005,0,01]:0
(0,01,0,025]:0
(0,025,0,05]:0
(0,05,0,075]:2
(0,075,0,1]:0
(0,1,0,25]:1
(0,25,0,5]:0
(0,5,0,75]:0
(0,75,1]:0
(1,2,5]:0
(2,5,5]:0
(5,7,5]:0
(7,5,10]:0
(10,+Infinity]:0
(2026-06-08T01:29:04.1532393Z, 2026-06-08T01:29:12.3354323Z] http.request.method: DELETE http.response.status_code: 204 http.route: api/stores/{storeId}/categories/{categoryId} network.protocol.version: 1.1 url.scheme: http
Value: Sum: 0.1598871 Count: 1 Min: 0.1598871 Max: 0.1598871 
(-Infinity,0,005]:0
(0,005,0,01]:0
(0,01,0,025]:0
(0,025,0,05]:0
(0,05,0,075]:0
(0,075,0,1]:0
(0,1,0,25]:1
(0,25,0,5]:0
(0,5,0,75]:0
(0,75,1]:0
(1,2,5]:0
(2,5,5]:0
(5,7,5]:0
(7,5,10]:0
(10,+Infinity]:0
(2026-06-08T01:29:04.1532393Z, 2026-06-08T01:29:12.3354323Z] http.request.method: POST http.response.status_code: 400 http.route: api/checkout/preview network.protocol.version: 1.1 url.scheme: http
Value: Sum: 0.47796879999999997 Count: 3 Min: 0.1399817 Max: 0.1847957 
(-Infinity,0,005]:0
(0,005,0,01]:0
(0,01,0,025]:0
(0,025,0,05]:0
(0,05,0,075]:0
(0,075,0,1]:0
(0,1,0,25]:3
(0,25,0,5]:0
(0,5,0,75]:0
(0,75,1]:0
(1,2,5]:0
(2,5,5]:0
(5,7,5]:0
(7,5,10]:0
(10,+Infinity]:0
(2026-06-08T01:29:04.1532393Z, 2026-06-08T01:29:12.3354323Z] http.request.method: POST http.response.status_code: 400 http.route: api/orders network.protocol.version: 1.1 url.scheme: http
Value: Sum: 0.2683813 Count: 3 Min: 0.0037446 Max: 0.1574968 
(-Infinity,0,005]:1
(0,005,0,01]:0
(0,01,0,025]:0
(0,025,0,05]:0
(0,05,0,075]:0
(0,075,0,1]:0
(0,1,0,25]:2
(0,25,0,5]:0
(0,5,0,75]:0
(0,75,1]:0
(1,2,5]:0
(2,5,5]:0
(5,7,5]:0
(7,5,10]:0
(10,+Infinity]:0
(2026-06-08T01:29:04.1532393Z, 2026-06-08T01:29:12.3354323Z] http.request.method: GET http.response.status_code: 200 http.route: api/stores/{storeId}/categories network.protocol.version: 1.1 url.scheme: http
Value: Sum: 0.44175180000000003 Count: 4 Min: 0.0388313 Max: 0.1700696 
(-Infinity,0,005]:0
(0,005,0,01]:0
(0,01,0,025]:0
(0,025,0,05]:1
(0,05,0,075]:0
(0,075,0,1]:0
(0,1,0,25]:3
(0,25,0,5]:0
(0,5,0,75]:0
(0,75,1]:0
(1,2,5]:0
(2,5,5]:0
(5,7,5]:0
(7,5,10]:0
(10,+Infinity]:0
(2026-06-08T01:29:04.1532393Z, 2026-06-08T01:29:12.3354323Z] http.request.method: POST http.response.status_code: 409 http.route: api/subscriptions/contract network.protocol.version: 1.1 url.scheme: http
Value: Sum: 0.0704267 Count: 1 Min: 0.0704267 Max: 0.0704267 
(-Infinity,0,005]:0
(0,005,0,01]:0
(0,01,0,025]:0
(0,025,0,05]:0
(0,05,0,075]:1
(0,075,0,1]:0
(0,1,0,25]:0
(0,25,0,5]:0
(0,5,0,75]:0
(0,75,1]:0
(1,2,5]:0
(2,5,5]:0
(5,7,5]:0
(7,5,10]:0
(10,+Infinity]:0
(2026-06-08T01:29:04.1532393Z, 2026-06-08T01:29:12.3354323Z] http.request.method: POST http.response.status_code: 204 http.route: api/admin/subscriptions/notifications/process network.protocol.version: 1.1 url.scheme: http
Value: Sum: 0.2250846 Count: 1 Min: 0.2250846 Max: 0.2250846 
(-Infinity,0,005]:0
(0,005,0,01]:0
(0,01,0,025]:0
(0,025,0,05]:0
(0,05,0,075]:0
(0,075,0,1]:0
(0,1,0,25]:1
(0,25,0,5]:0
(0,5,0,75]:0
(0,75,1]:0
(1,2,5]:0
(2,5,5]:0
(5,7,5]:0
(7,5,10]:0
(10,+Infinity]:0
(2026-06-08T01:29:04.1532393Z, 2026-06-08T01:29:12.3354323Z] http.request.method: PUT http.response.status_code: 200 http.route: api/stores/{storeId}/business-hours network.protocol.version: 1.1 url.scheme: http
Value: Sum: 0.243374 Count: 1 Min: 0.243374 Max: 0.243374 
(-Infinity,0,005]:0
(0,005,0,01]:0
(0,01,0,025]:0
(0,025,0,05]:0
(0,05,0,075]:0
(0,075,0,1]:0
(0,1,0,25]:1
(0,25,0,5]:0
(0,5,0,75]:0
(0,75,1]:0
(1,2,5]:0
(2,5,5]:0
(5,7,5]:0
(7,5,10]:0
(10,+Infinity]:0
(2026-06-08T01:29:04.1532393Z, 2026-06-08T01:29:12.3354323Z] http.request.method: GET http.response.status_code: 200 http.route: api/public/stores network.protocol.version: 1.1 url.scheme: http
Value: Sum: 0.1439667 Count: 1 Min: 0.1439667 Max: 0.1439667 
(-Infinity,0,005]:0
(0,005,0,01]:0
(0,01,0,025]:0
(0,025,0,05]:0
(0,05,0,075]:0
(0,075,0,1]:0
(0,1,0,25]:1
(0,25,0,5]:0
(0,5,0,75]:0
(0,75,1]:0
(1,2,5]:0
(2,5,5]:0
(5,7,5]:0
(7,5,10]:0
(10,+Infinity]:0
(2026-06-08T01:29:04.1532393Z, 2026-06-08T01:29:12.3354323Z] http.request.method: GET http.response.status_code: 200 http.route: api/stores/{storeId}/business-hours network.protocol.version: 1.1 url.scheme: http
Value: Sum: 0.0792573 Count: 1 Min: 0.0792573 Max: 0.0792573 
(-Infinity,0,005]:0
(0,005,0,01]:0
(0,01,0,025]:0
(0,025,0,05]:0
(0,05,0,075]:0
(0,075,0,1]:1
(0,1,0,25]:0
(0,25,0,5]:0
(0,5,0,75]:0
(0,75,1]:0
(1,2,5]:0
(2,5,5]:0
(5,7,5]:0
(7,5,10]:0
(10,+Infinity]:0
(2026-06-08T01:29:04.1532393Z, 2026-06-08T01:29:12.3354323Z] http.request.method: PUT http.response.status_code: 200 http.route: api/stores/{storeId}/categories/{categoryId} network.protocol.version: 1.1 url.scheme: http
Value: Sum: 0.183621 Count: 1 Min: 0.183621 Max: 0.183621 
(-Infinity,0,005]:0
(0,005,0,01]:0
(0,01,0,025]:0
(0,025,0,05]:0
(0,05,0,075]:0
(0,075,0,1]:0
(0,1,0,25]:1
(0,25,0,5]:0
(0,5,0,75]:0
(0,75,1]:0
(1,2,5]:0
(2,5,5]:0
(5,7,5]:0
(7,5,10]:0
(10,+Infinity]:0
(2026-06-08T01:29:04.1532393Z, 2026-06-08T01:29:12.3354323Z] http.request.method: GET http.response.status_code: 404 http.route: api/public/stores/{storeId} network.protocol.version: 1.1 url.scheme: http
Value: Sum: 0.1438145 Count: 1 Min: 0.1438145 Max: 0.1438145 
(-Infinity,0,005]:0
(0,005,0,01]:0
(0,01,0,025]:0
(0,025,0,05]:0
(0,05,0,075]:0
(0,075,0,1]:0
(0,1,0,25]:1
(0,25,0,5]:0
(0,5,0,75]:0
(0,75,1]:0
(1,2,5]:0
(2,5,5]:0
(5,7,5]:0
(7,5,10]:0
(10,+Infinity]:0
(2026-06-08T01:29:04.1532393Z, 2026-06-08T01:29:12.3354323Z] http.request.method: PATCH http.response.status_code: 409 http.route: api/stores/{storeId}/status network.protocol.version: 1.1 url.scheme: http
Value: Sum: 0.1856852 Count: 1 Min: 0.1856852 Max: 0.1856852 
(-Infinity,0,005]:0
(0,005,0,01]:0
(0,01,0,025]:0
(0,025,0,05]:0
(0,05,0,075]:0
(0,075,0,1]:0
(0,1,0,25]:1
(0,25,0,5]:0
(0,5,0,75]:0
(0,75,1]:0
(1,2,5]:0
(2,5,5]:0
(5,7,5]:0
(7,5,10]:0
(10,+Infinity]:0
(2026-06-08T01:29:04.1532393Z, 2026-06-08T01:29:12.3354323Z] http.request.method: POST http.response.status_code: 400 http.route: api/subscriptions/contract network.protocol.version: 1.1 url.scheme: http
Value: Sum: 0.2019646 Count: 1 Min: 0.2019646 Max: 0.2019646 
(-Infinity,0,005]:0
(0,005,0,01]:0
(0,01,0,025]:0
(0,025,0,05]:0
(0,05,0,075]:0
(0,075,0,1]:0
(0,1,0,25]:1
(0,25,0,5]:0
(0,5,0,75]:0
(0,75,1]:0
(1,2,5]:0
(2,5,5]:0
(5,7,5]:0
(7,5,10]:0
(10,+Infinity]:0
(2026-06-08T01:29:04.1532393Z, 2026-06-08T01:29:12.3354323Z] http.request.method: POST http.response.status_code: 400 http.route: api/stores/{storeId}/categories network.protocol.version: 1.1 url.scheme: http
Value: Sum: 0.0494563 Count: 1 Min: 0.0494563 Max: 0.0494563 
(-Infinity,0,005]:0
(0,005,0,01]:0
(0,01,0,025]:0
(0,025,0,05]:1
(0,05,0,075]:0
(0,075,0,1]:0
(0,1,0,25]:0
(0,25,0,5]:0
(0,5,0,75]:0
(0,75,1]:0
(1,2,5]:0
(2,5,5]:0
(5,7,5]:0
(7,5,10]:0
(10,+Infinity]:0
Metric Name: dotnet.gc.collections, Description: The number of garbage collections that have occurred since the process has started., Unit: {collection}, Metric Type: LongSum
Instrumentation scope (Meter):
	Name: System.Runtime
(2026-06-08T01:29:04.1548993Z, 2026-06-08T01:29:12.3354341Z] gc.heap.generation: gen2
Value: 6
(2026-06-08T01:29:04.1548993Z, 2026-06-08T01:29:12.3354341Z] gc.heap.generation: gen1
Value: 16
(2026-06-08T01:29:04.1548993Z, 2026-06-08T01:29:12.3354341Z] gc.heap.generation: gen0
Value: 45
Metric Name: dotnet.process.memory.working_set, Description: The number of bytes of physical memory mapped to the process context., Unit: By, Metric Type: LongSumNonMonotonic
Instrumentation scope (Meter):
	Name: System.Runtime
(2026-06-08T01:29:04.1549534Z, 2026-06-08T01:29:12.3354344Z]  
Value: 340996096
Metric Name: dotnet.gc.heap.total_allocated, Description: The approximate number of bytes allocated on the managed GC heap since the process has started. The returned value does not include any native allocations., Unit: By, Metric Type: LongSum
Instrumentation scope (Meter):
	Name: System.Runtime
(2026-06-08T01:29:04.1552377Z, 2026-06-08T01:29:12.3354348Z]  
Value: 497386912
Metric Name: dotnet.gc.last_collection.memory.committed_size, Description: The amount of committed virtual memory in use by the .NET GC, as observed during the latest garbage collection., Unit: By, Metric Type: LongSumNonMonotonic
Instrumentation scope (Meter):
	Name: System.Runtime
(2026-06-08T01:29:04.1552629Z, 2026-06-08T01:29:12.3354351Z]  
Value: 199233536
Metric Name: dotnet.gc.last_collection.heap.size, Description: The managed GC heap size (including fragmentation), as observed during the latest garbage collection., Unit: By, Metric Type: LongSumNonMonotonic
Instrumentation scope (Meter):
	Name: System.Runtime
(2026-06-08T01:29:04.1552817Z, 2026-06-08T01:29:12.3354368Z] gc.heap.generation: gen0
Value: 1449456
(2026-06-08T01:29:04.1552817Z, 2026-06-08T01:29:12.3354368Z] gc.heap.generation: gen1
Value: 2926992
(2026-06-08T01:29:04.1552817Z, 2026-06-08T01:29:12.3354368Z] gc.heap.generation: gen2
Value: 77985312
(2026-06-08T01:29:04.1552817Z, 2026-06-08T01:29:12.3354368Z] gc.heap.generation: loh
Value: 104632760
(2026-06-08T01:29:04.1552817Z, 2026-06-08T01:29:12.3354368Z] gc.heap.generation: poh
Value: 123736
Metric Name: dotnet.gc.last_collection.heap.fragmentation.size, Description: The heap fragmentation, as observed during the latest garbage collection., Unit: By, Metric Type: LongSumNonMonotonic
Instrumentation scope (Meter):
	Name: System.Runtime
(2026-06-08T01:29:04.1553041Z, 2026-06-08T01:29:12.3354372Z] gc.heap.generation: gen0
Value: 1416464
(2026-06-08T01:29:04.1553041Z, 2026-06-08T01:29:12.3354372Z] gc.heap.generation: gen1
Value: 48648
(2026-06-08T01:29:04.1553041Z, 2026-06-08T01:29:12.3354372Z] gc.heap.generation: gen2
Value: 3071344
(2026-06-08T01:29:04.1553041Z, 2026-06-08T01:29:12.3354372Z] gc.heap.generation: loh
Value: 731944
(2026-06-08T01:29:04.1553041Z, 2026-06-08T01:29:12.3354372Z] gc.heap.generation: poh
Value: 0
Metric Name: dotnet.gc.pause.time, Description: The total amount of time paused in GC since the process has started., Unit: s, Metric Type: DoubleSum
Instrumentation scope (Meter):
	Name: System.Runtime
(2026-06-08T01:29:04.1645917Z, 2026-06-08T01:29:12.3354376Z]  
Value: 0.63666
Metric Name: dotnet.jit.compiled_il.size, Description: Count of bytes of intermediate language that have been compiled since the process has started., Unit: By, Metric Type: LongSum
Instrumentation scope (Meter):
	Name: System.Runtime
(2026-06-08T01:29:04.1646774Z, 2026-06-08T01:29:12.3354379Z]  
Value: 2247058
Metric Name: dotnet.jit.compiled_methods, Description: The number of times the JIT compiler (re)compiled methods since the process has started., Unit: {method}, Metric Type: LongSum
Instrumentation scope (Meter):
	Name: System.Runtime
(2026-06-08T01:29:04.1647095Z, 2026-06-08T01:29:12.3354381Z]  
Value: 33691
Metric Name: dotnet.jit.compilation.time, Description: The number of times the JIT compiler (re)compiled methods since the process has started., Unit: s, Metric Type: DoubleSum
Instrumentation scope (Meter):
	Name: System.Runtime
(2026-06-08T01:29:04.1647251Z, 2026-06-08T01:29:12.3354387Z]  
Value: 5.6167101
Metric Name: dotnet.monitor.lock_contentions, Description: The number of times there was contention when trying to acquire a monitor lock since the process has started., Unit: {contention}, Metric Type: LongSum
Instrumentation scope (Meter):
	Name: System.Runtime
(2026-06-08T01:29:04.1647397Z, 2026-06-08T01:29:12.3354390Z]  
Value: 4970
Metric Name: dotnet.thread_pool.thread.count, Description: The number of thread pool threads that currently exist., Unit: {thread}, Metric Type: LongSum
Instrumentation scope (Meter):
	Name: System.Runtime
(2026-06-08T01:29:04.1647497Z, 2026-06-08T01:29:12.3354393Z]  
Value: 36
Metric Name: dotnet.thread_pool.work_item.count, Description: The number of work items that the thread pool has completed since the process has started., Unit: {work_item}, Metric Type: LongSum
Instrumentation scope (Meter):
	Name: System.Runtime
(2026-06-08T01:29:04.1647616Z, 2026-06-08T01:29:12.3354394Z]  
Value: 1691
Metric Name: dotnet.thread_pool.queue.length, Description: The number of work items that are currently queued to be processed by the thread pool., Unit: {work_item}, Metric Type: LongSum
Instrumentation scope (Meter):
	Name: System.Runtime
(2026-06-08T01:29:04.1647749Z, 2026-06-08T01:29:12.3354396Z]  
Value: 18
Metric Name: dotnet.timer.count, Description: The number of timer instances that are currently active. An active timer is registered to tick at some point in the future and has not yet been canceled., Unit: {timer}, Metric Type: LongSumNonMonotonic
Instrumentation scope (Meter):
	Name: System.Runtime
(2026-06-08T01:29:04.1875105Z, 2026-06-08T01:29:12.3354398Z]  
Value: 29
Metric Name: dotnet.assembly.count, Description: The number of .NET assemblies that are currently loaded., Unit: {assembly}, Metric Type: LongSumNonMonotonic
Instrumentation scope (Meter):
	Name: System.Runtime
(2026-06-08T01:29:04.1875366Z, 2026-06-08T01:29:12.3354400Z]  
Value: 266
Metric Name: dotnet.exceptions, Description: The number of exceptions that have been thrown in managed code., Unit: {exception}, Metric Type: LongSum
Instrumentation scope (Meter):
	Name: System.Runtime
(2026-06-08T01:29:04.1875556Z, 2026-06-08T01:29:12.3354405Z] error.type: SocketException
Value: 32
(2026-06-08T01:29:04.1875556Z, 2026-06-08T01:29:12.3354405Z] error.type: NullReferenceException
Value: 4
(2026-06-08T01:29:04.1875556Z, 2026-06-08T01:29:12.3354405Z] error.type: OperationCanceledException
Value: 105
(2026-06-08T01:29:04.1875556Z, 2026-06-08T01:29:12.3354405Z] error.type: InvalidOperationException
Value: 10
(2026-06-08T01:29:04.1875556Z, 2026-06-08T01:29:12.3354405Z] error.type: FileNotFoundException
Value: 1
(2026-06-08T01:29:04.1875556Z, 2026-06-08T01:29:12.3354405Z] error.type: XunitException
Value: 72
(2026-06-08T01:29:04.1875556Z, 2026-06-08T01:29:12.3354405Z] error.type: NpgsqlException
Value: 48
(2026-06-08T01:29:04.1875556Z, 2026-06-08T01:29:12.3354405Z] error.type: ObjectDisposedException
Value: 52
(2026-06-08T01:29:04.1875556Z, 2026-06-08T01:29:12.3354405Z] error.type: RuntimeBinderException
Value: 2
Metric Name: dotnet.process.cpu.count, Description: The number of processors available to the process., Unit: {cpu}, Metric Type: LongSumNonMonotonic
Instrumentation scope (Meter):
	Name: System.Runtime
(2026-06-08T01:29:04.1875769Z, 2026-06-08T01:29:12.3354407Z]  
Value: 12
Metric Name: dotnet.process.cpu.time, Description: CPU time used by the process., Unit: s, Metric Type: DoubleSum
Instrumentation scope (Meter):
	Name: System.Runtime
(2026-06-08T01:29:04.1877037Z, 2026-06-08T01:29:12.3354412Z] cpu.mode: user
Value: 18.515625
(2026-06-08T01:29:04.1877037Z, 2026-06-08T01:29:12.3354412Z] cpu.mode: system
Value: 3.15625
Metric Name: dns.lookup.duration, Description: Measures the time taken to perform a DNS lookup., Unit: s, Metric Type: Histogram
Instrumentation scope (Meter):
	Name: System.Net.NameResolution
(2026-06-08T01:29:04.2011464Z, 2026-06-08T01:29:12.3354420Z] dns.question.name: localhost
Value: Sum: 0.012317 Count: 14 Min: 0.0004438 Max: 0.003488 
(-Infinity,0,005]:14
(0,005,0,01]:0
(0,01,0,025]:0
(0,025,0,05]:0
(0,05,0,075]:0
(0,075,0,1]:0
(0,1,0,25]:0
(0,25,0,5]:0
(0,5,0,75]:0
(0,75,1]:0
(1,2,5]:0
(2,5,5]:0
(5,7,5]:0
(7,5,10]:0
(10,+Infinity]:0
Metric Name: aspnetcore.routing.match_attempts, Description: Number of requests that were attempted to be matched to an endpoint., Unit: {match_attempt}, Metric Type: LongSum
Instrumentation scope (Meter):
	Name: Microsoft.AspNetCore.Routing
(2026-06-08T01:29:05.8089171Z, 2026-06-08T01:29:12.3354431Z] aspnetcore.routing.is_fallback: false aspnetcore.routing.match_status: success http.route: api/auth/login/admin
Value: 6
(2026-06-08T01:29:05.8089171Z, 2026-06-08T01:29:12.3354431Z] aspnetcore.routing.is_fallback: false aspnetcore.routing.match_status: success http.route: api/auth/register/customer
Value: 10
(2026-06-08T01:29:05.8089171Z, 2026-06-08T01:29:12.3354431Z] aspnetcore.routing.is_fallback: false aspnetcore.routing.match_status: success http.route: api/auth/register/seller
Value: 28
(2026-06-08T01:29:05.8089171Z, 2026-06-08T01:29:12.3354431Z] aspnetcore.routing.is_fallback: false aspnetcore.routing.match_status: success http.route: api/customer/home
Value: 3
(2026-06-08T01:29:05.8089171Z, 2026-06-08T01:29:12.3354431Z] aspnetcore.routing.is_fallback: false aspnetcore.routing.match_status: success http.route: api/stores/{storeId}/categories
Value: 9
(2026-06-08T01:29:05.8089171Z, 2026-06-08T01:29:12.3354431Z] aspnetcore.routing.is_fallback: false aspnetcore.routing.match_status: success http.route: api/address-lookup/cep/{cep}
Value: 1
(2026-06-08T01:29:05.8089171Z, 2026-06-08T01:29:12.3354431Z] aspnetcore.routing.is_fallback: false aspnetcore.routing.match_status: success http.route: api/admin/dashboard
Value: 3
(2026-06-08T01:29:05.8089171Z, 2026-06-08T01:29:12.3354431Z] aspnetcore.routing.is_fallback: false aspnetcore.routing.match_status: success http.route: api/seller/panel
Value: 3
(2026-06-08T01:29:05.8089171Z, 2026-06-08T01:29:12.3354431Z] aspnetcore.routing.is_fallback: false aspnetcore.routing.match_status: success http.route: api/admin/plans
Value: 6
(2026-06-08T01:29:05.8089171Z, 2026-06-08T01:29:12.3354431Z] aspnetcore.routing.is_fallback: false aspnetcore.routing.match_status: success http.route: api/auth/login/customer
Value: 8
(2026-06-08T01:29:05.8089171Z, 2026-06-08T01:29:12.3354431Z] aspnetcore.routing.is_fallback: false aspnetcore.routing.match_status: success http.route: api/auth/login/seller
Value: 22
(2026-06-08T01:29:05.8089171Z, 2026-06-08T01:29:12.3354431Z] aspnetcore.routing.is_fallback: false aspnetcore.routing.match_status: success http.route: api/auth/email/resend-confirmation
Value: 5
(2026-06-08T01:29:05.8089171Z, 2026-06-08T01:29:12.3354431Z] aspnetcore.routing.is_fallback: false aspnetcore.routing.match_status: success http.route: api/auth/email/confirm/{code}
Value: 4
(2026-06-08T01:29:05.8089171Z, 2026-06-08T01:29:12.3354431Z] aspnetcore.routing.is_fallback: false aspnetcore.routing.match_status: success http.route: api/stores
Value: 22
(2026-06-08T01:29:05.8089171Z, 2026-06-08T01:29:12.3354431Z] aspnetcore.routing.is_fallback: false aspnetcore.routing.match_status: success http.route: api/customer/addresses
Value: 11
(2026-06-08T01:29:05.8089171Z, 2026-06-08T01:29:12.3354431Z] aspnetcore.routing.is_fallback: false aspnetcore.routing.match_status: success http.route: api/stores/cuisine-types
Value: 1
(2026-06-08T01:29:05.8089171Z, 2026-06-08T01:29:12.3354431Z] aspnetcore.routing.is_fallback: false aspnetcore.routing.match_status: success http.route: api/admin/plans/{planId}
Value: 1
(2026-06-08T01:29:05.8089171Z, 2026-06-08T01:29:12.3354431Z] aspnetcore.routing.is_fallback: false aspnetcore.routing.match_status: success http.route: api/admin/plans/{planId}/status
Value: 1
(2026-06-08T01:29:05.8089171Z, 2026-06-08T01:29:12.3354431Z] aspnetcore.routing.is_fallback: false aspnetcore.routing.match_status: success http.route: api/auth/email/confirm
Value: 2
(2026-06-08T01:29:05.8089171Z, 2026-06-08T01:29:12.3354431Z] aspnetcore.routing.is_fallback: false aspnetcore.routing.match_status: success http.route: api/stores/{storeId}/status
Value: 7
(2026-06-08T01:29:05.8089171Z, 2026-06-08T01:29:12.3354431Z] aspnetcore.routing.is_fallback: false aspnetcore.routing.match_status: success http.route: api/stores/{storeId}/delivery-config
Value: 6
(2026-06-08T01:29:05.8089171Z, 2026-06-08T01:29:12.3354431Z] aspnetcore.routing.is_fallback: false aspnetcore.routing.match_status: success http.route: api/stores/{storeId}/categories/{categoryId}
Value: 3
(2026-06-08T01:29:05.8089171Z, 2026-06-08T01:29:12.3354431Z] aspnetcore.routing.is_fallback: false aspnetcore.routing.match_status: success http.route: api/stores/my-store
Value: 3
(2026-06-08T01:29:05.8089171Z, 2026-06-08T01:29:12.3354431Z] aspnetcore.routing.is_fallback: false aspnetcore.routing.match_status: success http.route: api/admin/subscriptions/status
Value: 2
(2026-06-08T01:29:05.8089171Z, 2026-06-08T01:29:12.3354431Z] aspnetcore.routing.is_fallback: false aspnetcore.routing.match_status: success http.route: api/subscriptions/my
Value: 2
(2026-06-08T01:29:05.8089171Z, 2026-06-08T01:29:12.3354431Z] aspnetcore.routing.is_fallback: false aspnetcore.routing.match_status: success http.route: api/subscriptions/contract
Value: 4
(2026-06-08T01:29:05.8089171Z, 2026-06-08T01:29:12.3354431Z] aspnetcore.routing.is_fallback: false aspnetcore.routing.match_status: success http.route: api/subscriptions/plans
Value: 1
(2026-06-08T01:29:05.8089171Z, 2026-06-08T01:29:12.3354431Z] aspnetcore.routing.is_fallback: false aspnetcore.routing.match_status: success http.route: api/orders
Value: 3
(2026-06-08T01:29:05.8089171Z, 2026-06-08T01:29:12.3354431Z] aspnetcore.routing.is_fallback: false aspnetcore.routing.match_status: success http.route: api/checkout/preview
Value: 3
(2026-06-08T01:29:05.8089171Z, 2026-06-08T01:29:12.3354431Z] aspnetcore.routing.is_fallback: false aspnetcore.routing.match_status: success http.route: api/admin/subscriptions/notifications/process
Value: 1
(2026-06-08T01:29:05.8089171Z, 2026-06-08T01:29:12.3354431Z] aspnetcore.routing.is_fallback: false aspnetcore.routing.match_status: success http.route: api/stores/{storeId}/business-hours
Value: 2
(2026-06-08T01:29:05.8089171Z, 2026-06-08T01:29:12.3354431Z] aspnetcore.routing.is_fallback: false aspnetcore.routing.match_status: success http.route: api/public/stores
Value: 1
(2026-06-08T01:29:05.8089171Z, 2026-06-08T01:29:12.3354431Z] aspnetcore.routing.is_fallback: false aspnetcore.routing.match_status: success http.route: api/public/stores/{storeId}
Value: 1
Metric Name: aspnetcore.routing.match_attempts, Description: Number of requests that were attempted to be matched to an endpoint., Unit: {match_attempt}, Metric Type: LongSum
Instrumentation scope (Meter):
	Name: Microsoft.AspNetCore.Routing
(2026-06-08T01:29:07.4204770Z, 2026-06-08T01:29:12.3354476Z] aspnetcore.routing.is_fallback: false aspnetcore.routing.match_status: success http.route: /health
Value: 1
Metric Name: http.server.active_requests, Description: Number of active HTTP server requests., Unit: {request}, Metric Type: LongSumNonMonotonic
Instrumentation scope (Meter):
	Name: Microsoft.AspNetCore.Hosting
(2026-06-08T01:29:07.9117067Z, 2026-06-08T01:29:12.3354529Z] http.request.method: POST url.scheme: http
Value: 0
(2026-06-08T01:29:07.9117067Z, 2026-06-08T01:29:12.3354529Z] http.request.method: PATCH url.scheme: http
Value: 0
(2026-06-08T01:29:07.9117067Z, 2026-06-08T01:29:12.3354529Z] http.request.method: GET url.scheme: http
Value: 0
(2026-06-08T01:29:07.9117067Z, 2026-06-08T01:29:12.3354529Z] http.request.method: PUT url.scheme: http
Value: 0
Metric Name: http.server.request.duration, Description: Duration of HTTP server requests., Unit: s, Metric Type: Histogram
Instrumentation scope (Meter):
	Name: Microsoft.AspNetCore.Hosting
(2026-06-08T01:29:07.9119384Z, 2026-06-08T01:29:12.3354628Z] http.request.method: POST http.response.status_code: 201 http.route: api/auth/register/seller network.protocol.version: 1.1 url.scheme: http
Value: Sum: 2.3746381 Count: 10 Min: 0.0616086 Max: 0.3972926 
(-Infinity,0,005]:0
(0,005,0,01]:0
(0,01,0,025]:0
(0,025,0,05]:0
(0,05,0,075]:1
(0,075,0,1]:0
(0,1,0,25]:5
(0,25,0,5]:4
(0,5,0,75]:0
(0,75,1]:0
(1,2,5]:0
(2,5,5]:0
(5,7,5]:0
(7,5,10]:0
(10,+Infinity]:0
(2026-06-08T01:29:07.9119384Z, 2026-06-08T01:29:12.3354628Z] http.request.method: POST http.response.status_code: 200 http.route: api/auth/login/seller network.protocol.version: 1.1 url.scheme: http
Value: Sum: 1.8570971000000003 Count: 10 Min: 0.0465088 Max: 0.383696 
(-Infinity,0,005]:0
(0,005,0,01]:0
(0,01,0,025]:0
(0,025,0,05]:1
(0,05,0,075]:1
(0,075,0,1]:0
(0,1,0,25]:6
(0,25,0,5]:2
(0,5,0,75]:0
(0,75,1]:0
(1,2,5]:0
(2,5,5]:0
(5,7,5]:0
(7,5,10]:0
(10,+Infinity]:0
(2026-06-08T01:29:07.9119384Z, 2026-06-08T01:29:12.3354628Z] http.request.method: POST http.response.status_code: 201 http.route: api/stores network.protocol.version: 1.1 url.scheme: http
Value: Sum: 1.2461758 Count: 8 Min: 0.0103799 Max: 0.2201614 
(-Infinity,0,005]:0
(0,005,0,01]:0
(0,01,0,025]:1
(0,025,0,05]:0
(0,05,0,075]:0
(0,075,0,1]:0
(0,1,0,25]:7
(0,25,0,5]:0
(0,5,0,75]:0
(0,75,1]:0
(1,2,5]:0
(2,5,5]:0
(5,7,5]:0
(7,5,10]:0
(10,+Infinity]:0
(2026-06-08T01:29:07.9119384Z, 2026-06-08T01:29:12.3354628Z] http.request.method: PATCH http.response.status_code: 200 http.route: api/stores/{storeId}/status network.protocol.version: 1.1 url.scheme: http
Value: Sum: 0.1536416 Count: 2 Min: 0.0343557 Max: 0.1192859 
(-Infinity,0,005]:0
(0,005,0,01]:0
(0,01,0,025]:0
(0,025,0,05]:1
(0,05,0,075]:0
(0,075,0,1]:0
(0,1,0,25]:1
(0,25,0,5]:0
(0,5,0,75]:0
(0,75,1]:0
(1,2,5]:0
(2,5,5]:0
(5,7,5]:0
(7,5,10]:0
(10,+Infinity]:0
(2026-06-08T01:29:07.9119384Z, 2026-06-08T01:29:12.3354628Z] http.request.method: PATCH http.response.status_code: 200 http.route: api/stores/{storeId}/delivery-config network.protocol.version: 1.1 url.scheme: http
Value: Sum: 0.2571041 Count: 2 Min: 0.1221238 Max: 0.1349803 
(-Infinity,0,005]:0
(0,005,0,01]:0
(0,01,0,025]:0
(0,025,0,05]:0
(0,05,0,075]:0
(0,075,0,1]:0
(0,1,0,25]:2
(0,25,0,5]:0
(0,5,0,75]:0
(0,75,1]:0
(1,2,5]:0
(2,5,5]:0
(5,7,5]:0
(7,5,10]:0
(10,+Infinity]:0
(2026-06-08T01:29:07.9119384Z, 2026-06-08T01:29:12.3354628Z] http.request.method: POST http.response.status_code: 201 http.route: api/auth/register/customer network.protocol.version: 1.1 url.scheme: http
Value: Sum: 0.740003 Count: 4 Min: 0.0503329 Max: 0.2685781 
(-Infinity,0,005]:0
(0,005,0,01]:0
(0,01,0,025]:0
(0,025,0,05]:0
(0,05,0,075]:1
(0,075,0,1]:0
(0,1,0,25]:2
(0,25,0,5]:1
(0,5,0,75]:0
(0,75,1]:0
(1,2,5]:0
(2,5,5]:0
(5,7,5]:0
(7,5,10]:0
(10,+Infinity]:0
(2026-06-08T01:29:07.9119384Z, 2026-06-08T01:29:12.3354628Z] http.request.method: POST http.response.status_code: 200 http.route: api/auth/login/customer network.protocol.version: 1.1 url.scheme: http
Value: Sum: 0.4042865 Count: 3 Min: 0.1240858 Max: 0.1443419 
(-Infinity,0,005]:0
(0,005,0,01]:0
(0,01,0,025]:0
(0,025,0,05]:0
(0,05,0,075]:0
(0,075,0,1]:0
(0,1,0,25]:3
(0,25,0,5]:0
(0,5,0,75]:0
(0,75,1]:0
(1,2,5]:0
(2,5,5]:0
(5,7,5]:0
(7,5,10]:0
(10,+Infinity]:0
(2026-06-08T01:29:07.9119384Z, 2026-06-08T01:29:12.3354628Z] http.request.method: POST http.response.status_code: 201 http.route: api/customer/addresses network.protocol.version: 1.1 url.scheme: http
Value: Sum: 0.3207373 Count: 2 Min: 0.1355513 Max: 0.185186 
(-Infinity,0,005]:0
(0,005,0,01]:0
(0,01,0,025]:0
(0,025,0,05]:0
(0,05,0,075]:0
(0,075,0,1]:0
(0,1,0,25]:2
(0,25,0,5]:0
(0,5,0,75]:0
(0,75,1]:0
(1,2,5]:0
(2,5,5]:0
(5,7,5]:0
(7,5,10]:0
(10,+Infinity]:0
(2026-06-08T01:29:07.9119384Z, 2026-06-08T01:29:12.3354628Z] http.request.method: POST http.response.status_code: 201 http.route: api/stores/{storeId}/categories network.protocol.version: 1.1 url.scheme: http
Value: Sum: 0.3542902 Count: 4 Min: 0.0039853 Max: 0.1803927 
(-Infinity,0,005]:1
(0,005,0,01]:0
(0,01,0,025]:0
(0,025,0,05]:1
(0,05,0,075]:0
(0,075,0,1]:0
(0,1,0,25]:2
(0,25,0,5]:0
(0,5,0,75]:0
(0,75,1]:0
(1,2,5]:0
(2,5,5]:0
(5,7,5]:0
(7,5,10]:0
(10,+Infinity]:0
(2026-06-08T01:29:07.9119384Z, 2026-06-08T01:29:12.3354628Z] http.request.method: POST http.response.status_code: 400 http.route: api/orders network.protocol.version: 1.1 url.scheme: http
Value: Sum: 0.1592647 Count: 2 Min: 0.0016659 Max: 0.1575988 
(-Infinity,0,005]:1
(0,005,0,01]:0
(0,01,0,025]:0
(0,025,0,05]:0
(0,05,0,075]:0
(0,075,0,1]:0
(0,1,0,25]:1
(0,25,0,5]:0
(0,5,0,75]:0
(0,75,1]:0
(1,2,5]:0
(2,5,5]:0
(5,7,5]:0
(7,5,10]:0
(10,+Infinity]:0
(2026-06-08T01:29:07.9119384Z, 2026-06-08T01:29:12.3354628Z] http.request.method: POST http.response.status_code: 400 http.route: api/stores/{storeId}/products network.protocol.version: 1.1 url.scheme: http
Value: Sum: 0.2368922 Count: 1 Min: 0.2368922 Max: 0.2368922 
(-Infinity,0,005]:0
(0,005,0,01]:0
(0,01,0,025]:0
(0,025,0,05]:0
(0,05,0,075]:0
(0,075,0,1]:0
(0,1,0,25]:1
(0,25,0,5]:0
(0,5,0,75]:0
(0,75,1]:0
(1,2,5]:0
(2,5,5]:0
(5,7,5]:0
(7,5,10]:0
(10,+Infinity]:0
(2026-06-08T01:29:07.9119384Z, 2026-06-08T01:29:12.3354628Z] http.request.method: GET http.response.status_code: 200 http.route: api/public/stores network.protocol.version: 1.1 url.scheme: http
Value: Sum: 0.1669791 Count: 2 Min: 0.0088641 Max: 0.158115 
(-Infinity,0,005]:0
(0,005,0,01]:1
(0,01,0,025]:0
(0,025,0,05]:0
(0,05,0,075]:0
(0,075,0,1]:0
(0,1,0,25]:1
(0,25,0,5]:0
(0,5,0,75]:0
(0,75,1]:0
(1,2,5]:0
(2,5,5]:0
(5,7,5]:0
(7,5,10]:0
(10,+Infinity]:0
(2026-06-08T01:29:07.9119384Z, 2026-06-08T01:29:12.3354628Z] http.request.method: GET http.response.status_code: 200 http.route: api/public/stores/{storeId}/catalog/categories network.protocol.version: 1.1 url.scheme: http
Value: Sum: 0.0688572 Count: 1 Min: 0.0688572 Max: 0.0688572 
(-Infinity,0,005]:0
(0,005,0,01]:0
(0,01,0,025]:0
(0,025,0,05]:0
(0,05,0,075]:1
(0,075,0,1]:0
(0,1,0,25]:0
(0,25,0,5]:0
(0,5,0,75]:0
(0,75,1]:0
(1,2,5]:0
(2,5,5]:0
(5,7,5]:0
(7,5,10]:0
(10,+Infinity]:0
(2026-06-08T01:29:07.9119384Z, 2026-06-08T01:29:12.3354628Z] http.request.method: POST http.response.status_code: 200 http.route: api/auth/refresh network.protocol.version: 1.1 url.scheme: http
Value: Sum: 0.1089914 Count: 1 Min: 0.1089914 Max: 0.1089914 
(-Infinity,0,005]:0
(0,005,0,01]:0
(0,01,0,025]:0
(0,025,0,05]:0
(0,05,0,075]:0
(0,075,0,1]:0
(0,1,0,25]:1
(0,25,0,5]:0
(0,5,0,75]:0
(0,75,1]:0
(1,2,5]:0
(2,5,5]:0
(5,7,5]:0
(7,5,10]:0
(10,+Infinity]:0
(2026-06-08T01:29:07.9119384Z, 2026-06-08T01:29:12.3354628Z] http.request.method: POST http.response.status_code: 201 http.route: api/stores/{storeId}/products network.protocol.version: 1.1 url.scheme: http
Value: Sum: 0.2237816 Count: 1 Min: 0.2237816 Max: 0.2237816 
(-Infinity,0,005]:0
(0,005,0,01]:0
(0,01,0,025]:0
(0,025,0,05]:0
(0,05,0,075]:0
(0,075,0,1]:0
(0,1,0,25]:1
(0,25,0,5]:0
(0,5,0,75]:0
(0,75,1]:0
(1,2,5]:0
(2,5,5]:0
(5,7,5]:0
(7,5,10]:0
(10,+Infinity]:0
(2026-06-08T01:29:07.9119384Z, 2026-06-08T01:29:12.3354628Z] http.request.method: PUT http.response.status_code: 200 http.route: api/stores/{storeId}/address network.protocol.version: 1.1 url.scheme: http
Value: Sum: 0.2955106 Count: 1 Min: 0.2955106 Max: 0.2955106 
(-Infinity,0,005]:0
(0,005,0,01]:0
(0,01,0,025]:0
(0,025,0,05]:0
(0,05,0,075]:0
(0,075,0,1]:0
(0,1,0,25]:0
(0,25,0,5]:1
(0,5,0,75]:0
(0,75,1]:0
(1,2,5]:0
(2,5,5]:0
(5,7,5]:0
(7,5,10]:0
(10,+Infinity]:0
(2026-06-08T01:29:07.9119384Z, 2026-06-08T01:29:12.3354628Z] http.request.method: PUT http.response.status_code: 200 http.route: api/stores/{storeId}/products/{productId} network.protocol.version: 1.1 url.scheme: http
Value: Sum: 0.2087002 Count: 1 Min: 0.2087002 Max: 0.2087002 
(-Infinity,0,005]:0
(0,005,0,01]:0
(0,01,0,025]:0
(0,025,0,05]:0
(0,05,0,075]:0
(0,075,0,1]:0
(0,1,0,25]:1
(0,25,0,5]:0
(0,5,0,75]:0
(0,75,1]:0
(1,2,5]:0
(2,5,5]:0
(5,7,5]:0
(7,5,10]:0
(10,+Infinity]:0
(2026-06-08T01:29:07.9119384Z, 2026-06-08T01:29:12.3354628Z] http.request.method: PUT http.response.status_code: 200 http.route: api/stores/{storeId}/business-hours network.protocol.version: 1.1 url.scheme: http
Value: Sum: 0.1993077 Count: 1 Min: 0.1993077 Max: 0.1993077 
(-Infinity,0,005]:0
(0,005,0,01]:0
(0,01,0,025]:0
(0,025,0,05]:0
(0,05,0,075]:0
(0,075,0,1]:0
(0,1,0,25]:1
(0,25,0,5]:0
(0,5,0,75]:0
(0,75,1]:0
(1,2,5]:0
(2,5,5]:0
(5,7,5]:0
(7,5,10]:0
(10,+Infinity]:0
(2026-06-08T01:29:07.9119384Z, 2026-06-08T01:29:12.3354628Z] http.request.method: GET http.response.status_code: 403 http.route: api/customer/home network.protocol.version: 1.1 url.scheme: http
Value: Sum: 0.0007044 Count: 1 Min: 0.0007044 Max: 0.0007044 
(-Infinity,0,005]:1
(0,005,0,01]:0
(0,01,0,025]:0
(0,025,0,05]:0
(0,05,0,075]:0
(0,075,0,1]:0
(0,1,0,25]:0
(0,25,0,5]:0
(0,5,0,75]:0
(0,75,1]:0
(1,2,5]:0
(2,5,5]:0
(5,7,5]:0
(7,5,10]:0
(10,+Infinity]:0
(2026-06-08T01:29:07.9119384Z, 2026-06-08T01:29:12.3354628Z] http.request.method: GET http.response.status_code: 200 http.route: api/public/stores/{storeId} network.protocol.version: 1.1 url.scheme: http
Value: Sum: 0.0224112 Count: 1 Min: 0.0224112 Max: 0.0224112 
(-Infinity,0,005]:0
(0,005,0,01]:0
(0,01,0,025]:1
(0,025,0,05]:0
(0,05,0,075]:0
(0,075,0,1]:0
(0,1,0,25]:0
(0,25,0,5]:0
(0,5,0,75]:0
(0,75,1]:0
(1,2,5]:0
(2,5,5]:0
(5,7,5]:0
(7,5,10]:0
(10,+Infinity]:0
Metric Name: aspnetcore.routing.match_attempts, Description: Number of requests that were attempted to be matched to an endpoint., Unit: {match_attempt}, Metric Type: LongSum
Instrumentation scope (Meter):
	Name: Microsoft.AspNetCore.Routing
(2026-06-08T01:29:07.9809470Z, 2026-06-08T01:29:12.3354660Z] aspnetcore.routing.is_fallback: false aspnetcore.routing.match_status: success http.route: api/auth/register/seller
Value: 10
(2026-06-08T01:29:07.9809470Z, 2026-06-08T01:29:12.3354660Z] aspnetcore.routing.is_fallback: false aspnetcore.routing.match_status: success http.route: api/auth/login/seller
Value: 10
(2026-06-08T01:29:07.9809470Z, 2026-06-08T01:29:12.3354660Z] aspnetcore.routing.is_fallback: false aspnetcore.routing.match_status: success http.route: api/stores
Value: 8
(2026-06-08T01:29:07.9809470Z, 2026-06-08T01:29:12.3354660Z] aspnetcore.routing.is_fallback: false aspnetcore.routing.match_status: success http.route: api/stores/{storeId}/status
Value: 2
(2026-06-08T01:29:07.9809470Z, 2026-06-08T01:29:12.3354660Z] aspnetcore.routing.is_fallback: false aspnetcore.routing.match_status: success http.route: api/stores/{storeId}/delivery-config
Value: 2
(2026-06-08T01:29:07.9809470Z, 2026-06-08T01:29:12.3354660Z] aspnetcore.routing.is_fallback: false aspnetcore.routing.match_status: success http.route: api/auth/register/customer
Value: 4
(2026-06-08T01:29:07.9809470Z, 2026-06-08T01:29:12.3354660Z] aspnetcore.routing.is_fallback: false aspnetcore.routing.match_status: success http.route: api/auth/login/customer
Value: 3
(2026-06-08T01:29:07.9809470Z, 2026-06-08T01:29:12.3354660Z] aspnetcore.routing.is_fallback: false aspnetcore.routing.match_status: success http.route: api/customer/addresses
Value: 2
(2026-06-08T01:29:07.9809470Z, 2026-06-08T01:29:12.3354660Z] aspnetcore.routing.is_fallback: false aspnetcore.routing.match_status: success http.route: api/stores/{storeId}/categories
Value: 4
(2026-06-08T01:29:07.9809470Z, 2026-06-08T01:29:12.3354660Z] aspnetcore.routing.is_fallback: false aspnetcore.routing.match_status: success http.route: api/orders
Value: 2
(2026-06-08T01:29:07.9809470Z, 2026-06-08T01:29:12.3354660Z] aspnetcore.routing.is_fallback: false aspnetcore.routing.match_status: success http.route: api/stores/{storeId}/products
Value: 2
(2026-06-08T01:29:07.9809470Z, 2026-06-08T01:29:12.3354660Z] aspnetcore.routing.is_fallback: false aspnetcore.routing.match_status: success http.route: api/public/stores
Value: 2
(2026-06-08T01:29:07.9809470Z, 2026-06-08T01:29:12.3354660Z] aspnetcore.routing.is_fallback: false aspnetcore.routing.match_status: success http.route: api/public/stores/{storeId}/catalog/categories
Value: 1
(2026-06-08T01:29:07.9809470Z, 2026-06-08T01:29:12.3354660Z] aspnetcore.routing.is_fallback: false aspnetcore.routing.match_status: success http.route: api/stores/{storeId}/address
Value: 1
(2026-06-08T01:29:07.9809470Z, 2026-06-08T01:29:12.3354660Z] aspnetcore.routing.is_fallback: false aspnetcore.routing.match_status: success http.route: api/auth/refresh
Value: 1
(2026-06-08T01:29:07.9809470Z, 2026-06-08T01:29:12.3354660Z] aspnetcore.routing.is_fallback: false aspnetcore.routing.match_status: success http.route: api/stores/{storeId}/products/{productId}
Value: 1
(2026-06-08T01:29:07.9809470Z, 2026-06-08T01:29:12.3354660Z] aspnetcore.routing.is_fallback: false aspnetcore.routing.match_status: success http.route: api/stores/{storeId}/business-hours
Value: 1
(2026-06-08T01:29:07.9809470Z, 2026-06-08T01:29:12.3354660Z] aspnetcore.routing.is_fallback: false aspnetcore.routing.match_status: success http.route: api/customer/home
Value: 1
(2026-06-08T01:29:07.9809470Z, 2026-06-08T01:29:12.3354660Z] aspnetcore.routing.is_fallback: false aspnetcore.routing.match_status: success http.route: api/public/stores/{storeId}
Value: 1
Metric Name: http.server.active_requests, Description: Number of active HTTP server requests., Unit: {request}, Metric Type: LongSumNonMonotonic
Instrumentation scope (Meter):
	Name: Microsoft.AspNetCore.Hosting
(2026-06-08T01:29:11.3815575Z, 2026-06-08T01:29:12.3354682Z] http.request.method: POST url.scheme: http
Value: 0
(2026-06-08T01:29:11.3815575Z, 2026-06-08T01:29:12.3354682Z] http.request.method: GET url.scheme: http
Value: 0
Metric Name: http.server.request.duration, Description: Duration of HTTP server requests., Unit: s, Metric Type: Histogram
Instrumentation scope (Meter):
	Name: Microsoft.AspNetCore.Hosting
(2026-06-08T01:29:11.3816953Z, 2026-06-08T01:29:12.3354704Z] http.request.method: POST http.response.status_code: 200 http.route: api/auth/login/admin network.protocol.version: 1.1 url.scheme: http
Value: Sum: 0.2690333 Count: 1 Min: 0.2690333 Max: 0.2690333 
(-Infinity,0,005]:0
(0,005,0,01]:0
(0,01,0,025]:0
(0,025,0,05]:0
(0,05,0,075]:0
(0,075,0,1]:0
(0,1,0,25]:0
(0,25,0,5]:1
(0,5,0,75]:0
(0,75,1]:0
(1,2,5]:0
(2,5,5]:0
(5,7,5]:0
(7,5,10]:0
(10,+Infinity]:0
(2026-06-08T01:29:11.3816953Z, 2026-06-08T01:29:12.3354704Z] http.request.method: POST http.response.status_code: 201 http.route: api/LandingPageContent network.protocol.version: 1.1 url.scheme: http
Value: Sum: 0.0316529 Count: 2 Min: 0.0029564 Max: 0.0286965 
(-Infinity,0,005]:1
(0,005,0,01]:0
(0,01,0,025]:0
(0,025,0,05]:1
(0,05,0,075]:0
(0,075,0,1]:0
(0,1,0,25]:0
(0,25,0,5]:0
(0,5,0,75]:0
(0,75,1]:0
(1,2,5]:0
(2,5,5]:0
(5,7,5]:0
(7,5,10]:0
(10,+Infinity]:0
(2026-06-08T01:29:11.3816953Z, 2026-06-08T01:29:12.3354704Z] http.request.method: GET http.response.status_code: 200 http.route: api/LandingPageContent network.protocol.version: 1.1 url.scheme: http
Value: Sum: 0.0331468 Count: 1 Min: 0.0331468 Max: 0.0331468 
(-Infinity,0,005]:0
(0,005,0,01]:0
(0,01,0,025]:0
(0,025,0,05]:1
(0,05,0,075]:0
(0,075,0,1]:0
(0,1,0,25]:0
(0,25,0,5]:0
(0,5,0,75]:0
(0,75,1]:0
(1,2,5]:0
(2,5,5]:0
(5,7,5]:0
(7,5,10]:0
(10,+Infinity]:0
(2026-06-08T01:29:11.3816953Z, 2026-06-08T01:29:12.3354704Z] http.request.method: POST http.response.status_code: 201 http.route: api/auth/register/seller network.protocol.version: 1.1 url.scheme: http
Value: Sum: 0.0799565 Count: 1 Min: 0.0799565 Max: 0.0799565 
(-Infinity,0,005]:0
(0,005,0,01]:0
(0,01,0,025]:0
(0,025,0,05]:0
(0,05,0,075]:0
(0,075,0,1]:1
(0,1,0,25]:0
(0,25,0,5]:0
(0,5,0,75]:0
(0,75,1]:0
(1,2,5]:0
(2,5,5]:0
(5,7,5]:0
(7,5,10]:0
(10,+Infinity]:0
Metric Name: aspnetcore.routing.match_attempts, Description: Number of requests that were attempted to be matched to an endpoint., Unit: {match_attempt}, Metric Type: LongSum
Instrumentation scope (Meter):
	Name: Microsoft.AspNetCore.Routing
(2026-06-08T01:29:11.4206241Z, 2026-06-08T01:29:12.3354709Z] aspnetcore.routing.is_fallback: false aspnetcore.routing.match_status: success http.route: api/auth/login/admin
Value: 1
(2026-06-08T01:29:11.4206241Z, 2026-06-08T01:29:12.3354709Z] aspnetcore.routing.is_fallback: false aspnetcore.routing.match_status: success http.route: api/LandingPageContent
Value: 3
(2026-06-08T01:29:11.4206241Z, 2026-06-08T01:29:12.3354709Z] aspnetcore.routing.is_fallback: false aspnetcore.routing.match_status: success http.route: api/auth/register/seller
Value: 1
[22:29:12 INF] Server fabio-mobile:44964:45267c46 All dispatchers stopped
[22:29:12 INF] Server fabio-mobile:44964:45267c46 successfully reported itself as stopped in 0,0673 ms
[22:29:12 INF] Server fabio-mobile:44964:45267c46 has been stopped in total 85,4932 ms
[22:29:12 INF] Request starting HTTP/1.1 GET http://localhost/api/landingpagecontent/section/Stats - null null
[22:29:12 INF] Executing endpoint 'Urbeat.WebApi.Controllers.LandingPageContentController.GetBySection (Urbeat.WebApi)'
[22:29:12 INF] Route matched with {action = "GetBySection", controller = "LandingPageContent"}. Executing controller action with signature System.Threading.Tasks.Task`1[Microsoft.AspNetCore.Mvc.IActionResult] GetBySection(System.String, System.Threading.CancellationToken) on controller Urbeat.WebApi.Controllers.LandingPageContentController (Urbeat.WebApi).
[22:29:12 INF] Executing action method Urbeat.WebApi.Controllers.LandingPageContentController.GetBySection (Urbeat.WebApi) - Validation state: Valid
[22:29:12 INF] Saved 1 entities to in-memory store.
[22:29:12 INF] Saved 1 entities to in-memory store.
[22:29:12 INF] Saved 1 entities to in-memory store.
[22:29:12 INF] Saved 7 entities to in-memory store.
[22:29:12 INF] Executed action method Urbeat.WebApi.Controllers.LandingPageContentController.GetBySection (Urbeat.WebApi), returned result Microsoft.AspNetCore.Mvc.OkObjectResult in 5.073ms.
[22:29:12 INF] Executed action Urbeat.WebApi.Controllers.LandingPageContentController.GetBySection (Urbeat.WebApi) in 5.6759ms
[22:29:12 INF] Executed endpoint 'Urbeat.WebApi.Controllers.LandingPageContentController.GetBySection (Urbeat.WebApi)'
[22:29:12 INF] Request finished HTTP/1.1 GET http://localhost/api/landingpagecontent/section/Stats - 200 null application/json; charset=utf-8 8.8289ms
Activity.TraceId:            c45f95060f982c32cb3764067160b9a3
Activity.SpanId:             0051f33aa3cb60ec
Activity.TraceFlags:         Recorded
Activity.DisplayName:        GET api/LandingPageContent/section/{section}
Activity.Kind:               Server
Activity.StartTime:          2026-06-08T01:29:12.4265430Z
Activity.Duration:           00:00:00.0089033
Activity.Tags:
    server.address: localhost
    http.request.method: GET
    url.scheme: http
    url.path: /api/landingpagecontent/section/Stats
    network.protocol.version: 1.1
    http.route: api/LandingPageContent/section/{section}
    http.response.status_code: 200
Instrumentation scope (ActivitySource):
    Name: Microsoft.AspNetCore
Resource associated with Activity:
    telemetry.sdk.name: opentelemetry
    telemetry.sdk.language: dotnet
    telemetry.sdk.version: 1.14.0
    service.name: unknown_service:testhost
Activity.TraceId:            c45f95060f982c32cb3764067160b9a3
Activity.SpanId:             0051f33aa3cb60ec
Activity.TraceFlags:         Recorded
Activity.DisplayName:        GET api/LandingPageContent/section/{section}
Activity.Kind:               Server
Activity.StartTime:          2026-06-08T01:29:12.4265430Z
Activity.Duration:           00:00:00.0089033
Activity.Tags:
    server.address: localhost
    http.request.method: GET
    url.scheme: http
    url.path: /api/landingpagecontent/section/Stats
    network.protocol.version: 1.1
    http.route: api/LandingPageContent/section/{section}
    http.response.status_code: 200
Instrumentation scope (ActivitySource):
    Name: Microsoft.AspNetCore
Resource associated with Activity:
    telemetry.sdk.name: opentelemetry
    telemetry.sdk.language: dotnet
    telemetry.sdk.version: 1.14.0
    service.name: unknown_service:testhost
Activity.TraceId:            c45f95060f982c32cb3764067160b9a3
Activity.SpanId:             0051f33aa3cb60ec
Activity.TraceFlags:         Recorded
Activity.DisplayName:        GET api/LandingPageContent/section/{section}
Activity.Kind:               Server
Activity.StartTime:          2026-06-08T01:29:12.4265430Z
Activity.Duration:           00:00:00.0089033
Activity.Tags:
    server.address: localhost
    http.request.method: GET
    url.scheme: http
    url.path: /api/landingpagecontent/section/Stats
    network.protocol.version: 1.1
    http.route: api/LandingPageContent/section/{section}
    http.response.status_code: 200
Instrumentation scope (ActivitySource):
    Name: Microsoft.AspNetCore
Resource associated with Activity:
    telemetry.sdk.name: opentelemetry
    telemetry.sdk.language: dotnet
    telemetry.sdk.version: 1.14.0
    service.name: unknown_service:testhost
Activity.TraceId:            c45f95060f982c32cb3764067160b9a3
Activity.SpanId:             0051f33aa3cb60ec
Activity.TraceFlags:         Recorded
Activity.DisplayName:        GET api/LandingPageContent/section/{section}
Activity.Kind:               Server
Activity.StartTime:          2026-06-08T01:29:12.4265430Z
Activity.Duration:           00:00:00.0089033
Activity.Tags:
    server.address: localhost
    http.request.method: GET
    url.scheme: http
    url.path: /api/landingpagecontent/section/Stats
    network.protocol.version: 1.1
    http.route: api/LandingPageContent/section/{section}
    http.response.status_code: 200
Instrumentation scope (ActivitySource):
    Name: Microsoft.AspNetCore
Resource associated with Activity:
    telemetry.sdk.name: opentelemetry
    telemetry.sdk.language: dotnet
    telemetry.sdk.version: 1.14.0
    service.name: unknown_service:testhost
Activity.TraceId:            c45f95060f982c32cb3764067160b9a3
Activity.SpanId:             0051f33aa3cb60ec
Activity.TraceFlags:         Recorded
Activity.DisplayName:        GET api/LandingPageContent/section/{section}
Activity.Kind:               Server
Activity.StartTime:          2026-06-08T01:29:12.4265430Z
Activity.Duration:           00:00:00.0089033
Activity.Tags:
    server.address: localhost
    http.request.method: GET
    url.scheme: http
    url.path: /api/landingpagecontent/section/Stats
    network.protocol.version: 1.1
    http.route: api/LandingPageContent/section/{section}
    http.response.status_code: 200
Instrumentation scope (ActivitySource):
    Name: Microsoft.AspNetCore
Resource associated with Activity:
    telemetry.sdk.name: opentelemetry
    telemetry.sdk.language: dotnet
    telemetry.sdk.version: 1.14.0
    service.name: unknown_service:testhost
Activity.TraceId:            c45f95060f982c32cb3764067160b9a3
Activity.SpanId:             0051f33aa3cb60ec
Activity.TraceFlags:         Recorded
Activity.DisplayName:        GET api/LandingPageContent/section/{section}
Activity.Kind:               Server
Activity.StartTime:          2026-06-08T01:29:12.4265430Z
Activity.Duration:           00:00:00.0089033
Activity.Tags:
    server.address: localhost
    http.request.method: GET
    url.scheme: http
    url.path: /api/landingpagecontent/section/Stats
    network.protocol.version: 1.1
    http.route: api/LandingPageContent/section/{section}
    http.response.status_code: 200
Instrumentation scope (ActivitySource):
    Name: Microsoft.AspNetCore
Resource associated with Activity:
    telemetry.sdk.name: opentelemetry
    telemetry.sdk.language: dotnet
    telemetry.sdk.version: 1.14.0
    service.name: unknown_service:testhost
Activity.TraceId:            c45f95060f982c32cb3764067160b9a3
Activity.SpanId:             0051f33aa3cb60ec
Activity.TraceFlags:         Recorded
Activity.DisplayName:        GET api/LandingPageContent/section/{section}
Activity.Kind:               Server
Activity.StartTime:          2026-06-08T01:29:12.4265430Z
Activity.Duration:           00:00:00.0089033
Activity.Tags:
    server.address: localhost
    http.request.method: GET
    url.scheme: http
    url.path: /api/landingpagecontent/section/Stats
    network.protocol.version: 1.1
    http.route: api/LandingPageContent/section/{section}
    http.response.status_code: 200
Instrumentation scope (ActivitySource):
    Name: Microsoft.AspNetCore
Resource associated with Activity:
    telemetry.sdk.name: opentelemetry
    telemetry.sdk.language: dotnet
    telemetry.sdk.version: 1.14.0
    service.name: unknown_service:testhost
Resource associated with Metrics:
	telemetry.sdk.name: opentelemetry
	telemetry.sdk.language: dotnet
	telemetry.sdk.version: 1.14.0
	service.name: unknown_service:testhost
Metric Name: http.server.active_requests, Description: Number of active HTTP server requests., Unit: {request}, Metric Type: LongSumNonMonotonic
Instrumentation scope (Meter):
	Name: Microsoft.AspNetCore.Hosting
(2026-06-08T01:29:04.1532262Z, 2026-06-08T01:29:12.4372179Z] http.request.method: GET url.scheme: http
Value: 0
(2026-06-08T01:29:04.1532262Z, 2026-06-08T01:29:12.4372179Z] http.request.method: POST url.scheme: http
Value: 0
(2026-06-08T01:29:04.1532262Z, 2026-06-08T01:29:12.4372179Z] http.request.method: PUT url.scheme: http
Value: 0
(2026-06-08T01:29:04.1532262Z, 2026-06-08T01:29:12.4372179Z] http.request.method: PATCH url.scheme: http
Value: 0
(2026-06-08T01:29:04.1532262Z, 2026-06-08T01:29:12.4372179Z] http.request.method: DELETE url.scheme: http
Value: 0
Metric Name: http.server.request.duration, Description: Duration of HTTP server requests., Unit: s, Metric Type: Histogram
Instrumentation scope (Meter):
	Name: Microsoft.AspNetCore.Hosting
(2026-06-08T01:29:04.1532493Z, 2026-06-08T01:29:12.4372414Z] http.request.method: GET http.response.status_code: 401 http.route: api/stores/{storeId}/categories network.protocol.version: 1.1 url.scheme: http
Value: Sum: 0.1887134 Count: 1 Min: 0.1887134 Max: 0.1887134 
(-Infinity,0,005]:0
(0,005,0,01]:0
(0,01,0,025]:0
(0,025,0,05]:0
(0,05,0,075]:0
(0,075,0,1]:0
(0,1,0,25]:1
(0,25,0,5]:0
(0,5,0,75]:0
(0,75,1]:0
(1,2,5]:0
(2,5,5]:0
(5,7,5]:0
(7,5,10]:0
(10,+Infinity]:0
(2026-06-08T01:29:04.1532493Z, 2026-06-08T01:29:12.4372414Z] http.request.method: GET http.response.status_code: 403 http.route: api/customer/home network.protocol.version: 1.1 url.scheme: http
Value: Sum: 0.1794913 Count: 1 Min: 0.1794913 Max: 0.1794913 
(-Infinity,0,005]:0
(0,005,0,01]:0
(0,01,0,025]:0
(0,025,0,05]:0
(0,05,0,075]:0
(0,075,0,1]:0
(0,1,0,25]:1
(0,25,0,5]:0
(0,5,0,75]:0
(0,75,1]:0
(1,2,5]:0
(2,5,5]:0
(5,7,5]:0
(7,5,10]:0
(10,+Infinity]:0
(2026-06-08T01:29:04.1532493Z, 2026-06-08T01:29:12.4372414Z] http.request.method: GET http.response.status_code: 400 http.route: api/address-lookup/cep/{cep} network.protocol.version: 1.1 url.scheme: http
Value: Sum: 0.214077 Count: 1 Min: 0.214077 Max: 0.214077 
(-Infinity,0,005]:0
(0,005,0,01]:0
(0,01,0,025]:0
(0,025,0,05]:0
(0,05,0,075]:0
(0,075,0,1]:0
(0,1,0,25]:1
(0,25,0,5]:0
(0,5,0,75]:0
(0,75,1]:0
(1,2,5]:0
(2,5,5]:0
(5,7,5]:0
(7,5,10]:0
(10,+Infinity]:0
(2026-06-08T01:29:04.1532493Z, 2026-06-08T01:29:12.4372414Z] http.request.method: GET http.response.status_code: 403 http.route: api/admin/dashboard network.protocol.version: 1.1 url.scheme: http
  Passed Urbeat.IntegrationTests.Api.StoreProductsFlowTests.Seller_ShouldUpdateProduct [1 s]
  Failed Urbeat.IntegrationTests.Api.OrdersFlowTests.SellerStoreHistory_ShouldFilterByStatus_AndPaginate [1 s]
  Error Message:
   Expected response.StatusCode to be HttpStatusCode.Created {value: 201}, but found HttpStatusCode.BadRequest {value: 400}.
  Stack Trace:
     at FluentAssertions.Execution.LateBoundTestFramework.Throw(String message)
   at FluentAssertions.Execution.DefaultAssertionStrategy.HandleFailure(String message)
   at FluentAssertions.Execution.AssertionScope.AddPreFormattedFailure(String formattedFailureMessage)
   at FluentAssertions.Execution.AssertionChain.FailWith(Func`1 getFailureReason)
   at FluentAssertions.Execution.AssertionChain.FailWith(Func`1 getFailureReason)
   at FluentAssertions.Execution.AssertionChain.FailWith(String message, Object[] args)
   at FluentAssertions.Primitives.EnumAssertions`2.Be(TEnum expected, String because, Object[] becauseArgs)
   at Urbeat.IntegrationTests.Api.OrdersFlowTests.CreateOrderAsync(HttpClient customerClient, Guid storeId, Guid addressId, PaymentMethod paymentMethod, String itemName) in C:\Projetos\urbeat\backend\tests\Urbeat.IntegrationTests\Api\OrdersFlowTests.cs:line 201
   at Urbeat.IntegrationTests.Api.OrdersFlowTests.SellerStoreHistory_ShouldFilterByStatus_AndPaginate() in C:\Projetos\urbeat\backend\tests\Urbeat.IntegrationTests\Api\OrdersFlowTests.cs:line 147
--- End of stack trace from previous location ---
  Passed Urbeat.IntegrationTests.Api.AuthenticationFlowTests.RegisterSeller_LoginSeller_AndAccessCustomerEndpoint_ShouldReturnForbidden [671 ms]
  Passed Urbeat.IntegrationTests.Api.PublicStoresFlowTests.PublicEndpoints_ShouldListAndGetStoreDetails [2 s]
  Passed Urbeat.IntegrationTests.Api.StoreCategoriesFlowTests.Seller_ShouldReturnBadRequest_WhenCreatingCategoryWithEmptyName [893 ms]
  Failed Urbeat.IntegrationTests.Api.PaymentsFlowTests.MercadoPagoWebhook_ShouldConfirmPayment_AndBeIdempotent [1 s]
  Error Message:
   Expected createOrderResponse.StatusCode to be HttpStatusCode.Created {value: 201}, but found HttpStatusCode.BadRequest {value: 400}.
  Stack Trace:
     at FluentAssertions.Execution.LateBoundTestFramework.Throw(String message)
   at FluentAssertions.Execution.DefaultAssertionStrategy.HandleFailure(String message)
   at FluentAssertions.Execution.AssertionScope.AddPreFormattedFailure(String formattedFailureMessage)
   at FluentAssertions.Execution.AssertionChain.FailWith(Func`1 getFailureReason)
   at FluentAssertions.Execution.AssertionChain.FailWith(Func`1 getFailureReason)
   at FluentAssertions.Execution.AssertionChain.FailWith(String message, Object[] args)
   at FluentAssertions.Primitives.EnumAssertions`2.Be(TEnum expected, String because, Object[] becauseArgs)
   at Urbeat.IntegrationTests.Api.PaymentsFlowTests.MercadoPagoWebhook_ShouldConfirmPayment_AndBeIdempotent() in C:\Projetos\urbeat\backend\tests\Urbeat.IntegrationTests\Api\PaymentsFlowTests.cs:line 222
--- End of stack trace from previous location ---
  Passed Urbeat.IntegrationTests.Api.LandingPageContentFlowTests.PublicEndpoints_ShouldReturnOnlyActiveContent [1 s]
Value: Sum: 0.0062894 Count: 1 Min: 0.0062894 Max: 0.0062894 
(-Infinity,0,005]:0
(0,005,0,01]:1
(0,01,0,025]:0
(0,025,0,05]:0
(0,05,0,075]:0
(0,075,0,1]:0
(0,1,0,25]:0
(0,25,0,5]:0
(0,5,0,75]:0
(0,75,1]:0
(1,2,5]:0
(2,5,5]:0
(5,7,5]:0
(7,5,10]:0
(10,+Infinity]:0
(2026-06-08T01:29:04.1532493Z, 2026-06-08T01:29:12.4372414Z] http.request.method: GET http.response.status_code: 403 http.route: api/seller/panel network.protocol.version: 1.1 url.scheme: http
Value: Sum: 0.0081006 Count: 1 Min: 0.0081006 Max: 0.0081006 
(-Infinity,0,005]:0
(0,005,0,01]:1
(0,01,0,025]:0
(0,025,0,05]:0
(0,05,0,075]:0
(0,075,0,1]:0
(0,1,0,25]:0
(0,25,0,5]:0
(0,5,0,75]:0
(0,75,1]:0
(1,2,5]:0
(2,5,5]:0
(5,7,5]:0
(7,5,10]:0
(10,+Infinity]:0
(2026-06-08T01:29:04.1532493Z, 2026-06-08T01:29:12.4372414Z] http.request.method: GET http.response.status_code: 200 http.route: api/customer/home network.protocol.version: 1.1 url.scheme: http
Value: Sum: 0.0835938 Count: 1 Min: 0.0835938 Max: 0.0835938 
(-Infinity,0,005]:0
(0,005,0,01]:0
(0,01,0,025]:0
(0,025,0,05]:0
(0,05,0,075]:0
(0,075,0,1]:1
(0,1,0,25]:0
(0,25,0,5]:0
(0,5,0,75]:0
(0,75,1]:0
(1,2,5]:0
(2,5,5]:0
(5,7,5]:0
(7,5,10]:0
(10,+Infinity]:0
(2026-06-08T01:29:04.1532493Z, 2026-06-08T01:29:12.4372414Z] http.request.method: GET http.response.status_code: 200 http.route: api/admin/dashboard network.protocol.version: 1.1 url.scheme: http
Value: Sum: 0.0702009 Count: 1 Min: 0.0702009 Max: 0.0702009 
(-Infinity,0,005]:0
(0,005,0,01]:0
(0,01,0,025]:0
(0,025,0,05]:0
(0,05,0,075]:1
(0,075,0,1]:0
(0,1,0,25]:0
(0,25,0,5]:0
(0,5,0,75]:0
(0,75,1]:0
(1,2,5]:0
(2,5,5]:0
(5,7,5]:0
(7,5,10]:0
(10,+Infinity]:0
(2026-06-08T01:29:04.1532493Z, 2026-06-08T01:29:12.4372414Z] http.request.method: GET http.response.status_code: 200 http.route: api/seller/panel network.protocol.version: 1.1 url.scheme: http
Value: Sum: 0.0039645 Count: 1 Min: 0.0039645 Max: 0.0039645 
(-Infinity,0,005]:1
(0,005,0,01]:0
(0,01,0,025]:0
(0,025,0,05]:0
(0,05,0,075]:0
(0,075,0,1]:0
(0,1,0,25]:0
(0,25,0,5]:0
(0,5,0,75]:0
(0,75,1]:0
(1,2,5]:0
(2,5,5]:0
(5,7,5]:0
(7,5,10]:0
(10,+Infinity]:0
(2026-06-08T01:29:04.1532493Z, 2026-06-08T01:29:12.4372414Z] http.request.method: GET http.response.status_code: 401 http.route: api/seller/panel network.protocol.version: 1.1 url.scheme: http
Value: Sum: 0.0475293 Count: 1 Min: 0.0475293 Max: 0.0475293 
(-Infinity,0,005]:0
(0,005,0,01]:0
(0,01,0,025]:0
(0,025,0,05]:1
(0,05,0,075]:0
(0,075,0,1]:0
(0,1,0,25]:0
(0,25,0,5]:0
(0,5,0,75]:0
(0,75,1]:0
(1,2,5]:0
(2,5,5]:0
(5,7,5]:0
(7,5,10]:0
(10,+Infinity]:0
(2026-06-08T01:29:04.1532493Z, 2026-06-08T01:29:12.4372414Z] http.request.method: POST http.response.status_code: 200 http.route: api/auth/login/admin network.protocol.version: 1.1 url.scheme: http
Value: Sum: 1.2113599 Count: 6 Min: 0.0830577 Max: 0.4766453 
(-Infinity,0,005]:0
(0,005,0,01]:0
(0,01,0,025]:0
(0,025,0,05]:0
(0,05,0,075]:0
(0,075,0,1]:1
(0,1,0,25]:4
(0,25,0,5]:1
(0,5,0,75]:0
(0,75,1]:0
(1,2,5]:0
(2,5,5]:0
(5,7,5]:0
(7,5,10]:0
(10,+Infinity]:0
(2026-06-08T01:29:04.1532493Z, 2026-06-08T01:29:12.4372414Z] http.request.method: POST http.response.status_code: 201 http.route: api/auth/register/seller network.protocol.version: 1.1 url.scheme: http
Value: Sum: 7.851690100000003 Count: 28 Min: 0.0795934 Max: 0.6480225 
(-Infinity,0,005]:0
(0,005,0,01]:0
(0,01,0,025]:0
(0,025,0,05]:0
(0,05,0,075]:0
(0,075,0,1]:1
(0,1,0,25]:17
(0,25,0,5]:3
(0,5,0,75]:7
(0,75,1]:0
(1,2,5]:0
(2,5,5]:0
(5,7,5]:0
(7,5,10]:0
(10,+Infinity]:0
(2026-06-08T01:29:04.1532493Z, 2026-06-08T01:29:12.4372414Z] http.request.method: POST http.response.status_code: 201 http.route: api/auth/register/customer network.protocol.version: 1.1 url.scheme: http
Value: Sum: 2.4463274 Count: 10 Min: 0.1042389 Max: 0.6151793 
(-Infinity,0,005]:0
(0,005,0,01]:0
(0,01,0,025]:0
(0,025,0,05]:0
(0,05,0,075]:0
(0,075,0,1]:0
(0,1,0,25]:6
(0,25,0,5]:3
(0,5,0,75]:1
(0,75,1]:0
(1,2,5]:0
(2,5,5]:0
(5,7,5]:0
(7,5,10]:0
(10,+Infinity]:0
(2026-06-08T01:29:04.1532493Z, 2026-06-08T01:29:12.4372414Z] http.request.method: GET http.response.status_code: 401 http.route: api/admin/dashboard network.protocol.version: 1.1 url.scheme: http
Value: Sum: 0.0472334 Count: 1 Min: 0.0472334 Max: 0.0472334 
(-Infinity,0,005]:0
(0,005,0,01]:0
(0,01,0,025]:0
(0,025,0,05]:1
(0,05,0,075]:0
(0,075,0,1]:0
(0,1,0,25]:0
(0,25,0,5]:0
(0,5,0,75]:0
(0,75,1]:0
(1,2,5]:0
(2,5,5]:0
(5,7,5]:0
(7,5,10]:0
(10,+Infinity]:0
(2026-06-08T01:29:04.1532493Z, 2026-06-08T01:29:12.4372414Z] http.request.method: GET http.response.status_code: 401 http.route: api/customer/home network.protocol.version: 1.1 url.scheme: http
Value: Sum: 0.0376968 Count: 1 Min: 0.0376968 Max: 0.0376968 
(-Infinity,0,005]:0
(0,005,0,01]:0
(0,01,0,025]:0
(0,025,0,05]:1
(0,05,0,075]:0
(0,075,0,1]:0
(0,1,0,25]:0
(0,25,0,5]:0
(0,5,0,75]:0
(0,75,1]:0
(1,2,5]:0
(2,5,5]:0
(5,7,5]:0
(7,5,10]:0
(10,+Infinity]:0
(2026-06-08T01:29:04.1532493Z, 2026-06-08T01:29:12.4372414Z] http.request.method: POST http.response.status_code: 201 http.route: api/admin/plans network.protocol.version: 1.1 url.scheme: http
Value: Sum: 0.6144976 Count: 5 Min: 0.0746597 Max: 0.2358555 
(-Infinity,0,005]:0
(0,005,0,01]:0
(0,01,0,025]:0
(0,025,0,05]:0
(0,05,0,075]:1
(0,075,0,1]:2
(0,1,0,25]:2
(0,25,0,5]:0
(0,5,0,75]:0
(0,75,1]:0
(1,2,5]:0
(2,5,5]:0
(5,7,5]:0
(7,5,10]:0
(10,+Infinity]:0
(2026-06-08T01:29:04.1532493Z, 2026-06-08T01:29:12.4372414Z] http.request.method: POST http.response.status_code: 200 http.route: api/auth/login/customer network.protocol.version: 1.1 url.scheme: http
Value: Sum: 1.3640221000000001 Count: 7 Min: 0.0634958 Max: 0.2854274 
(-Infinity,0,005]:0
(0,005,0,01]:0
(0,01,0,025]:0
(0,025,0,05]:0
(0,05,0,075]:1
(0,075,0,1]:0
(0,1,0,25]:4
(0,25,0,5]:2
(0,5,0,75]:0
(0,75,1]:0
(1,2,5]:0
(2,5,5]:0
(5,7,5]:0
(7,5,10]:0
(10,+Infinity]:0
(2026-06-08T01:29:04.1532493Z, 2026-06-08T01:29:12.4372414Z] http.request.method: POST http.response.status_code: 200 http.route: api/auth/login/seller network.protocol.version: 1.1 url.scheme: http
Value: Sum: 3.6129274000000002 Count: 22 Min: 0.0466753 Max: 0.2976963 
(-Infinity,0,005]:0
(0,005,0,01]:0
(0,01,0,025]:0
(0,025,0,05]:1
(0,05,0,075]:0
(0,075,0,1]:2
(0,1,0,25]:17
(0,25,0,5]:2
(0,5,0,75]:0
(0,75,1]:0
(1,2,5]:0
(2,5,5]:0
(5,7,5]:0
(7,5,10]:0
(10,+Infinity]:0
(2026-06-08T01:29:04.1532493Z, 2026-06-08T01:29:12.4372414Z] http.request.method: POST http.response.status_code: 400 http.route: api/auth/email/confirm/{code} network.protocol.version: 1.1 url.scheme: http
Value: Sum: 0.3338337 Count: 4 Min: 0.0280381 Max: 0.2124374 
(-Infinity,0,005]:0
(0,005,0,01]:0
(0,01,0,025]:0
(0,025,0,05]:2
(0,05,0,075]:1
(0,075,0,1]:0
(0,1,0,25]:1
(0,25,0,5]:0
(0,5,0,75]:0
(0,75,1]:0
(1,2,5]:0
(2,5,5]:0
(5,7,5]:0
(7,5,10]:0
(10,+Infinity]:0
(2026-06-08T01:29:04.1532493Z, 2026-06-08T01:29:12.4372414Z] http.request.method: POST http.response.status_code: 400 http.route: api/auth/email/resend-confirmation network.protocol.version: 1.1 url.scheme: http
Value: Sum: 0.2919295 Count: 2 Min: 0.0771669 Max: 0.2147626 
(-Infinity,0,005]:0
(0,005,0,01]:0
(0,01,0,025]:0
(0,025,0,05]:0
(0,05,0,075]:0
(0,075,0,1]:1
(0,1,0,25]:1
(0,25,0,5]:0
(0,5,0,75]:0
(0,75,1]:0
(1,2,5]:0
(2,5,5]:0
(5,7,5]:0
(7,5,10]:0
(10,+Infinity]:0
(2026-06-08T01:29:04.1532493Z, 2026-06-08T01:29:12.4372414Z] http.request.method: PUT http.response.status_code: 200 http.route: api/admin/plans/{planId} network.protocol.version: 1.1 url.scheme: http
Value: Sum: 0.0809147 Count: 1 Min: 0.0809147 Max: 0.0809147 
(-Infinity,0,005]:0
(0,005,0,01]:0
(0,01,0,025]:0
(0,025,0,05]:0
(0,05,0,075]:0
(0,075,0,1]:1
(0,1,0,25]:0
(0,25,0,5]:0
(0,5,0,75]:0
(0,75,1]:0
(1,2,5]:0
(2,5,5]:0
(5,7,5]:0
(7,5,10]:0
(10,+Infinity]:0
(2026-06-08T01:29:04.1532493Z, 2026-06-08T01:29:12.4372414Z] http.request.method: PATCH http.response.status_code: 200 http.route: api/admin/plans/{planId}/status network.protocol.version: 1.1 url.scheme: http
Value: Sum: 0.0077534 Count: 1 Min: 0.0077534 Max: 0.0077534 
(-Infinity,0,005]:0
(0,005,0,01]:1
(0,01,0,025]:0
(0,025,0,05]:0
(0,05,0,075]:0
(0,075,0,1]:0
(0,1,0,25]:0
(0,25,0,5]:0
(0,5,0,75]:0
(0,75,1]:0
(1,2,5]:0
(2,5,5]:0
(5,7,5]:0
(7,5,10]:0
(10,+Infinity]:0
(2026-06-08T01:29:04.1532493Z, 2026-06-08T01:29:12.4372414Z] http.request.method: GET http.response.status_code: 200 http.route: /health network.protocol.version: 1.1 url.scheme: http
Value: Sum: 0.0093709 Count: 1 Min: 0.0093709 Max: 0.0093709 
(-Infinity,0,005]:0
(0,005,0,01]:1
(0,01,0,025]:0
(0,025,0,05]:0
(0,05,0,075]:0
(0,075,0,1]:0
(0,1,0,25]:0
(0,25,0,5]:0
(0,5,0,75]:0
(0,75,1]:0
(1,2,5]:0
(2,5,5]:0
(5,7,5]:0
(7,5,10]:0
(10,+Infinity]:0
(2026-06-08T01:29:04.1532493Z, 2026-06-08T01:29:12.4372414Z] http.request.method: POST http.response.status_code: 400 http.route: api/stores network.protocol.version: 1.1 url.scheme: http
Value: Sum: 0.2921478 Count: 2 Min: 0.0445437 Max: 0.2476041 
(-Infinity,0,005]:0
(0,005,0,01]:0
(0,01,0,025]:0
(0,025,0,05]:1
(0,05,0,075]:0
(0,075,0,1]:0
(0,1,0,25]:1
(0,25,0,5]:0
(0,5,0,75]:0
(0,75,1]:0
(1,2,5]:0
(2,5,5]:0
(5,7,5]:0
(7,5,10]:0
(10,+Infinity]:0
(2026-06-08T01:29:04.1532493Z, 2026-06-08T01:29:12.4372414Z] http.request.method: GET http.response.status_code: 200 http.route: api/stores/cuisine-types network.protocol.version: 1.1 url.scheme: http
Value: Sum: 0.1734619 Count: 1 Min: 0.1734619 Max: 0.1734619 
(-Infinity,0,005]:0
(0,005,0,01]:0
(0,01,0,025]:0
(0,025,0,05]:0
(0,05,0,075]:0
(0,075,0,1]:0
(0,1,0,25]:1
(0,25,0,5]:0
(0,5,0,75]:0
(0,75,1]:0
(1,2,5]:0
(2,5,5]:0
(5,7,5]:0
(7,5,10]:0
(10,+Infinity]:0
(2026-06-08T01:29:04.1532493Z, 2026-06-08T01:29:12.4372414Z] http.request.method: POST http.response.status_code: 201 http.route: api/customer/addresses network.protocol.version: 1.1 url.scheme: http
Value: Sum: 1.0507171 Count: 9 Min: 0.0041332 Max: 0.3100963 
(-Infinity,0,005]:1
(0,005,0,01]:0
(0,01,0,025]:0
(0,025,0,05]:0
(0,05,0,075]:1
(0,075,0,1]:2
(0,1,0,25]:4
(0,25,0,5]:1
(0,5,0,75]:0
(0,75,1]:0
(1,2,5]:0
(2,5,5]:0
(5,7,5]:0
(7,5,10]:0
(10,+Infinity]:0
(2026-06-08T01:29:04.1532493Z, 2026-06-08T01:29:12.4372414Z] http.request.method: POST http.response.status_code: 415 http.route: api/auth/email/confirm network.protocol.version: 1.1 url.scheme: http
Value: Sum: 0.1076132 Count: 2 Min: 0.0021767 Max: 0.1054365 
(-Infinity,0,005]:1
(0,005,0,01]:0
(0,01,0,025]:0
(0,025,0,05]:0
(0,05,0,075]:0
(0,075,0,1]:0
(0,1,0,25]:1
(0,25,0,5]:0
(0,5,0,75]:0
(0,75,1]:0
(1,2,5]:0
(2,5,5]:0
(5,7,5]:0
(7,5,10]:0
(10,+Infinity]:0
(2026-06-08T01:29:04.1532493Z, 2026-06-08T01:29:12.4372414Z] http.request.method: POST http.response.status_code: 201 http.route: api/stores network.protocol.version: 1.1 url.scheme: http
Value: Sum: 3.5885729 Count: 19 Min: 0.0542961 Max: 0.4716885 
(-Infinity,0,005]:0
(0,005,0,01]:0
(0,01,0,025]:0
(0,025,0,05]:0
(0,05,0,075]:3
(0,075,0,1]:2
(0,1,0,25]:9
(0,25,0,5]:5
(0,5,0,75]:0
(0,75,1]:0
(1,2,5]:0
(2,5,5]:0
(5,7,5]:0
(7,5,10]:0
(10,+Infinity]:0
(2026-06-08T01:29:04.1532493Z, 2026-06-08T01:29:12.4372414Z] http.request.method: GET http.response.status_code: 200 http.route: api/admin/plans network.protocol.version: 1.1 url.scheme: http
Value: Sum: 0.1440776 Count: 1 Min: 0.1440776 Max: 0.1440776 
(-Infinity,0,005]:0
(0,005,0,01]:0
(0,01,0,025]:0
(0,025,0,05]:0
(0,05,0,075]:0
(0,075,0,1]:0
(0,1,0,25]:1
(0,25,0,5]:0
(0,5,0,75]:0
(0,75,1]:0
(1,2,5]:0
(2,5,5]:0
(5,7,5]:0
(7,5,10]:0
(10,+Infinity]:0
(2026-06-08T01:29:04.1532493Z, 2026-06-08T01:29:12.4372414Z] http.request.method: POST http.response.status_code: 200 http.route: api/auth/email/resend-confirmation network.protocol.version: 1.1 url.scheme: http
Value: Sum: 0.2775514 Count: 3 Min: 0.0689539 Max: 0.1048669 
(-Infinity,0,005]:0
(0,005,0,01]:0
(0,01,0,025]:0
(0,025,0,05]:0
(0,05,0,075]:1
(0,075,0,1]:0
(0,1,0,25]:2
(0,25,0,5]:0
(0,5,0,75]:0
(0,75,1]:0
(1,2,5]:0
(2,5,5]:0
(5,7,5]:0
(7,5,10]:0
(10,+Infinity]:0
(2026-06-08T01:29:04.1532493Z, 2026-06-08T01:29:12.4372414Z] http.request.method: PATCH http.response.status_code: 200 http.route: api/stores/{storeId}/status network.protocol.version: 1.1 url.scheme: http
Value: Sum: 0.4358244 Count: 6 Min: 0.043708 Max: 0.111054 
(-Infinity,0,005]:0
(0,005,0,01]:0
(0,01,0,025]:0
(0,025,0,05]:1
(0,05,0,075]:3
(0,075,0,1]:1
(0,1,0,25]:1
(0,25,0,5]:0
(0,5,0,75]:0
(0,75,1]:0
(1,2,5]:0
(2,5,5]:0
(5,7,5]:0
(7,5,10]:0
(10,+Infinity]:0
(2026-06-08T01:29:04.1532493Z, 2026-06-08T01:29:12.4372414Z] http.request.method: PATCH http.response.status_code: 200 http.route: api/stores/{storeId}/delivery-config network.protocol.version: 1.1 url.scheme: http
Value: Sum: 0.6901387999999999 Count: 6 Min: 0.0737496 Max: 0.144072 
(-Infinity,0,005]:0
(0,005,0,01]:0
(0,01,0,025]:0
(0,025,0,05]:0
(0,05,0,075]:1
(0,075,0,1]:1
(0,1,0,25]:4
(0,25,0,5]:0
(0,5,0,75]:0
(0,75,1]:0
(1,2,5]:0
(2,5,5]:0
(5,7,5]:0
(7,5,10]:0
(10,+Infinity]:0
(2026-06-08T01:29:04.1532493Z, 2026-06-08T01:29:12.4372414Z] http.request.method: DELETE http.response.status_code: 404 http.route: api/stores/{storeId}/categories/{categoryId} network.protocol.version: 1.1 url.scheme: http
Value: Sum: 0.1927955 Count: 1 Min: 0.1927955 Max: 0.1927955 
(-Infinity,0,005]:0
(0,005,0,01]:0
(0,01,0,025]:0
(0,025,0,05]:0
(0,05,0,075]:0
(0,075,0,1]:0
(0,1,0,25]:1
(0,25,0,5]:0
(0,5,0,75]:0
(0,75,1]:0
(1,2,5]:0
(2,5,5]:0
(5,7,5]:0
(7,5,10]:0
(10,+Infinity]:0
(2026-06-08T01:29:04.1532493Z, 2026-06-08T01:29:12.4372414Z] http.request.method: GET http.response.status_code: 200 http.route: api/stores/my-store network.protocol.version: 1.1 url.scheme: http
Value: Sum: 0.37820180000000003 Count: 3 Min: 0.0368988 Max: 0.2033987 
(-Infinity,0,005]:0
(0,005,0,01]:0
(0,01,0,025]:0
(0,025,0,05]:1
(0,05,0,075]:0
(0,075,0,1]:0
(0,1,0,25]:2
(0,25,0,5]:0
(0,5,0,75]:0
(0,75,1]:0
(1,2,5]:0
(2,5,5]:0
(5,7,5]:0
(7,5,10]:0
(10,+Infinity]:0
(2026-06-08T01:29:04.1532493Z, 2026-06-08T01:29:12.4372414Z] http.request.method: POST http.response.status_code: 204 http.route: api/admin/subscriptions/status network.protocol.version: 1.1 url.scheme: http
Value: Sum: 0.2806839 Count: 2 Min: 0.0911552 Max: 0.1895287 
(-Infinity,0,005]:0
(0,005,0,01]:0
(0,01,0,025]:0
(0,025,0,05]:0
(0,05,0,075]:0
(0,075,0,1]:1
(0,1,0,25]:1
(0,25,0,5]:0
(0,5,0,75]:0
(0,75,1]:0
(1,2,5]:0
(2,5,5]:0
(5,7,5]:0
(7,5,10]:0
(10,+Infinity]:0
(2026-06-08T01:29:04.1532493Z, 2026-06-08T01:29:12.4372414Z] http.request.method: POST http.response.status_code: 409 http.route: api/customer/addresses network.protocol.version: 1.1 url.scheme: http
Value: Sum: 0.0664064 Count: 1 Min: 0.0664064 Max: 0.0664064 
(-Infinity,0,005]:0
(0,005,0,01]:0
(0,01,0,025]:0
(0,025,0,05]:0
(0,05,0,075]:1
(0,075,0,1]:0
(0,1,0,25]:0
(0,25,0,5]:0
(0,5,0,75]:0
(0,75,1]:0
(1,2,5]:0
(2,5,5]:0
(5,7,5]:0
(7,5,10]:0
(10,+Infinity]:0
(2026-06-08T01:29:04.1532493Z, 2026-06-08T01:29:12.4372414Z] http.request.method: GET http.response.status_code: 200 http.route: api/subscriptions/my network.protocol.version: 1.1 url.scheme: http
Value: Sum: 0.4010074 Count: 2 Min: 0.193226 Max: 0.2077814 
(-Infinity,0,005]:0
(0,005,0,01]:0
(0,01,0,025]:0
(0,025,0,05]:0
(0,05,0,075]:0
(0,075,0,1]:0
(0,1,0,25]:2
(0,25,0,5]:0
(0,5,0,75]:0
(0,75,1]:0
(1,2,5]:0
(2,5,5]:0
(5,7,5]:0
(7,5,10]:0
(10,+Infinity]:0
(2026-06-08T01:29:04.1532493Z, 2026-06-08T01:29:12.4372414Z] http.request.method: GET http.response.status_code: 200 http.route: api/customer/addresses network.protocol.version: 1.1 url.scheme: http
Value: Sum: 0.1926895 Count: 1 Min: 0.1926895 Max: 0.1926895 
(-Infinity,0,005]:0
(0,005,0,01]:0
(0,01,0,025]:0
(0,025,0,05]:0
(0,05,0,075]:0
(0,075,0,1]:0
(0,1,0,25]:1
(0,25,0,5]:0
(0,5,0,75]:0
(0,75,1]:0
(1,2,5]:0
(2,5,5]:0
(5,7,5]:0
(7,5,10]:0
(10,+Infinity]:0
(2026-06-08T01:29:04.1532493Z, 2026-06-08T01:29:12.4372414Z] http.request.method: GET http.response.status_code: 200 http.route: api/subscriptions/plans network.protocol.version: 1.1 url.scheme: http
Value: Sum: 0.1021946 Count: 1 Min: 0.1021946 Max: 0.1021946 
(-Infinity,0,005]:0
(0,005,0,01]:0
(0,01,0,025]:0
(0,025,0,05]:0
(0,05,0,075]:0
(0,075,0,1]:0
(0,1,0,25]:1
(0,25,0,5]:0
(0,5,0,75]:0
(0,75,1]:0
(1,2,5]:0
(2,5,5]:0
(5,7,5]:0
(7,5,10]:0
(10,+Infinity]:0
(2026-06-08T01:29:04.1532493Z, 2026-06-08T01:29:12.4372414Z] http.request.method: POST http.response.status_code: 201 http.route: api/subscriptions/contract network.protocol.version: 1.1 url.scheme: http
Value: Sum: 0.4037082 Count: 2 Min: 0.1357914 Max: 0.2679168 
(-Infinity,0,005]:0
(0,005,0,01]:0
(0,01,0,025]:0
(0,025,0,05]:0
(0,05,0,075]:0
(0,075,0,1]:0
(0,1,0,25]:1
(0,25,0,5]:1
(0,5,0,75]:0
(0,75,1]:0
(1,2,5]:0
(2,5,5]:0
(5,7,5]:0
(7,5,10]:0
(10,+Infinity]:0
(2026-06-08T01:29:04.1532493Z, 2026-06-08T01:29:12.4372414Z] http.request.method: POST http.response.status_code: 403 http.route: api/auth/login/customer network.protocol.version: 1.1 url.scheme: http
Value: Sum: 0.2102732 Count: 1 Min: 0.2102732 Max: 0.2102732 
(-Infinity,0,005]:0
(0,005,0,01]:0
(0,01,0,025]:0
(0,025,0,05]:0
(0,05,0,075]:0
(0,075,0,1]:0
(0,1,0,25]:1
(0,25,0,5]:0
(0,5,0,75]:0
(0,75,1]:0
(1,2,5]:0
(2,5,5]:0
(5,7,5]:0
(7,5,10]:0
(10,+Infinity]:0
(2026-06-08T01:29:04.1532493Z, 2026-06-08T01:29:12.4372414Z] http.request.method: POST http.response.status_code: 409 http.route: api/stores network.protocol.version: 1.1 url.scheme: http
Value: Sum: 0.0766215 Count: 1 Min: 0.0766215 Max: 0.0766215 
(-Infinity,0,005]:0
(0,005,0,01]:0
(0,01,0,025]:0
(0,025,0,05]:0
(0,05,0,075]:0
(0,075,0,1]:1
(0,1,0,25]:0
(0,25,0,5]:0
(0,5,0,75]:0
(0,75,1]:0
(1,2,5]:0
(2,5,5]:0
(5,7,5]:0
(7,5,10]:0
(10,+Infinity]:0
(2026-06-08T01:29:04.1532493Z, 2026-06-08T01:29:12.4372414Z] http.request.method: POST http.response.status_code: 201 http.route: api/stores/{storeId}/categories network.protocol.version: 1.1 url.scheme: http
Value: Sum: 0.3703003 Count: 3 Min: 0.0702828 Max: 0.2265858 
(-Infinity,0,005]:0
(0,005,0,01]:0
(0,01,0,025]:0
(0,025,0,05]:0
(0,05,0,075]:2
(0,075,0,1]:0
(0,1,0,25]:1
(0,25,0,5]:0
(0,5,0,75]:0
(0,75,1]:0
(1,2,5]:0
(2,5,5]:0
(5,7,5]:0
(7,5,10]:0
(10,+Infinity]:0
(2026-06-08T01:29:04.1532493Z, 2026-06-08T01:29:12.4372414Z] http.request.method: DELETE http.response.status_code: 204 http.route: api/stores/{storeId}/categories/{categoryId} network.protocol.version: 1.1 url.scheme: http
Value: Sum: 0.1598871 Count: 1 Min: 0.1598871 Max: 0.1598871 
(-Infinity,0,005]:0
(0,005,0,01]:0
(0,01,0,025]:0
(0,025,0,05]:0
(0,05,0,075]:0
(0,075,0,1]:0
(0,1,0,25]:1
(0,25,0,5]:0
(0,5,0,75]:0
(0,75,1]:0
(1,2,5]:0
(2,5,5]:0
(5,7,5]:0
(7,5,10]:0
(10,+Infinity]:0
[22:29:12 INF] Saved 1 entities to in-memory store.
(2026-06-08T01:29:04.1532493Z, 2026-06-08T01:29:12.4372414Z] http.request.method: POST http.response.status_code: 400 http.route: api/checkout/preview network.protocol.version: 1.1 url.scheme: http
Value: Sum: 0.47796879999999997 Count: 3 Min: 0.1399817 Max: 0.1847957 
(-Infinity,0,005]:0
(0,005,0,01]:0
(0,01,0,025]:0
(0,025,0,05]:0
(0,05,0,075]:0
(0,075,0,1]:0
(0,1,0,25]:3
(0,25,0,5]:0
(0,5,0,75]:0
(0,75,1]:0
(1,2,5]:0
(2,5,5]:0
(5,7,5]:0
(7,5,10]:0
(10,+Infinity]:0
(2026-06-08T01:29:04.1532493Z, 2026-06-08T01:29:12.4372414Z] http.request.method: POST http.response.status_code: 400 http.route: api/orders network.protocol.version: 1.1 url.scheme: http
Value: Sum: 0.2683813 Count: 3 Min: 0.0037446 Max: 0.1574968 
(-Infinity,0,005]:1
(0,005,0,01]:0
(0,01,0,025]:0
(0,025,0,05]:0
(0,05,0,075]:0
(0,075,0,1]:0
(0,1,0,25]:2
(0,25,0,5]:0
(0,5,0,75]:0
(0,75,1]:0
(1,2,5]:0
(2,5,5]:0
(5,7,5]:0
(7,5,10]:0
(10,+Infinity]:0
(2026-06-08T01:29:04.1532493Z, 2026-06-08T01:29:12.4372414Z] http.request.method: GET http.response.status_code: 200 http.route: api/stores/{storeId}/categories network.protocol.version: 1.1 url.scheme: http
Value: Sum: 0.44175180000000003 Count: 4 Min: 0.0388313 Max: 0.1700696 
(-Infinity,0,005]:0
(0,005,0,01]:0
(0,01,0,025]:0
(0,025,0,05]:1
(0,05,0,075]:0
(0,075,0,1]:0
(0,1,0,25]:3
(0,25,0,5]:0
(0,5,0,75]:0
(0,75,1]:0
(1,2,5]:0
(2,5,5]:0
(5,7,5]:0
(7,5,10]:0
(10,+Infinity]:0
(2026-06-08T01:29:04.1532493Z, 2026-06-08T01:29:12.4372414Z] http.request.method: POST http.response.status_code: 409 http.route: api/subscriptions/contract network.protocol.version: 1.1 url.scheme: http
Value: Sum: 0.0704267 Count: 1 Min: 0.0704267 Max: 0.0704267 
(-Infinity,0,005]:0
(0,005,0,01]:0
(0,01,0,025]:0
(0,025,0,05]:0
(0,05,0,075]:1
(0,075,0,1]:0
(0,1,0,25]:0
(0,25,0,5]:0
(0,5,0,75]:0
(0,75,1]:0
(1,2,5]:0
(2,5,5]:0
(5,7,5]:0
(7,5,10]:0
(10,+Infinity]:0
(2026-06-08T01:29:04.1532493Z, 2026-06-08T01:29:12.4372414Z] http.request.method: POST http.response.status_code: 204 http.route: api/admin/subscriptions/notifications/process network.protocol.version: 1.1 url.scheme: http
Value: Sum: 0.2250846 Count: 1 Min: 0.2250846 Max: 0.2250846 
(-Infinity,0,005]:0
(0,005,0,01]:0
(0,01,0,025]:0
(0,025,0,05]:0
(0,05,0,075]:0
(0,075,0,1]:0
(0,1,0,25]:1
(0,25,0,5]:0
(0,5,0,75]:0
(0,75,1]:0
(1,2,5]:0
(2,5,5]:0
(5,7,5]:0
(7,5,10]:0
(10,+Infinity]:0
(2026-06-08T01:29:04.1532493Z, 2026-06-08T01:29:12.4372414Z] http.request.method: PUT http.response.status_code: 200 http.route: api/stores/{storeId}/business-hours network.protocol.version: 1.1 url.scheme: http
Value: Sum: 0.243374 Count: 1 Min: 0.243374 Max: 0.243374 
(-Infinity,0,005]:0
(0,005,0,01]:0
(0,01,0,025]:0
(0,025,0,05]:0
(0,05,0,075]:0
(0,075,0,1]:0
(0,1,0,25]:1
(0,25,0,5]:0
(0,5,0,75]:0
(0,75,1]:0
(1,2,5]:0
(2,5,5]:0
(5,7,5]:0
(7,5,10]:0
(10,+Infinity]:0
(2026-06-08T01:29:04.1532493Z, 2026-06-08T01:29:12.4372414Z] http.request.method: GET http.response.status_code: 200 http.route: api/public/stores network.protocol.version: 1.1 url.scheme: http
Value: Sum: 0.1439667 Count: 1 Min: 0.1439667 Max: 0.1439667 
(-Infinity,0,005]:0
(0,005,0,01]:0
(0,01,0,025]:0
(0,025,0,05]:0
(0,05,0,075]:0
(0,075,0,1]:0
(0,1,0,25]:1
(0,25,0,5]:0
(0,5,0,75]:0
(0,75,1]:0
(1,2,5]:0
(2,5,5]:0
(5,7,5]:0
(7,5,10]:0
(10,+Infinity]:0
(2026-06-08T01:29:04.1532493Z, 2026-06-08T01:29:12.4372414Z] http.request.method: GET http.response.status_code: 200 http.route: api/stores/{storeId}/business-hours network.protocol.version: 1.1 url.scheme: http
Value: Sum: 0.0792573 Count: 1 Min: 0.0792573 Max: 0.0792573 
(-Infinity,0,005]:0
(0,005,0,01]:0
(0,01,0,025]:0
(0,025,0,05]:0
(0,05,0,075]:0
(0,075,0,1]:1
(0,1,0,25]:0
(0,25,0,5]:0
(0,5,0,75]:0
(0,75,1]:0
(1,2,5]:0
(2,5,5]:0
(5,7,5]:0
(7,5,10]:0
(10,+Infinity]:0
(2026-06-08T01:29:04.1532493Z, 2026-06-08T01:29:12.4372414Z] http.request.method: PUT http.response.status_code: 200 http.route: api/stores/{storeId}/categories/{categoryId} network.protocol.version: 1.1 url.scheme: http
Value: Sum: 0.183621 Count: 1 Min: 0.183621 Max: 0.183621 
(-Infinity,0,005]:0
(0,005,0,01]:0
(0,01,0,025]:0
(0,025,0,05]:0
(0,05,0,075]:0
(0,075,0,1]:0
(0,1,0,25]:1
(0,25,0,5]:0
(0,5,0,75]:0
(0,75,1]:0
(1,2,5]:0
(2,5,5]:0
(5,7,5]:0
(7,5,10]:0
(10,+Infinity]:0
(2026-06-08T01:29:04.1532493Z, 2026-06-08T01:29:12.4372414Z] http.request.method: GET http.response.status_code: 404 http.route: api/public/stores/{storeId} network.protocol.version: 1.1 url.scheme: http
Value: Sum: 0.1438145 Count: 1 Min: 0.1438145 Max: 0.1438145 
(-Infinity,0,005]:0
(0,005,0,01]:0
(0,01,0,025]:0
(0,025,0,05]:0
(0,05,0,075]:0
(0,075,0,1]:0
(0,1,0,25]:1
(0,25,0,5]:0
(0,5,0,75]:0
(0,75,1]:0
(1,2,5]:0
(2,5,5]:0
(5,7,5]:0
(7,5,10]:0
(10,+Infinity]:0
(2026-06-08T01:29:04.1532493Z, 2026-06-08T01:29:12.4372414Z] http.request.method: PATCH http.response.status_code: 409 http.route: api/stores/{storeId}/status network.protocol.version: 1.1 url.scheme: http
Value: Sum: 0.1856852 Count: 1 Min: 0.1856852 Max: 0.1856852 
(-Infinity,0,005]:0
(0,005,0,01]:0
(0,01,0,025]:0
(0,025,0,05]:0
(0,05,0,075]:0
(0,075,0,1]:0
(0,1,0,25]:1
(0,25,0,5]:0
(0,5,0,75]:0
(0,75,1]:0
(1,2,5]:0
(2,5,5]:0
(5,7,5]:0
(7,5,10]:0
(10,+Infinity]:0
(2026-06-08T01:29:04.1532493Z, 2026-06-08T01:29:12.4372414Z] http.request.method: POST http.response.status_code: 400 http.route: api/subscriptions/contract network.protocol.version: 1.1 url.scheme: http
Value: Sum: 0.2019646 Count: 1 Min: 0.2019646 Max: 0.2019646 
(-Infinity,0,005]:0
(0,005,0,01]:0
(0,01,0,025]:0
(0,025,0,05]:0
(0,05,0,075]:0
(0,075,0,1]:0
(0,1,0,25]:1
(0,25,0,5]:0
(0,5,0,75]:0
(0,75,1]:0
(1,2,5]:0
(2,5,5]:0
(5,7,5]:0
(7,5,10]:0
(10,+Infinity]:0
(2026-06-08T01:29:04.1532493Z, 2026-06-08T01:29:12.4372414Z] http.request.method: POST http.response.status_code: 400 http.route: api/stores/{storeId}/categories network.protocol.version: 1.1 url.scheme: http
Value: Sum: 0.0494563 Count: 1 Min: 0.0494563 Max: 0.0494563 
(-Infinity,0,005]:0
(0,005,0,01]:0
(0,01,0,025]:0
(0,025,0,05]:1
(0,05,0,075]:0
(0,075,0,1]:0
(0,1,0,25]:0
(0,25,0,5]:0
(0,5,0,75]:0
(0,75,1]:0
(1,2,5]:0
(2,5,5]:0
(5,7,5]:0
(7,5,10]:0
(10,+Infinity]:0
Metric Name: dotnet.gc.collections, Description: The number of garbage collections that have occurred since the process has started., Unit: {collection}, Metric Type: LongSum
Instrumentation scope (Meter):
	Name: System.Runtime
(2026-06-08T01:29:04.1552974Z, 2026-06-08T01:29:12.4372425Z] gc.heap.generation: gen2
Value: 6
(2026-06-08T01:29:04.1552974Z, 2026-06-08T01:29:12.4372425Z] gc.heap.generation: gen1
Value: 16
(2026-06-08T01:29:04.1552974Z, 2026-06-08T01:29:12.4372425Z] gc.heap.generation: gen0
Value: 46
Metric Name: dotnet.process.memory.working_set, Description: The number of bytes of physical memory mapped to the process context., Unit: By, Metric Type: LongSumNonMonotonic
Instrumentation scope (Meter):
	Name: System.Runtime
(2026-06-08T01:29:04.1645871Z, 2026-06-08T01:29:12.4372430Z]  
Value: 340815872
Metric Name: dotnet.gc.heap.total_allocated, Description: The approximate number of bytes allocated on the managed GC heap since the process has started. The returned value does not include any native allocations., Unit: By, Metric Type: LongSum
Instrumentation scope (Meter):
	Name: System.Runtime
(2026-06-08T01:29:04.1646364Z, 2026-06-08T01:29:12.4372432Z]  
Value: 500537152
Metric Name: dotnet.gc.last_collection.memory.committed_size, Description: The amount of committed virtual memory in use by the .NET GC, as observed during the latest garbage collection., Unit: By, Metric Type: LongSumNonMonotonic
Instrumentation scope (Meter):
	Name: System.Runtime
(2026-06-08T01:29:04.1646669Z, 2026-06-08T01:29:12.4372434Z]  
Value: 204398592
Metric Name: dotnet.gc.last_collection.heap.size, Description: The managed GC heap size (including fragmentation), as observed during the latest garbage collection., Unit: By, Metric Type: LongSumNonMonotonic
Instrumentation scope (Meter):
	Name: System.Runtime
(2026-06-08T01:29:04.1646848Z, 2026-06-08T01:29:12.4372438Z] gc.heap.generation: gen0
Value: 0
(2026-06-08T01:29:04.1646848Z, 2026-06-08T01:29:12.4372438Z] gc.heap.generation: gen1
Value: 5643584
(2026-06-08T01:29:04.1646848Z, 2026-06-08T01:29:12.4372438Z] gc.heap.generation: gen2
Value: 77985312
(2026-06-08T01:29:04.1646848Z, 2026-06-08T01:29:12.4372438Z] gc.heap.generation: loh
Value: 109797816
(2026-06-08T01:29:04.1646848Z, 2026-06-08T01:29:12.4372438Z] gc.heap.generation: poh
Value: 123736
Metric Name: dotnet.gc.last_collection.heap.fragmentation.size, Description: The heap fragmentation, as observed during the latest garbage collection., Unit: By, Metric Type: LongSumNonMonotonic
Instrumentation scope (Meter):
	Name: System.Runtime
(2026-06-08T01:29:04.1646967Z, 2026-06-08T01:29:12.4372440Z] gc.heap.generation: gen0
Value: 0
(2026-06-08T01:29:04.1646967Z, 2026-06-08T01:29:12.4372440Z] gc.heap.generation: gen1
Value: 1285440
(2026-06-08T01:29:04.1646967Z, 2026-06-08T01:29:12.4372440Z] gc.heap.generation: gen2
Value: 3071344
(2026-06-08T01:29:04.1646967Z, 2026-06-08T01:29:12.4372440Z] gc.heap.generation: loh
Value: 733096
(2026-06-08T01:29:04.1646967Z, 2026-06-08T01:29:12.4372440Z] gc.heap.generation: poh
Value: 0
Metric Name: dotnet.gc.pause.time, Description: The total amount of time paused in GC since the process has started., Unit: s, Metric Type: DoubleSum
Instrumentation scope (Meter):
	Name: System.Runtime
(2026-06-08T01:29:04.1647196Z, 2026-06-08T01:29:12.4372446Z]  
Value: 0.647026
Metric Name: dotnet.jit.compiled_il.size, Description: Count of bytes of intermediate language that have been compiled since the process has started., Unit: By, Metric Type: LongSum
Instrumentation scope (Meter):
	Name: System.Runtime
(2026-06-08T01:29:04.1647430Z, 2026-06-08T01:29:12.4372448Z]  
Value: 2251670
Metric Name: dotnet.jit.compiled_methods, Description: The number of times the JIT compiler (re)compiled methods since the process has started., Unit: {method}, Metric Type: LongSum
Instrumentation scope (Meter):
	Name: System.Runtime
(2026-06-08T01:29:04.1647585Z, 2026-06-08T01:29:12.4372450Z]  
Value: 33724
Metric Name: dotnet.jit.compilation.time, Description: The number of times the JIT compiler (re)compiled methods since the process has started., Unit: s, Metric Type: DoubleSum
Instrumentation scope (Meter):
	Name: System.Runtime
(2026-06-08T01:29:04.1647785Z, 2026-06-08T01:29:12.4372453Z]  
Value: 5.6250035
Metric Name: dotnet.monitor.lock_contentions, Description: The number of times there was contention when trying to acquire a monitor lock since the process has started., Unit: {contention}, Metric Type: LongSum
Instrumentation scope (Meter):
	Name: System.Runtime
(2026-06-08T01:29:04.1647904Z, 2026-06-08T01:29:12.4372454Z]  
Value: 4972
Metric Name: dotnet.thread_pool.thread.count, Description: The number of thread pool threads that currently exist., Unit: {thread}, Metric Type: LongSum
Instrumentation scope (Meter):
	Name: System.Runtime
(2026-06-08T01:29:04.1647993Z, 2026-06-08T01:29:12.4372456Z]  
Value: 36
Metric Name: dotnet.thread_pool.work_item.count, Description: The number of work items that the thread pool has completed since the process has started., Unit: {work_item}, Metric Type: LongSum
Instrumentation scope (Meter):
	Name: System.Runtime
(2026-06-08T01:29:04.1648080Z, 2026-06-08T01:29:12.4372457Z]  
Value: 1714
Metric Name: dotnet.thread_pool.queue.length, Description: The number of work items that are currently queued to be processed by the thread pool., Unit: {work_item}, Metric Type: LongSum
Instrumentation scope (Meter):
	Name: System.Runtime
(2026-06-08T01:29:04.1648171Z, 2026-06-08T01:29:12.4372459Z]  
Value: 15
Metric Name: dotnet.timer.count, Description: The number of timer instances that are currently active. An active timer is registered to tick at some point in the future and has not yet been canceled., Unit: {timer}, Metric Type: LongSumNonMonotonic
Instrumentation scope (Meter):
	Name: System.Runtime
(2026-06-08T01:29:04.1873790Z, 2026-06-08T01:29:12.4372461Z]  
Value: 26
Metric Name: dotnet.assembly.count, Description: The number of .NET assemblies that are currently loaded., Unit: {assembly}, Metric Type: LongSumNonMonotonic
Instrumentation scope (Meter):
	Name: System.Runtime
(2026-06-08T01:29:04.1873953Z, 2026-06-08T01:29:12.4372463Z]  
Value: 266
Metric Name: dotnet.exceptions, Description: The number of exceptions that have been thrown in managed code., Unit: {exception}, Metric Type: LongSum
Instrumentation scope (Meter):
	Name: System.Runtime
(2026-06-08T01:29:04.1875293Z, 2026-06-08T01:29:12.4372469Z] error.type: SocketException
Value: 32
(2026-06-08T01:29:04.1875293Z, 2026-06-08T01:29:12.4372469Z] error.type: NullReferenceException
Value: 4
(2026-06-08T01:29:04.1875293Z, 2026-06-08T01:29:12.4372469Z] error.type: OperationCanceledException
Value: 112
(2026-06-08T01:29:04.1875293Z, 2026-06-08T01:29:12.4372469Z] error.type: InvalidOperationException
Value: 10
(2026-06-08T01:29:04.1875293Z, 2026-06-08T01:29:12.4372469Z] error.type: FileNotFoundException
Value: 1
(2026-06-08T01:29:04.1875293Z, 2026-06-08T01:29:12.4372469Z] error.type: XunitException
Value: 73
(2026-06-08T01:29:04.1875293Z, 2026-06-08T01:29:12.4372469Z] error.type: NpgsqlException
Value: 48
(2026-06-08T01:29:04.1875293Z, 2026-06-08T01:29:12.4372469Z] error.type: ObjectDisposedException
Value: 52
(2026-06-08T01:29:04.1875293Z, 2026-06-08T01:29:12.4372469Z] error.type: RuntimeBinderException
Value: 2
Metric Name: dotnet.process.cpu.count, Description: The number of processors available to the process., Unit: {cpu}, Metric Type: LongSumNonMonotonic
Instrumentation scope (Meter):
	Name: System.Runtime
(2026-06-08T01:29:04.1875581Z, 2026-06-08T01:29:12.4372471Z]  
Value: 12
Metric Name: dotnet.process.cpu.time, Description: CPU time used by the process., Unit: s, Metric Type: DoubleSum
Instrumentation scope (Meter):
	Name: System.Runtime
(2026-06-08T01:29:04.1875803Z, 2026-06-08T01:29:12.4372476Z] cpu.mode: user
Value: 18.5625
(2026-06-08T01:29:04.1875803Z, 2026-06-08T01:29:12.4372476Z] cpu.mode: system
Value: 3.171875
Metric Name: dns.lookup.duration, Description: Measures the time taken to perform a DNS lookup., Unit: s, Metric Type: Histogram
Instrumentation scope (Meter):
	Name: System.Net.NameResolution
(2026-06-08T01:29:04.2011366Z, 2026-06-08T01:29:12.4372484Z] dns.question.name: localhost
Value: Sum: 0.012317 Count: 14 Min: 0.0004438 Max: 0.003488 
(-Infinity,0,005]:14
(0,005,0,01]:0
(0,01,0,025]:0
(0,025,0,05]:0
(0,05,0,075]:0
(0,075,0,1]:0
(0,1,0,25]:0
(0,25,0,5]:0
(0,5,0,75]:0
(0,75,1]:0
(1,2,5]:0
(2,5,5]:0
(5,7,5]:0
(7,5,10]:0
(10,+Infinity]:0
Metric Name: aspnetcore.routing.match_attempts, Description: Number of requests that were attempted to be matched to an endpoint., Unit: {match_attempt}, Metric Type: LongSum
Instrumentation scope (Meter):
	Name: Microsoft.AspNetCore.Routing
(2026-06-08T01:29:05.8088916Z, 2026-06-08T01:29:12.4372496Z] aspnetcore.routing.is_fallback: false aspnetcore.routing.match_status: success http.route: api/auth/login/admin
Value: 6
(2026-06-08T01:29:05.8088916Z, 2026-06-08T01:29:12.4372496Z] aspnetcore.routing.is_fallback: false aspnetcore.routing.match_status: success http.route: api/auth/register/customer
Value: 10
(2026-06-08T01:29:05.8088916Z, 2026-06-08T01:29:12.4372496Z] aspnetcore.routing.is_fallback: false aspnetcore.routing.match_status: success http.route: api/auth/register/seller
Value: 28
(2026-06-08T01:29:05.8088916Z, 2026-06-08T01:29:12.4372496Z] aspnetcore.routing.is_fallback: false aspnetcore.routing.match_status: success http.route: api/stores/{storeId}/categories
Value: 9
(2026-06-08T01:29:05.8088916Z, 2026-06-08T01:29:12.4372496Z] aspnetcore.routing.is_fallback: false aspnetcore.routing.match_status: success http.route: api/customer/home
Value: 3
(2026-06-08T01:29:05.8088916Z, 2026-06-08T01:29:12.4372496Z] aspnetcore.routing.is_fallback: false aspnetcore.routing.match_status: success http.route: api/address-lookup/cep/{cep}
Value: 1
(2026-06-08T01:29:05.8088916Z, 2026-06-08T01:29:12.4372496Z] aspnetcore.routing.is_fallback: false aspnetcore.routing.match_status: success http.route: api/admin/dashboard
Value: 3
(2026-06-08T01:29:05.8088916Z, 2026-06-08T01:29:12.4372496Z] aspnetcore.routing.is_fallback: false aspnetcore.routing.match_status: success http.route: api/seller/panel
Value: 3
[22:29:12 INF] Saved 2 entities to in-memory store.
(2026-06-08T01:29:05.8088916Z, 2026-06-08T01:29:12.4372496Z] aspnetcore.routing.is_fallback: false aspnetcore.routing.match_status: success http.route: api/admin/plans
Value: 6
(2026-06-08T01:29:05.8088916Z, 2026-06-08T01:29:12.4372496Z] aspnetcore.routing.is_fallback: false aspnetcore.routing.match_status: success http.route: api/auth/login/customer
Value: 8
(2026-06-08T01:29:05.8088916Z, 2026-06-08T01:29:12.4372496Z] aspnetcore.routing.is_fallback: false aspnetcore.routing.match_status: success http.route: api/auth/login/seller
Value: 22
(2026-06-08T01:29:05.8088916Z, 2026-06-08T01:29:12.4372496Z] aspnetcore.routing.is_fallback: false aspnetcore.routing.match_status: success http.route: api/auth/email/resend-confirmation
Value: 5
(2026-06-08T01:29:05.8088916Z, 2026-06-08T01:29:12.4372496Z] aspnetcore.routing.is_fallback: false aspnetcore.routing.match_status: success http.route: api/auth/email/confirm/{code}
Value: 4
(2026-06-08T01:29:05.8088916Z, 2026-06-08T01:29:12.4372496Z] aspnetcore.routing.is_fallback: false aspnetcore.routing.match_status: success http.route: api/stores
Value: 22
(2026-06-08T01:29:05.8088916Z, 2026-06-08T01:29:12.4372496Z] aspnetcore.routing.is_fallback: false aspnetcore.routing.match_status: success http.route: api/customer/addresses
Value: 11
(2026-06-08T01:29:05.8088916Z, 2026-06-08T01:29:12.4372496Z] aspnetcore.routing.is_fallback: false aspnetcore.routing.match_status: success http.route: api/stores/cuisine-types
Value: 1
(2026-06-08T01:29:05.8088916Z, 2026-06-08T01:29:12.4372496Z] aspnetcore.routing.is_fallback: false aspnetcore.routing.match_status: success http.route: api/admin/plans/{planId}
Value: 1
(2026-06-08T01:29:05.8088916Z, 2026-06-08T01:29:12.4372496Z] aspnetcore.routing.is_fallback: false aspnetcore.routing.match_status: success http.route: api/admin/plans/{planId}/status
Value: 1
(2026-06-08T01:29:05.8088916Z, 2026-06-08T01:29:12.4372496Z] aspnetcore.routing.is_fallback: false aspnetcore.routing.match_status: success http.route: api/auth/email/confirm
Value: 2
(2026-06-08T01:29:05.8088916Z, 2026-06-08T01:29:12.4372496Z] aspnetcore.routing.is_fallback: false aspnetcore.routing.match_status: success http.route: api/stores/{storeId}/status
Value: 7
(2026-06-08T01:29:05.8088916Z, 2026-06-08T01:29:12.4372496Z] aspnetcore.routing.is_fallback: false aspnetcore.routing.match_status: success http.route: api/stores/{storeId}/delivery-config
Value: 6
(2026-06-08T01:29:05.8088916Z, 2026-06-08T01:29:12.4372496Z] aspnetcore.routing.is_fallback: false aspnetcore.routing.match_status: success http.route: api/stores/{storeId}/categories/{categoryId}
Value: 3
(2026-06-08T01:29:05.8088916Z, 2026-06-08T01:29:12.4372496Z] aspnetcore.routing.is_fallback: false aspnetcore.routing.match_status: success http.route: api/stores/my-store
Value: 3
(2026-06-08T01:29:05.8088916Z, 2026-06-08T01:29:12.4372496Z] aspnetcore.routing.is_fallback: false aspnetcore.routing.match_status: success http.route: api/admin/subscriptions/status
Value: 2
(2026-06-08T01:29:05.8088916Z, 2026-06-08T01:29:12.4372496Z] aspnetcore.routing.is_fallback: false aspnetcore.routing.match_status: success http.route: api/subscriptions/my
Value: 2
(2026-06-08T01:29:05.8088916Z, 2026-06-08T01:29:12.4372496Z] aspnetcore.routing.is_fallback: false aspnetcore.routing.match_status: success http.route: api/subscriptions/contract
Value: 4
(2026-06-08T01:29:05.8088916Z, 2026-06-08T01:29:12.4372496Z] aspnetcore.routing.is_fallback: false aspnetcore.routing.match_status: success http.route: api/subscriptions/plans
Value: 1
(2026-06-08T01:29:05.8088916Z, 2026-06-08T01:29:12.4372496Z] aspnetcore.routing.is_fallback: false aspnetcore.routing.match_status: success http.route: api/orders
Value: 3
(2026-06-08T01:29:05.8088916Z, 2026-06-08T01:29:12.4372496Z] aspnetcore.routing.is_fallback: false aspnetcore.routing.match_status: success http.route: api/checkout/preview
Value: 3
(2026-06-08T01:29:05.8088916Z, 2026-06-08T01:29:12.4372496Z] aspnetcore.routing.is_fallback: false aspnetcore.routing.match_status: success http.route: api/admin/subscriptions/notifications/process
Value: 1
(2026-06-08T01:29:05.8088916Z, 2026-06-08T01:29:12.4372496Z] aspnetcore.routing.is_fallback: false aspnetcore.routing.match_status: success http.route: api/stores/{storeId}/business-hours
Value: 2
(2026-06-08T01:29:05.8088916Z, 2026-06-08T01:29:12.4372496Z] aspnetcore.routing.is_fallback: false aspnetcore.routing.match_status: success http.route: api/public/stores
Value: 1
(2026-06-08T01:29:05.8088916Z, 2026-06-08T01:29:12.4372496Z] aspnetcore.routing.is_fallback: false aspnetcore.routing.match_status: success http.route: api/public/stores/{storeId}
Value: 1
Metric Name: aspnetcore.routing.match_attempts, Description: Number of requests that were attempted to be matched to an endpoint., Unit: {match_attempt}, Metric Type: LongSum
Instrumentation scope (Meter):
	Name: Microsoft.AspNetCore.Routing
(2026-06-08T01:29:07.4204591Z, 2026-06-08T01:29:12.4372517Z] aspnetcore.routing.is_fallback: false aspnetcore.routing.match_status: success http.route: /health
Value: 1
Metric Name: http.server.active_requests, Description: Number of active HTTP server requests., Unit: {request}, Metric Type: LongSumNonMonotonic
Instrumentation scope (Meter):
	Name: Microsoft.AspNetCore.Hosting
(2026-06-08T01:29:07.9116887Z, 2026-06-08T01:29:12.4372570Z] http.request.method: POST url.scheme: http
Value: 0
(2026-06-08T01:29:07.9116887Z, 2026-06-08T01:29:12.4372570Z] http.request.method: PATCH url.scheme: http
Value: 0
(2026-06-08T01:29:07.9116887Z, 2026-06-08T01:29:12.4372570Z] http.request.method: GET url.scheme: http
Value: 0
(2026-06-08T01:29:07.9116887Z, 2026-06-08T01:29:12.4372570Z] http.request.method: PUT url.scheme: http
Value: 0
Metric Name: http.server.request.duration, Description: Duration of HTTP server requests., Unit: s, Metric Type: Histogram
Instrumentation scope (Meter):
	Name: Microsoft.AspNetCore.Hosting
(2026-06-08T01:29:07.9119191Z, 2026-06-08T01:29:12.4372660Z] http.request.method: POST http.response.status_code: 201 http.route: api/auth/register/seller network.protocol.version: 1.1 url.scheme: http
Value: Sum: 2.3746381 Count: 10 Min: 0.0616086 Max: 0.3972926 
(-Infinity,0,005]:0
(0,005,0,01]:0
(0,01,0,025]:0
(0,025,0,05]:0
(0,05,0,075]:1
(0,075,0,1]:0
(0,1,0,25]:5
(0,25,0,5]:4
(0,5,0,75]:0
(0,75,1]:0
(1,2,5]:0
(2,5,5]:0
(5,7,5]:0
(7,5,10]:0
(10,+Infinity]:0
(2026-06-08T01:29:07.9119191Z, 2026-06-08T01:29:12.4372660Z] http.request.method: POST http.response.status_code: 200 http.route: api/auth/login/seller network.protocol.version: 1.1 url.scheme: http
Value: Sum: 1.8570971000000003 Count: 10 Min: 0.0465088 Max: 0.383696 
(-Infinity,0,005]:0
(0,005,0,01]:0
(0,01,0,025]:0
(0,025,0,05]:1
(0,05,0,075]:1
(0,075,0,1]:0
(0,1,0,25]:6
(0,25,0,5]:2
(0,5,0,75]:0
(0,75,1]:0
(1,2,5]:0
(2,5,5]:0
(5,7,5]:0
(7,5,10]:0
(10,+Infinity]:0
(2026-06-08T01:29:07.9119191Z, 2026-06-08T01:29:12.4372660Z] http.request.method: POST http.response.status_code: 201 http.route: api/stores network.protocol.version: 1.1 url.scheme: http
Value: Sum: 1.2461758 Count: 8 Min: 0.0103799 Max: 0.2201614 
(-Infinity,0,005]:0
(0,005,0,01]:0
(0,01,0,025]:1
(0,025,0,05]:0
(0,05,0,075]:0
(0,075,0,1]:0
(0,1,0,25]:7
(0,25,0,5]:0
(0,5,0,75]:0
(0,75,1]:0
(1,2,5]:0
(2,5,5]:0
(5,7,5]:0
(7,5,10]:0
(10,+Infinity]:0
(2026-06-08T01:29:07.9119191Z, 2026-06-08T01:29:12.4372660Z] http.request.method: PATCH http.response.status_code: 200 http.route: api/stores/{storeId}/status network.protocol.version: 1.1 url.scheme: http
Value: Sum: 0.1536416 Count: 2 Min: 0.0343557 Max: 0.1192859 
(-Infinity,0,005]:0
(0,005,0,01]:0
(0,01,0,025]:0
(0,025,0,05]:1
(0,05,0,075]:0
(0,075,0,1]:0
(0,1,0,25]:1
(0,25,0,5]:0
(0,5,0,75]:0
(0,75,1]:0
(1,2,5]:0
(2,5,5]:0
(5,7,5]:0
(7,5,10]:0
(10,+Infinity]:0
(2026-06-08T01:29:07.9119191Z, 2026-06-08T01:29:12.4372660Z] http.request.method: PATCH http.response.status_code: 200 http.route: api/stores/{storeId}/delivery-config network.protocol.version: 1.1 url.scheme: http
Value: Sum: 0.2571041 Count: 2 Min: 0.1221238 Max: 0.1349803 
(-Infinity,0,005]:0
(0,005,0,01]:0
(0,01,0,025]:0
(0,025,0,05]:0
(0,05,0,075]:0
(0,075,0,1]:0
(0,1,0,25]:2
(0,25,0,5]:0
(0,5,0,75]:0
(0,75,1]:0
(1,2,5]:0
(2,5,5]:0
(5,7,5]:0
(7,5,10]:0
(10,+Infinity]:0
(2026-06-08T01:29:07.9119191Z, 2026-06-08T01:29:12.4372660Z] http.request.method: POST http.response.status_code: 201 http.route: api/auth/register/customer network.protocol.version: 1.1 url.scheme: http
Value: Sum: 0.740003 Count: 4 Min: 0.0503329 Max: 0.2685781 
(-Infinity,0,005]:0
(0,005,0,01]:0
(0,01,0,025]:0
(0,025,0,05]:0
(0,05,0,075]:1
(0,075,0,1]:0
(0,1,0,25]:2
(0,25,0,5]:1
(0,5,0,75]:0
(0,75,1]:0
(1,2,5]:0
(2,5,5]:0
(5,7,5]:0
(7,5,10]:0
(10,+Infinity]:0
(2026-06-08T01:29:07.9119191Z, 2026-06-08T01:29:12.4372660Z] http.request.method: POST http.response.status_code: 200 http.route: api/auth/login/customer network.protocol.version: 1.1 url.scheme: http
Value: Sum: 0.4042865 Count: 3 Min: 0.1240858 Max: 0.1443419 
(-Infinity,0,005]:0
(0,005,0,01]:0
(0,01,0,025]:0
(0,025,0,05]:0
(0,05,0,075]:0
(0,075,0,1]:0
(0,1,0,25]:3
(0,25,0,5]:0
(0,5,0,75]:0
(0,75,1]:0
(1,2,5]:0
(2,5,5]:0
(5,7,5]:0
(7,5,10]:0
(10,+Infinity]:0
(2026-06-08T01:29:07.9119191Z, 2026-06-08T01:29:12.4372660Z] http.request.method: POST http.response.status_code: 201 http.route: api/customer/addresses network.protocol.version: 1.1 url.scheme: http
Value: Sum: 0.3207373 Count: 2 Min: 0.1355513 Max: 0.185186 
(-Infinity,0,005]:0
(0,005,0,01]:0
(0,01,0,025]:0
(0,025,0,05]:0
(0,05,0,075]:0
(0,075,0,1]:0
(0,1,0,25]:2
(0,25,0,5]:0
(0,5,0,75]:0
(0,75,1]:0
(1,2,5]:0
(2,5,5]:0
(5,7,5]:0
(7,5,10]:0
(10,+Infinity]:0
(2026-06-08T01:29:07.9119191Z, 2026-06-08T01:29:12.4372660Z] http.request.method: POST http.response.status_code: 201 http.route: api/stores/{storeId}/categories network.protocol.version: 1.1 url.scheme: http
Value: Sum: 0.3542902 Count: 4 Min: 0.0039853 Max: 0.1803927 
(-Infinity,0,005]:1
(0,005,0,01]:0
(0,01,0,025]:0
(0,025,0,05]:1
(0,05,0,075]:0
(0,075,0,1]:0
(0,1,0,25]:2
(0,25,0,5]:0
(0,5,0,75]:0
(0,75,1]:0
(1,2,5]:0
(2,5,5]:0
(5,7,5]:0
(7,5,10]:0
(10,+Infinity]:0
(2026-06-08T01:29:07.9119191Z, 2026-06-08T01:29:12.4372660Z] http.request.method: POST http.response.status_code: 400 http.route: api/orders network.protocol.version: 1.1 url.scheme: http
Value: Sum: 0.1592647 Count: 2 Min: 0.0016659 Max: 0.1575988 
(-Infinity,0,005]:1
(0,005,0,01]:0
(0,01,0,025]:0
(0,025,0,05]:0
(0,05,0,075]:0
(0,075,0,1]:0
(0,1,0,25]:1
(0,25,0,5]:0
(0,5,0,75]:0
(0,75,1]:0
(1,2,5]:0
(2,5,5]:0
(5,7,5]:0
(7,5,10]:0
(10,+Infinity]:0
(2026-06-08T01:29:07.9119191Z, 2026-06-08T01:29:12.4372660Z] http.request.method: POST http.response.status_code: 400 http.route: api/stores/{storeId}/products network.protocol.version: 1.1 url.scheme: http
Value: Sum: 0.2368922 Count: 1 Min: 0.2368922 Max: 0.2368922 
(-Infinity,0,005]:0
(0,005,0,01]:0
(0,01,0,025]:0
(0,025,0,05]:0
(0,05,0,075]:0
(0,075,0,1]:0
(0,1,0,25]:1
(0,25,0,5]:0
(0,5,0,75]:0
(0,75,1]:0
(1,2,5]:0
(2,5,5]:0
(5,7,5]:0
(7,5,10]:0
(10,+Infinity]:0
(2026-06-08T01:29:07.9119191Z, 2026-06-08T01:29:12.4372660Z] http.request.method: GET http.response.status_code: 200 http.route: api/public/stores network.protocol.version: 1.1 url.scheme: http
Value: Sum: 0.1669791 Count: 2 Min: 0.0088641 Max: 0.158115 
(-Infinity,0,005]:0
(0,005,0,01]:1
(0,01,0,025]:0
(0,025,0,05]:0
(0,05,0,075]:0
(0,075,0,1]:0
(0,1,0,25]:1
(0,25,0,5]:0
(0,5,0,75]:0
(0,75,1]:0
(1,2,5]:0
(2,5,5]:0
(5,7,5]:0
(7,5,10]:0
(10,+Infinity]:0
(2026-06-08T01:29:07.9119191Z, 2026-06-08T01:29:12.4372660Z] http.request.method: GET http.response.status_code: 200 http.route: api/public/stores/{storeId}/catalog/categories network.protocol.version: 1.1 url.scheme: http
Value: Sum: 0.0688572 Count: 1 Min: 0.0688572 Max: 0.0688572 
(-Infinity,0,005]:0
(0,005,0,01]:0
(0,01,0,025]:0
(0,025,0,05]:0
(0,05,0,075]:1
(0,075,0,1]:0
(0,1,0,25]:0
(0,25,0,5]:0
(0,5,0,75]:0
(0,75,1]:0
(1,2,5]:0
(2,5,5]:0
(5,7,5]:0
(7,5,10]:0
(10,+Infinity]:0
(2026-06-08T01:29:07.9119191Z, 2026-06-08T01:29:12.4372660Z] http.request.method: POST http.response.status_code: 200 http.route: api/auth/refresh network.protocol.version: 1.1 url.scheme: http
Value: Sum: 0.1089914 Count: 1 Min: 0.1089914 Max: 0.1089914 
(-Infinity,0,005]:0
(0,005,0,01]:0
(0,01,0,025]:0
(0,025,0,05]:0
(0,05,0,075]:0
(0,075,0,1]:0
(0,1,0,25]:1
(0,25,0,5]:0
(0,5,0,75]:0
(0,75,1]:0
(1,2,5]:0
(2,5,5]:0
(5,7,5]:0
(7,5,10]:0
(10,+Infinity]:0
(2026-06-08T01:29:07.9119191Z, 2026-06-08T01:29:12.4372660Z] http.request.method: POST http.response.status_code: 201 http.route: api/stores/{storeId}/products network.protocol.version: 1.1 url.scheme: http
Value: Sum: 0.2237816 Count: 1 Min: 0.2237816 Max: 0.2237816 
(-Infinity,0,005]:0
(0,005,0,01]:0
(0,01,0,025]:0
(0,025,0,05]:0
(0,05,0,075]:0
(0,075,0,1]:0
(0,1,0,25]:1
(0,25,0,5]:0
(0,5,0,75]:0
(0,75,1]:0
(1,2,5]:0
(2,5,5]:0
(5,7,5]:0
(7,5,10]:0
(10,+Infinity]:0
(2026-06-08T01:29:07.9119191Z, 2026-06-08T01:29:12.4372660Z] http.request.method: PUT http.response.status_code: 200 http.route: api/stores/{storeId}/address network.protocol.version: 1.1 url.scheme: http
Value: Sum: 0.2955106 Count: 1 Min: 0.2955106 Max: 0.2955106 
(-Infinity,0,005]:0
(0,005,0,01]:0
(0,01,0,025]:0
(0,025,0,05]:0
(0,05,0,075]:0
(0,075,0,1]:0
(0,1,0,25]:0
(0,25,0,5]:1
(0,5,0,75]:0
(0,75,1]:0
(1,2,5]:0
(2,5,5]:0
(5,7,5]:0
(7,5,10]:0
(10,+Infinity]:0
(2026-06-08T01:29:07.9119191Z, 2026-06-08T01:29:12.4372660Z] http.request.method: PUT http.response.status_code: 200 http.route: api/stores/{storeId}/products/{productId} network.protocol.version: 1.1 url.scheme: http
Value: Sum: 0.2087002 Count: 1 Min: 0.2087002 Max: 0.2087002 
(-Infinity,0,005]:0
(0,005,0,01]:0
(0,01,0,025]:0
(0,025,0,05]:0
(0,05,0,075]:0
(0,075,0,1]:0
(0,1,0,25]:1
(0,25,0,5]:0
(0,5,0,75]:0
(0,75,1]:0
(1,2,5]:0
(2,5,5]:0
(5,7,5]:0
(7,5,10]:0
(10,+Infinity]:0
(2026-06-08T01:29:07.9119191Z, 2026-06-08T01:29:12.4372660Z] http.request.method: PUT http.response.status_code: 200 http.route: api/stores/{storeId}/business-hours network.protocol.version: 1.1 url.scheme: http
Value: Sum: 0.1993077 Count: 1 Min: 0.1993077 Max: 0.1993077 
(-Infinity,0,005]:0
(0,005,0,01]:0
(0,01,0,025]:0
(0,025,0,05]:0
(0,05,0,075]:0
(0,075,0,1]:0
(0,1,0,25]:1
(0,25,0,5]:0
(0,5,0,75]:0
(0,75,1]:0
(1,2,5]:0
(2,5,5]:0
(5,7,5]:0
(7,5,10]:0
(10,+Infinity]:0
(2026-06-08T01:29:07.9119191Z, 2026-06-08T01:29:12.4372660Z] http.request.method: GET http.response.status_code: 403 http.route: api/customer/home network.protocol.version: 1.1 url.scheme: http
Value: Sum: 0.0007044 Count: 1 Min: 0.0007044 Max: 0.0007044 
(-Infinity,0,005]:1
(0,005,0,01]:0
(0,01,0,025]:0
(0,025,0,05]:0
(0,05,0,075]:0
(0,075,0,1]:0
(0,1,0,25]:0
(0,25,0,5]:0
(0,5,0,75]:0
(0,75,1]:0
(1,2,5]:0
(2,5,5]:0
(5,7,5]:0
(7,5,10]:0
(10,+Infinity]:0
(2026-06-08T01:29:07.9119191Z, 2026-06-08T01:29:12.4372660Z] http.request.method: GET http.response.status_code: 200 http.route: api/public/stores/{storeId} network.protocol.version: 1.1 url.scheme: http
Value: Sum: 0.0224112 Count: 1 Min: 0.0224112 Max: 0.0224112 
(-Infinity,0,005]:0
(0,005,0,01]:0
(0,01,0,025]:1
(0,025,0,05]:0
(0,05,0,075]:0
(0,075,0,1]:0
(0,1,0,25]:0
(0,25,0,5]:0
(0,5,0,75]:0
(0,75,1]:0
(1,2,5]:0
(2,5,5]:0
(5,7,5]:0
(7,5,10]:0
(10,+Infinity]:0
Metric Name: aspnetcore.routing.match_attempts, Description: Number of requests that were attempted to be matched to an endpoint., Unit: {match_attempt}, Metric Type: LongSum
Instrumentation scope (Meter):
	Name: Microsoft.AspNetCore.Routing
(2026-06-08T01:29:07.9809283Z, 2026-06-08T01:29:12.4372694Z] aspnetcore.routing.is_fallback: false aspnetcore.routing.match_status: success http.route: api/auth/register/seller
Value: 10
(2026-06-08T01:29:07.9809283Z, 2026-06-08T01:29:12.4372694Z] aspnetcore.routing.is_fallback: false aspnetcore.routing.match_status: success http.route: api/auth/login/seller
Value: 10
(2026-06-08T01:29:07.9809283Z, 2026-06-08T01:29:12.4372694Z] aspnetcore.routing.is_fallback: false aspnetcore.routing.match_status: success http.route: api/stores
Value: 8
(2026-06-08T01:29:07.9809283Z, 2026-06-08T01:29:12.4372694Z] aspnetcore.routing.is_fallback: false aspnetcore.routing.match_status: success http.route: api/stores/{storeId}/status
Value: 2
(2026-06-08T01:29:07.9809283Z, 2026-06-08T01:29:12.4372694Z] aspnetcore.routing.is_fallback: false aspnetcore.routing.match_status: success http.route: api/stores/{storeId}/delivery-config
Value: 2
(2026-06-08T01:29:07.9809283Z, 2026-06-08T01:29:12.4372694Z] aspnetcore.routing.is_fallback: false aspnetcore.routing.match_status: success http.route: api/auth/register/customer
Value: 4
(2026-06-08T01:29:07.9809283Z, 2026-06-08T01:29:12.4372694Z] aspnetcore.routing.is_fallback: false aspnetcore.routing.match_status: success http.route: api/auth/login/customer
Value: 3
(2026-06-08T01:29:07.9809283Z, 2026-06-08T01:29:12.4372694Z] aspnetcore.routing.is_fallback: false aspnetcore.routing.match_status: success http.route: api/customer/addresses
Value: 2
(2026-06-08T01:29:07.9809283Z, 2026-06-08T01:29:12.4372694Z] aspnetcore.routing.is_fallback: false aspnetcore.routing.match_status: success http.route: api/stores/{storeId}/categories
Value: 4
(2026-06-08T01:29:07.9809283Z, 2026-06-08T01:29:12.4372694Z] aspnetcore.routing.is_fallback: false aspnetcore.routing.match_status: success http.route: api/orders
Value: 2
(2026-06-08T01:29:07.9809283Z, 2026-06-08T01:29:12.4372694Z] aspnetcore.routing.is_fallback: false aspnetcore.routing.match_status: success http.route: api/stores/{storeId}/products
Value: 2
(2026-06-08T01:29:07.9809283Z, 2026-06-08T01:29:12.4372694Z] aspnetcore.routing.is_fallback: false aspnetcore.routing.match_status: success http.route: api/public/stores
Value: 2
(2026-06-08T01:29:07.9809283Z, 2026-06-08T01:29:12.4372694Z] aspnetcore.routing.is_fallback: false aspnetcore.routing.match_status: success http.route: api/public/stores/{storeId}/catalog/categories
Value: 1
(2026-06-08T01:29:07.9809283Z, 2026-06-08T01:29:12.4372694Z] aspnetcore.routing.is_fallback: false aspnetcore.routing.match_status: success http.route: api/stores/{storeId}/address
Value: 1
(2026-06-08T01:29:07.9809283Z, 2026-06-08T01:29:12.4372694Z] aspnetcore.routing.is_fallback: false aspnetcore.routing.match_status: success http.route: api/auth/refresh
Value: 1
(2026-06-08T01:29:07.9809283Z, 2026-06-08T01:29:12.4372694Z] aspnetcore.routing.is_fallback: false aspnetcore.routing.match_status: success http.route: api/stores/{storeId}/products/{productId}
Value: 1
(2026-06-08T01:29:07.9809283Z, 2026-06-08T01:29:12.4372694Z] aspnetcore.routing.is_fallback: false aspnetcore.routing.match_status: success http.route: api/stores/{storeId}/business-hours
Value: 1
(2026-06-08T01:29:07.9809283Z, 2026-06-08T01:29:12.4372694Z] aspnetcore.routing.is_fallback: false aspnetcore.routing.match_status: success http.route: api/customer/home
Value: 1
(2026-06-08T01:29:07.9809283Z, 2026-06-08T01:29:12.4372694Z] aspnetcore.routing.is_fallback: false aspnetcore.routing.match_status: success http.route: api/public/stores/{storeId}
Value: 1
Metric Name: http.server.active_requests, Description: Number of active HTTP server requests., Unit: {request}, Metric Type: LongSumNonMonotonic
Instrumentation scope (Meter):
	Name: Microsoft.AspNetCore.Hosting
(2026-06-08T01:29:11.3815401Z, 2026-06-08T01:29:12.4372717Z] http.request.method: POST url.scheme: http
Value: 0
(2026-06-08T01:29:11.3815401Z, 2026-06-08T01:29:12.4372717Z] http.request.method: GET url.scheme: http
Value: 0
Metric Name: http.server.request.duration, Description: Duration of HTTP server requests., Unit: s, Metric Type: Histogram
Instrumentation scope (Meter):
	Name: Microsoft.AspNetCore.Hosting
(2026-06-08T01:29:11.3816800Z, 2026-06-08T01:29:12.4372740Z] http.request.method: POST http.response.status_code: 200 http.route: api/auth/login/admin network.protocol.version: 1.1 url.scheme: http
Value: Sum: 0.2690333 Count: 1 Min: 0.2690333 Max: 0.2690333 
(-Infinity,0,005]:0
(0,005,0,01]:0
(0,01,0,025]:0
(0,025,0,05]:0
(0,05,0,075]:0
(0,075,0,1]:0
(0,1,0,25]:0
(0,25,0,5]:1
(0,5,0,75]:0
(0,75,1]:0
(1,2,5]:0
(2,5,5]:0
(5,7,5]:0
(7,5,10]:0
(10,+Infinity]:0
(2026-06-08T01:29:11.3816800Z, 2026-06-08T01:29:12.4372740Z] http.request.method: POST http.response.status_code: 201 http.route: api/LandingPageContent network.protocol.version: 1.1 url.scheme: http
Value: Sum: 0.0316529 Count: 2 Min: 0.0029564 Max: 0.0286965 
(-Infinity,0,005]:1
(0,005,0,01]:0
(0,01,0,025]:0
(0,025,0,05]:1
(0,05,0,075]:0
(0,075,0,1]:0
(0,1,0,25]:0
(0,25,0,5]:0
(0,5,0,75]:0
(0,75,1]:0
(1,2,5]:0
(2,5,5]:0
(5,7,5]:0
(7,5,10]:0
(10,+Infinity]:0
(2026-06-08T01:29:11.3816800Z, 2026-06-08T01:29:12.4372740Z] http.request.method: GET http.response.status_code: 200 http.route: api/LandingPageContent network.protocol.version: 1.1 url.scheme: http
Value: Sum: 0.0331468 Count: 1 Min: 0.0331468 Max: 0.0331468 
(-Infinity,0,005]:0
(0,005,0,01]:0
(0,01,0,025]:0
(0,025,0,05]:1
(0,05,0,075]:0
(0,075,0,1]:0
(0,1,0,25]:0
(0,25,0,5]:0
(0,5,0,75]:0
(0,75,1]:0
(1,2,5]:0
(2,5,5]:0
(5,7,5]:0
(7,5,10]:0
(10,+Infinity]:0
(2026-06-08T01:29:11.3816800Z, 2026-06-08T01:29:12.4372740Z] http.request.method: POST http.response.status_code: 201 http.route: api/auth/register/seller network.protocol.version: 1.1 url.scheme: http
Value: Sum: 0.0799565 Count: 1 Min: 0.0799565 Max: 0.0799565 
(-Infinity,0,005]:0
(0,005,0,01]:0
(0,01,0,025]:0
(0,025,0,05]:0
(0,05,0,075]:0
(0,075,0,1]:1
(0,1,0,25]:0
(0,25,0,5]:0
(0,5,0,75]:0
(0,75,1]:0
(1,2,5]:0
(2,5,5]:0
(5,7,5]:0
(7,5,10]:0
(10,+Infinity]:0
(2026-06-08T01:29:11.3816800Z, 2026-06-08T01:29:12.4372740Z] http.request.method: GET http.response.status_code: 200 http.route: api/LandingPageContent/section/{section} network.protocol.version: 1.1 url.scheme: http
Value: Sum: 0.0088289 Count: 1 Min: 0.0088289 Max: 0.0088289 
(-Infinity,0,005]:0
(0,005,0,01]:1
(0,01,0,025]:0
(0,025,0,05]:0
(0,05,0,075]:0
(0,075,0,1]:0
(0,1,0,25]:0
(0,25,0,5]:0
(0,5,0,75]:0
(0,75,1]:0
(1,2,5]:0
(2,5,5]:0
(5,7,5]:0
(7,5,10]:0
(10,+Infinity]:0
Metric Name: aspnetcore.routing.match_attempts, Description: Number of requests that were attempted to be matched to an endpoint., Unit: {match_attempt}, Metric Type: LongSum
Instrumentation scope (Meter):
	Name: Microsoft.AspNetCore.Routing
(2026-06-08T01:29:11.4205999Z, 2026-06-08T01:29:12.4372745Z] aspnetcore.routing.is_fallback: false aspnetcore.routing.match_status: success http.route: api/auth/login/admin
Value: 1
(2026-06-08T01:29:11.4205999Z, 2026-06-08T01:29:12.4372745Z] aspnetcore.routing.is_fallback: false aspnetcore.routing.match_status: success http.route: api/LandingPageContent
Value: 3
(2026-06-08T01:29:11.4205999Z, 2026-06-08T01:29:12.4372745Z] aspnetcore.routing.is_fallback: false aspnetcore.routing.match_status: success http.route: api/auth/register/seller
Value: 1
(2026-06-08T01:29:11.4205999Z, 2026-06-08T01:29:12.4372745Z] aspnetcore.routing.is_fallback: false aspnetcore.routing.match_status: success http.route: api/LandingPageContent/section/{section}
Value: 1
[22:29:12 INF] EMAIL_CONFIRM_JOB_STARTED | Sending confirmation email | UserId=019ea4d9-1aef-7571-98b0-20ac6d255623
[22:29:12 INF] EMAIL_ALREADY_CONFIRMED | Already confirmed | UserId=019ea4d9-1aef-7571-98b0-20ac6d255623
[22:29:12 INF] EMAIL_CONFIRM_JOB_COMPLETED | Job completed | UserId=019ea4d9-1aef-7571-98b0-20ac6d255623
[22:29:12 INF] Route matched with {action = "LoginCustomer", controller = "Auth"}. Executing controller action with signature System.Threading.Tasks.Task`1[Microsoft.AspNetCore.Mvc.IActionResult] LoginCustomer(Urbeat.Application.DTOs.LoginRequestDto, System.Threading.CancellationToken) on controller Urbeat.WebApi.Controllers.AuthController (Urbeat.WebApi).
[22:29:12 INF] Executing action method Urbeat.WebApi.Controllers.AuthController.LoginCustomer (Urbeat.WebApi) - Validation state: Valid
[22:29:12 INF] Executed action method Urbeat.WebApi.Controllers.AuthController.LoginCustomer (Urbeat.WebApi), returned result Microsoft.AspNetCore.Mvc.UnauthorizedResult in 46.0524ms.
[22:29:12 INF] Executed action Urbeat.WebApi.Controllers.AuthController.LoginCustomer (Urbeat.WebApi) in 47.6313ms
Activity.TraceId:            b539a97c5bb607f6dba2e22ea61f6fba
Activity.SpanId:             693377fc0e2265d4
Activity.TraceFlags:         Recorded
Activity.DisplayName:        POST api/auth/login/customer
Activity.Kind:               Server
Activity.StartTime:          2026-06-08T01:29:12.5601637Z
Activity.Duration:           00:00:00.0482173
Activity.Tags:
    server.address: localhost
    http.request.method: POST
    url.scheme: http
    url.path: /api/auth/login/customer
    network.protocol.version: 1.1
    http.route: api/auth/login/customer
    http.response.status_code: 401
Instrumentation scope (ActivitySource):
    Name: Microsoft.AspNetCore
Resource associated with Activity:
    telemetry.sdk.name: opentelemetry
    telemetry.sdk.language: dotnet
    telemetry.sdk.version: 1.14.0
    service.name: unknown_service:testhost
Activity.TraceId:            b539a97c5bb607f6dba2e22ea61f6fba
Activity.SpanId:             693377fc0e2265d4
Activity.TraceFlags:         Recorded
Activity.DisplayName:        POST api/auth/login/customer
Activity.Kind:               Server
Activity.StartTime:          2026-06-08T01:29:12.5601637Z
Activity.Duration:           00:00:00.0482173
Activity.Tags:
    server.address: localhost
    http.request.method: POST
    url.scheme: http
    url.path: /api/auth/login/customer
    network.protocol.version: 1.1
    http.route: api/auth/login/customer
    http.response.status_code: 401
Instrumentation scope (ActivitySource):
    Name: Microsoft.AspNetCore
Resource associated with Activity:
    telemetry.sdk.name: opentelemetry
    telemetry.sdk.language: dotnet
    telemetry.sdk.version: 1.14.0
    service.name: unknown_service:testhost
Activity.TraceId:            b539a97c5bb607f6dba2e22ea61f6fba
Activity.SpanId:             693377fc0e2265d4
Activity.TraceFlags:         Recorded
Activity.DisplayName:        POST api/auth/login/customer
Activity.Kind:               Server
Activity.StartTime:          2026-06-08T01:29:12.5601637Z
Activity.Duration:           00:00:00.0482173
Activity.Tags:
    server.address: localhost
    http.request.method: POST
    url.scheme: http
    url.path: /api/auth/login/customer
    network.protocol.version: 1.1
    http.route: api/auth/login/customer
    http.response.status_code: 401
Instrumentation scope (ActivitySource):
    Name: Microsoft.AspNetCore
Resource associated with Activity:
    telemetry.sdk.name: opentelemetry
    telemetry.sdk.language: dotnet
    telemetry.sdk.version: 1.14.0
    service.name: unknown_service:testhost
Activity.TraceId:            b539a97c5bb607f6dba2e22ea61f6fba
Activity.SpanId:             693377fc0e2265d4
Activity.TraceFlags:         Recorded
Activity.DisplayName:        POST api/auth/login/customer
Activity.Kind:               Server
Activity.StartTime:          2026-06-08T01:29:12.5601637Z
Activity.Duration:           00:00:00.0482173
Activity.Tags:
    server.address: localhost
    http.request.method: POST
    url.scheme: http
    url.path: /api/auth/login/customer
    network.protocol.version: 1.1
    http.route: api/auth/login/customer
    http.response.status_code: 401
Instrumentation scope (ActivitySource):
    Name: Microsoft.AspNetCore
Resource associated with Activity:
    telemetry.sdk.name: opentelemetry
    telemetry.sdk.language: dotnet
    telemetry.sdk.version: 1.14.0
    service.name: unknown_service:testhost
Activity.TraceId:            b539a97c5bb607f6dba2e22ea61f6fba
Activity.SpanId:             693377fc0e2265d4
Activity.TraceFlags:         Recorded
Activity.DisplayName:        POST api/auth/login/customer
Activity.Kind:               Server
Activity.StartTime:          2026-06-08T01:29:12.5601637Z
Activity.Duration:           00:00:00.0482173
Activity.Tags:
    server.address: localhost
    http.request.method: POST
    url.scheme: http
    url.path: /api/auth/login/customer
    network.protocol.version: 1.1
    http.route: api/auth/login/customer
    http.response.status_code: 401
Instrumentation scope (ActivitySource):
    Name: Microsoft.AspNetCore
Resource associated with Activity:
    telemetry.sdk.name: opentelemetry
    telemetry.sdk.language: dotnet
    telemetry.sdk.version: 1.14.0
    service.name: unknown_service:testhost
Activity.TraceId:            b539a97c5bb607f6dba2e22ea61f6fba
Activity.SpanId:             693377fc0e2265d4
Activity.TraceFlags:         Recorded
Activity.DisplayName:        POST api/auth/login/customer
Activity.Kind:               Server
Activity.StartTime:          2026-06-08T01:29:12.5601637Z
Activity.Duration:           00:00:00.0482173
Activity.Tags:
    server.address: localhost
    http.request.method: POST
    url.scheme: http
    url.path: /api/auth/login/customer
    network.protocol.version: 1.1
    http.route: api/auth/login/customer
    http.response.status_code: 401
Instrumentation scope (ActivitySource):
    Name: Microsoft.AspNetCore
Resource associated with Activity:
    telemetry.sdk.name: opentelemetry
    telemetry.sdk.language: dotnet
    telemetry.sdk.version: 1.14.0
    service.name: unknown_service:testhost
[22:29:12 INF] Request starting HTTP/1.1 POST http://localhost/api/auth/login/seller - application/json; charset=utf-8 null
[22:29:12 INF] Route matched with {action = "LoginSeller", controller = "Auth"}. Executing controller action with signature System.Threading.Tasks.Task`1[Microsoft.AspNetCore.Mvc.IActionResult] LoginSeller(Urbeat.Application.DTOs.LoginRequestDto, System.Threading.CancellationToken) on controller Urbeat.WebApi.Controllers.AuthController (Urbeat.WebApi).
[22:29:12 INF] Executing action method Urbeat.WebApi.Controllers.AuthController.LoginSeller (Urbeat.WebApi) - Validation state: Valid
[22:29:12 INF] Saved 1 entities to in-memory store.
[22:29:12 INF] Saved 1 entities to in-memory store.
[22:29:12 INF] Executed action method Urbeat.WebApi.Controllers.AuthController.LoginSeller (Urbeat.WebApi), returned result Microsoft.AspNetCore.Mvc.OkObjectResult in 41.9502ms.
[22:29:12 INF] Executing OkObjectResult, writing value of type 'Urbeat.Application.DTOs.AuthTokenResponseDto'.
[22:29:12 INF] Executed action Urbeat.WebApi.Controllers.AuthController.LoginSeller (Urbeat.WebApi) in 43.5425ms
[22:29:12 INF] Request finished HTTP/1.1 POST http://localhost/api/auth/login/seller - 200 null application/json; charset=utf-8 48.4226ms
Activity.TraceId:            6e67473c714a8d2c21279e25a3cbf6f1
Activity.SpanId:             454a972b79e4cc0f
Activity.TraceFlags:         Recorded
Activity.DisplayName:        POST api/auth/login/seller
Activity.Kind:               Server
Activity.StartTime:          2026-06-08T01:29:12.6090001Z
Activity.Duration:           00:00:00.0485116
Activity.Tags:
    server.address: localhost
    http.request.method: POST
    url.scheme: http
    url.path: /api/auth/login/seller
    network.protocol.version: 1.1
    http.route: api/auth/login/seller
    http.response.status_code: 200
Instrumentation scope (ActivitySource):
    Name: Microsoft.AspNetCore
Resource associated with Activity:
    telemetry.sdk.name: opentelemetry
    telemetry.sdk.language: dotnet
    telemetry.sdk.version: 1.14.0
    service.name: unknown_service:testhost
Activity.TraceId:            6e67473c714a8d2c21279e25a3cbf6f1
Activity.SpanId:             454a972b79e4cc0f
Activity.TraceFlags:         Recorded
Activity.DisplayName:        POST api/auth/login/seller
Activity.Kind:               Server
Activity.StartTime:          2026-06-08T01:29:12.6090001Z
Activity.Duration:           00:00:00.0485116
Activity.Tags:
    server.address: localhost
    http.request.method: POST
    url.scheme: http
    url.path: /api/auth/login/seller
    network.protocol.version: 1.1
    http.route: api/auth/login/seller
    http.response.status_code: 200
Instrumentation scope (ActivitySource):
    Name: Microsoft.AspNetCore
Resource associated with Activity:
    telemetry.sdk.name: opentelemetry
    telemetry.sdk.language: dotnet
    telemetry.sdk.version: 1.14.0
    service.name: unknown_service:testhost
Activity.TraceId:            6e67473c714a8d2c21279e25a3cbf6f1
Activity.SpanId:             454a972b79e4cc0f
Activity.TraceFlags:         Recorded
Activity.DisplayName:        POST api/auth/login/seller
Activity.Kind:               Server
Activity.StartTime:          2026-06-08T01:29:12.6090001Z
Activity.Duration:           00:00:00.0485116
Activity.Tags:
    server.address: localhost
    http.request.method: POST
    url.scheme: http
    url.path: /api/auth/login/seller
    network.protocol.version: 1.1
    http.route: api/auth/login/seller
    http.response.status_code: 200
Instrumentation scope (ActivitySource):
    Name: Microsoft.AspNetCore
Resource associated with Activity:
    telemetry.sdk.name: opentelemetry
    telemetry.sdk.language: dotnet
    telemetry.sdk.version: 1.14.0
    service.name: unknown_service:testhost
Activity.TraceId:            6e67473c714a8d2c21279e25a3cbf6f1
Activity.SpanId:             454a972b79e4cc0f
Activity.TraceFlags:         Recorded
Activity.DisplayName:        POST api/auth/login/seller
Activity.Kind:               Server
Activity.StartTime:          2026-06-08T01:29:12.6090001Z
Activity.Duration:           00:00:00.0485116
Activity.Tags:
    server.address: localhost
    http.request.method: POST
    url.scheme: http
    url.path: /api/auth/login/seller
    network.protocol.version: 1.1
    http.route: api/auth/login/seller
    http.response.status_code: 200
Instrumentation scope (ActivitySource):
    Name: Microsoft.AspNetCore
Resource associated with Activity:
    telemetry.sdk.name: opentelemetry
    telemetry.sdk.language: dotnet
    telemetry.sdk.version: 1.14.0
    service.name: unknown_service:testhost
Activity.TraceId:            6e67473c714a8d2c21279e25a3cbf6f1
Activity.SpanId:             454a972b79e4cc0f
Activity.TraceFlags:         Recorded
Activity.DisplayName:        POST api/auth/login/seller
Activity.Kind:               Server
Activity.StartTime:          2026-06-08T01:29:12.6090001Z
Activity.Duration:           00:00:00.0485116
Activity.Tags:
    server.address: localhost
    http.request.method: POST
    url.scheme: http
    url.path: /api/auth/login/seller
    network.protocol.version: 1.1
    http.route: api/auth/login/seller
    http.response.status_code: 200
Instrumentation scope (ActivitySource):
    Name: Microsoft.AspNetCore
Resource associated with Activity:
    telemetry.sdk.name: opentelemetry
    telemetry.sdk.language: dotnet
    telemetry.sdk.version: 1.14.0
    service.name: unknown_service:testhost
Activity.TraceId:            6e67473c714a8d2c21279e25a3cbf6f1
Activity.SpanId:             454a972b79e4cc0f
Activity.TraceFlags:         Recorded
Activity.DisplayName:        POST api/auth/login/seller
Activity.Kind:               Server
Activity.StartTime:          2026-06-08T01:29:12.6090001Z
Activity.Duration:           00:00:00.0485116
Activity.Tags:
    server.address: localhost
    http.request.method: POST
    url.scheme: http
    url.path: /api/auth/login/seller
    network.protocol.version: 1.1
    http.route: api/auth/login/seller
    http.response.status_code: 200
Instrumentation scope (ActivitySource):
    Name: Microsoft.AspNetCore
Resource associated with Activity:
    telemetry.sdk.name: opentelemetry
    telemetry.sdk.language: dotnet
    telemetry.sdk.version: 1.14.0
    service.name: unknown_service:testhost
[22:29:12 INF] Request starting HTTP/1.1 POST http://localhost/api/stores - application/json; charset=utf-8 null
[22:29:12 INF] Executing endpoint 'Urbeat.WebApi.Controllers.StoresController.Create (Urbeat.WebApi)'
[22:29:12 INF] Route matched with {action = "Create", controller = "Stores"}. Executing controller action with signature System.Threading.Tasks.Task`1[Microsoft.AspNetCore.Mvc.IActionResult] Create(Urbeat.Application.DTOs.CreateStoreRequestDto, System.Threading.CancellationToken) on controller Urbeat.WebApi.Controllers.StoresController (Urbeat.WebApi).
[22:29:12 INF] Executing action method Urbeat.WebApi.Controllers.StoresController.Create (Urbeat.WebApi) - Validation state: Valid
[22:29:12 INF] Saved 1 entities to in-memory store.
[22:29:12 INF] Saved 1 entities to in-memory store.
[22:29:12 INF] Executed action method Urbeat.WebApi.Controllers.StoresController.Create (Urbeat.WebApi), returned result Microsoft.AspNetCore.Mvc.ObjectResult in 0.9162ms.
[22:29:12 INF] Executing ObjectResult, writing value of type 'Urbeat.Application.DTOs.StoreResponseDto'.
[22:29:12 INF] Executed action Urbeat.WebApi.Controllers.StoresController.Create (Urbeat.WebApi) in 5.8558ms
[22:29:12 INF] Executed endpoint 'Urbeat.WebApi.Controllers.StoresController.Create (Urbeat.WebApi)'
[22:29:12 INF] Request finished HTTP/1.1 POST http://localhost/api/stores - 201 null application/json; charset=utf-8 6.548ms
Activity.TraceId:            9e40e79e35a8453aa9f3054fe172a997
Activity.SpanId:             ac9e2a2badce3f53
Activity.TraceFlags:         Recorded
Activity.DisplayName:        POST api/stores
Activity.Kind:               Server
Activity.StartTime:          2026-06-08T01:29:12.6582459Z
Activity.Duration:           00:00:00.0065915
Activity.Tags:
    server.address: localhost
    http.request.method: POST
    url.scheme: http
    url.path: /api/stores
    network.protocol.version: 1.1
    http.route: api/stores
    http.response.status_code: 201
Instrumentation scope (ActivitySource):
    Name: Microsoft.AspNetCore
Resource associated with Activity:
    telemetry.sdk.name: opentelemetry
    telemetry.sdk.language: dotnet
    telemetry.sdk.version: 1.14.0
    service.name: unknown_service:testhost
Activity.TraceId:            9e40e79e35a8453aa9f3054fe172a997
Activity.SpanId:             ac9e2a2badce3f53
Activity.TraceFlags:         Recorded
Activity.DisplayName:        POST api/stores
Activity.Kind:               Server
Activity.StartTime:          2026-06-08T01:29:12.6582459Z
Activity.Duration:           00:00:00.0065915
Activity.Tags:
    server.address: localhost
    http.request.method: POST
    url.scheme: http
    url.path: /api/stores
    network.protocol.version: 1.1
    http.route: api/stores
    http.response.status_code: 201
Instrumentation scope (ActivitySource):
    Name: Microsoft.AspNetCore
Resource associated with Activity:
    telemetry.sdk.name: opentelemetry
    telemetry.sdk.language: dotnet
    telemetry.sdk.version: 1.14.0
    service.name: unknown_service:testhost
Activity.TraceId:            9e40e79e35a8453aa9f3054fe172a997
Activity.SpanId:             ac9e2a2badce3f53
Activity.TraceFlags:         Recorded
Activity.DisplayName:        POST api/stores
Activity.Kind:               Server
Activity.StartTime:          2026-06-08T01:29:12.6582459Z
Activity.Duration:           00:00:00.0065915
Activity.Tags:
    server.address: localhost
    http.request.method: POST
    url.scheme: http
    url.path: /api/stores
    network.protocol.version: 1.1
    http.route: api/stores
    http.response.status_code: 201
Instrumentation scope (ActivitySource):
    Name: Microsoft.AspNetCore
Resource associated with Activity:
    telemetry.sdk.name: opentelemetry
    telemetry.sdk.language: dotnet
    telemetry.sdk.version: 1.14.0
    service.name: unknown_service:testhost
Activity.TraceId:            9e40e79e35a8453aa9f3054fe172a997
Activity.SpanId:             ac9e2a2badce3f53
Activity.TraceFlags:         Recorded
Activity.DisplayName:        POST api/stores
Activity.Kind:               Server
Activity.StartTime:          2026-06-08T01:29:12.6582459Z
Activity.Duration:           00:00:00.0065915
Activity.Tags:
    server.address: localhost
    http.request.method: POST
    url.scheme: http
    url.path: /api/stores
    network.protocol.version: 1.1
    http.route: api/stores
    http.response.status_code: 201
Instrumentation scope (ActivitySource):
    Name: Microsoft.AspNetCore
Resource associated with Activity:
    telemetry.sdk.name: opentelemetry
    telemetry.sdk.language: dotnet
    telemetry.sdk.version: 1.14.0
    service.name: unknown_service:testhost
Activity.TraceId:            9e40e79e35a8453aa9f3054fe172a997
Activity.SpanId:             ac9e2a2badce3f53
Activity.TraceFlags:         Recorded
Activity.DisplayName:        POST api/stores
Activity.Kind:               Server
Activity.StartTime:          2026-06-08T01:29:12.6582459Z
Activity.Duration:           00:00:00.0065915
Activity.Tags:
    server.address: localhost
    http.request.method: POST
    url.scheme: http
    url.path: /api/stores
    network.protocol.version: 1.1
    http.route: api/stores
    http.response.status_code: 201
Instrumentation scope (ActivitySource):
    Name: Microsoft.AspNetCore
Resource associated with Activity:
    telemetry.sdk.name: opentelemetry
    telemetry.sdk.language: dotnet
    telemetry.sdk.version: 1.14.0
    service.name: unknown_service:testhost
Activity.TraceId:            9e40e79e35a8453aa9f3054fe172a997
Activity.SpanId:             ac9e2a2badce3f53
Activity.TraceFlags:         Recorded
Activity.DisplayName:        POST api/stores
Activity.Kind:               Server
Activity.StartTime:          2026-06-08T01:29:12.6582459Z
Activity.Duration:           00:00:00.0065915
Activity.Tags:
    server.address: localhost
    http.request.method: POST
    url.scheme: http
    url.path: /api/stores
    network.protocol.version: 1.1
    http.route: api/stores
    http.response.status_code: 201
Instrumentation scope (ActivitySource):
    Name: Microsoft.AspNetCore
Resource associated with Activity:
    telemetry.sdk.name: opentelemetry
    telemetry.sdk.language: dotnet
    telemetry.sdk.version: 1.14.0
    service.name: unknown_service:testhost
[22:29:12 INF] Saved 1 entities to in-memory store.
[22:29:12 INF] Saved 1 entities to in-memory store.
[22:29:12 INF] Executing ObjectResult, writing value of type 'Urbeat.Application.DTOs.ProductResponseDto'.
Activity.TraceId:            a92e460b4b7898a228ca0763fb3eb5b6
Activity.SpanId:             8719fbaf663c463c
Activity.TraceFlags:         Recorded
Activity.DisplayName:        POST api/stores/{storeId}/products
Activity.Kind:               Server
Activity.StartTime:          2026-06-08T01:29:12.6654912Z
Activity.Duration:           00:00:00.0092178
Activity.Tags:
    server.address: localhost
    http.request.method: POST
    url.scheme: http
    url.path: /api/stores/019ea4d9-1a18-72f0-808a-d51d50e9501a/products
    network.protocol.version: 1.1
    http.route: api/stores/{storeId}/products
    http.response.status_code: 201
Instrumentation scope (ActivitySource):
    Name: Microsoft.AspNetCore
Resource associated with Activity:
    telemetry.sdk.name: opentelemetry
    telemetry.sdk.language: dotnet
    telemetry.sdk.version: 1.14.0
    service.name: unknown_service:testhost
Activity.TraceId:            a92e460b4b7898a228ca0763fb3eb5b6
Activity.SpanId:             8719fbaf663c463c
Activity.TraceFlags:         Recorded
Activity.DisplayName:        POST api/stores/{storeId}/products
Activity.Kind:               Server
Activity.StartTime:          2026-06-08T01:29:12.6654912Z
Activity.Duration:           00:00:00.0092178
Activity.Tags:
    server.address: localhost
    http.request.method: POST
    url.scheme: http
    url.path: /api/stores/019ea4d9-1a18-72f0-808a-d51d50e9501a/products
    network.protocol.version: 1.1
    http.route: api/stores/{storeId}/products
    http.response.status_code: 201
Instrumentation scope (ActivitySource):
    Name: Microsoft.AspNetCore
Resource associated with Activity:
    telemetry.sdk.name: opentelemetry
    telemetry.sdk.language: dotnet
    telemetry.sdk.version: 1.14.0
    service.name: unknown_service:testhost
Activity.TraceId:            a92e460b4b7898a228ca0763fb3eb5b6
Activity.SpanId:             8719fbaf663c463c
Activity.TraceFlags:         Recorded
Activity.DisplayName:        POST api/stores/{storeId}/products
Activity.Kind:               Server
Activity.StartTime:          2026-06-08T01:29:12.6654912Z
Activity.Duration:           00:00:00.0092178
Activity.Tags:
    server.address: localhost
    http.request.method: POST
    url.scheme: http
    url.path: /api/stores/019ea4d9-1a18-72f0-808a-d51d50e9501a/products
    network.protocol.version: 1.1
    http.route: api/stores/{storeId}/products
    http.response.status_code: 201
Instrumentation scope (ActivitySource):
    Name: Microsoft.AspNetCore
Resource associated with Activity:
    telemetry.sdk.name: opentelemetry
    telemetry.sdk.language: dotnet
    telemetry.sdk.version: 1.14.0
    service.name: unknown_service:testhost
Activity.TraceId:            a92e460b4b7898a228ca0763fb3eb5b6
Activity.SpanId:             8719fbaf663c463c
Activity.TraceFlags:         Recorded
Activity.DisplayName:        POST api/stores/{storeId}/products
Activity.Kind:               Server
Activity.StartTime:          2026-06-08T01:29:12.6654912Z
Activity.Duration:           00:00:00.0092178
Activity.Tags:
    server.address: localhost
    http.request.method: POST
    url.scheme: http
    url.path: /api/stores/019ea4d9-1a18-72f0-808a-d51d50e9501a/products
    network.protocol.version: 1.1
    http.route: api/stores/{storeId}/products
    http.response.status_code: 201
Instrumentation scope (ActivitySource):
    Name: Microsoft.AspNetCore
Resource associated with Activity:
    telemetry.sdk.name: opentelemetry
    telemetry.sdk.language: dotnet
    telemetry.sdk.version: 1.14.0
    service.name: unknown_service:testhost
Activity.TraceId:            a92e460b4b7898a228ca0763fb3eb5b6
Activity.SpanId:             8719fbaf663c463c
Activity.TraceFlags:         Recorded
Activity.DisplayName:        POST api/stores/{storeId}/products
Activity.Kind:               Server
Activity.StartTime:          2026-06-08T01:29:12.6654912Z
Activity.Duration:           00:00:00.0092178
Activity.Tags:
    server.address: localhost
    http.request.method: POST
    url.scheme: http
    url.path: /api/stores/019ea4d9-1a18-72f0-808a-d51d50e9501a/products
    network.protocol.version: 1.1
    http.route: api/stores/{storeId}/products
    http.response.status_code: 201
Instrumentation scope (ActivitySource):
    Name: Microsoft.AspNetCore
Resource associated with Activity:
    telemetry.sdk.name: opentelemetry
    telemetry.sdk.language: dotnet
    telemetry.sdk.version: 1.14.0
    service.name: unknown_service:testhost
Activity.TraceId:            a92e460b4b7898a228ca0763fb3eb5b6
Activity.SpanId:             8719fbaf663c463c
Activity.TraceFlags:         Recorded
Activity.DisplayName:        POST api/stores/{storeId}/products
Activity.Kind:               Server
Activity.StartTime:          2026-06-08T01:29:12.6654912Z
Activity.Duration:           00:00:00.0092178
Activity.Tags:
    server.address: localhost
    http.request.method: POST
    url.scheme: http
    url.path: /api/stores/019ea4d9-1a18-72f0-808a-d51d50e9501a/products
    network.protocol.version: 1.1
    http.route: api/stores/{storeId}/products
    http.response.status_code: 201
Instrumentation scope (ActivitySource):
    Name: Microsoft.AspNetCore
Resource associated with Activity:
    telemetry.sdk.name: opentelemetry
    telemetry.sdk.language: dotnet
    telemetry.sdk.version: 1.14.0
    service.name: unknown_service:testhost
[22:29:12 INF] Request starting HTTP/1.1 POST http://localhost/api/auth/login/admin - application/json; charset=utf-8 null
[22:29:12 INF] Executing endpoint 'Urbeat.WebApi.Controllers.AuthController.LoginAdmin (Urbeat.WebApi)'
[22:29:12 INF] Route matched with {action = "LoginAdmin", controller = "Auth"}. Executing controller action with signature System.Threading.Tasks.Task`1[Microsoft.AspNetCore.Mvc.IActionResult] LoginAdmin(Urbeat.Application.DTOs.LoginRequestDto, System.Threading.CancellationToken) on controller Urbeat.WebApi.Controllers.AuthController (Urbeat.WebApi).
[22:29:12 INF] Executing action method Urbeat.WebApi.Controllers.AuthController.LoginAdmin (Urbeat.WebApi) - Validation state: Valid
[22:29:12 INF] Saved 1 entities to in-memory store.
[22:29:12 INF] Saved 1 entities to in-memory store.
[22:29:12 INF] Executed action method Urbeat.WebApi.Controllers.AuthController.LoginAdmin (Urbeat.WebApi), returned result Microsoft.AspNetCore.Mvc.OkObjectResult in 41.8976ms.
[22:29:12 INF] Executed action Urbeat.WebApi.Controllers.AuthController.LoginAdmin (Urbeat.WebApi) in 42.9067ms
[22:29:12 INF] Executed endpoint 'Urbeat.WebApi.Controllers.AuthController.LoginAdmin (Urbeat.WebApi)'
[22:29:12 INF] Request finished HTTP/1.1 POST http://localhost/api/auth/login/admin - 200 null application/json; charset=utf-8 44.8031ms
Activity.TraceId:            5f514cdab9fe5ed45dd843019897bd92
Activity.SpanId:             d4fb5061ac260106
Activity.TraceFlags:         Recorded
Activity.DisplayName:        POST api/auth/login/admin
Activity.Kind:               Server
Activity.StartTime:          2026-06-08T01:29:12.6752335Z
Activity.Duration:           00:00:00.0448822
Activity.Tags:
    server.address: localhost
    http.request.method: POST
    url.scheme: http
    url.path: /api/auth/login/admin
    network.protocol.version: 1.1
    http.route: api/auth/login/admin
    http.response.status_code: 200
Instrumentation scope (ActivitySource):
    Name: Microsoft.AspNetCore
Resource associated with Activity:
    telemetry.sdk.name: opentelemetry
    telemetry.sdk.language: dotnet
    telemetry.sdk.version: 1.14.0
    service.name: unknown_service:testhost
Activity.TraceId:            5f514cdab9fe5ed45dd843019897bd92
Activity.SpanId:             d4fb5061ac260106
Activity.TraceFlags:         Recorded
Activity.DisplayName:        POST api/auth/login/admin
Activity.Kind:               Server
Activity.StartTime:          2026-06-08T01:29:12.6752335Z
Activity.Duration:           00:00:00.0448822
Activity.Tags:
    server.address: localhost
    http.request.method: POST
    url.scheme: http
    url.path: /api/auth/login/admin
    network.protocol.version: 1.1
    http.route: api/auth/login/admin
    http.response.status_code: 200
Instrumentation scope (ActivitySource):
    Name: Microsoft.AspNetCore
Resource associated with Activity:
    telemetry.sdk.name: opentelemetry
    telemetry.sdk.language: dotnet
    telemetry.sdk.version: 1.14.0
    service.name: unknown_service:testhost
Activity.TraceId:            5f514cdab9fe5ed45dd843019897bd92
Activity.SpanId:             d4fb5061ac260106
Activity.TraceFlags:         Recorded
Activity.DisplayName:        POST api/auth/login/admin
Activity.Kind:               Server
Activity.StartTime:          2026-06-08T01:29:12.6752335Z
Activity.Duration:           00:00:00.0448822
Activity.Tags:
    server.address: localhost
    http.request.method: POST
    url.scheme: http
    url.path: /api/auth/login/admin
    network.protocol.version: 1.1
    http.route: api/auth/login/admin
    http.response.status_code: 200
Instrumentation scope (ActivitySource):
    Name: Microsoft.AspNetCore
Resource associated with Activity:
    telemetry.sdk.name: opentelemetry
    telemetry.sdk.language: dotnet
    telemetry.sdk.version: 1.14.0
    service.name: unknown_service:testhost
Activity.TraceId:            5f514cdab9fe5ed45dd843019897bd92
Activity.SpanId:             d4fb5061ac260106
Activity.TraceFlags:         Recorded
Activity.DisplayName:        POST api/auth/login/admin
Activity.Kind:               Server
Activity.StartTime:          2026-06-08T01:29:12.6752335Z
Activity.Duration:           00:00:00.0448822
Activity.Tags:
    server.address: localhost
    http.request.method: POST
    url.scheme: http
    url.path: /api/auth/login/admin
    network.protocol.version: 1.1
    http.route: api/auth/login/admin
    http.response.status_code: 200
Instrumentation scope (ActivitySource):
    Name: Microsoft.AspNetCore
Resource associated with Activity:
    telemetry.sdk.name: opentelemetry
    telemetry.sdk.language: dotnet
    telemetry.sdk.version: 1.14.0
    service.name: unknown_service:testhost
Activity.TraceId:            5f514cdab9fe5ed45dd843019897bd92
Activity.SpanId:             d4fb5061ac260106
Activity.TraceFlags:         Recorded
Activity.DisplayName:        POST api/auth/login/admin
Activity.Kind:               Server
Activity.StartTime:          2026-06-08T01:29:12.6752335Z
Activity.Duration:           00:00:00.0448822
Activity.Tags:
    server.address: localhost
    http.request.method: POST
    url.scheme: http
    url.path: /api/auth/login/admin
    network.protocol.version: 1.1
    http.route: api/auth/login/admin
    http.response.status_code: 200
Instrumentation scope (ActivitySource):
    Name: Microsoft.AspNetCore
Resource associated with Activity:
    telemetry.sdk.name: opentelemetry
    telemetry.sdk.language: dotnet
    telemetry.sdk.version: 1.14.0
    service.name: unknown_service:testhost
Activity.TraceId:            5f514cdab9fe5ed45dd843019897bd92
Activity.SpanId:             d4fb5061ac260106
Activity.TraceFlags:         Recorded
Activity.DisplayName:        POST api/auth/login/admin
Activity.Kind:               Server
Activity.StartTime:          2026-06-08T01:29:12.6752335Z
Activity.Duration:           00:00:00.0448822
Activity.Tags:
    server.address: localhost
    http.request.method: POST
    url.scheme: http
    url.path: /api/auth/login/admin
    network.protocol.version: 1.1
    http.route: api/auth/login/admin
    http.response.status_code: 200
Instrumentation scope (ActivitySource):
    Name: Microsoft.AspNetCore
Resource associated with Activity:
    telemetry.sdk.name: opentelemetry
    telemetry.sdk.language: dotnet
    telemetry.sdk.version: 1.14.0
    service.name: unknown_service:testhost
[22:29:12 INF] Request starting HTTP/1.1 POST http://localhost/api/stores - application/json; charset=utf-8 null
[22:29:12 INF] Request starting HTTP/1.1 POST http://localhost/api/stores/019ea4d9-1cd8-7b97-8a94-c81632e9ed31/categories - application/json; charset=utf-8 null
[22:29:12 INF] Route matched with {action = "LoginCustomer", controller = "Auth"}. Executing controller action with signature System.Threading.Tasks.Task`1[Microsoft.AspNetCore.Mvc.IActionResult] LoginCustomer(Urbeat.Application.DTOs.LoginRequestDto, System.Threading.CancellationToken) on controller Urbeat.WebApi.Controllers.AuthController (Urbeat.WebApi).
[22:29:12 INF] Request starting HTTP/1.1 POST http://localhost/api/webhooks/asaas - application/json; charset=utf-8 71
[22:29:12 INF] Executing endpoint 'Urbeat.WebApi.Controllers.StoreCategoriesController.Create (Urbeat.WebApi)'
[22:29:12 INF] Executing action method Urbeat.WebApi.Controllers.AuthController.LoginCustomer (Urbeat.WebApi) - Validation state: Valid
[22:29:12 INF] Route matched with {action = "Create", controller = "StoreCategories"}. Executing controller action with signature System.Threading.Tasks.Task`1[Microsoft.AspNetCore.Mvc.IActionResult] Create(System.Guid, Urbeat.Application.DTOs.CreateProductCategoryRequestDto, System.Threading.CancellationToken) on controller Urbeat.WebApi.Controllers.StoreCategoriesController (Urbeat.WebApi).
[22:29:12 INF] Request starting HTTP/1.1 POST http://localhost/api/landingpagecontent - application/json; charset=utf-8 null
[22:29:12 INF] Executing action method Urbeat.WebApi.Controllers.StoreCategoriesController.Create (Urbeat.WebApi) - Validation state: Valid
[22:29:12 INF] Executing endpoint 'Urbeat.WebApi.Controllers.LandingPageContentController.Create (Urbeat.WebApi)'
[22:29:12 INF] Route matched with {action = "Create", controller = "LandingPageContent"}. Executing controller action with signature System.Threading.Tasks.Task`1[Microsoft.AspNetCore.Mvc.IActionResult] Create(Urbeat.Application.Dtos.LandingPageContentRequestDto, System.Threading.CancellationToken) on controller Urbeat.WebApi.Controllers.LandingPageContentController (Urbeat.WebApi).
[22:29:12 INF] Executing action method Urbeat.WebApi.Controllers.LandingPageContentController.Create (Urbeat.WebApi) - Validation state: Valid
[22:29:12 INF] Saved 1 entities to in-memory store.
[22:29:12 INF] Saved 1 entities to in-memory store.
[22:29:12 INF] Saved 1 entities to in-memory store.
[22:29:12 INF] Executed action method Urbeat.WebApi.Controllers.LandingPageContentController.Create (Urbeat.WebApi), returned result Microsoft.AspNetCore.Mvc.CreatedAtActionResult in 0.1229ms.
[22:29:12 INF] Saved 1 entities to in-memory store.
[22:29:12 INF] Saved 1 entities to in-memory store.
[22:29:12 INF] Executed action Urbeat.WebApi.Controllers.LandingPageContentController.Create (Urbeat.WebApi) in 0.4842ms
[22:29:12 INF] Executed endpoint 'Urbeat.WebApi.Controllers.LandingPageContentController.Create (Urbeat.WebApi)'
[22:29:12 INF] Executed action method Urbeat.WebApi.Controllers.StoreCategoriesController.Create (Urbeat.WebApi), returned result Microsoft.AspNetCore.Mvc.ObjectResult in 0.6646ms.
[22:29:12 INF] Executing ObjectResult, writing value of type 'Urbeat.Application.DTOs.ProductCategoryResponseDto'.
[22:29:12 INF] Request finished HTTP/1.1 POST http://localhost/api/landingpagecontent - 201 null application/json; charset=utf-8 10.4472ms
[22:29:12 INF] Executing ObjectResult, writing value of type 'Urbeat.Application.DTOs.ProductResponseDto'.
Activity.TraceId:            2ae37bb7a80c154149fec2bf6c46e842
Activity.SpanId:             bd3021ee49723557
[22:29:12 INF] Executed action Urbeat.WebApi.Controllers.StoreCategoriesController.Create (Urbeat.WebApi) in 10.7191ms
Activity.TraceFlags:         Recorded
Activity.DisplayName:        POST api/LandingPageContent
Activity.Kind:               Server
Activity.StartTime:          2026-06-08T01:29:12.7215133Z
Activity.Duration:           00:00:00.0105248
Activity.Tags:
[22:29:12 INF] Executed endpoint 'Urbeat.WebApi.Controllers.StoreCategoriesController.Create (Urbeat.WebApi)'
    server.address: localhost
    http.request.method: POST
    url.scheme: http
    url.path: /api/landingpagecontent
    network.protocol.version: 1.1
    http.route: api/LandingPageContent
    http.response.status_code: 201
Instrumentation scope (ActivitySource):
    Name: Microsoft.AspNetCore
Resource associated with Activity:
    telemetry.sdk.name: opentelemetry
    telemetry.sdk.language: dotnet
    telemetry.sdk.version: 1.14.0
    service.name: unknown_service:testhost
Activity.TraceId:            2ae37bb7a80c154149fec2bf6c46e842
Activity.SpanId:             bd3021ee49723557
Activity.TraceFlags:         Recorded
Activity.DisplayName:        POST api/LandingPageContent
Activity.Kind:               Server
Activity.StartTime:          2026-06-08T01:29:12.7215133Z
Activity.Duration:           00:00:00.0105248
Activity.Tags:
    server.address: localhost
    http.request.method: POST
    url.scheme: http
    url.path: /api/landingpagecontent
    network.protocol.version: 1.1
    http.route: api/LandingPageContent
    http.response.status_code: 201
Instrumentation scope (ActivitySource):
    Name: Microsoft.AspNetCore
Resource associated with Activity:
    telemetry.sdk.name: opentelemetry
    telemetry.sdk.language: dotnet
    telemetry.sdk.version: 1.14.0
    service.name: unknown_service:testhost
Activity.TraceId:            2ae37bb7a80c154149fec2bf6c46e842
Activity.SpanId:             bd3021ee49723557
Activity.TraceFlags:         Recorded
Activity.DisplayName:        POST api/LandingPageContent
Activity.Kind:               Server
Activity.StartTime:          2026-06-08T01:29:12.7215133Z
Activity.Duration:           00:00:00.0105248
Activity.Tags:
    server.address: localhost
    http.request.method: POST
    url.scheme: http
    url.path: /api/landingpagecontent
    network.protocol.version: 1.1
    http.route: api/LandingPageContent
[22:29:12 INF] Request finished HTTP/1.1 POST http://localhost/api/stores/019ea4d9-1cd8-7b97-8a94-c81632e9ed31/categories - 201 null application/json; charset=utf-8 11.5523ms
    http.response.status_code: 201
Instrumentation scope (ActivitySource):
    Name: Microsoft.AspNetCore
Resource associated with Activity:
    telemetry.sdk.name: opentelemetry
    telemetry.sdk.language: dotnet
    telemetry.sdk.version: 1.14.0
    service.name: unknown_service:testhost
Activity.TraceId:            2ae37bb7a80c154149fec2bf6c46e842
Activity.SpanId:             bd3021ee49723557
Activity.TraceFlags:         Recorded
Activity.DisplayName:        POST api/LandingPageContent
Activity.Kind:               Server
Activity.StartTime:          2026-06-08T01:29:12.7215133Z
Activity.Duration:           00:00:00.0105248
Activity.Tags:
    server.address: localhost
Activity.TraceId:            69a7db67aa9a8c68330beee8f1d3d231
    http.request.method: POST
Activity.SpanId:             1bfcc2c09cb67e34
    url.scheme: http
Activity.TraceFlags:         Recorded
    url.path: /api/landingpagecontent
Activity.DisplayName:        POST api/stores/{storeId}/products
    network.protocol.version: 1.1
Activity.Kind:               Server
    http.route: api/LandingPageContent
    http.response.status_code: 201
Instrumentation scope (ActivitySource):
    Name: Microsoft.AspNetCore
Activity.StartTime:          2026-06-08T01:29:12.7207334Z
Resource associated with Activity:
Activity.Duration:           00:00:00.0115221
    telemetry.sdk.name: opentelemetry
Activity.Tags:
    telemetry.sdk.language: dotnet
    telemetry.sdk.version: 1.14.0
    server.address: localhost
    service.name: unknown_service:testhost
    http.request.method: POST
Activity.TraceId:            2ae37bb7a80c154149fec2bf6c46e842
    url.scheme: http
Activity.SpanId:             bd3021ee49723557
    url.path: /api/stores/019ea4d9-1a18-72f0-808a-d51d50e9501a/products
Activity.TraceFlags:         Recorded
    network.protocol.version: 1.1
Activity.DisplayName:        POST api/LandingPageContent
    http.route: api/stores/{storeId}/products
Activity.Kind:               Server
    http.response.status_code: 201
Activity.StartTime:          2026-06-08T01:29:12.7215133Z
Activity.Duration:           00:00:00.0105248
Instrumentation scope (ActivitySource):
Activity.Tags:
    Name: Microsoft.AspNetCore
    server.address: localhost
Resource associated with Activity:
    http.request.method: POST
    telemetry.sdk.name: opentelemetry
    url.scheme: http
    telemetry.sdk.language: dotnet
    url.path: /api/landingpagecontent
    telemetry.sdk.version: 1.14.0
    network.protocol.version: 1.1
    service.name: unknown_service:testhost
    http.route: api/LandingPageContent
    http.response.status_code: 201
Activity.TraceId:            69a7db67aa9a8c68330beee8f1d3d231
Instrumentation scope (ActivitySource):
Activity.SpanId:             1bfcc2c09cb67e34
    Name: Microsoft.AspNetCore
Activity.TraceFlags:         Recorded
Resource associated with Activity:
Activity.DisplayName:        POST api/stores/{storeId}/products
    telemetry.sdk.name: opentelemetry
Activity.TraceId:            da12bc9b53c8692c1a9940971e25fa14
    telemetry.sdk.language: dotnet
Activity.Kind:               Server
Activity.SpanId:             749a0d3bc2370f89
    telemetry.sdk.version: 1.14.0
Activity.TraceFlags:         Recorded
Activity.StartTime:          2026-06-08T01:29:12.7207334Z
Activity.DisplayName:        POST api/stores/{storeId}/categories
    service.name: unknown_service:testhost
Activity.Duration:           00:00:00.0115221
Activity.Kind:               Server
Activity.Tags:
Activity.TraceId:            2ae37bb7a80c154149fec2bf6c46e842
[22:29:12 INF] Request starting HTTP/1.1 GET http://localhost/api/landingpagecontent - null null
    server.address: localhost
Activity.StartTime:          2026-06-08T01:29:12.7206854Z
    http.request.method: POST
Activity.SpanId:             bd3021ee49723557
Activity.Duration:           00:00:00.0116090
    url.scheme: http
Activity.Tags:
Activity.TraceFlags:         Recorded
    url.path: /api/stores/019ea4d9-1a18-72f0-808a-d51d50e9501a/products
Activity.DisplayName:        POST api/LandingPageContent
    network.protocol.version: 1.1
    server.address: localhost
    http.route: api/stores/{storeId}/products
    http.request.method: POST
    http.response.status_code: 201
Activity.Kind:               Server
Instrumentation scope (ActivitySource):
    url.scheme: http
    Name: Microsoft.AspNetCore
    url.path: /api/stores/019ea4d9-1cd8-7b97-8a94-c81632e9ed31/categories
Activity.StartTime:          2026-06-08T01:29:12.7215133Z
Resource associated with Activity:
    network.protocol.version: 1.1
Activity.Duration:           00:00:00.0105248
    telemetry.sdk.name: opentelemetry
    http.route: api/stores/{storeId}/categories
    telemetry.sdk.language: dotnet
    http.response.status_code: 201
    telemetry.sdk.version: 1.14.0
Instrumentation scope (ActivitySource):
    service.name: unknown_service:testhost
    Name: Microsoft.AspNetCore
Resource associated with Activity:
Activity.TraceId:            69a7db67aa9a8c68330beee8f1d3d231
Activity.SpanId:             1bfcc2c09cb67e34
Activity.TraceFlags:         Recorded
Activity.DisplayName:        POST api/stores/{storeId}/products
Activity.Kind:               Server
Activity.Tags:
Activity.StartTime:          2026-06-08T01:29:12.7207334Z
    server.address: localhost
Activity.Duration:           00:00:00.0115221
    http.request.method: POST
Activity.Tags:
    url.scheme: http
    server.address: localhost
    url.path: /api/landingpagecontent
    telemetry.sdk.name: opentelemetry
    http.request.method: POST
    telemetry.sdk.language: dotnet
    network.protocol.version: 1.1
    url.scheme: http
    telemetry.sdk.version: 1.14.0
    url.path: /api/stores/019ea4d9-1a18-72f0-808a-d51d50e9501a/products
    service.name: unknown_service:testhost
    network.protocol.version: 1.1
    http.route: api/stores/{storeId}/products
Activity.TraceId:            da12bc9b53c8692c1a9940971e25fa14
    http.response.status_code: 201
Activity.SpanId:             749a0d3bc2370f89
    http.route: api/LandingPageContent
Instrumentation scope (ActivitySource):
Activity.TraceFlags:         Recorded
    Name: Microsoft.AspNetCore
    http.response.status_code: 201
Activity.DisplayName:        POST api/stores/{storeId}/categories
Instrumentation scope (ActivitySource):
Resource associated with Activity:
    Name: Microsoft.AspNetCore
    telemetry.sdk.name: opentelemetry
Activity.Kind:               Server
Resource associated with Activity:
    telemetry.sdk.language: dotnet
    telemetry.sdk.version: 1.14.0
    telemetry.sdk.name: opentelemetry
    service.name: unknown_service:testhost
    telemetry.sdk.language: dotnet
    telemetry.sdk.version: 1.14.0
Activity.StartTime:          2026-06-08T01:29:12.7206854Z
    service.name: unknown_service:testhost
Activity.Duration:           00:00:00.0116090
Activity.TraceId:            69a7db67aa9a8c68330beee8f1d3d231
Activity.Tags:
Activity.SpanId:             1bfcc2c09cb67e34
    server.address: localhost
Activity.TraceFlags:         Recorded
    http.request.method: POST
Activity.DisplayName:        POST api/stores/{storeId}/products
    url.scheme: http
Activity.Kind:               Server
    url.path: /api/stores/019ea4d9-1cd8-7b97-8a94-c81632e9ed31/categories
    network.protocol.version: 1.1
    http.route: api/stores/{storeId}/categories
    http.response.status_code: 201
Activity.StartTime:          2026-06-08T01:29:12.7207334Z
Instrumentation scope (ActivitySource):
Activity.Duration:           00:00:00.0115221
    Name: Microsoft.AspNetCore
Activity.Tags:
Resource associated with Activity:
    server.address: localhost
    telemetry.sdk.name: opentelemetry
    http.request.method: POST
    telemetry.sdk.language: dotnet
    url.scheme: http
    url.path: /api/stores/019ea4d9-1a18-72f0-808a-d51d50e9501a/products
    telemetry.sdk.version: 1.14.0
    network.protocol.version: 1.1
    http.route: api/stores/{storeId}/products
    service.name: unknown_service:testhost
    http.response.status_code: 201
Instrumentation scope (ActivitySource):
    Name: Microsoft.AspNetCore
Resource associated with Activity:
Activity.TraceId:            da12bc9b53c8692c1a9940971e25fa14
    telemetry.sdk.name: opentelemetry
Activity.SpanId:             749a0d3bc2370f89
    telemetry.sdk.language: dotnet
    telemetry.sdk.version: 1.14.0
    service.name: unknown_service:testhost
Activity.TraceFlags:         Recorded
Activity.DisplayName:        POST api/stores/{storeId}/categories
Activity.TraceId:            69a7db67aa9a8c68330beee8f1d3d231
Activity.Kind:               Server
Activity.SpanId:             1bfcc2c09cb67e34
Activity.StartTime:          2026-06-08T01:29:12.7206854Z
Activity.TraceFlags:         Recorded
Activity.Duration:           00:00:00.0116090
[22:29:12 INF] Executing endpoint 'Urbeat.WebApi.Controllers.LandingPageContentController.GetAll (Urbeat.WebApi)'
Activity.DisplayName:        POST api/stores/{storeId}/products
Activity.Kind:               Server
Activity.Tags:
Activity.StartTime:          2026-06-08T01:29:12.7207334Z
Activity.Duration:           00:00:00.0115221
    server.address: localhost
Activity.Tags:
    server.address: localhost
    http.request.method: POST
    http.request.method: POST
    url.scheme: http
    url.scheme: http
    url.path: /api/stores/019ea4d9-1a18-72f0-808a-d51d50e9501a/products
    url.path: /api/stores/019ea4d9-1cd8-7b97-8a94-c81632e9ed31/categories
    network.protocol.version: 1.1
    network.protocol.version: 1.1
    http.route: api/stores/{storeId}/categories
    http.route: api/stores/{storeId}/products
    http.response.status_code: 201
    http.response.status_code: 201
Instrumentation scope (ActivitySource):
    Name: Microsoft.AspNetCore
Instrumentation scope (ActivitySource):
    Name: Microsoft.AspNetCore
[22:29:12 INF] Route matched with {action = "GetAll", controller = "LandingPageContent"}. Executing controller action with signature System.Threading.Tasks.Task`1[Microsoft.AspNetCore.Mvc.IActionResult] GetAll(System.Threading.CancellationToken) on controller Urbeat.WebApi.Controllers.LandingPageContentController (Urbeat.WebApi).
Resource associated with Activity:
Resource associated with Activity:
    telemetry.sdk.name: opentelemetry
    telemetry.sdk.name: opentelemetry
    telemetry.sdk.language: dotnet
    telemetry.sdk.version: 1.14.0
    telemetry.sdk.language: dotnet
    service.name: unknown_service:testhost
    telemetry.sdk.version: 1.14.0
    service.name: unknown_service:testhost
Activity.TraceId:            da12bc9b53c8692c1a9940971e25fa14
Activity.TraceId:            69a7db67aa9a8c68330beee8f1d3d231
Activity.SpanId:             1bfcc2c09cb67e34
Activity.SpanId:             749a0d3bc2370f89
Activity.TraceFlags:         Recorded
Activity.TraceFlags:         Recorded
Activity.DisplayName:        POST api/stores/{storeId}/products
Activity.DisplayName:        POST api/stores/{storeId}/categories
Activity.Kind:               Server
Activity.Kind:               Server
Activity.StartTime:          2026-06-08T01:29:12.7206854Z
Activity.Duration:           00:00:00.0116090
Activity.StartTime:          2026-06-08T01:29:12.7207334Z
Activity.Tags:
Activity.Duration:           00:00:00.0115221
    server.address: localhost
Activity.Tags:
    http.request.method: POST
    url.scheme: http
    server.address: localhost
    url.path: /api/stores/019ea4d9-1cd8-7b97-8a94-c81632e9ed31/categories
    http.request.method: POST
    url.scheme: http
    network.protocol.version: 1.1
    url.path: /api/stores/019ea4d9-1a18-72f0-808a-d51d50e9501a/products
    http.route: api/stores/{storeId}/categories
    network.protocol.version: 1.1
    http.response.status_code: 201
    http.route: api/stores/{storeId}/products
Instrumentation scope (ActivitySource):
    Name: Microsoft.AspNetCore
Resource associated with Activity:
    http.response.status_code: 201
    telemetry.sdk.name: opentelemetry
Instrumentation scope (ActivitySource):
    telemetry.sdk.language: dotnet
    Name: Microsoft.AspNetCore
    telemetry.sdk.version: 1.14.0
[22:29:12 INF] Executing action method Urbeat.WebApi.Controllers.LandingPageContentController.GetAll (Urbeat.WebApi) - Validation state: Valid
    service.name: unknown_service:testhost
Resource associated with Activity:
    telemetry.sdk.name: opentelemetry
    telemetry.sdk.language: dotnet
    telemetry.sdk.version: 1.14.0
Activity.TraceId:            da12bc9b53c8692c1a9940971e25fa14
    service.name: unknown_service:testhost
Activity.SpanId:             749a0d3bc2370f89
Activity.TraceFlags:         Recorded
[22:29:12 INF] Route matched with {action = "Create", controller = "Stores"}. Executing controller action with signature System.Threading.Tasks.Task`1[Microsoft.AspNetCore.Mvc.IActionResult] Create(Urbeat.Application.DTOs.CreateStoreRequestDto, System.Threading.CancellationToken) on controller Urbeat.WebApi.Controllers.StoresController (Urbeat.WebApi).
Activity.DisplayName:        POST api/stores/{storeId}/categories
Activity.Kind:               Server
Activity.StartTime:          2026-06-08T01:29:12.7206854Z
Activity.Duration:           00:00:00.0116090
Activity.Tags:
    server.address: localhost
    http.request.method: POST
    url.scheme: http
    url.path: /api/stores/019ea4d9-1cd8-7b97-8a94-c81632e9ed31/categories
    network.protocol.version: 1.1
    http.route: api/stores/{storeId}/categories
    http.response.status_code: 201
Instrumentation scope (ActivitySource):
    Name: Microsoft.AspNetCore
Resource associated with Activity:
    telemetry.sdk.name: opentelemetry
    telemetry.sdk.language: dotnet
    telemetry.sdk.version: 1.14.0
    service.name: unknown_service:testhost
Activity.TraceId:            da12bc9b53c8692c1a9940971e25fa14
Activity.SpanId:             749a0d3bc2370f89
Activity.TraceFlags:         Recorded
Activity.DisplayName:        POST api/stores/{storeId}/categories
Activity.Kind:               Server
Activity.StartTime:          2026-06-08T01:29:12.7206854Z
Activity.Duration:           00:00:00.0116090
Activity.Tags:
    server.address: localhost
    http.request.method: POST
    url.scheme: http
    url.path: /api/stores/019ea4d9-1cd8-7b97-8a94-c81632e9ed31/categories
    network.protocol.version: 1.1
    http.route: api/stores/{storeId}/categories
    http.response.status_code: 201
Instrumentation scope (ActivitySource):
    Name: Microsoft.AspNetCore
Resource associated with Activity:
    telemetry.sdk.name: opentelemetry
    telemetry.sdk.language: dotnet
    telemetry.sdk.version: 1.14.0
    service.name: unknown_service:testhost
[22:29:12 INF] Request starting HTTP/1.1 POST http://localhost/api/stores/019ea4d9-1cd8-7b97-8a94-c81632e9ed31/products - application/json; charset=utf-8 null
[22:29:12 INF] Executed action method Urbeat.WebApi.Controllers.LandingPageContentController.GetAll (Urbeat.WebApi), returned result Microsoft.AspNetCore.Mvc.OkObjectResult in 0.3869ms.
[22:29:12 INF] Executed action Urbeat.WebApi.Controllers.LandingPageContentController.GetAll (Urbeat.WebApi) in 0.7548ms
[22:29:12 INF] Executed endpoint 'Urbeat.WebApi.Controllers.LandingPageContentController.GetAll (Urbeat.WebApi)'
[22:29:12 INF] Executing endpoint 'Urbeat.WebApi.Controllers.StoreProductsController.Create (Urbeat.WebApi)'
[22:29:12 INF] Request finished HTTP/1.1 GET http://localhost/api/landingpagecontent - 200 null application/json; charset=utf-8 1.4382ms
[22:29:12 INF] Route matched with {action = "Create", controller = "StoreProducts"}. Executing controller action with signature System.Threading.Tasks.Task`1[Microsoft.AspNetCore.Mvc.IActionResult] Create(System.Guid, Urbeat.Application.DTOs.CreateProductRequestDto, System.Threading.CancellationToken) on controller Urbeat.WebApi.Controllers.StoreProductsController (Urbeat.WebApi).
Activity.TraceId:            0f2caebc2b8bafbff62895c85bcbac50
Activity.SpanId:             51c8eeffa81a7aae
Activity.TraceFlags:         Recorded
Activity.DisplayName:        GET api/LandingPageContent
Activity.Kind:               Server
Activity.StartTime:          2026-06-08T01:29:12.7323897Z
Activity.Duration:           00:00:00.0015238
Activity.Tags:
    server.address: localhost
    http.request.method: GET
    url.scheme: http
    url.path: /api/landingpagecontent
    network.protocol.version: 1.1
    http.route: api/LandingPageContent
    http.response.status_code: 200
Instrumentation scope (ActivitySource):
    Name: Microsoft.AspNetCore
Resource associated with Activity:
    telemetry.sdk.name: opentelemetry
    telemetry.sdk.language: dotnet
    telemetry.sdk.version: 1.14.0
    service.name: unknown_service:testhost
Activity.TraceId:            0f2caebc2b8bafbff62895c85bcbac50
Activity.SpanId:             51c8eeffa81a7aae
Activity.TraceFlags:         Recorded
Activity.DisplayName:        GET api/LandingPageContent
Activity.Kind:               Server
Activity.StartTime:          2026-06-08T01:29:12.7323897Z
Activity.Duration:           00:00:00.0015238
Activity.Tags:
    server.address: localhost
    http.request.method: GET
    url.scheme: http
    url.path: /api/landingpagecontent
    network.protocol.version: 1.1
    http.route: api/LandingPageContent
    http.response.status_code: 200
Instrumentation scope (ActivitySource):
    Name: Microsoft.AspNetCore
Resource associated with Activity:
    telemetry.sdk.name: opentelemetry
    telemetry.sdk.language: dotnet
    telemetry.sdk.version: 1.14.0
    service.name: unknown_service:testhost
Activity.TraceId:            0f2caebc2b8bafbff62895c85bcbac50
Activity.SpanId:             51c8eeffa81a7aae
Activity.TraceFlags:         Recorded
Activity.DisplayName:        GET api/LandingPageContent
Activity.Kind:               Server
Activity.StartTime:          2026-06-08T01:29:12.7323897Z
Activity.Duration:           00:00:00.0015238
Activity.Tags:
    server.address: localhost
    http.request.method: GET
    url.scheme: http
    url.path: /api/landingpagecontent
    network.protocol.version: 1.1
    http.route: api/LandingPageContent
    http.response.status_code: 200
Instrumentation scope (ActivitySource):
    Name: Microsoft.AspNetCore
Resource associated with Activity:
    telemetry.sdk.name: opentelemetry
    telemetry.sdk.language: dotnet
    telemetry.sdk.version: 1.14.0
    service.name: unknown_service:testhost
Activity.TraceId:            0f2caebc2b8bafbff62895c85bcbac50
Activity.SpanId:             51c8eeffa81a7aae
Activity.TraceFlags:         Recorded
Activity.DisplayName:        GET api/LandingPageContent
Activity.Kind:               Server
Activity.StartTime:          2026-06-08T01:29:12.7323897Z
Activity.Duration:           00:00:00.0015238
Activity.Tags:
    server.address: localhost
    http.request.method: GET
    url.scheme: http
    url.path: /api/landingpagecontent
    network.protocol.version: 1.1
    http.route: api/LandingPageContent
    http.response.status_code: 200
Instrumentation scope (ActivitySource):
    Name: Microsoft.AspNetCore
Resource associated with Activity:
    telemetry.sdk.name: opentelemetry
    telemetry.sdk.language: dotnet
    telemetry.sdk.version: 1.14.0
    service.name: unknown_service:testhost
Activity.TraceId:            0f2caebc2b8bafbff62895c85bcbac50
Activity.SpanId:             51c8eeffa81a7aae
Activity.TraceFlags:         Recorded
Activity.DisplayName:        GET api/LandingPageContent
Activity.Kind:               Server
Activity.StartTime:          2026-06-08T01:29:12.7323897Z
Activity.Duration:           00:00:00.0015238
Activity.Tags:
    server.address: localhost
    http.request.method: GET
    url.scheme: http
    url.path: /api/landingpagecontent
    network.protocol.version: 1.1
    http.route: api/LandingPageContent
    http.response.status_code: 200
Instrumentation scope (ActivitySource):
    Name: Microsoft.AspNetCore
Resource associated with Activity:
    telemetry.sdk.name: opentelemetry
    telemetry.sdk.language: dotnet
    telemetry.sdk.version: 1.14.0
    service.name: unknown_service:testhost
Activity.TraceId:            0f2caebc2b8bafbff62895c85bcbac50
Activity.SpanId:             51c8eeffa81a7aae
Activity.TraceFlags:         Recorded
Activity.DisplayName:        GET api/LandingPageContent
Activity.Kind:               Server
Activity.StartTime:          2026-06-08T01:29:12.7323897Z
Activity.Duration:           00:00:00.0015238
Activity.Tags:
    server.address: localhost
    http.request.method: GET
    url.scheme: http
    url.path: /api/landingpagecontent
    network.protocol.version: 1.1
    http.route: api/LandingPageContent
    http.response.status_code: 200
Instrumentation scope (ActivitySource):
    Name: Microsoft.AspNetCore
Resource associated with Activity:
    telemetry.sdk.name: opentelemetry
    telemetry.sdk.language: dotnet
    telemetry.sdk.version: 1.14.0
    service.name: unknown_service:testhost
[22:29:12 INF] Executing action method Urbeat.WebApi.Controllers.StoreProductsController.Create (Urbeat.WebApi) - Validation state: Valid
[22:29:12 INF] Request starting HTTP/1.1 PUT http://localhost/api/landingpagecontent/019ea4d9-1d1b-7bb7-ae6e-f6e07498e826 - application/json; charset=utf-8 null
[22:29:12 INF] Route matched with {action = "Asaas", controller = "Webhooks"}. Executing controller action with signature System.Threading.Tasks.Task`1[Microsoft.AspNetCore.Mvc.IActionResult] Asaas(System.Threading.CancellationToken) on controller Urbeat.WebApi.Controllers.WebhooksController (Urbeat.WebApi).
[22:29:12 INF] Executing endpoint 'Urbeat.WebApi.Controllers.LandingPageContentController.Update (Urbeat.WebApi)'
[22:29:12 INF] Saved 1 entities to in-memory store.
[22:29:12 INF] Executing action method Urbeat.WebApi.Controllers.StoresController.Create (Urbeat.WebApi) - Validation state: Valid
[22:29:12 INF] Saved 1 entities to in-memory store.
[22:29:12 INF] Executed action method Urbeat.WebApi.Controllers.StoreProductsController.Create (Urbeat.WebApi), returned result Microsoft.AspNetCore.Mvc.ObjectResult in 1.6602ms.
[22:29:12 INF] Executing ObjectResult, writing value of type 'Urbeat.Application.DTOs.ProductResponseDto'.
[22:29:12 INF] Executed action Urbeat.WebApi.Controllers.StoreProductsController.Create (Urbeat.WebApi) in 3.1069ms
[22:29:12 INF] Executed endpoint 'Urbeat.WebApi.Controllers.StoreProductsController.Create (Urbeat.WebApi)'
[22:29:12 INF] Request finished HTTP/1.1 POST http://localhost/api/stores/019ea4d9-1cd8-7b97-8a94-c81632e9ed31/products - 201 null application/json; charset=utf-8 4.0002ms
Activity.TraceId:            550e52b2298f1b9d3846654cefd07fca
Activity.SpanId:             aff4c7deec65aab9
Activity.TraceFlags:         Recorded
Activity.DisplayName:        POST api/stores/{storeId}/products
Activity.Kind:               Server
Activity.StartTime:          2026-06-08T01:29:12.7332222Z
Activity.Duration:           00:00:00.0040449
Activity.Tags:
    server.address: localhost
    http.request.method: POST
    url.scheme: http
    url.path: /api/stores/019ea4d9-1cd8-7b97-8a94-c81632e9ed31/products
    network.protocol.version: 1.1
    http.route: api/stores/{storeId}/products
    http.response.status_code: 201
Instrumentation scope (ActivitySource):
    Name: Microsoft.AspNetCore
Resource associated with Activity:
    telemetry.sdk.name: opentelemetry
    telemetry.sdk.language: dotnet
    telemetry.sdk.version: 1.14.0
    service.name: unknown_service:testhost
Activity.TraceId:            550e52b2298f1b9d3846654cefd07fca
Activity.SpanId:             aff4c7deec65aab9
Activity.TraceFlags:         Recorded
Activity.DisplayName:        POST api/stores/{storeId}/products
Activity.Kind:               Server
Activity.StartTime:          2026-06-08T01:29:12.7332222Z
Activity.Duration:           00:00:00.0040449
Activity.Tags:
    server.address: localhost
    http.request.method: POST
    url.scheme: http
    url.path: /api/stores/019ea4d9-1cd8-7b97-8a94-c81632e9ed31/products
    network.protocol.version: 1.1
    http.route: api/stores/{storeId}/products
    http.response.status_code: 201
Instrumentation scope (ActivitySource):
    Name: Microsoft.AspNetCore
Resource associated with Activity:
    telemetry.sdk.name: opentelemetry
    telemetry.sdk.language: dotnet
    telemetry.sdk.version: 1.14.0
    service.name: unknown_service:testhost
Activity.TraceId:            550e52b2298f1b9d3846654cefd07fca
Activity.SpanId:             aff4c7deec65aab9
Activity.TraceFlags:         Recorded
Activity.DisplayName:        POST api/stores/{storeId}/products
Activity.Kind:               Server
Activity.StartTime:          2026-06-08T01:29:12.7332222Z
Activity.Duration:           00:00:00.0040449
Activity.Tags:
    server.address: localhost
    http.request.method: POST
    url.scheme: http
    url.path: /api/stores/019ea4d9-1cd8-7b97-8a94-c81632e9ed31/products
    network.protocol.version: 1.1
    http.route: api/stores/{storeId}/products
    http.response.status_code: 201
Instrumentation scope (ActivitySource):
    Name: Microsoft.AspNetCore
Resource associated with Activity:
    telemetry.sdk.name: opentelemetry
    telemetry.sdk.language: dotnet
    telemetry.sdk.version: 1.14.0
    service.name: unknown_service:testhost
Activity.TraceId:            550e52b2298f1b9d3846654cefd07fca
Activity.SpanId:             aff4c7deec65aab9
Activity.TraceFlags:         Recorded
Activity.DisplayName:        POST api/stores/{storeId}/products
Activity.Kind:               Server
Activity.StartTime:          2026-06-08T01:29:12.7332222Z
Activity.Duration:           00:00:00.0040449
Activity.Tags:
    server.address: localhost
    http.request.method: POST
    url.scheme: http
    url.path: /api/stores/019ea4d9-1cd8-7b97-8a94-c81632e9ed31/products
    network.protocol.version: 1.1
    http.route: api/stores/{storeId}/products
    http.response.status_code: 201
Instrumentation scope (ActivitySource):
    Name: Microsoft.AspNetCore
Resource associated with Activity:
    telemetry.sdk.name: opentelemetry
    telemetry.sdk.language: dotnet
    telemetry.sdk.version: 1.14.0
    service.name: unknown_service:testhost
Activity.TraceId:            550e52b2298f1b9d3846654cefd07fca
Activity.SpanId:             aff4c7deec65aab9
Activity.TraceFlags:         Recorded
Activity.DisplayName:        POST api/stores/{storeId}/products
Activity.Kind:               Server
Activity.StartTime:          2026-06-08T01:29:12.7332222Z
Activity.Duration:           00:00:00.0040449
Activity.Tags:
    server.address: localhost
    http.request.method: POST
    url.scheme: http
    url.path: /api/stores/019ea4d9-1cd8-7b97-8a94-c81632e9ed31/products
    network.protocol.version: 1.1
    http.route: api/stores/{storeId}/products
    http.response.status_code: 201
Instrumentation scope (ActivitySource):
    Name: Microsoft.AspNetCore
Resource associated with Activity:
    telemetry.sdk.name: opentelemetry
    telemetry.sdk.language: dotnet
    telemetry.sdk.version: 1.14.0
    service.name: unknown_service:testhost
Activity.TraceId:            550e52b2298f1b9d3846654cefd07fca
Activity.SpanId:             aff4c7deec65aab9
Activity.TraceFlags:         Recorded
Activity.DisplayName:        POST api/stores/{storeId}/products
Activity.Kind:               Server
Activity.StartTime:          2026-06-08T01:29:12.7332222Z
Activity.Duration:           00:00:00.0040449
Activity.Tags:
    server.address: localhost
    http.request.method: POST
    url.scheme: http
    url.path: /api/stores/019ea4d9-1cd8-7b97-8a94-c81632e9ed31/products
    network.protocol.version: 1.1
    http.route: api/stores/{storeId}/products
    http.response.status_code: 201
Instrumentation scope (ActivitySource):
    Name: Microsoft.AspNetCore
Resource associated with Activity:
    telemetry.sdk.name: opentelemetry
    telemetry.sdk.language: dotnet
    telemetry.sdk.version: 1.14.0
    service.name: unknown_service:testhost
[22:29:12 INF] Request starting HTTP/1.1 PATCH http://localhost/api/stores/019ea4d9-1cd8-7b97-8a94-c81632e9ed31/products/019ea4d9-1d1f-7a06-9c3a-fe1772a8df1e/availability - application/json; charset=utf-8 null
[22:29:12 INF] Executing action method Urbeat.WebApi.Controllers.WebhooksController.Asaas (Urbeat.WebApi) - Validation state: Valid
[22:29:12 INF] Executed action method Urbeat.WebApi.Controllers.StoresController.Create (Urbeat.WebApi), returned result Microsoft.AspNetCore.Mvc.ObjectResult in 2.2793ms.
[22:29:12 INF] Executing ObjectResult, writing value of type 'Urbeat.Application.DTOs.StoreResponseDto'.
[22:29:12 INF] Executing endpoint 'Urbeat.WebApi.Controllers.StoreProductsController.UpdateAvailability (Urbeat.WebApi)'
[22:29:12 INF] Executed action Urbeat.WebApi.Controllers.StoresController.Create (Urbeat.WebApi) in 6.1347ms
[22:29:12 INF] Executed action method Urbeat.WebApi.Controllers.WebhooksController.Asaas (Urbeat.WebApi), returned result Microsoft.AspNetCore.Mvc.UnauthorizedResult in 0.8023ms.
[22:29:12 INF] Request finished HTTP/1.1 POST http://localhost/api/stores - 201 null application/json; charset=utf-8 18.6444ms
Activity.TraceId:            9efdcb42d08f4519b2d5ea3bbc2a7434
Activity.SpanId:             cb27910e0b856e76
Activity.TraceFlags:         Recorded
Activity.DisplayName:        POST api/stores
Activity.Kind:               Server
Activity.StartTime:          2026-06-08T01:29:12.7206639Z
Activity.Duration:           00:00:00.0187196
Activity.Tags:
    server.address: localhost
    http.request.method: POST
    url.scheme: http
    url.path: /api/stores
    network.protocol.version: 1.1
    http.route: api/stores
    http.response.status_code: 201
Instrumentation scope (ActivitySource):
    Name: Microsoft.AspNetCore
Resource associated with Activity:
    telemetry.sdk.name: opentelemetry
    telemetry.sdk.language: dotnet
    telemetry.sdk.version: 1.14.0
    service.name: unknown_service:testhost
Activity.TraceId:            9efdcb42d08f4519b2d5ea3bbc2a7434
Activity.SpanId:             cb27910e0b856e76
Activity.TraceFlags:         Recorded
Activity.DisplayName:        POST api/stores
Activity.Kind:               Server
Activity.StartTime:          2026-06-08T01:29:12.7206639Z
Activity.Duration:           00:00:00.0187196
Activity.Tags:
    server.address: localhost
    http.request.method: POST
    url.scheme: http
    url.path: /api/stores
    network.protocol.version: 1.1
    http.route: api/stores
    http.response.status_code: 201
Instrumentation scope (ActivitySource):
    Name: Microsoft.AspNetCore
Resource associated with Activity:
    telemetry.sdk.name: opentelemetry
    telemetry.sdk.language: dotnet
    telemetry.sdk.version: 1.14.0
    service.name: unknown_service:testhost
Activity.TraceId:            9efdcb42d08f4519b2d5ea3bbc2a7434
Activity.SpanId:             cb27910e0b856e76
Activity.TraceFlags:         Recorded
Activity.DisplayName:        POST api/stores
Activity.Kind:               Server
Activity.StartTime:          2026-06-08T01:29:12.7206639Z
Activity.Duration:           00:00:00.0187196
Activity.Tags:
    server.address: localhost
    http.request.method: POST
    url.scheme: http
    url.path: /api/stores
    network.protocol.version: 1.1
    http.route: api/stores
    http.response.status_code: 201
Instrumentation scope (ActivitySource):
    Name: Microsoft.AspNetCore
Resource associated with Activity:
    telemetry.sdk.name: opentelemetry
    telemetry.sdk.language: dotnet
    telemetry.sdk.version: 1.14.0
    service.name: unknown_service:testhost
Activity.TraceId:            9efdcb42d08f4519b2d5ea3bbc2a7434
Activity.SpanId:             cb27910e0b856e76
Activity.TraceFlags:         Recorded
Activity.DisplayName:        POST api/stores
Activity.Kind:               Server
Activity.StartTime:          2026-06-08T01:29:12.7206639Z
Activity.Duration:           00:00:00.0187196
Activity.Tags:
    server.address: localhost
    http.request.method: POST
    url.scheme: http
    url.path: /api/stores
    network.protocol.version: 1.1
    http.route: api/stores
    http.response.status_code: 201
Instrumentation scope (ActivitySource):
    Name: Microsoft.AspNetCore
Resource associated with Activity:
    telemetry.sdk.name: opentelemetry
    telemetry.sdk.language: dotnet
    telemetry.sdk.version: 1.14.0
    service.name: unknown_service:testhost
Activity.TraceId:            9efdcb42d08f4519b2d5ea3bbc2a7434
Activity.SpanId:             cb27910e0b856e76
Activity.TraceFlags:         Recorded
Activity.DisplayName:        POST api/stores
Activity.Kind:               Server
Activity.StartTime:          2026-06-08T01:29:12.7206639Z
Activity.Duration:           00:00:00.0187196
Activity.Tags:
    server.address: localhost
    http.request.method: POST
    url.scheme: http
    url.path: /api/stores
    network.protocol.version: 1.1
    http.route: api/stores
    http.response.status_code: 201
Instrumentation scope (ActivitySource):
    Name: Microsoft.AspNetCore
Resource associated with Activity:
    telemetry.sdk.name: opentelemetry
    telemetry.sdk.language: dotnet
    telemetry.sdk.version: 1.14.0
    service.name: unknown_service:testhost
Activity.TraceId:            9efdcb42d08f4519b2d5ea3bbc2a7434
Activity.SpanId:             cb27910e0b856e76
Activity.TraceFlags:         Recorded
Activity.DisplayName:        POST api/stores
Activity.Kind:               Server
Activity.StartTime:          2026-06-08T01:29:12.7206639Z
Activity.Duration:           00:00:00.0187196
Activity.Tags:
    server.address: localhost
    http.request.method: POST
    url.scheme: http
    url.path: /api/stores
    network.protocol.version: 1.1
    http.route: api/stores
    http.response.status_code: 201
Instrumentation scope (ActivitySource):
    Name: Microsoft.AspNetCore
Resource associated with Activity:
    telemetry.sdk.name: opentelemetry
    telemetry.sdk.language: dotnet
    telemetry.sdk.version: 1.14.0
    service.name: unknown_service:testhost
[22:29:12 INF] Route matched with {action = "Update", controller = "LandingPageContent"}. Executing controller action with signature System.Threading.Tasks.Task`1[Microsoft.AspNetCore.Mvc.IActionResult] Update(System.Guid, Urbeat.Application.Dtos.LandingPageContentRequestDto, System.Threading.CancellationToken) on controller Urbeat.WebApi.Controllers.LandingPageContentController (Urbeat.WebApi).
[22:29:12 INF] Request starting HTTP/1.1 POST http://localhost/api/auth/register/seller - application/json; charset=utf-8 null
[22:29:12 INF] Executing action method Urbeat.WebApi.Controllers.LandingPageContentController.Update (Urbeat.WebApi) - Validation state: Valid
[22:29:12 INF] Executed action Urbeat.WebApi.Controllers.WebhooksController.Asaas (Urbeat.WebApi) in 4.3522ms
[22:29:12 INF] Request finished HTTP/1.1 POST http://localhost/api/webhooks/asaas - 401 null application/problem+json; charset=utf-8 19.8709ms
Activity.TraceId:            e597368ec87f635dc79a9ab5e7b063e9
Activity.SpanId:             296187840dc79548
Activity.TraceFlags:         Recorded
Activity.DisplayName:        POST api/webhooks/asaas
Activity.Kind:               Server
[22:29:12 INF] Route matched with {action = "RegisterSeller", controller = "Auth"}. Executing controller action with signature System.Threading.Tasks.Task`1[Microsoft.AspNetCore.Mvc.IActionResult] RegisterSeller(Urbeat.Application.DTOs.RegisterUserRequestDto, System.Threading.CancellationToken) on controller Urbeat.WebApi.Controllers.AuthController (Urbeat.WebApi).
Activity.StartTime:          2026-06-08T01:29:12.7209147Z
Activity.Duration:           00:00:00.0200112
Activity.Tags:
    server.address: localhost
    http.request.method: POST
    url.scheme: http
    url.path: /api/webhooks/asaas
    network.protocol.version: 1.1
    http.route: api/webhooks/asaas
    http.response.status_code: 401
Instrumentation scope (ActivitySource):
    Name: Microsoft.AspNetCore
Resource associated with Activity:
    telemetry.sdk.name: opentelemetry
    telemetry.sdk.language: dotnet
    telemetry.sdk.version: 1.14.0
    service.name: unknown_service:testhost
Activity.TraceId:            e597368ec87f635dc79a9ab5e7b063e9
Activity.SpanId:             296187840dc79548
Activity.TraceFlags:         Recorded
Activity.DisplayName:        POST api/webhooks/asaas
Activity.Kind:               Server
Activity.StartTime:          2026-06-08T01:29:12.7209147Z
Activity.Duration:           00:00:00.0200112
Activity.Tags:
    server.address: localhost
    http.request.method: POST
    url.scheme: http
    url.path: /api/webhooks/asaas
    network.protocol.version: 1.1
    http.route: api/webhooks/asaas
    http.response.status_code: 401
Instrumentation scope (ActivitySource):
    Name: Microsoft.AspNetCore
Resource associated with Activity:
    telemetry.sdk.name: opentelemetry
    telemetry.sdk.language: dotnet
    telemetry.sdk.version: 1.14.0
    service.name: unknown_service:testhost
Activity.TraceId:            e597368ec87f635dc79a9ab5e7b063e9
Activity.SpanId:             296187840dc79548
Activity.TraceFlags:         Recorded
Activity.DisplayName:        POST api/webhooks/asaas
Activity.Kind:               Server
Activity.StartTime:          2026-06-08T01:29:12.7209147Z
Activity.Duration:           00:00:00.0200112
Activity.Tags:
    server.address: localhost
    http.request.method: POST
    url.scheme: http
    url.path: /api/webhooks/asaas
    network.protocol.version: 1.1
    http.route: api/webhooks/asaas
    http.response.status_code: 401
Instrumentation scope (ActivitySource):
    Name: Microsoft.AspNetCore
Resource associated with Activity:
    telemetry.sdk.name: opentelemetry
    telemetry.sdk.language: dotnet
    telemetry.sdk.version: 1.14.0
    service.name: unknown_service:testhost
Activity.TraceId:            e597368ec87f635dc79a9ab5e7b063e9
Activity.SpanId:             296187840dc79548
Activity.TraceFlags:         Recorded
Activity.DisplayName:        POST api/webhooks/asaas
Activity.Kind:               Server
Activity.StartTime:          2026-06-08T01:29:12.7209147Z
Activity.Duration:           00:00:00.0200112
Activity.Tags:
    server.address: localhost
    http.request.method: POST
    url.scheme: http
    url.path: /api/webhooks/asaas
    network.protocol.version: 1.1
    http.route: api/webhooks/asaas
    http.response.status_code: 401
Instrumentation scope (ActivitySource):
    Name: Microsoft.AspNetCore
Resource associated with Activity:
    telemetry.sdk.name: opentelemetry
    telemetry.sdk.language: dotnet
    telemetry.sdk.version: 1.14.0
    service.name: unknown_service:testhost
Activity.TraceId:            e597368ec87f635dc79a9ab5e7b063e9
Activity.SpanId:             296187840dc79548
Activity.TraceFlags:         Recorded
Activity.DisplayName:        POST api/webhooks/asaas
Activity.Kind:               Server
Activity.StartTime:          2026-06-08T01:29:12.7209147Z
Activity.Duration:           00:00:00.0200112
Activity.Tags:
    server.address: localhost
    http.request.method: POST
    url.scheme: http
    url.path: /api/webhooks/asaas
    network.protocol.version: 1.1
    http.route: api/webhooks/asaas
    http.response.status_code: 401
Instrumentation scope (ActivitySource):
    Name: Microsoft.AspNetCore
Resource associated with Activity:
    telemetry.sdk.name: opentelemetry
    telemetry.sdk.language: dotnet
    telemetry.sdk.version: 1.14.0
    service.name: unknown_service:testhost
Activity.TraceId:            e597368ec87f635dc79a9ab5e7b063e9
Activity.SpanId:             296187840dc79548
Activity.TraceFlags:         Recorded
Activity.DisplayName:        POST api/webhooks/asaas
Activity.Kind:               Server
Activity.StartTime:          2026-06-08T01:29:12.7209147Z
Activity.Duration:           00:00:00.0200112
Activity.Tags:
    server.address: localhost
    http.request.method: POST
    url.scheme: http
    url.path: /api/webhooks/asaas
    network.protocol.version: 1.1
    http.route: api/webhooks/asaas
    http.response.status_code: 401
Instrumentation scope (ActivitySource):
    Name: Microsoft.AspNetCore
Resource associated with Activity:
    telemetry.sdk.name: opentelemetry
    telemetry.sdk.language: dotnet
    telemetry.sdk.version: 1.14.0
    service.name: unknown_service:testhost
[22:29:12 INF] Route matched with {action = "UpdateAvailability", controller = "StoreProducts"}. Executing controller action with signature System.Threading.Tasks.Task`1[Microsoft.AspNetCore.Mvc.IActionResult] UpdateAvailability(System.Guid, Urbeat.Application.DTOs.UpdateProductAvailabilityRequestDto, System.Threading.CancellationToken) on controller Urbeat.WebApi.Controllers.StoreProductsController (Urbeat.WebApi).
[22:29:12 INF] Executing action method Urbeat.WebApi.Controllers.StoreProductsController.UpdateAvailability (Urbeat.WebApi) - Validation state: Valid
[22:29:12 INF] Request starting HTTP/1.1 POST http://localhost/api/auth/register/seller - application/json; charset=utf-8 null
[22:29:12 INF] Saved 1 entities to in-memory store.
[22:29:12 INF] Executed action method Urbeat.WebApi.Controllers.LandingPageContentController.Update (Urbeat.WebApi), returned result Microsoft.AspNetCore.Mvc.OkObjectResult in 8.9178ms.
[22:29:12 INF] Executed action Urbeat.WebApi.Controllers.LandingPageContentController.Update (Urbeat.WebApi) in 9.5792ms
[22:29:12 INF] Executed endpoint 'Urbeat.WebApi.Controllers.LandingPageContentController.Update (Urbeat.WebApi)'
[22:29:12 INF] Request finished HTTP/1.1 PUT http://localhost/api/landingpagecontent/019ea4d9-1d1b-7bb7-ae6e-f6e07498e826 - 200 null application/json; charset=utf-8 13.9684ms
Activity.TraceId:            b67005a01fb7736af74689d51b3110ac
Activity.SpanId:             922092437f047177
Activity.TraceFlags:         Recorded
Activity.DisplayName:        PUT api/LandingPageContent/{id:guid}
Activity.Kind:               Server
Activity.StartTime:          2026-06-08T01:29:12.7355106Z
Activity.Duration:           00:00:00.0140391
Activity.Tags:
    server.address: localhost
    http.request.method: PUT
    url.scheme: http
    url.path: /api/landingpagecontent/019ea4d9-1d1b-7bb7-ae6e-f6e07498e826
    network.protocol.version: 1.1
    http.route: api/LandingPageContent/{id:guid}
    http.response.status_code: 200
Instrumentation scope (ActivitySource):
    Name: Microsoft.AspNetCore
Resource associated with Activity:
    telemetry.sdk.name: opentelemetry
    telemetry.sdk.language: dotnet
    telemetry.sdk.version: 1.14.0
    service.name: unknown_service:testhost
Activity.TraceId:            b67005a01fb7736af74689d51b3110ac
Activity.SpanId:             922092437f047177
Activity.TraceFlags:         Recorded
Activity.DisplayName:        PUT api/LandingPageContent/{id:guid}
[22:29:12 INF] Request starting HTTP/1.1 DELETE http://localhost/api/landingpagecontent/019ea4d9-1d1b-7bb7-ae6e-f6e07498e826 - null null
Activity.Kind:               Server
[22:29:12 INF] Saved 1 entities to in-memory store.
[22:29:12 INF] Route matched with {action = "RegisterSeller", controller = "Auth"}. Executing controller action with signature System.Threading.Tasks.Task`1[Microsoft.AspNetCore.Mvc.IActionResult] RegisterSeller(Urbeat.Application.DTOs.RegisterUserRequestDto, System.Threading.CancellationToken) on controller Urbeat.WebApi.Controllers.AuthController (Urbeat.WebApi).
Activity.StartTime:          2026-06-08T01:29:12.7355106Z
Activity.Duration:           00:00:00.0140391
Activity.Tags:
[22:29:12 INF] Executing action method Urbeat.WebApi.Controllers.AuthController.RegisterSeller (Urbeat.WebApi) - Validation state: Valid
    server.address: localhost
    http.request.method: PUT
    url.scheme: http
    url.path: /api/landingpagecontent/019ea4d9-1d1b-7bb7-ae6e-f6e07498e826
    network.protocol.version: 1.1
    http.route: api/LandingPageContent/{id:guid}
    http.response.status_code: 200
Instrumentation scope (ActivitySource):
    Name: Microsoft.AspNetCore
Resource associated with Activity:
    telemetry.sdk.name: opentelemetry
    telemetry.sdk.language: dotnet
    telemetry.sdk.version: 1.14.0
    service.name: unknown_service:testhost
Activity.TraceId:            b67005a01fb7736af74689d51b3110ac
Activity.SpanId:             922092437f047177
Activity.TraceFlags:         Recorded
Activity.DisplayName:        PUT api/LandingPageContent/{id:guid}
Activity.Kind:               Server
Activity.StartTime:          2026-06-08T01:29:12.7355106Z
Activity.Duration:           00:00:00.0140391
Activity.Tags:
    server.address: localhost
    http.request.method: PUT
    url.scheme: http
    url.path: /api/landingpagecontent/019ea4d9-1d1b-7bb7-ae6e-f6e07498e826
    network.protocol.version: 1.1
    http.route: api/LandingPageContent/{id:guid}
    http.response.status_code: 200
Instrumentation scope (ActivitySource):
    Name: Microsoft.AspNetCore
Resource associated with Activity:
    telemetry.sdk.name: opentelemetry
    telemetry.sdk.language: dotnet
    telemetry.sdk.version: 1.14.0
    service.name: unknown_service:testhost
Activity.TraceId:            b67005a01fb7736af74689d51b3110ac
Activity.SpanId:             922092437f047177
Activity.TraceFlags:         Recorded
Activity.DisplayName:        PUT api/LandingPageContent/{id:guid}
Activity.Kind:               Server
Activity.StartTime:          2026-06-08T01:29:12.7355106Z
Activity.Duration:           00:00:00.0140391
Activity.Tags:
    server.address: localhost
    http.request.method: PUT
    url.scheme: http
    url.path: /api/landingpagecontent/019ea4d9-1d1b-7bb7-ae6e-f6e07498e826
    network.protocol.version: 1.1
    http.route: api/LandingPageContent/{id:guid}
    http.response.status_code: 200
Instrumentation scope (ActivitySource):
    Name: Microsoft.AspNetCore
Resource associated with Activity:
    telemetry.sdk.name: opentelemetry
    telemetry.sdk.language: dotnet
    telemetry.sdk.version: 1.14.0
    service.name: unknown_service:testhost
Activity.TraceId:            b67005a01fb7736af74689d51b3110ac
Activity.SpanId:             922092437f047177
Activity.TraceFlags:         Recorded
Activity.DisplayName:        PUT api/LandingPageContent/{id:guid}
Activity.Kind:               Server
Activity.StartTime:          2026-06-08T01:29:12.7355106Z
Activity.Duration:           00:00:00.0140391
Activity.Tags:
    server.address: localhost
    http.request.method: PUT
    url.scheme: http
    url.path: /api/landingpagecontent/019ea4d9-1d1b-7bb7-ae6e-f6e07498e826
    network.protocol.version: 1.1
    http.route: api/LandingPageContent/{id:guid}
    http.response.status_code: 200
Instrumentation scope (ActivitySource):
    Name: Microsoft.AspNetCore
Resource associated with Activity:
    telemetry.sdk.name: opentelemetry
    telemetry.sdk.language: dotnet
    telemetry.sdk.version: 1.14.0
    service.name: unknown_service:testhost
Activity.TraceId:            b67005a01fb7736af74689d51b3110ac
Activity.SpanId:             922092437f047177
Activity.TraceFlags:         Recorded
Activity.DisplayName:        PUT api/LandingPageContent/{id:guid}
Activity.Kind:               Server
Activity.StartTime:          2026-06-08T01:29:12.7355106Z
Activity.Duration:           00:00:00.0140391
Activity.Tags:
    server.address: localhost
    http.request.method: PUT
    url.scheme: http
    url.path: /api/landingpagecontent/019ea4d9-1d1b-7bb7-ae6e-f6e07498e826
    network.protocol.version: 1.1
    http.route: api/LandingPageContent/{id:guid}
    http.response.status_code: 200
Instrumentation scope (ActivitySource):
    Name: Microsoft.AspNetCore
Resource associated with Activity:
    telemetry.sdk.name: opentelemetry
[22:29:12 INF] Saved 1 entities to in-memory store.
    telemetry.sdk.language: dotnet
    telemetry.sdk.version: 1.14.0
    service.name: unknown_service:testhost
[22:29:12 INF] Executed action method Urbeat.WebApi.Controllers.StoreProductsController.UpdateAvailability (Urbeat.WebApi), returned result Microsoft.AspNetCore.Mvc.OkObjectResult in 20.197ms.
[22:29:12 INF] Executing endpoint 'Urbeat.WebApi.Controllers.LandingPageContentController.Delete (Urbeat.WebApi)'
[22:29:12 INF] Executing OkObjectResult, writing value of type 'Urbeat.Application.DTOs.ProductResponseDto'.
[22:29:12 INF] Executed action Urbeat.WebApi.Controllers.StoreProductsController.UpdateAvailability (Urbeat.WebApi) in 21.8313ms
[22:29:12 INF] Executed endpoint 'Urbeat.WebApi.Controllers.StoreProductsController.UpdateAvailability (Urbeat.WebApi)'
[22:29:12 INF] Request finished HTTP/1.1 PATCH http://localhost/api/stores/019ea4d9-1cd8-7b97-8a94-c81632e9ed31/products/019ea4d9-1d1f-7a06-9c3a-fe1772a8df1e/availability - 200 null application/json; charset=utf-8 27.8579ms
Activity.TraceId:            8ccb8cb22933a2bad9ba6091cdf4ce9b
Activity.SpanId:             afc6d64588f8fba6
Activity.TraceFlags:         Recorded
Activity.DisplayName:        PATCH api/stores/{storeId}/products/{productId}/availability
Activity.Kind:               Server
Activity.StartTime:          2026-06-08T01:29:12.7380071Z
Activity.Duration:           00:00:00.0279088
Activity.Tags:
    server.address: localhost
    http.request.method: PATCH
    url.scheme: http
    url.path: /api/stores/019ea4d9-1cd8-7b97-8a94-c81632e9ed31/products/019ea4d9-1d1f-7a06-9c3a-fe1772a8df1e/availability
    network.protocol.version: 1.1
    http.route: api/stores/{storeId}/products/{productId}/availability
    http.response.status_code: 200
Instrumentation scope (ActivitySource):
    Name: Microsoft.AspNetCore
Resource associated with Activity:
    telemetry.sdk.name: opentelemetry
    telemetry.sdk.language: dotnet
    telemetry.sdk.version: 1.14.0
    service.name: unknown_service:testhost
Activity.TraceId:            8ccb8cb22933a2bad9ba6091cdf4ce9b
Activity.SpanId:             afc6d64588f8fba6
Activity.TraceFlags:         Recorded
Activity.DisplayName:        PATCH api/stores/{storeId}/products/{productId}/availability
Activity.Kind:               Server
Activity.StartTime:          2026-06-08T01:29:12.7380071Z
Activity.Duration:           00:00:00.0279088
Activity.Tags:
    server.address: localhost
    http.request.method: PATCH
    url.scheme: http
    url.path: /api/stores/019ea4d9-1cd8-7b97-8a94-c81632e9ed31/products/019ea4d9-1d1f-7a06-9c3a-fe1772a8df1e/availability
    network.protocol.version: 1.1
    http.route: api/stores/{storeId}/products/{productId}/availability
    http.response.status_code: 200
Instrumentation scope (ActivitySource):
    Name: Microsoft.AspNetCore
Resource associated with Activity:
    telemetry.sdk.name: opentelemetry
    telemetry.sdk.language: dotnet
    telemetry.sdk.version: 1.14.0
    service.name: unknown_service:testhost
Activity.TraceId:            8ccb8cb22933a2bad9ba6091cdf4ce9b
Activity.SpanId:             afc6d64588f8fba6
Activity.TraceFlags:         Recorded
Activity.DisplayName:        PATCH api/stores/{storeId}/products/{productId}/availability
Activity.Kind:               Server
Activity.StartTime:          2026-06-08T01:29:12.7380071Z
Activity.Duration:           00:00:00.0279088
Activity.Tags:
    server.address: localhost
    http.request.method: PATCH
    url.scheme: http
    url.path: /api/stores/019ea4d9-1cd8-7b97-8a94-c81632e9ed31/products/019ea4d9-1d1f-7a06-9c3a-fe1772a8df1e/availability
    network.protocol.version: 1.1
    http.route: api/stores/{storeId}/products/{productId}/availability
    http.response.status_code: 200
Instrumentation scope (ActivitySource):
    Name: Microsoft.AspNetCore
Resource associated with Activity:
    telemetry.sdk.name: opentelemetry
    telemetry.sdk.language: dotnet
    telemetry.sdk.version: 1.14.0
    service.name: unknown_service:testhost
Activity.TraceId:            8ccb8cb22933a2bad9ba6091cdf4ce9b
Activity.SpanId:             afc6d64588f8fba6
Activity.TraceFlags:         Recorded
Activity.DisplayName:        PATCH api/stores/{storeId}/products/{productId}/availability
Activity.Kind:               Server
Activity.StartTime:          2026-06-08T01:29:12.7380071Z
Activity.Duration:           00:00:00.0279088
Activity.Tags:
    server.address: localhost
    http.request.method: PATCH
    url.scheme: http
    url.path: /api/stores/019ea4d9-1cd8-7b97-8a94-c81632e9ed31/products/019ea4d9-1d1f-7a06-9c3a-fe1772a8df1e/availability
    network.protocol.version: 1.1
    http.route: api/stores/{storeId}/products/{productId}/availability
    http.response.status_code: 200
Instrumentation scope (ActivitySource):
    Name: Microsoft.AspNetCore
Resource associated with Activity:
    telemetry.sdk.name: opentelemetry
    telemetry.sdk.language: dotnet
    telemetry.sdk.version: 1.14.0
    service.name: unknown_service:testhost
Activity.TraceId:            8ccb8cb22933a2bad9ba6091cdf4ce9b
Activity.SpanId:             afc6d64588f8fba6
Activity.TraceFlags:         Recorded
Activity.DisplayName:        PATCH api/stores/{storeId}/products/{productId}/availability
Activity.Kind:               Server
Activity.StartTime:          2026-06-08T01:29:12.7380071Z
Activity.Duration:           00:00:00.0279088
Activity.Tags:
    server.address: localhost
    http.request.method: PATCH
    url.scheme: http
    url.path: /api/stores/019ea4d9-1cd8-7b97-8a94-c81632e9ed31/products/019ea4d9-1d1f-7a06-9c3a-fe1772a8df1e/availability
    network.protocol.version: 1.1
    http.route: api/stores/{storeId}/products/{productId}/availability
    http.response.status_code: 200
Instrumentation scope (ActivitySource):
    Name: Microsoft.AspNetCore
Resource associated with Activity:
    telemetry.sdk.name: opentelemetry
    telemetry.sdk.language: dotnet
    telemetry.sdk.version: 1.14.0
    service.name: unknown_service:testhost
Activity.TraceId:            8ccb8cb22933a2bad9ba6091cdf4ce9b
Activity.SpanId:             afc6d64588f8fba6
Activity.TraceFlags:         Recorded
Activity.DisplayName:        PATCH api/stores/{storeId}/products/{productId}/availability
Activity.Kind:               Server
Activity.StartTime:          2026-06-08T01:29:12.7380071Z
Activity.Duration:           00:00:00.0279088
Activity.Tags:
    server.address: localhost
    http.request.method: PATCH
    url.scheme: http
    url.path: /api/stores/019ea4d9-1cd8-7b97-8a94-c81632e9ed31/products/019ea4d9-1d1f-7a06-9c3a-fe1772a8df1e/availability
    network.protocol.version: 1.1
    http.route: api/stores/{storeId}/products/{productId}/availability
    http.response.status_code: 200
Instrumentation scope (ActivitySource):
    Name: Microsoft.AspNetCore
Resource associated with Activity:
    telemetry.sdk.name: opentelemetry
    telemetry.sdk.language: dotnet
    telemetry.sdk.version: 1.14.0
    service.name: unknown_service:testhost
[22:29:12 INF] Executing action method Urbeat.WebApi.Controllers.AuthController.RegisterSeller (Urbeat.WebApi) - Validation state: Valid
[22:29:12 INF] Route matched with {action = "Delete", controller = "LandingPageContent"}. Executing controller action with signature System.Threading.Tasks.Task`1[Microsoft.AspNetCore.Mvc.IActionResult] Delete(System.Guid, System.Threading.CancellationToken) on controller Urbeat.WebApi.Controllers.LandingPageContentController (Urbeat.WebApi).
[22:29:12 INF] Executing action method Urbeat.WebApi.Controllers.LandingPageContentController.Delete (Urbeat.WebApi) - Validation state: Valid
[22:29:12 INF] Request starting HTTP/1.1 POST http://localhost/api/auth/register/seller - application/json; charset=utf-8 null
[22:29:12 INF] Executing endpoint 'Urbeat.WebApi.Controllers.AuthController.RegisterSeller (Urbeat.WebApi)'
[22:29:12 INF] Route matched with {action = "RegisterSeller", controller = "Auth"}. Executing controller action with signature System.Threading.Tasks.Task`1[Microsoft.AspNetCore.Mvc.IActionResult] RegisterSeller(Urbeat.Application.DTOs.RegisterUserRequestDto, System.Threading.CancellationToken) on controller Urbeat.WebApi.Controllers.AuthController (Urbeat.WebApi).
[22:29:12 INF] Executing action method Urbeat.WebApi.Controllers.AuthController.RegisterSeller (Urbeat.WebApi) - Validation state: Valid
[22:29:12 INF] Saved 1 entities to in-memory store.
[22:29:12 INF] Executed action method Urbeat.WebApi.Controllers.LandingPageContentController.Delete (Urbeat.WebApi), returned result Microsoft.AspNetCore.Mvc.NoContentResult in 1.4556ms.
[22:29:12 INF] Executed action Urbeat.WebApi.Controllers.LandingPageContentController.Delete (Urbeat.WebApi) in 1.7229ms
[22:29:12 INF] Executed endpoint 'Urbeat.WebApi.Controllers.LandingPageContentController.Delete (Urbeat.WebApi)'
[22:29:12 INF] Request finished HTTP/1.1 DELETE http://localhost/api/landingpagecontent/019ea4d9-1d1b-7bb7-ae6e-f6e07498e826 - 204 null null 20.3273ms
Activity.TraceId:            c33725e433a2f01528ce4a3c823ebe0c
Activity.SpanId:             26fdf0202cb3cb0b
Activity.TraceFlags:         Recorded
Activity.DisplayName:        DELETE api/LandingPageContent/{id:guid}
Activity.Kind:               Server
Activity.StartTime:          2026-06-08T01:29:12.7496954Z
Activity.Duration:           00:00:00.0204219
Activity.Tags:
    server.address: localhost
    http.request.method: DELETE
    url.scheme: http
    url.path: /api/landingpagecontent/019ea4d9-1d1b-7bb7-ae6e-f6e07498e826
    network.protocol.version: 1.1
    http.route: api/LandingPageContent/{id:guid}
    http.response.status_code: 204
Instrumentation scope (ActivitySource):
    Name: Microsoft.AspNetCore
Resource associated with Activity:
    telemetry.sdk.name: opentelemetry
    telemetry.sdk.language: dotnet
    telemetry.sdk.version: 1.14.0
    service.name: unknown_service:testhost
Activity.TraceId:            c33725e433a2f01528ce4a3c823ebe0c
Activity.SpanId:             26fdf0202cb3cb0b
Activity.TraceFlags:         Recorded
Activity.DisplayName:        DELETE api/LandingPageContent/{id:guid}
Activity.Kind:               Server
Activity.StartTime:          2026-06-08T01:29:12.7496954Z
Activity.Duration:           00:00:00.0204219
Activity.Tags:
    server.address: localhost
    http.request.method: DELETE
    url.scheme: http
    url.path: /api/landingpagecontent/019ea4d9-1d1b-7bb7-ae6e-f6e07498e826
    network.protocol.version: 1.1
    http.route: api/LandingPageContent/{id:guid}
    http.response.status_code: 204
Instrumentation scope (ActivitySource):
    Name: Microsoft.AspNetCore
Resource associated with Activity:
    telemetry.sdk.name: opentelemetry
    telemetry.sdk.language: dotnet
    telemetry.sdk.version: 1.14.0
    service.name: unknown_service:testhost
Activity.TraceId:            c33725e433a2f01528ce4a3c823ebe0c
Activity.SpanId:             26fdf0202cb3cb0b
Activity.TraceFlags:         Recorded
Activity.DisplayName:        DELETE api/LandingPageContent/{id:guid}
Activity.Kind:               Server
Activity.StartTime:          2026-06-08T01:29:12.7496954Z
Activity.Duration:           00:00:00.0204219
Activity.Tags:
    server.address: localhost
    http.request.method: DELETE
    url.scheme: http
    url.path: /api/landingpagecontent/019ea4d9-1d1b-7bb7-ae6e-f6e07498e826
    network.protocol.version: 1.1
    http.route: api/LandingPageContent/{id:guid}
    http.response.status_code: 204
Instrumentation scope (ActivitySource):
    Name: Microsoft.AspNetCore
Resource associated with Activity:
    telemetry.sdk.name: opentelemetry
    telemetry.sdk.language: dotnet
    telemetry.sdk.version: 1.14.0
    service.name: unknown_service:testhost
Activity.TraceId:            c33725e433a2f01528ce4a3c823ebe0c
Activity.SpanId:             26fdf0202cb3cb0b
Activity.TraceFlags:         Recorded
[22:29:12 INF] Request starting HTTP/1.1 GET http://localhost/api/landingpagecontent/019ea4d9-1d1b-7bb7-ae6e-f6e07498e826 - null null
Activity.DisplayName:        DELETE api/LandingPageContent/{id:guid}
Activity.Kind:               Server
Activity.StartTime:          2026-06-08T01:29:12.7496954Z
Activity.Duration:           00:00:00.0204219
Activity.Tags:
    server.address: localhost
    http.request.method: DELETE
    url.scheme: http
    url.path: /api/landingpagecontent/019ea4d9-1d1b-7bb7-ae6e-f6e07498e826
    network.protocol.version: 1.1
    http.route: api/LandingPageContent/{id:guid}
    http.response.status_code: 204
Instrumentation scope (ActivitySource):
    Name: Microsoft.AspNetCore
Resource associated with Activity:
    telemetry.sdk.name: opentelemetry
    telemetry.sdk.language: dotnet
    telemetry.sdk.version: 1.14.0
    service.name: unknown_service:testhost
Activity.TraceId:            c33725e433a2f01528ce4a3c823ebe0c
Activity.SpanId:             26fdf0202cb3cb0b
Activity.TraceFlags:         Recorded
Activity.DisplayName:        DELETE api/LandingPageContent/{id:guid}
Activity.Kind:               Server
Activity.StartTime:          2026-06-08T01:29:12.7496954Z
Activity.Duration:           00:00:00.0204219
Activity.Tags:
    server.address: localhost
    http.request.method: DELETE
    url.scheme: http
    url.path: /api/landingpagecontent/019ea4d9-1d1b-7bb7-ae6e-f6e07498e826
    network.protocol.version: 1.1
    http.route: api/LandingPageContent/{id:guid}
    http.response.status_code: 204
Instrumentation scope (ActivitySource):
    Name: Microsoft.AspNetCore
Resource associated with Activity:
    telemetry.sdk.name: opentelemetry
    telemetry.sdk.language: dotnet
    telemetry.sdk.version: 1.14.0
    service.name: unknown_service:testhost
Activity.TraceId:            c33725e433a2f01528ce4a3c823ebe0c
Activity.SpanId:             26fdf0202cb3cb0b
Activity.TraceFlags:         Recorded
Activity.DisplayName:        DELETE api/LandingPageContent/{id:guid}
Activity.Kind:               Server
Activity.StartTime:          2026-06-08T01:29:12.7496954Z
Activity.Duration:           00:00:00.0204219
Activity.Tags:
    server.address: localhost
    http.request.method: DELETE
    url.scheme: http
    url.path: /api/landingpagecontent/019ea4d9-1d1b-7bb7-ae6e-f6e07498e826
    network.protocol.version: 1.1
    http.route: api/LandingPageContent/{id:guid}
    http.response.status_code: 204
Instrumentation scope (ActivitySource):
    Name: Microsoft.AspNetCore
Resource associated with Activity:
    telemetry.sdk.name: opentelemetry
    telemetry.sdk.language: dotnet
    telemetry.sdk.version: 1.14.0
    service.name: unknown_service:testhost
[22:29:12 INF] Executing endpoint 'Urbeat.WebApi.Controllers.LandingPageContentController.GetById (Urbeat.WebApi)'
[22:29:12 INF] Route matched with {action = "GetById", controller = "LandingPageContent"}. Executing controller action with signature System.Threading.Tasks.Task`1[Microsoft.AspNetCore.Mvc.IActionResult] GetById(System.Guid, System.Threading.CancellationToken) on controller Urbeat.WebApi.Controllers.LandingPageContentController (Urbeat.WebApi).
[22:29:12 INF] Executing action method Urbeat.WebApi.Controllers.LandingPageContentController.GetById (Urbeat.WebApi) - Validation state: Valid
[22:29:12 INF] Executing OkObjectResult, writing value of type 'System.Collections.Generic.List`1[[Urbeat.Application.DTOs.ProductResponseDto, Urbeat.Application, Version=1.0.0.0, Culture=neutral, PublicKeyToken=null]]'.
Activity.TraceId:            307cb76f3ba00574a36ab91e5882b5f8
Activity.SpanId:             5d0cf59541c00eeb
Activity.TraceFlags:         Recorded
Activity.DisplayName:        GET api/stores/{storeId}/products
Activity.Kind:               Server
Activity.StartTime:          2026-06-08T01:29:12.7334999Z
Activity.Duration:           00:00:00.0429403
Activity.Tags:
    server.address: localhost
    http.request.method: GET
    url.scheme: http
    url.path: /api/stores/019ea4d9-1a18-72f0-808a-d51d50e9501a/products
    network.protocol.version: 1.1
    http.route: api/stores/{storeId}/products
    http.response.status_code: 200
Instrumentation scope (ActivitySource):
    Name: Microsoft.AspNetCore
Resource associated with Activity:
    telemetry.sdk.name: opentelemetry
    telemetry.sdk.language: dotnet
    telemetry.sdk.version: 1.14.0
    service.name: unknown_service:testhost
Activity.TraceId:            307cb76f3ba00574a36ab91e5882b5f8
Activity.SpanId:             5d0cf59541c00eeb
Activity.TraceFlags:         Recorded
Activity.DisplayName:        GET api/stores/{storeId}/products
Activity.Kind:               Server
Activity.StartTime:          2026-06-08T01:29:12.7334999Z
Activity.Duration:           00:00:00.0429403
Activity.Tags:
    server.address: localhost
    http.request.method: GET
    url.scheme: http
    url.path: /api/stores/019ea4d9-1a18-72f0-808a-d51d50e9501a/products
    network.protocol.version: 1.1
    http.route: api/stores/{storeId}/products
    http.response.status_code: 200
Instrumentation scope (ActivitySource):
    Name: Microsoft.AspNetCore
Resource associated with Activity:
    telemetry.sdk.name: opentelemetry
    telemetry.sdk.language: dotnet
    telemetry.sdk.version: 1.14.0
    service.name: unknown_service:testhost
Activity.TraceId:            307cb76f3ba00574a36ab91e5882b5f8
Activity.SpanId:             5d0cf59541c00eeb
Activity.TraceFlags:         Recorded
Activity.DisplayName:        GET api/stores/{storeId}/products
Activity.Kind:               Server
Activity.StartTime:          2026-06-08T01:29:12.7334999Z
Activity.Duration:           00:00:00.0429403
Activity.Tags:
    server.address: localhost
    http.request.method: GET
    url.scheme: http
    url.path: /api/stores/019ea4d9-1a18-72f0-808a-d51d50e9501a/products
    network.protocol.version: 1.1
    http.route: api/stores/{storeId}/products
    http.response.status_code: 200
Instrumentation scope (ActivitySource):
    Name: Microsoft.AspNetCore
Resource associated with Activity:
    telemetry.sdk.name: opentelemetry
    telemetry.sdk.language: dotnet
    telemetry.sdk.version: 1.14.0
    service.name: unknown_service:testhost
Activity.TraceId:            307cb76f3ba00574a36ab91e5882b5f8
Activity.SpanId:             5d0cf59541c00eeb
Activity.TraceFlags:         Recorded
Activity.DisplayName:        GET api/stores/{storeId}/products
Activity.Kind:               Server
Activity.StartTime:          2026-06-08T01:29:12.7334999Z
Activity.Duration:           00:00:00.0429403
Activity.Tags:
    server.address: localhost
    http.request.method: GET
    url.scheme: http
    url.path: /api/stores/019ea4d9-1a18-72f0-808a-d51d50e9501a/products
    network.protocol.version: 1.1
    http.route: api/stores/{storeId}/products
    http.response.status_code: 200
Instrumentation scope (ActivitySource):
    Name: Microsoft.AspNetCore
Resource associated with Activity:
    telemetry.sdk.name: opentelemetry
    telemetry.sdk.language: dotnet
    telemetry.sdk.version: 1.14.0
    service.name: unknown_service:testhost
Activity.TraceId:            307cb76f3ba00574a36ab91e5882b5f8
Activity.SpanId:             5d0cf59541c00eeb
Activity.TraceFlags:         Recorded
Activity.DisplayName:        GET api/stores/{storeId}/products
Activity.Kind:               Server
Activity.StartTime:          2026-06-08T01:29:12.7334999Z
Activity.Duration:           00:00:00.0429403
Activity.Tags:
    server.address: localhost
    http.request.method: GET
    url.scheme: http
    url.path: /api/stores/019ea4d9-1a18-72f0-808a-d51d50e9501a/products
    network.protocol.version: 1.1
    http.route: api/stores/{storeId}/products
    http.response.status_code: 200
Instrumentation scope (ActivitySource):
    Name: Microsoft.AspNetCore
Resource associated with Activity:
    telemetry.sdk.name: opentelemetry
    telemetry.sdk.language: dotnet
    telemetry.sdk.version: 1.14.0
    service.name: unknown_service:testhost
Activity.TraceId:            307cb76f3ba00574a36ab91e5882b5f8
Activity.SpanId:             5d0cf59541c00eeb
Activity.TraceFlags:         Recorded
Activity.DisplayName:        GET api/stores/{storeId}/products
Activity.Kind:               Server
Activity.StartTime:          2026-06-08T01:29:12.7334999Z
[22:29:12 INF] Saved 1 entities to in-memory store.
Activity.Duration:           00:00:00.0429403
Activity.Tags:
[22:29:12 INF] Executed action method Urbeat.WebApi.Controllers.LandingPageContentController.GetById (Urbeat.WebApi), returned result Microsoft.AspNetCore.Mvc.NotFoundResult in 7.2103ms.
    server.address: localhost
[22:29:12 INF] Saved 1 entities to in-memory store.
    http.request.method: GET
    url.scheme: http
    url.path: /api/stores/019ea4d9-1a18-72f0-808a-d51d50e9501a/products
    network.protocol.version: 1.1
    http.route: api/stores/{storeId}/products
    http.response.status_code: 200
Instrumentation scope (ActivitySource):
    Name: Microsoft.AspNetCore
Resource associated with Activity:
    telemetry.sdk.name: opentelemetry
    telemetry.sdk.language: dotnet
    telemetry.sdk.version: 1.14.0
    service.name: unknown_service:testhost
[22:29:12 INF] Saved 1 entities to in-memory store.
[22:29:12 INF] Saved 1 entities to in-memory store.
[22:29:12 INF] Executed action method Urbeat.WebApi.Controllers.AuthController.LoginCustomer (Urbeat.WebApi), returned result Microsoft.AspNetCore.Mvc.UnauthorizedResult in 84.7202ms.
[22:29:12 INF] Executed action Urbeat.WebApi.Controllers.AuthController.LoginCustomer (Urbeat.WebApi) in 85.2802ms
Activity.TraceId:            9d6e3db165aabff34f44b9d92c4d93bc
Activity.SpanId:             a9d9f5f8df7b5592
Activity.TraceFlags:         Recorded
Activity.DisplayName:        POST api/auth/login/customer
Activity.Kind:               Server
Activity.StartTime:          2026-06-08T01:29:12.7205542Z
Activity.Duration:           00:00:00.0858256
Activity.Tags:
    server.address: localhost
    http.request.method: POST
    url.scheme: http
    url.path: /api/auth/login/customer
    network.protocol.version: 1.1
    http.route: api/auth/login/customer
[22:29:12 INF] Executing OkObjectResult, writing value of type 'Urbeat.Application.DTOs.ProductResponseDto'.
    http.response.status_code: 401
Instrumentation scope (ActivitySource):
    Name: Microsoft.AspNetCore
Resource associated with Activity:
    telemetry.sdk.name: opentelemetry
    telemetry.sdk.language: dotnet
    telemetry.sdk.version: 1.14.0
    service.name: unknown_service:testhost
Activity.TraceId:            9d6e3db165aabff34f44b9d92c4d93bc
Activity.SpanId:             a9d9f5f8df7b5592
Activity.TraceFlags:         Recorded
Activity.DisplayName:        POST api/auth/login/customer
Activity.Kind:               Server
Activity.StartTime:          2026-06-08T01:29:12.7205542Z
Activity.Duration:           00:00:00.0858256
Activity.Tags:
    server.address: localhost
    http.request.method: POST
    url.scheme: http
    url.path: /api/auth/login/customer
    network.protocol.version: 1.1
    http.route: api/auth/login/customer
    http.response.status_code: 401
Instrumentation scope (ActivitySource):
    Name: Microsoft.AspNetCore
Resource associated with Activity:
    telemetry.sdk.name: opentelemetry
    telemetry.sdk.language: dotnet
    telemetry.sdk.version: 1.14.0
    service.name: unknown_service:testhost
Activity.TraceId:            9d6e3db165aabff34f44b9d92c4d93bc
Activity.SpanId:             a9d9f5f8df7b5592
Activity.TraceFlags:         Recorded
Activity.DisplayName:        POST api/auth/login/customer
Activity.Kind:               Server
Activity.StartTime:          2026-06-08T01:29:12.7205542Z
Activity.Duration:           00:00:00.0858256
Activity.Tags:
    server.address: localhost
    http.request.method: POST
    url.scheme: http
    url.path: /api/auth/login/customer
    network.protocol.version: 1.1
    http.route: api/auth/login/customer
    http.response.status_code: 401
Instrumentation scope (ActivitySource):
    Name: Microsoft.AspNetCore
Resource associated with Activity:
    telemetry.sdk.name: opentelemetry
    telemetry.sdk.language: dotnet
    telemetry.sdk.version: 1.14.0
    service.name: unknown_service:testhost
Activity.TraceId:            9d6e3db165aabff34f44b9d92c4d93bc
Activity.SpanId:             a9d9f5f8df7b5592
Activity.TraceFlags:         Recorded
Activity.DisplayName:        POST api/auth/login/customer
Activity.Kind:               Server
Activity.StartTime:          2026-06-08T01:29:12.7205542Z
Activity.Duration:           00:00:00.0858256
Activity.Tags:
    server.address: localhost
    http.request.method: POST
    url.scheme: http
    url.path: /api/auth/login/customer
    network.protocol.version: 1.1
    http.route: api/auth/login/customer
    http.response.status_code: 401
Instrumentation scope (ActivitySource):
    Name: Microsoft.AspNetCore
Resource associated with Activity:
    telemetry.sdk.name: opentelemetry
    telemetry.sdk.language: dotnet
    telemetry.sdk.version: 1.14.0
    service.name: unknown_service:testhost
Activity.TraceId:            9d6e3db165aabff34f44b9d92c4d93bc
Activity.SpanId:             a9d9f5f8df7b5592
Activity.TraceFlags:         Recorded
Activity.DisplayName:        POST api/auth/login/customer
Activity.Kind:               Server
Activity.StartTime:          2026-06-08T01:29:12.7205542Z
Activity.Duration:           00:00:00.0858256
Activity.Tags:
    server.address: localhost
    http.request.method: POST
    url.scheme: http
    url.path: /api/auth/login/customer
    network.protocol.version: 1.1
    http.route: api/auth/login/customer
    http.response.status_code: 401
Instrumentation scope (ActivitySource):
    Name: Microsoft.AspNetCore
Resource associated with Activity:
    telemetry.sdk.name: opentelemetry
    telemetry.sdk.language: dotnet
    telemetry.sdk.version: 1.14.0
    service.name: unknown_service:testhost
Activity.TraceId:            9d6e3db165aabff34f44b9d92c4d93bc
Activity.SpanId:             a9d9f5f8df7b5592
Activity.TraceFlags:         Recorded
Activity.DisplayName:        POST api/auth/login/customer
Activity.Kind:               Server
Activity.StartTime:          2026-06-08T01:29:12.7205542Z
Activity.Duration:           00:00:00.0858256
Activity.Tags:
    server.address: localhost
    http.request.method: POST
    url.scheme: http
    url.path: /api/auth/login/customer
    network.protocol.version: 1.1
    http.route: api/auth/login/customer
    http.response.status_code: 401
Instrumentation scope (ActivitySource):
    Name: Microsoft.AspNetCore
Resource associated with Activity:
    telemetry.sdk.name: opentelemetry
    telemetry.sdk.language: dotnet
    telemetry.sdk.version: 1.14.0
    service.name: unknown_service:testhost
Activity.TraceId:            2b160a257cc21e33d06657f54ec4decb
Activity.SpanId:             b65410bd14fcb41b
Activity.TraceFlags:         Recorded
Activity.DisplayName:        PATCH api/stores/{storeId}/products/{productId}/availability
[22:29:12 INF] Route matched with {action = "LoginCustomer", controller = "Auth"}. Executing controller action with signature System.Threading.Tasks.Task`1[Microsoft.AspNetCore.Mvc.IActionResult] LoginCustomer(Urbeat.Application.DTOs.LoginRequestDto, System.Threading.CancellationToken) on controller Urbeat.WebApi.Controllers.AuthController (Urbeat.WebApi).
Activity.Kind:               Server
Activity.StartTime:          2026-06-08T01:29:12.7772180Z
Activity.Duration:           00:00:00.0295209
Activity.Tags:
    server.address: localhost
    http.request.method: PATCH
    url.scheme: http
    url.path: /api/stores/019ea4d9-1a18-72f0-808a-d51d50e9501a/products/019ea4d9-1d1b-785d-b321-f9d312ce852e/availability
    network.protocol.version: 1.1
    http.route: api/stores/{storeId}/products/{productId}/availability
    http.response.status_code: 200
Instrumentation scope (ActivitySource):
    Name: Microsoft.AspNetCore
Resource associated with Activity:
    telemetry.sdk.name: opentelemetry
    telemetry.sdk.language: dotnet
    telemetry.sdk.version: 1.14.0
    service.name: unknown_service:testhost
Activity.TraceId:            2b160a257cc21e33d06657f54ec4decb
Activity.SpanId:             b65410bd14fcb41b
Activity.TraceFlags:         Recorded
Activity.DisplayName:        PATCH api/stores/{storeId}/products/{productId}/availability
Activity.Kind:               Server
Activity.StartTime:          2026-06-08T01:29:12.7772180Z
Activity.Duration:           00:00:00.0295209
Activity.Tags:
    server.address: localhost
    http.request.method: PATCH
    url.scheme: http
    url.path: /api/stores/019ea4d9-1a18-72f0-808a-d51d50e9501a/products/019ea4d9-1d1b-785d-b321-f9d312ce852e/availability
    network.protocol.version: 1.1
    http.route: api/stores/{storeId}/products/{productId}/availability
    http.response.status_code: 200
Instrumentation scope (ActivitySource):
    Name: Microsoft.AspNetCore
Resource associated with Activity:
    telemetry.sdk.name: opentelemetry
    telemetry.sdk.language: dotnet
    telemetry.sdk.version: 1.14.0
    service.name: unknown_service:testhost
Activity.TraceId:            2b160a257cc21e33d06657f54ec4decb
Activity.SpanId:             b65410bd14fcb41b
Activity.TraceFlags:         Recorded
Activity.DisplayName:        PATCH api/stores/{storeId}/products/{productId}/availability
Activity.Kind:               Server
Activity.StartTime:          2026-06-08T01:29:12.7772180Z
Activity.Duration:           00:00:00.0295209
Activity.Tags:
    server.address: localhost
    http.request.method: PATCH
    url.scheme: http
    url.path: /api/stores/019ea4d9-1a18-72f0-808a-d51d50e9501a/products/019ea4d9-1d1b-785d-b321-f9d312ce852e/availability
    network.protocol.version: 1.1
    http.route: api/stores/{storeId}/products/{productId}/availability
    http.response.status_code: 200
Instrumentation scope (ActivitySource):
    Name: Microsoft.AspNetCore
Resource associated with Activity:
    telemetry.sdk.name: opentelemetry
    telemetry.sdk.language: dotnet
    telemetry.sdk.version: 1.14.0
    service.name: unknown_service:testhost
Activity.TraceId:            2b160a257cc21e33d06657f54ec4decb
Activity.SpanId:             b65410bd14fcb41b
Activity.TraceFlags:         Recorded
Activity.DisplayName:        PATCH api/stores/{storeId}/products/{productId}/availability
Activity.Kind:               Server
Activity.StartTime:          2026-06-08T01:29:12.7772180Z
Activity.Duration:           00:00:00.0295209
Activity.Tags:
    server.address: localhost
    http.request.method: PATCH
    url.scheme: http
    url.path: /api/stores/019ea4d9-1a18-72f0-808a-d51d50e9501a/products/019ea4d9-1d1b-785d-b321-f9d312ce852e/availability
    network.protocol.version: 1.1
    http.route: api/stores/{storeId}/products/{productId}/availability
    http.response.status_code: 200
Instrumentation scope (ActivitySource):
    Name: Microsoft.AspNetCore
Resource associated with Activity:
    telemetry.sdk.name: opentelemetry
    telemetry.sdk.language: dotnet
    telemetry.sdk.version: 1.14.0
    service.name: unknown_service:testhost
Activity.TraceId:            2b160a257cc21e33d06657f54ec4decb
Activity.SpanId:             b65410bd14fcb41b
Activity.TraceFlags:         Recorded
Activity.DisplayName:        PATCH api/stores/{storeId}/products/{productId}/availability
Activity.Kind:               Server
Activity.StartTime:          2026-06-08T01:29:12.7772180Z
Activity.Duration:           00:00:00.0295209
Activity.Tags:
    server.address: localhost
    http.request.method: PATCH
    url.scheme: http
    url.path: /api/stores/019ea4d9-1a18-72f0-808a-d51d50e9501a/products/019ea4d9-1d1b-785d-b321-f9d312ce852e/availability
    network.protocol.version: 1.1
    http.route: api/stores/{storeId}/products/{productId}/availability
    http.response.status_code: 200
Instrumentation scope (ActivitySource):
    Name: Microsoft.AspNetCore
Resource associated with Activity:
    telemetry.sdk.name: opentelemetry
    telemetry.sdk.language: dotnet
    telemetry.sdk.version: 1.14.0
    service.name: unknown_service:testhost
Activity.TraceId:            2b160a257cc21e33d06657f54ec4decb
Activity.SpanId:             b65410bd14fcb41b
Activity.TraceFlags:         Recorded
[22:29:12 INF] Executing action method Urbeat.WebApi.Controllers.AuthController.LoginCustomer (Urbeat.WebApi) - Validation state: Valid
Activity.DisplayName:        PATCH api/stores/{storeId}/products/{productId}/availability
Activity.Kind:               Server
[22:29:12 INF] Executed action Urbeat.WebApi.Controllers.LandingPageContentController.GetById (Urbeat.WebApi) in 33.8111ms
Activity.StartTime:          2026-06-08T01:29:12.7772180Z
Activity.Duration:           00:00:00.0295209
Activity.Tags:
    server.address: localhost
    http.request.method: PATCH
    url.scheme: http
[22:29:12 INF] Executed endpoint 'Urbeat.WebApi.Controllers.LandingPageContentController.GetById (Urbeat.WebApi)'
    url.path: /api/stores/019ea4d9-1a18-72f0-808a-d51d50e9501a/products/019ea4d9-1d1b-785d-b321-f9d312ce852e/availability
    network.protocol.version: 1.1
    http.route: api/stores/{storeId}/products/{productId}/availability
    http.response.status_code: 200
Instrumentation scope (ActivitySource):
    Name: Microsoft.AspNetCore
Resource associated with Activity:
    telemetry.sdk.name: opentelemetry
    telemetry.sdk.language: dotnet
    telemetry.sdk.version: 1.14.0
    service.name: unknown_service:testhost
[22:29:12 INF] Request finished HTTP/1.1 GET http://localhost/api/landingpagecontent/019ea4d9-1d1b-7bb7-ae6e-f6e07498e826 - 404 null application/problem+json; charset=utf-8 37.09ms
Activity.TraceId:            02b9c6a45acc604ca89635004722f387
Activity.SpanId:             232e3103910f1e12
Activity.TraceFlags:         Recorded
Activity.DisplayName:        GET api/LandingPageContent/{id:guid}
Activity.Kind:               Server
Activity.StartTime:          2026-06-08T01:29:12.7702323Z
Activity.Duration:           00:00:00.0371635
Activity.Tags:
    server.address: localhost
    http.request.method: GET
    url.scheme: http
    url.path: /api/landingpagecontent/019ea4d9-1d1b-7bb7-ae6e-f6e07498e826
    network.protocol.version: 1.1
    http.route: api/LandingPageContent/{id:guid}
    http.response.status_code: 404
Instrumentation scope (ActivitySource):
    Name: Microsoft.AspNetCore
Resource associated with Activity:
    telemetry.sdk.name: opentelemetry
    telemetry.sdk.language: dotnet
    telemetry.sdk.version: 1.14.0
    service.name: unknown_service:testhost
Activity.TraceId:            02b9c6a45acc604ca89635004722f387
Activity.SpanId:             232e3103910f1e12
Activity.TraceFlags:         Recorded
Activity.DisplayName:        GET api/LandingPageContent/{id:guid}
Activity.Kind:               Server
Activity.StartTime:          2026-06-08T01:29:12.7702323Z
Activity.Duration:           00:00:00.0371635
Activity.Tags:
    server.address: localhost
    http.request.method: GET
    url.scheme: http
    url.path: /api/landingpagecontent/019ea4d9-1d1b-7bb7-ae6e-f6e07498e826
    network.protocol.version: 1.1
    http.route: api/LandingPageContent/{id:guid}
    http.response.status_code: 404
Instrumentation scope (ActivitySource):
    Name: Microsoft.AspNetCore
Resource associated with Activity:
    telemetry.sdk.name: opentelemetry
    telemetry.sdk.language: dotnet
    telemetry.sdk.version: 1.14.0
    service.name: unknown_service:testhost
Activity.TraceId:            02b9c6a45acc604ca89635004722f387
Activity.SpanId:             232e3103910f1e12
Activity.TraceFlags:         Recorded
Activity.DisplayName:        GET api/LandingPageContent/{id:guid}
Activity.Kind:               Server
Activity.StartTime:          2026-06-08T01:29:12.7702323Z
Activity.Duration:           00:00:00.0371635
Activity.Tags:
    server.address: localhost
    http.request.method: GET
    url.scheme: http
    url.path: /api/landingpagecontent/019ea4d9-1d1b-7bb7-ae6e-f6e07498e826
    network.protocol.version: 1.1
    http.route: api/LandingPageContent/{id:guid}
    http.response.status_code: 404
Instrumentation scope (ActivitySource):
    Name: Microsoft.AspNetCore
Resource associated with Activity:
    telemetry.sdk.name: opentelemetry
    telemetry.sdk.language: dotnet
    telemetry.sdk.version: 1.14.0
    service.name: unknown_service:testhost
Activity.TraceId:            02b9c6a45acc604ca89635004722f387
Activity.SpanId:             232e3103910f1e12
Activity.TraceFlags:         Recorded
Activity.DisplayName:        GET api/LandingPageContent/{id:guid}
Activity.Kind:               Server
Activity.StartTime:          2026-06-08T01:29:12.7702323Z
Activity.Duration:           00:00:00.0371635
Activity.Tags:
    server.address: localhost
    http.request.method: GET
    url.scheme: http
    url.path: /api/landingpagecontent/019ea4d9-1d1b-7bb7-ae6e-f6e07498e826
    network.protocol.version: 1.1
    http.route: api/LandingPageContent/{id:guid}
    http.response.status_code: 404
Instrumentation scope (ActivitySource):
    Name: Microsoft.AspNetCore
Resource associated with Activity:
    telemetry.sdk.name: opentelemetry
    telemetry.sdk.language: dotnet
    telemetry.sdk.version: 1.14.0
    service.name: unknown_service:testhost
Activity.TraceId:            02b9c6a45acc604ca89635004722f387
Activity.SpanId:             232e3103910f1e12
Activity.TraceFlags:         Recorded
Activity.DisplayName:        GET api/LandingPageContent/{id:guid}
Activity.Kind:               Server
Activity.StartTime:          2026-06-08T01:29:12.7702323Z
Activity.Duration:           00:00:00.0371635
Activity.Tags:
    server.address: localhost
    http.request.method: GET
    url.scheme: http
    url.path: /api/landingpagecontent/019ea4d9-1d1b-7bb7-ae6e-f6e07498e826
    network.protocol.version: 1.1
    http.route: api/LandingPageContent/{id:guid}
    http.response.status_code: 404
Instrumentation scope (ActivitySource):
    Name: Microsoft.AspNetCore
Resource associated with Activity:
    telemetry.sdk.name: opentelemetry
    telemetry.sdk.language: dotnet
    telemetry.sdk.version: 1.14.0
    service.name: unknown_service:testhost
Activity.TraceId:            02b9c6a45acc604ca89635004722f387
Activity.SpanId:             232e3103910f1e12
Activity.TraceFlags:         Recorded
Activity.DisplayName:        GET api/LandingPageContent/{id:guid}
Activity.Kind:               Server
Activity.StartTime:          2026-06-08T01:29:12.7702323Z
Activity.Duration:           00:00:00.0371635
Activity.Tags:
    server.address: localhost
    http.request.method: GET
    url.scheme: http
    url.path: /api/landingpagecontent/019ea4d9-1d1b-7bb7-ae6e-f6e07498e826
    network.protocol.version: 1.1
    http.route: api/LandingPageContent/{id:guid}
    http.response.status_code: 404
Instrumentation scope (ActivitySource):
    Name: Microsoft.AspNetCore
Resource associated with Activity:
    telemetry.sdk.name: opentelemetry
    telemetry.sdk.language: dotnet
    telemetry.sdk.version: 1.14.0
    service.name: unknown_service:testhost
[22:29:12 INF] Request starting HTTP/1.1 POST http://localhost/api/auth/register/seller - application/json; charset=utf-8 null
[22:29:12 INF] Executing endpoint 'Urbeat.WebApi.Controllers.AuthController.RegisterSeller (Urbeat.WebApi)'
[22:29:12 INF] Saved 1 entities to in-memory store.
[22:29:12 INF] Saved 1 entities to in-memory store.
[22:29:12 INF] Saved 1 entities to in-memory store.
[22:29:12 INF] Saved 2 entities to in-memory store.
[22:29:12 INF] Saved 1 entities to in-memory store.
[22:29:12 INF] Saved 2 entities to in-memory store.
[22:29:12 INF] Saved 2 entities to in-memory store.
[22:29:12 INF] Executed action method Urbeat.WebApi.Controllers.AuthController.RegisterSeller (Urbeat.WebApi), returned result Microsoft.AspNetCore.Mvc.ObjectResult in 57.2891ms.
[22:29:12 INF] Saved 1 entities to in-memory store.
[22:29:12 INF] Saved 1 entities to in-memory store.
[22:29:12 INF] Executed action method Urbeat.WebApi.Controllers.AuthController.RegisterSeller (Urbeat.WebApi), returned result Microsoft.AspNetCore.Mvc.ObjectResult in 55.3062ms.
[22:29:12 INF] Executing ObjectResult, writing value of type '<>f__AnonymousType2`3[[System.Nullable`1[[System.Guid, System.Private.CoreLib, Version=9.0.0.0, Culture=neutral, PublicKeyToken=7cec85d7bea7798e]], System.Private.CoreLib, Version=9.0.0.0, Culture=neutral, PublicKeyToken=7cec85d7bea7798e],[System.Boolean, System.Private.CoreLib, Version=9.0.0.0, Culture=neutral, PublicKeyToken=7cec85d7bea7798e],[System.String, System.Private.CoreLib, Version=9.0.0.0, Culture=neutral, PublicKeyToken=7cec85d7bea7798e]]'.
[22:29:12 INF] Executed action method Urbeat.WebApi.Controllers.AuthController.RegisterSeller (Urbeat.WebApi), returned result Microsoft.AspNetCore.Mvc.ObjectResult in 59.823ms.
[22:29:12 INF] Executed action Urbeat.WebApi.Controllers.AuthController.RegisterSeller (Urbeat.WebApi) in 56.0164ms
[22:29:12 INF] Executed endpoint 'Urbeat.WebApi.Controllers.AuthController.RegisterSeller (Urbeat.WebApi)'
[22:29:12 INF] Executing ObjectResult, writing value of type '<>f__AnonymousType2`3[[System.Nullable`1[[System.Guid, System.Private.CoreLib, Version=9.0.0.0, Culture=neutral, PublicKeyToken=7cec85d7bea7798e]], System.Private.CoreLib, Version=9.0.0.0, Culture=neutral, PublicKeyToken=7cec85d7bea7798e],[System.Boolean, System.Private.CoreLib, Version=9.0.0.0, Culture=neutral, PublicKeyToken=7cec85d7bea7798e],[System.String, System.Private.CoreLib, Version=9.0.0.0, Culture=neutral, PublicKeyToken=7cec85d7bea7798e]]'.
[22:29:12 INF] EMAIL_CONFIRM_JOB_STARTED | Sending confirmation email | UserId=019ea4d9-1d41-7f62-84b9-e15c9753be7c
[22:29:12 INF] Executed action Urbeat.WebApi.Controllers.AuthController.RegisterSeller (Urbeat.WebApi) in 84.0967ms
[22:29:12 INF] EMAIL_CONFIRM_JOB_STARTED | Sending confirmation email | UserId=019ea4d9-1d3d-7bd1-8d2e-b531b828d71d
[22:29:12 INF] Request finished HTTP/1.1 POST http://localhost/api/auth/register/seller - 201 null application/json; charset=utf-8 85.3212ms
[22:29:12 INF] Executed action Urbeat.WebApi.Controllers.AuthController.RegisterSeller (Urbeat.WebApi) in 60.2974ms
Activity.TraceId:            1c194eda56696bed355d9e6d5800c56d
[22:29:12 INF] Request finished HTTP/1.1 POST http://localhost/api/auth/register/seller - 201 null application/json; charset=utf-8 57.0142ms
Activity.SpanId:             db859d685bae6313
[22:29:12 INF] Route matched with {action = "RegisterSeller", controller = "Auth"}. Executing controller action with signature System.Threading.Tasks.Task`1[Microsoft.AspNetCore.Mvc.IActionResult] RegisterSeller(Urbeat.Application.DTOs.RegisterUserRequestDto, System.Threading.CancellationToken) on controller Urbeat.WebApi.Controllers.AuthController (Urbeat.WebApi).
[22:29:12 INF] Saved 1 entities to in-memory store.
Activity.TraceFlags:         Recorded
Activity.DisplayName:        POST api/auth/register/seller
Activity.Kind:               Server
[22:29:12 INF] EMAIL_LOG_ONLY | Email skipped (LogOnly or no SMTP host) | To=store.address.dfe72f03f1e2472abb61d3907af0fcaf@urbeat.local | Subject=Confirme seu e-mail no Urbeat - Loja | Body=<!DOCTYPE html>
<html lang="pt-BR">
<head>
  <meta charset="UTF-8" />
  <meta name="viewport" content="width=device-width,initial-scale=1.0" />
  <title>Sua loja est� quase pronta!</title>
</head>
<body style="margin:0;padding:0;background:#FFF9F0;font-family:'Helvetica Neue',Helvetica,Arial,sans-serif;color:#2D2A2A;">
  <table role="presentation" width="100%" cellpadding="0" cellspacing="0" style="background:#FFF9F0;padding:32px 0;">
    <tr>
      <td align="center">
        <table role="presentation" width="560" cellpadding="0" cellspacing="0" style="background:#FFFCF8;border:1px solid #EDE4D9;border-radius:20px;overflow:hidden;">
          <tr>
            <td style="background:#C73E3A;padding:28px 32px;color:#FFFCF8;">
              <h1 style="margin:0;font-family:Georgia,serif;font-weight:400;font-size:28px;">Urbeat</h1>
            </td>
          </tr>
          <tr>
            <td style="padding:32px 40px 8px 40px;">
              <h2 style="margin:0 0 8px 0;font-family:Georgia,serif;font-weight:400;color:#2D2A2A;font-size:24px;">Sua loja est� quase pronta!</h2>
              <p style="margin:0;color:#7A7272;font-size:15px;">Ol�, vendedor(a)!</p>
            </td>
          </tr>
          <tr>
            <td style="padding:16px 40px;color:#2D2A2A;font-size:15px;line-height:1.6;">
              <p>Recebemos o cadastro da sua loja no <strong>Urbeat</strong>.
Para liberar o painel de vendas e receber pedidos, confirme seu e-mail.</p>
<p>Clique no bot�o abaixo para ativar sua conta. O link expira em 24 horas.</p>
            </td>
          </tr>
          <tr>
            <td align="center" style="padding:24px 40px 8px 40px;">
              <a href="https://urbeat.com.br/c/iufnBkKg08Eb1paoc7pTtHUFO"
                 style="display:inline-block;background:#C73E3A;color:#FFFCF8;text-decoration:none;padding:14px 28px;border-radius:12px;font-weight:600;font-size:15px;">
                Confirmar e-mail da loja
              </a>
            </td>
          </tr>
          <tr>
            <td style="padding:8px 40px 24px 40px;color:#7A7272;font-size:13px;line-height:1.5;">
              <p>Se o bot�o n�o funcionar, copie e cole o link abaixo no seu navegador:</p>
              <p style="word-break:break-all;color:#C73E3A;"><a href="https://urbeat.com.br/c/iufnBkKg08Eb1paoc7pTtHUFO" style="color:#C73E3A;">https://urbeat.com.br/c/iufnBkKg08Eb1paoc7pTtHUFO</a></p>
            </td>
          </tr>
          <tr>
            <td style="padding:16px 40px 32px 40px;border-top:1px solid #EDE4D9;color:#7A7272;font-size:13px;line-height:1.5;">
              <p>Se voc� n�o criou um cadastro de loja no Urbeat, pode ignorar este e-mail.</p>
              <p style="margin-top:16px;">- Equipe Urbeat</p>
            </td>
          </tr>
        </table>
      </td>
    </tr>
  </table>
</body>
</html>
Activity.StartTime:          2026-06-08T01:29:12.7399730Z
Activity.Duration:           00:00:00.0853929
Activity.Tags:
[22:29:12 INF] EMAIL_LOG_ONLY | Email skipped (LogOnly or no SMTP host) | To=products.flow.726d596161944ed98fc3a3b456fb3907@urbeat.local | Subject=Confirme seu e-mail no Urbeat - Loja | Body=<!DOCTYPE html>
<html lang="pt-BR">
<head>
  <meta charset="UTF-8" />
  <meta name="viewport" content="width=device-width,initial-scale=1.0" />
  <title>Sua loja est� quase pronta!</title>
</head>
<body style="margin:0;padding:0;background:#FFF9F0;font-family:'Helvetica Neue',Helvetica,Arial,sans-serif;color:#2D2A2A;">
  <table role="presentation" width="100%" cellpadding="0" cellspacing="0" style="background:#FFF9F0;padding:32px 0;">
    <tr>
      <td align="center">
        <table role="presentation" width="560" cellpadding="0" cellspacing="0" style="background:#FFFCF8;border:1px solid #EDE4D9;border-radius:20px;overflow:hidden;">
          <tr>
            <td style="background:#C73E3A;padding:28px 32px;color:#FFFCF8;">
              <h1 style="margin:0;font-family:Georgia,serif;font-weight:400;font-size:28px;">Urbeat</h1>
            </td>
          </tr>
          <tr>
            <td style="padding:32px 40px 8px 40px;">
              <h2 style="margin:0 0 8px 0;font-family:Georgia,serif;font-weight:400;color:#2D2A2A;font-size:24px;">Sua loja est� quase pronta!</h2>
              <p style="margin:0;color:#7A7272;font-size:15px;">Ol�, vendedor(a)!</p>
            </td>
          </tr>
          <tr>
            <td style="padding:16px 40px;color:#2D2A2A;font-size:15px;line-height:1.6;">
              <p>Recebemos o cadastro da sua loja no <strong>Urbeat</strong>.
Para liberar o painel de vendas e receber pedidos, confirme seu e-mail.</p>
<p>Clique no bot�o abaixo para ativar sua conta. O link expira em 24 horas.</p>
            </td>
          </tr>
          <tr>
            <td align="center" style="padding:24px 40px 8px 40px;">
              <a href="https://urbeat.com.br/c/d2gDsA5M5vsGC0ok69B1sTc8X"
                 style="display:inline-block;background:#C73E3A;color:#FFFCF8;text-decoration:none;padding:14px 28px;border-radius:12px;font-weight:600;font-size:15px;">
                Confirmar e-mail da loja
              </a>
            </td>
          </tr>
          <tr>
            <td style="padding:8px 40px 24px 40px;color:#7A7272;font-size:13px;line-height:1.5;">
              <p>Se o bot�o n�o funcionar, copie e cole o link abaixo no seu navegador:</p>
              <p style="word-break:break-all;color:#C73E3A;"><a href="https://urbeat.com.br/c/d2gDsA5M5vsGC0ok69B1sTc8X" style="color:#C73E3A;">https://urbeat.com.br/c/d2gDsA5M5vsGC0ok69B1sTc8X</a></p>
            </td>
          </tr>
          <tr>
            <td style="padding:16px 40px 32px 40px;border-top:1px solid #EDE4D9;color:#7A7272;font-size:13px;line-height:1.5;">
              <p>Se voc� n�o criou um cadastro de loja no Urbeat, pode ignorar este e-mail.</p>
              <p style="margin-top:16px;">- Equipe Urbeat</p>
            </td>
          </tr>
        </table>
      </td>
    </tr>
  </table>
</body>
</html>
    server.address: localhost
    http.request.method: POST
    url.scheme: http
[22:29:12 INF] Saved 1 entities to in-memory store.
    url.path: /api/auth/register/seller
    network.protocol.version: 1.1
    http.route: api/auth/register/seller
    http.response.status_code: 201
[22:29:12 INF] Executing OkObjectResult, writing value of type 'System.Collections.Generic.List`1[[Urbeat.Application.DTOs.ProductResponseDto, Urbeat.Application, Version=1.0.0.0, Culture=neutral, PublicKeyToken=null]]'.
Instrumentation scope (ActivitySource):
    Name: Microsoft.AspNetCore
Resource associated with Activity:
    telemetry.sdk.name: opentelemetry
    telemetry.sdk.language: dotnet
    telemetry.sdk.version: 1.14.0
    service.name: unknown_service:testhost
Activity.TraceId:            1c194eda56696bed355d9e6d5800c56d
Activity.TraceId:            7126f3cdc626d09065d3f27f80a0aa6a
Activity.SpanId:             db859d685bae6313
Activity.SpanId:             8e3ac57e07e0c27b
Activity.TraceFlags:         Recorded
Activity.TraceFlags:         Recorded
Activity.DisplayName:        POST api/auth/register/seller
Activity.DisplayName:        POST api/auth/register/seller
Activity.Kind:               Server
Activity.Kind:               Server
Activity.StartTime:          2026-06-08T01:29:12.7399730Z
Activity.Duration:           00:00:00.0853929
Activity.StartTime:          2026-06-08T01:29:12.7683967Z
Activity.Tags:
Activity.Duration:           00:00:00.0811239
    server.address: localhost
Activity.Tags:
    http.request.method: POST
    server.address: localhost
    url.scheme: http
    http.request.method: POST
    url.path: /api/auth/register/seller
    url.scheme: http
    network.protocol.version: 1.1
    url.path: /api/auth/register/seller
    network.protocol.version: 1.1
    http.route: api/auth/register/seller
    http.route: api/auth/register/seller
    http.response.status_code: 201
    http.response.status_code: 201
Instrumentation scope (ActivitySource):
Instrumentation scope (ActivitySource):
    Name: Microsoft.AspNetCore
    Name: Microsoft.AspNetCore
Resource associated with Activity:
Resource associated with Activity:
    telemetry.sdk.name: opentelemetry
    telemetry.sdk.name: opentelemetry
    telemetry.sdk.language: dotnet
    telemetry.sdk.version: 1.14.0
    telemetry.sdk.language: dotnet
    service.name: unknown_service:testhost
    telemetry.sdk.version: 1.14.0
    service.name: unknown_service:testhost
Activity.TraceId:            1c194eda56696bed355d9e6d5800c56d
Activity.SpanId:             db859d685bae6313
Activity.TraceFlags:         Recorded
Activity.TraceId:            7126f3cdc626d09065d3f27f80a0aa6a
Activity.SpanId:             8e3ac57e07e0c27b
Activity.DisplayName:        POST api/auth/register/seller
Activity.TraceFlags:         Recorded
Activity.Kind:               Server
Activity.DisplayName:        POST api/auth/register/seller
Activity.StartTime:          2026-06-08T01:29:12.7399730Z
Activity.Kind:               Server
Activity.Duration:           00:00:00.0853929
Activity.Tags:
Activity.StartTime:          2026-06-08T01:29:12.7683967Z
    server.address: localhost
    http.request.method: POST
    url.scheme: http
    url.path: /api/auth/register/seller
    network.protocol.version: 1.1
[22:29:12 INF] Saved 1 entities to in-memory store.
Activity.Duration:           00:00:00.0811239
[22:29:12 INF] EMAIL_CONFIRM_JOB_COMPLETED | Job completed | UserId=019ea4d9-1d3d-7bd1-8d2e-b531b828d71d
Activity.Tags:
    server.address: localhost
    http.request.method: POST
    http.route: api/auth/register/seller
    url.scheme: http
    http.response.status_code: 201
    url.path: /api/auth/register/seller
Instrumentation scope (ActivitySource):
    network.protocol.version: 1.1
    Name: Microsoft.AspNetCore
Resource associated with Activity:
    http.route: api/auth/register/seller
    telemetry.sdk.name: opentelemetry
[22:29:12 INF] EMAIL_CONFIRM_JOB_COMPLETED | Job completed | UserId=019ea4d9-1d41-7f62-84b9-e15c9753be7c
    telemetry.sdk.language: dotnet
    telemetry.sdk.version: 1.14.0
    service.name: unknown_service:testhost
    http.response.status_code: 201
Activity.TraceId:            1c194eda56696bed355d9e6d5800c56d
Instrumentation scope (ActivitySource):
Activity.SpanId:             db859d685bae6313
    Name: Microsoft.AspNetCore
Activity.TraceFlags:         Recorded
Resource associated with Activity:
Activity.DisplayName:        POST api/auth/register/seller
    telemetry.sdk.name: opentelemetry
Activity.Kind:               Server
    telemetry.sdk.language: dotnet
    telemetry.sdk.version: 1.14.0
Activity.StartTime:          2026-06-08T01:29:12.7399730Z
    service.name: unknown_service:testhost
Activity.Duration:           00:00:00.0853929
Activity.Tags:
    server.address: localhost
    http.request.method: POST
    url.scheme: http
    url.path: /api/auth/register/seller
    network.protocol.version: 1.1
    http.route: api/auth/register/seller
Activity.TraceId:            7126f3cdc626d09065d3f27f80a0aa6a
    http.response.status_code: 201
Activity.SpanId:             8e3ac57e07e0c27b
Instrumentation scope (ActivitySource):
    Name: Microsoft.AspNetCore
Activity.TraceFlags:         Recorded
Resource associated with Activity:
Activity.DisplayName:        POST api/auth/register/seller
    telemetry.sdk.name: opentelemetry
Activity.Kind:               Server
    telemetry.sdk.language: dotnet
    telemetry.sdk.version: 1.14.0
    service.name: unknown_service:testhost
Activity.StartTime:          2026-06-08T01:29:12.7683967Z
[22:29:12 INF] Request starting HTTP/1.1 POST http://localhost/api/auth/login/seller - application/json; charset=utf-8 null
Activity.TraceId:            1c194eda56696bed355d9e6d5800c56d
Activity.SpanId:             db859d685bae6313
Activity.TraceFlags:         Recorded
Activity.Duration:           00:00:00.0811239
Activity.DisplayName:        POST api/auth/register/seller
Activity.Tags:
Activity.Kind:               Server
    server.address: localhost
Activity.StartTime:          2026-06-08T01:29:12.7399730Z
    http.request.method: POST
    url.scheme: http
Activity.Duration:           00:00:00.0853929
    url.path: /api/auth/register/seller
Activity.Tags:
    server.address: localhost
    http.request.method: POST
    network.protocol.version: 1.1
    url.scheme: http
Activity.TraceId:            4368f76bc027698864b51fc194695921
    url.path: /api/auth/register/seller
    network.protocol.version: 1.1
    http.route: api/auth/register/seller
    http.route: api/auth/register/seller
    http.response.status_code: 201
    http.response.status_code: 201
Activity.SpanId:             b7a50d831341a95e
Instrumentation scope (ActivitySource):
Instrumentation scope (ActivitySource):
    Name: Microsoft.AspNetCore
    Name: Microsoft.AspNetCore
Activity.TraceFlags:         Recorded
Resource associated with Activity:
Resource associated with Activity:
Activity.DisplayName:        GET api/public/stores/{storeId}/catalog/products
    telemetry.sdk.name: opentelemetry
    telemetry.sdk.name: opentelemetry
Activity.Kind:               Server
    telemetry.sdk.language: dotnet
    telemetry.sdk.language: dotnet
    telemetry.sdk.version: 1.14.0
Activity.StartTime:          2026-06-08T01:29:12.8067677Z
    telemetry.sdk.version: 1.14.0
    service.name: unknown_service:testhost
    service.name: unknown_service:testhost
Activity.Duration:           00:00:00.0431857
Activity.TraceId:            7126f3cdc626d09065d3f27f80a0aa6a
Activity.Tags:
Activity.SpanId:             8e3ac57e07e0c27b
    server.address: localhost
    http.request.method: GET
    url.scheme: http
Activity.TraceId:            1c194eda56696bed355d9e6d5800c56d
    url.path: /api/public/stores/019ea4d9-1a18-72f0-808a-d51d50e9501a/catalog/products
Activity.TraceFlags:         Recorded
    network.protocol.version: 1.1
Activity.SpanId:             db859d685bae6313
    http.route: api/public/stores/{storeId}/catalog/products
Activity.DisplayName:        POST api/auth/register/seller
    http.response.status_code: 200
Activity.Kind:               Server
Instrumentation scope (ActivitySource):
Activity.TraceFlags:         Recorded
    Name: Microsoft.AspNetCore
Activity.StartTime:          2026-06-08T01:29:12.7683967Z
Resource associated with Activity:
Activity.Duration:           00:00:00.0811239
    telemetry.sdk.name: opentelemetry
Activity.Tags:
    telemetry.sdk.language: dotnet
    server.address: localhost
[22:29:12 INF] Request starting HTTP/1.1 POST http://localhost/api/auth/login/seller - application/json; charset=utf-8 null
    telemetry.sdk.version: 1.14.0
    http.request.method: POST
    url.scheme: http
    url.path: /api/auth/register/seller
    service.name: unknown_service:testhost
    network.protocol.version: 1.1
    http.route: api/auth/register/seller
Activity.TraceId:            4368f76bc027698864b51fc194695921
    http.response.status_code: 201
Activity.SpanId:             b7a50d831341a95e
Instrumentation scope (ActivitySource):
Activity.TraceFlags:         Recorded
    Name: Microsoft.AspNetCore
Activity.DisplayName:        GET api/public/stores/{storeId}/catalog/products
Resource associated with Activity:
Activity.DisplayName:        POST api/auth/register/seller
    telemetry.sdk.name: opentelemetry
Activity.Kind:               Server
Activity.Kind:               Server
    telemetry.sdk.language: dotnet
    telemetry.sdk.version: 1.14.0
    service.name: unknown_service:testhost
Activity.StartTime:          2026-06-08T01:29:12.7399730Z
Activity.StartTime:          2026-06-08T01:29:12.8067677Z
Activity.TraceId:            7126f3cdc626d09065d3f27f80a0aa6a
Activity.Duration:           00:00:00.0431857
Activity.Duration:           00:00:00.0853929
Activity.Tags:
Activity.Tags:
    server.address: localhost
Activity.SpanId:             8e3ac57e07e0c27b
    server.address: localhost
Activity.TraceFlags:         Recorded
    http.request.method: GET
Activity.DisplayName:        POST api/auth/register/seller
    http.request.method: POST
    url.scheme: http
    url.path: /api/public/stores/019ea4d9-1a18-72f0-808a-d51d50e9501a/catalog/products
Activity.Kind:               Server
    url.scheme: http
    network.protocol.version: 1.1
    url.path: /api/auth/register/seller
Activity.StartTime:          2026-06-08T01:29:12.7683967Z
    http.route: api/public/stores/{storeId}/catalog/products
    network.protocol.version: 1.1
Activity.Duration:           00:00:00.0811239
    http.route: api/auth/register/seller
Activity.Tags:
    http.response.status_code: 201
    http.response.status_code: 200
Instrumentation scope (ActivitySource):
    server.address: localhost
Instrumentation scope (ActivitySource):
    http.request.method: POST
    url.scheme: http
    url.path: /api/auth/register/seller
    network.protocol.version: 1.1
    Name: Microsoft.AspNetCore
    http.route: api/auth/register/seller
Resource associated with Activity:
    Name: Microsoft.AspNetCore
    telemetry.sdk.name: opentelemetry
Resource associated with Activity:
    http.response.status_code: 201
[22:29:12 INF] Executing endpoint 'Urbeat.WebApi.Controllers.AuthController.LoginSeller (Urbeat.WebApi)'
Instrumentation scope (ActivitySource):
    telemetry.sdk.name: opentelemetry
    telemetry.sdk.language: dotnet
    telemetry.sdk.version: 1.14.0
    Name: Microsoft.AspNetCore
Resource associated with Activity:
    service.name: unknown_service:testhost
    telemetry.sdk.name: opentelemetry
Activity.TraceId:            4368f76bc027698864b51fc194695921
Activity.SpanId:             b7a50d831341a95e
    telemetry.sdk.language: dotnet
Activity.TraceFlags:         Recorded
Activity.DisplayName:        GET api/public/stores/{storeId}/catalog/products
    telemetry.sdk.version: 1.14.0
[22:29:12 INF] Request finished HTTP/1.1 POST http://localhost/api/auth/register/seller - 201 null application/json; charset=utf-8 103.9845ms
Activity.Kind:               Server
    service.name: unknown_service:testhost
Activity.StartTime:          2026-06-08T01:29:12.8067677Z
Activity.Duration:           00:00:00.0431857
Activity.Tags:
    server.address: localhost
    telemetry.sdk.language: dotnet
    http.request.method: GET
    telemetry.sdk.version: 1.14.0
    url.scheme: http
    service.name: unknown_service:testhost
    url.path: /api/public/stores/019ea4d9-1a18-72f0-808a-d51d50e9501a/catalog/products
    network.protocol.version: 1.1
    http.route: api/public/stores/{storeId}/catalog/products
Activity.TraceId:            7126f3cdc626d09065d3f27f80a0aa6a
    http.response.status_code: 200
Activity.SpanId:             8e3ac57e07e0c27b
Instrumentation scope (ActivitySource):
    Name: Microsoft.AspNetCore
Activity.TraceFlags:         Recorded
[22:29:12 INF] Route matched with {action = "LoginSeller", controller = "Auth"}. Executing controller action with signature System.Threading.Tasks.Task`1[Microsoft.AspNetCore.Mvc.IActionResult] LoginSeller(Urbeat.Application.DTOs.LoginRequestDto, System.Threading.CancellationToken) on controller Urbeat.WebApi.Controllers.AuthController (Urbeat.WebApi).
Resource associated with Activity:
    telemetry.sdk.name: opentelemetry
Activity.DisplayName:        POST api/auth/register/seller
    telemetry.sdk.language: dotnet
    telemetry.sdk.version: 1.14.0
Activity.Kind:               Server
    service.name: unknown_service:testhost
Activity.StartTime:          2026-06-08T01:29:12.7683967Z
Activity.Duration:           00:00:00.0811239
Activity.Tags:
Activity.TraceId:            4368f76bc027698864b51fc194695921
Activity.SpanId:             b7a50d831341a95e
    server.address: localhost
Activity.TraceId:            f758ffccbacfed85b24ed5439061dfb1
    http.request.method: POST
Activity.SpanId:             eeae37441bfb33b8
    url.scheme: http
    url.path: /api/auth/register/seller
Activity.TraceFlags:         Recorded
    network.protocol.version: 1.1
Activity.DisplayName:        POST api/auth/register/seller
    http.route: api/auth/register/seller
Activity.Kind:               Server
    http.response.status_code: 201
Instrumentation scope (ActivitySource):
    Name: Microsoft.AspNetCore
Resource associated with Activity:
Activity.TraceFlags:         Recorded
Activity.StartTime:          2026-06-08T01:29:12.7462763Z
Activity.DisplayName:        GET api/public/stores/{storeId}/catalog/products
    telemetry.sdk.name: opentelemetry
Activity.Duration:           00:00:00.1040439
    telemetry.sdk.language: dotnet
Activity.Kind:               Server
    telemetry.sdk.version: 1.14.0
    service.name: unknown_service:testhost
Activity.StartTime:          2026-06-08T01:29:12.8067677Z
Activity.Tags:
Activity.Duration:           00:00:00.0431857
    server.address: localhost
Activity.Tags:
    http.request.method: POST
    server.address: localhost
    url.scheme: http
    http.request.method: GET
    url.path: /api/auth/register/seller
    network.protocol.version: 1.1
    url.scheme: http
    http.route: api/auth/register/seller
    url.path: /api/public/stores/019ea4d9-1a18-72f0-808a-d51d50e9501a/catalog/products
    http.response.status_code: 201
    network.protocol.version: 1.1
    http.route: api/public/stores/{storeId}/catalog/products
Instrumentation scope (ActivitySource):
    Name: Microsoft.AspNetCore
    http.response.status_code: 200
Resource associated with Activity:
Instrumentation scope (ActivitySource):
    telemetry.sdk.name: opentelemetry
    Name: Microsoft.AspNetCore
    telemetry.sdk.language: dotnet
Resource associated with Activity:
    telemetry.sdk.version: 1.14.0
    telemetry.sdk.name: opentelemetry
    service.name: unknown_service:testhost
    telemetry.sdk.language: dotnet
    telemetry.sdk.version: 1.14.0
    service.name: unknown_service:testhost
Activity.TraceId:            f758ffccbacfed85b24ed5439061dfb1
Activity.TraceId:            4368f76bc027698864b51fc194695921
Activity.SpanId:             eeae37441bfb33b8
Activity.SpanId:             b7a50d831341a95e
Activity.TraceFlags:         Recorded
Activity.TraceFlags:         Recorded
Activity.DisplayName:        POST api/auth/register/seller
Activity.DisplayName:        GET api/public/stores/{storeId}/catalog/products
Activity.Kind:               Server
Activity.Kind:               Server
Activity.StartTime:          2026-06-08T01:29:12.7462763Z
Activity.Duration:           00:00:00.1040439
Activity.StartTime:          2026-06-08T01:29:12.8067677Z
Activity.Duration:           00:00:00.0431857
Activity.Tags:
    server.address: localhost
    http.request.method: GET
Activity.Tags:
    server.address: localhost
    url.scheme: http
    http.request.method: POST
    url.path: /api/public/stores/019ea4d9-1a18-72f0-808a-d51d50e9501a/catalog/products
    url.scheme: http
    network.protocol.version: 1.1
    url.path: /api/auth/register/seller
    http.route: api/public/stores/{storeId}/catalog/products
    network.protocol.version: 1.1
    http.response.status_code: 200
    http.route: api/auth/register/seller
Instrumentation scope (ActivitySource):
    Name: Microsoft.AspNetCore
Resource associated with Activity:
    http.response.status_code: 201
    telemetry.sdk.name: opentelemetry
Instrumentation scope (ActivitySource):
    telemetry.sdk.language: dotnet
    Name: Microsoft.AspNetCore
    telemetry.sdk.version: 1.14.0
Resource associated with Activity:
    service.name: unknown_service:testhost
    telemetry.sdk.name: opentelemetry
Activity.TraceId:            4368f76bc027698864b51fc194695921
    telemetry.sdk.language: dotnet
    telemetry.sdk.version: 1.14.0
Activity.SpanId:             b7a50d831341a95e
Activity.TraceFlags:         Recorded
Activity.DisplayName:        GET api/public/stores/{storeId}/catalog/products
    service.name: unknown_service:testhost
Activity.Kind:               Server
Activity.StartTime:          2026-06-08T01:29:12.8067677Z
Activity.TraceId:            f758ffccbacfed85b24ed5439061dfb1
Activity.Duration:           00:00:00.0431857
Activity.Tags:
Activity.SpanId:             eeae37441bfb33b8
    server.address: localhost
    http.request.method: GET
    url.scheme: http
    url.path: /api/public/stores/019ea4d9-1a18-72f0-808a-d51d50e9501a/catalog/products
Activity.TraceFlags:         Recorded
Activity.DisplayName:        POST api/auth/register/seller
[22:29:12 INF] Route matched with {action = "LoginSeller", controller = "Auth"}. Executing controller action with signature System.Threading.Tasks.Task`1[Microsoft.AspNetCore.Mvc.IActionResult] LoginSeller(Urbeat.Application.DTOs.LoginRequestDto, System.Threading.CancellationToken) on controller Urbeat.WebApi.Controllers.AuthController (Urbeat.WebApi).
Activity.Kind:               Server
    network.protocol.version: 1.1
Activity.StartTime:          2026-06-08T01:29:12.7462763Z
Activity.Duration:           00:00:00.1040439
[22:29:12 INF] Executing action method Urbeat.WebApi.Controllers.AuthController.LoginSeller (Urbeat.WebApi) - Validation state: Valid
    http.route: api/public/stores/{storeId}/catalog/products
[22:29:12 INF] Request starting HTTP/1.1 POST http://localhost/api/auth/login/seller - application/json; charset=utf-8 null
    http.response.status_code: 200
Instrumentation scope (ActivitySource):
    Name: Microsoft.AspNetCore
Activity.Tags:
[22:29:12 INF] Executed action method Urbeat.WebApi.Controllers.AuthController.LoginCustomer (Urbeat.WebApi), returned result Microsoft.AspNetCore.Mvc.UnauthorizedResult in 50.5779ms.
    server.address: localhost
Resource associated with Activity:
    http.request.method: POST
    telemetry.sdk.name: opentelemetry
    url.scheme: http
    url.path: /api/auth/register/seller
    telemetry.sdk.language: dotnet
    network.protocol.version: 1.1
    telemetry.sdk.version: 1.14.0
    http.route: api/auth/register/seller
    service.name: unknown_service:testhost
[22:29:12 INF] Executing action method Urbeat.WebApi.Controllers.AuthController.RegisterSeller (Urbeat.WebApi) - Validation state: Valid
    http.response.status_code: 201
Instrumentation scope (ActivitySource):
    Name: Microsoft.AspNetCore
Resource associated with Activity:
    telemetry.sdk.name: opentelemetry
    telemetry.sdk.language: dotnet
    telemetry.sdk.version: 1.14.0
    service.name: unknown_service:testhost
Activity.TraceId:            f758ffccbacfed85b24ed5439061dfb1
Activity.SpanId:             eeae37441bfb33b8
Activity.TraceFlags:         Recorded
Activity.DisplayName:        POST api/auth/register/seller
Activity.Kind:               Server
Activity.StartTime:          2026-06-08T01:29:12.7462763Z
Activity.Duration:           00:00:00.1040439
Activity.Tags:
    server.address: localhost
    http.request.method: POST
    url.scheme: http
    url.path: /api/auth/register/seller
    network.protocol.version: 1.1
    http.route: api/auth/register/seller
    http.response.status_code: 201
Instrumentation scope (ActivitySource):
    Name: Microsoft.AspNetCore
Resource associated with Activity:
    telemetry.sdk.name: opentelemetry
    telemetry.sdk.language: dotnet
    telemetry.sdk.version: 1.14.0
    service.name: unknown_service:testhost
Activity.TraceId:            f758ffccbacfed85b24ed5439061dfb1
Activity.SpanId:             eeae37441bfb33b8
Activity.TraceFlags:         Recorded
Activity.DisplayName:        POST api/auth/register/seller
Activity.Kind:               Server
Activity.StartTime:          2026-06-08T01:29:12.7462763Z
Activity.Duration:           00:00:00.1040439
Activity.Tags:
    server.address: localhost
    http.request.method: POST
    url.scheme: http
    url.path: /api/auth/register/seller
    network.protocol.version: 1.1
    http.route: api/auth/register/seller
    http.response.status_code: 201
Instrumentation scope (ActivitySource):
    Name: Microsoft.AspNetCore
Resource associated with Activity:
    telemetry.sdk.name: opentelemetry
    telemetry.sdk.language: dotnet
    telemetry.sdk.version: 1.14.0
    service.name: unknown_service:testhost
Activity.TraceId:            f758ffccbacfed85b24ed5439061dfb1
Activity.SpanId:             eeae37441bfb33b8
Activity.TraceFlags:         Recorded
Activity.DisplayName:        POST api/auth/register/seller
Activity.Kind:               Server
Activity.StartTime:          2026-06-08T01:29:12.7462763Z
Activity.Duration:           00:00:00.1040439
Activity.Tags:
    server.address: localhost
    http.request.method: POST
    url.scheme: http
    url.path: /api/auth/register/seller
    network.protocol.version: 1.1
    http.route: api/auth/register/seller
    http.response.status_code: 201
Instrumentation scope (ActivitySource):
    Name: Microsoft.AspNetCore
Resource associated with Activity:
    telemetry.sdk.name: opentelemetry
    telemetry.sdk.language: dotnet
    telemetry.sdk.version: 1.14.0
    service.name: unknown_service:testhost
[22:29:12 INF] Executed action Urbeat.WebApi.Controllers.AuthController.LoginCustomer (Urbeat.WebApi) in 86.5363ms
Activity.TraceId:            5636dab28a32aaee0de7a11645c3700e
Activity.SpanId:             66d5821e9a94316d
Activity.TraceFlags:         Recorded
Activity.DisplayName:        POST api/auth/login/customer
Activity.Kind:               Server
Activity.StartTime:          2026-06-08T01:29:12.8065081Z
Activity.Duration:           00:00:00.0870835
Activity.Tags:
    server.address: localhost
    http.request.method: POST
    url.scheme: http
    url.path: /api/auth/login/customer
    network.protocol.version: 1.1
    http.route: api/auth/login/customer
    http.response.status_code: 401
Instrumentation scope (ActivitySource):
    Name: Microsoft.AspNetCore
Resource associated with Activity:
    telemetry.sdk.name: opentelemetry
    telemetry.sdk.language: dotnet
    telemetry.sdk.version: 1.14.0
    service.name: unknown_service:testhost
Activity.TraceId:            5636dab28a32aaee0de7a11645c3700e
Activity.SpanId:             66d5821e9a94316d
Activity.TraceFlags:         Recorded
Activity.DisplayName:        POST api/auth/login/customer
Activity.Kind:               Server
Activity.StartTime:          2026-06-08T01:29:12.8065081Z
Activity.Duration:           00:00:00.0870835
Activity.Tags:
    server.address: localhost
    http.request.method: POST
    url.scheme: http
    url.path: /api/auth/login/customer
    network.protocol.version: 1.1
    http.route: api/auth/login/customer
    http.response.status_code: 401
Instrumentation scope (ActivitySource):
    Name: Microsoft.AspNetCore
Resource associated with Activity:
    telemetry.sdk.name: opentelemetry
    telemetry.sdk.language: dotnet
    telemetry.sdk.version: 1.14.0
    service.name: unknown_service:testhost
Activity.TraceId:            5636dab28a32aaee0de7a11645c3700e
Activity.SpanId:             66d5821e9a94316d
Activity.TraceFlags:         Recorded
Activity.DisplayName:        POST api/auth/login/customer
Activity.Kind:               Server
Activity.StartTime:          2026-06-08T01:29:12.8065081Z
Activity.Duration:           00:00:00.0870835
Activity.Tags:
    server.address: localhost
    http.request.method: POST
    url.scheme: http
    url.path: /api/auth/login/customer
    network.protocol.version: 1.1
    http.route: api/auth/login/customer
    http.response.status_code: 401
Instrumentation scope (ActivitySource):
    Name: Microsoft.AspNetCore
Resource associated with Activity:
    telemetry.sdk.name: opentelemetry
    telemetry.sdk.language: dotnet
[22:29:12 INF] Executing action method Urbeat.WebApi.Controllers.AuthController.LoginSeller (Urbeat.WebApi) - Validation state: Valid
    telemetry.sdk.version: 1.14.0
    service.name: unknown_service:testhost
Activity.TraceId:            5636dab28a32aaee0de7a11645c3700e
Activity.SpanId:             66d5821e9a94316d
Activity.TraceFlags:         Recorded
Activity.DisplayName:        POST api/auth/login/customer
Activity.Kind:               Server
Activity.StartTime:          2026-06-08T01:29:12.8065081Z
Activity.Duration:           00:00:00.0870835
Activity.Tags:
    server.address: localhost
    http.request.method: POST
    url.scheme: http
    url.path: /api/auth/login/customer
    network.protocol.version: 1.1
    http.route: api/auth/login/customer
    http.response.status_code: 401
Instrumentation scope (ActivitySource):
    Name: Microsoft.AspNetCore
Resource associated with Activity:
    telemetry.sdk.name: opentelemetry
    telemetry.sdk.language: dotnet
    telemetry.sdk.version: 1.14.0
    service.name: unknown_service:testhost
Activity.TraceId:            5636dab28a32aaee0de7a11645c3700e
Activity.SpanId:             66d5821e9a94316d
Activity.TraceFlags:         Recorded
Activity.DisplayName:        POST api/auth/login/customer
Activity.Kind:               Server
Activity.StartTime:          2026-06-08T01:29:12.8065081Z
Activity.Duration:           00:00:00.0870835
Activity.Tags:
    server.address: localhost
    http.request.method: POST
    url.scheme: http
    url.path: /api/auth/login/customer
    network.protocol.version: 1.1
    http.route: api/auth/login/customer
    http.response.status_code: 401
Instrumentation scope (ActivitySource):
    Name: Microsoft.AspNetCore
Resource associated with Activity:
    telemetry.sdk.name: opentelemetry
    telemetry.sdk.language: dotnet
    telemetry.sdk.version: 1.14.0
    service.name: unknown_service:testhost
Activity.TraceId:            5636dab28a32aaee0de7a11645c3700e
Activity.SpanId:             66d5821e9a94316d
Activity.TraceFlags:         Recorded
Activity.DisplayName:        POST api/auth/login/customer
Activity.Kind:               Server
Activity.StartTime:          2026-06-08T01:29:12.8065081Z
Activity.Duration:           00:00:00.0870835
Activity.Tags:
    server.address: localhost
    http.request.method: POST
    url.scheme: http
    url.path: /api/auth/login/customer
    network.protocol.version: 1.1
    http.route: api/auth/login/customer
    http.response.status_code: 401
Instrumentation scope (ActivitySource):
    Name: Microsoft.AspNetCore
Resource associated with Activity:
    telemetry.sdk.name: opentelemetry
    telemetry.sdk.language: dotnet
    telemetry.sdk.version: 1.14.0
    service.name: unknown_service:testhost
[22:29:12 INF] Route matched with {action = "LoginCustomer", controller = "Auth"}. Executing controller action with signature System.Threading.Tasks.Task`1[Microsoft.AspNetCore.Mvc.IActionResult] LoginCustomer(Urbeat.Application.DTOs.LoginRequestDto, System.Threading.CancellationToken) on controller Urbeat.WebApi.Controllers.AuthController (Urbeat.WebApi).
[22:29:12 INF] Executing action method Urbeat.WebApi.Controllers.AuthController.LoginCustomer (Urbeat.WebApi) - Validation state: Valid
[22:29:12 INF] Route matched with {action = "LoginSeller", controller = "Auth"}. Executing controller action with signature System.Threading.Tasks.Task`1[Microsoft.AspNetCore.Mvc.IActionResult] LoginSeller(Urbeat.Application.DTOs.LoginRequestDto, System.Threading.CancellationToken) on controller Urbeat.WebApi.Controllers.AuthController (Urbeat.WebApi).
[22:29:12 INF] Executing action method Urbeat.WebApi.Controllers.AuthController.LoginSeller (Urbeat.WebApi) - Validation state: Valid
[22:29:12 INF] Saved 1 entities to in-memory store.
[22:29:12 INF] Saved 2 entities to in-memory store.
[22:29:12 INF] Saved 1 entities to in-memory store.
[22:29:12 INF] Executing ObjectResult, writing value of type '<>f__AnonymousType2`3[[System.Nullable`1[[System.Guid, System.Private.CoreLib, Version=9.0.0.0, Culture=neutral, PublicKeyToken=7cec85d7bea7798e]], System.Private.CoreLib, Version=9.0.0.0, Culture=neutral, PublicKeyToken=7cec85d7bea7798e],[System.Boolean, System.Private.CoreLib, Version=9.0.0.0, Culture=neutral, PublicKeyToken=7cec85d7bea7798e],[System.String, System.Private.CoreLib, Version=9.0.0.0, Culture=neutral, PublicKeyToken=7cec85d7bea7798e]]'.
[22:29:12 INF] EMAIL_CONFIRM_JOB_STARTED | Sending confirmation email | UserId=019ea4d9-1da3-7737-832c-26bba2bc582a
Activity.TraceId:            19e9bc54b9abdab8b9267cd256fd6679
Activity.SpanId:             f4bfc936f33ab779
Activity.TraceFlags:         Recorded
Activity.DisplayName:        POST api/auth/register/seller
Activity.Kind:               Server
Activity.StartTime:          2026-06-08T01:29:12.8573178Z
Activity.Duration:           00:00:00.0826374
Activity.Tags:
    server.address: localhost
    http.request.method: POST
    url.scheme: http
    url.path: /api/auth/register/seller
[22:29:12 INF] EMAIL_LOG_ONLY | Email skipped (LogOnly or no SMTP host) | To=catalog.flow.658d69356c1448119a32c84d27c54e9b@urbeat.local | Subject=Confirme seu e-mail no Urbeat - Loja | Body=<!DOCTYPE html>
<html lang="pt-BR">
<head>
  <meta charset="UTF-8" />
  <meta name="viewport" content="width=device-width,initial-scale=1.0" />
  <title>Sua loja est� quase pronta!</title>
</head>
<body style="margin:0;padding:0;background:#FFF9F0;font-family:'Helvetica Neue',Helvetica,Arial,sans-serif;color:#2D2A2A;">
  <table role="presentation" width="100%" cellpadding="0" cellspacing="0" style="background:#FFF9F0;padding:32px 0;">
    <tr>
      <td align="center">
        <table role="presentation" width="560" cellpadding="0" cellspacing="0" style="background:#FFFCF8;border:1px solid #EDE4D9;border-radius:20px;overflow:hidden;">
          <tr>
            <td style="background:#C73E3A;padding:28px 32px;color:#FFFCF8;">
              <h1 style="margin:0;font-family:Georgia,serif;font-weight:400;font-size:28px;">Urbeat</h1>
            </td>
          </tr>
          <tr>
            <td style="padding:32px 40px 8px 40px;">
              <h2 style="margin:0 0 8px 0;font-family:Georgia,serif;font-weight:400;color:#2D2A2A;font-size:24px;">Sua loja est� quase pronta!</h2>
              <p style="margin:0;color:#7A7272;font-size:15px;">Ol�, vendedor(a)!</p>
            </td>
          </tr>
          <tr>
            <td style="padding:16px 40px;color:#2D2A2A;font-size:15px;line-height:1.6;">
              <p>Recebemos o cadastro da sua loja no <strong>Urbeat</strong>.
Para liberar o painel de vendas e receber pedidos, confirme seu e-mail.</p>
<p>Clique no bot�o abaixo para ativar sua conta. O link expira em 24 horas.</p>
            </td>
          </tr>
          <tr>
            <td align="center" style="padding:24px 40px 8px 40px;">
              <a href="https://urbeat.com.br/c/qbO8nW7mhNo0R4v3ba8Ij5fJt"
                 style="display:inline-block;background:#C73E3A;color:#FFFCF8;text-decoration:none;padding:14px 28px;border-radius:12px;font-weight:600;font-size:15px;">
                Confirmar e-mail da loja
              </a>
            </td>
          </tr>
          <tr>
            <td style="padding:8px 40px 24px 40px;color:#7A7272;font-size:13px;line-height:1.5;">
              <p>Se o bot�o n�o funcionar, copie e cole o link abaixo no seu navegador:</p>
              <p style="word-break:break-all;color:#C73E3A;"><a href="https://urbeat.com.br/c/qbO8nW7mhNo0R4v3ba8Ij5fJt" style="color:#C73E3A;">https://urbeat.com.br/c/qbO8nW7mhNo0R4v3ba8Ij5fJt</a></p>
            </td>
          </tr>
          <tr>
            <td style="padding:16px 40px 32px 40px;border-top:1px solid #EDE4D9;color:#7A7272;font-size:13px;line-height:1.5;">
              <p>Se voc� n�o criou um cadastro de loja no Urbeat, pode ignorar este e-mail.</p>
              <p style="margin-top:16px;">- Equipe Urbeat</p>
            </td>
          </tr>
        </table>
      </td>
    </tr>
  </table>
</body>
</html>
    network.protocol.version: 1.1
    http.route: api/auth/register/seller
    http.response.status_code: 201
Instrumentation scope (ActivitySource):
    Name: Microsoft.AspNetCore
Resource associated with Activity:
    telemetry.sdk.name: opentelemetry
    telemetry.sdk.language: dotnet
    telemetry.sdk.version: 1.14.0
    service.name: unknown_service:testhost
Activity.TraceId:            19e9bc54b9abdab8b9267cd256fd6679
Activity.SpanId:             f4bfc936f33ab779
Activity.TraceFlags:         Recorded
Activity.DisplayName:        POST api/auth/register/seller
Activity.Kind:               Server
Activity.StartTime:          2026-06-08T01:29:12.8573178Z
Activity.Duration:           00:00:00.0826374
Activity.Tags:
    server.address: localhost
    http.request.method: POST
    url.scheme: http
    url.path: /api/auth/register/seller
    network.protocol.version: 1.1
    http.route: api/auth/register/seller
    http.response.status_code: 201
Instrumentation scope (ActivitySource):
    Name: Microsoft.AspNetCore
Resource associated with Activity:
    telemetry.sdk.name: opentelemetry
    telemetry.sdk.language: dotnet
    telemetry.sdk.version: 1.14.0
    service.name: unknown_service:testhost
Activity.TraceId:            19e9bc54b9abdab8b9267cd256fd6679
Activity.SpanId:             f4bfc936f33ab779
Activity.TraceFlags:         Recorded
Activity.DisplayName:        POST api/auth/register/seller
Activity.Kind:               Server
Activity.StartTime:          2026-06-08T01:29:12.8573178Z
Activity.Duration:           00:00:00.0826374
Activity.Tags:
    server.address: localhost
    http.request.method: POST
    url.scheme: http
    url.path: /api/auth/register/seller
    network.protocol.version: 1.1
    http.route: api/auth/register/seller
    http.response.status_code: 201
Instrumentation scope (ActivitySource):
    Name: Microsoft.AspNetCore
Resource associated with Activity:
[22:29:12 INF] Saved 1 entities to in-memory store.
    telemetry.sdk.name: opentelemetry
    telemetry.sdk.language: dotnet
    telemetry.sdk.version: 1.14.0
    service.name: unknown_service:testhost
Activity.TraceId:            19e9bc54b9abdab8b9267cd256fd6679
Activity.SpanId:             f4bfc936f33ab779
Activity.TraceFlags:         Recorded
Activity.DisplayName:        POST api/auth/register/seller
Activity.Kind:               Server
Activity.StartTime:          2026-06-08T01:29:12.8573178Z
Activity.Duration:           00:00:00.0826374
Activity.Tags:
    server.address: localhost
    http.request.method: POST
    url.scheme: http
[22:29:12 INF] EMAIL_CONFIRM_JOB_COMPLETED | Job completed | UserId=019ea4d9-1da3-7737-832c-26bba2bc582a
    url.path: /api/auth/register/seller
    network.protocol.version: 1.1
    http.route: api/auth/register/seller
    http.response.status_code: 201
Instrumentation scope (ActivitySource):
    Name: Microsoft.AspNetCore
Resource associated with Activity:
    telemetry.sdk.name: opentelemetry
    telemetry.sdk.language: dotnet
    telemetry.sdk.version: 1.14.0
    service.name: unknown_service:testhost
Activity.TraceId:            19e9bc54b9abdab8b9267cd256fd6679
Activity.SpanId:             f4bfc936f33ab779
Activity.TraceFlags:         Recorded
Activity.DisplayName:        POST api/auth/register/seller
Activity.Kind:               Server
Activity.StartTime:          2026-06-08T01:29:12.8573178Z
Activity.Duration:           00:00:00.0826374
Activity.Tags:
    server.address: localhost
    http.request.method: POST
    url.scheme: http
    url.path: /api/auth/register/seller
    network.protocol.version: 1.1
    http.route: api/auth/register/seller
    http.response.status_code: 201
Instrumentation scope (ActivitySource):
    Name: Microsoft.AspNetCore
Resource associated with Activity:
    telemetry.sdk.name: opentelemetry
    telemetry.sdk.language: dotnet
    telemetry.sdk.version: 1.14.0
    service.name: unknown_service:testhost
Activity.TraceId:            19e9bc54b9abdab8b9267cd256fd6679
Activity.SpanId:             f4bfc936f33ab779
Activity.TraceFlags:         Recorded
Activity.DisplayName:        POST api/auth/register/seller
Activity.Kind:               Server
Activity.StartTime:          2026-06-08T01:29:12.8573178Z
Activity.Duration:           00:00:00.0826374
Activity.Tags:
    server.address: localhost
    http.request.method: POST
    url.scheme: http
    url.path: /api/auth/register/seller
    network.protocol.version: 1.1
    http.route: api/auth/register/seller
    http.response.status_code: 201
Instrumentation scope (ActivitySource):
    Name: Microsoft.AspNetCore
Resource associated with Activity:
    telemetry.sdk.name: opentelemetry
    telemetry.sdk.language: dotnet
    telemetry.sdk.version: 1.14.0
    service.name: unknown_service:testhost
[22:29:12 INF] Saved 1 entities to in-memory store.
[22:29:12 INF] Saved 1 entities to in-memory store.
[22:29:12 INF] Saved 2 entities to in-memory store.
[22:29:12 INF] Saved 1 entities to in-memory store.
[22:29:12 INF] Executed action method Urbeat.WebApi.Controllers.AuthController.RegisterSeller (Urbeat.WebApi), returned result Microsoft.AspNetCore.Mvc.ObjectResult in 56.2333ms.
[22:29:12 INF] Executed action Urbeat.WebApi.Controllers.AuthController.RegisterSeller (Urbeat.WebApi) in 100.9856ms
[22:29:12 INF] Executed endpoint 'Urbeat.WebApi.Controllers.AuthController.RegisterSeller (Urbeat.WebApi)'
[22:29:12 INF] EMAIL_LOG_ONLY | Email skipped (LogOnly or no SMTP host) | To=lp.seller.c3fc8a09f42943bf81c3e6e35a02357a@urbeat.local | Subject=Confirme seu e-mail no Urbeat - Loja | Body=<!DOCTYPE html>
<html lang="pt-BR">
<head>
  <meta charset="UTF-8" />
  <meta name="viewport" content="width=device-width,initial-scale=1.0" />
  <title>Sua loja est� quase pronta!</title>
</head>
<body style="margin:0;padding:0;background:#FFF9F0;font-family:'Helvetica Neue',Helvetica,Arial,sans-serif;color:#2D2A2A;">
  <table role="presentation" width="100%" cellpadding="0" cellspacing="0" style="background:#FFF9F0;padding:32px 0;">
    <tr>
      <td align="center">
        <table role="presentation" width="560" cellpadding="0" cellspacing="0" style="background:#FFFCF8;border:1px solid #EDE4D9;border-radius:20px;overflow:hidden;">
          <tr>
            <td style="background:#C73E3A;padding:28px 32px;color:#FFFCF8;">
              <h1 style="margin:0;font-family:Georgia,serif;font-weight:400;font-size:28px;">Urbeat</h1>
            </td>
          </tr>
          <tr>
            <td style="padding:32px 40px 8px 40px;">
              <h2 style="margin:0 0 8px 0;font-family:Georgia,serif;font-weight:400;color:#2D2A2A;font-size:24px;">Sua loja est� quase pronta!</h2>
              <p style="margin:0;color:#7A7272;font-size:15px;">Ol�, vendedor(a)!</p>
            </td>
          </tr>
          <tr>
            <td style="padding:16px 40px;color:#2D2A2A;font-size:15px;line-height:1.6;">
              <p>Recebemos o cadastro da sua loja no <strong>Urbeat</strong>.
Para liberar o painel de vendas e receber pedidos, confirme seu e-mail.</p>
<p>Clique no bot�o abaixo para ativar sua conta. O link expira em 24 horas.</p>
            </td>
          </tr>
          <tr>
            <td align="center" style="padding:24px 40px 8px 40px;">
              <a href="https://urbeat.com.br/c/MKjFIFSE23m2MtxsRpRy5jwfr"
                 style="display:inline-block;background:#C73E3A;color:#FFFCF8;text-decoration:none;padding:14px 28px;border-radius:12px;font-weight:600;font-size:15px;">
                Confirmar e-mail da loja
              </a>
            </td>
          </tr>
          <tr>
            <td style="padding:8px 40px 24px 40px;color:#7A7272;font-size:13px;line-height:1.5;">
              <p>Se o bot�o n�o funcionar, copie e cole o link abaixo no seu navegador:</p>
              <p style="word-break:break-all;color:#C73E3A;"><a href="https://urbeat.com.br/c/MKjFIFSE23m2MtxsRpRy5jwfr" style="color:#C73E3A;">https://urbeat.com.br/c/MKjFIFSE23m2MtxsRpRy5jwfr</a></p>
            </td>
          </tr>
          <tr>
            <td style="padding:16px 40px 32px 40px;border-top:1px solid #EDE4D9;color:#7A7272;font-size:13px;line-height:1.5;">
              <p>Se voc� n�o criou um cadastro de loja no Urbeat, pode ignorar este e-mail.</p>
              <p style="margin-top:16px;">- Equipe Urbeat</p>
            </td>
          </tr>
        </table>
      </td>
    </tr>
  </table>
</body>
</html>
[22:29:12 INF] Request finished HTTP/1.1 POST http://localhost/api/auth/register/seller - 201 null application/json; charset=utf-8 141.2047ms
Activity.TraceId:            f0804953a1fc871fccd6122d5f07a805
Activity.SpanId:             f4b45421a51f650e
Activity.TraceFlags:         Recorded
Activity.DisplayName:        POST api/auth/register/seller
Activity.Kind:               Server
Activity.StartTime:          2026-06-08T01:29:12.8099519Z
Activity.Duration:           00:00:00.1412777
Activity.Tags:
    server.address: localhost
    http.request.method: POST
    url.scheme: http
    url.path: /api/auth/register/seller
    network.protocol.version: 1.1
    http.route: api/auth/register/seller
    http.response.status_code: 201
Instrumentation scope (ActivitySource):
    Name: Microsoft.AspNetCore
Resource associated with Activity:
    telemetry.sdk.name: opentelemetry
    telemetry.sdk.language: dotnet
    telemetry.sdk.version: 1.14.0
    service.name: unknown_service:testhost
Activity.TraceId:            f0804953a1fc871fccd6122d5f07a805
Activity.SpanId:             f4b45421a51f650e
Activity.TraceFlags:         Recorded
Activity.DisplayName:        POST api/auth/register/seller
Activity.Kind:               Server
Activity.StartTime:          2026-06-08T01:29:12.8099519Z
Activity.Duration:           00:00:00.1412777
Activity.Tags:
    server.address: localhost
    http.request.method: POST
    url.scheme: http
    url.path: /api/auth/register/seller
    network.protocol.version: 1.1
    http.route: api/auth/register/seller
    http.response.status_code: 201
Instrumentation scope (ActivitySource):
    Name: Microsoft.AspNetCore
Resource associated with Activity:
    telemetry.sdk.name: opentelemetry
    telemetry.sdk.language: dotnet
    telemetry.sdk.version: 1.14.0
    service.name: unknown_service:testhost
Activity.TraceId:            f0804953a1fc871fccd6122d5f07a805
Activity.SpanId:             f4b45421a51f650e
Activity.TraceFlags:         Recorded
Activity.DisplayName:        POST api/auth/register/seller
Activity.Kind:               Server
Activity.StartTime:          2026-06-08T01:29:12.8099519Z
Activity.Duration:           00:00:00.1412777
Activity.Tags:
    server.address: localhost
    http.request.method: POST
    url.scheme: http
    url.path: /api/auth/register/seller
    network.protocol.version: 1.1
    http.route: api/auth/register/seller
    http.response.status_code: 201
Instrumentation scope (ActivitySource):
    Name: Microsoft.AspNetCore
Resource associated with Activity:
    telemetry.sdk.name: opentelemetry
    telemetry.sdk.language: dotnet
    telemetry.sdk.version: 1.14.0
    service.name: unknown_service:testhost
Activity.TraceId:            f0804953a1fc871fccd6122d5f07a805
Activity.SpanId:             f4b45421a51f650e
Activity.TraceFlags:         Recorded
Activity.DisplayName:        POST api/auth/register/seller
Activity.Kind:               Server
Activity.StartTime:          2026-06-08T01:29:12.8099519Z
Activity.Duration:           00:00:00.1412777
Activity.Tags:
    server.address: localhost
    http.request.method: POST
    url.scheme: http
    url.path: /api/auth/register/seller
    network.protocol.version: 1.1
    http.route: api/auth/register/seller
    http.response.status_code: 201
Instrumentation scope (ActivitySource):
    Name: Microsoft.AspNetCore
Resource associated with Activity:
    telemetry.sdk.name: opentelemetry
    telemetry.sdk.language: dotnet
    telemetry.sdk.version: 1.14.0
    service.name: unknown_service:testhost
Activity.TraceId:            f0804953a1fc871fccd6122d5f07a805
Activity.SpanId:             f4b45421a51f650e
Activity.TraceFlags:         Recorded
Activity.DisplayName:        POST api/auth/register/seller
Activity.Kind:               Server
Activity.StartTime:          2026-06-08T01:29:12.8099519Z
Activity.Duration:           00:00:00.1412777
Activity.Tags:
    server.address: localhost
    http.request.method: POST
    url.scheme: http
    url.path: /api/auth/register/seller
    network.protocol.version: 1.1
    http.route: api/auth/register/seller
    http.response.status_code: 201
Instrumentation scope (ActivitySource):
    Name: Microsoft.AspNetCore
Resource associated with Activity:
    telemetry.sdk.name: opentelemetry
    telemetry.sdk.language: dotnet
    telemetry.sdk.version: 1.14.0
    service.name: unknown_service:testhost
Activity.TraceId:            f0804953a1fc871fccd6122d5f07a805
Activity.SpanId:             f4b45421a51f650e
Activity.TraceFlags:         Recorded
Activity.DisplayName:        POST api/auth/register/seller
Activity.Kind:               Server
Activity.StartTime:          2026-06-08T01:29:12.8099519Z
Activity.Duration:           00:00:00.1412777
Activity.Tags:
    server.address: localhost
    http.request.method: POST
    url.scheme: http
    url.path: /api/auth/register/seller
    network.protocol.version: 1.1
    http.route: api/auth/register/seller
    http.response.status_code: 201
Instrumentation scope (ActivitySource):
    Name: Microsoft.AspNetCore
Resource associated with Activity:
    telemetry.sdk.name: opentelemetry
    telemetry.sdk.language: dotnet
    telemetry.sdk.version: 1.14.0
    service.name: unknown_service:testhost
[22:29:12 INF] Request starting HTTP/1.1 POST http://localhost/api/auth/login/seller - application/json; charset=utf-8 null
[22:29:12 INF] Executing endpoint 'Urbeat.WebApi.Controllers.AuthController.LoginSeller (Urbeat.WebApi)'
[22:29:12 INF] Route matched with {action = "LoginSeller", controller = "Auth"}. Executing controller action with signature System.Threading.Tasks.Task`1[Microsoft.AspNetCore.Mvc.IActionResult] LoginSeller(Urbeat.Application.DTOs.LoginRequestDto, System.Threading.CancellationToken) on controller Urbeat.WebApi.Controllers.AuthController (Urbeat.WebApi).
[22:29:12 INF] Executing action method Urbeat.WebApi.Controllers.AuthController.LoginSeller (Urbeat.WebApi) - Validation state: Valid
[22:29:12 INF] Saved 1 entities to in-memory store.
[22:29:12 INF] Saved 1 entities to in-memory store.
[22:29:12 INF] Executed action method Urbeat.WebApi.Controllers.AuthController.LoginSeller (Urbeat.WebApi), returned result Microsoft.AspNetCore.Mvc.OkObjectResult in 60.2ms.
[22:29:12 INF] Executed action Urbeat.WebApi.Controllers.AuthController.LoginSeller (Urbeat.WebApi) in 61.5438ms
[22:29:12 INF] Request finished HTTP/1.1 POST http://localhost/api/auth/login/seller - 200 null application/json; charset=utf-8 109.1682ms
Activity.TraceId:            962a78443a0402a411d7dde1b71d90ae
Activity.SpanId:             0fee1709005e374c
Activity.TraceFlags:         Recorded
Activity.DisplayName:        POST api/auth/login/seller
Activity.Kind:               Server
Activity.StartTime:          2026-06-08T01:29:12.8516945Z
Activity.Duration:           00:00:00.1093082
Activity.Tags:
    server.address: localhost
    http.request.method: POST
    url.scheme: http
    url.path: /api/auth/login/seller
    network.protocol.version: 1.1
    http.route: api/auth/login/seller
    http.response.status_code: 200
Instrumentation scope (ActivitySource):
    Name: Microsoft.AspNetCore
Resource associated with Activity:
    telemetry.sdk.name: opentelemetry
    telemetry.sdk.language: dotnet
    telemetry.sdk.version: 1.14.0
    service.name: unknown_service:testhost
Activity.TraceId:            962a78443a0402a411d7dde1b71d90ae
Activity.SpanId:             0fee1709005e374c
Activity.TraceFlags:         Recorded
Activity.DisplayName:        POST api/auth/login/seller
Activity.Kind:               Server
Activity.StartTime:          2026-06-08T01:29:12.8516945Z
Activity.Duration:           00:00:00.1093082
Activity.Tags:
    server.address: localhost
    http.request.method: POST
    url.scheme: http
    url.path: /api/auth/login/seller
    network.protocol.version: 1.1
    http.route: api/auth/login/seller
    http.response.status_code: 200
Instrumentation scope (ActivitySource):
    Name: Microsoft.AspNetCore
Resource associated with Activity:
    telemetry.sdk.name: opentelemetry
    telemetry.sdk.language: dotnet
    telemetry.sdk.version: 1.14.0
    service.name: unknown_service:testhost
Activity.TraceId:            962a78443a0402a411d7dde1b71d90ae
Activity.SpanId:             0fee1709005e374c
Activity.TraceFlags:         Recorded
Activity.DisplayName:        POST api/auth/login/seller
Activity.Kind:               Server
Activity.StartTime:          2026-06-08T01:29:12.8516945Z
Activity.Duration:           00:00:00.1093082
Activity.Tags:
    server.address: localhost
    http.request.method: POST
    url.scheme: http
    url.path: /api/auth/login/seller
    network.protocol.version: 1.1
    http.route: api/auth/login/seller
    http.response.status_code: 200
Instrumentation scope (ActivitySource):
    Name: Microsoft.AspNetCore
Resource associated with Activity:
    telemetry.sdk.name: opentelemetry
    telemetry.sdk.language: dotnet
    telemetry.sdk.version: 1.14.0
    service.name: unknown_service:testhost
Activity.TraceId:            962a78443a0402a411d7dde1b71d90ae
Activity.SpanId:             0fee1709005e374c
Activity.TraceFlags:         Recorded
Activity.DisplayName:        POST api/auth/login/seller
Activity.Kind:               Server
Activity.StartTime:          2026-06-08T01:29:12.8516945Z
Activity.Duration:           00:00:00.1093082
Activity.Tags:
    server.address: localhost
    http.request.method: POST
    url.scheme: http
    url.path: /api/auth/login/seller
    network.protocol.version: 1.1
    http.route: api/auth/login/seller
    http.response.status_code: 200
Instrumentation scope (ActivitySource):
    Name: Microsoft.AspNetCore
Resource associated with Activity:
    telemetry.sdk.name: opentelemetry
    telemetry.sdk.language: dotnet
    telemetry.sdk.version: 1.14.0
    service.name: unknown_service:testhost
Activity.TraceId:            962a78443a0402a411d7dde1b71d90ae
Activity.SpanId:             0fee1709005e374c
Activity.TraceFlags:         Recorded
Activity.DisplayName:        POST api/auth/login/seller
Activity.Kind:               Server
Activity.StartTime:          2026-06-08T01:29:12.8516945Z
Activity.Duration:           00:00:00.1093082
Activity.Tags:
    server.address: localhost
    http.request.method: POST
    url.scheme: http
    url.path: /api/auth/login/seller
    network.protocol.version: 1.1
    http.route: api/auth/login/seller
    http.response.status_code: 200
Instrumentation scope (ActivitySource):
    Name: Microsoft.AspNetCore
Resource associated with Activity:
[22:29:12 INF] Request starting HTTP/1.1 POST http://localhost/api/stores - application/json; charset=utf-8 null
    telemetry.sdk.name: opentelemetry
    telemetry.sdk.language: dotnet
    telemetry.sdk.version: 1.14.0
    service.name: unknown_service:testhost
Activity.TraceId:            962a78443a0402a411d7dde1b71d90ae
Activity.SpanId:             0fee1709005e374c
Activity.TraceFlags:         Recorded
Activity.DisplayName:        POST api/auth/login/seller
Activity.Kind:               Server
Activity.StartTime:          2026-06-08T01:29:12.8516945Z
Activity.Duration:           00:00:00.1093082
Activity.Tags:
    server.address: localhost
    http.request.method: POST
    url.scheme: http
    url.path: /api/auth/login/seller
    network.protocol.version: 1.1
    http.route: api/auth/login/seller
    http.response.status_code: 200
Instrumentation scope (ActivitySource):
    Name: Microsoft.AspNetCore
Resource associated with Activity:
    telemetry.sdk.name: opentelemetry
    telemetry.sdk.language: dotnet
    telemetry.sdk.version: 1.14.0
    service.name: unknown_service:testhost
[22:29:12 INF] Route matched with {action = "Create", controller = "Stores"}. Executing controller action with signature System.Threading.Tasks.Task`1[Microsoft.AspNetCore.Mvc.IActionResult] Create(Urbeat.Application.DTOs.CreateStoreRequestDto, System.Threading.CancellationToken) on controller Urbeat.WebApi.Controllers.StoresController (Urbeat.WebApi).
[22:29:12 INF] Executing action method Urbeat.WebApi.Controllers.StoresController.Create (Urbeat.WebApi) - Validation state: Valid
[22:29:12 INF] Executed action method Urbeat.WebApi.Controllers.StoresController.Create (Urbeat.WebApi), returned result Microsoft.AspNetCore.Mvc.ObjectResult in 3.6339ms.
[22:29:12 INF] Executed action Urbeat.WebApi.Controllers.StoresController.Create (Urbeat.WebApi) in 10.7323ms
[22:29:12 INF] Request finished HTTP/1.1 POST http://localhost/api/stores - 201 null application/json; charset=utf-8 15.027ms
Activity.TraceId:            fa0b0cb2814c33f6639a4671366765e7
Activity.SpanId:             0d050a5092e8a009
Activity.TraceFlags:         Recorded
Activity.DisplayName:        POST api/stores
Activity.Kind:               Server
Activity.StartTime:          2026-06-08T01:29:12.9612282Z
Activity.Duration:           00:00:00.0151590
Activity.Tags:
    server.address: localhost
    http.request.method: POST
    url.scheme: http
    url.path: /api/stores
    network.protocol.version: 1.1
    http.route: api/stores
    http.response.status_code: 201
Instrumentation scope (ActivitySource):
    Name: Microsoft.AspNetCore
Resource associated with Activity:
    telemetry.sdk.name: opentelemetry
    telemetry.sdk.language: dotnet
    telemetry.sdk.version: 1.14.0
    service.name: unknown_service:testhost
Activity.TraceId:            fa0b0cb2814c33f6639a4671366765e7
Activity.SpanId:             0d050a5092e8a009
Activity.TraceFlags:         Recorded
Activity.DisplayName:        POST api/stores
Activity.Kind:               Server
Activity.StartTime:          2026-06-08T01:29:12.9612282Z
Activity.Duration:           00:00:00.0151590
Activity.Tags:
    server.address: localhost
    http.request.method: POST
    url.scheme: http
    url.path: /api/stores
    network.protocol.version: 1.1
    http.route: api/stores
    http.response.status_code: 201
Instrumentation scope (ActivitySource):
    Name: Microsoft.AspNetCore
Resource associated with Activity:
    telemetry.sdk.name: opentelemetry
    telemetry.sdk.language: dotnet
    telemetry.sdk.version: 1.14.0
    service.name: unknown_service:testhost
Activity.TraceId:            fa0b0cb2814c33f6639a4671366765e7
Activity.SpanId:             0d050a5092e8a009
Activity.TraceFlags:         Recorded
Activity.DisplayName:        POST api/stores
Activity.Kind:               Server
Activity.StartTime:          2026-06-08T01:29:12.9612282Z
Activity.Duration:           00:00:00.0151590
Activity.Tags:
    server.address: localhost
    http.request.method: POST
    url.scheme: http
    url.path: /api/stores
    network.protocol.version: 1.1
    http.route: api/stores
    http.response.status_code: 201
Instrumentation scope (ActivitySource):
    Name: Microsoft.AspNetCore
Resource associated with Activity:
    telemetry.sdk.name: opentelemetry
    telemetry.sdk.language: dotnet
    telemetry.sdk.version: 1.14.0
    service.name: unknown_service:testhost
Activity.TraceId:            fa0b0cb2814c33f6639a4671366765e7
Activity.SpanId:             0d050a5092e8a009
Activity.TraceFlags:         Recorded
Activity.DisplayName:        POST api/stores
Activity.Kind:               Server
Activity.StartTime:          2026-06-08T01:29:12.9612282Z
Activity.Duration:           00:00:00.0151590
Activity.Tags:
    server.address: localhost
    http.request.method: POST
    url.scheme: http
    url.path: /api/stores
    network.protocol.version: 1.1
    http.route: api/stores
    http.response.status_code: 201
Instrumentation scope (ActivitySource):
    Name: Microsoft.AspNetCore
Resource associated with Activity:
    telemetry.sdk.name: opentelemetry
    telemetry.sdk.language: dotnet
    telemetry.sdk.version: 1.14.0
    service.name: unknown_service:testhost
Activity.TraceId:            fa0b0cb2814c33f6639a4671366765e7
Activity.SpanId:             0d050a5092e8a009
Activity.TraceFlags:         Recorded
Activity.DisplayName:        POST api/stores
Activity.Kind:               Server
Activity.StartTime:          2026-06-08T01:29:12.9612282Z
Activity.Duration:           00:00:00.0151590
Activity.Tags:
    server.address: localhost
    http.request.method: POST
    url.scheme: http
    url.path: /api/stores
    network.protocol.version: 1.1
    http.route: api/stores
    http.response.status_code: 201
Instrumentation scope (ActivitySource):
    Name: Microsoft.AspNetCore
Resource associated with Activity:
    telemetry.sdk.name: opentelemetry
    telemetry.sdk.language: dotnet
    telemetry.sdk.version: 1.14.0
    service.name: unknown_service:testhost
Activity.TraceId:            fa0b0cb2814c33f6639a4671366765e7
Activity.SpanId:             0d050a5092e8a009
Activity.TraceFlags:         Recorded
Activity.DisplayName:        POST api/stores
Activity.Kind:               Server
Activity.StartTime:          2026-06-08T01:29:12.9612282Z
Activity.Duration:           00:00:00.0151590
Activity.Tags:
    server.address: localhost
    http.request.method: POST
    url.scheme: http
    url.path: /api/stores
    network.protocol.version: 1.1
    http.route: api/stores
    http.response.status_code: 201
Instrumentation scope (ActivitySource):
    Name: Microsoft.AspNetCore
Resource associated with Activity:
    telemetry.sdk.name: opentelemetry
    telemetry.sdk.language: dotnet
    telemetry.sdk.version: 1.14.0
    service.name: unknown_service:testhost
[22:29:12 INF] Request starting HTTP/1.1 POST http://localhost/api/webhooks/asaas - application/json; charset=utf-8 192
[22:29:12 INF] Route matched with {action = "Asaas", controller = "Webhooks"}. Executing controller action with signature System.Threading.Tasks.Task`1[Microsoft.AspNetCore.Mvc.IActionResult] Asaas(System.Threading.CancellationToken) on controller Urbeat.WebApi.Controllers.WebhooksController (Urbeat.WebApi).
[22:29:12 INF] Executing action method Urbeat.WebApi.Controllers.WebhooksController.Asaas (Urbeat.WebApi) - Validation state: Valid
[22:29:12 INF] Saved 1 entities to in-memory store.
[22:29:12 INF] Saved 1 entities to in-memory store.
[22:29:12 INF] Executed action method Urbeat.WebApi.Controllers.AuthController.LoginCustomer (Urbeat.WebApi), returned result Microsoft.AspNetCore.Mvc.UnauthorizedResult in 87.5761ms.
[22:29:12 INF] Executed action Urbeat.WebApi.Controllers.AuthController.LoginCustomer (Urbeat.WebApi) in 88.1214ms
Activity.TraceId:            84877202616689eaea8de1970e23be7d
Activity.SpanId:             a4b9d7d6f9c856d3
Activity.TraceFlags:         Recorded
Activity.DisplayName:        POST api/auth/login/customer
Activity.Kind:               Server
Activity.StartTime:          2026-06-08T01:29:12.8936981Z
Activity.Duration:           00:00:00.0886332
Activity.Tags:
    server.address: localhost
    http.request.method: POST
    url.scheme: http
    url.path: /api/auth/login/customer
    network.protocol.version: 1.1
    http.route: api/auth/login/customer
    http.response.status_code: 401
Instrumentation scope (ActivitySource):
    Name: Microsoft.AspNetCore
Resource associated with Activity:
    telemetry.sdk.name: opentelemetry
    telemetry.sdk.language: dotnet
    telemetry.sdk.version: 1.14.0
    service.name: unknown_service:testhost
Activity.TraceId:            84877202616689eaea8de1970e23be7d
Activity.SpanId:             a4b9d7d6f9c856d3
Activity.TraceFlags:         Recorded
Activity.DisplayName:        POST api/auth/login/customer
Activity.Kind:               Server
Activity.StartTime:          2026-06-08T01:29:12.8936981Z
Activity.Duration:           00:00:00.0886332
Activity.Tags:
    server.address: localhost
    http.request.method: POST
    url.scheme: http
    url.path: /api/auth/login/customer
    network.protocol.version: 1.1
    http.route: api/auth/login/customer
    http.response.status_code: 401
Instrumentation scope (ActivitySource):
    Name: Microsoft.AspNetCore
Resource associated with Activity:
    telemetry.sdk.name: opentelemetry
    telemetry.sdk.language: dotnet
    telemetry.sdk.version: 1.14.0
    service.name: unknown_service:testhost
Activity.TraceId:            84877202616689eaea8de1970e23be7d
Activity.SpanId:             a4b9d7d6f9c856d3
Activity.TraceFlags:         Recorded
Activity.DisplayName:        POST api/auth/login/customer
Activity.Kind:               Server
Activity.StartTime:          2026-06-08T01:29:12.8936981Z
Activity.Duration:           00:00:00.0886332
Activity.Tags:
    server.address: localhost
    http.request.method: POST
    url.scheme: http
    url.path: /api/auth/login/customer
    network.protocol.version: 1.1
    http.route: api/auth/login/customer
    http.response.status_code: 401
Instrumentation scope (ActivitySource):
    Name: Microsoft.AspNetCore
Resource associated with Activity:
    telemetry.sdk.name: opentelemetry
    telemetry.sdk.language: dotnet
    telemetry.sdk.version: 1.14.0
    service.name: unknown_service:testhost
Activity.TraceId:            84877202616689eaea8de1970e23be7d
[22:29:12 INF] Route matched with {action = "LoginCustomer", controller = "Auth"}. Executing controller action with signature System.Threading.Tasks.Task`1[Microsoft.AspNetCore.Mvc.IActionResult] LoginCustomer(Urbeat.Application.DTOs.LoginRequestDto, System.Threading.CancellationToken) on controller Urbeat.WebApi.Controllers.AuthController (Urbeat.WebApi).
Activity.SpanId:             a4b9d7d6f9c856d3
Activity.TraceFlags:         Recorded
Activity.DisplayName:        POST api/auth/login/customer
[22:29:12 INF] Saved 1 entities to in-memory store.
Activity.Kind:               Server
[22:29:12 INF] Saved 1 entities to in-memory store.
Activity.StartTime:          2026-06-08T01:29:12.8936981Z
Activity.Duration:           00:00:00.0886332
Activity.Tags:
    server.address: localhost
    http.request.method: POST
    url.scheme: http
    url.path: /api/auth/login/customer
    network.protocol.version: 1.1
    http.route: api/auth/login/customer
    http.response.status_code: 401
Instrumentation scope (ActivitySource):
    Name: Microsoft.AspNetCore
Resource associated with Activity:
    telemetry.sdk.name: opentelemetry
    telemetry.sdk.language: dotnet
    telemetry.sdk.version: 1.14.0
    service.name: unknown_service:testhost
Activity.TraceId:            84877202616689eaea8de1970e23be7d
Activity.SpanId:             a4b9d7d6f9c856d3
Activity.TraceFlags:         Recorded
Activity.DisplayName:        POST api/auth/login/customer
Activity.Kind:               Server
Activity.StartTime:          2026-06-08T01:29:12.8936981Z
Activity.Duration:           00:00:00.0886332
Activity.Tags:
    server.address: localhost
    http.request.method: POST
    url.scheme: http
    url.path: /api/auth/login/customer
    network.protocol.version: 1.1
    http.route: api/auth/login/customer
    http.response.status_code: 401
Instrumentation scope (ActivitySource):
    Name: Microsoft.AspNetCore
Resource associated with Activity:
    telemetry.sdk.name: opentelemetry
    telemetry.sdk.language: dotnet
    telemetry.sdk.version: 1.14.0
    service.name: unknown_service:testhost
Activity.TraceId:            84877202616689eaea8de1970e23be7d
Activity.SpanId:             a4b9d7d6f9c856d3
Activity.TraceFlags:         Recorded
Activity.DisplayName:        POST api/auth/login/customer
Activity.Kind:               Server
Activity.StartTime:          2026-06-08T01:29:12.8936981Z
Activity.Duration:           00:00:00.0886332
Activity.Tags:
    server.address: localhost
    http.request.method: POST
    url.scheme: http
    url.path: /api/auth/login/customer
    network.protocol.version: 1.1
    http.route: api/auth/login/customer
    http.response.status_code: 401
Instrumentation scope (ActivitySource):
    Name: Microsoft.AspNetCore
Resource associated with Activity:
[22:29:13 INF] Saved 1 entities to in-memory store.
[22:29:13 INF] Saved 1 entities to in-memory store.
    telemetry.sdk.name: opentelemetry
    telemetry.sdk.language: dotnet
    telemetry.sdk.version: 1.14.0
    service.name: unknown_service:testhost
[22:29:13 INF] Executing action method Urbeat.WebApi.Controllers.AuthController.LoginCustomer (Urbeat.WebApi) - Validation state: Valid
[22:29:13 INF] Executed action method Urbeat.WebApi.Controllers.AuthController.LoginSeller (Urbeat.WebApi), returned result Microsoft.AspNetCore.Mvc.OkObjectResult in 117.4572ms.
[22:29:13 INF] Executed action method Urbeat.WebApi.Controllers.AuthController.LoginSeller (Urbeat.WebApi), returned result Microsoft.AspNetCore.Mvc.OkObjectResult in 118.2364ms.
[22:29:13 INF] Executing OkObjectResult, writing value of type 'Urbeat.Application.DTOs.AuthTokenResponseDto'.
[22:29:13 INF] Executing OkObjectResult, writing value of type 'Urbeat.Application.DTOs.AuthTokenResponseDto'.
[22:29:13 INF] Executed action Urbeat.WebApi.Controllers.AuthController.LoginSeller (Urbeat.WebApi) in 118.5112ms
[22:29:13 INF] Executed action Urbeat.WebApi.Controllers.AuthController.LoginSeller (Urbeat.WebApi) in 161.205ms
[22:29:13 INF] Executed endpoint 'Urbeat.WebApi.Controllers.AuthController.LoginSeller (Urbeat.WebApi)'
[22:29:13 INF] Request finished HTTP/1.1 POST http://localhost/api/auth/login/seller - 200 null application/json; charset=utf-8 161.8662ms
[22:29:13 INF] Request finished HTTP/1.1 POST http://localhost/api/auth/login/seller - 200 null application/json; charset=utf-8 161.9729ms
Activity.TraceId:            7653be5ee8479b307acda375c9572327
Activity.SpanId:             33a0dab001f5d7d6
Activity.TraceFlags:         Recorded
Activity.DisplayName:        POST api/auth/login/seller
Activity.Kind:               Server
Activity.StartTime:          2026-06-08T01:29:12.8498312Z
Activity.Duration:           00:00:00.1619516
Activity.Tags:
    server.address: localhost
    http.request.method: POST
    url.scheme: http
    url.path: /api/auth/login/seller
    network.protocol.version: 1.1
    http.route: api/auth/login/seller
    http.response.status_code: 200
Instrumentation scope (ActivitySource):
    Name: Microsoft.AspNetCore
Resource associated with Activity:
    telemetry.sdk.name: opentelemetry
    telemetry.sdk.language: dotnet
    telemetry.sdk.version: 1.14.0
    service.name: unknown_service:testhost
Activity.TraceId:            7653be5ee8479b307acda375c9572327
Activity.SpanId:             33a0dab001f5d7d6
Activity.TraceFlags:         Recorded
Activity.DisplayName:        POST api/auth/login/seller
Activity.Kind:               Server
Activity.StartTime:          2026-06-08T01:29:12.8498312Z
Activity.Duration:           00:00:00.1619516
Activity.Tags:
    server.address: localhost
    http.request.method: POST
    url.scheme: http
    url.path: /api/auth/login/seller
Activity.TraceId:            b7fa9d550d40f895df1c701913228805
    network.protocol.version: 1.1
Activity.SpanId:             9fd9b93235923727
    http.route: api/auth/login/seller
Activity.TraceFlags:         Recorded
    http.response.status_code: 200
Activity.DisplayName:        POST api/auth/login/seller
Instrumentation scope (ActivitySource):
Activity.Kind:               Server
    Name: Microsoft.AspNetCore
Resource associated with Activity:
    telemetry.sdk.name: opentelemetry
Activity.StartTime:          2026-06-08T01:29:12.8498135Z
    telemetry.sdk.language: dotnet
    telemetry.sdk.version: 1.14.0
Activity.Duration:           00:00:00.1620543
    service.name: unknown_service:testhost
Activity.Tags:
Activity.TraceId:            7653be5ee8479b307acda375c9572327
    server.address: localhost
Activity.SpanId:             33a0dab001f5d7d6
    http.request.method: POST
Activity.TraceFlags:         Recorded
    url.scheme: http
Activity.DisplayName:        POST api/auth/login/seller
    url.path: /api/auth/login/seller
Activity.Kind:               Server
    network.protocol.version: 1.1
Activity.StartTime:          2026-06-08T01:29:12.8498312Z
    http.route: api/auth/login/seller
Activity.Duration:           00:00:00.1619516
Activity.Tags:
    http.response.status_code: 200
    server.address: localhost
    http.request.method: POST
Instrumentation scope (ActivitySource):
    url.scheme: http
    Name: Microsoft.AspNetCore
    url.path: /api/auth/login/seller
Resource associated with Activity:
    network.protocol.version: 1.1
    http.route: api/auth/login/seller
    telemetry.sdk.name: opentelemetry
    http.response.status_code: 200
    telemetry.sdk.language: dotnet
Instrumentation scope (ActivitySource):
    Name: Microsoft.AspNetCore
    telemetry.sdk.version: 1.14.0
Resource associated with Activity:
    service.name: unknown_service:testhost
    telemetry.sdk.name: opentelemetry
    telemetry.sdk.language: dotnet
    telemetry.sdk.version: 1.14.0
    service.name: unknown_service:testhost
Activity.TraceId:            b7fa9d550d40f895df1c701913228805
Activity.SpanId:             9fd9b93235923727
Activity.TraceId:            7653be5ee8479b307acda375c9572327
Activity.TraceFlags:         Recorded
Activity.SpanId:             33a0dab001f5d7d6
Activity.DisplayName:        POST api/auth/login/seller
Activity.TraceFlags:         Recorded
Activity.Kind:               Server
Activity.DisplayName:        POST api/auth/login/seller
Activity.Kind:               Server
Activity.StartTime:          2026-06-08T01:29:12.8498135Z
Activity.StartTime:          2026-06-08T01:29:12.8498312Z
Activity.Duration:           00:00:00.1620543
Activity.Duration:           00:00:00.1619516
Activity.Tags:
Activity.Tags:
[22:29:13 INF] Request starting HTTP/1.1 POST http://localhost/api/stores - application/json; charset=utf-8 null
    server.address: localhost
[22:29:13 INF] Request starting HTTP/1.1 POST http://localhost/api/stores - application/json; charset=utf-8 null
    http.request.method: POST
    server.address: localhost
    url.scheme: http
    http.request.method: POST
    url.path: /api/auth/login/seller
    url.scheme: http
    network.protocol.version: 1.1
    url.path: /api/auth/login/seller
    http.route: api/auth/login/seller
    network.protocol.version: 1.1
    http.response.status_code: 200
    http.route: api/auth/login/seller
Instrumentation scope (ActivitySource):
    http.response.status_code: 200
    Name: Microsoft.AspNetCore
Instrumentation scope (ActivitySource):
Resource associated with Activity:
    Name: Microsoft.AspNetCore
    telemetry.sdk.name: opentelemetry
Resource associated with Activity:
    telemetry.sdk.language: dotnet
    telemetry.sdk.name: opentelemetry
    telemetry.sdk.version: 1.14.0
    telemetry.sdk.language: dotnet
    service.name: unknown_service:testhost
    telemetry.sdk.version: 1.14.0
    service.name: unknown_service:testhost
Activity.TraceId:            7653be5ee8479b307acda375c9572327
Activity.SpanId:             33a0dab001f5d7d6
Activity.TraceFlags:         Recorded
Activity.TraceId:            b7fa9d550d40f895df1c701913228805
Activity.DisplayName:        POST api/auth/login/seller
Activity.SpanId:             9fd9b93235923727
Activity.Kind:               Server
Activity.TraceFlags:         Recorded
Activity.StartTime:          2026-06-08T01:29:12.8498312Z
Activity.DisplayName:        POST api/auth/login/seller
Activity.Duration:           00:00:00.1619516
Activity.Kind:               Server
Activity.Tags:
    server.address: localhost
Activity.StartTime:          2026-06-08T01:29:12.8498135Z
    http.request.method: POST
Activity.Duration:           00:00:00.1620543
    url.scheme: http
Activity.Tags:
    url.path: /api/auth/login/seller
    server.address: localhost
    network.protocol.version: 1.1
    http.request.method: POST
    http.route: api/auth/login/seller
    url.scheme: http
    http.response.status_code: 200
    url.path: /api/auth/login/seller
Instrumentation scope (ActivitySource):
    network.protocol.version: 1.1
    Name: Microsoft.AspNetCore
    http.route: api/auth/login/seller
Resource associated with Activity:
    http.response.status_code: 200
    telemetry.sdk.name: opentelemetry
Instrumentation scope (ActivitySource):
    Name: Microsoft.AspNetCore
Resource associated with Activity:
    telemetry.sdk.language: dotnet
    telemetry.sdk.name: opentelemetry
    telemetry.sdk.version: 1.14.0
    telemetry.sdk.language: dotnet
    service.name: unknown_service:testhost
    telemetry.sdk.version: 1.14.0
Activity.TraceId:            7653be5ee8479b307acda375c9572327
    service.name: unknown_service:testhost
Activity.SpanId:             33a0dab001f5d7d6
Activity.TraceFlags:         Recorded
Activity.DisplayName:        POST api/auth/login/seller
Activity.TraceId:            b7fa9d550d40f895df1c701913228805
Activity.Kind:               Server
Activity.SpanId:             9fd9b93235923727
Activity.StartTime:          2026-06-08T01:29:12.8498312Z
Activity.TraceFlags:         Recorded
Activity.Duration:           00:00:00.1619516
Activity.DisplayName:        POST api/auth/login/seller
Activity.Tags:
Activity.Kind:               Server
    server.address: localhost
    http.request.method: POST
    url.scheme: http
    url.path: /api/auth/login/seller
    network.protocol.version: 1.1
    http.route: api/auth/login/seller
    http.response.status_code: 200
Instrumentation scope (ActivitySource):
    Name: Microsoft.AspNetCore
Activity.StartTime:          2026-06-08T01:29:12.8498135Z
Resource associated with Activity:
Activity.Duration:           00:00:00.1620543
    telemetry.sdk.name: opentelemetry
Activity.Tags:
    telemetry.sdk.language: dotnet
    server.address: localhost
    telemetry.sdk.version: 1.14.0
    http.request.method: POST
    service.name: unknown_service:testhost
    url.scheme: http
    url.path: /api/auth/login/seller
    network.protocol.version: 1.1
    http.route: api/auth/login/seller
    http.response.status_code: 200
Instrumentation scope (ActivitySource):
    Name: Microsoft.AspNetCore
Resource associated with Activity:
    telemetry.sdk.name: opentelemetry
    telemetry.sdk.language: dotnet
    telemetry.sdk.version: 1.14.0
    service.name: unknown_service:testhost
[22:29:13 INF] Saved 1 entities to in-memory store.
Activity.TraceId:            b7fa9d550d40f895df1c701913228805
Activity.SpanId:             9fd9b93235923727
Activity.TraceFlags:         Recorded
Activity.DisplayName:        POST api/auth/login/seller
Activity.Kind:               Server
Activity.StartTime:          2026-06-08T01:29:12.8498135Z
Activity.Duration:           00:00:00.1620543
Activity.Tags:
    server.address: localhost
    http.request.method: POST
    url.scheme: http
    url.path: /api/auth/login/seller
    network.protocol.version: 1.1
[22:29:13 INF] Executing endpoint 'Urbeat.WebApi.Controllers.StoresController.Create (Urbeat.WebApi)'
    http.route: api/auth/login/seller
    http.response.status_code: 200
Instrumentation scope (ActivitySource):
    Name: Microsoft.AspNetCore
Resource associated with Activity:
    telemetry.sdk.name: opentelemetry
    telemetry.sdk.language: dotnet
    telemetry.sdk.version: 1.14.0
    service.name: unknown_service:testhost
Activity.TraceId:            b7fa9d550d40f895df1c701913228805
Activity.SpanId:             9fd9b93235923727
Activity.TraceFlags:         Recorded
Activity.DisplayName:        POST api/auth/login/seller
Activity.Kind:               Server
Activity.StartTime:          2026-06-08T01:29:12.8498135Z
Activity.Duration:           00:00:00.1620543
[22:29:13 INF] Route matched with {action = "Create", controller = "Stores"}. Executing controller action with signature System.Threading.Tasks.Task`1[Microsoft.AspNetCore.Mvc.IActionResult] Create(Urbeat.Application.DTOs.CreateStoreRequestDto, System.Threading.CancellationToken) on controller Urbeat.WebApi.Controllers.StoresController (Urbeat.WebApi).
Activity.Tags:
[22:29:13 INF] Route matched with {action = "Create", controller = "Stores"}. Executing controller action with signature System.Threading.Tasks.Task`1[Microsoft.AspNetCore.Mvc.IActionResult] Create(Urbeat.Application.DTOs.CreateStoreRequestDto, System.Threading.CancellationToken) on controller Urbeat.WebApi.Controllers.StoresController (Urbeat.WebApi).
    server.address: localhost
    http.request.method: POST
    url.scheme: http
    url.path: /api/auth/login/seller
    network.protocol.version: 1.1
    http.route: api/auth/login/seller
    http.response.status_code: 200
Instrumentation scope (ActivitySource):
    Name: Microsoft.AspNetCore
Resource associated with Activity:
    telemetry.sdk.name: opentelemetry
    telemetry.sdk.language: dotnet
    telemetry.sdk.version: 1.14.0
    service.name: unknown_service:testhost
[22:29:13 INF] Saved 1 entities to in-memory store.
[22:29:13 INF] Executing OkObjectResult, writing value of type 'Urbeat.Application.DTOs.AuthTokenResponseDto'.
Activity.TraceId:            44c2ebebdd4807695360174903bfc617
Activity.SpanId:             0a86095644573457
[22:29:13 INF] Executing action method Urbeat.WebApi.Controllers.StoresController.Create (Urbeat.WebApi) - Validation state: Valid
Activity.TraceFlags:         Recorded
[22:29:13 INF] Executing action method Urbeat.WebApi.Controllers.StoresController.Create (Urbeat.WebApi) - Validation state: Valid
Activity.DisplayName:        POST api/auth/login/seller
Activity.Kind:               Server
Activity.StartTime:          2026-06-08T01:29:12.9410292Z
Activity.Duration:           00:00:00.0914555
Activity.Tags:
    server.address: localhost
    http.request.method: POST
    url.scheme: http
    url.path: /api/auth/login/seller
    network.protocol.version: 1.1
    http.route: api/auth/login/seller
    http.response.status_code: 200
Instrumentation scope (ActivitySource):
    Name: Microsoft.AspNetCore
Resource associated with Activity:
    telemetry.sdk.name: opentelemetry
    telemetry.sdk.language: dotnet
    telemetry.sdk.version: 1.14.0
    service.name: unknown_service:testhost
Activity.TraceId:            44c2ebebdd4807695360174903bfc617
Activity.SpanId:             0a86095644573457
Activity.TraceFlags:         Recorded
Activity.DisplayName:        POST api/auth/login/seller
Activity.Kind:               Server
Activity.StartTime:          2026-06-08T01:29:12.9410292Z
Activity.Duration:           00:00:00.0914555
Activity.Tags:
    server.address: localhost
    http.request.method: POST
    url.scheme: http
    url.path: /api/auth/login/seller
    network.protocol.version: 1.1
    http.route: api/auth/login/seller
    http.response.status_code: 200
Instrumentation scope (ActivitySource):
    Name: Microsoft.AspNetCore
Resource associated with Activity:
    telemetry.sdk.name: opentelemetry
    telemetry.sdk.language: dotnet
[22:29:13 INF] Saved 1 entities to in-memory store.
    telemetry.sdk.version: 1.14.0
    service.name: unknown_service:testhost
Activity.TraceId:            44c2ebebdd4807695360174903bfc617
Activity.SpanId:             0a86095644573457
Activity.TraceFlags:         Recorded
Activity.DisplayName:        POST api/auth/login/seller
Activity.Kind:               Server
Activity.StartTime:          2026-06-08T01:29:12.9410292Z
Activity.Duration:           00:00:00.0914555
Activity.Tags:
    server.address: localhost
    http.request.method: POST
    url.scheme: http
    url.path: /api/auth/login/seller
    network.protocol.version: 1.1
    http.route: api/auth/login/seller
    http.response.status_code: 200
Instrumentation scope (ActivitySource):
    Name: Microsoft.AspNetCore
Resource associated with Activity:
    telemetry.sdk.name: opentelemetry
    telemetry.sdk.language: dotnet
    telemetry.sdk.version: 1.14.0
    service.name: unknown_service:testhost
Activity.TraceId:            44c2ebebdd4807695360174903bfc617
Activity.SpanId:             0a86095644573457
Activity.TraceFlags:         Recorded
Activity.DisplayName:        POST api/auth/login/seller
Activity.Kind:               Server
Activity.StartTime:          2026-06-08T01:29:12.9410292Z
Activity.Duration:           00:00:00.0914555
Activity.Tags:
    server.address: localhost
    http.request.method: POST
    url.scheme: http
    url.path: /api/auth/login/seller
    network.protocol.version: 1.1
    http.route: api/auth/login/seller
    http.response.status_code: 200
Instrumentation scope (ActivitySource):
    Name: Microsoft.AspNetCore
Resource associated with Activity:
    telemetry.sdk.name: opentelemetry
    telemetry.sdk.language: dotnet
    telemetry.sdk.version: 1.14.0
    service.name: unknown_service:testhost
Activity.TraceId:            44c2ebebdd4807695360174903bfc617
Activity.SpanId:             0a86095644573457
Activity.TraceFlags:         Recorded
Activity.DisplayName:        POST api/auth/login/seller
Activity.Kind:               Server
Activity.StartTime:          2026-06-08T01:29:12.9410292Z
Activity.Duration:           00:00:00.0914555
Activity.Tags:
    server.address: localhost
    http.request.method: POST
    url.scheme: http
    url.path: /api/auth/login/seller
    network.protocol.version: 1.1
    http.route: api/auth/login/seller
    http.response.status_code: 200
Instrumentation scope (ActivitySource):
    Name: Microsoft.AspNetCore
Resource associated with Activity:
    telemetry.sdk.name: opentelemetry
    telemetry.sdk.language: dotnet
    telemetry.sdk.version: 1.14.0
    service.name: unknown_service:testhost
[22:29:13 INF] Saved 1 entities to in-memory store.
Activity.TraceId:            44c2ebebdd4807695360174903bfc617
Activity.SpanId:             0a86095644573457
Activity.TraceFlags:         Recorded
Activity.DisplayName:        POST api/auth/login/seller
Activity.Kind:               Server
Activity.StartTime:          2026-06-08T01:29:12.9410292Z
Activity.Duration:           00:00:00.0914555
Activity.Tags:
    server.address: localhost
    http.request.method: POST
    url.scheme: http
    url.path: /api/auth/login/seller
    network.protocol.version: 1.1
    http.route: api/auth/login/seller
    http.response.status_code: 200
Instrumentation scope (ActivitySource):
    Name: Microsoft.AspNetCore
Resource associated with Activity:
    telemetry.sdk.name: opentelemetry
    telemetry.sdk.language: dotnet
    telemetry.sdk.version: 1.14.0
    service.name: unknown_service:testhost
[22:29:13 INF] Executed action method Urbeat.WebApi.Controllers.AuthController.LoginSeller (Urbeat.WebApi), returned result Microsoft.AspNetCore.Mvc.OkObjectResult in 77.33ms.
[22:29:13 INF] Executed action Urbeat.WebApi.Controllers.AuthController.LoginSeller (Urbeat.WebApi) in 77.9148ms
[22:29:13 INF] Executed endpoint 'Urbeat.WebApi.Controllers.AuthController.LoginSeller (Urbeat.WebApi)'
[22:29:13 INF] Request finished HTTP/1.1 POST http://localhost/api/auth/login/seller - 200 null application/json; charset=utf-8 80.9165ms
Activity.TraceId:            60c49b7543d74379676b715f471bd7dc
Activity.SpanId:             39894633efed6c76
Activity.TraceFlags:         Recorded
Activity.DisplayName:        POST api/auth/login/seller
Activity.Kind:               Server
Activity.StartTime:          2026-06-08T01:29:12.9522909Z
Activity.Duration:           00:00:00.0809614
Activity.Tags:
    server.address: localhost
    http.request.method: POST
    url.scheme: http
    url.path: /api/auth/login/seller
    network.protocol.version: 1.1
    http.route: api/auth/login/seller
    http.response.status_code: 200
Instrumentation scope (ActivitySource):
    Name: Microsoft.AspNetCore
Resource associated with Activity:
    telemetry.sdk.name: opentelemetry
    telemetry.sdk.language: dotnet
[22:29:13 INF] Executed action method Urbeat.WebApi.Controllers.StoresController.Create (Urbeat.WebApi), returned result Microsoft.AspNetCore.Mvc.ObjectResult in 0.939ms.
    telemetry.sdk.version: 1.14.0
[22:29:13 INF] Saved 1 entities to in-memory store.
    service.name: unknown_service:testhost
[22:29:13 INF] Request starting HTTP/1.1 POST http://localhost/api/landingpagecontent - application/json; charset=utf-8 null
Activity.TraceId:            60c49b7543d74379676b715f471bd7dc
Activity.SpanId:             39894633efed6c76
Activity.TraceFlags:         Recorded
Activity.DisplayName:        POST api/auth/login/seller
Activity.Kind:               Server
[22:29:13 INF] Saved 1 entities to in-memory store.
Activity.StartTime:          2026-06-08T01:29:12.9522909Z
[22:29:13 INF] Saved 4 entities to in-memory store.
Activity.Duration:           00:00:00.0809614
Activity.Tags:
    server.address: localhost
    http.request.method: POST
    url.scheme: http
    url.path: /api/auth/login/seller
    network.protocol.version: 1.1
    http.route: api/auth/login/seller
    http.response.status_code: 200
Instrumentation scope (ActivitySource):
    Name: Microsoft.AspNetCore
Resource associated with Activity:
    telemetry.sdk.name: opentelemetry
    telemetry.sdk.language: dotnet
    telemetry.sdk.version: 1.14.0
    service.name: unknown_service:testhost
Activity.TraceId:            60c49b7543d74379676b715f471bd7dc
Activity.SpanId:             39894633efed6c76
[22:29:13 INF] Executing ObjectResult, writing value of type 'Urbeat.Application.DTOs.StoreResponseDto'.
Activity.TraceFlags:         Recorded
Activity.DisplayName:        POST api/auth/login/seller
Activity.Kind:               Server
Activity.StartTime:          2026-06-08T01:29:12.9522909Z
Activity.Duration:           00:00:00.0809614
Activity.Tags:
    server.address: localhost
    http.request.method: POST
    url.scheme: http
    url.path: /api/auth/login/seller
    network.protocol.version: 1.1
    http.route: api/auth/login/seller
    http.response.status_code: 200
Instrumentation scope (ActivitySource):
    Name: Microsoft.AspNetCore
Resource associated with Activity:
    telemetry.sdk.name: opentelemetry
    telemetry.sdk.language: dotnet
    telemetry.sdk.version: 1.14.0
    service.name: unknown_service:testhost
Activity.TraceId:            60c49b7543d74379676b715f471bd7dc
Activity.SpanId:             39894633efed6c76
Activity.TraceFlags:         Recorded
Activity.DisplayName:        POST api/auth/login/seller
Activity.Kind:               Server
Activity.StartTime:          2026-06-08T01:29:12.9522909Z
Activity.Duration:           00:00:00.0809614
Activity.Tags:
    server.address: localhost
    http.request.method: POST
    url.scheme: http
    url.path: /api/auth/login/seller
    network.protocol.version: 1.1
    http.route: api/auth/login/seller
    http.response.status_code: 200
Instrumentation scope (ActivitySource):
    Name: Microsoft.AspNetCore
Resource associated with Activity:
    telemetry.sdk.name: opentelemetry
    telemetry.sdk.language: dotnet
    telemetry.sdk.version: 1.14.0
    service.name: unknown_service:testhost
Activity.TraceId:            60c49b7543d74379676b715f471bd7dc
Activity.SpanId:             39894633efed6c76
Activity.TraceFlags:         Recorded
Activity.DisplayName:        POST api/auth/login/seller
Activity.Kind:               Server
Activity.StartTime:          2026-06-08T01:29:12.9522909Z
Activity.Duration:           00:00:00.0809614
Activity.Tags:
    server.address: localhost
    http.request.method: POST
    url.scheme: http
    url.path: /api/auth/login/seller
    network.protocol.version: 1.1
    http.route: api/auth/login/seller
    http.response.status_code: 200
Instrumentation scope (ActivitySource):
    Name: Microsoft.AspNetCore
Resource associated with Activity:
    telemetry.sdk.name: opentelemetry
    telemetry.sdk.language: dotnet
    telemetry.sdk.version: 1.14.0
    service.name: unknown_service:testhost
Activity.TraceId:            60c49b7543d74379676b715f471bd7dc
Activity.SpanId:             39894633efed6c76
Activity.TraceFlags:         Recorded
Activity.DisplayName:        POST api/auth/login/seller
Activity.Kind:               Server
Activity.StartTime:          2026-06-08T01:29:12.9522909Z
[22:29:13 INF] Saved 1 entities to in-memory store.
Activity.Duration:           00:00:00.0809614
Activity.Tags:
[22:29:13 INF] Executed action Urbeat.WebApi.Controllers.StoresController.Create (Urbeat.WebApi) in 48.4159ms
    server.address: localhost
    http.request.method: POST
    url.scheme: http
    url.path: /api/auth/login/seller
    network.protocol.version: 1.1
    http.route: api/auth/login/seller
    http.response.status_code: 200
Instrumentation scope (ActivitySource):
    Name: Microsoft.AspNetCore
Resource associated with Activity:
[22:29:13 INF] Saved 1 entities to in-memory store.
    telemetry.sdk.name: opentelemetry
    telemetry.sdk.language: dotnet
    telemetry.sdk.version: 1.14.0
    service.name: unknown_service:testhost
[22:29:13 INF] Executed action method Urbeat.WebApi.Controllers.StoresController.Create (Urbeat.WebApi), returned result Microsoft.AspNetCore.Mvc.ObjectResult in 28.5004ms.
[22:29:13 INF] Executing ObjectResult, writing value of type 'Urbeat.Application.DTOs.StoreResponseDto'.
[22:29:13 INF] Request finished HTTP/1.1 POST http://localhost/api/stores - 201 null application/json; charset=utf-8 49.2074ms
[22:29:13 INF] Executing ObjectResult, writing value of type 'Urbeat.Application.DTOs.StoreResponseDto'.
Activity.TraceId:            5c569cc0b0a0bba981101621ca23f1bf
Activity.SpanId:             bf94a9d87d93d705
Activity.TraceFlags:         Recorded
Activity.DisplayName:        POST api/stores
Activity.Kind:               Server
[22:29:13 INF] Executed action Urbeat.WebApi.Controllers.StoresController.Create (Urbeat.WebApi) in 48.7239ms
Activity.StartTime:          2026-06-08T01:29:13.0120025Z
Activity.Duration:           00:00:00.0492517
Activity.Tags:
    server.address: localhost
    http.request.method: POST
    url.scheme: http
    url.path: /api/stores
    network.protocol.version: 1.1
    http.route: api/stores
    http.response.status_code: 201
[22:29:13 INF] Executed endpoint 'Urbeat.WebApi.Controllers.StoresController.Create (Urbeat.WebApi)'
Instrumentation scope (ActivitySource):
    Name: Microsoft.AspNetCore
Resource associated with Activity:
    telemetry.sdk.name: opentelemetry
    telemetry.sdk.language: dotnet
    telemetry.sdk.version: 1.14.0
    service.name: unknown_service:testhost
Activity.TraceId:            5c569cc0b0a0bba981101621ca23f1bf
Activity.SpanId:             bf94a9d87d93d705
Activity.TraceFlags:         Recorded
Activity.DisplayName:        POST api/stores
Activity.Kind:               Server
Activity.StartTime:          2026-06-08T01:29:13.0120025Z
Activity.Duration:           00:00:00.0492517
Activity.Tags:
    server.address: localhost
    http.request.method: POST
    url.scheme: http
    url.path: /api/stores
    network.protocol.version: 1.1
    http.route: api/stores
Activity.TraceId:            f778a1051365aa9272c561dcc0e95d36
    http.response.status_code: 201
Activity.SpanId:             53f067686a7fb382
Instrumentation scope (ActivitySource):
    Name: Microsoft.AspNetCore
Resource associated with Activity:
Activity.TraceFlags:         Recorded
    telemetry.sdk.name: opentelemetry
Activity.DisplayName:        POST api/stores
    telemetry.sdk.language: dotnet
Activity.Kind:               Server
    telemetry.sdk.version: 1.14.0
    service.name: unknown_service:testhost
Activity.StartTime:          2026-06-08T01:29:13.0326399Z
Activity.TraceId:            5c569cc0b0a0bba981101621ca23f1bf
Activity.SpanId:             bf94a9d87d93d705
Activity.Duration:           00:00:00.0286876
Activity.TraceFlags:         Recorded
Activity.DisplayName:        POST api/stores
Activity.Tags:
Activity.Kind:               Server
    server.address: localhost
Activity.StartTime:          2026-06-08T01:29:13.0120025Z
    http.request.method: POST
Activity.Duration:           00:00:00.0492517
    url.scheme: http
Activity.Tags:
    url.path: /api/stores
    network.protocol.version: 1.1
    server.address: localhost
    http.request.method: POST
    http.route: api/stores
    url.scheme: http
    http.response.status_code: 201
Instrumentation scope (ActivitySource):
    url.path: /api/stores
    Name: Microsoft.AspNetCore
    network.protocol.version: 1.1
Resource associated with Activity:
[22:29:13 INF] Request finished HTTP/1.1 POST http://localhost/api/stores - 201 null application/json; charset=utf-8 49.4304ms
    http.route: api/stores
    telemetry.sdk.name: opentelemetry
    telemetry.sdk.language: dotnet
    http.response.status_code: 201
    telemetry.sdk.version: 1.14.0
    service.name: unknown_service:testhost
Instrumentation scope (ActivitySource):
    Name: Microsoft.AspNetCore
Resource associated with Activity:
    telemetry.sdk.name: opentelemetry
    telemetry.sdk.language: dotnet
Activity.TraceId:            f778a1051365aa9272c561dcc0e95d36
    telemetry.sdk.version: 1.14.0
Activity.SpanId:             53f067686a7fb382
    service.name: unknown_service:testhost
Activity.TraceFlags:         Recorded
Activity.DisplayName:        POST api/stores
[22:29:13 INF] Request starting HTTP/1.1 PUT http://localhost/api/stores/019ea4d9-1d20-7788-b1af-3a2a8155794a/address - application/json; charset=utf-8 null
Activity.TraceId:            5c569cc0b0a0bba981101621ca23f1bf
Activity.Kind:               Server
Activity.SpanId:             bf94a9d87d93d705
Activity.StartTime:          2026-06-08T01:29:13.0326399Z
Activity.Duration:           00:00:00.0286876
Activity.TraceFlags:         Recorded
Activity.Tags:
    server.address: localhost
    http.request.method: POST
    url.scheme: http
    url.path: /api/stores
    network.protocol.version: 1.1
Activity.DisplayName:        POST api/stores
    http.route: api/stores
Activity.TraceId:            e7b24aa13171d240a7b04ce0d22695dc
    http.response.status_code: 201
Activity.Kind:               Server
Activity.SpanId:             0f0a7d8d1181cf58
Instrumentation scope (ActivitySource):
Activity.TraceFlags:         Recorded
[22:29:13 INF] Request finished HTTP/1.1 POST http://localhost/api/landingpagecontent - 403 null application/problem+json; charset=utf-8 27.5272ms
Activity.DisplayName:        POST api/stores
Activity.StartTime:          2026-06-08T01:29:13.0120025Z
Activity.Kind:               Server
Activity.Duration:           00:00:00.0492517
Activity.Tags:
Activity.StartTime:          2026-06-08T01:29:13.0120007Z
    Name: Microsoft.AspNetCore
Activity.Duration:           00:00:00.0495195
Resource associated with Activity:
Activity.Tags:
    server.address: localhost
    telemetry.sdk.name: opentelemetry
    http.request.method: POST
    telemetry.sdk.language: dotnet
    server.address: localhost
    telemetry.sdk.version: 1.14.0
    url.scheme: http
    url.path: /api/stores
    network.protocol.version: 1.1
    http.request.method: POST
    http.route: api/stores
    service.name: unknown_service:testhost
    http.response.status_code: 201
    url.scheme: http
Instrumentation scope (ActivitySource):
    url.path: /api/stores
    Name: Microsoft.AspNetCore
    network.protocol.version: 1.1
    http.route: api/stores
Activity.TraceId:            f778a1051365aa9272c561dcc0e95d36
    http.response.status_code: 201
Resource associated with Activity:
Instrumentation scope (ActivitySource):
    telemetry.sdk.name: opentelemetry
    telemetry.sdk.language: dotnet
    Name: Microsoft.AspNetCore
    telemetry.sdk.version: 1.14.0
Activity.SpanId:             53f067686a7fb382
Resource associated with Activity:
    service.name: unknown_service:testhost
Activity.TraceFlags:         Recorded
    telemetry.sdk.name: opentelemetry
    telemetry.sdk.language: dotnet
Activity.TraceId:            5c569cc0b0a0bba981101621ca23f1bf
    telemetry.sdk.version: 1.14.0
Activity.SpanId:             bf94a9d87d93d705
    service.name: unknown_service:testhost
Activity.TraceFlags:         Recorded
Activity.DisplayName:        POST api/stores
Activity.TraceId:            e7b24aa13171d240a7b04ce0d22695dc
Activity.Kind:               Server
Activity.TraceId:            e4ad7b58ca745136610c7ce18560762c
Activity.StartTime:          2026-06-08T01:29:13.0120025Z
Activity.SpanId:             0f0a7d8d1181cf58
Activity.SpanId:             f2a7f6e69cc9046d
Activity.TraceFlags:         Recorded
Activity.TraceFlags:         Recorded
Activity.Duration:           00:00:00.0492517
Activity.DisplayName:        POST api/LandingPageContent
Activity.DisplayName:        POST api/stores
Activity.Kind:               Server
Activity.Tags:
Activity.Kind:               Server
[22:29:13 INF] Request starting HTTP/1.1 POST http://localhost/api/stores/019ea4d9-1e49-721d-be79-cd718008d8cd/categories - application/json; charset=utf-8 null
Activity.StartTime:          2026-06-08T01:29:13.0340617Z
    server.address: localhost
Activity.Duration:           00:00:00.0275996
    http.request.method: POST
Activity.Tags:
Activity.StartTime:          2026-06-08T01:29:13.0120007Z
    server.address: localhost
Activity.Duration:           00:00:00.0495195
    http.request.method: POST
Activity.Tags:
    url.scheme: http
    server.address: localhost
    url.path: /api/landingpagecontent
    http.request.method: POST
    network.protocol.version: 1.1
    url.scheme: http
    http.route: api/LandingPageContent
    url.path: /api/stores
    http.response.status_code: 403
Instrumentation scope (ActivitySource):
    network.protocol.version: 1.1
    Name: Microsoft.AspNetCore
Activity.DisplayName:        POST api/stores
Resource associated with Activity:
Activity.Kind:               Server
    http.route: api/stores
    telemetry.sdk.name: opentelemetry
    http.response.status_code: 201
    telemetry.sdk.language: dotnet
Activity.StartTime:          2026-06-08T01:29:13.0326399Z
    telemetry.sdk.version: 1.14.0
Activity.Duration:           00:00:00.0286876
    service.name: unknown_service:testhost
Instrumentation scope (ActivitySource):
Activity.Tags:
    Name: Microsoft.AspNetCore
Resource associated with Activity:
    server.address: localhost
    telemetry.sdk.name: opentelemetry
    http.request.method: POST
    url.scheme: http
    url.path: /api/stores
    telemetry.sdk.language: dotnet
    network.protocol.version: 1.1
    telemetry.sdk.version: 1.14.0
    http.route: api/stores
    service.name: unknown_service:testhost
    http.response.status_code: 201
Instrumentation scope (ActivitySource):
    Name: Microsoft.AspNetCore
Resource associated with Activity:
    telemetry.sdk.name: opentelemetry
[22:29:13 INF] Executed action method Urbeat.WebApi.Controllers.WebhooksController.Asaas (Urbeat.WebApi), returned result Microsoft.AspNetCore.Mvc.OkObjectResult in 82.378ms.
    telemetry.sdk.language: dotnet
    telemetry.sdk.version: 1.14.0
    service.name: unknown_service:testhost
Activity.TraceId:            f778a1051365aa9272c561dcc0e95d36
Activity.TraceId:            e7b24aa13171d240a7b04ce0d22695dc
    url.scheme: http
Activity.TraceId:            e4ad7b58ca745136610c7ce18560762c
Activity.SpanId:             53f067686a7fb382
Activity.SpanId:             f2a7f6e69cc9046d
    url.path: /api/stores
Activity.SpanId:             0f0a7d8d1181cf58
Activity.TraceFlags:         Recorded
    network.protocol.version: 1.1
Activity.DisplayName:        POST api/LandingPageContent
    http.route: api/stores
Activity.TraceFlags:         Recorded
Activity.Kind:               Server
Activity.TraceFlags:         Recorded
Activity.DisplayName:        POST api/stores
    http.response.status_code: 201
Activity.DisplayName:        POST api/stores
Activity.StartTime:          2026-06-08T01:29:13.0340617Z
Activity.Kind:               Server
Activity.Duration:           00:00:00.0275996
Activity.Kind:               Server
Activity.Tags:
Activity.StartTime:          2026-06-08T01:29:13.0120007Z
    server.address: localhost
Activity.StartTime:          2026-06-08T01:29:13.0326399Z
    http.request.method: POST
Activity.Duration:           00:00:00.0495195
    url.scheme: http
Activity.Duration:           00:00:00.0286876
Activity.Tags:
    url.path: /api/landingpagecontent
    server.address: localhost
Activity.Tags:
    network.protocol.version: 1.1
    server.address: localhost
    http.request.method: POST
[22:29:13 INF] Executing endpoint 'Urbeat.WebApi.Controllers.StoreCategoriesController.Create (Urbeat.WebApi)'
    url.scheme: http
    url.path: /api/stores
    network.protocol.version: 1.1
    http.route: api/stores
Instrumentation scope (ActivitySource):
    http.response.status_code: 201
    Name: Microsoft.AspNetCore
Resource associated with Activity:
Instrumentation scope (ActivitySource):
    Name: Microsoft.AspNetCore
    telemetry.sdk.name: opentelemetry
Resource associated with Activity:
    telemetry.sdk.language: dotnet
    http.route: api/LandingPageContent
    telemetry.sdk.version: 1.14.0
    telemetry.sdk.name: opentelemetry
    service.name: unknown_service:testhost
    http.response.status_code: 403
    telemetry.sdk.language: dotnet
Instrumentation scope (ActivitySource):
    telemetry.sdk.version: 1.14.0
    http.request.method: POST
    service.name: unknown_service:testhost
    Name: Microsoft.AspNetCore
    url.scheme: http
Resource associated with Activity:
    url.path: /api/stores
[22:29:13 INF] Route matched with {action = "Create", controller = "StoreCategories"}. Executing controller action with signature System.Threading.Tasks.Task`1[Microsoft.AspNetCore.Mvc.IActionResult] Create(System.Guid, Urbeat.Application.DTOs.CreateProductCategoryRequestDto, System.Threading.CancellationToken) on controller Urbeat.WebApi.Controllers.StoreCategoriesController (Urbeat.WebApi).
    network.protocol.version: 1.1
    telemetry.sdk.name: opentelemetry
    telemetry.sdk.language: dotnet
Activity.TraceId:            5c569cc0b0a0bba981101621ca23f1bf
    telemetry.sdk.version: 1.14.0
    http.route: api/stores
    service.name: unknown_service:testhost
    http.response.status_code: 201
Activity.SpanId:             bf94a9d87d93d705
Instrumentation scope (ActivitySource):
    Name: Microsoft.AspNetCore
Activity.TraceFlags:         Recorded
Activity.TraceId:            e4ad7b58ca745136610c7ce18560762c
Resource associated with Activity:
Activity.SpanId:             f2a7f6e69cc9046d
Activity.DisplayName:        POST api/stores
Activity.TraceFlags:         Recorded
Activity.Kind:               Server
Activity.DisplayName:        POST api/LandingPageContent
    telemetry.sdk.name: opentelemetry
Activity.Kind:               Server
Activity.StartTime:          2026-06-08T01:29:13.0120025Z
    telemetry.sdk.language: dotnet
Activity.Duration:           00:00:00.0492517
    telemetry.sdk.version: 1.14.0
Activity.Tags:
Activity.StartTime:          2026-06-08T01:29:13.0340617Z
    server.address: localhost
Activity.Duration:           00:00:00.0275996
    service.name: unknown_service:testhost
Activity.Tags:
    server.address: localhost
    http.request.method: POST
    http.request.method: POST
    url.scheme: http
    url.scheme: http
Activity.TraceId:            f778a1051365aa9272c561dcc0e95d36
    url.path: /api/landingpagecontent
Activity.TraceId:            e7b24aa13171d240a7b04ce0d22695dc
    url.path: /api/stores
    network.protocol.version: 1.1
    network.protocol.version: 1.1
Activity.SpanId:             0f0a7d8d1181cf58
    http.route: api/LandingPageContent
    http.route: api/stores
    http.response.status_code: 403
Activity.TraceFlags:         Recorded
Instrumentation scope (ActivitySource):
    http.response.status_code: 201
    Name: Microsoft.AspNetCore
Activity.DisplayName:        POST api/stores
Resource associated with Activity:
Activity.Kind:               Server
    telemetry.sdk.name: opentelemetry
Instrumentation scope (ActivitySource):
Activity.StartTime:          2026-06-08T01:29:13.0120007Z
    telemetry.sdk.language: dotnet
Activity.Duration:           00:00:00.0495195
    telemetry.sdk.version: 1.14.0
    Name: Microsoft.AspNetCore
    service.name: unknown_service:testhost
Activity.Tags:
    server.address: localhost
    http.request.method: POST
    url.scheme: http
    url.path: /api/stores
Resource associated with Activity:
    network.protocol.version: 1.1
    telemetry.sdk.name: opentelemetry
Activity.SpanId:             53f067686a7fb382
    telemetry.sdk.language: dotnet
    telemetry.sdk.version: 1.14.0
Activity.TraceFlags:         Recorded
    service.name: unknown_service:testhost
[22:29:13 INF] Executing action method Urbeat.WebApi.Controllers.StoreCategoriesController.Create (Urbeat.WebApi) - Validation state: Valid
[22:29:13 INF] Server fabio-mobile:44964:0fb033d7 caught stopping signal...
Activity.DisplayName:        POST api/stores
[22:29:13 INF] Executed action Urbeat.WebApi.Controllers.WebhooksController.Asaas (Urbeat.WebApi) in 84.4821ms
    http.route: api/stores
    http.response.status_code: 201
Instrumentation scope (ActivitySource):
    Name: Microsoft.AspNetCore
Resource associated with Activity:
    telemetry.sdk.name: opentelemetry
    telemetry.sdk.language: dotnet
    telemetry.sdk.version: 1.14.0
    service.name: unknown_service:testhost
[22:29:13 INF] Executing OkObjectResult, writing value of type 'System.Collections.Generic.List`1[[Urbeat.Application.DTOs.ProductCategoryResponseDto, Urbeat.Application, Version=1.0.0.0, Culture=neutral, PublicKeyToken=null]]'.
Activity.Kind:               Server
Activity.StartTime:          2026-06-08T01:29:13.0326399Z
Activity.Duration:           00:00:00.0286876
Activity.Tags:
    server.address: localhost
    http.request.method: POST
    url.scheme: http
    url.path: /api/stores
    network.protocol.version: 1.1
    http.route: api/stores
    http.response.status_code: 201
Instrumentation scope (ActivitySource):
    Name: Microsoft.AspNetCore
Resource associated with Activity:
    telemetry.sdk.name: opentelemetry
    telemetry.sdk.language: dotnet
    telemetry.sdk.version: 1.14.0
    service.name: unknown_service:testhost
Activity.TraceId:            f778a1051365aa9272c561dcc0e95d36
Activity.SpanId:             53f067686a7fb382
Activity.TraceFlags:         Recorded
Activity.DisplayName:        POST api/stores
Activity.Kind:               Server
Activity.StartTime:          2026-06-08T01:29:13.0326399Z
Activity.Duration:           00:00:00.0286876
Activity.Tags:
    server.address: localhost
    http.request.method: POST
    url.scheme: http
    url.path: /api/stores
    network.protocol.version: 1.1
    http.route: api/stores
    http.response.status_code: 201
Instrumentation scope (ActivitySource):
    Name: Microsoft.AspNetCore
Resource associated with Activity:
    telemetry.sdk.name: opentelemetry
    telemetry.sdk.language: dotnet
    telemetry.sdk.version: 1.14.0
    service.name: unknown_service:testhost
Activity.TraceId:            e4ad7b58ca745136610c7ce18560762c
Activity.SpanId:             f2a7f6e69cc9046d
Activity.TraceFlags:         Recorded
Activity.DisplayName:        POST api/LandingPageContent
Activity.Kind:               Server
Activity.StartTime:          2026-06-08T01:29:13.0340617Z
Activity.Duration:           00:00:00.0275996
Activity.Tags:
    server.address: localhost
[22:29:13 INF] Route matched with {action = "UpsertAddress", controller = "Stores"}. Executing controller action with signature System.Threading.Tasks.Task`1[Microsoft.AspNetCore.Mvc.IActionResult] UpsertAddress(System.Guid, Urbeat.Application.DTOs.UpdateStoreAddressRequestDto, System.Threading.CancellationToken) on controller Urbeat.WebApi.Controllers.StoresController (Urbeat.WebApi).
[22:29:13 INF] Executed action method Urbeat.WebApi.Controllers.AuthController.LoginCustomer (Urbeat.WebApi), returned result Microsoft.AspNetCore.Mvc.ObjectResult in 54.4656ms.
    http.request.method: POST
    url.scheme: http
    url.path: /api/landingpagecontent
    network.protocol.version: 1.1
    http.route: api/LandingPageContent
    http.response.status_code: 403
Instrumentation scope (ActivitySource):
    Name: Microsoft.AspNetCore
Resource associated with Activity:
Activity.TraceId:            e7b24aa13171d240a7b04ce0d22695dc
Activity.SpanId:             0f0a7d8d1181cf58
Activity.TraceId:            48751b07ff01acce31485c2c52ead7db
Activity.SpanId:             8a5923e1d9f33c2d
Activity.TraceFlags:         Recorded
[22:29:13 INF] Request finished HTTP/1.1 POST http://localhost/api/webhooks/asaas - 200 null application/json; charset=utf-8 116.3226ms
Activity.DisplayName:        GET api/public/stores/{storeId}/catalog/categories
Activity.Kind:               Server
[22:29:13 INF] Request starting HTTP/1.1 POST http://localhost/api/webhooks/asaas - application/json; charset=utf-8 228
Activity.StartTime:          2026-06-08T01:29:13.0625762Z
    telemetry.sdk.name: opentelemetry
Activity.Duration:           00:00:00.0317338
    telemetry.sdk.language: dotnet
    telemetry.sdk.version: 1.14.0
    service.name: unknown_service:testhost
Activity.Tags:
[22:29:13 INF] Server fabio-mobile:44964:0fb033d7 All dispatchers stopped
    server.address: localhost
    http.request.method: GET
    url.scheme: http
Activity.TraceFlags:         Recorded
    url.path: /api/public/stores/019ea4d9-1e4a-7005-aae5-582112204bcf/catalog/categories
Activity.DisplayName:        POST api/stores
    network.protocol.version: 1.1
Activity.Kind:               Server
    http.route: api/public/stores/{storeId}/catalog/categories
Activity.StartTime:          2026-06-08T01:29:13.0120007Z
[22:29:13 INF] Saved 1 entities to in-memory store.
Activity.Duration:           00:00:00.0495195
    http.response.status_code: 200
Activity.Tags:
Instrumentation scope (ActivitySource):
    server.address: localhost
    http.request.method: POST
    url.scheme: http
    Name: Microsoft.AspNetCore
    url.path: /api/stores
Resource associated with Activity:
    network.protocol.version: 1.1
    http.route: api/stores
    telemetry.sdk.name: opentelemetry
    http.response.status_code: 201
    telemetry.sdk.language: dotnet
Instrumentation scope (ActivitySource):
    Name: Microsoft.AspNetCore
    telemetry.sdk.version: 1.14.0
Resource associated with Activity:
    service.name: unknown_service:testhost
    telemetry.sdk.name: opentelemetry
    telemetry.sdk.language: dotnet
    telemetry.sdk.version: 1.14.0
    service.name: unknown_service:testhost
Activity.TraceId:            48751b07ff01acce31485c2c52ead7db
Activity.TraceId:            e7b24aa13171d240a7b04ce0d22695dc
Activity.TraceId:            58838475ef60a2eddbc24755b9393d9a
Activity.TraceId:            e4ad7b58ca745136610c7ce18560762c
Activity.SpanId:             0f0a7d8d1181cf58
Activity.SpanId:             f2a7f6e69cc9046d
Activity.TraceFlags:         Recorded
Activity.TraceFlags:         Recorded
Activity.DisplayName:        POST api/stores
Activity.DisplayName:        POST api/LandingPageContent
Activity.SpanId:             8a5923e1d9f33c2d
Activity.Kind:               Server
Activity.Kind:               Server
Activity.TraceFlags:         Recorded
[22:29:13 INF] Route matched with {action = "Asaas", controller = "Webhooks"}. Executing controller action with signature System.Threading.Tasks.Task`1[Microsoft.AspNetCore.Mvc.IActionResult] Asaas(System.Threading.CancellationToken) on controller Urbeat.WebApi.Controllers.WebhooksController (Urbeat.WebApi).
Activity.StartTime:          2026-06-08T01:29:13.0120007Z
Activity.StartTime:          2026-06-08T01:29:13.0340617Z
Activity.Duration:           00:00:00.0275996
Activity.SpanId:             361af5923b7e8c58
Activity.Tags:
Activity.TraceFlags:         Recorded
    server.address: localhost
Activity.DisplayName:        GET api/public/stores/{storeId}/catalog/categories
Activity.DisplayName:        POST api/webhooks/asaas
Activity.Kind:               Server
[22:29:13 INF] Executed action Urbeat.WebApi.Controllers.AuthController.LoginCustomer (Urbeat.WebApi) in 84.0332ms
Activity.StartTime:          2026-06-08T01:29:12.9778874Z
Activity.Duration:           00:00:00.1166892
Activity.Duration:           00:00:00.0495195
[22:29:13 INF] Server fabio-mobile:44964:0fb033d7 successfully reported itself as stopped in 0,0788 ms
Activity.Tags:
    server.address: localhost
    http.request.method: POST
    http.request.method: POST
    url.scheme: http
    url.scheme: http
Activity.Kind:               Server
Activity.StartTime:          2026-06-08T01:29:13.0625762Z
Activity.Tags:
Activity.Duration:           00:00:00.0317338
    server.address: localhost
Activity.Tags:
    http.request.method: POST
    server.address: localhost
    url.scheme: http
    http.request.method: GET
    url.path: /api/webhooks/asaas
    url.scheme: http
    network.protocol.version: 1.1
    url.path: /api/public/stores/019ea4d9-1e4a-7005-aae5-582112204bcf/catalog/categories
    http.route: api/webhooks/asaas
    network.protocol.version: 1.1
    http.response.status_code: 200
Instrumentation scope (ActivitySource):
[22:29:13 INF] Saved 1 entities to in-memory store.
    Name: Microsoft.AspNetCore
Resource associated with Activity:
    telemetry.sdk.name: opentelemetry
    telemetry.sdk.language: dotnet
    url.path: /api/landingpagecontent
    telemetry.sdk.version: 1.14.0
    network.protocol.version: 1.1
    http.route: api/LandingPageContent
    service.name: unknown_service:testhost
    url.path: /api/stores
    http.response.status_code: 403
    network.protocol.version: 1.1
Instrumentation scope (ActivitySource):
    http.route: api/stores
    Name: Microsoft.AspNetCore
    http.response.status_code: 201
Resource associated with Activity:
Instrumentation scope (ActivitySource):
    telemetry.sdk.name: opentelemetry
    Name: Microsoft.AspNetCore
[22:29:13 INF] Server fabio-mobile:44964:0fb033d7 has been stopped in total 1,0216 ms
    http.route: api/public/stores/{storeId}/catalog/categories
Resource associated with Activity:
    http.response.status_code: 200
    telemetry.sdk.name: opentelemetry
Instrumentation scope (ActivitySource):
    telemetry.sdk.language: dotnet
    telemetry.sdk.language: dotnet
    telemetry.sdk.version: 1.14.0
    Name: Microsoft.AspNetCore
    service.name: unknown_service:testhost
Resource associated with Activity:
    telemetry.sdk.version: 1.14.0
    service.name: unknown_service:testhost
    telemetry.sdk.name: opentelemetry
    telemetry.sdk.language: dotnet
    telemetry.sdk.version: 1.14.0
    service.name: unknown_service:testhost
Activity.TraceId:            e4ad7b58ca745136610c7ce18560762c
Activity.SpanId:             f2a7f6e69cc9046d
Activity.TraceId:            48751b07ff01acce31485c2c52ead7db
[22:29:13 INF] Executed action method Urbeat.WebApi.Controllers.StoreCategoriesController.Create (Urbeat.WebApi), returned result Microsoft.AspNetCore.Mvc.ObjectResult in 1.3068ms.
Activity.TraceFlags:         Recorded
Activity.DisplayName:        POST api/LandingPageContent
Activity.SpanId:             8a5923e1d9f33c2d
Activity.Kind:               Server
Activity.TraceFlags:         Recorded
Activity.DisplayName:        GET api/public/stores/{storeId}/catalog/categories
Activity.Kind:               Server
Activity.StartTime:          2026-06-08T01:29:13.0340617Z
Activity.Duration:           00:00:00.0275996
Activity.StartTime:          2026-06-08T01:29:13.0625762Z
Activity.Tags:
Activity.Duration:           00:00:00.0317338
    server.address: localhost
Activity.Tags:
    http.request.method: POST
    server.address: localhost
    url.scheme: http
    http.request.method: GET
    url.path: /api/landingpagecontent
    url.scheme: http
    network.protocol.version: 1.1
    url.path: /api/public/stores/019ea4d9-1e4a-7005-aae5-582112204bcf/catalog/categories
    http.route: api/LandingPageContent
    network.protocol.version: 1.1
    http.response.status_code: 403
    http.route: api/public/stores/{storeId}/catalog/categories
Instrumentation scope (ActivitySource):
    http.response.status_code: 200
    Name: Microsoft.AspNetCore
Instrumentation scope (ActivitySource):
Resource associated with Activity:
    Name: Microsoft.AspNetCore
    telemetry.sdk.name: opentelemetry
Activity.TraceId:            ab14536581e9ec9bee33720097dcb276
    telemetry.sdk.language: dotnet
Activity.SpanId:             5c6f4e7a481e8742
Resource associated with Activity:
    telemetry.sdk.version: 1.14.0
Activity.TraceFlags:         Recorded
[22:29:13 INF] Executing action method Urbeat.WebApi.Controllers.WebhooksController.Asaas (Urbeat.WebApi) - Validation state: Valid
    telemetry.sdk.name: opentelemetry
Activity.DisplayName:        POST api/auth/login/customer
    telemetry.sdk.language: dotnet
[22:29:13 INF] Executing ObjectResult, writing value of type 'Urbeat.Application.DTOs.ProductCategoryResponseDto'.
    telemetry.sdk.version: 1.14.0
    service.name: unknown_service:testhost
    service.name: unknown_service:testhost
Activity.TraceId:            48751b07ff01acce31485c2c52ead7db
Activity.SpanId:             8a5923e1d9f33c2d
Activity.TraceFlags:         Recorded
Activity.Kind:               Server
Activity.DisplayName:        GET api/public/stores/{storeId}/catalog/categories
Activity.Kind:               Server
Activity.StartTime:          2026-06-08T01:29:12.9824685Z
Activity.Duration:           00:00:00.1127129
Activity.Tags:
Activity.StartTime:          2026-06-08T01:29:13.0625762Z
    server.address: localhost
Activity.Duration:           00:00:00.0317338
    http.request.method: POST
Activity.Tags:
    url.scheme: http
    server.address: localhost
    url.path: /api/auth/login/customer
    network.protocol.version: 1.1
    http.route: api/auth/login/customer
    http.request.method: GET
    http.response.status_code: 423
    url.scheme: http
Instrumentation scope (ActivitySource):
    url.path: /api/public/stores/019ea4d9-1e4a-7005-aae5-582112204bcf/catalog/categories
    Name: Microsoft.AspNetCore
    network.protocol.version: 1.1
    http.route: api/public/stores/{storeId}/catalog/categories
Resource associated with Activity:
    http.response.status_code: 200
    telemetry.sdk.name: opentelemetry
    telemetry.sdk.language: dotnet
Instrumentation scope (ActivitySource):
    telemetry.sdk.version: 1.14.0
    Name: Microsoft.AspNetCore
    service.name: unknown_service:testhost
[22:29:13 INF] Executed action Urbeat.WebApi.Controllers.StoreCategoriesController.Create (Urbeat.WebApi) in 33.279ms
Resource associated with Activity:
    telemetry.sdk.name: opentelemetry
    telemetry.sdk.language: dotnet
    telemetry.sdk.version: 1.14.0
    service.name: unknown_service:testhost
Activity.TraceId:            58838475ef60a2eddbc24755b9393d9a
Activity.TraceId:            48751b07ff01acce31485c2c52ead7db
Activity.SpanId:             8a5923e1d9f33c2d
Activity.SpanId:             361af5923b7e8c58
Activity.TraceFlags:         Recorded
Activity.TraceFlags:         Recorded
Activity.DisplayName:        GET api/public/stores/{storeId}/catalog/categories
Activity.DisplayName:        POST api/webhooks/asaas
[22:29:13 INF] Executing OkObjectResult, writing value of type 'System.Collections.Generic.List`1[[Urbeat.Application.DTOs.ProductResponseDto, Urbeat.Application, Version=1.0.0.0, Culture=neutral, PublicKeyToken=null]]'.
Activity.Kind:               Server
Activity.Kind:               Server
Activity.StartTime:          2026-06-08T01:29:13.0625762Z
Activity.Duration:           00:00:00.0317338
Activity.StartTime:          2026-06-08T01:29:12.9778874Z
Activity.Tags:
[22:29:13 INF] Executed endpoint 'Urbeat.WebApi.Controllers.StoreCategoriesController.Create (Urbeat.WebApi)'
    server.address: localhost
Activity.Duration:           00:00:00.1166892
    http.request.method: GET
Activity.Tags:
    url.scheme: http
    url.path: /api/public/stores/019ea4d9-1e4a-7005-aae5-582112204bcf/catalog/categories
    server.address: localhost
    network.protocol.version: 1.1
    http.request.method: POST
    http.route: api/public/stores/{storeId}/catalog/categories
    url.scheme: http
    http.response.status_code: 200
    url.path: /api/webhooks/asaas
Instrumentation scope (ActivitySource):
    Name: Microsoft.AspNetCore
    network.protocol.version: 1.1
Resource associated with Activity:
    http.route: api/webhooks/asaas
    telemetry.sdk.name: opentelemetry
    http.response.status_code: 200
    telemetry.sdk.language: dotnet
    telemetry.sdk.version: 1.14.0
Instrumentation scope (ActivitySource):
Activity.TraceId:            a72cd4c672b398157e6de06b80267e1d
    Name: Microsoft.AspNetCore
[22:29:13 INF] Request finished HTTP/1.1 POST http://localhost/api/stores/019ea4d9-1e49-721d-be79-cd718008d8cd/categories - 201 null application/json; charset=utf-8 33.9831ms
Resource associated with Activity:
Activity.SpanId:             61fe07099715baf8
    telemetry.sdk.name: opentelemetry
    telemetry.sdk.language: dotnet
Activity.TraceFlags:         Recorded
Activity.DisplayName:        GET api/public/stores/{storeId}/catalog/products
Resource associated with Metrics:
	telemetry.sdk.name: opentelemetry
    telemetry.sdk.version: 1.14.0
	telemetry.sdk.language: dotnet
    service.name: unknown_service:testhost
Activity.Kind:               Server
Activity.TraceId:            58838475ef60a2eddbc24755b9393d9a
	telemetry.sdk.version: 1.14.0
Activity.TraceId:            ab14536581e9ec9bee33720097dcb276
	service.name: unknown_service:testhost
Activity.SpanId:             5c6f4e7a481e8742
Activity.TraceFlags:         Recorded
    service.name: unknown_service:testhost
Activity.DisplayName:        POST api/auth/login/customer
Activity.Kind:               Server
Activity.SpanId:             361af5923b7e8c58
Metric Name: http.server.active_requests, Description: Number of active HTTP server requests., Unit: {request}, Metric Type: LongSumNonMonotonic
Activity.StartTime:          2026-06-08T01:29:12.9824685Z
Activity.TraceFlags:         Recorded
Activity.Duration:           00:00:00.1127129
Activity.DisplayName:        POST api/webhooks/asaas
Activity.Tags:
Activity.Kind:               Server
    server.address: localhost
Activity.StartTime:          2026-06-08T01:29:12.9778874Z
    http.request.method: POST
Activity.Duration:           00:00:00.1166892
    url.scheme: http
Activity.Tags:
    server.address: localhost
Instrumentation scope (Meter):
    http.request.method: POST
	Name: Microsoft.AspNetCore.Hosting
    url.scheme: http
[22:29:13 INF] Route matched with {action = "LoginCustomer", controller = "Auth"}. Executing controller action with signature System.Threading.Tasks.Task`1[Microsoft.AspNetCore.Mvc.IActionResult] LoginCustomer(Urbeat.Application.DTOs.LoginRequestDto, System.Threading.CancellationToken) on controller Urbeat.WebApi.Controllers.AuthController (Urbeat.WebApi).
    url.path: /api/webhooks/asaas
    network.protocol.version: 1.1
(2026-06-08T01:29:11.3830117Z, 2026-06-08T01:29:13.0955320Z] http.request.method: POST url.scheme: http
Value: -4
    http.route: api/webhooks/asaas
Activity.StartTime:          2026-06-08T01:29:13.0944641Z
    http.response.status_code: 200
(2026-06-08T01:29:11.3830117Z, 2026-06-08T01:29:13.0955320Z] http.request.method: PATCH url.scheme: http
Value: -1
Instrumentation scope (ActivitySource):
Activity.Duration:           00:00:00.0011776
    Name: Microsoft.AspNetCore
Activity.Tags:
Resource associated with Activity:
(2026-06-08T01:29:11.3830117Z, 2026-06-08T01:29:13.0955320Z] http.request.method: PUT url.scheme: http
Value: 0
    telemetry.sdk.name: opentelemetry
    server.address: localhost
    telemetry.sdk.language: dotnet
(2026-06-08T01:29:11.3830117Z, 2026-06-08T01:29:13.0955320Z] http.request.method: GET url.scheme: http
Value: 1
    http.request.method: GET
    telemetry.sdk.version: 1.14.0
    url.scheme: http
    service.name: unknown_service:testhost
(2026-06-08T01:29:11.3830117Z, 2026-06-08T01:29:13.0955320Z] http.request.method: DELETE url.scheme: http
Value: 0
    url.path: /api/public/stores/019ea4d9-1e4a-7005-aae5-582112204bcf/catalog/products
Metric Name: http.server.request.duration, Description: Duration of HTTP server requests., Unit: s, Metric Type: Histogram
    network.protocol.version: 1.1
Instrumentation scope (Meter):
    http.route: api/public/stores/{storeId}/catalog/products
	Name: Microsoft.AspNetCore.Hosting
    http.response.status_code: 200
Activity.TraceId:            58838475ef60a2eddbc24755b9393d9a
Instrumentation scope (ActivitySource):
Activity.SpanId:             361af5923b7e8c58
    Name: Microsoft.AspNetCore
Activity.TraceFlags:         Recorded
Resource associated with Activity:
Activity.DisplayName:        POST api/webhooks/asaas
    telemetry.sdk.name: opentelemetry
    telemetry.sdk.language: dotnet
    telemetry.sdk.version: 1.14.0
    service.name: unknown_service:testhost
Activity.Kind:               Server
Activity.StartTime:          2026-06-08T01:29:12.9778874Z
(2026-06-08T01:29:11.3830207Z, 2026-06-08T01:29:13.0955540Z] http.request.method: POST http.response.status_code: 200 http.route: api/auth/refresh network.protocol.version: 1.1 url.scheme: http
Value: Sum: 0.1089914 Count: 1 Min: 0.1089914 Max: 0.1089914 
(-Infinity,0,005]:0
(0,005,0,01]:0
(0,01,0,025]:0
(0,025,0,05]:0
(0,05,0,075]:0
(0,075,0,1]:0
(0,1,0,25]:1
(0,25,0,5]:0
(0,5,0,75]:0
(0,75,1]:0
(1,2,5]:0
(2,5,5]:0
(5,7,5]:0
(7,5,10]:0
(10,+Infinity]:0
Activity.Duration:           00:00:00.1166892
    url.path: /api/auth/login/customer
Activity.TraceId:            a4a9302b9b51c75079f2d6d3746be2f6
    network.protocol.version: 1.1
Activity.SpanId:             577097a697b8e8cf
    http.route: api/auth/login/customer
(2026-06-08T01:29:11.3830207Z, 2026-06-08T01:29:13.0955540Z] http.request.method: POST http.response.status_code: 201 http.route: api/auth/register/customer network.protocol.version: 1.1 url.scheme: http
Value: Sum: 0.414038 Count: 3 Min: 0.0503329 Max: 0.1830624 
(-Infinity,0,005]:0
(0,005,0,01]:0
(0,01,0,025]:0
(0,025,0,05]:0
(0,05,0,075]:1
(0,075,0,1]:0
(0,1,0,25]:2
(0,25,0,5]:0
(0,5,0,75]:0
(0,75,1]:0
(1,2,5]:0
(2,5,5]:0
(5,7,5]:0
(7,5,10]:0
(10,+Infinity]:0
Activity.TraceFlags:         Recorded
    http.response.status_code: 423
Activity.DisplayName:        POST api/stores/{storeId}/categories
Instrumentation scope (ActivitySource):
    Name: Microsoft.AspNetCore
Resource associated with Activity:
Activity.Kind:               Server
Activity.Tags:
(2026-06-08T01:29:11.3830207Z, 2026-06-08T01:29:13.0955540Z] http.request.method: PATCH http.response.status_code: 200 http.route: api/stores/{storeId}/status network.protocol.version: 1.1 url.scheme: http
Value: Sum: 0.111054 Count: 1 Min: 0.111054 Max: 0.111054 
(-Infinity,0,005]:0
(0,005,0,01]:0
(0,01,0,025]:0
(0,025,0,05]:0
(0,05,0,075]:0
(0,075,0,1]:0
(0,1,0,25]:1
(0,25,0,5]:0
(0,5,0,75]:0
(0,75,1]:0
(1,2,5]:0
(2,5,5]:0
(5,7,5]:0
(7,5,10]:0
(10,+Infinity]:0
    telemetry.sdk.name: opentelemetry
    telemetry.sdk.language: dotnet
Activity.StartTime:          2026-06-08T01:29:13.0616543Z
    telemetry.sdk.version: 1.14.0
(2026-06-08T01:29:11.3830207Z, 2026-06-08T01:29:13.0955540Z] http.request.method: POST http.response.status_code: 201 http.route: api/auth/register/seller network.protocol.version: 1.1 url.scheme: http
Value: Sum: 1.1784308000000001 Count: 9 Min: 0.0570142 Max: 0.2961054 
(-Infinity,0,005]:0
(0,005,0,01]:0
(0,01,0,025]:0
(0,025,0,05]:0
(0,05,0,075]:2
(0,075,0,1]:3
(0,1,0,25]:3
(0,25,0,5]:1
(0,5,0,75]:0
(0,75,1]:0
(1,2,5]:0
(2,5,5]:0
(5,7,5]:0
(7,5,10]:0
(10,+Infinity]:0
    server.address: localhost
(2026-06-08T01:29:11.3830207Z, 2026-06-08T01:29:13.0955540Z] http.request.method: POST http.response.status_code: 400 http.route: api/checkout/preview network.protocol.version: 1.1 url.scheme: http
Value: Sum: 0.1531914 Count: 1 Min: 0.1531914 Max: 0.1531914 
(-Infinity,0,005]:0
(0,005,0,01]:0
(0,01,0,025]:0
(0,025,0,05]:0
(0,05,0,075]:0
(0,075,0,1]:0
(0,1,0,25]:1
(0,25,0,5]:0
(0,5,0,75]:0
(0,75,1]:0
(1,2,5]:0
(2,5,5]:0
(5,7,5]:0
(7,5,10]:0
(10,+Infinity]:0
    http.request.method: POST
[22:29:13 INF] Executing action method Urbeat.WebApi.Controllers.AuthController.LoginCustomer (Urbeat.WebApi) - Validation state: Valid
(2026-06-08T01:29:11.3830207Z, 2026-06-08T01:29:13.0955540Z] http.request.method: POST http.response.status_code: 201 http.route: api/stores/{storeId}/products network.protocol.version: 1.1 url.scheme: http
Value: Sum: 0.2484664 Count: 4 Min: 0.0040002 Max: 0.2237816 
(-Infinity,0,005]:1
(0,005,0,01]:1
(0,01,0,025]:1
(0,025,0,05]:0
(0,05,0,075]:0
(0,075,0,1]:0
(0,1,0,25]:1
(0,25,0,5]:0
(0,5,0,75]:0
(0,75,1]:0
(1,2,5]:0
(2,5,5]:0
(5,7,5]:0
(7,5,10]:0
(10,+Infinity]:0
    url.scheme: http
    url.path: /api/webhooks/asaas
(2026-06-08T01:29:11.3830207Z, 2026-06-08T01:29:13.0955540Z] http.request.method: PATCH http.response.status_code: 200 http.route: api/stores/{storeId}/delivery-config network.protocol.version: 1.1 url.scheme: http
Value: Sum: 0.0798386 Count: 1 Min: 0.0798386 Max: 0.0798386 
(-Infinity,0,005]:0
(0,005,0,01]:0
(0,01,0,025]:0
(0,025,0,05]:0
(0,05,0,075]:0
(0,075,0,1]:1
(0,1,0,25]:0
(0,25,0,5]:0
(0,5,0,75]:0
(0,75,1]:0
(1,2,5]:0
(2,5,5]:0
(5,7,5]:0
(7,5,10]:0
(10,+Infinity]:0
[22:29:13 INF] Request starting HTTP/1.1 POST http://localhost/api/stores/019ea4d9-1e49-721d-be79-cd718008d8cd/products - application/json; charset=utf-8 null
    network.protocol.version: 1.1
(2026-06-08T01:29:11.3830207Z, 2026-06-08T01:29:13.0955540Z] http.request.method: PUT http.response.status_code: 200 http.route: api/stores/{storeId}/address network.protocol.version: 1.1 url.scheme: http
Value: Sum: 0.2955106 Count: 1 Min: 0.2955106 Max: 0.2955106 
(-Infinity,0,005]:0
(0,005,0,01]:0
(0,01,0,025]:0
(0,025,0,05]:0
(0,05,0,075]:0
(0,075,0,1]:0
(0,1,0,25]:0
(0,25,0,5]:1
(0,5,0,75]:0
(0,75,1]:0
(1,2,5]:0
(2,5,5]:0
(5,7,5]:0
(7,5,10]:0
(10,+Infinity]:0
Activity.Duration:           00:00:00.0340648
    http.route: api/webhooks/asaas
[22:29:13 INF] Executed action method Urbeat.WebApi.Controllers.WebhooksController.Asaas (Urbeat.WebApi), returned result Microsoft.AspNetCore.Mvc.OkObjectResult in 3.6319ms.
Activity.Tags:
(2026-06-08T01:29:11.3830207Z, 2026-06-08T01:29:13.0955540Z] http.request.method: POST http.response.status_code: 200 http.route: api/auth/login/customer network.protocol.version: 1.1 url.scheme: http
Value: Sum: 0.18758160000000001 Count: 2 Min: 0.0634958 Max: 0.1240858 
(-Infinity,0,005]:0
(0,005,0,01]:0
(0,01,0,025]:0
(0,025,0,05]:0
(0,05,0,075]:1
(0,075,0,1]:0
(0,1,0,25]:1
(0,25,0,5]:0
(0,5,0,75]:0
(0,75,1]:0
(1,2,5]:0
(2,5,5]:0
(5,7,5]:0
(7,5,10]:0
(10,+Infinity]:0
    server.address: localhost
    http.response.status_code: 200
[22:29:13 INF] Executing action method Urbeat.WebApi.Controllers.StoresController.UpsertAddress (Urbeat.WebApi) - Validation state: Valid
    http.request.method: POST
Instrumentation scope (ActivitySource):
(2026-06-08T01:29:11.3830207Z, 2026-06-08T01:29:13.0955540Z] http.request.method: POST http.response.status_code: 201 http.route: api/customer/addresses network.protocol.version: 1.1 url.scheme: http
Value: Sum: 0.13968450000000002 Count: 2 Min: 0.0041332 Max: 0.1355513 
(-Infinity,0,005]:1
(0,005,0,01]:0
(0,01,0,025]:0
(0,025,0,05]:0
(0,05,0,075]:0
(0,075,0,1]:0
(0,1,0,25]:1
(0,25,0,5]:0
(0,5,0,75]:0
(0,75,1]:0
(1,2,5]:0
(2,5,5]:0
(5,7,5]:0
(7,5,10]:0
(10,+Infinity]:0
    url.scheme: http
    Name: Microsoft.AspNetCore
    url.path: /api/stores/019ea4d9-1e49-721d-be79-cd718008d8cd/categories
Resource associated with Activity:
    network.protocol.version: 1.1
    telemetry.sdk.name: opentelemetry
(2026-06-08T01:29:11.3830207Z, 2026-06-08T01:29:13.0955540Z] http.request.method: POST http.response.status_code: 200 http.route: api/auth/login/seller network.protocol.version: 1.1 url.scheme: http
Value: Sum: 0.8697546999999999 Count: 9 Min: 0.0465088 Max: 0.1807168 
(-Infinity,0,005]:0
(0,005,0,01]:0
(0,01,0,025]:0
(0,025,0,05]:3
(0,05,0,075]:1
(0,075,0,1]:2
(0,1,0,25]:3
(0,25,0,5]:0
(0,5,0,75]:0
(0,75,1]:0
(1,2,5]:0
(2,5,5]:0
(5,7,5]:0
(7,5,10]:0
(10,+Infinity]:0
    telemetry.sdk.language: dotnet
    http.route: api/stores/{storeId}/categories
    telemetry.sdk.version: 1.14.0
    http.response.status_code: 201
    service.name: unknown_service:testhost
Instrumentation scope (ActivitySource):
(2026-06-08T01:29:11.3830207Z, 2026-06-08T01:29:13.0955540Z] http.request.method: PUT http.response.status_code: 200 http.route: api/stores/{storeId}/products/{productId} network.protocol.version: 1.1 url.scheme: http
Value: Sum: 0.2087002 Count: 1 Min: 0.2087002 Max: 0.2087002 
(-Infinity,0,005]:0
(0,005,0,01]:0
(0,01,0,025]:0
(0,025,0,05]:0
(0,05,0,075]:0
(0,075,0,1]:0
(0,1,0,25]:1
(0,25,0,5]:0
(0,5,0,75]:0
(0,75,1]:0
(1,2,5]:0
(2,5,5]:0
(5,7,5]:0
(7,5,10]:0
(10,+Infinity]:0
    Name: Microsoft.AspNetCore
Resource associated with Activity:
    telemetry.sdk.name: opentelemetry
    service.name: unknown_service:testhost
    telemetry.sdk.language: dotnet
Activity.TraceId:            58838475ef60a2eddbc24755b9393d9a
    telemetry.sdk.version: 1.14.0
Activity.SpanId:             361af5923b7e8c58
    service.name: unknown_service:testhost
Activity.TraceFlags:         Recorded
Activity.DisplayName:        POST api/webhooks/asaas
Activity.TraceId:            a4a9302b9b51c75079f2d6d3746be2f6
Activity.Kind:               Server
Activity.SpanId:             577097a697b8e8cf
(2026-06-08T01:29:11.3830207Z, 2026-06-08T01:29:13.0955540Z] http.request.method: PUT http.response.status_code: 200 http.route: api/stores/{storeId}/business-hours network.protocol.version: 1.1 url.scheme: http
Value: Sum: 0.1993077 Count: 1 Min: 0.1993077 Max: 0.1993077 
(-Infinity,0,005]:0
(0,005,0,01]:0
(0,01,0,025]:0
(0,025,0,05]:0
(0,05,0,075]:0
(0,075,0,1]:0
(0,1,0,25]:1
(0,25,0,5]:0
(0,5,0,75]:0
(0,75,1]:0
(1,2,5]:0
(2,5,5]:0
(5,7,5]:0
(7,5,10]:0
(10,+Infinity]:0
Activity.TraceFlags:         Recorded
Activity.StartTime:          2026-06-08T01:29:12.9778874Z
Activity.TraceId:            ab14536581e9ec9bee33720097dcb276
Activity.DisplayName:        POST api/stores/{storeId}/categories
Activity.SpanId:             5c6f4e7a481e8742
Activity.Duration:           00:00:00.1166892
Activity.TraceFlags:         Recorded
Activity.Tags:
Activity.Kind:               Server
    server.address: localhost
Activity.DisplayName:        POST api/auth/login/customer
Activity.StartTime:          2026-06-08T01:29:13.0616543Z
Activity.Kind:               Server
Activity.Duration:           00:00:00.0340648
    http.request.method: POST
Activity.Tags:
    url.scheme: http
Activity.StartTime:          2026-06-08T01:29:12.9824685Z
    server.address: localhost
Activity.Duration:           00:00:00.1127129
    http.request.method: POST
Activity.Tags:
    url.path: /api/webhooks/asaas
    network.protocol.version: 1.1
    http.route: api/webhooks/asaas
    http.response.status_code: 200
Instrumentation scope (ActivitySource):
    Name: Microsoft.AspNetCore
Resource associated with Activity:
    url.scheme: http
    telemetry.sdk.name: opentelemetry
    url.path: /api/stores/019ea4d9-1e49-721d-be79-cd718008d8cd/categories
    telemetry.sdk.language: dotnet
    network.protocol.version: 1.1
(2026-06-08T01:29:11.3830207Z, 2026-06-08T01:29:13.0955540Z] http.request.method: POST http.response.status_code: 200 http.route: api/auth/login/admin network.protocol.version: 1.1 url.scheme: http
Value: Sum: 0.31383639999999996 Count: 2 Min: 0.0448031 Max: 0.2690333 
(-Infinity,0,005]:0
(0,005,0,01]:0
(0,01,0,025]:0
(0,025,0,05]:1
(0,05,0,075]:0
(0,075,0,1]:0
(0,1,0,25]:0
(0,25,0,5]:1
(0,5,0,75]:0
(0,75,1]:0
(1,2,5]:0
(2,5,5]:0
(5,7,5]:0
(7,5,10]:0
(10,+Infinity]:0
[22:29:13 INF] Executed action Urbeat.WebApi.Controllers.WebhooksController.Asaas (Urbeat.WebApi) in 34.2028ms
    server.address: localhost
    http.request.method: POST
    url.scheme: http
    url.path: /api/auth/login/customer
    network.protocol.version: 1.1
    http.route: api/stores/{storeId}/categories
(2026-06-08T01:29:11.3830207Z, 2026-06-08T01:29:13.0955540Z] http.request.method: POST http.response.status_code: 201 http.route: api/LandingPageContent network.protocol.version: 1.1 url.scheme: http
Value: Sum: 0.0421001 Count: 3 Min: 0.0029564 Max: 0.0286965 
(-Infinity,0,005]:1
(0,005,0,01]:0
(0,01,0,025]:1
(0,025,0,05]:1
(0,05,0,075]:0
(0,075,0,1]:0
(0,1,0,25]:0
(0,25,0,5]:0
(0,5,0,75]:0
(0,75,1]:0
(1,2,5]:0
(2,5,5]:0
(5,7,5]:0
(7,5,10]:0
(10,+Infinity]:0
    http.response.status_code: 201
Instrumentation scope (ActivitySource):
    Name: Microsoft.AspNetCore
    telemetry.sdk.version: 1.14.0
(2026-06-08T01:29:11.3830207Z, 2026-06-08T01:29:13.0955540Z] http.request.method: POST http.response.status_code: 400 http.route: api/orders network.protocol.version: 1.1 url.scheme: http
Value: Sum: 0.0054105 Count: 2 Min: 0.0016659 Max: 0.0037446 
(-Infinity,0,005]:2
(0,005,0,01]:0
(0,01,0,025]:0
(0,025,0,05]:0
(0,05,0,075]:0
(0,075,0,1]:0
(0,1,0,25]:0
(0,25,0,5]:0
(0,5,0,75]:0
(0,75,1]:0
(1,2,5]:0
(2,5,5]:0
(5,7,5]:0
(7,5,10]:0
(10,+Infinity]:0
Resource associated with Activity:
    service.name: unknown_service:testhost
    telemetry.sdk.name: opentelemetry
(2026-06-08T01:29:11.3830207Z, 2026-06-08T01:29:13.0955540Z] http.request.method: POST http.response.status_code: 201 http.route: api/stores network.protocol.version: 1.1 url.scheme: http
Value: Sum: 0.2172035 Count: 7 Min: 0.006548 Max: 0.0542961 
(-Infinity,0,005]:0
(0,005,0,01]:1
(0,01,0,025]:2
(0,025,0,05]:3
(0,05,0,075]:1
(0,075,0,1]:0
(0,1,0,25]:0
(0,25,0,5]:0
(0,5,0,75]:0
(0,75,1]:0
(1,2,5]:0
(2,5,5]:0
(5,7,5]:0
(7,5,10]:0
(10,+Infinity]:0
    telemetry.sdk.language: dotnet
    http.route: api/auth/login/customer
    telemetry.sdk.version: 1.14.0
    service.name: unknown_service:testhost
    http.response.status_code: 423
Instrumentation scope (ActivitySource):
    Name: Microsoft.AspNetCore
Resource associated with Activity:
    telemetry.sdk.name: opentelemetry
    telemetry.sdk.language: dotnet
(2026-06-08T01:29:11.3830207Z, 2026-06-08T01:29:13.0955540Z] http.request.method: GET http.response.status_code: 200 http.route: api/public/stores network.protocol.version: 1.1 url.scheme: http
Value: Sum: 0.0088641 Count: 1 Min: 0.0088641 Max: 0.0088641 
(-Infinity,0,005]:0
(0,005,0,01]:1
(0,01,0,025]:0
(0,025,0,05]:0
(0,05,0,075]:0
(0,075,0,1]:0
(0,1,0,25]:0
(0,25,0,5]:0
(0,5,0,75]:0
(0,75,1]:0
(1,2,5]:0
(2,5,5]:0
(5,7,5]:0
(7,5,10]:0
(10,+Infinity]:0
    telemetry.sdk.version: 1.14.0
Activity.TraceId:            a72cd4c672b398157e6de06b80267e1d
    service.name: unknown_service:testhost
Activity.SpanId:             61fe07099715baf8
Activity.TraceFlags:         Recorded
Activity.DisplayName:        GET api/public/stores/{storeId}/catalog/products
Activity.Kind:               Server
Activity.TraceId:            ab14536581e9ec9bee33720097dcb276
(2026-06-08T01:29:11.3830207Z, 2026-06-08T01:29:13.0955540Z] http.request.method: GET http.response.status_code: 403 http.route: api/customer/home network.protocol.version: 1.1 url.scheme: http
Value: Sum: 0.0007044 Count: 1 Min: 0.0007044 Max: 0.0007044 
(-Infinity,0,005]:1
(0,005,0,01]:0
(0,01,0,025]:0
(0,025,0,05]:0
(0,05,0,075]:0
(0,075,0,1]:0
(0,1,0,25]:0
(0,25,0,5]:0
(0,5,0,75]:0
(0,75,1]:0
(1,2,5]:0
(2,5,5]:0
(5,7,5]:0
(7,5,10]:0
(10,+Infinity]:0
Activity.StartTime:          2026-06-08T01:29:13.0944641Z
Activity.SpanId:             5c6f4e7a481e8742
Activity.Duration:           00:00:00.0011776
Activity.TraceFlags:         Recorded
Activity.Tags:
Activity.DisplayName:        POST api/auth/login/customer
    server.address: localhost
Activity.Kind:               Server
    http.request.method: GET
    url.scheme: http
Activity.StartTime:          2026-06-08T01:29:12.9824685Z
    url.path: /api/public/stores/019ea4d9-1e4a-7005-aae5-582112204bcf/catalog/products
(2026-06-08T01:29:11.3830207Z, 2026-06-08T01:29:13.0955540Z] http.request.method: POST http.response.status_code: 201 http.route: api/stores/{storeId}/categories network.protocol.version: 1.1 url.scheme: http
Value: Sum: 0.0414884 Count: 3 Min: 0.0039853 Max: 0.0259508 
(-Infinity,0,005]:1
(0,005,0,01]:0
(0,01,0,025]:1
(0,025,0,05]:1
(0,05,0,075]:0
(0,075,0,1]:0
(0,1,0,25]:0
(0,25,0,5]:0
(0,5,0,75]:0
(0,75,1]:0
(1,2,5]:0
(2,5,5]:0
(5,7,5]:0
(7,5,10]:0
(10,+Infinity]:0
    network.protocol.version: 1.1
Activity.Duration:           00:00:00.1127129
    http.route: api/public/stores/{storeId}/catalog/products
Activity.Tags:
    http.response.status_code: 200
    server.address: localhost
Instrumentation scope (ActivitySource):
    http.request.method: POST
    url.scheme: http
    url.path: /api/auth/login/customer
    network.protocol.version: 1.1
    Name: Microsoft.AspNetCore
(2026-06-08T01:29:11.3830207Z, 2026-06-08T01:29:13.0955540Z] http.request.method: GET http.response.status_code: 200 http.route: api/public/stores/{storeId} network.protocol.version: 1.1 url.scheme: http
Value: Sum: 0.0224112 Count: 1 Min: 0.0224112 Max: 0.0224112 
(-Infinity,0,005]:0
(0,005,0,01]:0
(0,01,0,025]:1
(0,025,0,05]:0
(0,05,0,075]:0
(0,075,0,1]:0
(0,1,0,25]:0
(0,25,0,5]:0
(0,5,0,75]:0
(0,75,1]:0
(1,2,5]:0
(2,5,5]:0
(5,7,5]:0
(7,5,10]:0
(10,+Infinity]:0
Resource associated with Activity:
    http.route: api/auth/login/customer
    telemetry.sdk.name: opentelemetry
    http.response.status_code: 423
    telemetry.sdk.language: dotnet
    telemetry.sdk.version: 1.14.0
    service.name: unknown_service:testhost
Instrumentation scope (ActivitySource):
    Name: Microsoft.AspNetCore
Activity.TraceId:            a72cd4c672b398157e6de06b80267e1d
(2026-06-08T01:29:11.3830207Z, 2026-06-08T01:29:13.0955540Z] http.request.method: GET http.response.status_code: 200 http.route: api/LandingPageContent network.protocol.version: 1.1 url.scheme: http
Value: Sum: 0.034585 Count: 2 Min: 0.0014382 Max: 0.0331468 
(-Infinity,0,005]:1
(0,005,0,01]:0
(0,01,0,025]:0
(0,025,0,05]:1
(0,05,0,075]:0
(0,075,0,1]:0
(0,1,0,25]:0
(0,25,0,5]:0
(0,5,0,75]:0
(0,75,1]:0
(1,2,5]:0
(2,5,5]:0
(5,7,5]:0
(7,5,10]:0
(10,+Infinity]:0
Resource associated with Activity:
Activity.SpanId:             61fe07099715baf8
[22:29:13 INF] Request finished HTTP/1.1 POST http://localhost/api/webhooks/asaas - 200 null application/json; charset=utf-8 34.9393ms
Activity.TraceFlags:         Recorded
    telemetry.sdk.name: opentelemetry
[22:29:13 INF] Saved 1 entities to in-memory store.
(2026-06-08T01:29:11.3830207Z, 2026-06-08T01:29:13.0955540Z] http.request.method: POST http.response.status_code: 400 http.route: api/stores/{storeId}/categories network.protocol.version: 1.1 url.scheme: http
Value: Sum: 0.0494563 Count: 1 Min: 0.0494563 Max: 0.0494563 
(-Infinity,0,005]:0
(0,005,0,01]:0
(0,01,0,025]:0
(0,025,0,05]:1
(0,05,0,075]:0
(0,075,0,1]:0
(0,1,0,25]:0
(0,25,0,5]:0
(0,5,0,75]:0
(0,75,1]:0
(1,2,5]:0
(2,5,5]:0
(5,7,5]:0
(7,5,10]:0
(10,+Infinity]:0
Activity.DisplayName:        GET api/public/stores/{storeId}/catalog/products
    telemetry.sdk.language: dotnet
Activity.Kind:               Server
    telemetry.sdk.version: 1.14.0
Activity.StartTime:          2026-06-08T01:29:13.0944641Z
Activity.Duration:           00:00:00.0011776
Activity.Tags:
    server.address: localhost
    service.name: unknown_service:testhost
    http.request.method: GET
Activity.TraceId:            ab14536581e9ec9bee33720097dcb276
Activity.SpanId:             5c6f4e7a481e8742
(2026-06-08T01:29:11.3830207Z, 2026-06-08T01:29:13.0955540Z] http.request.method: GET http.response.status_code: 200 http.route: api/LandingPageContent/section/{section} network.protocol.version: 1.1 url.scheme: http
Value: Sum: 0.0088289 Count: 1 Min: 0.0088289 Max: 0.0088289 
(-Infinity,0,005]:0
(0,005,0,01]:1
(0,01,0,025]:0
(0,025,0,05]:0
(0,05,0,075]:0
(0,075,0,1]:0
(0,1,0,25]:0
(0,25,0,5]:0
(0,5,0,75]:0
(0,75,1]:0
(1,2,5]:0
(2,5,5]:0
(5,7,5]:0
(7,5,10]:0
(10,+Infinity]:0
    url.scheme: http
    url.path: /api/public/stores/019ea4d9-1e4a-7005-aae5-582112204bcf/catalog/products
    network.protocol.version: 1.1
    http.route: api/public/stores/{storeId}/catalog/products
    http.response.status_code: 200
Instrumentation scope (ActivitySource):
Activity.TraceFlags:         Recorded
(2026-06-08T01:29:11.3830207Z, 2026-06-08T01:29:13.0955540Z] http.request.method: POST http.response.status_code: 401 http.route: api/auth/login/customer network.protocol.version: 1.1 url.scheme: http
Value: Sum: 0.3096756 Count: 4 Min: 0.0481838 Max: 0.0886141 
(-Infinity,0,005]:0
(0,005,0,01]:0
(0,01,0,025]:0
(0,025,0,05]:1
(0,05,0,075]:0
(0,075,0,1]:3
(0,1,0,25]:0
(0,25,0,5]:0
(0,5,0,75]:0
(0,75,1]:0
(1,2,5]:0
(2,5,5]:0
(5,7,5]:0
(7,5,10]:0
(10,+Infinity]:0
Activity.DisplayName:        POST api/auth/login/customer
(2026-06-08T01:29:11.3830207Z, 2026-06-08T01:29:13.0955540Z] http.request.method: PUT http.response.status_code: 200 http.route: api/LandingPageContent/{id:guid} network.protocol.version: 1.1 url.scheme: http
Value: Sum: 0.0139684 Count: 1 Min: 0.0139684 Max: 0.0139684 
(-Infinity,0,005]:0
(0,005,0,01]:0
(0,01,0,025]:1
(0,025,0,05]:0
(0,05,0,075]:0
(0,075,0,1]:0
(0,1,0,25]:0
(0,25,0,5]:0
(0,5,0,75]:0
(0,75,1]:0
(1,2,5]:0
(2,5,5]:0
(5,7,5]:0
(7,5,10]:0
(10,+Infinity]:0
Activity.Kind:               Server
[22:29:13 INF] Executed action method Urbeat.WebApi.Controllers.AuthController.LoginCustomer (Urbeat.WebApi), returned result Microsoft.AspNetCore.Mvc.ObjectResult in 0.5177ms.
(2026-06-08T01:29:11.3830207Z, 2026-06-08T01:29:13.0955540Z] http.request.method: PATCH http.response.status_code: 200 http.route: api/stores/{storeId}/products/{productId}/availability network.protocol.version: 1.1 url.scheme: http
Value: Sum: 0.0573561 Count: 2 Min: 0.0278579 Max: 0.0294982 
(-Infinity,0,005]:0
(0,005,0,01]:0
(0,01,0,025]:0
(0,025,0,05]:2
(0,05,0,075]:0
(0,075,0,1]:0
(0,1,0,25]:0
(0,25,0,5]:0
(0,5,0,75]:0
(0,75,1]:0
(1,2,5]:0
(2,5,5]:0
(5,7,5]:0
(7,5,10]:0
(10,+Infinity]:0
Activity.TraceId:            177ae7a973c5ff433c9c042044d1abd0
[22:29:13 INF] Executing endpoint 'Urbeat.WebApi.Controllers.StoreProductsController.Create (Urbeat.WebApi)'
Activity.SpanId:             eb551dd06a35ab36
Activity.StartTime:          2026-06-08T01:29:12.9824685Z
    Name: Microsoft.AspNetCore
Activity.Duration:           00:00:00.1127129
Activity.TraceFlags:         Recorded
[22:29:13 INF] Saved 1 entities to in-memory store.
Activity.Tags:
Activity.DisplayName:        POST api/webhooks/asaas
Resource associated with Activity:
    server.address: localhost
Activity.Kind:               Server
    http.request.method: POST
[22:29:13 INF] Request starting HTTP/1.1 GET http://localhost/api/subscriptions/my/charges - null null
(2026-06-08T01:29:11.3830207Z, 2026-06-08T01:29:13.0955540Z] http.request.method: DELETE http.response.status_code: 204 http.route: api/LandingPageContent/{id:guid} network.protocol.version: 1.1 url.scheme: http
Value: Sum: 0.0203273 Count: 1 Min: 0.0203273 Max: 0.0203273 
(-Infinity,0,005]:0
(0,005,0,01]:0
(0,01,0,025]:1
(0,025,0,05]:0
(0,05,0,075]:0
(0,075,0,1]:0
(0,1,0,25]:0
(0,25,0,5]:0
(0,5,0,75]:0
(0,75,1]:0
(1,2,5]:0
(2,5,5]:0
(5,7,5]:0
(7,5,10]:0
(10,+Infinity]:0
[22:29:13 INF] Saved 1 entities to in-memory store.
    url.scheme: http
    url.path: /api/auth/login/customer
    telemetry.sdk.name: opentelemetry
    network.protocol.version: 1.1
(2026-06-08T01:29:11.3830207Z, 2026-06-08T01:29:13.0955540Z] http.request.method: GET http.response.status_code: 200 http.route: api/stores/{storeId}/products network.protocol.version: 1.1 url.scheme: http
Value: Sum: 0.042863 Count: 1 Min: 0.042863 Max: 0.042863 
(-Infinity,0,005]:0
(0,005,0,01]:0
(0,01,0,025]:0
(0,025,0,05]:1
(0,05,0,075]:0
(0,075,0,1]:0
(0,1,0,25]:0
(0,25,0,5]:0
(0,5,0,75]:0
(0,75,1]:0
(1,2,5]:0
(2,5,5]:0
(5,7,5]:0
(7,5,10]:0
(10,+Infinity]:0
    http.route: api/auth/login/customer
    telemetry.sdk.language: dotnet
    http.response.status_code: 423
    telemetry.sdk.version: 1.14.0
    service.name: unknown_service:testhost
Instrumentation scope (ActivitySource):
    Name: Microsoft.AspNetCore
(2026-06-08T01:29:11.3830207Z, 2026-06-08T01:29:13.0955540Z] http.request.method: GET http.response.status_code: 404 http.route: api/LandingPageContent/{id:guid} network.protocol.version: 1.1 url.scheme: http
Value: Sum: 0.03709 Count: 1 Min: 0.03709 Max: 0.03709 
(-Infinity,0,005]:0
(0,005,0,01]:0
(0,01,0,025]:0
(0,025,0,05]:1
(0,05,0,075]:0
(0,075,0,1]:0
(0,1,0,25]:0
(0,25,0,5]:0
(0,5,0,75]:0
(0,75,1]:0
(1,2,5]:0
(2,5,5]:0
(5,7,5]:0
(7,5,10]:0
(10,+Infinity]:0
Resource associated with Activity:
    telemetry.sdk.name: opentelemetry
[22:29:13 INF] Route matched with {action = "Create", controller = "StoreProducts"}. Executing controller action with signature System.Threading.Tasks.Task`1[Microsoft.AspNetCore.Mvc.IActionResult] Create(System.Guid, Urbeat.Application.DTOs.CreateProductRequestDto, System.Threading.CancellationToken) on controller Urbeat.WebApi.Controllers.StoreProductsController (Urbeat.WebApi).
    telemetry.sdk.language: dotnet
    telemetry.sdk.version: 1.14.0
    service.name: unknown_service:testhost
(2026-06-08T01:29:11.3830207Z, 2026-06-08T01:29:13.0955540Z] http.request.method: GET http.response.status_code: 200 http.route: api/public/stores/{storeId}/catalog/products network.protocol.version: 1.1 url.scheme: http
Value: Sum: 0.0431113 Count: 1 Min: 0.0431113 Max: 0.0431113 
(-Infinity,0,005]:0
(0,005,0,01]:0
(0,01,0,025]:0
(0,025,0,05]:1
(0,05,0,075]:0
(0,075,0,1]:0
(0,1,0,25]:0
(0,25,0,5]:0
(0,5,0,75]:0
(0,75,1]:0
(1,2,5]:0
(2,5,5]:0
(5,7,5]:0
(7,5,10]:0
(10,+Infinity]:0
Activity.TraceId:            a4a9302b9b51c75079f2d6d3746be2f6
Activity.StartTime:          2026-06-08T01:29:13.0943685Z
Activity.SpanId:             577097a697b8e8cf
Activity.Duration:           00:00:00.0350112
Activity.TraceFlags:         Recorded
Activity.Tags:
Activity.TraceId:            a72cd4c672b398157e6de06b80267e1d
(2026-06-08T01:29:11.3830207Z, 2026-06-08T01:29:13.0955540Z] http.request.method: POST http.response.status_code: 403 http.route: api/LandingPageContent network.protocol.version: 1.1 url.scheme: http
Value: Sum: 0.0275272 Count: 1 Min: 0.0275272 Max: 0.0275272 
(-Infinity,0,005]:0
(0,005,0,01]:0
(0,01,0,025]:0
(0,025,0,05]:1
(0,05,0,075]:0
(0,075,0,1]:0
(0,1,0,25]:0
(0,25,0,5]:0
(0,5,0,75]:0
(0,75,1]:0
(1,2,5]:0
(2,5,5]:0
(5,7,5]:0
(7,5,10]:0
(10,+Infinity]:0
Activity.SpanId:             61fe07099715baf8
    server.address: localhost
Activity.TraceFlags:         Recorded
    http.request.method: POST
Activity.DisplayName:        GET api/public/stores/{storeId}/catalog/products
    url.scheme: http
Activity.Kind:               Server
    url.path: /api/webhooks/asaas
    network.protocol.version: 1.1
    http.route: api/webhooks/asaas
Activity.StartTime:          2026-06-08T01:29:13.0944641Z
    http.response.status_code: 200
Activity.DisplayName:        POST api/stores/{storeId}/categories
[22:29:13 INF] Executed action Urbeat.WebApi.Controllers.AuthController.LoginCustomer (Urbeat.WebApi) in 66.1545ms
Activity.Kind:               Server
Activity.Duration:           00:00:00.0011776
Instrumentation scope (ActivitySource):
Activity.Tags:
    Name: Microsoft.AspNetCore
Activity.StartTime:          2026-06-08T01:29:13.0616543Z
    server.address: localhost
Resource associated with Activity:
Activity.Duration:           00:00:00.0340648
(2026-06-08T01:29:11.3830207Z, 2026-06-08T01:29:13.0955540Z] http.request.method: GET http.response.status_code: 200 http.route: api/public/stores/{storeId}/catalog/categories network.protocol.version: 1.1 url.scheme: http
Value: Sum: 0.0316512 Count: 1 Min: 0.0316512 Max: 0.0316512 
(-Infinity,0,005]:0
(0,005,0,01]:0
(0,01,0,025]:0
(0,025,0,05]:1
(0,05,0,075]:0
(0,075,0,1]:0
(0,1,0,25]:0
(0,25,0,5]:0
(0,5,0,75]:0
(0,75,1]:0
(1,2,5]:0
(2,5,5]:0
(5,7,5]:0
(7,5,10]:0
(10,+Infinity]:0
Activity.Tags:
    http.request.method: GET
    server.address: localhost
    url.scheme: http
[22:29:13 INF] Executed action method Urbeat.WebApi.Controllers.StoresController.UpsertAddress (Urbeat.WebApi), returned result Microsoft.AspNetCore.Mvc.ForbidResult in 33.2538ms.
    http.request.method: POST
    url.path: /api/public/stores/019ea4d9-1e4a-7005-aae5-582112204bcf/catalog/products
    url.scheme: http
    network.protocol.version: 1.1
    url.path: /api/stores/019ea4d9-1e49-721d-be79-cd718008d8cd/categories
    http.route: api/public/stores/{storeId}/catalog/products
    network.protocol.version: 1.1
    http.response.status_code: 200
(2026-06-08T01:29:11.3830207Z, 2026-06-08T01:29:13.0955540Z] http.request.method: POST http.response.status_code: 423 http.route: api/auth/login/customer network.protocol.version: 1.1 url.scheme: http
Value: Sum: 0.11267 Count: 1 Min: 0.11267 Max: 0.11267 
(-Infinity,0,005]:0
(0,005,0,01]:0
(0,01,0,025]:0
(0,025,0,05]:0
(0,05,0,075]:0
(0,075,0,1]:0
(0,1,0,25]:1
(0,25,0,5]:0
(0,5,0,75]:0
(0,75,1]:0
(1,2,5]:0
(2,5,5]:0
(5,7,5]:0
(7,5,10]:0
(10,+Infinity]:0
Instrumentation scope (ActivitySource):
    telemetry.sdk.name: opentelemetry
Metric Name: dotnet.gc.collections, Description: The number of garbage collections that have occurred since the process has started., Unit: {collection}, Metric Type: LongSum
Instrumentation scope (Meter):
    http.route: api/stores/{storeId}/categories
	Name: System.Runtime
    http.response.status_code: 201
(2026-06-08T01:29:11.3830506Z, 2026-06-08T01:29:13.0955578Z] gc.heap.generation: gen2
Value: 6
Instrumentation scope (ActivitySource):
    Name: Microsoft.AspNetCore
Resource associated with Activity:
(2026-06-08T01:29:11.3830506Z, 2026-06-08T01:29:13.0955578Z] gc.heap.generation: gen1
Value: 17
    telemetry.sdk.name: opentelemetry
    telemetry.sdk.language: dotnet
    telemetry.sdk.language: dotnet
(2026-06-08T01:29:11.3830506Z, 2026-06-08T01:29:13.0955578Z] gc.heap.generation: gen0
Value: 48
    telemetry.sdk.version: 1.14.0
    telemetry.sdk.version: 1.14.0
    service.name: unknown_service:testhost
Metric Name: dotnet.process.memory.working_set, Description: The number of bytes of physical memory mapped to the process context., Unit: By, Metric Type: LongSumNonMonotonic
    Name: Microsoft.AspNetCore
Resource associated with Activity:
    telemetry.sdk.name: opentelemetry
    telemetry.sdk.language: dotnet
    telemetry.sdk.version: 1.14.0
Instrumentation scope (Meter):
    service.name: unknown_service:testhost
	Name: System.Runtime
    service.name: unknown_service:testhost
(2026-06-08T01:29:11.3830594Z, 2026-06-08T01:29:13.0955582Z]  
Value: 347467776
Activity.TraceId:            a4a9302b9b51c75079f2d6d3746be2f6
Metric Name: dotnet.gc.heap.total_allocated, Description: The approximate number of bytes allocated on the managed GC heap since the process has started. The returned value does not include any native allocations., Unit: By, Metric Type: LongSum
Activity.TraceId:            177ae7a973c5ff433c9c042044d1abd0
Activity.SpanId:             577097a697b8e8cf
Instrumentation scope (Meter):
Activity.TraceFlags:         Recorded
	Name: System.Runtime
Activity.DisplayName:        POST api/stores/{storeId}/categories
Activity.SpanId:             eb551dd06a35ab36
Activity.TraceFlags:         Recorded
Activity.TraceId:            a72cd4c672b398157e6de06b80267e1d
Activity.DisplayName:        POST api/webhooks/asaas
Activity.SpanId:             61fe07099715baf8
Activity.Kind:               Server
Activity.TraceFlags:         Recorded
Activity.DisplayName:        GET api/public/stores/{storeId}/catalog/products
Activity.Kind:               Server
Activity.StartTime:          2026-06-08T01:29:13.0943685Z
Activity.StartTime:          2026-06-08T01:29:13.0944641Z
Activity.Duration:           00:00:00.0350112
Activity.Duration:           00:00:00.0011776
Activity.Tags:
(2026-06-08T01:29:11.3830695Z, 2026-06-08T01:29:13.0955587Z]  
Value: 519961856
    server.address: localhost
Activity.Tags:
    http.request.method: POST
Metric Name: dotnet.gc.last_collection.memory.committed_size, Description: The amount of committed virtual memory in use by the .NET GC, as observed during the latest garbage collection., Unit: By, Metric Type: LongSumNonMonotonic
Activity.TraceId:            ba833c2592f4204efa15fc50247010ed
Instrumentation scope (Meter):
Activity.SpanId:             1664616f7f19226a
    server.address: localhost
Activity.TraceFlags:         Recorded
    http.request.method: GET
Activity.DisplayName:        POST api/auth/login/customer
[22:29:13 INF] Executed action Urbeat.WebApi.Controllers.StoresController.UpsertAddress (Urbeat.WebApi) in 68.3388ms
Activity.Kind:               Server
    url.scheme: http
    url.path: /api/public/stores/019ea4d9-1e4a-7005-aae5-582112204bcf/catalog/products
Activity.StartTime:          2026-06-08T01:29:13.0955636Z
    network.protocol.version: 1.1
Activity.Duration:           00:00:00.0669150
    http.route: api/public/stores/{storeId}/catalog/products
Activity.Tags:
    http.response.status_code: 200
    server.address: localhost
    http.request.method: POST
    url.scheme: http
Instrumentation scope (ActivitySource):
    url.path: /api/webhooks/asaas
    url.scheme: http
    url.path: /api/auth/login/customer
	Name: System.Runtime
    network.protocol.version: 1.1
    http.route: api/auth/login/customer
    http.response.status_code: 423
Activity.Kind:               Server
(2026-06-08T01:29:11.3830778Z, 2026-06-08T01:29:13.0955591Z]  
Value: 207659008
Instrumentation scope (ActivitySource):
Activity.StartTime:          2026-06-08T01:29:13.0616543Z
    network.protocol.version: 1.1
Metric Name: dotnet.gc.last_collection.heap.size, Description: The managed GC heap size (including fragmentation), as observed during the latest garbage collection., Unit: By, Metric Type: LongSumNonMonotonic
    Name: Microsoft.AspNetCore
Activity.Duration:           00:00:00.0340648
Instrumentation scope (Meter):
Activity.Tags:
	Name: System.Runtime
    server.address: localhost
Resource associated with Activity:
    http.request.method: POST
(2026-06-08T01:29:11.3830872Z, 2026-06-08T01:29:13.0955595Z] gc.heap.generation: gen0
Value: 5562984
    telemetry.sdk.name: opentelemetry
    url.scheme: http
    telemetry.sdk.language: dotnet
    url.path: /api/stores/019ea4d9-1e49-721d-be79-cd718008d8cd/categories
  Passed Urbeat.IntegrationTests.Api.AsaasSubscriptionWebhookFlowTests.AsaasWebhook_ShouldRequireValidToken [624 ms]
    telemetry.sdk.version: 1.14.0
  Passed Urbeat.IntegrationTests.Api.StoreProductsFlowTests.Seller_ShouldUpdateProductAvailability [944 ms]
  Passed Urbeat.IntegrationTests.Api.LandingPageContentFlowTests.AdminCrudLandingPageContent_ShouldSucceed [369 ms]
  Passed Urbeat.IntegrationTests.Api.PublicCatalogFlowTests.Public_ShouldOnlyReturnAvailableProducts [1 s]
  Passed Urbeat.IntegrationTests.Api.LandingPageContentFlowTests.UnauthorizedUser_ShouldNotAccessAdminEndpoints [254 ms]
  Passed Urbeat.IntegrationTests.Api.PublicCatalogFlowTests.Public_ShouldReturnEmptyList_WhenStoreHasNoCatalog [240 ms]
  Passed Urbeat.IntegrationTests.Api.StoreAddressFlowTests.Seller_ShouldNotUpsertAddress_FromAnotherSellerStore [1 s]
(2026-06-08T01:29:11.3830872Z, 2026-06-08T01:29:13.0955595Z] gc.heap.generation: gen1
Value: 1449456
    network.protocol.version: 1.1
    service.name: unknown_service:testhost
    http.route: api/stores/{storeId}/categories
(2026-06-08T01:29:11.3830872Z, 2026-06-08T01:29:13.0955595Z] gc.heap.generation: gen2
Value: 83284592
    http.response.status_code: 201
Instrumentation scope (ActivitySource):
(2026-06-08T01:29:11.3830872Z, 2026-06-08T01:29:13.0955595Z] gc.heap.generation: loh
Value: 111030256
    Name: Microsoft.AspNetCore
    Name: Microsoft.AspNetCore
Resource associated with Activity:
(2026-06-08T01:29:11.3830872Z, 2026-06-08T01:29:13.0955595Z] gc.heap.generation: poh
Value: 123736
    telemetry.sdk.name: opentelemetry
[22:29:13 INF] Request finished HTTP/1.1 PUT http://localhost/api/stores/019ea4d9-1d20-7788-b1af-3a2a8155794a/address - 403 null application/problem+json; charset=utf-8 101.2389ms
    telemetry.sdk.language: dotnet
Metric Name: dotnet.gc.last_collection.heap.fragmentation.size, Description: The heap fragmentation, as observed during the latest garbage collection., Unit: By, Metric Type: LongSumNonMonotonic
Instrumentation scope (Meter):
    telemetry.sdk.version: 1.14.0
	Name: System.Runtime
    service.name: unknown_service:testhost
(2026-06-08T01:29:11.3830999Z, 2026-06-08T01:29:13.0955599Z] gc.heap.generation: gen0
Value: 5562616
    http.route: api/webhooks/asaas
    http.response.status_code: 200
(2026-06-08T01:29:11.3830999Z, 2026-06-08T01:29:13.0955599Z] gc.heap.generation: gen1
Value: 296576
Instrumentation scope (ActivitySource):
    Name: Microsoft.AspNetCore
(2026-06-08T01:29:11.3830999Z, 2026-06-08T01:29:13.0955599Z] gc.heap.generation: gen2
Value: 2742520
Resource associated with Activity:
Resource associated with Activity:
(2026-06-08T01:29:11.3830999Z, 2026-06-08T01:29:13.0955599Z] gc.heap.generation: loh
Value: 733384
    telemetry.sdk.name: opentelemetry
    telemetry.sdk.name: opentelemetry
    telemetry.sdk.language: dotnet
    telemetry.sdk.version: 1.14.0
    telemetry.sdk.language: dotnet
(2026-06-08T01:29:11.3830999Z, 2026-06-08T01:29:13.0955599Z] gc.heap.generation: poh
Value: 0
    telemetry.sdk.version: 1.14.0
    service.name: unknown_service:testhost
Metric Name: dotnet.gc.pause.time, Description: The total amount of time paused in GC since the process has started., Unit: s, Metric Type: DoubleSum
Instrumentation scope (Meter):
    service.name: unknown_service:testhost
	Name: System.Runtime
(2026-06-08T01:29:11.3831123Z, 2026-06-08T01:29:13.0955602Z]  
Value: 0.686469
Activity.TraceId:            177ae7a973c5ff433c9c042044d1abd0
Activity.TraceId:            ba833c2592f4204efa15fc50247010ed
Metric Name: dotnet.jit.compiled_il.size, Description: Count of bytes of intermediate language that have been compiled since the process has started., Unit: By, Metric Type: LongSum
Activity.SpanId:             1664616f7f19226a
Activity.SpanId:             eb551dd06a35ab36
Instrumentation scope (Meter):
Activity.TraceFlags:         Recorded
Activity.TraceFlags:         Recorded
	Name: System.Runtime
Activity.DisplayName:        POST api/webhooks/asaas
Activity.DisplayName:        POST api/auth/login/customer
Activity.TraceId:            a4a9302b9b51c75079f2d6d3746be2f6
(2026-06-08T01:29:11.3831214Z, 2026-06-08T01:29:13.0955605Z]  
Value: 2365405
Activity.SpanId:             577097a697b8e8cf
Metric Name: dotnet.jit.compiled_methods, Description: The number of times the JIT compiler (re)compiled methods since the process has started., Unit: {method}, Metric Type: LongSum
Instrumentation scope (Meter):
Activity.Kind:               Server
Activity.TraceFlags:         Recorded
	Name: System.Runtime
Activity.DisplayName:        POST api/stores/{storeId}/categories
Activity.StartTime:          2026-06-08T01:29:13.0955636Z
Activity.Kind:               Server
(2026-06-08T01:29:11.3831308Z, 2026-06-08T01:29:13.0955608Z]  
Value: 34698
Activity.Duration:           00:00:00.0669150
Metric Name: dotnet.jit.compilation.time, Description: The number of times the JIT compiler (re)compiled methods since the process has started., Unit: s, Metric Type: DoubleSum
Instrumentation scope (Meter):
	Name: System.Runtime
Activity.StartTime:          2026-06-08T01:29:13.0616543Z
Activity.Duration:           00:00:00.0340648
Activity.Tags:
Activity.Tags:
    server.address: localhost
    server.address: localhost
    http.request.method: POST
    http.request.method: POST
    url.scheme: http
    url.scheme: http
    url.path: /api/auth/login/customer
[22:29:13 INF] Executing action method Urbeat.WebApi.Controllers.StoreProductsController.Create (Urbeat.WebApi) - Validation state: Valid
    url.path: /api/stores/019ea4d9-1e49-721d-be79-cd718008d8cd/categories
    network.protocol.version: 1.1
Activity.TraceId:            e1d1bc51e0c634ff0658732287e04982
    http.route: api/stores/{storeId}/categories
Activity.SpanId:             20831bebee597957
Activity.Kind:               Server
    http.response.status_code: 201
Activity.TraceFlags:         Recorded
Instrumentation scope (ActivitySource):
Activity.DisplayName:        PUT api/stores/{storeId}/address
    Name: Microsoft.AspNetCore
Activity.Kind:               Server
Resource associated with Activity:
(2026-06-08T01:29:11.3831439Z, 2026-06-08T01:29:13.0955611Z]  
Value: 5.8749863
    telemetry.sdk.name: opentelemetry
Activity.StartTime:          2026-06-08T01:29:13.0614441Z
    telemetry.sdk.language: dotnet
Activity.Duration:           00:00:00.1013484
    telemetry.sdk.version: 1.14.0
Activity.Tags:
    service.name: unknown_service:testhost
    server.address: localhost
Metric Name: dotnet.monitor.lock_contentions, Description: The number of times there was contention when trying to acquire a monitor lock since the process has started., Unit: {contention}, Metric Type: LongSum
Instrumentation scope (Meter):
    http.request.method: PUT
    url.scheme: http
	Name: System.Runtime
    url.path: /api/stores/019ea4d9-1d20-7788-b1af-3a2a8155794a/address
    network.protocol.version: 1.1
(2026-06-08T01:29:11.3831588Z, 2026-06-08T01:29:13.0955613Z]  
Value: 5087
    http.route: api/stores/{storeId}/address
Metric Name: dotnet.thread_pool.thread.count, Description: The number of thread pool threads that currently exist., Unit: {thread}, Metric Type: LongSum
Instrumentation scope (Meter):
	Name: System.Runtime
    http.response.status_code: 403
(2026-06-08T01:29:11.3831707Z, 2026-06-08T01:29:13.0955616Z]  
Value: 36
Instrumentation scope (ActivitySource):
Metric Name: dotnet.thread_pool.work_item.count, Description: The number of work items that the thread pool has completed since the process has started., Unit: {work_item}, Metric Type: LongSum
Instrumentation scope (Meter):
	Name: System.Runtime
    Name: Microsoft.AspNetCore
(2026-06-08T01:29:11.3831786Z, 2026-06-08T01:29:13.0955618Z]  
Value: 1916
Resource associated with Activity:
[22:29:13 INF] Saved 2 entities to in-memory store.
    telemetry.sdk.name: opentelemetry
    network.protocol.version: 1.1
    telemetry.sdk.language: dotnet
Metric Name: dotnet.thread_pool.queue.length, Description: The number of work items that are currently queued to be processed by the thread pool., Unit: {work_item}, Metric Type: LongSum
    telemetry.sdk.version: 1.14.0
    http.route: api/auth/login/customer
Instrumentation scope (Meter):
    service.name: unknown_service:testhost
    http.response.status_code: 423
	Name: System.Runtime
Instrumentation scope (ActivitySource):
(2026-06-08T01:29:11.3831867Z, 2026-06-08T01:29:13.0955634Z]  
Value: 0
    Name: Microsoft.AspNetCore
Metric Name: dotnet.timer.count, Description: The number of timer instances that are currently active. An active timer is registered to tick at some point in the future and has not yet been canceled., Unit: {timer}, Metric Type: LongSumNonMonotonic
Instrumentation scope (Meter):
Activity.StartTime:          2026-06-08T01:29:13.0943685Z
Resource associated with Activity:
	Name: System.Runtime
Activity.Duration:           00:00:00.0350112
    telemetry.sdk.name: opentelemetry
Activity.Tags:
    telemetry.sdk.language: dotnet
(2026-06-08T01:29:11.3832022Z, 2026-06-08T01:29:13.0955638Z]  
Value: 27
    telemetry.sdk.version: 1.14.0
    server.address: localhost
    service.name: unknown_service:testhost
    http.request.method: POST
Metric Name: dotnet.assembly.count, Description: The number of .NET assemblies that are currently loaded., Unit: {assembly}, Metric Type: LongSumNonMonotonic
Instrumentation scope (Meter):
	Name: System.Runtime
(2026-06-08T01:29:11.3832103Z, 2026-06-08T01:29:13.0955640Z]  
Value: 266
Metric Name: dotnet.exceptions, Description: The number of exceptions that have been thrown in managed code., Unit: {exception}, Metric Type: LongSum
Instrumentation scope (Meter):
	Name: System.Runtime
(2026-06-08T01:29:11.3832194Z, 2026-06-08T01:29:13.0955645Z] error.type: SocketException
Value: 15
(2026-06-08T01:29:11.3832194Z, 2026-06-08T01:29:13.0955645Z] error.type: NpgsqlException
Value: 48
(2026-06-08T01:29:11.3832194Z, 2026-06-08T01:29:13.0955645Z] error.type: XunitException
Value: 13
(2026-06-08T01:29:11.3832194Z, 2026-06-08T01:29:13.0955645Z] error.type: OperationCanceledException
Value: 42
Activity.TraceId:            e1d1bc51e0c634ff0658732287e04982
(2026-06-08T01:29:11.3832194Z, 2026-06-08T01:29:13.0955645Z] error.type: ObjectDisposedException
Value: 7
Activity.SpanId:             20831bebee597957
    url.scheme: http
Activity.TraceFlags:         Recorded
[22:29:13 INF] Route matched with {action = "RegisterCustomer", controller = "Auth"}. Executing controller action with signature System.Threading.Tasks.Task`1[Microsoft.AspNetCore.Mvc.IActionResult] RegisterCustomer(Urbeat.Application.DTOs.RegisterUserRequestDto, System.Threading.CancellationToken) on controller Urbeat.WebApi.Controllers.AuthController (Urbeat.WebApi).
Activity.DisplayName:        PUT api/stores/{storeId}/address
Activity.Kind:               Server
[22:29:13 INF] Request starting HTTP/1.1 POST http://localhost/api/auth/register/seller - application/json; charset=utf-8 null
(2026-06-08T01:29:11.3832194Z, 2026-06-08T01:29:13.0955645Z] error.type: InvalidOperationException
Value: 2
Activity.StartTime:          2026-06-08T01:29:13.0614441Z
Activity.Duration:           00:00:00.1013484
[22:29:13 INF] Route matched with {action = "GetMyChargeHistory", controller = "Subscriptions"}. Executing controller action with signature System.Threading.Tasks.Task`1[Microsoft.AspNetCore.Mvc.IActionResult] GetMyChargeHistory(System.Threading.CancellationToken) on controller Urbeat.WebApi.Controllers.SubscriptionsController (Urbeat.WebApi).
Metric Name: dotnet.process.cpu.count, Description: The number of processors available to the process., Unit: {cpu}, Metric Type: LongSumNonMonotonic
Instrumentation scope (Meter):
Activity.Tags:
	Name: System.Runtime
    server.address: localhost
    http.request.method: PUT
    url.scheme: http
    url.path: /api/stores/019ea4d9-1d20-7788-b1af-3a2a8155794a/address
    network.protocol.version: 1.1
    http.route: api/stores/{storeId}/address
(2026-06-08T01:29:11.3832278Z, 2026-06-08T01:29:13.0955647Z]  
Value: 12
    http.response.status_code: 403
Metric Name: dotnet.process.cpu.time, Description: CPU time used by the process., Unit: s, Metric Type: DoubleSum
Instrumentation scope (Meter):
Instrumentation scope (ActivitySource):
	Name: System.Runtime
    Name: Microsoft.AspNetCore
Resource associated with Activity:
    telemetry.sdk.name: opentelemetry
    telemetry.sdk.language: dotnet
    telemetry.sdk.version: 1.14.0
(2026-06-08T01:29:11.3832384Z, 2026-06-08T01:29:13.0955651Z] cpu.mode: user
Value: 20.1875
    service.name: unknown_service:testhost
(2026-06-08T01:29:11.3832384Z, 2026-06-08T01:29:13.0955651Z] cpu.mode: system
Value: 3.28125
Metric Name: dns.lookup.duration, Description: Measures the time taken to perform a DNS lookup., Unit: s, Metric Type: Histogram
Instrumentation scope (Meter):
    url.path: /api/webhooks/asaas
	Name: System.Net.NameResolution
    network.protocol.version: 1.1
    http.route: api/webhooks/asaas
    http.response.status_code: 200
Instrumentation scope (ActivitySource):
    Name: Microsoft.AspNetCore
Resource associated with Activity:
    telemetry.sdk.name: opentelemetry
    telemetry.sdk.language: dotnet
    telemetry.sdk.version: 1.14.0
    service.name: unknown_service:testhost
Activity.TraceId:            177ae7a973c5ff433c9c042044d1abd0
(2026-06-08T01:29:11.3832541Z, 2026-06-08T01:29:13.0955662Z] dns.question.name: localhost
Value: Sum: 0.0024839 Count: 5 Min: 0.0004256 Max: 0.0006517 
(-Infinity,0,005]:5
(0,005,0,01]:0
(0,01,0,025]:0
(0,025,0,05]:0
(0,05,0,075]:0
(0,075,0,1]:0
(0,1,0,25]:0
(0,25,0,5]:0
(0,5,0,75]:0
(0,75,1]:0
(1,2,5]:0
(2,5,5]:0
(5,7,5]:0
(7,5,10]:0
(10,+Infinity]:0
Activity.SpanId:             eb551dd06a35ab36
Metric Name: aspnetcore.routing.match_attempts, Description: Number of requests that were attempted to be matched to an endpoint., Unit: {match_attempt}, Metric Type: LongSum
Activity.TraceFlags:         Recorded
Instrumentation scope (Meter):
Activity.DisplayName:        POST api/webhooks/asaas
	Name: Microsoft.AspNetCore.Routing
Activity.Kind:               Server
Activity.StartTime:          2026-06-08T01:29:13.0943685Z
Activity.Duration:           00:00:00.0350112
Activity.Tags:
    server.address: localhost
(2026-06-08T01:29:11.3832642Z, 2026-06-08T01:29:13.0955677Z] aspnetcore.routing.is_fallback: false aspnetcore.routing.match_status: success http.route: api/auth/register/seller
Value: 6
    http.request.method: POST
    url.scheme: http
    url.path: /api/webhooks/asaas
    network.protocol.version: 1.1
    http.route: api/webhooks/asaas
(2026-06-08T01:29:11.3832642Z, 2026-06-08T01:29:13.0955677Z] aspnetcore.routing.is_fallback: false aspnetcore.routing.match_status: success http.route: api/checkout/preview
Value: 1
    http.response.status_code: 200
Instrumentation scope (ActivitySource):
    Name: Microsoft.AspNetCore
Resource associated with Activity:
    telemetry.sdk.name: opentelemetry
(2026-06-08T01:29:11.3832642Z, 2026-06-08T01:29:13.0955677Z] aspnetcore.routing.is_fallback: false aspnetcore.routing.match_status: success http.route: api/auth/login/customer
Value: 7
    telemetry.sdk.language: dotnet
    telemetry.sdk.version: 1.14.0
    service.name: unknown_service:testhost
(2026-06-08T01:29:11.3832642Z, 2026-06-08T01:29:13.0955677Z] aspnetcore.routing.is_fallback: false aspnetcore.routing.match_status: success http.route: api/stores/{storeId}/delivery-config
Value: 1
Activity.TraceId:            177ae7a973c5ff433c9c042044d1abd0
Activity.SpanId:             eb551dd06a35ab36
Activity.TraceFlags:         Recorded
Activity.DisplayName:        POST api/webhooks/asaas
Activity.Kind:               Server
(2026-06-08T01:29:11.3832642Z, 2026-06-08T01:29:13.0955677Z] aspnetcore.routing.is_fallback: false aspnetcore.routing.match_status: success http.route: api/auth/login/seller
Value: 7
Activity.StartTime:          2026-06-08T01:29:13.0943685Z
Activity.Duration:           00:00:00.0350112
Activity.Tags:
[22:29:13 INF] Saved 1 entities to in-memory store.
    server.address: localhost
    http.request.method: POST
    url.scheme: http
(2026-06-08T01:29:11.3832642Z, 2026-06-08T01:29:13.0955677Z] aspnetcore.routing.is_fallback: false aspnetcore.routing.match_status: success http.route: api/auth/register/customer
Value: 2
    url.path: /api/webhooks/asaas
    network.protocol.version: 1.1
    http.route: api/webhooks/asaas
    http.response.status_code: 200
Activity.TraceId:            e1d1bc51e0c634ff0658732287e04982
(2026-06-08T01:29:11.3832642Z, 2026-06-08T01:29:13.0955677Z] aspnetcore.routing.is_fallback: false aspnetcore.routing.match_status: success http.route: api/stores/{storeId}/products/{productId}
Value: 1
Activity.SpanId:             20831bebee597957
Instrumentation scope (ActivitySource):
    Name: Microsoft.AspNetCore
Activity.TraceFlags:         Recorded
Resource associated with Activity:
Activity.DisplayName:        PUT api/stores/{storeId}/address
    telemetry.sdk.name: opentelemetry
Activity.Kind:               Server
    telemetry.sdk.language: dotnet
    telemetry.sdk.version: 1.14.0
    service.name: unknown_service:testhost
(2026-06-08T01:29:11.3832642Z, 2026-06-08T01:29:13.0955677Z] aspnetcore.routing.is_fallback: false aspnetcore.routing.match_status: success http.route: api/auth/login/admin
Value: 2
Activity.StartTime:          2026-06-08T01:29:13.0614441Z
Activity.Duration:           00:00:00.1013484
(2026-06-08T01:29:11.3832642Z, 2026-06-08T01:29:13.0955677Z] aspnetcore.routing.is_fallback: false aspnetcore.routing.match_status: success http.route: api/customer/addresses
Value: 2
Activity.Tags:
    server.address: localhost
(2026-06-08T01:29:11.3832642Z, 2026-06-08T01:29:13.0955677Z] aspnetcore.routing.is_fallback: false aspnetcore.routing.match_status: success http.route: api/stores/{storeId}/business-hours
Value: 1
    http.request.method: PUT
    url.scheme: http
(2026-06-08T01:29:11.3832642Z, 2026-06-08T01:29:13.0955677Z] aspnetcore.routing.is_fallback: false aspnetcore.routing.match_status: success http.route: api/LandingPageContent
Value: 6
    url.path: /api/stores/019ea4d9-1d20-7788-b1af-3a2a8155794a/address
    network.protocol.version: 1.1
(2026-06-08T01:29:11.3832642Z, 2026-06-08T01:29:13.0955677Z] aspnetcore.routing.is_fallback: false aspnetcore.routing.match_status: success http.route: api/orders
Value: 2
(2026-06-08T01:29:11.3832642Z, 2026-06-08T01:29:13.0955677Z] aspnetcore.routing.is_fallback: false aspnetcore.routing.match_status: success http.route: api/stores
Value: 5
[22:29:13 INF] Route matched with {action = "RegisterSeller", controller = "Auth"}. Executing controller action with signature System.Threading.Tasks.Task`1[Microsoft.AspNetCore.Mvc.IActionResult] RegisterSeller(Urbeat.Application.DTOs.RegisterUserRequestDto, System.Threading.CancellationToken) on controller Urbeat.WebApi.Controllers.AuthController (Urbeat.WebApi).
(2026-06-08T01:29:11.3832642Z, 2026-06-08T01:29:13.0955677Z] aspnetcore.routing.is_fallback: false aspnetcore.routing.match_status: success http.route: api/public/stores
Value: 1
(2026-06-08T01:29:11.3832642Z, 2026-06-08T01:29:13.0955677Z] aspnetcore.routing.is_fallback: false aspnetcore.routing.match_status: success http.route: api/customer/home
Value: 1
(2026-06-08T01:29:11.3832642Z, 2026-06-08T01:29:13.0955677Z] aspnetcore.routing.is_fallback: false aspnetcore.routing.match_status: success http.route: api/stores/{storeId}/categories
Value: 5
(2026-06-08T01:29:11.3832642Z, 2026-06-08T01:29:13.0955677Z] aspnetcore.routing.is_fallback: false aspnetcore.routing.match_status: success http.route: api/public/stores/{storeId}
Value: 1
(2026-06-08T01:29:11.3832642Z, 2026-06-08T01:29:13.0955677Z] aspnetcore.routing.is_fallback: false aspnetcore.routing.match_status: success http.route: api/LandingPageContent/section/{section}
Value: 1
    http.route: api/stores/{storeId}/address
    http.response.status_code: 403
(2026-06-08T01:29:11.3832642Z, 2026-06-08T01:29:13.0955677Z] aspnetcore.routing.is_fallback: false aspnetcore.routing.match_status: success http.route: api/stores/{storeId}/products
Value: 4
Instrumentation scope (ActivitySource):
    Name: Microsoft.AspNetCore
Resource associated with Activity:
(2026-06-08T01:29:11.3832642Z, 2026-06-08T01:29:13.0955677Z] aspnetcore.routing.is_fallback: false aspnetcore.routing.match_status: success http.route: api/LandingPageContent/{id:guid}
Value: 3
    telemetry.sdk.name: opentelemetry
    telemetry.sdk.language: dotnet
    telemetry.sdk.version: 1.14.0
    service.name: unknown_service:testhost
(2026-06-08T01:29:11.3832642Z, 2026-06-08T01:29:13.0955677Z] aspnetcore.routing.is_fallback: false aspnetcore.routing.match_status: success http.route: api/stores/{storeId}/products/{productId}/availability
Value: 2
(2026-06-08T01:29:11.3832642Z, 2026-06-08T01:29:13.0955677Z] aspnetcore.routing.is_fallback: false aspnetcore.routing.match_status: success http.route: api/public/stores/{storeId}/catalog/products
Value: 2
Activity.TraceId:            ba833c2592f4204efa15fc50247010ed
[22:29:13 INF] Saved 1 entities to in-memory store.
Activity.SpanId:             1664616f7f19226a
(2026-06-08T01:29:11.3832642Z, 2026-06-08T01:29:13.0955677Z] aspnetcore.routing.is_fallback: false aspnetcore.routing.match_status: success http.route: api/public/stores/{storeId}/catalog/categories
Value: 1
Activity.TraceFlags:         Recorded
Activity.DisplayName:        POST api/auth/login/customer
Activity.TraceId:            e1d1bc51e0c634ff0658732287e04982
Metric Name: aspnetcore.routing.match_attempts, Description: Number of requests that were attempted to be matched to an endpoint., Unit: {match_attempt}, Metric Type: LongSum
Activity.Kind:               Server
Activity.SpanId:             20831bebee597957
Instrumentation scope (Meter):
Activity.TraceFlags:         Recorded
	Name: Microsoft.AspNetCore.Routing
Activity.DisplayName:        PUT api/stores/{storeId}/address
Activity.StartTime:          2026-06-08T01:29:13.0955636Z
Activity.Kind:               Server
Activity.Duration:           00:00:00.0669150
Activity.Tags:
(2026-06-08T01:29:11.8219254Z, 2026-06-08T01:29:13.0955708Z] aspnetcore.routing.is_fallback: false aspnetcore.routing.match_status: success http.route: api/auth/register/seller
Value: 3
Activity.StartTime:          2026-06-08T01:29:13.0614441Z
    server.address: localhost
Activity.Duration:           00:00:00.1013484
    http.request.method: POST
Activity.Tags:
(2026-06-08T01:29:11.8219254Z, 2026-06-08T01:29:13.0955708Z] aspnetcore.routing.is_fallback: false aspnetcore.routing.match_status: success http.route: api/auth/login/seller
Value: 3
    url.scheme: http
    server.address: localhost
    url.path: /api/auth/login/customer
    http.request.method: PUT
    url.scheme: http
(2026-06-08T01:29:11.8219254Z, 2026-06-08T01:29:13.0955708Z] aspnetcore.routing.is_fallback: false aspnetcore.routing.match_status: success http.route: api/stores
Value: 3
    url.path: /api/stores/019ea4d9-1d20-7788-b1af-3a2a8155794a/address
    network.protocol.version: 1.1
    http.route: api/stores/{storeId}/address
    network.protocol.version: 1.1
    http.response.status_code: 403
    http.route: api/auth/login/customer
    http.response.status_code: 423
(2026-06-08T01:29:11.8219254Z, 2026-06-08T01:29:13.0955708Z] aspnetcore.routing.is_fallback: false aspnetcore.routing.match_status: success http.route: api/webhooks/asaas
Value: 3
Instrumentation scope (ActivitySource):
Instrumentation scope (ActivitySource):
    Name: Microsoft.AspNetCore
    Name: Microsoft.AspNetCore
Resource associated with Activity:
Resource associated with Activity:
(2026-06-08T01:29:11.8219254Z, 2026-06-08T01:29:13.0955708Z] aspnetcore.routing.is_fallback: false aspnetcore.routing.match_status: success http.route: api/stores/{storeId}/address
Value: 1
    telemetry.sdk.name: opentelemetry
    telemetry.sdk.name: opentelemetry
Metric Name: http.server.active_requests, Description: Number of active HTTP server requests., Unit: {request}, Metric Type: LongSumNonMonotonic
    telemetry.sdk.language: dotnet
Instrumentation scope (Meter):
    telemetry.sdk.version: 1.14.0
    telemetry.sdk.language: dotnet
	Name: Microsoft.AspNetCore.Hosting
    telemetry.sdk.version: 1.14.0
    service.name: unknown_service:testhost
    service.name: unknown_service:testhost
(2026-06-08T01:29:12.1733529Z, 2026-06-08T01:29:13.0955728Z] http.request.method: POST url.scheme: http
Value: 1
Activity.TraceId:            ba833c2592f4204efa15fc50247010ed
Metric Name: http.server.request.duration, Description: Duration of HTTP server requests., Unit: s, Metric Type: Histogram
Activity.TraceId:            e1d1bc51e0c634ff0658732287e04982
Instrumentation scope (Meter):
[22:29:13 INF] Saved 1 entities to in-memory store.
	Name: Microsoft.AspNetCore.Hosting
[22:29:13 INF] Executing action method Urbeat.WebApi.Controllers.AuthController.RegisterCustomer (Urbeat.WebApi) - Validation state: Valid
Activity.SpanId:             1664616f7f19226a
(2026-06-08T01:29:12.1734418Z, 2026-06-08T01:29:13.0955759Z] http.request.method: POST http.response.status_code: 401 http.route: api/webhooks/asaas network.protocol.version: 1.1 url.scheme: http
Value: Sum: 0.0198709 Count: 1 Min: 0.0198709 Max: 0.0198709 
(-Infinity,0,005]:0
(0,005,0,01]:0
(0,01,0,025]:1
(0,025,0,05]:0
(0,05,0,075]:0
(0,075,0,1]:0
(0,1,0,25]:0
(0,25,0,5]:0
(0,5,0,75]:0
(0,75,1]:0
(1,2,5]:0
(2,5,5]:0
(5,7,5]:0
(7,5,10]:0
(10,+Infinity]:0
Activity.TraceFlags:         Recorded
Activity.SpanId:             20831bebee597957
[22:29:13 INF] Executing ObjectResult, writing value of type '<>f__AnonymousType2`3[[System.Nullable`1[[System.Guid, System.Private.CoreLib, Version=9.0.0.0, Culture=neutral, PublicKeyToken=7cec85d7bea7798e]], System.Private.CoreLib, Version=9.0.0.0, Culture=neutral, PublicKeyToken=7cec85d7bea7798e],[System.Boolean, System.Private.CoreLib, Version=9.0.0.0, Culture=neutral, PublicKeyToken=7cec85d7bea7798e],[System.String, System.Private.CoreLib, Version=9.0.0.0, Culture=neutral, PublicKeyToken=7cec85d7bea7798e]]'.
Activity.DisplayName:        POST api/auth/login/customer
Activity.TraceFlags:         Recorded
[22:29:13 INF] Executing action method Urbeat.WebApi.Controllers.AuthController.RegisterSeller (Urbeat.WebApi) - Validation state: Valid
(2026-06-08T01:29:12.1734418Z, 2026-06-08T01:29:13.0955759Z] http.request.method: POST http.response.status_code: 201 http.route: api/auth/register/seller network.protocol.version: 1.1 url.scheme: http
Value: Sum: 0.1039845 Count: 1 Min: 0.1039845 Max: 0.1039845 
(-Infinity,0,005]:0
(0,005,0,01]:0
(0,01,0,025]:0
(0,025,0,05]:0
(0,05,0,075]:0
(0,075,0,1]:0
(0,1,0,25]:1
(0,25,0,5]:0
(0,5,0,75]:0
(0,75,1]:0
(1,2,5]:0
(2,5,5]:0
(5,7,5]:0
(7,5,10]:0
(10,+Infinity]:0
Activity.DisplayName:        PUT api/stores/{storeId}/address
Activity.Kind:               Server
Activity.Kind:               Server
Activity.StartTime:          2026-06-08T01:29:13.0955636Z
Activity.StartTime:          2026-06-08T01:29:13.0614441Z
Activity.Duration:           00:00:00.0669150
Activity.Duration:           00:00:00.1013484
Activity.Tags:
(2026-06-08T01:29:12.1734418Z, 2026-06-08T01:29:13.0955759Z] http.request.method: POST http.response.status_code: 200 http.route: api/auth/login/seller network.protocol.version: 1.1 url.scheme: http
Value: Sum: 0.1091682 Count: 1 Min: 0.1091682 Max: 0.1091682 
(-Infinity,0,005]:0
(0,005,0,01]:0
(0,01,0,025]:0
(0,025,0,05]:0
(0,05,0,075]:0
(0,075,0,1]:0
(0,1,0,25]:1
(0,25,0,5]:0
(0,5,0,75]:0
(0,75,1]:0
(1,2,5]:0
(2,5,5]:0
(5,7,5]:0
(7,5,10]:0
(10,+Infinity]:0
    server.address: localhost
Activity.Tags:
    http.request.method: POST
    server.address: localhost
    url.scheme: http
    url.path: /api/auth/login/customer
    http.request.method: PUT
    url.scheme: http
    url.path: /api/stores/019ea4d9-1d20-7788-b1af-3a2a8155794a/address
    network.protocol.version: 1.1
(2026-06-08T01:29:12.1734418Z, 2026-06-08T01:29:13.0955759Z] http.request.method: POST http.response.status_code: 201 http.route: api/stores network.protocol.version: 1.1 url.scheme: http
Value: Sum: 0.015027 Count: 1 Min: 0.015027 Max: 0.015027 
(-Infinity,0,005]:0
(0,005,0,01]:0
(0,01,0,025]:1
(0,025,0,05]:0
(0,05,0,075]:0
(0,075,0,1]:0
(0,1,0,25]:0
(0,25,0,5]:0
(0,5,0,75]:0
(0,75,1]:0
(1,2,5]:0
(2,5,5]:0
(5,7,5]:0
(7,5,10]:0
(10,+Infinity]:0
    network.protocol.version: 1.1
    http.route: api/stores/{storeId}/address
    http.route: api/auth/login/customer
    http.response.status_code: 403
    http.response.status_code: 423
Instrumentation scope (ActivitySource):
Instrumentation scope (ActivitySource):
    Name: Microsoft.AspNetCore
    Name: Microsoft.AspNetCore
Resource associated with Activity:
Resource associated with Activity:
    telemetry.sdk.name: opentelemetry
    telemetry.sdk.name: opentelemetry
    telemetry.sdk.language: dotnet
    telemetry.sdk.language: dotnet
(2026-06-08T01:29:12.1734418Z, 2026-06-08T01:29:13.0955759Z] http.request.method: POST http.response.status_code: 200 http.route: api/webhooks/asaas network.protocol.version: 1.1 url.scheme: http
Value: Sum: 0.1163226 Count: 1 Min: 0.1163226 Max: 0.1163226 
(-Infinity,0,005]:0
(0,005,0,01]:0
(0,01,0,025]:0
(0,025,0,05]:0
(0,05,0,075]:0
(0,075,0,1]:0
(0,1,0,25]:1
(0,25,0,5]:0
(0,5,0,75]:0
(0,75,1]:0
(1,2,5]:0
(2,5,5]:0
(5,7,5]:0
(7,5,10]:0
(10,+Infinity]:0
    telemetry.sdk.version: 1.14.0
    telemetry.sdk.version: 1.14.0
    service.name: unknown_service:testhost
    service.name: unknown_service:testhost
Activity.TraceId:            ba833c2592f4204efa15fc50247010ed
Activity.SpanId:             1664616f7f19226a
Activity.TraceFlags:         Recorded
Activity.DisplayName:        POST api/auth/login/customer
Activity.Kind:               Server
Activity.StartTime:          2026-06-08T01:29:13.0955636Z
Activity.Duration:           00:00:00.0669150
Activity.Tags:
    server.address: localhost
    http.request.method: POST
    url.scheme: http
    url.path: /api/auth/login/customer
    network.protocol.version: 1.1
    http.route: api/auth/login/customer
    http.response.status_code: 423
Instrumentation scope (ActivitySource):
    Name: Microsoft.AspNetCore
Resource associated with Activity:
    telemetry.sdk.name: opentelemetry
    telemetry.sdk.language: dotnet
    telemetry.sdk.version: 1.14.0
    service.name: unknown_service:testhost
[22:29:13 INF] Executed action method Urbeat.WebApi.Controllers.StoreProductsController.Create (Urbeat.WebApi), returned result Microsoft.AspNetCore.Mvc.ObjectResult in 1.0114ms.
[22:29:13 INF] Executing ObjectResult, writing value of type 'Urbeat.Application.DTOs.ProductResponseDto'.
[22:29:13 INF] Executed action Urbeat.WebApi.Controllers.StoreProductsController.Create (Urbeat.WebApi) in 37.732ms
[22:29:13 INF] Executed endpoint 'Urbeat.WebApi.Controllers.StoreProductsController.Create (Urbeat.WebApi)'
[22:29:13 INF] Request finished HTTP/1.1 POST http://localhost/api/stores/019ea4d9-1e49-721d-be79-cd718008d8cd/products - 201 null application/json; charset=utf-8 103.7ms
Activity.TraceId:            6b5b561d233bd7adb68eee20ed8c4d62
Activity.SpanId:             e91094fdf575bf51
Activity.TraceFlags:         Recorded
Activity.DisplayName:        POST api/stores/{storeId}/products
Activity.Kind:               Server
Activity.StartTime:          2026-06-08T01:29:13.0962710Z
Activity.Duration:           00:00:00.1037415
Activity.Tags:
[22:29:13 INF] Executing action method Urbeat.WebApi.Controllers.SubscriptionsController.GetMyChargeHistory (Urbeat.WebApi) - Validation state: Valid
    server.address: localhost
    http.request.method: POST
    url.scheme: http
    url.path: /api/stores/019ea4d9-1e49-721d-be79-cd718008d8cd/products
    network.protocol.version: 1.1
    http.route: api/stores/{storeId}/products
    http.response.status_code: 201
[22:29:13 INF] EMAIL_CONFIRM_JOB_STARTED | Sending confirmation email | UserId=019ea4d9-1e8a-769e-8b14-9a982b064816
Instrumentation scope (ActivitySource):
    Name: Microsoft.AspNetCore
Resource associated with Activity:
[22:29:13 INF] Request starting HTTP/1.1 DELETE http://localhost/api/stores/019ea4d9-1e49-721d-be79-cd718008d8cd/products/019ea4d9-1eef-7dcf-92d8-15caece95d46 - null null
    telemetry.sdk.name: opentelemetry
    telemetry.sdk.language: dotnet
    telemetry.sdk.version: 1.14.0
    service.name: unknown_service:testhost
[22:29:13 INF] Saved 1 entities to in-memory store.
Activity.TraceId:            6b5b561d233bd7adb68eee20ed8c4d62
[22:29:13 INF] Executed action method Urbeat.WebApi.Controllers.SubscriptionsController.GetMyChargeHistory (Urbeat.WebApi), returned result Microsoft.AspNetCore.Mvc.OkObjectResult in 7.0143ms.
Activity.TraceId:            9f2ecb7232fb68639c41d9b1d45ecb93
Activity.SpanId:             e91094fdf575bf51
Activity.SpanId:             cc22023ad3c81cda
Activity.TraceFlags:         Recorded
Activity.TraceFlags:         Recorded
Activity.DisplayName:        POST api/auth/register/seller
Activity.DisplayName:        POST api/stores/{storeId}/products
Activity.Kind:               Server
Activity.Kind:               Server
Activity.StartTime:          2026-06-08T01:29:13.0978972Z
Activity.StartTime:          2026-06-08T01:29:13.0962710Z
Activity.Duration:           00:00:00.1020996
Activity.Duration:           00:00:00.1037415
Activity.Tags:
Activity.Tags:
    server.address: localhost
    http.request.method: POST
    server.address: localhost
    url.scheme: http
    http.request.method: POST
    url.path: /api/auth/register/seller
    url.scheme: http
    network.protocol.version: 1.1
    url.path: /api/stores/019ea4d9-1e49-721d-be79-cd718008d8cd/products
    http.route: api/auth/register/seller
    network.protocol.version: 1.1
    http.route: api/stores/{storeId}/products
    http.response.status_code: 201
    http.response.status_code: 201
Instrumentation scope (ActivitySource):
Instrumentation scope (ActivitySource):
    Name: Microsoft.AspNetCore
    Name: Microsoft.AspNetCore
Resource associated with Activity:
Resource associated with Activity:
    telemetry.sdk.name: opentelemetry
    telemetry.sdk.name: opentelemetry
    telemetry.sdk.language: dotnet
    telemetry.sdk.language: dotnet
    telemetry.sdk.version: 1.14.0
    telemetry.sdk.version: 1.14.0
    service.name: unknown_service:testhost
    service.name: unknown_service:testhost
Activity.TraceId:            9f2ecb7232fb68639c41d9b1d45ecb93
Activity.SpanId:             cc22023ad3c81cda
Activity.TraceId:            6b5b561d233bd7adb68eee20ed8c4d62
Activity.SpanId:             e91094fdf575bf51
Activity.TraceFlags:         Recorded
Activity.TraceFlags:         Recorded
Activity.DisplayName:        POST api/auth/register/seller
Activity.DisplayName:        POST api/stores/{storeId}/products
Activity.Kind:               Server
Activity.Kind:               Server
Activity.StartTime:          2026-06-08T01:29:13.0962710Z
Activity.StartTime:          2026-06-08T01:29:13.0978972Z
Activity.Duration:           00:00:00.1037415
Activity.Tags:
Activity.Duration:           00:00:00.1020996
    server.address: localhost
Activity.Tags:
    http.request.method: POST
    url.scheme: http
    url.path: /api/stores/019ea4d9-1e49-721d-be79-cd718008d8cd/products
    network.protocol.version: 1.1
    server.address: localhost
    http.request.method: POST
    url.scheme: http
    url.path: /api/auth/register/seller
    http.route: api/stores/{storeId}/products
    network.protocol.version: 1.1
    http.response.status_code: 201
    http.route: api/auth/register/seller
Instrumentation scope (ActivitySource):
    Name: Microsoft.AspNetCore
Resource associated with Activity:
    telemetry.sdk.name: opentelemetry
    http.response.status_code: 201
    telemetry.sdk.language: dotnet
Instrumentation scope (ActivitySource):
    Name: Microsoft.AspNetCore
Resource associated with Activity:
    telemetry.sdk.version: 1.14.0
    service.name: unknown_service:testhost
    telemetry.sdk.name: opentelemetry
Activity.TraceId:            6b5b561d233bd7adb68eee20ed8c4d62
    telemetry.sdk.language: dotnet
    telemetry.sdk.version: 1.14.0
    service.name: unknown_service:testhost
Activity.SpanId:             e91094fdf575bf51
Activity.TraceFlags:         Recorded
Activity.DisplayName:        POST api/stores/{storeId}/products
Activity.Kind:               Server
Activity.TraceId:            9f2ecb7232fb68639c41d9b1d45ecb93
Activity.StartTime:          2026-06-08T01:29:13.0962710Z
Activity.SpanId:             cc22023ad3c81cda
Activity.Duration:           00:00:00.1037415
Activity.Tags:
    server.address: localhost
    http.request.method: POST
    url.scheme: http
    url.path: /api/stores/019ea4d9-1e49-721d-be79-cd718008d8cd/products
Activity.TraceFlags:         Recorded
    network.protocol.version: 1.1
Activity.DisplayName:        POST api/auth/register/seller
Activity.Kind:               Server
    http.route: api/stores/{storeId}/products
Activity.StartTime:          2026-06-08T01:29:13.0978972Z
Activity.Duration:           00:00:00.1020996
Activity.Tags:
    http.response.status_code: 201
    server.address: localhost
    http.request.method: POST
    url.scheme: http
    url.path: /api/auth/register/seller
    network.protocol.version: 1.1
    http.route: api/auth/register/seller
    http.response.status_code: 201
Instrumentation scope (ActivitySource):
Instrumentation scope (ActivitySource):
    Name: Microsoft.AspNetCore
    Name: Microsoft.AspNetCore
Resource associated with Activity:
Resource associated with Activity:
    telemetry.sdk.name: opentelemetry
    telemetry.sdk.name: opentelemetry
    telemetry.sdk.language: dotnet
    telemetry.sdk.language: dotnet
    telemetry.sdk.version: 1.14.0
    service.name: unknown_service:testhost
    telemetry.sdk.version: 1.14.0
    service.name: unknown_service:testhost
Activity.TraceId:            9f2ecb7232fb68639c41d9b1d45ecb93
Activity.SpanId:             cc22023ad3c81cda
Activity.TraceId:            6b5b561d233bd7adb68eee20ed8c4d62
[22:29:13 INF] EMAIL_ALREADY_CONFIRMED | Already confirmed | UserId=019ea4d9-1e8a-769e-8b14-9a982b064816
Activity.TraceFlags:         Recorded
Activity.SpanId:             e91094fdf575bf51
Activity.DisplayName:        POST api/auth/register/seller
Activity.Kind:               Server
[22:29:13 INF] EMAIL_CONFIRM_JOB_COMPLETED | Job completed | UserId=019ea4d9-1e8a-769e-8b14-9a982b064816
Activity.TraceFlags:         Recorded
Activity.DisplayName:        POST api/stores/{storeId}/products
Activity.Kind:               Server
Activity.StartTime:          2026-06-08T01:29:13.0978972Z
Activity.StartTime:          2026-06-08T01:29:13.0962710Z
Activity.Duration:           00:00:00.1037415
Activity.Tags:
Activity.Duration:           00:00:00.1020996
Activity.Tags:
    server.address: localhost
    http.request.method: POST
    url.scheme: http
    url.path: /api/auth/register/seller
    server.address: localhost
    http.request.method: POST
    url.scheme: http
    url.path: /api/stores/019ea4d9-1e49-721d-be79-cd718008d8cd/products
    network.protocol.version: 1.1
    http.route: api/auth/register/seller
    http.response.status_code: 201
    network.protocol.version: 1.1
    http.route: api/stores/{storeId}/products
Instrumentation scope (ActivitySource):
    Name: Microsoft.AspNetCore
    http.response.status_code: 201
Instrumentation scope (ActivitySource):
    Name: Microsoft.AspNetCore
Resource associated with Activity:
Resource associated with Activity:
    telemetry.sdk.name: opentelemetry
    telemetry.sdk.language: dotnet
    telemetry.sdk.name: opentelemetry
    telemetry.sdk.version: 1.14.0
    telemetry.sdk.language: dotnet
    service.name: unknown_service:testhost
    telemetry.sdk.version: 1.14.0
    service.name: unknown_service:testhost
Activity.TraceId:            9f2ecb7232fb68639c41d9b1d45ecb93
Activity.SpanId:             cc22023ad3c81cda
Activity.TraceFlags:         Recorded
Activity.DisplayName:        POST api/auth/register/seller
Activity.Kind:               Server
Activity.StartTime:          2026-06-08T01:29:13.0978972Z
Activity.Duration:           00:00:00.1020996
Activity.Tags:
    server.address: localhost
    http.request.method: POST
    url.scheme: http
    url.path: /api/auth/register/seller
    network.protocol.version: 1.1
    http.route: api/auth/register/seller
    http.response.status_code: 201
Instrumentation scope (ActivitySource):
    Name: Microsoft.AspNetCore
Resource associated with Activity:
    telemetry.sdk.name: opentelemetry
    telemetry.sdk.language: dotnet
    telemetry.sdk.version: 1.14.0
    service.name: unknown_service:testhost
[22:29:13 INF] Executing endpoint 'Urbeat.WebApi.Controllers.StoreProductsController.Delete (Urbeat.WebApi)'
[22:29:13 INF] Executed action Urbeat.WebApi.Controllers.SubscriptionsController.GetMyChargeHistory (Urbeat.WebApi) in 41.3039ms
[22:29:13 INF] Request finished HTTP/1.1 GET http://localhost/api/subscriptions/my/charges - 200 null application/json; charset=utf-8 110.942ms
Activity.TraceId:            b2d8303ccc31bdb53c6b14b7c6a14ae2
Activity.SpanId:             875f67d92ee5bc8d
Activity.TraceFlags:         Recorded
Activity.DisplayName:        GET api/subscriptions/my/charges
Activity.Kind:               Server
Activity.StartTime:          2026-06-08T01:29:13.1294413Z
Activity.Duration:           00:00:00.1110623
Activity.Tags:
    server.address: localhost
    http.request.method: GET
    url.scheme: http
    url.path: /api/subscriptions/my/charges
    network.protocol.version: 1.1
    http.route: api/subscriptions/my/charges
    http.response.status_code: 200
Instrumentation scope (ActivitySource):
    Name: Microsoft.AspNetCore
Resource associated with Activity:
    telemetry.sdk.name: opentelemetry
    telemetry.sdk.language: dotnet
    telemetry.sdk.version: 1.14.0
    service.name: unknown_service:testhost
Activity.TraceId:            b2d8303ccc31bdb53c6b14b7c6a14ae2
Activity.SpanId:             875f67d92ee5bc8d
Activity.TraceFlags:         Recorded
Activity.DisplayName:        GET api/subscriptions/my/charges
Activity.Kind:               Server
Activity.StartTime:          2026-06-08T01:29:13.1294413Z
Activity.Duration:           00:00:00.1110623
Activity.Tags:
    server.address: localhost
    http.request.method: GET
    url.scheme: http
    url.path: /api/subscriptions/my/charges
    network.protocol.version: 1.1
    http.route: api/subscriptions/my/charges
    http.response.status_code: 200
Instrumentation scope (ActivitySource):
    Name: Microsoft.AspNetCore
Resource associated with Activity:
    telemetry.sdk.name: opentelemetry
    telemetry.sdk.language: dotnet
    telemetry.sdk.version: 1.14.0
    service.name: unknown_service:testhost
Activity.TraceId:            b2d8303ccc31bdb53c6b14b7c6a14ae2
Activity.SpanId:             875f67d92ee5bc8d
Activity.TraceFlags:         Recorded
Activity.DisplayName:        GET api/subscriptions/my/charges
Activity.Kind:               Server
[22:29:13 INF] Route matched with {action = "Delete", controller = "StoreProducts"}. Executing controller action with signature System.Threading.Tasks.Task`1[Microsoft.AspNetCore.Mvc.IActionResult] Delete(System.Guid, System.Threading.CancellationToken) on controller Urbeat.WebApi.Controllers.StoreProductsController (Urbeat.WebApi).
Activity.StartTime:          2026-06-08T01:29:13.1294413Z
Activity.Duration:           00:00:00.1110623
Activity.Tags:
    server.address: localhost
    http.request.method: GET
    url.scheme: http
    url.path: /api/subscriptions/my/charges
    network.protocol.version: 1.1
    http.route: api/subscriptions/my/charges
    http.response.status_code: 200
Instrumentation scope (ActivitySource):
    Name: Microsoft.AspNetCore
Resource associated with Activity:
    telemetry.sdk.name: opentelemetry
    telemetry.sdk.language: dotnet
    telemetry.sdk.version: 1.14.0
    service.name: unknown_service:testhost
Activity.TraceId:            b2d8303ccc31bdb53c6b14b7c6a14ae2
Activity.SpanId:             875f67d92ee5bc8d
Activity.TraceFlags:         Recorded
Activity.DisplayName:        GET api/subscriptions/my/charges
Activity.Kind:               Server
Activity.StartTime:          2026-06-08T01:29:13.1294413Z
Activity.Duration:           00:00:00.1110623
Activity.Tags:
    server.address: localhost
    http.request.method: GET
    url.scheme: http
    url.path: /api/subscriptions/my/charges
    network.protocol.version: 1.1
    http.route: api/subscriptions/my/charges
    http.response.status_code: 200
Instrumentation scope (ActivitySource):
    Name: Microsoft.AspNetCore
Resource associated with Activity:
    telemetry.sdk.name: opentelemetry
    telemetry.sdk.language: dotnet
    telemetry.sdk.version: 1.14.0
    service.name: unknown_service:testhost
Activity.TraceId:            b2d8303ccc31bdb53c6b14b7c6a14ae2
Activity.SpanId:             875f67d92ee5bc8d
Activity.TraceFlags:         Recorded
Activity.DisplayName:        GET api/subscriptions/my/charges
Activity.Kind:               Server
Activity.StartTime:          2026-06-08T01:29:13.1294413Z
Activity.Duration:           00:00:00.1110623
Activity.Tags:
    server.address: localhost
    http.request.method: GET
    url.scheme: http
    url.path: /api/subscriptions/my/charges
    network.protocol.version: 1.1
    http.route: api/subscriptions/my/charges
    http.response.status_code: 200
Instrumentation scope (ActivitySource):
    Name: Microsoft.AspNetCore
Resource associated with Activity:
    telemetry.sdk.name: opentelemetry
    telemetry.sdk.language: dotnet
    telemetry.sdk.version: 1.14.0
    service.name: unknown_service:testhost
[22:29:13 INF] Executing action method Urbeat.WebApi.Controllers.StoreProductsController.Delete (Urbeat.WebApi) - Validation state: Valid
[22:29:13 INF] Saved 1 entities to in-memory store.
[22:29:13 INF] Saved 1 entities to in-memory store.
[22:29:13 INF] Executed action method Urbeat.WebApi.Controllers.StoreProductsController.Delete (Urbeat.WebApi), returned result Microsoft.AspNetCore.Mvc.NoContentResult in 2.5384ms.
[22:29:13 INF] Executed action Urbeat.WebApi.Controllers.StoreProductsController.Delete (Urbeat.WebApi) in 3.1452ms
[22:29:13 INF] Executed endpoint 'Urbeat.WebApi.Controllers.StoreProductsController.Delete (Urbeat.WebApi)'
[22:29:13 INF] Request finished HTTP/1.1 DELETE http://localhost/api/stores/019ea4d9-1e49-721d-be79-cd718008d8cd/products/019ea4d9-1eef-7dcf-92d8-15caece95d46 - 204 null null 43.9274ms
Activity.TraceId:            20356bffd999a2f33175e611dffc9763
Activity.SpanId:             75fe7d37bff2cf9d
Activity.TraceFlags:         Recorded
Activity.DisplayName:        DELETE api/stores/{storeId}/products/{productId}
Activity.Kind:               Server
Activity.StartTime:          2026-06-08T01:29:13.2002362Z
Activity.Duration:           00:00:00.0440489
Activity.Tags:
    server.address: localhost
    http.request.method: DELETE
    url.scheme: http
    url.path: /api/stores/019ea4d9-1e49-721d-be79-cd718008d8cd/products/019ea4d9-1eef-7dcf-92d8-15caece95d46
    network.protocol.version: 1.1
    http.route: api/stores/{storeId}/products/{productId}
    http.response.status_code: 204
Instrumentation scope (ActivitySource):
    Name: Microsoft.AspNetCore
Resource associated with Activity:
    telemetry.sdk.name: opentelemetry
    telemetry.sdk.language: dotnet
    telemetry.sdk.version: 1.14.0
    service.name: unknown_service:testhost
Activity.TraceId:            20356bffd999a2f33175e611dffc9763
Activity.SpanId:             75fe7d37bff2cf9d
Activity.TraceFlags:         Recorded
Activity.DisplayName:        DELETE api/stores/{storeId}/products/{productId}
Activity.Kind:               Server
Activity.StartTime:          2026-06-08T01:29:13.2002362Z
Activity.Duration:           00:00:00.0440489
Activity.Tags:
    server.address: localhost
    http.request.method: DELETE
    url.scheme: http
    url.path: /api/stores/019ea4d9-1e49-721d-be79-cd718008d8cd/products/019ea4d9-1eef-7dcf-92d8-15caece95d46
    network.protocol.version: 1.1
    http.route: api/stores/{storeId}/products/{productId}
    http.response.status_code: 204
Instrumentation scope (ActivitySource):
    Name: Microsoft.AspNetCore
Resource associated with Activity:
    telemetry.sdk.name: opentelemetry
    telemetry.sdk.language: dotnet
    telemetry.sdk.version: 1.14.0
    service.name: unknown_service:testhost
Activity.TraceId:            20356bffd999a2f33175e611dffc9763
Activity.SpanId:             75fe7d37bff2cf9d
Activity.TraceFlags:         Recorded
Activity.DisplayName:        DELETE api/stores/{storeId}/products/{productId}
Activity.Kind:               Server
Activity.StartTime:          2026-06-08T01:29:13.2002362Z
Activity.Duration:           00:00:00.0440489
Activity.Tags:
    server.address: localhost
    http.request.method: DELETE
    url.scheme: http
    url.path: /api/stores/019ea4d9-1e49-721d-be79-cd718008d8cd/products/019ea4d9-1eef-7dcf-92d8-15caece95d46
    network.protocol.version: 1.1
    http.route: api/stores/{storeId}/products/{productId}
    http.response.status_code: 204
Instrumentation scope (ActivitySource):
    Name: Microsoft.AspNetCore
Resource associated with Activity:
    telemetry.sdk.name: opentelemetry
    telemetry.sdk.language: dotnet
    telemetry.sdk.version: 1.14.0
    service.name: unknown_service:testhost
Activity.TraceId:            20356bffd999a2f33175e611dffc9763
Activity.SpanId:             75fe7d37bff2cf9d
Activity.TraceFlags:         Recorded
Activity.DisplayName:        DELETE api/stores/{storeId}/products/{productId}
Activity.Kind:               Server
Activity.StartTime:          2026-06-08T01:29:13.2002362Z
Activity.Duration:           00:00:00.0440489
Activity.Tags:
    server.address: localhost
    http.request.method: DELETE
    url.scheme: http
    url.path: /api/stores/019ea4d9-1e49-721d-be79-cd718008d8cd/products/019ea4d9-1eef-7dcf-92d8-15caece95d46
    network.protocol.version: 1.1
    http.route: api/stores/{storeId}/products/{productId}
    http.response.status_code: 204
Instrumentation scope (ActivitySource):
    Name: Microsoft.AspNetCore
Resource associated with Activity:
    telemetry.sdk.name: opentelemetry
    telemetry.sdk.language: dotnet
    telemetry.sdk.version: 1.14.0
    service.name: unknown_service:testhost
Activity.TraceId:            20356bffd999a2f33175e611dffc9763
Activity.SpanId:             75fe7d37bff2cf9d
Activity.TraceFlags:         Recorded
Activity.DisplayName:        DELETE api/stores/{storeId}/products/{productId}
Activity.Kind:               Server
Activity.StartTime:          2026-06-08T01:29:13.2002362Z
Activity.Duration:           00:00:00.0440489
Activity.Tags:
    server.address: localhost
    http.request.method: DELETE
    url.scheme: http
    url.path: /api/stores/019ea4d9-1e49-721d-be79-cd718008d8cd/products/019ea4d9-1eef-7dcf-92d8-15caece95d46
    network.protocol.version: 1.1
    http.route: api/stores/{storeId}/products/{productId}
    http.response.status_code: 204
Instrumentation scope (ActivitySource):
    Name: Microsoft.AspNetCore
Resource associated with Activity:
    telemetry.sdk.name: opentelemetry
    telemetry.sdk.language: dotnet
    telemetry.sdk.version: 1.14.0
    service.name: unknown_service:testhost
[22:29:13 INF] Request starting HTTP/1.1 GET http://localhost/api/stores/019ea4d9-1e49-721d-be79-cd718008d8cd/products - null null
[22:29:13 INF] Executing endpoint 'Urbeat.WebApi.Controllers.StoreProductsController.List (Urbeat.WebApi)'
[22:29:13 INF] Request starting HTTP/1.1 POST http://localhost/api/auth/register/seller - application/json; charset=utf-8 null
[22:29:13 INF] Route matched with {action = "RegisterSeller", controller = "Auth"}. Executing controller action with signature System.Threading.Tasks.Task`1[Microsoft.AspNetCore.Mvc.IActionResult] RegisterSeller(Urbeat.Application.DTOs.RegisterUserRequestDto, System.Threading.CancellationToken) on controller Urbeat.WebApi.Controllers.AuthController (Urbeat.WebApi).
[22:29:13 INF] Route matched with {action = "List", controller = "StoreProducts"}. Executing controller action with signature System.Threading.Tasks.Task`1[Microsoft.AspNetCore.Mvc.IActionResult] List(System.Guid, System.Threading.CancellationToken) on controller Urbeat.WebApi.Controllers.StoreProductsController (Urbeat.WebApi).
[22:29:13 INF] Executing action method Urbeat.WebApi.Controllers.StoreProductsController.List (Urbeat.WebApi) - Validation state: Valid
[22:29:13 INF] Executed action method Urbeat.WebApi.Controllers.AuthController.RegisterCustomer (Urbeat.WebApi), returned result Microsoft.AspNetCore.Mvc.ObjectResult in 62.0182ms.
[22:29:13 INF] Executed action method Urbeat.WebApi.Controllers.AuthController.RegisterSeller (Urbeat.WebApi), returned result Microsoft.AspNetCore.Mvc.ObjectResult in 62.1615ms.
[22:29:13 INF] EMAIL_CONFIRM_JOB_STARTED | Sending confirmation email | UserId=019ea4d9-1eef-758d-84f5-307dcd339a89
[22:29:13 INF] Executed action method Urbeat.WebApi.Controllers.StoreProductsController.List (Urbeat.WebApi), returned result Microsoft.AspNetCore.Mvc.OkObjectResult in 14.5861ms.
[22:29:13 INF] Executing action method Urbeat.WebApi.Controllers.AuthController.RegisterSeller (Urbeat.WebApi) - Validation state: Valid
[22:29:13 INF] Executing ObjectResult, writing value of type '<>f__AnonymousType2`3[[System.Nullable`1[[System.Guid, System.Private.CoreLib, Version=9.0.0.0, Culture=neutral, PublicKeyToken=7cec85d7bea7798e]], System.Private.CoreLib, Version=9.0.0.0, Culture=neutral, PublicKeyToken=7cec85d7bea7798e],[System.Boolean, System.Private.CoreLib, Version=9.0.0.0, Culture=neutral, PublicKeyToken=7cec85d7bea7798e],[System.String, System.Private.CoreLib, Version=9.0.0.0, Culture=neutral, PublicKeyToken=7cec85d7bea7798e]]'.
[22:29:13 INF] Executing OkObjectResult, writing value of type 'System.Collections.Generic.List`1[[Urbeat.Application.DTOs.ProductResponseDto, Urbeat.Application, Version=1.0.0.0, Culture=neutral, PublicKeyToken=null]]'.
[22:29:13 INF] Executed action Urbeat.WebApi.Controllers.AuthController.RegisterCustomer (Urbeat.WebApi) in 82.4142ms
[22:29:13 INF] Executed action Urbeat.WebApi.Controllers.AuthController.RegisterSeller (Urbeat.WebApi) in 82.0826ms
[22:29:13 INF] Executed action Urbeat.WebApi.Controllers.StoreProductsController.List (Urbeat.WebApi) in 33.1355ms
[22:29:13 INF] Executed endpoint 'Urbeat.WebApi.Controllers.StoreProductsController.List (Urbeat.WebApi)'
[22:29:13 INF] Request finished HTTP/1.1 POST http://localhost/api/auth/register/seller - 201 null application/json; charset=utf-8 116.846ms
[22:29:13 INF] Request finished HTTP/1.1 GET http://localhost/api/stores/019ea4d9-1e49-721d-be79-cd718008d8cd/products - 200 null application/json; charset=utf-8 37.3003ms
[22:29:13 INF] EMAIL_LOG_ONLY | Email skipped (LogOnly or no SMTP host) | To=store.address.e0a1adbe37c44320960abec92d57682d@urbeat.local | Subject=Confirme seu e-mail no Urbeat - Loja | Body=<!DOCTYPE html>
<html lang="pt-BR">
<head>
  <meta charset="UTF-8" />
  <meta name="viewport" content="width=device-width,initial-scale=1.0" />
  <title>Sua loja est� quase pronta!</title>
</head>
<body style="margin:0;padding:0;background:#FFF9F0;font-family:'Helvetica Neue',Helvetica,Arial,sans-serif;color:#2D2A2A;">
  <table role="presentation" width="100%" cellpadding="0" cellspacing="0" style="background:#FFF9F0;padding:32px 0;">
    <tr>
      <td align="center">
        <table role="presentation" width="560" cellpadding="0" cellspacing="0" style="background:#FFFCF8;border:1px solid #EDE4D9;border-radius:20px;overflow:hidden;">
          <tr>
            <td style="background:#C73E3A;padding:28px 32px;color:#FFFCF8;">
              <h1 style="margin:0;font-family:Georgia,serif;font-weight:400;font-size:28px;">Urbeat</h1>
            </td>
          </tr>
          <tr>
            <td style="padding:32px 40px 8px 40px;">
              <h2 style="margin:0 0 8px 0;font-family:Georgia,serif;font-weight:400;color:#2D2A2A;font-size:24px;">Sua loja est� quase pronta!</h2>
              <p style="margin:0;color:#7A7272;font-size:15px;">Ol�, vendedor(a)!</p>
            </td>
          </tr>
          <tr>
            <td style="padding:16px 40px;color:#2D2A2A;font-size:15px;line-height:1.6;">
              <p>Recebemos o cadastro da sua loja no <strong>Urbeat</strong>.
Para liberar o painel de vendas e receber pedidos, confirme seu e-mail.</p>
<p>Clique no bot�o abaixo para ativar sua conta. O link expira em 24 horas.</p>
            </td>
          </tr>
          <tr>
            <td align="center" style="padding:24px 40px 8px 40px;">
              <a href="https://urbeat.com.br/c/jVILuClXyP6SALOboETCwwp1j"
                 style="display:inline-block;background:#C73E3A;color:#FFFCF8;text-decoration:none;padding:14px 28px;border-radius:12px;font-weight:600;font-size:15px;">
                Confirmar e-mail da loja
              </a>
            </td>
          </tr>
          <tr>
            <td style="padding:8px 40px 24px 40px;color:#7A7272;font-size:13px;line-height:1.5;">
              <p>Se o bot�o n�o funcionar, copie e cole o link abaixo no seu navegador:</p>
              <p style="word-break:break-all;color:#C73E3A;"><a href="https://urbeat.com.br/c/jVILuClXyP6SALOboETCwwp1j" style="color:#C73E3A;">https://urbeat.com.br/c/jVILuClXyP6SALOboETCwwp1j</a></p>
            </td>
          </tr>
          <tr>
            <td style="padding:16px 40px 32px 40px;border-top:1px solid #EDE4D9;color:#7A7272;font-size:13px;line-height:1.5;">
              <p>Se voc� n�o criou um cadastro de loja no Urbeat, pode ignorar este e-mail.</p>
              <p style="margin-top:16px;">- Equipe Urbeat</p>
            </td>
          </tr>
        </table>
      </td>
    </tr>
  </table>
</body>
</html>
Activity.TraceId:            dc9c339f1aa82157ffe02c66e60f586c
Activity.SpanId:             30c47e1a7513c484
Activity.TraceFlags:         Recorded
Activity.DisplayName:        POST api/auth/register/seller
Activity.Kind:               Server
Activity.StartTime:          2026-06-08T01:29:13.1648654Z
Activity.Duration:           00:00:00.1169560
Activity.Tags:
    server.address: localhost
    http.request.method: POST
    url.scheme: http
    url.path: /api/auth/register/seller
    network.protocol.version: 1.1
    http.route: api/auth/register/seller
    http.response.status_code: 201
Instrumentation scope (ActivitySource):
    Name: Microsoft.AspNetCore
Resource associated with Activity:
    telemetry.sdk.name: opentelemetry
    telemetry.sdk.language: dotnet
    telemetry.sdk.version: 1.14.0
    service.name: unknown_service:testhost
Activity.TraceId:            dc9c339f1aa82157ffe02c66e60f586c
Activity.SpanId:             30c47e1a7513c484
Activity.TraceId:            386cc0b53e88555177c11da50a539c88
Activity.TraceFlags:         Recorded
Activity.SpanId:             031f4b8adc747768
Activity.DisplayName:        POST api/auth/register/seller
Activity.TraceFlags:         Recorded
Activity.Kind:               Server
Activity.DisplayName:        GET api/stores/{storeId}/products
Activity.StartTime:          2026-06-08T01:29:13.1648654Z
Activity.Duration:           00:00:00.1169560
Activity.Tags:
Activity.Kind:               Server
    server.address: localhost
    http.request.method: POST
    url.scheme: http
    url.path: /api/auth/register/seller
Activity.StartTime:          2026-06-08T01:29:13.2444856Z
    network.protocol.version: 1.1
Activity.Duration:           00:00:00.0373991
    http.route: api/auth/register/seller
Activity.Tags:
    http.response.status_code: 201
    server.address: localhost
Instrumentation scope (ActivitySource):
    http.request.method: GET
    url.scheme: http
    url.path: /api/stores/019ea4d9-1e49-721d-be79-cd718008d8cd/products
    Name: Microsoft.AspNetCore
[22:29:13 INF] Saved 1 entities to in-memory store.
Resource associated with Activity:
    network.protocol.version: 1.1
    telemetry.sdk.name: opentelemetry
    http.route: api/stores/{storeId}/products
    telemetry.sdk.language: dotnet
    http.response.status_code: 200
    telemetry.sdk.version: 1.14.0
    service.name: unknown_service:testhost
[22:29:13 INF] EMAIL_CONFIRM_JOB_COMPLETED | Job completed | UserId=019ea4d9-1eef-758d-84f5-307dcd339a89
Instrumentation scope (ActivitySource):
Activity.TraceId:            dc9c339f1aa82157ffe02c66e60f586c
Activity.SpanId:             30c47e1a7513c484
    Name: Microsoft.AspNetCore
Activity.TraceFlags:         Recorded
Resource associated with Activity:
Activity.DisplayName:        POST api/auth/register/seller
Activity.Kind:               Server
    telemetry.sdk.name: opentelemetry
Activity.StartTime:          2026-06-08T01:29:13.1648654Z
    telemetry.sdk.language: dotnet
Activity.Duration:           00:00:00.1169560
    telemetry.sdk.version: 1.14.0
Activity.Tags:
    service.name: unknown_service:testhost
    server.address: localhost
    http.request.method: POST
    url.scheme: http
    url.path: /api/auth/register/seller
    network.protocol.version: 1.1
    http.route: api/auth/register/seller
    http.response.status_code: 201
Instrumentation scope (ActivitySource):
    Name: Microsoft.AspNetCore
Activity.TraceId:            812cb99e5be48e51e4aa3583f5f3a4e2
Resource associated with Activity:
Activity.SpanId:             6b1bb6a122df97bf
    telemetry.sdk.name: opentelemetry
    telemetry.sdk.language: dotnet
    telemetry.sdk.version: 1.14.0
Activity.TraceFlags:         Recorded
    service.name: unknown_service:testhost
Activity.DisplayName:        POST api/auth/register/customer
Activity.TraceId:            386cc0b53e88555177c11da50a539c88
Activity.TraceId:            dc9c339f1aa82157ffe02c66e60f586c
Activity.SpanId:             031f4b8adc747768
Activity.Kind:               Server
Activity.TraceFlags:         Recorded
Activity.SpanId:             30c47e1a7513c484
Activity.StartTime:          2026-06-08T01:29:13.1645956Z
Activity.TraceFlags:         Recorded
Activity.Duration:           00:00:00.1172264
Activity.Tags:
Activity.DisplayName:        POST api/auth/register/seller
    server.address: localhost
Activity.DisplayName:        GET api/stores/{storeId}/products
    http.request.method: POST
Activity.Kind:               Server
    url.scheme: http
Activity.Kind:               Server
    url.path: /api/auth/register/customer
Activity.StartTime:          2026-06-08T01:29:13.1648654Z
Activity.StartTime:          2026-06-08T01:29:13.2444856Z
    network.protocol.version: 1.1
Activity.Duration:           00:00:00.1169560
Activity.Duration:           00:00:00.0373991
Activity.Tags:
    http.route: api/auth/register/customer
Activity.Tags:
    http.response.status_code: 201
    server.address: localhost
Instrumentation scope (ActivitySource):
    http.request.method: POST
    server.address: localhost
    Name: Microsoft.AspNetCore
    url.scheme: http
Resource associated with Activity:
    url.path: /api/auth/register/seller
    network.protocol.version: 1.1
    telemetry.sdk.name: opentelemetry
    http.route: api/auth/register/seller
    telemetry.sdk.language: dotnet
    http.response.status_code: 201
    telemetry.sdk.version: 1.14.0
Instrumentation scope (ActivitySource):
    service.name: unknown_service:testhost
    Name: Microsoft.AspNetCore
Resource associated with Activity:
    http.request.method: GET
    telemetry.sdk.name: opentelemetry
    telemetry.sdk.language: dotnet
    url.scheme: http
    telemetry.sdk.version: 1.14.0
    url.path: /api/stores/019ea4d9-1e49-721d-be79-cd718008d8cd/products
    service.name: unknown_service:testhost
    network.protocol.version: 1.1
    http.route: api/stores/{storeId}/products
Activity.TraceId:            dc9c339f1aa82157ffe02c66e60f586c
    http.response.status_code: 200
Activity.SpanId:             30c47e1a7513c484
Instrumentation scope (ActivitySource):
Activity.TraceFlags:         Recorded
    Name: Microsoft.AspNetCore
Activity.DisplayName:        POST api/auth/register/seller
Resource associated with Activity:
Activity.Kind:               Server
    telemetry.sdk.name: opentelemetry
Activity.StartTime:          2026-06-08T01:29:13.1648654Z
    telemetry.sdk.language: dotnet
Activity.Duration:           00:00:00.1169560
    telemetry.sdk.version: 1.14.0
Activity.Tags:
    service.name: unknown_service:testhost
    server.address: localhost
    http.request.method: POST
    url.scheme: http
    url.path: /api/auth/register/seller
    network.protocol.version: 1.1
    http.route: api/auth/register/seller
    http.response.status_code: 201
Instrumentation scope (ActivitySource):
    Name: Microsoft.AspNetCore
Activity.TraceId:            386cc0b53e88555177c11da50a539c88
Resource associated with Activity:
Activity.SpanId:             031f4b8adc747768
Activity.TraceId:            812cb99e5be48e51e4aa3583f5f3a4e2
    telemetry.sdk.name: opentelemetry
Activity.TraceFlags:         Recorded
Activity.SpanId:             6b1bb6a122df97bf
    telemetry.sdk.language: dotnet
Activity.DisplayName:        GET api/stores/{storeId}/products
    telemetry.sdk.version: 1.14.0
Activity.Kind:               Server
Activity.TraceFlags:         Recorded
    service.name: unknown_service:testhost
Activity.DisplayName:        POST api/auth/register/customer
Activity.Kind:               Server
Activity.StartTime:          2026-06-08T01:29:13.2444856Z
Activity.Duration:           00:00:00.0373991
Activity.StartTime:          2026-06-08T01:29:13.1645956Z
Activity.Tags:
Activity.Duration:           00:00:00.1172264
    server.address: localhost
Activity.Tags:
    http.request.method: GET
    server.address: localhost
    url.scheme: http
    http.request.method: POST
    url.path: /api/stores/019ea4d9-1e49-721d-be79-cd718008d8cd/products
    url.scheme: http
    network.protocol.version: 1.1
    url.path: /api/auth/register/customer
    http.route: api/stores/{storeId}/products
    network.protocol.version: 1.1
    http.response.status_code: 200
    http.route: api/auth/register/customer
Instrumentation scope (ActivitySource):
    http.response.status_code: 201
Instrumentation scope (ActivitySource):
    Name: Microsoft.AspNetCore
Resource associated with Activity:
    telemetry.sdk.name: opentelemetry
    telemetry.sdk.language: dotnet
    telemetry.sdk.version: 1.14.0
    service.name: unknown_service:testhost
    Name: Microsoft.AspNetCore
Resource associated with Activity:
    telemetry.sdk.name: opentelemetry
    telemetry.sdk.language: dotnet
    telemetry.sdk.version: 1.14.0
    service.name: unknown_service:testhost
Activity.TraceId:            386cc0b53e88555177c11da50a539c88
Activity.SpanId:             031f4b8adc747768
Activity.TraceId:            812cb99e5be48e51e4aa3583f5f3a4e2
Activity.TraceFlags:         Recorded
Activity.SpanId:             6b1bb6a122df97bf
Activity.DisplayName:        GET api/stores/{storeId}/products
Activity.TraceFlags:         Recorded
Activity.Kind:               Server
Activity.DisplayName:        POST api/auth/register/customer
Activity.Kind:               Server
Activity.StartTime:          2026-06-08T01:29:13.2444856Z
Activity.Duration:           00:00:00.0373991
Activity.StartTime:          2026-06-08T01:29:13.1645956Z
Activity.Tags:
Activity.Duration:           00:00:00.1172264
    server.address: localhost
Activity.Tags:
    http.request.method: GET
    server.address: localhost
    url.scheme: http
    http.request.method: POST
    url.path: /api/stores/019ea4d9-1e49-721d-be79-cd718008d8cd/products
    url.scheme: http
    network.protocol.version: 1.1
    url.path: /api/auth/register/customer
    http.route: api/stores/{storeId}/products
    network.protocol.version: 1.1
    http.response.status_code: 200
    http.route: api/auth/register/customer
Instrumentation scope (ActivitySource):
    http.response.status_code: 201
    Name: Microsoft.AspNetCore
Instrumentation scope (ActivitySource):
Resource associated with Activity:
    Name: Microsoft.AspNetCore
    telemetry.sdk.name: opentelemetry
Resource associated with Activity:
    telemetry.sdk.language: dotnet
    telemetry.sdk.name: opentelemetry
    telemetry.sdk.version: 1.14.0
    telemetry.sdk.language: dotnet
    service.name: unknown_service:testhost
    telemetry.sdk.version: 1.14.0
    service.name: unknown_service:testhost
Activity.TraceId:            386cc0b53e88555177c11da50a539c88
Activity.SpanId:             031f4b8adc747768
Activity.TraceFlags:         Recorded
Activity.DisplayName:        GET api/stores/{storeId}/products
Activity.TraceId:            812cb99e5be48e51e4aa3583f5f3a4e2
Activity.SpanId:             6b1bb6a122df97bf
Activity.TraceFlags:         Recorded
[22:29:13 INF] Request starting HTTP/1.1 POST http://localhost/api/auth/login/seller - application/json; charset=utf-8 null
Activity.DisplayName:        POST api/auth/register/customer
Activity.Kind:               Server
Activity.Kind:               Server
[22:29:13 INF] Route matched with {action = "LoginCustomer", controller = "Auth"}. Executing controller action with signature System.Threading.Tasks.Task`1[Microsoft.AspNetCore.Mvc.IActionResult] LoginCustomer(Urbeat.Application.DTOs.LoginRequestDto, System.Threading.CancellationToken) on controller Urbeat.WebApi.Controllers.AuthController (Urbeat.WebApi).
Activity.StartTime:          2026-06-08T01:29:13.2444856Z
Activity.Duration:           00:00:00.0373991
Activity.Tags:
Activity.StartTime:          2026-06-08T01:29:13.1645956Z
    server.address: localhost
    http.request.method: GET
Activity.Duration:           00:00:00.1172264
    url.scheme: http
Activity.Tags:
    url.path: /api/stores/019ea4d9-1e49-721d-be79-cd718008d8cd/products
    network.protocol.version: 1.1
    http.route: api/stores/{storeId}/products
    server.address: localhost
    http.response.status_code: 200
    http.request.method: POST
Instrumentation scope (ActivitySource):
    url.scheme: http
    url.path: /api/auth/register/customer
    Name: Microsoft.AspNetCore
    network.protocol.version: 1.1
    http.route: api/auth/register/customer
Resource associated with Activity:
    http.response.status_code: 201
    telemetry.sdk.name: opentelemetry
Instrumentation scope (ActivitySource):
    Name: Microsoft.AspNetCore
    telemetry.sdk.language: dotnet
Resource associated with Activity:
    telemetry.sdk.version: 1.14.0
    telemetry.sdk.name: opentelemetry
    service.name: unknown_service:testhost
    telemetry.sdk.language: dotnet
    telemetry.sdk.version: 1.14.0
    service.name: unknown_service:testhost
Activity.TraceId:            812cb99e5be48e51e4aa3583f5f3a4e2
Activity.SpanId:             6b1bb6a122df97bf
Activity.TraceFlags:         Recorded
Activity.DisplayName:        POST api/auth/register/customer
Activity.Kind:               Server
Activity.StartTime:          2026-06-08T01:29:13.1645956Z
Activity.Duration:           00:00:00.1172264
Activity.Tags:
    server.address: localhost
    http.request.method: POST
    url.scheme: http
    url.path: /api/auth/register/customer
    network.protocol.version: 1.1
    http.route: api/auth/register/customer
    http.response.status_code: 201
Instrumentation scope (ActivitySource):
    Name: Microsoft.AspNetCore
Resource associated with Activity:
    telemetry.sdk.name: opentelemetry
    telemetry.sdk.language: dotnet
[22:29:13 INF] Route matched with {action = "LoginSeller", controller = "Auth"}. Executing controller action with signature System.Threading.Tasks.Task`1[Microsoft.AspNetCore.Mvc.IActionResult] LoginSeller(Urbeat.Application.DTOs.LoginRequestDto, System.Threading.CancellationToken) on controller Urbeat.WebApi.Controllers.AuthController (Urbeat.WebApi).
    telemetry.sdk.version: 1.14.0
    service.name: unknown_service:testhost
[22:29:13 INF] Executing action method Urbeat.WebApi.Controllers.AuthController.LoginCustomer (Urbeat.WebApi) - Validation state: Valid
[22:29:13 INF] Executing action method Urbeat.WebApi.Controllers.AuthController.LoginSeller (Urbeat.WebApi) - Validation state: Valid
[22:29:13 INF] Request starting HTTP/1.1 POST http://localhost/api/auth/register/seller - application/json; charset=utf-8 null
[22:29:13 INF] Executing endpoint 'Urbeat.WebApi.Controllers.AuthController.RegisterSeller (Urbeat.WebApi)'
[22:29:13 INF] Route matched with {action = "RegisterSeller", controller = "Auth"}. Executing controller action with signature System.Threading.Tasks.Task`1[Microsoft.AspNetCore.Mvc.IActionResult] RegisterSeller(Urbeat.Application.DTOs.RegisterUserRequestDto, System.Threading.CancellationToken) on controller Urbeat.WebApi.Controllers.AuthController (Urbeat.WebApi).
[22:29:13 INF] Executing action method Urbeat.WebApi.Controllers.AuthController.RegisterSeller (Urbeat.WebApi) - Validation state: Valid
[22:29:13 INF] Saved 1 entities to in-memory store.
[22:29:13 INF] Saved 1 entities to in-memory store.
[22:29:13 INF] Executing OkObjectResult, writing value of type 'Urbeat.Application.DTOs.AuthTokenResponseDto'.
Activity.TraceId:            3b02a7c40ccefec7254b26a2601358ad
Activity.SpanId:             4573781b21bfe518
Activity.TraceFlags:         Recorded
Activity.DisplayName:        POST api/auth/login/seller
Activity.Kind:               Server
Activity.StartTime:          2026-06-08T01:29:13.2380709Z
Activity.Duration:           00:00:00.0579352
Activity.Tags:
    server.address: localhost
    http.request.method: POST
    url.scheme: http
    url.path: /api/auth/login/seller
    network.protocol.version: 1.1
    http.route: api/auth/login/seller
    http.response.status_code: 200
Instrumentation scope (ActivitySource):
    Name: Microsoft.AspNetCore
Resource associated with Activity:
    telemetry.sdk.name: opentelemetry
    telemetry.sdk.language: dotnet
    telemetry.sdk.version: 1.14.0
    service.name: unknown_service:testhost
Activity.TraceId:            3b02a7c40ccefec7254b26a2601358ad
Activity.SpanId:             4573781b21bfe518
Activity.TraceFlags:         Recorded
Activity.DisplayName:        POST api/auth/login/seller
Activity.Kind:               Server
Activity.StartTime:          2026-06-08T01:29:13.2380709Z
Activity.Duration:           00:00:00.0579352
Activity.Tags:
    server.address: localhost
    http.request.method: POST
    url.scheme: http
    url.path: /api/auth/login/seller
    network.protocol.version: 1.1
    http.route: api/auth/login/seller
    http.response.status_code: 200
Instrumentation scope (ActivitySource):
    Name: Microsoft.AspNetCore
Resource associated with Activity:
    telemetry.sdk.name: opentelemetry
    telemetry.sdk.language: dotnet
    telemetry.sdk.version: 1.14.0
    service.name: unknown_service:testhost
Activity.TraceId:            3b02a7c40ccefec7254b26a2601358ad
Activity.SpanId:             4573781b21bfe518
Activity.TraceFlags:         Recorded
Activity.DisplayName:        POST api/auth/login/seller
Activity.Kind:               Server
Activity.StartTime:          2026-06-08T01:29:13.2380709Z
Activity.Duration:           00:00:00.0579352
Activity.Tags:
    server.address: localhost
    http.request.method: POST
    url.scheme: http
    url.path: /api/auth/login/seller
    network.protocol.version: 1.1
    http.route: api/auth/login/seller
    http.response.status_code: 200
Instrumentation scope (ActivitySource):
    Name: Microsoft.AspNetCore
Resource associated with Activity:
    telemetry.sdk.name: opentelemetry
    telemetry.sdk.language: dotnet
    telemetry.sdk.version: 1.14.0
    service.name: unknown_service:testhost
Activity.TraceId:            3b02a7c40ccefec7254b26a2601358ad
Activity.SpanId:             4573781b21bfe518
Activity.TraceFlags:         Recorded
Activity.DisplayName:        POST api/auth/login/seller
Activity.Kind:               Server
Activity.StartTime:          2026-06-08T01:29:13.2380709Z
Activity.Duration:           00:00:00.0579352
Activity.Tags:
    server.address: localhost
    http.request.method: POST
    url.scheme: http
    url.path: /api/auth/login/seller
    network.protocol.version: 1.1
    http.route: api/auth/login/seller
    http.response.status_code: 200
Instrumentation scope (ActivitySource):
    Name: Microsoft.AspNetCore
Resource associated with Activity:
    telemetry.sdk.name: opentelemetry
    telemetry.sdk.language: dotnet
    telemetry.sdk.version: 1.14.0
    service.name: unknown_service:testhost
Activity.TraceId:            3b02a7c40ccefec7254b26a2601358ad
Activity.SpanId:             4573781b21bfe518
Activity.TraceFlags:         Recorded
Activity.DisplayName:        POST api/auth/login/seller
Activity.Kind:               Server
Activity.StartTime:          2026-06-08T01:29:13.2380709Z
Activity.Duration:           00:00:00.0579352
Activity.Tags:
    server.address: localhost
    http.request.method: POST
    url.scheme: http
    url.path: /api/auth/login/seller
    network.protocol.version: 1.1
    http.route: api/auth/login/seller
    http.response.status_code: 200
Instrumentation scope (ActivitySource):
    Name: Microsoft.AspNetCore
Resource associated with Activity:
    telemetry.sdk.name: opentelemetry
    telemetry.sdk.language: dotnet
    telemetry.sdk.version: 1.14.0
    service.name: unknown_service:testhost
[22:29:13 INF] Saved 1 entities to in-memory store.
[22:29:13 INF] Saved 1 entities to in-memory store.
[22:29:13 INF] Executing ObjectResult, writing value of type 'Urbeat.Application.DTOs.StoreResponseDto'.
Activity.TraceId:            8db713db05e354aff02ec4eb988d1a7a
Activity.SpanId:             c4d5ce412b71be5a
Activity.TraceFlags:         Recorded
Activity.DisplayName:        POST api/stores
Activity.Kind:               Server
[22:29:13 INF] Saved 1 entities to in-memory store.
Activity.StartTime:          2026-06-08T01:29:13.2962009Z
Activity.Duration:           00:00:00.0103575
Activity.Tags:
    server.address: localhost
    http.request.method: POST
    url.scheme: http
    url.path: /api/stores
    network.protocol.version: 1.1
    http.route: api/stores
    http.response.status_code: 201
Instrumentation scope (ActivitySource):
    Name: Microsoft.AspNetCore
Resource associated with Activity:
    telemetry.sdk.name: opentelemetry
    telemetry.sdk.language: dotnet
    telemetry.sdk.version: 1.14.0
    service.name: unknown_service:testhost
Activity.TraceId:            8db713db05e354aff02ec4eb988d1a7a
Activity.SpanId:             c4d5ce412b71be5a
Activity.TraceFlags:         Recorded
Activity.DisplayName:        POST api/stores
Activity.Kind:               Server
Activity.StartTime:          2026-06-08T01:29:13.2962009Z
Activity.Duration:           00:00:00.0103575
Activity.Tags:
    server.address: localhost
    http.request.method: POST
    url.scheme: http
    url.path: /api/stores
    network.protocol.version: 1.1
    http.route: api/stores
    http.response.status_code: 201
Instrumentation scope (ActivitySource):
    Name: Microsoft.AspNetCore
Resource associated with Activity:
    telemetry.sdk.name: opentelemetry
    telemetry.sdk.language: dotnet
    telemetry.sdk.version: 1.14.0
    service.name: unknown_service:testhost
Activity.TraceId:            8db713db05e354aff02ec4eb988d1a7a
Activity.SpanId:             c4d5ce412b71be5a
Activity.TraceFlags:         Recorded
Activity.DisplayName:        POST api/stores
Activity.Kind:               Server
Activity.StartTime:          2026-06-08T01:29:13.2962009Z
Activity.Duration:           00:00:00.0103575
Activity.Tags:
    server.address: localhost
    http.request.method: POST
    url.scheme: http
    url.path: /api/stores
    network.protocol.version: 1.1
    http.route: api/stores
    http.response.status_code: 201
Instrumentation scope (ActivitySource):
    Name: Microsoft.AspNetCore
Resource associated with Activity:
    telemetry.sdk.name: opentelemetry
    telemetry.sdk.language: dotnet
    telemetry.sdk.version: 1.14.0
    service.name: unknown_service:testhost
Activity.TraceId:            8db713db05e354aff02ec4eb988d1a7a
Activity.SpanId:             c4d5ce412b71be5a
Activity.TraceFlags:         Recorded
Activity.DisplayName:        POST api/stores
Activity.Kind:               Server
Activity.StartTime:          2026-06-08T01:29:13.2962009Z
Activity.Duration:           00:00:00.0103575
Activity.Tags:
    server.address: localhost
    http.request.method: POST
    url.scheme: http
    url.path: /api/stores
    network.protocol.version: 1.1
    http.route: api/stores
    http.response.status_code: 201
Instrumentation scope (ActivitySource):
    Name: Microsoft.AspNetCore
Resource associated with Activity:
    telemetry.sdk.name: opentelemetry
    telemetry.sdk.language: dotnet
    telemetry.sdk.version: 1.14.0
    service.name: unknown_service:testhost
Activity.TraceId:            8db713db05e354aff02ec4eb988d1a7a
Activity.SpanId:             c4d5ce412b71be5a
Activity.TraceFlags:         Recorded
Activity.DisplayName:        POST api/stores
Activity.Kind:               Server
Activity.StartTime:          2026-06-08T01:29:13.2962009Z
Activity.Duration:           00:00:00.0103575
Activity.Tags:
    server.address: localhost
    http.request.method: POST
    url.scheme: http
    url.path: /api/stores
    network.protocol.version: 1.1
    http.route: api/stores
    http.response.status_code: 201
Instrumentation scope (ActivitySource):
    Name: Microsoft.AspNetCore
Resource associated with Activity:
    telemetry.sdk.name: opentelemetry
    telemetry.sdk.language: dotnet
    telemetry.sdk.version: 1.14.0
    service.name: unknown_service:testhost
[22:29:13 INF] Saved 1 entities to in-memory store.
[22:29:13 INF] Executing ObjectResult, writing value of type 'Urbeat.Application.DTOs.ProductCategoryResponseDto'.
Activity.TraceId:            ac75ca0994cf2fa76d1d06c372ced2b6
Activity.SpanId:             909f63d1f4563b01
Activity.TraceFlags:         Recorded
Activity.DisplayName:        POST api/stores/{storeId}/categories
Activity.Kind:               Server
Activity.StartTime:          2026-06-08T01:29:13.3072442Z
Activity.Duration:           00:00:00.0305695
Activity.Tags:
    server.address: localhost
    http.request.method: POST
    url.scheme: http
    url.path: /api/stores/019ea4d9-1f59-76ff-96fd-d7384225c9fd/categories
    network.protocol.version: 1.1
    http.route: api/stores/{storeId}/categories
    http.response.status_code: 201
Instrumentation scope (ActivitySource):
    Name: Microsoft.AspNetCore
Resource associated with Activity:
    telemetry.sdk.name: opentelemetry
    telemetry.sdk.language: dotnet
    telemetry.sdk.version: 1.14.0
    service.name: unknown_service:testhost
Activity.TraceId:            ac75ca0994cf2fa76d1d06c372ced2b6
Activity.SpanId:             909f63d1f4563b01
Activity.TraceFlags:         Recorded
Activity.DisplayName:        POST api/stores/{storeId}/categories
Activity.Kind:               Server
Activity.StartTime:          2026-06-08T01:29:13.3072442Z
Activity.Duration:           00:00:00.0305695
Activity.Tags:
    server.address: localhost
    http.request.method: POST
    url.scheme: http
    url.path: /api/stores/019ea4d9-1f59-76ff-96fd-d7384225c9fd/categories
    network.protocol.version: 1.1
    http.route: api/stores/{storeId}/categories
    http.response.status_code: 201
Instrumentation scope (ActivitySource):
    Name: Microsoft.AspNetCore
Resource associated with Activity:
    telemetry.sdk.name: opentelemetry
    telemetry.sdk.language: dotnet
    telemetry.sdk.version: 1.14.0
    service.name: unknown_service:testhost
Activity.TraceId:            ac75ca0994cf2fa76d1d06c372ced2b6
Activity.SpanId:             909f63d1f4563b01
Activity.TraceFlags:         Recorded
Activity.DisplayName:        POST api/stores/{storeId}/categories
Activity.Kind:               Server
Activity.StartTime:          2026-06-08T01:29:13.3072442Z
Activity.Duration:           00:00:00.0305695
Activity.Tags:
    server.address: localhost
    http.request.method: POST
    url.scheme: http
    url.path: /api/stores/019ea4d9-1f59-76ff-96fd-d7384225c9fd/categories
    network.protocol.version: 1.1
    http.route: api/stores/{storeId}/categories
    http.response.status_code: 201
Instrumentation scope (ActivitySource):
    Name: Microsoft.AspNetCore
Resource associated with Activity:
    telemetry.sdk.name: opentelemetry
    telemetry.sdk.language: dotnet
    telemetry.sdk.version: 1.14.0
    service.name: unknown_service:testhost
Activity.TraceId:            ac75ca0994cf2fa76d1d06c372ced2b6
Activity.SpanId:             909f63d1f4563b01
Activity.TraceFlags:         Recorded
Activity.DisplayName:        POST api/stores/{storeId}/categories
Activity.Kind:               Server
Activity.StartTime:          2026-06-08T01:29:13.3072442Z
Activity.Duration:           00:00:00.0305695
Activity.Tags:
    server.address: localhost
    http.request.method: POST
    url.scheme: http
    url.path: /api/stores/019ea4d9-1f59-76ff-96fd-d7384225c9fd/categories
    network.protocol.version: 1.1
    http.route: api/stores/{storeId}/categories
    http.response.status_code: 201
Instrumentation scope (ActivitySource):
    Name: Microsoft.AspNetCore
Resource associated with Activity:
    telemetry.sdk.name: opentelemetry
    telemetry.sdk.language: dotnet
    telemetry.sdk.version: 1.14.0
    service.name: unknown_service:testhost
Activity.TraceId:            ac75ca0994cf2fa76d1d06c372ced2b6
Activity.SpanId:             909f63d1f4563b01
Activity.TraceFlags:         Recorded
Activity.DisplayName:        POST api/stores/{storeId}/categories
Activity.Kind:               Server
Activity.StartTime:          2026-06-08T01:29:13.3072442Z
Activity.Duration:           00:00:00.0305695
Activity.Tags:
    server.address: localhost
    http.request.method: POST
    url.scheme: http
    url.path: /api/stores/019ea4d9-1f59-76ff-96fd-d7384225c9fd/categories
    network.protocol.version: 1.1
    http.route: api/stores/{storeId}/categories
    http.response.status_code: 201
Instrumentation scope (ActivitySource):
    Name: Microsoft.AspNetCore
Resource associated with Activity:
    telemetry.sdk.name: opentelemetry
    telemetry.sdk.language: dotnet
    telemetry.sdk.version: 1.14.0
    service.name: unknown_service:testhost
[22:29:13 INF] Saved 1 entities to in-memory store.
[22:29:13 INF] Saved 1 entities to in-memory store.
[22:29:13 INF] Executing ObjectResult, writing value of type 'Urbeat.Application.DTOs.ProductCategoryResponseDto'.
Activity.TraceId:            e3c5dbeff384d83498752cd0c75b42df
Activity.SpanId:             967d855eff7c17e6
Activity.TraceFlags:         Recorded
Activity.DisplayName:        POST api/stores/{storeId}/categories
Activity.Kind:               Server
Activity.StartTime:          2026-06-08T01:29:13.3380999Z
Activity.Duration:           00:00:00.0014664
Activity.Tags:
    server.address: localhost
    http.request.method: POST
    url.scheme: http
    url.path: /api/stores/019ea4d9-1f59-76ff-96fd-d7384225c9fd/categories
    network.protocol.version: 1.1
    http.route: api/stores/{storeId}/categories
    http.response.status_code: 201
Instrumentation scope (ActivitySource):
    Name: Microsoft.AspNetCore
Resource associated with Activity:
    telemetry.sdk.name: opentelemetry
    telemetry.sdk.language: dotnet
    telemetry.sdk.version: 1.14.0
    service.name: unknown_service:testhost
Activity.TraceId:            e3c5dbeff384d83498752cd0c75b42df
Activity.SpanId:             967d855eff7c17e6
Activity.TraceFlags:         Recorded
Activity.DisplayName:        POST api/stores/{storeId}/categories
Activity.Kind:               Server
Activity.StartTime:          2026-06-08T01:29:13.3380999Z
Activity.Duration:           00:00:00.0014664
Activity.Tags:
    server.address: localhost
    http.request.method: POST
    url.scheme: http
    url.path: /api/stores/019ea4d9-1f59-76ff-96fd-d7384225c9fd/categories
    network.protocol.version: 1.1
    http.route: api/stores/{storeId}/categories
    http.response.status_code: 201
Instrumentation scope (ActivitySource):
    Name: Microsoft.AspNetCore
Resource associated with Activity:
    telemetry.sdk.name: opentelemetry
    telemetry.sdk.language: dotnet
    telemetry.sdk.version: 1.14.0
    service.name: unknown_service:testhost
Activity.TraceId:            e3c5dbeff384d83498752cd0c75b42df
Activity.SpanId:             967d855eff7c17e6
Activity.TraceFlags:         Recorded
Activity.DisplayName:        POST api/stores/{storeId}/categories
Activity.Kind:               Server
Activity.StartTime:          2026-06-08T01:29:13.3380999Z
Activity.Duration:           00:00:00.0014664
Activity.Tags:
    server.address: localhost
    http.request.method: POST
    url.scheme: http
    url.path: /api/stores/019ea4d9-1f59-76ff-96fd-d7384225c9fd/categories
    network.protocol.version: 1.1
    http.route: api/stores/{storeId}/categories
    http.response.status_code: 201
Instrumentation scope (ActivitySource):
    Name: Microsoft.AspNetCore
Resource associated with Activity:
    telemetry.sdk.name: opentelemetry
    telemetry.sdk.language: dotnet
    telemetry.sdk.version: 1.14.0
    service.name: unknown_service:testhost
Activity.TraceId:            e3c5dbeff384d83498752cd0c75b42df
Activity.SpanId:             967d855eff7c17e6
Activity.TraceFlags:         Recorded
Activity.DisplayName:        POST api/stores/{storeId}/categories
Activity.Kind:               Server
Activity.StartTime:          2026-06-08T01:29:13.3380999Z
Activity.Duration:           00:00:00.0014664
Activity.Tags:
    server.address: localhost
    http.request.method: POST
    url.scheme: http
    url.path: /api/stores/019ea4d9-1f59-76ff-96fd-d7384225c9fd/categories
    network.protocol.version: 1.1
    http.route: api/stores/{storeId}/categories
    http.response.status_code: 201
Instrumentation scope (ActivitySource):
    Name: Microsoft.AspNetCore
Resource associated with Activity:
    telemetry.sdk.name: opentelemetry
    telemetry.sdk.language: dotnet
    telemetry.sdk.version: 1.14.0
    service.name: unknown_service:testhost
Activity.TraceId:            e3c5dbeff384d83498752cd0c75b42df
Activity.SpanId:             967d855eff7c17e6
Activity.TraceFlags:         Recorded
Activity.DisplayName:        POST api/stores/{storeId}/categories
Activity.Kind:               Server
Activity.StartTime:          2026-06-08T01:29:13.3380999Z
Activity.Duration:           00:00:00.0014664
Activity.Tags:
    server.address: localhost
    http.request.method: POST
    url.scheme: http
    url.path: /api/stores/019ea4d9-1f59-76ff-96fd-d7384225c9fd/categories
    network.protocol.version: 1.1
    http.route: api/stores/{storeId}/categories
    http.response.status_code: 201
Instrumentation scope (ActivitySource):
    Name: Microsoft.AspNetCore
Resource associated with Activity:
    telemetry.sdk.name: opentelemetry
    telemetry.sdk.language: dotnet
    telemetry.sdk.version: 1.14.0
    service.name: unknown_service:testhost
[22:29:13 INF] Saved 1 entities to in-memory store.
[22:29:13 INF] Saved 1 entities to in-memory store.
[22:29:13 INF] Executing ObjectResult, writing value of type 'Urbeat.Application.DTOs.ProductResponseDto'.
Activity.TraceId:            2d21e327a222210bcf532476a21243f1
Activity.SpanId:             cd3a9fb5c3797ccd
Activity.TraceFlags:         Recorded
Activity.DisplayName:        POST api/stores/{storeId}/products
Activity.Kind:               Server
Activity.StartTime:          2026-06-08T01:29:13.3397803Z
Activity.Duration:           00:00:00.0019130
Activity.Tags:
    server.address: localhost
    http.request.method: POST
    url.scheme: http
    url.path: /api/stores/019ea4d9-1f59-76ff-96fd-d7384225c9fd/products
    network.protocol.version: 1.1
    http.route: api/stores/{storeId}/products
    http.response.status_code: 201
Instrumentation scope (ActivitySource):
    Name: Microsoft.AspNetCore
Resource associated with Activity:
    telemetry.sdk.name: opentelemetry
    telemetry.sdk.language: dotnet
    telemetry.sdk.version: 1.14.0
    service.name: unknown_service:testhost
Activity.TraceId:            2d21e327a222210bcf532476a21243f1
Activity.SpanId:             cd3a9fb5c3797ccd
Activity.TraceFlags:         Recorded
Activity.DisplayName:        POST api/stores/{storeId}/products
Activity.Kind:               Server
Activity.StartTime:          2026-06-08T01:29:13.3397803Z
Activity.Duration:           00:00:00.0019130
Activity.Tags:
    server.address: localhost
    http.request.method: POST
    url.scheme: http
    url.path: /api/stores/019ea4d9-1f59-76ff-96fd-d7384225c9fd/products
    network.protocol.version: 1.1
    http.route: api/stores/{storeId}/products
    http.response.status_code: 201
Instrumentation scope (ActivitySource):
    Name: Microsoft.AspNetCore
Resource associated with Activity:
    telemetry.sdk.name: opentelemetry
    telemetry.sdk.language: dotnet
    telemetry.sdk.version: 1.14.0
    service.name: unknown_service:testhost
Activity.TraceId:            2d21e327a222210bcf532476a21243f1
Activity.SpanId:             cd3a9fb5c3797ccd
Activity.TraceFlags:         Recorded
Activity.DisplayName:        POST api/stores/{storeId}/products
Activity.Kind:               Server
Activity.StartTime:          2026-06-08T01:29:13.3397803Z
Activity.Duration:           00:00:00.0019130
Activity.Tags:
    server.address: localhost
    http.request.method: POST
    url.scheme: http
    url.path: /api/stores/019ea4d9-1f59-76ff-96fd-d7384225c9fd/products
    network.protocol.version: 1.1
    http.route: api/stores/{storeId}/products
    http.response.status_code: 201
Instrumentation scope (ActivitySource):
    Name: Microsoft.AspNetCore
Resource associated with Activity:
    telemetry.sdk.name: opentelemetry
    telemetry.sdk.language: dotnet
    telemetry.sdk.version: 1.14.0
    service.name: unknown_service:testhost
Activity.TraceId:            2d21e327a222210bcf532476a21243f1
Activity.SpanId:             cd3a9fb5c3797ccd
Activity.TraceFlags:         Recorded
Activity.DisplayName:        POST api/stores/{storeId}/products
Activity.Kind:               Server
Activity.StartTime:          2026-06-08T01:29:13.3397803Z
Activity.Duration:           00:00:00.0019130
Activity.Tags:
    server.address: localhost
    http.request.method: POST
    url.scheme: http
    url.path: /api/stores/019ea4d9-1f59-76ff-96fd-d7384225c9fd/products
    network.protocol.version: 1.1
    http.route: api/stores/{storeId}/products
    http.response.status_code: 201
Instrumentation scope (ActivitySource):
    Name: Microsoft.AspNetCore
Resource associated with Activity:
    telemetry.sdk.name: opentelemetry
    telemetry.sdk.language: dotnet
    telemetry.sdk.version: 1.14.0
    service.name: unknown_service:testhost
Activity.TraceId:            2d21e327a222210bcf532476a21243f1
Activity.SpanId:             cd3a9fb5c3797ccd
Activity.TraceFlags:         Recorded
Activity.DisplayName:        POST api/stores/{storeId}/products
Activity.Kind:               Server
Activity.StartTime:          2026-06-08T01:29:13.3397803Z
Activity.Duration:           00:00:00.0019130
Activity.Tags:
    server.address: localhost
    http.request.method: POST
    url.scheme: http
    url.path: /api/stores/019ea4d9-1f59-76ff-96fd-d7384225c9fd/products
    network.protocol.version: 1.1
    http.route: api/stores/{storeId}/products
    http.response.status_code: 201
Instrumentation scope (ActivitySource):
    Name: Microsoft.AspNetCore
Resource associated with Activity:
    telemetry.sdk.name: opentelemetry
    telemetry.sdk.language: dotnet
    telemetry.sdk.version: 1.14.0
    service.name: unknown_service:testhost
[22:29:13 INF] Saved 1 entities to in-memory store.
[22:29:13 INF] Saved 1 entities to in-memory store.
[22:29:13 INF] Executing ObjectResult, writing value of type 'Urbeat.Application.DTOs.ProductResponseDto'.
Activity.TraceId:            e157890d96426a7214c6cb8f0062fb41
Activity.SpanId:             5c2b0cd25f4ad56b
Activity.TraceFlags:         Recorded
Activity.DisplayName:        POST api/stores/{storeId}/products
Activity.Kind:               Server
Activity.StartTime:          2026-06-08T01:29:13.3418547Z
Activity.Duration:           00:00:00.0019261
Activity.Tags:
    server.address: localhost
    http.request.method: POST
    url.scheme: http
    url.path: /api/stores/019ea4d9-1f59-76ff-96fd-d7384225c9fd/products
    network.protocol.version: 1.1
    http.route: api/stores/{storeId}/products
    http.response.status_code: 201
Instrumentation scope (ActivitySource):
    Name: Microsoft.AspNetCore
Resource associated with Activity:
    telemetry.sdk.name: opentelemetry
    telemetry.sdk.language: dotnet
    telemetry.sdk.version: 1.14.0
    service.name: unknown_service:testhost
Activity.TraceId:            e157890d96426a7214c6cb8f0062fb41
Activity.SpanId:             5c2b0cd25f4ad56b
Activity.TraceFlags:         Recorded
Activity.DisplayName:        POST api/stores/{storeId}/products
Activity.Kind:               Server
Activity.StartTime:          2026-06-08T01:29:13.3418547Z
Activity.Duration:           00:00:00.0019261
Activity.Tags:
    server.address: localhost
    http.request.method: POST
    url.scheme: http
    url.path: /api/stores/019ea4d9-1f59-76ff-96fd-d7384225c9fd/products
    network.protocol.version: 1.1
    http.route: api/stores/{storeId}/products
    http.response.status_code: 201
Instrumentation scope (ActivitySource):
    Name: Microsoft.AspNetCore
Resource associated with Activity:
    telemetry.sdk.name: opentelemetry
    telemetry.sdk.language: dotnet
    telemetry.sdk.version: 1.14.0
    service.name: unknown_service:testhost
Activity.TraceId:            e157890d96426a7214c6cb8f0062fb41
Activity.SpanId:             5c2b0cd25f4ad56b
Activity.TraceFlags:         Recorded
Activity.DisplayName:        POST api/stores/{storeId}/products
Activity.Kind:               Server
Activity.StartTime:          2026-06-08T01:29:13.3418547Z
Activity.Duration:           00:00:00.0019261
Activity.Tags:
[22:29:13 INF] Executing OkObjectResult, writing value of type 'System.Collections.Generic.List`1[[Urbeat.Application.DTOs.ProductCategoryResponseDto, Urbeat.Application, Version=1.0.0.0, Culture=neutral, PublicKeyToken=null]]'.
    server.address: localhost
    http.request.method: POST
    url.scheme: http
    url.path: /api/stores/019ea4d9-1f59-76ff-96fd-d7384225c9fd/products
    network.protocol.version: 1.1
    http.route: api/stores/{storeId}/products
    http.response.status_code: 201
Instrumentation scope (ActivitySource):
    Name: Microsoft.AspNetCore
Resource associated with Activity:
    telemetry.sdk.name: opentelemetry
    telemetry.sdk.language: dotnet
    telemetry.sdk.version: 1.14.0
    service.name: unknown_service:testhost
[22:29:13 INF] Executed action method Urbeat.WebApi.Controllers.AuthController.RegisterSeller (Urbeat.WebApi), returned result Microsoft.AspNetCore.Mvc.ObjectResult in 69.6306ms.
Activity.TraceId:            e157890d96426a7214c6cb8f0062fb41
Activity.SpanId:             5c2b0cd25f4ad56b
Activity.TraceFlags:         Recorded
Activity.DisplayName:        POST api/stores/{storeId}/products
Activity.Kind:               Server
Activity.StartTime:          2026-06-08T01:29:13.3418547Z
Activity.Duration:           00:00:00.0019261
[22:29:13 INF] Saved 1 entities to in-memory store.
Activity.Tags:
    server.address: localhost
    http.request.method: POST
    url.scheme: http
    url.path: /api/stores/019ea4d9-1f59-76ff-96fd-d7384225c9fd/products
    network.protocol.version: 1.1
    http.route: api/stores/{storeId}/products
    http.response.status_code: 201
Instrumentation scope (ActivitySource):
    Name: Microsoft.AspNetCore
Resource associated with Activity:
    telemetry.sdk.name: opentelemetry
    telemetry.sdk.language: dotnet
[22:29:13 INF] Saved 1 entities to in-memory store.
    telemetry.sdk.version: 1.14.0
    service.name: unknown_service:testhost
Activity.TraceId:            e157890d96426a7214c6cb8f0062fb41
Activity.SpanId:             5c2b0cd25f4ad56b
Activity.TraceFlags:         Recorded
Activity.DisplayName:        POST api/stores/{storeId}/products
Activity.Kind:               Server
Activity.StartTime:          2026-06-08T01:29:13.3418547Z
[22:29:13 INF] Executed action method Urbeat.WebApi.Controllers.AuthController.LoginCustomer (Urbeat.WebApi), returned result Microsoft.AspNetCore.Mvc.OkObjectResult in 74.5234ms.
Activity.Duration:           00:00:00.0019261
Activity.Tags:
    server.address: localhost
    http.request.method: POST
    url.scheme: http
    url.path: /api/stores/019ea4d9-1f59-76ff-96fd-d7384225c9fd/products
    network.protocol.version: 1.1
    http.route: api/stores/{storeId}/products
[22:29:13 INF] Saved 1 entities to in-memory store.
    http.response.status_code: 201
Instrumentation scope (ActivitySource):
    Name: Microsoft.AspNetCore
Resource associated with Activity:
    telemetry.sdk.name: opentelemetry
    telemetry.sdk.language: dotnet
    telemetry.sdk.version: 1.14.0
    service.name: unknown_service:testhost
[22:29:13 INF] Executed action Urbeat.WebApi.Controllers.AuthController.RegisterSeller (Urbeat.WebApi) in 134.3869ms
[22:29:13 INF] Executed action Urbeat.WebApi.Controllers.AuthController.LoginCustomer (Urbeat.WebApi) in 98.069ms
Activity.TraceId:            7405747dc3156e6a5961c7f8d046a948
Activity.SpanId:             f28bbb2732a64a33
Activity.TraceFlags:         Recorded
Activity.DisplayName:        GET api/public/stores/{storeId}/catalog/categories
Activity.Kind:               Server
[22:29:13 INF] Saved 1 entities to in-memory store.
Activity.StartTime:          2026-06-08T01:29:13.3445237Z
Activity.Duration:           00:00:00.0372779
Activity.Tags:
    server.address: localhost
    http.request.method: GET
    url.scheme: http
    url.path: /api/public/stores/019ea4d9-1f59-76ff-96fd-d7384225c9fd/catalog/categories
    network.protocol.version: 1.1
    http.route: api/public/stores/{storeId}/catalog/categories
    http.response.status_code: 200
Instrumentation scope (ActivitySource):
    Name: Microsoft.AspNetCore
Resource associated with Activity:
    telemetry.sdk.name: opentelemetry
    telemetry.sdk.language: dotnet
    telemetry.sdk.version: 1.14.0
    service.name: unknown_service:testhost
Activity.TraceId:            7405747dc3156e6a5961c7f8d046a948
Activity.SpanId:             f28bbb2732a64a33
Activity.TraceFlags:         Recorded
Activity.DisplayName:        GET api/public/stores/{storeId}/catalog/categories
Activity.Kind:               Server
Activity.StartTime:          2026-06-08T01:29:13.3445237Z
Activity.Duration:           00:00:00.0372779
Activity.Tags:
    server.address: localhost
    http.request.method: GET
    url.scheme: http
    url.path: /api/public/stores/019ea4d9-1f59-76ff-96fd-d7384225c9fd/catalog/categories
[22:29:13 INF] Executed action method Urbeat.WebApi.Controllers.AuthController.LoginSeller (Urbeat.WebApi), returned result Microsoft.AspNetCore.Mvc.OkObjectResult in 97.5136ms.
    network.protocol.version: 1.1
    http.route: api/public/stores/{storeId}/catalog/categories
    http.response.status_code: 200
Instrumentation scope (ActivitySource):
    Name: Microsoft.AspNetCore
Resource associated with Activity:
    telemetry.sdk.name: opentelemetry
    telemetry.sdk.language: dotnet
    telemetry.sdk.version: 1.14.0
    service.name: unknown_service:testhost
Activity.TraceId:            7405747dc3156e6a5961c7f8d046a948
Activity.SpanId:             f28bbb2732a64a33
Activity.TraceId:            8411f5926447bac390d77e8bc2ac3b60
Activity.TraceFlags:         Recorded
Activity.SpanId:             d588488e45135275
Activity.DisplayName:        GET api/public/stores/{storeId}/catalog/categories
Activity.Kind:               Server
Activity.TraceFlags:         Recorded
Activity.StartTime:          2026-06-08T01:29:13.3445237Z
Activity.DisplayName:        POST api/auth/login/customer
Activity.Duration:           00:00:00.0372779
[22:29:13 INF] Executing OkObjectResult, writing value of type 'Urbeat.Application.DTOs.AuthTokenResponseDto'.
Activity.Tags:
Activity.Kind:               Server
    server.address: localhost
    http.request.method: GET
    url.scheme: http
Activity.StartTime:          2026-06-08T01:29:13.2827592Z
    url.path: /api/public/stores/019ea4d9-1f59-76ff-96fd-d7384225c9fd/catalog/categories
Activity.Duration:           00:00:00.0992214
    network.protocol.version: 1.1
    http.route: api/public/stores/{storeId}/catalog/categories
Activity.Tags:
    http.response.status_code: 200
    server.address: localhost
Instrumentation scope (ActivitySource):
    Name: Microsoft.AspNetCore
Resource associated with Activity:
    http.request.method: POST
    telemetry.sdk.name: opentelemetry
    url.scheme: http
    telemetry.sdk.language: dotnet
    url.path: /api/auth/login/customer
    telemetry.sdk.version: 1.14.0
    network.protocol.version: 1.1
    http.route: api/auth/login/customer
    service.name: unknown_service:testhost
    http.response.status_code: 200
Activity.TraceId:            7405747dc3156e6a5961c7f8d046a948
Instrumentation scope (ActivitySource):
Activity.SpanId:             f28bbb2732a64a33
    Name: Microsoft.AspNetCore
Activity.TraceFlags:         Recorded
[22:29:13 INF] Executed action Urbeat.WebApi.Controllers.AuthController.LoginSeller (Urbeat.WebApi) in 98.1387ms
Activity.DisplayName:        GET api/public/stores/{storeId}/catalog/categories
Activity.Kind:               Server
Resource associated with Activity:
Activity.StartTime:          2026-06-08T01:29:13.3445237Z
    telemetry.sdk.name: opentelemetry
Activity.Duration:           00:00:00.0372779
    telemetry.sdk.language: dotnet
Activity.Tags:
    telemetry.sdk.version: 1.14.0
    server.address: localhost
    service.name: unknown_service:testhost
    http.request.method: GET
    url.scheme: http
    url.path: /api/public/stores/019ea4d9-1f59-76ff-96fd-d7384225c9fd/catalog/categories
    network.protocol.version: 1.1
    http.route: api/public/stores/{storeId}/catalog/categories
Activity.TraceId:            8411f5926447bac390d77e8bc2ac3b60
    http.response.status_code: 200
Activity.SpanId:             d588488e45135275
Instrumentation scope (ActivitySource):
Activity.TraceFlags:         Recorded
    Name: Microsoft.AspNetCore
Resource associated with Activity:
Activity.DisplayName:        POST api/auth/login/customer
    telemetry.sdk.name: opentelemetry
Activity.Kind:               Server
    telemetry.sdk.language: dotnet
Activity.StartTime:          2026-06-08T01:29:13.2827592Z
    telemetry.sdk.version: 1.14.0
    service.name: unknown_service:testhost
Activity.Duration:           00:00:00.0992214
Activity.TraceId:            7405747dc3156e6a5961c7f8d046a948
Activity.SpanId:             f28bbb2732a64a33
Activity.TraceFlags:         Recorded
Activity.Tags:
Activity.DisplayName:        GET api/public/stores/{storeId}/catalog/categories
    server.address: localhost
    http.request.method: POST
    url.scheme: http
Activity.Kind:               Server
    url.path: /api/auth/login/customer
Activity.StartTime:          2026-06-08T01:29:13.3445237Z
Activity.Duration:           00:00:00.0372779
    network.protocol.version: 1.1
Activity.Tags:
    http.route: api/auth/login/customer
    server.address: localhost
    http.response.status_code: 200
    http.request.method: GET
[22:29:13 INF] Request finished HTTP/1.1 POST http://localhost/api/auth/login/seller - 200 null application/json; charset=utf-8 99.424ms
Instrumentation scope (ActivitySource):
    Name: Microsoft.AspNetCore
    url.scheme: http
Resource associated with Activity:
    url.path: /api/public/stores/019ea4d9-1f59-76ff-96fd-d7384225c9fd/catalog/categories
    telemetry.sdk.name: opentelemetry
    network.protocol.version: 1.1
    telemetry.sdk.language: dotnet
    http.route: api/public/stores/{storeId}/catalog/categories
    telemetry.sdk.version: 1.14.0
    http.response.status_code: 200
    service.name: unknown_service:testhost
Instrumentation scope (ActivitySource):
Activity.TraceId:            8411f5926447bac390d77e8bc2ac3b60
    Name: Microsoft.AspNetCore
Resource associated with Activity:
Activity.SpanId:             d588488e45135275
    telemetry.sdk.name: opentelemetry
Activity.TraceFlags:         Recorded
    telemetry.sdk.language: dotnet
Activity.DisplayName:        POST api/auth/login/customer
[22:29:13 INF] Request finished HTTP/1.1 POST http://localhost/api/auth/register/seller - 201 null application/json; charset=utf-8 135.8722ms
    telemetry.sdk.version: 1.14.0
    service.name: unknown_service:testhost
Activity.TraceId:            2e53e95e003f24f5aef481e79467a318
Activity.Kind:               Server
Activity.SpanId:             c330f3acd4ec7566
Activity.StartTime:          2026-06-08T01:29:13.2827592Z
Activity.TraceFlags:         Recorded
Activity.Duration:           00:00:00.0992214
Activity.Tags:
Activity.DisplayName:        POST api/auth/login/seller
    server.address: localhost
    http.request.method: POST
    url.scheme: http
Activity.Kind:               Server
    url.path: /api/auth/login/customer
    network.protocol.version: 1.1
Activity.StartTime:          2026-06-08T01:29:13.2828189Z
    http.route: api/auth/login/customer
Activity.Duration:           00:00:00.0994655
    http.response.status_code: 200
Activity.Tags:
Instrumentation scope (ActivitySource):
    server.address: localhost
    Name: Microsoft.AspNetCore
Resource associated with Activity:
    http.request.method: POST
    telemetry.sdk.name: opentelemetry
    telemetry.sdk.language: dotnet
    telemetry.sdk.version: 1.14.0
    service.name: unknown_service:testhost
    url.scheme: http
    url.path: /api/auth/login/seller
    network.protocol.version: 1.1
Activity.TraceId:            8411f5926447bac390d77e8bc2ac3b60
    http.route: api/auth/login/seller
Activity.SpanId:             d588488e45135275
    http.response.status_code: 200
Activity.TraceFlags:         Recorded
Activity.DisplayName:        POST api/auth/login/customer
Instrumentation scope (ActivitySource):
Activity.Kind:               Server
    Name: Microsoft.AspNetCore
Activity.StartTime:          2026-06-08T01:29:13.2827592Z
Resource associated with Activity:
Activity.Duration:           00:00:00.0992214
    telemetry.sdk.name: opentelemetry
Activity.Tags:
    telemetry.sdk.language: dotnet
    server.address: localhost
    telemetry.sdk.version: 1.14.0
    http.request.method: POST
    service.name: unknown_service:testhost
    url.scheme: http
    url.path: /api/auth/login/customer
    network.protocol.version: 1.1
    http.route: api/auth/login/customer
    http.response.status_code: 200
Instrumentation scope (ActivitySource):
    Name: Microsoft.AspNetCore
Resource associated with Activity:
Activity.TraceId:            e80601ba15d1662c73576191d070f3c7
    telemetry.sdk.name: opentelemetry
Activity.TraceId:            2e53e95e003f24f5aef481e79467a318
    telemetry.sdk.language: dotnet
    telemetry.sdk.version: 1.14.0
Activity.SpanId:             c330f3acd4ec7566
Activity.SpanId:             6a6aac124de3b270
    service.name: unknown_service:testhost
Activity.TraceFlags:         Recorded
Activity.TraceId:            8411f5926447bac390d77e8bc2ac3b60
Activity.DisplayName:        POST api/auth/register/seller
Activity.TraceFlags:         Recorded
Activity.Kind:               Server
Activity.DisplayName:        POST api/auth/login/seller
Activity.SpanId:             d588488e45135275
Activity.TraceFlags:         Recorded
Activity.StartTime:          2026-06-08T01:29:13.2464212Z
Activity.DisplayName:        POST api/auth/login/customer
Activity.Kind:               Server
Activity.Kind:               Server
Activity.StartTime:          2026-06-08T01:29:13.2827592Z
Activity.Duration:           00:00:00.1359193
Activity.Duration:           00:00:00.0992214
Activity.Tags:
Activity.StartTime:          2026-06-08T01:29:13.2828189Z
Activity.Tags:
    server.address: localhost
Activity.Duration:           00:00:00.0994655
    server.address: localhost
    http.request.method: POST
    http.request.method: POST
    url.scheme: http
    url.scheme: http
    url.path: /api/auth/login/customer
    network.protocol.version: 1.1
Activity.Tags:
    url.path: /api/auth/register/seller
    network.protocol.version: 1.1
    server.address: localhost
    http.route: api/auth/register/seller
    http.request.method: POST
    http.response.status_code: 201
    http.route: api/auth/login/customer
Instrumentation scope (ActivitySource):
    http.response.status_code: 200
    Name: Microsoft.AspNetCore
Instrumentation scope (ActivitySource):
Resource associated with Activity:
    url.scheme: http
    telemetry.sdk.name: opentelemetry
    Name: Microsoft.AspNetCore
    telemetry.sdk.language: dotnet
    telemetry.sdk.version: 1.14.0
    url.path: /api/auth/login/seller
Resource associated with Activity:
    service.name: unknown_service:testhost
    network.protocol.version: 1.1
    telemetry.sdk.name: opentelemetry
    http.route: api/auth/login/seller
    http.response.status_code: 200
    telemetry.sdk.language: dotnet
Instrumentation scope (ActivitySource):
    Name: Microsoft.AspNetCore
    telemetry.sdk.version: 1.14.0
    service.name: unknown_service:testhost
Resource associated with Activity:
    telemetry.sdk.name: opentelemetry
    telemetry.sdk.language: dotnet
    telemetry.sdk.version: 1.14.0
    service.name: unknown_service:testhost
Activity.TraceId:            2e53e95e003f24f5aef481e79467a318
Activity.TraceId:            e80601ba15d1662c73576191d070f3c7
Activity.SpanId:             c330f3acd4ec7566
Activity.SpanId:             6a6aac124de3b270
Activity.TraceFlags:         Recorded
[22:29:13 INF] Request starting HTTP/1.1 POST http://localhost/api/stores - application/json; charset=utf-8 null
Activity.DisplayName:        POST api/auth/login/seller
Activity.TraceFlags:         Recorded
Activity.Kind:               Server
Activity.DisplayName:        POST api/auth/register/seller
Activity.Kind:               Server
Activity.StartTime:          2026-06-08T01:29:13.2828189Z
Activity.StartTime:          2026-06-08T01:29:13.2464212Z
Activity.Duration:           00:00:00.0994655
Activity.Duration:           00:00:00.1359193
Activity.Tags:
Activity.Tags:
    server.address: localhost
    http.request.method: POST
    url.scheme: http
    server.address: localhost
    url.path: /api/auth/login/seller
    http.request.method: POST
    network.protocol.version: 1.1
    url.scheme: http
    http.route: api/auth/login/seller
    url.path: /api/auth/register/seller
    http.response.status_code: 200
    network.protocol.version: 1.1
    http.route: api/auth/register/seller
Instrumentation scope (ActivitySource):
    http.response.status_code: 201
    Name: Microsoft.AspNetCore
Instrumentation scope (ActivitySource):
    Name: Microsoft.AspNetCore
Resource associated with Activity:
Resource associated with Activity:
    telemetry.sdk.name: opentelemetry
    telemetry.sdk.name: opentelemetry
    telemetry.sdk.language: dotnet
    telemetry.sdk.version: 1.14.0
    service.name: unknown_service:testhost
    telemetry.sdk.language: dotnet
    telemetry.sdk.version: 1.14.0
Activity.TraceId:            2e53e95e003f24f5aef481e79467a318
    service.name: unknown_service:testhost
Activity.SpanId:             c330f3acd4ec7566
Activity.TraceFlags:         Recorded
Activity.DisplayName:        POST api/auth/login/seller
Activity.TraceId:            e80601ba15d1662c73576191d070f3c7
Activity.SpanId:             6a6aac124de3b270
Activity.Kind:               Server
Activity.TraceFlags:         Recorded
Activity.StartTime:          2026-06-08T01:29:13.2828189Z
Activity.DisplayName:        POST api/auth/register/seller
Activity.Duration:           00:00:00.0994655
Activity.Kind:               Server
Activity.Tags:
Activity.StartTime:          2026-06-08T01:29:13.2464212Z
    server.address: localhost
Activity.Duration:           00:00:00.1359193
    http.request.method: POST
    url.scheme: http
    url.path: /api/auth/login/seller
Activity.Tags:
    network.protocol.version: 1.1
    server.address: localhost
    http.route: api/auth/login/seller
    http.request.method: POST
    http.response.status_code: 200
    url.scheme: http
Instrumentation scope (ActivitySource):
    url.path: /api/auth/register/seller
    Name: Microsoft.AspNetCore
    network.protocol.version: 1.1
Resource associated with Activity:
    http.route: api/auth/register/seller
    telemetry.sdk.name: opentelemetry
    http.response.status_code: 201
    telemetry.sdk.language: dotnet
Instrumentation scope (ActivitySource):
    telemetry.sdk.version: 1.14.0
    Name: Microsoft.AspNetCore
    service.name: unknown_service:testhost
Resource associated with Activity:
    telemetry.sdk.name: opentelemetry
    telemetry.sdk.language: dotnet
Activity.TraceId:            2e53e95e003f24f5aef481e79467a318
    telemetry.sdk.version: 1.14.0
Activity.SpanId:             c330f3acd4ec7566
    service.name: unknown_service:testhost
Activity.TraceFlags:         Recorded
Activity.DisplayName:        POST api/auth/login/seller
Activity.Kind:               Server
Activity.TraceId:            e80601ba15d1662c73576191d070f3c7
Activity.StartTime:          2026-06-08T01:29:13.2828189Z
Activity.SpanId:             6a6aac124de3b270
Activity.Duration:           00:00:00.0994655
Activity.TraceFlags:         Recorded
Activity.Tags:
Activity.DisplayName:        POST api/auth/register/seller
    server.address: localhost
Activity.Kind:               Server
    http.request.method: POST
    url.scheme: http
    url.path: /api/auth/login/seller
Activity.StartTime:          2026-06-08T01:29:13.2464212Z
    network.protocol.version: 1.1
Activity.Duration:           00:00:00.1359193
    http.route: api/auth/login/seller
Activity.Tags:
    http.response.status_code: 200
    server.address: localhost
Instrumentation scope (ActivitySource):
    Name: Microsoft.AspNetCore
Resource associated with Activity:
    http.request.method: POST
    telemetry.sdk.name: opentelemetry
    telemetry.sdk.language: dotnet
    url.scheme: http
    telemetry.sdk.version: 1.14.0
    service.name: unknown_service:testhost
    url.path: /api/auth/register/seller
    network.protocol.version: 1.1
    http.route: api/auth/register/seller
    http.response.status_code: 201
Instrumentation scope (ActivitySource):
    Name: Microsoft.AspNetCore
Resource associated with Activity:
    telemetry.sdk.name: opentelemetry
    telemetry.sdk.language: dotnet
    telemetry.sdk.version: 1.14.0
    service.name: unknown_service:testhost
Activity.TraceId:            e80601ba15d1662c73576191d070f3c7
Activity.SpanId:             6a6aac124de3b270
Activity.TraceFlags:         Recorded
Activity.DisplayName:        POST api/auth/register/seller
Activity.Kind:               Server
Activity.StartTime:          2026-06-08T01:29:13.2464212Z
Activity.Duration:           00:00:00.1359193
Activity.Tags:
[22:29:13 INF] Saved 2 entities to in-memory store.
    server.address: localhost
    http.request.method: POST
    url.scheme: http
    url.path: /api/auth/register/seller
    network.protocol.version: 1.1
    http.route: api/auth/register/seller
    http.response.status_code: 201
[22:29:13 INF] Executing OkObjectResult, writing value of type 'System.Collections.Generic.List`1[[Urbeat.Application.DTOs.ProductResponseDto, Urbeat.Application, Version=1.0.0.0, Culture=neutral, PublicKeyToken=null]]'.
Instrumentation scope (ActivitySource):
    Name: Microsoft.AspNetCore
Resource associated with Activity:
    telemetry.sdk.name: opentelemetry
    telemetry.sdk.language: dotnet
    telemetry.sdk.version: 1.14.0
[22:29:13 INF] Route matched with {action = "Create", controller = "Stores"}. Executing controller action with signature System.Threading.Tasks.Task`1[Microsoft.AspNetCore.Mvc.IActionResult] Create(Urbeat.Application.DTOs.CreateStoreRequestDto, System.Threading.CancellationToken) on controller Urbeat.WebApi.Controllers.StoresController (Urbeat.WebApi).
    service.name: unknown_service:testhost
[22:29:13 INF] Saved 1 entities to in-memory store.
[22:29:13 INF] Route matched with {action = "GetHome", controller = "Customer"}. Executing controller action with signature Microsoft.AspNetCore.Mvc.IActionResult GetHome() on controller Urbeat.WebApi.Controllers.CustomerController (Urbeat.WebApi).
[22:29:13 INF] Executing action method Urbeat.WebApi.Controllers.CustomerController.GetHome (Urbeat.WebApi) - Validation state: Valid
[22:29:13 INF] Executed action method Urbeat.WebApi.Controllers.CustomerController.GetHome (Urbeat.WebApi), returned result Microsoft.AspNetCore.Mvc.OkObjectResult in 0.0068ms.
[22:29:13 INF] Saved 1 entities to in-memory store.
Activity.TraceId:            ee1924c27ad90c77f8c0f20970cad816
Activity.SpanId:             f11218f342fcace9
Activity.TraceFlags:         Recorded
Activity.DisplayName:        GET api/public/stores/{storeId}/catalog/products
Activity.Kind:               Server
Activity.StartTime:          2026-06-08T01:29:13.3820815Z
Activity.Duration:           00:00:00.0379116
Activity.Tags:
    server.address: localhost
    http.request.method: GET
    url.scheme: http
    url.path: /api/public/stores/019ea4d9-1f59-76ff-96fd-d7384225c9fd/catalog/products
    network.protocol.version: 1.1
    http.route: api/public/stores/{storeId}/catalog/products
    http.response.status_code: 200
Instrumentation scope (ActivitySource):
    Name: Microsoft.AspNetCore
Resource associated with Activity:
    telemetry.sdk.name: opentelemetry
    telemetry.sdk.language: dotnet
    telemetry.sdk.version: 1.14.0
    service.name: unknown_service:testhost
Activity.TraceId:            ee1924c27ad90c77f8c0f20970cad816
Activity.SpanId:             f11218f342fcace9
Activity.TraceFlags:         Recorded
Activity.DisplayName:        GET api/public/stores/{storeId}/catalog/products
Activity.Kind:               Server
Activity.StartTime:          2026-06-08T01:29:13.3820815Z
Activity.Duration:           00:00:00.0379116
Activity.Tags:
    server.address: localhost
    http.request.method: GET
    url.scheme: http
    url.path: /api/public/stores/019ea4d9-1f59-76ff-96fd-d7384225c9fd/catalog/products
    network.protocol.version: 1.1
    http.route: api/public/stores/{storeId}/catalog/products
[22:29:13 INF] Request starting HTTP/1.1 POST http://localhost/api/auth/login/seller - application/json; charset=utf-8 null
    http.response.status_code: 200
Instrumentation scope (ActivitySource):
    Name: Microsoft.AspNetCore
Resource associated with Activity:
    telemetry.sdk.name: opentelemetry
    telemetry.sdk.language: dotnet
    telemetry.sdk.version: 1.14.0
    service.name: unknown_service:testhost
Activity.TraceId:            ee1924c27ad90c77f8c0f20970cad816
Activity.SpanId:             f11218f342fcace9
Activity.TraceFlags:         Recorded
Activity.DisplayName:        GET api/public/stores/{storeId}/catalog/products
Activity.Kind:               Server
Activity.StartTime:          2026-06-08T01:29:13.3820815Z
Activity.Duration:           00:00:00.0379116
Activity.Tags:
    server.address: localhost
    http.request.method: GET
    url.scheme: http
    url.path: /api/public/stores/019ea4d9-1f59-76ff-96fd-d7384225c9fd/catalog/products
    network.protocol.version: 1.1
    http.route: api/public/stores/{storeId}/catalog/products
    http.response.status_code: 200
Instrumentation scope (ActivitySource):
    Name: Microsoft.AspNetCore
Resource associated with Activity:
    telemetry.sdk.name: opentelemetry
    telemetry.sdk.language: dotnet
    telemetry.sdk.version: 1.14.0
    service.name: unknown_service:testhost
Activity.TraceId:            ee1924c27ad90c77f8c0f20970cad816
Activity.SpanId:             f11218f342fcace9
Activity.TraceFlags:         Recorded
Activity.DisplayName:        GET api/public/stores/{storeId}/catalog/products
Activity.Kind:               Server
Activity.StartTime:          2026-06-08T01:29:13.3820815Z
Activity.Duration:           00:00:00.0379116
Activity.Tags:
    server.address: localhost
    http.request.method: GET
    url.scheme: http
    url.path: /api/public/stores/019ea4d9-1f59-76ff-96fd-d7384225c9fd/catalog/products
    network.protocol.version: 1.1
    http.route: api/public/stores/{storeId}/catalog/products
    http.response.status_code: 200
Instrumentation scope (ActivitySource):
    Name: Microsoft.AspNetCore
Resource associated with Activity:
    telemetry.sdk.name: opentelemetry
    telemetry.sdk.language: dotnet
    telemetry.sdk.version: 1.14.0
    service.name: unknown_service:testhost
Activity.TraceId:            ee1924c27ad90c77f8c0f20970cad816
Activity.SpanId:             f11218f342fcace9
Activity.TraceFlags:         Recorded
Activity.DisplayName:        GET api/public/stores/{storeId}/catalog/products
Activity.Kind:               Server
Activity.StartTime:          2026-06-08T01:29:13.3820815Z
Activity.Duration:           00:00:00.0379116
Activity.Tags:
    server.address: localhost
    http.request.method: GET
    url.scheme: http
    url.path: /api/public/stores/019ea4d9-1f59-76ff-96fd-d7384225c9fd/catalog/products
    network.protocol.version: 1.1
    http.route: api/public/stores/{storeId}/catalog/products
    http.response.status_code: 200
Instrumentation scope (ActivitySource):
    Name: Microsoft.AspNetCore
[22:29:13 INF] Executing action method Urbeat.WebApi.Controllers.StoresController.Create (Urbeat.WebApi) - Validation state: Valid
Resource associated with Activity:
    telemetry.sdk.name: opentelemetry
    telemetry.sdk.language: dotnet
    telemetry.sdk.version: 1.14.0
    service.name: unknown_service:testhost
[22:29:13 INF] Executed action method Urbeat.WebApi.Controllers.AuthController.RegisterSeller (Urbeat.WebApi), returned result Microsoft.AspNetCore.Mvc.ObjectResult in 135.3431ms.
[22:29:13 INF] Executing ObjectResult, writing value of type '<>f__AnonymousType2`3[[System.Nullable`1[[System.Guid, System.Private.CoreLib, Version=9.0.0.0, Culture=neutral, PublicKeyToken=7cec85d7bea7798e]], System.Private.CoreLib, Version=9.0.0.0, Culture=neutral, PublicKeyToken=7cec85d7bea7798e],[System.Boolean, System.Private.CoreLib, Version=9.0.0.0, Culture=neutral, PublicKeyToken=7cec85d7bea7798e],[System.String, System.Private.CoreLib, Version=9.0.0.0, Culture=neutral, PublicKeyToken=7cec85d7bea7798e]]'.
[22:29:13 INF] Executed action Urbeat.WebApi.Controllers.AuthController.RegisterSeller (Urbeat.WebApi) in 135.8259ms
[22:29:13 INF] Executed action Urbeat.WebApi.Controllers.CustomerController.GetHome (Urbeat.WebApi) in 0.8394ms
[22:29:13 INF] EMAIL_CONFIRM_JOB_STARTED | Sending confirmation email | UserId=019ea4d9-1f45-7150-8308-1bd950642b8b
[22:29:13 INF] Executed endpoint 'Urbeat.WebApi.Controllers.AuthController.RegisterSeller (Urbeat.WebApi)'
Activity.TraceId:            c82813621d738e59ffa5b79306cfd178
Activity.SpanId:             ea220b1fce84db8b
Activity.TraceFlags:         Recorded
Activity.DisplayName:        GET api/customer/home
Activity.Kind:               Server
Activity.StartTime:          2026-06-08T01:29:13.3821424Z
Activity.Duration:           00:00:00.0386668
Activity.Tags:
    server.address: localhost
    http.request.method: GET
    url.scheme: http
    url.path: /api/customer/home
    network.protocol.version: 1.1
    http.route: api/customer/home
    http.response.status_code: 200
Instrumentation scope (ActivitySource):
    Name: Microsoft.AspNetCore
Resource associated with Activity:
    telemetry.sdk.name: opentelemetry
    telemetry.sdk.language: dotnet
    telemetry.sdk.version: 1.14.0
    service.name: unknown_service:testhost
Activity.TraceId:            c82813621d738e59ffa5b79306cfd178
Activity.SpanId:             ea220b1fce84db8b
Activity.TraceFlags:         Recorded
Activity.DisplayName:        GET api/customer/home
Activity.Kind:               Server
Activity.StartTime:          2026-06-08T01:29:13.3821424Z
Activity.Duration:           00:00:00.0386668
Activity.Tags:
    server.address: localhost
    http.request.method: GET
    url.scheme: http
    url.path: /api/customer/home
    network.protocol.version: 1.1
    http.route: api/customer/home
    http.response.status_code: 200
Instrumentation scope (ActivitySource):
    Name: Microsoft.AspNetCore
Resource associated with Activity:
    telemetry.sdk.name: opentelemetry
    telemetry.sdk.language: dotnet
    telemetry.sdk.version: 1.14.0
    service.name: unknown_service:testhost
Activity.TraceId:            c82813621d738e59ffa5b79306cfd178
Activity.SpanId:             ea220b1fce84db8b
Activity.TraceFlags:         Recorded
Activity.DisplayName:        GET api/customer/home
Activity.Kind:               Server
Activity.StartTime:          2026-06-08T01:29:13.3821424Z
Activity.Duration:           00:00:00.0386668
Activity.Tags:
    server.address: localhost
    http.request.method: GET
    url.scheme: http
    url.path: /api/customer/home
    network.protocol.version: 1.1
    http.route: api/customer/home
    http.response.status_code: 200
Instrumentation scope (ActivitySource):
    Name: Microsoft.AspNetCore
Resource associated with Activity:
    telemetry.sdk.name: opentelemetry
    telemetry.sdk.language: dotnet
    telemetry.sdk.version: 1.14.0
[22:29:13 INF] Route matched with {action = "LoginSeller", controller = "Auth"}. Executing controller action with signature System.Threading.Tasks.Task`1[Microsoft.AspNetCore.Mvc.IActionResult] LoginSeller(Urbeat.Application.DTOs.LoginRequestDto, System.Threading.CancellationToken) on controller Urbeat.WebApi.Controllers.AuthController (Urbeat.WebApi).
    service.name: unknown_service:testhost
Activity.TraceId:            c82813621d738e59ffa5b79306cfd178
Activity.SpanId:             ea220b1fce84db8b
Activity.TraceFlags:         Recorded
Activity.DisplayName:        GET api/customer/home
Activity.Kind:               Server
Activity.StartTime:          2026-06-08T01:29:13.3821424Z
Activity.Duration:           00:00:00.0386668
Activity.Tags:
    server.address: localhost
    http.request.method: GET
    url.scheme: http
    url.path: /api/customer/home
    network.protocol.version: 1.1
    http.route: api/customer/home
    http.response.status_code: 200
Instrumentation scope (ActivitySource):
    Name: Microsoft.AspNetCore
Resource associated with Activity:
    telemetry.sdk.name: opentelemetry
    telemetry.sdk.language: dotnet
    telemetry.sdk.version: 1.14.0
    service.name: unknown_service:testhost
Activity.TraceId:            c82813621d738e59ffa5b79306cfd178
Activity.SpanId:             ea220b1fce84db8b
Activity.TraceFlags:         Recorded
Activity.DisplayName:        GET api/customer/home
Activity.Kind:               Server
Activity.StartTime:          2026-06-08T01:29:13.3821424Z
Activity.Duration:           00:00:00.0386668
Activity.Tags:
    server.address: localhost
    http.request.method: GET
    url.scheme: http
    url.path: /api/customer/home
    network.protocol.version: 1.1
    http.route: api/customer/home
    http.response.status_code: 200
Instrumentation scope (ActivitySource):
    Name: Microsoft.AspNetCore
Resource associated with Activity:
    telemetry.sdk.name: opentelemetry
    telemetry.sdk.language: dotnet
    telemetry.sdk.version: 1.14.0
[22:29:13 INF] Request finished HTTP/1.1 POST http://localhost/api/auth/register/seller - 201 null application/json; charset=utf-8 136.7659ms
    service.name: unknown_service:testhost
Activity.TraceId:            1539281798878fb04d3e2c1edd010453
Activity.SpanId:             9e12d238b1f50f32
Activity.TraceFlags:         Recorded
Activity.DisplayName:        POST api/auth/register/seller
Activity.Kind:               Server
Activity.StartTime:          2026-06-08T01:29:13.2843811Z
Activity.Duration:           00:00:00.1368415
Activity.Tags:
    server.address: localhost
    http.request.method: POST
    url.scheme: http
    url.path: /api/auth/register/seller
    network.protocol.version: 1.1
    http.route: api/auth/register/seller
    http.response.status_code: 201
Instrumentation scope (ActivitySource):
    Name: Microsoft.AspNetCore
Resource associated with Activity:
    telemetry.sdk.name: opentelemetry
    telemetry.sdk.language: dotnet
    telemetry.sdk.version: 1.14.0
    service.name: unknown_service:testhost
Activity.TraceId:            1539281798878fb04d3e2c1edd010453
Activity.SpanId:             9e12d238b1f50f32
Activity.TraceFlags:         Recorded
Activity.DisplayName:        POST api/auth/register/seller
Activity.Kind:               Server
Activity.StartTime:          2026-06-08T01:29:13.2843811Z
Activity.Duration:           00:00:00.1368415
Activity.Tags:
    server.address: localhost
    http.request.method: POST
    url.scheme: http
    url.path: /api/auth/register/seller
    network.protocol.version: 1.1
    http.route: api/auth/register/seller
    http.response.status_code: 201
Instrumentation scope (ActivitySource):
    Name: Microsoft.AspNetCore
Resource associated with Activity:
    telemetry.sdk.name: opentelemetry
    telemetry.sdk.language: dotnet
    telemetry.sdk.version: 1.14.0
    service.name: unknown_service:testhost
Activity.TraceId:            1539281798878fb04d3e2c1edd010453
Activity.SpanId:             9e12d238b1f50f32
Activity.TraceFlags:         Recorded
Activity.DisplayName:        POST api/auth/register/seller
Activity.Kind:               Server
Activity.StartTime:          2026-06-08T01:29:13.2843811Z
Activity.Duration:           00:00:00.1368415
Activity.Tags:
    server.address: localhost
    http.request.method: POST
    url.scheme: http
    url.path: /api/auth/register/seller
    network.protocol.version: 1.1
    http.route: api/auth/register/seller
    http.response.status_code: 201
Instrumentation scope (ActivitySource):
    Name: Microsoft.AspNetCore
Resource associated with Activity:
    telemetry.sdk.name: opentelemetry
    telemetry.sdk.language: dotnet
    telemetry.sdk.version: 1.14.0
    service.name: unknown_service:testhost
Activity.TraceId:            1539281798878fb04d3e2c1edd010453
Activity.SpanId:             9e12d238b1f50f32
Activity.TraceFlags:         Recorded
Activity.DisplayName:        POST api/auth/register/seller
Activity.Kind:               Server
Activity.StartTime:          2026-06-08T01:29:13.2843811Z
Activity.Duration:           00:00:00.1368415
Activity.Tags:
    server.address: localhost
    http.request.method: POST
    url.scheme: http
    url.path: /api/auth/register/seller
    network.protocol.version: 1.1
    http.route: api/auth/register/seller
    http.response.status_code: 201
Instrumentation scope (ActivitySource):
    Name: Microsoft.AspNetCore
Resource associated with Activity:
    telemetry.sdk.name: opentelemetry
    telemetry.sdk.language: dotnet
    telemetry.sdk.version: 1.14.0
    service.name: unknown_service:testhost
Activity.TraceId:            1539281798878fb04d3e2c1edd010453
Activity.SpanId:             9e12d238b1f50f32
Activity.TraceFlags:         Recorded
Activity.DisplayName:        POST api/auth/register/seller
[22:29:13 INF] EMAIL_LOG_ONLY | Email skipped (LogOnly or no SMTP host) | To=products.flow.78c6dcff3c2646ee93e11d8d1fe0c8d0@urbeat.local | Subject=Confirme seu e-mail no Urbeat - Loja | Body=<!DOCTYPE html>
<html lang="pt-BR">
<head>
  <meta charset="UTF-8" />
  <meta name="viewport" content="width=device-width,initial-scale=1.0" />
  <title>Sua loja est� quase pronta!</title>
</head>
<body style="margin:0;padding:0;background:#FFF9F0;font-family:'Helvetica Neue',Helvetica,Arial,sans-serif;color:#2D2A2A;">
  <table role="presentation" width="100%" cellpadding="0" cellspacing="0" style="background:#FFF9F0;padding:32px 0;">
    <tr>
      <td align="center">
        <table role="presentation" width="560" cellpadding="0" cellspacing="0" style="background:#FFFCF8;border:1px solid #EDE4D9;border-radius:20px;overflow:hidden;">
          <tr>
            <td style="background:#C73E3A;padding:28px 32px;color:#FFFCF8;">
              <h1 style="margin:0;font-family:Georgia,serif;font-weight:400;font-size:28px;">Urbeat</h1>
            </td>
          </tr>
          <tr>
            <td style="padding:32px 40px 8px 40px;">
              <h2 style="margin:0 0 8px 0;font-family:Georgia,serif;font-weight:400;color:#2D2A2A;font-size:24px;">Sua loja est� quase pronta!</h2>
              <p style="margin:0;color:#7A7272;font-size:15px;">Ol�, vendedor(a)!</p>
            </td>
          </tr>
          <tr>
            <td style="padding:16px 40px;color:#2D2A2A;font-size:15px;line-height:1.6;">
              <p>Recebemos o cadastro da sua loja no <strong>Urbeat</strong>.
Para liberar o painel de vendas e receber pedidos, confirme seu e-mail.</p>
<p>Clique no bot�o abaixo para ativar sua conta. O link expira em 24 horas.</p>
            </td>
          </tr>
          <tr>
            <td align="center" style="padding:24px 40px 8px 40px;">
              <a href="https://urbeat.com.br/c/R9vjOqpyBeR6jAjnzSz2YpFKm"
                 style="display:inline-block;background:#C73E3A;color:#FFFCF8;text-decoration:none;padding:14px 28px;border-radius:12px;font-weight:600;font-size:15px;">
                Confirmar e-mail da loja
              </a>
            </td>
          </tr>
          <tr>
            <td style="padding:8px 40px 24px 40px;color:#7A7272;font-size:13px;line-height:1.5;">
              <p>Se o bot�o n�o funcionar, copie e cole o link abaixo no seu navegador:</p>
              <p style="word-break:break-all;color:#C73E3A;"><a href="https://urbeat.com.br/c/R9vjOqpyBeR6jAjnzSz2YpFKm" style="color:#C73E3A;">https://urbeat.com.br/c/R9vjOqpyBeR6jAjnzSz2YpFKm</a></p>
            </td>
          </tr>
          <tr>
            <td style="padding:16px 40px 32px 40px;border-top:1px solid #EDE4D9;color:#7A7272;font-size:13px;line-height:1.5;">
              <p>Se voc� n�o criou um cadastro de loja no Urbeat, pode ignorar este e-mail.</p>
              <p style="margin-top:16px;">- Equipe Urbeat</p>
            </td>
          </tr>
        </table>
      </td>
    </tr>
  </table>
</body>
</html>
[22:29:13 INF] Executing action method Urbeat.WebApi.Controllers.AuthController.LoginSeller (Urbeat.WebApi) - Validation state: Valid
Activity.Kind:               Server
Activity.StartTime:          2026-06-08T01:29:13.2843811Z
Activity.Duration:           00:00:00.1368415
Activity.Tags:
    server.address: localhost
    http.request.method: POST
    url.scheme: http
    url.path: /api/auth/register/seller
    network.protocol.version: 1.1
    http.route: api/auth/register/seller
    http.response.status_code: 201
Instrumentation scope (ActivitySource):
    Name: Microsoft.AspNetCore
Resource associated with Activity:
    telemetry.sdk.name: opentelemetry
    telemetry.sdk.language: dotnet
    telemetry.sdk.version: 1.14.0
    service.name: unknown_service:testhost
[22:29:13 INF] Saved 1 entities to in-memory store.
[22:29:13 INF] EMAIL_CONFIRM_JOB_COMPLETED | Job completed | UserId=019ea4d9-1f45-7150-8308-1bd950642b8b
[22:29:13 INF] Executed action method Urbeat.WebApi.Controllers.StoresController.Create (Urbeat.WebApi), returned result Microsoft.AspNetCore.Mvc.ObjectResult in 1.3743ms.
[22:29:13 INF] Executing ObjectResult, writing value of type 'Urbeat.Application.DTOs.StoreResponseDto'.
[22:29:13 INF] Executed action Urbeat.WebApi.Controllers.StoresController.Create (Urbeat.WebApi) in 2.2894ms
[22:29:13 INF] Request finished HTTP/1.1 POST http://localhost/api/stores - 201 null application/json; charset=utf-8 39.6734ms
Activity.TraceId:            fbb77595a3d2b2b63de4b66f475d9455
Activity.SpanId:             1541fd8d00498e65
Activity.TraceFlags:         Recorded
Activity.DisplayName:        POST api/stores
Activity.Kind:               Server
Activity.StartTime:          2026-06-08T01:29:13.3824788Z
Activity.Duration:           00:00:00.0397710
Activity.Tags:
    server.address: localhost
    http.request.method: POST
    url.scheme: http
    url.path: /api/stores
    network.protocol.version: 1.1
    http.route: api/stores
    http.response.status_code: 201
Instrumentation scope (ActivitySource):
    Name: Microsoft.AspNetCore
Resource associated with Activity:
    telemetry.sdk.name: opentelemetry
    telemetry.sdk.language: dotnet
    telemetry.sdk.version: 1.14.0
    service.name: unknown_service:testhost
Activity.TraceId:            fbb77595a3d2b2b63de4b66f475d9455
Activity.SpanId:             1541fd8d00498e65
Activity.TraceFlags:         Recorded
Activity.DisplayName:        POST api/stores
Activity.Kind:               Server
Activity.StartTime:          2026-06-08T01:29:13.3824788Z
Activity.Duration:           00:00:00.0397710
Activity.Tags:
    server.address: localhost
    http.request.method: POST
    url.scheme: http
    url.path: /api/stores
    network.protocol.version: 1.1
    http.route: api/stores
    http.response.status_code: 201
Instrumentation scope (ActivitySource):
    Name: Microsoft.AspNetCore
Resource associated with Activity:
    telemetry.sdk.name: opentelemetry
    telemetry.sdk.language: dotnet
    telemetry.sdk.version: 1.14.0
    service.name: unknown_service:testhost
Activity.TraceId:            fbb77595a3d2b2b63de4b66f475d9455
Activity.SpanId:             1541fd8d00498e65
Activity.TraceFlags:         Recorded
Activity.DisplayName:        POST api/stores
Activity.Kind:               Server
Activity.StartTime:          2026-06-08T01:29:13.3824788Z
Activity.Duration:           00:00:00.0397710
Activity.Tags:
    server.address: localhost
    http.request.method: POST
    url.scheme: http
    url.path: /api/stores
    network.protocol.version: 1.1
    http.route: api/stores
    http.response.status_code: 201
Instrumentation scope (ActivitySource):
    Name: Microsoft.AspNetCore
Resource associated with Activity:
    telemetry.sdk.name: opentelemetry
    telemetry.sdk.language: dotnet
    telemetry.sdk.version: 1.14.0
    service.name: unknown_service:testhost
Activity.TraceId:            fbb77595a3d2b2b63de4b66f475d9455
Activity.SpanId:             1541fd8d00498e65
Activity.TraceFlags:         Recorded
Activity.DisplayName:        POST api/stores
Activity.Kind:               Server
Activity.StartTime:          2026-06-08T01:29:13.3824788Z
Activity.Duration:           00:00:00.0397710
Activity.Tags:
[22:29:13 INF] Saved 1 entities to in-memory store.
Resource associated with Metrics:
Resource associated with Metrics:
    server.address: localhost
	telemetry.sdk.name: opentelemetry
    http.request.method: POST
	telemetry.sdk.language: dotnet
    url.scheme: http
[22:29:13 INF] Request starting HTTP/1.1 PUT http://localhost/api/stores/019ea4d9-1fcd-7458-890a-b5adcbea4fc1/address - application/json; charset=utf-8 null
	telemetry.sdk.version: 1.14.0
	service.name: unknown_service:testhost
	telemetry.sdk.name: opentelemetry
	telemetry.sdk.language: dotnet
    url.path: /api/stores
	telemetry.sdk.version: 1.14.0
    network.protocol.version: 1.1
	service.name: unknown_service:testhost
Metric Name: http.server.active_requests, Description: Number of active HTTP server requests., Unit: {request}, Metric Type: LongSumNonMonotonic
Instrumentation scope (Meter):
	Name: Microsoft.AspNetCore.Hosting
Metric Name: http.server.active_requests, Description: Number of active HTTP server requests., Unit: {request}, Metric Type: LongSumNonMonotonic
    http.route: api/stores
Instrumentation scope (Meter):
	Name: Microsoft.AspNetCore.Hosting
    http.response.status_code: 201
Instrumentation scope (ActivitySource):
(2026-06-08T01:29:11.0394274Z, 2026-06-08T01:29:13.4232920Z] http.request.method: POST url.scheme: http
Value: -6
    Name: Microsoft.AspNetCore
(2026-06-08T01:29:10.7056215Z, 2026-06-08T01:29:13.4227786Z] http.request.method: POST url.scheme: http
Value: -9
(2026-06-08T01:29:11.0394274Z, 2026-06-08T01:29:13.4232920Z] http.request.method: PATCH url.scheme: http
Value: -1
Resource associated with Activity:
(2026-06-08T01:29:11.0394274Z, 2026-06-08T01:29:13.4232920Z] http.request.method: GET url.scheme: http
Value: 0
(2026-06-08T01:29:10.7056215Z, 2026-06-08T01:29:13.4227786Z] http.request.method: GET url.scheme: http
Value: -1
(2026-06-08T01:29:11.0394274Z, 2026-06-08T01:29:13.4232920Z] http.request.method: PUT url.scheme: http
Value: 0
    telemetry.sdk.name: opentelemetry
(2026-06-08T01:29:11.0394274Z, 2026-06-08T01:29:13.4232920Z] http.request.method: DELETE url.scheme: http
Value: 0
    telemetry.sdk.language: dotnet
(2026-06-08T01:29:10.7056215Z, 2026-06-08T01:29:13.4227786Z] http.request.method: PATCH url.scheme: http
Value: 0
    telemetry.sdk.version: 1.14.0
Metric Name: http.server.request.duration, Description: Duration of HTTP server requests., Unit: s, Metric Type: Histogram
    service.name: unknown_service:testhost
Instrumentation scope (Meter):
(2026-06-08T01:29:10.7056215Z, 2026-06-08T01:29:13.4227786Z] http.request.method: PUT url.scheme: http
Value: 0
	Name: Microsoft.AspNetCore.Hosting
(2026-06-08T01:29:10.7056215Z, 2026-06-08T01:29:13.4227786Z] http.request.method: DELETE url.scheme: http
Value: 0
Metric Name: http.server.request.duration, Description: Duration of HTTP server requests., Unit: s, Metric Type: Histogram
Activity.TraceId:            fbb77595a3d2b2b63de4b66f475d9455
Instrumentation scope (Meter):
Activity.SpanId:             1541fd8d00498e65
	Name: Microsoft.AspNetCore.Hosting
Activity.TraceFlags:         Recorded
Activity.DisplayName:        POST api/stores
(2026-06-08T01:29:11.0394385Z, 2026-06-08T01:29:13.4233063Z] http.request.method: POST http.response.status_code: 200 http.route: api/auth/login/seller network.protocol.version: 1.1 url.scheme: http
Value: Sum: 1.4051972000000001 Count: 10 Min: 0.0465088 Max: 0.383696 
(-Infinity,0,005]:0
(0,005,0,01]:0
(0,01,0,025]:0
(0,025,0,05]:2
(0,05,0,075]:2
(0,075,0,1]:1
(0,1,0,25]:4
(0,25,0,5]:1
(0,5,0,75]:0
(0,75,1]:0
(1,2,5]:0
(2,5,5]:0
(5,7,5]:0
(7,5,10]:0
(10,+Infinity]:0
Activity.Kind:               Server
Activity.StartTime:          2026-06-08T01:29:13.3824788Z
Activity.Duration:           00:00:00.0397710
(2026-06-08T01:29:11.0394385Z, 2026-06-08T01:29:13.4233063Z] http.request.method: POST http.response.status_code: 201 http.route: api/auth/register/seller network.protocol.version: 1.1 url.scheme: http
Value: Sum: 1.3295084 Count: 9 Min: 0.0570142 Max: 0.2961054 
(-Infinity,0,005]:0
(0,005,0,01]:0
(0,01,0,025]:0
(0,025,0,05]:0
(0,05,0,075]:2
(0,075,0,1]:1
(0,1,0,25]:5
(0,25,0,5]:1
(0,5,0,75]:0
(0,75,1]:0
(1,2,5]:0
(2,5,5]:0
(5,7,5]:0
(7,5,10]:0
(10,+Infinity]:0
(2026-06-08T01:29:10.7056283Z, 2026-06-08T01:29:13.4228020Z] http.request.method: POST http.response.status_code: 201 http.route: api/auth/register/seller network.protocol.version: 1.1 url.scheme: http
Value: Sum: 1.5796938000000003 Count: 9 Min: 0.0570142 Max: 0.2961054 
(-Infinity,0,005]:0
(0,005,0,01]:0
(0,01,0,025]:0
(0,025,0,05]:0
(0,05,0,075]:2
(0,075,0,1]:0
(0,1,0,25]:6
(0,25,0,5]:1
(0,5,0,75]:0
(0,75,1]:0
(1,2,5]:0
(2,5,5]:0
(5,7,5]:0
(7,5,10]:0
(10,+Infinity]:0
(2026-06-08T01:29:11.0394385Z, 2026-06-08T01:29:13.4233063Z] http.request.method: PATCH http.response.status_code: 200 http.route: api/stores/{storeId}/status network.protocol.version: 1.1 url.scheme: http
Value: Sum: 0.2303399 Count: 2 Min: 0.111054 Max: 0.1192859 
(-Infinity,0,005]:0
(0,005,0,01]:0
(0,01,0,025]:0
(0,025,0,05]:0
(0,05,0,075]:0
(0,075,0,1]:0
(0,1,0,25]:2
(0,25,0,5]:0
(0,5,0,75]:0
(0,75,1]:0
(1,2,5]:0
(2,5,5]:0
(5,7,5]:0
(7,5,10]:0
(10,+Infinity]:0
Activity.Tags:
    server.address: localhost
    http.request.method: POST
    url.scheme: http
(2026-06-08T01:29:11.0394385Z, 2026-06-08T01:29:13.4233063Z] http.request.method: POST http.response.status_code: 201 http.route: api/stores network.protocol.version: 1.1 url.scheme: http
Value: Sum: 0.7119716 Count: 10 Min: 0.006548 Max: 0.2201614 
(-Infinity,0,005]:0
(0,005,0,01]:1
(0,01,0,025]:2
(0,025,0,05]:2
(0,05,0,075]:2
(0,075,0,1]:0
(0,1,0,25]:3
(0,25,0,5]:0
(0,5,0,75]:0
(0,75,1]:0
(1,2,5]:0
(2,5,5]:0
(5,7,5]:0
(7,5,10]:0
(10,+Infinity]:0
    url.path: /api/stores
(2026-06-08T01:29:10.7056283Z, 2026-06-08T01:29:13.4228020Z] http.request.method: POST http.response.status_code: 201 http.route: api/stores network.protocol.version: 1.1 url.scheme: http
Value: Sum: 1.0822854 Count: 9 Min: 0.006548 Max: 0.2201614 
(-Infinity,0,005]:0
(0,005,0,01]:1
(0,01,0,025]:0
(0,025,0,05]:1
(0,05,0,075]:2
(0,075,0,1]:0
(0,1,0,25]:5
(0,25,0,5]:0
(0,5,0,75]:0
(0,75,1]:0
(1,2,5]:0
(2,5,5]:0
(5,7,5]:0
(7,5,10]:0
(10,+Infinity]:0
(2026-06-08T01:29:11.0394385Z, 2026-06-08T01:29:13.4233063Z] http.request.method: POST http.response.status_code: 201 http.route: api/auth/register/customer network.protocol.version: 1.1 url.scheme: http
Value: Sum: 0.7998044000000001 Count: 5 Min: 0.0503329 Max: 0.2685781 
(-Infinity,0,005]:0
(0,005,0,01]:0
(0,01,0,025]:0
(0,025,0,05]:0
(0,05,0,075]:1
(0,075,0,1]:0
(0,1,0,25]:3
(0,25,0,5]:1
(0,5,0,75]:0
(0,75,1]:0
(1,2,5]:0
(2,5,5]:0
(5,7,5]:0
(7,5,10]:0
(10,+Infinity]:0
    network.protocol.version: 1.1
    http.route: api/stores
    http.response.status_code: 201
(2026-06-08T01:29:11.0394385Z, 2026-06-08T01:29:13.4233063Z] http.request.method: POST http.response.status_code: 200 http.route: api/auth/login/customer network.protocol.version: 1.1 url.scheme: http
Value: Sum: 0.7005763 Count: 5 Min: 0.0634958 Max: 0.269444 
(-Infinity,0,005]:0
(0,005,0,01]:0
(0,01,0,025]:0
(0,025,0,05]:0
(0,05,0,075]:1
(0,075,0,1]:1
(0,1,0,25]:2
(0,25,0,5]:1
(0,5,0,75]:0
(0,75,1]:0
(1,2,5]:0
(2,5,5]:0
(5,7,5]:0
(7,5,10]:0
(10,+Infinity]:0
Instrumentation scope (ActivitySource):
(2026-06-08T01:29:10.7056283Z, 2026-06-08T01:29:13.4228020Z] http.request.method: POST http.response.status_code: 200 http.route: api/auth/login/admin network.protocol.version: 1.1 url.scheme: http
Value: Sum: 0.132935 Count: 1 Min: 0.132935 Max: 0.132935 
(-Infinity,0,005]:0
(0,005,0,01]:0
(0,01,0,025]:0
(0,025,0,05]:0
(0,05,0,075]:0
(0,075,0,1]:0
(0,1,0,25]:1
(0,25,0,5]:0
(0,5,0,75]:0
(0,75,1]:0
(1,2,5]:0
(2,5,5]:0
(5,7,5]:0
(7,5,10]:0
(10,+Infinity]:0
    Name: Microsoft.AspNetCore
Resource associated with Activity:
(2026-06-08T01:29:11.0394385Z, 2026-06-08T01:29:13.4233063Z] http.request.method: PATCH http.response.status_code: 200 http.route: api/stores/{storeId}/delivery-config network.protocol.version: 1.1 url.scheme: http
Value: Sum: 0.21481889999999998 Count: 2 Min: 0.0798386 Max: 0.1349803 
(-Infinity,0,005]:0
(0,005,0,01]:0
(0,01,0,025]:0
(0,025,0,05]:0
(0,05,0,075]:0
(0,075,0,1]:1
(0,1,0,25]:1
(0,25,0,5]:0
(0,5,0,75]:0
(0,75,1]:0
(1,2,5]:0
(2,5,5]:0
(5,7,5]:0
(7,5,10]:0
(10,+Infinity]:0
    telemetry.sdk.name: opentelemetry
    telemetry.sdk.language: dotnet
    telemetry.sdk.version: 1.14.0
(2026-06-08T01:29:10.7056283Z, 2026-06-08T01:29:13.4228020Z] http.request.method: POST http.response.status_code: 400 http.route: api/orders network.protocol.version: 1.1 url.scheme: http
Value: Sum: 0.1125504 Count: 3 Min: 0.0016659 Max: 0.1071399 
(-Infinity,0,005]:2
(0,005,0,01]:0
(0,01,0,025]:0
(0,025,0,05]:0
(0,05,0,075]:0
(0,075,0,1]:0
(0,1,0,25]:1
(0,25,0,5]:0
(0,5,0,75]:0
(0,75,1]:0
(1,2,5]:0
(2,5,5]:0
(5,7,5]:0
(7,5,10]:0
(10,+Infinity]:0
(2026-06-08T01:29:11.0394385Z, 2026-06-08T01:29:13.4233063Z] http.request.method: GET http.response.status_code: 200 http.route: api/stores/{storeId}/categories network.protocol.version: 1.1 url.scheme: http
Value: Sum: 0.1456539 Count: 2 Min: 0.0388313 Max: 0.1068226 
(-Infinity,0,005]:0
(0,005,0,01]:0
(0,01,0,025]:0
(0,025,0,05]:1
(0,05,0,075]:0
(0,075,0,1]:0
(0,1,0,25]:1
(0,25,0,5]:0
(0,5,0,75]:0
(0,75,1]:0
(1,2,5]:0
(2,5,5]:0
(5,7,5]:0
(7,5,10]:0
(10,+Infinity]:0
    service.name: unknown_service:testhost
(2026-06-08T01:29:11.0394385Z, 2026-06-08T01:29:13.4233063Z] http.request.method: POST http.response.status_code: 201 http.route: api/stores/{storeId}/categories network.protocol.version: 1.1 url.scheme: http
Value: Sum: 0.32176459999999996 Count: 8 Min: 0.0014869 Max: 0.1439614 
(-Infinity,0,005]:2
(0,005,0,01]:0
(0,01,0,025]:1
(0,025,0,05]:3
(0,05,0,075]:1
(0,075,0,1]:0
(0,1,0,25]:1
(0,25,0,5]:0
(0,5,0,75]:0
(0,75,1]:0
(1,2,5]:0
(2,5,5]:0
(5,7,5]:0
(7,5,10]:0
(10,+Infinity]:0
(2026-06-08T01:29:10.7056283Z, 2026-06-08T01:29:13.4228020Z] http.request.method: POST http.response.status_code: 201 http.route: api/admin/plans network.protocol.version: 1.1 url.scheme: http
Value: Sum: 0.0761778 Count: 1 Min: 0.0761778 Max: 0.0761778 
(-Infinity,0,005]:0
(0,005,0,01]:0
(0,01,0,025]:0
(0,025,0,05]:0
(0,05,0,075]:0
(0,075,0,1]:1
(0,1,0,25]:0
(0,25,0,5]:0
(0,5,0,75]:0
(0,75,1]:0
(1,2,5]:0
(2,5,5]:0
(5,7,5]:0
(7,5,10]:0
(10,+Infinity]:0
(2026-06-08T01:29:11.0394385Z, 2026-06-08T01:29:13.4233063Z] http.request.method: GET http.response.status_code: 200 http.route: api/public/stores/{storeId}/catalog/categories network.protocol.version: 1.1 url.scheme: http
Value: Sum: 0.1377761 Count: 3 Min: 0.0316512 Max: 0.0688572 
(-Infinity,0,005]:0
(0,005,0,01]:0
(0,01,0,025]:0
(0,025,0,05]:2
(0,05,0,075]:1
(0,075,0,1]:0
(0,1,0,25]:0
(0,25,0,5]:0
(0,5,0,75]:0
(0,75,1]:0
(1,2,5]:0
(2,5,5]:0
(5,7,5]:0
(7,5,10]:0
(10,+Infinity]:0
(2026-06-08T01:29:10.7056283Z, 2026-06-08T01:29:13.4228020Z] http.request.method: POST http.response.status_code: 200 http.route: api/auth/login/seller network.protocol.version: 1.1 url.scheme: http
Value: Sum: 1.4263226000000002 Count: 9 Min: 0.0465088 Max: 0.383696 
(-Infinity,0,005]:0
(0,005,0,01]:0
(0,01,0,025]:0
(0,025,0,05]:2
(0,05,0,075]:1
(0,075,0,1]:0
(0,1,0,25]:5
(0,25,0,5]:1
(0,5,0,75]:0
(0,75,1]:0
(1,2,5]:0
(2,5,5]:0
(5,7,5]:0
(7,5,10]:0
(10,+Infinity]:0
(2026-06-08T01:29:11.0394385Z, 2026-06-08T01:29:13.4233063Z] http.request.method: POST http.response.status_code: 201 http.route: api/customer/addresses network.protocol.version: 1.1 url.scheme: http
Value: Sum: 0.3140199 Count: 3 Min: 0.0041332 Max: 0.1743354 
(-Infinity,0,005]:1
(0,005,0,01]:0
(0,01,0,025]:0
(0,025,0,05]:0
(0,05,0,075]:0
(0,075,0,1]:0
(0,1,0,25]:2
(0,25,0,5]:0
(0,5,0,75]:0
(0,75,1]:0
(1,2,5]:0
(2,5,5]:0
(5,7,5]:0
(7,5,10]:0
(10,+Infinity]:0
(2026-06-08T01:29:10.7056283Z, 2026-06-08T01:29:13.4228020Z] http.request.method: GET http.response.status_code: 200 http.route: api/public/stores network.protocol.version: 1.1 url.scheme: http
Value: Sum: 0.1669791 Count: 2 Min: 0.0088641 Max: 0.158115 
(-Infinity,0,005]:0
(0,005,0,01]:1
(0,01,0,025]:0
(0,025,0,05]:0
(0,05,0,075]:0
(0,075,0,1]:0
(0,1,0,25]:1
(0,25,0,5]:0
(0,5,0,75]:0
(0,75,1]:0
(1,2,5]:0
(2,5,5]:0
(5,7,5]:0
(7,5,10]:0
(10,+Infinity]:0
(2026-06-08T01:29:11.0394385Z, 2026-06-08T01:29:13.4233063Z] http.request.method: POST http.response.status_code: 200 http.route: api/auth/refresh network.protocol.version: 1.1 url.scheme: http
Value: Sum: 0.1089914 Count: 1 Min: 0.1089914 Max: 0.1089914 
(-Infinity,0,005]:0
(0,005,0,01]:0
(0,01,0,025]:0
(0,025,0,05]:0
(0,05,0,075]:0
(0,075,0,1]:0
(0,1,0,25]:1
(0,25,0,5]:0
(0,5,0,75]:0
(0,75,1]:0
(1,2,5]:0
(2,5,5]:0
(5,7,5]:0
(7,5,10]:0
(10,+Infinity]:0
(2026-06-08T01:29:10.7056283Z, 2026-06-08T01:29:13.4228020Z] http.request.method: POST http.response.status_code: 201 http.route: api/auth/register/customer network.protocol.version: 1.1 url.scheme: http
Value: Sum: 1.0316112999999998 Count: 6 Min: 0.0503329 Max: 0.2685781 
(-Infinity,0,005]:0
(0,005,0,01]:0
(0,01,0,025]:0
(0,025,0,05]:0
(0,05,0,075]:1
(0,075,0,1]:0
(0,1,0,25]:4
(0,25,0,5]:1
(0,5,0,75]:0
(0,75,1]:0
(1,2,5]:0
(2,5,5]:0
(5,7,5]:0
(7,5,10]:0
(10,+Infinity]:0
[22:29:13 INF] Request starting HTTP/1.1 POST http://localhost/api/auth/login/seller - application/json; charset=utf-8 null
(2026-06-08T01:29:11.0394385Z, 2026-06-08T01:29:13.4233063Z] http.request.method: POST http.response.status_code: 400 http.route: api/checkout/preview network.protocol.version: 1.1 url.scheme: http
Value: Sum: 0.1531914 Count: 1 Min: 0.1531914 Max: 0.1531914 
(-Infinity,0,005]:0
(0,005,0,01]:0
(0,01,0,025]:0
(0,025,0,05]:0
(0,05,0,075]:0
(0,075,0,1]:0
(0,1,0,25]:1
(0,25,0,5]:0
(0,5,0,75]:0
(0,75,1]:0
(1,2,5]:0
(2,5,5]:0
(5,7,5]:0
(7,5,10]:0
(10,+Infinity]:0
(2026-06-08T01:29:10.7056283Z, 2026-06-08T01:29:13.4228020Z] http.request.method: POST http.response.status_code: 400 http.route: api/subscriptions/contract network.protocol.version: 1.1 url.scheme: http
Value: Sum: 0.2019646 Count: 1 Min: 0.2019646 Max: 0.2019646 
(-Infinity,0,005]:0
(0,005,0,01]:0
(0,01,0,025]:0
(0,025,0,05]:0
(0,05,0,075]:0
(0,075,0,1]:0
(0,1,0,25]:1
(0,25,0,5]:0
(0,5,0,75]:0
(0,75,1]:0
(1,2,5]:0
(2,5,5]:0
(5,7,5]:0
(7,5,10]:0
(10,+Infinity]:0
(2026-06-08T01:29:11.0394385Z, 2026-06-08T01:29:13.4233063Z] http.request.method: POST http.response.status_code: 201 http.route: api/stores/{storeId}/products network.protocol.version: 1.1 url.scheme: http
Value: Sum: 0.35598359999999996 Count: 7 Min: 0.0019065 Max: 0.2237816 
(-Infinity,0,005]:3
(0,005,0,01]:1
(0,01,0,025]:1
(0,025,0,05]:0
(0,05,0,075]:0
(0,075,0,1]:0
(0,1,0,25]:2
(0,25,0,5]:0
(0,5,0,75]:0
(0,75,1]:0
(1,2,5]:0
(2,5,5]:0
(5,7,5]:0
(7,5,10]:0
(10,+Infinity]:0
(2026-06-08T01:29:10.7056283Z, 2026-06-08T01:29:13.4228020Z] http.request.method: PATCH http.response.status_code: 200 http.route: api/stores/{storeId}/status network.protocol.version: 1.1 url.scheme: http
Value: Sum: 0.2303399 Count: 2 Min: 0.111054 Max: 0.1192859 
(-Infinity,0,005]:0
(0,005,0,01]:0
(0,01,0,025]:0
(0,025,0,05]:0
(0,05,0,075]:0
(0,075,0,1]:0
(0,1,0,25]:2
(0,25,0,5]:0
(0,5,0,75]:0
(0,75,1]:0
(1,2,5]:0
(2,5,5]:0
(5,7,5]:0
(7,5,10]:0
(10,+Infinity]:0
(2026-06-08T01:29:11.0394385Z, 2026-06-08T01:29:13.4233063Z] http.request.method: PUT http.response.status_code: 200 http.route: api/stores/{storeId}/address network.protocol.version: 1.1 url.scheme: http
Value: Sum: 0.2955106 Count: 1 Min: 0.2955106 Max: 0.2955106 
(-Infinity,0,005]:0
(0,005,0,01]:0
(0,01,0,025]:0
(0,025,0,05]:0
(0,05,0,075]:0
(0,075,0,1]:0
(0,1,0,25]:0
(0,25,0,5]:1
(0,5,0,75]:0
(0,75,1]:0
(1,2,5]:0
(2,5,5]:0
(5,7,5]:0
(7,5,10]:0
(10,+Infinity]:0
(2026-06-08T01:29:11.0394385Z, 2026-06-08T01:29:13.4233063Z] http.request.method: PUT http.response.status_code: 200 http.route: api/stores/{storeId}/products/{productId} network.protocol.version: 1.1 url.scheme: http
Value: Sum: 0.2087002 Count: 1 Min: 0.2087002 Max: 0.2087002 
(-Infinity,0,005]:0
(0,005,0,01]:0
(0,01,0,025]:0
(0,025,0,05]:0
(0,05,0,075]:0
(0,075,0,1]:0
(0,1,0,25]:1
(0,25,0,5]:0
(0,5,0,75]:0
(0,75,1]:0
(1,2,5]:0
(2,5,5]:0
(5,7,5]:0
(7,5,10]:0
(10,+Infinity]:0
(2026-06-08T01:29:10.7056283Z, 2026-06-08T01:29:13.4228020Z] http.request.method: POST http.response.status_code: 200 http.route: api/auth/login/customer network.protocol.version: 1.1 url.scheme: http
Value: Sum: 0.7005763 Count: 5 Min: 0.0634958 Max: 0.269444 
(-Infinity,0,005]:0
(0,005,0,01]:0
(0,01,0,025]:0
(0,025,0,05]:0
(0,05,0,075]:1
(0,075,0,1]:1
(0,1,0,25]:2
(0,25,0,5]:1
(0,5,0,75]:0
(0,75,1]:0
(1,2,5]:0
(2,5,5]:0
(5,7,5]:0
(7,5,10]:0
(10,+Infinity]:0
(2026-06-08T01:29:11.0394385Z, 2026-06-08T01:29:13.4233063Z] http.request.method: PUT http.response.status_code: 200 http.route: api/stores/{storeId}/business-hours network.protocol.version: 1.1 url.scheme: http
Value: Sum: 0.1993077 Count: 1 Min: 0.1993077 Max: 0.1993077 
(-Infinity,0,005]:0
(0,005,0,01]:0
(0,01,0,025]:0
(0,025,0,05]:0
(0,05,0,075]:0
(0,075,0,1]:0
(0,1,0,25]:1
(0,25,0,5]:0
(0,5,0,75]:0
(0,75,1]:0
(1,2,5]:0
(2,5,5]:0
(5,7,5]:0
(7,5,10]:0
(10,+Infinity]:0
(2026-06-08T01:29:10.7056283Z, 2026-06-08T01:29:13.4228020Z] http.request.method: PATCH http.response.status_code: 200 http.route: api/stores/{storeId}/delivery-config network.protocol.version: 1.1 url.scheme: http
Value: Sum: 0.21481889999999998 Count: 2 Min: 0.0798386 Max: 0.1349803 
(-Infinity,0,005]:0
(0,005,0,01]:0
(0,01,0,025]:0
(0,025,0,05]:0
(0,05,0,075]:0
(0,075,0,1]:1
(0,1,0,25]:1
(0,25,0,5]:0
(0,5,0,75]:0
(0,75,1]:0
(1,2,5]:0
(2,5,5]:0
(5,7,5]:0
(7,5,10]:0
(10,+Infinity]:0
[22:29:13 INF] Executing endpoint 'Urbeat.WebApi.Controllers.AuthController.LoginSeller (Urbeat.WebApi)'
(2026-06-08T01:29:11.0394385Z, 2026-06-08T01:29:13.4233063Z] http.request.method: POST http.response.status_code: 400 http.route: api/orders network.protocol.version: 1.1 url.scheme: http
Value: Sum: 0.0054105 Count: 2 Min: 0.0016659 Max: 0.0037446 
(-Infinity,0,005]:2
(0,005,0,01]:0
(0,01,0,025]:0
(0,025,0,05]:0
(0,05,0,075]:0
(0,075,0,1]:0
(0,1,0,25]:0
(0,25,0,5]:0
(0,5,0,75]:0
(0,75,1]:0
(1,2,5]:0
(2,5,5]:0
(5,7,5]:0
(7,5,10]:0
(10,+Infinity]:0
(2026-06-08T01:29:10.7056283Z, 2026-06-08T01:29:13.4228020Z] http.request.method: GET http.response.status_code: 200 http.route: api/stores/{storeId}/categories network.protocol.version: 1.1 url.scheme: http
Value: Sum: 0.1456539 Count: 2 Min: 0.0388313 Max: 0.1068226 
(-Infinity,0,005]:0
(0,005,0,01]:0
(0,01,0,025]:0
(0,025,0,05]:1
(0,05,0,075]:0
(0,075,0,1]:0
(0,1,0,25]:1
(0,25,0,5]:0
(0,5,0,75]:0
(0,75,1]:0
(1,2,5]:0
(2,5,5]:0
(5,7,5]:0
(7,5,10]:0
(10,+Infinity]:0
(2026-06-08T01:29:11.0394385Z, 2026-06-08T01:29:13.4233063Z] http.request.method: GET http.response.status_code: 200 http.route: api/public/stores network.protocol.version: 1.1 url.scheme: http
Value: Sum: 0.0088641 Count: 1 Min: 0.0088641 Max: 0.0088641 
(-Infinity,0,005]:0
(0,005,0,01]:1
(0,01,0,025]:0
(0,025,0,05]:0
(0,05,0,075]:0
(0,075,0,1]:0
(0,1,0,25]:0
(0,25,0,5]:0
(0,5,0,75]:0
(0,75,1]:0
(1,2,5]:0
(2,5,5]:0
(5,7,5]:0
(7,5,10]:0
(10,+Infinity]:0
(2026-06-08T01:29:10.7056283Z, 2026-06-08T01:29:13.4228020Z] http.request.method: POST http.response.status_code: 201 http.route: api/stores/{storeId}/categories network.protocol.version: 1.1 url.scheme: http
Value: Sum: 0.2597796 Count: 4 Min: 0.0115523 Max: 0.1439614 
(-Infinity,0,005]:0
(0,005,0,01]:0
(0,01,0,025]:1
(0,025,0,05]:1
(0,05,0,075]:1
(0,075,0,1]:0
(0,1,0,25]:1
(0,25,0,5]:0
(0,5,0,75]:0
(0,75,1]:0
(1,2,5]:0
(2,5,5]:0
(5,7,5]:0
(7,5,10]:0
(10,+Infinity]:0
(2026-06-08T01:29:11.0394385Z, 2026-06-08T01:29:13.4233063Z] http.request.method: GET http.response.status_code: 403 http.route: api/customer/home network.protocol.version: 1.1 url.scheme: http
Value: Sum: 0.0007044 Count: 1 Min: 0.0007044 Max: 0.0007044 
(-Infinity,0,005]:1
(0,005,0,01]:0
(0,01,0,025]:0
(0,025,0,05]:0
(0,05,0,075]:0
(0,075,0,1]:0
(0,1,0,25]:0
(0,25,0,5]:0
(0,5,0,75]:0
(0,75,1]:0
(1,2,5]:0
(2,5,5]:0
(5,7,5]:0
(7,5,10]:0
(10,+Infinity]:0
(2026-06-08T01:29:10.7056283Z, 2026-06-08T01:29:13.4228020Z] http.request.method: POST http.response.status_code: 201 http.route: api/customer/addresses network.protocol.version: 1.1 url.scheme: http
Value: Sum: 0.3140199 Count: 3 Min: 0.0041332 Max: 0.1743354 
(-Infinity,0,005]:1
(0,005,0,01]:0
(0,01,0,025]:0
(0,025,0,05]:0
(0,05,0,075]:0
(0,075,0,1]:0
(0,1,0,25]:2
(0,25,0,5]:0
(0,5,0,75]:0
(0,75,1]:0
(1,2,5]:0
(2,5,5]:0
(5,7,5]:0
(7,5,10]:0
(10,+Infinity]:0
[22:29:13 INF] Route matched with {action = "UpsertAddress", controller = "Stores"}. Executing controller action with signature System.Threading.Tasks.Task`1[Microsoft.AspNetCore.Mvc.IActionResult] UpsertAddress(System.Guid, Urbeat.Application.DTOs.UpdateStoreAddressRequestDto, System.Threading.CancellationToken) on controller Urbeat.WebApi.Controllers.StoresController (Urbeat.WebApi).
(2026-06-08T01:29:11.0394385Z, 2026-06-08T01:29:13.4233063Z] http.request.method: GET http.response.status_code: 200 http.route: api/public/stores/{storeId} network.protocol.version: 1.1 url.scheme: http
Value: Sum: 0.0224112 Count: 1 Min: 0.0224112 Max: 0.0224112 
(-Infinity,0,005]:0
(0,005,0,01]:0
(0,01,0,025]:1
(0,025,0,05]:0
(0,05,0,075]:0
(0,075,0,1]:0
(0,1,0,25]:0
(0,25,0,5]:0
(0,5,0,75]:0
(0,75,1]:0
(1,2,5]:0
(2,5,5]:0
(5,7,5]:0
(7,5,10]:0
(10,+Infinity]:0
(2026-06-08T01:29:10.7056283Z, 2026-06-08T01:29:13.4228020Z] http.request.method: POST http.response.status_code: 200 http.route: api/auth/refresh network.protocol.version: 1.1 url.scheme: http
Value: Sum: 0.1089914 Count: 1 Min: 0.1089914 Max: 0.1089914 
(-Infinity,0,005]:0
(0,005,0,01]:0
(0,01,0,025]:0
(0,025,0,05]:0
(0,05,0,075]:0
(0,075,0,1]:0
(0,1,0,25]:1
(0,25,0,5]:0
(0,5,0,75]:0
(0,75,1]:0
(1,2,5]:0
(2,5,5]:0
(5,7,5]:0
(7,5,10]:0
(10,+Infinity]:0
(2026-06-08T01:29:11.0394385Z, 2026-06-08T01:29:13.4233063Z] http.request.method: POST http.response.status_code: 400 http.route: api/stores/{storeId}/categories network.protocol.version: 1.1 url.scheme: http
Value: Sum: 0.0494563 Count: 1 Min: 0.0494563 Max: 0.0494563 
(-Infinity,0,005]:0
(0,005,0,01]:0
(0,01,0,025]:0
(0,025,0,05]:1
(0,05,0,075]:0
(0,075,0,1]:0
(0,1,0,25]:0
(0,25,0,5]:0
(0,5,0,75]:0
(0,75,1]:0
(1,2,5]:0
(2,5,5]:0
(5,7,5]:0
(7,5,10]:0
(10,+Infinity]:0
[22:29:13 INF] Executed action method Urbeat.WebApi.Controllers.AuthController.LoginSeller (Urbeat.WebApi), returned result Microsoft.AspNetCore.Mvc.OkObjectResult in 51.8446ms.
(2026-06-08T01:29:10.7056283Z, 2026-06-08T01:29:13.4228020Z] http.request.method: POST http.response.status_code: 400 http.route: api/checkout/preview network.protocol.version: 1.1 url.scheme: http
Value: Sum: 0.1531914 Count: 1 Min: 0.1531914 Max: 0.1531914 
(-Infinity,0,005]:0
(0,005,0,01]:0
(0,01,0,025]:0
(0,025,0,05]:0
(0,05,0,075]:0
(0,075,0,1]:0
(0,1,0,25]:1
(0,25,0,5]:0
(0,5,0,75]:0
(0,75,1]:0
(1,2,5]:0
(2,5,5]:0
(5,7,5]:0
(7,5,10]:0
(10,+Infinity]:0
(2026-06-08T01:29:11.0394385Z, 2026-06-08T01:29:13.4233063Z] http.request.method: POST http.response.status_code: 401 http.route: api/auth/login/customer network.protocol.version: 1.1 url.scheme: http
Value: Sum: 0.3096756 Count: 4 Min: 0.0481838 Max: 0.0886141 
(-Infinity,0,005]:0
(0,005,0,01]:0
(0,01,0,025]:0
(0,025,0,05]:1
(0,05,0,075]:0
(0,075,0,1]:3
(0,1,0,25]:0
(0,25,0,5]:0
(0,5,0,75]:0
(0,75,1]:0
(1,2,5]:0
(2,5,5]:0
(5,7,5]:0
(7,5,10]:0
(10,+Infinity]:0
(2026-06-08T01:29:10.7056283Z, 2026-06-08T01:29:13.4228020Z] http.request.method: POST http.response.status_code: 201 http.route: api/stores/{storeId}/products network.protocol.version: 1.1 url.scheme: http
Value: Sum: 0.3314818 Count: 3 Min: 0.0040002 Max: 0.2237816 
(-Infinity,0,005]:1
(0,005,0,01]:0
(0,01,0,025]:0
(0,025,0,05]:0
(0,05,0,075]:0
(0,075,0,1]:0
(0,1,0,25]:2
(0,25,0,5]:0
(0,5,0,75]:0
(0,75,1]:0
(1,2,5]:0
(2,5,5]:0
(5,7,5]:0
(7,5,10]:0
(10,+Infinity]:0
(2026-06-08T01:29:11.0394385Z, 2026-06-08T01:29:13.4233063Z] http.request.method: PATCH http.response.status_code: 200 http.route: api/stores/{storeId}/products/{productId}/availability network.protocol.version: 1.1 url.scheme: http
Value: Sum: 0.0573561 Count: 2 Min: 0.0278579 Max: 0.0294982 
(-Infinity,0,005]:0
(0,005,0,01]:0
(0,01,0,025]:0
(0,025,0,05]:2
(0,05,0,075]:0
(0,075,0,1]:0
(0,1,0,25]:0
(0,25,0,5]:0
(0,5,0,75]:0
(0,75,1]:0
(1,2,5]:0
(2,5,5]:0
(5,7,5]:0
(7,5,10]:0
(10,+Infinity]:0
(2026-06-08T01:29:10.7056283Z, 2026-06-08T01:29:13.4228020Z] http.request.method: PUT http.response.status_code: 200 http.route: api/stores/{storeId}/address network.protocol.version: 1.1 url.scheme: http
Value: Sum: 0.2955106 Count: 1 Min: 0.2955106 Max: 0.2955106 
(-Infinity,0,005]:0
(0,005,0,01]:0
(0,01,0,025]:0
(0,025,0,05]:0
(0,05,0,075]:0
(0,075,0,1]:0
(0,1,0,25]:0
(0,25,0,5]:1
(0,5,0,75]:0
(0,75,1]:0
(1,2,5]:0
(2,5,5]:0
(5,7,5]:0
(7,5,10]:0
(10,+Infinity]:0
(2026-06-08T01:29:11.0394385Z, 2026-06-08T01:29:13.4233063Z] http.request.method: GET http.response.status_code: 200 http.route: api/stores/{storeId}/products network.protocol.version: 1.1 url.scheme: http
Value: Sum: 0.08016329999999999 Count: 2 Min: 0.0373003 Max: 0.042863 
(-Infinity,0,005]:0
(0,005,0,01]:0
(0,01,0,025]:0
(0,025,0,05]:2
(0,05,0,075]:0
(0,075,0,1]:0
(0,1,0,25]:0
(0,25,0,5]:0
(0,5,0,75]:0
(0,75,1]:0
(1,2,5]:0
(2,5,5]:0
(5,7,5]:0
(7,5,10]:0
(10,+Infinity]:0
(2026-06-08T01:29:10.7056283Z, 2026-06-08T01:29:13.4228020Z] http.request.method: PUT http.response.status_code: 200 http.route: api/stores/{storeId}/products/{productId} network.protocol.version: 1.1 url.scheme: http
Value: Sum: 0.2087002 Count: 1 Min: 0.2087002 Max: 0.2087002 
(-Infinity,0,005]:0
(0,005,0,01]:0
(0,01,0,025]:0
(0,025,0,05]:0
(0,05,0,075]:0
(0,075,0,1]:0
(0,1,0,25]:1
(0,25,0,5]:0
(0,5,0,75]:0
(0,75,1]:0
(1,2,5]:0
(2,5,5]:0
(5,7,5]:0
(7,5,10]:0
(10,+Infinity]:0
(2026-06-08T01:29:11.0394385Z, 2026-06-08T01:29:13.4233063Z] http.request.method: GET http.response.status_code: 200 http.route: api/public/stores/{storeId}/catalog/products network.protocol.version: 1.1 url.scheme: http
Value: Sum: 0.08218929999999999 Count: 3 Min: 0.0011791 Max: 0.0431113 
(-Infinity,0,005]:1
(0,005,0,01]:0
(0,01,0,025]:0
(0,025,0,05]:2
(0,05,0,075]:0
(0,075,0,1]:0
(0,1,0,25]:0
(0,25,0,5]:0
(0,5,0,75]:0
(0,75,1]:0
(1,2,5]:0
(2,5,5]:0
(5,7,5]:0
(7,5,10]:0
(10,+Infinity]:0
(2026-06-08T01:29:10.7056283Z, 2026-06-08T01:29:13.4228020Z] http.request.method: PUT http.response.status_code: 200 http.route: api/stores/{storeId}/business-hours network.protocol.version: 1.1 url.scheme: http
Value: Sum: 0.1993077 Count: 1 Min: 0.1993077 Max: 0.1993077 
(-Infinity,0,005]:0
(0,005,0,01]:0
(0,01,0,025]:0
(0,025,0,05]:0
(0,05,0,075]:0
(0,075,0,1]:0
(0,1,0,25]:1
(0,25,0,5]:0
(0,5,0,75]:0
(0,75,1]:0
(1,2,5]:0
(2,5,5]:0
(5,7,5]:0
(7,5,10]:0
(10,+Infinity]:0
(2026-06-08T01:29:11.0394385Z, 2026-06-08T01:29:13.4233063Z] http.request.method: POST http.response.status_code: 423 http.route: api/auth/login/customer network.protocol.version: 1.1 url.scheme: http
Value: Sum: 0.1795756 Count: 2 Min: 0.0669056 Max: 0.11267 
(-Infinity,0,005]:0
(0,005,0,01]:0
(0,01,0,025]:0
(0,025,0,05]:0
(0,05,0,075]:1
(0,075,0,1]:0
(0,1,0,25]:1
(0,25,0,5]:0
(0,5,0,75]:0
(0,75,1]:0
(1,2,5]:0
(2,5,5]:0
(5,7,5]:0
(7,5,10]:0
(10,+Infinity]:0
(2026-06-08T01:29:10.7056283Z, 2026-06-08T01:29:13.4228020Z] http.request.method: GET http.response.status_code: 403 http.route: api/customer/home network.protocol.version: 1.1 url.scheme: http
Value: Sum: 0.0007044 Count: 1 Min: 0.0007044 Max: 0.0007044 
(-Infinity,0,005]:1
(0,005,0,01]:0
(0,01,0,025]:0
(0,025,0,05]:0
(0,05,0,075]:0
(0,075,0,1]:0
(0,1,0,25]:0
(0,25,0,5]:0
(0,5,0,75]:0
(0,75,1]:0
(1,2,5]:0
(2,5,5]:0
(5,7,5]:0
(7,5,10]:0
(10,+Infinity]:0
(2026-06-08T01:29:11.0394385Z, 2026-06-08T01:29:13.4233063Z] http.request.method: DELETE http.response.status_code: 204 http.route: api/stores/{storeId}/products/{productId} network.protocol.version: 1.1 url.scheme: http
Value: Sum: 0.0439274 Count: 1 Min: 0.0439274 Max: 0.0439274 
(-Infinity,0,005]:0
(0,005,0,01]:0
(0,01,0,025]:0
(0,025,0,05]:1
(0,05,0,075]:0
(0,075,0,1]:0
(0,1,0,25]:0
(0,25,0,5]:0
(0,5,0,75]:0
(0,75,1]:0
(1,2,5]:0
(2,5,5]:0
(5,7,5]:0
(7,5,10]:0
(10,+Infinity]:0
(2026-06-08T01:29:11.0394385Z, 2026-06-08T01:29:13.4233063Z] http.request.method: GET http.response.status_code: 200 http.route: api/customer/home network.protocol.version: 1.1 url.scheme: http
Value: Sum: 0.0385877 Count: 1 Min: 0.0385877 Max: 0.0385877 
(-Infinity,0,005]:0
(0,005,0,01]:0
(0,01,0,025]:0
(0,025,0,05]:1
(0,05,0,075]:0
(0,075,0,1]:0
(0,1,0,25]:0
(0,25,0,5]:0
(0,5,0,75]:0
(0,75,1]:0
(1,2,5]:0
(2,5,5]:0
(5,7,5]:0
(7,5,10]:0
(10,+Infinity]:0
[22:29:13 INF] Route matched with {action = "LoginSeller", controller = "Auth"}. Executing controller action with signature System.Threading.Tasks.Task`1[Microsoft.AspNetCore.Mvc.IActionResult] LoginSeller(Urbeat.Application.DTOs.LoginRequestDto, System.Threading.CancellationToken) on controller Urbeat.WebApi.Controllers.AuthController (Urbeat.WebApi).
(2026-06-08T01:29:10.7056283Z, 2026-06-08T01:29:13.4228020Z] http.request.method: GET http.response.status_code: 200 http.route: api/public/stores/{storeId} network.protocol.version: 1.1 url.scheme: http
Value: Sum: 0.0224112 Count: 1 Min: 0.0224112 Max: 0.0224112 
(-Infinity,0,005]:0
(0,005,0,01]:0
(0,01,0,025]:1
(0,025,0,05]:0
(0,05,0,075]:0
(0,075,0,1]:0
(0,1,0,25]:0
(0,25,0,5]:0
(0,5,0,75]:0
(0,75,1]:0
(1,2,5]:0
(2,5,5]:0
(5,7,5]:0
(7,5,10]:0
(10,+Infinity]:0
Metric Name: dotnet.gc.collections, Description: The number of garbage collections that have occurred since the process has started., Unit: {collection}, Metric Type: LongSum
Instrumentation scope (Meter):
	Name: System.Runtime
(2026-06-08T01:29:11.0394767Z, 2026-06-08T01:29:13.4233072Z] gc.heap.generation: gen2
Value: 6
(2026-06-08T01:29:10.7056283Z, 2026-06-08T01:29:13.4228020Z] http.request.method: POST http.response.status_code: 400 http.route: api/stores/{storeId}/categories network.protocol.version: 1.1 url.scheme: http
Value: Sum: 0.0494563 Count: 1 Min: 0.0494563 Max: 0.0494563 
(-Infinity,0,005]:0
(0,005,0,01]:0
(0,01,0,025]:0
(0,025,0,05]:1
(0,05,0,075]:0
(0,075,0,1]:0
(0,1,0,25]:0
(0,25,0,5]:0
(0,5,0,75]:0
(0,75,1]:0
(1,2,5]:0
(2,5,5]:0
(5,7,5]:0
(7,5,10]:0
(10,+Infinity]:0
(2026-06-08T01:29:11.0394767Z, 2026-06-08T01:29:13.4233072Z] gc.heap.generation: gen1
Value: 17
(2026-06-08T01:29:11.0394767Z, 2026-06-08T01:29:13.4233072Z] gc.heap.generation: gen0
Value: 49
Metric Name: dotnet.process.memory.working_set, Description: The number of bytes of physical memory mapped to the process context., Unit: By, Metric Type: LongSumNonMonotonic
[22:29:13 INF] Executed action Urbeat.WebApi.Controllers.AuthController.LoginSeller (Urbeat.WebApi) in 77.1739ms
(2026-06-08T01:29:10.7056283Z, 2026-06-08T01:29:13.4228020Z] http.request.method: POST http.response.status_code: 401 http.route: api/auth/login/customer network.protocol.version: 1.1 url.scheme: http
Value: Sum: 0.3096756 Count: 4 Min: 0.0481838 Max: 0.0886141 
(-Infinity,0,005]:0
(0,005,0,01]:0
(0,01,0,025]:0
(0,025,0,05]:1
(0,05,0,075]:0
(0,075,0,1]:3
(0,1,0,25]:0
(0,25,0,5]:0
(0,5,0,75]:0
(0,75,1]:0
(1,2,5]:0
(2,5,5]:0
(5,7,5]:0
(7,5,10]:0
(10,+Infinity]:0
Instrumentation scope (Meter):
	Name: System.Runtime
(2026-06-08T01:29:10.7056283Z, 2026-06-08T01:29:13.4228020Z] http.request.method: PATCH http.response.status_code: 200 http.route: api/stores/{storeId}/products/{productId}/availability network.protocol.version: 1.1 url.scheme: http
Value: Sum: 0.0278579 Count: 1 Min: 0.0278579 Max: 0.0278579 
(-Infinity,0,005]:0
(0,005,0,01]:0
(0,01,0,025]:0
(0,025,0,05]:1
(0,05,0,075]:0
(0,075,0,1]:0
(0,1,0,25]:0
(0,25,0,5]:0
(0,5,0,75]:0
(0,75,1]:0
(1,2,5]:0
(2,5,5]:0
(5,7,5]:0
(7,5,10]:0
(10,+Infinity]:0
(2026-06-08T01:29:11.0394856Z, 2026-06-08T01:29:13.4233075Z]  
Value: 347578368
[22:29:13 INF] Request finished HTTP/1.1 POST http://localhost/api/auth/login/seller - 200 null application/json; charset=utf-8 78.5145ms
Metric Name: dotnet.gc.heap.total_allocated, Description: The approximate number of bytes allocated on the managed GC heap since the process has started. The returned value does not include any native allocations., Unit: By, Metric Type: LongSum
Instrumentation scope (Meter):
(2026-06-08T01:29:10.7056283Z, 2026-06-08T01:29:13.4228020Z] http.request.method: POST http.response.status_code: 423 http.route: api/auth/login/customer network.protocol.version: 1.1 url.scheme: http
Value: Sum: 0.1795756 Count: 2 Min: 0.0669056 Max: 0.11267 
(-Infinity,0,005]:0
(0,005,0,01]:0
(0,01,0,025]:0
(0,025,0,05]:0
(0,05,0,075]:1
(0,075,0,1]:0
(0,1,0,25]:1
(0,25,0,5]:0
(0,5,0,75]:0
(0,75,1]:0
(1,2,5]:0
(2,5,5]:0
(5,7,5]:0
(7,5,10]:0
(10,+Infinity]:0
	Name: System.Runtime
[22:29:13 INF] Executing action method Urbeat.WebApi.Controllers.AuthController.LoginSeller (Urbeat.WebApi) - Validation state: Valid
(2026-06-08T01:29:10.7056283Z, 2026-06-08T01:29:13.4228020Z] http.request.method: DELETE http.response.status_code: 204 http.route: api/stores/{storeId}/products/{productId} network.protocol.version: 1.1 url.scheme: http
Value: Sum: 0.0439274 Count: 1 Min: 0.0439274 Max: 0.0439274 
(-Infinity,0,005]:0
(0,005,0,01]:0
(0,01,0,025]:0
(0,025,0,05]:1
(0,05,0,075]:0
(0,075,0,1]:0
(0,1,0,25]:0
(0,25,0,5]:0
(0,5,0,75]:0
(0,75,1]:0
(1,2,5]:0
(2,5,5]:0
(5,7,5]:0
(7,5,10]:0
(10,+Infinity]:0
(2026-06-08T01:29:11.0394944Z, 2026-06-08T01:29:13.4233078Z]  
Value: 527410728
Metric Name: dotnet.gc.last_collection.memory.committed_size, Description: The amount of committed virtual memory in use by the .NET GC, as observed during the latest garbage collection., Unit: By, Metric Type: LongSumNonMonotonic
[22:29:13 INF] Executing action method Urbeat.WebApi.Controllers.StoresController.UpsertAddress (Urbeat.WebApi) - Validation state: Valid
Instrumentation scope (Meter):
(2026-06-08T01:29:10.7056283Z, 2026-06-08T01:29:13.4228020Z] http.request.method: GET http.response.status_code: 200 http.route: api/stores/{storeId}/products network.protocol.version: 1.1 url.scheme: http
Value: Sum: 0.0373003 Count: 1 Min: 0.0373003 Max: 0.0373003 
(-Infinity,0,005]:0
(0,005,0,01]:0
(0,01,0,025]:0
(0,025,0,05]:1
(0,05,0,075]:0
(0,075,0,1]:0
(0,1,0,25]:0
(0,25,0,5]:0
(0,5,0,75]:0
(0,75,1]:0
(1,2,5]:0
(2,5,5]:0
(5,7,5]:0
(7,5,10]:0
(10,+Infinity]:0
	Name: System.Runtime
[22:29:13 INF] Request starting HTTP/1.1 POST http://localhost/api/stores - application/json; charset=utf-8 null
(2026-06-08T01:29:11.0395031Z, 2026-06-08T01:29:13.4233080Z]  
Value: 208052224
(2026-06-08T01:29:10.7056283Z, 2026-06-08T01:29:13.4228020Z] http.request.method: GET http.response.status_code: 200 http.route: api/customer/home network.protocol.version: 1.1 url.scheme: http
Value: Sum: 0.0385877 Count: 1 Min: 0.0385877 Max: 0.0385877 
(-Infinity,0,005]:0
(0,005,0,01]:0
(0,01,0,025]:0
(0,025,0,05]:1
(0,05,0,075]:0
(0,075,0,1]:0
(0,1,0,25]:0
(0,25,0,5]:0
(0,5,0,75]:0
(0,75,1]:0
(1,2,5]:0
(2,5,5]:0
(5,7,5]:0
(7,5,10]:0
(10,+Infinity]:0
Metric Name: dotnet.gc.last_collection.heap.size, Description: The managed GC heap size (including fragmentation), as observed during the latest garbage collection., Unit: By, Metric Type: LongSumNonMonotonic
Instrumentation scope (Meter):
Metric Name: dotnet.gc.collections, Description: The number of garbage collections that have occurred since the process has started., Unit: {collection}, Metric Type: LongSum
	Name: System.Runtime
Instrumentation scope (Meter):
	Name: System.Runtime
(2026-06-08T01:29:11.0395115Z, 2026-06-08T01:29:13.4233083Z] gc.heap.generation: gen0
Value: 1672256
(2026-06-08T01:29:10.7056640Z, 2026-06-08T01:29:13.4228050Z] gc.heap.generation: gen2
Value: 6
(2026-06-08T01:29:11.0395115Z, 2026-06-08T01:29:13.4233083Z] gc.heap.generation: gen1
Value: 2329760
(2026-06-08T01:29:10.7056640Z, 2026-06-08T01:29:13.4228050Z] gc.heap.generation: gen1
Value: 17
(2026-06-08T01:29:10.7056640Z, 2026-06-08T01:29:13.4228050Z] gc.heap.generation: gen0
Value: 49
(2026-06-08T01:29:11.0395115Z, 2026-06-08T01:29:13.4233083Z] gc.heap.generation: gen2
Value: 83284592
Metric Name: dotnet.process.memory.working_set, Description: The number of bytes of physical memory mapped to the process context., Unit: By, Metric Type: LongSumNonMonotonic
Instrumentation scope (Meter):
	Name: System.Runtime
(2026-06-08T01:29:11.0395115Z, 2026-06-08T01:29:13.4233083Z] gc.heap.generation: loh
Value: 111423640
Activity.TraceId:            7138e5e45e547236742dd30e1415c84a
(2026-06-08T01:29:10.7056775Z, 2026-06-08T01:29:13.4228054Z]  
Value: 347795456
Activity.SpanId:             ee375a544044c1ba
(2026-06-08T01:29:11.0395115Z, 2026-06-08T01:29:13.4233083Z] gc.heap.generation: poh
Value: 123736
Activity.TraceFlags:         Recorded
Metric Name: dotnet.gc.last_collection.heap.fragmentation.size, Description: The heap fragmentation, as observed during the latest garbage collection., Unit: By, Metric Type: LongSumNonMonotonic
Metric Name: dotnet.gc.heap.total_allocated, Description: The approximate number of bytes allocated on the managed GC heap since the process has started. The returned value does not include any native allocations., Unit: By, Metric Type: LongSum
Instrumentation scope (Meter):
Instrumentation scope (Meter):
Activity.DisplayName:        POST api/auth/login/seller
	Name: System.Runtime
Activity.Kind:               Server
	Name: System.Runtime
(2026-06-08T01:29:11.0395202Z, 2026-06-08T01:29:13.4233087Z] gc.heap.generation: gen0
Value: 1671816
Activity.StartTime:          2026-06-08T01:29:13.4199804Z
(2026-06-08T01:29:10.7056880Z, 2026-06-08T01:29:13.4228058Z]  
Value: 527348984
Activity.Duration:           00:00:00.1126789
(2026-06-08T01:29:11.0395202Z, 2026-06-08T01:29:13.4233087Z] gc.heap.generation: gen1
Value: 40624
Activity.Tags:
Metric Name: dotnet.gc.last_collection.memory.committed_size, Description: The amount of committed virtual memory in use by the .NET GC, as observed during the latest garbage collection., Unit: By, Metric Type: LongSumNonMonotonic
Instrumentation scope (Meter):
(2026-06-08T01:29:11.0395202Z, 2026-06-08T01:29:13.4233087Z] gc.heap.generation: gen2
Value: 2742520
	Name: System.Runtime
    server.address: localhost
(2026-06-08T01:29:10.7056955Z, 2026-06-08T01:29:13.4228062Z]  
Value: 208052224
    http.request.method: POST
    url.scheme: http
Metric Name: dotnet.gc.last_collection.heap.size, Description: The managed GC heap size (including fragmentation), as observed during the latest garbage collection., Unit: By, Metric Type: LongSumNonMonotonic
Instrumentation scope (Meter):
    url.path: /api/auth/login/seller
	Name: System.Runtime
    network.protocol.version: 1.1
    http.route: api/auth/login/seller
(2026-06-08T01:29:11.0395202Z, 2026-06-08T01:29:13.4233087Z] gc.heap.generation: loh
Value: 733480
    http.response.status_code: 200
(2026-06-08T01:29:10.7057019Z, 2026-06-08T01:29:13.4228087Z] gc.heap.generation: gen0
Value: 1672256
(2026-06-08T01:29:11.0395202Z, 2026-06-08T01:29:13.4233087Z] gc.heap.generation: poh
Value: 0
(2026-06-08T01:29:10.7057019Z, 2026-06-08T01:29:13.4228087Z] gc.heap.generation: gen1
Value: 2329760
Instrumentation scope (ActivitySource):
(2026-06-08T01:29:10.7057019Z, 2026-06-08T01:29:13.4228087Z] gc.heap.generation: gen2
Value: 83284592
    Name: Microsoft.AspNetCore
Metric Name: dotnet.gc.pause.time, Description: The total amount of time paused in GC since the process has started., Unit: s, Metric Type: DoubleSum
Instrumentation scope (Meter):
(2026-06-08T01:29:10.7057019Z, 2026-06-08T01:29:13.4228087Z] gc.heap.generation: loh
Value: 111423640
Resource associated with Activity:
	Name: System.Runtime
    telemetry.sdk.name: opentelemetry
(2026-06-08T01:29:10.7057019Z, 2026-06-08T01:29:13.4228087Z] gc.heap.generation: poh
Value: 123736
    telemetry.sdk.language: dotnet
(2026-06-08T01:29:11.0395317Z, 2026-06-08T01:29:13.4233091Z]  
Value: 0.695048
    telemetry.sdk.version: 1.14.0
Metric Name: dotnet.jit.compiled_il.size, Description: Count of bytes of intermediate language that have been compiled since the process has started., Unit: By, Metric Type: LongSum
Metric Name: dotnet.gc.last_collection.heap.fragmentation.size, Description: The heap fragmentation, as observed during the latest garbage collection., Unit: By, Metric Type: LongSumNonMonotonic
Instrumentation scope (Meter):
    service.name: unknown_service:testhost
	Name: System.Runtime
Instrumentation scope (Meter):
	Name: System.Runtime
(2026-06-08T01:29:10.7057078Z, 2026-06-08T01:29:13.4228093Z] gc.heap.generation: gen0
Value: 1671816
(2026-06-08T01:29:11.0395401Z, 2026-06-08T01:29:13.4233094Z]  
Value: 2394032
(2026-06-08T01:29:10.7057078Z, 2026-06-08T01:29:13.4228093Z] gc.heap.generation: gen1
Value: 40624
Activity.TraceId:            7138e5e45e547236742dd30e1415c84a
Metric Name: dotnet.jit.compiled_methods, Description: The number of times the JIT compiler (re)compiled methods since the process has started., Unit: {method}, Metric Type: LongSum
(2026-06-08T01:29:10.7057078Z, 2026-06-08T01:29:13.4228093Z] gc.heap.generation: gen2
Value: 2742520
Instrumentation scope (Meter):
	Name: System.Runtime
Activity.SpanId:             ee375a544044c1ba
(2026-06-08T01:29:10.7057078Z, 2026-06-08T01:29:13.4228093Z] gc.heap.generation: loh
Value: 733480
(2026-06-08T01:29:11.0395487Z, 2026-06-08T01:29:13.4233096Z]  
Value: 34902
Activity.TraceFlags:         Recorded
Metric Name: dotnet.jit.compilation.time, Description: The number of times the JIT compiler (re)compiled methods since the process has started., Unit: s, Metric Type: DoubleSum
(2026-06-08T01:29:10.7057078Z, 2026-06-08T01:29:13.4228093Z] gc.heap.generation: poh
Value: 0
Activity.DisplayName:        POST api/auth/login/seller
Instrumentation scope (Meter):
Metric Name: dotnet.gc.pause.time, Description: The total amount of time paused in GC since the process has started., Unit: s, Metric Type: DoubleSum
Instrumentation scope (Meter):
	Name: System.Runtime
Activity.Kind:               Server
	Name: System.Runtime
(2026-06-08T01:29:11.0395571Z, 2026-06-08T01:29:13.4233100Z]  
Value: 5.9402799
Activity.StartTime:          2026-06-08T01:29:13.4199804Z
(2026-06-08T01:29:10.7057168Z, 2026-06-08T01:29:13.4228102Z]  
Value: 0.695048
Activity.Duration:           00:00:00.1126789
Metric Name: dotnet.monitor.lock_contentions, Description: The number of times there was contention when trying to acquire a monitor lock since the process has started., Unit: {contention}, Metric Type: LongSum
Instrumentation scope (Meter):
Metric Name: dotnet.jit.compiled_il.size, Description: Count of bytes of intermediate language that have been compiled since the process has started., Unit: By, Metric Type: LongSum
Instrumentation scope (Meter):
	Name: System.Runtime
Activity.Tags:
(2026-06-08T01:29:10.7057231Z, 2026-06-08T01:29:13.4228106Z]  
Value: 2394032
    server.address: localhost
	Name: System.Runtime
Metric Name: dotnet.jit.compiled_methods, Description: The number of times the JIT compiler (re)compiled methods since the process has started., Unit: {method}, Metric Type: LongSum
Instrumentation scope (Meter):
(2026-06-08T01:29:11.0395654Z, 2026-06-08T01:29:13.4233101Z]  
Value: 5237
    http.request.method: POST
Metric Name: dotnet.thread_pool.thread.count, Description: The number of thread pool threads that currently exist., Unit: {thread}, Metric Type: LongSum
Instrumentation scope (Meter):
    url.scheme: http
	Name: System.Runtime
    url.path: /api/auth/login/seller
	Name: System.Runtime
    network.protocol.version: 1.1
(2026-06-08T01:29:10.7057289Z, 2026-06-08T01:29:13.4228112Z]  
Value: 34902
    http.route: api/auth/login/seller
Metric Name: dotnet.jit.compilation.time, Description: The number of times the JIT compiler (re)compiled methods since the process has started., Unit: s, Metric Type: DoubleSum
Instrumentation scope (Meter):
	Name: System.Runtime
    http.response.status_code: 200
(2026-06-08T01:29:11.0395742Z, 2026-06-08T01:29:13.4233104Z]  
Value: 36
Instrumentation scope (ActivitySource):
(2026-06-08T01:29:10.7057392Z, 2026-06-08T01:29:13.4228118Z]  
Value: 5.9402799
Metric Name: dotnet.thread_pool.work_item.count, Description: The number of work items that the thread pool has completed since the process has started., Unit: {work_item}, Metric Type: LongSum
Instrumentation scope (Meter):
	Name: System.Runtime
Metric Name: dotnet.monitor.lock_contentions, Description: The number of times there was contention when trying to acquire a monitor lock since the process has started., Unit: {contention}, Metric Type: LongSum
    Name: Microsoft.AspNetCore
Resource associated with Activity:
(2026-06-08T01:29:11.0395828Z, 2026-06-08T01:29:13.4233106Z]  
Value: 2025
Instrumentation scope (Meter):
	Name: System.Runtime
    telemetry.sdk.name: opentelemetry
(2026-06-08T01:29:10.7057457Z, 2026-06-08T01:29:13.4228122Z]  
Value: 5236
Metric Name: dotnet.thread_pool.queue.length, Description: The number of work items that are currently queued to be processed by the thread pool., Unit: {work_item}, Metric Type: LongSum
Instrumentation scope (Meter):
	Name: System.Runtime
    telemetry.sdk.language: dotnet
Metric Name: dotnet.thread_pool.thread.count, Description: The number of thread pool threads that currently exist., Unit: {thread}, Metric Type: LongSum
(2026-06-08T01:29:11.0395910Z, 2026-06-08T01:29:13.4233107Z]  
Value: 0
    telemetry.sdk.version: 1.14.0
Instrumentation scope (Meter):
    service.name: unknown_service:testhost
Metric Name: dotnet.timer.count, Description: The number of timer instances that are currently active. An active timer is registered to tick at some point in the future and has not yet been canceled., Unit: {timer}, Metric Type: LongSumNonMonotonic
Instrumentation scope (Meter):
	Name: System.Runtime
	Name: System.Runtime
Activity.TraceId:            7138e5e45e547236742dd30e1415c84a
(2026-06-08T01:29:10.7057517Z, 2026-06-08T01:29:13.4228126Z]  
Value: 36
(2026-06-08T01:29:11.0396067Z, 2026-06-08T01:29:13.4233108Z]  
Value: 24
Activity.SpanId:             ee375a544044c1ba
Metric Name: dotnet.assembly.count, Description: The number of .NET assemblies that are currently loaded., Unit: {assembly}, Metric Type: LongSumNonMonotonic
Activity.TraceFlags:         Recorded
Activity.DisplayName:        POST api/auth/login/seller
Metric Name: dotnet.thread_pool.work_item.count, Description: The number of work items that the thread pool has completed since the process has started., Unit: {work_item}, Metric Type: LongSum
Instrumentation scope (Meter):
Activity.Kind:               Server
	Name: System.Runtime
Activity.StartTime:          2026-06-08T01:29:13.4199804Z
Activity.Duration:           00:00:00.1126789
Instrumentation scope (Meter):
Activity.Tags:
(2026-06-08T01:29:10.7057582Z, 2026-06-08T01:29:13.4228128Z]  
Value: 2007
	Name: System.Runtime
Metric Name: dotnet.thread_pool.queue.length, Description: The number of work items that are currently queued to be processed by the thread pool., Unit: {work_item}, Metric Type: LongSum
Instrumentation scope (Meter):
    server.address: localhost
	Name: System.Runtime
(2026-06-08T01:29:11.0396153Z, 2026-06-08T01:29:13.4233110Z]  
Value: 266
(2026-06-08T01:29:10.7057642Z, 2026-06-08T01:29:13.4228131Z]  
Value: 0
    http.request.method: POST
Metric Name: dotnet.exceptions, Description: The number of exceptions that have been thrown in managed code., Unit: {exception}, Metric Type: LongSum
Instrumentation scope (Meter):
	Name: System.Runtime
    url.scheme: http
Metric Name: dotnet.timer.count, Description: The number of timer instances that are currently active. An active timer is registered to tick at some point in the future and has not yet been canceled., Unit: {timer}, Metric Type: LongSumNonMonotonic
Instrumentation scope (Meter):
(2026-06-08T01:29:11.0396240Z, 2026-06-08T01:29:13.4233114Z] error.type: OperationCanceledException
Value: 63
    url.path: /api/auth/login/seller
	Name: System.Runtime
(2026-06-08T01:29:11.0396240Z, 2026-06-08T01:29:13.4233114Z] error.type: SocketException
Value: 21
    network.protocol.version: 1.1
(2026-06-08T01:29:10.7057750Z, 2026-06-08T01:29:13.4228135Z]  
Value: 25
(2026-06-08T01:29:11.0396240Z, 2026-06-08T01:29:13.4233114Z] error.type: InvalidOperationException
Value: 3
Metric Name: dotnet.assembly.count, Description: The number of .NET assemblies that are currently loaded., Unit: {assembly}, Metric Type: LongSumNonMonotonic
Instrumentation scope (Meter):
	Name: System.Runtime
(2026-06-08T01:29:11.0396240Z, 2026-06-08T01:29:13.4233114Z] error.type: NpgsqlException
Value: 48
    http.route: api/auth/login/seller
(2026-06-08T01:29:10.7057815Z, 2026-06-08T01:29:13.4228138Z]  
Value: 266
(2026-06-08T01:29:11.0396240Z, 2026-06-08T01:29:13.4233114Z] error.type: XunitException
Value: 13
Metric Name: dotnet.exceptions, Description: The number of exceptions that have been thrown in managed code., Unit: {exception}, Metric Type: LongSum
Instrumentation scope (Meter):
    http.response.status_code: 200
(2026-06-08T01:29:11.0396240Z, 2026-06-08T01:29:13.4233114Z] error.type: ObjectDisposedException
Value: 7
	Name: System.Runtime
Instrumentation scope (ActivitySource):
(2026-06-08T01:29:11.0396240Z, 2026-06-08T01:29:13.4233114Z] error.type: RuntimeBinderException
Value: 1
    Name: Microsoft.AspNetCore
Resource associated with Activity:
(2026-06-08T01:29:10.7057874Z, 2026-06-08T01:29:13.4228143Z] error.type: ObjectDisposedException
Value: 16
Metric Name: dotnet.process.cpu.count, Description: The number of processors available to the process., Unit: {cpu}, Metric Type: LongSumNonMonotonic
Instrumentation scope (Meter):
    telemetry.sdk.name: opentelemetry
(2026-06-08T01:29:10.7057874Z, 2026-06-08T01:29:13.4228143Z] error.type: XunitException
Value: 21
    telemetry.sdk.language: dotnet
	Name: System.Runtime
(2026-06-08T01:29:10.7057874Z, 2026-06-08T01:29:13.4228143Z] error.type: OperationCanceledException
Value: 69
(2026-06-08T01:29:11.0396323Z, 2026-06-08T01:29:13.4233118Z]  
Value: 12
(2026-06-08T01:29:10.7057874Z, 2026-06-08T01:29:13.4228143Z] error.type: InvalidOperationException
Value: 4
Metric Name: dotnet.process.cpu.time, Description: CPU time used by the process., Unit: s, Metric Type: DoubleSum
Instrumentation scope (Meter):
	Name: System.Runtime
(2026-06-08T01:29:10.7057874Z, 2026-06-08T01:29:13.4228143Z] error.type: SocketException
Value: 24
    telemetry.sdk.version: 1.14.0
(2026-06-08T01:29:11.0396408Z, 2026-06-08T01:29:13.4233122Z] cpu.mode: user
Value: 20.796875
(2026-06-08T01:29:10.7057874Z, 2026-06-08T01:29:13.4228143Z] error.type: NpgsqlException
Value: 48
(2026-06-08T01:29:11.0396408Z, 2026-06-08T01:29:13.4233122Z] cpu.mode: system
Value: 3.296875
    service.name: unknown_service:testhost
(2026-06-08T01:29:10.7057874Z, 2026-06-08T01:29:13.4228143Z] error.type: RuntimeBinderException
Value: 1
Metric Name: dns.lookup.duration, Description: Measures the time taken to perform a DNS lookup., Unit: s, Metric Type: Histogram
Metric Name: dotnet.process.cpu.count, Description: The number of processors available to the process., Unit: {cpu}, Metric Type: LongSumNonMonotonic
Instrumentation scope (Meter):
	Name: System.Runtime
Instrumentation scope (Meter):
	Name: System.Net.NameResolution
(2026-06-08T01:29:10.7057944Z, 2026-06-08T01:29:13.4228146Z]  
Value: 12
Metric Name: dotnet.process.cpu.time, Description: CPU time used by the process., Unit: s, Metric Type: DoubleSum
Instrumentation scope (Meter):
	Name: System.Runtime
(2026-06-08T01:29:10.7058013Z, 2026-06-08T01:29:13.4228153Z] cpu.mode: user
Value: 20.796875
(2026-06-08T01:29:10.7058013Z, 2026-06-08T01:29:13.4228153Z] cpu.mode: system
Value: 3.296875
Metric Name: dns.lookup.duration, Description: Measures the time taken to perform a DNS lookup., Unit: s, Metric Type: Histogram
Instrumentation scope (Meter):
	Name: System.Net.NameResolution
(2026-06-08T01:29:11.0396526Z, 2026-06-08T01:29:13.4233130Z] dns.question.name: localhost
Value: Sum: 0.003934699999999999 Count: 7 Min: 0.0004256 Max: 0.0007942 
(-Infinity,0,005]:7
(0,005,0,01]:0
(0,01,0,025]:0
(0,025,0,05]:0
(0,05,0,075]:0
(0,075,0,1]:0
(0,1,0,25]:0
(0,25,0,5]:0
(0,5,0,75]:0
(0,75,1]:0
(1,2,5]:0
(2,5,5]:0
(5,7,5]:0
(7,5,10]:0
(10,+Infinity]:0
Metric Name: aspnetcore.routing.match_attempts, Description: Number of requests that were attempted to be matched to an endpoint., Unit: {match_attempt}, Metric Type: LongSum
Instrumentation scope (Meter):
	Name: Microsoft.AspNetCore.Routing
(2026-06-08T01:29:10.7058098Z, 2026-06-08T01:29:13.4228177Z] dns.question.name: localhost
Value: Sum: 0.0048590000000000005 Count: 8 Min: 0.0004256 Max: 0.0009243 
(-Infinity,0,005]:8
(0,005,0,01]:0
(0,01,0,025]:0
(0,025,0,05]:0
(0,05,0,075]:0
(0,075,0,1]:0
(0,1,0,25]:0
(0,25,0,5]:0
(0,5,0,75]:0
(0,75,1]:0
(1,2,5]:0
(2,5,5]:0
(5,7,5]:0
(7,5,10]:0
(10,+Infinity]:0
(2026-06-08T01:29:11.0396616Z, 2026-06-08T01:29:13.4233139Z] aspnetcore.routing.is_fallback: false aspnetcore.routing.match_status: success http.route: api/stores
Value: 10
Metric Name: aspnetcore.routing.match_attempts, Description: Number of requests that were attempted to be matched to an endpoint., Unit: {match_attempt}, Metric Type: LongSum
Instrumentation scope (Meter):
	Name: Microsoft.AspNetCore.Routing
(2026-06-08T01:29:11.0396616Z, 2026-06-08T01:29:13.4233139Z] aspnetcore.routing.is_fallback: false aspnetcore.routing.match_status: success http.route: api/stores/{storeId}/status
Value: 2
(2026-06-08T01:29:10.7058170Z, 2026-06-08T01:29:13.4228190Z] aspnetcore.routing.is_fallback: false aspnetcore.routing.match_status: success http.route: api/auth/login/seller
Value: 9
(2026-06-08T01:29:11.0396616Z, 2026-06-08T01:29:13.4233139Z] aspnetcore.routing.is_fallback: false aspnetcore.routing.match_status: success http.route: api/auth/login/seller
Value: 8
(2026-06-08T01:29:10.7058170Z, 2026-06-08T01:29:13.4228190Z] aspnetcore.routing.is_fallback: false aspnetcore.routing.match_status: success http.route: api/public/stores
Value: 2
(2026-06-08T01:29:11.0396616Z, 2026-06-08T01:29:13.4233139Z] aspnetcore.routing.is_fallback: false aspnetcore.routing.match_status: success http.route: api/stores/{storeId}/delivery-config
Value: 2
(2026-06-08T01:29:10.7058170Z, 2026-06-08T01:29:13.4228190Z] aspnetcore.routing.is_fallback: false aspnetcore.routing.match_status: success http.route: api/orders
Value: 3
(2026-06-08T01:29:11.0396616Z, 2026-06-08T01:29:13.4233139Z] aspnetcore.routing.is_fallback: false aspnetcore.routing.match_status: success http.route: api/auth/login/customer
Value: 10
(2026-06-08T01:29:11.0396616Z, 2026-06-08T01:29:13.4233139Z] aspnetcore.routing.is_fallback: false aspnetcore.routing.match_status: success http.route: api/stores/{storeId}/categories
Value: 11
(2026-06-08T01:29:11.0396616Z, 2026-06-08T01:29:13.4233139Z] aspnetcore.routing.is_fallback: false aspnetcore.routing.match_status: success http.route: api/customer/addresses
Value: 3
(2026-06-08T01:29:11.0396616Z, 2026-06-08T01:29:13.4233139Z] aspnetcore.routing.is_fallback: false aspnetcore.routing.match_status: success http.route: api/public/stores/{storeId}/catalog/categories
Value: 3
(2026-06-08T01:29:11.0396616Z, 2026-06-08T01:29:13.4233139Z] aspnetcore.routing.is_fallback: false aspnetcore.routing.match_status: success http.route: api/auth/register/customer
Value: 4
(2026-06-08T01:29:11.0396616Z, 2026-06-08T01:29:13.4233139Z] aspnetcore.routing.is_fallback: false aspnetcore.routing.match_status: success http.route: api/stores/{storeId}/address
Value: 1
(2026-06-08T01:29:11.0396616Z, 2026-06-08T01:29:13.4233139Z] aspnetcore.routing.is_fallback: false aspnetcore.routing.match_status: success http.route: api/auth/refresh
Value: 1
(2026-06-08T01:29:11.0396616Z, 2026-06-08T01:29:13.4233139Z] aspnetcore.routing.is_fallback: false aspnetcore.routing.match_status: success http.route: api/stores/{storeId}/products
Value: 9
(2026-06-08T01:29:11.0396616Z, 2026-06-08T01:29:13.4233139Z] aspnetcore.routing.is_fallback: false aspnetcore.routing.match_status: success http.route: api/auth/register/seller
Value: 8
(2026-06-08T01:29:11.0396616Z, 2026-06-08T01:29:13.4233139Z] aspnetcore.routing.is_fallback: false aspnetcore.routing.match_status: success http.route: api/checkout/preview
Value: 1
(2026-06-08T01:29:11.0396616Z, 2026-06-08T01:29:13.4233139Z] aspnetcore.routing.is_fallback: false aspnetcore.routing.match_status: success http.route: api/stores/{storeId}/products/{productId}
Value: 2
(2026-06-08T01:29:11.0396616Z, 2026-06-08T01:29:13.4233139Z] aspnetcore.routing.is_fallback: false aspnetcore.routing.match_status: success http.route: api/stores/{storeId}/business-hours
Value: 1
(2026-06-08T01:29:11.0396616Z, 2026-06-08T01:29:13.4233139Z] aspnetcore.routing.is_fallback: false aspnetcore.routing.match_status: success http.route: api/orders
Value: 2
(2026-06-08T01:29:11.0396616Z, 2026-06-08T01:29:13.4233139Z] aspnetcore.routing.is_fallback: false aspnetcore.routing.match_status: success http.route: api/public/stores
Value: 1
(2026-06-08T01:29:11.0396616Z, 2026-06-08T01:29:13.4233139Z] aspnetcore.routing.is_fallback: false aspnetcore.routing.match_status: success http.route: api/customer/home
Value: 2
(2026-06-08T01:29:11.0396616Z, 2026-06-08T01:29:13.4233139Z] aspnetcore.routing.is_fallback: false aspnetcore.routing.match_status: success http.route: api/public/stores/{storeId}
Value: 1
(2026-06-08T01:29:11.0396616Z, 2026-06-08T01:29:13.4233139Z] aspnetcore.routing.is_fallback: false aspnetcore.routing.match_status: success http.route: api/stores/{storeId}/products/{productId}/availability
Value: 2
(2026-06-08T01:29:11.0396616Z, 2026-06-08T01:29:13.4233139Z] aspnetcore.routing.is_fallback: false aspnetcore.routing.match_status: success http.route: api/public/stores/{storeId}/catalog/products
Value: 3
Metric Name: http.server.active_requests, Description: Number of active HTTP server requests., Unit: {request}, Metric Type: LongSumNonMonotonic
Instrumentation scope (Meter):
	Name: Microsoft.AspNetCore.Hosting
(2026-06-08T01:29:11.3816305Z, 2026-06-08T01:29:13.4233193Z] http.request.method: POST url.scheme: http
Value: 1
(2026-06-08T01:29:11.3816305Z, 2026-06-08T01:29:13.4233193Z] http.request.method: GET url.scheme: http
Value: 0
(2026-06-08T01:29:11.3816305Z, 2026-06-08T01:29:13.4233193Z] http.request.method: PUT url.scheme: http
Value: 1
(2026-06-08T01:29:11.3816305Z, 2026-06-08T01:29:13.4233193Z] http.request.method: DELETE url.scheme: http
Value: 0
Metric Name: http.server.request.duration, Description: Duration of HTTP server requests., Unit: s, Metric Type: Histogram
Instrumentation scope (Meter):
	Name: Microsoft.AspNetCore.Hosting
(2026-06-08T01:29:11.3817529Z, 2026-06-08T01:29:13.4233264Z] http.request.method: POST http.response.status_code: 200 http.route: api/auth/login/admin network.protocol.version: 1.1 url.scheme: http
Value: Sum: 0.31383639999999996 Count: 2 Min: 0.0448031 Max: 0.2690333 
(-Infinity,0,005]:0
(0,005,0,01]:0
(0,01,0,025]:0
(0,025,0,05]:1
(0,05,0,075]:0
(0,075,0,1]:0
(0,1,0,25]:0
(0,25,0,5]:1
(0,5,0,75]:0
(0,75,1]:0
(1,2,5]:0
(2,5,5]:0
(5,7,5]:0
(7,5,10]:0
(10,+Infinity]:0
(2026-06-08T01:29:10.7058170Z, 2026-06-08T01:29:13.4228190Z] aspnetcore.routing.is_fallback: false aspnetcore.routing.match_status: success http.route: api/auth/register/customer
Value: 6
(2026-06-08T01:29:11.3817529Z, 2026-06-08T01:29:13.4233264Z] http.request.method: POST http.response.status_code: 201 http.route: api/LandingPageContent network.protocol.version: 1.1 url.scheme: http
Value: Sum: 0.0421001 Count: 3 Min: 0.0029564 Max: 0.0286965 
(-Infinity,0,005]:1
(0,005,0,01]:0
(0,01,0,025]:1
(0,025,0,05]:1
(0,05,0,075]:0
(0,075,0,1]:0
(0,1,0,25]:0
(0,25,0,5]:0
(0,5,0,75]:0
(0,75,1]:0
(1,2,5]:0
(2,5,5]:0
(5,7,5]:0
(7,5,10]:0
(10,+Infinity]:0
[22:29:13 INF] Saved 1 entities to in-memory store.
(2026-06-08T01:29:10.7058170Z, 2026-06-08T01:29:13.4228190Z] aspnetcore.routing.is_fallback: false aspnetcore.routing.match_status: success http.route: api/admin/plans
Value: 1
(2026-06-08T01:29:11.3817529Z, 2026-06-08T01:29:13.4233264Z] http.request.method: GET http.response.status_code: 200 http.route: api/LandingPageContent network.protocol.version: 1.1 url.scheme: http
Value: Sum: 0.034585 Count: 2 Min: 0.0014382 Max: 0.0331468 
(-Infinity,0,005]:1
(0,005,0,01]:0
(0,01,0,025]:0
(0,025,0,05]:1
(0,05,0,075]:0
(0,075,0,1]:0
(0,1,0,25]:0
(0,25,0,5]:0
(0,5,0,75]:0
(0,75,1]:0
(1,2,5]:0
(2,5,5]:0
(5,7,5]:0
(7,5,10]:0
(10,+Infinity]:0
(2026-06-08T01:29:10.7058170Z, 2026-06-08T01:29:13.4228190Z] aspnetcore.routing.is_fallback: false aspnetcore.routing.match_status: success http.route: api/stores
Value: 8
(2026-06-08T01:29:10.7058170Z, 2026-06-08T01:29:13.4228190Z] aspnetcore.routing.is_fallback: false aspnetcore.routing.match_status: success http.route: api/auth/register/seller
Value: 6
(2026-06-08T01:29:10.7058170Z, 2026-06-08T01:29:13.4228190Z] aspnetcore.routing.is_fallback: false aspnetcore.routing.match_status: success http.route: api/subscriptions/contract
Value: 1
(2026-06-08T01:29:11.3817529Z, 2026-06-08T01:29:13.4233264Z] http.request.method: POST http.response.status_code: 201 http.route: api/auth/register/seller network.protocol.version: 1.1 url.scheme: http
Value: Sum: 0.6631851 Count: 6 Min: 0.0799565 Max: 0.1412047 
(-Infinity,0,005]:0
(0,005,0,01]:0
(0,01,0,025]:0
(0,025,0,05]:0
(0,05,0,075]:0
(0,075,0,1]:2
(0,1,0,25]:4
(0,25,0,5]:0
(0,5,0,75]:0
(0,75,1]:0
(1,2,5]:0
(2,5,5]:0
(5,7,5]:0
(7,5,10]:0
(10,+Infinity]:0
(2026-06-08T01:29:10.7058170Z, 2026-06-08T01:29:13.4228190Z] aspnetcore.routing.is_fallback: false aspnetcore.routing.match_status: success http.route: api/auth/login/customer
Value: 11
(2026-06-08T01:29:10.7058170Z, 2026-06-08T01:29:13.4228190Z] aspnetcore.routing.is_fallback: false aspnetcore.routing.match_status: success http.route: api/stores/{storeId}/status
Value: 2
(2026-06-08T01:29:10.7058170Z, 2026-06-08T01:29:13.4228190Z] aspnetcore.routing.is_fallback: false aspnetcore.routing.match_status: success http.route: api/stores/{storeId}/delivery-config
Value: 2
(2026-06-08T01:29:11.3817529Z, 2026-06-08T01:29:13.4233264Z] http.request.method: GET http.response.status_code: 200 http.route: api/LandingPageContent/section/{section} network.protocol.version: 1.1 url.scheme: http
Value: Sum: 0.0088289 Count: 1 Min: 0.0088289 Max: 0.0088289 
(-Infinity,0,005]:0
(0,005,0,01]:1
(0,01,0,025]:0
(0,025,0,05]:0
(0,05,0,075]:0
(0,075,0,1]:0
(0,1,0,25]:0
(0,25,0,5]:0
(0,5,0,75]:0
(0,75,1]:0
(1,2,5]:0
(2,5,5]:0
(5,7,5]:0
(7,5,10]:0
(10,+Infinity]:0
(2026-06-08T01:29:10.7058170Z, 2026-06-08T01:29:13.4228190Z] aspnetcore.routing.is_fallback: false aspnetcore.routing.match_status: success http.route: api/stores/{storeId}/categories
Value: 7
(2026-06-08T01:29:10.7058170Z, 2026-06-08T01:29:13.4228190Z] aspnetcore.routing.is_fallback: false aspnetcore.routing.match_status: success http.route: api/customer/addresses
Value: 3
(2026-06-08T01:29:10.7058170Z, 2026-06-08T01:29:13.4228190Z] aspnetcore.routing.is_fallback: false aspnetcore.routing.match_status: success http.route: api/stores/{storeId}/address
Value: 1
(2026-06-08T01:29:11.3817529Z, 2026-06-08T01:29:13.4233264Z] http.request.method: POST http.response.status_code: 200 http.route: api/auth/login/seller network.protocol.version: 1.1 url.scheme: http
Value: Sum: 0.4997975 Count: 5 Min: 0.0484226 Max: 0.1618662 
(-Infinity,0,005]:0
(0,005,0,01]:0
(0,01,0,025]:0
(0,025,0,05]:1
(0,05,0,075]:0
(0,075,0,1]:2
(0,1,0,25]:2
(0,25,0,5]:0
(0,5,0,75]:0
(0,75,1]:0
(1,2,5]:0
(2,5,5]:0
(5,7,5]:0
(7,5,10]:0
(10,+Infinity]:0
(2026-06-08T01:29:10.7058170Z, 2026-06-08T01:29:13.4228190Z] aspnetcore.routing.is_fallback: false aspnetcore.routing.match_status: success http.route: api/auth/refresh
Value: 1
(2026-06-08T01:29:10.7058170Z, 2026-06-08T01:29:13.4228190Z] aspnetcore.routing.is_fallback: false aspnetcore.routing.match_status: success http.route: api/stores/{storeId}/products
Value: 4
(2026-06-08T01:29:11.3817529Z, 2026-06-08T01:29:13.4233264Z] http.request.method: POST http.response.status_code: 201 http.route: api/stores network.protocol.version: 1.1 url.scheme: http
Value: Sum: 0.1225522 Count: 4 Min: 0.015027 Max: 0.0492074 
(-Infinity,0,005]:0
(0,005,0,01]:0
(0,01,0,025]:2
(0,025,0,05]:2
(0,05,0,075]:0
(0,075,0,1]:0
(0,1,0,25]:0
(0,25,0,5]:0
(0,5,0,75]:0
(0,75,1]:0
(1,2,5]:0
(2,5,5]:0
(5,7,5]:0
(7,5,10]:0
(10,+Infinity]:0
(2026-06-08T01:29:10.7058170Z, 2026-06-08T01:29:13.4228190Z] aspnetcore.routing.is_fallback: false aspnetcore.routing.match_status: success http.route: api/checkout/preview
Value: 1
(2026-06-08T01:29:10.7058170Z, 2026-06-08T01:29:13.4228190Z] aspnetcore.routing.is_fallback: false aspnetcore.routing.match_status: success http.route: api/stores/{storeId}/products/{productId}
Value: 2
(2026-06-08T01:29:10.7058170Z, 2026-06-08T01:29:13.4228190Z] aspnetcore.routing.is_fallback: false aspnetcore.routing.match_status: success http.route: api/stores/{storeId}/business-hours
Value: 1
(2026-06-08T01:29:11.3817529Z, 2026-06-08T01:29:13.4233264Z] http.request.method: POST http.response.status_code: 401 http.route: api/webhooks/asaas network.protocol.version: 1.1 url.scheme: http
Value: Sum: 0.0198709 Count: 1 Min: 0.0198709 Max: 0.0198709 
(-Infinity,0,005]:0
(0,005,0,01]:0
(0,01,0,025]:1
(0,025,0,05]:0
(0,05,0,075]:0
(0,075,0,1]:0
(0,1,0,25]:0
(0,25,0,5]:0
(0,5,0,75]:0
(0,75,1]:0
(1,2,5]:0
(2,5,5]:0
(5,7,5]:0
(7,5,10]:0
(10,+Infinity]:0
(2026-06-08T01:29:10.7058170Z, 2026-06-08T01:29:13.4228190Z] aspnetcore.routing.is_fallback: false aspnetcore.routing.match_status: success http.route: api/customer/home
Value: 2
(2026-06-08T01:29:10.7058170Z, 2026-06-08T01:29:13.4228190Z] aspnetcore.routing.is_fallback: false aspnetcore.routing.match_status: success http.route: api/public/stores/{storeId}
Value: 1
(2026-06-08T01:29:10.7058170Z, 2026-06-08T01:29:13.4228190Z] aspnetcore.routing.is_fallback: false aspnetcore.routing.match_status: success http.route: api/stores/{storeId}/products/{productId}/availability
Value: 1
(2026-06-08T01:29:11.3817529Z, 2026-06-08T01:29:13.4233264Z] http.request.method: PUT http.response.status_code: 200 http.route: api/LandingPageContent/{id:guid} network.protocol.version: 1.1 url.scheme: http
Value: Sum: 0.0139684 Count: 1 Min: 0.0139684 Max: 0.0139684 
(-Infinity,0,005]:0
(0,005,0,01]:0
(0,01,0,025]:1
(0,025,0,05]:0
(0,05,0,075]:0
(0,075,0,1]:0
(0,1,0,25]:0
(0,25,0,5]:0
(0,5,0,75]:0
(0,75,1]:0
(1,2,5]:0
(2,5,5]:0
(5,7,5]:0
(7,5,10]:0
(10,+Infinity]:0
Metric Name: http.server.active_requests, Description: Number of active HTTP server requests., Unit: {request}, Metric Type: LongSumNonMonotonic
Instrumentation scope (Meter):
	Name: Microsoft.AspNetCore.Hosting
(2026-06-08T01:29:11.0384257Z, 2026-06-08T01:29:13.4228283Z] http.request.method: GET url.scheme: http
Value: 0
(2026-06-08T01:29:11.3817529Z, 2026-06-08T01:29:13.4233264Z] http.request.method: DELETE http.response.status_code: 204 http.route: api/LandingPageContent/{id:guid} network.protocol.version: 1.1 url.scheme: http
Value: Sum: 0.0203273 Count: 1 Min: 0.0203273 Max: 0.0203273 
(-Infinity,0,005]:0
(0,005,0,01]:0
(0,01,0,025]:1
(0,025,0,05]:0
(0,05,0,075]:0
(0,075,0,1]:0
(0,1,0,25]:0
(0,25,0,5]:0
(0,5,0,75]:0
(0,75,1]:0
(1,2,5]:0
(2,5,5]:0
(5,7,5]:0
(7,5,10]:0
(10,+Infinity]:0
(2026-06-08T01:29:11.0384257Z, 2026-06-08T01:29:13.4228283Z] http.request.method: POST url.scheme: http
Value: 1
(2026-06-08T01:29:11.3817529Z, 2026-06-08T01:29:13.4233264Z] http.request.method: GET http.response.status_code: 404 http.route: api/LandingPageContent/{id:guid} network.protocol.version: 1.1 url.scheme: http
Value: Sum: 0.03709 Count: 1 Min: 0.03709 Max: 0.03709 
(-Infinity,0,005]:0
(0,005,0,01]:0
(0,01,0,025]:0
(0,025,0,05]:1
(0,05,0,075]:0
(0,075,0,1]:0
(0,1,0,25]:0
(0,25,0,5]:0
(0,5,0,75]:0
(0,75,1]:0
(1,2,5]:0
(2,5,5]:0
(5,7,5]:0
(7,5,10]:0
(10,+Infinity]:0
(2026-06-08T01:29:11.0384257Z, 2026-06-08T01:29:13.4228283Z] http.request.method: PUT url.scheme: http
Value: 0
(2026-06-08T01:29:11.3817529Z, 2026-06-08T01:29:13.4233264Z] http.request.method: POST http.response.status_code: 403 http.route: api/LandingPageContent network.protocol.version: 1.1 url.scheme: http
Value: Sum: 0.0275272 Count: 1 Min: 0.0275272 Max: 0.0275272 
(-Infinity,0,005]:0
(0,005,0,01]:0
(0,01,0,025]:0
(0,025,0,05]:1
(0,05,0,075]:0
(0,075,0,1]:0
(0,1,0,25]:0
(0,25,0,5]:0
(0,5,0,75]:0
(0,75,1]:0
(1,2,5]:0
(2,5,5]:0
(5,7,5]:0
(7,5,10]:0
(10,+Infinity]:0
(2026-06-08T01:29:11.0384257Z, 2026-06-08T01:29:13.4228283Z] http.request.method: DELETE url.scheme: http
Value: 0
(2026-06-08T01:29:11.0384257Z, 2026-06-08T01:29:13.4228283Z] http.request.method: PATCH url.scheme: http
Value: 0
Metric Name: http.server.request.duration, Description: Duration of HTTP server requests., Unit: s, Metric Type: Histogram
Instrumentation scope (Meter):
[22:29:13 INF] Route matched with {action = "Create", controller = "Stores"}. Executing controller action with signature System.Threading.Tasks.Task`1[Microsoft.AspNetCore.Mvc.IActionResult] Create(Urbeat.Application.DTOs.CreateStoreRequestDto, System.Threading.CancellationToken) on controller Urbeat.WebApi.Controllers.StoresController (Urbeat.WebApi).
	Name: Microsoft.AspNetCore.Hosting
(2026-06-08T01:29:11.3817529Z, 2026-06-08T01:29:13.4233264Z] http.request.method: POST http.response.status_code: 200 http.route: api/webhooks/asaas network.protocol.version: 1.1 url.scheme: http
Value: Sum: 0.1512619 Count: 2 Min: 0.0349393 Max: 0.1163226 
(-Infinity,0,005]:0
(0,005,0,01]:0
(0,01,0,025]:0
(0,025,0,05]:1
(0,05,0,075]:0
(0,075,0,1]:0
(0,1,0,25]:1
(0,25,0,5]:0
(0,5,0,75]:0
(0,75,1]:0
(1,2,5]:0
(2,5,5]:0
(5,7,5]:0
(7,5,10]:0
(10,+Infinity]:0
(2026-06-08T01:29:11.3817529Z, 2026-06-08T01:29:13.4233264Z] http.request.method: PUT http.response.status_code: 403 http.route: api/stores/{storeId}/address network.protocol.version: 1.1 url.scheme: http
Value: Sum: 0.1012389 Count: 1 Min: 0.1012389 Max: 0.1012389 
(-Infinity,0,005]:0
(0,005,0,01]:0
(0,01,0,025]:0
(0,025,0,05]:0
(0,05,0,075]:0
(0,075,0,1]:0
(0,1,0,25]:1
(0,25,0,5]:0
(0,5,0,75]:0
(0,75,1]:0
(1,2,5]:0
(2,5,5]:0
(5,7,5]:0
(7,5,10]:0
(10,+Infinity]:0
(2026-06-08T01:29:11.3817529Z, 2026-06-08T01:29:13.4233264Z] http.request.method: GET http.response.status_code: 200 http.route: api/subscriptions/my/charges network.protocol.version: 1.1 url.scheme: http
Value: Sum: 0.110942 Count: 1 Min: 0.110942 Max: 0.110942 
(-Infinity,0,005]:0
(0,005,0,01]:0
(0,01,0,025]:0
(0,025,0,05]:0
(0,05,0,075]:0
(0,075,0,1]:0
(0,1,0,25]:1
(0,25,0,5]:0
(0,5,0,75]:0
(0,75,1]:0
(1,2,5]:0
(2,5,5]:0
(5,7,5]:0
(7,5,10]:0
(10,+Infinity]:0
Metric Name: aspnetcore.routing.match_attempts, Description: Number of requests that were attempted to be matched to an endpoint., Unit: {match_attempt}, Metric Type: LongSum
Instrumentation scope (Meter):
(2026-06-08T01:29:11.0385135Z, 2026-06-08T01:29:13.4228404Z] http.request.method: GET http.response.status_code: 200 http.route: api/public/stores/{storeId}/catalog/categories network.protocol.version: 1.1 url.scheme: http
Value: Sum: 0.1377761 Count: 3 Min: 0.0316512 Max: 0.0688572 
(-Infinity,0,005]:0
(0,005,0,01]:0
(0,01,0,025]:0
(0,025,0,05]:2
(0,05,0,075]:1
(0,075,0,1]:0
(0,1,0,25]:0
(0,25,0,5]:0
(0,5,0,75]:0
(0,75,1]:0
(1,2,5]:0
(2,5,5]:0
(5,7,5]:0
(7,5,10]:0
(10,+Infinity]:0
	Name: Microsoft.AspNetCore.Routing
(2026-06-08T01:29:11.4207056Z, 2026-06-08T01:29:13.4233296Z] aspnetcore.routing.is_fallback: false aspnetcore.routing.match_status: success http.route: api/auth/login/admin
Value: 2
(2026-06-08T01:29:11.4207056Z, 2026-06-08T01:29:13.4233296Z] aspnetcore.routing.is_fallback: false aspnetcore.routing.match_status: success http.route: api/LandingPageContent
Value: 6
(2026-06-08T01:29:11.0385135Z, 2026-06-08T01:29:13.4228404Z] http.request.method: POST http.response.status_code: 201 http.route: api/auth/register/seller network.protocol.version: 1.1 url.scheme: http
Value: Sum: 1.0014344 Count: 9 Min: 0.0799565 Max: 0.1535439 
(-Infinity,0,005]:0
(0,005,0,01]:0
(0,01,0,025]:0
(0,025,0,05]:0
(0,05,0,075]:0
(0,075,0,1]:3
(0,1,0,25]:6
(0,25,0,5]:0
(0,5,0,75]:0
(0,75,1]:0
(1,2,5]:0
(2,5,5]:0
(5,7,5]:0
(7,5,10]:0
(10,+Infinity]:0
(2026-06-08T01:29:11.4207056Z, 2026-06-08T01:29:13.4233296Z] aspnetcore.routing.is_fallback: false aspnetcore.routing.match_status: success http.route: api/auth/register/seller
Value: 6
(2026-06-08T01:29:11.4207056Z, 2026-06-08T01:29:13.4233296Z] aspnetcore.routing.is_fallback: false aspnetcore.routing.match_status: success http.route: api/LandingPageContent/section/{section}
Value: 1
(2026-06-08T01:29:11.4207056Z, 2026-06-08T01:29:13.4233296Z] aspnetcore.routing.is_fallback: false aspnetcore.routing.match_status: success http.route: api/auth/login/seller
Value: 6
(2026-06-08T01:29:11.4207056Z, 2026-06-08T01:29:13.4233296Z] aspnetcore.routing.is_fallback: false aspnetcore.routing.match_status: success http.route: api/stores
Value: 4
(2026-06-08T01:29:11.0385135Z, 2026-06-08T01:29:13.4228404Z] http.request.method: POST http.response.status_code: 200 http.route: api/auth/login/seller network.protocol.version: 1.1 url.scheme: http
Value: Sum: 0.8298367999999999 Count: 8 Min: 0.0484226 Max: 0.1807168 
(-Infinity,0,005]:0
(0,005,0,01]:0
(0,01,0,025]:0
(0,025,0,05]:1
(0,05,0,075]:1
(0,075,0,1]:3
(0,1,0,25]:3
(0,25,0,5]:0
(0,5,0,75]:0
(0,75,1]:0
(1,2,5]:0
(2,5,5]:0
(5,7,5]:0
(7,5,10]:0
(10,+Infinity]:0
(2026-06-08T01:29:11.4207056Z, 2026-06-08T01:29:13.4233296Z] aspnetcore.routing.is_fallback: false aspnetcore.routing.match_status: success http.route: api/webhooks/asaas
Value: 3
(2026-06-08T01:29:11.4207056Z, 2026-06-08T01:29:13.4233296Z] aspnetcore.routing.is_fallback: false aspnetcore.routing.match_status: success http.route: api/LandingPageContent/{id:guid}
Value: 3
(2026-06-08T01:29:11.4207056Z, 2026-06-08T01:29:13.4233296Z] aspnetcore.routing.is_fallback: false aspnetcore.routing.match_status: success http.route: api/stores/{storeId}/address
Value: 1
(2026-06-08T01:29:11.0385135Z, 2026-06-08T01:29:13.4228404Z] http.request.method: POST http.response.status_code: 200 http.route: api/auth/login/admin network.protocol.version: 1.1 url.scheme: http
Value: Sum: 0.31383639999999996 Count: 2 Min: 0.0448031 Max: 0.2690333 
(-Infinity,0,005]:0
(0,005,0,01]:0
(0,01,0,025]:0
(0,025,0,05]:1
(0,05,0,075]:0
(0,075,0,1]:0
(0,1,0,25]:0
(0,25,0,5]:1
(0,5,0,75]:0
(0,75,1]:0
(1,2,5]:0
(2,5,5]:0
(5,7,5]:0
(7,5,10]:0
(10,+Infinity]:0
(2026-06-08T01:29:11.4207056Z, 2026-06-08T01:29:13.4233296Z] aspnetcore.routing.is_fallback: false aspnetcore.routing.match_status: success http.route: api/subscriptions/my/charges
Value: 1
(2026-06-08T01:29:11.0385135Z, 2026-06-08T01:29:13.4228404Z] http.request.method: POST http.response.status_code: 201 http.route: api/LandingPageContent network.protocol.version: 1.1 url.scheme: http
Value: Sum: 0.0421001 Count: 3 Min: 0.0029564 Max: 0.0286965 
(-Infinity,0,005]:1
(0,005,0,01]:0
(0,01,0,025]:1
(0,025,0,05]:1
(0,05,0,075]:0
(0,075,0,1]:0
(0,1,0,25]:0
(0,25,0,5]:0
(0,5,0,75]:0
(0,75,1]:0
(1,2,5]:0
(2,5,5]:0
(5,7,5]:0
(7,5,10]:0
(10,+Infinity]:0
(2026-06-08T01:29:11.0385135Z, 2026-06-08T01:29:13.4228404Z] http.request.method: POST http.response.status_code: 201 http.route: api/stores network.protocol.version: 1.1 url.scheme: http
Value: Sum: 0.1719552 Count: 7 Min: 0.0103258 Max: 0.0492074 
(-Infinity,0,005]:0
(0,005,0,01]:0
(0,01,0,025]:4
(0,025,0,05]:3
(0,05,0,075]:0
(0,075,0,1]:0
(0,1,0,25]:0
(0,25,0,5]:0
(0,5,0,75]:0
(0,75,1]:0
(1,2,5]:0
(2,5,5]:0
(5,7,5]:0
(7,5,10]:0
(10,+Infinity]:0
(2026-06-08T01:29:11.0385135Z, 2026-06-08T01:29:13.4228404Z] http.request.method: POST http.response.status_code: 201 http.route: api/stores/{storeId}/categories network.protocol.version: 1.1 url.scheme: http
Value: Sum: 0.061985 Count: 4 Min: 0.0014869 Max: 0.030562 
(-Infinity,0,005]:2
(0,005,0,01]:0
(0,01,0,025]:0
(0,025,0,05]:2
(0,05,0,075]:0
(0,075,0,1]:0
(0,1,0,25]:0
(0,25,0,5]:0
(0,5,0,75]:0
(0,75,1]:0
(1,2,5]:0
(2,5,5]:0
(5,7,5]:0
(7,5,10]:0
(10,+Infinity]:0
(2026-06-08T01:29:11.0385135Z, 2026-06-08T01:29:13.4228404Z] http.request.method: GET http.response.status_code: 200 http.route: api/LandingPageContent network.protocol.version: 1.1 url.scheme: http
Value: Sum: 0.034585 Count: 2 Min: 0.0014382 Max: 0.0331468 
(-Infinity,0,005]:1
(0,005,0,01]:0
(0,01,0,025]:0
(0,025,0,05]:1
(0,05,0,075]:0
(0,075,0,1]:0
(0,1,0,25]:0
(0,25,0,5]:0
(0,5,0,75]:0
(0,75,1]:0
(1,2,5]:0
(2,5,5]:0
(5,7,5]:0
(7,5,10]:0
(10,+Infinity]:0
(2026-06-08T01:29:11.0385135Z, 2026-06-08T01:29:13.4228404Z] http.request.method: GET http.response.status_code: 200 http.route: api/LandingPageContent/section/{section} network.protocol.version: 1.1 url.scheme: http
Value: Sum: 0.0088289 Count: 1 Min: 0.0088289 Max: 0.0088289 
(-Infinity,0,005]:0
(0,005,0,01]:1
(0,01,0,025]:0
(0,025,0,05]:0
(0,05,0,075]:0
(0,075,0,1]:0
(0,1,0,25]:0
(0,25,0,5]:0
(0,5,0,75]:0
(0,75,1]:0
(1,2,5]:0
(2,5,5]:0
(5,7,5]:0
(7,5,10]:0
(10,+Infinity]:0
(2026-06-08T01:29:11.0385135Z, 2026-06-08T01:29:13.4228404Z] http.request.method: POST http.response.status_code: 201 http.route: api/stores/{storeId}/products network.protocol.version: 1.1 url.scheme: http
Value: Sum: 0.024501799999999997 Count: 4 Min: 0.0019065 Max: 0.0115082 
(-Infinity,0,005]:2
(0,005,0,01]:1
(0,01,0,025]:1
(0,025,0,05]:0
(0,05,0,075]:0
(0,075,0,1]:0
(0,1,0,25]:0
(0,25,0,5]:0
(0,5,0,75]:0
(0,75,1]:0
(1,2,5]:0
(2,5,5]:0
(5,7,5]:0
(7,5,10]:0
(10,+Infinity]:0
(2026-06-08T01:29:11.0385135Z, 2026-06-08T01:29:13.4228404Z] http.request.method: POST http.response.status_code: 401 http.route: api/webhooks/asaas network.protocol.version: 1.1 url.scheme: http
Value: Sum: 0.0198709 Count: 1 Min: 0.0198709 Max: 0.0198709 
(-Infinity,0,005]:0
(0,005,0,01]:0
(0,01,0,025]:1
(0,025,0,05]:0
(0,05,0,075]:0
(0,075,0,1]:0
(0,1,0,25]:0
(0,25,0,5]:0
(0,5,0,75]:0
(0,75,1]:0
(1,2,5]:0
(2,5,5]:0
(5,7,5]:0
(7,5,10]:0
(10,+Infinity]:0
[22:29:13 INF] Saved 1 entities to in-memory store.
[22:29:13 INF] Executing action method Urbeat.WebApi.Controllers.StoresController.Create (Urbeat.WebApi) - Validation state: Valid
[22:29:13 INF] Saved 1 entities to in-memory store.
(2026-06-08T01:29:11.0385135Z, 2026-06-08T01:29:13.4228404Z] http.request.method: PUT http.response.status_code: 200 http.route: api/LandingPageContent/{id:guid} network.protocol.version: 1.1 url.scheme: http
Value: Sum: 0.0139684 Count: 1 Min: 0.0139684 Max: 0.0139684 
(-Infinity,0,005]:0
(0,005,0,01]:0
(0,01,0,025]:1
(0,025,0,05]:0
(0,05,0,075]:0
(0,075,0,1]:0
(0,1,0,25]:0
(0,25,0,5]:0
(0,5,0,75]:0
(0,75,1]:0
(1,2,5]:0
(2,5,5]:0
(5,7,5]:0
(7,5,10]:0
(10,+Infinity]:0
(2026-06-08T01:29:11.0385135Z, 2026-06-08T01:29:13.4228404Z] http.request.method: DELETE http.response.status_code: 204 http.route: api/LandingPageContent/{id:guid} network.protocol.version: 1.1 url.scheme: http
Value: Sum: 0.0203273 Count: 1 Min: 0.0203273 Max: 0.0203273 
(-Infinity,0,005]:0
(0,005,0,01]:0
(0,01,0,025]:1
(0,025,0,05]:0
(0,05,0,075]:0
(0,075,0,1]:0
(0,1,0,25]:0
(0,25,0,5]:0
(0,5,0,75]:0
(0,75,1]:0
(1,2,5]:0
(2,5,5]:0
(5,7,5]:0
(7,5,10]:0
(10,+Infinity]:0
(2026-06-08T01:29:11.0385135Z, 2026-06-08T01:29:13.4228404Z] http.request.method: GET http.response.status_code: 200 http.route: api/stores/{storeId}/products network.protocol.version: 1.1 url.scheme: http
Value: Sum: 0.042863 Count: 1 Min: 0.042863 Max: 0.042863 
(-Infinity,0,005]:0
(0,005,0,01]:0
(0,01,0,025]:0
(0,025,0,05]:1
(0,05,0,075]:0
(0,075,0,1]:0
(0,1,0,25]:0
(0,25,0,5]:0
(0,5,0,75]:0
(0,75,1]:0
(1,2,5]:0
(2,5,5]:0
(5,7,5]:0
(7,5,10]:0
(10,+Infinity]:0
(2026-06-08T01:29:11.0385135Z, 2026-06-08T01:29:13.4228404Z] http.request.method: PATCH http.response.status_code: 200 http.route: api/stores/{storeId}/products/{productId}/availability network.protocol.version: 1.1 url.scheme: http
Value: Sum: 0.0294982 Count: 1 Min: 0.0294982 Max: 0.0294982 
(-Infinity,0,005]:0
(0,005,0,01]:0
(0,01,0,025]:0
(0,025,0,05]:1
(0,05,0,075]:0
(0,075,0,1]:0
(0,1,0,25]:0
(0,25,0,5]:0
(0,5,0,75]:0
(0,75,1]:0
(1,2,5]:0
(2,5,5]:0
(5,7,5]:0
(7,5,10]:0
(10,+Infinity]:0
(2026-06-08T01:29:11.0385135Z, 2026-06-08T01:29:13.4228404Z] http.request.method: GET http.response.status_code: 404 http.route: api/LandingPageContent/{id:guid} network.protocol.version: 1.1 url.scheme: http
Value: Sum: 0.03709 Count: 1 Min: 0.03709 Max: 0.03709 
(-Infinity,0,005]:0
(0,005,0,01]:0
(0,01,0,025]:0
(0,025,0,05]:1
(0,05,0,075]:0
(0,075,0,1]:0
(0,1,0,25]:0
(0,25,0,5]:0
(0,5,0,75]:0
(0,75,1]:0
(1,2,5]:0
(2,5,5]:0
(5,7,5]:0
(7,5,10]:0
(10,+Infinity]:0
(2026-06-08T01:29:11.0385135Z, 2026-06-08T01:29:13.4228404Z] http.request.method: GET http.response.status_code: 200 http.route: api/public/stores/{storeId}/catalog/products network.protocol.version: 1.1 url.scheme: http
Value: Sum: 0.08218929999999999 Count: 3 Min: 0.0011791 Max: 0.0431113 
(-Infinity,0,005]:1
(0,005,0,01]:0
(0,01,0,025]:0
(0,025,0,05]:2
(0,05,0,075]:0
(0,075,0,1]:0
(0,1,0,25]:0
(0,25,0,5]:0
(0,5,0,75]:0
(0,75,1]:0
(1,2,5]:0
(2,5,5]:0
(5,7,5]:0
(7,5,10]:0
(10,+Infinity]:0
(2026-06-08T01:29:11.0385135Z, 2026-06-08T01:29:13.4228404Z] http.request.method: POST http.response.status_code: 403 http.route: api/LandingPageContent network.protocol.version: 1.1 url.scheme: http
Value: Sum: 0.0275272 Count: 1 Min: 0.0275272 Max: 0.0275272 
(-Infinity,0,005]:0
(0,005,0,01]:0
(0,01,0,025]:0
(0,025,0,05]:1
(0,05,0,075]:0
(0,075,0,1]:0
(0,1,0,25]:0
(0,25,0,5]:0
(0,5,0,75]:0
(0,75,1]:0
(1,2,5]:0
(2,5,5]:0
(5,7,5]:0
(7,5,10]:0
(10,+Infinity]:0
(2026-06-08T01:29:11.0385135Z, 2026-06-08T01:29:13.4228404Z] http.request.method: POST http.response.status_code: 200 http.route: api/webhooks/asaas network.protocol.version: 1.1 url.scheme: http
Value: Sum: 0.1512619 Count: 2 Min: 0.0349393 Max: 0.1163226 
(-Infinity,0,005]:0
(0,005,0,01]:0
(0,01,0,025]:0
(0,025,0,05]:1
(0,05,0,075]:0
(0,075,0,1]:0
(0,1,0,25]:1
(0,25,0,5]:0
(0,5,0,75]:0
(0,75,1]:0
(1,2,5]:0
(2,5,5]:0
(5,7,5]:0
(7,5,10]:0
(10,+Infinity]:0
(2026-06-08T01:29:11.0385135Z, 2026-06-08T01:29:13.4228404Z] http.request.method: PUT http.response.status_code: 403 http.route: api/stores/{storeId}/address network.protocol.version: 1.1 url.scheme: http
Value: Sum: 0.1012389 Count: 1 Min: 0.1012389 Max: 0.1012389 
(-Infinity,0,005]:0
(0,005,0,01]:0
(0,01,0,025]:0
(0,025,0,05]:0
(0,05,0,075]:0
(0,075,0,1]:0
(0,1,0,25]:1
(0,25,0,5]:0
(0,5,0,75]:0
(0,75,1]:0
(1,2,5]:0
(2,5,5]:0
(5,7,5]:0
(7,5,10]:0
(10,+Infinity]:0
(2026-06-08T01:29:11.0385135Z, 2026-06-08T01:29:13.4228404Z] http.request.method: GET http.response.status_code: 200 http.route: api/subscriptions/my/charges network.protocol.version: 1.1 url.scheme: http
Value: Sum: 0.110942 Count: 1 Min: 0.110942 Max: 0.110942 
(-Infinity,0,005]:0
(0,005,0,01]:0
(0,01,0,025]:0
(0,025,0,05]:0
(0,05,0,075]:0
(0,075,0,1]:0
(0,1,0,25]:1
(0,25,0,5]:0
(0,5,0,75]:0
(0,75,1]:0
(1,2,5]:0
(2,5,5]:0
(5,7,5]:0
(7,5,10]:0
(10,+Infinity]:0
Metric Name: aspnetcore.routing.match_attempts, Description: Number of requests that were attempted to be matched to an endpoint., Unit: {match_attempt}, Metric Type: LongSum
Instrumentation scope (Meter):
	Name: Microsoft.AspNetCore.Routing
(2026-06-08T01:29:11.0544838Z, 2026-06-08T01:29:13.4228444Z] aspnetcore.routing.is_fallback: false aspnetcore.routing.match_status: success http.route: api/public/stores/{storeId}/catalog/categories
Value: 3
(2026-06-08T01:29:11.0544838Z, 2026-06-08T01:29:13.4228444Z] aspnetcore.routing.is_fallback: false aspnetcore.routing.match_status: success http.route: api/auth/register/seller
Value: 9
(2026-06-08T01:29:11.0544838Z, 2026-06-08T01:29:13.4228444Z] aspnetcore.routing.is_fallback: false aspnetcore.routing.match_status: success http.route: api/auth/login/seller
Value: 9
(2026-06-08T01:29:11.0544838Z, 2026-06-08T01:29:13.4228444Z] aspnetcore.routing.is_fallback: false aspnetcore.routing.match_status: success http.route: api/auth/login/admin
Value: 2
(2026-06-08T01:29:11.0544838Z, 2026-06-08T01:29:13.4228444Z] aspnetcore.routing.is_fallback: false aspnetcore.routing.match_status: success http.route: api/LandingPageContent
Value: 6
(2026-06-08T01:29:11.0544838Z, 2026-06-08T01:29:13.4228444Z] aspnetcore.routing.is_fallback: false aspnetcore.routing.match_status: success http.route: api/stores
Value: 7
(2026-06-08T01:29:11.0544838Z, 2026-06-08T01:29:13.4228444Z] aspnetcore.routing.is_fallback: false aspnetcore.routing.match_status: success http.route: api/stores/{storeId}/categories
Value: 4
(2026-06-08T01:29:11.0544838Z, 2026-06-08T01:29:13.4228444Z] aspnetcore.routing.is_fallback: false aspnetcore.routing.match_status: success http.route: api/LandingPageContent/section/{section}
Value: 1
(2026-06-08T01:29:11.0544838Z, 2026-06-08T01:29:13.4228444Z] aspnetcore.routing.is_fallback: false aspnetcore.routing.match_status: success http.route: api/stores/{storeId}/products
Value: 5
(2026-06-08T01:29:11.0544838Z, 2026-06-08T01:29:13.4228444Z] aspnetcore.routing.is_fallback: false aspnetcore.routing.match_status: success http.route: api/webhooks/asaas
Value: 3
(2026-06-08T01:29:11.0544838Z, 2026-06-08T01:29:13.4228444Z] aspnetcore.routing.is_fallback: false aspnetcore.routing.match_status: success http.route: api/LandingPageContent/{id:guid}
Value: 3
(2026-06-08T01:29:11.0544838Z, 2026-06-08T01:29:13.4228444Z] aspnetcore.routing.is_fallback: false aspnetcore.routing.match_status: success http.route: api/stores/{storeId}/products/{productId}/availability
Value: 1
(2026-06-08T01:29:11.0544838Z, 2026-06-08T01:29:13.4228444Z] aspnetcore.routing.is_fallback: false aspnetcore.routing.match_status: success http.route: api/public/stores/{storeId}/catalog/products
Value: 3
(2026-06-08T01:29:11.0544838Z, 2026-06-08T01:29:13.4228444Z] aspnetcore.routing.is_fallback: false aspnetcore.routing.match_status: success http.route: api/stores/{storeId}/address
Value: 1
[22:29:13 INF] Saved 1 entities to in-memory store.
(2026-06-08T01:29:11.0544838Z, 2026-06-08T01:29:13.4228444Z] aspnetcore.routing.is_fallback: false aspnetcore.routing.match_status: success http.route: api/subscriptions/my/charges
Value: 1
[22:29:13 INF] Executed action method Urbeat.WebApi.Controllers.AuthController.LoginSeller (Urbeat.WebApi), returned result Microsoft.AspNetCore.Mvc.OkObjectResult in 56.1478ms.
[22:29:13 INF] Executing OkObjectResult, writing value of type 'Urbeat.Application.DTOs.AuthTokenResponseDto'.
[22:29:13 INF] Saved 1 entities to in-memory store.
[22:29:13 INF] Executed action Urbeat.WebApi.Controllers.AuthController.LoginSeller (Urbeat.WebApi) in 90.7868ms
[22:29:13 INF] Executed endpoint 'Urbeat.WebApi.Controllers.AuthController.LoginSeller (Urbeat.WebApi)'
[22:29:13 INF] Saved 1 entities to in-memory store.
[22:29:13 INF] Executed action method Urbeat.WebApi.Controllers.StoresController.Create (Urbeat.WebApi), returned result Microsoft.AspNetCore.Mvc.ObjectResult in 0.8407ms.
[22:29:13 INF] Request finished HTTP/1.1 POST http://localhost/api/auth/login/seller - 200 null application/json; charset=utf-8 128.782ms
[22:29:13 INF] Executed action Urbeat.WebApi.Controllers.StoresController.Create (Urbeat.WebApi) in 28.599ms
[22:29:13 INF] Executed action method Urbeat.WebApi.Controllers.StoresController.UpsertAddress (Urbeat.WebApi), returned result Microsoft.AspNetCore.Mvc.OkObjectResult in 56.6306ms.
Activity.TraceId:            ba377c10d42e21ece83abcbcd7c84d60
Activity.SpanId:             cc6dab29d726b7eb
Activity.TraceFlags:         Recorded
Activity.DisplayName:        POST api/auth/login/seller
[22:29:13 INF] Executing OkObjectResult, writing value of type 'Urbeat.Application.DTOs.StoreAddressResponseDto'.
Activity.Kind:               Server
Activity.StartTime:          2026-06-08T01:29:13.4604232Z
Activity.Duration:           00:00:00.1288521
Activity.Tags:
    server.address: localhost
    http.request.method: POST
    url.scheme: http
    url.path: /api/auth/login/seller
    network.protocol.version: 1.1
    http.route: api/auth/login/seller
    http.response.status_code: 200
Instrumentation scope (ActivitySource):
    Name: Microsoft.AspNetCore
Resource associated with Activity:
    telemetry.sdk.name: opentelemetry
[22:29:13 INF] Request finished HTTP/1.1 POST http://localhost/api/stores - 201 null application/json; charset=utf-8 90.7054ms
    telemetry.sdk.language: dotnet
    telemetry.sdk.version: 1.14.0
    service.name: unknown_service:testhost
Activity.TraceId:            ba377c10d42e21ece83abcbcd7c84d60
Activity.SpanId:             cc6dab29d726b7eb
Activity.TraceFlags:         Recorded
Activity.DisplayName:        POST api/auth/login/seller
Activity.Kind:               Server
Activity.StartTime:          2026-06-08T01:29:13.4604232Z
Activity.TraceId:            783117ce3ee0ff5cb25295db1e9aa0ba
Activity.Duration:           00:00:00.1288521
Activity.SpanId:             8bf473cfeabc6b23
Activity.Tags:
Activity.TraceFlags:         Recorded
    server.address: localhost
Activity.DisplayName:        POST api/stores
    http.request.method: POST
Activity.Kind:               Server
    url.scheme: http
    url.path: /api/auth/login/seller
Activity.StartTime:          2026-06-08T01:29:13.4987106Z
    network.protocol.version: 1.1
Activity.Duration:           00:00:00.0907347
    http.route: api/auth/login/seller
Activity.Tags:
    http.response.status_code: 200
    server.address: localhost
Instrumentation scope (ActivitySource):
    http.request.method: POST
    Name: Microsoft.AspNetCore
    url.scheme: http
Resource associated with Activity:
    url.path: /api/stores
    telemetry.sdk.name: opentelemetry
    network.protocol.version: 1.1
    telemetry.sdk.language: dotnet
    http.route: api/stores
    telemetry.sdk.version: 1.14.0
    http.response.status_code: 201
    service.name: unknown_service:testhost
Instrumentation scope (ActivitySource):
    Name: Microsoft.AspNetCore
Resource associated with Activity:
Activity.TraceId:            ba377c10d42e21ece83abcbcd7c84d60
    telemetry.sdk.name: opentelemetry
Activity.SpanId:             cc6dab29d726b7eb
    telemetry.sdk.language: dotnet
Activity.TraceFlags:         Recorded
    telemetry.sdk.version: 1.14.0
Activity.DisplayName:        POST api/auth/login/seller
    service.name: unknown_service:testhost
Activity.Kind:               Server
Activity.TraceId:            783117ce3ee0ff5cb25295db1e9aa0ba
Activity.StartTime:          2026-06-08T01:29:13.4604232Z
Activity.SpanId:             8bf473cfeabc6b23
Activity.Duration:           00:00:00.1288521
Activity.TraceFlags:         Recorded
Activity.Tags:
Activity.DisplayName:        POST api/stores
    server.address: localhost
Activity.Kind:               Server
    http.request.method: POST
Activity.StartTime:          2026-06-08T01:29:13.4987106Z
    url.scheme: http
Activity.Duration:           00:00:00.0907347
    url.path: /api/auth/login/seller
Activity.Tags:
    network.protocol.version: 1.1
    server.address: localhost
    http.request.method: POST
    url.scheme: http
    http.route: api/auth/login/seller
    url.path: /api/stores
    http.response.status_code: 200
    network.protocol.version: 1.1
Instrumentation scope (ActivitySource):
    http.route: api/stores
    Name: Microsoft.AspNetCore
[22:29:13 INF] Request starting HTTP/1.1 POST http://localhost/api/stores - application/json; charset=utf-8 null
Resource associated with Activity:
    http.response.status_code: 201
    telemetry.sdk.name: opentelemetry
Instrumentation scope (ActivitySource):
    telemetry.sdk.language: dotnet
    Name: Microsoft.AspNetCore
    telemetry.sdk.version: 1.14.0
Resource associated with Activity:
    service.name: unknown_service:testhost
    telemetry.sdk.name: opentelemetry
    telemetry.sdk.language: dotnet
    telemetry.sdk.version: 1.14.0
    service.name: unknown_service:testhost
Activity.TraceId:            783117ce3ee0ff5cb25295db1e9aa0ba
Activity.SpanId:             8bf473cfeabc6b23
Activity.TraceFlags:         Recorded
Activity.DisplayName:        POST api/stores
Activity.Kind:               Server
Activity.StartTime:          2026-06-08T01:29:13.4987106Z
Activity.Duration:           00:00:00.0907347
Activity.Tags:
    server.address: localhost
    http.request.method: POST
    url.scheme: http
    url.path: /api/stores
    network.protocol.version: 1.1
    http.route: api/stores
    http.response.status_code: 201
Instrumentation scope (ActivitySource):
    Name: Microsoft.AspNetCore
Resource associated with Activity:
    telemetry.sdk.name: opentelemetry
    telemetry.sdk.language: dotnet
    telemetry.sdk.version: 1.14.0
    service.name: unknown_service:testhost
[22:29:13 INF] Executing endpoint 'Urbeat.WebApi.Controllers.StoresController.Create (Urbeat.WebApi)'
[22:29:13 INF] Request starting HTTP/1.1 POST http://localhost/api/webhooks/asaas - application/json; charset=utf-8 170
[22:29:13 INF] Route matched with {action = "Create", controller = "Stores"}. Executing controller action with signature System.Threading.Tasks.Task`1[Microsoft.AspNetCore.Mvc.IActionResult] Create(Urbeat.Application.DTOs.CreateStoreRequestDto, System.Threading.CancellationToken) on controller Urbeat.WebApi.Controllers.StoresController (Urbeat.WebApi).
[22:29:13 INF] Executed action Urbeat.WebApi.Controllers.StoresController.UpsertAddress (Urbeat.WebApi) in 92.1174ms
[22:29:13 INF] Route matched with {action = "Asaas", controller = "Webhooks"}. Executing controller action with signature System.Threading.Tasks.Task`1[Microsoft.AspNetCore.Mvc.IActionResult] Asaas(System.Threading.CancellationToken) on controller Urbeat.WebApi.Controllers.WebhooksController (Urbeat.WebApi).
[22:29:13 INF] Request finished HTTP/1.1 PUT http://localhost/api/stores/019ea4d9-1fcd-7458-890a-b5adcbea4fc1/address - 200 null application/json; charset=utf-8 167.2082ms
[22:29:13 INF] Executing action method Urbeat.WebApi.Controllers.WebhooksController.Asaas (Urbeat.WebApi) - Validation state: Valid
Activity.TraceId:            a03480a501f7fcbb90734f356f1dbfa2
Activity.SpanId:             0353258fe9b74f4b
Activity.TraceFlags:         Recorded
Activity.DisplayName:        PUT api/stores/{storeId}/address
Activity.Kind:               Server
Activity.StartTime:          2026-06-08T01:29:13.4230983Z
Activity.Duration:           00:00:00.1672318
Activity.Tags:
    server.address: localhost
    http.request.method: PUT
    url.scheme: http
    url.path: /api/stores/019ea4d9-1fcd-7458-890a-b5adcbea4fc1/address
    network.protocol.version: 1.1
    http.route: api/stores/{storeId}/address
    http.response.status_code: 200
Instrumentation scope (ActivitySource):
    Name: Microsoft.AspNetCore
Resource associated with Activity:
    telemetry.sdk.name: opentelemetry
    telemetry.sdk.language: dotnet
    telemetry.sdk.version: 1.14.0
    service.name: unknown_service:testhost
Activity.TraceId:            a03480a501f7fcbb90734f356f1dbfa2
Activity.SpanId:             0353258fe9b74f4b
Activity.TraceFlags:         Recorded
Activity.DisplayName:        PUT api/stores/{storeId}/address
Activity.Kind:               Server
Activity.StartTime:          2026-06-08T01:29:13.4230983Z
Activity.Duration:           00:00:00.1672318
Activity.Tags:
    server.address: localhost
    http.request.method: PUT
    url.scheme: http
    url.path: /api/stores/019ea4d9-1fcd-7458-890a-b5adcbea4fc1/address
    network.protocol.version: 1.1
    http.route: api/stores/{storeId}/address
    http.response.status_code: 200
Instrumentation scope (ActivitySource):
    Name: Microsoft.AspNetCore
Resource associated with Activity:
    telemetry.sdk.name: opentelemetry
    telemetry.sdk.language: dotnet
    telemetry.sdk.version: 1.14.0
    service.name: unknown_service:testhost
Activity.TraceId:            a03480a501f7fcbb90734f356f1dbfa2
Activity.SpanId:             0353258fe9b74f4b
Activity.TraceFlags:         Recorded
Activity.DisplayName:        PUT api/stores/{storeId}/address
Activity.Kind:               Server
Activity.StartTime:          2026-06-08T01:29:13.4230983Z
Activity.Duration:           00:00:00.1672318
Activity.Tags:
    server.address: localhost
    http.request.method: PUT
    url.scheme: http
    url.path: /api/stores/019ea4d9-1fcd-7458-890a-b5adcbea4fc1/address
    network.protocol.version: 1.1
    http.route: api/stores/{storeId}/address
    http.response.status_code: 200
Instrumentation scope (ActivitySource):
[22:29:13 INF] Request starting HTTP/1.1 GET http://localhost/api/stores/019ea4d9-1fcd-7458-890a-b5adcbea4fc1/address - null null
    Name: Microsoft.AspNetCore
Resource associated with Activity:
    telemetry.sdk.name: opentelemetry
    telemetry.sdk.language: dotnet
    telemetry.sdk.version: 1.14.0
    service.name: unknown_service:testhost
[22:29:13 INF] Executing action method Urbeat.WebApi.Controllers.StoresController.Create (Urbeat.WebApi) - Validation state: Valid
[22:29:13 INF] Route matched with {action = "GetAddress", controller = "Stores"}. Executing controller action with signature System.Threading.Tasks.Task`1[Microsoft.AspNetCore.Mvc.IActionResult] GetAddress(System.Guid, System.Threading.CancellationToken) on controller Urbeat.WebApi.Controllers.StoresController (Urbeat.WebApi).
[22:29:13 INF] Executed action method Urbeat.WebApi.Controllers.WebhooksController.Asaas (Urbeat.WebApi), returned result Microsoft.AspNetCore.Mvc.OkObjectResult in 2.7337ms.
[22:29:13 INF] Executed action Urbeat.WebApi.Controllers.WebhooksController.Asaas (Urbeat.WebApi) in 32.1124ms
[22:29:13 INF] Executing action method Urbeat.WebApi.Controllers.StoresController.GetAddress (Urbeat.WebApi) - Validation state: Valid
[22:29:13 INF] Request finished HTTP/1.1 POST http://localhost/api/webhooks/asaas - 200 null application/json; charset=utf-8 32.6395ms
Activity.TraceId:            483a26c2faf9472554439b396e44409d
Activity.SpanId:             8df2d764491017e8
Activity.TraceFlags:         Recorded
Activity.DisplayName:        POST api/webhooks/asaas
Activity.Kind:               Server
Activity.StartTime:          2026-06-08T01:29:13.5899698Z
Activity.Duration:           00:00:00.0327393
Activity.Tags:
    server.address: localhost
    http.request.method: POST
    url.scheme: http
    url.path: /api/webhooks/asaas
    network.protocol.version: 1.1
    http.route: api/webhooks/asaas
    http.response.status_code: 200
Instrumentation scope (ActivitySource):
    Name: Microsoft.AspNetCore
Resource associated with Activity:
    telemetry.sdk.name: opentelemetry
    telemetry.sdk.language: dotnet
    telemetry.sdk.version: 1.14.0
    service.name: unknown_service:testhost
Activity.TraceId:            483a26c2faf9472554439b396e44409d
Activity.SpanId:             8df2d764491017e8
Activity.TraceFlags:         Recorded
Activity.DisplayName:        POST api/webhooks/asaas
Activity.Kind:               Server
Activity.StartTime:          2026-06-08T01:29:13.5899698Z
Activity.Duration:           00:00:00.0327393
Activity.Tags:
    server.address: localhost
    http.request.method: POST
    url.scheme: http
    url.path: /api/webhooks/asaas
    network.protocol.version: 1.1
    http.route: api/webhooks/asaas
    http.response.status_code: 200
Instrumentation scope (ActivitySource):
    Name: Microsoft.AspNetCore
Resource associated with Activity:
    telemetry.sdk.name: opentelemetry
    telemetry.sdk.language: dotnet
    telemetry.sdk.version: 1.14.0
    service.name: unknown_service:testhost
Activity.TraceId:            483a26c2faf9472554439b396e44409d
Activity.SpanId:             8df2d764491017e8
Activity.TraceFlags:         Recorded
Activity.DisplayName:        POST api/webhooks/asaas
Activity.Kind:               Server
Activity.StartTime:          2026-06-08T01:29:13.5899698Z
Activity.Duration:           00:00:00.0327393
Activity.Tags:
    server.address: localhost
    http.request.method: POST
    url.scheme: http
    url.path: /api/webhooks/asaas
    network.protocol.version: 1.1
    http.route: api/webhooks/asaas
    http.response.status_code: 200
Instrumentation scope (ActivitySource):
    Name: Microsoft.AspNetCore
Resource associated with Activity:
    telemetry.sdk.name: opentelemetry
    telemetry.sdk.language: dotnet
    telemetry.sdk.version: 1.14.0
    service.name: unknown_service:testhost
[22:29:13 INF] Saved 1 entities to in-memory store.
[22:29:13 INF] Request starting HTTP/1.1 POST http://localhost/api/webhooks/asaas - application/json; charset=utf-8 170
[22:29:13 INF] Saved 1 entities to in-memory store.
[22:29:13 INF] Executed action method Urbeat.WebApi.Controllers.StoresController.Create (Urbeat.WebApi), returned result Microsoft.AspNetCore.Mvc.ObjectResult in 6.8777ms.
[22:29:13 INF] Route matched with {action = "Asaas", controller = "Webhooks"}. Executing controller action with signature System.Threading.Tasks.Task`1[Microsoft.AspNetCore.Mvc.IActionResult] Asaas(System.Threading.CancellationToken) on controller Urbeat.WebApi.Controllers.WebhooksController (Urbeat.WebApi).
[22:29:13 INF] Executing ObjectResult, writing value of type 'Urbeat.Application.DTOs.StoreResponseDto'.
[22:29:13 INF] Executed action Urbeat.WebApi.Controllers.StoresController.Create (Urbeat.WebApi) in 33.5201ms
[22:29:13 INF] Executing action method Urbeat.WebApi.Controllers.WebhooksController.Asaas (Urbeat.WebApi) - Validation state: Valid
[22:29:13 INF] Executed endpoint 'Urbeat.WebApi.Controllers.StoresController.Create (Urbeat.WebApi)'
[22:29:13 INF] Request finished HTTP/1.1 POST http://localhost/api/stores - 201 null application/json; charset=utf-8 34.2369ms
Activity.TraceId:            c73f6d93774d3f01a4349e81eea9e70e
Activity.SpanId:             2615ebe464d73bdd
Activity.TraceFlags:         Recorded
Activity.DisplayName:        POST api/stores
Activity.Kind:               Server
Activity.StartTime:          2026-06-08T01:29:13.5895302Z
Activity.Duration:           00:00:00.0342715
Activity.Tags:
    server.address: localhost
    http.request.method: POST
    url.scheme: http
    url.path: /api/stores
    network.protocol.version: 1.1
    http.route: api/stores
    http.response.status_code: 201
Instrumentation scope (ActivitySource):
    Name: Microsoft.AspNetCore
Resource associated with Activity:
    telemetry.sdk.name: opentelemetry
    telemetry.sdk.language: dotnet
    telemetry.sdk.version: 1.14.0
    service.name: unknown_service:testhost
Activity.TraceId:            c73f6d93774d3f01a4349e81eea9e70e
Activity.SpanId:             2615ebe464d73bdd
Activity.TraceFlags:         Recorded
Activity.DisplayName:        POST api/stores
Activity.Kind:               Server
Activity.StartTime:          2026-06-08T01:29:13.5895302Z
Activity.Duration:           00:00:00.0342715
Activity.Tags:
    server.address: localhost
    http.request.method: POST
    url.scheme: http
    url.path: /api/stores
    network.protocol.version: 1.1
    http.route: api/stores
    http.response.status_code: 201
Instrumentation scope (ActivitySource):
    Name: Microsoft.AspNetCore
Resource associated with Activity:
    telemetry.sdk.name: opentelemetry
    telemetry.sdk.language: dotnet
    telemetry.sdk.version: 1.14.0
    service.name: unknown_service:testhost
Activity.TraceId:            c73f6d93774d3f01a4349e81eea9e70e
Activity.SpanId:             2615ebe464d73bdd
Activity.TraceFlags:         Recorded
Activity.DisplayName:        POST api/stores
Activity.Kind:               Server
Activity.StartTime:          2026-06-08T01:29:13.5895302Z
Activity.Duration:           00:00:00.0342715
Activity.Tags:
    server.address: localhost
    http.request.method: POST
    url.scheme: http
    url.path: /api/stores
    network.protocol.version: 1.1
    http.route: api/stores
    http.response.status_code: 201
Instrumentation scope (ActivitySource):
    Name: Microsoft.AspNetCore
Resource associated with Activity:
    telemetry.sdk.name: opentelemetry
    telemetry.sdk.language: dotnet
    telemetry.sdk.version: 1.14.0
    service.name: unknown_service:testhost
[22:29:13 INF] Executed action method Urbeat.WebApi.Controllers.WebhooksController.Asaas (Urbeat.WebApi), returned result Microsoft.AspNetCore.Mvc.OkObjectResult in 0.3192ms.
[22:29:13 INF] Executed action method Urbeat.WebApi.Controllers.StoresController.GetAddress (Urbeat.WebApi), returned result Microsoft.AspNetCore.Mvc.OkObjectResult in 1.4215ms.
[22:29:13 INF] Executed action Urbeat.WebApi.Controllers.WebhooksController.Asaas (Urbeat.WebApi) in 0.5595ms
[22:29:13 INF] Request starting HTTP/1.1 POST http://localhost/api/stores/019ea4d9-2097-7f72-adb0-af984f3682c5/categories - application/json; charset=utf-8 null
[22:29:13 INF] Executing OkObjectResult, writing value of type 'Urbeat.Application.DTOs.StoreAddressResponseDto'.
[22:29:13 INF] Request finished HTTP/1.1 POST http://localhost/api/webhooks/asaas - 200 null application/json; charset=utf-8 0.9595ms
[22:29:13 INF] Executed action Urbeat.WebApi.Controllers.StoresController.GetAddress (Urbeat.WebApi) in 7.6185ms
Activity.TraceId:            8737a3ab7c6808c4f75de3af6f95ea90
Activity.SpanId:             3b7010e57599ab3e
Activity.TraceFlags:         Recorded
Activity.DisplayName:        POST api/webhooks/asaas
Activity.Kind:               Server
[22:29:13 INF] Request finished HTTP/1.1 GET http://localhost/api/stores/019ea4d9-1fcd-7458-890a-b5adcbea4fc1/address - 200 null application/json; charset=utf-8 33.9288ms
Activity.StartTime:          2026-06-08T01:29:13.6232476Z
Activity.Duration:           00:00:00.0009953
Activity.Tags:
    server.address: localhost
    http.request.method: POST
[22:29:13 INF] Request starting HTTP/1.1 GET http://localhost/api/subscriptions/my - null null
    url.scheme: http
    url.path: /api/webhooks/asaas
    network.protocol.version: 1.1
    http.route: api/webhooks/asaas
    http.response.status_code: 200
Instrumentation scope (ActivitySource):
    Name: Microsoft.AspNetCore
Resource associated with Activity:
    telemetry.sdk.name: opentelemetry
    telemetry.sdk.language: dotnet
    telemetry.sdk.version: 1.14.0
    service.name: unknown_service:testhost
Activity.TraceId:            8737a3ab7c6808c4f75de3af6f95ea90
Activity.TraceId:            91175b308994434ae9db8feb67080f86
Activity.SpanId:             3b7010e57599ab3e
Activity.SpanId:             f82196d0c592fb06
Activity.TraceFlags:         Recorded
Activity.TraceFlags:         Recorded
Activity.DisplayName:        POST api/webhooks/asaas
Activity.DisplayName:        GET api/stores/{storeId}/address
Activity.Kind:               Server
Activity.Kind:               Server
Activity.StartTime:          2026-06-08T01:29:13.6232476Z
Activity.StartTime:          2026-06-08T01:29:13.5903793Z
Activity.Duration:           00:00:00.0009953
Activity.Duration:           00:00:00.0339927
Activity.Tags:
Activity.Tags:
    server.address: localhost
    server.address: localhost
    http.request.method: POST
    http.request.method: GET
    url.scheme: http
    url.scheme: http
    url.path: /api/webhooks/asaas
    url.path: /api/stores/019ea4d9-1fcd-7458-890a-b5adcbea4fc1/address
    network.protocol.version: 1.1
    network.protocol.version: 1.1
    http.route: api/webhooks/asaas
    http.route: api/stores/{storeId}/address
    http.response.status_code: 200
    http.response.status_code: 200
Instrumentation scope (ActivitySource):
    Name: Microsoft.AspNetCore
Instrumentation scope (ActivitySource):
Resource associated with Activity:
    Name: Microsoft.AspNetCore
    telemetry.sdk.name: opentelemetry
Resource associated with Activity:
    telemetry.sdk.language: dotnet
    telemetry.sdk.name: opentelemetry
    telemetry.sdk.version: 1.14.0
    telemetry.sdk.language: dotnet
    service.name: unknown_service:testhost
    telemetry.sdk.version: 1.14.0
    service.name: unknown_service:testhost
Activity.TraceId:            8737a3ab7c6808c4f75de3af6f95ea90
Activity.TraceId:            91175b308994434ae9db8feb67080f86
Activity.SpanId:             3b7010e57599ab3e
Activity.SpanId:             f82196d0c592fb06
Activity.TraceFlags:         Recorded
Activity.TraceFlags:         Recorded
Activity.DisplayName:        POST api/webhooks/asaas
Activity.DisplayName:        GET api/stores/{storeId}/address
Activity.Kind:               Server
[22:29:13 INF] Executing endpoint 'Urbeat.WebApi.Controllers.StoreCategoriesController.Create (Urbeat.WebApi)'
Activity.StartTime:          2026-06-08T01:29:13.6232476Z
Activity.Kind:               Server
Activity.Duration:           00:00:00.0009953
Activity.StartTime:          2026-06-08T01:29:13.5903793Z
Activity.Tags:
Activity.Duration:           00:00:00.0339927
    server.address: localhost
Activity.Tags:
    http.request.method: POST
    server.address: localhost
    url.scheme: http
    http.request.method: GET
    url.path: /api/webhooks/asaas
    url.scheme: http
    network.protocol.version: 1.1
    url.path: /api/stores/019ea4d9-1fcd-7458-890a-b5adcbea4fc1/address
    http.route: api/webhooks/asaas
    network.protocol.version: 1.1
    http.response.status_code: 200
    http.route: api/stores/{storeId}/address
Instrumentation scope (ActivitySource):
    http.response.status_code: 200
    Name: Microsoft.AspNetCore
Instrumentation scope (ActivitySource):
Resource associated with Activity:
[22:29:13 INF] Route matched with {action = "Create", controller = "StoreCategories"}. Executing controller action with signature System.Threading.Tasks.Task`1[Microsoft.AspNetCore.Mvc.IActionResult] Create(System.Guid, Urbeat.Application.DTOs.CreateProductCategoryRequestDto, System.Threading.CancellationToken) on controller Urbeat.WebApi.Controllers.StoreCategoriesController (Urbeat.WebApi).
    telemetry.sdk.name: opentelemetry
    Name: Microsoft.AspNetCore
    telemetry.sdk.language: dotnet
Resource associated with Activity:
    telemetry.sdk.version: 1.14.0
    telemetry.sdk.name: opentelemetry
    service.name: unknown_service:testhost
    telemetry.sdk.language: dotnet
    telemetry.sdk.version: 1.14.0
    service.name: unknown_service:testhost
Activity.TraceId:            91175b308994434ae9db8feb67080f86
Activity.SpanId:             f82196d0c592fb06
Activity.TraceFlags:         Recorded
Activity.DisplayName:        GET api/stores/{storeId}/address
Activity.Kind:               Server
Activity.StartTime:          2026-06-08T01:29:13.5903793Z
Activity.Duration:           00:00:00.0339927
Activity.Tags:
    server.address: localhost
    http.request.method: GET
    url.scheme: http
    url.path: /api/stores/019ea4d9-1fcd-7458-890a-b5adcbea4fc1/address
    network.protocol.version: 1.1
    http.route: api/stores/{storeId}/address
    http.response.status_code: 200
Instrumentation scope (ActivitySource):
    Name: Microsoft.AspNetCore
Resource associated with Activity:
    telemetry.sdk.name: opentelemetry
    telemetry.sdk.language: dotnet
    telemetry.sdk.version: 1.14.0
    service.name: unknown_service:testhost
[22:29:13 INF] Executing action method Urbeat.WebApi.Controllers.StoreCategoriesController.Create (Urbeat.WebApi) - Validation state: Valid
[22:29:13 INF] Saved 1 entities to in-memory store.
[22:29:13 INF] Saved 1 entities to in-memory store.
[22:29:13 INF] Executed action method Urbeat.WebApi.Controllers.StoreCategoriesController.Create (Urbeat.WebApi), returned result Microsoft.AspNetCore.Mvc.ObjectResult in 0.5154ms.
[22:29:13 INF] Executing ObjectResult, writing value of type 'Urbeat.Application.DTOs.ProductCategoryResponseDto'.
[22:29:13 INF] Executed action Urbeat.WebApi.Controllers.StoreCategoriesController.Create (Urbeat.WebApi) in 0.9084ms
[22:29:13 INF] Executed endpoint 'Urbeat.WebApi.Controllers.StoreCategoriesController.Create (Urbeat.WebApi)'
[22:29:13 INF] Request finished HTTP/1.1 POST http://localhost/api/stores/019ea4d9-2097-7f72-adb0-af984f3682c5/categories - 201 null application/json; charset=utf-8 1.5526ms
Activity.TraceId:            de2619e322ece737471ef61553f88df0
Activity.SpanId:             bcc327b8996301a8
Activity.TraceFlags:         Recorded
Activity.DisplayName:        POST api/stores/{storeId}/categories
Activity.Kind:               Server
Activity.StartTime:          2026-06-08T01:29:13.6240777Z
Activity.Duration:           00:00:00.0015961
Activity.Tags:
    server.address: localhost
    http.request.method: POST
    url.scheme: http
    url.path: /api/stores/019ea4d9-2097-7f72-adb0-af984f3682c5/categories
    network.protocol.version: 1.1
    http.route: api/stores/{storeId}/categories
    http.response.status_code: 201
Instrumentation scope (ActivitySource):
    Name: Microsoft.AspNetCore
Resource associated with Activity:
    telemetry.sdk.name: opentelemetry
    telemetry.sdk.language: dotnet
    telemetry.sdk.version: 1.14.0
    service.name: unknown_service:testhost
Activity.TraceId:            de2619e322ece737471ef61553f88df0
Activity.SpanId:             bcc327b8996301a8
Activity.TraceFlags:         Recorded
Activity.DisplayName:        POST api/stores/{storeId}/categories
Activity.Kind:               Server
Activity.StartTime:          2026-06-08T01:29:13.6240777Z
Activity.Duration:           00:00:00.0015961
Activity.Tags:
    server.address: localhost
    http.request.method: POST
    url.scheme: http
    url.path: /api/stores/019ea4d9-2097-7f72-adb0-af984f3682c5/categories
    network.protocol.version: 1.1
    http.route: api/stores/{storeId}/categories
    http.response.status_code: 201
Instrumentation scope (ActivitySource):
    Name: Microsoft.AspNetCore
Resource associated with Activity:
    telemetry.sdk.name: opentelemetry
    telemetry.sdk.language: dotnet
    telemetry.sdk.version: 1.14.0
    service.name: unknown_service:testhost
Activity.TraceId:            de2619e322ece737471ef61553f88df0
Activity.SpanId:             bcc327b8996301a8
Activity.TraceFlags:         Recorded
Activity.DisplayName:        POST api/stores/{storeId}/categories
Activity.Kind:               Server
Activity.StartTime:          2026-06-08T01:29:13.6240777Z
Activity.Duration:           00:00:00.0015961
Activity.Tags:
    server.address: localhost
    http.request.method: POST
    url.scheme: http
    url.path: /api/stores/019ea4d9-2097-7f72-adb0-af984f3682c5/categories
    network.protocol.version: 1.1
    http.route: api/stores/{storeId}/categories
    http.response.status_code: 201
Instrumentation scope (ActivitySource):
    Name: Microsoft.AspNetCore
Resource associated with Activity:
    telemetry.sdk.name: opentelemetry
    telemetry.sdk.language: dotnet
    telemetry.sdk.version: 1.14.0
    service.name: unknown_service:testhost
[22:29:13 INF] Request starting HTTP/1.1 GET http://localhost/api/stores/019ea4d9-2097-7f72-adb0-af984f3682c5/products - null null
[22:29:13 INF] Executing endpoint 'Urbeat.WebApi.Controllers.StoreProductsController.List (Urbeat.WebApi)'
[22:29:13 INF] Route matched with {action = "List", controller = "StoreProducts"}. Executing controller action with signature System.Threading.Tasks.Task`1[Microsoft.AspNetCore.Mvc.IActionResult] List(System.Guid, System.Threading.CancellationToken) on controller Urbeat.WebApi.Controllers.StoreProductsController (Urbeat.WebApi).
Resource associated with Metrics:
	telemetry.sdk.name: opentelemetry
	telemetry.sdk.language: dotnet
	telemetry.sdk.version: 1.14.0
	service.name: unknown_service:testhost
Metric Name: http.server.active_requests, Description: Number of active HTTP server requests., Unit: {request}, Metric Type: LongSumNonMonotonic
Instrumentation scope (Meter):
	Name: Microsoft.AspNetCore.Hosting
(2026-06-08T01:29:11.6827074Z, 2026-06-08T01:29:13.6274640Z] http.request.method: POST url.scheme: http
Value: -4
(2026-06-08T01:29:11.6827074Z, 2026-06-08T01:29:13.6274640Z] http.request.method: PUT url.scheme: http
Value: -2
(2026-06-08T01:29:11.6827074Z, 2026-06-08T01:29:13.6274640Z] http.request.method: GET url.scheme: http
Value: 1
(2026-06-08T01:29:11.6827074Z, 2026-06-08T01:29:13.6274640Z] http.request.method: PATCH url.scheme: http
Value: 0
(2026-06-08T01:29:11.6827074Z, 2026-06-08T01:29:13.6274640Z] http.request.method: DELETE url.scheme: http
Value: 0
Metric Name: http.server.request.duration, Description: Duration of HTTP server requests., Unit: s, Metric Type: Histogram
Instrumentation scope (Meter):
	Name: Microsoft.AspNetCore.Hosting
(2026-06-08T01:29:11.6827150Z, 2026-06-08T01:29:13.6274791Z] http.request.method: POST http.response.status_code: 201 http.route: api/customer/addresses network.protocol.version: 1.1 url.scheme: http
Value: Sum: 0.13968450000000002 Count: 2 Min: 0.0041332 Max: 0.1355513 
(-Infinity,0,005]:1
(0,005,0,01]:0
(0,01,0,025]:0
(0,025,0,05]:0
(0,05,0,075]:0
(0,075,0,1]:0
(0,1,0,25]:1
(0,25,0,5]:0
(0,5,0,75]:0
(0,75,1]:0
(1,2,5]:0
(2,5,5]:0
(5,7,5]:0
(7,5,10]:0
(10,+Infinity]:0
(2026-06-08T01:29:11.6827150Z, 2026-06-08T01:29:13.6274791Z] http.request.method: POST http.response.status_code: 200 http.route: api/auth/login/seller network.protocol.version: 1.1 url.scheme: http
Value: Sum: 1.1558699 Count: 12 Min: 0.0465088 Max: 0.1807168 
(-Infinity,0,005]:0
(0,005,0,01]:0
(0,01,0,025]:0
(0,025,0,05]:3
(0,05,0,075]:2
(0,075,0,1]:3
(0,1,0,25]:4
(0,25,0,5]:0
(0,5,0,75]:0
(0,75,1]:0
(1,2,5]:0
(2,5,5]:0
(5,7,5]:0
(7,5,10]:0
(10,+Infinity]:0
(2026-06-08T01:29:11.6827150Z, 2026-06-08T01:29:13.6274791Z] http.request.method: POST http.response.status_code: 201 http.route: api/auth/register/customer network.protocol.version: 1.1 url.scheme: http
Value: Sum: 0.34816389999999997 Count: 3 Min: 0.0503329 Max: 0.1806427 
(-Infinity,0,005]:0
(0,005,0,01]:0
(0,01,0,025]:0
(0,025,0,05]:0
(0,05,0,075]:1
(0,075,0,1]:0
(0,1,0,25]:2
(0,25,0,5]:0
(0,5,0,75]:0
(0,75,1]:0
(1,2,5]:0
(2,5,5]:0
(5,7,5]:0
(7,5,10]:0
(10,+Infinity]:0
(2026-06-08T01:29:11.6827150Z, 2026-06-08T01:29:13.6274791Z] http.request.method: PUT http.response.status_code: 200 http.route: api/stores/{storeId}/products/{productId} network.protocol.version: 1.1 url.scheme: http
Value: Sum: 0.2087002 Count: 1 Min: 0.2087002 Max: 0.2087002 
(-Infinity,0,005]:0
(0,005,0,01]:0
(0,01,0,025]:0
(0,025,0,05]:0
(0,05,0,075]:0
(0,075,0,1]:0
(0,1,0,25]:1
(0,25,0,5]:0
(0,5,0,75]:0
(0,75,1]:0
(1,2,5]:0
(2,5,5]:0
(5,7,5]:0
(7,5,10]:0
(10,+Infinity]:0
(2026-06-08T01:29:11.6827150Z, 2026-06-08T01:29:13.6274791Z] http.request.method: PUT http.response.status_code: 200 http.route: api/stores/{storeId}/business-hours network.protocol.version: 1.1 url.scheme: http
Value: Sum: 0.1993077 Count: 1 Min: 0.1993077 Max: 0.1993077 
(-Infinity,0,005]:0
(0,005,0,01]:0
(0,01,0,025]:0
(0,025,0,05]:0
(0,05,0,075]:0
(0,075,0,1]:0
(0,1,0,25]:1
(0,25,0,5]:0
(0,5,0,75]:0
(0,75,1]:0
(1,2,5]:0
(2,5,5]:0
(5,7,5]:0
(7,5,10]:0
(10,+Infinity]:0
(2026-06-08T01:29:11.6827150Z, 2026-06-08T01:29:13.6274791Z] http.request.method: POST http.response.status_code: 200 http.route: api/auth/login/admin network.protocol.version: 1.1 url.scheme: http
Value: Sum: 0.31383639999999996 Count: 2 Min: 0.0448031 Max: 0.2690333 
(-Infinity,0,005]:0
(0,005,0,01]:0
(0,01,0,025]:0
(0,025,0,05]:1
(0,05,0,075]:0
(0,075,0,1]:0
(0,1,0,25]:0
(0,25,0,5]:1
(0,5,0,75]:0
(0,75,1]:0
(1,2,5]:0
(2,5,5]:0
(5,7,5]:0
(7,5,10]:0
(10,+Infinity]:0
(2026-06-08T01:29:11.6827150Z, 2026-06-08T01:29:13.6274791Z] http.request.method: POST http.response.status_code: 201 http.route: api/LandingPageContent network.protocol.version: 1.1 url.scheme: http
Value: Sum: 0.0421001 Count: 3 Min: 0.0029564 Max: 0.0286965 
(-Infinity,0,005]:1
(0,005,0,01]:0
(0,01,0,025]:1
(0,025,0,05]:1
(0,05,0,075]:0
(0,075,0,1]:0
(0,1,0,25]:0
(0,25,0,5]:0
(0,5,0,75]:0
(0,75,1]:0
(1,2,5]:0
(2,5,5]:0
(5,7,5]:0
(7,5,10]:0
(10,+Infinity]:0
(2026-06-08T01:29:11.6827150Z, 2026-06-08T01:29:13.6274791Z] http.request.method: POST http.response.status_code: 400 http.route: api/orders network.protocol.version: 1.1 url.scheme: http
Value: Sum: 0.0054105 Count: 2 Min: 0.0016659 Max: 0.0037446 
(-Infinity,0,005]:2
(0,005,0,01]:0
(0,01,0,025]:0
(0,025,0,05]:0
(0,05,0,075]:0
(0,075,0,1]:0
(0,1,0,25]:0
(0,25,0,5]:0
(0,5,0,75]:0
(0,75,1]:0
(1,2,5]:0
(2,5,5]:0
(5,7,5]:0
(7,5,10]:0
(10,+Infinity]:0
(2026-06-08T01:29:11.6827150Z, 2026-06-08T01:29:13.6274791Z] http.request.method: POST http.response.status_code: 201 http.route: api/stores network.protocol.version: 1.1 url.scheme: http
Value: Sum: 0.30143960000000003 Count: 10 Min: 0.006548 Max: 0.0542961 
(-Infinity,0,005]:0
(0,005,0,01]:1
(0,01,0,025]:3
(0,025,0,05]:5
(0,05,0,075]:1
(0,075,0,1]:0
(0,1,0,25]:0
(0,25,0,5]:0
(0,5,0,75]:0
(0,75,1]:0
(1,2,5]:0
(2,5,5]:0
(5,7,5]:0
(7,5,10]:0
(10,+Infinity]:0
(2026-06-08T01:29:11.6827150Z, 2026-06-08T01:29:13.6274791Z] http.request.method: GET http.response.status_code: 200 http.route: api/public/stores network.protocol.version: 1.1 url.scheme: http
Value: Sum: 0.0088641 Count: 1 Min: 0.0088641 Max: 0.0088641 
(-Infinity,0,005]:0
(0,005,0,01]:1
(0,01,0,025]:0
(0,025,0,05]:0
(0,05,0,075]:0
(0,075,0,1]:0
(0,1,0,25]:0
(0,25,0,5]:0
(0,5,0,75]:0
(0,75,1]:0
(1,2,5]:0
(2,5,5]:0
(5,7,5]:0
(7,5,10]:0
(10,+Infinity]:0
(2026-06-08T01:29:11.6827150Z, 2026-06-08T01:29:13.6274791Z] http.request.method: POST http.response.status_code: 200 http.route: api/auth/login/customer network.protocol.version: 1.1 url.scheme: http
Value: Sum: 0.1627046 Count: 2 Min: 0.0634958 Max: 0.0992088 
(-Infinity,0,005]:0
(0,005,0,01]:0
(0,01,0,025]:0
(0,025,0,05]:0
(0,05,0,075]:1
(0,075,0,1]:1
(0,1,0,25]:0
(0,25,0,5]:0
(0,5,0,75]:0
(0,75,1]:0
(1,2,5]:0
(2,5,5]:0
(5,7,5]:0
(7,5,10]:0
(10,+Infinity]:0
(2026-06-08T01:29:11.6827150Z, 2026-06-08T01:29:13.6274791Z] http.request.method: GET http.response.status_code: 403 http.route: api/customer/home network.protocol.version: 1.1 url.scheme: http
Value: Sum: 0.0007044 Count: 1 Min: 0.0007044 Max: 0.0007044 
(-Infinity,0,005]:1
(0,005,0,01]:0
(0,01,0,025]:0
(0,025,0,05]:0
(0,05,0,075]:0
(0,075,0,1]:0
(0,1,0,25]:0
(0,25,0,5]:0
(0,5,0,75]:0
(0,75,1]:0
(1,2,5]:0
(2,5,5]:0
(5,7,5]:0
(7,5,10]:0
(10,+Infinity]:0
[22:29:13 INF] Executing action method Urbeat.WebApi.Controllers.StoreProductsController.List (Urbeat.WebApi) - Validation state: Valid
[22:29:13 INF] Route matched with {action = "GetMySubscription", controller = "Subscriptions"}. Executing controller action with signature System.Threading.Tasks.Task`1[Microsoft.AspNetCore.Mvc.IActionResult] GetMySubscription(System.Threading.CancellationToken) on controller Urbeat.WebApi.Controllers.SubscriptionsController (Urbeat.WebApi).
(2026-06-08T01:29:11.6827150Z, 2026-06-08T01:29:13.6274791Z] http.request.method: POST http.response.status_code: 201 http.route: api/auth/register/seller network.protocol.version: 1.1 url.scheme: http
Value: Sum: 0.8634225000000001 Count: 9 Min: 0.0570142 Max: 0.1412047 
(-Infinity,0,005]:0
(0,005,0,01]:0
(0,01,0,025]:0
(0,025,0,05]:0
(0,05,0,075]:2
(0,075,0,1]:3
(0,1,0,25]:4
(0,25,0,5]:0
(0,5,0,75]:0
(0,75,1]:0
(1,2,5]:0
(2,5,5]:0
(5,7,5]:0
(7,5,10]:0
(10,+Infinity]:0
(2026-06-08T01:29:11.6827150Z, 2026-06-08T01:29:13.6274791Z] http.request.method: POST http.response.status_code: 201 http.route: api/stores/{storeId}/categories network.protocol.version: 1.1 url.scheme: http
Value: Sum: 0.109073 Count: 7 Min: 0.0014869 Max: 0.0339831 
(-Infinity,0,005]:3
(0,005,0,01]:0
(0,01,0,025]:1
(0,025,0,05]:3
(0,05,0,075]:0
(0,075,0,1]:0
(0,1,0,25]:0
(0,25,0,5]:0
(0,5,0,75]:0
(0,75,1]:0
(1,2,5]:0
(2,5,5]:0
(5,7,5]:0
(7,5,10]:0
(10,+Infinity]:0
(2026-06-08T01:29:11.6827150Z, 2026-06-08T01:29:13.6274791Z] http.request.method: GET http.response.status_code: 200 http.route: api/public/stores/{storeId} network.protocol.version: 1.1 url.scheme: http
Value: Sum: 0.0224112 Count: 1 Min: 0.0224112 Max: 0.0224112 
(-Infinity,0,005]:0
(0,005,0,01]:0
(0,01,0,025]:1
(0,025,0,05]:0
(0,05,0,075]:0
(0,075,0,1]:0
(0,1,0,25]:0
(0,25,0,5]:0
(0,5,0,75]:0
(0,75,1]:0
(1,2,5]:0
(2,5,5]:0
(5,7,5]:0
(7,5,10]:0
(10,+Infinity]:0
(2026-06-08T01:29:11.6827150Z, 2026-06-08T01:29:13.6274791Z] http.request.method: GET http.response.status_code: 200 http.route: api/LandingPageContent network.protocol.version: 1.1 url.scheme: http
Value: Sum: 0.034585 Count: 2 Min: 0.0014382 Max: 0.0331468 
(-Infinity,0,005]:1
(0,005,0,01]:0
(0,01,0,025]:0
(0,025,0,05]:1
(0,05,0,075]:0
(0,075,0,1]:0
(0,1,0,25]:0
(0,25,0,5]:0
(0,5,0,75]:0
(0,75,1]:0
(1,2,5]:0
(2,5,5]:0
(5,7,5]:0
(7,5,10]:0
(10,+Infinity]:0
(2026-06-08T01:29:11.6827150Z, 2026-06-08T01:29:13.6274791Z] http.request.method: POST http.response.status_code: 400 http.route: api/stores/{storeId}/categories network.protocol.version: 1.1 url.scheme: http
Value: Sum: 0.0494563 Count: 1 Min: 0.0494563 Max: 0.0494563 
(-Infinity,0,005]:0
(0,005,0,01]:0
(0,01,0,025]:0
(0,025,0,05]:1
(0,05,0,075]:0
(0,075,0,1]:0
(0,1,0,25]:0
(0,25,0,5]:0
(0,5,0,75]:0
(0,75,1]:0
(1,2,5]:0
(2,5,5]:0
(5,7,5]:0
(7,5,10]:0
(10,+Infinity]:0
(2026-06-08T01:29:11.6827150Z, 2026-06-08T01:29:13.6274791Z] http.request.method: GET http.response.status_code: 200 http.route: api/LandingPageContent/section/{section} network.protocol.version: 1.1 url.scheme: http
Value: Sum: 0.0088289 Count: 1 Min: 0.0088289 Max: 0.0088289 
(-Infinity,0,005]:0
(0,005,0,01]:1
(0,01,0,025]:0
(0,025,0,05]:0
(0,05,0,075]:0
(0,075,0,1]:0
(0,1,0,25]:0
(0,25,0,5]:0
(0,5,0,75]:0
(0,75,1]:0
(1,2,5]:0
(2,5,5]:0
(5,7,5]:0
(7,5,10]:0
(10,+Infinity]:0
(2026-06-08T01:29:11.6827150Z, 2026-06-08T01:29:13.6274791Z] http.request.method: POST http.response.status_code: 401 http.route: api/auth/login/customer network.protocol.version: 1.1 url.scheme: http
Value: Sum: 0.3096756 Count: 4 Min: 0.0481838 Max: 0.0886141 
(-Infinity,0,005]:0
(0,005,0,01]:0
(0,01,0,025]:0
(0,025,0,05]:1
(0,05,0,075]:0
(0,075,0,1]:3
(0,1,0,25]:0
(0,25,0,5]:0
(0,5,0,75]:0
(0,75,1]:0
(1,2,5]:0
(2,5,5]:0
(5,7,5]:0
(7,5,10]:0
(10,+Infinity]:0
(2026-06-08T01:29:11.6827150Z, 2026-06-08T01:29:13.6274791Z] http.request.method: POST http.response.status_code: 201 http.route: api/stores/{storeId}/products network.protocol.version: 1.1 url.scheme: http
Value: Sum: 0.132202 Count: 6 Min: 0.0019065 Max: 0.1037 
(-Infinity,0,005]:3
(0,005,0,01]:1
(0,01,0,025]:1
(0,025,0,05]:0
(0,05,0,075]:0
(0,075,0,1]:0
(0,1,0,25]:1
(0,25,0,5]:0
(0,5,0,75]:0
(0,75,1]:0
(1,2,5]:0
(2,5,5]:0
(5,7,5]:0
(7,5,10]:0
(10,+Infinity]:0
(2026-06-08T01:29:11.6827150Z, 2026-06-08T01:29:13.6274791Z] http.request.method: PUT http.response.status_code: 200 http.route: api/LandingPageContent/{id:guid} network.protocol.version: 1.1 url.scheme: http
Value: Sum: 0.0139684 Count: 1 Min: 0.0139684 Max: 0.0139684 
(-Infinity,0,005]:0
(0,005,0,01]:0
(0,01,0,025]:1
(0,025,0,05]:0
(0,05,0,075]:0
(0,075,0,1]:0
(0,1,0,25]:0
(0,25,0,5]:0
(0,5,0,75]:0
(0,75,1]:0
(1,2,5]:0
(2,5,5]:0
(5,7,5]:0
(7,5,10]:0
(10,+Infinity]:0
(2026-06-08T01:29:11.6827150Z, 2026-06-08T01:29:13.6274791Z] http.request.method: PATCH http.response.status_code: 200 http.route: api/stores/{storeId}/products/{productId}/availability network.protocol.version: 1.1 url.scheme: http
Value: Sum: 0.0573561 Count: 2 Min: 0.0278579 Max: 0.0294982 
(-Infinity,0,005]:0
(0,005,0,01]:0
(0,01,0,025]:0
(0,025,0,05]:2
(0,05,0,075]:0
(0,075,0,1]:0
(0,1,0,25]:0
(0,25,0,5]:0
(0,5,0,75]:0
(0,75,1]:0
(1,2,5]:0
(2,5,5]:0
(5,7,5]:0
(7,5,10]:0
(10,+Infinity]:0
(2026-06-08T01:29:11.6827150Z, 2026-06-08T01:29:13.6274791Z] http.request.method: DELETE http.response.status_code: 204 http.route: api/LandingPageContent/{id:guid} network.protocol.version: 1.1 url.scheme: http
Value: Sum: 0.0203273 Count: 1 Min: 0.0203273 Max: 0.0203273 
(-Infinity,0,005]:0
(0,005,0,01]:0
(0,01,0,025]:1
(0,025,0,05]:0
(0,05,0,075]:0
(0,075,0,1]:0
(0,1,0,25]:0
(0,25,0,5]:0
(0,5,0,75]:0
(0,75,1]:0
(1,2,5]:0
(2,5,5]:0
(5,7,5]:0
(7,5,10]:0
(10,+Infinity]:0
(2026-06-08T01:29:11.6827150Z, 2026-06-08T01:29:13.6274791Z] http.request.method: GET http.response.status_code: 200 http.route: api/stores/{storeId}/products network.protocol.version: 1.1 url.scheme: http
Value: Sum: 0.08016329999999999 Count: 2 Min: 0.0373003 Max: 0.042863 
(-Infinity,0,005]:0
(0,005,0,01]:0
(0,01,0,025]:0
(0,025,0,05]:2
(0,05,0,075]:0
(0,075,0,1]:0
(0,1,0,25]:0
(0,25,0,5]:0
(0,5,0,75]:0
(0,75,1]:0
(1,2,5]:0
(2,5,5]:0
(5,7,5]:0
(7,5,10]:0
(10,+Infinity]:0
(2026-06-08T01:29:11.6827150Z, 2026-06-08T01:29:13.6274791Z] http.request.method: GET http.response.status_code: 404 http.route: api/LandingPageContent/{id:guid} network.protocol.version: 1.1 url.scheme: http
Value: Sum: 0.03709 Count: 1 Min: 0.03709 Max: 0.03709 
(-Infinity,0,005]:0
(0,005,0,01]:0
(0,01,0,025]:0
(0,025,0,05]:1
(0,05,0,075]:0
(0,075,0,1]:0
(0,1,0,25]:0
(0,25,0,5]:0
(0,5,0,75]:0
(0,75,1]:0
(1,2,5]:0
(2,5,5]:0
(5,7,5]:0
(7,5,10]:0
(10,+Infinity]:0
(2026-06-08T01:29:11.6827150Z, 2026-06-08T01:29:13.6274791Z] http.request.method: GET http.response.status_code: 200 http.route: api/public/stores/{storeId}/catalog/products network.protocol.version: 1.1 url.scheme: http
Value: Sum: 0.08218929999999999 Count: 3 Min: 0.0011791 Max: 0.0431113 
(-Infinity,0,005]:1
(0,005,0,01]:0
(0,01,0,025]:0
(0,025,0,05]:2
(0,05,0,075]:0
(0,075,0,1]:0
(0,1,0,25]:0
(0,25,0,5]:0
(0,5,0,75]:0
(0,75,1]:0
(1,2,5]:0
(2,5,5]:0
(5,7,5]:0
(7,5,10]:0
(10,+Infinity]:0
(2026-06-08T01:29:11.6827150Z, 2026-06-08T01:29:13.6274791Z] http.request.method: POST http.response.status_code: 403 http.route: api/LandingPageContent network.protocol.version: 1.1 url.scheme: http
Value: Sum: 0.0275272 Count: 1 Min: 0.0275272 Max: 0.0275272 
(-Infinity,0,005]:0
(0,005,0,01]:0
(0,01,0,025]:0
(0,025,0,05]:1
(0,05,0,075]:0
(0,075,0,1]:0
(0,1,0,25]:0
(0,25,0,5]:0
(0,5,0,75]:0
(0,75,1]:0
(1,2,5]:0
(2,5,5]:0
(5,7,5]:0
(7,5,10]:0
(10,+Infinity]:0
(2026-06-08T01:29:11.6827150Z, 2026-06-08T01:29:13.6274791Z] http.request.method: GET http.response.status_code: 200 http.route: api/public/stores/{storeId}/catalog/categories network.protocol.version: 1.1 url.scheme: http
Value: Sum: 0.0689189 Count: 2 Min: 0.0316512 Max: 0.0372677 
(-Infinity,0,005]:0
(0,005,0,01]:0
(0,01,0,025]:0
(0,025,0,05]:2
(0,05,0,075]:0
(0,075,0,1]:0
(0,1,0,25]:0
(0,25,0,5]:0
(0,5,0,75]:0
(0,75,1]:0
(1,2,5]:0
(2,5,5]:0
(5,7,5]:0
(7,5,10]:0
(10,+Infinity]:0
(2026-06-08T01:29:11.6827150Z, 2026-06-08T01:29:13.6274791Z] http.request.method: POST http.response.status_code: 423 http.route: api/auth/login/customer network.protocol.version: 1.1 url.scheme: http
Value: Sum: 0.1795756 Count: 2 Min: 0.0669056 Max: 0.11267 
(-Infinity,0,005]:0
(0,005,0,01]:0
(0,01,0,025]:0
(0,025,0,05]:0
(0,05,0,075]:1
(0,075,0,1]:0
(0,1,0,25]:1
(0,25,0,5]:0
(0,5,0,75]:0
(0,75,1]:0
(1,2,5]:0
(2,5,5]:0
(5,7,5]:0
(7,5,10]:0
(10,+Infinity]:0
(2026-06-08T01:29:11.6827150Z, 2026-06-08T01:29:13.6274791Z] http.request.method: PUT http.response.status_code: 403 http.route: api/stores/{storeId}/address network.protocol.version: 1.1 url.scheme: http
Value: Sum: 0.1012389 Count: 1 Min: 0.1012389 Max: 0.1012389 
(-Infinity,0,005]:0
(0,005,0,01]:0
(0,01,0,025]:0
(0,025,0,05]:0
(0,05,0,075]:0
(0,075,0,1]:0
(0,1,0,25]:1
(0,25,0,5]:0
(0,5,0,75]:0
(0,75,1]:0
(1,2,5]:0
(2,5,5]:0
(5,7,5]:0
(7,5,10]:0
(10,+Infinity]:0
(2026-06-08T01:29:11.6827150Z, 2026-06-08T01:29:13.6274791Z] http.request.method: DELETE http.response.status_code: 204 http.route: api/stores/{storeId}/products/{productId} network.protocol.version: 1.1 url.scheme: http
Value: Sum: 0.0439274 Count: 1 Min: 0.0439274 Max: 0.0439274 
(-Infinity,0,005]:0
(0,005,0,01]:0
(0,01,0,025]:0
(0,025,0,05]:1
(0,05,0,075]:0
(0,075,0,1]:0
(0,1,0,25]:0
(0,25,0,5]:0
(0,5,0,75]:0
(0,75,1]:0
(1,2,5]:0
(2,5,5]:0
(5,7,5]:0
(7,5,10]:0
(10,+Infinity]:0
(2026-06-08T01:29:11.6827150Z, 2026-06-08T01:29:13.6274791Z] http.request.method: GET http.response.status_code: 200 http.route: api/customer/home network.protocol.version: 1.1 url.scheme: http
Value: Sum: 0.0385877 Count: 1 Min: 0.0385877 Max: 0.0385877 
(-Infinity,0,005]:0
(0,005,0,01]:0
(0,01,0,025]:0
(0,025,0,05]:1
(0,05,0,075]:0
(0,075,0,1]:0
(0,1,0,25]:0
(0,25,0,5]:0
(0,5,0,75]:0
(0,75,1]:0
(1,2,5]:0
(2,5,5]:0
(5,7,5]:0
(7,5,10]:0
(10,+Infinity]:0
(2026-06-08T01:29:11.6827150Z, 2026-06-08T01:29:13.6274791Z] http.request.method: PUT http.response.status_code: 200 http.route: api/stores/{storeId}/address network.protocol.version: 1.1 url.scheme: http
Value: Sum: 0.1672082 Count: 1 Min: 0.1672082 Max: 0.1672082 
(-Infinity,0,005]:0
(0,005,0,01]:0
(0,01,0,025]:0
(0,025,0,05]:0
(0,05,0,075]:0
(0,075,0,1]:0
(0,1,0,25]:1
(0,25,0,5]:0
(0,5,0,75]:0
(0,75,1]:0
(1,2,5]:0
(2,5,5]:0
(5,7,5]:0
(7,5,10]:0
(10,+Infinity]:0
(2026-06-08T01:29:11.6827150Z, 2026-06-08T01:29:13.6274791Z] http.request.method: GET http.response.status_code: 200 http.route: api/stores/{storeId}/address network.protocol.version: 1.1 url.scheme: http
Value: Sum: 0.0339288 Count: 1 Min: 0.0339288 Max: 0.0339288 
(-Infinity,0,005]:0
(0,005,0,01]:0
(0,01,0,025]:0
(0,025,0,05]:1
(0,05,0,075]:0
(0,075,0,1]:0
(0,1,0,25]:0
(0,25,0,5]:0
(0,5,0,75]:0
(0,75,1]:0
(1,2,5]:0
(2,5,5]:0
(5,7,5]:0
(7,5,10]:0
(10,+Infinity]:0
Metric Name: dotnet.gc.collections, Description: The number of garbage collections that have occurred since the process has started., Unit: {collection}, Metric Type: LongSum
Instrumentation scope (Meter):
	Name: System.Runtime
(2026-06-08T01:29:11.6827357Z, 2026-06-08T01:29:13.6274798Z] gc.heap.generation: gen2
Value: 6
[22:29:13 INF] Executing action method Urbeat.WebApi.Controllers.SubscriptionsController.GetMySubscription (Urbeat.WebApi) - Validation state: Valid
(2026-06-08T01:29:11.6827357Z, 2026-06-08T01:29:13.6274798Z] gc.heap.generation: gen1
Value: 17
(2026-06-08T01:29:11.6827357Z, 2026-06-08T01:29:13.6274798Z] gc.heap.generation: gen0
Value: 50
Metric Name: dotnet.process.memory.working_set, Description: The number of bytes of physical memory mapped to the process context., Unit: By, Metric Type: LongSumNonMonotonic
Instrumentation scope (Meter):
	Name: System.Runtime
(2026-06-08T01:29:11.6827431Z, 2026-06-08T01:29:13.6274800Z]  
Value: 347385856
Metric Name: dotnet.gc.heap.total_allocated, Description: The approximate number of bytes allocated on the managed GC heap since the process has started. The returned value does not include any native allocations., Unit: By, Metric Type: LongSum
Instrumentation scope (Meter):
	Name: System.Runtime
(2026-06-08T01:29:11.6827502Z, 2026-06-08T01:29:13.6274801Z]  
Value: 530452072
Metric Name: dotnet.gc.last_collection.memory.committed_size, Description: The amount of committed virtual memory in use by the .NET GC, as observed during the latest garbage collection., Unit: By, Metric Type: LongSumNonMonotonic
Instrumentation scope (Meter):
	Name: System.Runtime
(2026-06-08T01:29:11.6827565Z, 2026-06-08T01:29:13.6274804Z]  
Value: 208576512
Metric Name: dotnet.gc.last_collection.heap.size, Description: The managed GC heap size (including fragmentation), as observed during the latest garbage collection., Unit: By, Metric Type: LongSumNonMonotonic
Instrumentation scope (Meter):
	Name: System.Runtime
(2026-06-08T01:29:11.6827624Z, 2026-06-08T01:29:13.6274807Z] gc.heap.generation: gen0
Value: 0
(2026-06-08T01:29:11.6827624Z, 2026-06-08T01:29:13.6274807Z] gc.heap.generation: gen1
Value: 2828880
(2026-06-08T01:29:11.6827624Z, 2026-06-08T01:29:13.6274807Z] gc.heap.generation: gen2
Value: 83284592
(2026-06-08T01:29:11.6827624Z, 2026-06-08T01:29:13.6274807Z] gc.heap.generation: loh
Value: 111948152
(2026-06-08T01:29:11.6827624Z, 2026-06-08T01:29:13.6274807Z] gc.heap.generation: poh
Value: 123736
Metric Name: dotnet.gc.last_collection.heap.fragmentation.size, Description: The heap fragmentation, as observed during the latest garbage collection., Unit: By, Metric Type: LongSumNonMonotonic
Instrumentation scope (Meter):
	Name: System.Runtime
(2026-06-08T01:29:11.6827689Z, 2026-06-08T01:29:13.6274809Z] gc.heap.generation: gen0
Value: 0
(2026-06-08T01:29:11.6827689Z, 2026-06-08T01:29:13.6274809Z] gc.heap.generation: gen1
Value: 48920
(2026-06-08T01:29:11.6827689Z, 2026-06-08T01:29:13.6274809Z] gc.heap.generation: gen2
Value: 2742520
(2026-06-08T01:29:11.6827689Z, 2026-06-08T01:29:13.6274809Z] gc.heap.generation: loh
Value: 733608
[22:29:13 INF] Executed action method Urbeat.WebApi.Controllers.StoreProductsController.List (Urbeat.WebApi), returned result Microsoft.AspNetCore.Mvc.OkObjectResult in 0.4379ms.
(2026-06-08T01:29:11.6827689Z, 2026-06-08T01:29:13.6274809Z] gc.heap.generation: poh
Value: 0
[22:29:13 INF] Executed action method Urbeat.WebApi.Controllers.SubscriptionsController.GetMySubscription (Urbeat.WebApi), returned result Microsoft.AspNetCore.Mvc.OkObjectResult in 0.2553ms.
Metric Name: dotnet.gc.pause.time, Description: The total amount of time paused in GC since the process has started., Unit: s, Metric Type: DoubleSum
Instrumentation scope (Meter):
	Name: System.Runtime
(2026-06-08T01:29:11.6827772Z, 2026-06-08T01:29:13.6274814Z]  
Value: 0.700525
Metric Name: dotnet.jit.compiled_il.size, Description: Count of bytes of intermediate language that have been compiled since the process has started., Unit: By, Metric Type: LongSum
Instrumentation scope (Meter):
	Name: System.Runtime
(2026-06-08T01:29:11.6827832Z, 2026-06-08T01:29:13.6274815Z]  
Value: 2401005
Metric Name: dotnet.jit.compiled_methods, Description: The number of times the JIT compiler (re)compiled methods since the process has started., Unit: {method}, Metric Type: LongSum
Instrumentation scope (Meter):
	Name: System.Runtime
(2026-06-08T01:29:11.6827893Z, 2026-06-08T01:29:13.6274817Z]  
Value: 34956
Metric Name: dotnet.jit.compilation.time, Description: The number of times the JIT compiler (re)compiled methods since the process has started., Unit: s, Metric Type: DoubleSum
Instrumentation scope (Meter):
	Name: System.Runtime
(2026-06-08T01:29:11.6827955Z, 2026-06-08T01:29:13.6274821Z]  
Value: 5.9503563
Metric Name: dotnet.monitor.lock_contentions, Description: The number of times there was contention when trying to acquire a monitor lock since the process has started., Unit: {contention}, Metric Type: LongSum
Instrumentation scope (Meter):
	Name: System.Runtime
(2026-06-08T01:29:11.6828016Z, 2026-06-08T01:29:13.6274823Z]  
Value: 5278
Metric Name: dotnet.thread_pool.thread.count, Description: The number of thread pool threads that currently exist., Unit: {thread}, Metric Type: LongSum
Instrumentation scope (Meter):
	Name: System.Runtime
(2026-06-08T01:29:11.6828079Z, 2026-06-08T01:29:13.6274824Z]  
Value: 36
Metric Name: dotnet.thread_pool.work_item.count, Description: The number of work items that the thread pool has completed since the process has started., Unit: {work_item}, Metric Type: LongSum
Instrumentation scope (Meter):
	Name: System.Runtime
(2026-06-08T01:29:11.6828156Z, 2026-06-08T01:29:13.6274827Z]  
Value: 2073
Metric Name: dotnet.thread_pool.queue.length, Description: The number of work items that are currently queued to be processed by the thread pool., Unit: {work_item}, Metric Type: LongSum
Instrumentation scope (Meter):
	Name: System.Runtime
(2026-06-08T01:29:11.6828218Z, 2026-06-08T01:29:13.6274831Z]  
Value: 0
Metric Name: dotnet.timer.count, Description: The number of timer instances that are currently active. An active timer is registered to tick at some point in the future and has not yet been canceled., Unit: {timer}, Metric Type: LongSumNonMonotonic
Instrumentation scope (Meter):
	Name: System.Runtime
(2026-06-08T01:29:11.6828358Z, 2026-06-08T01:29:13.6274832Z]  
Value: 21
Metric Name: dotnet.assembly.count, Description: The number of .NET assemblies that are currently loaded., Unit: {assembly}, Metric Type: LongSumNonMonotonic
Instrumentation scope (Meter):
	Name: System.Runtime
(2026-06-08T01:29:11.6828418Z, 2026-06-08T01:29:13.6274834Z]  
Value: 266
Metric Name: dotnet.exceptions, Description: The number of exceptions that have been thrown in managed code., Unit: {exception}, Metric Type: LongSum
Instrumentation scope (Meter):
	Name: System.Runtime
(2026-06-08T01:29:11.6828475Z, 2026-06-08T01:29:13.6274838Z] error.type: SocketException
Value: 18
(2026-06-08T01:29:11.6828475Z, 2026-06-08T01:29:13.6274838Z] error.type: XunitException
Value: 9
(2026-06-08T01:29:11.6828475Z, 2026-06-08T01:29:13.6274838Z] error.type: OperationCanceledException
Value: 56
(2026-06-08T01:29:11.6828475Z, 2026-06-08T01:29:13.6274838Z] error.type: NpgsqlException
Value: 36
(2026-06-08T01:29:11.6828475Z, 2026-06-08T01:29:13.6274838Z] error.type: InvalidOperationException
Value: 1
(2026-06-08T01:29:11.6828475Z, 2026-06-08T01:29:13.6274838Z] error.type: RuntimeBinderException
Value: 1
Metric Name: dotnet.process.cpu.count, Description: The number of processors available to the process., Unit: {cpu}, Metric Type: LongSumNonMonotonic
Instrumentation scope (Meter):
	Name: System.Runtime
(2026-06-08T01:29:11.6828541Z, 2026-06-08T01:29:13.6274839Z]  
Value: 12
Metric Name: dotnet.process.cpu.time, Description: CPU time used by the process., Unit: s, Metric Type: DoubleSum
[22:29:13 INF] Executing OkObjectResult, writing value of type 'System.Collections.Generic.List`1[[Urbeat.Application.DTOs.ProductResponseDto, Urbeat.Application, Version=1.0.0.0, Culture=neutral, PublicKeyToken=null]]'.
Instrumentation scope (Meter):
	Name: System.Runtime
(2026-06-08T01:29:11.6828607Z, 2026-06-08T01:29:13.6274844Z] cpu.mode: user
Value: 20.890625
(2026-06-08T01:29:11.6828607Z, 2026-06-08T01:29:13.6274844Z] cpu.mode: system
Value: 3.3125
Metric Name: dns.lookup.duration, Description: Measures the time taken to perform a DNS lookup., Unit: s, Metric Type: Histogram
Instrumentation scope (Meter):
	Name: System.Net.NameResolution
(2026-06-08T01:29:11.6828692Z, 2026-06-08T01:29:13.6274853Z] dns.question.name: localhost
Value: Sum: 0.0027678000000000004 Count: 5 Min: 0.0004256 Max: 0.0007942 
(-Infinity,0,005]:5
(0,005,0,01]:0
(0,01,0,025]:0
(0,025,0,05]:0
(0,05,0,075]:0
(0,075,0,1]:0
(0,1,0,25]:0
(0,25,0,5]:0
(0,5,0,75]:0
(0,75,1]:0
(1,2,5]:0
(2,5,5]:0
(5,7,5]:0
(7,5,10]:0
(10,+Infinity]:0
Metric Name: aspnetcore.routing.match_attempts, Description: Number of requests that were attempted to be matched to an endpoint., Unit: {match_attempt}, Metric Type: LongSum
Instrumentation scope (Meter):
	Name: Microsoft.AspNetCore.Routing
(2026-06-08T01:29:11.6828763Z, 2026-06-08T01:29:13.6274862Z] aspnetcore.routing.is_fallback: false aspnetcore.routing.match_status: success http.route: api/LandingPageContent
Value: 6
(2026-06-08T01:29:11.6828763Z, 2026-06-08T01:29:13.6274862Z] aspnetcore.routing.is_fallback: false aspnetcore.routing.match_status: success http.route: api/auth/login/seller
Value: 8
(2026-06-08T01:29:11.6828763Z, 2026-06-08T01:29:13.6274862Z] aspnetcore.routing.is_fallback: false aspnetcore.routing.match_status: success http.route: api/orders
Value: 2
(2026-06-08T01:29:11.6828763Z, 2026-06-08T01:29:13.6274862Z] aspnetcore.routing.is_fallback: false aspnetcore.routing.match_status: success http.route: api/stores
Value: 7
(2026-06-08T01:29:11.6828763Z, 2026-06-08T01:29:13.6274862Z] aspnetcore.routing.is_fallback: false aspnetcore.routing.match_status: success http.route: api/auth/login/customer
Value: 8
(2026-06-08T01:29:11.6828763Z, 2026-06-08T01:29:13.6274862Z] aspnetcore.routing.is_fallback: false aspnetcore.routing.match_status: success http.route: api/public/stores
Value: 1
(2026-06-08T01:29:11.6828763Z, 2026-06-08T01:29:13.6274862Z] aspnetcore.routing.is_fallback: false aspnetcore.routing.match_status: success http.route: api/auth/register/seller
Value: 6
(2026-06-08T01:29:11.6828763Z, 2026-06-08T01:29:13.6274862Z] aspnetcore.routing.is_fallback: false aspnetcore.routing.match_status: success http.route: api/customer/home
Value: 2
[22:29:13 INF] Executed action Urbeat.WebApi.Controllers.StoreProductsController.List (Urbeat.WebApi) in 53.8069ms
(2026-06-08T01:29:11.6828763Z, 2026-06-08T01:29:13.6274862Z] aspnetcore.routing.is_fallback: false aspnetcore.routing.match_status: success http.route: api/stores/{storeId}/categories
Value: 8
(2026-06-08T01:29:11.6828763Z, 2026-06-08T01:29:13.6274862Z] aspnetcore.routing.is_fallback: false aspnetcore.routing.match_status: success http.route: api/public/stores/{storeId}
Value: 1
(2026-06-08T01:29:11.6828763Z, 2026-06-08T01:29:13.6274862Z] aspnetcore.routing.is_fallback: false aspnetcore.routing.match_status: success http.route: api/customer/addresses
Value: 1
(2026-06-08T01:29:11.6828763Z, 2026-06-08T01:29:13.6274862Z] aspnetcore.routing.is_fallback: false aspnetcore.routing.match_status: success http.route: api/auth/register/customer
Value: 2
(2026-06-08T01:29:11.6828763Z, 2026-06-08T01:29:13.6274862Z] aspnetcore.routing.is_fallback: false aspnetcore.routing.match_status: success http.route: api/LandingPageContent/section/{section}
Value: 1
(2026-06-08T01:29:11.6828763Z, 2026-06-08T01:29:13.6274862Z] aspnetcore.routing.is_fallback: false aspnetcore.routing.match_status: success http.route: api/stores/{storeId}/products
Value: 9
(2026-06-08T01:29:11.6828763Z, 2026-06-08T01:29:13.6274862Z] aspnetcore.routing.is_fallback: false aspnetcore.routing.match_status: success http.route: api/auth/login/admin
Value: 1
[22:29:13 INF] Executed endpoint 'Urbeat.WebApi.Controllers.StoreProductsController.List (Urbeat.WebApi)'
(2026-06-08T01:29:11.6828763Z, 2026-06-08T01:29:13.6274862Z] aspnetcore.routing.is_fallback: false aspnetcore.routing.match_status: success http.route: api/LandingPageContent/{id:guid}
Value: 3
(2026-06-08T01:29:11.6828763Z, 2026-06-08T01:29:13.6274862Z] aspnetcore.routing.is_fallback: false aspnetcore.routing.match_status: success http.route: api/stores/{storeId}/products/{productId}/availability
Value: 2
(2026-06-08T01:29:11.6828763Z, 2026-06-08T01:29:13.6274862Z] aspnetcore.routing.is_fallback: false aspnetcore.routing.match_status: success http.route: api/public/stores/{storeId}/catalog/products
Value: 3
(2026-06-08T01:29:11.6828763Z, 2026-06-08T01:29:13.6274862Z] aspnetcore.routing.is_fallback: false aspnetcore.routing.match_status: success http.route: api/public/stores/{storeId}/catalog/categories
Value: 2
(2026-06-08T01:29:11.6828763Z, 2026-06-08T01:29:13.6274862Z] aspnetcore.routing.is_fallback: false aspnetcore.routing.match_status: success http.route: api/stores/{storeId}/products/{productId}
Value: 1
Metric Name: aspnetcore.routing.match_attempts, Description: Number of requests that were attempted to be matched to an endpoint., Unit: {match_attempt}, Metric Type: LongSum
Instrumentation scope (Meter):
	Name: Microsoft.AspNetCore.Routing
(2026-06-08T01:29:11.8219430Z, 2026-06-08T01:29:13.6274879Z] aspnetcore.routing.is_fallback: false aspnetcore.routing.match_status: success http.route: api/auth/register/seller
Value: 5
(2026-06-08T01:29:11.8219430Z, 2026-06-08T01:29:13.6274879Z] aspnetcore.routing.is_fallback: false aspnetcore.routing.match_status: success http.route: api/auth/login/seller
Value: 5
(2026-06-08T01:29:11.8219430Z, 2026-06-08T01:29:13.6274879Z] aspnetcore.routing.is_fallback: false aspnetcore.routing.match_status: success http.route: api/stores
Value: 5
(2026-06-08T01:29:11.8219430Z, 2026-06-08T01:29:13.6274879Z] aspnetcore.routing.is_fallback: false aspnetcore.routing.match_status: success http.route: api/webhooks/asaas
Value: 5
(2026-06-08T01:29:11.8219430Z, 2026-06-08T01:29:13.6274879Z] aspnetcore.routing.is_fallback: false aspnetcore.routing.match_status: success http.route: api/stores/{storeId}/address
Value: 3
(2026-06-08T01:29:11.8219430Z, 2026-06-08T01:29:13.6274879Z] aspnetcore.routing.is_fallback: false aspnetcore.routing.match_status: success http.route: api/subscriptions/my/charges
Value: 1
(2026-06-08T01:29:11.8219430Z, 2026-06-08T01:29:13.6274879Z] aspnetcore.routing.is_fallback: false aspnetcore.routing.match_status: success http.route: api/subscriptions/my
Value: 1
Metric Name: http.server.active_requests, Description: Number of active HTTP server requests., Unit: {request}, Metric Type: LongSumNonMonotonic
Instrumentation scope (Meter):
	Name: Microsoft.AspNetCore.Hosting
(2026-06-08T01:29:12.1733715Z, 2026-06-08T01:29:13.6274976Z] http.request.method: POST url.scheme: http
Value: 0
(2026-06-08T01:29:12.1733715Z, 2026-06-08T01:29:13.6274976Z] http.request.method: GET url.scheme: http
Value: 1
Metric Name: http.server.request.duration, Description: Duration of HTTP server requests., Unit: s, Metric Type: Histogram
Instrumentation scope (Meter):
	Name: Microsoft.AspNetCore.Hosting
(2026-06-08T01:29:12.1734526Z, 2026-06-08T01:29:13.6275513Z] http.request.method: POST http.response.status_code: 401 http.route: api/webhooks/asaas network.protocol.version: 1.1 url.scheme: http
Value: Sum: 0.0198709 Count: 1 Min: 0.0198709 Max: 0.0198709 
(-Infinity,0,005]:0
(0,005,0,01]:0
(0,01,0,025]:1
(0,025,0,05]:0
(0,05,0,075]:0
(0,075,0,1]:0
(0,1,0,25]:0
(0,25,0,5]:0
(0,5,0,75]:0
(0,75,1]:0
(1,2,5]:0
(2,5,5]:0
(5,7,5]:0
(7,5,10]:0
(10,+Infinity]:0
(2026-06-08T01:29:12.1734526Z, 2026-06-08T01:29:13.6275513Z] http.request.method: POST http.response.status_code: 201 http.route: api/auth/register/seller network.protocol.version: 1.1 url.scheme: http
Value: Sum: 0.23985669999999998 Count: 2 Min: 0.1039845 Max: 0.1358722 
(-Infinity,0,005]:0
(0,005,0,01]:0
(0,01,0,025]:0
(0,025,0,05]:0
(0,05,0,075]:0
(0,075,0,1]:0
(0,1,0,25]:2
(0,25,0,5]:0
(0,5,0,75]:0
(0,75,1]:0
(1,2,5]:0
(2,5,5]:0
(5,7,5]:0
(7,5,10]:0
(10,+Infinity]:0
(2026-06-08T01:29:12.1734526Z, 2026-06-08T01:29:13.6275513Z] http.request.method: POST http.response.status_code: 200 http.route: api/auth/login/seller network.protocol.version: 1.1 url.scheme: http
Value: Sum: 0.1876827 Count: 2 Min: 0.0785145 Max: 0.1091682 
(-Infinity,0,005]:0
(0,005,0,01]:0
(0,01,0,025]:0
(0,025,0,05]:0
(0,05,0,075]:0
(0,075,0,1]:1
(0,1,0,25]:1
(0,25,0,5]:0
(0,5,0,75]:0
(0,75,1]:0
(1,2,5]:0
(2,5,5]:0
(5,7,5]:0
(7,5,10]:0
(10,+Infinity]:0
(2026-06-08T01:29:12.1734526Z, 2026-06-08T01:29:13.6275513Z] http.request.method: POST http.response.status_code: 201 http.route: api/stores network.protocol.version: 1.1 url.scheme: http
Value: Sum: 0.1057324 Count: 2 Min: 0.015027 Max: 0.0907054 
(-Infinity,0,005]:0
(0,005,0,01]:0
(0,01,0,025]:1
(0,025,0,05]:0
(0,05,0,075]:0
(0,075,0,1]:1
(0,1,0,25]:0
(0,25,0,5]:0
(0,5,0,75]:0
(0,75,1]:0
(1,2,5]:0
(2,5,5]:0
(5,7,5]:0
(7,5,10]:0
(10,+Infinity]:0
(2026-06-08T01:29:12.1734526Z, 2026-06-08T01:29:13.6275513Z] http.request.method: POST http.response.status_code: 200 http.route: api/webhooks/asaas network.protocol.version: 1.1 url.scheme: http
Value: Sum: 0.1848609 Count: 4 Min: 0.0009595 Max: 0.1163226 
(-Infinity,0,005]:1
(0,005,0,01]:0
(0,01,0,025]:0
(0,025,0,05]:2
(0,05,0,075]:0
(0,075,0,1]:0
(0,1,0,25]:1
(0,25,0,5]:0
(0,5,0,75]:0
(0,75,1]:0
(1,2,5]:0
(2,5,5]:0
(5,7,5]:0
(7,5,10]:0
(10,+Infinity]:0
(2026-06-08T01:29:12.1734526Z, 2026-06-08T01:29:13.6275513Z] http.request.method: GET http.response.status_code: 200 http.route: api/subscriptions/my/charges network.protocol.version: 1.1 url.scheme: http
Value: Sum: 0.110942 Count: 1 Min: 0.110942 Max: 0.110942 
(-Infinity,0,005]:0
(0,005,0,01]:0
(0,01,0,025]:0
(0,025,0,05]:0
(0,05,0,075]:0
(0,075,0,1]:0
(0,1,0,25]:1
(0,25,0,5]:0
(0,5,0,75]:0
(0,75,1]:0
(1,2,5]:0
(2,5,5]:0
(5,7,5]:0
(7,5,10]:0
(10,+Infinity]:0
[22:29:13 INF] Request finished HTTP/1.1 GET http://localhost/api/stores/019ea4d9-2097-7f72-adb0-af984f3682c5/products - 200 null application/json; charset=utf-8 55.0818ms
Activity.TraceId:            93c6e15d094267174f1e81df47116061
Activity.SpanId:             3eae770d95d77208
Activity.TraceFlags:         Recorded
Activity.DisplayName:        GET api/stores/{storeId}/products
Activity.Kind:               Server
Activity.StartTime:          2026-06-08T01:29:13.6262835Z
Activity.Duration:           00:00:00.0550859
Activity.Tags:
    server.address: localhost
    http.request.method: GET
    url.scheme: http
    url.path: /api/stores/019ea4d9-2097-7f72-adb0-af984f3682c5/products
    network.protocol.version: 1.1
    http.route: api/stores/{storeId}/products
    http.response.status_code: 200
Instrumentation scope (ActivitySource):
    Name: Microsoft.AspNetCore
Resource associated with Activity:
    telemetry.sdk.name: opentelemetry
    telemetry.sdk.language: dotnet
    telemetry.sdk.version: 1.14.0
    service.name: unknown_service:testhost
Activity.TraceId:            93c6e15d094267174f1e81df47116061
Activity.SpanId:             3eae770d95d77208
Activity.TraceFlags:         Recorded
Activity.DisplayName:        GET api/stores/{storeId}/products
Activity.Kind:               Server
Activity.StartTime:          2026-06-08T01:29:13.6262835Z
Activity.Duration:           00:00:00.0550859
Activity.Tags:
    server.address: localhost
    http.request.method: GET
    url.scheme: http
    url.path: /api/stores/019ea4d9-2097-7f72-adb0-af984f3682c5/products
    network.protocol.version: 1.1
    http.route: api/stores/{storeId}/products
    http.response.status_code: 200
Instrumentation scope (ActivitySource):
    Name: Microsoft.AspNetCore
Resource associated with Activity:
    telemetry.sdk.name: opentelemetry
    telemetry.sdk.language: dotnet
    telemetry.sdk.version: 1.14.0
    service.name: unknown_service:testhost
[22:29:13 INF] Request starting HTTP/1.1 POST http://localhost/api/stores/019ea4d9-2097-7f72-adb0-af984f3682c5/products - application/json; charset=utf-8 null
[22:29:13 INF] Executed action Urbeat.WebApi.Controllers.SubscriptionsController.GetMySubscription (Urbeat.WebApi) in 33.2879ms
[22:29:13 INF] Request finished HTTP/1.1 GET http://localhost/api/subscriptions/my - 200 null application/json; charset=utf-8 57.6739ms
[22:29:13 INF] Executing endpoint 'Urbeat.WebApi.Controllers.StoreProductsController.Create (Urbeat.WebApi)'
Activity.TraceId:            fe3ebf511298c391cca669e13872faf6
Activity.SpanId:             0f09085c767740cc
Activity.TraceFlags:         Recorded
Activity.DisplayName:        GET api/subscriptions/my
Activity.Kind:               Server
Activity.StartTime:          2026-06-08T01:29:13.6242830Z
Activity.Duration:           00:00:00.0577542
Activity.Tags:
    server.address: localhost
    http.request.method: GET
    url.scheme: http
    url.path: /api/subscriptions/my
    network.protocol.version: 1.1
    http.route: api/subscriptions/my
    http.response.status_code: 200
Instrumentation scope (ActivitySource):
    Name: Microsoft.AspNetCore
Resource associated with Activity:
    telemetry.sdk.name: opentelemetry
    telemetry.sdk.language: dotnet
    telemetry.sdk.version: 1.14.0
    service.name: unknown_service:testhost
Activity.TraceId:            fe3ebf511298c391cca669e13872faf6
Activity.SpanId:             0f09085c767740cc
Activity.TraceFlags:         Recorded
Activity.DisplayName:        GET api/subscriptions/my
[22:29:13 INF] Route matched with {action = "Create", controller = "StoreProducts"}. Executing controller action with signature System.Threading.Tasks.Task`1[Microsoft.AspNetCore.Mvc.IActionResult] Create(System.Guid, Urbeat.Application.DTOs.CreateProductRequestDto, System.Threading.CancellationToken) on controller Urbeat.WebApi.Controllers.StoreProductsController (Urbeat.WebApi).
Activity.Kind:               Server
Activity.StartTime:          2026-06-08T01:29:13.6242830Z
Activity.Duration:           00:00:00.0577542
Activity.Tags:
    server.address: localhost
    http.request.method: GET
    url.scheme: http
    url.path: /api/subscriptions/my
    network.protocol.version: 1.1
    http.route: api/subscriptions/my
    http.response.status_code: 200
Instrumentation scope (ActivitySource):
    Name: Microsoft.AspNetCore
Resource associated with Activity:
    telemetry.sdk.name: opentelemetry
    telemetry.sdk.language: dotnet
    telemetry.sdk.version: 1.14.0
[22:29:13 INF] Request starting HTTP/1.1 GET http://localhost/api/subscriptions/my/charges - null null
    service.name: unknown_service:testhost
[22:29:13 INF] Route matched with {action = "GetMyChargeHistory", controller = "Subscriptions"}. Executing controller action with signature System.Threading.Tasks.Task`1[Microsoft.AspNetCore.Mvc.IActionResult] GetMyChargeHistory(System.Threading.CancellationToken) on controller Urbeat.WebApi.Controllers.SubscriptionsController (Urbeat.WebApi).
[22:29:13 INF] Executing action method Urbeat.WebApi.Controllers.StoreProductsController.Create (Urbeat.WebApi) - Validation state: Valid
[22:29:13 INF] Saved 1 entities to in-memory store.
[22:29:13 INF] Saved 1 entities to in-memory store.
[22:29:13 INF] Executed action method Urbeat.WebApi.Controllers.StoreProductsController.Create (Urbeat.WebApi), returned result Microsoft.AspNetCore.Mvc.ObjectResult in 0.8454ms.
[22:29:13 INF] Executing ObjectResult, writing value of type 'Urbeat.Application.DTOs.ProductResponseDto'.
[22:29:13 INF] Executing action method Urbeat.WebApi.Controllers.SubscriptionsController.GetMyChargeHistory (Urbeat.WebApi) - Validation state: Valid
[22:29:13 INF] Executed action Urbeat.WebApi.Controllers.StoreProductsController.Create (Urbeat.WebApi) in 1.451ms
[22:29:13 INF] Executed endpoint 'Urbeat.WebApi.Controllers.StoreProductsController.Create (Urbeat.WebApi)'
[22:29:13 INF] Request finished HTTP/1.1 POST http://localhost/api/stores/019ea4d9-2097-7f72-adb0-af984f3682c5/products - 201 null application/json; charset=utf-8 2.0613ms
Activity.TraceId:            063ba35f8d10aff79c82a277ea638839
Activity.SpanId:             f03ff9e644fc1d16
Activity.TraceFlags:         Recorded
Activity.DisplayName:        POST api/stores/{storeId}/products
Activity.Kind:               Server
Activity.StartTime:          2026-06-08T01:29:13.6816339Z
Activity.Duration:           00:00:00.0020886
Activity.Tags:
    server.address: localhost
    http.request.method: POST
    url.scheme: http
    url.path: /api/stores/019ea4d9-2097-7f72-adb0-af984f3682c5/products
    network.protocol.version: 1.1
    http.route: api/stores/{storeId}/products
    http.response.status_code: 201
Instrumentation scope (ActivitySource):
    Name: Microsoft.AspNetCore
Resource associated with Activity:
    telemetry.sdk.name: opentelemetry
    telemetry.sdk.language: dotnet
    telemetry.sdk.version: 1.14.0
    service.name: unknown_service:testhost
Activity.TraceId:            063ba35f8d10aff79c82a277ea638839
Activity.SpanId:             f03ff9e644fc1d16
Activity.TraceFlags:         Recorded
Activity.DisplayName:        POST api/stores/{storeId}/products
Activity.Kind:               Server
Activity.StartTime:          2026-06-08T01:29:13.6816339Z
Activity.Duration:           00:00:00.0020886
Activity.Tags:
    server.address: localhost
    http.request.method: POST
    url.scheme: http
    url.path: /api/stores/019ea4d9-2097-7f72-adb0-af984f3682c5/products
    network.protocol.version: 1.1
    http.route: api/stores/{storeId}/products
    http.response.status_code: 201
Instrumentation scope (ActivitySource):
    Name: Microsoft.AspNetCore
Resource associated with Activity:
    telemetry.sdk.name: opentelemetry
    telemetry.sdk.language: dotnet
    telemetry.sdk.version: 1.14.0
    service.name: unknown_service:testhost
[22:29:13 INF] Request starting HTTP/1.1 GET http://localhost/api/stores/019ea4d9-2097-7f72-adb0-af984f3682c5/products - null null
[22:29:13 INF] Executed action method Urbeat.WebApi.Controllers.SubscriptionsController.GetMyChargeHistory (Urbeat.WebApi), returned result Microsoft.AspNetCore.Mvc.OkObjectResult in 0.2789ms.
[22:29:13 INF] Executed action Urbeat.WebApi.Controllers.SubscriptionsController.GetMyChargeHistory (Urbeat.WebApi) in 1.563ms
[22:29:13 INF] Request finished HTTP/1.1 GET http://localhost/api/subscriptions/my/charges - 200 null application/json; charset=utf-8 1.9821ms
[22:29:13 INF] Executing endpoint 'Urbeat.WebApi.Controllers.StoreProductsController.List (Urbeat.WebApi)'
Activity.TraceId:            6bfccb7aacc73da7f22139dadbaa6e76
Activity.SpanId:             b3dac82faaeba31e
Activity.TraceFlags:         Recorded
Activity.DisplayName:        GET api/subscriptions/my/charges
Activity.Kind:               Server
Activity.StartTime:          2026-06-08T01:29:13.6820811Z
Activity.Duration:           00:00:00.0020061
Activity.Tags:
    server.address: localhost
    http.request.method: GET
    url.scheme: http
    url.path: /api/subscriptions/my/charges
    network.protocol.version: 1.1
    http.route: api/subscriptions/my/charges
    http.response.status_code: 200
Instrumentation scope (ActivitySource):
    Name: Microsoft.AspNetCore
Resource associated with Activity:
    telemetry.sdk.name: opentelemetry
    telemetry.sdk.language: dotnet
    telemetry.sdk.version: 1.14.0
    service.name: unknown_service:testhost
[22:29:13 INF] Route matched with {action = "List", controller = "StoreProducts"}. Executing controller action with signature System.Threading.Tasks.Task`1[Microsoft.AspNetCore.Mvc.IActionResult] List(System.Guid, System.Threading.CancellationToken) on controller Urbeat.WebApi.Controllers.StoreProductsController (Urbeat.WebApi).
Activity.TraceId:            6bfccb7aacc73da7f22139dadbaa6e76
Activity.SpanId:             b3dac82faaeba31e
Activity.TraceFlags:         Recorded
Activity.DisplayName:        GET api/subscriptions/my/charges
Activity.Kind:               Server
Activity.StartTime:          2026-06-08T01:29:13.6820811Z
Activity.Duration:           00:00:00.0020061
Activity.Tags:
    server.address: localhost
    http.request.method: GET
    url.scheme: http
    url.path: /api/subscriptions/my/charges
    network.protocol.version: 1.1
    http.route: api/subscriptions/my/charges
    http.response.status_code: 200
Instrumentation scope (ActivitySource):
    Name: Microsoft.AspNetCore
Resource associated with Activity:
    telemetry.sdk.name: opentelemetry
    telemetry.sdk.language: dotnet
    telemetry.sdk.version: 1.14.0
    service.name: unknown_service:testhost
[22:29:13 INF] Executing action method Urbeat.WebApi.Controllers.StoreProductsController.List (Urbeat.WebApi) - Validation state: Valid
[22:29:13 INF] Executed action method Urbeat.WebApi.Controllers.StoreProductsController.List (Urbeat.WebApi), returned result Microsoft.AspNetCore.Mvc.OkObjectResult in 0.4383ms.
[22:29:13 INF] Executing OkObjectResult, writing value of type 'System.Collections.Generic.List`1[[Urbeat.Application.DTOs.ProductResponseDto, Urbeat.Application, Version=1.0.0.0, Culture=neutral, PublicKeyToken=null]]'.
[22:29:13 INF] Executed action Urbeat.WebApi.Controllers.StoreProductsController.List (Urbeat.WebApi) in 0.8617ms
[22:29:13 INF] Executed endpoint 'Urbeat.WebApi.Controllers.StoreProductsController.List (Urbeat.WebApi)'
Resource associated with Metrics:
	telemetry.sdk.name: opentelemetry
	telemetry.sdk.language: dotnet
	telemetry.sdk.version: 1.14.0
	service.name: unknown_service:testhost
Metric Name: http.server.active_requests, Description: Number of active HTTP server requests., Unit: {request}, Metric Type: LongSumNonMonotonic
Instrumentation scope (Meter):
	Name: Microsoft.AspNetCore.Hosting
(2026-06-08T01:29:12.1744300Z, 2026-06-08T01:29:13.6891039Z] http.request.method: POST url.scheme: http
Value: -1
(2026-06-08T01:29:12.1744300Z, 2026-06-08T01:29:13.6891039Z] http.request.method: GET url.scheme: http
Value: 1
(2026-06-08T01:29:12.1744300Z, 2026-06-08T01:29:13.6891039Z] http.request.method: PUT url.scheme: http
Value: 0
(2026-06-08T01:29:12.1744300Z, 2026-06-08T01:29:13.6891039Z] http.request.method: PATCH url.scheme: http
Value: 0
(2026-06-08T01:29:12.1744300Z, 2026-06-08T01:29:13.6891039Z] http.request.method: DELETE url.scheme: http
Value: 0
Metric Name: http.server.request.duration, Description: Duration of HTTP server requests., Unit: s, Metric Type: Histogram
Instrumentation scope (Meter):
	Name: Microsoft.AspNetCore.Hosting
(2026-06-08T01:29:12.1744365Z, 2026-06-08T01:29:13.6891182Z] http.request.method: POST http.response.status_code: 201 http.route: api/auth/register/seller network.protocol.version: 1.1 url.scheme: http
Value: Sum: 1.0416706 Count: 10 Min: 0.0570142 Max: 0.1412047 
(-Infinity,0,005]:0
(0,005,0,01]:0
(0,01,0,025]:0
(0,025,0,05]:0
(0,05,0,075]:1
(0,075,0,1]:3
(0,1,0,25]:6
(0,25,0,5]:0
(0,5,0,75]:0
(0,75,1]:0
(1,2,5]:0
(2,5,5]:0
(5,7,5]:0
(7,5,10]:0
(10,+Infinity]:0
(2026-06-08T01:29:12.1744365Z, 2026-06-08T01:29:13.6891182Z] http.request.method: POST http.response.status_code: 201 http.route: api/auth/register/customer network.protocol.version: 1.1 url.scheme: http
Value: Sum: 0.16752119999999998 Count: 2 Min: 0.0503329 Max: 0.1171883 
(-Infinity,0,005]:0
(0,005,0,01]:0
(0,01,0,025]:0
(0,025,0,05]:0
(0,05,0,075]:1
(0,075,0,1]:0
(0,1,0,25]:1
(0,25,0,5]:0
(0,5,0,75]:0
(0,75,1]:0
(1,2,5]:0
(2,5,5]:0
(5,7,5]:0
(7,5,10]:0
(10,+Infinity]:0
(2026-06-08T01:29:12.1744365Z, 2026-06-08T01:29:13.6891182Z] http.request.method: POST http.response.status_code: 400 http.route: api/stores/{storeId}/categories network.protocol.version: 1.1 url.scheme: http
Value: Sum: 0.0494563 Count: 1 Min: 0.0494563 Max: 0.0494563 
(-Infinity,0,005]:0
(0,005,0,01]:0
(0,01,0,025]:0
(0,025,0,05]:1
(0,05,0,075]:0
(0,075,0,1]:0
(0,1,0,25]:0
(0,25,0,5]:0
(0,5,0,75]:0
(0,75,1]:0
(1,2,5]:0
(2,5,5]:0
(5,7,5]:0
(7,5,10]:0
(10,+Infinity]:0
(2026-06-08T01:29:12.1744365Z, 2026-06-08T01:29:13.6891182Z] http.request.method: POST http.response.status_code: 200 http.route: api/auth/login/seller network.protocol.version: 1.1 url.scheme: http
Value: Sum: 1.0648982 Count: 11 Min: 0.0465088 Max: 0.1619729 
(-Infinity,0,005]:0
(0,005,0,01]:0
(0,01,0,025]:0
(0,025,0,05]:2
(0,05,0,075]:1
(0,075,0,1]:4
(0,1,0,25]:4
(0,25,0,5]:0
(0,5,0,75]:0
(0,75,1]:0
(1,2,5]:0
(2,5,5]:0
(5,7,5]:0
(7,5,10]:0
(10,+Infinity]:0
(2026-06-08T01:29:12.1744365Z, 2026-06-08T01:29:13.6891182Z] http.request.method: POST http.response.status_code: 201 http.route: api/stores/{storeId}/categories network.protocol.version: 1.1 url.scheme: http
Value: Sum: 0.08312220000000001 Count: 6 Min: 0.0014869 Max: 0.0339831 
(-Infinity,0,005]:3
(0,005,0,01]:0
(0,01,0,025]:1
(0,025,0,05]:2
(0,05,0,075]:0
(0,075,0,1]:0
(0,1,0,25]:0
(0,25,0,5]:0
(0,5,0,75]:0
(0,75,1]:0
(1,2,5]:0
(2,5,5]:0
(5,7,5]:0
(7,5,10]:0
(10,+Infinity]:0
(2026-06-08T01:29:12.1744365Z, 2026-06-08T01:29:13.6891182Z] http.request.method: POST http.response.status_code: 400 http.route: api/orders network.protocol.version: 1.1 url.scheme: http
Value: Sum: 0.0037446 Count: 1 Min: 0.0037446 Max: 0.0037446 
(-Infinity,0,005]:1
(0,005,0,01]:0
(0,01,0,025]:0
(0,025,0,05]:0
(0,05,0,075]:0
(0,075,0,1]:0
(0,1,0,25]:0
(0,25,0,5]:0
(0,5,0,75]:0
(0,75,1]:0
(1,2,5]:0
(2,5,5]:0
(5,7,5]:0
(7,5,10]:0
(10,+Infinity]:0
(2026-06-08T01:29:12.1744365Z, 2026-06-08T01:29:13.6891182Z] http.request.method: GET http.response.status_code: 200 http.route: api/LandingPageContent/section/{section} network.protocol.version: 1.1 url.scheme: http
Value: Sum: 0.0088289 Count: 1 Min: 0.0088289 Max: 0.0088289 
(-Infinity,0,005]:0
(0,005,0,01]:1
(0,01,0,025]:0
(0,025,0,05]:0
(0,05,0,075]:0
(0,075,0,1]:0
(0,1,0,25]:0
(0,25,0,5]:0
(0,5,0,75]:0
(0,75,1]:0
(1,2,5]:0
(2,5,5]:0
(5,7,5]:0
(7,5,10]:0
(10,+Infinity]:0
(2026-06-08T01:29:12.1744365Z, 2026-06-08T01:29:13.6891182Z] http.request.method: POST http.response.status_code: 401 http.route: api/auth/login/customer network.protocol.version: 1.1 url.scheme: http
Value: Sum: 0.3096756 Count: 4 Min: 0.0481838 Max: 0.0886141 
(-Infinity,0,005]:0
(0,005,0,01]:0
(0,01,0,025]:0
(0,025,0,05]:1
(0,05,0,075]:0
(0,075,0,1]:3
(0,1,0,25]:0
(0,25,0,5]:0
(0,5,0,75]:0
(0,75,1]:0
(1,2,5]:0
(2,5,5]:0
(5,7,5]:0
(7,5,10]:0
(10,+Infinity]:0
(2026-06-08T01:29:12.1744365Z, 2026-06-08T01:29:13.6891182Z] http.request.method: POST http.response.status_code: 201 http.route: api/stores network.protocol.version: 1.1 url.scheme: http
Value: Sum: 0.342496 Count: 10 Min: 0.006548 Max: 0.0907054 
(-Infinity,0,005]:0
(0,005,0,01]:1
(0,01,0,025]:3
(0,025,0,05]:5
(0,05,0,075]:0
(0,075,0,1]:1
(0,1,0,25]:0
(0,25,0,5]:0
(0,5,0,75]:0
(0,75,1]:0
(1,2,5]:0
(2,5,5]:0
(5,7,5]:0
(7,5,10]:0
(10,+Infinity]:0
(2026-06-08T01:29:12.1744365Z, 2026-06-08T01:29:13.6891182Z] http.request.method: POST http.response.status_code: 201 http.route: api/stores/{storeId}/products network.protocol.version: 1.1 url.scheme: http
Value: Sum: 0.13426329999999997 Count: 7 Min: 0.0019065 Max: 0.1037 
(-Infinity,0,005]:4
(0,005,0,01]:1
(0,01,0,025]:1
(0,025,0,05]:0
(0,05,0,075]:0
(0,075,0,1]:0
(0,1,0,25]:1
(0,25,0,5]:0
(0,5,0,75]:0
(0,75,1]:0
(1,2,5]:0
(2,5,5]:0
(5,7,5]:0
(7,5,10]:0
(10,+Infinity]:0
(2026-06-08T01:29:12.1744365Z, 2026-06-08T01:29:13.6891182Z] http.request.method: POST http.response.status_code: 200 http.route: api/auth/login/admin network.protocol.version: 1.1 url.scheme: http
Value: Sum: 0.0448031 Count: 1 Min: 0.0448031 Max: 0.0448031 
(-Infinity,0,005]:0
(0,005,0,01]:0
(0,01,0,025]:0
(0,025,0,05]:1
(0,05,0,075]:0
(0,075,0,1]:0
(0,1,0,25]:0
(0,25,0,5]:0
(0,5,0,75]:0
(0,75,1]:0
(1,2,5]:0
(2,5,5]:0
(5,7,5]:0
(7,5,10]:0
(10,+Infinity]:0
[22:29:13 INF] Request finished HTTP/1.1 GET http://localhost/api/stores/019ea4d9-2097-7f72-adb0-af984f3682c5/products - 200 null application/json; charset=utf-8 32.4041ms
(2026-06-08T01:29:12.1744365Z, 2026-06-08T01:29:13.6891182Z] http.request.method: POST http.response.status_code: 201 http.route: api/LandingPageContent network.protocol.version: 1.1 url.scheme: http
Value: Sum: 0.0104472 Count: 1 Min: 0.0104472 Max: 0.0104472 
(-Infinity,0,005]:0
(0,005,0,01]:0
(0,01,0,025]:1
(0,025,0,05]:0
(0,05,0,075]:0
(0,075,0,1]:0
(0,1,0,25]:0
(0,25,0,5]:0
(0,5,0,75]:0
(0,75,1]:0
(1,2,5]:0
(2,5,5]:0
(5,7,5]:0
(7,5,10]:0
(10,+Infinity]:0
(2026-06-08T01:29:12.1744365Z, 2026-06-08T01:29:13.6891182Z] http.request.method: GET http.response.status_code: 200 http.route: api/LandingPageContent network.protocol.version: 1.1 url.scheme: http
Value: Sum: 0.0014382 Count: 1 Min: 0.0014382 Max: 0.0014382 
(-Infinity,0,005]:1
(0,005,0,01]:0
(0,01,0,025]:0
(0,025,0,05]:0
(0,05,0,075]:0
(0,075,0,1]:0
(0,1,0,25]:0
(0,25,0,5]:0
(0,5,0,75]:0
(0,75,1]:0
(1,2,5]:0
(2,5,5]:0
(5,7,5]:0
(7,5,10]:0
(10,+Infinity]:0
(2026-06-08T01:29:12.1744365Z, 2026-06-08T01:29:13.6891182Z] http.request.method: POST http.response.status_code: 401 http.route: api/webhooks/asaas network.protocol.version: 1.1 url.scheme: http
Value: Sum: 0.0198709 Count: 1 Min: 0.0198709 Max: 0.0198709 
(-Infinity,0,005]:0
(0,005,0,01]:0
(0,01,0,025]:1
(0,025,0,05]:0
(0,05,0,075]:0
(0,075,0,1]:0
(0,1,0,25]:0
(0,25,0,5]:0
(0,5,0,75]:0
(0,75,1]:0
(1,2,5]:0
(2,5,5]:0
(5,7,5]:0
(7,5,10]:0
(10,+Infinity]:0
(2026-06-08T01:29:12.1744365Z, 2026-06-08T01:29:13.6891182Z] http.request.method: PUT http.response.status_code: 200 http.route: api/LandingPageContent/{id:guid} network.protocol.version: 1.1 url.scheme: http
Value: Sum: 0.0139684 Count: 1 Min: 0.0139684 Max: 0.0139684 
(-Infinity,0,005]:0
(0,005,0,01]:0
(0,01,0,025]:1
(0,025,0,05]:0
(0,05,0,075]:0
(0,075,0,1]:0
(0,1,0,25]:0
(0,25,0,5]:0
(0,5,0,75]:0
(0,75,1]:0
(1,2,5]:0
(2,5,5]:0
(5,7,5]:0
(7,5,10]:0
(10,+Infinity]:0
(2026-06-08T01:29:12.1744365Z, 2026-06-08T01:29:13.6891182Z] http.request.method: PATCH http.response.status_code: 200 http.route: api/stores/{storeId}/products/{productId}/availability network.protocol.version: 1.1 url.scheme: http
Value: Sum: 0.0573561 Count: 2 Min: 0.0278579 Max: 0.0294982 
(-Infinity,0,005]:0
(0,005,0,01]:0
(0,01,0,025]:0
(0,025,0,05]:2
(0,05,0,075]:0
(0,075,0,1]:0
(0,1,0,25]:0
(0,25,0,5]:0
(0,5,0,75]:0
(0,75,1]:0
(1,2,5]:0
(2,5,5]:0
(5,7,5]:0
(7,5,10]:0
(10,+Infinity]:0
Activity.TraceId:            5a93eb5fe7710a82fa2798d115894222
(2026-06-08T01:29:12.1744365Z, 2026-06-08T01:29:13.6891182Z] http.request.method: DELETE http.response.status_code: 204 http.route: api/LandingPageContent/{id:guid} network.protocol.version: 1.1 url.scheme: http
Value: Sum: 0.0203273 Count: 1 Min: 0.0203273 Max: 0.0203273 
(-Infinity,0,005]:0
(0,005,0,01]:0
(0,01,0,025]:1
(0,025,0,05]:0
(0,05,0,075]:0
(0,075,0,1]:0
(0,1,0,25]:0
(0,25,0,5]:0
(0,5,0,75]:0
(0,75,1]:0
(1,2,5]:0
(2,5,5]:0
(5,7,5]:0
(7,5,10]:0
(10,+Infinity]:0
Activity.SpanId:             e08fb3333209bd29
Activity.TraceFlags:         Recorded
Activity.DisplayName:        GET api/stores/{storeId}/products
Activity.Kind:               Server
Activity.StartTime:          2026-06-08T01:29:13.6838339Z
(2026-06-08T01:29:12.1744365Z, 2026-06-08T01:29:13.6891182Z] http.request.method: GET http.response.status_code: 200 http.route: api/stores/{storeId}/products network.protocol.version: 1.1 url.scheme: http
Value: Sum: 0.1352451 Count: 3 Min: 0.0373003 Max: 0.0550818 
(-Infinity,0,005]:0
(0,005,0,01]:0
(0,01,0,025]:0
(0,025,0,05]:2
(0,05,0,075]:1
(0,075,0,1]:0
(0,1,0,25]:0
(0,25,0,5]:0
(0,5,0,75]:0
(0,75,1]:0
(1,2,5]:0
(2,5,5]:0
(5,7,5]:0
(7,5,10]:0
(10,+Infinity]:0
Activity.Duration:           00:00:00.0325043
(2026-06-08T01:29:12.1744365Z, 2026-06-08T01:29:13.6891182Z] http.request.method: GET http.response.status_code: 404 http.route: api/LandingPageContent/{id:guid} network.protocol.version: 1.1 url.scheme: http
Value: Sum: 0.03709 Count: 1 Min: 0.03709 Max: 0.03709 
(-Infinity,0,005]:0
(0,005,0,01]:0
(0,01,0,025]:0
(0,025,0,05]:1
(0,05,0,075]:0
(0,075,0,1]:0
(0,1,0,25]:0
(0,25,0,5]:0
(0,5,0,75]:0
(0,75,1]:0
(1,2,5]:0
(2,5,5]:0
(5,7,5]:0
(7,5,10]:0
(10,+Infinity]:0
Activity.Tags:
    server.address: localhost
(2026-06-08T01:29:12.1744365Z, 2026-06-08T01:29:13.6891182Z] http.request.method: GET http.response.status_code: 200 http.route: api/public/stores/{storeId}/catalog/products network.protocol.version: 1.1 url.scheme: http
Value: Sum: 0.08218929999999999 Count: 3 Min: 0.0011791 Max: 0.0431113 
(-Infinity,0,005]:1
(0,005,0,01]:0
(0,01,0,025]:0
(0,025,0,05]:2
(0,05,0,075]:0
(0,075,0,1]:0
(0,1,0,25]:0
(0,25,0,5]:0
(0,5,0,75]:0
(0,75,1]:0
(1,2,5]:0
(2,5,5]:0
(5,7,5]:0
(7,5,10]:0
(10,+Infinity]:0
    http.request.method: GET
    url.scheme: http
    url.path: /api/stores/019ea4d9-2097-7f72-adb0-af984f3682c5/products
    network.protocol.version: 1.1
(2026-06-08T01:29:12.1744365Z, 2026-06-08T01:29:13.6891182Z] http.request.method: POST http.response.status_code: 403 http.route: api/LandingPageContent network.protocol.version: 1.1 url.scheme: http
Value: Sum: 0.0275272 Count: 1 Min: 0.0275272 Max: 0.0275272 
(-Infinity,0,005]:0
(0,005,0,01]:0
(0,01,0,025]:0
(0,025,0,05]:1
(0,05,0,075]:0
(0,075,0,1]:0
(0,1,0,25]:0
(0,25,0,5]:0
(0,5,0,75]:0
(0,75,1]:0
(1,2,5]:0
(2,5,5]:0
(5,7,5]:0
(7,5,10]:0
(10,+Infinity]:0
    http.route: api/stores/{storeId}/products
    http.response.status_code: 200
(2026-06-08T01:29:12.1744365Z, 2026-06-08T01:29:13.6891182Z] http.request.method: GET http.response.status_code: 200 http.route: api/public/stores/{storeId}/catalog/categories network.protocol.version: 1.1 url.scheme: http
Value: Sum: 0.0689189 Count: 2 Min: 0.0316512 Max: 0.0372677 
(-Infinity,0,005]:0
(0,005,0,01]:0
(0,01,0,025]:0
(0,025,0,05]:2
(0,05,0,075]:0
(0,075,0,1]:0
(0,1,0,25]:0
(0,25,0,5]:0
(0,5,0,75]:0
(0,75,1]:0
(1,2,5]:0
(2,5,5]:0
(5,7,5]:0
(7,5,10]:0
(10,+Infinity]:0
Instrumentation scope (ActivitySource):
    Name: Microsoft.AspNetCore
Resource associated with Activity:
    telemetry.sdk.name: opentelemetry
    telemetry.sdk.language: dotnet
(2026-06-08T01:29:12.1744365Z, 2026-06-08T01:29:13.6891182Z] http.request.method: POST http.response.status_code: 200 http.route: api/webhooks/asaas network.protocol.version: 1.1 url.scheme: http
Value: Sum: 0.1848609 Count: 4 Min: 0.0009595 Max: 0.1163226 
(-Infinity,0,005]:1
(0,005,0,01]:0
(0,01,0,025]:0
(0,025,0,05]:2
(0,05,0,075]:0
(0,075,0,1]:0
(0,1,0,25]:1
(0,25,0,5]:0
(0,5,0,75]:0
(0,75,1]:0
(1,2,5]:0
(2,5,5]:0
(5,7,5]:0
(7,5,10]:0
(10,+Infinity]:0
    telemetry.sdk.version: 1.14.0
    service.name: unknown_service:testhost
(2026-06-08T01:29:12.1744365Z, 2026-06-08T01:29:13.6891182Z] http.request.method: POST http.response.status_code: 423 http.route: api/auth/login/customer network.protocol.version: 1.1 url.scheme: http
Value: Sum: 0.1795756 Count: 2 Min: 0.0669056 Max: 0.11267 
(-Infinity,0,005]:0
(0,005,0,01]:0
(0,01,0,025]:0
(0,025,0,05]:0
(0,05,0,075]:1
(0,075,0,1]:0
(0,1,0,25]:1
(0,25,0,5]:0
(0,5,0,75]:0
(0,75,1]:0
(1,2,5]:0
(2,5,5]:0
(5,7,5]:0
(7,5,10]:0
(10,+Infinity]:0
(2026-06-08T01:29:12.1744365Z, 2026-06-08T01:29:13.6891182Z] http.request.method: PUT http.response.status_code: 403 http.route: api/stores/{storeId}/address network.protocol.version: 1.1 url.scheme: http
Value: Sum: 0.1012389 Count: 1 Min: 0.1012389 Max: 0.1012389 
(-Infinity,0,005]:0
(0,005,0,01]:0
(0,01,0,025]:0
(0,025,0,05]:0
(0,05,0,075]:0
(0,075,0,1]:0
(0,1,0,25]:1
(0,25,0,5]:0
(0,5,0,75]:0
(0,75,1]:0
(1,2,5]:0
(2,5,5]:0
(5,7,5]:0
(7,5,10]:0
(10,+Infinity]:0
(2026-06-08T01:29:12.1744365Z, 2026-06-08T01:29:13.6891182Z] http.request.method: GET http.response.status_code: 200 http.route: api/subscriptions/my/charges network.protocol.version: 1.1 url.scheme: http
Value: Sum: 0.1129241 Count: 2 Min: 0.0019821 Max: 0.110942 
(-Infinity,0,005]:1
(0,005,0,01]:0
(0,01,0,025]:0
(0,025,0,05]:0
(0,05,0,075]:0
(0,075,0,1]:0
(0,1,0,25]:1
(0,25,0,5]:0
(0,5,0,75]:0
(0,75,1]:0
(1,2,5]:0
(2,5,5]:0
(5,7,5]:0
(7,5,10]:0
(10,+Infinity]:0
(2026-06-08T01:29:12.1744365Z, 2026-06-08T01:29:13.6891182Z] http.request.method: DELETE http.response.status_code: 204 http.route: api/stores/{storeId}/products/{productId} network.protocol.version: 1.1 url.scheme: http
Value: Sum: 0.0439274 Count: 1 Min: 0.0439274 Max: 0.0439274 
(-Infinity,0,005]:0
(0,005,0,01]:0
(0,01,0,025]:0
(0,025,0,05]:1
(0,05,0,075]:0
(0,075,0,1]:0
(0,1,0,25]:0
(0,25,0,5]:0
(0,5,0,75]:0
(0,75,1]:0
(1,2,5]:0
(2,5,5]:0
(5,7,5]:0
(7,5,10]:0
(10,+Infinity]:0
(2026-06-08T01:29:12.1744365Z, 2026-06-08T01:29:13.6891182Z] http.request.method: POST http.response.status_code: 200 http.route: api/auth/login/customer network.protocol.version: 1.1 url.scheme: http
Value: Sum: 0.0992088 Count: 1 Min: 0.0992088 Max: 0.0992088 
(-Infinity,0,005]:0
(0,005,0,01]:0
(0,01,0,025]:0
(0,025,0,05]:0
(0,05,0,075]:0
(0,075,0,1]:1
(0,1,0,25]:0
(0,25,0,5]:0
(0,5,0,75]:0
(0,75,1]:0
(1,2,5]:0
(2,5,5]:0
(5,7,5]:0
(7,5,10]:0
(10,+Infinity]:0
(2026-06-08T01:29:12.1744365Z, 2026-06-08T01:29:13.6891182Z] http.request.method: GET http.response.status_code: 200 http.route: api/customer/home network.protocol.version: 1.1 url.scheme: http
Value: Sum: 0.0385877 Count: 1 Min: 0.0385877 Max: 0.0385877 
(-Infinity,0,005]:0
(0,005,0,01]:0
(0,01,0,025]:0
(0,025,0,05]:1
(0,05,0,075]:0
(0,075,0,1]:0
(0,1,0,25]:0
(0,25,0,5]:0
(0,5,0,75]:0
(0,75,1]:0
(1,2,5]:0
(2,5,5]:0
(5,7,5]:0
(7,5,10]:0
(10,+Infinity]:0
(2026-06-08T01:29:12.1744365Z, 2026-06-08T01:29:13.6891182Z] http.request.method: PUT http.response.status_code: 200 http.route: api/stores/{storeId}/address network.protocol.version: 1.1 url.scheme: http
Value: Sum: 0.1672082 Count: 1 Min: 0.1672082 Max: 0.1672082 
(-Infinity,0,005]:0
(0,005,0,01]:0
(0,01,0,025]:0
(0,025,0,05]:0
(0,05,0,075]:0
(0,075,0,1]:0
(0,1,0,25]:1
(0,25,0,5]:0
(0,5,0,75]:0
(0,75,1]:0
(1,2,5]:0
(2,5,5]:0
(5,7,5]:0
(7,5,10]:0
(10,+Infinity]:0
(2026-06-08T01:29:12.1744365Z, 2026-06-08T01:29:13.6891182Z] http.request.method: GET http.response.status_code: 200 http.route: api/stores/{storeId}/address network.protocol.version: 1.1 url.scheme: http
Value: Sum: 0.0339288 Count: 1 Min: 0.0339288 Max: 0.0339288 
(-Infinity,0,005]:0
(0,005,0,01]:0
(0,01,0,025]:0
(0,025,0,05]:1
(0,05,0,075]:0
(0,075,0,1]:0
(0,1,0,25]:0
(0,25,0,5]:0
(0,5,0,75]:0
(0,75,1]:0
(1,2,5]:0
(2,5,5]:0
(5,7,5]:0
(7,5,10]:0
(10,+Infinity]:0
(2026-06-08T01:29:12.1744365Z, 2026-06-08T01:29:13.6891182Z] http.request.method: GET http.response.status_code: 200 http.route: api/subscriptions/my network.protocol.version: 1.1 url.scheme: http
Value: Sum: 0.0576739 Count: 1 Min: 0.0576739 Max: 0.0576739 
(-Infinity,0,005]:0
(0,005,0,01]:0
(0,01,0,025]:0
(0,025,0,05]:0
(0,05,0,075]:1
(0,075,0,1]:0
(0,1,0,25]:0
(0,25,0,5]:0
(0,5,0,75]:0
(0,75,1]:0
(1,2,5]:0
(2,5,5]:0
(5,7,5]:0
(7,5,10]:0
(10,+Infinity]:0
[22:29:13 INF] Server fabio-mobile:44964:725b12bf caught stopping signal...
Metric Name: dotnet.gc.collections, Description: The number of garbage collections that have occurred since the process has started., Unit: {collection}, Metric Type: LongSum
Instrumentation scope (Meter):
	Name: System.Runtime
(2026-06-08T01:29:12.1744501Z, 2026-06-08T01:29:13.6891193Z] gc.heap.generation: gen2
Value: 6
(2026-06-08T01:29:12.1744501Z, 2026-06-08T01:29:13.6891193Z] gc.heap.generation: gen1
Value: 17
(2026-06-08T01:29:12.1744501Z, 2026-06-08T01:29:13.6891193Z] gc.heap.generation: gen0
Value: 50
Metric Name: dotnet.process.memory.working_set, Description: The number of bytes of physical memory mapped to the process context., Unit: By, Metric Type: LongSumNonMonotonic
Instrumentation scope (Meter):
	Name: System.Runtime
(2026-06-08T01:29:12.1744561Z, 2026-06-08T01:29:13.6891196Z]  
Value: 347262976
Metric Name: dotnet.gc.heap.total_allocated, Description: The approximate number of bytes allocated on the managed GC heap since the process has started. The returned value does not include any native allocations., Unit: By, Metric Type: LongSum
Instrumentation scope (Meter):
	Name: System.Runtime
(2026-06-08T01:29:12.1744654Z, 2026-06-08T01:29:13.6891198Z]  
Value: 531928440
Metric Name: dotnet.gc.last_collection.memory.committed_size, Description: The amount of committed virtual memory in use by the .NET GC, as observed during the latest garbage collection., Unit: By, Metric Type: LongSumNonMonotonic
Instrumentation scope (Meter):
	Name: System.Runtime
(2026-06-08T01:29:12.1744726Z, 2026-06-08T01:29:13.6891200Z]  
Value: 208576512
Metric Name: dotnet.gc.last_collection.heap.size, Description: The managed GC heap size (including fragmentation), as observed during the latest garbage collection., Unit: By, Metric Type: LongSumNonMonotonic
Instrumentation scope (Meter):
	Name: System.Runtime
(2026-06-08T01:29:12.1744792Z, 2026-06-08T01:29:13.6891204Z] gc.heap.generation: gen0
Value: 0
(2026-06-08T01:29:12.1744792Z, 2026-06-08T01:29:13.6891204Z] gc.heap.generation: gen1
Value: 2828880
(2026-06-08T01:29:12.1744792Z, 2026-06-08T01:29:13.6891204Z] gc.heap.generation: gen2
Value: 83284592
(2026-06-08T01:29:12.1744792Z, 2026-06-08T01:29:13.6891204Z] gc.heap.generation: loh
Value: 111948152
(2026-06-08T01:29:12.1744792Z, 2026-06-08T01:29:13.6891204Z] gc.heap.generation: poh
Value: 123736
Metric Name: dotnet.gc.last_collection.heap.fragmentation.size, Description: The heap fragmentation, as observed during the latest garbage collection., Unit: By, Metric Type: LongSumNonMonotonic
Instrumentation scope (Meter):
	Name: System.Runtime
(2026-06-08T01:29:12.1744860Z, 2026-06-08T01:29:13.6891206Z] gc.heap.generation: gen0
Value: 0
(2026-06-08T01:29:12.1744860Z, 2026-06-08T01:29:13.6891206Z] gc.heap.generation: gen1
Value: 48920
(2026-06-08T01:29:12.1744860Z, 2026-06-08T01:29:13.6891206Z] gc.heap.generation: gen2
Value: 2742520
(2026-06-08T01:29:12.1744860Z, 2026-06-08T01:29:13.6891206Z] gc.heap.generation: loh
Value: 733608
(2026-06-08T01:29:12.1744860Z, 2026-06-08T01:29:13.6891206Z] gc.heap.generation: poh
Value: 0
Metric Name: dotnet.gc.pause.time, Description: The total amount of time paused in GC since the process has started., Unit: s, Metric Type: DoubleSum
Instrumentation scope (Meter):
	Name: System.Runtime
(2026-06-08T01:29:12.1744954Z, 2026-06-08T01:29:13.6891211Z]  
Value: 0.700525
Metric Name: dotnet.jit.compiled_il.size, Description: Count of bytes of intermediate language that have been compiled since the process has started., Unit: By, Metric Type: LongSum
Instrumentation scope (Meter):
	Name: System.Runtime
(2026-06-08T01:29:12.1745016Z, 2026-06-08T01:29:13.6891214Z]  
Value: 2409088
Metric Name: dotnet.jit.compiled_methods, Description: The number of times the JIT compiler (re)compiled methods since the process has started., Unit: {method}, Metric Type: LongSum
Instrumentation scope (Meter):
	Name: System.Runtime
(2026-06-08T01:29:12.1745082Z, 2026-06-08T01:29:13.6891216Z]  
Value: 35028
Metric Name: dotnet.jit.compilation.time, Description: The number of times the JIT compiler (re)compiled methods since the process has started., Unit: s, Metric Type: DoubleSum
Instrumentation scope (Meter):
	Name: System.Runtime
(2026-06-08T01:29:12.1745148Z, 2026-06-08T01:29:13.6891219Z]  
Value: 5.9660697
Metric Name: dotnet.monitor.lock_contentions, Description: The number of times there was contention when trying to acquire a monitor lock since the process has started., Unit: {contention}, Metric Type: LongSum
Instrumentation scope (Meter):
	Name: System.Runtime
(2026-06-08T01:29:12.1745205Z, 2026-06-08T01:29:13.6891221Z]  
Value: 5285
Metric Name: dotnet.thread_pool.thread.count, Description: The number of thread pool threads that currently exist., Unit: {thread}, Metric Type: LongSum
Instrumentation scope (Meter):
	Name: System.Runtime
(2026-06-08T01:29:12.1745274Z, 2026-06-08T01:29:13.6891222Z]  
Value: 36
Metric Name: dotnet.thread_pool.work_item.count, Description: The number of work items that the thread pool has completed since the process has started., Unit: {work_item}, Metric Type: LongSum
Instrumentation scope (Meter):
	Name: System.Runtime
(2026-06-08T01:29:12.1745335Z, 2026-06-08T01:29:13.6891225Z]  
Value: 2105
Metric Name: dotnet.thread_pool.queue.length, Description: The number of work items that are currently queued to be processed by the thread pool., Unit: {work_item}, Metric Type: LongSum
Instrumentation scope (Meter):
	Name: System.Runtime
(2026-06-08T01:29:12.1745396Z, 2026-06-08T01:29:13.6891228Z]  
Value: 0
Metric Name: dotnet.timer.count, Description: The number of timer instances that are currently active. An active timer is registered to tick at some point in the future and has not yet been canceled., Unit: {timer}, Metric Type: LongSumNonMonotonic
Instrumentation scope (Meter):
	Name: System.Runtime
(2026-06-08T01:29:12.1745511Z, 2026-06-08T01:29:13.6891229Z]  
Value: 19
Metric Name: dotnet.assembly.count, Description: The number of .NET assemblies that are currently loaded., Unit: {assembly}, Metric Type: LongSumNonMonotonic
Instrumentation scope (Meter):
	Name: System.Runtime
(2026-06-08T01:29:12.1745576Z, 2026-06-08T01:29:13.6891232Z]  
Value: 266
Metric Name: dotnet.exceptions, Description: The number of exceptions that have been thrown in managed code., Unit: {exception}, Metric Type: LongSum
Instrumentation scope (Meter):
	Name: System.Runtime
(2026-06-08T01:29:12.1745640Z, 2026-06-08T01:29:13.6891235Z] error.type: OperationCanceledException
Value: 49
(2026-06-08T01:29:12.1745640Z, 2026-06-08T01:29:13.6891235Z] error.type: XunitException
Value: 4
(2026-06-08T01:29:12.1745640Z, 2026-06-08T01:29:13.6891235Z] error.type: SocketException
Value: 12
(2026-06-08T01:29:12.1745640Z, 2026-06-08T01:29:13.6891235Z] error.type: NpgsqlException
Value: 24
(2026-06-08T01:29:12.1745640Z, 2026-06-08T01:29:13.6891235Z] error.type: RuntimeBinderException
Value: 1
Metric Name: dotnet.process.cpu.count, Description: The number of processors available to the process., Unit: {cpu}, Metric Type: LongSumNonMonotonic
Instrumentation scope (Meter):
	Name: System.Runtime
(2026-06-08T01:29:12.1745715Z, 2026-06-08T01:29:13.6891236Z]  
Value: 12
Metric Name: dotnet.process.cpu.time, Description: CPU time used by the process., Unit: s, Metric Type: DoubleSum
Instrumentation scope (Meter):
	Name: System.Runtime
(2026-06-08T01:29:12.1745783Z, 2026-06-08T01:29:13.6891240Z] cpu.mode: user
Value: 20.9375
(2026-06-08T01:29:12.1745783Z, 2026-06-08T01:29:13.6891240Z] cpu.mode: system
Value: 3.3125
Metric Name: dns.lookup.duration, Description: Measures the time taken to perform a DNS lookup., Unit: s, Metric Type: Histogram
Instrumentation scope (Meter):
	Name: System.Net.NameResolution
(2026-06-08T01:29:12.1745869Z, 2026-06-08T01:29:13.6891251Z] dns.question.name: localhost
Value: Sum: 0.0012198 Count: 2 Min: 0.0004256 Max: 0.0007942 
(-Infinity,0,005]:2
(0,005,0,01]:0
(0,01,0,025]:0
(0,025,0,05]:0
(0,05,0,075]:0
(0,075,0,1]:0
(0,1,0,25]:0
(0,25,0,5]:0
(0,5,0,75]:0
(0,75,1]:0
(1,2,5]:0
(2,5,5]:0
(5,7,5]:0
(7,5,10]:0
(10,+Infinity]:0
Metric Name: aspnetcore.routing.match_attempts, Description: Number of requests that were attempted to be matched to an endpoint., Unit: {match_attempt}, Metric Type: LongSum
Instrumentation scope (Meter):
	Name: Microsoft.AspNetCore.Routing
(2026-06-08T01:29:12.1745933Z, 2026-06-08T01:29:13.6891258Z] aspnetcore.routing.is_fallback: false aspnetcore.routing.match_status: success http.route: api/auth/register/customer
Value: 2
(2026-06-08T01:29:12.1745933Z, 2026-06-08T01:29:13.6891258Z] aspnetcore.routing.is_fallback: false aspnetcore.routing.match_status: success http.route: api/stores/{storeId}/categories
Value: 7
(2026-06-08T01:29:12.1745933Z, 2026-06-08T01:29:13.6891258Z] aspnetcore.routing.is_fallback: false aspnetcore.routing.match_status: success http.route: api/auth/login/seller
Value: 9
(2026-06-08T01:29:12.1745933Z, 2026-06-08T01:29:13.6891258Z] aspnetcore.routing.is_fallback: false aspnetcore.routing.match_status: success http.route: api/orders
Value: 1
(2026-06-08T01:29:12.1745933Z, 2026-06-08T01:29:13.6891258Z] aspnetcore.routing.is_fallback: false aspnetcore.routing.match_status: success http.route: api/LandingPageContent/section/{section}
Value: 1
(2026-06-08T01:29:12.1745933Z, 2026-06-08T01:29:13.6891258Z] aspnetcore.routing.is_fallback: false aspnetcore.routing.match_status: success http.route: api/auth/login/customer
Value: 7
(2026-06-08T01:29:12.1745933Z, 2026-06-08T01:29:13.6891258Z] aspnetcore.routing.is_fallback: false aspnetcore.routing.match_status: success http.route: api/stores
Value: 8
(2026-06-08T01:29:12.1745933Z, 2026-06-08T01:29:13.6891258Z] aspnetcore.routing.is_fallback: false aspnetcore.routing.match_status: success http.route: api/stores/{storeId}/products
Value: 11
(2026-06-08T01:29:12.1745933Z, 2026-06-08T01:29:13.6891258Z] aspnetcore.routing.is_fallback: false aspnetcore.routing.match_status: success http.route: api/auth/login/admin
Value: 1
(2026-06-08T01:29:12.1745933Z, 2026-06-08T01:29:13.6891258Z] aspnetcore.routing.is_fallback: false aspnetcore.routing.match_status: success http.route: api/LandingPageContent
Value: 3
(2026-06-08T01:29:12.1745933Z, 2026-06-08T01:29:13.6891258Z] aspnetcore.routing.is_fallback: false aspnetcore.routing.match_status: success http.route: api/LandingPageContent/{id:guid}
Value: 3
(2026-06-08T01:29:12.1745933Z, 2026-06-08T01:29:13.6891258Z] aspnetcore.routing.is_fallback: false aspnetcore.routing.match_status: success http.route: api/stores/{storeId}/products/{productId}/availability
Value: 2
(2026-06-08T01:29:12.1745933Z, 2026-06-08T01:29:13.6891258Z] aspnetcore.routing.is_fallback: false aspnetcore.routing.match_status: success http.route: api/auth/register/seller
Value: 7
(2026-06-08T01:29:12.1745933Z, 2026-06-08T01:29:13.6891258Z] aspnetcore.routing.is_fallback: false aspnetcore.routing.match_status: success http.route: api/public/stores/{storeId}/catalog/products
Value: 3
(2026-06-08T01:29:12.1745933Z, 2026-06-08T01:29:13.6891258Z] aspnetcore.routing.is_fallback: false aspnetcore.routing.match_status: success http.route: api/stores/{storeId}/address
Value: 3
(2026-06-08T01:29:12.1745933Z, 2026-06-08T01:29:13.6891258Z] aspnetcore.routing.is_fallback: false aspnetcore.routing.match_status: success http.route: api/public/stores/{storeId}/catalog/categories
Value: 2
(2026-06-08T01:29:12.1745933Z, 2026-06-08T01:29:13.6891258Z] aspnetcore.routing.is_fallback: false aspnetcore.routing.match_status: success http.route: api/stores/{storeId}/products/{productId}
Value: 1
(2026-06-08T01:29:12.1745933Z, 2026-06-08T01:29:13.6891258Z] aspnetcore.routing.is_fallback: false aspnetcore.routing.match_status: success http.route: api/customer/home
Value: 1
Metric Name: aspnetcore.routing.match_attempts, Description: Number of requests that were attempted to be matched to an endpoint., Unit: {match_attempt}, Metric Type: LongSum
Instrumentation scope (Meter):
	Name: Microsoft.AspNetCore.Routing
(2026-06-08T01:29:12.4301353Z, 2026-06-08T01:29:13.6891274Z] aspnetcore.routing.is_fallback: false aspnetcore.routing.match_status: success http.route: api/webhooks/asaas
Value: 5
(2026-06-08T01:29:12.4301353Z, 2026-06-08T01:29:13.6891274Z] aspnetcore.routing.is_fallback: false aspnetcore.routing.match_status: success http.route: api/auth/register/seller
Value: 2
(2026-06-08T01:29:12.4301353Z, 2026-06-08T01:29:13.6891274Z] aspnetcore.routing.is_fallback: false aspnetcore.routing.match_status: success http.route: api/auth/login/seller
Value: 2
(2026-06-08T01:29:12.4301353Z, 2026-06-08T01:29:13.6891274Z] aspnetcore.routing.is_fallback: false aspnetcore.routing.match_status: success http.route: api/stores
Value: 2
(2026-06-08T01:29:12.4301353Z, 2026-06-08T01:29:13.6891274Z] aspnetcore.routing.is_fallback: false aspnetcore.routing.match_status: success http.route: api/subscriptions/my/charges
Value: 2
(2026-06-08T01:29:12.4301353Z, 2026-06-08T01:29:13.6891274Z] aspnetcore.routing.is_fallback: false aspnetcore.routing.match_status: success http.route: api/subscriptions/my
Value: 1
[22:29:13 INF] Server fabio-mobile:44964:725b12bf All dispatchers stopped
[22:29:13 INF] Server fabio-mobile:44964:725b12bf successfully reported itself as stopped in 0,0229 ms
[22:29:13 INF] Server fabio-mobile:44964:725b12bf has been stopped in total 0,7362 ms
Resource associated with Metrics:
	telemetry.sdk.name: opentelemetry
	telemetry.sdk.language: dotnet
	telemetry.sdk.version: 1.14.0
	service.name: unknown_service:testhost
Metric Name: http.server.active_requests, Description: Number of active HTTP server requests., Unit: {request}, Metric Type: LongSumNonMonotonic
Instrumentation scope (Meter):
	Name: Microsoft.AspNetCore.Hosting
(2026-06-08T01:29:09.0724222Z, 2026-06-08T01:29:13.7500431Z] http.request.method: POST url.scheme: http
Value: -6
(2026-06-08T01:29:09.0724222Z, 2026-06-08T01:29:13.7500431Z] http.request.method: PATCH url.scheme: http
Value: 0
(2026-06-08T01:29:09.0724222Z, 2026-06-08T01:29:13.7500431Z] http.request.method: DELETE url.scheme: http
Value: 0
(2026-06-08T01:29:09.0724222Z, 2026-06-08T01:29:13.7500431Z] http.request.method: GET url.scheme: http
Value: 0
(2026-06-08T01:29:09.0724222Z, 2026-06-08T01:29:13.7500431Z] http.request.method: PUT url.scheme: http
Value: 0
Metric Name: http.server.request.duration, Description: Duration of HTTP server requests., Unit: s, Metric Type: Histogram
Instrumentation scope (Meter):
	Name: Microsoft.AspNetCore.Hosting
(2026-06-08T01:29:09.0724366Z, 2026-06-08T01:29:13.7500587Z] http.request.method: POST http.response.status_code: 409 http.route: api/stores network.protocol.version: 1.1 url.scheme: http
Value: Sum: 0.0766215 Count: 1 Min: 0.0766215 Max: 0.0766215 
(-Infinity,0,005]:0
(0,005,0,01]:0
(0,01,0,025]:0
(0,025,0,05]:0
(0,05,0,075]:0
(0,075,0,1]:1
(0,1,0,25]:0
(0,25,0,5]:0
(0,5,0,75]:0
(0,75,1]:0
(1,2,5]:0
(2,5,5]:0
(5,7,5]:0
(7,5,10]:0
(10,+Infinity]:0
(2026-06-08T01:29:09.0724366Z, 2026-06-08T01:29:13.7500587Z] http.request.method: POST http.response.status_code: 201 http.route: api/stores/{storeId}/categories network.protocol.version: 1.1 url.scheme: http
Value: Sum: 0.7417424 Count: 8 Min: 0.0015526 Max: 0.2265858 
(-Infinity,0,005]:1
(0,005,0,01]:0
(0,01,0,025]:1
(0,025,0,05]:1
(0,05,0,075]:2
(0,075,0,1]:0
(0,1,0,25]:3
(0,25,0,5]:0
(0,5,0,75]:0
(0,75,1]:0
(1,2,5]:0
(2,5,5]:0
(5,7,5]:0
(7,5,10]:0
(10,+Infinity]:0
(2026-06-08T01:29:09.0724366Z, 2026-06-08T01:29:13.7500587Z] http.request.method: POST http.response.status_code: 201 http.route: api/auth/register/seller network.protocol.version: 1.1 url.scheme: http
Value: Sum: 3.536443 Count: 20 Min: 0.0570142 Max: 0.2961054 
(-Infinity,0,005]:0
(0,005,0,01]:0
(0,01,0,025]:0
(0,025,0,05]:0
(0,05,0,075]:2
(0,075,0,1]:1
(0,1,0,25]:14
(0,25,0,5]:3
(0,5,0,75]:0
(0,75,1]:0
(1,2,5]:0
(2,5,5]:0
(5,7,5]:0
(7,5,10]:0
(10,+Infinity]:0
(2026-06-08T01:29:09.0724366Z, 2026-06-08T01:29:13.7500587Z] http.request.method: POST http.response.status_code: 201 http.route: api/customer/addresses network.protocol.version: 1.1 url.scheme: http
Value: Sum: 0.891328 Count: 8 Min: 0.0041332 Max: 0.185186 
(-Infinity,0,005]:1
(0,005,0,01]:0
(0,01,0,025]:0
(0,025,0,05]:0
(0,05,0,075]:0
(0,075,0,1]:2
(0,1,0,25]:5
(0,25,0,5]:0
(0,5,0,75]:0
(0,75,1]:0
(1,2,5]:0
(2,5,5]:0
(5,7,5]:0
(7,5,10]:0
(10,+Infinity]:0
(2026-06-08T01:29:09.0724366Z, 2026-06-08T01:29:13.7500587Z] http.request.method: POST http.response.status_code: 201 http.route: api/stores network.protocol.version: 1.1 url.scheme: http
Value: Sum: 2.1092349999999995 Count: 19 Min: 0.006548 Max: 0.2174581 
(-Infinity,0,005]:0
(0,005,0,01]:1
(0,01,0,025]:0
(0,025,0,05]:2
(0,05,0,075]:3
(0,075,0,1]:2
(0,1,0,25]:11
(0,25,0,5]:0
(0,5,0,75]:0
(0,75,1]:0
(1,2,5]:0
(2,5,5]:0
(5,7,5]:0
(7,5,10]:0
(10,+Infinity]:0
(2026-06-08T01:29:09.0724366Z, 2026-06-08T01:29:13.7500587Z] http.request.method: PATCH http.response.status_code: 200 http.route: api/stores/{storeId}/status network.protocol.version: 1.1 url.scheme: http
Value: Sum: 0.465865 Count: 6 Min: 0.0343557 Max: 0.1192859 
(-Infinity,0,005]:0
(0,005,0,01]:0
(0,01,0,025]:0
(0,025,0,05]:2
(0,05,0,075]:1
(0,075,0,1]:1
(0,1,0,25]:2
(0,25,0,5]:0
(0,5,0,75]:0
(0,75,1]:0
(1,2,5]:0
(2,5,5]:0
(5,7,5]:0
(7,5,10]:0
(10,+Infinity]:0
(2026-06-08T01:29:09.0724366Z, 2026-06-08T01:29:13.7500587Z] http.request.method: POST http.response.status_code: 200 http.route: api/auth/login/seller network.protocol.version: 1.1 url.scheme: http
Value: Sum: 2.5732532999999997 Count: 18 Min: 0.0465088 Max: 0.2704716 
(-Infinity,0,005]:0
(0,005,0,01]:0
(0,01,0,025]:0
(0,025,0,05]:2
(0,05,0,075]:0
(0,075,0,1]:2
(0,1,0,25]:13
(0,25,0,5]:1
(0,5,0,75]:0
(0,75,1]:0
(1,2,5]:0
(2,5,5]:0
(5,7,5]:0
(7,5,10]:0
(10,+Infinity]:0
(2026-06-08T01:29:09.0724366Z, 2026-06-08T01:29:13.7500587Z] http.request.method: GET http.response.status_code: 200 http.route: api/stores/my-store network.protocol.version: 1.1 url.scheme: http
Value: Sum: 0.0368988 Count: 1 Min: 0.0368988 Max: 0.0368988 
(-Infinity,0,005]:0
(0,005,0,01]:0
(0,01,0,025]:0
(0,025,0,05]:1
(0,05,0,075]:0
(0,075,0,1]:0
(0,1,0,25]:0
(0,25,0,5]:0
(0,5,0,75]:0
(0,75,1]:0
(1,2,5]:0
(2,5,5]:0
(5,7,5]:0
(7,5,10]:0
(10,+Infinity]:0
(2026-06-08T01:29:09.0724366Z, 2026-06-08T01:29:13.7500587Z] http.request.method: DELETE http.response.status_code: 204 http.route: api/stores/{storeId}/categories/{categoryId} network.protocol.version: 1.1 url.scheme: http
Value: Sum: 0.1598871 Count: 1 Min: 0.1598871 Max: 0.1598871 
(-Infinity,0,005]:0
(0,005,0,01]:0
(0,01,0,025]:0
(0,025,0,05]:0
(0,05,0,075]:0
(0,075,0,1]:0
(0,1,0,25]:1
(0,25,0,5]:0
(0,5,0,75]:0
(0,75,1]:0
(1,2,5]:0
(2,5,5]:0
(5,7,5]:0
(7,5,10]:0
(10,+Infinity]:0
(2026-06-08T01:29:09.0724366Z, 2026-06-08T01:29:13.7500587Z] http.request.method: POST http.response.status_code: 400 http.route: api/auth/email/confirm/{code} network.protocol.version: 1.1 url.scheme: http
Value: Sum: 0.0632913 Count: 1 Min: 0.0632913 Max: 0.0632913 
(-Infinity,0,005]:0
(0,005,0,01]:0
(0,01,0,025]:0
(0,025,0,05]:0
(0,05,0,075]:1
(0,075,0,1]:0
(0,1,0,25]:0
(0,25,0,5]:0
(0,5,0,75]:0
(0,75,1]:0
(1,2,5]:0
(2,5,5]:0
(5,7,5]:0
(7,5,10]:0
(10,+Infinity]:0
(2026-06-08T01:29:09.0724366Z, 2026-06-08T01:29:13.7500587Z] http.request.method: POST http.response.status_code: 400 http.route: api/checkout/preview network.protocol.version: 1.1 url.scheme: http
Value: Sum: 0.47796879999999997 Count: 3 Min: 0.1399817 Max: 0.1847957 
(-Infinity,0,005]:0
(0,005,0,01]:0
(0,01,0,025]:0
(0,025,0,05]:0
(0,05,0,075]:0
(0,075,0,1]:0
(0,1,0,25]:3
(0,25,0,5]:0
(0,5,0,75]:0
(0,75,1]:0
(1,2,5]:0
(2,5,5]:0
(5,7,5]:0
(7,5,10]:0
(10,+Infinity]:0
(2026-06-08T01:29:09.0724366Z, 2026-06-08T01:29:13.7500587Z] http.request.method: POST http.response.status_code: 400 http.route: api/orders network.protocol.version: 1.1 url.scheme: http
Value: Sum: 0.427646 Count: 5 Min: 0.0016659 Max: 0.1575988 
(-Infinity,0,005]:2
(0,005,0,01]:0
(0,01,0,025]:0
(0,025,0,05]:0
(0,05,0,075]:0
(0,075,0,1]:0
(0,1,0,25]:3
(0,25,0,5]:0
(0,5,0,75]:0
(0,75,1]:0
(1,2,5]:0
(2,5,5]:0
(5,7,5]:0
(7,5,10]:0
(10,+Infinity]:0
(2026-06-08T01:29:09.0724366Z, 2026-06-08T01:29:13.7500587Z] http.request.method: PATCH http.response.status_code: 200 http.route: api/stores/{storeId}/delivery-config network.protocol.version: 1.1 url.scheme: http
Value: Sum: 0.5325885 Count: 5 Min: 0.0737496 Max: 0.1349803 
(-Infinity,0,005]:0
(0,005,0,01]:0
(0,01,0,025]:0
(0,025,0,05]:0
(0,05,0,075]:1
(0,075,0,1]:1
(0,1,0,25]:3
(0,25,0,5]:0
(0,5,0,75]:0
(0,75,1]:0
(1,2,5]:0
(2,5,5]:0
(5,7,5]:0
(7,5,10]:0
(10,+Infinity]:0
(2026-06-08T01:29:09.0724366Z, 2026-06-08T01:29:13.7500587Z] http.request.method: POST http.response.status_code: 200 http.route: api/auth/login/admin network.protocol.version: 1.1 url.scheme: http
Value: Sum: 0.36921269999999995 Count: 3 Min: 0.0830577 Max: 0.15322 
(-Infinity,0,005]:0
(0,005,0,01]:0
(0,01,0,025]:0
(0,025,0,05]:0
(0,05,0,075]:0
(0,075,0,1]:1
(0,1,0,25]:2
(0,25,0,5]:0
(0,5,0,75]:0
(0,75,1]:0
(1,2,5]:0
(2,5,5]:0
(5,7,5]:0
(7,5,10]:0
(10,+Infinity]:0
(2026-06-08T01:29:09.0724366Z, 2026-06-08T01:29:13.7500587Z] http.request.method: GET http.response.status_code: 200 http.route: api/stores/{storeId}/categories network.protocol.version: 1.1 url.scheme: http
Value: Sum: 0.44175180000000003 Count: 4 Min: 0.0388313 Max: 0.1700696 
(-Infinity,0,005]:0
(0,005,0,01]:0
(0,01,0,025]:0
(0,025,0,05]:1
(0,05,0,075]:0
(0,075,0,1]:0
(0,1,0,25]:3
(0,25,0,5]:0
(0,5,0,75]:0
(0,75,1]:0
(1,2,5]:0
(2,5,5]:0
(5,7,5]:0
(7,5,10]:0
(10,+Infinity]:0
(2026-06-08T01:29:09.0724366Z, 2026-06-08T01:29:13.7500587Z] http.request.method: POST http.response.status_code: 400 http.route: api/stores network.protocol.version: 1.1 url.scheme: http
Value: Sum: 0.0445437 Count: 1 Min: 0.0445437 Max: 0.0445437 
(-Infinity,0,005]:0
(0,005,0,01]:0
(0,01,0,025]:0
(0,025,0,05]:1
(0,05,0,075]:0
(0,075,0,1]:0
(0,1,0,25]:0
(0,25,0,5]:0
(0,5,0,75]:0
(0,75,1]:0
(1,2,5]:0
(2,5,5]:0
(5,7,5]:0
(7,5,10]:0
(10,+Infinity]:0
(2026-06-08T01:29:09.0724366Z, 2026-06-08T01:29:13.7500587Z] http.request.method: POST http.response.status_code: 201 http.route: api/admin/plans network.protocol.version: 1.1 url.scheme: http
Value: Sum: 0.1508375 Count: 2 Min: 0.0746597 Max: 0.0761778 
(-Infinity,0,005]:0
(0,005,0,01]:0
(0,01,0,025]:0
(0,025,0,05]:0
(0,05,0,075]:1
(0,075,0,1]:1
(0,1,0,25]:0
(0,25,0,5]:0
(0,5,0,75]:0
(0,75,1]:0
(1,2,5]:0
(2,5,5]:0
(5,7,5]:0
(7,5,10]:0
(10,+Infinity]:0
(2026-06-08T01:29:09.0724366Z, 2026-06-08T01:29:13.7500587Z] http.request.method: POST http.response.status_code: 201 http.route: api/auth/register/customer network.protocol.version: 1.1 url.scheme: http
Value: Sum: 1.1316932 Count: 6 Min: 0.1455471 Max: 0.2380296 
(-Infinity,0,005]:0
(0,005,0,01]:0
(0,01,0,025]:0
(0,025,0,05]:0
(0,05,0,075]:0
(0,075,0,1]:0
(0,1,0,25]:6
(0,25,0,5]:0
(0,5,0,75]:0
(0,75,1]:0
(1,2,5]:0
(2,5,5]:0
(5,7,5]:0
(7,5,10]:0
(10,+Infinity]:0
(2026-06-08T01:29:09.0724366Z, 2026-06-08T01:29:13.7500587Z] http.request.method: POST http.response.status_code: 201 http.route: api/subscriptions/contract network.protocol.version: 1.1 url.scheme: http
Value: Sum: 0.1357914 Count: 1 Min: 0.1357914 Max: 0.1357914 
(-Infinity,0,005]:0
(0,005,0,01]:0
(0,01,0,025]:0
(0,025,0,05]:0
(0,05,0,075]:0
(0,075,0,1]:0
(0,1,0,25]:1
(0,25,0,5]:0
(0,5,0,75]:0
(0,75,1]:0
(1,2,5]:0
(2,5,5]:0
(5,7,5]:0
(7,5,10]:0
(10,+Infinity]:0
(2026-06-08T01:29:09.0724366Z, 2026-06-08T01:29:13.7500587Z] http.request.method: POST http.response.status_code: 204 http.route: api/admin/subscriptions/status network.protocol.version: 1.1 url.scheme: http
Value: Sum: 0.0911552 Count: 1 Min: 0.0911552 Max: 0.0911552 
(-Infinity,0,005]:0
(0,005,0,01]:0
(0,01,0,025]:0
(0,025,0,05]:0
(0,05,0,075]:0
(0,075,0,1]:1
(0,1,0,25]:0
(0,25,0,5]:0
(0,5,0,75]:0
(0,75,1]:0
(1,2,5]:0
(2,5,5]:0
(5,7,5]:0
(7,5,10]:0
(10,+Infinity]:0
(2026-06-08T01:29:09.0724366Z, 2026-06-08T01:29:13.7500587Z] http.request.method: POST http.response.status_code: 409 http.route: api/subscriptions/contract network.protocol.version: 1.1 url.scheme: http
Value: Sum: 0.0704267 Count: 1 Min: 0.0704267 Max: 0.0704267 
(-Infinity,0,005]:0
(0,005,0,01]:0
(0,01,0,025]:0
(0,025,0,05]:0
(0,05,0,075]:1
(0,075,0,1]:0
(0,1,0,25]:0
(0,25,0,5]:0
(0,5,0,75]:0
(0,75,1]:0
(1,2,5]:0
(2,5,5]:0
(5,7,5]:0
(7,5,10]:0
(10,+Infinity]:0
(2026-06-08T01:29:09.0724366Z, 2026-06-08T01:29:13.7500587Z] http.request.method: POST http.response.status_code: 200 http.route: api/auth/login/customer network.protocol.version: 1.1 url.scheme: http
Value: Sum: 0.9096015000000001 Count: 6 Min: 0.0634958 Max: 0.269444 
(-Infinity,0,005]:0
(0,005,0,01]:0
(0,01,0,025]:0
(0,025,0,05]:0
(0,05,0,075]:1
(0,075,0,1]:0
(0,1,0,25]:4
(0,25,0,5]:1
(0,5,0,75]:0
(0,75,1]:0
(1,2,5]:0
(2,5,5]:0
(5,7,5]:0
(7,5,10]:0
(10,+Infinity]:0
(2026-06-08T01:29:09.0724366Z, 2026-06-08T01:29:13.7500587Z] http.request.method: POST http.response.status_code: 204 http.route: api/admin/subscriptions/notifications/process network.protocol.version: 1.1 url.scheme: http
Value: Sum: 0.2250846 Count: 1 Min: 0.2250846 Max: 0.2250846 
(-Infinity,0,005]:0
(0,005,0,01]:0
(0,01,0,025]:0
(0,025,0,05]:0
(0,05,0,075]:0
(0,075,0,1]:0
(0,1,0,25]:1
(0,25,0,5]:0
(0,5,0,75]:0
(0,75,1]:0
(1,2,5]:0
(2,5,5]:0
(5,7,5]:0
(7,5,10]:0
(10,+Infinity]:0
(2026-06-08T01:29:09.0724366Z, 2026-06-08T01:29:13.7500587Z] http.request.method: PUT http.response.status_code: 200 http.route: api/stores/{storeId}/business-hours network.protocol.version: 1.1 url.scheme: http
Value: Sum: 0.243374 Count: 1 Min: 0.243374 Max: 0.243374 
(-Infinity,0,005]:0
(0,005,0,01]:0
(0,01,0,025]:0
(0,025,0,05]:0
(0,05,0,075]:0
(0,075,0,1]:0
(0,1,0,25]:1
(0,25,0,5]:0
(0,5,0,75]:0
(0,75,1]:0
(1,2,5]:0
(2,5,5]:0
(5,7,5]:0
(7,5,10]:0
(10,+Infinity]:0
(2026-06-08T01:29:09.0724366Z, 2026-06-08T01:29:13.7500587Z] http.request.method: GET http.response.status_code: 200 http.route: api/public/stores network.protocol.version: 1.1 url.scheme: http
Value: Sum: 0.3020817 Count: 2 Min: 0.1439667 Max: 0.158115 
(-Infinity,0,005]:0
(0,005,0,01]:0
(0,01,0,025]:0
(0,025,0,05]:0
(0,05,0,075]:0
(0,075,0,1]:0
(0,1,0,25]:2
(0,25,0,5]:0
(0,5,0,75]:0
(0,75,1]:0
(1,2,5]:0
(2,5,5]:0
(5,7,5]:0
(7,5,10]:0
(10,+Infinity]:0
(2026-06-08T01:29:09.0724366Z, 2026-06-08T01:29:13.7500587Z] http.request.method: GET http.response.status_code: 200 http.route: api/stores/{storeId}/business-hours network.protocol.version: 1.1 url.scheme: http
Value: Sum: 0.0792573 Count: 1 Min: 0.0792573 Max: 0.0792573 
(-Infinity,0,005]:0
(0,005,0,01]:0
(0,01,0,025]:0
(0,025,0,05]:0
(0,05,0,075]:0
(0,075,0,1]:1
(0,1,0,25]:0
(0,25,0,5]:0
(0,5,0,75]:0
(0,75,1]:0
(1,2,5]:0
(2,5,5]:0
(5,7,5]:0
(7,5,10]:0
(10,+Infinity]:0
(2026-06-08T01:29:09.0724366Z, 2026-06-08T01:29:13.7500587Z] http.request.method: PUT http.response.status_code: 200 http.route: api/stores/{storeId}/categories/{categoryId} network.protocol.version: 1.1 url.scheme: http
Value: Sum: 0.183621 Count: 1 Min: 0.183621 Max: 0.183621 
(-Infinity,0,005]:0
(0,005,0,01]:0
(0,01,0,025]:0
(0,025,0,05]:0
(0,05,0,075]:0
(0,075,0,1]:0
(0,1,0,25]:1
(0,25,0,5]:0
(0,5,0,75]:0
(0,75,1]:0
(1,2,5]:0
(2,5,5]:0
(5,7,5]:0
(7,5,10]:0
(10,+Infinity]:0
(2026-06-08T01:29:09.0724366Z, 2026-06-08T01:29:13.7500587Z] http.request.method: GET http.response.status_code: 404 http.route: api/public/stores/{storeId} network.protocol.version: 1.1 url.scheme: http
Value: Sum: 0.1438145 Count: 1 Min: 0.1438145 Max: 0.1438145 
(-Infinity,0,005]:0
(0,005,0,01]:0
(0,01,0,025]:0
(0,025,0,05]:0
(0,05,0,075]:0
(0,075,0,1]:0
(0,1,0,25]:1
(0,25,0,5]:0
(0,5,0,75]:0
(0,75,1]:0
(1,2,5]:0
(2,5,5]:0
(5,7,5]:0
(7,5,10]:0
(10,+Infinity]:0
(2026-06-08T01:29:09.0724366Z, 2026-06-08T01:29:13.7500587Z] http.request.method: POST http.response.status_code: 400 http.route: api/stores/{storeId}/products network.protocol.version: 1.1 url.scheme: http
Value: Sum: 0.2368922 Count: 1 Min: 0.2368922 Max: 0.2368922 
(-Infinity,0,005]:0
(0,005,0,01]:0
(0,01,0,025]:0
(0,025,0,05]:0
(0,05,0,075]:0
(0,075,0,1]:0
(0,1,0,25]:1
(0,25,0,5]:0
(0,5,0,75]:0
(0,75,1]:0
(1,2,5]:0
(2,5,5]:0
(5,7,5]:0
(7,5,10]:0
(10,+Infinity]:0
(2026-06-08T01:29:09.0724366Z, 2026-06-08T01:29:13.7500587Z] http.request.method: PATCH http.response.status_code: 409 http.route: api/stores/{storeId}/status network.protocol.version: 1.1 url.scheme: http
Value: Sum: 0.1856852 Count: 1 Min: 0.1856852 Max: 0.1856852 
(-Infinity,0,005]:0
(0,005,0,01]:0
(0,01,0,025]:0
(0,025,0,05]:0
(0,05,0,075]:0
(0,075,0,1]:0
(0,1,0,25]:1
(0,25,0,5]:0
(0,5,0,75]:0
(0,75,1]:0
(1,2,5]:0
(2,5,5]:0
(5,7,5]:0
(7,5,10]:0
(10,+Infinity]:0
(2026-06-08T01:29:09.0724366Z, 2026-06-08T01:29:13.7500587Z] http.request.method: POST http.response.status_code: 400 http.route: api/subscriptions/contract network.protocol.version: 1.1 url.scheme: http
Value: Sum: 0.2019646 Count: 1 Min: 0.2019646 Max: 0.2019646 
(-Infinity,0,005]:0
(0,005,0,01]:0
(0,01,0,025]:0
(0,025,0,05]:0
(0,05,0,075]:0
(0,075,0,1]:0
(0,1,0,25]:1
(0,25,0,5]:0
(0,5,0,75]:0
(0,75,1]:0
(1,2,5]:0
(2,5,5]:0
(5,7,5]:0
(7,5,10]:0
(10,+Infinity]:0
(2026-06-08T01:29:09.0724366Z, 2026-06-08T01:29:13.7500587Z] http.request.method: POST http.response.status_code: 201 http.route: api/stores/{storeId}/products network.protocol.version: 1.1 url.scheme: http
Value: Sum: 0.3335431 Count: 4 Min: 0.0020613 Max: 0.2237816 
(-Infinity,0,005]:2
(0,005,0,01]:0
(0,01,0,025]:0
(0,025,0,05]:0
(0,05,0,075]:0
(0,075,0,1]:0
(0,1,0,25]:2
(0,25,0,5]:0
(0,5,0,75]:0
(0,75,1]:0
(1,2,5]:0
(2,5,5]:0
(5,7,5]:0
(7,5,10]:0
(10,+Infinity]:0
(2026-06-08T01:29:09.0724366Z, 2026-06-08T01:29:13.7500587Z] http.request.method: PUT http.response.status_code: 200 http.route: api/stores/{storeId}/products/{productId} network.protocol.version: 1.1 url.scheme: http
Value: Sum: 0.2087002 Count: 1 Min: 0.2087002 Max: 0.2087002 
(-Infinity,0,005]:0
(0,005,0,01]:0
(0,01,0,025]:0
(0,025,0,05]:0
(0,05,0,075]:0
(0,075,0,1]:0
(0,1,0,25]:1
(0,25,0,5]:0
(0,5,0,75]:0
(0,75,1]:0
(1,2,5]:0
(2,5,5]:0
(5,7,5]:0
(7,5,10]:0
(10,+Infinity]:0
(2026-06-08T01:29:09.0724366Z, 2026-06-08T01:29:13.7500587Z] http.request.method: POST http.response.status_code: 400 http.route: api/stores/{storeId}/categories network.protocol.version: 1.1 url.scheme: http
Value: Sum: 0.0494563 Count: 1 Min: 0.0494563 Max: 0.0494563 
(-Infinity,0,005]:0
(0,005,0,01]:0
(0,01,0,025]:0
(0,025,0,05]:1
(0,05,0,075]:0
(0,075,0,1]:0
(0,1,0,25]:0
(0,25,0,5]:0
(0,5,0,75]:0
(0,75,1]:0
(1,2,5]:0
(2,5,5]:0
(5,7,5]:0
(7,5,10]:0
(10,+Infinity]:0
(2026-06-08T01:29:09.0724366Z, 2026-06-08T01:29:13.7500587Z] http.request.method: PATCH http.response.status_code: 200 http.route: api/stores/{storeId}/products/{productId}/availability network.protocol.version: 1.1 url.scheme: http
Value: Sum: 0.0278579 Count: 1 Min: 0.0278579 Max: 0.0278579 
(-Infinity,0,005]:0
(0,005,0,01]:0
(0,01,0,025]:0
(0,025,0,05]:1
(0,05,0,075]:0
(0,075,0,1]:0
(0,1,0,25]:0
(0,25,0,5]:0
(0,5,0,75]:0
(0,75,1]:0
(1,2,5]:0
(2,5,5]:0
(5,7,5]:0
(7,5,10]:0
(10,+Infinity]:0
(2026-06-08T01:29:09.0724366Z, 2026-06-08T01:29:13.7500587Z] http.request.method: DELETE http.response.status_code: 204 http.route: api/stores/{storeId}/products/{productId} network.protocol.version: 1.1 url.scheme: http
Value: Sum: 0.0439274 Count: 1 Min: 0.0439274 Max: 0.0439274 
(-Infinity,0,005]:0
(0,005,0,01]:0
(0,01,0,025]:0
(0,025,0,05]:1
(0,05,0,075]:0
(0,075,0,1]:0
(0,1,0,25]:0
(0,25,0,5]:0
(0,5,0,75]:0
(0,75,1]:0
(1,2,5]:0
(2,5,5]:0
(5,7,5]:0
(7,5,10]:0
(10,+Infinity]:0
(2026-06-08T01:29:09.0724366Z, 2026-06-08T01:29:13.7500587Z] http.request.method: GET http.response.status_code: 200 http.route: api/stores/{storeId}/products network.protocol.version: 1.1 url.scheme: http
Value: Sum: 0.12478619999999999 Count: 3 Min: 0.0324041 Max: 0.0550818 
(-Infinity,0,005]:0
(0,005,0,01]:0
(0,01,0,025]:0
(0,025,0,05]:2
(0,05,0,075]:1
(0,075,0,1]:0
(0,1,0,25]:0
(0,25,0,5]:0
(0,5,0,75]:0
(0,75,1]:0
(1,2,5]:0
(2,5,5]:0
(5,7,5]:0
(7,5,10]:0
(10,+Infinity]:0
Metric Name: dotnet.gc.collections, Description: The number of garbage collections that have occurred since the process has started., Unit: {collection}, Metric Type: LongSum
Instrumentation scope (Meter):
	Name: System.Runtime
(2026-06-08T01:29:09.0725486Z, 2026-06-08T01:29:13.7500595Z] gc.heap.generation: gen2
Value: 6
(2026-06-08T01:29:09.0725486Z, 2026-06-08T01:29:13.7500595Z] gc.heap.generation: gen1
Value: 17
(2026-06-08T01:29:09.0725486Z, 2026-06-08T01:29:13.7500595Z] gc.heap.generation: gen0
Value: 50
Metric Name: dotnet.process.memory.working_set, Description: The number of bytes of physical memory mapped to the process context., Unit: By, Metric Type: LongSumNonMonotonic
Instrumentation scope (Meter):
	Name: System.Runtime
(2026-06-08T01:29:09.0725620Z, 2026-06-08T01:29:13.7500598Z]  
Value: 347062272
Metric Name: dotnet.gc.heap.total_allocated, Description: The approximate number of bytes allocated on the managed GC heap since the process has started. The returned value does not include any native allocations., Unit: By, Metric Type: LongSum
Instrumentation scope (Meter):
	Name: System.Runtime
(2026-06-08T01:29:09.0725736Z, 2026-06-08T01:29:13.7500600Z]  
Value: 532426384
Metric Name: dotnet.gc.last_collection.memory.committed_size, Description: The amount of committed virtual memory in use by the .NET GC, as observed during the latest garbage collection., Unit: By, Metric Type: LongSumNonMonotonic
Instrumentation scope (Meter):
	Name: System.Runtime
(2026-06-08T01:29:09.0725849Z, 2026-06-08T01:29:13.7500601Z]  
Value: 208576512
Metric Name: dotnet.gc.last_collection.heap.size, Description: The managed GC heap size (including fragmentation), as observed during the latest garbage collection., Unit: By, Metric Type: LongSumNonMonotonic
Instrumentation scope (Meter):
	Name: System.Runtime
(2026-06-08T01:29:09.0725967Z, 2026-06-08T01:29:13.7500605Z] gc.heap.generation: gen0
Value: 0
(2026-06-08T01:29:09.0725967Z, 2026-06-08T01:29:13.7500605Z] gc.heap.generation: gen1
Value: 2828880
(2026-06-08T01:29:09.0725967Z, 2026-06-08T01:29:13.7500605Z] gc.heap.generation: gen2
Value: 83284592
(2026-06-08T01:29:09.0725967Z, 2026-06-08T01:29:13.7500605Z] gc.heap.generation: loh
Value: 111948152
(2026-06-08T01:29:09.0725967Z, 2026-06-08T01:29:13.7500605Z] gc.heap.generation: poh
Value: 123736
Metric Name: dotnet.gc.last_collection.heap.fragmentation.size, Description: The heap fragmentation, as observed during the latest garbage collection., Unit: By, Metric Type: LongSumNonMonotonic
Instrumentation scope (Meter):
	Name: System.Runtime
(2026-06-08T01:29:09.0726078Z, 2026-06-08T01:29:13.7500607Z] gc.heap.generation: gen0
Value: 0
(2026-06-08T01:29:09.0726078Z, 2026-06-08T01:29:13.7500607Z] gc.heap.generation: gen1
Value: 48920
(2026-06-08T01:29:09.0726078Z, 2026-06-08T01:29:13.7500607Z] gc.heap.generation: gen2
Value: 2742520
(2026-06-08T01:29:09.0726078Z, 2026-06-08T01:29:13.7500607Z] gc.heap.generation: loh
Value: 733608
(2026-06-08T01:29:09.0726078Z, 2026-06-08T01:29:13.7500607Z] gc.heap.generation: poh
Value: 0
Metric Name: dotnet.gc.pause.time, Description: The total amount of time paused in GC since the process has started., Unit: s, Metric Type: DoubleSum
Instrumentation scope (Meter):
	Name: System.Runtime
(2026-06-08T01:29:09.0726219Z, 2026-06-08T01:29:13.7500611Z]  
Value: 0.700525
Metric Name: dotnet.jit.compiled_il.size, Description: Count of bytes of intermediate language that have been compiled since the process has started., Unit: By, Metric Type: LongSum
Instrumentation scope (Meter):
	Name: System.Runtime
(2026-06-08T01:29:09.0726379Z, 2026-06-08T01:29:13.7500613Z]  
Value: 2409088
Metric Name: dotnet.jit.compiled_methods, Description: The number of times the JIT compiler (re)compiled methods since the process has started., Unit: {method}, Metric Type: LongSum
Instrumentation scope (Meter):
	Name: System.Runtime
(2026-06-08T01:29:09.0726485Z, 2026-06-08T01:29:13.7500615Z]  
Value: 35028
Metric Name: dotnet.jit.compilation.time, Description: The number of times the JIT compiler (re)compiled methods since the process has started., Unit: s, Metric Type: DoubleSum
Instrumentation scope (Meter):
	Name: System.Runtime
(2026-06-08T01:29:09.0726601Z, 2026-06-08T01:29:13.7500618Z]  
Value: 5.9660697
Metric Name: dotnet.monitor.lock_contentions, Description: The number of times there was contention when trying to acquire a monitor lock since the process has started., Unit: {contention}, Metric Type: LongSum
Instrumentation scope (Meter):
	Name: System.Runtime
(2026-06-08T01:29:09.0726715Z, 2026-06-08T01:29:13.7500620Z]  
Value: 5291
Metric Name: dotnet.thread_pool.thread.count, Description: The number of thread pool threads that currently exist., Unit: {thread}, Metric Type: LongSum
Instrumentation scope (Meter):
	Name: System.Runtime
(2026-06-08T01:29:09.0726821Z, 2026-06-08T01:29:13.7500623Z]  
Value: 36
Metric Name: dotnet.thread_pool.work_item.count, Description: The number of work items that the thread pool has completed since the process has started., Unit: {work_item}, Metric Type: LongSum
Instrumentation scope (Meter):
	Name: System.Runtime
(2026-06-08T01:29:09.0726931Z, 2026-06-08T01:29:13.7500626Z]  
Value: 2126
Metric Name: dotnet.thread_pool.queue.length, Description: The number of work items that are currently queued to be processed by the thread pool., Unit: {work_item}, Metric Type: LongSum
Instrumentation scope (Meter):
	Name: System.Runtime
(2026-06-08T01:29:09.0727045Z, 2026-06-08T01:29:13.7500627Z]  
Value: 0
Metric Name: dotnet.timer.count, Description: The number of timer instances that are currently active. An active timer is registered to tick at some point in the future and has not yet been canceled., Unit: {timer}, Metric Type: LongSumNonMonotonic
Instrumentation scope (Meter):
	Name: System.Runtime
(2026-06-08T01:29:09.0727263Z, 2026-06-08T01:29:13.7500629Z]  
Value: 17
Metric Name: dotnet.assembly.count, Description: The number of .NET assemblies that are currently loaded., Unit: {assembly}, Metric Type: LongSumNonMonotonic
Instrumentation scope (Meter):
	Name: System.Runtime
(2026-06-08T01:29:09.0727379Z, 2026-06-08T01:29:13.7500631Z]  
Value: 266
Metric Name: dotnet.exceptions, Description: The number of exceptions that have been thrown in managed code., Unit: {exception}, Metric Type: LongSum
Instrumentation scope (Meter):
	Name: System.Runtime
(2026-06-08T01:29:09.0727480Z, 2026-06-08T01:29:13.7500634Z] error.type: XunitException
Value: 41
(2026-06-08T01:29:09.0727480Z, 2026-06-08T01:29:13.7500634Z] error.type: ObjectDisposedException
Value: 47
(2026-06-08T01:29:09.0727480Z, 2026-06-08T01:29:13.7500634Z] error.type: SocketException
Value: 32
(2026-06-08T01:29:09.0727480Z, 2026-06-08T01:29:13.7500634Z] error.type: OperationCanceledException
Value: 119
(2026-06-08T01:29:09.0727480Z, 2026-06-08T01:29:13.7500634Z] error.type: InvalidOperationException
Value: 6
(2026-06-08T01:29:09.0727480Z, 2026-06-08T01:29:13.7500634Z] error.type: RuntimeBinderException
Value: 3
(2026-06-08T01:29:09.0727480Z, 2026-06-08T01:29:13.7500634Z] error.type: NpgsqlException
Value: 48
Metric Name: dotnet.process.cpu.count, Description: The number of processors available to the process., Unit: {cpu}, Metric Type: LongSumNonMonotonic
Instrumentation scope (Meter):
	Name: System.Runtime
(2026-06-08T01:29:09.0727589Z, 2026-06-08T01:29:13.7500636Z]  
Value: 12
Metric Name: dotnet.process.cpu.time, Description: CPU time used by the process., Unit: s, Metric Type: DoubleSum
Instrumentation scope (Meter):
	Name: System.Runtime
(2026-06-08T01:29:09.0727713Z, 2026-06-08T01:29:13.7500640Z] cpu.mode: user
Value: 20.9375
(2026-06-08T01:29:09.0727713Z, 2026-06-08T01:29:13.7500640Z] cpu.mode: system
Value: 3.3125
Metric Name: dns.lookup.duration, Description: Measures the time taken to perform a DNS lookup., Unit: s, Metric Type: Histogram
Instrumentation scope (Meter):
	Name: System.Net.NameResolution
(2026-06-08T01:29:09.0728087Z, 2026-06-08T01:29:13.7500649Z] dns.question.name: localhost
Value: Sum: 0.006566499999999999 Count: 10 Min: 0.0004256 Max: 0.0011086 
(-Infinity,0,005]:10
(0,005,0,01]:0
(0,01,0,025]:0
(0,025,0,05]:0
(0,05,0,075]:0
(0,075,0,1]:0
(0,1,0,25]:0
(0,25,0,5]:0
(0,5,0,75]:0
(0,75,1]:0
(1,2,5]:0
(2,5,5]:0
(5,7,5]:0
(7,5,10]:0
(10,+Infinity]:0
Metric Name: aspnetcore.routing.match_attempts, Description: Number of requests that were attempted to be matched to an endpoint., Unit: {match_attempt}, Metric Type: LongSum
Instrumentation scope (Meter):
	Name: Microsoft.AspNetCore.Routing
(2026-06-08T01:29:09.0728554Z, 2026-06-08T01:29:13.7500658Z] aspnetcore.routing.is_fallback: false aspnetcore.routing.match_status: success http.route: api/stores
Value: 19
(2026-06-08T01:29:09.0728554Z, 2026-06-08T01:29:13.7500658Z] aspnetcore.routing.is_fallback: false aspnetcore.routing.match_status: success http.route: api/stores/{storeId}/status
Value: 7
(2026-06-08T01:29:09.0728554Z, 2026-06-08T01:29:13.7500658Z] aspnetcore.routing.is_fallback: false aspnetcore.routing.match_status: success http.route: api/auth/register/seller
Value: 19
(2026-06-08T01:29:09.0728554Z, 2026-06-08T01:29:13.7500658Z] aspnetcore.routing.is_fallback: false aspnetcore.routing.match_status: success http.route: api/stores/{storeId}/categories/{categoryId}
Value: 2
(2026-06-08T01:29:09.0728554Z, 2026-06-08T01:29:13.7500658Z] aspnetcore.routing.is_fallback: false aspnetcore.routing.match_status: success http.route: api/auth/login/seller
Value: 18
(2026-06-08T01:29:09.0728554Z, 2026-06-08T01:29:13.7500658Z] aspnetcore.routing.is_fallback: false aspnetcore.routing.match_status: success http.route: api/orders
Value: 5
(2026-06-08T01:29:09.0728554Z, 2026-06-08T01:29:13.7500658Z] aspnetcore.routing.is_fallback: false aspnetcore.routing.match_status: success http.route: api/checkout/preview
Value: 3
(2026-06-08T01:29:09.0728554Z, 2026-06-08T01:29:13.7500658Z] aspnetcore.routing.is_fallback: false aspnetcore.routing.match_status: success http.route: api/stores/my-store
Value: 1
(2026-06-08T01:29:09.0728554Z, 2026-06-08T01:29:13.7500658Z] aspnetcore.routing.is_fallback: false aspnetcore.routing.match_status: success http.route: api/auth/email/confirm/{code}
Value: 1
(2026-06-08T01:29:09.0728554Z, 2026-06-08T01:29:13.7500658Z] aspnetcore.routing.is_fallback: false aspnetcore.routing.match_status: success http.route: api/stores/{storeId}/delivery-config
Value: 5
(2026-06-08T01:29:09.0728554Z, 2026-06-08T01:29:13.7500658Z] aspnetcore.routing.is_fallback: false aspnetcore.routing.match_status: success http.route: api/stores/{storeId}/categories
Value: 12
(2026-06-08T01:29:09.0728554Z, 2026-06-08T01:29:13.7500658Z] aspnetcore.routing.is_fallback: false aspnetcore.routing.match_status: success http.route: api/auth/login/admin
Value: 3
(2026-06-08T01:29:09.0728554Z, 2026-06-08T01:29:13.7500658Z] aspnetcore.routing.is_fallback: false aspnetcore.routing.match_status: success http.route: api/auth/register/customer
Value: 6
(2026-06-08T01:29:09.0728554Z, 2026-06-08T01:29:13.7500658Z] aspnetcore.routing.is_fallback: false aspnetcore.routing.match_status: success http.route: api/admin/plans
Value: 2
(2026-06-08T01:29:09.0728554Z, 2026-06-08T01:29:13.7500658Z] aspnetcore.routing.is_fallback: false aspnetcore.routing.match_status: success http.route: api/subscriptions/contract
Value: 3
(2026-06-08T01:29:09.0728554Z, 2026-06-08T01:29:13.7500658Z] aspnetcore.routing.is_fallback: false aspnetcore.routing.match_status: success http.route: api/admin/subscriptions/status
Value: 1
(2026-06-08T01:29:09.0728554Z, 2026-06-08T01:29:13.7500658Z] aspnetcore.routing.is_fallback: false aspnetcore.routing.match_status: success http.route: api/auth/login/customer
Value: 6
(2026-06-08T01:29:09.0728554Z, 2026-06-08T01:29:13.7500658Z] aspnetcore.routing.is_fallback: false aspnetcore.routing.match_status: success http.route: api/admin/subscriptions/notifications/process
Value: 1
(2026-06-08T01:29:09.0728554Z, 2026-06-08T01:29:13.7500658Z] aspnetcore.routing.is_fallback: false aspnetcore.routing.match_status: success http.route: api/stores/{storeId}/business-hours
Value: 2
(2026-06-08T01:29:09.0728554Z, 2026-06-08T01:29:13.7500658Z] aspnetcore.routing.is_fallback: false aspnetcore.routing.match_status: success http.route: api/customer/addresses
Value: 6
(2026-06-08T01:29:09.0728554Z, 2026-06-08T01:29:13.7500658Z] aspnetcore.routing.is_fallback: false aspnetcore.routing.match_status: success http.route: api/public/stores
Value: 2
(2026-06-08T01:29:09.0728554Z, 2026-06-08T01:29:13.7500658Z] aspnetcore.routing.is_fallback: false aspnetcore.routing.match_status: success http.route: api/stores/{storeId}/products
Value: 8
(2026-06-08T01:29:09.0728554Z, 2026-06-08T01:29:13.7500658Z] aspnetcore.routing.is_fallback: false aspnetcore.routing.match_status: success http.route: api/public/stores/{storeId}
Value: 1
(2026-06-08T01:29:09.0728554Z, 2026-06-08T01:29:13.7500658Z] aspnetcore.routing.is_fallback: false aspnetcore.routing.match_status: success http.route: api/stores/{storeId}/products/{productId}
Value: 2
(2026-06-08T01:29:09.0728554Z, 2026-06-08T01:29:13.7500658Z] aspnetcore.routing.is_fallback: false aspnetcore.routing.match_status: success http.route: api/stores/{storeId}/products/{productId}/availability
Value: 1
Metric Name: http.server.active_requests, Description: Number of active HTTP server requests., Unit: {request}, Metric Type: LongSumNonMonotonic
Instrumentation scope (Meter):
	Name: Microsoft.AspNetCore.Hosting
(2026-06-08T01:29:10.0718624Z, 2026-06-08T01:29:13.7500709Z] http.request.method: POST url.scheme: http
Value: 0
(2026-06-08T01:29:10.0718624Z, 2026-06-08T01:29:13.7500709Z] http.request.method: GET url.scheme: http
Value: 0
(2026-06-08T01:29:10.0718624Z, 2026-06-08T01:29:13.7500709Z] http.request.method: PUT url.scheme: http
Value: 0
(2026-06-08T01:29:10.0718624Z, 2026-06-08T01:29:13.7500709Z] http.request.method: DELETE url.scheme: http
Value: 0
(2026-06-08T01:29:10.0718624Z, 2026-06-08T01:29:13.7500709Z] http.request.method: PATCH url.scheme: http
Value: 0
Metric Name: http.server.request.duration, Description: Duration of HTTP server requests., Unit: s, Metric Type: Histogram
Instrumentation scope (Meter):
	Name: Microsoft.AspNetCore.Hosting
(2026-06-08T01:29:10.0720509Z, 2026-06-08T01:29:13.7500835Z] http.request.method: POST http.response.status_code: 201 http.route: api/auth/register/seller network.protocol.version: 1.1 url.scheme: http
Value: Sum: 1.6197623 Count: 11 Min: 0.0799565 Max: 0.3972926 
(-Infinity,0,005]:0
(0,005,0,01]:0
(0,01,0,025]:0
(0,025,0,05]:0
(0,05,0,075]:0
(0,075,0,1]:3
(0,1,0,25]:7
(0,25,0,5]:1
(0,5,0,75]:0
(0,75,1]:0
(1,2,5]:0
(2,5,5]:0
(5,7,5]:0
(7,5,10]:0
(10,+Infinity]:0
(2026-06-08T01:29:10.0720509Z, 2026-06-08T01:29:13.7500835Z] http.request.method: POST http.response.status_code: 200 http.route: api/auth/login/seller network.protocol.version: 1.1 url.scheme: http
Value: Sum: 1.3433096 Count: 11 Min: 0.0484226 Max: 0.383696 
(-Infinity,0,005]:0
(0,005,0,01]:0
(0,01,0,025]:0
(0,025,0,05]:1
(0,05,0,075]:2
(0,075,0,1]:4
(0,1,0,25]:3
(0,25,0,5]:1
(0,5,0,75]:0
(0,75,1]:0
(1,2,5]:0
(2,5,5]:0
(5,7,5]:0
(7,5,10]:0
(10,+Infinity]:0
(2026-06-08T01:29:10.0720509Z, 2026-06-08T01:29:13.7500835Z] http.request.method: POST http.response.status_code: 201 http.route: api/auth/register/customer network.protocol.version: 1.1 url.scheme: http
Value: Sum: 0.43609929999999997 Count: 3 Min: 0.0503329 Max: 0.2685781 
(-Infinity,0,005]:0
(0,005,0,01]:0
(0,01,0,025]:0
(0,025,0,05]:0
(0,05,0,075]:1
(0,075,0,1]:0
(0,1,0,25]:1
(0,25,0,5]:1
(0,5,0,75]:0
(0,75,1]:0
(1,2,5]:0
(2,5,5]:0
(5,7,5]:0
(7,5,10]:0
(10,+Infinity]:0
(2026-06-08T01:29:10.0720509Z, 2026-06-08T01:29:13.7500835Z] http.request.method: POST http.response.status_code: 201 http.route: api/stores network.protocol.version: 1.1 url.scheme: http
Value: Sum: 0.48282200000000003 Count: 9 Min: 0.0103258 Max: 0.2201614 
(-Infinity,0,005]:0
(0,005,0,01]:0
(0,01,0,025]:4
(0,025,0,05]:3
(0,05,0,075]:0
(0,075,0,1]:1
(0,1,0,25]:1
(0,25,0,5]:0
(0,5,0,75]:0
(0,75,1]:0
(1,2,5]:0
(2,5,5]:0
(5,7,5]:0
(7,5,10]:0
(10,+Infinity]:0
(2026-06-08T01:29:10.0720509Z, 2026-06-08T01:29:13.7500835Z] http.request.method: POST http.response.status_code: 200 http.route: api/auth/login/customer network.protocol.version: 1.1 url.scheme: http
Value: Sum: 0.2435507 Count: 2 Min: 0.0992088 Max: 0.1443419 
(-Infinity,0,005]:0
(0,005,0,01]:0
(0,01,0,025]:0
(0,025,0,05]:0
(0,05,0,075]:0
(0,075,0,1]:1
(0,1,0,25]:1
(0,25,0,5]:0
(0,5,0,75]:0
(0,75,1]:0
(1,2,5]:0
(2,5,5]:0
(5,7,5]:0
(7,5,10]:0
(10,+Infinity]:0
(2026-06-08T01:29:10.0720509Z, 2026-06-08T01:29:13.7500835Z] http.request.method: GET http.response.status_code: 200 http.route: api/public/stores/{storeId}/catalog/categories network.protocol.version: 1.1 url.scheme: http
Value: Sum: 0.1377761 Count: 3 Min: 0.0316512 Max: 0.0688572 
(-Infinity,0,005]:0
(0,005,0,01]:0
(0,01,0,025]:0
(0,025,0,05]:2
(0,05,0,075]:1
(0,075,0,1]:0
(0,1,0,25]:0
(0,25,0,5]:0
(0,5,0,75]:0
(0,75,1]:0
(1,2,5]:0
(2,5,5]:0
(5,7,5]:0
(7,5,10]:0
(10,+Infinity]:0
(2026-06-08T01:29:10.0720509Z, 2026-06-08T01:29:13.7500835Z] http.request.method: POST http.response.status_code: 200 http.route: api/auth/refresh network.protocol.version: 1.1 url.scheme: http
Value: Sum: 0.1089914 Count: 1 Min: 0.1089914 Max: 0.1089914 
(-Infinity,0,005]:0
(0,005,0,01]:0
(0,01,0,025]:0
(0,025,0,05]:0
(0,05,0,075]:0
(0,075,0,1]:0
(0,1,0,25]:1
(0,25,0,5]:0
(0,5,0,75]:0
(0,75,1]:0
(1,2,5]:0
(2,5,5]:0
(5,7,5]:0
(7,5,10]:0
(10,+Infinity]:0
(2026-06-08T01:29:10.0720509Z, 2026-06-08T01:29:13.7500835Z] http.request.method: PUT http.response.status_code: 200 http.route: api/stores/{storeId}/address network.protocol.version: 1.1 url.scheme: http
Value: Sum: 0.4627188 Count: 2 Min: 0.1672082 Max: 0.2955106 
(-Infinity,0,005]:0
(0,005,0,01]:0
(0,01,0,025]:0
(0,025,0,05]:0
(0,05,0,075]:0
(0,075,0,1]:0
(0,1,0,25]:1
(0,25,0,5]:1
(0,5,0,75]:0
(0,75,1]:0
(1,2,5]:0
(2,5,5]:0
(5,7,5]:0
(7,5,10]:0
(10,+Infinity]:0
(2026-06-08T01:29:10.0720509Z, 2026-06-08T01:29:13.7500835Z] http.request.method: PUT http.response.status_code: 200 http.route: api/stores/{storeId}/business-hours network.protocol.version: 1.1 url.scheme: http
Value: Sum: 0.1993077 Count: 1 Min: 0.1993077 Max: 0.1993077 
(-Infinity,0,005]:0
(0,005,0,01]:0
(0,01,0,025]:0
(0,025,0,05]:0
(0,05,0,075]:0
(0,075,0,1]:0
(0,1,0,25]:1
(0,25,0,5]:0
(0,5,0,75]:0
(0,75,1]:0
(1,2,5]:0
(2,5,5]:0
(5,7,5]:0
(7,5,10]:0
(10,+Infinity]:0
(2026-06-08T01:29:10.0720509Z, 2026-06-08T01:29:13.7500835Z] http.request.method: POST http.response.status_code: 200 http.route: api/auth/login/admin network.protocol.version: 1.1 url.scheme: http
Value: Sum: 0.31383639999999996 Count: 2 Min: 0.0448031 Max: 0.2690333 
(-Infinity,0,005]:0
(0,005,0,01]:0
(0,01,0,025]:0
(0,025,0,05]:1
(0,05,0,075]:0
(0,075,0,1]:0
(0,1,0,25]:0
(0,25,0,5]:1
(0,5,0,75]:0
(0,75,1]:0
(1,2,5]:0
(2,5,5]:0
(5,7,5]:0
(7,5,10]:0
(10,+Infinity]:0
(2026-06-08T01:29:10.0720509Z, 2026-06-08T01:29:13.7500835Z] http.request.method: POST http.response.status_code: 201 http.route: api/LandingPageContent network.protocol.version: 1.1 url.scheme: http
Value: Sum: 0.0421001 Count: 3 Min: 0.0029564 Max: 0.0286965 
(-Infinity,0,005]:1
(0,005,0,01]:0
(0,01,0,025]:1
(0,025,0,05]:1
(0,05,0,075]:0
(0,075,0,1]:0
(0,1,0,25]:0
(0,25,0,5]:0
(0,5,0,75]:0
(0,75,1]:0
(1,2,5]:0
(2,5,5]:0
(5,7,5]:0
(7,5,10]:0
(10,+Infinity]:0
(2026-06-08T01:29:10.0720509Z, 2026-06-08T01:29:13.7500835Z] http.request.method: GET http.response.status_code: 200 http.route: api/public/stores network.protocol.version: 1.1 url.scheme: http
Value: Sum: 0.0088641 Count: 1 Min: 0.0088641 Max: 0.0088641 
(-Infinity,0,005]:0
(0,005,0,01]:1
(0,01,0,025]:0
(0,025,0,05]:0
(0,05,0,075]:0
(0,075,0,1]:0
(0,1,0,25]:0
(0,25,0,5]:0
(0,5,0,75]:0
(0,75,1]:0
(1,2,5]:0
(2,5,5]:0
(5,7,5]:0
(7,5,10]:0
(10,+Infinity]:0
(2026-06-08T01:29:10.0720509Z, 2026-06-08T01:29:13.7500835Z] http.request.method: GET http.response.status_code: 403 http.route: api/customer/home network.protocol.version: 1.1 url.scheme: http
Value: Sum: 0.0007044 Count: 1 Min: 0.0007044 Max: 0.0007044 
(-Infinity,0,005]:1
(0,005,0,01]:0
(0,01,0,025]:0
(0,025,0,05]:0
(0,05,0,075]:0
(0,075,0,1]:0
(0,1,0,25]:0
(0,25,0,5]:0
(0,5,0,75]:0
(0,75,1]:0
(1,2,5]:0
(2,5,5]:0
(5,7,5]:0
(7,5,10]:0
(10,+Infinity]:0
(2026-06-08T01:29:10.0720509Z, 2026-06-08T01:29:13.7500835Z] http.request.method: POST http.response.status_code: 201 http.route: api/stores/{storeId}/categories network.protocol.version: 1.1 url.scheme: http
Value: Sum: 0.061985 Count: 4 Min: 0.0014869 Max: 0.030562 
(-Infinity,0,005]:2
(0,005,0,01]:0
(0,01,0,025]:0
(0,025,0,05]:2
(0,05,0,075]:0
(0,075,0,1]:0
(0,1,0,25]:0
(0,25,0,5]:0
(0,5,0,75]:0
(0,75,1]:0
(1,2,5]:0
(2,5,5]:0
(5,7,5]:0
(7,5,10]:0
(10,+Infinity]:0
(2026-06-08T01:29:10.0720509Z, 2026-06-08T01:29:13.7500835Z] http.request.method: GET http.response.status_code: 200 http.route: api/public/stores/{storeId} network.protocol.version: 1.1 url.scheme: http
Value: Sum: 0.0224112 Count: 1 Min: 0.0224112 Max: 0.0224112 
(-Infinity,0,005]:0
(0,005,0,01]:0
(0,01,0,025]:1
(0,025,0,05]:0
(0,05,0,075]:0
(0,075,0,1]:0
(0,1,0,25]:0
(0,25,0,5]:0
(0,5,0,75]:0
(0,75,1]:0
(1,2,5]:0
(2,5,5]:0
(5,7,5]:0
(7,5,10]:0
(10,+Infinity]:0
(2026-06-08T01:29:10.0720509Z, 2026-06-08T01:29:13.7500835Z] http.request.method: GET http.response.status_code: 200 http.route: api/LandingPageContent network.protocol.version: 1.1 url.scheme: http
Value: Sum: 0.034585 Count: 2 Min: 0.0014382 Max: 0.0331468 
(-Infinity,0,005]:1
(0,005,0,01]:0
(0,01,0,025]:0
(0,025,0,05]:1
(0,05,0,075]:0
(0,075,0,1]:0
(0,1,0,25]:0
(0,25,0,5]:0
(0,5,0,75]:0
(0,75,1]:0
(1,2,5]:0
(2,5,5]:0
(5,7,5]:0
(7,5,10]:0
(10,+Infinity]:0
(2026-06-08T01:29:10.0720509Z, 2026-06-08T01:29:13.7500835Z] http.request.method: GET http.response.status_code: 200 http.route: api/LandingPageContent/section/{section} network.protocol.version: 1.1 url.scheme: http
Value: Sum: 0.0088289 Count: 1 Min: 0.0088289 Max: 0.0088289 
(-Infinity,0,005]:0
(0,005,0,01]:1
(0,01,0,025]:0
(0,025,0,05]:0
(0,05,0,075]:0
(0,075,0,1]:0
(0,1,0,25]:0
(0,25,0,5]:0
(0,5,0,75]:0
(0,75,1]:0
(1,2,5]:0
(2,5,5]:0
(5,7,5]:0
(7,5,10]:0
(10,+Infinity]:0
(2026-06-08T01:29:10.0720509Z, 2026-06-08T01:29:13.7500835Z] http.request.method: POST http.response.status_code: 401 http.route: api/auth/login/customer network.protocol.version: 1.1 url.scheme: http
Value: Sum: 0.3096756 Count: 4 Min: 0.0481838 Max: 0.0886141 
(-Infinity,0,005]:0
(0,005,0,01]:0
(0,01,0,025]:0
(0,025,0,05]:1
(0,05,0,075]:0
(0,075,0,1]:3
(0,1,0,25]:0
(0,25,0,5]:0
(0,5,0,75]:0
(0,75,1]:0
(1,2,5]:0
(2,5,5]:0
(5,7,5]:0
(7,5,10]:0
(10,+Infinity]:0
(2026-06-08T01:29:10.0720509Z, 2026-06-08T01:29:13.7500835Z] http.request.method: POST http.response.status_code: 201 http.route: api/stores/{storeId}/products network.protocol.version: 1.1 url.scheme: http
Value: Sum: 0.024501799999999997 Count: 4 Min: 0.0019065 Max: 0.0115082 
(-Infinity,0,005]:2
(0,005,0,01]:1
(0,01,0,025]:1
(0,025,0,05]:0
(0,05,0,075]:0
(0,075,0,1]:0
(0,1,0,25]:0
(0,25,0,5]:0
(0,5,0,75]:0
(0,75,1]:0
(1,2,5]:0
(2,5,5]:0
(5,7,5]:0
(7,5,10]:0
(10,+Infinity]:0
(2026-06-08T01:29:10.0720509Z, 2026-06-08T01:29:13.7500835Z] http.request.method: POST http.response.status_code: 401 http.route: api/webhooks/asaas network.protocol.version: 1.1 url.scheme: http
Value: Sum: 0.0198709 Count: 1 Min: 0.0198709 Max: 0.0198709 
(-Infinity,0,005]:0
(0,005,0,01]:0
(0,01,0,025]:1
(0,025,0,05]:0
(0,05,0,075]:0
(0,075,0,1]:0
(0,1,0,25]:0
(0,25,0,5]:0
(0,5,0,75]:0
(0,75,1]:0
(1,2,5]:0
(2,5,5]:0
(5,7,5]:0
(7,5,10]:0
(10,+Infinity]:0
(2026-06-08T01:29:10.0720509Z, 2026-06-08T01:29:13.7500835Z] http.request.method: PUT http.response.status_code: 200 http.route: api/LandingPageContent/{id:guid} network.protocol.version: 1.1 url.scheme: http
Value: Sum: 0.0139684 Count: 1 Min: 0.0139684 Max: 0.0139684 
(-Infinity,0,005]:0
(0,005,0,01]:0
(0,01,0,025]:1
(0,025,0,05]:0
(0,05,0,075]:0
(0,075,0,1]:0
(0,1,0,25]:0
(0,25,0,5]:0
(0,5,0,75]:0
(0,75,1]:0
(1,2,5]:0
(2,5,5]:0
(5,7,5]:0
(7,5,10]:0
(10,+Infinity]:0
(2026-06-08T01:29:10.0720509Z, 2026-06-08T01:29:13.7500835Z] http.request.method: DELETE http.response.status_code: 204 http.route: api/LandingPageContent/{id:guid} network.protocol.version: 1.1 url.scheme: http
Value: Sum: 0.0203273 Count: 1 Min: 0.0203273 Max: 0.0203273 
(-Infinity,0,005]:0
(0,005,0,01]:0
(0,01,0,025]:1
(0,025,0,05]:0
(0,05,0,075]:0
(0,075,0,1]:0
(0,1,0,25]:0
(0,25,0,5]:0
(0,5,0,75]:0
(0,75,1]:0
(1,2,5]:0
(2,5,5]:0
(5,7,5]:0
(7,5,10]:0
(10,+Infinity]:0
(2026-06-08T01:29:10.0720509Z, 2026-06-08T01:29:13.7500835Z] http.request.method: GET http.response.status_code: 200 http.route: api/stores/{storeId}/products network.protocol.version: 1.1 url.scheme: http
Value: Sum: 0.042863 Count: 1 Min: 0.042863 Max: 0.042863 
(-Infinity,0,005]:0
(0,005,0,01]:0
(0,01,0,025]:0
(0,025,0,05]:1
(0,05,0,075]:0
(0,075,0,1]:0
(0,1,0,25]:0
(0,25,0,5]:0
(0,5,0,75]:0
(0,75,1]:0
(1,2,5]:0
(2,5,5]:0
(5,7,5]:0
(7,5,10]:0
(10,+Infinity]:0
(2026-06-08T01:29:10.0720509Z, 2026-06-08T01:29:13.7500835Z] http.request.method: PATCH http.response.status_code: 200 http.route: api/stores/{storeId}/products/{productId}/availability network.protocol.version: 1.1 url.scheme: http
Value: Sum: 0.0294982 Count: 1 Min: 0.0294982 Max: 0.0294982 
(-Infinity,0,005]:0
(0,005,0,01]:0
(0,01,0,025]:0
(0,025,0,05]:1
(0,05,0,075]:0
(0,075,0,1]:0
(0,1,0,25]:0
(0,25,0,5]:0
(0,5,0,75]:0
(0,75,1]:0
(1,2,5]:0
(2,5,5]:0
(5,7,5]:0
(7,5,10]:0
(10,+Infinity]:0
(2026-06-08T01:29:10.0720509Z, 2026-06-08T01:29:13.7500835Z] http.request.method: GET http.response.status_code: 404 http.route: api/LandingPageContent/{id:guid} network.protocol.version: 1.1 url.scheme: http
Value: Sum: 0.03709 Count: 1 Min: 0.03709 Max: 0.03709 
(-Infinity,0,005]:0
(0,005,0,01]:0
(0,01,0,025]:0
(0,025,0,05]:1
(0,05,0,075]:0
(0,075,0,1]:0
(0,1,0,25]:0
(0,25,0,5]:0
(0,5,0,75]:0
(0,75,1]:0
(1,2,5]:0
(2,5,5]:0
(5,7,5]:0
(7,5,10]:0
(10,+Infinity]:0
(2026-06-08T01:29:10.0720509Z, 2026-06-08T01:29:13.7500835Z] http.request.method: GET http.response.status_code: 200 http.route: api/public/stores/{storeId}/catalog/products network.protocol.version: 1.1 url.scheme: http
Value: Sum: 0.08218929999999999 Count: 3 Min: 0.0011791 Max: 0.0431113 
(-Infinity,0,005]:1
(0,005,0,01]:0
(0,01,0,025]:0
(0,025,0,05]:2
(0,05,0,075]:0
(0,075,0,1]:0
(0,1,0,25]:0
(0,25,0,5]:0
(0,5,0,75]:0
(0,75,1]:0
(1,2,5]:0
(2,5,5]:0
(5,7,5]:0
(7,5,10]:0
(10,+Infinity]:0
(2026-06-08T01:29:10.0720509Z, 2026-06-08T01:29:13.7500835Z] http.request.method: POST http.response.status_code: 403 http.route: api/LandingPageContent network.protocol.version: 1.1 url.scheme: http
Value: Sum: 0.0275272 Count: 1 Min: 0.0275272 Max: 0.0275272 
(-Infinity,0,005]:0
(0,005,0,01]:0
(0,01,0,025]:0
(0,025,0,05]:1
(0,05,0,075]:0
(0,075,0,1]:0
(0,1,0,25]:0
(0,25,0,5]:0
(0,5,0,75]:0
(0,75,1]:0
(1,2,5]:0
(2,5,5]:0
(5,7,5]:0
(7,5,10]:0
(10,+Infinity]:0
(2026-06-08T01:29:10.0720509Z, 2026-06-08T01:29:13.7500835Z] http.request.method: POST http.response.status_code: 200 http.route: api/webhooks/asaas network.protocol.version: 1.1 url.scheme: http
Value: Sum: 0.1848609 Count: 4 Min: 0.0009595 Max: 0.1163226 
(-Infinity,0,005]:1
(0,005,0,01]:0
(0,01,0,025]:0
(0,025,0,05]:2
(0,05,0,075]:0
(0,075,0,1]:0
(0,1,0,25]:1
(0,25,0,5]:0
(0,5,0,75]:0
(0,75,1]:0
(1,2,5]:0
(2,5,5]:0
(5,7,5]:0
(7,5,10]:0
(10,+Infinity]:0
(2026-06-08T01:29:10.0720509Z, 2026-06-08T01:29:13.7500835Z] http.request.method: POST http.response.status_code: 423 http.route: api/auth/login/customer network.protocol.version: 1.1 url.scheme: http
Value: Sum: 0.1795756 Count: 2 Min: 0.0669056 Max: 0.11267 
(-Infinity,0,005]:0
(0,005,0,01]:0
(0,01,0,025]:0
(0,025,0,05]:0
(0,05,0,075]:1
(0,075,0,1]:0
(0,1,0,25]:1
(0,25,0,5]:0
(0,5,0,75]:0
(0,75,1]:0
(1,2,5]:0
(2,5,5]:0
(5,7,5]:0
(7,5,10]:0
(10,+Infinity]:0
(2026-06-08T01:29:10.0720509Z, 2026-06-08T01:29:13.7500835Z] http.request.method: PUT http.response.status_code: 403 http.route: api/stores/{storeId}/address network.protocol.version: 1.1 url.scheme: http
Value: Sum: 0.1012389 Count: 1 Min: 0.1012389 Max: 0.1012389 
(-Infinity,0,005]:0
(0,005,0,01]:0
(0,01,0,025]:0
(0,025,0,05]:0
(0,05,0,075]:0
(0,075,0,1]:0
(0,1,0,25]:1
(0,25,0,5]:0
(0,5,0,75]:0
(0,75,1]:0
(1,2,5]:0
(2,5,5]:0
(5,7,5]:0
(7,5,10]:0
(10,+Infinity]:0
(2026-06-08T01:29:10.0720509Z, 2026-06-08T01:29:13.7500835Z] http.request.method: GET http.response.status_code: 200 http.route: api/subscriptions/my/charges network.protocol.version: 1.1 url.scheme: http
Value: Sum: 0.1129241 Count: 2 Min: 0.0019821 Max: 0.110942 
(-Infinity,0,005]:1
(0,005,0,01]:0
(0,01,0,025]:0
(0,025,0,05]:0
(0,05,0,075]:0
(0,075,0,1]:0
(0,1,0,25]:1
(0,25,0,5]:0
(0,5,0,75]:0
(0,75,1]:0
(1,2,5]:0
(2,5,5]:0
(5,7,5]:0
(7,5,10]:0
(10,+Infinity]:0
(2026-06-08T01:29:10.0720509Z, 2026-06-08T01:29:13.7500835Z] http.request.method: GET http.response.status_code: 200 http.route: api/customer/home network.protocol.version: 1.1 url.scheme: http
Value: Sum: 0.0385877 Count: 1 Min: 0.0385877 Max: 0.0385877 
(-Infinity,0,005]:0
(0,005,0,01]:0
(0,01,0,025]:0
(0,025,0,05]:1
(0,05,0,075]:0
(0,075,0,1]:0
(0,1,0,25]:0
(0,25,0,5]:0
(0,5,0,75]:0
(0,75,1]:0
(1,2,5]:0
(2,5,5]:0
(5,7,5]:0
(7,5,10]:0
(10,+Infinity]:0
(2026-06-08T01:29:10.0720509Z, 2026-06-08T01:29:13.7500835Z] http.request.method: GET http.response.status_code: 200 http.route: api/stores/{storeId}/address network.protocol.version: 1.1 url.scheme: http
Value: Sum: 0.0339288 Count: 1 Min: 0.0339288 Max: 0.0339288 
(-Infinity,0,005]:0
(0,005,0,01]:0
(0,01,0,025]:0
(0,025,0,05]:1
(0,05,0,075]:0
(0,075,0,1]:0
(0,1,0,25]:0
(0,25,0,5]:0
(0,5,0,75]:0
(0,75,1]:0
(1,2,5]:0
(2,5,5]:0
(5,7,5]:0
(7,5,10]:0
(10,+Infinity]:0
(2026-06-08T01:29:10.0720509Z, 2026-06-08T01:29:13.7500835Z] http.request.method: GET http.response.status_code: 200 http.route: api/subscriptions/my network.protocol.version: 1.1 url.scheme: http
Value: Sum: 0.0576739 Count: 1 Min: 0.0576739 Max: 0.0576739 
(-Infinity,0,005]:0
(0,005,0,01]:0
(0,01,0,025]:0
(0,025,0,05]:0
(0,05,0,075]:1
(0,075,0,1]:0
(0,1,0,25]:0
(0,25,0,5]:0
(0,5,0,75]:0
(0,75,1]:0
(1,2,5]:0
(2,5,5]:0
(5,7,5]:0
(7,5,10]:0
(10,+Infinity]:0
Metric Name: aspnetcore.routing.match_attempts, Description: Number of requests that were attempted to be matched to an endpoint., Unit: {match_attempt}, Metric Type: LongSum
Instrumentation scope (Meter):
	Name: Microsoft.AspNetCore.Routing
(2026-06-08T01:29:10.1062380Z, 2026-06-08T01:29:13.7500865Z] aspnetcore.routing.is_fallback: false aspnetcore.routing.match_status: success http.route: api/auth/register/seller
Value: 9
(2026-06-08T01:29:10.1062380Z, 2026-06-08T01:29:13.7500865Z] aspnetcore.routing.is_fallback: false aspnetcore.routing.match_status: success http.route: api/auth/login/seller
Value: 9
(2026-06-08T01:29:10.1062380Z, 2026-06-08T01:29:13.7500865Z] aspnetcore.routing.is_fallback: false aspnetcore.routing.match_status: success http.route: api/auth/register/customer
Value: 3
(2026-06-08T01:29:10.1062380Z, 2026-06-08T01:29:13.7500865Z] aspnetcore.routing.is_fallback: false aspnetcore.routing.match_status: success http.route: api/stores
Value: 7
(2026-06-08T01:29:10.1062380Z, 2026-06-08T01:29:13.7500865Z] aspnetcore.routing.is_fallback: false aspnetcore.routing.match_status: success http.route: api/auth/login/customer
Value: 8
(2026-06-08T01:29:10.1062380Z, 2026-06-08T01:29:13.7500865Z] aspnetcore.routing.is_fallback: false aspnetcore.routing.match_status: success http.route: api/public/stores/{storeId}/catalog/categories
Value: 3
(2026-06-08T01:29:10.1062380Z, 2026-06-08T01:29:13.7500865Z] aspnetcore.routing.is_fallback: false aspnetcore.routing.match_status: success http.route: api/stores/{storeId}/address
Value: 4
(2026-06-08T01:29:10.1062380Z, 2026-06-08T01:29:13.7500865Z] aspnetcore.routing.is_fallback: false aspnetcore.routing.match_status: success http.route: api/auth/refresh
Value: 1
(2026-06-08T01:29:10.1062380Z, 2026-06-08T01:29:13.7500865Z] aspnetcore.routing.is_fallback: false aspnetcore.routing.match_status: success http.route: api/auth/login/admin
Value: 2
(2026-06-08T01:29:10.1062380Z, 2026-06-08T01:29:13.7500865Z] aspnetcore.routing.is_fallback: false aspnetcore.routing.match_status: success http.route: api/stores/{storeId}/business-hours
Value: 1
(2026-06-08T01:29:10.1062380Z, 2026-06-08T01:29:13.7500865Z] aspnetcore.routing.is_fallback: false aspnetcore.routing.match_status: success http.route: api/LandingPageContent
Value: 6
(2026-06-08T01:29:10.1062380Z, 2026-06-08T01:29:13.7500865Z] aspnetcore.routing.is_fallback: false aspnetcore.routing.match_status: success http.route: api/public/stores
Value: 1
(2026-06-08T01:29:10.1062380Z, 2026-06-08T01:29:13.7500865Z] aspnetcore.routing.is_fallback: false aspnetcore.routing.match_status: success http.route: api/customer/home
Value: 2
(2026-06-08T01:29:10.1062380Z, 2026-06-08T01:29:13.7500865Z] aspnetcore.routing.is_fallback: false aspnetcore.routing.match_status: success http.route: api/stores/{storeId}/categories
Value: 4
(2026-06-08T01:29:10.1062380Z, 2026-06-08T01:29:13.7500865Z] aspnetcore.routing.is_fallback: false aspnetcore.routing.match_status: success http.route: api/public/stores/{storeId}
Value: 1
(2026-06-08T01:29:10.1062380Z, 2026-06-08T01:29:13.7500865Z] aspnetcore.routing.is_fallback: false aspnetcore.routing.match_status: success http.route: api/LandingPageContent/section/{section}
Value: 1
(2026-06-08T01:29:10.1062380Z, 2026-06-08T01:29:13.7500865Z] aspnetcore.routing.is_fallback: false aspnetcore.routing.match_status: success http.route: api/stores/{storeId}/products
Value: 5
(2026-06-08T01:29:10.1062380Z, 2026-06-08T01:29:13.7500865Z] aspnetcore.routing.is_fallback: false aspnetcore.routing.match_status: success http.route: api/LandingPageContent/{id:guid}
Value: 3
(2026-06-08T01:29:10.1062380Z, 2026-06-08T01:29:13.7500865Z] aspnetcore.routing.is_fallback: false aspnetcore.routing.match_status: success http.route: api/stores/{storeId}/products/{productId}/availability
Value: 1
(2026-06-08T01:29:10.1062380Z, 2026-06-08T01:29:13.7500865Z] aspnetcore.routing.is_fallback: false aspnetcore.routing.match_status: success http.route: api/public/stores/{storeId}/catalog/products
Value: 3
Metric Name: aspnetcore.routing.match_attempts, Description: Number of requests that were attempted to be matched to an endpoint., Unit: {match_attempt}, Metric Type: LongSum
Instrumentation scope (Meter):
	Name: Microsoft.AspNetCore.Routing
(2026-06-08T01:29:12.4300700Z, 2026-06-08T01:29:13.7500879Z] aspnetcore.routing.is_fallback: false aspnetcore.routing.match_status: success http.route: api/webhooks/asaas
Value: 5
(2026-06-08T01:29:12.4300700Z, 2026-06-08T01:29:13.7500879Z] aspnetcore.routing.is_fallback: false aspnetcore.routing.match_status: success http.route: api/auth/register/seller
Value: 2
(2026-06-08T01:29:12.4300700Z, 2026-06-08T01:29:13.7500879Z] aspnetcore.routing.is_fallback: false aspnetcore.routing.match_status: success http.route: api/auth/login/seller
Value: 2
(2026-06-08T01:29:12.4300700Z, 2026-06-08T01:29:13.7500879Z] aspnetcore.routing.is_fallback: false aspnetcore.routing.match_status: success http.route: api/stores
Value: 2
(2026-06-08T01:29:12.4300700Z, 2026-06-08T01:29:13.7500879Z] aspnetcore.routing.is_fallback: false aspnetcore.routing.match_status: success http.route: api/subscriptions/my/charges
Value: 2
(2026-06-08T01:29:12.4300700Z, 2026-06-08T01:29:13.7500879Z] aspnetcore.routing.is_fallback: false aspnetcore.routing.match_status: success http.route: api/subscriptions/my
Value: 1
  Passed Urbeat.IntegrationTests.Api.AuthenticationFlowTests.Login_ShouldReturnLocked_WhenMaxFailedAttemptsIsReached [1 s]
  Passed Urbeat.IntegrationTests.Api.AsaasSubscriptionWebhookFlowTests.AsaasWebhook_ShouldUpdateExistingChargeCycle_WhenPaymentStatusChanges [501 ms]
  Passed Urbeat.IntegrationTests.Api.StoreProductsFlowTests.Seller_ShouldDeleteProduct [515 ms]
  Passed Urbeat.IntegrationTests.Api.AuthenticationFlowTests.RegisterCustomer_LoginCustomer_AndAccessCustomerEndpoint_ShouldSucceed [257 ms]
  Passed Urbeat.IntegrationTests.Api.PublicCatalogFlowTests.Public_ShouldListCategoriesAndProducts [325 ms]
  Passed Urbeat.IntegrationTests.Api.StoreAddressFlowTests.Seller_ShouldUpsertAddress_AndGetAddress [462 ms]
  Passed Urbeat.IntegrationTests.Api.AsaasSubscriptionWebhookFlowTests.AsaasWebhook_ShouldBeIdempotentAndUpdateSellerSubscriptionStatus [443 ms]
  Passed Urbeat.IntegrationTests.Api.StoreProductsFlowTests.Seller_ShouldCreateAndListProducts [433 ms]
[xUnit.net 00:00:17.39]   Finished:    Urbeat.IntegrationTests

Total tests: 75
     Passed: 56
     Failed: 19
 Total time: 17,9432 Seconds
