  Determining projects to restore...
  All projects are up-to-date for restore.
  Urbeat.Domain -> C:\Projetos\urbeat\backend\src\Urbeat.Domain\bin\Debug\net9.0\Urbeat.Domain.dll
  Urbeat.Application -> C:\Projetos\urbeat\backend\src\Urbeat.Application\bin\Debug\net9.0\Urbeat.Application.dll
  CommonTestUtilities -> C:\Projetos\urbeat\backend\tests\CommonTestUtilities\bin\Debug\net9.0\CommonTestUtilities.dll
  Urbeat.Infrastructure -> C:\Projetos\urbeat\backend\src\Urbeat.Infrastructure\bin\Debug\net9.0\Urbeat.Infrastructure.dll
  Urbeat.WebApi -> C:\Projetos\urbeat\backend\src\Urbeat.WebApi\bin\Debug\net9.0\Urbeat.WebApi.dll
  Urbeat.UnitTests -> C:\Projetos\urbeat\backend\tests\Urbeat.UnitTests\bin\Debug\net9.0\Urbeat.UnitTests.dll
C:\Program Files\dotnet\sdk\9.0.310\Microsoft.Common.CurrentVersion.targets(2433,5): warning MSB3277: Found conflicts between different versions of "Microsoft.EntityFrameworkCore" that could not be resolved. [C:\Projetos\urbeat\backend\tests\Urbeat.IntegrationTests\Urbeat.IntegrationTests.csproj]
C:\Program Files\dotnet\sdk\9.0.310\Microsoft.Common.CurrentVersion.targets(2433,5): warning MSB3277: There was a conflict between "Microsoft.EntityFrameworkCore, Version=9.0.4.0, Culture=neutral, PublicKeyToken=adb9793829ddae60" and "Microsoft.EntityFrameworkCore, Version=9.0.12.0, Culture=neutral, PublicKeyToken=adb9793829ddae60". [C:\Projetos\urbeat\backend\tests\Urbeat.IntegrationTests\Urbeat.IntegrationTests.csproj]
C:\Program Files\dotnet\sdk\9.0.310\Microsoft.Common.CurrentVersion.targets(2433,5): warning MSB3277:     "Microsoft.EntityFrameworkCore, Version=9.0.4.0, Culture=neutral, PublicKeyToken=adb9793829ddae60" was chosen because it was primary and "Microsoft.EntityFrameworkCore, Version=9.0.12.0, Culture=neutral, PublicKeyToken=adb9793829ddae60" was not. [C:\Projetos\urbeat\backend\tests\Urbeat.IntegrationTests\Urbeat.IntegrationTests.csproj]
C:\Program Files\dotnet\sdk\9.0.310\Microsoft.Common.CurrentVersion.targets(2433,5): warning MSB3277:     References which depend on "Microsoft.EntityFrameworkCore, Version=9.0.4.0, Culture=neutral, PublicKeyToken=adb9793829ddae60" [C:\Users\intfa\.nuget\packages\microsoft.entityframeworkcore\9.0.4\lib\net8.0\Microsoft.EntityFrameworkCore.dll]. [C:\Projetos\urbeat\backend\tests\Urbeat.IntegrationTests\Urbeat.IntegrationTests.csproj]
C:\Program Files\dotnet\sdk\9.0.310\Microsoft.Common.CurrentVersion.targets(2433,5): warning MSB3277:         C:\Users\intfa\.nuget\packages\microsoft.entityframeworkcore\9.0.4\lib\net8.0\Microsoft.EntityFrameworkCore.dll [C:\Projetos\urbeat\backend\tests\Urbeat.IntegrationTests\Urbeat.IntegrationTests.csproj]
C:\Program Files\dotnet\sdk\9.0.310\Microsoft.Common.CurrentVersion.targets(2433,5): warning MSB3277:           Project file item includes which caused reference "C:\Users\intfa\.nuget\packages\microsoft.entityframeworkcore\9.0.4\lib\net8.0\Microsoft.EntityFrameworkCore.dll". [C:\Projetos\urbeat\backend\tests\Urbeat.IntegrationTests\Urbeat.IntegrationTests.csproj]
C:\Program Files\dotnet\sdk\9.0.310\Microsoft.Common.CurrentVersion.targets(2433,5): warning MSB3277:             C:\Users\intfa\.nuget\packages\microsoft.entityframeworkcore\9.0.4\lib\net8.0\Microsoft.EntityFrameworkCore.dll [C:\Projetos\urbeat\backend\tests\Urbeat.IntegrationTests\Urbeat.IntegrationTests.csproj]
C:\Program Files\dotnet\sdk\9.0.310\Microsoft.Common.CurrentVersion.targets(2433,5): warning MSB3277:     References which depend on or have been unified to "Microsoft.EntityFrameworkCore, Version=9.0.12.0, Culture=neutral, PublicKeyToken=adb9793829ddae60" []. [C:\Projetos\urbeat\backend\tests\Urbeat.IntegrationTests\Urbeat.IntegrationTests.csproj]
C:\Program Files\dotnet\sdk\9.0.310\Microsoft.Common.CurrentVersion.targets(2433,5): warning MSB3277:         C:\Projetos\urbeat\backend\src\Urbeat.WebApi\bin\Debug\net9.0\Urbeat.WebApi.dll [C:\Projetos\urbeat\backend\tests\Urbeat.IntegrationTests\Urbeat.IntegrationTests.csproj]
C:\Program Files\dotnet\sdk\9.0.310\Microsoft.Common.CurrentVersion.targets(2433,5): warning MSB3277:           Project file item includes which caused reference "C:\Projetos\urbeat\backend\src\Urbeat.WebApi\bin\Debug\net9.0\Urbeat.WebApi.dll". [C:\Projetos\urbeat\backend\tests\Urbeat.IntegrationTests\Urbeat.IntegrationTests.csproj]
C:\Program Files\dotnet\sdk\9.0.310\Microsoft.Common.CurrentVersion.targets(2433,5): warning MSB3277:             C:\Projetos\urbeat\backend\src\Urbeat.WebApi\bin\Debug\net9.0\Urbeat.WebApi.dll [C:\Projetos\urbeat\backend\tests\Urbeat.IntegrationTests\Urbeat.IntegrationTests.csproj]
C:\Program Files\dotnet\sdk\9.0.310\Microsoft.Common.CurrentVersion.targets(2433,5): warning MSB3277:         C:\Projetos\urbeat\backend\src\Urbeat.Infrastructure\bin\Debug\net9.0\Urbeat.Infrastructure.dll [C:\Projetos\urbeat\backend\tests\Urbeat.IntegrationTests\Urbeat.IntegrationTests.csproj]
C:\Program Files\dotnet\sdk\9.0.310\Microsoft.Common.CurrentVersion.targets(2433,5): warning MSB3277:           Project file item includes which caused reference "C:\Projetos\urbeat\backend\src\Urbeat.Infrastructure\bin\Debug\net9.0\Urbeat.Infrastructure.dll". [C:\Projetos\urbeat\backend\tests\Urbeat.IntegrationTests\Urbeat.IntegrationTests.csproj]
C:\Program Files\dotnet\sdk\9.0.310\Microsoft.Common.CurrentVersion.targets(2433,5): warning MSB3277:             C:\Projetos\urbeat\backend\src\Urbeat.Infrastructure\bin\Debug\net9.0\Urbeat.Infrastructure.dll [C:\Projetos\urbeat\backend\tests\Urbeat.IntegrationTests\Urbeat.IntegrationTests.csproj]
C:\Program Files\dotnet\sdk\9.0.310\Microsoft.Common.CurrentVersion.targets(2433,5): warning MSB3277:             C:\Projetos\urbeat\backend\src\Urbeat.WebApi\bin\Debug\net9.0\Urbeat.WebApi.dll [C:\Projetos\urbeat\backend\tests\Urbeat.IntegrationTests\Urbeat.IntegrationTests.csproj]
C:\Program Files\dotnet\sdk\9.0.310\Microsoft.Common.CurrentVersion.targets(2433,5): warning MSB3277: Found conflicts between different versions of "Microsoft.EntityFrameworkCore.Relational" that could not be resolved. [C:\Projetos\urbeat\backend\tests\Urbeat.IntegrationTests\Urbeat.IntegrationTests.csproj]
C:\Program Files\dotnet\sdk\9.0.310\Microsoft.Common.CurrentVersion.targets(2433,5): warning MSB3277: There was a conflict between "Microsoft.EntityFrameworkCore.Relational, Version=9.0.1.0, Culture=neutral, PublicKeyToken=adb9793829ddae60" and "Microsoft.EntityFrameworkCore.Relational, Version=9.0.12.0, Culture=neutral, PublicKeyToken=adb9793829ddae60". [C:\Projetos\urbeat\backend\tests\Urbeat.IntegrationTests\Urbeat.IntegrationTests.csproj]
C:\Program Files\dotnet\sdk\9.0.310\Microsoft.Common.CurrentVersion.targets(2433,5): warning MSB3277:     "Microsoft.EntityFrameworkCore.Relational, Version=9.0.1.0, Culture=neutral, PublicKeyToken=adb9793829ddae60" was chosen because it was primary and "Microsoft.EntityFrameworkCore.Relational, Version=9.0.12.0, Culture=neutral, PublicKeyToken=adb9793829ddae60" was not. [C:\Projetos\urbeat\backend\tests\Urbeat.IntegrationTests\Urbeat.IntegrationTests.csproj]
C:\Program Files\dotnet\sdk\9.0.310\Microsoft.Common.CurrentVersion.targets(2433,5): warning MSB3277:     References which depend on "Microsoft.EntityFrameworkCore.Relational, Version=9.0.1.0, Culture=neutral, PublicKeyToken=adb9793829ddae60" [C:\Users\intfa\.nuget\packages\microsoft.entityframeworkcore.relational\9.0.1\lib\net8.0\Microsoft.EntityFrameworkCore.Relational.dll]. [C:\Projetos\urbeat\backend\tests\Urbeat.IntegrationTests\Urbeat.IntegrationTests.csproj]
C:\Program Files\dotnet\sdk\9.0.310\Microsoft.Common.CurrentVersion.targets(2433,5): warning MSB3277:         C:\Users\intfa\.nuget\packages\microsoft.entityframeworkcore.relational\9.0.1\lib\net8.0\Microsoft.EntityFrameworkCore.Relational.dll [C:\Projetos\urbeat\backend\tests\Urbeat.IntegrationTests\Urbeat.IntegrationTests.csproj]
C:\Program Files\dotnet\sdk\9.0.310\Microsoft.Common.CurrentVersion.targets(2433,5): warning MSB3277:           Project file item includes which caused reference "C:\Users\intfa\.nuget\packages\microsoft.entityframeworkcore.relational\9.0.1\lib\net8.0\Microsoft.EntityFrameworkCore.Relational.dll". [C:\Projetos\urbeat\backend\tests\Urbeat.IntegrationTests\Urbeat.IntegrationTests.csproj]
C:\Program Files\dotnet\sdk\9.0.310\Microsoft.Common.CurrentVersion.targets(2433,5): warning MSB3277:             C:\Users\intfa\.nuget\packages\microsoft.entityframeworkcore.relational\9.0.1\lib\net8.0\Microsoft.EntityFrameworkCore.Relational.dll [C:\Projetos\urbeat\backend\tests\Urbeat.IntegrationTests\Urbeat.IntegrationTests.csproj]
C:\Program Files\dotnet\sdk\9.0.310\Microsoft.Common.CurrentVersion.targets(2433,5): warning MSB3277:     References which depend on or have been unified to "Microsoft.EntityFrameworkCore.Relational, Version=9.0.12.0, Culture=neutral, PublicKeyToken=adb9793829ddae60" []. [C:\Projetos\urbeat\backend\tests\Urbeat.IntegrationTests\Urbeat.IntegrationTests.csproj]
C:\Program Files\dotnet\sdk\9.0.310\Microsoft.Common.CurrentVersion.targets(2433,5): warning MSB3277:         C:\Projetos\urbeat\backend\src\Urbeat.WebApi\bin\Debug\net9.0\Urbeat.WebApi.dll [C:\Projetos\urbeat\backend\tests\Urbeat.IntegrationTests\Urbeat.IntegrationTests.csproj]
C:\Program Files\dotnet\sdk\9.0.310\Microsoft.Common.CurrentVersion.targets(2433,5): warning MSB3277:           Project file item includes which caused reference "C:\Projetos\urbeat\backend\src\Urbeat.WebApi\bin\Debug\net9.0\Urbeat.WebApi.dll". [C:\Projetos\urbeat\backend\tests\Urbeat.IntegrationTests\Urbeat.IntegrationTests.csproj]
C:\Program Files\dotnet\sdk\9.0.310\Microsoft.Common.CurrentVersion.targets(2433,5): warning MSB3277:             C:\Projetos\urbeat\backend\src\Urbeat.WebApi\bin\Debug\net9.0\Urbeat.WebApi.dll [C:\Projetos\urbeat\backend\tests\Urbeat.IntegrationTests\Urbeat.IntegrationTests.csproj]
C:\Program Files\dotnet\sdk\9.0.310\Microsoft.Common.CurrentVersion.targets(2433,5): warning MSB3277:         C:\Projetos\urbeat\backend\src\Urbeat.Infrastructure\bin\Debug\net9.0\Urbeat.Infrastructure.dll [C:\Projetos\urbeat\backend\tests\Urbeat.IntegrationTests\Urbeat.IntegrationTests.csproj]
C:\Program Files\dotnet\sdk\9.0.310\Microsoft.Common.CurrentVersion.targets(2433,5): warning MSB3277:           Project file item includes which caused reference "C:\Projetos\urbeat\backend\src\Urbeat.Infrastructure\bin\Debug\net9.0\Urbeat.Infrastructure.dll". [C:\Projetos\urbeat\backend\tests\Urbeat.IntegrationTests\Urbeat.IntegrationTests.csproj]
C:\Program Files\dotnet\sdk\9.0.310\Microsoft.Common.CurrentVersion.targets(2433,5): warning MSB3277:             C:\Projetos\urbeat\backend\src\Urbeat.Infrastructure\bin\Debug\net9.0\Urbeat.Infrastructure.dll [C:\Projetos\urbeat\backend\tests\Urbeat.IntegrationTests\Urbeat.IntegrationTests.csproj]
C:\Program Files\dotnet\sdk\9.0.310\Microsoft.Common.CurrentVersion.targets(2433,5): warning MSB3277:             C:\Projetos\urbeat\backend\src\Urbeat.WebApi\bin\Debug\net9.0\Urbeat.WebApi.dll [C:\Projetos\urbeat\backend\tests\Urbeat.IntegrationTests\Urbeat.IntegrationTests.csproj]
C:\Projetos\urbeat\backend\tests\Urbeat.IntegrationTests\Infrastructure\EmailConfirmationTestWebApplicationFactory.cs(14,7): warning CS0105: The using directive for 'Urbeat.Application.Interfaces' appeared previously in this namespace [C:\Projetos\urbeat\backend\tests\Urbeat.IntegrationTests\Urbeat.IntegrationTests.csproj]
C:\Projetos\urbeat\backend\tests\Urbeat.IntegrationTests\Infrastructure\TestWebApplicationFactory.cs(12,7): warning CS0105: The using directive for 'Urbeat.Application.Interfaces' appeared previously in this namespace [C:\Projetos\urbeat\backend\tests\Urbeat.IntegrationTests\Urbeat.IntegrationTests.csproj]
C:\Projetos\urbeat\backend\tests\Urbeat.IntegrationTests\Infrastructure\TestAuthHelpers.cs(32,13): warning CS8602: Dereference of a possibly null reference. [C:\Projetos\urbeat\backend\tests\Urbeat.IntegrationTests\Urbeat.IntegrationTests.csproj]
  Urbeat.IntegrationTests -> C:\Projetos\urbeat\backend\tests\Urbeat.IntegrationTests\bin\Debug\net9.0\Urbeat.IntegrationTests.dll

Build succeeded.

C:\Program Files\dotnet\sdk\9.0.310\Microsoft.Common.CurrentVersion.targets(2433,5): warning MSB3277: Found conflicts between different versions of "Microsoft.EntityFrameworkCore" that could not be resolved. [C:\Projetos\urbeat\backend\tests\Urbeat.IntegrationTests\Urbeat.IntegrationTests.csproj]
C:\Program Files\dotnet\sdk\9.0.310\Microsoft.Common.CurrentVersion.targets(2433,5): warning MSB3277: There was a conflict between "Microsoft.EntityFrameworkCore, Version=9.0.4.0, Culture=neutral, PublicKeyToken=adb9793829ddae60" and "Microsoft.EntityFrameworkCore, Version=9.0.12.0, Culture=neutral, PublicKeyToken=adb9793829ddae60". [C:\Projetos\urbeat\backend\tests\Urbeat.IntegrationTests\Urbeat.IntegrationTests.csproj]
C:\Program Files\dotnet\sdk\9.0.310\Microsoft.Common.CurrentVersion.targets(2433,5): warning MSB3277:     "Microsoft.EntityFrameworkCore, Version=9.0.4.0, Culture=neutral, PublicKeyToken=adb9793829ddae60" was chosen because it was primary and "Microsoft.EntityFrameworkCore, Version=9.0.12.0, Culture=neutral, PublicKeyToken=adb9793829ddae60" was not. [C:\Projetos\urbeat\backend\tests\Urbeat.IntegrationTests\Urbeat.IntegrationTests.csproj]
C:\Program Files\dotnet\sdk\9.0.310\Microsoft.Common.CurrentVersion.targets(2433,5): warning MSB3277:     References which depend on "Microsoft.EntityFrameworkCore, Version=9.0.4.0, Culture=neutral, PublicKeyToken=adb9793829ddae60" [C:\Users\intfa\.nuget\packages\microsoft.entityframeworkcore\9.0.4\lib\net8.0\Microsoft.EntityFrameworkCore.dll]. [C:\Projetos\urbeat\backend\tests\Urbeat.IntegrationTests\Urbeat.IntegrationTests.csproj]
C:\Program Files\dotnet\sdk\9.0.310\Microsoft.Common.CurrentVersion.targets(2433,5): warning MSB3277:         C:\Users\intfa\.nuget\packages\microsoft.entityframeworkcore\9.0.4\lib\net8.0\Microsoft.EntityFrameworkCore.dll [C:\Projetos\urbeat\backend\tests\Urbeat.IntegrationTests\Urbeat.IntegrationTests.csproj]
C:\Program Files\dotnet\sdk\9.0.310\Microsoft.Common.CurrentVersion.targets(2433,5): warning MSB3277:           Project file item includes which caused reference "C:\Users\intfa\.nuget\packages\microsoft.entityframeworkcore\9.0.4\lib\net8.0\Microsoft.EntityFrameworkCore.dll". [C:\Projetos\urbeat\backend\tests\Urbeat.IntegrationTests\Urbeat.IntegrationTests.csproj]
C:\Program Files\dotnet\sdk\9.0.310\Microsoft.Common.CurrentVersion.targets(2433,5): warning MSB3277:             C:\Users\intfa\.nuget\packages\microsoft.entityframeworkcore\9.0.4\lib\net8.0\Microsoft.EntityFrameworkCore.dll [C:\Projetos\urbeat\backend\tests\Urbeat.IntegrationTests\Urbeat.IntegrationTests.csproj]
C:\Program Files\dotnet\sdk\9.0.310\Microsoft.Common.CurrentVersion.targets(2433,5): warning MSB3277:     References which depend on or have been unified to "Microsoft.EntityFrameworkCore, Version=9.0.12.0, Culture=neutral, PublicKeyToken=adb9793829ddae60" []. [C:\Projetos\urbeat\backend\tests\Urbeat.IntegrationTests\Urbeat.IntegrationTests.csproj]
C:\Program Files\dotnet\sdk\9.0.310\Microsoft.Common.CurrentVersion.targets(2433,5): warning MSB3277:         C:\Projetos\urbeat\backend\src\Urbeat.WebApi\bin\Debug\net9.0\Urbeat.WebApi.dll [C:\Projetos\urbeat\backend\tests\Urbeat.IntegrationTests\Urbeat.IntegrationTests.csproj]
C:\Program Files\dotnet\sdk\9.0.310\Microsoft.Common.CurrentVersion.targets(2433,5): warning MSB3277:           Project file item includes which caused reference "C:\Projetos\urbeat\backend\src\Urbeat.WebApi\bin\Debug\net9.0\Urbeat.WebApi.dll". [C:\Projetos\urbeat\backend\tests\Urbeat.IntegrationTests\Urbeat.IntegrationTests.csproj]
C:\Program Files\dotnet\sdk\9.0.310\Microsoft.Common.CurrentVersion.targets(2433,5): warning MSB3277:             C:\Projetos\urbeat\backend\src\Urbeat.WebApi\bin\Debug\net9.0\Urbeat.WebApi.dll [C:\Projetos\urbeat\backend\tests\Urbeat.IntegrationTests\Urbeat.IntegrationTests.csproj]
C:\Program Files\dotnet\sdk\9.0.310\Microsoft.Common.CurrentVersion.targets(2433,5): warning MSB3277:         C:\Projetos\urbeat\backend\src\Urbeat.Infrastructure\bin\Debug\net9.0\Urbeat.Infrastructure.dll [C:\Projetos\urbeat\backend\tests\Urbeat.IntegrationTests\Urbeat.IntegrationTests.csproj]
C:\Program Files\dotnet\sdk\9.0.310\Microsoft.Common.CurrentVersion.targets(2433,5): warning MSB3277:           Project file item includes which caused reference "C:\Projetos\urbeat\backend\src\Urbeat.Infrastructure\bin\Debug\net9.0\Urbeat.Infrastructure.dll". [C:\Projetos\urbeat\backend\tests\Urbeat.IntegrationTests\Urbeat.IntegrationTests.csproj]
C:\Program Files\dotnet\sdk\9.0.310\Microsoft.Common.CurrentVersion.targets(2433,5): warning MSB3277:             C:\Projetos\urbeat\backend\src\Urbeat.Infrastructure\bin\Debug\net9.0\Urbeat.Infrastructure.dll [C:\Projetos\urbeat\backend\tests\Urbeat.IntegrationTests\Urbeat.IntegrationTests.csproj]
C:\Program Files\dotnet\sdk\9.0.310\Microsoft.Common.CurrentVersion.targets(2433,5): warning MSB3277:             C:\Projetos\urbeat\backend\src\Urbeat.WebApi\bin\Debug\net9.0\Urbeat.WebApi.dll [C:\Projetos\urbeat\backend\tests\Urbeat.IntegrationTests\Urbeat.IntegrationTests.csproj]
C:\Program Files\dotnet\sdk\9.0.310\Microsoft.Common.CurrentVersion.targets(2433,5): warning MSB3277: Found conflicts between different versions of "Microsoft.EntityFrameworkCore.Relational" that could not be resolved. [C:\Projetos\urbeat\backend\tests\Urbeat.IntegrationTests\Urbeat.IntegrationTests.csproj]
C:\Program Files\dotnet\sdk\9.0.310\Microsoft.Common.CurrentVersion.targets(2433,5): warning MSB3277: There was a conflict between "Microsoft.EntityFrameworkCore.Relational, Version=9.0.1.0, Culture=neutral, PublicKeyToken=adb9793829ddae60" and "Microsoft.EntityFrameworkCore.Relational, Version=9.0.12.0, Culture=neutral, PublicKeyToken=adb9793829ddae60". [C:\Projetos\urbeat\backend\tests\Urbeat.IntegrationTests\Urbeat.IntegrationTests.csproj]
C:\Program Files\dotnet\sdk\9.0.310\Microsoft.Common.CurrentVersion.targets(2433,5): warning MSB3277:     "Microsoft.EntityFrameworkCore.Relational, Version=9.0.1.0, Culture=neutral, PublicKeyToken=adb9793829ddae60" was chosen because it was primary and "Microsoft.EntityFrameworkCore.Relational, Version=9.0.12.0, Culture=neutral, PublicKeyToken=adb9793829ddae60" was not. [C:\Projetos\urbeat\backend\tests\Urbeat.IntegrationTests\Urbeat.IntegrationTests.csproj]
C:\Program Files\dotnet\sdk\9.0.310\Microsoft.Common.CurrentVersion.targets(2433,5): warning MSB3277:     References which depend on "Microsoft.EntityFrameworkCore.Relational, Version=9.0.1.0, Culture=neutral, PublicKeyToken=adb9793829ddae60" [C:\Users\intfa\.nuget\packages\microsoft.entityframeworkcore.relational\9.0.1\lib\net8.0\Microsoft.EntityFrameworkCore.Relational.dll]. [C:\Projetos\urbeat\backend\tests\Urbeat.IntegrationTests\Urbeat.IntegrationTests.csproj]
C:\Program Files\dotnet\sdk\9.0.310\Microsoft.Common.CurrentVersion.targets(2433,5): warning MSB3277:         C:\Users\intfa\.nuget\packages\microsoft.entityframeworkcore.relational\9.0.1\lib\net8.0\Microsoft.EntityFrameworkCore.Relational.dll [C:\Projetos\urbeat\backend\tests\Urbeat.IntegrationTests\Urbeat.IntegrationTests.csproj]
C:\Program Files\dotnet\sdk\9.0.310\Microsoft.Common.CurrentVersion.targets(2433,5): warning MSB3277:           Project file item includes which caused reference "C:\Users\intfa\.nuget\packages\microsoft.entityframeworkcore.relational\9.0.1\lib\net8.0\Microsoft.EntityFrameworkCore.Relational.dll". [C:\Projetos\urbeat\backend\tests\Urbeat.IntegrationTests\Urbeat.IntegrationTests.csproj]
C:\Program Files\dotnet\sdk\9.0.310\Microsoft.Common.CurrentVersion.targets(2433,5): warning MSB3277:             C:\Users\intfa\.nuget\packages\microsoft.entityframeworkcore.relational\9.0.1\lib\net8.0\Microsoft.EntityFrameworkCore.Relational.dll [C:\Projetos\urbeat\backend\tests\Urbeat.IntegrationTests\Urbeat.IntegrationTests.csproj]
C:\Program Files\dotnet\sdk\9.0.310\Microsoft.Common.CurrentVersion.targets(2433,5): warning MSB3277:     References which depend on or have been unified to "Microsoft.EntityFrameworkCore.Relational, Version=9.0.12.0, Culture=neutral, PublicKeyToken=adb9793829ddae60" []. [C:\Projetos\urbeat\backend\tests\Urbeat.IntegrationTests\Urbeat.IntegrationTests.csproj]
C:\Program Files\dotnet\sdk\9.0.310\Microsoft.Common.CurrentVersion.targets(2433,5): warning MSB3277:         C:\Projetos\urbeat\backend\src\Urbeat.WebApi\bin\Debug\net9.0\Urbeat.WebApi.dll [C:\Projetos\urbeat\backend\tests\Urbeat.IntegrationTests\Urbeat.IntegrationTests.csproj]
C:\Program Files\dotnet\sdk\9.0.310\Microsoft.Common.CurrentVersion.targets(2433,5): warning MSB3277:           Project file item includes which caused reference "C:\Projetos\urbeat\backend\src\Urbeat.WebApi\bin\Debug\net9.0\Urbeat.WebApi.dll". [C:\Projetos\urbeat\backend\tests\Urbeat.IntegrationTests\Urbeat.IntegrationTests.csproj]
C:\Program Files\dotnet\sdk\9.0.310\Microsoft.Common.CurrentVersion.targets(2433,5): warning MSB3277:             C:\Projetos\urbeat\backend\src\Urbeat.WebApi\bin\Debug\net9.0\Urbeat.WebApi.dll [C:\Projetos\urbeat\backend\tests\Urbeat.IntegrationTests\Urbeat.IntegrationTests.csproj]
C:\Program Files\dotnet\sdk\9.0.310\Microsoft.Common.CurrentVersion.targets(2433,5): warning MSB3277:         C:\Projetos\urbeat\backend\src\Urbeat.Infrastructure\bin\Debug\net9.0\Urbeat.Infrastructure.dll [C:\Projetos\urbeat\backend\tests\Urbeat.IntegrationTests\Urbeat.IntegrationTests.csproj]
C:\Program Files\dotnet\sdk\9.0.310\Microsoft.Common.CurrentVersion.targets(2433,5): warning MSB3277:           Project file item includes which caused reference "C:\Projetos\urbeat\backend\src\Urbeat.Infrastructure\bin\Debug\net9.0\Urbeat.Infrastructure.dll". [C:\Projetos\urbeat\backend\tests\Urbeat.IntegrationTests\Urbeat.IntegrationTests.csproj]
C:\Program Files\dotnet\sdk\9.0.310\Microsoft.Common.CurrentVersion.targets(2433,5): warning MSB3277:             C:\Projetos\urbeat\backend\src\Urbeat.Infrastructure\bin\Debug\net9.0\Urbeat.Infrastructure.dll [C:\Projetos\urbeat\backend\tests\Urbeat.IntegrationTests\Urbeat.IntegrationTests.csproj]
C:\Program Files\dotnet\sdk\9.0.310\Microsoft.Common.CurrentVersion.targets(2433,5): warning MSB3277:             C:\Projetos\urbeat\backend\src\Urbeat.WebApi\bin\Debug\net9.0\Urbeat.WebApi.dll [C:\Projetos\urbeat\backend\tests\Urbeat.IntegrationTests\Urbeat.IntegrationTests.csproj]
C:\Projetos\urbeat\backend\tests\Urbeat.IntegrationTests\Infrastructure\EmailConfirmationTestWebApplicationFactory.cs(14,7): warning CS0105: The using directive for 'Urbeat.Application.Interfaces' appeared previously in this namespace [C:\Projetos\urbeat\backend\tests\Urbeat.IntegrationTests\Urbeat.IntegrationTests.csproj]
C:\Projetos\urbeat\backend\tests\Urbeat.IntegrationTests\Infrastructure\TestWebApplicationFactory.cs(12,7): warning CS0105: The using directive for 'Urbeat.Application.Interfaces' appeared previously in this namespace [C:\Projetos\urbeat\backend\tests\Urbeat.IntegrationTests\Urbeat.IntegrationTests.csproj]
C:\Projetos\urbeat\backend\tests\Urbeat.IntegrationTests\Infrastructure\TestAuthHelpers.cs(32,13): warning CS8602: Dereference of a possibly null reference. [C:\Projetos\urbeat\backend\tests\Urbeat.IntegrationTests\Urbeat.IntegrationTests.csproj]
    5 Warning(s)
    0 Error(s)

Time Elapsed 00:00:02.79
