  Determining projects to restore...
  All projects are up-to-date for restore.
  Urbeat.Domain -> C:\Projetos\urbeat\backend\src\Urbeat.Domain\bin\Debug\net9.0\Urbeat.Domain.dll
  Urbeat.Application -> C:\Projetos\urbeat\backend\src\Urbeat.Application\bin\Debug\net9.0\Urbeat.Application.dll
  CommonTestUtilities -> C:\Projetos\urbeat\backend\tests\CommonTestUtilities\bin\Debug\net9.0\CommonTestUtilities.dll
  Urbeat.Infrastructure -> C:\Projetos\urbeat\backend\src\Urbeat.Infrastructure\bin\Debug\net9.0\Urbeat.Infrastructure.dll
  Urbeat.UnitTests -> C:\Projetos\urbeat\backend\tests\Urbeat.UnitTests\bin\Debug\net9.0\Urbeat.UnitTests.dll
Test run for C:\Projetos\urbeat\backend\tests\Urbeat.UnitTests\bin\Debug\net9.0\Urbeat.UnitTests.dll (.NETCoreApp,Version=v9.0)
VSTest version 17.14.1 (x64)

  Urbeat.WebApi -> C:\Projetos\urbeat\backend\src\Urbeat.WebApi\bin\Debug\net9.0\Urbeat.WebApi.dll
Starting test execution, please wait...
C:\Program Files\dotnet\sdk\9.0.310\Microsoft.Common.CurrentVersion.targets(2433,5): warning MSB3277: Found conflicts between different versions of "Microsoft.EntityFrameworkCore" that could not be resolved. [C:\Projetos\urbeat\backend\tests\Urbeat.IntegrationTests\Urbeat.IntegrationTests.csproj]
C:\Program Files\dotnet\sdk\9.0.310\Microsoft.Common.CurrentVersion.targets(2433,5): warning MSB3277: There was a conflict between "Microsoft.EntityFrameworkCore, Version=9.0.4.0, Culture=neutral, PublicKeyToken=adb9793829ddae60" and "Microsoft.EntityFrameworkCore, Version=9.0.12.0, Culture=neutral, PublicKeyToken=adb9793829ddae60". [C:\Projetos\urbeat\backend\tests\Urbeat.IntegrationTests\Urbeat.IntegrationTests.csproj]
C:\Program Files\dotnet\sdk\9.0.310\Microsoft.Common.CurrentVersion.targets(2433,5): warning MSB3277:     "Microsoft.EntityFrameworkCore, Version=9.0.4.0, Culture=neutral, PublicKeyToken=adb9793829ddae60" was chosen because it was primary and "Microsoft.EntityFrameworkCore, Version=9.0.12.0, Culture=neutral, PublicKeyToken=adb9793829ddae60" was not. [C:\Projetos\urbeat\backend\tests\Urbeat.IntegrationTests\Urbeat.IntegrationTests.csproj]
C:\Program Files\dotnet\sdk\9.0.310\Microsoft.Common.CurrentVersion.targets(2433,5): warning MSB3277:     References which depend on "Microsoft.EntityFrameworkCore, Version=9.0.4.0, Culture=neutral, PublicKeyToken=adb9793829ddae60" [C:\Users\intfa\.nuget\packages\microsoft.entityframeworkcore\9.0.4\lib\net8.0\Microsoft.EntityFrameworkCore.dll]. [C:\Projetos\urbeat\backend\tests\Urbeat.IntegrationTests\Urbeat.IntegrationTests.csproj]
C:\Program Files\dotnet\sdk\9.0.310\Microsoft.Common.CurrentVersion.targets(2433,5): warning MSB3277:         C:\Users\intfa\.nuget\packages\microsoft.entityframeworkcore\9.0.4\lib\net8.0\Microsoft.EntityFrameworkCore.dll [C:\Projetos\urbeat\backend\tests\Urbeat.IntegrationTests\Urbeat.IntegrationTests.csproj]
C:\Program Files\dotnet\sdk\9.0.310\Microsoft.Common.CurrentVersion.targets(2433,5): warning MSB3277:           Project file item includes which caused reference "C:\Users\intfa\.nuget\packages\microsoft.entityframeworkcore\9.0.4\lib\net8.0\Microsoft.EntityFrameworkCore.dll". [C:\Projetos\urbeat\backend\tests\Urbeat.IntegrationTests\Urbeat.IntegrationTests.csproj]
C:\Program Files\dotnet\sdk\9.0.310\Microsoft.Common.CurrentVersion.targets(2433,5): warning MSB3277:             C:\Users\intfa\.nuget\packages\microsoft.entityframeworkcore\9.0.4\lib\net8.0\Microsoft.EntityFrameworkCore.dll [C:\Projetos\urbeat\backend\tests\Urbeat.IntegrationTests\Urbeat.IntegrationTests.csproj]
C:\Program Files\dotnet\sdk\9.0.310\Microsoft.Common.CurrentVersion.targets(2433,5): warning MSB3277:     References which depend on or have been unified to "Microsoft.EntityFrameworkCore, Version=9.0.12.0, Culture=neutral, PublicKeyToken=adb9793829ddae60" []. [C:\Projetos\urbeat\backend\tests\Urbeat.IntegrationTests\Urbeat.IntegrationTests.csproj]
C:\Program Files\dotnet\sdk\9.0.310\Microsoft.Common.CurrentVersion.targets(2433,5): warning MSB3277:         C:\Projetos\urbeat\backend\src\Urbeat.WebApi\bin\Debug\net9.0\Urbeat.WebApi.dll [C:\Projetos\urbeat\backend\tests\Urbeat.IntegrationTests\Urbeat.IntegrationTests.csproj]
C:\Program Files\dotnet\sdk\9.0.310\Microsoft.Common.CurrentVersion.targets(2433,5): warning MSB3277:           Project file item includes which caused reference "C:\Projetos\urbeat\backend\src\Urbeat.WebApi\bin\Debug\net9.0\Urbeat.WebApi.dll". [C:\Projetos\urbeat\backend\tests\Urbeat.IntegrationTests\Urbeat.IntegrationTests.csproj]
C:\Program Files\dotnet\sdk\9.0.310\Microsoft.Common.CurrentVersion.targets(2433,5): warning MSB3277:             C:\Projetos\urbeat\backend\src\Urbeat.WebApi\bin\Debug\net9.0\Urbeat.WebApi.dll [C:\Projetos\urbeat\backend\tests\Urbeat.IntegrationTests\Urbeat.IntegrationTests.csproj]
C:\Program Files\dotnet\sdk\9.0.310\Microsoft.Common.CurrentVersion.targets(2433,5): warning MSB3277:         C:\Projetos\urbeat\backend\src\Urbeat.Infrastructure\bin\Debug\net9.0\Urbeat.Infrastructure.dll [C:\Projetos\urbeat\backend\tests\Urbeat.IntegrationTests\Urbeat.IntegrationTests.csproj]
C:\Program Files\dotnet\sdk\9.0.310\Microsoft.Common.CurrentVersion.targets(2433,5): warning MSB3277:           Project file item includes which caused reference "C:\Projetos\urbeat\backend\src\Urbeat.Infrastructure\bin\Debug\net9.0\Urbeat.Infrastructure.dll". [C:\Projetos\urbeat\backend\tests\Urbeat.IntegrationTests\Urbeat.IntegrationTests.csproj]
C:\Program Files\dotnet\sdk\9.0.310\Microsoft.Common.CurrentVersion.targets(2433,5): warning MSB3277:             C:\Projetos\urbeat\backend\src\Urbeat.Infrastructure\bin\Debug\net9.0\Urbeat.Infrastructure.dll [C:\Projetos\urbeat\backend\tests\Urbeat.IntegrationTests\Urbeat.IntegrationTests.csproj]
C:\Program Files\dotnet\sdk\9.0.310\Microsoft.Common.CurrentVersion.targets(2433,5): warning MSB3277:             C:\Projetos\urbeat\backend\src\Urbeat.WebApi\bin\Debug\net9.0\Urbeat.WebApi.dll [C:\Projetos\urbeat\backend\tests\Urbeat.IntegrationTests\Urbeat.IntegrationTests.csproj]
C:\Program Files\dotnet\sdk\9.0.310\Microsoft.Common.CurrentVersion.targets(2433,5): warning MSB3277: Found conflicts between different versions of "Microsoft.EntityFrameworkCore.Relational" that could not be resolved. [C:\Projetos\urbeat\backend\tests\Urbeat.IntegrationTests\Urbeat.IntegrationTests.csproj]
C:\Program Files\dotnet\sdk\9.0.310\Microsoft.Common.CurrentVersion.targets(2433,5): warning MSB3277: There was a conflict between "Microsoft.EntityFrameworkCore.Relational, Version=9.0.1.0, Culture=neutral, PublicKeyToken=adb9793829ddae60" and "Microsoft.EntityFrameworkCore.Relational, Version=9.0.12.0, Culture=neutral, PublicKeyToken=adb9793829ddae60". [C:\Projetos\urbeat\backend\tests\Urbeat.IntegrationTests\Urbeat.IntegrationTests.csproj]
C:\Program Files\dotnet\sdk\9.0.310\Microsoft.Common.CurrentVersion.targets(2433,5): warning MSB3277:     "Microsoft.EntityFrameworkCore.Relational, Version=9.0.1.0, Culture=neutral, PublicKeyToken=adb9793829ddae60" was chosen because it was primary and "Microsoft.EntityFrameworkCore.Relational, Version=9.0.12.0, Culture=neutral, PublicKeyToken=adb9793829ddae60" was not. [C:\Projetos\urbeat\backend\tests\Urbeat.IntegrationTests\Urbeat.IntegrationTests.csproj]
C:\Program Files\dotnet\sdk\9.0.310\Microsoft.Common.CurrentVersion.targets(2433,5): warning MSB3277:     References which depend on "Microsoft.EntityFrameworkCore.Relational, Version=9.0.1.0, Culture=neutral, PublicKeyToken=adb9793829ddae60" [C:\Users\intfa\.nuget\packages\microsoft.entityframeworkcore.relational\9.0.1\lib\net8.0\Microsoft.EntityFrameworkCore.Relational.dll]. [C:\Projetos\urbeat\backend\tests\Urbeat.IntegrationTests\Urbeat.IntegrationTests.csproj]
C:\Program Files\dotnet\sdk\9.0.310\Microsoft.Common.CurrentVersion.targets(2433,5): warning MSB3277:         C:\Users\intfa\.nuget\packages\microsoft.entityframeworkcore.relational\9.0.1\lib\net8.0\Microsoft.EntityFrameworkCore.Relational.dll [C:\Projetos\urbeat\backend\tests\Urbeat.IntegrationTests\Urbeat.IntegrationTests.csproj]
C:\Program Files\dotnet\sdk\9.0.310\Microsoft.Common.CurrentVersion.targets(2433,5): warning MSB3277:           Project file item includes which caused reference "C:\Users\intfa\.nuget\packages\microsoft.entityframeworkcore.relational\9.0.1\lib\net8.0\Microsoft.EntityFrameworkCore.Relational.dll". [C:\Projetos\urbeat\backend\tests\Urbeat.IntegrationTests\Urbeat.IntegrationTests.csproj]
C:\Program Files\dotnet\sdk\9.0.310\Microsoft.Common.CurrentVersion.targets(2433,5): warning MSB3277:             C:\Users\intfa\.nuget\packages\microsoft.entityframeworkcore.relational\9.0.1\lib\net8.0\Microsoft.EntityFrameworkCore.Relational.dll [C:\Projetos\urbeat\backend\tests\Urbeat.IntegrationTests\Urbeat.IntegrationTests.csproj]
C:\Program Files\dotnet\sdk\9.0.310\Microsoft.Common.CurrentVersion.targets(2433,5): warning MSB3277:     References which depend on or have been unified to "Microsoft.EntityFrameworkCore.Relational, Version=9.0.12.0, Culture=neutral, PublicKeyToken=adb9793829ddae60" []. [C:\Projetos\urbeat\backend\tests\Urbeat.IntegrationTests\Urbeat.IntegrationTests.csproj]
C:\Program Files\dotnet\sdk\9.0.310\Microsoft.Common.CurrentVersion.targets(2433,5): warning MSB3277:         C:\Projetos\urbeat\backend\src\Urbeat.WebApi\bin\Debug\net9.0\Urbeat.WebApi.dll [C:\Projetos\urbeat\backend\tests\Urbeat.IntegrationTests\Urbeat.IntegrationTests.csproj]
C:\Program Files\dotnet\sdk\9.0.310\Microsoft.Common.CurrentVersion.targets(2433,5): warning MSB3277:           Project file item includes which caused reference "C:\Projetos\urbeat\backend\src\Urbeat.WebApi\bin\Debug\net9.0\Urbeat.WebApi.dll". [C:\Projetos\urbeat\backend\tests\Urbeat.IntegrationTests\Urbeat.IntegrationTests.csproj]
C:\Program Files\dotnet\sdk\9.0.310\Microsoft.Common.CurrentVersion.targets(2433,5): warning MSB3277:             C:\Projetos\urbeat\backend\src\Urbeat.WebApi\bin\Debug\net9.0\Urbeat.WebApi.dll [C:\Projetos\urbeat\backend\tests\Urbeat.IntegrationTests\Urbeat.IntegrationTests.csproj]
C:\Program Files\dotnet\sdk\9.0.310\Microsoft.Common.CurrentVersion.targets(2433,5): warning MSB3277:         C:\Projetos\urbeat\backend\src\Urbeat.Infrastructure\bin\Debug\net9.0\Urbeat.Infrastructure.dll [C:\Projetos\urbeat\backend\tests\Urbeat.IntegrationTests\Urbeat.IntegrationTests.csproj]
C:\Program Files\dotnet\sdk\9.0.310\Microsoft.Common.CurrentVersion.targets(2433,5): warning MSB3277:           Project file item includes which caused reference "C:\Projetos\urbeat\backend\src\Urbeat.Infrastructure\bin\Debug\net9.0\Urbeat.Infrastructure.dll". [C:\Projetos\urbeat\backend\tests\Urbeat.IntegrationTests\Urbeat.IntegrationTests.csproj]
C:\Program Files\dotnet\sdk\9.0.310\Microsoft.Common.CurrentVersion.targets(2433,5): warning MSB3277:             C:\Projetos\urbeat\backend\src\Urbeat.Infrastructure\bin\Debug\net9.0\Urbeat.Infrastructure.dll [C:\Projetos\urbeat\backend\tests\Urbeat.IntegrationTests\Urbeat.IntegrationTests.csproj]
C:\Program Files\dotnet\sdk\9.0.310\Microsoft.Common.CurrentVersion.targets(2433,5): warning MSB3277:             C:\Projetos\urbeat\backend\src\Urbeat.WebApi\bin\Debug\net9.0\Urbeat.WebApi.dll [C:\Projetos\urbeat\backend\tests\Urbeat.IntegrationTests\Urbeat.IntegrationTests.csproj]
  Urbeat.IntegrationTests -> C:\Projetos\urbeat\backend\tests\Urbeat.IntegrationTests\bin\Debug\net9.0\Urbeat.IntegrationTests.dll
Test run for C:\Projetos\urbeat\backend\tests\Urbeat.IntegrationTests\bin\Debug\net9.0\Urbeat.IntegrationTests.dll (.NETCoreApp,Version=v9.0)
VSTest version 17.14.1 (x64)

A total of 1 test files matched the specified pattern.
Starting test execution, please wait...
A total of 1 test files matched the specified pattern.

Passed!  - Failed:     0, Passed:     7, Skipped:     0, Total:     7, Duration: 915 ms - Urbeat.UnitTests.dll (net9.0)

Passed!  - Failed:     0, Passed:     3, Skipped:     0, Total:     3, Duration: 12 s - Urbeat.IntegrationTests.dll (net9.0)
